Java HotSpot(TM) 64-Bit Server VM (25.261-b12) for linux-amd64 JRE (1.8.0_261-b12), built on Jun 17 2020 23:41:40 by "java_re" with gcc 7.3.0
Memory: 4k page, physical 7733220k(6453508k free), swap 0k(0k free)
CommandLine flags: -XX:+HeapDumpOnOutOfMemoryError -XX:HeapDumpPath=/root/logs/java_heapdump.hprof -XX:InitialHeapSize=268435456 -XX:MaxGCPauseMillis=100 -XX:MaxHeapSize=268435456 -XX:MetaspaceSize=134217728 -XX:-OmitStackTraceInFastThrow -XX:+PrintGC -XX:+PrintGCDateStamps -XX:+PrintGCDetails -XX:+PrintGCTimeStamps -XX:+PrintHeapAtGC -XX:ThreadStackSize=512 -XX:+UseCompressedClassPointers -XX:+UseCompressedOops -XX:+UseG1GC -XX:-UseLargePages 
{Heap before GC invocations=0 (full 0):
 garbage-first heap   total 262144K, used 12288K [0x00000000f0000000, 0x00000000f0100800, 0x0000000100000000)
  region size 1024K, 12 young (12288K), 0 survivors (0K)
 Metaspace       used 5258K, capacity 5522K, committed 5632K, reserved 1056768K
  class space    used 550K, capacity 665K, committed 768K, reserved 1048576K
2023-01-17T05:13:55.688+0800: 0.249: [GC pause (G1 Evacuation Pause) (young), 0.0043093 secs]
   [Parallel Time: 2.8 ms, GC Workers: 4]
      [GC Worker Start (ms): Min: 249.5, Avg: 250.5, Max: 252.1, Diff: 2.6]
      [Ext Root Scanning (ms): Min: 0.0, Avg: 0.5, Max: 1.0, Diff: 1.0, Sum: 1.9]
      [Update RS (ms): Min: 0.0, Avg: 0.0, Max: 0.0, Diff: 0.0, Sum: 0.0]
         [Processed Buffers: Min: 0, Avg: 0.0, Max: 0, Diff: 0, Sum: 0]
      [Scan RS (ms): Min: 0.0, Avg: 0.0, Max: 0.0, Diff: 0.0, Sum: 0.0]
      [Code Root Scanning (ms): Min: 0.0, Avg: 0.5, Max: 1.7, Diff: 1.7, Sum: 1.9]
      [Object Copy (ms): Min: 0.0, Avg: 0.7, Max: 1.4, Diff: 1.4, Sum: 2.8]
      [Termination (ms): Min: 0.0, Avg: 0.2, Max: 0.3, Diff: 0.3, Sum: 0.6]
         [Termination Attempts: Min: 1, Avg: 1.0, Max: 1, Diff: 0, Sum: 4]
      [GC Worker Other (ms): Min: 0.0, Avg: 0.0, Max: 0.0, Diff: 0.0, Sum: 0.0]
      [GC Worker Total (ms): Min: 0.2, Avg: 1.8, Max: 2.8, Diff: 2.6, Sum: 7.3]
      [GC Worker End (ms): Min: 252.3, Avg: 252.3, Max: 252.3, Diff: 0.0]
   [Code Root Fixup: 0.0 ms]
   [Code Root Purge: 0.0 ms]
   [Clear CT: 0.1 ms]
   [Other: 1.4 ms]
      [Choose CSet: 0.0 ms]
      [Ref Proc: 1.2 ms]
      [Ref Enq: 0.0 ms]
      [Redirty Cards: 0.1 ms]
      [Humongous Register: 0.0 ms]
      [Humongous Reclaim: 0.0 ms]
      [Free CSet: 0.0 ms]
   [Eden: 12.0M(12.0M)->0.0B(11.0M) Survivors: 0.0B->2048.0K Heap: 12.0M(256.0M)->1890.6K(256.0M)]
Heap after GC invocations=1 (full 0):
 garbage-first heap   total 262144K, used 1890K [0x00000000f0000000, 0x00000000f0100800, 0x0000000100000000)
  region size 1024K, 2 young (2048K), 2 survivors (2048K)
 Metaspace       used 5258K, capacity 5522K, committed 5632K, reserved 1056768K
  class space    used 550K, capacity 665K, committed 768K, reserved 1048576K
}
 [Times: user=0.01 sys=0.00, real=0.01 secs] 
{Heap before GC invocations=1 (full 0):
 garbage-first heap   total 262144K, used 13154K [0x00000000f0000000, 0x00000000f0100800, 0x0000000100000000)
  region size 1024K, 13 young (13312K), 2 survivors (2048K)
 Metaspace       used 6780K, capacity 6994K, committed 7296K, reserved 1056768K
  class space    used 709K, capacity 793K, committed 896K, reserved 1048576K
2023-01-17T05:13:55.783+0800: 0.344: [GC pause (G1 Evacuation Pause) (young), 0.0043726 secs]
   [Parallel Time: 2.8 ms, GC Workers: 4]
      [GC Worker Start (ms): Min: 344.5, Avg: 345.2, Max: 347.2, Diff: 2.7]
      [Ext Root Scanning (ms): Min: 0.0, Avg: 0.5, Max: 0.9, Diff: 0.9, Sum: 1.8]
      [Update RS (ms): Min: 0.0, Avg: 0.0, Max: 0.0, Diff: 0.0, Sum: 0.0]
         [Processed Buffers: Min: 0, Avg: 0.0, Max: 0, Diff: 0, Sum: 0]
      [Scan RS (ms): Min: 0.0, Avg: 0.0, Max: 0.0, Diff: 0.0, Sum: 0.0]
      [Code Root Scanning (ms): Min: 0.0, Avg: 0.1, Max: 0.5, Diff: 0.5, Sum: 0.6]
      [Object Copy (ms): Min: 0.0, Avg: 1.3, Max: 1.8, Diff: 1.8, Sum: 5.1]
      [Termination (ms): Min: 0.0, Avg: 0.1, Max: 0.1, Diff: 0.1, Sum: 0.4]
         [Termination Attempts: Min: 1, Avg: 2.0, Max: 5, Diff: 4, Sum: 8]
      [GC Worker Other (ms): Min: 0.0, Avg: 0.0, Max: 0.0, Diff: 0.0, Sum: 0.0]
      [GC Worker Total (ms): Min: 0.0, Avg: 2.0, Max: 2.7, Diff: 2.7, Sum: 7.9]
      [GC Worker End (ms): Min: 347.2, Avg: 347.2, Max: 347.2, Diff: 0.0]
   [Code Root Fixup: 0.0 ms]
   [Code Root Purge: 0.0 ms]
   [Clear CT: 0.1 ms]
   [Other: 1.5 ms]
      [Choose CSet: 0.0 ms]
      [Ref Proc: 1.3 ms]
      [Ref Enq: 0.0 ms]
      [Redirty Cards: 0.1 ms]
      [Humongous Register: 0.0 ms]
      [Humongous Reclaim: 0.0 ms]
      [Free CSet: 0.0 ms]
   [Eden: 11.0M(11.0M)->0.0B(19.0M) Survivors: 2048.0K->2048.0K Heap: 12.8M(256.0M)->3637.0K(256.0M)]
Heap after GC invocations=2 (full 0):
 garbage-first heap   total 262144K, used 3637K [0x00000000f0000000, 0x00000000f0100800, 0x0000000100000000)
  region size 1024K, 2 young (2048K), 2 survivors (2048K)
 Metaspace       used 6780K, capacity 6994K, committed 7296K, reserved 1056768K
  class space    used 709K, capacity 793K, committed 896K, reserved 1048576K
}
 [Times: user=0.00 sys=0.00, real=0.00 secs] 
{Heap before GC invocations=2 (full 0):
 garbage-first heap   total 262144K, used 23093K [0x00000000f0000000, 0x00000000f0100800, 0x0000000100000000)
  region size 1024K, 21 young (21504K), 2 survivors (2048K)
 Metaspace       used 7825K, capacity 8112K, committed 8448K, reserved 1056768K
  class space    used 848K, capacity 932K, committed 1024K, reserved 1048576K
2023-01-17T05:13:55.908+0800: 0.470: [GC pause (G1 Evacuation Pause) (young), 0.0051036 secs]
   [Parallel Time: 2.2 ms, GC Workers: 4]
      [GC Worker Start (ms): Min: 469.8, Avg: 470.2, Max: 471.3, Diff: 1.5]
      [Ext Root Scanning (ms): Min: 0.0, Avg: 0.2, Max: 0.3, Diff: 0.3, Sum: 0.9]
      [Update RS (ms): Min: 0.0, Avg: 0.2, Max: 0.3, Diff: 0.3, Sum: 0.9]
         [Processed Buffers: Min: 0, Avg: 2.0, Max: 4, Diff: 4, Sum: 8]
      [Scan RS (ms): Min: 0.0, Avg: 0.0, Max: 0.0, Diff: 0.0, Sum: 0.0]
      [Code Root Scanning (ms): Min: 0.0, Avg: 0.0, Max: 0.1, Diff: 0.1, Sum: 0.1]
      [Object Copy (ms): Min: 0.0, Avg: 0.6, Max: 0.8, Diff: 0.8, Sum: 2.3]
      [Termination (ms): Min: 0.0, Avg: 0.2, Max: 0.6, Diff: 0.6, Sum: 0.8]
         [Termination Attempts: Min: 1, Avg: 1.0, Max: 1, Diff: 0, Sum: 4]
      [GC Worker Other (ms): Min: 0.0, Avg: 0.0, Max: 0.0, Diff: 0.0, Sum: 0.0]
      [GC Worker Total (ms): Min: 0.0, Avg: 1.3, Max: 2.0, Diff: 2.0, Sum: 5.0]
      [GC Worker End (ms): Min: 471.3, Avg: 471.4, Max: 471.8, Diff: 0.5]
   [Code Root Fixup: 0.0 ms]
   [Code Root Purge: 0.0 ms]
   [Clear CT: 0.1 ms]
   [Other: 2.8 ms]
      [Choose CSet: 0.0 ms]
      [Ref Proc: 2.6 ms]
      [Ref Enq: 0.0 ms]
      [Redirty Cards: 0.0 ms]
      [Humongous Register: 0.0 ms]
      [Humongous Reclaim: 0.0 ms]
      [Free CSet: 0.0 ms]
   [Eden: 19.0M(19.0M)->0.0B(151.0M) Survivors: 2048.0K->2048.0K Heap: 22.6M(256.0M)->3490.6K(256.0M)]
Heap after GC invocations=3 (full 0):
 garbage-first heap   total 262144K, used 3490K [0x00000000f0000000, 0x00000000f0100800, 0x0000000100000000)
  region size 1024K, 2 young (2048K), 2 survivors (2048K)
 Metaspace       used 7825K, capacity 8112K, committed 8448K, reserved 1056768K
  class space    used 848K, capacity 932K, committed 1024K, reserved 1048576K
}
 [Times: user=0.02 sys=0.00, real=0.01 secs] 
{Heap before GC invocations=3 (full 0):
 garbage-first heap   total 262144K, used 158114K [0x00000000f0000000, 0x00000000f0100800, 0x0000000100000000)
  region size 1024K, 153 young (156672K), 2 survivors (2048K)
 Metaspace       used 13912K, capacity 14442K, committed 14592K, reserved 1062912K
  class space    used 1625K, capacity 1779K, committed 1792K, reserved 1048576K
2023-01-17T05:13:56.404+0800: 0.965: [GC pause (G1 Evacuation Pause) (young), 0.0207569 secs]
   [Parallel Time: 11.8 ms, GC Workers: 4]
      [GC Worker Start (ms): Min: 965.0, Avg: 973.0, Max: 975.8, Diff: 10.8]
      [Ext Root Scanning (ms): Min: 0.0, Avg: 0.5, Max: 1.8, Diff: 1.8, Sum: 1.9]
      [Update RS (ms): Min: 0.0, Avg: 0.1, Max: 0.4, Diff: 0.4, Sum: 0.4]
         [Processed Buffers: Min: 0, Avg: 2.0, Max: 8, Diff: 8, Sum: 8]
      [Scan RS (ms): Min: 0.0, Avg: 0.0, Max: 0.1, Diff: 0.1, Sum: 0.1]
      [Code Root Scanning (ms): Min: 0.0, Avg: 0.0, Max: 0.2, Diff: 0.2, Sum: 0.2]
      [Object Copy (ms): Min: 0.0, Avg: 1.9, Max: 7.7, Diff: 7.7, Sum: 7.7]
      [Termination (ms): Min: 0.0, Avg: 0.3, Max: 0.7, Diff: 0.7, Sum: 1.2]
         [Termination Attempts: Min: 1, Avg: 1.0, Max: 1, Diff: 0, Sum: 4]
      [GC Worker Other (ms): Min: 0.0, Avg: 0.0, Max: 0.0, Diff: 0.0, Sum: 0.0]
      [GC Worker Total (ms): Min: 0.0, Avg: 2.9, Max: 10.9, Diff: 10.9, Sum: 11.5]
      [GC Worker End (ms): Min: 975.8, Avg: 975.8, Max: 975.8, Diff: 0.0]
   [Code Root Fixup: 0.0 ms]
   [Code Root Purge: 0.0 ms]
   [Clear CT: 0.1 ms]
   [Other: 8.8 ms]
      [Choose CSet: 0.0 ms]
      [Ref Proc: 8.5 ms]
      [Ref Enq: 0.1 ms]
      [Redirty Cards: 0.0 ms]
      [Humongous Register: 0.0 ms]
      [Humongous Reclaim: 0.0 ms]
      [Free CSet: 0.1 ms]
   [Eden: 151.0M(151.0M)->0.0B(146.0M) Survivors: 2048.0K->7168.0K Heap: 154.4M(256.0M)->8358.3K(256.0M)]
Heap after GC invocations=4 (full 0):
 garbage-first heap   total 262144K, used 8358K [0x00000000f0000000, 0x00000000f0100800, 0x0000000100000000)
  region size 1024K, 7 young (7168K), 7 survivors (7168K)
 Metaspace       used 13912K, capacity 14442K, committed 14592K, reserved 1062912K
  class space    used 1625K, capacity 1779K, committed 1792K, reserved 1048576K
}
 [Times: user=0.06 sys=0.00, real=0.02 secs] 
{Heap before GC invocations=4 (full 0):
 garbage-first heap   total 262144K, used 157862K [0x00000000f0000000, 0x00000000f0100800, 0x0000000100000000)
  region size 1024K, 153 young (156672K), 7 survivors (7168K)
 Metaspace       used 18643K, capacity 19346K, committed 19456K, reserved 1067008K
  class space    used 2317K, capacity 2515K, committed 2560K, reserved 1048576K
2023-01-17T05:13:56.911+0800: 1.472: [GC pause (G1 Evacuation Pause) (young), 0.0119165 secs]
   [Parallel Time: 6.6 ms, GC Workers: 4]
      [GC Worker Start (ms): Min: 1472.0, Avg: 1473.7, Max: 1478.2, Diff: 6.2]
      [Ext Root Scanning (ms): Min: 0.0, Avg: 0.7, Max: 1.3, Diff: 1.3, Sum: 2.9]
      [Update RS (ms): Min: 0.0, Avg: 0.1, Max: 0.4, Diff: 0.4, Sum: 0.5]
         [Processed Buffers: Min: 0, Avg: 1.8, Max: 4, Diff: 4, Sum: 7]
      [Scan RS (ms): Min: 0.0, Avg: 0.0, Max: 0.1, Diff: 0.1, Sum: 0.1]
      [Code Root Scanning (ms): Min: 0.0, Avg: 0.1, Max: 0.3, Diff: 0.3, Sum: 0.3]
      [Object Copy (ms): Min: 0.0, Avg: 3.4, Max: 4.7, Diff: 4.7, Sum: 13.5]
      [Termination (ms): Min: 0.0, Avg: 0.2, Max: 0.4, Diff: 0.4, Sum: 0.7]
         [Termination Attempts: Min: 1, Avg: 2.0, Max: 4, Diff: 3, Sum: 8]
      [GC Worker Other (ms): Min: 0.0, Avg: 0.0, Max: 0.0, Diff: 0.0, Sum: 0.0]
      [GC Worker Total (ms): Min: 0.0, Avg: 4.5, Max: 6.2, Diff: 6.2, Sum: 18.1]
      [GC Worker End (ms): Min: 1478.2, Avg: 1478.2, Max: 1478.5, Diff: 0.3]
   [Code Root Fixup: 0.0 ms]
   [Code Root Purge: 0.0 ms]
   [Clear CT: 0.1 ms]
   [Other: 5.3 ms]
      [Choose CSet: 0.0 ms]
      [Ref Proc: 5.0 ms]
      [Ref Enq: 0.1 ms]
      [Redirty Cards: 0.1 ms]
      [Humongous Register: 0.0 ms]
      [Humongous Reclaim: 0.0 ms]
      [Free CSet: 0.1 ms]
   [Eden: 146.0M(146.0M)->0.0B(146.0M) Survivors: 7168.0K->7168.0K Heap: 154.2M(256.0M)->8245.0K(256.0M)]
Heap after GC invocations=5 (full 0):
 garbage-first heap   total 262144K, used 8244K [0x00000000f0000000, 0x00000000f0100800, 0x0000000100000000)
  region size 1024K, 7 young (7168K), 7 survivors (7168K)
 Metaspace       used 18643K, capacity 19346K, committed 19456K, reserved 1067008K
  class space    used 2317K, capacity 2515K, committed 2560K, reserved 1048576K
}
 [Times: user=0.03 sys=0.00, real=0.01 secs] 
{Heap before GC invocations=5 (full 0):
 garbage-first heap   total 262144K, used 157748K [0x00000000f0000000, 0x00000000f0100800, 0x0000000100000000)
  region size 1024K, 153 young (156672K), 7 survivors (7168K)
 Metaspace       used 20550K, capacity 21432K, committed 21760K, reserved 1069056K
  class space    used 2544K, capacity 2738K, committed 2816K, reserved 1048576K
2023-01-17T05:13:57.487+0800: 2.049: [GC pause (G1 Evacuation Pause) (young), 0.0256485 secs]
   [Parallel Time: 7.9 ms, GC Workers: 4]
      [GC Worker Start (ms): Min: 2048.7, Avg: 2050.5, Max: 2055.9, Diff: 7.2]
      [Ext Root Scanning (ms): Min: 0.0, Avg: 0.5, Max: 1.3, Diff: 1.3, Sum: 2.0]
      [Update RS (ms): Min: 0.0, Avg: 0.1, Max: 0.3, Diff: 0.3, Sum: 0.5]
         [Processed Buffers: Min: 0, Avg: 2.0, Max: 7, Diff: 7, Sum: 8]
      [Scan RS (ms): Min: 0.0, Avg: 0.0, Max: 0.1, Diff: 0.1, Sum: 0.1]
      [Code Root Scanning (ms): Min: 0.0, Avg: 0.2, Max: 0.4, Diff: 0.4, Sum: 0.8]
      [Object Copy (ms): Min: 0.2, Avg: 4.8, Max: 6.7, Diff: 6.5, Sum: 19.4]
      [Termination (ms): Min: 0.0, Avg: 0.3, Max: 0.4, Diff: 0.4, Sum: 1.1]
         [Termination Attempts: Min: 1, Avg: 1.0, Max: 1, Diff: 0, Sum: 4]
      [GC Worker Other (ms): Min: 0.0, Avg: 0.0, Max: 0.0, Diff: 0.0, Sum: 0.0]
      [GC Worker Total (ms): Min: 0.6, Avg: 6.0, Max: 7.8, Diff: 7.2, Sum: 24.0]
      [GC Worker End (ms): Min: 2056.5, Avg: 2056.5, Max: 2056.5, Diff: 0.0]
   [Code Root Fixup: 0.0 ms]
   [Code Root Purge: 0.0 ms]
   [Clear CT: 0.1 ms]
   [Other: 17.7 ms]
      [Choose CSet: 0.0 ms]
      [Ref Proc: 17.3 ms]
      [Ref Enq: 0.1 ms]
      [Redirty Cards: 0.1 ms]
      [Humongous Register: 0.0 ms]
      [Humongous Reclaim: 0.0 ms]
      [Free CSet: 0.1 ms]
   [Eden: 146.0M(146.0M)->0.0B(136.0M) Survivors: 7168.0K->17.0M Heap: 154.1M(256.0M)->18.1M(256.0M)]
Heap after GC invocations=6 (full 0):
 garbage-first heap   total 262144K, used 18484K [0x00000000f0000000, 0x00000000f0100800, 0x0000000100000000)
  region size 1024K, 17 young (17408K), 17 survivors (17408K)
 Metaspace       used 20550K, capacity 21432K, committed 21760K, reserved 1069056K
  class space    used 2544K, capacity 2738K, committed 2816K, reserved 1048576K
}
 [Times: user=0.04 sys=0.00, real=0.03 secs] 
{Heap before GC invocations=6 (full 0):
 garbage-first heap   total 262144K, used 157748K [0x00000000f0000000, 0x00000000f0100800, 0x0000000100000000)
  region size 1024K, 153 young (156672K), 17 survivors (17408K)
 Metaspace       used 22493K, capacity 23524K, committed 23808K, reserved 1071104K
  class space    used 2812K, capacity 3036K, committed 3072K, reserved 1048576K
2023-01-17T05:13:58.066+0800: 2.627: [GC pause (G1 Evacuation Pause) (young), 0.0257234 secs]
   [Parallel Time: 13.9 ms, GC Workers: 4]
      [GC Worker Start (ms): Min: 2627.0, Avg: 2629.8, Max: 2633.8, Diff: 6.8]
      [Ext Root Scanning (ms): Min: 0.0, Avg: 0.6, Max: 2.1, Diff: 2.1, Sum: 2.5]
      [Update RS (ms): Min: 0.0, Avg: 0.1, Max: 0.3, Diff: 0.3, Sum: 0.5]
         [Processed Buffers: Min: 0, Avg: 1.5, Max: 5, Diff: 5, Sum: 6]
      [Scan RS (ms): Min: 0.0, Avg: 0.0, Max: 0.1, Diff: 0.1, Sum: 0.1]
      [Code Root Scanning (ms): Min: 0.0, Avg: 2.8, Max: 10.2, Diff: 10.2, Sum: 11.1]
      [Object Copy (ms): Min: 0.3, Avg: 6.1, Max: 9.7, Diff: 9.4, Sum: 24.4]
      [Termination (ms): Min: 0.0, Avg: 0.6, Max: 1.4, Diff: 1.4, Sum: 2.3]
         [Termination Attempts: Min: 1, Avg: 2.8, Max: 6, Diff: 5, Sum: 11]
      [GC Worker Other (ms): Min: 0.0, Avg: 0.0, Max: 0.0, Diff: 0.0, Sum: 0.0]
      [GC Worker Total (ms): Min: 7.0, Avg: 10.3, Max: 12.9, Diff: 5.9, Sum: 41.0]
      [GC Worker End (ms): Min: 2639.9, Avg: 2640.1, Max: 2640.8, Diff: 1.0]
   [Code Root Fixup: 0.0 ms]
   [Code Root Purge: 0.0 ms]
   [Clear CT: 0.1 ms]
   [Other: 11.7 ms]
      [Choose CSet: 0.0 ms]
      [Ref Proc: 11.4 ms]
      [Ref Enq: 0.1 ms]
      [Redirty Cards: 0.1 ms]
      [Humongous Register: 0.0 ms]
      [Humongous Reclaim: 0.0 ms]
      [Free CSet: 0.1 ms]
   [Eden: 136.0M(136.0M)->0.0B(141.0M) Survivors: 17.0M->12.0M Heap: 154.1M(256.0M)->13.6M(256.0M)]
Heap after GC invocations=7 (full 0):
 garbage-first heap   total 262144K, used 13876K [0x00000000f0000000, 0x00000000f0100800, 0x0000000100000000)
  region size 1024K, 12 young (12288K), 12 survivors (12288K)
 Metaspace       used 22493K, capacity 23524K, committed 23808K, reserved 1071104K
  class space    used 2812K, capacity 3036K, committed 3072K, reserved 1048576K
}
 [Times: user=0.08 sys=0.00, real=0.03 secs] 
{Heap before GC invocations=7 (full 0):
 garbage-first heap   total 262144K, used 158260K [0x00000000f0000000, 0x00000000f0100800, 0x0000000100000000)
  region size 1024K, 153 young (156672K), 12 survivors (12288K)
 Metaspace       used 27208K, capacity 28832K, committed 28928K, reserved 1075200K
  class space    used 3481K, capacity 3792K, committed 3840K, reserved 1048576K
2023-01-17T05:13:58.755+0800: 3.316: [GC pause (G1 Evacuation Pause) (young), 0.0180366 secs]
   [Parallel Time: 11.0 ms, GC Workers: 4]
      [GC Worker Start (ms): Min: 3316.8, Avg: 3317.3, Max: 3318.9, Diff: 2.0]
      [Ext Root Scanning (ms): Min: 0.0, Avg: 0.9, Max: 2.0, Diff: 2.0, Sum: 3.6]
      [Update RS (ms): Min: 0.0, Avg: 0.1, Max: 0.3, Diff: 0.3, Sum: 0.5]
         [Processed Buffers: Min: 0, Avg: 1.8, Max: 6, Diff: 6, Sum: 7]
      [Scan RS (ms): Min: 0.0, Avg: 0.0, Max: 0.1, Diff: 0.0, Sum: 0.1]
      [Code Root Scanning (ms): Min: 0.0, Avg: 0.7, Max: 2.0, Diff: 2.0, Sum: 2.9]
      [Object Copy (ms): Min: 6.8, Avg: 7.8, Max: 8.3, Diff: 1.5, Sum: 31.1]
      [Termination (ms): Min: 0.0, Avg: 0.0, Max: 0.0, Diff: 0.0, Sum: 0.0]
         [Termination Attempts: Min: 1, Avg: 1.0, Max: 1, Diff: 0, Sum: 4]
      [GC Worker Other (ms): Min: 0.0, Avg: 0.0, Max: 0.0, Diff: 0.0, Sum: 0.1]
      [GC Worker Total (ms): Min: 8.1, Avg: 9.6, Max: 10.1, Diff: 2.0, Sum: 38.4]
      [GC Worker End (ms): Min: 3326.9, Avg: 3326.9, Max: 3326.9, Diff: 0.0]
   [Code Root Fixup: 0.1 ms]
   [Code Root Purge: 0.0 ms]
   [Clear CT: 0.1 ms]
   [Other: 6.8 ms]
      [Choose CSet: 0.0 ms]
      [Ref Proc: 6.5 ms]
      [Ref Enq: 0.1 ms]
      [Redirty Cards: 0.1 ms]
      [Humongous Register: 0.0 ms]
      [Humongous Reclaim: 0.0 ms]
      [Free CSet: 0.1 ms]
   [Eden: 141.0M(141.0M)->0.0B(139.0M) Survivors: 12.0M->14.0M Heap: 154.6M(256.0M)->15.6M(256.0M)]
Heap after GC invocations=8 (full 0):
 garbage-first heap   total 262144K, used 15924K [0x00000000f0000000, 0x00000000f0100800, 0x0000000100000000)
  region size 1024K, 14 young (14336K), 14 survivors (14336K)
 Metaspace       used 27208K, capacity 28832K, committed 28928K, reserved 1075200K
  class space    used 3481K, capacity 3792K, committed 3840K, reserved 1048576K
}
 [Times: user=0.05 sys=0.00, real=0.02 secs] 
{Heap before GC invocations=8 (full 0):
 garbage-first heap   total 262144K, used 158260K [0x00000000f0000000, 0x00000000f0100800, 0x0000000100000000)
  region size 1024K, 153 young (156672K), 14 survivors (14336K)
 Metaspace       used 34247K, capacity 36246K, committed 36352K, reserved 1081344K
  class space    used 4444K, capacity 4829K, committed 4864K, reserved 1048576K
2023-01-17T05:13:59.449+0800: 4.010: [GC pause (G1 Evacuation Pause) (young), 0.0246504 secs]
   [Parallel Time: 17.2 ms, GC Workers: 4]
      [GC Worker Start (ms): Min: 4010.2, Avg: 4014.8, Max: 4022.8, Diff: 12.6]
      [Ext Root Scanning (ms): Min: 0.0, Avg: 1.1, Max: 2.4, Diff: 2.4, Sum: 4.3]
      [Update RS (ms): Min: 0.0, Avg: 0.1, Max: 0.3, Diff: 0.3, Sum: 0.5]
         [Processed Buffers: Min: 0, Avg: 2.0, Max: 7, Diff: 7, Sum: 8]
      [Scan RS (ms): Min: 0.0, Avg: 0.0, Max: 0.0, Diff: 0.0, Sum: 0.1]
      [Code Root Scanning (ms): Min: 0.0, Avg: 0.5, Max: 1.1, Diff: 1.1, Sum: 2.0]
      [Object Copy (ms): Min: 4.4, Avg: 10.7, Max: 13.3, Diff: 8.9, Sum: 42.6]
      [Termination (ms): Min: 0.0, Avg: 0.1, Max: 0.1, Diff: 0.1, Sum: 0.3]
         [Termination Attempts: Min: 1, Avg: 1.0, Max: 1, Diff: 0, Sum: 4]
      [GC Worker Other (ms): Min: 0.0, Avg: 0.0, Max: 0.0, Diff: 0.0, Sum: 0.0]
      [GC Worker Total (ms): Min: 4.5, Avg: 12.5, Max: 17.1, Diff: 12.6, Sum: 49.9]
      [GC Worker End (ms): Min: 4027.3, Avg: 4027.3, Max: 4027.3, Diff: 0.0]
   [Code Root Fixup: 0.1 ms]
   [Code Root Purge: 0.0 ms]
   [Clear CT: 0.1 ms]
   [Other: 7.3 ms]
      [Choose CSet: 0.0 ms]
      [Ref Proc: 7.0 ms]
      [Ref Enq: 0.1 ms]
      [Redirty Cards: 0.1 ms]
      [Humongous Register: 0.0 ms]
      [Humongous Reclaim: 0.0 ms]
      [Free CSet: 0.1 ms]
   [Eden: 139.0M(139.0M)->0.0B(135.0M) Survivors: 14.0M->18.0M Heap: 154.6M(256.0M)->19.1M(256.0M)]
Heap after GC invocations=9 (full 0):
 garbage-first heap   total 262144K, used 19508K [0x00000000f0000000, 0x00000000f0100800, 0x0000000100000000)
  region size 1024K, 18 young (18432K), 18 survivors (18432K)
 Metaspace       used 34247K, capacity 36246K, committed 36352K, reserved 1081344K
  class space    used 4444K, capacity 4829K, committed 4864K, reserved 1048576K
}
 [Times: user=0.08 sys=0.00, real=0.03 secs] 
{Heap before GC invocations=9 (full 0):
 garbage-first heap   total 262144K, used 157748K [0x00000000f0000000, 0x00000000f0100800, 0x0000000100000000)
  region size 1024K, 153 young (156672K), 18 survivors (18432K)
 Metaspace       used 35670K, capacity 37722K, committed 37760K, reserved 1081344K
  class space    used 4587K, capacity 4985K, committed 4992K, reserved 1048576K
2023-01-17T05:13:59.918+0800: 4.479: [GC pause (G1 Evacuation Pause) (young), 0.0376492 secs]
   [Parallel Time: 33.4 ms, GC Workers: 4]
      [GC Worker Start (ms): Min: 4483.8, Avg: 4496.6, Max: 4506.8, Diff: 23.0]
      [Ext Root Scanning (ms): Min: 0.0, Avg: 1.0, Max: 4.1, Diff: 4.1, Sum: 4.1]
      [Update RS (ms): Min: 0.0, Avg: 0.1, Max: 0.6, Diff: 0.6, Sum: 0.6]
         [Processed Buffers: Min: 0, Avg: 1.5, Max: 6, Diff: 6, Sum: 6]
      [Scan RS (ms): Min: 0.0, Avg: 0.0, Max: 0.1, Diff: 0.1, Sum: 0.1]
      [Code Root Scanning (ms): Min: 0.0, Avg: 0.6, Max: 2.6, Diff: 2.6, Sum: 2.6]
      [Object Copy (ms): Min: 4.8, Avg: 13.3, Max: 20.6, Diff: 15.7, Sum: 53.2]
      [Termination (ms): Min: 0.0, Avg: 0.3, Max: 1.1, Diff: 1.1, Sum: 1.3]
         [Termination Attempts: Min: 1, Avg: 10.2, Max: 17, Diff: 16, Sum: 41]
      [GC Worker Other (ms): Min: 0.0, Avg: 0.0, Max: 0.0, Diff: 0.0, Sum: 0.1]
      [GC Worker Total (ms): Min: 6.0, Avg: 15.5, Max: 28.0, Diff: 22.0, Sum: 62.0]
      [GC Worker End (ms): Min: 4511.8, Avg: 4512.1, Max: 4512.8, Diff: 1.0]
   [Code Root Fixup: 0.1 ms]
   [Code Root Purge: 0.0 ms]
   [Clear CT: 0.1 ms]
   [Other: 4.0 ms]
      [Choose CSet: 0.0 ms]
      [Ref Proc: 3.7 ms]
      [Ref Enq: 0.0 ms]
      [Redirty Cards: 0.1 ms]
      [Humongous Register: 0.0 ms]
      [Humongous Reclaim: 0.0 ms]
      [Free CSet: 0.1 ms]
   [Eden: 135.0M(135.0M)->0.0B(141.0M) Survivors: 18.0M->12.0M Heap: 154.1M(256.0M)->15.1M(256.0M)]
Heap after GC invocations=10 (full 0):
 garbage-first heap   total 262144K, used 15438K [0x00000000f0000000, 0x00000000f0100800, 0x0000000100000000)
  region size 1024K, 12 young (12288K), 12 survivors (12288K)
 Metaspace       used 35670K, capacity 37722K, committed 37760K, reserved 1081344K
  class space    used 4587K, capacity 4985K, committed 4992K, reserved 1048576K
}
 [Times: user=0.11 sys=0.00, real=0.04 secs] 
{Heap before GC invocations=10 (full 0):
 garbage-first heap   total 262144K, used 131150K [0x00000000f0000000, 0x00000000f0100800, 0x0000000100000000)
  region size 1024K, 125 young (128000K), 12 survivors (12288K)
 Metaspace       used 36259K, capacity 38316K, committed 38656K, reserved 1083392K
  class space    used 4644K, capacity 5026K, committed 5120K, reserved 1048576K
2023-01-17T05:14:00.228+0800: 4.789: [GC pause (G1 Evacuation Pause) (young), 0.0177555 secs]
   [Parallel Time: 15.8 ms, GC Workers: 4]
      [GC Worker Start (ms): Min: 4789.3, Avg: 4792.3, Max: 4800.8, Diff: 11.5]
      [Ext Root Scanning (ms): Min: 0.0, Avg: 0.9, Max: 2.2, Diff: 2.2, Sum: 3.7]
      [Update RS (ms): Min: 0.0, Avg: 0.5, Max: 0.9, Diff: 0.9, Sum: 1.9]
         [Processed Buffers: Min: 0, Avg: 3.5, Max: 8, Diff: 8, Sum: 14]
      [Scan RS (ms): Min: 0.0, Avg: 0.3, Max: 0.4, Diff: 0.4, Sum: 1.2]
      [Code Root Scanning (ms): Min: 0.0, Avg: 0.5, Max: 1.8, Diff: 1.8, Sum: 1.9]
      [Object Copy (ms): Min: 4.2, Avg: 10.5, Max: 13.4, Diff: 9.3, Sum: 42.1]
      [Termination (ms): Min: 0.0, Avg: 0.0, Max: 0.0, Diff: 0.0, Sum: 0.0]
         [Termination Attempts: Min: 1, Avg: 1.0, Max: 1, Diff: 0, Sum: 4]
      [GC Worker Other (ms): Min: 0.0, Avg: 0.0, Max: 0.0, Diff: 0.0, Sum: 0.1]
      [GC Worker Total (ms): Min: 4.2, Avg: 12.7, Max: 15.7, Diff: 11.5, Sum: 50.8]
      [GC Worker End (ms): Min: 4805.0, Avg: 4805.0, Max: 4805.0, Diff: 0.0]
   [Code Root Fixup: 0.1 ms]
   [Code Root Purge: 0.0 ms]
   [Clear CT: 0.1 ms]
   [Other: 1.8 ms]
      [Choose CSet: 0.0 ms]
      [Ref Proc: 1.5 ms]
      [Ref Enq: 0.0 ms]
      [Redirty Cards: 0.1 ms]
      [Humongous Register: 0.0 ms]
      [Humongous Reclaim: 0.0 ms]
      [Free CSet: 0.1 ms]
   [Eden: 113.0M(113.0M)->0.0B(143.0M) Survivors: 12.0M->10.0M Heap: 128.1M(256.0M)->18.5M(256.0M)]
Heap after GC invocations=11 (full 0):
 garbage-first heap   total 262144K, used 18985K [0x00000000f0000000, 0x00000000f0100800, 0x0000000100000000)
  region size 1024K, 10 young (10240K), 10 survivors (10240K)
 Metaspace       used 36259K, capacity 38316K, committed 38656K, reserved 1083392K
  class space    used 4644K, capacity 5026K, committed 5120K, reserved 1048576K
}
 [Times: user=0.06 sys=0.00, real=0.02 secs] 
{Heap before GC invocations=11 (full 0):
 garbage-first heap   total 262144K, used 128553K [0x00000000f0000000, 0x00000000f0100800, 0x0000000100000000)
  region size 1024K, 117 young (119808K), 10 survivors (10240K)
 Metaspace       used 37058K, capacity 39260K, committed 39552K, reserved 1083392K
  class space    used 4743K, capacity 5150K, committed 5248K, reserved 1048576K
2023-01-17T05:14:00.544+0800: 5.106: [GC pause (G1 Evacuation Pause) (young), 0.0420592 secs]
   [Parallel Time: 38.2 ms, GC Workers: 4]
      [GC Worker Start (ms): Min: 5105.7, Avg: 5108.3, Max: 5110.8, Diff: 5.1]
      [Ext Root Scanning (ms): Min: 0.0, Avg: 0.9, Max: 2.0, Diff: 2.0, Sum: 3.7]
      [Update RS (ms): Min: 0.0, Avg: 0.6, Max: 1.3, Diff: 1.3, Sum: 2.4]
         [Processed Buffers: Min: 0, Avg: 3.5, Max: 10, Diff: 10, Sum: 14]
      [Scan RS (ms): Min: 0.0, Avg: 0.5, Max: 1.3, Diff: 1.2, Sum: 2.2]
      [Code Root Scanning (ms): Min: 0.0, Avg: 0.3, Max: 0.6, Diff: 0.6, Sum: 1.0]
      [Object Copy (ms): Min: 11.2, Avg: 17.7, Max: 32.1, Diff: 20.9, Sum: 70.8]
      [Termination (ms): Min: 0.0, Avg: 14.6, Max: 20.9, Diff: 20.9, Sum: 58.5]
         [Termination Attempts: Min: 1, Avg: 2.2, Max: 4, Diff: 3, Sum: 9]
      [GC Worker Other (ms): Min: 0.0, Avg: 0.0, Max: 0.0, Diff: 0.0, Sum: 0.1]
      [GC Worker Total (ms): Min: 32.1, Avg: 34.7, Max: 37.3, Diff: 5.1, Sum: 138.7]
      [GC Worker End (ms): Min: 5143.0, Avg: 5143.0, Max: 5143.0, Diff: 0.0]
   [Code Root Fixup: 0.0 ms]
   [Code Root Purge: 0.0 ms]
   [Clear CT: 0.1 ms]
   [Other: 3.7 ms]
      [Choose CSet: 0.0 ms]
      [Ref Proc: 3.4 ms]
      [Ref Enq: 0.0 ms]
      [Redirty Cards: 0.1 ms]
      [Humongous Register: 0.0 ms]
      [Humongous Reclaim: 0.0 ms]
      [Free CSet: 0.1 ms]
   [Eden: 107.0M(107.0M)->0.0B(143.0M) Survivors: 10.0M->10.0M Heap: 125.5M(256.0M)->22.5M(256.0M)]
Heap after GC invocations=12 (full 0):
 garbage-first heap   total 262144K, used 23039K [0x00000000f0000000, 0x00000000f0100800, 0x0000000100000000)
  region size 1024K, 10 young (10240K), 10 survivors (10240K)
 Metaspace       used 37058K, capacity 39260K, committed 39552K, reserved 1083392K
  class space    used 4743K, capacity 5150K, committed 5248K, reserved 1048576K
}
 [Times: user=0.13 sys=0.00, real=0.04 secs] 
Heap
 garbage-first heap   total 262144K, used 120319K [0x00000000f0000000, 0x00000000f0100800, 0x0000000100000000)
  region size 1024K, 106 young (108544K), 10 survivors (10240K)
 Metaspace       used 39765K, capacity 42260K, committed 42496K, reserved 1085440K
  class space    used 5132K, capacity 5575K, committed 5632K, reserved 1048576K
