Java HotSpot(TM) 64-Bit Server VM (25.261-b12) for linux-amd64 JRE (1.8.0_261-b12), built on Jun 17 2020 23:41:40 by "java_re" with gcc 7.3.0
Memory: 4k page, physical 7733220k(7121816k free), swap 0k(0k free)
CommandLine flags: -XX:+HeapDumpOnOutOfMemoryError -XX:HeapDumpPath=/root/logs/java_heapdump.hprof -XX:InitialHeapSize=268435456 -XX:MaxHeapSize=268435456 -XX:MaxNewSize=131072000 -XX:MetaspaceSize=134217728 -XX:NewSize=131072000 -XX:-OmitStackTraceInFastThrow -XX:+PrintGC -XX:+PrintGCDateStamps -XX:+PrintGCDetails -XX:+PrintGCTimeStamps -XX:+PrintHeapAtGC -XX:ThreadStackSize=512 -XX:+UseCompressedClassPointers -XX:+UseCompressedOops -XX:-UseLargePages -XX:+UseParallelGC -XX:+UseParallelOldGC 
{Heap before GC invocations=1 (full 0):
 PSYoungGen      total 112128K, used 96256K [0x00000000f8300000, 0x0000000100000000, 0x0000000100000000)
  eden space 96256K, 100% used [0x00000000f8300000,0x00000000fe100000,0x00000000fe100000)
  from space 15872K, 0% used [0x00000000ff080000,0x00000000ff080000,0x0000000100000000)
  to   space 15872K, 0% used [0x00000000fe100000,0x00000000fe100000,0x00000000ff080000)
 ParOldGen       total 134144K, used 3K [0x00000000f0000000, 0x00000000f8300000, 0x00000000f8300000)
  object space 134144K, 0% used [0x00000000f0000000,0x00000000f0000d38,0x00000000f8300000)
 Metaspace       used 10727K, capacity 11072K, committed 11136K, reserved 1058816K
  class space    used 1250K, capacity 1376K, committed 1408K, reserved 1048576K
2023-01-17T04:25:01.740+0800: 0.689: [GC (GCLocker Initiated GC) [PSYoungGen: 96256K->7082K(112128K)] 96259K->7102K(246272K), 0.0102612 secs] [Times: user=0.01 sys=0.00, real=0.01 secs] 
Heap after GC invocations=1 (full 0):
 PSYoungGen      total 112128K, used 7082K [0x00000000f8300000, 0x0000000100000000, 0x0000000100000000)
  eden space 96256K, 0% used [0x00000000f8300000,0x00000000f8300000,0x00000000fe100000)
  from space 15872K, 44% used [0x00000000fe100000,0x00000000fe7eab78,0x00000000ff080000)
  to   space 15872K, 0% used [0x00000000ff080000,0x00000000ff080000,0x0000000100000000)
 ParOldGen       total 134144K, used 19K [0x00000000f0000000, 0x00000000f8300000, 0x00000000f8300000)
  object space 134144K, 0% used [0x00000000f0000000,0x00000000f0004d38,0x00000000f8300000)
 Metaspace       used 10727K, capacity 11072K, committed 11136K, reserved 1058816K
  class space    used 1250K, capacity 1376K, committed 1408K, reserved 1048576K
}
{Heap before GC invocations=2 (full 0):
 PSYoungGen      total 112128K, used 103338K [0x00000000f8300000, 0x0000000100000000, 0x0000000100000000)
  eden space 96256K, 100% used [0x00000000f8300000,0x00000000fe100000,0x00000000fe100000)
  from space 15872K, 44% used [0x00000000fe100000,0x00000000fe7eab78,0x00000000ff080000)
  to   space 15872K, 0% used [0x00000000ff080000,0x00000000ff080000,0x0000000100000000)
 ParOldGen       total 134144K, used 28K [0x00000000f0000000, 0x00000000f8300000, 0x00000000f8300000)
  object space 134144K, 0% used [0x00000000f0000000,0x00000000f0007288,0x00000000f8300000)
 Metaspace       used 14503K, capacity 15020K, committed 15232K, reserved 1062912K
  class space    used 1703K, capacity 1844K, committed 1920K, reserved 1048576K
2023-01-17T04:25:01.951+0800: 0.901: [GC (Allocation Failure) [PSYoungGen: 103338K->5440K(112128K)] 103367K->5476K(246272K), 0.0108125 secs] [Times: user=0.02 sys=0.00, real=0.01 secs] 
Heap after GC invocations=2 (full 0):
 PSYoungGen      total 112128K, used 5440K [0x00000000f8300000, 0x0000000100000000, 0x0000000100000000)
  eden space 96256K, 0% used [0x00000000f8300000,0x00000000f8300000,0x00000000fe100000)
  from space 15872K, 34% used [0x00000000ff080000,0x00000000ff5d0000,0x0000000100000000)
  to   space 15872K, 0% used [0x00000000fe100000,0x00000000fe100000,0x00000000ff080000)
 ParOldGen       total 134144K, used 36K [0x00000000f0000000, 0x00000000f8300000, 0x00000000f8300000)
  object space 134144K, 0% used [0x00000000f0000000,0x00000000f0009288,0x00000000f8300000)
 Metaspace       used 14503K, capacity 15020K, committed 15232K, reserved 1062912K
  class space    used 1703K, capacity 1844K, committed 1920K, reserved 1048576K
}
{Heap before GC invocations=3 (full 0):
 PSYoungGen      total 112128K, used 101696K [0x00000000f8300000, 0x0000000100000000, 0x0000000100000000)
  eden space 96256K, 100% used [0x00000000f8300000,0x00000000fe100000,0x00000000fe100000)
  from space 15872K, 34% used [0x00000000ff080000,0x00000000ff5d0000,0x0000000100000000)
  to   space 15872K, 0% used [0x00000000fe100000,0x00000000fe100000,0x00000000ff080000)
 ParOldGen       total 134144K, used 36K [0x00000000f0000000, 0x00000000f8300000, 0x00000000f8300000)
  object space 134144K, 0% used [0x00000000f0000000,0x00000000f0009288,0x00000000f8300000)
 Metaspace       used 18265K, capacity 18964K, committed 19200K, reserved 1067008K
  class space    used 2289K, capacity 2476K, committed 2560K, reserved 1048576K
2023-01-17T04:25:02.320+0800: 1.270: [GC (Allocation Failure) [PSYoungGen: 101696K->7125K(112128K)] 101732K->7169K(246272K), 0.0160890 secs] [Times: user=0.03 sys=0.00, real=0.01 secs] 
Heap after GC invocations=3 (full 0):
 PSYoungGen      total 112128K, used 7125K [0x00000000f8300000, 0x0000000100000000, 0x0000000100000000)
  eden space 96256K, 0% used [0x00000000f8300000,0x00000000f8300000,0x00000000fe100000)
  from space 15872K, 44% used [0x00000000fe100000,0x00000000fe7f5478,0x00000000ff080000)
  to   space 15872K, 0% used [0x00000000ff080000,0x00000000ff080000,0x0000000100000000)
 ParOldGen       total 134144K, used 44K [0x00000000f0000000, 0x00000000f8300000, 0x00000000f8300000)
  object space 134144K, 0% used [0x00000000f0000000,0x00000000f000b288,0x00000000f8300000)
 Metaspace       used 18265K, capacity 18964K, committed 19200K, reserved 1067008K
  class space    used 2289K, capacity 2476K, committed 2560K, reserved 1048576K
}
{Heap before GC invocations=4 (full 0):
 PSYoungGen      total 112128K, used 103381K [0x00000000f8300000, 0x0000000100000000, 0x0000000100000000)
  eden space 96256K, 100% used [0x00000000f8300000,0x00000000fe100000,0x00000000fe100000)
  from space 15872K, 44% used [0x00000000fe100000,0x00000000fe7f5478,0x00000000ff080000)
  to   space 15872K, 0% used [0x00000000ff080000,0x00000000ff080000,0x0000000100000000)
 ParOldGen       total 134144K, used 44K [0x00000000f0000000, 0x00000000f8300000, 0x00000000f8300000)
  object space 134144K, 0% used [0x00000000f0000000,0x00000000f000b288,0x00000000f8300000)
 Metaspace       used 19775K, capacity 20526K, committed 20608K, reserved 1067008K
  class space    used 2458K, capacity 2637K, committed 2688K, reserved 1048576K
2023-01-17T04:25:02.578+0800: 1.528: [GC (Allocation Failure) [PSYoungGen: 103381K->13360K(112128K)] 103425K->13412K(246272K), 0.0220010 secs] [Times: user=0.06 sys=0.00, real=0.03 secs] 
Heap after GC invocations=4 (full 0):
 PSYoungGen      total 112128K, used 13360K [0x00000000f8300000, 0x0000000100000000, 0x0000000100000000)
  eden space 96256K, 0% used [0x00000000f8300000,0x00000000f8300000,0x00000000fe100000)
  from space 15872K, 84% used [0x00000000ff080000,0x00000000ffd8c010,0x0000000100000000)
  to   space 15872K, 0% used [0x00000000fe100000,0x00000000fe100000,0x00000000ff080000)
 ParOldGen       total 134144K, used 52K [0x00000000f0000000, 0x00000000f8300000, 0x00000000f8300000)
  object space 134144K, 0% used [0x00000000f0000000,0x00000000f000d288,0x00000000f8300000)
 Metaspace       used 19775K, capacity 20526K, committed 20608K, reserved 1067008K
  class space    used 2458K, capacity 2637K, committed 2688K, reserved 1048576K
}
{Heap before GC invocations=5 (full 0):
 PSYoungGen      total 112128K, used 109616K [0x00000000f8300000, 0x0000000100000000, 0x0000000100000000)
  eden space 96256K, 100% used [0x00000000f8300000,0x00000000fe100000,0x00000000fe100000)
  from space 15872K, 84% used [0x00000000ff080000,0x00000000ffd8c010,0x0000000100000000)
  to   space 15872K, 0% used [0x00000000fe100000,0x00000000fe100000,0x00000000ff080000)
 ParOldGen       total 134144K, used 52K [0x00000000f0000000, 0x00000000f8300000, 0x00000000f8300000)
  object space 134144K, 0% used [0x00000000f0000000,0x00000000f000d288,0x00000000f8300000)
 Metaspace       used 20788K, capacity 21706K, committed 21760K, reserved 1069056K
  class space    used 2572K, capacity 2781K, committed 2816K, reserved 1048576K
2023-01-17T04:25:02.874+0800: 1.824: [GC (Allocation Failure) [PSYoungGen: 109616K->11237K(112128K)] 109668K->11297K(246272K), 0.0140039 secs] [Times: user=0.02 sys=0.00, real=0.01 secs] 
Heap after GC invocations=5 (full 0):
 PSYoungGen      total 112128K, used 11237K [0x00000000f8300000, 0x0000000100000000, 0x0000000100000000)
  eden space 96256K, 0% used [0x00000000f8300000,0x00000000f8300000,0x00000000fe100000)
  from space 15872K, 70% used [0x00000000fe100000,0x00000000febf9488,0x00000000ff080000)
  to   space 14336K, 0% used [0x00000000ff200000,0x00000000ff200000,0x0000000100000000)
 ParOldGen       total 134144K, used 60K [0x00000000f0000000, 0x00000000f8300000, 0x00000000f8300000)
  object space 134144K, 0% used [0x00000000f0000000,0x00000000f000f288,0x00000000f8300000)
 Metaspace       used 20788K, capacity 21706K, committed 21760K, reserved 1069056K
  class space    used 2572K, capacity 2781K, committed 2816K, reserved 1048576K
}
{Heap before GC invocations=6 (full 0):
 PSYoungGen      total 112128K, used 107493K [0x00000000f8300000, 0x0000000100000000, 0x0000000100000000)
  eden space 96256K, 100% used [0x00000000f8300000,0x00000000fe100000,0x00000000fe100000)
  from space 15872K, 70% used [0x00000000fe100000,0x00000000febf9488,0x00000000ff080000)
  to   space 14336K, 0% used [0x00000000ff200000,0x00000000ff200000,0x0000000100000000)
 ParOldGen       total 134144K, used 60K [0x00000000f0000000, 0x00000000f8300000, 0x00000000f8300000)
  object space 134144K, 0% used [0x00000000f0000000,0x00000000f000f288,0x00000000f8300000)
 Metaspace       used 22371K, capacity 23366K, committed 23552K, reserved 1069056K
  class space    used 2794K, capacity 3005K, committed 3072K, reserved 1048576K
2023-01-17T04:25:03.268+0800: 2.218: [GC (Allocation Failure) [PSYoungGen: 107493K->10464K(113664K)] 107553K->10532K(247808K), 0.0197735 secs] [Times: user=0.05 sys=0.00, real=0.02 secs] 
Heap after GC invocations=6 (full 0):
 PSYoungGen      total 113664K, used 10464K [0x00000000f8300000, 0x0000000100000000, 0x0000000100000000)
  eden space 99328K, 0% used [0x00000000f8300000,0x00000000f8300000,0x00000000fe400000)
  from space 14336K, 72% used [0x00000000ff200000,0x00000000ffc38020,0x0000000100000000)
  to   space 14336K, 0% used [0x00000000fe400000,0x00000000fe400000,0x00000000ff200000)
 ParOldGen       total 134144K, used 68K [0x00000000f0000000, 0x00000000f8300000, 0x00000000f8300000)
  object space 134144K, 0% used [0x00000000f0000000,0x00000000f0011288,0x00000000f8300000)
 Metaspace       used 22371K, capacity 23366K, committed 23552K, reserved 1069056K
  class space    used 2794K, capacity 3005K, committed 3072K, reserved 1048576K
}
{Heap before GC invocations=7 (full 0):
 PSYoungGen      total 113664K, used 109792K [0x00000000f8300000, 0x0000000100000000, 0x0000000100000000)
  eden space 99328K, 100% used [0x00000000f8300000,0x00000000fe400000,0x00000000fe400000)
  from space 14336K, 72% used [0x00000000ff200000,0x00000000ffc38020,0x0000000100000000)
  to   space 14336K, 0% used [0x00000000fe400000,0x00000000fe400000,0x00000000ff200000)
 ParOldGen       total 134144K, used 68K [0x00000000f0000000, 0x00000000f8300000, 0x00000000f8300000)
  object space 134144K, 0% used [0x00000000f0000000,0x00000000f0011288,0x00000000f8300000)
 Metaspace       used 24913K, capacity 25988K, committed 26240K, reserved 1073152K
  class space    used 3167K, capacity 3408K, committed 3456K, reserved 1048576K
2023-01-17T04:25:03.708+0800: 2.658: [GC (Allocation Failure) [PSYoungGen: 109792K->9138K(113664K)] 109860K->12296K(247808K), 0.0141742 secs] [Times: user=0.03 sys=0.00, real=0.02 secs] 
Heap after GC invocations=7 (full 0):
 PSYoungGen      total 113664K, used 9138K [0x00000000f8300000, 0x0000000100000000, 0x0000000100000000)
  eden space 99328K, 0% used [0x00000000f8300000,0x00000000f8300000,0x00000000fe400000)
  from space 14336K, 63% used [0x00000000fe400000,0x00000000fecec818,0x00000000ff200000)
  to   space 13824K, 0% used [0x00000000ff280000,0x00000000ff280000,0x0000000100000000)
 ParOldGen       total 134144K, used 3158K [0x00000000f0000000, 0x00000000f8300000, 0x00000000f8300000)
  object space 134144K, 2% used [0x00000000f0000000,0x00000000f0315b10,0x00000000f8300000)
 Metaspace       used 24913K, capacity 25988K, committed 26240K, reserved 1073152K
  class space    used 3167K, capacity 3408K, committed 3456K, reserved 1048576K
}
{Heap before GC invocations=8 (full 0):
 PSYoungGen      total 113664K, used 108466K [0x00000000f8300000, 0x0000000100000000, 0x0000000100000000)
  eden space 99328K, 100% used [0x00000000f8300000,0x00000000fe400000,0x00000000fe400000)
  from space 14336K, 63% used [0x00000000fe400000,0x00000000fecec818,0x00000000ff200000)
  to   space 13824K, 0% used [0x00000000ff280000,0x00000000ff280000,0x0000000100000000)
 ParOldGen       total 134144K, used 3158K [0x00000000f0000000, 0x00000000f8300000, 0x00000000f8300000)
  object space 134144K, 2% used [0x00000000f0000000,0x00000000f0315b10,0x00000000f8300000)
 Metaspace       used 28525K, capacity 30086K, committed 30336K, reserved 1075200K
  class space    used 3626K, capacity 3925K, committed 3968K, reserved 1048576K
2023-01-17T04:25:04.081+0800: 3.031: [GC (Allocation Failure) [PSYoungGen: 108466K->9092K(114688K)] 111624K->13971K(248832K), 0.0108192 secs] [Times: user=0.03 sys=0.00, real=0.01 secs] 
Heap after GC invocations=8 (full 0):
 PSYoungGen      total 114688K, used 9092K [0x00000000f8300000, 0x0000000100000000, 0x0000000100000000)
  eden space 100864K, 0% used [0x00000000f8300000,0x00000000f8300000,0x00000000fe580000)
  from space 13824K, 65% used [0x00000000ff280000,0x00000000ffb612c8,0x0000000100000000)
  to   space 13312K, 0% used [0x00000000fe580000,0x00000000fe580000,0x00000000ff280000)
 ParOldGen       total 134144K, used 4878K [0x00000000f0000000, 0x00000000f8300000, 0x00000000f8300000)
  object space 134144K, 3% used [0x00000000f0000000,0x00000000f04c3b10,0x00000000f8300000)
 Metaspace       used 28525K, capacity 30086K, committed 30336K, reserved 1075200K
  class space    used 3626K, capacity 3925K, committed 3968K, reserved 1048576K
}
{Heap before GC invocations=9 (full 0):
 PSYoungGen      total 114688K, used 109956K [0x00000000f8300000, 0x0000000100000000, 0x0000000100000000)
  eden space 100864K, 100% used [0x00000000f8300000,0x00000000fe580000,0x00000000fe580000)
  from space 13824K, 65% used [0x00000000ff280000,0x00000000ffb612c8,0x0000000100000000)
  to   space 13312K, 0% used [0x00000000fe580000,0x00000000fe580000,0x00000000ff280000)
 ParOldGen       total 134144K, used 4878K [0x00000000f0000000, 0x00000000f8300000, 0x00000000f8300000)
  object space 134144K, 3% used [0x00000000f0000000,0x00000000f04c3b10,0x00000000f8300000)
 Metaspace       used 34235K, capacity 36184K, committed 36352K, reserved 1081344K
  class space    used 4451K, capacity 4830K, committed 4864K, reserved 1048576K
2023-01-17T04:25:04.650+0800: 3.600: [GC (Allocation Failure) [PSYoungGen: 109956K->9193K(114176K)] 114835K->16219K(248320K), 0.0156843 secs] [Times: user=0.06 sys=0.00, real=0.01 secs] 
Heap after GC invocations=9 (full 0):
 PSYoungGen      total 114176K, used 9193K [0x00000000f8300000, 0x0000000100000000, 0x0000000100000000)
  eden space 100864K, 0% used [0x00000000f8300000,0x00000000f8300000,0x00000000fe580000)
  from space 13312K, 69% used [0x00000000fe580000,0x00000000fee7a498,0x00000000ff280000)
  to   space 12800K, 0% used [0x00000000ff380000,0x00000000ff380000,0x0000000100000000)
 ParOldGen       total 134144K, used 7026K [0x00000000f0000000, 0x00000000f8300000, 0x00000000f8300000)
  object space 134144K, 5% used [0x00000000f0000000,0x00000000f06dcb30,0x00000000f8300000)
 Metaspace       used 34235K, capacity 36184K, committed 36352K, reserved 1081344K
  class space    used 4451K, capacity 4830K, committed 4864K, reserved 1048576K
}
{Heap before GC invocations=10 (full 0):
 PSYoungGen      total 114176K, used 110057K [0x00000000f8300000, 0x0000000100000000, 0x0000000100000000)
  eden space 100864K, 100% used [0x00000000f8300000,0x00000000fe580000,0x00000000fe580000)
  from space 13312K, 69% used [0x00000000fe580000,0x00000000fee7a498,0x00000000ff280000)
  to   space 12800K, 0% used [0x00000000ff380000,0x00000000ff380000,0x0000000100000000)
 ParOldGen       total 134144K, used 7026K [0x00000000f0000000, 0x00000000f8300000, 0x00000000f8300000)
  object space 134144K, 5% used [0x00000000f0000000,0x00000000f06dcb30,0x00000000f8300000)
 Metaspace       used 35422K, capacity 37394K, committed 37504K, reserved 1081344K
  class space    used 4566K, capacity 4947K, committed 4992K, reserved 1048576K
2023-01-17T04:25:04.992+0800: 3.942: [GC (Allocation Failure) [PSYoungGen: 110057K->3584K(114176K)] 117083K->14386K(248320K), 0.0205511 secs] [Times: user=0.06 sys=0.00, real=0.02 secs] 
Heap after GC invocations=10 (full 0):
 PSYoungGen      total 114176K, used 3584K [0x00000000f8300000, 0x0000000100000000, 0x0000000100000000)
  eden space 101376K, 0% used [0x00000000f8300000,0x00000000f8300000,0x00000000fe600000)
  from space 12800K, 28% used [0x00000000ff380000,0x00000000ff700000,0x0000000100000000)
  to   space 13312K, 0% used [0x00000000fe600000,0x00000000fe600000,0x00000000ff300000)
 ParOldGen       total 134144K, used 10802K [0x00000000f0000000, 0x00000000f8300000, 0x00000000f8300000)
  object space 134144K, 8% used [0x00000000f0000000,0x00000000f0a8cbc0,0x00000000f8300000)
 Metaspace       used 35422K, capacity 37394K, committed 37504K, reserved 1081344K
  class space    used 4566K, capacity 4947K, committed 4992K, reserved 1048576K
}
{Heap before GC invocations=11 (full 0):
 PSYoungGen      total 114176K, used 104960K [0x00000000f8300000, 0x0000000100000000, 0x0000000100000000)
  eden space 101376K, 100% used [0x00000000f8300000,0x00000000fe600000,0x00000000fe600000)
  from space 12800K, 28% used [0x00000000ff380000,0x00000000ff700000,0x0000000100000000)
  to   space 13312K, 0% used [0x00000000fe600000,0x00000000fe600000,0x00000000ff300000)
 ParOldGen       total 134144K, used 10802K [0x00000000f0000000, 0x00000000f8300000, 0x00000000f8300000)
  object space 134144K, 8% used [0x00000000f0000000,0x00000000f0a8cbc0,0x00000000f8300000)
 Metaspace       used 35916K, capacity 38016K, committed 38272K, reserved 1083392K
  class space    used 4609K, capacity 4992K, committed 4992K, reserved 1048576K
2023-01-17T04:25:05.201+0800: 4.151: [GC (Allocation Failure) [PSYoungGen: 104960K->1280K(102912K)] 115762K->15354K(237056K), 0.0157782 secs] [Times: user=0.06 sys=0.00, real=0.01 secs] 
Heap after GC invocations=11 (full 0):
 PSYoungGen      total 102912K, used 1280K [0x00000000f8300000, 0x0000000100000000, 0x0000000100000000)
  eden space 101376K, 0% used [0x00000000f8300000,0x00000000f8300000,0x00000000fe600000)
  from space 1536K, 83% used [0x00000000fe600000,0x00000000fe740000,0x00000000fe780000)
  to   space 14336K, 0% used [0x00000000ff200000,0x00000000ff200000,0x0000000100000000)
 ParOldGen       total 134144K, used 14074K [0x00000000f0000000, 0x00000000f8300000, 0x00000000f8300000)
  object space 134144K, 10% used [0x00000000f0000000,0x00000000f0dbebe0,0x00000000f8300000)
 Metaspace       used 35916K, capacity 38016K, committed 38272K, reserved 1083392K
  class space    used 4609K, capacity 4992K, committed 4992K, reserved 1048576K
}
{Heap before GC invocations=12 (full 0):
 PSYoungGen      total 102912K, used 102656K [0x00000000f8300000, 0x0000000100000000, 0x0000000100000000)
  eden space 101376K, 100% used [0x00000000f8300000,0x00000000fe600000,0x00000000fe600000)
  from space 1536K, 83% used [0x00000000fe600000,0x00000000fe740000,0x00000000fe780000)
  to   space 14336K, 0% used [0x00000000ff200000,0x00000000ff200000,0x0000000100000000)
 ParOldGen       total 134144K, used 14074K [0x00000000f0000000, 0x00000000f8300000, 0x00000000f8300000)
  object space 134144K, 10% used [0x00000000f0000000,0x00000000f0dbebe0,0x00000000f8300000)
 Metaspace       used 36291K, capacity 38318K, committed 38656K, reserved 1083392K
  class space    used 4649K, capacity 5027K, committed 5120K, reserved 1048576K
2023-01-17T04:25:05.397+0800: 4.346: [GC (Allocation Failure) [PSYoungGen: 102656K->1472K(112640K)] 116730K->16514K(246784K), 0.0058857 secs] [Times: user=0.02 sys=0.00, real=0.01 secs] 
Heap after GC invocations=12 (full 0):
 PSYoungGen      total 112640K, used 1472K [0x00000000f8300000, 0x0000000100000000, 0x0000000100000000)
  eden space 98304K, 0% used [0x00000000f8300000,0x00000000f8300000,0x00000000fe300000)
  from space 14336K, 10% used [0x00000000ff200000,0x00000000ff370000,0x0000000100000000)
  to   space 14848K, 0% used [0x00000000fe300000,0x00000000fe300000,0x00000000ff180000)
 ParOldGen       total 134144K, used 15042K [0x00000000f0000000, 0x00000000f8300000, 0x00000000f8300000)
  object space 134144K, 11% used [0x00000000f0000000,0x00000000f0eb0bf0,0x00000000f8300000)
 Metaspace       used 36291K, capacity 38318K, committed 38656K, reserved 1083392K
  class space    used 4649K, capacity 5027K, committed 5120K, reserved 1048576K
}
{Heap before GC invocations=13 (full 0):
 PSYoungGen      total 112640K, used 99776K [0x00000000f8300000, 0x0000000100000000, 0x0000000100000000)
  eden space 98304K, 100% used [0x00000000f8300000,0x00000000fe300000,0x00000000fe300000)
  from space 14336K, 10% used [0x00000000ff200000,0x00000000ff370000,0x0000000100000000)
  to   space 14848K, 0% used [0x00000000fe300000,0x00000000fe300000,0x00000000ff180000)
 ParOldGen       total 134144K, used 15042K [0x00000000f0000000, 0x00000000f8300000, 0x00000000f8300000)
  object space 134144K, 11% used [0x00000000f0000000,0x00000000f0eb0bf0,0x00000000f8300000)
 Metaspace       used 37070K, capacity 39262K, committed 39552K, reserved 1083392K
  class space    used 4749K, capacity 5151K, committed 5248K, reserved 1048576K
2023-01-17T04:25:05.627+0800: 4.577: [GC (Allocation Failure) [PSYoungGen: 99776K->2720K(113152K)] 114818K->18626K(247296K), 0.0071988 secs] [Times: user=0.02 sys=0.00, real=0.01 secs] 
Heap after GC invocations=13 (full 0):
 PSYoungGen      total 113152K, used 2720K [0x00000000f8300000, 0x0000000100000000, 0x0000000100000000)
  eden space 98304K, 0% used [0x00000000f8300000,0x00000000f8300000,0x00000000fe300000)
  from space 14848K, 18% used [0x00000000fe300000,0x00000000fe5a8000,0x00000000ff180000)
  to   space 14848K, 0% used [0x00000000ff180000,0x00000000ff180000,0x0000000100000000)
 ParOldGen       total 134144K, used 15906K [0x00000000f0000000, 0x00000000f8300000, 0x00000000f8300000)
  object space 134144K, 11% used [0x00000000f0000000,0x00000000f0f88bf0,0x00000000f8300000)
 Metaspace       used 37070K, capacity 39262K, committed 39552K, reserved 1083392K
  class space    used 4749K, capacity 5151K, committed 5248K, reserved 1048576K
}
{Heap before GC invocations=14 (full 0):
 PSYoungGen      total 113152K, used 101024K [0x00000000f8300000, 0x0000000100000000, 0x0000000100000000)
  eden space 98304K, 100% used [0x00000000f8300000,0x00000000fe300000,0x00000000fe300000)
  from space 14848K, 18% used [0x00000000fe300000,0x00000000fe5a8000,0x00000000ff180000)
  to   space 14848K, 0% used [0x00000000ff180000,0x00000000ff180000,0x0000000100000000)
 ParOldGen       total 134144K, used 15906K [0x00000000f0000000, 0x00000000f8300000, 0x00000000f8300000)
  object space 134144K, 11% used [0x00000000f0000000,0x00000000f0f88bf0,0x00000000f8300000)
 Metaspace       used 39230K, capacity 41706K, committed 41856K, reserved 1085440K
  class space    used 5046K, capacity 5487K, committed 5504K, reserved 1048576K
2023-01-17T04:25:06.003+0800: 4.953: [GC (Allocation Failure) [PSYoungGen: 101024K->3712K(113664K)] 116930K->20835K(247808K), 0.0106343 secs] [Times: user=0.04 sys=0.00, real=0.01 secs] 
Heap after GC invocations=14 (full 0):
 PSYoungGen      total 113664K, used 3712K [0x00000000f8300000, 0x0000000100000000, 0x0000000100000000)
  eden space 98816K, 0% used [0x00000000f8300000,0x00000000f8300000,0x00000000fe380000)
  from space 14848K, 25% used [0x00000000ff180000,0x00000000ff520010,0x0000000100000000)
  to   space 14336K, 0% used [0x00000000fe380000,0x00000000fe380000,0x00000000ff180000)
 ParOldGen       total 134144K, used 17122K [0x00000000f0000000, 0x00000000f8300000, 0x00000000f8300000)
  object space 134144K, 12% used [0x00000000f0000000,0x00000000f10b8bf0,0x00000000f8300000)
 Metaspace       used 39230K, capacity 41706K, committed 41856K, reserved 1085440K
  class space    used 5046K, capacity 5487K, committed 5504K, reserved 1048576K
}
{Heap before GC invocations=15 (full 0):
 PSYoungGen      total 113664K, used 102528K [0x00000000f8300000, 0x0000000100000000, 0x0000000100000000)
  eden space 98816K, 100% used [0x00000000f8300000,0x00000000fe380000,0x00000000fe380000)
  from space 14848K, 25% used [0x00000000ff180000,0x00000000ff520010,0x0000000100000000)
  to   space 14336K, 0% used [0x00000000fe380000,0x00000000fe380000,0x00000000ff180000)
 ParOldGen       total 134144K, used 17122K [0x00000000f0000000, 0x00000000f8300000, 0x00000000f8300000)
  object space 134144K, 12% used [0x00000000f0000000,0x00000000f10b8bf0,0x00000000f8300000)
 Metaspace       used 41098K, capacity 43690K, committed 43904K, reserved 1087488K
  class space    used 5294K, capacity 5745K, committed 5760K, reserved 1048576K
2023-01-17T04:25:09.444+0800: 8.394: [GC (Allocation Failure) [PSYoungGen: 102528K->6585K(113152K)] 119651K->25580K(247296K), 0.0092298 secs] [Times: user=0.02 sys=0.00, real=0.01 secs] 
Heap after GC invocations=15 (full 0):
 PSYoungGen      total 113152K, used 6585K [0x00000000f8300000, 0x0000000100000000, 0x0000000100000000)
  eden space 98816K, 0% used [0x00000000f8300000,0x00000000f8300000,0x00000000fe380000)
  from space 14336K, 45% used [0x00000000fe380000,0x00000000fe9ee478,0x00000000ff180000)
  to   space 13824K, 0% used [0x00000000ff280000,0x00000000ff280000,0x0000000100000000)
 ParOldGen       total 134144K, used 18995K [0x00000000f0000000, 0x00000000f8300000, 0x00000000f8300000)
  object space 134144K, 14% used [0x00000000f0000000,0x00000000f128cc00,0x00000000f8300000)
 Metaspace       used 41098K, capacity 43690K, committed 43904K, reserved 1087488K
  class space    used 5294K, capacity 5745K, committed 5760K, reserved 1048576K
}
{Heap before GC invocations=16 (full 0):
 PSYoungGen      total 113152K, used 105401K [0x00000000f8300000, 0x0000000100000000, 0x0000000100000000)
  eden space 98816K, 100% used [0x00000000f8300000,0x00000000fe380000,0x00000000fe380000)
  from space 14336K, 45% used [0x00000000fe380000,0x00000000fe9ee478,0x00000000ff180000)
  to   space 13824K, 0% used [0x00000000ff280000,0x00000000ff280000,0x0000000100000000)
 ParOldGen       total 134144K, used 18995K [0x00000000f0000000, 0x00000000f8300000, 0x00000000f8300000)
  object space 134144K, 14% used [0x00000000f0000000,0x00000000f128cc00,0x00000000f8300000)
 Metaspace       used 43593K, capacity 46426K, committed 46592K, reserved 1089536K
  class space    used 5564K, capacity 6069K, committed 6144K, reserved 1048576K
2023-01-17T04:25:09.848+0800: 8.798: [GC (Allocation Failure) [PSYoungGen: 105401K->13793K(102912K)] 124396K->42848K(237056K), 0.0218405 secs] [Times: user=0.07 sys=0.01, real=0.03 secs] 
Heap after GC invocations=16 (full 0):
 PSYoungGen      total 102912K, used 13793K [0x00000000f8300000, 0x0000000100000000, 0x0000000100000000)
  eden space 89088K, 0% used [0x00000000f8300000,0x00000000f8300000,0x00000000fda00000)
  from space 13824K, 99% used [0x00000000ff280000,0x00000000ffff8740,0x0000000100000000)
  to   space 19456K, 0% used [0x00000000fda00000,0x00000000fda00000,0x00000000fed00000)
 ParOldGen       total 134144K, used 29054K [0x00000000f0000000, 0x00000000f8300000, 0x00000000f8300000)
  object space 134144K, 21% used [0x00000000f0000000,0x00000000f1c5f9b8,0x00000000f8300000)
 Metaspace       used 43593K, capacity 46426K, committed 46592K, reserved 1089536K
  class space    used 5564K, capacity 6069K, committed 6144K, reserved 1048576K
}
{Heap before GC invocations=17 (full 0):
 PSYoungGen      total 102912K, used 102881K [0x00000000f8300000, 0x0000000100000000, 0x0000000100000000)
  eden space 89088K, 100% used [0x00000000f8300000,0x00000000fda00000,0x00000000fda00000)
  from space 13824K, 99% used [0x00000000ff280000,0x00000000ffff8740,0x0000000100000000)
  to   space 19456K, 0% used [0x00000000fda00000,0x00000000fda00000,0x00000000fed00000)
 ParOldGen       total 134144K, used 29054K [0x00000000f0000000, 0x00000000f8300000, 0x00000000f8300000)
  object space 134144K, 21% used [0x00000000f0000000,0x00000000f1c5f9b8,0x00000000f8300000)
 Metaspace       used 46758K, capacity 49632K, committed 49664K, reserved 1093632K
  class space    used 5869K, capacity 6380K, committed 6400K, reserved 1048576K
2023-01-17T04:25:10.736+0800: 9.686: [GC (Allocation Failure) [PSYoungGen: 102881K->19453K(108544K)] 131936K->90322K(242688K), 0.0274784 secs] [Times: user=0.06 sys=0.04, real=0.03 secs] 
Heap after GC invocations=17 (full 0):
 PSYoungGen      total 108544K, used 19453K [0x00000000f8300000, 0x0000000100000000, 0x0000000100000000)
  eden space 89088K, 0% used [0x00000000f8300000,0x00000000f8300000,0x00000000fda00000)
  from space 19456K, 99% used [0x00000000fda00000,0x00000000fecff660,0x00000000fed00000)
  to   space 19456K, 0% used [0x00000000fed00000,0x00000000fed00000,0x0000000100000000)
 ParOldGen       total 134144K, used 70868K [0x00000000f0000000, 0x00000000f8300000, 0x00000000f8300000)
  object space 134144K, 52% used [0x00000000f0000000,0x00000000f45351c8,0x00000000f8300000)
 Metaspace       used 46758K, capacity 49632K, committed 49664K, reserved 1093632K
  class space    used 5869K, capacity 6380K, committed 6400K, reserved 1048576K
}
{Heap before GC invocations=18 (full 0):
 PSYoungGen      total 108544K, used 108541K [0x00000000f8300000, 0x0000000100000000, 0x0000000100000000)
  eden space 89088K, 100% used [0x00000000f8300000,0x00000000fda00000,0x00000000fda00000)
  from space 19456K, 99% used [0x00000000fda00000,0x00000000fecff660,0x00000000fed00000)
  to   space 19456K, 0% used [0x00000000fed00000,0x00000000fed00000,0x0000000100000000)
 ParOldGen       total 134144K, used 70868K [0x00000000f0000000, 0x00000000f8300000, 0x00000000f8300000)
  object space 134144K, 52% used [0x00000000f0000000,0x00000000f45351c8,0x00000000f8300000)
 Metaspace       used 49861K, capacity 52746K, committed 53120K, reserved 1095680K
  class space    used 6222K, capacity 6713K, committed 6784K, reserved 1048576K
2023-01-17T04:25:11.291+0800: 10.241: [GC (Allocation Failure) [PSYoungGen: 108541K->19444K(62464K)] 179410K->128194K(196608K), 0.0358192 secs] [Times: user=0.07 sys=0.03, real=0.03 secs] 
Heap after GC invocations=18 (full 0):
 PSYoungGen      total 62464K, used 19444K [0x00000000f8300000, 0x0000000100000000, 0x0000000100000000)
  eden space 43008K, 0% used [0x00000000f8300000,0x00000000f8300000,0x00000000fad00000)
  from space 19456K, 99% used [0x00000000fed00000,0x00000000ffffd300,0x0000000100000000)
  to   space 42496K, 0% used [0x00000000fad00000,0x00000000fad00000,0x00000000fd680000)
 ParOldGen       total 134144K, used 108750K [0x00000000f0000000, 0x00000000f8300000, 0x00000000f8300000)
  object space 134144K, 81% used [0x00000000f0000000,0x00000000f6a338d8,0x00000000f8300000)
 Metaspace       used 49861K, capacity 52746K, committed 53120K, reserved 1095680K
  class space    used 6222K, capacity 6713K, committed 6784K, reserved 1048576K
}
{Heap before GC invocations=19 (full 1):
 PSYoungGen      total 62464K, used 19444K [0x00000000f8300000, 0x0000000100000000, 0x0000000100000000)
  eden space 43008K, 0% used [0x00000000f8300000,0x00000000f8300000,0x00000000fad00000)
  from space 19456K, 99% used [0x00000000fed00000,0x00000000ffffd300,0x0000000100000000)
  to   space 42496K, 0% used [0x00000000fad00000,0x00000000fad00000,0x00000000fd680000)
 ParOldGen       total 134144K, used 108750K [0x00000000f0000000, 0x00000000f8300000, 0x00000000f8300000)
  object space 134144K, 81% used [0x00000000f0000000,0x00000000f6a338d8,0x00000000f8300000)
 Metaspace       used 49861K, capacity 52746K, committed 53120K, reserved 1095680K
  class space    used 6222K, capacity 6713K, committed 6784K, reserved 1048576K
2023-01-17T04:25:11.328+0800: 10.277: [Full GC (Ergonomics) [PSYoungGen: 19444K->0K(62464K)] [ParOldGen: 108750K->123717K(134144K)] 128194K->123717K(196608K), [Metaspace: 49861K->49800K(1095680K)], 0.2628429 secs] [Times: user=0.68 sys=0.00, real=0.27 secs] 
Heap after GC invocations=19 (full 1):
 PSYoungGen      total 62464K, used 0K [0x00000000f8300000, 0x0000000100000000, 0x0000000100000000)
  eden space 43008K, 0% used [0x00000000f8300000,0x00000000f8300000,0x00000000fad00000)
  from space 19456K, 0% used [0x00000000fed00000,0x00000000fed00000,0x0000000100000000)
  to   space 42496K, 0% used [0x00000000fad00000,0x00000000fad00000,0x00000000fd680000)
 ParOldGen       total 134144K, used 123717K [0x00000000f0000000, 0x00000000f8300000, 0x00000000f8300000)
  object space 134144K, 92% used [0x00000000f0000000,0x00000000f78d15a8,0x00000000f8300000)
 Metaspace       used 49800K, capacity 52554K, committed 53120K, reserved 1095680K
  class space    used 6202K, capacity 6679K, committed 6784K, reserved 1048576K
}
{Heap before GC invocations=20 (full 2):
 PSYoungGen      total 62464K, used 43008K [0x00000000f8300000, 0x0000000100000000, 0x0000000100000000)
  eden space 43008K, 100% used [0x00000000f8300000,0x00000000fad00000,0x00000000fad00000)
  from space 19456K, 0% used [0x00000000fed00000,0x00000000fed00000,0x0000000100000000)
  to   space 42496K, 0% used [0x00000000fad00000,0x00000000fad00000,0x00000000fd680000)
 ParOldGen       total 134144K, used 123717K [0x00000000f0000000, 0x00000000f8300000, 0x00000000f8300000)
  object space 134144K, 92% used [0x00000000f0000000,0x00000000f78d15a8,0x00000000f8300000)
 Metaspace       used 50414K, capacity 53286K, committed 53760K, reserved 1095680K
  class space    used 6295K, capacity 6801K, committed 6912K, reserved 1048576K
2023-01-17T04:25:12.139+0800: 11.088: [Full GC (Ergonomics) [PSYoungGen: 43008K->196K(62464K)] [ParOldGen: 123717K->134058K(134144K)] 166725K->134255K(196608K), [Metaspace: 50414K->50414K(1095680K)], 0.3065155 secs] [Times: user=0.94 sys=0.00, real=0.31 secs] 
Heap after GC invocations=20 (full 2):
 PSYoungGen      total 62464K, used 196K [0x00000000f8300000, 0x0000000100000000, 0x0000000100000000)
  eden space 43008K, 0% used [0x00000000f8300000,0x00000000f8331270,0x00000000fad00000)
  from space 19456K, 0% used [0x00000000fed00000,0x00000000fed00000,0x0000000100000000)
  to   space 42496K, 0% used [0x00000000fad00000,0x00000000fad00000,0x00000000fd680000)
 ParOldGen       total 134144K, used 134058K [0x00000000f0000000, 0x00000000f8300000, 0x00000000f8300000)
  object space 134144K, 99% used [0x00000000f0000000,0x00000000f82eab18,0x00000000f8300000)
 Metaspace       used 50414K, capacity 53286K, committed 53760K, reserved 1095680K
  class space    used 6295K, capacity 6801K, committed 6912K, reserved 1048576K
}
{Heap before GC invocations=21 (full 3):
 PSYoungGen      total 62464K, used 43008K [0x00000000f8300000, 0x0000000100000000, 0x0000000100000000)
  eden space 43008K, 100% used [0x00000000f8300000,0x00000000fad00000,0x00000000fad00000)
  from space 19456K, 0% used [0x00000000fed00000,0x00000000fed00000,0x0000000100000000)
  to   space 42496K, 0% used [0x00000000fad00000,0x00000000fad00000,0x00000000fd680000)
 ParOldGen       total 134144K, used 134058K [0x00000000f0000000, 0x00000000f8300000, 0x00000000f8300000)
  object space 134144K, 99% used [0x00000000f0000000,0x00000000f82eab18,0x00000000f8300000)
 Metaspace       used 51014K, capacity 54054K, committed 54272K, reserved 1097728K
  class space    used 6334K, capacity 6863K, committed 6912K, reserved 1048576K
2023-01-17T04:25:13.117+0800: 12.066: [Full GC (Ergonomics) [PSYoungGen: 43008K->2418K(62464K)] [ParOldGen: 134058K->134017K(134144K)] 177066K->136435K(196608K), [Metaspace: 51014K->50996K(1097728K)], 0.3062959 secs] [Times: user=0.80 sys=0.01, real=0.31 secs] 
Heap after GC invocations=21 (full 3):
 PSYoungGen      total 62464K, used 2418K [0x00000000f8300000, 0x0000000100000000, 0x0000000100000000)
  eden space 43008K, 5% used [0x00000000f8300000,0x00000000f855ca10,0x00000000fad00000)
  from space 19456K, 0% used [0x00000000fed00000,0x00000000fed00000,0x0000000100000000)
  to   space 42496K, 0% used [0x00000000fad00000,0x00000000fad00000,0x00000000fd680000)
 ParOldGen       total 134144K, used 134017K [0x00000000f0000000, 0x00000000f8300000, 0x00000000f8300000)
  object space 134144K, 99% used [0x00000000f0000000,0x00000000f82e0528,0x00000000f8300000)
 Metaspace       used 50996K, capacity 53994K, committed 54272K, reserved 1097728K
  class space    used 6328K, capacity 6853K, committed 6912K, reserved 1048576K
}
{Heap before GC invocations=22 (full 4):
 PSYoungGen      total 62464K, used 43008K [0x00000000f8300000, 0x0000000100000000, 0x0000000100000000)
  eden space 43008K, 100% used [0x00000000f8300000,0x00000000fad00000,0x00000000fad00000)
  from space 19456K, 0% used [0x00000000fed00000,0x00000000fed00000,0x0000000100000000)
  to   space 42496K, 0% used [0x00000000fad00000,0x00000000fad00000,0x00000000fd680000)
 ParOldGen       total 134144K, used 134017K [0x00000000f0000000, 0x00000000f8300000, 0x00000000f8300000)
  object space 134144K, 99% used [0x00000000f0000000,0x00000000f82e0528,0x00000000f8300000)
 Metaspace       used 51296K, capacity 54314K, committed 54528K, reserved 1097728K
  class space    used 6328K, capacity 6853K, committed 6912K, reserved 1048576K
2023-01-17T04:25:13.686+0800: 12.635: [Full GC (Ergonomics) [PSYoungGen: 43008K->4274K(62464K)] [ParOldGen: 134017K->133883K(134144K)] 177025K->138157K(196608K), [Metaspace: 51296K->51296K(1097728K)], 0.2844030 secs] [Times: user=0.68 sys=0.00, real=0.29 secs] 
Heap after GC invocations=22 (full 4):
 PSYoungGen      total 62464K, used 4274K [0x00000000f8300000, 0x0000000100000000, 0x0000000100000000)
  eden space 43008K, 9% used [0x00000000f8300000,0x00000000f872c9c8,0x00000000fad00000)
  from space 19456K, 0% used [0x00000000fed00000,0x00000000fed00000,0x0000000100000000)
  to   space 42496K, 0% used [0x00000000fad00000,0x00000000fad00000,0x00000000fd680000)
 ParOldGen       total 134144K, used 133883K [0x00000000f0000000, 0x00000000f8300000, 0x00000000f8300000)
  object space 134144K, 99% used [0x00000000f0000000,0x00000000f82bedc8,0x00000000f8300000)
 Metaspace       used 51296K, capacity 54314K, committed 54528K, reserved 1097728K
  class space    used 6328K, capacity 6853K, committed 6912K, reserved 1048576K
}
{Heap before GC invocations=23 (full 5):
 PSYoungGen      total 62464K, used 43008K [0x00000000f8300000, 0x0000000100000000, 0x0000000100000000)
  eden space 43008K, 100% used [0x00000000f8300000,0x00000000fad00000,0x00000000fad00000)
  from space 19456K, 0% used [0x00000000fed00000,0x00000000fed00000,0x0000000100000000)
  to   space 42496K, 0% used [0x00000000fad00000,0x00000000fad00000,0x00000000fd680000)
 ParOldGen       total 134144K, used 133883K [0x00000000f0000000, 0x00000000f8300000, 0x00000000f8300000)
  object space 134144K, 99% used [0x00000000f0000000,0x00000000f82bedc8,0x00000000f8300000)
 Metaspace       used 51371K, capacity 54378K, committed 54528K, reserved 1097728K
  class space    used 6328K, capacity 6853K, committed 6912K, reserved 1048576K
2023-01-17T04:25:14.312+0800: 13.261: [Full GC (Ergonomics) [PSYoungGen: 43008K->4373K(62464K)] [ParOldGen: 133883K->133984K(134144K)] 176891K->138357K(196608K), [Metaspace: 51371K->51371K(1097728K)], 0.2315735 secs] [Times: user=0.67 sys=0.01, real=0.23 secs] 
Heap after GC invocations=23 (full 5):
 PSYoungGen      total 62464K, used 4373K [0x00000000f8300000, 0x0000000100000000, 0x0000000100000000)
  eden space 43008K, 10% used [0x00000000f8300000,0x00000000f8745658,0x00000000fad00000)
  from space 19456K, 0% used [0x00000000fed00000,0x00000000fed00000,0x0000000100000000)
  to   space 42496K, 0% used [0x00000000fad00000,0x00000000fad00000,0x00000000fd680000)
 ParOldGen       total 134144K, used 133984K [0x00000000f0000000, 0x00000000f8300000, 0x00000000f8300000)
  object space 134144K, 99% used [0x00000000f0000000,0x00000000f82d8160,0x00000000f8300000)
 Metaspace       used 51371K, capacity 54378K, committed 54528K, reserved 1097728K
  class space    used 6328K, capacity 6853K, committed 6912K, reserved 1048576K
}
{Heap before GC invocations=24 (full 6):
 PSYoungGen      total 62464K, used 43008K [0x00000000f8300000, 0x0000000100000000, 0x0000000100000000)
  eden space 43008K, 100% used [0x00000000f8300000,0x00000000fad00000,0x00000000fad00000)
  from space 19456K, 0% used [0x00000000fed00000,0x00000000fed00000,0x0000000100000000)
  to   space 42496K, 0% used [0x00000000fad00000,0x00000000fad00000,0x00000000fd680000)
 ParOldGen       total 134144K, used 133984K [0x00000000f0000000, 0x00000000f8300000, 0x00000000f8300000)
  object space 134144K, 99% used [0x00000000f0000000,0x00000000f82d8160,0x00000000f8300000)
 Metaspace       used 51462K, capacity 54506K, committed 54784K, reserved 1097728K
  class space    used 6330K, capacity 6853K, committed 6912K, reserved 1048576K
2023-01-17T04:25:14.742+0800: 13.692: [Full GC (Ergonomics) [PSYoungGen: 43008K->4505K(62464K)] [ParOldGen: 133984K->134068K(134144K)] 176992K->138573K(196608K), [Metaspace: 51462K->51462K(1097728K)], 0.2343526 secs] [Times: user=0.59 sys=0.00, real=0.23 secs] 
Heap after GC invocations=24 (full 6):
 PSYoungGen      total 62464K, used 4505K [0x00000000f8300000, 0x0000000100000000, 0x0000000100000000)
  eden space 43008K, 10% used [0x00000000f8300000,0x00000000f87664d8,0x00000000fad00000)
  from space 19456K, 0% used [0x00000000fed00000,0x00000000fed00000,0x0000000100000000)
  to   space 42496K, 0% used [0x00000000fad00000,0x00000000fad00000,0x00000000fd680000)
 ParOldGen       total 134144K, used 134068K [0x00000000f0000000, 0x00000000f8300000, 0x00000000f8300000)
  object space 134144K, 99% used [0x00000000f0000000,0x00000000f82ed318,0x00000000f8300000)
 Metaspace       used 51462K, capacity 54506K, committed 54784K, reserved 1097728K
  class space    used 6330K, capacity 6853K, committed 6912K, reserved 1048576K
}
{Heap before GC invocations=25 (full 7):
 PSYoungGen      total 62464K, used 43008K [0x00000000f8300000, 0x0000000100000000, 0x0000000100000000)
  eden space 43008K, 100% used [0x00000000f8300000,0x00000000fad00000,0x00000000fad00000)
  from space 19456K, 0% used [0x00000000fed00000,0x00000000fed00000,0x0000000100000000)
  to   space 42496K, 0% used [0x00000000fad00000,0x00000000fad00000,0x00000000fd680000)
 ParOldGen       total 134144K, used 134068K [0x00000000f0000000, 0x00000000f8300000, 0x00000000f8300000)
  object space 134144K, 99% used [0x00000000f0000000,0x00000000f82ed318,0x00000000f8300000)
 Metaspace       used 51483K, capacity 54506K, committed 54784K, reserved 1097728K
  class space    used 6330K, capacity 6853K, committed 6912K, reserved 1048576K
2023-01-17T04:25:15.261+0800: 14.211: [Full GC (Ergonomics) [PSYoungGen: 43008K->5017K(62464K)] [ParOldGen: 134068K->133684K(134144K)] 177076K->138702K(196608K), [Metaspace: 51483K->51483K(1097728K)], 0.2076090 secs] [Times: user=0.57 sys=0.00, real=0.20 secs] 
Heap after GC invocations=25 (full 7):
 PSYoungGen      total 62464K, used 5017K [0x00000000f8300000, 0x0000000100000000, 0x0000000100000000)
  eden space 43008K, 11% used [0x00000000f8300000,0x00000000f87e6788,0x00000000fad00000)
  from space 19456K, 0% used [0x00000000fed00000,0x00000000fed00000,0x0000000100000000)
  to   space 42496K, 0% used [0x00000000fad00000,0x00000000fad00000,0x00000000fd680000)
 ParOldGen       total 134144K, used 133684K [0x00000000f0000000, 0x00000000f8300000, 0x00000000f8300000)
  object space 134144K, 99% used [0x00000000f0000000,0x00000000f828d0f8,0x00000000f8300000)
 Metaspace       used 51483K, capacity 54506K, committed 54784K, reserved 1097728K
  class space    used 6330K, capacity 6853K, committed 6912K, reserved 1048576K
}
{Heap before GC invocations=26 (full 8):
 PSYoungGen      total 62464K, used 43008K [0x00000000f8300000, 0x0000000100000000, 0x0000000100000000)
  eden space 43008K, 100% used [0x00000000f8300000,0x00000000fad00000,0x00000000fad00000)
  from space 19456K, 0% used [0x00000000fed00000,0x00000000fed00000,0x0000000100000000)
  to   space 42496K, 0% used [0x00000000fad00000,0x00000000fad00000,0x00000000fd680000)
 ParOldGen       total 134144K, used 133684K [0x00000000f0000000, 0x00000000f8300000, 0x00000000f8300000)
  object space 134144K, 99% used [0x00000000f0000000,0x00000000f828d0f8,0x00000000f8300000)
 Metaspace       used 51563K, capacity 54602K, committed 54784K, reserved 1097728K
  class space    used 6335K, capacity 6885K, committed 6912K, reserved 1048576K
2023-01-17T04:25:15.848+0800: 14.798: [Full GC (Ergonomics) [PSYoungGen: 43008K->4554K(62464K)] [ParOldGen: 133684K->134122K(134144K)] 176692K->138677K(196608K), [Metaspace: 51563K->51563K(1097728K)], 0.2706972 secs] [Times: user=0.79 sys=0.00, real=0.27 secs] 
Heap after GC invocations=26 (full 8):
 PSYoungGen      total 62464K, used 4554K [0x00000000f8300000, 0x0000000100000000, 0x0000000100000000)
  eden space 43008K, 10% used [0x00000000f8300000,0x00000000f87729d8,0x00000000fad00000)
  from space 19456K, 0% used [0x00000000fed00000,0x00000000fed00000,0x0000000100000000)
  to   space 42496K, 0% used [0x00000000fad00000,0x00000000fad00000,0x00000000fd680000)
 ParOldGen       total 134144K, used 134122K [0x00000000f0000000, 0x00000000f8300000, 0x00000000f8300000)
  object space 134144K, 99% used [0x00000000f0000000,0x00000000f82faa50,0x00000000f8300000)
 Metaspace       used 51563K, capacity 54602K, committed 54784K, reserved 1097728K
  class space    used 6335K, capacity 6885K, committed 6912K, reserved 1048576K
}
{Heap before GC invocations=27 (full 9):
 PSYoungGen      total 62464K, used 43008K [0x00000000f8300000, 0x0000000100000000, 0x0000000100000000)
  eden space 43008K, 100% used [0x00000000f8300000,0x00000000fad00000,0x00000000fad00000)
  from space 19456K, 0% used [0x00000000fed00000,0x00000000fed00000,0x0000000100000000)
  to   space 42496K, 0% used [0x00000000fad00000,0x00000000fad00000,0x00000000fd680000)
 ParOldGen       total 134144K, used 134122K [0x00000000f0000000, 0x00000000f8300000, 0x00000000f8300000)
  object space 134144K, 99% used [0x00000000f0000000,0x00000000f82faa50,0x00000000f8300000)
 Metaspace       used 51718K, capacity 54804K, committed 55040K, reserved 1097728K
  class space    used 6361K, capacity 6900K, committed 6912K, reserved 1048576K
2023-01-17T04:25:16.309+0800: 15.259: [Full GC (Ergonomics) [PSYoungGen: 43008K->5250K(62464K)] [ParOldGen: 134122K->133879K(134144K)] 177130K->139130K(196608K), [Metaspace: 51718K->51718K(1097728K)], 0.2772599 secs] [Times: user=0.64 sys=0.00, real=0.28 secs] 
Heap after GC invocations=27 (full 9):
 PSYoungGen      total 62464K, used 5250K [0x00000000f8300000, 0x0000000100000000, 0x0000000100000000)
  eden space 43008K, 12% used [0x00000000f8300000,0x00000000f8820990,0x00000000fad00000)
  from space 19456K, 0% used [0x00000000fed00000,0x00000000fed00000,0x0000000100000000)
  to   space 42496K, 0% used [0x00000000fad00000,0x00000000fad00000,0x00000000fd680000)
 ParOldGen       total 134144K, used 133879K [0x00000000f0000000, 0x00000000f8300000, 0x00000000f8300000)
  object space 134144K, 99% used [0x00000000f0000000,0x00000000f82bdec8,0x00000000f8300000)
 Metaspace       used 51718K, capacity 54804K, committed 55040K, reserved 1097728K
  class space    used 6361K, capacity 6900K, committed 6912K, reserved 1048576K
}
{Heap before GC invocations=28 (full 10):
 PSYoungGen      total 62464K, used 43008K [0x00000000f8300000, 0x0000000100000000, 0x0000000100000000)
  eden space 43008K, 100% used [0x00000000f8300000,0x00000000fad00000,0x00000000fad00000)
  from space 19456K, 0% used [0x00000000fed00000,0x00000000fed00000,0x0000000100000000)
  to   space 42496K, 0% used [0x00000000fad00000,0x00000000fad00000,0x00000000fd680000)
 ParOldGen       total 134144K, used 133879K [0x00000000f0000000, 0x00000000f8300000, 0x00000000f8300000)
  object space 134144K, 99% used [0x00000000f0000000,0x00000000f82bdec8,0x00000000f8300000)
 Metaspace       used 51772K, capacity 54806K, committed 55040K, reserved 1097728K
  class space    used 6363K, capacity 6901K, committed 6912K, reserved 1048576K
2023-01-17T04:25:16.759+0800: 15.709: [Full GC (Ergonomics) [PSYoungGen: 43008K->5036K(62464K)] [ParOldGen: 133879K->134108K(134144K)] 176887K->139144K(196608K), [Metaspace: 51772K->51772K(1097728K)], 0.2332099 secs] [Times: user=0.66 sys=0.00, real=0.24 secs] 
Heap after GC invocations=28 (full 10):
 PSYoungGen      total 62464K, used 5036K [0x00000000f8300000, 0x0000000100000000, 0x0000000100000000)
  eden space 43008K, 11% used [0x00000000f8300000,0x00000000f87eb178,0x00000000fad00000)
  from space 19456K, 0% used [0x00000000fed00000,0x00000000fed00000,0x0000000100000000)
  to   space 42496K, 0% used [0x00000000fad00000,0x00000000fad00000,0x00000000fd680000)
 ParOldGen       total 134144K, used 134108K [0x00000000f0000000, 0x00000000f8300000, 0x00000000f8300000)
  object space 134144K, 99% used [0x00000000f0000000,0x00000000f82f7220,0x00000000f8300000)
 Metaspace       used 51772K, capacity 54806K, committed 55040K, reserved 1097728K
  class space    used 6363K, capacity 6901K, committed 6912K, reserved 1048576K
}
{Heap before GC invocations=29 (full 11):
 PSYoungGen      total 62464K, used 43008K [0x00000000f8300000, 0x0000000100000000, 0x0000000100000000)
  eden space 43008K, 100% used [0x00000000f8300000,0x00000000fad00000,0x00000000fad00000)
  from space 19456K, 0% used [0x00000000fed00000,0x00000000fed00000,0x0000000100000000)
  to   space 42496K, 0% used [0x00000000fad00000,0x00000000fad00000,0x00000000fd680000)
 ParOldGen       total 134144K, used 134108K [0x00000000f0000000, 0x00000000f8300000, 0x00000000f8300000)
  object space 134144K, 99% used [0x00000000f0000000,0x00000000f82f7220,0x00000000f8300000)
 Metaspace       used 51809K, capacity 54870K, committed 55040K, reserved 1097728K
  class space    used 6363K, capacity 6901K, committed 6912K, reserved 1048576K
2023-01-17T04:25:17.099+0800: 16.049: [Full GC (Ergonomics) [PSYoungGen: 43008K->5441K(62464K)] [ParOldGen: 134108K->133821K(134144K)] 177116K->139263K(196608K), [Metaspace: 51809K->51809K(1097728K)], 0.1983336 secs] [Times: user=0.58 sys=0.00, real=0.20 secs] 
Heap after GC invocations=29 (full 11):
 PSYoungGen      total 62464K, used 5441K [0x00000000f8300000, 0x0000000100000000, 0x0000000100000000)
  eden space 43008K, 12% used [0x00000000f8300000,0x00000000f8850708,0x00000000fad00000)
  from space 19456K, 0% used [0x00000000fed00000,0x00000000fed00000,0x0000000100000000)
  to   space 42496K, 0% used [0x00000000fad00000,0x00000000fad00000,0x00000000fd680000)
 ParOldGen       total 134144K, used 133821K [0x00000000f0000000, 0x00000000f8300000, 0x00000000f8300000)
  object space 134144K, 99% used [0x00000000f0000000,0x00000000f82af5d8,0x00000000f8300000)
 Metaspace       used 51809K, capacity 54870K, committed 55040K, reserved 1097728K
  class space    used 6363K, capacity 6901K, committed 6912K, reserved 1048576K
}
{Heap before GC invocations=30 (full 12):
 PSYoungGen      total 62464K, used 43008K [0x00000000f8300000, 0x0000000100000000, 0x0000000100000000)
  eden space 43008K, 100% used [0x00000000f8300000,0x00000000fad00000,0x00000000fad00000)
  from space 19456K, 0% used [0x00000000fed00000,0x00000000fed00000,0x0000000100000000)
  to   space 42496K, 0% used [0x00000000fad00000,0x00000000fad00000,0x00000000fd680000)
 ParOldGen       total 134144K, used 133821K [0x00000000f0000000, 0x00000000f8300000, 0x00000000f8300000)
  object space 134144K, 99% used [0x00000000f0000000,0x00000000f82af5d8,0x00000000f8300000)
 Metaspace       used 51831K, capacity 54870K, committed 55040K, reserved 1097728K
  class space    used 6363K, capacity 6901K, committed 6912K, reserved 1048576K
2023-01-17T04:25:17.464+0800: 16.414: [Full GC (Ergonomics) [PSYoungGen: 43008K->5205K(62464K)] [ParOldGen: 133821K->134130K(134144K)] 176829K->139336K(196608K), [Metaspace: 51831K->51831K(1097728K)], 0.2891631 secs] [Times: user=0.59 sys=0.00, real=0.29 secs] 
Heap after GC invocations=30 (full 12):
 PSYoungGen      total 62464K, used 5205K [0x00000000f8300000, 0x0000000100000000, 0x0000000100000000)
  eden space 43008K, 12% used [0x00000000f8300000,0x00000000f8815798,0x00000000fad00000)
  from space 19456K, 0% used [0x00000000fed00000,0x00000000fed00000,0x0000000100000000)
  to   space 42496K, 0% used [0x00000000fad00000,0x00000000fad00000,0x00000000fd680000)
 ParOldGen       total 134144K, used 134130K [0x00000000f0000000, 0x00000000f8300000, 0x00000000f8300000)
  object space 134144K, 99% used [0x00000000f0000000,0x00000000f82fc9b8,0x00000000f8300000)
 Metaspace       used 51831K, capacity 54870K, committed 55040K, reserved 1097728K
  class space    used 6363K, capacity 6901K, committed 6912K, reserved 1048576K
}
{Heap before GC invocations=31 (full 13):
 PSYoungGen      total 62464K, used 43008K [0x00000000f8300000, 0x0000000100000000, 0x0000000100000000)
  eden space 43008K, 100% used [0x00000000f8300000,0x00000000fad00000,0x00000000fad00000)
  from space 19456K, 0% used [0x00000000fed00000,0x00000000fed00000,0x0000000100000000)
  to   space 42496K, 0% used [0x00000000fad00000,0x00000000fad00000,0x00000000fd680000)
 ParOldGen       total 134144K, used 134130K [0x00000000f0000000, 0x00000000f8300000, 0x00000000f8300000)
  object space 134144K, 99% used [0x00000000f0000000,0x00000000f82fc9b8,0x00000000f8300000)
 Metaspace       used 51988K, capacity 54998K, committed 55296K, reserved 1097728K
  class space    used 6364K, capacity 6901K, committed 6912K, reserved 1048576K
2023-01-17T04:25:17.886+0800: 16.835: [Full GC (Ergonomics) [PSYoungGen: 43008K->5421K(62464K)] [ParOldGen: 134130K->133985K(134144K)] 177138K->139406K(196608K), [Metaspace: 51988K->51988K(1097728K)], 0.1878940 secs] [Times: user=0.53 sys=0.01, real=0.19 secs] 
Heap after GC invocations=31 (full 13):
 PSYoungGen      total 62464K, used 5421K [0x00000000f8300000, 0x0000000100000000, 0x0000000100000000)
  eden space 43008K, 12% used [0x00000000f8300000,0x00000000f884b640,0x00000000fad00000)
  from space 19456K, 0% used [0x00000000fed00000,0x00000000fed00000,0x0000000100000000)
  to   space 42496K, 0% used [0x00000000fad00000,0x00000000fad00000,0x00000000fd680000)
 ParOldGen       total 134144K, used 133985K [0x00000000f0000000, 0x00000000f8300000, 0x00000000f8300000)
  object space 134144K, 99% used [0x00000000f0000000,0x00000000f82d8530,0x00000000f8300000)
 Metaspace       used 51988K, capacity 54998K, committed 55296K, reserved 1097728K
  class space    used 6364K, capacity 6901K, committed 6912K, reserved 1048576K
}
{Heap before GC invocations=32 (full 14):
 PSYoungGen      total 62464K, used 43008K [0x00000000f8300000, 0x0000000100000000, 0x0000000100000000)
  eden space 43008K, 100% used [0x00000000f8300000,0x00000000fad00000,0x00000000fad00000)
  from space 19456K, 0% used [0x00000000fed00000,0x00000000fed00000,0x0000000100000000)
  to   space 42496K, 0% used [0x00000000fad00000,0x00000000fad00000,0x00000000fd680000)
 ParOldGen       total 134144K, used 133985K [0x00000000f0000000, 0x00000000f8300000, 0x00000000f8300000)
  object space 134144K, 99% used [0x00000000f0000000,0x00000000f82d8530,0x00000000f8300000)
 Metaspace       used 52027K, capacity 55062K, committed 55296K, reserved 1097728K
  class space    used 6364K, capacity 6901K, committed 6912K, reserved 1048576K
2023-01-17T04:25:18.165+0800: 17.115: [Full GC (Ergonomics) [PSYoungGen: 43008K->5589K(62464K)] [ParOldGen: 133985K->133858K(134144K)] 176993K->139448K(196608K), [Metaspace: 52027K->52027K(1097728K)], 0.2351317 secs] [Times: user=0.57 sys=0.00, real=0.24 secs] 
Heap after GC invocations=32 (full 14):
 PSYoungGen      total 62464K, used 5589K [0x00000000f8300000, 0x0000000100000000, 0x0000000100000000)
  eden space 43008K, 12% used [0x00000000f8300000,0x00000000f88755b8,0x00000000fad00000)
  from space 19456K, 0% used [0x00000000fed00000,0x00000000fed00000,0x0000000100000000)
  to   space 42496K, 0% used [0x00000000fad00000,0x00000000fad00000,0x00000000fd680000)
 ParOldGen       total 134144K, used 133858K [0x00000000f0000000, 0x00000000f8300000, 0x00000000f8300000)
  object space 134144K, 99% used [0x00000000f0000000,0x00000000f82b8bc0,0x00000000f8300000)
 Metaspace       used 52027K, capacity 55062K, committed 55296K, reserved 1097728K
  class space    used 6364K, capacity 6901K, committed 6912K, reserved 1048576K
}
{Heap before GC invocations=33 (full 15):
 PSYoungGen      total 62464K, used 43008K [0x00000000f8300000, 0x0000000100000000, 0x0000000100000000)
  eden space 43008K, 100% used [0x00000000f8300000,0x00000000fad00000,0x00000000fad00000)
  from space 19456K, 0% used [0x00000000fed00000,0x00000000fed00000,0x0000000100000000)
  to   space 42496K, 0% used [0x00000000fad00000,0x00000000fad00000,0x00000000fd680000)
 ParOldGen       total 134144K, used 133858K [0x00000000f0000000, 0x00000000f8300000, 0x00000000f8300000)
  object space 134144K, 99% used [0x00000000f0000000,0x00000000f82b8bc0,0x00000000f8300000)
 Metaspace       used 52039K, capacity 55062K, committed 55296K, reserved 1097728K
  class space    used 6364K, capacity 6901K, committed 6912K, reserved 1048576K
2023-01-17T04:25:18.508+0800: 17.457: [Full GC (Ergonomics) [PSYoungGen: 43008K->5787K(62464K)] [ParOldGen: 133858K->133676K(134144K)] 176866K->139463K(196608K), [Metaspace: 52039K->52039K(1097728K)], 0.1790383 secs] [Times: user=0.51 sys=0.00, real=0.18 secs] 
Heap after GC invocations=33 (full 15):
 PSYoungGen      total 62464K, used 5787K [0x00000000f8300000, 0x0000000100000000, 0x0000000100000000)
  eden space 43008K, 13% used [0x00000000f8300000,0x00000000f88a6e30,0x00000000fad00000)
  from space 19456K, 0% used [0x00000000fed00000,0x00000000fed00000,0x0000000100000000)
  to   space 42496K, 0% used [0x00000000fad00000,0x00000000fad00000,0x00000000fd680000)
 ParOldGen       total 134144K, used 133676K [0x00000000f0000000, 0x00000000f8300000, 0x00000000f8300000)
  object space 134144K, 99% used [0x00000000f0000000,0x00000000f828b010,0x00000000f8300000)
 Metaspace       used 52039K, capacity 55062K, committed 55296K, reserved 1097728K
  class space    used 6364K, capacity 6901K, committed 6912K, reserved 1048576K
}
{Heap before GC invocations=34 (full 16):
 PSYoungGen      total 62464K, used 43008K [0x00000000f8300000, 0x0000000100000000, 0x0000000100000000)
  eden space 43008K, 100% used [0x00000000f8300000,0x00000000fad00000,0x00000000fad00000)
  from space 19456K, 0% used [0x00000000fed00000,0x00000000fed00000,0x0000000100000000)
  to   space 42496K, 0% used [0x00000000fad00000,0x00000000fad00000,0x00000000fd680000)
 ParOldGen       total 134144K, used 133676K [0x00000000f0000000, 0x00000000f8300000, 0x00000000f8300000)
  object space 134144K, 99% used [0x00000000f0000000,0x00000000f828b010,0x00000000f8300000)
 Metaspace       used 52112K, capacity 55130K, committed 55296K, reserved 1097728K
  class space    used 6364K, capacity 6901K, committed 6912K, reserved 1048576K
2023-01-17T04:25:18.811+0800: 17.761: [Full GC (Ergonomics) [PSYoungGen: 43008K->5514K(62464K)] [ParOldGen: 133676K->134022K(134144K)] 176684K->139537K(196608K), [Metaspace: 52112K->52112K(1097728K)], 0.2421585 secs] [Times: user=0.54 sys=0.00, real=0.24 secs] 
Heap after GC invocations=34 (full 16):
 PSYoungGen      total 62464K, used 5514K [0x00000000f8300000, 0x0000000100000000, 0x0000000100000000)
  eden space 43008K, 12% used [0x00000000f8300000,0x00000000f8862bf0,0x00000000fad00000)
  from space 19456K, 0% used [0x00000000fed00000,0x00000000fed00000,0x0000000100000000)
  to   space 42496K, 0% used [0x00000000fad00000,0x00000000fad00000,0x00000000fd680000)
 ParOldGen       total 134144K, used 134022K [0x00000000f0000000, 0x00000000f8300000, 0x00000000f8300000)
  object space 134144K, 99% used [0x00000000f0000000,0x00000000f82e1970,0x00000000f8300000)
 Metaspace       used 52112K, capacity 55130K, committed 55296K, reserved 1097728K
  class space    used 6364K, capacity 6901K, committed 6912K, reserved 1048576K
}
{Heap before GC invocations=35 (full 17):
 PSYoungGen      total 62464K, used 43008K [0x00000000f8300000, 0x0000000100000000, 0x0000000100000000)
  eden space 43008K, 100% used [0x00000000f8300000,0x00000000fad00000,0x00000000fad00000)
  from space 19456K, 0% used [0x00000000fed00000,0x00000000fed00000,0x0000000100000000)
  to   space 42496K, 0% used [0x00000000fad00000,0x00000000fad00000,0x00000000fd680000)
 ParOldGen       total 134144K, used 134022K [0x00000000f0000000, 0x00000000f8300000, 0x00000000f8300000)
  object space 134144K, 99% used [0x00000000f0000000,0x00000000f82e1970,0x00000000f8300000)
 Metaspace       used 52127K, capacity 55130K, committed 55296K, reserved 1097728K
  class space    used 6364K, capacity 6901K, committed 6912K, reserved 1048576K
2023-01-17T04:25:19.163+0800: 18.113: [Full GC (Ergonomics) [PSYoungGen: 43008K->5724K(62464K)] [ParOldGen: 134022K->133912K(134144K)] 177030K->139637K(196608K), [Metaspace: 52127K->52127K(1097728K)], 0.2309915 secs] [Times: user=0.56 sys=0.01, real=0.23 secs] 
Heap after GC invocations=35 (full 17):
 PSYoungGen      total 62464K, used 5724K [0x00000000f8300000, 0x0000000100000000, 0x0000000100000000)
  eden space 43008K, 13% used [0x00000000f8300000,0x00000000f8897208,0x00000000fad00000)
  from space 19456K, 0% used [0x00000000fed00000,0x00000000fed00000,0x0000000100000000)
  to   space 42496K, 0% used [0x00000000fad00000,0x00000000fad00000,0x00000000fd680000)
 ParOldGen       total 134144K, used 133912K [0x00000000f0000000, 0x00000000f8300000, 0x00000000f8300000)
  object space 134144K, 99% used [0x00000000f0000000,0x00000000f82c6300,0x00000000f8300000)
 Metaspace       used 52127K, capacity 55130K, committed 55296K, reserved 1097728K
  class space    used 6364K, capacity 6901K, committed 6912K, reserved 1048576K
}
{Heap before GC invocations=36 (full 18):
 PSYoungGen      total 62464K, used 43008K [0x00000000f8300000, 0x0000000100000000, 0x0000000100000000)
  eden space 43008K, 100% used [0x00000000f8300000,0x00000000fad00000,0x00000000fad00000)
  from space 19456K, 0% used [0x00000000fed00000,0x00000000fed00000,0x0000000100000000)
  to   space 42496K, 0% used [0x00000000fad00000,0x00000000fad00000,0x00000000fd680000)
 ParOldGen       total 134144K, used 133912K [0x00000000f0000000, 0x00000000f8300000, 0x00000000f8300000)
  object space 134144K, 99% used [0x00000000f0000000,0x00000000f82c6300,0x00000000f8300000)
 Metaspace       used 52129K, capacity 55130K, committed 55296K, reserved 1097728K
  class space    used 6364K, capacity 6901K, committed 6912K, reserved 1048576K
2023-01-17T04:25:19.488+0800: 18.438: [Full GC (Ergonomics) [PSYoungGen: 43008K->5905K(62464K)] [ParOldGen: 133912K->133747K(134144K)] 176920K->139652K(196608K), [Metaspace: 52129K->52129K(1097728K)], 0.1894448 secs] [Times: user=0.54 sys=0.00, real=0.19 secs] 
Heap after GC invocations=36 (full 18):
 PSYoungGen      total 62464K, used 5905K [0x00000000f8300000, 0x0000000100000000, 0x0000000100000000)
  eden space 43008K, 13% used [0x00000000f8300000,0x00000000f88c4598,0x00000000fad00000)
  from space 19456K, 0% used [0x00000000fed00000,0x00000000fed00000,0x0000000100000000)
  to   space 42496K, 0% used [0x00000000fad00000,0x00000000fad00000,0x00000000fd680000)
 ParOldGen       total 134144K, used 133747K [0x00000000f0000000, 0x00000000f8300000, 0x00000000f8300000)
  object space 134144K, 99% used [0x00000000f0000000,0x00000000f829cdb0,0x00000000f8300000)
 Metaspace       used 52129K, capacity 55130K, committed 55296K, reserved 1097728K
  class space    used 6364K, capacity 6901K, committed 6912K, reserved 1048576K
}
{Heap before GC invocations=37 (full 19):
 PSYoungGen      total 62464K, used 43008K [0x00000000f8300000, 0x0000000100000000, 0x0000000100000000)
  eden space 43008K, 100% used [0x00000000f8300000,0x00000000fad00000,0x00000000fad00000)
  from space 19456K, 0% used [0x00000000fed00000,0x00000000fed00000,0x0000000100000000)
  to   space 42496K, 0% used [0x00000000fad00000,0x00000000fad00000,0x00000000fd680000)
 ParOldGen       total 134144K, used 133747K [0x00000000f0000000, 0x00000000f8300000, 0x00000000f8300000)
  object space 134144K, 99% used [0x00000000f0000000,0x00000000f829cdb0,0x00000000f8300000)
 Metaspace       used 52129K, capacity 55130K, committed 55296K, reserved 1097728K
  class space    used 6364K, capacity 6901K, committed 6912K, reserved 1048576K
2023-01-17T04:25:19.771+0800: 18.720: [Full GC (Ergonomics) [PSYoungGen: 43008K->5581K(62464K)] [ParOldGen: 133747K->134137K(134144K)] 176755K->139718K(196608K), [Metaspace: 52129K->52129K(1097728K)], 0.2175240 secs] [Times: user=0.54 sys=0.00, real=0.21 secs] 
Heap after GC invocations=37 (full 19):
 PSYoungGen      total 62464K, used 5581K [0x00000000f8300000, 0x0000000100000000, 0x0000000100000000)
  eden space 43008K, 12% used [0x00000000f8300000,0x00000000f8873450,0x00000000fad00000)
  from space 19456K, 0% used [0x00000000fed00000,0x00000000fed00000,0x0000000100000000)
  to   space 42496K, 0% used [0x00000000fad00000,0x00000000fad00000,0x00000000fd680000)
 ParOldGen       total 134144K, used 134137K [0x00000000f0000000, 0x00000000f8300000, 0x00000000f8300000)
  object space 134144K, 99% used [0x00000000f0000000,0x00000000f82fe508,0x00000000f8300000)
 Metaspace       used 52129K, capacity 55130K, committed 55296K, reserved 1097728K
  class space    used 6364K, capacity 6901K, committed 6912K, reserved 1048576K
}
{Heap before GC invocations=38 (full 20):
 PSYoungGen      total 62464K, used 43008K [0x00000000f8300000, 0x0000000100000000, 0x0000000100000000)
  eden space 43008K, 100% used [0x00000000f8300000,0x00000000fad00000,0x00000000fad00000)
  from space 19456K, 0% used [0x00000000fed00000,0x00000000fed00000,0x0000000100000000)
  to   space 42496K, 0% used [0x00000000fad00000,0x00000000fad00000,0x00000000fd680000)
 ParOldGen       total 134144K, used 134137K [0x00000000f0000000, 0x00000000f8300000, 0x00000000f8300000)
  object space 134144K, 99% used [0x00000000f0000000,0x00000000f82fe508,0x00000000f8300000)
 Metaspace       used 52132K, capacity 55130K, committed 55296K, reserved 1097728K
  class space    used 6365K, capacity 6901K, committed 6912K, reserved 1048576K
2023-01-17T04:25:20.107+0800: 19.057: [Full GC (Ergonomics) [PSYoungGen: 43008K->5709K(62464K)] [ParOldGen: 134137K->134011K(134144K)] 177145K->139720K(196608K), [Metaspace: 52132K->52132K(1097728K)], 0.2055507 secs] [Times: user=0.46 sys=0.00, real=0.21 secs] 
Heap after GC invocations=38 (full 20):
 PSYoungGen      total 62464K, used 5709K [0x00000000f8300000, 0x0000000100000000, 0x0000000100000000)
  eden space 43008K, 13% used [0x00000000f8300000,0x00000000f8893608,0x00000000fad00000)
  from space 19456K, 0% used [0x00000000fed00000,0x00000000fed00000,0x0000000100000000)
  to   space 42496K, 0% used [0x00000000fad00000,0x00000000fad00000,0x00000000fd680000)
 ParOldGen       total 134144K, used 134011K [0x00000000f0000000, 0x00000000f8300000, 0x00000000f8300000)
  object space 134144K, 99% used [0x00000000f0000000,0x00000000f82dec50,0x00000000f8300000)
 Metaspace       used 52132K, capacity 55130K, committed 55296K, reserved 1097728K
  class space    used 6365K, capacity 6901K, committed 6912K, reserved 1048576K
}
{Heap before GC invocations=39 (full 21):
 PSYoungGen      total 62464K, used 43008K [0x00000000f8300000, 0x0000000100000000, 0x0000000100000000)
  eden space 43008K, 100% used [0x00000000f8300000,0x00000000fad00000,0x00000000fad00000)
  from space 19456K, 0% used [0x00000000fed00000,0x00000000fed00000,0x0000000100000000)
  to   space 42496K, 0% used [0x00000000fad00000,0x00000000fad00000,0x00000000fd680000)
 ParOldGen       total 134144K, used 134011K [0x00000000f0000000, 0x00000000f8300000, 0x00000000f8300000)
  object space 134144K, 99% used [0x00000000f0000000,0x00000000f82dec50,0x00000000f8300000)
 Metaspace       used 52140K, capacity 55194K, committed 55296K, reserved 1097728K
  class space    used 6365K, capacity 6901K, committed 6912K, reserved 1048576K
2023-01-17T04:25:20.428+0800: 19.377: [Full GC (Ergonomics) [PSYoungGen: 43008K->5817K(62464K)] [ParOldGen: 134011K->133928K(134144K)] 177019K->139746K(196608K), [Metaspace: 52140K->52140K(1097728K)], 0.1783604 secs] [Times: user=0.48 sys=0.00, real=0.18 secs] 
Heap after GC invocations=39 (full 21):
 PSYoungGen      total 62464K, used 5817K [0x00000000f8300000, 0x0000000100000000, 0x0000000100000000)
  eden space 43008K, 13% used [0x00000000f8300000,0x00000000f88ae798,0x00000000fad00000)
  from space 19456K, 0% used [0x00000000fed00000,0x00000000fed00000,0x0000000100000000)
  to   space 42496K, 0% used [0x00000000fad00000,0x00000000fad00000,0x00000000fd680000)
 ParOldGen       total 134144K, used 133928K [0x00000000f0000000, 0x00000000f8300000, 0x00000000f8300000)
  object space 134144K, 99% used [0x00000000f0000000,0x00000000f82ca2f0,0x00000000f8300000)
 Metaspace       used 52140K, capacity 55194K, committed 55296K, reserved 1097728K
  class space    used 6365K, capacity 6901K, committed 6912K, reserved 1048576K
}
{Heap before GC invocations=40 (full 22):
 PSYoungGen      total 62464K, used 43008K [0x00000000f8300000, 0x0000000100000000, 0x0000000100000000)
  eden space 43008K, 100% used [0x00000000f8300000,0x00000000fad00000,0x00000000fad00000)
  from space 19456K, 0% used [0x00000000fed00000,0x00000000fed00000,0x0000000100000000)
  to   space 42496K, 0% used [0x00000000fad00000,0x00000000fad00000,0x00000000fd680000)
 ParOldGen       total 134144K, used 133928K [0x00000000f0000000, 0x00000000f8300000, 0x00000000f8300000)
  object space 134144K, 99% used [0x00000000f0000000,0x00000000f82ca2f0,0x00000000f8300000)
 Metaspace       used 52142K, capacity 55194K, committed 55296K, reserved 1097728K
  class space    used 6365K, capacity 6901K, committed 6912K, reserved 1048576K
2023-01-17T04:25:20.723+0800: 19.673: [Full GC (Ergonomics) [PSYoungGen: 43008K->5930K(62464K)] [ParOldGen: 133928K->133853K(134144K)] 176936K->139783K(196608K), [Metaspace: 52142K->52142K(1097728K)], 0.1767789 secs] [Times: user=0.43 sys=0.00, real=0.18 secs] 
Heap after GC invocations=40 (full 22):
 PSYoungGen      total 62464K, used 5930K [0x00000000f8300000, 0x0000000100000000, 0x0000000100000000)
  eden space 43008K, 13% used [0x00000000f8300000,0x00000000f88ca9b0,0x00000000fad00000)
  from space 19456K, 0% used [0x00000000fed00000,0x00000000fed00000,0x0000000100000000)
  to   space 42496K, 0% used [0x00000000fad00000,0x00000000fad00000,0x00000000fd680000)
 ParOldGen       total 134144K, used 133853K [0x00000000f0000000, 0x00000000f8300000, 0x00000000f8300000)
  object space 134144K, 99% used [0x00000000f0000000,0x00000000f82b7588,0x00000000f8300000)
 Metaspace       used 52142K, capacity 55194K, committed 55296K, reserved 1097728K
  class space    used 6365K, capacity 6901K, committed 6912K, reserved 1048576K
}
{Heap before GC invocations=41 (full 23):
 PSYoungGen      total 62464K, used 43008K [0x00000000f8300000, 0x0000000100000000, 0x0000000100000000)
  eden space 43008K, 100% used [0x00000000f8300000,0x00000000fad00000,0x00000000fad00000)
  from space 19456K, 0% used [0x00000000fed00000,0x00000000fed00000,0x0000000100000000)
  to   space 42496K, 0% used [0x00000000fad00000,0x00000000fad00000,0x00000000fd680000)
 ParOldGen       total 134144K, used 133853K [0x00000000f0000000, 0x00000000f8300000, 0x00000000f8300000)
  object space 134144K, 99% used [0x00000000f0000000,0x00000000f82b7588,0x00000000f8300000)
 Metaspace       used 52149K, capacity 55194K, committed 55296K, reserved 1097728K
  class space    used 6365K, capacity 6901K, committed 6912K, reserved 1048576K
2023-01-17T04:25:21.011+0800: 19.961: [Full GC (Ergonomics) [PSYoungGen: 43008K->6066K(62464K)] [ParOldGen: 133853K->133742K(134144K)] 176861K->139809K(196608K), [Metaspace: 52149K->52149K(1097728K)], 0.1827053 secs] [Times: user=0.53 sys=0.00, real=0.18 secs] 
Heap after GC invocations=41 (full 23):
 PSYoungGen      total 62464K, used 6066K [0x00000000f8300000, 0x0000000100000000, 0x0000000100000000)
  eden space 43008K, 14% used [0x00000000f8300000,0x00000000f88ec9d8,0x00000000fad00000)
  from space 19456K, 0% used [0x00000000fed00000,0x00000000fed00000,0x0000000100000000)
  to   space 42496K, 0% used [0x00000000fad00000,0x00000000fad00000,0x00000000fd680000)
 ParOldGen       total 134144K, used 133742K [0x00000000f0000000, 0x00000000f8300000, 0x00000000f8300000)
  object space 134144K, 99% used [0x00000000f0000000,0x00000000f829ba70,0x00000000f8300000)
 Metaspace       used 52149K, capacity 55194K, committed 55296K, reserved 1097728K
  class space    used 6365K, capacity 6901K, committed 6912K, reserved 1048576K
}
{Heap before GC invocations=42 (full 24):
 PSYoungGen      total 62464K, used 43008K [0x00000000f8300000, 0x0000000100000000, 0x0000000100000000)
  eden space 43008K, 100% used [0x00000000f8300000,0x00000000fad00000,0x00000000fad00000)
  from space 19456K, 0% used [0x00000000fed00000,0x00000000fed00000,0x0000000100000000)
  to   space 42496K, 0% used [0x00000000fad00000,0x00000000fad00000,0x00000000fd680000)
 ParOldGen       total 134144K, used 133742K [0x00000000f0000000, 0x00000000f8300000, 0x00000000f8300000)
  object space 134144K, 99% used [0x00000000f0000000,0x00000000f829ba70,0x00000000f8300000)
 Metaspace       used 52152K, capacity 55194K, committed 55296K, reserved 1097728K
  class space    used 6365K, capacity 6901K, committed 6912K, reserved 1048576K
2023-01-17T04:25:21.298+0800: 20.248: [Full GC (Ergonomics) [PSYoungGen: 43008K->6497K(62464K)] [ParOldGen: 133742K->134137K(134144K)] 176750K->140634K(196608K), [Metaspace: 52152K->52152K(1097728K)], 0.2428694 secs] [Times: user=0.57 sys=0.00, real=0.25 secs] 
Heap after GC invocations=42 (full 24):
 PSYoungGen      total 62464K, used 6497K [0x00000000f8300000, 0x0000000100000000, 0x0000000100000000)
  eden space 43008K, 15% used [0x00000000f8300000,0x00000000f8958650,0x00000000fad00000)
  from space 19456K, 0% used [0x00000000fed00000,0x00000000fed00000,0x0000000100000000)
  to   space 42496K, 0% used [0x00000000fad00000,0x00000000fad00000,0x00000000fd680000)
 ParOldGen       total 134144K, used 134137K [0x00000000f0000000, 0x00000000f8300000, 0x00000000f8300000)
  object space 134144K, 99% used [0x00000000f0000000,0x00000000f82fe4e0,0x00000000f8300000)
 Metaspace       used 52152K, capacity 55194K, committed 55296K, reserved 1097728K
  class space    used 6365K, capacity 6901K, committed 6912K, reserved 1048576K
}
{Heap before GC invocations=43 (full 25):
 PSYoungGen      total 62464K, used 43008K [0x00000000f8300000, 0x0000000100000000, 0x0000000100000000)
  eden space 43008K, 100% used [0x00000000f8300000,0x00000000fad00000,0x00000000fad00000)
  from space 19456K, 0% used [0x00000000fed00000,0x00000000fed00000,0x0000000100000000)
  to   space 42496K, 0% used [0x00000000fad00000,0x00000000fad00000,0x00000000fd680000)
 ParOldGen       total 134144K, used 134137K [0x00000000f0000000, 0x00000000f8300000, 0x00000000f8300000)
  object space 134144K, 99% used [0x00000000f0000000,0x00000000f82fe4e0,0x00000000f8300000)
 Metaspace       used 52153K, capacity 55194K, committed 55296K, reserved 1097728K
  class space    used 6365K, capacity 6901K, committed 6912K, reserved 1048576K
2023-01-17T04:25:21.640+0800: 20.589: [Full GC (Ergonomics) [PSYoungGen: 43008K->6616K(62464K)] [ParOldGen: 134137K->134026K(134144K)] 177145K->140643K(196608K), [Metaspace: 52153K->52153K(1097728K)], 0.2255247 secs] [Times: user=0.62 sys=0.00, real=0.22 secs] 
Heap after GC invocations=43 (full 25):
 PSYoungGen      total 62464K, used 6616K [0x00000000f8300000, 0x0000000100000000, 0x0000000100000000)
  eden space 43008K, 15% used [0x00000000f8300000,0x00000000f89762d0,0x00000000fad00000)
  from space 19456K, 0% used [0x00000000fed00000,0x00000000fed00000,0x0000000100000000)
  to   space 42496K, 0% used [0x00000000fad00000,0x00000000fad00000,0x00000000fd680000)
 ParOldGen       total 134144K, used 134026K [0x00000000f0000000, 0x00000000f8300000, 0x00000000f8300000)
  object space 134144K, 99% used [0x00000000f0000000,0x00000000f82e29d8,0x00000000f8300000)
 Metaspace       used 52153K, capacity 55194K, committed 55296K, reserved 1097728K
  class space    used 6365K, capacity 6901K, committed 6912K, reserved 1048576K
}
{Heap before GC invocations=44 (full 26):
 PSYoungGen      total 62464K, used 43008K [0x00000000f8300000, 0x0000000100000000, 0x0000000100000000)
  eden space 43008K, 100% used [0x00000000f8300000,0x00000000fad00000,0x00000000fad00000)
  from space 19456K, 0% used [0x00000000fed00000,0x00000000fed00000,0x0000000100000000)
  to   space 42496K, 0% used [0x00000000fad00000,0x00000000fad00000,0x00000000fd680000)
 ParOldGen       total 134144K, used 134026K [0x00000000f0000000, 0x00000000f8300000, 0x00000000f8300000)
  object space 134144K, 99% used [0x00000000f0000000,0x00000000f82e29d8,0x00000000f8300000)
 Metaspace       used 52156K, capacity 55194K, committed 55296K, reserved 1097728K
  class space    used 6365K, capacity 6901K, committed 6912K, reserved 1048576K
2023-01-17T04:25:21.960+0800: 20.910: [Full GC (Ergonomics) [PSYoungGen: 43008K->6736K(62464K)] [ParOldGen: 134026K->133918K(134144K)] 177034K->140654K(196608K), [Metaspace: 52156K->52156K(1097728K)], 0.1892574 secs] [Times: user=0.54 sys=0.00, real=0.18 secs] 
Heap after GC invocations=44 (full 26):
 PSYoungGen      total 62464K, used 6736K [0x00000000f8300000, 0x0000000100000000, 0x0000000100000000)
  eden space 43008K, 15% used [0x00000000f8300000,0x00000000f89941f8,0x00000000fad00000)
  from space 19456K, 0% used [0x00000000fed00000,0x00000000fed00000,0x0000000100000000)
  to   space 42496K, 0% used [0x00000000fad00000,0x00000000fad00000,0x00000000fd680000)
 ParOldGen       total 134144K, used 133918K [0x00000000f0000000, 0x00000000f8300000, 0x00000000f8300000)
  object space 134144K, 99% used [0x00000000f0000000,0x00000000f82c7930,0x00000000f8300000)
 Metaspace       used 52156K, capacity 55194K, committed 55296K, reserved 1097728K
  class space    used 6365K, capacity 6901K, committed 6912K, reserved 1048576K
}
{Heap before GC invocations=45 (full 27):
 PSYoungGen      total 62464K, used 43008K [0x00000000f8300000, 0x0000000100000000, 0x0000000100000000)
  eden space 43008K, 100% used [0x00000000f8300000,0x00000000fad00000,0x00000000fad00000)
  from space 19456K, 0% used [0x00000000fed00000,0x00000000fed00000,0x0000000100000000)
  to   space 42496K, 0% used [0x00000000fad00000,0x00000000fad00000,0x00000000fd680000)
 ParOldGen       total 134144K, used 133918K [0x00000000f0000000, 0x00000000f8300000, 0x00000000f8300000)
  object space 134144K, 99% used [0x00000000f0000000,0x00000000f82c7930,0x00000000f8300000)
 Metaspace       used 52157K, capacity 55194K, committed 55296K, reserved 1097728K
  class space    used 6365K, capacity 6901K, committed 6912K, reserved 1048576K
2023-01-17T04:25:22.249+0800: 21.199: [Full GC (Ergonomics) [PSYoungGen: 43008K->6870K(62464K)] [ParOldGen: 133918K->133803K(134144K)] 176926K->140674K(196608K), [Metaspace: 52157K->52157K(1097728K)], 0.1989764 secs] [Times: user=0.46 sys=0.00, real=0.20 secs] 
Heap after GC invocations=45 (full 27):
 PSYoungGen      total 62464K, used 6870K [0x00000000f8300000, 0x0000000100000000, 0x0000000100000000)
  eden space 43008K, 15% used [0x00000000f8300000,0x00000000f89b5b98,0x00000000fad00000)
  from space 19456K, 0% used [0x00000000fed00000,0x00000000fed00000,0x0000000100000000)
  to   space 42496K, 0% used [0x00000000fad00000,0x00000000fad00000,0x00000000fd680000)
 ParOldGen       total 134144K, used 133803K [0x00000000f0000000, 0x00000000f8300000, 0x00000000f8300000)
  object space 134144K, 99% used [0x00000000f0000000,0x00000000f82aaf58,0x00000000f8300000)
 Metaspace       used 52157K, capacity 55194K, committed 55296K, reserved 1097728K
  class space    used 6365K, capacity 6901K, committed 6912K, reserved 1048576K
}
{Heap before GC invocations=46 (full 28):
 PSYoungGen      total 62464K, used 43008K [0x00000000f8300000, 0x0000000100000000, 0x0000000100000000)
  eden space 43008K, 100% used [0x00000000f8300000,0x00000000fad00000,0x00000000fad00000)
  from space 19456K, 0% used [0x00000000fed00000,0x00000000fed00000,0x0000000100000000)
  to   space 42496K, 0% used [0x00000000fad00000,0x00000000fad00000,0x00000000fd680000)
 ParOldGen       total 134144K, used 133803K [0x00000000f0000000, 0x00000000f8300000, 0x00000000f8300000)
  object space 134144K, 99% used [0x00000000f0000000,0x00000000f82aaf58,0x00000000f8300000)
 Metaspace       used 52157K, capacity 55194K, committed 55296K, reserved 1097728K
  class space    used 6365K, capacity 6901K, committed 6912K, reserved 1048576K
2023-01-17T04:25:22.551+0800: 21.501: [Full GC (Ergonomics) [PSYoungGen: 43008K->6928K(62464K)] [ParOldGen: 133803K->133758K(134144K)] 176811K->140687K(196608K), [Metaspace: 52157K->52157K(1097728K)], 0.1973208 secs] [Times: user=0.60 sys=0.00, real=0.19 secs] 
Heap after GC invocations=46 (full 28):
 PSYoungGen      total 62464K, used 6928K [0x00000000f8300000, 0x0000000100000000, 0x0000000100000000)
  eden space 43008K, 16% used [0x00000000f8300000,0x00000000f89c4340,0x00000000fad00000)
  from space 19456K, 0% used [0x00000000fed00000,0x00000000fed00000,0x0000000100000000)
  to   space 42496K, 0% used [0x00000000fad00000,0x00000000fad00000,0x00000000fd680000)
 ParOldGen       total 134144K, used 133758K [0x00000000f0000000, 0x00000000f8300000, 0x00000000f8300000)
  object space 134144K, 99% used [0x00000000f0000000,0x00000000f829fa68,0x00000000f8300000)
 Metaspace       used 52157K, capacity 55194K, committed 55296K, reserved 1097728K
  class space    used 6365K, capacity 6901K, committed 6912K, reserved 1048576K
}
{Heap before GC invocations=47 (full 29):
 PSYoungGen      total 62464K, used 43008K [0x00000000f8300000, 0x0000000100000000, 0x0000000100000000)
  eden space 43008K, 100% used [0x00000000f8300000,0x00000000fad00000,0x00000000fad00000)
  from space 19456K, 0% used [0x00000000fed00000,0x00000000fed00000,0x0000000100000000)
  to   space 42496K, 0% used [0x00000000fad00000,0x00000000fad00000,0x00000000fd680000)
 ParOldGen       total 134144K, used 133758K [0x00000000f0000000, 0x00000000f8300000, 0x00000000f8300000)
  object space 134144K, 99% used [0x00000000f0000000,0x00000000f829fa68,0x00000000f8300000)
 Metaspace       used 52157K, capacity 55194K, committed 55296K, reserved 1097728K
  class space    used 6365K, capacity 6901K, committed 6912K, reserved 1048576K
2023-01-17T04:25:22.863+0800: 21.813: [Full GC (Ergonomics) [PSYoungGen: 43008K->6982K(62464K)] [ParOldGen: 133758K->133695K(134144K)] 176766K->140677K(196608K), [Metaspace: 52157K->52157K(1097728K)], 0.2296537 secs] [Times: user=0.52 sys=0.01, real=0.23 secs] 
Heap after GC invocations=47 (full 29):
 PSYoungGen      total 62464K, used 6982K [0x00000000f8300000, 0x0000000100000000, 0x0000000100000000)
  eden space 43008K, 16% used [0x00000000f8300000,0x00000000f89d1820,0x00000000fad00000)
  from space 19456K, 0% used [0x00000000fed00000,0x00000000fed00000,0x0000000100000000)
  to   space 42496K, 0% used [0x00000000fad00000,0x00000000fad00000,0x00000000fd680000)
 ParOldGen       total 134144K, used 133695K [0x00000000f0000000, 0x00000000f8300000, 0x00000000f8300000)
  object space 134144K, 99% used [0x00000000f0000000,0x00000000f828fef0,0x00000000f8300000)
 Metaspace       used 52157K, capacity 55194K, committed 55296K, reserved 1097728K
  class space    used 6365K, capacity 6901K, committed 6912K, reserved 1048576K
}
{Heap before GC invocations=48 (full 30):
 PSYoungGen      total 62464K, used 43008K [0x00000000f8300000, 0x0000000100000000, 0x0000000100000000)
  eden space 43008K, 100% used [0x00000000f8300000,0x00000000fad00000,0x00000000fad00000)
  from space 19456K, 0% used [0x00000000fed00000,0x00000000fed00000,0x0000000100000000)
  to   space 42496K, 0% used [0x00000000fad00000,0x00000000fad00000,0x00000000fd680000)
 ParOldGen       total 134144K, used 133695K [0x00000000f0000000, 0x00000000f8300000, 0x00000000f8300000)
  object space 134144K, 99% used [0x00000000f0000000,0x00000000f828fef0,0x00000000f8300000)
 Metaspace       used 52157K, capacity 55194K, committed 55296K, reserved 1097728K
  class space    used 6365K, capacity 6901K, committed 6912K, reserved 1048576K
2023-01-17T04:25:23.179+0800: 22.129: [Full GC (Ergonomics) [PSYoungGen: 43008K->6616K(62464K)] [ParOldGen: 133695K->134095K(134144K)] 176703K->140711K(196608K), [Metaspace: 52157K->52157K(1097728K)], 0.2407077 secs] [Times: user=0.65 sys=0.00, real=0.25 secs] 
Heap after GC invocations=48 (full 30):
 PSYoungGen      total 62464K, used 6616K [0x00000000f8300000, 0x0000000100000000, 0x0000000100000000)
  eden space 43008K, 15% used [0x00000000f8300000,0x00000000f8976220,0x00000000fad00000)
  from space 19456K, 0% used [0x00000000fed00000,0x00000000fed00000,0x0000000100000000)
  to   space 42496K, 0% used [0x00000000fad00000,0x00000000fad00000,0x00000000fd680000)
 ParOldGen       total 134144K, used 134095K [0x00000000f0000000, 0x00000000f8300000, 0x00000000f8300000)
  object space 134144K, 99% used [0x00000000f0000000,0x00000000f82f3cd0,0x00000000f8300000)
 Metaspace       used 52157K, capacity 55194K, committed 55296K, reserved 1097728K
  class space    used 6365K, capacity 6901K, committed 6912K, reserved 1048576K
}
{Heap before GC invocations=49 (full 31):
 PSYoungGen      total 62464K, used 43008K [0x00000000f8300000, 0x0000000100000000, 0x0000000100000000)
  eden space 43008K, 100% used [0x00000000f8300000,0x00000000fad00000,0x00000000fad00000)
  from space 19456K, 0% used [0x00000000fed00000,0x00000000fed00000,0x0000000100000000)
  to   space 42496K, 0% used [0x00000000fad00000,0x00000000fad00000,0x00000000fd680000)
 ParOldGen       total 134144K, used 134095K [0x00000000f0000000, 0x00000000f8300000, 0x00000000f8300000)
  object space 134144K, 99% used [0x00000000f0000000,0x00000000f82f3cd0,0x00000000f8300000)
 Metaspace       used 52158K, capacity 55194K, committed 55296K, reserved 1097728K
  class space    used 6365K, capacity 6901K, committed 6912K, reserved 1048576K
2023-01-17T04:25:23.523+0800: 22.473: [Full GC (Ergonomics) [PSYoungGen: 43008K->6644K(62464K)] [ParOldGen: 134095K->134059K(134144K)] 177103K->140704K(196608K), [Metaspace: 52158K->52158K(1097728K)], 0.1606967 secs] [Times: user=0.43 sys=0.00, real=0.16 secs] 
Heap after GC invocations=49 (full 31):
 PSYoungGen      total 62464K, used 6644K [0x00000000f8300000, 0x0000000100000000, 0x0000000100000000)
  eden space 43008K, 15% used [0x00000000f8300000,0x00000000f897d160,0x00000000fad00000)
  from space 19456K, 0% used [0x00000000fed00000,0x00000000fed00000,0x0000000100000000)
  to   space 42496K, 0% used [0x00000000fad00000,0x00000000fad00000,0x00000000fd680000)
 ParOldGen       total 134144K, used 134059K [0x00000000f0000000, 0x00000000f8300000, 0x00000000f8300000)
  object space 134144K, 99% used [0x00000000f0000000,0x00000000f82eaed8,0x00000000f8300000)
 Metaspace       used 52158K, capacity 55194K, committed 55296K, reserved 1097728K
  class space    used 6365K, capacity 6901K, committed 6912K, reserved 1048576K
}
{Heap before GC invocations=50 (full 32):
 PSYoungGen      total 62464K, used 43008K [0x00000000f8300000, 0x0000000100000000, 0x0000000100000000)
  eden space 43008K, 100% used [0x00000000f8300000,0x00000000fad00000,0x00000000fad00000)
  from space 19456K, 0% used [0x00000000fed00000,0x00000000fed00000,0x0000000100000000)
  to   space 42496K, 0% used [0x00000000fad00000,0x00000000fad00000,0x00000000fd680000)
 ParOldGen       total 134144K, used 134059K [0x00000000f0000000, 0x00000000f8300000, 0x00000000f8300000)
  object space 134144K, 99% used [0x00000000f0000000,0x00000000f82eaed8,0x00000000f8300000)
 Metaspace       used 52159K, capacity 55194K, committed 55296K, reserved 1097728K
  class space    used 6365K, capacity 6901K, committed 6912K, reserved 1048576K
2023-01-17T04:25:23.802+0800: 22.752: [Full GC (Ergonomics) [PSYoungGen: 43008K->6743K(62464K)] [ParOldGen: 134059K->133979K(134144K)] 177067K->140722K(196608K), [Metaspace: 52159K->52159K(1097728K)], 0.2167502 secs] [Times: user=0.44 sys=0.00, real=0.21 secs] 
Heap after GC invocations=50 (full 32):
 PSYoungGen      total 62464K, used 6743K [0x00000000f8300000, 0x0000000100000000, 0x0000000100000000)
  eden space 43008K, 15% used [0x00000000f8300000,0x00000000f8995f18,0x00000000fad00000)
  from space 19456K, 0% used [0x00000000fed00000,0x00000000fed00000,0x0000000100000000)
  to   space 42496K, 0% used [0x00000000fad00000,0x00000000fad00000,0x00000000fd680000)
 ParOldGen       total 134144K, used 133979K [0x00000000f0000000, 0x00000000f8300000, 0x00000000f8300000)
  object space 134144K, 99% used [0x00000000f0000000,0x00000000f82d6c98,0x00000000f8300000)
 Metaspace       used 52159K, capacity 55194K, committed 55296K, reserved 1097728K
  class space    used 6365K, capacity 6901K, committed 6912K, reserved 1048576K
}
{Heap before GC invocations=51 (full 33):
 PSYoungGen      total 62464K, used 43008K [0x00000000f8300000, 0x0000000100000000, 0x0000000100000000)
  eden space 43008K, 100% used [0x00000000f8300000,0x00000000fad00000,0x00000000fad00000)
  from space 19456K, 0% used [0x00000000fed00000,0x00000000fed00000,0x0000000100000000)
  to   space 42496K, 0% used [0x00000000fad00000,0x00000000fad00000,0x00000000fd680000)
 ParOldGen       total 134144K, used 133979K [0x00000000f0000000, 0x00000000f8300000, 0x00000000f8300000)
  object space 134144K, 99% used [0x00000000f0000000,0x00000000f82d6c98,0x00000000f8300000)
 Metaspace       used 52159K, capacity 55194K, committed 55296K, reserved 1097728K
  class space    used 6365K, capacity 6901K, committed 6912K, reserved 1048576K
2023-01-17T04:25:24.144+0800: 23.093: [Full GC (Ergonomics) [PSYoungGen: 43008K->6830K(62464K)] [ParOldGen: 133979K->133898K(134144K)] 176987K->140729K(196608K), [Metaspace: 52159K->52159K(1097728K)], 0.1948190 secs] [Times: user=0.52 sys=0.00, real=0.19 secs] 
Heap after GC invocations=51 (full 33):
 PSYoungGen      total 62464K, used 6830K [0x00000000f8300000, 0x0000000100000000, 0x0000000100000000)
  eden space 43008K, 15% used [0x00000000f8300000,0x00000000f89abab8,0x00000000fad00000)
  from space 19456K, 0% used [0x00000000fed00000,0x00000000fed00000,0x0000000100000000)
  to   space 42496K, 0% used [0x00000000fad00000,0x00000000fad00000,0x00000000fd680000)
 ParOldGen       total 134144K, used 133898K [0x00000000f0000000, 0x00000000f8300000, 0x00000000f8300000)
  object space 134144K, 99% used [0x00000000f0000000,0x00000000f82c2b00,0x00000000f8300000)
 Metaspace       used 52159K, capacity 55194K, committed 55296K, reserved 1097728K
  class space    used 6365K, capacity 6901K, committed 6912K, reserved 1048576K
}
{Heap before GC invocations=52 (full 34):
 PSYoungGen      total 62464K, used 43008K [0x00000000f8300000, 0x0000000100000000, 0x0000000100000000)
  eden space 43008K, 100% used [0x00000000f8300000,0x00000000fad00000,0x00000000fad00000)
  from space 19456K, 0% used [0x00000000fed00000,0x00000000fed00000,0x0000000100000000)
  to   space 42496K, 0% used [0x00000000fad00000,0x00000000fad00000,0x00000000fd680000)
 ParOldGen       total 134144K, used 133898K [0x00000000f0000000, 0x00000000f8300000, 0x00000000f8300000)
  object space 134144K, 99% used [0x00000000f0000000,0x00000000f82c2b00,0x00000000f8300000)
 Metaspace       used 52164K, capacity 55194K, committed 55296K, reserved 1097728K
  class space    used 6365K, capacity 6901K, committed 6912K, reserved 1048576K
2023-01-17T04:25:24.430+0800: 23.380: [Full GC (Ergonomics) [PSYoungGen: 43008K->6860K(62464K)] [ParOldGen: 133898K->133861K(134144K)] 176906K->140721K(196608K), [Metaspace: 52164K->52164K(1097728K)], 0.1782283 secs] [Times: user=0.44 sys=0.01, real=0.17 secs] 
Heap after GC invocations=52 (full 34):
 PSYoungGen      total 62464K, used 6860K [0x00000000f8300000, 0x0000000100000000, 0x0000000100000000)
  eden space 43008K, 15% used [0x00000000f8300000,0x00000000f89b3208,0x00000000fad00000)
  from space 19456K, 0% used [0x00000000fed00000,0x00000000fed00000,0x0000000100000000)
  to   space 42496K, 0% used [0x00000000fad00000,0x00000000fad00000,0x00000000fd680000)
 ParOldGen       total 134144K, used 133861K [0x00000000f0000000, 0x00000000f8300000, 0x00000000f8300000)
  object space 134144K, 99% used [0x00000000f0000000,0x00000000f82b95d8,0x00000000f8300000)
 Metaspace       used 52164K, capacity 55194K, committed 55296K, reserved 1097728K
  class space    used 6365K, capacity 6901K, committed 6912K, reserved 1048576K
}
{Heap before GC invocations=53 (full 35):
 PSYoungGen      total 62464K, used 43008K [0x00000000f8300000, 0x0000000100000000, 0x0000000100000000)
  eden space 43008K, 100% used [0x00000000f8300000,0x00000000fad00000,0x00000000fad00000)
  from space 19456K, 0% used [0x00000000fed00000,0x00000000fed00000,0x0000000100000000)
  to   space 42496K, 0% used [0x00000000fad00000,0x00000000fad00000,0x00000000fd680000)
 ParOldGen       total 134144K, used 133861K [0x00000000f0000000, 0x00000000f8300000, 0x00000000f8300000)
  object space 134144K, 99% used [0x00000000f0000000,0x00000000f82b95d8,0x00000000f8300000)
 Metaspace       used 52165K, capacity 55194K, committed 55296K, reserved 1097728K
  class space    used 6365K, capacity 6901K, committed 6912K, reserved 1048576K
2023-01-17T04:25:24.691+0800: 23.641: [Full GC (Ergonomics) [PSYoungGen: 43008K->6904K(62464K)] [ParOldGen: 133861K->133823K(134144K)] 176869K->140727K(196608K), [Metaspace: 52165K->52165K(1097728K)], 0.1923223 secs] [Times: user=0.45 sys=0.00, real=0.19 secs] 
Heap after GC invocations=53 (full 35):
 PSYoungGen      total 62464K, used 6904K [0x00000000f8300000, 0x0000000100000000, 0x0000000100000000)
  eden space 43008K, 16% used [0x00000000f8300000,0x00000000f89be1f0,0x00000000fad00000)
  from space 19456K, 0% used [0x00000000fed00000,0x00000000fed00000,0x0000000100000000)
  to   space 42496K, 0% used [0x00000000fad00000,0x00000000fad00000,0x00000000fd680000)
 ParOldGen       total 134144K, used 133823K [0x00000000f0000000, 0x00000000f8300000, 0x00000000f8300000)
  object space 134144K, 99% used [0x00000000f0000000,0x00000000f82afd10,0x00000000f8300000)
 Metaspace       used 52165K, capacity 55194K, committed 55296K, reserved 1097728K
  class space    used 6365K, capacity 6901K, committed 6912K, reserved 1048576K
}
{Heap before GC invocations=54 (full 36):
 PSYoungGen      total 62464K, used 43008K [0x00000000f8300000, 0x0000000100000000, 0x0000000100000000)
  eden space 43008K, 100% used [0x00000000f8300000,0x00000000fad00000,0x00000000fad00000)
  from space 19456K, 0% used [0x00000000fed00000,0x00000000fed00000,0x0000000100000000)
  to   space 42496K, 0% used [0x00000000fad00000,0x00000000fad00000,0x00000000fd680000)
 ParOldGen       total 134144K, used 133823K [0x00000000f0000000, 0x00000000f8300000, 0x00000000f8300000)
  object space 134144K, 99% used [0x00000000f0000000,0x00000000f82afd10,0x00000000f8300000)
 Metaspace       used 52166K, capacity 55194K, committed 55296K, reserved 1097728K
  class space    used 6365K, capacity 6901K, committed 6912K, reserved 1048576K
2023-01-17T04:25:24.963+0800: 23.913: [Full GC (Ergonomics) [PSYoungGen: 43008K->6973K(62464K)] [ParOldGen: 133823K->133762K(134144K)] 176831K->140735K(196608K), [Metaspace: 52166K->52166K(1097728K)], 0.1921198 secs] [Times: user=0.54 sys=0.00, real=0.19 secs] 
Heap after GC invocations=54 (full 36):
 PSYoungGen      total 62464K, used 6973K [0x00000000f8300000, 0x0000000100000000, 0x0000000100000000)
  eden space 43008K, 16% used [0x00000000f8300000,0x00000000f89cf598,0x00000000fad00000)
  from space 19456K, 0% used [0x00000000fed00000,0x00000000fed00000,0x0000000100000000)
  to   space 42496K, 0% used [0x00000000fad00000,0x00000000fad00000,0x00000000fd680000)
 ParOldGen       total 134144K, used 133762K [0x00000000f0000000, 0x00000000f8300000, 0x00000000f8300000)
  object space 134144K, 99% used [0x00000000f0000000,0x00000000f82a08c8,0x00000000f8300000)
 Metaspace       used 52166K, capacity 55194K, committed 55296K, reserved 1097728K
  class space    used 6365K, capacity 6901K, committed 6912K, reserved 1048576K
}
{Heap before GC invocations=55 (full 37):
 PSYoungGen      total 62464K, used 43008K [0x00000000f8300000, 0x0000000100000000, 0x0000000100000000)
  eden space 43008K, 100% used [0x00000000f8300000,0x00000000fad00000,0x00000000fad00000)
  from space 19456K, 0% used [0x00000000fed00000,0x00000000fed00000,0x0000000100000000)
  to   space 42496K, 0% used [0x00000000fad00000,0x00000000fad00000,0x00000000fd680000)
 ParOldGen       total 134144K, used 133762K [0x00000000f0000000, 0x00000000f8300000, 0x00000000f8300000)
  object space 134144K, 99% used [0x00000000f0000000,0x00000000f82a08c8,0x00000000f8300000)
 Metaspace       used 52166K, capacity 55194K, committed 55296K, reserved 1097728K
  class space    used 6365K, capacity 6901K, committed 6912K, reserved 1048576K
2023-01-17T04:25:25.265+0800: 24.215: [Full GC (Ergonomics) [PSYoungGen: 43008K->7034K(62464K)] [ParOldGen: 133762K->133722K(134144K)] 176770K->140757K(196608K), [Metaspace: 52166K->52166K(1097728K)], 0.2574276 secs] [Times: user=0.68 sys=0.00, real=0.26 secs] 
Heap after GC invocations=55 (full 37):
 PSYoungGen      total 62464K, used 7034K [0x00000000f8300000, 0x0000000100000000, 0x0000000100000000)
  eden space 43008K, 16% used [0x00000000f8300000,0x00000000f89dea00,0x00000000fad00000)
  from space 19456K, 0% used [0x00000000fed00000,0x00000000fed00000,0x0000000100000000)
  to   space 42496K, 0% used [0x00000000fad00000,0x00000000fad00000,0x00000000fd680000)
 ParOldGen       total 134144K, used 133722K [0x00000000f0000000, 0x00000000f8300000, 0x00000000f8300000)
  object space 134144K, 99% used [0x00000000f0000000,0x00000000f8296ba0,0x00000000f8300000)
 Metaspace       used 52166K, capacity 55194K, committed 55296K, reserved 1097728K
  class space    used 6365K, capacity 6901K, committed 6912K, reserved 1048576K
}
{Heap before GC invocations=56 (full 38):
 PSYoungGen      total 62464K, used 43008K [0x00000000f8300000, 0x0000000100000000, 0x0000000100000000)
  eden space 43008K, 100% used [0x00000000f8300000,0x00000000fad00000,0x00000000fad00000)
  from space 19456K, 0% used [0x00000000fed00000,0x00000000fed00000,0x0000000100000000)
  to   space 42496K, 0% used [0x00000000fad00000,0x00000000fad00000,0x00000000fd680000)
 ParOldGen       total 134144K, used 133722K [0x00000000f0000000, 0x00000000f8300000, 0x00000000f8300000)
  object space 134144K, 99% used [0x00000000f0000000,0x00000000f8296ba0,0x00000000f8300000)
 Metaspace       used 52166K, capacity 55194K, committed 55296K, reserved 1097728K
  class space    used 6365K, capacity 6901K, committed 6912K, reserved 1048576K
2023-01-17T04:25:25.640+0800: 24.590: [Full GC (Ergonomics) [PSYoungGen: 43008K->7061K(62464K)] [ParOldGen: 133722K->133697K(134144K)] 176730K->140759K(196608K), [Metaspace: 52166K->52166K(1097728K)], 0.2016853 secs] [Times: user=0.50 sys=0.00, real=0.20 secs] 
Heap after GC invocations=56 (full 38):
 PSYoungGen      total 62464K, used 7061K [0x00000000f8300000, 0x0000000100000000, 0x0000000100000000)
  eden space 43008K, 16% used [0x00000000f8300000,0x00000000f89e55e0,0x00000000fad00000)
  from space 19456K, 0% used [0x00000000fed00000,0x00000000fed00000,0x0000000100000000)
  to   space 42496K, 0% used [0x00000000fad00000,0x00000000fad00000,0x00000000fd680000)
 ParOldGen       total 134144K, used 133697K [0x00000000f0000000, 0x00000000f8300000, 0x00000000f8300000)
  object space 134144K, 99% used [0x00000000f0000000,0x00000000f8290660,0x00000000f8300000)
 Metaspace       used 52166K, capacity 55194K, committed 55296K, reserved 1097728K
  class space    used 6365K, capacity 6901K, committed 6912K, reserved 1048576K
}
{Heap before GC invocations=57 (full 39):
 PSYoungGen      total 62464K, used 43008K [0x00000000f8300000, 0x0000000100000000, 0x0000000100000000)
  eden space 43008K, 100% used [0x00000000f8300000,0x00000000fad00000,0x00000000fad00000)
  from space 19456K, 0% used [0x00000000fed00000,0x00000000fed00000,0x0000000100000000)
  to   space 42496K, 0% used [0x00000000fad00000,0x00000000fad00000,0x00000000fd680000)
 ParOldGen       total 134144K, used 133697K [0x00000000f0000000, 0x00000000f8300000, 0x00000000f8300000)
  object space 134144K, 99% used [0x00000000f0000000,0x00000000f8290660,0x00000000f8300000)
 Metaspace       used 52166K, capacity 55194K, committed 55296K, reserved 1097728K
  class space    used 6365K, capacity 6901K, committed 6912K, reserved 1048576K
2023-01-17T04:25:25.928+0800: 24.878: [Full GC (Ergonomics) [PSYoungGen: 43008K->7085K(62464K)] [ParOldGen: 133697K->133682K(134144K)] 176705K->140768K(196608K), [Metaspace: 52166K->52166K(1097728K)], 0.2091761 secs] [Times: user=0.67 sys=0.00, real=0.21 secs] 
Heap after GC invocations=57 (full 39):
 PSYoungGen      total 62464K, used 7085K [0x00000000f8300000, 0x0000000100000000, 0x0000000100000000)
  eden space 43008K, 16% used [0x00000000f8300000,0x00000000f89eb600,0x00000000fad00000)
  from space 19456K, 0% used [0x00000000fed00000,0x00000000fed00000,0x0000000100000000)
  to   space 42496K, 0% used [0x00000000fad00000,0x00000000fad00000,0x00000000fd680000)
 ParOldGen       total 134144K, used 133682K [0x00000000f0000000, 0x00000000f8300000, 0x00000000f8300000)
  object space 134144K, 99% used [0x00000000f0000000,0x00000000f828ca08,0x00000000f8300000)
 Metaspace       used 52166K, capacity 55194K, committed 55296K, reserved 1097728K
  class space    used 6365K, capacity 6901K, committed 6912K, reserved 1048576K
}
{Heap before GC invocations=58 (full 40):
 PSYoungGen      total 62464K, used 43008K [0x00000000f8300000, 0x0000000100000000, 0x0000000100000000)
  eden space 43008K, 100% used [0x00000000f8300000,0x00000000fad00000,0x00000000fad00000)
  from space 19456K, 0% used [0x00000000fed00000,0x00000000fed00000,0x0000000100000000)
  to   space 42496K, 0% used [0x00000000fad00000,0x00000000fad00000,0x00000000fd680000)
 ParOldGen       total 134144K, used 133682K [0x00000000f0000000, 0x00000000f8300000, 0x00000000f8300000)
  object space 134144K, 99% used [0x00000000f0000000,0x00000000f828ca08,0x00000000f8300000)
 Metaspace       used 52181K, capacity 55194K, committed 55296K, reserved 1097728K
  class space    used 6365K, capacity 6901K, committed 6912K, reserved 1048576K
2023-01-17T04:25:26.242+0800: 25.192: [Full GC (Ergonomics) [PSYoungGen: 43008K->6648K(62464K)] [ParOldGen: 133682K->134126K(134144K)] 176690K->140775K(196608K), [Metaspace: 52181K->52181K(1097728K)], 0.2382470 secs] [Times: user=0.58 sys=0.00, real=0.24 secs] 
Heap after GC invocations=58 (full 40):
 PSYoungGen      total 62464K, used 6648K [0x00000000f8300000, 0x0000000100000000, 0x0000000100000000)
  eden space 43008K, 15% used [0x00000000f8300000,0x00000000f897e388,0x00000000fad00000)
  from space 19456K, 0% used [0x00000000fed00000,0x00000000fed00000,0x0000000100000000)
  to   space 42496K, 0% used [0x00000000fad00000,0x00000000fad00000,0x00000000fd680000)
 ParOldGen       total 134144K, used 134126K [0x00000000f0000000, 0x00000000f8300000, 0x00000000f8300000)
  object space 134144K, 99% used [0x00000000f0000000,0x00000000f82fb900,0x00000000f8300000)
 Metaspace       used 52181K, capacity 55194K, committed 55296K, reserved 1097728K
  class space    used 6365K, capacity 6901K, committed 6912K, reserved 1048576K
}
{Heap before GC invocations=59 (full 41):
 PSYoungGen      total 62464K, used 43008K [0x00000000f8300000, 0x0000000100000000, 0x0000000100000000)
  eden space 43008K, 100% used [0x00000000f8300000,0x00000000fad00000,0x00000000fad00000)
  from space 19456K, 0% used [0x00000000fed00000,0x00000000fed00000,0x0000000100000000)
  to   space 42496K, 0% used [0x00000000fad00000,0x00000000fad00000,0x00000000fd680000)
 ParOldGen       total 134144K, used 134126K [0x00000000f0000000, 0x00000000f8300000, 0x00000000f8300000)
  object space 134144K, 99% used [0x00000000f0000000,0x00000000f82fb900,0x00000000f8300000)
 Metaspace       used 52181K, capacity 55194K, committed 55296K, reserved 1097728K
  class space    used 6365K, capacity 6901K, committed 6912K, reserved 1048576K
2023-01-17T04:25:26.604+0800: 25.554: [Full GC (Ergonomics) [PSYoungGen: 43008K->6678K(62464K)] [ParOldGen: 134126K->134099K(134144K)] 177134K->140777K(196608K), [Metaspace: 52181K->52181K(1097728K)], 0.2283345 secs] [Times: user=0.59 sys=0.01, real=0.23 secs] 
Heap after GC invocations=59 (full 41):
 PSYoungGen      total 62464K, used 6678K [0x00000000f8300000, 0x0000000100000000, 0x0000000100000000)
  eden space 43008K, 15% used [0x00000000f8300000,0x00000000f8985818,0x00000000fad00000)
  from space 19456K, 0% used [0x00000000fed00000,0x00000000fed00000,0x0000000100000000)
  to   space 42496K, 0% used [0x00000000fad00000,0x00000000fad00000,0x00000000fd680000)
 ParOldGen       total 134144K, used 134099K [0x00000000f0000000, 0x00000000f8300000, 0x00000000f8300000)
  object space 134144K, 99% used [0x00000000f0000000,0x00000000f82f4fc8,0x00000000f8300000)
 Metaspace       used 52181K, capacity 55194K, committed 55296K, reserved 1097728K
  class space    used 6365K, capacity 6901K, committed 6912K, reserved 1048576K
}
{Heap before GC invocations=60 (full 42):
 PSYoungGen      total 62464K, used 43008K [0x00000000f8300000, 0x0000000100000000, 0x0000000100000000)
  eden space 43008K, 100% used [0x00000000f8300000,0x00000000fad00000,0x00000000fad00000)
  from space 19456K, 0% used [0x00000000fed00000,0x00000000fed00000,0x0000000100000000)
  to   space 42496K, 0% used [0x00000000fad00000,0x00000000fad00000,0x00000000fd680000)
 ParOldGen       total 134144K, used 134099K [0x00000000f0000000, 0x00000000f8300000, 0x00000000f8300000)
  object space 134144K, 99% used [0x00000000f0000000,0x00000000f82f4fc8,0x00000000f8300000)
 Metaspace       used 52183K, capacity 55194K, committed 55296K, reserved 1097728K
  class space    used 6365K, capacity 6901K, committed 6912K, reserved 1048576K
2023-01-17T04:25:26.915+0800: 25.865: [Full GC (Ergonomics) [PSYoungGen: 43008K->6716K(62464K)] [ParOldGen: 134099K->134049K(134144K)] 177107K->140766K(196608K), [Metaspace: 52183K->52183K(1097728K)], 0.1678254 secs] [Times: user=0.43 sys=0.00, real=0.17 secs] 
Heap after GC invocations=60 (full 42):
 PSYoungGen      total 62464K, used 6716K [0x00000000f8300000, 0x0000000100000000, 0x0000000100000000)
  eden space 43008K, 15% used [0x00000000f8300000,0x00000000f898f2e0,0x00000000fad00000)
  from space 19456K, 0% used [0x00000000fed00000,0x00000000fed00000,0x0000000100000000)
  to   space 42496K, 0% used [0x00000000fad00000,0x00000000fad00000,0x00000000fd680000)
 ParOldGen       total 134144K, used 134049K [0x00000000f0000000, 0x00000000f8300000, 0x00000000f8300000)
  object space 134144K, 99% used [0x00000000f0000000,0x00000000f82e85d0,0x00000000f8300000)
 Metaspace       used 52183K, capacity 55194K, committed 55296K, reserved 1097728K
  class space    used 6365K, capacity 6901K, committed 6912K, reserved 1048576K
}
{Heap before GC invocations=61 (full 43):
 PSYoungGen      total 62464K, used 43008K [0x00000000f8300000, 0x0000000100000000, 0x0000000100000000)
  eden space 43008K, 100% used [0x00000000f8300000,0x00000000fad00000,0x00000000fad00000)
  from space 19456K, 0% used [0x00000000fed00000,0x00000000fed00000,0x0000000100000000)
  to   space 42496K, 0% used [0x00000000fad00000,0x00000000fad00000,0x00000000fd680000)
 ParOldGen       total 134144K, used 134049K [0x00000000f0000000, 0x00000000f8300000, 0x00000000f8300000)
  object space 134144K, 99% used [0x00000000f0000000,0x00000000f82e85d0,0x00000000f8300000)
 Metaspace       used 52183K, capacity 55194K, committed 55296K, reserved 1097728K
  class space    used 6365K, capacity 6901K, committed 6912K, reserved 1048576K
2023-01-17T04:25:27.205+0800: 26.155: [Full GC (Ergonomics) [PSYoungGen: 43008K->6738K(62464K)] [ParOldGen: 134049K->134042K(134144K)] 177057K->140780K(196608K), [Metaspace: 52183K->52183K(1097728K)], 0.1726023 secs] [Times: user=0.44 sys=0.01, real=0.17 secs] 
Heap after GC invocations=61 (full 43):
 PSYoungGen      total 62464K, used 6738K [0x00000000f8300000, 0x0000000100000000, 0x0000000100000000)
  eden space 43008K, 15% used [0x00000000f8300000,0x00000000f8994928,0x00000000fad00000)
  from space 19456K, 0% used [0x00000000fed00000,0x00000000fed00000,0x0000000100000000)
  to   space 42496K, 0% used [0x00000000fad00000,0x00000000fad00000,0x00000000fd680000)
 ParOldGen       total 134144K, used 134042K [0x00000000f0000000, 0x00000000f8300000, 0x00000000f8300000)
  object space 134144K, 99% used [0x00000000f0000000,0x00000000f82e6900,0x00000000f8300000)
 Metaspace       used 52183K, capacity 55194K, committed 55296K, reserved 1097728K
  class space    used 6365K, capacity 6901K, committed 6912K, reserved 1048576K
}
{Heap before GC invocations=62 (full 44):
 PSYoungGen      total 62464K, used 43008K [0x00000000f8300000, 0x0000000100000000, 0x0000000100000000)
  eden space 43008K, 100% used [0x00000000f8300000,0x00000000fad00000,0x00000000fad00000)
  from space 19456K, 0% used [0x00000000fed00000,0x00000000fed00000,0x0000000100000000)
  to   space 42496K, 0% used [0x00000000fad00000,0x00000000fad00000,0x00000000fd680000)
 ParOldGen       total 134144K, used 134042K [0x00000000f0000000, 0x00000000f8300000, 0x00000000f8300000)
  object space 134144K, 99% used [0x00000000f0000000,0x00000000f82e6900,0x00000000f8300000)
 Metaspace       used 52183K, capacity 55194K, committed 55296K, reserved 1097728K
  class space    used 6365K, capacity 6901K, committed 6912K, reserved 1048576K
2023-01-17T04:25:27.462+0800: 26.412: [Full GC (Ergonomics) [PSYoungGen: 43008K->6751K(62464K)] [ParOldGen: 134042K->134027K(134144K)] 177050K->140778K(196608K), [Metaspace: 52183K->52183K(1097728K)], 0.1685271 secs] [Times: user=0.48 sys=0.01, real=0.17 secs] 
Heap after GC invocations=62 (full 44):
 PSYoungGen      total 62464K, used 6751K [0x00000000f8300000, 0x0000000100000000, 0x0000000100000000)
  eden space 43008K, 15% used [0x00000000f8300000,0x00000000f8997c58,0x00000000fad00000)
  from space 19456K, 0% used [0x00000000fed00000,0x00000000fed00000,0x0000000100000000)
  to   space 42496K, 0% used [0x00000000fad00000,0x00000000fad00000,0x00000000fd680000)
 ParOldGen       total 134144K, used 134027K [0x00000000f0000000, 0x00000000f8300000, 0x00000000f8300000)
  object space 134144K, 99% used [0x00000000f0000000,0x00000000f82e2e98,0x00000000f8300000)
 Metaspace       used 52183K, capacity 55194K, committed 55296K, reserved 1097728K
  class space    used 6365K, capacity 6901K, committed 6912K, reserved 1048576K
}
{Heap before GC invocations=63 (full 45):
 PSYoungGen      total 62464K, used 43008K [0x00000000f8300000, 0x0000000100000000, 0x0000000100000000)
  eden space 43008K, 100% used [0x00000000f8300000,0x00000000fad00000,0x00000000fad00000)
  from space 19456K, 0% used [0x00000000fed00000,0x00000000fed00000,0x0000000100000000)
  to   space 42496K, 0% used [0x00000000fad00000,0x00000000fad00000,0x00000000fd680000)
 ParOldGen       total 134144K, used 134027K [0x00000000f0000000, 0x00000000f8300000, 0x00000000f8300000)
  object space 134144K, 99% used [0x00000000f0000000,0x00000000f82e2e98,0x00000000f8300000)
 Metaspace       used 52184K, capacity 55194K, committed 55296K, reserved 1097728K
  class space    used 6365K, capacity 6901K, committed 6912K, reserved 1048576K
2023-01-17T04:25:27.731+0800: 26.681: [Full GC (Ergonomics) [PSYoungGen: 43008K->6784K(62464K)] [ParOldGen: 134027K->133997K(134144K)] 177035K->140781K(196608K), [Metaspace: 52184K->52184K(1097728K)], 0.2567630 secs] [Times: user=0.53 sys=0.00, real=0.25 secs] 
Heap after GC invocations=63 (full 45):
 PSYoungGen      total 62464K, used 6784K [0x00000000f8300000, 0x0000000100000000, 0x0000000100000000)
  eden space 43008K, 15% used [0x00000000f8300000,0x00000000f89a01a8,0x00000000fad00000)
  from space 19456K, 0% used [0x00000000fed00000,0x00000000fed00000,0x0000000100000000)
  to   space 42496K, 0% used [0x00000000fad00000,0x00000000fad00000,0x00000000fd680000)
 ParOldGen       total 134144K, used 133997K [0x00000000f0000000, 0x00000000f8300000, 0x00000000f8300000)
  object space 134144K, 99% used [0x00000000f0000000,0x00000000f82db4c8,0x00000000f8300000)
 Metaspace       used 52184K, capacity 55194K, committed 55296K, reserved 1097728K
  class space    used 6365K, capacity 6901K, committed 6912K, reserved 1048576K
}
{Heap before GC invocations=64 (full 46):
 PSYoungGen      total 62464K, used 43008K [0x00000000f8300000, 0x0000000100000000, 0x0000000100000000)
  eden space 43008K, 100% used [0x00000000f8300000,0x00000000fad00000,0x00000000fad00000)
  from space 19456K, 0% used [0x00000000fed00000,0x00000000fed00000,0x0000000100000000)
  to   space 42496K, 0% used [0x00000000fad00000,0x00000000fad00000,0x00000000fd680000)
 ParOldGen       total 134144K, used 133997K [0x00000000f0000000, 0x00000000f8300000, 0x00000000f8300000)
  object space 134144K, 99% used [0x00000000f0000000,0x00000000f82db4c8,0x00000000f8300000)
 Metaspace       used 52184K, capacity 55194K, committed 55296K, reserved 1097728K
  class space    used 6365K, capacity 6901K, committed 6912K, reserved 1048576K
2023-01-17T04:25:28.119+0800: 27.069: [Full GC (Ergonomics) [PSYoungGen: 43008K->6802K(62464K)] [ParOldGen: 133997K->133982K(134144K)] 177005K->140784K(196608K), [Metaspace: 52184K->52184K(1097728K)], 0.1732714 secs] [Times: user=0.43 sys=0.00, real=0.18 secs] 
Heap after GC invocations=64 (full 46):
 PSYoungGen      total 62464K, used 6802K [0x00000000f8300000, 0x0000000100000000, 0x0000000100000000)
  eden space 43008K, 15% used [0x00000000f8300000,0x00000000f89a4b38,0x00000000fad00000)
  from space 19456K, 0% used [0x00000000fed00000,0x00000000fed00000,0x0000000100000000)
  to   space 42496K, 0% used [0x00000000fad00000,0x00000000fad00000,0x00000000fd680000)
 ParOldGen       total 134144K, used 133982K [0x00000000f0000000, 0x00000000f8300000, 0x00000000f8300000)
  object space 134144K, 99% used [0x00000000f0000000,0x00000000f82d7888,0x00000000f8300000)
 Metaspace       used 52184K, capacity 55194K, committed 55296K, reserved 1097728K
  class space    used 6365K, capacity 6901K, committed 6912K, reserved 1048576K
}
{Heap before GC invocations=65 (full 47):
 PSYoungGen      total 62464K, used 43008K [0x00000000f8300000, 0x0000000100000000, 0x0000000100000000)
  eden space 43008K, 100% used [0x00000000f8300000,0x00000000fad00000,0x00000000fad00000)
  from space 19456K, 0% used [0x00000000fed00000,0x00000000fed00000,0x0000000100000000)
  to   space 42496K, 0% used [0x00000000fad00000,0x00000000fad00000,0x00000000fd680000)
 ParOldGen       total 134144K, used 133982K [0x00000000f0000000, 0x00000000f8300000, 0x00000000f8300000)
  object space 134144K, 99% used [0x00000000f0000000,0x00000000f82d7888,0x00000000f8300000)
 Metaspace       used 52184K, capacity 55194K, committed 55296K, reserved 1097728K
  class space    used 6365K, capacity 6901K, committed 6912K, reserved 1048576K
2023-01-17T04:25:28.393+0800: 27.343: [Full GC (Ergonomics) [PSYoungGen: 43008K->6821K(62464K)] [ParOldGen: 133982K->133977K(134144K)] 176990K->140798K(196608K), [Metaspace: 52184K->52184K(1097728K)], 0.1667931 secs] [Times: user=0.44 sys=0.01, real=0.17 secs] 
Heap after GC invocations=65 (full 47):
 PSYoungGen      total 62464K, used 6821K [0x00000000f8300000, 0x0000000100000000, 0x0000000100000000)
  eden space 43008K, 15% used [0x00000000f8300000,0x00000000f89a95d0,0x00000000fad00000)
  from space 19456K, 0% used [0x00000000fed00000,0x00000000fed00000,0x0000000100000000)
  to   space 42496K, 0% used [0x00000000fad00000,0x00000000fad00000,0x00000000fd680000)
 ParOldGen       total 134144K, used 133977K [0x00000000f0000000, 0x00000000f8300000, 0x00000000f8300000)
  object space 134144K, 99% used [0x00000000f0000000,0x00000000f82d6518,0x00000000f8300000)
 Metaspace       used 52184K, capacity 55194K, committed 55296K, reserved 1097728K
  class space    used 6365K, capacity 6901K, committed 6912K, reserved 1048576K
}
{Heap before GC invocations=66 (full 48):
 PSYoungGen      total 62464K, used 43008K [0x00000000f8300000, 0x0000000100000000, 0x0000000100000000)
  eden space 43008K, 100% used [0x00000000f8300000,0x00000000fad00000,0x00000000fad00000)
  from space 19456K, 0% used [0x00000000fed00000,0x00000000fed00000,0x0000000100000000)
  to   space 42496K, 0% used [0x00000000fad00000,0x00000000fad00000,0x00000000fd680000)
 ParOldGen       total 134144K, used 133977K [0x00000000f0000000, 0x00000000f8300000, 0x00000000f8300000)
  object space 134144K, 99% used [0x00000000f0000000,0x00000000f82d6518,0x00000000f8300000)
 Metaspace       used 52184K, capacity 55194K, committed 55296K, reserved 1097728K
  class space    used 6365K, capacity 6901K, committed 6912K, reserved 1048576K
2023-01-17T04:25:28.673+0800: 27.623: [Full GC (Ergonomics) [PSYoungGen: 43008K->6831K(62464K)] [ParOldGen: 133977K->133965K(134144K)] 176985K->140796K(196608K), [Metaspace: 52184K->52184K(1097728K)], 0.2413695 secs] [Times: user=0.56 sys=0.00, real=0.24 secs] 
Heap after GC invocations=66 (full 48):
 PSYoungGen      total 62464K, used 6831K [0x00000000f8300000, 0x0000000100000000, 0x0000000100000000)
  eden space 43008K, 15% used [0x00000000f8300000,0x00000000f89abc20,0x00000000fad00000)
  from space 19456K, 0% used [0x00000000fed00000,0x00000000fed00000,0x0000000100000000)
  to   space 42496K, 0% used [0x00000000fad00000,0x00000000fad00000,0x00000000fd680000)
 ParOldGen       total 134144K, used 133965K [0x00000000f0000000, 0x00000000f8300000, 0x00000000f8300000)
  object space 134144K, 99% used [0x00000000f0000000,0x00000000f82d35c8,0x00000000f8300000)
 Metaspace       used 52184K, capacity 55194K, committed 55296K, reserved 1097728K
  class space    used 6365K, capacity 6901K, committed 6912K, reserved 1048576K
}
{Heap before GC invocations=67 (full 49):
 PSYoungGen      total 62464K, used 43008K [0x00000000f8300000, 0x0000000100000000, 0x0000000100000000)
  eden space 43008K, 100% used [0x00000000f8300000,0x00000000fad00000,0x00000000fad00000)
  from space 19456K, 0% used [0x00000000fed00000,0x00000000fed00000,0x0000000100000000)
  to   space 42496K, 0% used [0x00000000fad00000,0x00000000fad00000,0x00000000fd680000)
 ParOldGen       total 134144K, used 133965K [0x00000000f0000000, 0x00000000f8300000, 0x00000000f8300000)
  object space 134144K, 99% used [0x00000000f0000000,0x00000000f82d35c8,0x00000000f8300000)
 Metaspace       used 52185K, capacity 55194K, committed 55296K, reserved 1097728K
  class space    used 6365K, capacity 6901K, committed 6912K, reserved 1048576K
2023-01-17T04:25:29.034+0800: 27.984: [Full GC (Ergonomics) [PSYoungGen: 43008K->6848K(62464K)] [ParOldGen: 133965K->133953K(134144K)] 176973K->140801K(196608K), [Metaspace: 52185K->52185K(1097728K)], 0.1996402 secs] [Times: user=0.44 sys=0.00, real=0.20 secs] 
Heap after GC invocations=67 (full 49):
 PSYoungGen      total 62464K, used 6848K [0x00000000f8300000, 0x0000000100000000, 0x0000000100000000)
  eden space 43008K, 15% used [0x00000000f8300000,0x00000000f89b0190,0x00000000fad00000)
  from space 19456K, 0% used [0x00000000fed00000,0x00000000fed00000,0x0000000100000000)
  to   space 42496K, 0% used [0x00000000fad00000,0x00000000fad00000,0x00000000fd680000)
 ParOldGen       total 134144K, used 133953K [0x00000000f0000000, 0x00000000f8300000, 0x00000000f8300000)
  object space 134144K, 99% used [0x00000000f0000000,0x00000000f82d0478,0x00000000f8300000)
 Metaspace       used 52185K, capacity 55194K, committed 55296K, reserved 1097728K
  class space    used 6365K, capacity 6901K, committed 6912K, reserved 1048576K
}
{Heap before GC invocations=68 (full 50):
 PSYoungGen      total 62464K, used 43008K [0x00000000f8300000, 0x0000000100000000, 0x0000000100000000)
  eden space 43008K, 100% used [0x00000000f8300000,0x00000000fad00000,0x00000000fad00000)
  from space 19456K, 0% used [0x00000000fed00000,0x00000000fed00000,0x0000000100000000)
  to   space 42496K, 0% used [0x00000000fad00000,0x00000000fad00000,0x00000000fd680000)
 ParOldGen       total 134144K, used 133953K [0x00000000f0000000, 0x00000000f8300000, 0x00000000f8300000)
  object space 134144K, 99% used [0x00000000f0000000,0x00000000f82d0478,0x00000000f8300000)
 Metaspace       used 52185K, capacity 55194K, committed 55296K, reserved 1097728K
  class space    used 6365K, capacity 6901K, committed 6912K, reserved 1048576K
2023-01-17T04:25:29.318+0800: 28.268: [Full GC (Ergonomics) [PSYoungGen: 43008K->6873K(62464K)] [ParOldGen: 133953K->133942K(134144K)] 176961K->140815K(196608K), [Metaspace: 52185K->52185K(1097728K)], 0.1513132 secs] [Times: user=0.38 sys=0.00, real=0.15 secs] 
Heap after GC invocations=68 (full 50):
 PSYoungGen      total 62464K, used 6873K [0x00000000f8300000, 0x0000000100000000, 0x0000000100000000)
  eden space 43008K, 15% used [0x00000000f8300000,0x00000000f89b65d0,0x00000000fad00000)
  from space 19456K, 0% used [0x00000000fed00000,0x00000000fed00000,0x0000000100000000)
  to   space 42496K, 0% used [0x00000000fad00000,0x00000000fad00000,0x00000000fd680000)
 ParOldGen       total 134144K, used 133942K [0x00000000f0000000, 0x00000000f8300000, 0x00000000f8300000)
  object space 134144K, 99% used [0x00000000f0000000,0x00000000f82cd9a0,0x00000000f8300000)
 Metaspace       used 52185K, capacity 55194K, committed 55296K, reserved 1097728K
  class space    used 6365K, capacity 6901K, committed 6912K, reserved 1048576K
}
{Heap before GC invocations=69 (full 51):
 PSYoungGen      total 62464K, used 43008K [0x00000000f8300000, 0x0000000100000000, 0x0000000100000000)
  eden space 43008K, 100% used [0x00000000f8300000,0x00000000fad00000,0x00000000fad00000)
  from space 19456K, 0% used [0x00000000fed00000,0x00000000fed00000,0x0000000100000000)
  to   space 42496K, 0% used [0x00000000fad00000,0x00000000fad00000,0x00000000fd680000)
 ParOldGen       total 134144K, used 133942K [0x00000000f0000000, 0x00000000f8300000, 0x00000000f8300000)
  object space 134144K, 99% used [0x00000000f0000000,0x00000000f82cd9a0,0x00000000f8300000)
 Metaspace       used 52187K, capacity 55194K, committed 55296K, reserved 1097728K
  class space    used 6365K, capacity 6901K, committed 6912K, reserved 1048576K
2023-01-17T04:25:29.654+0800: 28.604: [Full GC (Ergonomics) [PSYoungGen: 43008K->6887K(62464K)] [ParOldGen: 133942K->133927K(134144K)] 176950K->140814K(196608K), [Metaspace: 52187K->52187K(1097728K)], 0.2081549 secs] [Times: user=0.58 sys=0.00, real=0.21 secs] 
Heap after GC invocations=69 (full 51):
 PSYoungGen      total 62464K, used 6887K [0x00000000f8300000, 0x0000000100000000, 0x0000000100000000)
  eden space 43008K, 16% used [0x00000000f8300000,0x00000000f89b9ca8,0x00000000fad00000)
  from space 19456K, 0% used [0x00000000fed00000,0x00000000fed00000,0x0000000100000000)
  to   space 42496K, 0% used [0x00000000fad00000,0x00000000fad00000,0x00000000fd680000)
 ParOldGen       total 134144K, used 133927K [0x00000000f0000000, 0x00000000f8300000, 0x00000000f8300000)
  object space 134144K, 99% used [0x00000000f0000000,0x00000000f82c9dc8,0x00000000f8300000)
 Metaspace       used 52187K, capacity 55194K, committed 55296K, reserved 1097728K
  class space    used 6365K, capacity 6901K, committed 6912K, reserved 1048576K
}
{Heap before GC invocations=70 (full 52):
 PSYoungGen      total 62464K, used 43008K [0x00000000f8300000, 0x0000000100000000, 0x0000000100000000)
  eden space 43008K, 100% used [0x00000000f8300000,0x00000000fad00000,0x00000000fad00000)
  from space 19456K, 0% used [0x00000000fed00000,0x00000000fed00000,0x0000000100000000)
  to   space 42496K, 0% used [0x00000000fad00000,0x00000000fad00000,0x00000000fd680000)
 ParOldGen       total 134144K, used 133927K [0x00000000f0000000, 0x00000000f8300000, 0x00000000f8300000)
  object space 134144K, 99% used [0x00000000f0000000,0x00000000f82c9dc8,0x00000000f8300000)
 Metaspace       used 52187K, capacity 55194K, committed 55296K, reserved 1097728K
  class space    used 6365K, capacity 6901K, committed 6912K, reserved 1048576K
2023-01-17T04:25:29.935+0800: 28.885: [Full GC (Ergonomics) [PSYoungGen: 43008K->6876K(62464K)] [ParOldGen: 133927K->133922K(134144K)] 176935K->140798K(196608K), [Metaspace: 52187K->52187K(1097728K)], 0.1630279 secs] [Times: user=0.45 sys=0.00, real=0.16 secs] 
Heap after GC invocations=70 (full 52):
 PSYoungGen      total 62464K, used 6876K [0x00000000f8300000, 0x0000000100000000, 0x0000000100000000)
  eden space 43008K, 15% used [0x00000000f8300000,0x00000000f89b7128,0x00000000fad00000)
  from space 19456K, 0% used [0x00000000fed00000,0x00000000fed00000,0x0000000100000000)
  to   space 42496K, 0% used [0x00000000fad00000,0x00000000fad00000,0x00000000fd680000)
 ParOldGen       total 134144K, used 133922K [0x00000000f0000000, 0x00000000f8300000, 0x00000000f8300000)
  object space 134144K, 99% used [0x00000000f0000000,0x00000000f82c8938,0x00000000f8300000)
 Metaspace       used 52187K, capacity 55194K, committed 55296K, reserved 1097728K
  class space    used 6365K, capacity 6901K, committed 6912K, reserved 1048576K
}
{Heap before GC invocations=71 (full 53):
 PSYoungGen      total 62464K, used 43008K [0x00000000f8300000, 0x0000000100000000, 0x0000000100000000)
  eden space 43008K, 100% used [0x00000000f8300000,0x00000000fad00000,0x00000000fad00000)
  from space 19456K, 0% used [0x00000000fed00000,0x00000000fed00000,0x0000000100000000)
  to   space 42496K, 0% used [0x00000000fad00000,0x00000000fad00000,0x00000000fd680000)
 ParOldGen       total 134144K, used 133922K [0x00000000f0000000, 0x00000000f8300000, 0x00000000f8300000)
  object space 134144K, 99% used [0x00000000f0000000,0x00000000f82c8938,0x00000000f8300000)
 Metaspace       used 52204K, capacity 55194K, committed 55296K, reserved 1097728K
  class space    used 6368K, capacity 6901K, committed 6912K, reserved 1048576K
2023-01-17T04:25:30.196+0800: 29.146: [Full GC (Ergonomics) [PSYoungGen: 43008K->6957K(62464K)] [ParOldGen: 133922K->133871K(134144K)] 176930K->140828K(196608K), [Metaspace: 52204K->52204K(1097728K)], 0.2141894 secs] [Times: user=0.43 sys=0.00, real=0.22 secs] 
Heap after GC invocations=71 (full 53):
 PSYoungGen      total 62464K, used 6957K [0x00000000f8300000, 0x0000000100000000, 0x0000000100000000)
  eden space 43008K, 16% used [0x00000000f8300000,0x00000000f89cb668,0x00000000fad00000)
  from space 19456K, 0% used [0x00000000fed00000,0x00000000fed00000,0x0000000100000000)
  to   space 42496K, 0% used [0x00000000fad00000,0x00000000fad00000,0x00000000fd680000)
 ParOldGen       total 134144K, used 133871K [0x00000000f0000000, 0x00000000f8300000, 0x00000000f8300000)
  object space 134144K, 99% used [0x00000000f0000000,0x00000000f82bbc08,0x00000000f8300000)
 Metaspace       used 52204K, capacity 55194K, committed 55296K, reserved 1097728K
  class space    used 6368K, capacity 6901K, committed 6912K, reserved 1048576K
}
{Heap before GC invocations=72 (full 54):
 PSYoungGen      total 62464K, used 43008K [0x00000000f8300000, 0x0000000100000000, 0x0000000100000000)
  eden space 43008K, 100% used [0x00000000f8300000,0x00000000fad00000,0x00000000fad00000)
  from space 19456K, 0% used [0x00000000fed00000,0x00000000fed00000,0x0000000100000000)
  to   space 42496K, 0% used [0x00000000fad00000,0x00000000fad00000,0x00000000fd680000)
 ParOldGen       total 134144K, used 133871K [0x00000000f0000000, 0x00000000f8300000, 0x00000000f8300000)
  object space 134144K, 99% used [0x00000000f0000000,0x00000000f82bbc08,0x00000000f8300000)
 Metaspace       used 52204K, capacity 55194K, committed 55296K, reserved 1097728K
  class space    used 6368K, capacity 6901K, committed 6912K, reserved 1048576K
2023-01-17T04:25:30.523+0800: 29.473: [Full GC (Ergonomics) [PSYoungGen: 43008K->6946K(62464K)] [ParOldGen: 133871K->133862K(134144K)] 176879K->140809K(196608K), [Metaspace: 52204K->52204K(1097728K)], 0.1702733 secs] [Times: user=0.42 sys=0.00, real=0.17 secs] 
Heap after GC invocations=72 (full 54):
 PSYoungGen      total 62464K, used 6946K [0x00000000f8300000, 0x0000000100000000, 0x0000000100000000)
  eden space 43008K, 16% used [0x00000000f8300000,0x00000000f89c8b90,0x00000000fad00000)
  from space 19456K, 0% used [0x00000000fed00000,0x00000000fed00000,0x0000000100000000)
  to   space 42496K, 0% used [0x00000000fad00000,0x00000000fad00000,0x00000000fd680000)
 ParOldGen       total 134144K, used 133862K [0x00000000f0000000, 0x00000000f8300000, 0x00000000f8300000)
  object space 134144K, 99% used [0x00000000f0000000,0x00000000f82b9a48,0x00000000f8300000)
 Metaspace       used 52204K, capacity 55194K, committed 55296K, reserved 1097728K
  class space    used 6368K, capacity 6901K, committed 6912K, reserved 1048576K
}
{Heap before GC invocations=73 (full 55):
 PSYoungGen      total 62464K, used 43008K [0x00000000f8300000, 0x0000000100000000, 0x0000000100000000)
  eden space 43008K, 100% used [0x00000000f8300000,0x00000000fad00000,0x00000000fad00000)
  from space 19456K, 0% used [0x00000000fed00000,0x00000000fed00000,0x0000000100000000)
  to   space 42496K, 0% used [0x00000000fad00000,0x00000000fad00000,0x00000000fd680000)
 ParOldGen       total 134144K, used 133862K [0x00000000f0000000, 0x00000000f8300000, 0x00000000f8300000)
  object space 134144K, 99% used [0x00000000f0000000,0x00000000f82b9a48,0x00000000f8300000)
 Metaspace       used 52206K, capacity 55194K, committed 55296K, reserved 1097728K
  class space    used 6368K, capacity 6901K, committed 6912K, reserved 1048576K
2023-01-17T04:25:30.812+0800: 29.762: [Full GC (Ergonomics) [PSYoungGen: 43008K->6942K(62464K)] [ParOldGen: 133862K->133861K(134144K)] 176870K->140804K(196608K), [Metaspace: 52206K->52206K(1097728K)], 0.1639927 secs] [Times: user=0.46 sys=0.00, real=0.16 secs] 
Heap after GC invocations=73 (full 55):
 PSYoungGen      total 62464K, used 6942K [0x00000000f8300000, 0x0000000100000000, 0x0000000100000000)
  eden space 43008K, 16% used [0x00000000f8300000,0x00000000f89c7a00,0x00000000fad00000)
  from space 19456K, 0% used [0x00000000fed00000,0x00000000fed00000,0x0000000100000000)
  to   space 42496K, 0% used [0x00000000fad00000,0x00000000fad00000,0x00000000fd680000)
 ParOldGen       total 134144K, used 133861K [0x00000000f0000000, 0x00000000f8300000, 0x00000000f8300000)
  object space 134144K, 99% used [0x00000000f0000000,0x00000000f82b9688,0x00000000f8300000)
 Metaspace       used 52206K, capacity 55194K, committed 55296K, reserved 1097728K
  class space    used 6368K, capacity 6901K, committed 6912K, reserved 1048576K
}
{Heap before GC invocations=74 (full 56):
 PSYoungGen      total 62464K, used 43008K [0x00000000f8300000, 0x0000000100000000, 0x0000000100000000)
  eden space 43008K, 100% used [0x00000000f8300000,0x00000000fad00000,0x00000000fad00000)
  from space 19456K, 0% used [0x00000000fed00000,0x00000000fed00000,0x0000000100000000)
  to   space 42496K, 0% used [0x00000000fad00000,0x00000000fad00000,0x00000000fd680000)
 ParOldGen       total 134144K, used 133861K [0x00000000f0000000, 0x00000000f8300000, 0x00000000f8300000)
  object space 134144K, 99% used [0x00000000f0000000,0x00000000f82b9688,0x00000000f8300000)
 Metaspace       used 52206K, capacity 55194K, committed 55296K, reserved 1097728K
  class space    used 6368K, capacity 6901K, committed 6912K, reserved 1048576K
2023-01-17T04:25:31.082+0800: 30.032: [Full GC (Ergonomics) [PSYoungGen: 43008K->6950K(62464K)] [ParOldGen: 133861K->133853K(134144K)] 176869K->140804K(196608K), [Metaspace: 52206K->52206K(1097728K)], 0.2246406 secs] [Times: user=0.58 sys=0.00, real=0.22 secs] 
Heap after GC invocations=74 (full 56):
 PSYoungGen      total 62464K, used 6950K [0x00000000f8300000, 0x0000000100000000, 0x0000000100000000)
  eden space 43008K, 16% used [0x00000000f8300000,0x00000000f89c98b8,0x00000000fad00000)
  from space 19456K, 0% used [0x00000000fed00000,0x00000000fed00000,0x0000000100000000)
  to   space 42496K, 0% used [0x00000000fad00000,0x00000000fad00000,0x00000000fd680000)
 ParOldGen       total 134144K, used 133853K [0x00000000f0000000, 0x00000000f8300000, 0x00000000f8300000)
  object space 134144K, 99% used [0x00000000f0000000,0x00000000f82b77a8,0x00000000f8300000)
 Metaspace       used 52206K, capacity 55194K, committed 55296K, reserved 1097728K
  class space    used 6368K, capacity 6901K, committed 6912K, reserved 1048576K
}
{Heap before GC invocations=75 (full 57):
 PSYoungGen      total 62464K, used 43008K [0x00000000f8300000, 0x0000000100000000, 0x0000000100000000)
  eden space 43008K, 100% used [0x00000000f8300000,0x00000000fad00000,0x00000000fad00000)
  from space 19456K, 0% used [0x00000000fed00000,0x00000000fed00000,0x0000000100000000)
  to   space 42496K, 0% used [0x00000000fad00000,0x00000000fad00000,0x00000000fd680000)
 ParOldGen       total 134144K, used 133853K [0x00000000f0000000, 0x00000000f8300000, 0x00000000f8300000)
  object space 134144K, 99% used [0x00000000f0000000,0x00000000f82b77a8,0x00000000f8300000)
 Metaspace       used 52206K, capacity 55194K, committed 55296K, reserved 1097728K
  class space    used 6368K, capacity 6901K, committed 6912K, reserved 1048576K
2023-01-17T04:25:31.413+0800: 30.363: [Full GC (Ergonomics) [PSYoungGen: 43008K->7005K(62464K)] [ParOldGen: 133853K->133835K(134144K)] 176861K->140840K(196608K), [Metaspace: 52206K->52206K(1097728K)], 0.1554149 secs] [Times: user=0.38 sys=0.01, real=0.15 secs] 
Heap after GC invocations=75 (full 57):
 PSYoungGen      total 62464K, used 7005K [0x00000000f8300000, 0x0000000100000000, 0x0000000100000000)
  eden space 43008K, 16% used [0x00000000f8300000,0x00000000f89d75e0,0x00000000fad00000)
  from space 19456K, 0% used [0x00000000fed00000,0x00000000fed00000,0x0000000100000000)
  to   space 42496K, 0% used [0x00000000fad00000,0x00000000fad00000,0x00000000fd680000)
 ParOldGen       total 134144K, used 133835K [0x00000000f0000000, 0x00000000f8300000, 0x00000000f8300000)
  object space 134144K, 99% used [0x00000000f0000000,0x00000000f82b2e00,0x00000000f8300000)
 Metaspace       used 52206K, capacity 55194K, committed 55296K, reserved 1097728K
  class space    used 6368K, capacity 6901K, committed 6912K, reserved 1048576K
}
{Heap before GC invocations=76 (full 58):
 PSYoungGen      total 62464K, used 43008K [0x00000000f8300000, 0x0000000100000000, 0x0000000100000000)
  eden space 43008K, 100% used [0x00000000f8300000,0x00000000fad00000,0x00000000fad00000)
  from space 19456K, 0% used [0x00000000fed00000,0x00000000fed00000,0x0000000100000000)
  to   space 42496K, 0% used [0x00000000fad00000,0x00000000fad00000,0x00000000fd680000)
 ParOldGen       total 134144K, used 133835K [0x00000000f0000000, 0x00000000f8300000, 0x00000000f8300000)
  object space 134144K, 99% used [0x00000000f0000000,0x00000000f82b2e00,0x00000000f8300000)
 Metaspace       used 52206K, capacity 55194K, committed 55296K, reserved 1097728K
  class space    used 6368K, capacity 6901K, committed 6912K, reserved 1048576K
2023-01-17T04:25:31.704+0800: 30.654: [Full GC (Ergonomics) [PSYoungGen: 43008K->7002K(62464K)] [ParOldGen: 133835K->133817K(134144K)] 176843K->140819K(196608K), [Metaspace: 52206K->52206K(1097728K)], 0.1497411 secs] [Times: user=0.41 sys=0.00, real=0.15 secs] 
Heap after GC invocations=76 (full 58):
 PSYoungGen      total 62464K, used 7002K [0x00000000f8300000, 0x0000000100000000, 0x0000000100000000)
  eden space 43008K, 16% used [0x00000000f8300000,0x00000000f89d6b40,0x00000000fad00000)
  from space 19456K, 0% used [0x00000000fed00000,0x00000000fed00000,0x0000000100000000)
  to   space 42496K, 0% used [0x00000000fad00000,0x00000000fad00000,0x00000000fd680000)
 ParOldGen       total 134144K, used 133817K [0x00000000f0000000, 0x00000000f8300000, 0x00000000f8300000)
  object space 134144K, 99% used [0x00000000f0000000,0x00000000f82ae400,0x00000000f8300000)
 Metaspace       used 52206K, capacity 55194K, committed 55296K, reserved 1097728K
  class space    used 6368K, capacity 6901K, committed 6912K, reserved 1048576K
}
{Heap before GC invocations=77 (full 59):
 PSYoungGen      total 62464K, used 43008K [0x00000000f8300000, 0x0000000100000000, 0x0000000100000000)
  eden space 43008K, 100% used [0x00000000f8300000,0x00000000fad00000,0x00000000fad00000)
  from space 19456K, 0% used [0x00000000fed00000,0x00000000fed00000,0x0000000100000000)
  to   space 42496K, 0% used [0x00000000fad00000,0x00000000fad00000,0x00000000fd680000)
 ParOldGen       total 134144K, used 133817K [0x00000000f0000000, 0x00000000f8300000, 0x00000000f8300000)
  object space 134144K, 99% used [0x00000000f0000000,0x00000000f82ae400,0x00000000f8300000)
 Metaspace       used 52206K, capacity 55194K, committed 55296K, reserved 1097728K
  class space    used 6368K, capacity 6901K, committed 6912K, reserved 1048576K
2023-01-17T04:25:31.939+0800: 30.889: [Full GC (Ergonomics) [PSYoungGen: 43008K->7029K(62464K)] [ParOldGen: 133817K->133802K(134144K)] 176825K->140831K(196608K), [Metaspace: 52206K->52206K(1097728K)], 0.1797728 secs] [Times: user=0.41 sys=0.00, real=0.18 secs] 
Heap after GC invocations=77 (full 59):
 PSYoungGen      total 62464K, used 7029K [0x00000000f8300000, 0x0000000100000000, 0x0000000100000000)
  eden space 43008K, 16% used [0x00000000f8300000,0x00000000f89dd498,0x00000000fad00000)
  from space 19456K, 0% used [0x00000000fed00000,0x00000000fed00000,0x0000000100000000)
  to   space 42496K, 0% used [0x00000000fad00000,0x00000000fad00000,0x00000000fd680000)
 ParOldGen       total 134144K, used 133802K [0x00000000f0000000, 0x00000000f8300000, 0x00000000f8300000)
  object space 134144K, 99% used [0x00000000f0000000,0x00000000f82aa8f0,0x00000000f8300000)
 Metaspace       used 52206K, capacity 55194K, committed 55296K, reserved 1097728K
  class space    used 6368K, capacity 6901K, committed 6912K, reserved 1048576K
}
{Heap before GC invocations=78 (full 60):
 PSYoungGen      total 62464K, used 43008K [0x00000000f8300000, 0x0000000100000000, 0x0000000100000000)
  eden space 43008K, 100% used [0x00000000f8300000,0x00000000fad00000,0x00000000fad00000)
  from space 19456K, 0% used [0x00000000fed00000,0x00000000fed00000,0x0000000100000000)
  to   space 42496K, 0% used [0x00000000fad00000,0x00000000fad00000,0x00000000fd680000)
 ParOldGen       total 134144K, used 133802K [0x00000000f0000000, 0x00000000f8300000, 0x00000000f8300000)
  object space 134144K, 99% used [0x00000000f0000000,0x00000000f82aa8f0,0x00000000f8300000)
 Metaspace       used 52206K, capacity 55194K, committed 55296K, reserved 1097728K
  class space    used 6368K, capacity 6901K, committed 6912K, reserved 1048576K
2023-01-17T04:25:32.217+0800: 31.167: [Full GC (Ergonomics) [PSYoungGen: 43008K->7021K(62464K)] [ParOldGen: 133802K->133800K(134144K)] 176810K->140822K(196608K), [Metaspace: 52206K->52206K(1097728K)], 0.1712714 secs] [Times: user=0.45 sys=0.00, real=0.17 secs] 
Heap after GC invocations=78 (full 60):
 PSYoungGen      total 62464K, used 7021K [0x00000000f8300000, 0x0000000100000000, 0x0000000100000000)
  eden space 43008K, 16% used [0x00000000f8300000,0x00000000f89db640,0x00000000fad00000)
  from space 19456K, 0% used [0x00000000fed00000,0x00000000fed00000,0x0000000100000000)
  to   space 42496K, 0% used [0x00000000fad00000,0x00000000fad00000,0x00000000fd680000)
 ParOldGen       total 134144K, used 133800K [0x00000000f0000000, 0x00000000f8300000, 0x00000000f8300000)
  object space 134144K, 99% used [0x00000000f0000000,0x00000000f82aa350,0x00000000f8300000)
 Metaspace       used 52206K, capacity 55194K, committed 55296K, reserved 1097728K
  class space    used 6368K, capacity 6901K, committed 6912K, reserved 1048576K
}
{Heap before GC invocations=79 (full 61):
 PSYoungGen      total 62464K, used 43007K [0x00000000f8300000, 0x0000000100000000, 0x0000000100000000)
  eden space 43008K, 99% used [0x00000000f8300000,0x00000000facffff0,0x00000000fad00000)
  from space 19456K, 0% used [0x00000000fed00000,0x00000000fed00000,0x0000000100000000)
  to   space 42496K, 0% used [0x00000000fad00000,0x00000000fad00000,0x00000000fd680000)
 ParOldGen       total 134144K, used 133800K [0x00000000f0000000, 0x00000000f8300000, 0x00000000f8300000)
  object space 134144K, 99% used [0x00000000f0000000,0x00000000f82aa350,0x00000000f8300000)
 Metaspace       used 52206K, capacity 55194K, committed 55296K, reserved 1097728K
  class space    used 6368K, capacity 6901K, committed 6912K, reserved 1048576K
2023-01-17T04:25:32.473+0800: 31.423: [Full GC (Ergonomics) [PSYoungGen: 43007K->7021K(62464K)] [ParOldGen: 133800K->133800K(134144K)] 176808K->140821K(196608K), [Metaspace: 52206K->52206K(1097728K)], 0.1631016 secs] [Times: user=0.45 sys=0.01, real=0.16 secs] 
Heap after GC invocations=79 (full 61):
 PSYoungGen      total 62464K, used 7021K [0x00000000f8300000, 0x0000000100000000, 0x0000000100000000)
  eden space 43008K, 16% used [0x00000000f8300000,0x00000000f89db478,0x00000000fad00000)
  from space 19456K, 0% used [0x00000000fed00000,0x00000000fed00000,0x0000000100000000)
  to   space 42496K, 0% used [0x00000000fad00000,0x00000000fad00000,0x00000000fd680000)
 ParOldGen       total 134144K, used 133800K [0x00000000f0000000, 0x00000000f8300000, 0x00000000f8300000)
  object space 134144K, 99% used [0x00000000f0000000,0x00000000f82aa050,0x00000000f8300000)
 Metaspace       used 52206K, capacity 55194K, committed 55296K, reserved 1097728K
  class space    used 6368K, capacity 6901K, committed 6912K, reserved 1048576K
}
{Heap before GC invocations=80 (full 62):
 PSYoungGen      total 62464K, used 43008K [0x00000000f8300000, 0x0000000100000000, 0x0000000100000000)
  eden space 43008K, 100% used [0x00000000f8300000,0x00000000fad00000,0x00000000fad00000)
  from space 19456K, 0% used [0x00000000fed00000,0x00000000fed00000,0x0000000100000000)
  to   space 42496K, 0% used [0x00000000fad00000,0x00000000fad00000,0x00000000fd680000)
 ParOldGen       total 134144K, used 133800K [0x00000000f0000000, 0x00000000f8300000, 0x00000000f8300000)
  object space 134144K, 99% used [0x00000000f0000000,0x00000000f82aa050,0x00000000f8300000)
 Metaspace       used 52206K, capacity 55194K, committed 55296K, reserved 1097728K
  class space    used 6368K, capacity 6901K, committed 6912K, reserved 1048576K
2023-01-17T04:25:32.734+0800: 31.684: [Full GC (Ergonomics) [PSYoungGen: 43008K->7012K(62464K)] [ParOldGen: 133800K->133799K(134144K)] 176808K->140812K(196608K), [Metaspace: 52206K->52206K(1097728K)], 0.2244688 secs] [Times: user=0.39 sys=0.00, real=0.22 secs] 
Heap after GC invocations=80 (full 62):
 PSYoungGen      total 62464K, used 7012K [0x00000000f8300000, 0x0000000100000000, 0x0000000100000000)
  eden space 43008K, 16% used [0x00000000f8300000,0x00000000f89d9228,0x00000000fad00000)
  from space 19456K, 0% used [0x00000000fed00000,0x00000000fed00000,0x0000000100000000)
  to   space 42496K, 0% used [0x00000000fad00000,0x00000000fad00000,0x00000000fd680000)
 ParOldGen       total 134144K, used 133799K [0x00000000f0000000, 0x00000000f8300000, 0x00000000f8300000)
  object space 134144K, 99% used [0x00000000f0000000,0x00000000f82a9e10,0x00000000f8300000)
 Metaspace       used 52206K, capacity 55194K, committed 55296K, reserved 1097728K
  class space    used 6368K, capacity 6901K, committed 6912K, reserved 1048576K
}
{Heap before GC invocations=81 (full 63):
 PSYoungGen      total 62464K, used 43008K [0x00000000f8300000, 0x0000000100000000, 0x0000000100000000)
  eden space 43008K, 100% used [0x00000000f8300000,0x00000000fad00000,0x00000000fad00000)
  from space 19456K, 0% used [0x00000000fed00000,0x00000000fed00000,0x0000000100000000)
  to   space 42496K, 0% used [0x00000000fad00000,0x00000000fad00000,0x00000000fd680000)
 ParOldGen       total 134144K, used 133799K [0x00000000f0000000, 0x00000000f8300000, 0x00000000f8300000)
  object space 134144K, 99% used [0x00000000f0000000,0x00000000f82a9e10,0x00000000f8300000)
 Metaspace       used 52206K, capacity 55194K, committed 55296K, reserved 1097728K
  class space    used 6368K, capacity 6901K, committed 6912K, reserved 1048576K
2023-01-17T04:25:33.078+0800: 32.028: [Full GC (Ergonomics) [PSYoungGen: 43008K->7019K(62464K)] [ParOldGen: 133799K->133798K(134144K)] 176807K->140818K(196608K), [Metaspace: 52206K->52206K(1097728K)], 0.1621415 secs] [Times: user=0.46 sys=0.01, real=0.17 secs] 
Heap after GC invocations=81 (full 63):
 PSYoungGen      total 62464K, used 7019K [0x00000000f8300000, 0x0000000100000000, 0x0000000100000000)
  eden space 43008K, 16% used [0x00000000f8300000,0x00000000f89dafa8,0x00000000fad00000)
  from space 19456K, 0% used [0x00000000fed00000,0x00000000fed00000,0x0000000100000000)
  to   space 42496K, 0% used [0x00000000fad00000,0x00000000fad00000,0x00000000fd680000)
 ParOldGen       total 134144K, used 133798K [0x00000000f0000000, 0x00000000f8300000, 0x00000000f8300000)
  object space 134144K, 99% used [0x00000000f0000000,0x00000000f82a9b70,0x00000000f8300000)
 Metaspace       used 52206K, capacity 55194K, committed 55296K, reserved 1097728K
  class space    used 6368K, capacity 6901K, committed 6912K, reserved 1048576K
}
{Heap before GC invocations=82 (full 64):
 PSYoungGen      total 62464K, used 43008K [0x00000000f8300000, 0x0000000100000000, 0x0000000100000000)
  eden space 43008K, 100% used [0x00000000f8300000,0x00000000fad00000,0x00000000fad00000)
  from space 19456K, 0% used [0x00000000fed00000,0x00000000fed00000,0x0000000100000000)
  to   space 42496K, 0% used [0x00000000fad00000,0x00000000fad00000,0x00000000fd680000)
 ParOldGen       total 134144K, used 133798K [0x00000000f0000000, 0x00000000f8300000, 0x00000000f8300000)
  object space 134144K, 99% used [0x00000000f0000000,0x00000000f82a9b70,0x00000000f8300000)
 Metaspace       used 52206K, capacity 55194K, committed 55296K, reserved 1097728K
  class space    used 6368K, capacity 6901K, committed 6912K, reserved 1048576K
2023-01-17T04:25:33.335+0800: 32.285: [Full GC (Ergonomics) [PSYoungGen: 43008K->7005K(62464K)] [ParOldGen: 133798K->133798K(134144K)] 176806K->140803K(196608K), [Metaspace: 52206K->52206K(1097728K)], 0.1414442 secs] [Times: user=0.38 sys=0.00, real=0.14 secs] 
Heap after GC invocations=82 (full 64):
 PSYoungGen      total 62464K, used 7005K [0x00000000f8300000, 0x0000000100000000, 0x0000000100000000)
  eden space 43008K, 16% used [0x00000000f8300000,0x00000000f89d7688,0x00000000fad00000)
  from space 19456K, 0% used [0x00000000fed00000,0x00000000fed00000,0x0000000100000000)
  to   space 42496K, 0% used [0x00000000fad00000,0x00000000fad00000,0x00000000fd680000)
 ParOldGen       total 134144K, used 133798K [0x00000000f0000000, 0x00000000f8300000, 0x00000000f8300000)
  object space 134144K, 99% used [0x00000000f0000000,0x00000000f82a9810,0x00000000f8300000)
 Metaspace       used 52206K, capacity 55194K, committed 55296K, reserved 1097728K
  class space    used 6368K, capacity 6901K, committed 6912K, reserved 1048576K
}
{Heap before GC invocations=83 (full 65):
 PSYoungGen      total 62464K, used 43008K [0x00000000f8300000, 0x0000000100000000, 0x0000000100000000)
  eden space 43008K, 100% used [0x00000000f8300000,0x00000000fad00000,0x00000000fad00000)
  from space 19456K, 0% used [0x00000000fed00000,0x00000000fed00000,0x0000000100000000)
  to   space 42496K, 0% used [0x00000000fad00000,0x00000000fad00000,0x00000000fd680000)
 ParOldGen       total 134144K, used 133798K [0x00000000f0000000, 0x00000000f8300000, 0x00000000f8300000)
  object space 134144K, 99% used [0x00000000f0000000,0x00000000f82a9810,0x00000000f8300000)
 Metaspace       used 52206K, capacity 55194K, committed 55296K, reserved 1097728K
  class space    used 6368K, capacity 6901K, committed 6912K, reserved 1048576K
2023-01-17T04:25:33.584+0800: 32.533: [Full GC (Ergonomics) [PSYoungGen: 43008K->7010K(62464K)] [ParOldGen: 133798K->133797K(134144K)] 176806K->140807K(196608K), [Metaspace: 52206K->52206K(1097728K)], 0.1730063 secs] [Times: user=0.39 sys=0.00, real=0.17 secs] 
Heap after GC invocations=83 (full 65):
 PSYoungGen      total 62464K, used 7010K [0x00000000f8300000, 0x0000000100000000, 0x0000000100000000)
  eden space 43008K, 16% used [0x00000000f8300000,0x00000000f89d8ab8,0x00000000fad00000)
  from space 19456K, 0% used [0x00000000fed00000,0x00000000fed00000,0x0000000100000000)
  to   space 42496K, 0% used [0x00000000fad00000,0x00000000fad00000,0x00000000fd680000)
 ParOldGen       total 134144K, used 133797K [0x00000000f0000000, 0x00000000f8300000, 0x00000000f8300000)
  object space 134144K, 99% used [0x00000000f0000000,0x00000000f82a9510,0x00000000f8300000)
 Metaspace       used 52206K, capacity 55194K, committed 55296K, reserved 1097728K
  class space    used 6368K, capacity 6901K, committed 6912K, reserved 1048576K
}
{Heap before GC invocations=84 (full 66):
 PSYoungGen      total 62464K, used 43008K [0x00000000f8300000, 0x0000000100000000, 0x0000000100000000)
  eden space 43008K, 100% used [0x00000000f8300000,0x00000000fad00000,0x00000000fad00000)
  from space 19456K, 0% used [0x00000000fed00000,0x00000000fed00000,0x0000000100000000)
  to   space 42496K, 0% used [0x00000000fad00000,0x00000000fad00000,0x00000000fd680000)
 ParOldGen       total 134144K, used 133797K [0x00000000f0000000, 0x00000000f8300000, 0x00000000f8300000)
  object space 134144K, 99% used [0x00000000f0000000,0x00000000f82a9510,0x00000000f8300000)
 Metaspace       used 52206K, capacity 55194K, committed 55296K, reserved 1097728K
  class space    used 6368K, capacity 6901K, committed 6912K, reserved 1048576K
2023-01-17T04:25:33.868+0800: 32.818: [Full GC (Ergonomics) [PSYoungGen: 43008K->7020K(62464K)] [ParOldGen: 133797K->133785K(134144K)] 176805K->140806K(196608K), [Metaspace: 52206K->52206K(1097728K)], 0.2163547 secs] [Times: user=0.64 sys=0.00, real=0.22 secs] 
Heap after GC invocations=84 (full 66):
 PSYoungGen      total 62464K, used 7020K [0x00000000f8300000, 0x0000000100000000, 0x0000000100000000)
  eden space 43008K, 16% used [0x00000000f8300000,0x00000000f89db348,0x00000000fad00000)
  from space 19456K, 0% used [0x00000000fed00000,0x00000000fed00000,0x0000000100000000)
  to   space 42496K, 0% used [0x00000000fad00000,0x00000000fad00000,0x00000000fd680000)
 ParOldGen       total 134144K, used 133785K [0x00000000f0000000, 0x00000000f8300000, 0x00000000f8300000)
  object space 134144K, 99% used [0x00000000f0000000,0x00000000f82a6650,0x00000000f8300000)
 Metaspace       used 52206K, capacity 55194K, committed 55296K, reserved 1097728K
  class space    used 6368K, capacity 6901K, committed 6912K, reserved 1048576K
}
{Heap before GC invocations=85 (full 67):
 PSYoungGen      total 62464K, used 43008K [0x00000000f8300000, 0x0000000100000000, 0x0000000100000000)
  eden space 43008K, 100% used [0x00000000f8300000,0x00000000fad00000,0x00000000fad00000)
  from space 19456K, 0% used [0x00000000fed00000,0x00000000fed00000,0x0000000100000000)
  to   space 42496K, 0% used [0x00000000fad00000,0x00000000fad00000,0x00000000fd680000)
 ParOldGen       total 134144K, used 133785K [0x00000000f0000000, 0x00000000f8300000, 0x00000000f8300000)
  object space 134144K, 99% used [0x00000000f0000000,0x00000000f82a6650,0x00000000f8300000)
 Metaspace       used 52206K, capacity 55194K, committed 55296K, reserved 1097728K
  class space    used 6368K, capacity 6901K, committed 6912K, reserved 1048576K
2023-01-17T04:25:34.186+0800: 33.136: [Full GC (Ergonomics) [PSYoungGen: 43008K->7036K(62464K)] [ParOldGen: 133785K->133778K(134144K)] 176793K->140814K(196608K), [Metaspace: 52206K->52206K(1097728K)], 0.1905427 secs] [Times: user=0.51 sys=0.00, real=0.19 secs] 
Heap after GC invocations=85 (full 67):
 PSYoungGen      total 62464K, used 7036K [0x00000000f8300000, 0x0000000100000000, 0x0000000100000000)
  eden space 43008K, 16% used [0x00000000f8300000,0x00000000f89df270,0x00000000fad00000)
  from space 19456K, 0% used [0x00000000fed00000,0x00000000fed00000,0x0000000100000000)
  to   space 42496K, 0% used [0x00000000fad00000,0x00000000fad00000,0x00000000fd680000)
 ParOldGen       total 134144K, used 133778K [0x00000000f0000000, 0x00000000f8300000, 0x00000000f8300000)
  object space 134144K, 99% used [0x00000000f0000000,0x00000000f82a4888,0x00000000f8300000)
 Metaspace       used 52206K, capacity 55194K, committed 55296K, reserved 1097728K
  class space    used 6368K, capacity 6901K, committed 6912K, reserved 1048576K
}
{Heap before GC invocations=86 (full 68):
 PSYoungGen      total 62464K, used 43008K [0x00000000f8300000, 0x0000000100000000, 0x0000000100000000)
  eden space 43008K, 100% used [0x00000000f8300000,0x00000000fad00000,0x00000000fad00000)
  from space 19456K, 0% used [0x00000000fed00000,0x00000000fed00000,0x0000000100000000)
  to   space 42496K, 0% used [0x00000000fad00000,0x00000000fad00000,0x00000000fd680000)
 ParOldGen       total 134144K, used 133778K [0x00000000f0000000, 0x00000000f8300000, 0x00000000f8300000)
  object space 134144K, 99% used [0x00000000f0000000,0x00000000f82a4888,0x00000000f8300000)
 Metaspace       used 52206K, capacity 55194K, committed 55296K, reserved 1097728K
  class space    used 6368K, capacity 6901K, committed 6912K, reserved 1048576K
2023-01-17T04:25:34.485+0800: 33.435: [Full GC (Ergonomics) [PSYoungGen: 43008K->7053K(62464K)] [ParOldGen: 133778K->133777K(134144K)] 176786K->140831K(196608K), [Metaspace: 52206K->52206K(1097728K)], 0.1865682 secs] [Times: user=0.53 sys=0.00, real=0.19 secs] 
Heap after GC invocations=86 (full 68):
 PSYoungGen      total 62464K, used 7053K [0x00000000f8300000, 0x0000000100000000, 0x0000000100000000)
  eden space 43008K, 16% used [0x00000000f8300000,0x00000000f89e34e0,0x00000000fad00000)
  from space 19456K, 0% used [0x00000000fed00000,0x00000000fed00000,0x0000000100000000)
  to   space 42496K, 0% used [0x00000000fad00000,0x00000000fad00000,0x00000000fd680000)
 ParOldGen       total 134144K, used 133777K [0x00000000f0000000, 0x00000000f8300000, 0x00000000f8300000)
  object space 134144K, 99% used [0x00000000f0000000,0x00000000f82a4768,0x00000000f8300000)
 Metaspace       used 52206K, capacity 55194K, committed 55296K, reserved 1097728K
  class space    used 6368K, capacity 6901K, committed 6912K, reserved 1048576K
}
{Heap before GC invocations=87 (full 69):
 PSYoungGen      total 62464K, used 43008K [0x00000000f8300000, 0x0000000100000000, 0x0000000100000000)
  eden space 43008K, 100% used [0x00000000f8300000,0x00000000fad00000,0x00000000fad00000)
  from space 19456K, 0% used [0x00000000fed00000,0x00000000fed00000,0x0000000100000000)
  to   space 42496K, 0% used [0x00000000fad00000,0x00000000fad00000,0x00000000fd680000)
 ParOldGen       total 134144K, used 133777K [0x00000000f0000000, 0x00000000f8300000, 0x00000000f8300000)
  object space 134144K, 99% used [0x00000000f0000000,0x00000000f82a4768,0x00000000f8300000)
 Metaspace       used 52206K, capacity 55194K, committed 55296K, reserved 1097728K
  class space    used 6368K, capacity 6901K, committed 6912K, reserved 1048576K
2023-01-17T04:25:34.759+0800: 33.709: [Full GC (Ergonomics) [PSYoungGen: 43008K->7076K(62464K)] [ParOldGen: 133777K->133763K(134144K)] 176785K->140840K(196608K), [Metaspace: 52206K->52206K(1097728K)], 0.2132574 secs] [Times: user=0.72 sys=0.01, real=0.22 secs] 
Heap after GC invocations=87 (full 69):
 PSYoungGen      total 62464K, used 7076K [0x00000000f8300000, 0x0000000100000000, 0x0000000100000000)
  eden space 43008K, 16% used [0x00000000f8300000,0x00000000f89e9288,0x00000000fad00000)
  from space 19456K, 0% used [0x00000000fed00000,0x00000000fed00000,0x0000000100000000)
  to   space 42496K, 0% used [0x00000000fad00000,0x00000000fad00000,0x00000000fd680000)
 ParOldGen       total 134144K, used 133763K [0x00000000f0000000, 0x00000000f8300000, 0x00000000f8300000)
  object space 134144K, 99% used [0x00000000f0000000,0x00000000f82a0f00,0x00000000f8300000)
 Metaspace       used 52206K, capacity 55194K, committed 55296K, reserved 1097728K
  class space    used 6368K, capacity 6901K, committed 6912K, reserved 1048576K
}
{Heap before GC invocations=88 (full 70):
 PSYoungGen      total 62464K, used 43008K [0x00000000f8300000, 0x0000000100000000, 0x0000000100000000)
  eden space 43008K, 100% used [0x00000000f8300000,0x00000000fad00000,0x00000000fad00000)
  from space 19456K, 0% used [0x00000000fed00000,0x00000000fed00000,0x0000000100000000)
  to   space 42496K, 0% used [0x00000000fad00000,0x00000000fad00000,0x00000000fd680000)
 ParOldGen       total 134144K, used 133763K [0x00000000f0000000, 0x00000000f8300000, 0x00000000f8300000)
  object space 134144K, 99% used [0x00000000f0000000,0x00000000f82a0f00,0x00000000f8300000)
 Metaspace       used 52206K, capacity 55194K, committed 55296K, reserved 1097728K
  class space    used 6368K, capacity 6901K, committed 6912K, reserved 1048576K
2023-01-17T04:25:35.074+0800: 34.024: [Full GC (Ergonomics) [PSYoungGen: 43008K->7055K(62464K)] [ParOldGen: 133763K->133763K(134144K)] 176771K->140818K(196608K), [Metaspace: 52206K->52206K(1097728K)], 0.1678880 secs] [Times: user=0.38 sys=0.00, real=0.17 secs] 
Heap after GC invocations=88 (full 70):
 PSYoungGen      total 62464K, used 7055K [0x00000000f8300000, 0x0000000100000000, 0x0000000100000000)
  eden space 43008K, 16% used [0x00000000f8300000,0x00000000f89e3eb8,0x00000000fad00000)
  from space 19456K, 0% used [0x00000000fed00000,0x00000000fed00000,0x0000000100000000)
  to   space 42496K, 0% used [0x00000000fad00000,0x00000000fad00000,0x00000000fd680000)
 ParOldGen       total 134144K, used 133763K [0x00000000f0000000, 0x00000000f8300000, 0x00000000f8300000)
  object space 134144K, 99% used [0x00000000f0000000,0x00000000f82a0cc0,0x00000000f8300000)
 Metaspace       used 52206K, capacity 55194K, committed 55296K, reserved 1097728K
  class space    used 6368K, capacity 6901K, committed 6912K, reserved 1048576K
}
{Heap before GC invocations=89 (full 71):
 PSYoungGen      total 62464K, used 43008K [0x00000000f8300000, 0x0000000100000000, 0x0000000100000000)
  eden space 43008K, 100% used [0x00000000f8300000,0x00000000fad00000,0x00000000fad00000)
  from space 19456K, 0% used [0x00000000fed00000,0x00000000fed00000,0x0000000100000000)
  to   space 42496K, 0% used [0x00000000fad00000,0x00000000fad00000,0x00000000fd680000)
 ParOldGen       total 134144K, used 133763K [0x00000000f0000000, 0x00000000f8300000, 0x00000000f8300000)
  object space 134144K, 99% used [0x00000000f0000000,0x00000000f82a0cc0,0x00000000f8300000)
 Metaspace       used 52206K, capacity 55194K, committed 55296K, reserved 1097728K
  class space    used 6368K, capacity 6901K, committed 6912K, reserved 1048576K
2023-01-17T04:25:35.349+0800: 34.299: [Full GC (Ergonomics) [PSYoungGen: 43008K->7080K(62464K)] [ParOldGen: 133763K->133762K(134144K)] 176771K->140843K(196608K), [Metaspace: 52206K->52206K(1097728K)], 0.1682312 secs] [Times: user=0.36 sys=0.00, real=0.17 secs] 
Heap after GC invocations=89 (full 71):
 PSYoungGen      total 62464K, used 7080K [0x00000000f8300000, 0x0000000100000000, 0x0000000100000000)
  eden space 43008K, 16% used [0x00000000f8300000,0x00000000f89ea1e0,0x00000000fad00000)
  from space 19456K, 0% used [0x00000000fed00000,0x00000000fed00000,0x0000000100000000)
  to   space 42496K, 0% used [0x00000000fad00000,0x00000000fad00000,0x00000000fd680000)
 ParOldGen       total 134144K, used 133762K [0x00000000f0000000, 0x00000000f8300000, 0x00000000f8300000)
  object space 134144K, 99% used [0x00000000f0000000,0x00000000f82a0b40,0x00000000f8300000)
 Metaspace       used 52206K, capacity 55194K, committed 55296K, reserved 1097728K
  class space    used 6368K, capacity 6901K, committed 6912K, reserved 1048576K
}
{Heap before GC invocations=90 (full 72):
 PSYoungGen      total 62464K, used 43008K [0x00000000f8300000, 0x0000000100000000, 0x0000000100000000)
  eden space 43008K, 100% used [0x00000000f8300000,0x00000000fad00000,0x00000000fad00000)
  from space 19456K, 0% used [0x00000000fed00000,0x00000000fed00000,0x0000000100000000)
  to   space 42496K, 0% used [0x00000000fad00000,0x00000000fad00000,0x00000000fd680000)
 ParOldGen       total 134144K, used 133762K [0x00000000f0000000, 0x00000000f8300000, 0x00000000f8300000)
  object space 134144K, 99% used [0x00000000f0000000,0x00000000f82a0b40,0x00000000f8300000)
 Metaspace       used 52206K, capacity 55194K, committed 55296K, reserved 1097728K
  class space    used 6368K, capacity 6901K, committed 6912K, reserved 1048576K
2023-01-17T04:25:35.615+0800: 34.565: [Full GC (Ergonomics) [PSYoungGen: 43008K->7080K(62464K)] [ParOldGen: 133762K->133758K(134144K)] 176770K->140838K(196608K), [Metaspace: 52206K->52206K(1097728K)], 0.1901108 secs] [Times: user=0.57 sys=0.00, real=0.19 secs] 
Heap after GC invocations=90 (full 72):
 PSYoungGen      total 62464K, used 7080K [0x00000000f8300000, 0x0000000100000000, 0x0000000100000000)
  eden space 43008K, 16% used [0x00000000f8300000,0x00000000f89ea0a0,0x00000000fad00000)
  from space 19456K, 0% used [0x00000000fed00000,0x00000000fed00000,0x0000000100000000)
  to   space 42496K, 0% used [0x00000000fad00000,0x00000000fad00000,0x00000000fd680000)
 ParOldGen       total 134144K, used 133758K [0x00000000f0000000, 0x00000000f8300000, 0x00000000f8300000)
  object space 134144K, 99% used [0x00000000f0000000,0x00000000f829f8c8,0x00000000f8300000)
 Metaspace       used 52206K, capacity 55194K, committed 55296K, reserved 1097728K
  class space    used 6368K, capacity 6901K, committed 6912K, reserved 1048576K
}
{Heap before GC invocations=91 (full 73):
 PSYoungGen      total 62464K, used 43008K [0x00000000f8300000, 0x0000000100000000, 0x0000000100000000)
  eden space 43008K, 100% used [0x00000000f8300000,0x00000000fad00000,0x00000000fad00000)
  from space 19456K, 0% used [0x00000000fed00000,0x00000000fed00000,0x0000000100000000)
  to   space 42496K, 0% used [0x00000000fad00000,0x00000000fad00000,0x00000000fd680000)
 ParOldGen       total 134144K, used 133758K [0x00000000f0000000, 0x00000000f8300000, 0x00000000f8300000)
  object space 134144K, 99% used [0x00000000f0000000,0x00000000f829f8c8,0x00000000f8300000)
 Metaspace       used 52206K, capacity 55194K, committed 55296K, reserved 1097728K
  class space    used 6368K, capacity 6901K, committed 6912K, reserved 1048576K
2023-01-17T04:25:35.893+0800: 34.843: [Full GC (Ergonomics) [PSYoungGen: 43008K->7081K(62464K)] [ParOldGen: 133758K->133757K(134144K)] 176766K->140839K(196608K), [Metaspace: 52206K->52206K(1097728K)], 0.1745476 secs] [Times: user=0.43 sys=0.00, real=0.17 secs] 
Heap after GC invocations=91 (full 73):
 PSYoungGen      total 62464K, used 7081K [0x00000000f8300000, 0x0000000100000000, 0x0000000100000000)
  eden space 43008K, 16% used [0x00000000f8300000,0x00000000f89ea500,0x00000000fad00000)
  from space 19456K, 0% used [0x00000000fed00000,0x00000000fed00000,0x0000000100000000)
  to   space 42496K, 0% used [0x00000000fad00000,0x00000000fad00000,0x00000000fd680000)
 ParOldGen       total 134144K, used 133757K [0x00000000f0000000, 0x00000000f8300000, 0x00000000f8300000)
  object space 134144K, 99% used [0x00000000f0000000,0x00000000f829f7a8,0x00000000f8300000)
 Metaspace       used 52206K, capacity 55194K, committed 55296K, reserved 1097728K
  class space    used 6368K, capacity 6901K, committed 6912K, reserved 1048576K
}
{Heap before GC invocations=92 (full 74):
 PSYoungGen      total 62464K, used 43008K [0x00000000f8300000, 0x0000000100000000, 0x0000000100000000)
  eden space 43008K, 100% used [0x00000000f8300000,0x00000000fad00000,0x00000000fad00000)
  from space 19456K, 0% used [0x00000000fed00000,0x00000000fed00000,0x0000000100000000)
  to   space 42496K, 0% used [0x00000000fad00000,0x00000000fad00000,0x00000000fd680000)
 ParOldGen       total 134144K, used 133757K [0x00000000f0000000, 0x00000000f8300000, 0x00000000f8300000)
  object space 134144K, 99% used [0x00000000f0000000,0x00000000f829f7a8,0x00000000f8300000)
 Metaspace       used 52206K, capacity 55194K, committed 55296K, reserved 1097728K
  class space    used 6368K, capacity 6901K, committed 6912K, reserved 1048576K
2023-01-17T04:25:36.179+0800: 35.129: [Full GC (Ergonomics) [PSYoungGen: 43008K->7086K(62464K)] [ParOldGen: 133757K->133757K(134144K)] 176765K->140844K(196608K), [Metaspace: 52206K->52206K(1097728K)], 0.1754167 secs] [Times: user=0.51 sys=0.00, real=0.18 secs] 
Heap after GC invocations=92 (full 74):
 PSYoungGen      total 62464K, used 7086K [0x00000000f8300000, 0x0000000100000000, 0x0000000100000000)
  eden space 43008K, 16% used [0x00000000f8300000,0x00000000f89ebba8,0x00000000fad00000)
  from space 19456K, 0% used [0x00000000fed00000,0x00000000fed00000,0x0000000100000000)
  to   space 42496K, 0% used [0x00000000fad00000,0x00000000fad00000,0x00000000fd680000)
 ParOldGen       total 134144K, used 133757K [0x00000000f0000000, 0x00000000f8300000, 0x00000000f8300000)
  object space 134144K, 99% used [0x00000000f0000000,0x00000000f829f688,0x00000000f8300000)
 Metaspace       used 52206K, capacity 55194K, committed 55296K, reserved 1097728K
  class space    used 6368K, capacity 6901K, committed 6912K, reserved 1048576K
}
{Heap before GC invocations=93 (full 75):
 PSYoungGen      total 62464K, used 43008K [0x00000000f8300000, 0x0000000100000000, 0x0000000100000000)
  eden space 43008K, 100% used [0x00000000f8300000,0x00000000fad00000,0x00000000fad00000)
  from space 19456K, 0% used [0x00000000fed00000,0x00000000fed00000,0x0000000100000000)
  to   space 42496K, 0% used [0x00000000fad00000,0x00000000fad00000,0x00000000fd680000)
 ParOldGen       total 134144K, used 133757K [0x00000000f0000000, 0x00000000f8300000, 0x00000000f8300000)
  object space 134144K, 99% used [0x00000000f0000000,0x00000000f829f688,0x00000000f8300000)
 Metaspace       used 52206K, capacity 55194K, committed 55296K, reserved 1097728K
  class space    used 6368K, capacity 6901K, committed 6912K, reserved 1048576K
2023-01-17T04:25:36.457+0800: 35.407: [Full GC (Ergonomics) [PSYoungGen: 43008K->7087K(62464K)] [ParOldGen: 133757K->133757K(134144K)] 176765K->140845K(196608K), [Metaspace: 52206K->52206K(1097728K)], 0.1884969 secs] [Times: user=0.51 sys=0.00, real=0.19 secs] 
Heap after GC invocations=93 (full 75):
 PSYoungGen      total 62464K, used 7087K [0x00000000f8300000, 0x0000000100000000, 0x0000000100000000)
  eden space 43008K, 16% used [0x00000000f8300000,0x00000000f89ebec8,0x00000000fad00000)
  from space 19456K, 0% used [0x00000000fed00000,0x00000000fed00000,0x0000000100000000)
  to   space 42496K, 0% used [0x00000000fad00000,0x00000000fad00000,0x00000000fd680000)
 ParOldGen       total 134144K, used 133757K [0x00000000f0000000, 0x00000000f8300000, 0x00000000f8300000)
  object space 134144K, 99% used [0x00000000f0000000,0x00000000f829f5c8,0x00000000f8300000)
 Metaspace       used 52206K, capacity 55194K, committed 55296K, reserved 1097728K
  class space    used 6368K, capacity 6901K, committed 6912K, reserved 1048576K
}
{Heap before GC invocations=94 (full 76):
 PSYoungGen      total 62464K, used 43007K [0x00000000f8300000, 0x0000000100000000, 0x0000000100000000)
  eden space 43008K, 99% used [0x00000000f8300000,0x00000000facffff8,0x00000000fad00000)
  from space 19456K, 0% used [0x00000000fed00000,0x00000000fed00000,0x0000000100000000)
  to   space 42496K, 0% used [0x00000000fad00000,0x00000000fad00000,0x00000000fd680000)
 ParOldGen       total 134144K, used 133757K [0x00000000f0000000, 0x00000000f8300000, 0x00000000f8300000)
  object space 134144K, 99% used [0x00000000f0000000,0x00000000f829f5c8,0x00000000f8300000)
 Metaspace       used 52208K, capacity 55194K, committed 55296K, reserved 1097728K
  class space    used 6368K, capacity 6901K, committed 6912K, reserved 1048576K
2023-01-17T04:25:36.748+0800: 35.697: [Full GC (Ergonomics) [PSYoungGen: 43007K->7082K(62464K)] [ParOldGen: 133757K->133756K(134144K)] 176765K->140839K(196608K), [Metaspace: 52208K->52208K(1097728K)], 0.2757367 secs] [Times: user=0.71 sys=0.01, real=0.28 secs] 
Heap after GC invocations=94 (full 76):
 PSYoungGen      total 62464K, used 7082K [0x00000000f8300000, 0x0000000100000000, 0x0000000100000000)
  eden space 43008K, 16% used [0x00000000f8300000,0x00000000f89eaab8,0x00000000fad00000)
  from space 19456K, 0% used [0x00000000fed00000,0x00000000fed00000,0x0000000100000000)
  to   space 42496K, 0% used [0x00000000fad00000,0x00000000fad00000,0x00000000fd680000)
 ParOldGen       total 134144K, used 133756K [0x00000000f0000000, 0x00000000f8300000, 0x00000000f8300000)
  object space 134144K, 99% used [0x00000000f0000000,0x00000000f829f208,0x00000000f8300000)
 Metaspace       used 52208K, capacity 55194K, committed 55296K, reserved 1097728K
  class space    used 6368K, capacity 6901K, committed 6912K, reserved 1048576K
}
{Heap before GC invocations=95 (full 77):
 PSYoungGen      total 62464K, used 43008K [0x00000000f8300000, 0x0000000100000000, 0x0000000100000000)
  eden space 43008K, 100% used [0x00000000f8300000,0x00000000fad00000,0x00000000fad00000)
  from space 19456K, 0% used [0x00000000fed00000,0x00000000fed00000,0x0000000100000000)
  to   space 42496K, 0% used [0x00000000fad00000,0x00000000fad00000,0x00000000fd680000)
 ParOldGen       total 134144K, used 133756K [0x00000000f0000000, 0x00000000f8300000, 0x00000000f8300000)
  object space 134144K, 99% used [0x00000000f0000000,0x00000000f829f208,0x00000000f8300000)
 Metaspace       used 52209K, capacity 55194K, committed 55296K, reserved 1097728K
  class space    used 6368K, capacity 6901K, committed 6912K, reserved 1048576K
2023-01-17T04:25:37.121+0800: 36.071: [Full GC (Ergonomics) [PSYoungGen: 43008K->7092K(62464K)] [ParOldGen: 133756K->133755K(134144K)] 176764K->140848K(196608K), [Metaspace: 52209K->52209K(1097728K)], 0.1408979 secs] [Times: user=0.38 sys=0.01, real=0.14 secs] 
Heap after GC invocations=95 (full 77):
 PSYoungGen      total 62464K, used 7092K [0x00000000f8300000, 0x0000000100000000, 0x0000000100000000)
  eden space 43008K, 16% used [0x00000000f8300000,0x00000000f89ed110,0x00000000fad00000)
  from space 19456K, 0% used [0x00000000fed00000,0x00000000fed00000,0x0000000100000000)
  to   space 42496K, 0% used [0x00000000fad00000,0x00000000fad00000,0x00000000fd680000)
 ParOldGen       total 134144K, used 133755K [0x00000000f0000000, 0x00000000f8300000, 0x00000000f8300000)
  object space 134144K, 99% used [0x00000000f0000000,0x00000000f829efc8,0x00000000f8300000)
 Metaspace       used 52209K, capacity 55194K, committed 55296K, reserved 1097728K
  class space    used 6368K, capacity 6901K, committed 6912K, reserved 1048576K
}
{Heap before GC invocations=96 (full 78):
 PSYoungGen      total 62464K, used 43008K [0x00000000f8300000, 0x0000000100000000, 0x0000000100000000)
  eden space 43008K, 100% used [0x00000000f8300000,0x00000000fad00000,0x00000000fad00000)
  from space 19456K, 0% used [0x00000000fed00000,0x00000000fed00000,0x0000000100000000)
  to   space 42496K, 0% used [0x00000000fad00000,0x00000000fad00000,0x00000000fd680000)
 ParOldGen       total 134144K, used 133755K [0x00000000f0000000, 0x00000000f8300000, 0x00000000f8300000)
  object space 134144K, 99% used [0x00000000f0000000,0x00000000f829efc8,0x00000000f8300000)
 Metaspace       used 52209K, capacity 55194K, committed 55296K, reserved 1097728K
  class space    used 6368K, capacity 6901K, committed 6912K, reserved 1048576K
2023-01-17T04:25:37.365+0800: 36.315: [Full GC (Ergonomics) [PSYoungGen: 43008K->7091K(62464K)] [ParOldGen: 133755K->133755K(134144K)] 176763K->140847K(196608K), [Metaspace: 52209K->52209K(1097728K)], 0.1848181 secs] [Times: user=0.56 sys=0.00, real=0.19 secs] 
Heap after GC invocations=96 (full 78):
 PSYoungGen      total 62464K, used 7091K [0x00000000f8300000, 0x0000000100000000, 0x0000000100000000)
  eden space 43008K, 16% used [0x00000000f8300000,0x00000000f89ecfd0,0x00000000fad00000)
  from space 19456K, 0% used [0x00000000fed00000,0x00000000fed00000,0x0000000100000000)
  to   space 42496K, 0% used [0x00000000fad00000,0x00000000fad00000,0x00000000fd680000)
 ParOldGen       total 134144K, used 133755K [0x00000000f0000000, 0x00000000f8300000, 0x00000000f8300000)
  object space 134144K, 99% used [0x00000000f0000000,0x00000000f829eea8,0x00000000f8300000)
 Metaspace       used 52209K, capacity 55194K, committed 55296K, reserved 1097728K
  class space    used 6368K, capacity 6901K, committed 6912K, reserved 1048576K
}
{Heap before GC invocations=97 (full 79):
 PSYoungGen      total 62464K, used 43008K [0x00000000f8300000, 0x0000000100000000, 0x0000000100000000)
  eden space 43008K, 100% used [0x00000000f8300000,0x00000000fad00000,0x00000000fad00000)
  from space 19456K, 0% used [0x00000000fed00000,0x00000000fed00000,0x0000000100000000)
  to   space 42496K, 0% used [0x00000000fad00000,0x00000000fad00000,0x00000000fd680000)
 ParOldGen       total 134144K, used 133755K [0x00000000f0000000, 0x00000000f8300000, 0x00000000f8300000)
  object space 134144K, 99% used [0x00000000f0000000,0x00000000f829eea8,0x00000000f8300000)
 Metaspace       used 52209K, capacity 55194K, committed 55296K, reserved 1097728K
  class space    used 6368K, capacity 6901K, committed 6912K, reserved 1048576K
2023-01-17T04:25:37.639+0800: 36.589: [Full GC (Ergonomics) [PSYoungGen: 43008K->7092K(62464K)] [ParOldGen: 133755K->133754K(134144K)] 176763K->140847K(196608K), [Metaspace: 52209K->52209K(1097728K)], 0.2229379 secs] [Times: user=0.48 sys=0.00, real=0.23 secs] 
Heap after GC invocations=97 (full 79):
 PSYoungGen      total 62464K, used 7092K [0x00000000f8300000, 0x0000000100000000, 0x0000000100000000)
  eden space 43008K, 16% used [0x00000000f8300000,0x00000000f89ed358,0x00000000fad00000)
  from space 19456K, 0% used [0x00000000fed00000,0x00000000fed00000,0x0000000100000000)
  to   space 42496K, 0% used [0x00000000fad00000,0x00000000fad00000,0x00000000fd680000)
 ParOldGen       total 134144K, used 133754K [0x00000000f0000000, 0x00000000f8300000, 0x00000000f8300000)
  object space 134144K, 99% used [0x00000000f0000000,0x00000000f829eb48,0x00000000f8300000)
 Metaspace       used 52209K, capacity 55194K, committed 55296K, reserved 1097728K
  class space    used 6368K, capacity 6901K, committed 6912K, reserved 1048576K
}
{Heap before GC invocations=98 (full 80):
 PSYoungGen      total 62464K, used 43008K [0x00000000f8300000, 0x0000000100000000, 0x0000000100000000)
  eden space 43008K, 100% used [0x00000000f8300000,0x00000000fad00000,0x00000000fad00000)
  from space 19456K, 0% used [0x00000000fed00000,0x00000000fed00000,0x0000000100000000)
  to   space 42496K, 0% used [0x00000000fad00000,0x00000000fad00000,0x00000000fd680000)
 ParOldGen       total 134144K, used 133754K [0x00000000f0000000, 0x00000000f8300000, 0x00000000f8300000)
  object space 134144K, 99% used [0x00000000f0000000,0x00000000f829eb48,0x00000000f8300000)
 Metaspace       used 52210K, capacity 55194K, committed 55296K, reserved 1097728K
  class space    used 6368K, capacity 6901K, committed 6912K, reserved 1048576K
2023-01-17T04:25:37.980+0800: 36.930: [Full GC (Ergonomics) [PSYoungGen: 43008K->7093K(62464K)] [ParOldGen: 133754K->133754K(134144K)] 176762K->140848K(196608K), [Metaspace: 52210K->52210K(1097728K)], 0.1723826 secs] [Times: user=0.46 sys=0.00, real=0.17 secs] 
Heap after GC invocations=98 (full 80):
 PSYoungGen      total 62464K, used 7093K [0x00000000f8300000, 0x0000000100000000, 0x0000000100000000)
  eden space 43008K, 16% used [0x00000000f8300000,0x00000000f89ed6e0,0x00000000fad00000)
  from space 19456K, 0% used [0x00000000fed00000,0x00000000fed00000,0x0000000100000000)
  to   space 42496K, 0% used [0x00000000fad00000,0x00000000fad00000,0x00000000fd680000)
 ParOldGen       total 134144K, used 133754K [0x00000000f0000000, 0x00000000f8300000, 0x00000000f8300000)
  object space 134144K, 99% used [0x00000000f0000000,0x00000000f829e9c8,0x00000000f8300000)
 Metaspace       used 52210K, capacity 55194K, committed 55296K, reserved 1097728K
  class space    used 6368K, capacity 6901K, committed 6912K, reserved 1048576K
}
{Heap before GC invocations=99 (full 81):
 PSYoungGen      total 62464K, used 43008K [0x00000000f8300000, 0x0000000100000000, 0x0000000100000000)
  eden space 43008K, 100% used [0x00000000f8300000,0x00000000fad00000,0x00000000fad00000)
  from space 19456K, 0% used [0x00000000fed00000,0x00000000fed00000,0x0000000100000000)
  to   space 42496K, 0% used [0x00000000fad00000,0x00000000fad00000,0x00000000fd680000)
 ParOldGen       total 134144K, used 133754K [0x00000000f0000000, 0x00000000f8300000, 0x00000000f8300000)
  object space 134144K, 99% used [0x00000000f0000000,0x00000000f829e9c8,0x00000000f8300000)
 Metaspace       used 52210K, capacity 55194K, committed 55296K, reserved 1097728K
  class space    used 6368K, capacity 6901K, committed 6912K, reserved 1048576K
2023-01-17T04:25:38.227+0800: 37.177: [Full GC (Ergonomics) [PSYoungGen: 43008K->7106K(62464K)] [ParOldGen: 133754K->133753K(134144K)] 176762K->140860K(196608K), [Metaspace: 52210K->52210K(1097728K)], 0.1391094 secs] [Times: user=0.33 sys=0.00, real=0.14 secs] 
Heap after GC invocations=99 (full 81):
 PSYoungGen      total 62464K, used 7106K [0x00000000f8300000, 0x0000000100000000, 0x0000000100000000)
  eden space 43008K, 16% used [0x00000000f8300000,0x00000000f89f0900,0x00000000fad00000)
  from space 19456K, 0% used [0x00000000fed00000,0x00000000fed00000,0x0000000100000000)
  to   space 42496K, 0% used [0x00000000fad00000,0x00000000fad00000,0x00000000fd680000)
 ParOldGen       total 134144K, used 133753K [0x00000000f0000000, 0x00000000f8300000, 0x00000000f8300000)
  object space 134144K, 99% used [0x00000000f0000000,0x00000000f829e788,0x00000000f8300000)
 Metaspace       used 52210K, capacity 55194K, committed 55296K, reserved 1097728K
  class space    used 6368K, capacity 6901K, committed 6912K, reserved 1048576K
}
{Heap before GC invocations=100 (full 82):
 PSYoungGen      total 62464K, used 43008K [0x00000000f8300000, 0x0000000100000000, 0x0000000100000000)
  eden space 43008K, 100% used [0x00000000f8300000,0x00000000fad00000,0x00000000fad00000)
  from space 19456K, 0% used [0x00000000fed00000,0x00000000fed00000,0x0000000100000000)
  to   space 42496K, 0% used [0x00000000fad00000,0x00000000fad00000,0x00000000fd680000)
 ParOldGen       total 134144K, used 133753K [0x00000000f0000000, 0x00000000f8300000, 0x00000000f8300000)
  object space 134144K, 99% used [0x00000000f0000000,0x00000000f829e788,0x00000000f8300000)
 Metaspace       used 52210K, capacity 55194K, committed 55296K, reserved 1097728K
  class space    used 6368K, capacity 6901K, committed 6912K, reserved 1048576K
2023-01-17T04:25:38.457+0800: 37.407: [Full GC (Ergonomics) [PSYoungGen: 43008K->7108K(62464K)] [ParOldGen: 133753K->133746K(134144K)] 176761K->140854K(196608K), [Metaspace: 52210K->52210K(1097728K)], 0.1841929 secs] [Times: user=0.36 sys=0.00, real=0.19 secs] 
Heap after GC invocations=100 (full 82):
 PSYoungGen      total 62464K, used 7108K [0x00000000f8300000, 0x0000000100000000, 0x0000000100000000)
  eden space 43008K, 16% used [0x00000000f8300000,0x00000000f89f1020,0x00000000fad00000)
  from space 19456K, 0% used [0x00000000fed00000,0x00000000fed00000,0x0000000100000000)
  to   space 42496K, 0% used [0x00000000fad00000,0x00000000fad00000,0x00000000fd680000)
 ParOldGen       total 134144K, used 133746K [0x00000000f0000000, 0x00000000f8300000, 0x00000000f8300000)
  object space 134144K, 99% used [0x00000000f0000000,0x00000000f829cae8,0x00000000f8300000)
 Metaspace       used 52210K, capacity 55194K, committed 55296K, reserved 1097728K
  class space    used 6368K, capacity 6901K, committed 6912K, reserved 1048576K
}
{Heap before GC invocations=101 (full 83):
 PSYoungGen      total 62464K, used 43008K [0x00000000f8300000, 0x0000000100000000, 0x0000000100000000)
  eden space 43008K, 100% used [0x00000000f8300000,0x00000000fad00000,0x00000000fad00000)
  from space 19456K, 0% used [0x00000000fed00000,0x00000000fed00000,0x0000000100000000)
  to   space 42496K, 0% used [0x00000000fad00000,0x00000000fad00000,0x00000000fd680000)
 ParOldGen       total 134144K, used 133746K [0x00000000f0000000, 0x00000000f8300000, 0x00000000f8300000)
  object space 134144K, 99% used [0x00000000f0000000,0x00000000f829cae8,0x00000000f8300000)
 Metaspace       used 52210K, capacity 55194K, committed 55296K, reserved 1097728K
  class space    used 6368K, capacity 6901K, committed 6912K, reserved 1048576K
2023-01-17T04:25:38.736+0800: 37.686: [Full GC (Ergonomics) [PSYoungGen: 43008K->7102K(62464K)] [ParOldGen: 133746K->133745K(134144K)] 176754K->140848K(196608K), [Metaspace: 52210K->52210K(1097728K)], 0.1309613 secs] [Times: user=0.34 sys=0.00, real=0.13 secs] 
Heap after GC invocations=101 (full 83):
 PSYoungGen      total 62464K, used 7102K [0x00000000f8300000, 0x0000000100000000, 0x0000000100000000)
  eden space 43008K, 16% used [0x00000000f8300000,0x00000000f89efb48,0x00000000fad00000)
  from space 19456K, 0% used [0x00000000fed00000,0x00000000fed00000,0x0000000100000000)
  to   space 42496K, 0% used [0x00000000fad00000,0x00000000fad00000,0x00000000fd680000)
 ParOldGen       total 134144K, used 133745K [0x00000000f0000000, 0x00000000f8300000, 0x00000000f8300000)
  object space 134144K, 99% used [0x00000000f0000000,0x00000000f829c7e8,0x00000000f8300000)
 Metaspace       used 52210K, capacity 55194K, committed 55296K, reserved 1097728K
  class space    used 6368K, capacity 6901K, committed 6912K, reserved 1048576K
}
{Heap before GC invocations=102 (full 84):
 PSYoungGen      total 62464K, used 43008K [0x00000000f8300000, 0x0000000100000000, 0x0000000100000000)
  eden space 43008K, 100% used [0x00000000f8300000,0x00000000fad00000,0x00000000fad00000)
  from space 19456K, 0% used [0x00000000fed00000,0x00000000fed00000,0x0000000100000000)
  to   space 42496K, 0% used [0x00000000fad00000,0x00000000fad00000,0x00000000fd680000)
 ParOldGen       total 134144K, used 133745K [0x00000000f0000000, 0x00000000f8300000, 0x00000000f8300000)
  object space 134144K, 99% used [0x00000000f0000000,0x00000000f829c7e8,0x00000000f8300000)
 Metaspace       used 52210K, capacity 55194K, committed 55296K, reserved 1097728K
  class space    used 6368K, capacity 6901K, committed 6912K, reserved 1048576K
2023-01-17T04:25:38.968+0800: 37.918: [Full GC (Ergonomics) [PSYoungGen: 43008K->7107K(62464K)] [ParOldGen: 133745K->133745K(134144K)] 176753K->140853K(196608K), [Metaspace: 52210K->52210K(1097728K)], 0.1637005 secs] [Times: user=0.38 sys=0.00, real=0.17 secs] 
Heap after GC invocations=102 (full 84):
 PSYoungGen      total 62464K, used 7107K [0x00000000f8300000, 0x0000000100000000, 0x0000000100000000)
  eden space 43008K, 16% used [0x00000000f8300000,0x00000000f89f0da0,0x00000000fad00000)
  from space 19456K, 0% used [0x00000000fed00000,0x00000000fed00000,0x0000000100000000)
  to   space 42496K, 0% used [0x00000000fad00000,0x00000000fad00000,0x00000000fd680000)
 ParOldGen       total 134144K, used 133745K [0x00000000f0000000, 0x00000000f8300000, 0x00000000f8300000)
  object space 134144K, 99% used [0x00000000f0000000,0x00000000f829c728,0x00000000f8300000)
 Metaspace       used 52210K, capacity 55194K, committed 55296K, reserved 1097728K
  class space    used 6368K, capacity 6901K, committed 6912K, reserved 1048576K
}
{Heap before GC invocations=103 (full 85):
 PSYoungGen      total 62464K, used 43008K [0x00000000f8300000, 0x0000000100000000, 0x0000000100000000)
  eden space 43008K, 100% used [0x00000000f8300000,0x00000000fad00000,0x00000000fad00000)
  from space 19456K, 0% used [0x00000000fed00000,0x00000000fed00000,0x0000000100000000)
  to   space 42496K, 0% used [0x00000000fad00000,0x00000000fad00000,0x00000000fd680000)
 ParOldGen       total 134144K, used 133745K [0x00000000f0000000, 0x00000000f8300000, 0x00000000f8300000)
  object space 134144K, 99% used [0x00000000f0000000,0x00000000f829c728,0x00000000f8300000)
 Metaspace       used 52210K, capacity 55194K, committed 55296K, reserved 1097728K
  class space    used 6368K, capacity 6901K, committed 6912K, reserved 1048576K
2023-01-17T04:25:39.255+0800: 38.205: [Full GC (Ergonomics) [PSYoungGen: 43008K->7088K(62464K)] [ParOldGen: 133745K->133744K(134144K)] 176753K->140833K(196608K), [Metaspace: 52210K->52210K(1097728K)], 0.2173532 secs] [Times: user=0.46 sys=0.00, real=0.22 secs] 
Heap after GC invocations=103 (full 85):
 PSYoungGen      total 62464K, used 7088K [0x00000000f8300000, 0x0000000100000000, 0x0000000100000000)
  eden space 43008K, 16% used [0x00000000f8300000,0x00000000f89ec368,0x00000000fad00000)
  from space 19456K, 0% used [0x00000000fed00000,0x00000000fed00000,0x0000000100000000)
  to   space 42496K, 0% used [0x00000000fad00000,0x00000000fad00000,0x00000000fd680000)
 ParOldGen       total 134144K, used 133744K [0x00000000f0000000, 0x00000000f8300000, 0x00000000f8300000)
  object space 134144K, 99% used [0x00000000f0000000,0x00000000f829c3c8,0x00000000f8300000)
 Metaspace       used 52210K, capacity 55194K, committed 55296K, reserved 1097728K
  class space    used 6368K, capacity 6901K, committed 6912K, reserved 1048576K
}
{Heap before GC invocations=104 (full 86):
 PSYoungGen      total 62464K, used 43008K [0x00000000f8300000, 0x0000000100000000, 0x0000000100000000)
  eden space 43008K, 100% used [0x00000000f8300000,0x00000000fad00000,0x00000000fad00000)
  from space 19456K, 0% used [0x00000000fed00000,0x00000000fed00000,0x0000000100000000)
  to   space 42496K, 0% used [0x00000000fad00000,0x00000000fad00000,0x00000000fd680000)
 ParOldGen       total 134144K, used 133744K [0x00000000f0000000, 0x00000000f8300000, 0x00000000f8300000)
  object space 134144K, 99% used [0x00000000f0000000,0x00000000f829c3c8,0x00000000f8300000)
 Metaspace       used 52210K, capacity 55194K, committed 55296K, reserved 1097728K
  class space    used 6368K, capacity 6901K, committed 6912K, reserved 1048576K
2023-01-17T04:25:39.559+0800: 38.509: [Full GC (Ergonomics) [PSYoungGen: 43008K->7111K(62464K)] [ParOldGen: 133744K->133744K(134144K)] 176752K->140856K(196608K), [Metaspace: 52210K->52210K(1097728K)], 0.1488369 secs] [Times: user=0.41 sys=0.00, real=0.15 secs] 
Heap after GC invocations=104 (full 86):
 PSYoungGen      total 62464K, used 7111K [0x00000000f8300000, 0x0000000100000000, 0x0000000100000000)
  eden space 43008K, 16% used [0x00000000f8300000,0x00000000f89f1d68,0x00000000fad00000)
  from space 19456K, 0% used [0x00000000fed00000,0x00000000fed00000,0x0000000100000000)
  to   space 42496K, 0% used [0x00000000fad00000,0x00000000fad00000,0x00000000fd680000)
 ParOldGen       total 134144K, used 133744K [0x00000000f0000000, 0x00000000f8300000, 0x00000000f8300000)
  object space 134144K, 99% used [0x00000000f0000000,0x00000000f829c308,0x00000000f8300000)
 Metaspace       used 52210K, capacity 55194K, committed 55296K, reserved 1097728K
  class space    used 6368K, capacity 6901K, committed 6912K, reserved 1048576K
}
{Heap before GC invocations=105 (full 87):
 PSYoungGen      total 62464K, used 43008K [0x00000000f8300000, 0x0000000100000000, 0x0000000100000000)
  eden space 43008K, 100% used [0x00000000f8300000,0x00000000fad00000,0x00000000fad00000)
  from space 19456K, 0% used [0x00000000fed00000,0x00000000fed00000,0x0000000100000000)
  to   space 42496K, 0% used [0x00000000fad00000,0x00000000fad00000,0x00000000fd680000)
 ParOldGen       total 134144K, used 133744K [0x00000000f0000000, 0x00000000f8300000, 0x00000000f8300000)
  object space 134144K, 99% used [0x00000000f0000000,0x00000000f829c308,0x00000000f8300000)
 Metaspace       used 52210K, capacity 55194K, committed 55296K, reserved 1097728K
  class space    used 6368K, capacity 6901K, committed 6912K, reserved 1048576K
2023-01-17T04:25:39.786+0800: 38.736: [Full GC (Ergonomics) [PSYoungGen: 43008K->7115K(62464K)] [ParOldGen: 133744K->133744K(134144K)] 176752K->140859K(196608K), [Metaspace: 52210K->52210K(1097728K)], 0.1393794 secs] [Times: user=0.37 sys=0.00, real=0.14 secs] 
Heap after GC invocations=105 (full 87):
 PSYoungGen      total 62464K, used 7115K [0x00000000f8300000, 0x0000000100000000, 0x0000000100000000)
  eden space 43008K, 16% used [0x00000000f8300000,0x00000000f89f2d30,0x00000000fad00000)
  from space 19456K, 0% used [0x00000000fed00000,0x00000000fed00000,0x0000000100000000)
  to   space 42496K, 0% used [0x00000000fad00000,0x00000000fad00000,0x00000000fd680000)
 ParOldGen       total 134144K, used 133744K [0x00000000f0000000, 0x00000000f8300000, 0x00000000f8300000)
  object space 134144K, 99% used [0x00000000f0000000,0x00000000f829c1e8,0x00000000f8300000)
 Metaspace       used 52210K, capacity 55194K, committed 55296K, reserved 1097728K
  class space    used 6368K, capacity 6901K, committed 6912K, reserved 1048576K
}
{Heap before GC invocations=106 (full 88):
 PSYoungGen      total 62464K, used 43008K [0x00000000f8300000, 0x0000000100000000, 0x0000000100000000)
  eden space 43008K, 100% used [0x00000000f8300000,0x00000000fad00000,0x00000000fad00000)
  from space 19456K, 0% used [0x00000000fed00000,0x00000000fed00000,0x0000000100000000)
  to   space 42496K, 0% used [0x00000000fad00000,0x00000000fad00000,0x00000000fd680000)
 ParOldGen       total 134144K, used 133744K [0x00000000f0000000, 0x00000000f8300000, 0x00000000f8300000)
  object space 134144K, 99% used [0x00000000f0000000,0x00000000f829c1e8,0x00000000f8300000)
 Metaspace       used 52210K, capacity 55194K, committed 55296K, reserved 1097728K
  class space    used 6368K, capacity 6901K, committed 6912K, reserved 1048576K
2023-01-17T04:25:40.055+0800: 39.005: [Full GC (Ergonomics) [PSYoungGen: 43008K->7102K(62464K)] [ParOldGen: 133744K->133744K(134144K)] 176752K->140846K(196608K), [Metaspace: 52210K->52210K(1097728K)], 0.1477398 secs] [Times: user=0.32 sys=0.00, real=0.15 secs] 
Heap after GC invocations=106 (full 88):
 PSYoungGen      total 62464K, used 7102K [0x00000000f8300000, 0x0000000100000000, 0x0000000100000000)
  eden space 43008K, 16% used [0x00000000f8300000,0x00000000f89ef9c8,0x00000000fad00000)
  from space 19456K, 0% used [0x00000000fed00000,0x00000000fed00000,0x0000000100000000)
  to   space 42496K, 0% used [0x00000000fad00000,0x00000000fad00000,0x00000000fd680000)
 ParOldGen       total 134144K, used 133744K [0x00000000f0000000, 0x00000000f8300000, 0x00000000f8300000)
  object space 134144K, 99% used [0x00000000f0000000,0x00000000f829c068,0x00000000f8300000)
 Metaspace       used 52210K, capacity 55194K, committed 55296K, reserved 1097728K
  class space    used 6368K, capacity 6901K, committed 6912K, reserved 1048576K
}
{Heap before GC invocations=107 (full 89):
 PSYoungGen      total 62464K, used 43008K [0x00000000f8300000, 0x0000000100000000, 0x0000000100000000)
  eden space 43008K, 100% used [0x00000000f8300000,0x00000000fad00000,0x00000000fad00000)
  from space 19456K, 0% used [0x00000000fed00000,0x00000000fed00000,0x0000000100000000)
  to   space 42496K, 0% used [0x00000000fad00000,0x00000000fad00000,0x00000000fd680000)
 ParOldGen       total 134144K, used 133744K [0x00000000f0000000, 0x00000000f8300000, 0x00000000f8300000)
  object space 134144K, 99% used [0x00000000f0000000,0x00000000f829c068,0x00000000f8300000)
 Metaspace       used 52210K, capacity 55194K, committed 55296K, reserved 1097728K
  class space    used 6368K, capacity 6901K, committed 6912K, reserved 1048576K
2023-01-17T04:25:40.289+0800: 39.239: [Full GC (Ergonomics) [PSYoungGen: 43008K->7122K(62464K)] [ParOldGen: 133744K->133743K(134144K)] 176752K->140866K(196608K), [Metaspace: 52210K->52210K(1097728K)], 0.1639568 secs] [Times: user=0.44 sys=0.00, real=0.17 secs] 
Heap after GC invocations=107 (full 89):
 PSYoungGen      total 62464K, used 7122K [0x00000000f8300000, 0x0000000100000000, 0x0000000100000000)
  eden space 43008K, 16% used [0x00000000f8300000,0x00000000f89f4bf0,0x00000000fad00000)
  from space 19456K, 0% used [0x00000000fed00000,0x00000000fed00000,0x0000000100000000)
  to   space 42496K, 0% used [0x00000000fad00000,0x00000000fad00000,0x00000000fd680000)
 ParOldGen       total 134144K, used 133743K [0x00000000f0000000, 0x00000000f8300000, 0x00000000f8300000)
  object space 134144K, 99% used [0x00000000f0000000,0x00000000f829bfa8,0x00000000f8300000)
 Metaspace       used 52210K, capacity 55194K, committed 55296K, reserved 1097728K
  class space    used 6368K, capacity 6901K, committed 6912K, reserved 1048576K
}
{Heap before GC invocations=108 (full 90):
 PSYoungGen      total 62464K, used 43008K [0x00000000f8300000, 0x0000000100000000, 0x0000000100000000)
  eden space 43008K, 100% used [0x00000000f8300000,0x00000000fad00000,0x00000000fad00000)
  from space 19456K, 0% used [0x00000000fed00000,0x00000000fed00000,0x0000000100000000)
  to   space 42496K, 0% used [0x00000000fad00000,0x00000000fad00000,0x00000000fd680000)
 ParOldGen       total 134144K, used 133743K [0x00000000f0000000, 0x00000000f8300000, 0x00000000f8300000)
  object space 134144K, 99% used [0x00000000f0000000,0x00000000f829bfa8,0x00000000f8300000)
 Metaspace       used 52210K, capacity 55194K, committed 55296K, reserved 1097728K
  class space    used 6368K, capacity 6901K, committed 6912K, reserved 1048576K
2023-01-17T04:25:40.540+0800: 39.490: [Full GC (Ergonomics) [PSYoungGen: 43008K->7136K(62464K)] [ParOldGen: 133743K->133743K(134144K)] 176751K->140880K(196608K), [Metaspace: 52210K->52210K(1097728K)], 0.1745390 secs] [Times: user=0.39 sys=0.00, real=0.17 secs] 
Heap after GC invocations=108 (full 90):
 PSYoungGen      total 62464K, used 7136K [0x00000000f8300000, 0x0000000100000000, 0x0000000100000000)
  eden space 43008K, 16% used [0x00000000f8300000,0x00000000f89f8208,0x00000000fad00000)
  from space 19456K, 0% used [0x00000000fed00000,0x00000000fed00000,0x0000000100000000)
  to   space 42496K, 0% used [0x00000000fad00000,0x00000000fad00000,0x00000000fd680000)
 ParOldGen       total 134144K, used 133743K [0x00000000f0000000, 0x00000000f8300000, 0x00000000f8300000)
  object space 134144K, 99% used [0x00000000f0000000,0x00000000f829bee8,0x00000000f8300000)
 Metaspace       used 52210K, capacity 55194K, committed 55296K, reserved 1097728K
  class space    used 6368K, capacity 6901K, committed 6912K, reserved 1048576K
}
{Heap before GC invocations=109 (full 91):
 PSYoungGen      total 62464K, used 43008K [0x00000000f8300000, 0x0000000100000000, 0x0000000100000000)
  eden space 43008K, 100% used [0x00000000f8300000,0x00000000fad00000,0x00000000fad00000)
  from space 19456K, 0% used [0x00000000fed00000,0x00000000fed00000,0x0000000100000000)
  to   space 42496K, 0% used [0x00000000fad00000,0x00000000fad00000,0x00000000fd680000)
 ParOldGen       total 134144K, used 133743K [0x00000000f0000000, 0x00000000f8300000, 0x00000000f8300000)
  object space 134144K, 99% used [0x00000000f0000000,0x00000000f829bee8,0x00000000f8300000)
 Metaspace       used 52210K, capacity 55194K, committed 55296K, reserved 1097728K
  class space    used 6368K, capacity 6901K, committed 6912K, reserved 1048576K
2023-01-17T04:25:40.816+0800: 39.766: [Full GC (Ergonomics) [PSYoungGen: 43008K->7121K(62464K)] [ParOldGen: 133743K->133743K(134144K)] 176751K->140864K(196608K), [Metaspace: 52210K->52210K(1097728K)], 0.1691826 secs] [Times: user=0.41 sys=0.00, real=0.17 secs] 
Heap after GC invocations=109 (full 91):
 PSYoungGen      total 62464K, used 7121K [0x00000000f8300000, 0x0000000100000000, 0x0000000100000000)
  eden space 43008K, 16% used [0x00000000f8300000,0x00000000f89f45a0,0x00000000fad00000)
  from space 19456K, 0% used [0x00000000fed00000,0x00000000fed00000,0x0000000100000000)
  to   space 42496K, 0% used [0x00000000fad00000,0x00000000fad00000,0x00000000fd680000)
 ParOldGen       total 134144K, used 133743K [0x00000000f0000000, 0x00000000f8300000, 0x00000000f8300000)
  object space 134144K, 99% used [0x00000000f0000000,0x00000000f829be28,0x00000000f8300000)
 Metaspace       used 52210K, capacity 55194K, committed 55296K, reserved 1097728K
  class space    used 6368K, capacity 6901K, committed 6912K, reserved 1048576K
}
{Heap before GC invocations=110 (full 92):
 PSYoungGen      total 62464K, used 43008K [0x00000000f8300000, 0x0000000100000000, 0x0000000100000000)
  eden space 43008K, 100% used [0x00000000f8300000,0x00000000fad00000,0x00000000fad00000)
  from space 19456K, 0% used [0x00000000fed00000,0x00000000fed00000,0x0000000100000000)
  to   space 42496K, 0% used [0x00000000fad00000,0x00000000fad00000,0x00000000fd680000)
 ParOldGen       total 134144K, used 133743K [0x00000000f0000000, 0x00000000f8300000, 0x00000000f8300000)
  object space 134144K, 99% used [0x00000000f0000000,0x00000000f829be28,0x00000000f8300000)
 Metaspace       used 52210K, capacity 55194K, committed 55296K, reserved 1097728K
  class space    used 6368K, capacity 6901K, committed 6912K, reserved 1048576K
2023-01-17T04:25:41.079+0800: 40.029: [Full GC (Ergonomics) [PSYoungGen: 43008K->7139K(62464K)] [ParOldGen: 133743K->133738K(134144K)] 176751K->140878K(196608K), [Metaspace: 52210K->52210K(1097728K)], 0.1321226 secs] [Times: user=0.34 sys=0.00, real=0.14 secs] 
Heap after GC invocations=110 (full 92):
 PSYoungGen      total 62464K, used 7139K [0x00000000f8300000, 0x0000000100000000, 0x0000000100000000)
  eden space 43008K, 16% used [0x00000000f8300000,0x00000000f89f8f08,0x00000000fad00000)
  from space 19456K, 0% used [0x00000000fed00000,0x00000000fed00000,0x0000000100000000)
  to   space 42496K, 0% used [0x00000000fad00000,0x00000000fad00000,0x00000000fd680000)
 ParOldGen       total 134144K, used 133738K [0x00000000f0000000, 0x00000000f8300000, 0x00000000f8300000)
  object space 134144K, 99% used [0x00000000f0000000,0x00000000f829abb0,0x00000000f8300000)
 Metaspace       used 52210K, capacity 55194K, committed 55296K, reserved 1097728K
  class space    used 6368K, capacity 6901K, committed 6912K, reserved 1048576K
}
{Heap before GC invocations=111 (full 93):
 PSYoungGen      total 62464K, used 43008K [0x00000000f8300000, 0x0000000100000000, 0x0000000100000000)
  eden space 43008K, 100% used [0x00000000f8300000,0x00000000fad00000,0x00000000fad00000)
  from space 19456K, 0% used [0x00000000fed00000,0x00000000fed00000,0x0000000100000000)
  to   space 42496K, 0% used [0x00000000fad00000,0x00000000fad00000,0x00000000fd680000)
 ParOldGen       total 134144K, used 133738K [0x00000000f0000000, 0x00000000f8300000, 0x00000000f8300000)
  object space 134144K, 99% used [0x00000000f0000000,0x00000000f829abb0,0x00000000f8300000)
 Metaspace       used 52322K, capacity 55324K, committed 55552K, reserved 1097728K
  class space    used 6384K, capacity 6902K, committed 6912K, reserved 1048576K
2023-01-17T04:25:41.316+0800: 40.266: [Full GC (Ergonomics) [PSYoungGen: 43008K->7336K(62464K)] [ParOldGen: 133738K->133727K(134144K)] 176746K->141064K(196608K), [Metaspace: 52322K->52322K(1097728K)], 0.2221195 secs] [Times: user=0.60 sys=0.00, real=0.22 secs] 
Heap after GC invocations=111 (full 93):
 PSYoungGen      total 62464K, used 7336K [0x00000000f8300000, 0x0000000100000000, 0x0000000100000000)
  eden space 43008K, 17% used [0x00000000f8300000,0x00000000f8a2a120,0x00000000fad00000)
  from space 19456K, 0% used [0x00000000fed00000,0x00000000fed00000,0x0000000100000000)
  to   space 42496K, 0% used [0x00000000fad00000,0x00000000fad00000,0x00000000fd680000)
 ParOldGen       total 134144K, used 133727K [0x00000000f0000000, 0x00000000f8300000, 0x00000000f8300000)
  object space 134144K, 99% used [0x00000000f0000000,0x00000000f8297f38,0x00000000f8300000)
 Metaspace       used 52322K, capacity 55324K, committed 55552K, reserved 1097728K
  class space    used 6384K, capacity 6902K, committed 6912K, reserved 1048576K
}
{Heap before GC invocations=112 (full 94):
 PSYoungGen      total 62464K, used 43008K [0x00000000f8300000, 0x0000000100000000, 0x0000000100000000)
  eden space 43008K, 100% used [0x00000000f8300000,0x00000000fad00000,0x00000000fad00000)
  from space 19456K, 0% used [0x00000000fed00000,0x00000000fed00000,0x0000000100000000)
  to   space 42496K, 0% used [0x00000000fad00000,0x00000000fad00000,0x00000000fd680000)
 ParOldGen       total 134144K, used 133727K [0x00000000f0000000, 0x00000000f8300000, 0x00000000f8300000)
  object space 134144K, 99% used [0x00000000f0000000,0x00000000f8297f38,0x00000000f8300000)
 Metaspace       used 52344K, capacity 55362K, committed 55680K, reserved 1097728K
  class space    used 6388K, capacity 6935K, committed 7040K, reserved 1048576K
2023-01-17T04:25:41.642+0800: 40.592: [Full GC (Ergonomics) [PSYoungGen: 43008K->7836K(62464K)] [ParOldGen: 133727K->133714K(134144K)] 176735K->141550K(196608K), [Metaspace: 52344K->52344K(1097728K)], 0.2843629 secs] [Times: user=0.69 sys=0.00, real=0.28 secs] 
Heap after GC invocations=112 (full 94):
 PSYoungGen      total 62464K, used 7836K [0x00000000f8300000, 0x0000000100000000, 0x0000000100000000)
  eden space 43008K, 18% used [0x00000000f8300000,0x00000000f8aa7300,0x00000000fad00000)
  from space 19456K, 0% used [0x00000000fed00000,0x00000000fed00000,0x0000000100000000)
  to   space 42496K, 0% used [0x00000000fad00000,0x00000000fad00000,0x00000000fd680000)
 ParOldGen       total 134144K, used 133714K [0x00000000f0000000, 0x00000000f8300000, 0x00000000f8300000)
  object space 134144K, 99% used [0x00000000f0000000,0x00000000f82948f8,0x00000000f8300000)
 Metaspace       used 52344K, capacity 55362K, committed 55680K, reserved 1097728K
  class space    used 6388K, capacity 6935K, committed 7040K, reserved 1048576K
}
{Heap before GC invocations=113 (full 95):
 PSYoungGen      total 62464K, used 43007K [0x00000000f8300000, 0x0000000100000000, 0x0000000100000000)
  eden space 43008K, 99% used [0x00000000f8300000,0x00000000facffff0,0x00000000fad00000)
  from space 19456K, 0% used [0x00000000fed00000,0x00000000fed00000,0x0000000100000000)
  to   space 42496K, 0% used [0x00000000fad00000,0x00000000fad00000,0x00000000fd680000)
 ParOldGen       total 134144K, used 133714K [0x00000000f0000000, 0x00000000f8300000, 0x00000000f8300000)
  object space 134144K, 99% used [0x00000000f0000000,0x00000000f82948f8,0x00000000f8300000)
 Metaspace       used 52409K, capacity 55450K, committed 55680K, reserved 1097728K
  class space    used 6393K, capacity 6939K, committed 7040K, reserved 1048576K
2023-01-17T04:25:42.065+0800: 41.015: [Full GC (Ergonomics) [PSYoungGen: 43007K->7347K(62464K)] [ParOldGen: 133714K->133708K(134144K)] 176722K->141055K(196608K), [Metaspace: 52409K->52409K(1097728K)], 0.1844905 secs] [Times: user=0.53 sys=0.01, real=0.19 secs] 
Heap after GC invocations=113 (full 95):
 PSYoungGen      total 62464K, used 7347K [0x00000000f8300000, 0x0000000100000000, 0x0000000100000000)
  eden space 43008K, 17% used [0x00000000f8300000,0x00000000f8a2cc08,0x00000000fad00000)
  from space 19456K, 0% used [0x00000000fed00000,0x00000000fed00000,0x0000000100000000)
  to   space 42496K, 0% used [0x00000000fad00000,0x00000000fad00000,0x00000000fd680000)
 ParOldGen       total 134144K, used 133708K [0x00000000f0000000, 0x00000000f8300000, 0x00000000f8300000)
  object space 134144K, 99% used [0x00000000f0000000,0x00000000f82930e8,0x00000000f8300000)
 Metaspace       used 52409K, capacity 55450K, committed 55680K, reserved 1097728K
  class space    used 6393K, capacity 6939K, committed 7040K, reserved 1048576K
}
{Heap before GC invocations=114 (full 96):
 PSYoungGen      total 62464K, used 43008K [0x00000000f8300000, 0x0000000100000000, 0x0000000100000000)
  eden space 43008K, 100% used [0x00000000f8300000,0x00000000fad00000,0x00000000fad00000)
  from space 19456K, 0% used [0x00000000fed00000,0x00000000fed00000,0x0000000100000000)
  to   space 42496K, 0% used [0x00000000fad00000,0x00000000fad00000,0x00000000fd680000)
 ParOldGen       total 134144K, used 133708K [0x00000000f0000000, 0x00000000f8300000, 0x00000000f8300000)
  object space 134144K, 99% used [0x00000000f0000000,0x00000000f82930e8,0x00000000f8300000)
 Metaspace       used 52409K, capacity 55450K, committed 55680K, reserved 1097728K
  class space    used 6393K, capacity 6939K, committed 7040K, reserved 1048576K
2023-01-17T04:25:42.345+0800: 41.295: [Full GC (Ergonomics) [PSYoungGen: 43008K->7325K(62464K)] [ParOldGen: 133708K->133707K(134144K)] 176716K->141033K(196608K), [Metaspace: 52409K->52409K(1097728K)], 0.1779016 secs] [Times: user=0.41 sys=0.00, real=0.18 secs] 
Heap after GC invocations=114 (full 96):
 PSYoungGen      total 62464K, used 7325K [0x00000000f8300000, 0x0000000100000000, 0x0000000100000000)
  eden space 43008K, 17% used [0x00000000f8300000,0x00000000f8a27680,0x00000000fad00000)
  from space 19456K, 0% used [0x00000000fed00000,0x00000000fed00000,0x0000000100000000)
  to   space 42496K, 0% used [0x00000000fad00000,0x00000000fad00000,0x00000000fd680000)
 ParOldGen       total 134144K, used 133707K [0x00000000f0000000, 0x00000000f8300000, 0x00000000f8300000)
  object space 134144K, 99% used [0x00000000f0000000,0x00000000f8292e48,0x00000000f8300000)
 Metaspace       used 52409K, capacity 55450K, committed 55680K, reserved 1097728K
  class space    used 6393K, capacity 6939K, committed 7040K, reserved 1048576K
}
{Heap before GC invocations=115 (full 97):
 PSYoungGen      total 62464K, used 43008K [0x00000000f8300000, 0x0000000100000000, 0x0000000100000000)
  eden space 43008K, 100% used [0x00000000f8300000,0x00000000fad00000,0x00000000fad00000)
  from space 19456K, 0% used [0x00000000fed00000,0x00000000fed00000,0x0000000100000000)
  to   space 42496K, 0% used [0x00000000fad00000,0x00000000fad00000,0x00000000fd680000)
 ParOldGen       total 134144K, used 133707K [0x00000000f0000000, 0x00000000f8300000, 0x00000000f8300000)
  object space 134144K, 99% used [0x00000000f0000000,0x00000000f8292e48,0x00000000f8300000)
 Metaspace       used 52410K, capacity 55450K, committed 55680K, reserved 1097728K
  class space    used 6393K, capacity 6939K, committed 7040K, reserved 1048576K
2023-01-17T04:25:42.628+0800: 41.578: [Full GC (Ergonomics) [PSYoungGen: 43008K->7320K(62464K)] [ParOldGen: 133707K->133707K(134144K)] 176715K->141027K(196608K), [Metaspace: 52410K->52410K(1097728K)], 0.1456506 secs] [Times: user=0.39 sys=0.00, real=0.15 secs] 
Heap after GC invocations=115 (full 97):
 PSYoungGen      total 62464K, used 7320K [0x00000000f8300000, 0x0000000100000000, 0x0000000100000000)
  eden space 43008K, 17% used [0x00000000f8300000,0x00000000f8a26178,0x00000000fad00000)
  from space 19456K, 0% used [0x00000000fed00000,0x00000000fed00000,0x0000000100000000)
  to   space 42496K, 0% used [0x00000000fad00000,0x00000000fad00000,0x00000000fd680000)
 ParOldGen       total 134144K, used 133707K [0x00000000f0000000, 0x00000000f8300000, 0x00000000f8300000)
  object space 134144K, 99% used [0x00000000f0000000,0x00000000f8292cc8,0x00000000f8300000)
 Metaspace       used 52410K, capacity 55450K, committed 55680K, reserved 1097728K
  class space    used 6393K, capacity 6939K, committed 7040K, reserved 1048576K
}
{Heap before GC invocations=116 (full 98):
 PSYoungGen      total 62464K, used 43008K [0x00000000f8300000, 0x0000000100000000, 0x0000000100000000)
  eden space 43008K, 100% used [0x00000000f8300000,0x00000000fad00000,0x00000000fad00000)
  from space 19456K, 0% used [0x00000000fed00000,0x00000000fed00000,0x0000000100000000)
  to   space 42496K, 0% used [0x00000000fad00000,0x00000000fad00000,0x00000000fd680000)
 ParOldGen       total 134144K, used 133707K [0x00000000f0000000, 0x00000000f8300000, 0x00000000f8300000)
  object space 134144K, 99% used [0x00000000f0000000,0x00000000f8292cc8,0x00000000f8300000)
 Metaspace       used 52410K, capacity 55450K, committed 55680K, reserved 1097728K
  class space    used 6393K, capacity 6939K, committed 7040K, reserved 1048576K
2023-01-17T04:25:42.853+0800: 41.803: [Full GC (Ergonomics) [PSYoungGen: 43008K->7325K(62464K)] [ParOldGen: 133707K->133707K(134144K)] 176715K->141032K(196608K), [Metaspace: 52410K->52410K(1097728K)], 0.1542758 secs] [Times: user=0.41 sys=0.00, real=0.15 secs] 
Heap after GC invocations=116 (full 98):
 PSYoungGen      total 62464K, used 7325K [0x00000000f8300000, 0x0000000100000000, 0x0000000100000000)
  eden space 43008K, 17% used [0x00000000f8300000,0x00000000f8a27540,0x00000000fad00000)
  from space 19456K, 0% used [0x00000000fed00000,0x00000000fed00000,0x0000000100000000)
  to   space 42496K, 0% used [0x00000000fad00000,0x00000000fad00000,0x00000000fd680000)
 ParOldGen       total 134144K, used 133707K [0x00000000f0000000, 0x00000000f8300000, 0x00000000f8300000)
  object space 134144K, 99% used [0x00000000f0000000,0x00000000f8292c08,0x00000000f8300000)
 Metaspace       used 52410K, capacity 55450K, committed 55680K, reserved 1097728K
  class space    used 6393K, capacity 6939K, committed 7040K, reserved 1048576K
}
{Heap before GC invocations=117 (full 99):
 PSYoungGen      total 62464K, used 43008K [0x00000000f8300000, 0x0000000100000000, 0x0000000100000000)
  eden space 43008K, 100% used [0x00000000f8300000,0x00000000fad00000,0x00000000fad00000)
  from space 19456K, 0% used [0x00000000fed00000,0x00000000fed00000,0x0000000100000000)
  to   space 42496K, 0% used [0x00000000fad00000,0x00000000fad00000,0x00000000fd680000)
 ParOldGen       total 134144K, used 133707K [0x00000000f0000000, 0x00000000f8300000, 0x00000000f8300000)
  object space 134144K, 99% used [0x00000000f0000000,0x00000000f8292c08,0x00000000f8300000)
 Metaspace       used 52410K, capacity 55450K, committed 55680K, reserved 1097728K
  class space    used 6393K, capacity 6939K, committed 7040K, reserved 1048576K
2023-01-17T04:25:43.122+0800: 42.072: [Full GC (Ergonomics) [PSYoungGen: 43008K->7327K(62464K)] [ParOldGen: 133707K->133706K(134144K)] 176715K->141034K(196608K), [Metaspace: 52410K->52410K(1097728K)], 0.2113779 secs] [Times: user=0.39 sys=0.00, real=0.21 secs] 
Heap after GC invocations=117 (full 99):
 PSYoungGen      total 62464K, used 7327K [0x00000000f8300000, 0x0000000100000000, 0x0000000100000000)
  eden space 43008K, 17% used [0x00000000f8300000,0x00000000f8a27ef8,0x00000000fad00000)
  from space 19456K, 0% used [0x00000000fed00000,0x00000000fed00000,0x0000000100000000)
  to   space 42496K, 0% used [0x00000000fad00000,0x00000000fad00000,0x00000000fd680000)
 ParOldGen       total 134144K, used 133706K [0x00000000f0000000, 0x00000000f8300000, 0x00000000f8300000)
  object space 134144K, 99% used [0x00000000f0000000,0x00000000f8292b48,0x00000000f8300000)
 Metaspace       used 52410K, capacity 55450K, committed 55680K, reserved 1097728K
  class space    used 6393K, capacity 6939K, committed 7040K, reserved 1048576K
}
{Heap before GC invocations=118 (full 100):
 PSYoungGen      total 62464K, used 43000K [0x00000000f8300000, 0x0000000100000000, 0x0000000100000000)
  eden space 43008K, 99% used [0x00000000f8300000,0x00000000facfe1c0,0x00000000fad00000)
  from space 19456K, 0% used [0x00000000fed00000,0x00000000fed00000,0x0000000100000000)
  to   space 42496K, 0% used [0x00000000fad00000,0x00000000fad00000,0x00000000fd680000)
 ParOldGen       total 134144K, used 133706K [0x00000000f0000000, 0x00000000f8300000, 0x00000000f8300000)
  object space 134144K, 99% used [0x00000000f0000000,0x00000000f8292b48,0x00000000f8300000)
 Metaspace       used 52410K, capacity 55450K, committed 55680K, reserved 1097728K
  class space    used 6393K, capacity 6939K, committed 7040K, reserved 1048576K
2023-01-17T04:25:43.436+0800: 42.386: [Full GC (Ergonomics) [PSYoungGen: 43000K->7331K(62464K)] [ParOldGen: 133706K->133705K(134144K)] 176707K->141037K(196608K), [Metaspace: 52410K->52410K(1097728K)], 0.1450264 secs] [Times: user=0.39 sys=0.01, real=0.15 secs] 
Heap after GC invocations=118 (full 100):
 PSYoungGen      total 62464K, used 7331K [0x00000000f8300000, 0x0000000100000000, 0x0000000100000000)
  eden space 43008K, 17% used [0x00000000f8300000,0x00000000f8a28f88,0x00000000fad00000)
  from space 19456K, 0% used [0x00000000fed00000,0x00000000fed00000,0x0000000100000000)
  to   space 42496K, 0% used [0x00000000fad00000,0x00000000fad00000,0x00000000fd680000)
 ParOldGen       total 134144K, used 133705K [0x00000000f0000000, 0x00000000f8300000, 0x00000000f8300000)
  object space 134144K, 99% used [0x00000000f0000000,0x00000000f8292780,0x00000000f8300000)
 Metaspace       used 52410K, capacity 55450K, committed 55680K, reserved 1097728K
  class space    used 6393K, capacity 6939K, committed 7040K, reserved 1048576K
}
{Heap before GC invocations=119 (full 101):
 PSYoungGen      total 62464K, used 43008K [0x00000000f8300000, 0x0000000100000000, 0x0000000100000000)
  eden space 43008K, 100% used [0x00000000f8300000,0x00000000fad00000,0x00000000fad00000)
  from space 19456K, 0% used [0x00000000fed00000,0x00000000fed00000,0x0000000100000000)
  to   space 42496K, 0% used [0x00000000fad00000,0x00000000fad00000,0x00000000fd680000)
 ParOldGen       total 134144K, used 133705K [0x00000000f0000000, 0x00000000f8300000, 0x00000000f8300000)
  object space 134144K, 99% used [0x00000000f0000000,0x00000000f8292780,0x00000000f8300000)
 Metaspace       used 52410K, capacity 55450K, committed 55680K, reserved 1097728K
  class space    used 6393K, capacity 6939K, committed 7040K, reserved 1048576K
2023-01-17T04:25:43.683+0800: 42.633: [Full GC (Ergonomics) [PSYoungGen: 43008K->7340K(62464K)] [ParOldGen: 133705K->133705K(134144K)] 176713K->141046K(196608K), [Metaspace: 52410K->52410K(1097728K)], 0.1574010 secs] [Times: user=0.44 sys=0.00, real=0.16 secs] 
Heap after GC invocations=119 (full 101):
 PSYoungGen      total 62464K, used 7340K [0x00000000f8300000, 0x0000000100000000, 0x0000000100000000)
  eden space 43008K, 17% used [0x00000000f8300000,0x00000000f8a2b3a0,0x00000000fad00000)
  from space 19456K, 0% used [0x00000000fed00000,0x00000000fed00000,0x0000000100000000)
  to   space 42496K, 0% used [0x00000000fad00000,0x00000000fad00000,0x00000000fd680000)
 ParOldGen       total 134144K, used 133705K [0x00000000f0000000, 0x00000000f8300000, 0x00000000f8300000)
  object space 134144K, 99% used [0x00000000f0000000,0x00000000f82926c0,0x00000000f8300000)
 Metaspace       used 52410K, capacity 55450K, committed 55680K, reserved 1097728K
  class space    used 6393K, capacity 6939K, committed 7040K, reserved 1048576K
}
{Heap before GC invocations=120 (full 102):
 PSYoungGen      total 62464K, used 43008K [0x00000000f8300000, 0x0000000100000000, 0x0000000100000000)
  eden space 43008K, 100% used [0x00000000f8300000,0x00000000fad00000,0x00000000fad00000)
  from space 19456K, 0% used [0x00000000fed00000,0x00000000fed00000,0x0000000100000000)
  to   space 42496K, 0% used [0x00000000fad00000,0x00000000fad00000,0x00000000fd680000)
 ParOldGen       total 134144K, used 133705K [0x00000000f0000000, 0x00000000f8300000, 0x00000000f8300000)
  object space 134144K, 99% used [0x00000000f0000000,0x00000000f82926c0,0x00000000f8300000)
 Metaspace       used 52410K, capacity 55450K, committed 55680K, reserved 1097728K
  class space    used 6394K, capacity 6939K, committed 7040K, reserved 1048576K
2023-01-17T04:25:43.930+0800: 42.880: [Full GC (Ergonomics) [PSYoungGen: 43008K->7360K(62464K)] [ParOldGen: 133705K->133705K(134144K)] 176713K->141066K(196608K), [Metaspace: 52410K->52410K(1097728K)], 0.1708757 secs] [Times: user=0.32 sys=0.00, real=0.17 secs] 
Heap after GC invocations=120 (full 102):
 PSYoungGen      total 62464K, used 7360K [0x00000000f8300000, 0x0000000100000000, 0x0000000100000000)
  eden space 43008K, 17% used [0x00000000f8300000,0x00000000f8a30338,0x00000000fad00000)
  from space 19456K, 0% used [0x00000000fed00000,0x00000000fed00000,0x0000000100000000)
  to   space 42496K, 0% used [0x00000000fad00000,0x00000000fad00000,0x00000000fd680000)
 ParOldGen       total 134144K, used 133705K [0x00000000f0000000, 0x00000000f8300000, 0x00000000f8300000)
  object space 134144K, 99% used [0x00000000f0000000,0x00000000f8292600,0x00000000f8300000)
 Metaspace       used 52410K, capacity 55450K, committed 55680K, reserved 1097728K
  class space    used 6394K, capacity 6939K, committed 7040K, reserved 1048576K
}
{Heap before GC invocations=121 (full 103):
 PSYoungGen      total 62464K, used 43008K [0x00000000f8300000, 0x0000000100000000, 0x0000000100000000)
  eden space 43008K, 100% used [0x00000000f8300000,0x00000000fad00000,0x00000000fad00000)
  from space 19456K, 0% used [0x00000000fed00000,0x00000000fed00000,0x0000000100000000)
  to   space 42496K, 0% used [0x00000000fad00000,0x00000000fad00000,0x00000000fd680000)
 ParOldGen       total 134144K, used 133705K [0x00000000f0000000, 0x00000000f8300000, 0x00000000f8300000)
  object space 134144K, 99% used [0x00000000f0000000,0x00000000f8292600,0x00000000f8300000)
 Metaspace       used 52412K, capacity 55450K, committed 55680K, reserved 1097728K
  class space    used 6394K, capacity 6939K, committed 7040K, reserved 1048576K
2023-01-17T04:25:44.195+0800: 43.145: [Full GC (Ergonomics) [PSYoungGen: 43008K->7374K(62464K)] [ParOldGen: 133705K->133704K(134144K)] 176713K->141078K(196608K), [Metaspace: 52412K->52412K(1097728K)], 0.1815644 secs] [Times: user=0.45 sys=0.00, real=0.18 secs] 
Heap after GC invocations=121 (full 103):
 PSYoungGen      total 62464K, used 7374K [0x00000000f8300000, 0x0000000100000000, 0x0000000100000000)
  eden space 43008K, 17% used [0x00000000f8300000,0x00000000f8a33818,0x00000000fad00000)
  from space 19456K, 0% used [0x00000000fed00000,0x00000000fed00000,0x0000000100000000)
  to   space 42496K, 0% used [0x00000000fad00000,0x00000000fad00000,0x00000000fd680000)
 ParOldGen       total 134144K, used 133704K [0x00000000f0000000, 0x00000000f8300000, 0x00000000f8300000)
  object space 134144K, 99% used [0x00000000f0000000,0x00000000f8292360,0x00000000f8300000)
 Metaspace       used 52412K, capacity 55450K, committed 55680K, reserved 1097728K
  class space    used 6394K, capacity 6939K, committed 7040K, reserved 1048576K
}
{Heap before GC invocations=122 (full 104):
 PSYoungGen      total 62464K, used 43008K [0x00000000f8300000, 0x0000000100000000, 0x0000000100000000)
  eden space 43008K, 100% used [0x00000000f8300000,0x00000000fad00000,0x00000000fad00000)
  from space 19456K, 0% used [0x00000000fed00000,0x00000000fed00000,0x0000000100000000)
  to   space 42496K, 0% used [0x00000000fad00000,0x00000000fad00000,0x00000000fd680000)
 ParOldGen       total 134144K, used 133704K [0x00000000f0000000, 0x00000000f8300000, 0x00000000f8300000)
  object space 134144K, 99% used [0x00000000f0000000,0x00000000f8292360,0x00000000f8300000)
 Metaspace       used 52412K, capacity 55450K, committed 55680K, reserved 1097728K
  class space    used 6394K, capacity 6939K, committed 7040K, reserved 1048576K
2023-01-17T04:25:44.484+0800: 43.434: [Full GC (Ergonomics) [PSYoungGen: 43008K->7386K(62464K)] [ParOldGen: 133704K->133704K(134144K)] 176712K->141090K(196608K), [Metaspace: 52412K->52412K(1097728K)], 0.1812802 secs] [Times: user=0.47 sys=0.00, real=0.18 secs] 
Heap after GC invocations=122 (full 104):
 PSYoungGen      total 62464K, used 7386K [0x00000000f8300000, 0x0000000100000000, 0x0000000100000000)
  eden space 43008K, 17% used [0x00000000f8300000,0x00000000f8a36970,0x00000000fad00000)
  from space 19456K, 0% used [0x00000000fed00000,0x00000000fed00000,0x0000000100000000)
  to   space 42496K, 0% used [0x00000000fad00000,0x00000000fad00000,0x00000000fd680000)
 ParOldGen       total 134144K, used 133704K [0x00000000f0000000, 0x00000000f8300000, 0x00000000f8300000)
  object space 134144K, 99% used [0x00000000f0000000,0x00000000f8292208,0x00000000f8300000)
 Metaspace       used 52412K, capacity 55450K, committed 55680K, reserved 1097728K
  class space    used 6394K, capacity 6939K, committed 7040K, reserved 1048576K
}
{Heap before GC invocations=123 (full 105):
 PSYoungGen      total 62464K, used 43008K [0x00000000f8300000, 0x0000000100000000, 0x0000000100000000)
  eden space 43008K, 100% used [0x00000000f8300000,0x00000000fad00000,0x00000000fad00000)
  from space 19456K, 0% used [0x00000000fed00000,0x00000000fed00000,0x0000000100000000)
  to   space 42496K, 0% used [0x00000000fad00000,0x00000000fad00000,0x00000000fd680000)
 ParOldGen       total 134144K, used 133704K [0x00000000f0000000, 0x00000000f8300000, 0x00000000f8300000)
  object space 134144K, 99% used [0x00000000f0000000,0x00000000f8292208,0x00000000f8300000)
 Metaspace       used 52423K, capacity 55514K, committed 55680K, reserved 1097728K
  class space    used 6394K, capacity 6939K, committed 7040K, reserved 1048576K
2023-01-17T04:25:44.780+0800: 43.729: [Full GC (Ergonomics) [PSYoungGen: 43008K->7358K(62464K)] [ParOldGen: 133704K->133704K(134144K)] 176712K->141062K(196608K), [Metaspace: 52423K->52423K(1097728K)], 0.1670702 secs] [Times: user=0.40 sys=0.00, real=0.16 secs] 
Heap after GC invocations=123 (full 105):
 PSYoungGen      total 62464K, used 7358K [0x00000000f8300000, 0x0000000100000000, 0x0000000100000000)
  eden space 43008K, 17% used [0x00000000f8300000,0x00000000f8a2fa48,0x00000000fad00000)
  from space 19456K, 0% used [0x00000000fed00000,0x00000000fed00000,0x0000000100000000)
  to   space 42496K, 0% used [0x00000000fad00000,0x00000000fad00000,0x00000000fd680000)
 ParOldGen       total 134144K, used 133704K [0x00000000f0000000, 0x00000000f8300000, 0x00000000f8300000)
  object space 134144K, 99% used [0x00000000f0000000,0x00000000f8292058,0x00000000f8300000)
 Metaspace       used 52423K, capacity 55514K, committed 55680K, reserved 1097728K
  class space    used 6394K, capacity 6939K, committed 7040K, reserved 1048576K
}
{Heap before GC invocations=124 (full 106):
 PSYoungGen      total 62464K, used 43008K [0x00000000f8300000, 0x0000000100000000, 0x0000000100000000)
  eden space 43008K, 100% used [0x00000000f8300000,0x00000000fad00000,0x00000000fad00000)
  from space 19456K, 0% used [0x00000000fed00000,0x00000000fed00000,0x0000000100000000)
  to   space 42496K, 0% used [0x00000000fad00000,0x00000000fad00000,0x00000000fd680000)
 ParOldGen       total 134144K, used 133704K [0x00000000f0000000, 0x00000000f8300000, 0x00000000f8300000)
  object space 134144K, 99% used [0x00000000f0000000,0x00000000f8292058,0x00000000f8300000)
 Metaspace       used 52433K, capacity 55514K, committed 55680K, reserved 1097728K
  class space    used 6396K, capacity 6939K, committed 7040K, reserved 1048576K
2023-01-17T04:25:45.037+0800: 43.987: [Full GC (Ergonomics) [PSYoungGen: 43008K->7344K(62464K)] [ParOldGen: 133704K->133703K(134144K)] 176712K->141048K(196608K), [Metaspace: 52433K->52433K(1097728K)], 0.1353029 secs] [Times: user=0.36 sys=0.00, real=0.14 secs] 
Heap after GC invocations=124 (full 106):
 PSYoungGen      total 62464K, used 7344K [0x00000000f8300000, 0x0000000100000000, 0x0000000100000000)
  eden space 43008K, 17% used [0x00000000f8300000,0x00000000f8a2c3e8,0x00000000fad00000)
  from space 19456K, 0% used [0x00000000fed00000,0x00000000fed00000,0x0000000100000000)
  to   space 42496K, 0% used [0x00000000fad00000,0x00000000fad00000,0x00000000fd680000)
 ParOldGen       total 134144K, used 133703K [0x00000000f0000000, 0x00000000f8300000, 0x00000000f8300000)
  object space 134144K, 99% used [0x00000000f0000000,0x00000000f8291e78,0x00000000f8300000)
 Metaspace       used 52433K, capacity 55514K, committed 55680K, reserved 1097728K
  class space    used 6396K, capacity 6939K, committed 7040K, reserved 1048576K
}
{Heap before GC invocations=125 (full 107):
 PSYoungGen      total 62464K, used 43008K [0x00000000f8300000, 0x0000000100000000, 0x0000000100000000)
  eden space 43008K, 100% used [0x00000000f8300000,0x00000000fad00000,0x00000000fad00000)
  from space 19456K, 0% used [0x00000000fed00000,0x00000000fed00000,0x0000000100000000)
  to   space 42496K, 0% used [0x00000000fad00000,0x00000000fad00000,0x00000000fd680000)
 ParOldGen       total 134144K, used 133703K [0x00000000f0000000, 0x00000000f8300000, 0x00000000f8300000)
  object space 134144K, 99% used [0x00000000f0000000,0x00000000f8291e78,0x00000000f8300000)
 Metaspace       used 52433K, capacity 55514K, committed 55680K, reserved 1097728K
  class space    used 6396K, capacity 6939K, committed 7040K, reserved 1048576K
2023-01-17T04:25:45.254+0800: 44.204: [Full GC (Ergonomics) [PSYoungGen: 43008K->7345K(62464K)] [ParOldGen: 133703K->133702K(134144K)] 176711K->141048K(196608K), [Metaspace: 52433K->52433K(1097728K)], 0.1584748 secs] [Times: user=0.42 sys=0.01, real=0.16 secs] 
Heap after GC invocations=125 (full 107):
 PSYoungGen      total 62464K, used 7345K [0x00000000f8300000, 0x0000000100000000, 0x0000000100000000)
  eden space 43008K, 17% used [0x00000000f8300000,0x00000000f8a2c748,0x00000000fad00000)
  from space 19456K, 0% used [0x00000000fed00000,0x00000000fed00000,0x0000000100000000)
  to   space 42496K, 0% used [0x00000000fad00000,0x00000000fad00000,0x00000000fd680000)
 ParOldGen       total 134144K, used 133702K [0x00000000f0000000, 0x00000000f8300000, 0x00000000f8300000)
  object space 134144K, 99% used [0x00000000f0000000,0x00000000f82918f8,0x00000000f8300000)
 Metaspace       used 52433K, capacity 55514K, committed 55680K, reserved 1097728K
  class space    used 6396K, capacity 6939K, committed 7040K, reserved 1048576K
}
{Heap before GC invocations=126 (full 108):
 PSYoungGen      total 62464K, used 43008K [0x00000000f8300000, 0x0000000100000000, 0x0000000100000000)
  eden space 43008K, 100% used [0x00000000f8300000,0x00000000fad00000,0x00000000fad00000)
  from space 19456K, 0% used [0x00000000fed00000,0x00000000fed00000,0x0000000100000000)
  to   space 42496K, 0% used [0x00000000fad00000,0x00000000fad00000,0x00000000fd680000)
 ParOldGen       total 134144K, used 133702K [0x00000000f0000000, 0x00000000f8300000, 0x00000000f8300000)
  object space 134144K, 99% used [0x00000000f0000000,0x00000000f82918f8,0x00000000f8300000)
 Metaspace       used 52434K, capacity 55514K, committed 55680K, reserved 1097728K
  class space    used 6396K, capacity 6939K, committed 7040K, reserved 1048576K
2023-01-17T04:25:45.544+0800: 44.494: [Full GC (Ergonomics) [PSYoungGen: 43008K->7354K(62464K)] [ParOldGen: 133702K->133702K(134144K)] 176710K->141056K(196608K), [Metaspace: 52434K->52434K(1097728K)], 0.1925739 secs] [Times: user=0.40 sys=0.00, real=0.19 secs] 
Heap after GC invocations=126 (full 108):
 PSYoungGen      total 62464K, used 7354K [0x00000000f8300000, 0x0000000100000000, 0x0000000100000000)
  eden space 43008K, 17% used [0x00000000f8300000,0x00000000f8a2eb78,0x00000000fad00000)
  from space 19456K, 0% used [0x00000000fed00000,0x00000000fed00000,0x0000000100000000)
  to   space 42496K, 0% used [0x00000000fad00000,0x00000000fad00000,0x00000000fd680000)
 ParOldGen       total 134144K, used 133702K [0x00000000f0000000, 0x00000000f8300000, 0x00000000f8300000)
  object space 134144K, 99% used [0x00000000f0000000,0x00000000f8291838,0x00000000f8300000)
 Metaspace       used 52434K, capacity 55514K, committed 55680K, reserved 1097728K
  class space    used 6396K, capacity 6939K, committed 7040K, reserved 1048576K
}
{Heap before GC invocations=127 (full 109):
 PSYoungGen      total 62464K, used 43008K [0x00000000f8300000, 0x0000000100000000, 0x0000000100000000)
  eden space 43008K, 100% used [0x00000000f8300000,0x00000000fad00000,0x00000000fad00000)
  from space 19456K, 0% used [0x00000000fed00000,0x00000000fed00000,0x0000000100000000)
  to   space 42496K, 0% used [0x00000000fad00000,0x00000000fad00000,0x00000000fd680000)
 ParOldGen       total 134144K, used 133702K [0x00000000f0000000, 0x00000000f8300000, 0x00000000f8300000)
  object space 134144K, 99% used [0x00000000f0000000,0x00000000f8291838,0x00000000f8300000)
 Metaspace       used 52434K, capacity 55514K, committed 55680K, reserved 1097728K
  class space    used 6396K, capacity 6939K, committed 7040K, reserved 1048576K
2023-01-17T04:25:45.831+0800: 44.781: [Full GC (Ergonomics) [PSYoungGen: 43008K->7345K(62464K)] [ParOldGen: 133702K->133701K(134144K)] 176710K->141046K(196608K), [Metaspace: 52434K->52434K(1097728K)], 0.1424194 secs] [Times: user=0.37 sys=0.00, real=0.14 secs] 
Heap after GC invocations=127 (full 109):
 PSYoungGen      total 62464K, used 7345K [0x00000000f8300000, 0x0000000100000000, 0x0000000100000000)
  eden space 43008K, 17% used [0x00000000f8300000,0x00000000f8a2c440,0x00000000fad00000)
  from space 19456K, 0% used [0x00000000fed00000,0x00000000fed00000,0x0000000100000000)
  to   space 42496K, 0% used [0x00000000fad00000,0x00000000fad00000,0x00000000fd680000)
 ParOldGen       total 134144K, used 133701K [0x00000000f0000000, 0x00000000f8300000, 0x00000000f8300000)
  object space 134144K, 99% used [0x00000000f0000000,0x00000000f8291778,0x00000000f8300000)
 Metaspace       used 52434K, capacity 55514K, committed 55680K, reserved 1097728K
  class space    used 6396K, capacity 6939K, committed 7040K, reserved 1048576K
}
{Heap before GC invocations=128 (full 110):
 PSYoungGen      total 62464K, used 43008K [0x00000000f8300000, 0x0000000100000000, 0x0000000100000000)
  eden space 43008K, 100% used [0x00000000f8300000,0x00000000fad00000,0x00000000fad00000)
  from space 19456K, 0% used [0x00000000fed00000,0x00000000fed00000,0x0000000100000000)
  to   space 42496K, 0% used [0x00000000fad00000,0x00000000fad00000,0x00000000fd680000)
 ParOldGen       total 134144K, used 133701K [0x00000000f0000000, 0x00000000f8300000, 0x00000000f8300000)
  object space 134144K, 99% used [0x00000000f0000000,0x00000000f8291778,0x00000000f8300000)
 Metaspace       used 52434K, capacity 55514K, committed 55680K, reserved 1097728K
  class space    used 6396K, capacity 6939K, committed 7040K, reserved 1048576K
2023-01-17T04:25:46.060+0800: 45.010: [Full GC (Ergonomics) [PSYoungGen: 43008K->7369K(62464K)] [ParOldGen: 133701K->133701K(134144K)] 176709K->141071K(196608K), [Metaspace: 52434K->52434K(1097728K)], 0.1384493 secs] [Times: user=0.36 sys=0.00, real=0.13 secs] 
Heap after GC invocations=128 (full 110):
 PSYoungGen      total 62464K, used 7369K [0x00000000f8300000, 0x0000000100000000, 0x0000000100000000)
  eden space 43008K, 17% used [0x00000000f8300000,0x00000000f8a326a8,0x00000000fad00000)
  from space 19456K, 0% used [0x00000000fed00000,0x00000000fed00000,0x0000000100000000)
  to   space 42496K, 0% used [0x00000000fad00000,0x00000000fad00000,0x00000000fd680000)
 ParOldGen       total 134144K, used 133701K [0x00000000f0000000, 0x00000000f8300000, 0x00000000f8300000)
  object space 134144K, 99% used [0x00000000f0000000,0x00000000f82916b8,0x00000000f8300000)
 Metaspace       used 52434K, capacity 55514K, committed 55680K, reserved 1097728K
  class space    used 6396K, capacity 6939K, committed 7040K, reserved 1048576K
}
{Heap before GC invocations=129 (full 111):
 PSYoungGen      total 62464K, used 43005K [0x00000000f8300000, 0x0000000100000000, 0x0000000100000000)
  eden space 43008K, 99% used [0x00000000f8300000,0x00000000facff7d8,0x00000000fad00000)
  from space 19456K, 0% used [0x00000000fed00000,0x00000000fed00000,0x0000000100000000)
  to   space 42496K, 0% used [0x00000000fad00000,0x00000000fad00000,0x00000000fd680000)
 ParOldGen       total 134144K, used 133701K [0x00000000f0000000, 0x00000000f8300000, 0x00000000f8300000)
  object space 134144K, 99% used [0x00000000f0000000,0x00000000f82916b8,0x00000000f8300000)
 Metaspace       used 52434K, capacity 55514K, committed 55680K, reserved 1097728K
  class space    used 6396K, capacity 6939K, committed 7040K, reserved 1048576K
2023-01-17T04:25:46.291+0800: 45.241: [Full GC (Ergonomics) [PSYoungGen: 43005K->7384K(62464K)] [ParOldGen: 133701K->133701K(134144K)] 176707K->141085K(196608K), [Metaspace: 52434K->52434K(1097728K)], 0.1767076 secs] [Times: user=0.37 sys=0.01, real=0.17 secs] 
Heap after GC invocations=129 (full 111):
 PSYoungGen      total 62464K, used 7384K [0x00000000f8300000, 0x0000000100000000, 0x0000000100000000)
  eden space 43008K, 17% used [0x00000000f8300000,0x00000000f8a36058,0x00000000fad00000)
  from space 19456K, 0% used [0x00000000fed00000,0x00000000fed00000,0x0000000100000000)
  to   space 42496K, 0% used [0x00000000fad00000,0x00000000fad00000,0x00000000fd680000)
 ParOldGen       total 134144K, used 133701K [0x00000000f0000000, 0x00000000f8300000, 0x00000000f8300000)
  object space 134144K, 99% used [0x00000000f0000000,0x00000000f82914d8,0x00000000f8300000)
 Metaspace       used 52434K, capacity 55514K, committed 55680K, reserved 1097728K
  class space    used 6396K, capacity 6939K, committed 7040K, reserved 1048576K
}
{Heap before GC invocations=130 (full 112):
 PSYoungGen      total 62464K, used 43008K [0x00000000f8300000, 0x0000000100000000, 0x0000000100000000)
  eden space 43008K, 100% used [0x00000000f8300000,0x00000000fad00000,0x00000000fad00000)
  from space 19456K, 0% used [0x00000000fed00000,0x00000000fed00000,0x0000000100000000)
  to   space 42496K, 0% used [0x00000000fad00000,0x00000000fad00000,0x00000000fd680000)
 ParOldGen       total 134144K, used 133701K [0x00000000f0000000, 0x00000000f8300000, 0x00000000f8300000)
  object space 134144K, 99% used [0x00000000f0000000,0x00000000f82914d8,0x00000000f8300000)
 Metaspace       used 52434K, capacity 55514K, committed 55680K, reserved 1097728K
  class space    used 6396K, capacity 6939K, committed 7040K, reserved 1048576K
2023-01-17T04:25:46.566+0800: 45.515: [Full GC (Ergonomics) [PSYoungGen: 43008K->7350K(62464K)] [ParOldGen: 133701K->133701K(134144K)] 176709K->141051K(196608K), [Metaspace: 52434K->52434K(1097728K)], 0.1419558 secs] [Times: user=0.38 sys=0.01, real=0.14 secs] 
Heap after GC invocations=130 (full 112):
 PSYoungGen      total 62464K, used 7350K [0x00000000f8300000, 0x0000000100000000, 0x0000000100000000)
  eden space 43008K, 17% used [0x00000000f8300000,0x00000000f8a2da00,0x00000000fad00000)
  from space 19456K, 0% used [0x00000000fed00000,0x00000000fed00000,0x0000000100000000)
  to   space 42496K, 0% used [0x00000000fad00000,0x00000000fad00000,0x00000000fd680000)
 ParOldGen       total 134144K, used 133701K [0x00000000f0000000, 0x00000000f8300000, 0x00000000f8300000)
  object space 134144K, 99% used [0x00000000f0000000,0x00000000f8291418,0x00000000f8300000)
 Metaspace       used 52434K, capacity 55514K, committed 55680K, reserved 1097728K
  class space    used 6396K, capacity 6939K, committed 7040K, reserved 1048576K
}
{Heap before GC invocations=131 (full 113):
 PSYoungGen      total 62464K, used 43008K [0x00000000f8300000, 0x0000000100000000, 0x0000000100000000)
  eden space 43008K, 100% used [0x00000000f8300000,0x00000000fad00000,0x00000000fad00000)
  from space 19456K, 0% used [0x00000000fed00000,0x00000000fed00000,0x0000000100000000)
  to   space 42496K, 0% used [0x00000000fad00000,0x00000000fad00000,0x00000000fd680000)
 ParOldGen       total 134144K, used 133701K [0x00000000f0000000, 0x00000000f8300000, 0x00000000f8300000)
  object space 134144K, 99% used [0x00000000f0000000,0x00000000f8291418,0x00000000f8300000)
 Metaspace       used 52434K, capacity 55514K, committed 55680K, reserved 1097728K
  class space    used 6396K, capacity 6939K, committed 7040K, reserved 1048576K
2023-01-17T04:25:46.791+0800: 45.741: [Full GC (Ergonomics) [PSYoungGen: 43008K->7369K(62464K)] [ParOldGen: 133701K->133700K(134144K)] 176709K->141070K(196608K), [Metaspace: 52434K->52434K(1097728K)], 0.1638489 secs] [Times: user=0.35 sys=0.00, real=0.16 secs] 
Heap after GC invocations=131 (full 113):
 PSYoungGen      total 62464K, used 7369K [0x00000000f8300000, 0x0000000100000000, 0x0000000100000000)
  eden space 43008K, 17% used [0x00000000f8300000,0x00000000f8a32740,0x00000000fad00000)
  from space 19456K, 0% used [0x00000000fed00000,0x00000000fed00000,0x0000000100000000)
  to   space 42496K, 0% used [0x00000000fad00000,0x00000000fad00000,0x00000000fd680000)
 ParOldGen       total 134144K, used 133700K [0x00000000f0000000, 0x00000000f8300000, 0x00000000f8300000)
  object space 134144K, 99% used [0x00000000f0000000,0x00000000f8291238,0x00000000f8300000)
 Metaspace       used 52434K, capacity 55514K, committed 55680K, reserved 1097728K
  class space    used 6396K, capacity 6939K, committed 7040K, reserved 1048576K
}
{Heap before GC invocations=132 (full 114):
 PSYoungGen      total 62464K, used 43008K [0x00000000f8300000, 0x0000000100000000, 0x0000000100000000)
  eden space 43008K, 100% used [0x00000000f8300000,0x00000000fad00000,0x00000000fad00000)
  from space 19456K, 0% used [0x00000000fed00000,0x00000000fed00000,0x0000000100000000)
  to   space 42496K, 0% used [0x00000000fad00000,0x00000000fad00000,0x00000000fd680000)
 ParOldGen       total 134144K, used 133700K [0x00000000f0000000, 0x00000000f8300000, 0x00000000f8300000)
  object space 134144K, 99% used [0x00000000f0000000,0x00000000f8291238,0x00000000f8300000)
 Metaspace       used 52434K, capacity 55514K, committed 55680K, reserved 1097728K
  class space    used 6396K, capacity 6939K, committed 7040K, reserved 1048576K
2023-01-17T04:25:47.052+0800: 46.002: [Full GC (Ergonomics) [PSYoungGen: 43008K->7367K(62464K)] [ParOldGen: 133700K->133700K(134144K)] 176708K->141067K(196608K), [Metaspace: 52434K->52434K(1097728K)], 0.1553110 secs] [Times: user=0.30 sys=0.00, real=0.15 secs] 
Heap after GC invocations=132 (full 114):
 PSYoungGen      total 62464K, used 7367K [0x00000000f8300000, 0x0000000100000000, 0x0000000100000000)
  eden space 43008K, 17% used [0x00000000f8300000,0x00000000f8a31c00,0x00000000fad00000)
  from space 19456K, 0% used [0x00000000fed00000,0x00000000fed00000,0x0000000100000000)
  to   space 42496K, 0% used [0x00000000fad00000,0x00000000fad00000,0x00000000fd680000)
 ParOldGen       total 134144K, used 133700K [0x00000000f0000000, 0x00000000f8300000, 0x00000000f8300000)
  object space 134144K, 99% used [0x00000000f0000000,0x00000000f8291238,0x00000000f8300000)
 Metaspace       used 52434K, capacity 55514K, committed 55680K, reserved 1097728K
  class space    used 6396K, capacity 6939K, committed 7040K, reserved 1048576K
}
{Heap before GC invocations=133 (full 115):
 PSYoungGen      total 62464K, used 43008K [0x00000000f8300000, 0x0000000100000000, 0x0000000100000000)
  eden space 43008K, 100% used [0x00000000f8300000,0x00000000fad00000,0x00000000fad00000)
  from space 19456K, 0% used [0x00000000fed00000,0x00000000fed00000,0x0000000100000000)
  to   space 42496K, 0% used [0x00000000fad00000,0x00000000fad00000,0x00000000fd680000)
 ParOldGen       total 134144K, used 133700K [0x00000000f0000000, 0x00000000f8300000, 0x00000000f8300000)
  object space 134144K, 99% used [0x00000000f0000000,0x00000000f8291238,0x00000000f8300000)
 Metaspace       used 52434K, capacity 55514K, committed 55680K, reserved 1097728K
  class space    used 6396K, capacity 6939K, committed 7040K, reserved 1048576K
2023-01-17T04:25:47.303+0800: 46.253: [Full GC (Ergonomics) [PSYoungGen: 43008K->7348K(62464K)] [ParOldGen: 133700K->133700K(134144K)] 176708K->141048K(196608K), [Metaspace: 52434K->52434K(1097728K)], 0.1348753 secs] [Times: user=0.34 sys=0.00, real=0.13 secs] 
Heap after GC invocations=133 (full 115):
 PSYoungGen      total 62464K, used 7348K [0x00000000f8300000, 0x0000000100000000, 0x0000000100000000)
  eden space 43008K, 17% used [0x00000000f8300000,0x00000000f8a2d020,0x00000000fad00000)
  from space 19456K, 0% used [0x00000000fed00000,0x00000000fed00000,0x0000000100000000)
  to   space 42496K, 0% used [0x00000000fad00000,0x00000000fad00000,0x00000000fd680000)
 ParOldGen       total 134144K, used 133700K [0x00000000f0000000, 0x00000000f8300000, 0x00000000f8300000)
  object space 134144K, 99% used [0x00000000f0000000,0x00000000f8291178,0x00000000f8300000)
 Metaspace       used 52434K, capacity 55514K, committed 55680K, reserved 1097728K
  class space    used 6396K, capacity 6939K, committed 7040K, reserved 1048576K
}
{Heap before GC invocations=134 (full 116):
 PSYoungGen      total 62464K, used 43008K [0x00000000f8300000, 0x0000000100000000, 0x0000000100000000)
  eden space 43008K, 100% used [0x00000000f8300000,0x00000000fad00000,0x00000000fad00000)
  from space 19456K, 0% used [0x00000000fed00000,0x00000000fed00000,0x0000000100000000)
  to   space 42496K, 0% used [0x00000000fad00000,0x00000000fad00000,0x00000000fd680000)
 ParOldGen       total 134144K, used 133700K [0x00000000f0000000, 0x00000000f8300000, 0x00000000f8300000)
  object space 134144K, 99% used [0x00000000f0000000,0x00000000f8291178,0x00000000f8300000)
 Metaspace       used 52434K, capacity 55514K, committed 55680K, reserved 1097728K
  class space    used 6396K, capacity 6939K, committed 7040K, reserved 1048576K
2023-01-17T04:25:47.511+0800: 46.461: [Full GC (Ergonomics) [PSYoungGen: 43008K->7373K(62464K)] [ParOldGen: 133700K->133700K(134144K)] 176708K->141074K(196608K), [Metaspace: 52434K->52434K(1097728K)], 0.1354401 secs] [Times: user=0.36 sys=0.00, real=0.13 secs] 
Heap after GC invocations=134 (full 116):
 PSYoungGen      total 62464K, used 7373K [0x00000000f8300000, 0x0000000100000000, 0x0000000100000000)
  eden space 43008K, 17% used [0x00000000f8300000,0x00000000f8a33688,0x00000000fad00000)
  from space 19456K, 0% used [0x00000000fed00000,0x00000000fed00000,0x0000000100000000)
  to   space 42496K, 0% used [0x00000000fad00000,0x00000000fad00000,0x00000000fd680000)
 ParOldGen       total 134144K, used 133700K [0x00000000f0000000, 0x00000000f8300000, 0x00000000f8300000)
  object space 134144K, 99% used [0x00000000f0000000,0x00000000f8291178,0x00000000f8300000)
 Metaspace       used 52434K, capacity 55514K, committed 55680K, reserved 1097728K
  class space    used 6396K, capacity 6939K, committed 7040K, reserved 1048576K
}
{Heap before GC invocations=135 (full 117):
 PSYoungGen      total 62464K, used 43008K [0x00000000f8300000, 0x0000000100000000, 0x0000000100000000)
  eden space 43008K, 100% used [0x00000000f8300000,0x00000000fad00000,0x00000000fad00000)
  from space 19456K, 0% used [0x00000000fed00000,0x00000000fed00000,0x0000000100000000)
  to   space 42496K, 0% used [0x00000000fad00000,0x00000000fad00000,0x00000000fd680000)
 ParOldGen       total 134144K, used 133700K [0x00000000f0000000, 0x00000000f8300000, 0x00000000f8300000)
  object space 134144K, 99% used [0x00000000f0000000,0x00000000f8291178,0x00000000f8300000)
 Metaspace       used 52439K, capacity 55514K, committed 55680K, reserved 1097728K
  class space    used 6396K, capacity 6939K, committed 7040K, reserved 1048576K
2023-01-17T04:25:47.723+0800: 46.673: [Full GC (Ergonomics) [PSYoungGen: 43008K->7350K(62464K)] [ParOldGen: 133700K->133700K(134144K)] 176708K->141050K(196608K), [Metaspace: 52439K->52439K(1097728K)], 0.1289304 secs] [Times: user=0.32 sys=0.00, real=0.13 secs] 
Heap after GC invocations=135 (full 117):
 PSYoungGen      total 62464K, used 7350K [0x00000000f8300000, 0x0000000100000000, 0x0000000100000000)
  eden space 43008K, 17% used [0x00000000f8300000,0x00000000f8a2dad0,0x00000000fad00000)
  from space 19456K, 0% used [0x00000000fed00000,0x00000000fed00000,0x0000000100000000)
  to   space 42496K, 0% used [0x00000000fad00000,0x00000000fad00000,0x00000000fd680000)
 ParOldGen       total 134144K, used 133700K [0x00000000f0000000, 0x00000000f8300000, 0x00000000f8300000)
  object space 134144K, 99% used [0x00000000f0000000,0x00000000f82910b8,0x00000000f8300000)
 Metaspace       used 52439K, capacity 55514K, committed 55680K, reserved 1097728K
  class space    used 6396K, capacity 6939K, committed 7040K, reserved 1048576K
}
{Heap before GC invocations=136 (full 118):
 PSYoungGen      total 62464K, used 43008K [0x00000000f8300000, 0x0000000100000000, 0x0000000100000000)
  eden space 43008K, 100% used [0x00000000f8300000,0x00000000fad00000,0x00000000fad00000)
  from space 19456K, 0% used [0x00000000fed00000,0x00000000fed00000,0x0000000100000000)
  to   space 42496K, 0% used [0x00000000fad00000,0x00000000fad00000,0x00000000fd680000)
 ParOldGen       total 134144K, used 133700K [0x00000000f0000000, 0x00000000f8300000, 0x00000000f8300000)
  object space 134144K, 99% used [0x00000000f0000000,0x00000000f82910b8,0x00000000f8300000)
 Metaspace       used 52439K, capacity 55514K, committed 55680K, reserved 1097728K
  class space    used 6396K, capacity 6939K, committed 7040K, reserved 1048576K
2023-01-17T04:25:47.952+0800: 46.902: [Full GC (Ergonomics) [PSYoungGen: 43008K->7341K(62464K)] [ParOldGen: 133700K->133699K(134144K)] 176708K->141041K(196608K), [Metaspace: 52439K->52439K(1097728K)], 0.1809191 secs] [Times: user=0.37 sys=0.00, real=0.18 secs] 
Heap after GC invocations=136 (full 118):
 PSYoungGen      total 62464K, used 7341K [0x00000000f8300000, 0x0000000100000000, 0x0000000100000000)
  eden space 43008K, 17% used [0x00000000f8300000,0x00000000f8a2b530,0x00000000fad00000)
  from space 19456K, 0% used [0x00000000fed00000,0x00000000fed00000,0x0000000100000000)
  to   space 42496K, 0% used [0x00000000fad00000,0x00000000fad00000,0x00000000fd680000)
 ParOldGen       total 134144K, used 133699K [0x00000000f0000000, 0x00000000f8300000, 0x00000000f8300000)
  object space 134144K, 99% used [0x00000000f0000000,0x00000000f8290f98,0x00000000f8300000)
 Metaspace       used 52439K, capacity 55514K, committed 55680K, reserved 1097728K
  class space    used 6396K, capacity 6939K, committed 7040K, reserved 1048576K
}
{Heap before GC invocations=137 (full 119):
 PSYoungGen      total 62464K, used 43008K [0x00000000f8300000, 0x0000000100000000, 0x0000000100000000)
  eden space 43008K, 100% used [0x00000000f8300000,0x00000000fad00000,0x00000000fad00000)
  from space 19456K, 0% used [0x00000000fed00000,0x00000000fed00000,0x0000000100000000)
  to   space 42496K, 0% used [0x00000000fad00000,0x00000000fad00000,0x00000000fd680000)
 ParOldGen       total 134144K, used 133699K [0x00000000f0000000, 0x00000000f8300000, 0x00000000f8300000)
  object space 134144K, 99% used [0x00000000f0000000,0x00000000f8290f98,0x00000000f8300000)
 Metaspace       used 52440K, capacity 55514K, committed 55680K, reserved 1097728K
  class space    used 6396K, capacity 6939K, committed 7040K, reserved 1048576K
2023-01-17T04:25:48.256+0800: 47.206: [Full GC (Ergonomics) [PSYoungGen: 43008K->7363K(62464K)] [ParOldGen: 133699K->133699K(134144K)] 176707K->141063K(196608K), [Metaspace: 52440K->52440K(1097728K)], 0.1458658 secs] [Times: user=0.35 sys=0.00, real=0.15 secs] 
Heap after GC invocations=137 (full 119):
 PSYoungGen      total 62464K, used 7363K [0x00000000f8300000, 0x0000000100000000, 0x0000000100000000)
  eden space 43008K, 17% used [0x00000000f8300000,0x00000000f8a30e30,0x00000000fad00000)
  from space 19456K, 0% used [0x00000000fed00000,0x00000000fed00000,0x0000000100000000)
  to   space 42496K, 0% used [0x00000000fad00000,0x00000000fad00000,0x00000000fd680000)
 ParOldGen       total 134144K, used 133699K [0x00000000f0000000, 0x00000000f8300000, 0x00000000f8300000)
  object space 134144K, 99% used [0x00000000f0000000,0x00000000f8290f38,0x00000000f8300000)
 Metaspace       used 52440K, capacity 55514K, committed 55680K, reserved 1097728K
  class space    used 6396K, capacity 6939K, committed 7040K, reserved 1048576K
}
{Heap before GC invocations=138 (full 120):
 PSYoungGen      total 62464K, used 43008K [0x00000000f8300000, 0x0000000100000000, 0x0000000100000000)
  eden space 43008K, 100% used [0x00000000f8300000,0x00000000fad00000,0x00000000fad00000)
  from space 19456K, 0% used [0x00000000fed00000,0x00000000fed00000,0x0000000100000000)
  to   space 42496K, 0% used [0x00000000fad00000,0x00000000fad00000,0x00000000fd680000)
 ParOldGen       total 134144K, used 133699K [0x00000000f0000000, 0x00000000f8300000, 0x00000000f8300000)
  object space 134144K, 99% used [0x00000000f0000000,0x00000000f8290f38,0x00000000f8300000)
 Metaspace       used 52441K, capacity 55514K, committed 55680K, reserved 1097728K
  class space    used 6396K, capacity 6939K, committed 7040K, reserved 1048576K
2023-01-17T04:25:48.479+0800: 47.429: [Full GC (Ergonomics) [PSYoungGen: 43008K->7344K(62464K)] [ParOldGen: 133699K->133699K(134144K)] 176707K->141044K(196608K), [Metaspace: 52441K->52441K(1097728K)], 0.1486544 secs] [Times: user=0.39 sys=0.00, real=0.15 secs] 
Heap after GC invocations=138 (full 120):
 PSYoungGen      total 62464K, used 7344K [0x00000000f8300000, 0x0000000100000000, 0x0000000100000000)
  eden space 43008K, 17% used [0x00000000f8300000,0x00000000f8a2c1a8,0x00000000fad00000)
  from space 19456K, 0% used [0x00000000fed00000,0x00000000fed00000,0x0000000100000000)
  to   space 42496K, 0% used [0x00000000fad00000,0x00000000fad00000,0x00000000fd680000)
 ParOldGen       total 134144K, used 133699K [0x00000000f0000000, 0x00000000f8300000, 0x00000000f8300000)
  object space 134144K, 99% used [0x00000000f0000000,0x00000000f8290e78,0x00000000f8300000)
 Metaspace       used 52441K, capacity 55514K, committed 55680K, reserved 1097728K
  class space    used 6396K, capacity 6939K, committed 7040K, reserved 1048576K
}
{Heap before GC invocations=139 (full 121):
 PSYoungGen      total 62464K, used 43008K [0x00000000f8300000, 0x0000000100000000, 0x0000000100000000)
  eden space 43008K, 100% used [0x00000000f8300000,0x00000000fad00000,0x00000000fad00000)
  from space 19456K, 0% used [0x00000000fed00000,0x00000000fed00000,0x0000000100000000)
  to   space 42496K, 0% used [0x00000000fad00000,0x00000000fad00000,0x00000000fd680000)
 ParOldGen       total 134144K, used 133699K [0x00000000f0000000, 0x00000000f8300000, 0x00000000f8300000)
  object space 134144K, 99% used [0x00000000f0000000,0x00000000f8290e78,0x00000000f8300000)
 Metaspace       used 52441K, capacity 55514K, committed 55680K, reserved 1097728K
  class space    used 6396K, capacity 6939K, committed 7040K, reserved 1048576K
2023-01-17T04:25:48.747+0800: 47.696: [Full GC (Ergonomics) [PSYoungGen: 43008K->7364K(62464K)] [ParOldGen: 133699K->133699K(134144K)] 176707K->141063K(196608K), [Metaspace: 52441K->52441K(1097728K)], 0.1737787 secs] [Times: user=0.42 sys=0.00, real=0.18 secs] 
Heap after GC invocations=139 (full 121):
 PSYoungGen      total 62464K, used 7364K [0x00000000f8300000, 0x0000000100000000, 0x0000000100000000)
  eden space 43008K, 17% used [0x00000000f8300000,0x00000000f8a311f0,0x00000000fad00000)
  from space 19456K, 0% used [0x00000000fed00000,0x00000000fed00000,0x0000000100000000)
  to   space 42496K, 0% used [0x00000000fad00000,0x00000000fad00000,0x00000000fd680000)
 ParOldGen       total 134144K, used 133699K [0x00000000f0000000, 0x00000000f8300000, 0x00000000f8300000)
  object space 134144K, 99% used [0x00000000f0000000,0x00000000f8290d58,0x00000000f8300000)
 Metaspace       used 52441K, capacity 55514K, committed 55680K, reserved 1097728K
  class space    used 6396K, capacity 6939K, committed 7040K, reserved 1048576K
}
{Heap before GC invocations=140 (full 122):
 PSYoungGen      total 62464K, used 43008K [0x00000000f8300000, 0x0000000100000000, 0x0000000100000000)
  eden space 43008K, 100% used [0x00000000f8300000,0x00000000fad00000,0x00000000fad00000)
  from space 19456K, 0% used [0x00000000fed00000,0x00000000fed00000,0x0000000100000000)
  to   space 42496K, 0% used [0x00000000fad00000,0x00000000fad00000,0x00000000fd680000)
 ParOldGen       total 134144K, used 133699K [0x00000000f0000000, 0x00000000f8300000, 0x00000000f8300000)
  object space 134144K, 99% used [0x00000000f0000000,0x00000000f8290d58,0x00000000f8300000)
 Metaspace       used 52441K, capacity 55514K, committed 55680K, reserved 1097728K
  class space    used 6396K, capacity 6939K, committed 7040K, reserved 1048576K
2023-01-17T04:25:48.998+0800: 47.947: [Full GC (Ergonomics) [PSYoungGen: 43008K->7348K(62464K)] [ParOldGen: 133699K->133699K(134144K)] 176707K->141048K(196608K), [Metaspace: 52441K->52441K(1097728K)], 0.1561576 secs] [Times: user=0.44 sys=0.00, real=0.16 secs] 
Heap after GC invocations=140 (full 122):
 PSYoungGen      total 62464K, used 7348K [0x00000000f8300000, 0x0000000100000000, 0x0000000100000000)
  eden space 43008K, 17% used [0x00000000f8300000,0x00000000f8a2d3e0,0x00000000fad00000)
  from space 19456K, 0% used [0x00000000fed00000,0x00000000fed00000,0x0000000100000000)
  to   space 42496K, 0% used [0x00000000fad00000,0x00000000fad00000,0x00000000fd680000)
 ParOldGen       total 134144K, used 133699K [0x00000000f0000000, 0x00000000f8300000, 0x00000000f8300000)
  object space 134144K, 99% used [0x00000000f0000000,0x00000000f8290c38,0x00000000f8300000)
 Metaspace       used 52441K, capacity 55514K, committed 55680K, reserved 1097728K
  class space    used 6396K, capacity 6939K, committed 7040K, reserved 1048576K
}
{Heap before GC invocations=141 (full 123):
 PSYoungGen      total 62464K, used 43008K [0x00000000f8300000, 0x0000000100000000, 0x0000000100000000)
  eden space 43008K, 100% used [0x00000000f8300000,0x00000000fad00000,0x00000000fad00000)
  from space 19456K, 0% used [0x00000000fed00000,0x00000000fed00000,0x0000000100000000)
  to   space 42496K, 0% used [0x00000000fad00000,0x00000000fad00000,0x00000000fd680000)
 ParOldGen       total 134144K, used 133699K [0x00000000f0000000, 0x00000000f8300000, 0x00000000f8300000)
  object space 134144K, 99% used [0x00000000f0000000,0x00000000f8290c38,0x00000000f8300000)
 Metaspace       used 52445K, capacity 55514K, committed 55680K, reserved 1097728K
  class space    used 6397K, capacity 6939K, committed 7040K, reserved 1048576K
2023-01-17T04:25:49.218+0800: 48.167: [Full GC (Ergonomics) [PSYoungGen: 43008K->7365K(62464K)] [ParOldGen: 133699K->133699K(134144K)] 176707K->141064K(196608K), [Metaspace: 52445K->52445K(1097728K)], 0.1268569 secs] [Times: user=0.32 sys=0.00, real=0.13 secs] 
Heap after GC invocations=141 (full 123):
 PSYoungGen      total 62464K, used 7365K [0x00000000f8300000, 0x0000000100000000, 0x0000000100000000)
  eden space 43008K, 17% used [0x00000000f8300000,0x00000000f8a31648,0x00000000fad00000)
  from space 19456K, 0% used [0x00000000fed00000,0x00000000fed00000,0x0000000100000000)
  to   space 42496K, 0% used [0x00000000fad00000,0x00000000fad00000,0x00000000fd680000)
 ParOldGen       total 134144K, used 133699K [0x00000000f0000000, 0x00000000f8300000, 0x00000000f8300000)
  object space 134144K, 99% used [0x00000000f0000000,0x00000000f8290c38,0x00000000f8300000)
 Metaspace       used 52445K, capacity 55514K, committed 55680K, reserved 1097728K
  class space    used 6397K, capacity 6939K, committed 7040K, reserved 1048576K
}
{Heap before GC invocations=142 (full 124):
 PSYoungGen      total 62464K, used 43008K [0x00000000f8300000, 0x0000000100000000, 0x0000000100000000)
  eden space 43008K, 100% used [0x00000000f8300000,0x00000000fad00000,0x00000000fad00000)
  from space 19456K, 0% used [0x00000000fed00000,0x00000000fed00000,0x0000000100000000)
  to   space 42496K, 0% used [0x00000000fad00000,0x00000000fad00000,0x00000000fd680000)
 ParOldGen       total 134144K, used 133699K [0x00000000f0000000, 0x00000000f8300000, 0x00000000f8300000)
  object space 134144K, 99% used [0x00000000f0000000,0x00000000f8290c38,0x00000000f8300000)
 Metaspace       used 52445K, capacity 55514K, committed 55680K, reserved 1097728K
  class space    used 6397K, capacity 6939K, committed 7040K, reserved 1048576K
2023-01-17T04:25:49.437+0800: 48.387: [Full GC (Ergonomics) [PSYoungGen: 43008K->7379K(62464K)] [ParOldGen: 133699K->133698K(134144K)] 176707K->141078K(196608K), [Metaspace: 52445K->52445K(1097728K)], 0.2066826 secs] [Times: user=0.42 sys=0.00, real=0.21 secs] 
Heap after GC invocations=142 (full 124):
 PSYoungGen      total 62464K, used 7379K [0x00000000f8300000, 0x0000000100000000, 0x0000000100000000)
  eden space 43008K, 17% used [0x00000000f8300000,0x00000000f8a34ee0,0x00000000fad00000)
  from space 19456K, 0% used [0x00000000fed00000,0x00000000fed00000,0x0000000100000000)
  to   space 42496K, 0% used [0x00000000fad00000,0x00000000fad00000,0x00000000fd680000)
 ParOldGen       total 134144K, used 133698K [0x00000000f0000000, 0x00000000f8300000, 0x00000000f8300000)
  object space 134144K, 99% used [0x00000000f0000000,0x00000000f8290bd8,0x00000000f8300000)
 Metaspace       used 52445K, capacity 55514K, committed 55680K, reserved 1097728K
  class space    used 6397K, capacity 6939K, committed 7040K, reserved 1048576K
}
{Heap before GC invocations=143 (full 125):
 PSYoungGen      total 62464K, used 43008K [0x00000000f8300000, 0x0000000100000000, 0x0000000100000000)
  eden space 43008K, 100% used [0x00000000f8300000,0x00000000fad00000,0x00000000fad00000)
  from space 19456K, 0% used [0x00000000fed00000,0x00000000fed00000,0x0000000100000000)
  to   space 42496K, 0% used [0x00000000fad00000,0x00000000fad00000,0x00000000fd680000)
 ParOldGen       total 134144K, used 133698K [0x00000000f0000000, 0x00000000f8300000, 0x00000000f8300000)
  object space 134144K, 99% used [0x00000000f0000000,0x00000000f8290bd8,0x00000000f8300000)
 Metaspace       used 52446K, capacity 55514K, committed 55680K, reserved 1097728K
  class space    used 6398K, capacity 6939K, committed 7040K, reserved 1048576K
2023-01-17T04:25:49.737+0800: 48.687: [Full GC (Ergonomics) [PSYoungGen: 43008K->7365K(62464K)] [ParOldGen: 133698K->133698K(134144K)] 176706K->141063K(196608K), [Metaspace: 52446K->52446K(1097728K)], 0.1503959 secs] [Times: user=0.41 sys=0.00, real=0.15 secs] 
Heap after GC invocations=143 (full 125):
 PSYoungGen      total 62464K, used 7365K [0x00000000f8300000, 0x0000000100000000, 0x0000000100000000)
  eden space 43008K, 17% used [0x00000000f8300000,0x00000000f8a31630,0x00000000fad00000)
  from space 19456K, 0% used [0x00000000fed00000,0x00000000fed00000,0x0000000100000000)
  to   space 42496K, 0% used [0x00000000fad00000,0x00000000fad00000,0x00000000fd680000)
 ParOldGen       total 134144K, used 133698K [0x00000000f0000000, 0x00000000f8300000, 0x00000000f8300000)
  object space 134144K, 99% used [0x00000000f0000000,0x00000000f8290938,0x00000000f8300000)
 Metaspace       used 52446K, capacity 55514K, committed 55680K, reserved 1097728K
  class space    used 6398K, capacity 6939K, committed 7040K, reserved 1048576K
}
{Heap before GC invocations=144 (full 126):
 PSYoungGen      total 62464K, used 43008K [0x00000000f8300000, 0x0000000100000000, 0x0000000100000000)
  eden space 43008K, 100% used [0x00000000f8300000,0x00000000fad00000,0x00000000fad00000)
  from space 19456K, 0% used [0x00000000fed00000,0x00000000fed00000,0x0000000100000000)
  to   space 42496K, 0% used [0x00000000fad00000,0x00000000fad00000,0x00000000fd680000)
 ParOldGen       total 134144K, used 133698K [0x00000000f0000000, 0x00000000f8300000, 0x00000000f8300000)
  object space 134144K, 99% used [0x00000000f0000000,0x00000000f8290938,0x00000000f8300000)
 Metaspace       used 52448K, capacity 55514K, committed 55680K, reserved 1097728K
  class space    used 6398K, capacity 6939K, committed 7040K, reserved 1048576K
2023-01-17T04:25:49.977+0800: 48.927: [Full GC (Ergonomics) [PSYoungGen: 43008K->7388K(62464K)] [ParOldGen: 133698K->133697K(134144K)] 176706K->141085K(196608K), [Metaspace: 52448K->52448K(1097728K)], 0.1470063 secs] [Times: user=0.41 sys=0.00, real=0.15 secs] 
Heap after GC invocations=144 (full 126):
 PSYoungGen      total 62464K, used 7388K [0x00000000f8300000, 0x0000000100000000, 0x0000000100000000)
  eden space 43008K, 17% used [0x00000000f8300000,0x00000000f8a37030,0x00000000fad00000)
  from space 19456K, 0% used [0x00000000fed00000,0x00000000fed00000,0x0000000100000000)
  to   space 42496K, 0% used [0x00000000fad00000,0x00000000fad00000,0x00000000fd680000)
 ParOldGen       total 134144K, used 133697K [0x00000000f0000000, 0x00000000f8300000, 0x00000000f8300000)
  object space 134144K, 99% used [0x00000000f0000000,0x00000000f8290758,0x00000000f8300000)
 Metaspace       used 52448K, capacity 55514K, committed 55680K, reserved 1097728K
  class space    used 6398K, capacity 6939K, committed 7040K, reserved 1048576K
}
{Heap before GC invocations=145 (full 127):
 PSYoungGen      total 62464K, used 43008K [0x00000000f8300000, 0x0000000100000000, 0x0000000100000000)
  eden space 43008K, 100% used [0x00000000f8300000,0x00000000fad00000,0x00000000fad00000)
  from space 19456K, 0% used [0x00000000fed00000,0x00000000fed00000,0x0000000100000000)
  to   space 42496K, 0% used [0x00000000fad00000,0x00000000fad00000,0x00000000fd680000)
 ParOldGen       total 134144K, used 133697K [0x00000000f0000000, 0x00000000f8300000, 0x00000000f8300000)
  object space 134144K, 99% used [0x00000000f0000000,0x00000000f8290758,0x00000000f8300000)
 Metaspace       used 52448K, capacity 55514K, committed 55680K, reserved 1097728K
  class space    used 6398K, capacity 6939K, committed 7040K, reserved 1048576K
2023-01-17T04:25:50.189+0800: 49.139: [Full GC (Ergonomics) [PSYoungGen: 43008K->7377K(62464K)] [ParOldGen: 133697K->133697K(134144K)] 176705K->141075K(196608K), [Metaspace: 52448K->52448K(1097728K)], 0.1589622 secs] [Times: user=0.34 sys=0.00, real=0.16 secs] 
Heap after GC invocations=145 (full 127):
 PSYoungGen      total 62464K, used 7377K [0x00000000f8300000, 0x0000000100000000, 0x0000000100000000)
  eden space 43008K, 17% used [0x00000000f8300000,0x00000000f8a34588,0x00000000fad00000)
  from space 19456K, 0% used [0x00000000fed00000,0x00000000fed00000,0x0000000100000000)
  to   space 42496K, 0% used [0x00000000fad00000,0x00000000fad00000,0x00000000fd680000)
 ParOldGen       total 134144K, used 133697K [0x00000000f0000000, 0x00000000f8300000, 0x00000000f8300000)
  object space 134144K, 99% used [0x00000000f0000000,0x00000000f82906f8,0x00000000f8300000)
 Metaspace       used 52448K, capacity 55514K, committed 55680K, reserved 1097728K
  class space    used 6398K, capacity 6939K, committed 7040K, reserved 1048576K
}
{Heap before GC invocations=146 (full 128):
 PSYoungGen      total 62464K, used 43008K [0x00000000f8300000, 0x0000000100000000, 0x0000000100000000)
  eden space 43008K, 100% used [0x00000000f8300000,0x00000000fad00000,0x00000000fad00000)
  from space 19456K, 0% used [0x00000000fed00000,0x00000000fed00000,0x0000000100000000)
  to   space 42496K, 0% used [0x00000000fad00000,0x00000000fad00000,0x00000000fd680000)
 ParOldGen       total 134144K, used 133697K [0x00000000f0000000, 0x00000000f8300000, 0x00000000f8300000)
  object space 134144K, 99% used [0x00000000f0000000,0x00000000f82906f8,0x00000000f8300000)
 Metaspace       used 52448K, capacity 55514K, committed 55680K, reserved 1097728K
  class space    used 6398K, capacity 6939K, committed 7040K, reserved 1048576K
2023-01-17T04:25:50.441+0800: 49.390: [Full GC (Ergonomics) [PSYoungGen: 43008K->7383K(62464K)] [ParOldGen: 133697K->133697K(134144K)] 176705K->141080K(196608K), [Metaspace: 52448K->52448K(1097728K)], 0.1277822 secs] [Times: user=0.32 sys=0.00, real=0.12 secs] 
Heap after GC invocations=146 (full 128):
 PSYoungGen      total 62464K, used 7383K [0x00000000f8300000, 0x0000000100000000, 0x0000000100000000)
  eden space 43008K, 17% used [0x00000000f8300000,0x00000000f8a35ce0,0x00000000fad00000)
  from space 19456K, 0% used [0x00000000fed00000,0x00000000fed00000,0x0000000100000000)
  to   space 42496K, 0% used [0x00000000fad00000,0x00000000fad00000,0x00000000fd680000)
 ParOldGen       total 134144K, used 133697K [0x00000000f0000000, 0x00000000f8300000, 0x00000000f8300000)
  object space 134144K, 99% used [0x00000000f0000000,0x00000000f82905d8,0x00000000f8300000)
 Metaspace       used 52448K, capacity 55514K, committed 55680K, reserved 1097728K
  class space    used 6398K, capacity 6939K, committed 7040K, reserved 1048576K
}
{Heap before GC invocations=147 (full 129):
 PSYoungGen      total 62464K, used 43008K [0x00000000f8300000, 0x0000000100000000, 0x0000000100000000)
  eden space 43008K, 100% used [0x00000000f8300000,0x00000000fad00000,0x00000000fad00000)
  from space 19456K, 0% used [0x00000000fed00000,0x00000000fed00000,0x0000000100000000)
  to   space 42496K, 0% used [0x00000000fad00000,0x00000000fad00000,0x00000000fd680000)
 ParOldGen       total 134144K, used 133697K [0x00000000f0000000, 0x00000000f8300000, 0x00000000f8300000)
  object space 134144K, 99% used [0x00000000f0000000,0x00000000f82905d8,0x00000000f8300000)
 Metaspace       used 52448K, capacity 55514K, committed 55680K, reserved 1097728K
  class space    used 6398K, capacity 6939K, committed 7040K, reserved 1048576K
2023-01-17T04:25:50.662+0800: 49.612: [Full GC (Ergonomics) [PSYoungGen: 43008K->7374K(62464K)] [ParOldGen: 133697K->133697K(134144K)] 176705K->141071K(196608K), [Metaspace: 52448K->52448K(1097728K)], 0.1673089 secs] [Times: user=0.32 sys=0.00, real=0.16 secs] 
Heap after GC invocations=147 (full 129):
 PSYoungGen      total 62464K, used 7374K [0x00000000f8300000, 0x0000000100000000, 0x0000000100000000)
  eden space 43008K, 17% used [0x00000000f8300000,0x00000000f8a33948,0x00000000fad00000)
  from space 19456K, 0% used [0x00000000fed00000,0x00000000fed00000,0x0000000100000000)
  to   space 42496K, 0% used [0x00000000fad00000,0x00000000fad00000,0x00000000fd680000)
 ParOldGen       total 134144K, used 133697K [0x00000000f0000000, 0x00000000f8300000, 0x00000000f8300000)
  object space 134144K, 99% used [0x00000000f0000000,0x00000000f82905d8,0x00000000f8300000)
 Metaspace       used 52448K, capacity 55514K, committed 55680K, reserved 1097728K
  class space    used 6398K, capacity 6939K, committed 7040K, reserved 1048576K
}
{Heap before GC invocations=148 (full 130):
 PSYoungGen      total 62464K, used 43008K [0x00000000f8300000, 0x0000000100000000, 0x0000000100000000)
  eden space 43008K, 100% used [0x00000000f8300000,0x00000000fad00000,0x00000000fad00000)
  from space 19456K, 0% used [0x00000000fed00000,0x00000000fed00000,0x0000000100000000)
  to   space 42496K, 0% used [0x00000000fad00000,0x00000000fad00000,0x00000000fd680000)
 ParOldGen       total 134144K, used 133697K [0x00000000f0000000, 0x00000000f8300000, 0x00000000f8300000)
  object space 134144K, 99% used [0x00000000f0000000,0x00000000f82905d8,0x00000000f8300000)
 Metaspace       used 52448K, capacity 55514K, committed 55680K, reserved 1097728K
  class space    used 6398K, capacity 6939K, committed 7040K, reserved 1048576K
2023-01-17T04:25:50.901+0800: 49.851: [Full GC (Ergonomics) [PSYoungGen: 43008K->7366K(62464K)] [ParOldGen: 133697K->133697K(134144K)] 176705K->141063K(196608K), [Metaspace: 52448K->52448K(1097728K)], 0.1830559 secs] [Times: user=0.40 sys=0.00, real=0.18 secs] 
Heap after GC invocations=148 (full 130):
 PSYoungGen      total 62464K, used 7366K [0x00000000f8300000, 0x0000000100000000, 0x0000000100000000)
  eden space 43008K, 17% used [0x00000000f8300000,0x00000000f8a31878,0x00000000fad00000)
  from space 19456K, 0% used [0x00000000fed00000,0x00000000fed00000,0x0000000100000000)
  to   space 42496K, 0% used [0x00000000fad00000,0x00000000fad00000,0x00000000fd680000)
 ParOldGen       total 134144K, used 133697K [0x00000000f0000000, 0x00000000f8300000, 0x00000000f8300000)
  object space 134144K, 99% used [0x00000000f0000000,0x00000000f8290578,0x00000000f8300000)
 Metaspace       used 52448K, capacity 55514K, committed 55680K, reserved 1097728K
  class space    used 6398K, capacity 6939K, committed 7040K, reserved 1048576K
}
{Heap before GC invocations=149 (full 131):
 PSYoungGen      total 62464K, used 43008K [0x00000000f8300000, 0x0000000100000000, 0x0000000100000000)
  eden space 43008K, 100% used [0x00000000f8300000,0x00000000fad00000,0x00000000fad00000)
  from space 19456K, 0% used [0x00000000fed00000,0x00000000fed00000,0x0000000100000000)
  to   space 42496K, 0% used [0x00000000fad00000,0x00000000fad00000,0x00000000fd680000)
 ParOldGen       total 134144K, used 133697K [0x00000000f0000000, 0x00000000f8300000, 0x00000000f8300000)
  object space 134144K, 99% used [0x00000000f0000000,0x00000000f8290578,0x00000000f8300000)
 Metaspace       used 52448K, capacity 55514K, committed 55680K, reserved 1097728K
  class space    used 6398K, capacity 6939K, committed 7040K, reserved 1048576K
2023-01-17T04:25:51.170+0800: 50.120: [Full GC (Ergonomics) [PSYoungGen: 43008K->7375K(62464K)] [ParOldGen: 133697K->133697K(134144K)] 176705K->141072K(196608K), [Metaspace: 52448K->52448K(1097728K)], 0.1493304 secs] [Times: user=0.38 sys=0.00, real=0.15 secs] 
Heap after GC invocations=149 (full 131):
 PSYoungGen      total 62464K, used 7375K [0x00000000f8300000, 0x0000000100000000, 0x0000000100000000)
  eden space 43008K, 17% used [0x00000000f8300000,0x00000000f8a33e88,0x00000000fad00000)
  from space 19456K, 0% used [0x00000000fed00000,0x00000000fed00000,0x0000000100000000)
  to   space 42496K, 0% used [0x00000000fad00000,0x00000000fad00000,0x00000000fd680000)
 ParOldGen       total 134144K, used 133697K [0x00000000f0000000, 0x00000000f8300000, 0x00000000f8300000)
  object space 134144K, 99% used [0x00000000f0000000,0x00000000f8290458,0x00000000f8300000)
 Metaspace       used 52448K, capacity 55514K, committed 55680K, reserved 1097728K
  class space    used 6398K, capacity 6939K, committed 7040K, reserved 1048576K
}
{Heap before GC invocations=150 (full 132):
 PSYoungGen      total 62464K, used 43008K [0x00000000f8300000, 0x0000000100000000, 0x0000000100000000)
  eden space 43008K, 100% used [0x00000000f8300000,0x00000000fad00000,0x00000000fad00000)
  from space 19456K, 0% used [0x00000000fed00000,0x00000000fed00000,0x0000000100000000)
  to   space 42496K, 0% used [0x00000000fad00000,0x00000000fad00000,0x00000000fd680000)
 ParOldGen       total 134144K, used 133697K [0x00000000f0000000, 0x00000000f8300000, 0x00000000f8300000)
  object space 134144K, 99% used [0x00000000f0000000,0x00000000f8290458,0x00000000f8300000)
 Metaspace       used 52449K, capacity 55514K, committed 55680K, reserved 1097728K
  class space    used 6399K, capacity 6939K, committed 7040K, reserved 1048576K
2023-01-17T04:25:51.371+0800: 50.320: [Full GC (Ergonomics) [PSYoungGen: 43008K->7399K(62464K)] [ParOldGen: 133697K->133696K(134144K)] 176705K->141096K(196608K), [Metaspace: 52449K->52449K(1097728K)], 0.1407760 secs] [Times: user=0.39 sys=0.00, real=0.14 secs] 
Heap after GC invocations=150 (full 132):
 PSYoungGen      total 62464K, used 7399K [0x00000000f8300000, 0x0000000100000000, 0x0000000100000000)
  eden space 43008K, 17% used [0x00000000f8300000,0x00000000f8a39e00,0x00000000fad00000)
  from space 19456K, 0% used [0x00000000fed00000,0x00000000fed00000,0x0000000100000000)
  to   space 42496K, 0% used [0x00000000fad00000,0x00000000fad00000,0x00000000fd680000)
 ParOldGen       total 134144K, used 133696K [0x00000000f0000000, 0x00000000f8300000, 0x00000000f8300000)
  object space 134144K, 99% used [0x00000000f0000000,0x00000000f8290220,0x00000000f8300000)
 Metaspace       used 52449K, capacity 55514K, committed 55680K, reserved 1097728K
  class space    used 6399K, capacity 6939K, committed 7040K, reserved 1048576K
}
{Heap before GC invocations=151 (full 133):
 PSYoungGen      total 62464K, used 43008K [0x00000000f8300000, 0x0000000100000000, 0x0000000100000000)
  eden space 43008K, 100% used [0x00000000f8300000,0x00000000fad00000,0x00000000fad00000)
  from space 19456K, 0% used [0x00000000fed00000,0x00000000fed00000,0x0000000100000000)
  to   space 42496K, 0% used [0x00000000fad00000,0x00000000fad00000,0x00000000fd680000)
 ParOldGen       total 134144K, used 133696K [0x00000000f0000000, 0x00000000f8300000, 0x00000000f8300000)
  object space 134144K, 99% used [0x00000000f0000000,0x00000000f8290220,0x00000000f8300000)
 Metaspace       used 52449K, capacity 55514K, committed 55680K, reserved 1097728K
  class space    used 6399K, capacity 6939K, committed 7040K, reserved 1048576K
2023-01-17T04:25:51.560+0800: 50.510: [Full GC (Ergonomics) [PSYoungGen: 43008K->7388K(62464K)] [ParOldGen: 133696K->133696K(134144K)] 176704K->141085K(196608K), [Metaspace: 52449K->52449K(1097728K)], 0.1223258 secs] [Times: user=0.31 sys=0.00, real=0.12 secs] 
Heap after GC invocations=151 (full 133):
 PSYoungGen      total 62464K, used 7388K [0x00000000f8300000, 0x0000000100000000, 0x0000000100000000)
  eden space 43008K, 17% used [0x00000000f8300000,0x00000000f8a372a0,0x00000000fad00000)
  from space 19456K, 0% used [0x00000000fed00000,0x00000000fed00000,0x0000000100000000)
  to   space 42496K, 0% used [0x00000000fad00000,0x00000000fad00000,0x00000000fd680000)
 ParOldGen       total 134144K, used 133696K [0x00000000f0000000, 0x00000000f8300000, 0x00000000f8300000)
  object space 134144K, 99% used [0x00000000f0000000,0x00000000f82901c0,0x00000000f8300000)
 Metaspace       used 52449K, capacity 55514K, committed 55680K, reserved 1097728K
  class space    used 6399K, capacity 6939K, committed 7040K, reserved 1048576K
}
{Heap before GC invocations=152 (full 134):
 PSYoungGen      total 62464K, used 43008K [0x00000000f8300000, 0x0000000100000000, 0x0000000100000000)
  eden space 43008K, 100% used [0x00000000f8300000,0x00000000fad00000,0x00000000fad00000)
  from space 19456K, 0% used [0x00000000fed00000,0x00000000fed00000,0x0000000100000000)
  to   space 42496K, 0% used [0x00000000fad00000,0x00000000fad00000,0x00000000fd680000)
 ParOldGen       total 134144K, used 133696K [0x00000000f0000000, 0x00000000f8300000, 0x00000000f8300000)
  object space 134144K, 99% used [0x00000000f0000000,0x00000000f82901c0,0x00000000f8300000)
 Metaspace       used 52449K, capacity 55514K, committed 55680K, reserved 1097728K
  class space    used 6399K, capacity 6939K, committed 7040K, reserved 1048576K
2023-01-17T04:25:51.736+0800: 50.686: [Full GC (Ergonomics) [PSYoungGen: 43008K->7377K(62464K)] [ParOldGen: 133696K->133696K(134144K)] 176704K->141074K(196608K), [Metaspace: 52449K->52449K(1097728K)], 0.1469127 secs] [Times: user=0.34 sys=0.00, real=0.15 secs] 
Heap after GC invocations=152 (full 134):
 PSYoungGen      total 62464K, used 7377K [0x00000000f8300000, 0x0000000100000000, 0x0000000100000000)
  eden space 43008K, 17% used [0x00000000f8300000,0x00000000f8a34798,0x00000000fad00000)
  from space 19456K, 0% used [0x00000000fed00000,0x00000000fed00000,0x0000000100000000)
  to   space 42496K, 0% used [0x00000000fad00000,0x00000000fad00000,0x00000000fd680000)
 ParOldGen       total 134144K, used 133696K [0x00000000f0000000, 0x00000000f8300000, 0x00000000f8300000)
  object space 134144K, 99% used [0x00000000f0000000,0x00000000f82901c0,0x00000000f8300000)
 Metaspace       used 52449K, capacity 55514K, committed 55680K, reserved 1097728K
  class space    used 6399K, capacity 6939K, committed 7040K, reserved 1048576K
}
{Heap before GC invocations=153 (full 135):
 PSYoungGen      total 62464K, used 43008K [0x00000000f8300000, 0x0000000100000000, 0x0000000100000000)
  eden space 43008K, 100% used [0x00000000f8300000,0x00000000fad00000,0x00000000fad00000)
  from space 19456K, 0% used [0x00000000fed00000,0x00000000fed00000,0x0000000100000000)
  to   space 42496K, 0% used [0x00000000fad00000,0x00000000fad00000,0x00000000fd680000)
 ParOldGen       total 134144K, used 133696K [0x00000000f0000000, 0x00000000f8300000, 0x00000000f8300000)
  object space 134144K, 99% used [0x00000000f0000000,0x00000000f82901c0,0x00000000f8300000)
 Metaspace       used 52449K, capacity 55514K, committed 55680K, reserved 1097728K
  class space    used 6399K, capacity 6939K, committed 7040K, reserved 1048576K
2023-01-17T04:25:51.952+0800: 50.902: [Full GC (Ergonomics) [PSYoungGen: 43008K->7396K(62464K)] [ParOldGen: 133696K->133696K(134144K)] 176704K->141093K(196608K), [Metaspace: 52449K->52449K(1097728K)], 0.1815457 secs] [Times: user=0.36 sys=0.01, real=0.18 secs] 
Heap after GC invocations=153 (full 135):
 PSYoungGen      total 62464K, used 7396K [0x00000000f8300000, 0x0000000100000000, 0x0000000100000000)
  eden space 43008K, 17% used [0x00000000f8300000,0x00000000f8a39358,0x00000000fad00000)
  from space 19456K, 0% used [0x00000000fed00000,0x00000000fed00000,0x0000000100000000)
  to   space 42496K, 0% used [0x00000000fad00000,0x00000000fad00000,0x00000000fd680000)
 ParOldGen       total 134144K, used 133696K [0x00000000f0000000, 0x00000000f8300000, 0x00000000f8300000)
  object space 134144K, 99% used [0x00000000f0000000,0x00000000f8290160,0x00000000f8300000)
 Metaspace       used 52449K, capacity 55514K, committed 55680K, reserved 1097728K
  class space    used 6399K, capacity 6939K, committed 7040K, reserved 1048576K
}
{Heap before GC invocations=154 (full 136):
 PSYoungGen      total 62464K, used 43008K [0x00000000f8300000, 0x0000000100000000, 0x0000000100000000)
  eden space 43008K, 100% used [0x00000000f8300000,0x00000000fad00000,0x00000000fad00000)
  from space 19456K, 0% used [0x00000000fed00000,0x00000000fed00000,0x0000000100000000)
  to   space 42496K, 0% used [0x00000000fad00000,0x00000000fad00000,0x00000000fd680000)
 ParOldGen       total 134144K, used 133696K [0x00000000f0000000, 0x00000000f8300000, 0x00000000f8300000)
  object space 134144K, 99% used [0x00000000f0000000,0x00000000f8290160,0x00000000f8300000)
 Metaspace       used 52449K, capacity 55514K, committed 55680K, reserved 1097728K
  class space    used 6399K, capacity 6939K, committed 7040K, reserved 1048576K
2023-01-17T04:25:52.188+0800: 51.137: [Full GC (Ergonomics) [PSYoungGen: 43008K->7390K(62464K)] [ParOldGen: 133696K->133696K(134144K)] 176704K->141086K(196608K), [Metaspace: 52449K->52449K(1097728K)], 0.1447612 secs] [Times: user=0.40 sys=0.00, real=0.15 secs] 
Heap after GC invocations=154 (full 136):
 PSYoungGen      total 62464K, used 7390K [0x00000000f8300000, 0x0000000100000000, 0x0000000100000000)
  eden space 43008K, 17% used [0x00000000f8300000,0x00000000f8a37828,0x00000000fad00000)
  from space 19456K, 0% used [0x00000000fed00000,0x00000000fed00000,0x0000000100000000)
  to   space 42496K, 0% used [0x00000000fad00000,0x00000000fad00000,0x00000000fd680000)
 ParOldGen       total 134144K, used 133696K [0x00000000f0000000, 0x00000000f8300000, 0x00000000f8300000)
  object space 134144K, 99% used [0x00000000f0000000,0x00000000f82900a0,0x00000000f8300000)
 Metaspace       used 52449K, capacity 55514K, committed 55680K, reserved 1097728K
  class space    used 6399K, capacity 6939K, committed 7040K, reserved 1048576K
}
{Heap before GC invocations=155 (full 137):
 PSYoungGen      total 62464K, used 43008K [0x00000000f8300000, 0x0000000100000000, 0x0000000100000000)
  eden space 43008K, 100% used [0x00000000f8300000,0x00000000fad00000,0x00000000fad00000)
  from space 19456K, 0% used [0x00000000fed00000,0x00000000fed00000,0x0000000100000000)
  to   space 42496K, 0% used [0x00000000fad00000,0x00000000fad00000,0x00000000fd680000)
 ParOldGen       total 134144K, used 133696K [0x00000000f0000000, 0x00000000f8300000, 0x00000000f8300000)
  object space 134144K, 99% used [0x00000000f0000000,0x00000000f82900a0,0x00000000f8300000)
 Metaspace       used 52449K, capacity 55514K, committed 55680K, reserved 1097728K
  class space    used 6399K, capacity 6939K, committed 7040K, reserved 1048576K
2023-01-17T04:25:52.380+0800: 51.330: [Full GC (Ergonomics) [PSYoungGen: 43008K->7388K(62464K)] [ParOldGen: 133696K->133696K(134144K)] 176704K->141085K(196608K), [Metaspace: 52449K->52449K(1097728K)], 0.1191848 secs] [Times: user=0.31 sys=0.00, real=0.12 secs] 
Heap after GC invocations=155 (full 137):
 PSYoungGen      total 62464K, used 7388K [0x00000000f8300000, 0x0000000100000000, 0x0000000100000000)
  eden space 43008K, 17% used [0x00000000f8300000,0x00000000f8a373e8,0x00000000fad00000)
  from space 19456K, 0% used [0x00000000fed00000,0x00000000fed00000,0x0000000100000000)
  to   space 42496K, 0% used [0x00000000fad00000,0x00000000fad00000,0x00000000fd680000)
 ParOldGen       total 134144K, used 133696K [0x00000000f0000000, 0x00000000f8300000, 0x00000000f8300000)
  object space 134144K, 99% used [0x00000000f0000000,0x00000000f82900a0,0x00000000f8300000)
 Metaspace       used 52449K, capacity 55514K, committed 55680K, reserved 1097728K
  class space    used 6399K, capacity 6939K, committed 7040K, reserved 1048576K
}
{Heap before GC invocations=156 (full 138):
 PSYoungGen      total 62464K, used 43008K [0x00000000f8300000, 0x0000000100000000, 0x0000000100000000)
  eden space 43008K, 100% used [0x00000000f8300000,0x00000000fad00000,0x00000000fad00000)
  from space 19456K, 0% used [0x00000000fed00000,0x00000000fed00000,0x0000000100000000)
  to   space 42496K, 0% used [0x00000000fad00000,0x00000000fad00000,0x00000000fd680000)
 ParOldGen       total 134144K, used 133696K [0x00000000f0000000, 0x00000000f8300000, 0x00000000f8300000)
  object space 134144K, 99% used [0x00000000f0000000,0x00000000f82900a0,0x00000000f8300000)
 Metaspace       used 52449K, capacity 55514K, committed 55680K, reserved 1097728K
  class space    used 6399K, capacity 6939K, committed 7040K, reserved 1048576K
2023-01-17T04:25:52.555+0800: 51.505: [Full GC (Ergonomics) [PSYoungGen: 43008K->7396K(62464K)] [ParOldGen: 133696K->133696K(134144K)] 176704K->141092K(196608K), [Metaspace: 52449K->52449K(1097728K)], 0.1365637 secs] [Times: user=0.32 sys=0.00, real=0.14 secs] 
Heap after GC invocations=156 (full 138):
 PSYoungGen      total 62464K, used 7396K [0x00000000f8300000, 0x0000000100000000, 0x0000000100000000)
  eden space 43008K, 17% used [0x00000000f8300000,0x00000000f8a392d8,0x00000000fad00000)
  from space 19456K, 0% used [0x00000000fed00000,0x00000000fed00000,0x0000000100000000)
  to   space 42496K, 0% used [0x00000000fad00000,0x00000000fad00000,0x00000000fd680000)
 ParOldGen       total 134144K, used 133696K [0x00000000f0000000, 0x00000000f8300000, 0x00000000f8300000)
  object space 134144K, 99% used [0x00000000f0000000,0x00000000f82900a0,0x00000000f8300000)
 Metaspace       used 52449K, capacity 55514K, committed 55680K, reserved 1097728K
  class space    used 6399K, capacity 6939K, committed 7040K, reserved 1048576K
}
{Heap before GC invocations=157 (full 139):
 PSYoungGen      total 62464K, used 43008K [0x00000000f8300000, 0x0000000100000000, 0x0000000100000000)
  eden space 43008K, 100% used [0x00000000f8300000,0x00000000fad00000,0x00000000fad00000)
  from space 19456K, 0% used [0x00000000fed00000,0x00000000fed00000,0x0000000100000000)
  to   space 42496K, 0% used [0x00000000fad00000,0x00000000fad00000,0x00000000fd680000)
 ParOldGen       total 134144K, used 133696K [0x00000000f0000000, 0x00000000f8300000, 0x00000000f8300000)
  object space 134144K, 99% used [0x00000000f0000000,0x00000000f82900a0,0x00000000f8300000)
 Metaspace       used 52449K, capacity 55514K, committed 55680K, reserved 1097728K
  class space    used 6399K, capacity 6939K, committed 7040K, reserved 1048576K
2023-01-17T04:25:52.751+0800: 51.701: [Full GC (Ergonomics) [PSYoungGen: 43008K->7397K(62464K)] [ParOldGen: 133696K->133696K(134144K)] 176704K->141093K(196608K), [Metaspace: 52449K->52449K(1097728K)], 0.1308220 secs] [Times: user=0.31 sys=0.00, real=0.13 secs] 
Heap after GC invocations=157 (full 139):
 PSYoungGen      total 62464K, used 7397K [0x00000000f8300000, 0x0000000100000000, 0x0000000100000000)
  eden space 43008K, 17% used [0x00000000f8300000,0x00000000f8a39598,0x00000000fad00000)
  from space 19456K, 0% used [0x00000000fed00000,0x00000000fed00000,0x0000000100000000)
  to   space 42496K, 0% used [0x00000000fad00000,0x00000000fad00000,0x00000000fd680000)
 ParOldGen       total 134144K, used 133696K [0x00000000f0000000, 0x00000000f8300000, 0x00000000f8300000)
  object space 134144K, 99% used [0x00000000f0000000,0x00000000f82900a0,0x00000000f8300000)
 Metaspace       used 52449K, capacity 55514K, committed 55680K, reserved 1097728K
  class space    used 6399K, capacity 6939K, committed 7040K, reserved 1048576K
}
{Heap before GC invocations=158 (full 140):
 PSYoungGen      total 62464K, used 43008K [0x00000000f8300000, 0x0000000100000000, 0x0000000100000000)
  eden space 43008K, 100% used [0x00000000f8300000,0x00000000fad00000,0x00000000fad00000)
  from space 19456K, 0% used [0x00000000fed00000,0x00000000fed00000,0x0000000100000000)
  to   space 42496K, 0% used [0x00000000fad00000,0x00000000fad00000,0x00000000fd680000)
 ParOldGen       total 134144K, used 133696K [0x00000000f0000000, 0x00000000f8300000, 0x00000000f8300000)
  object space 134144K, 99% used [0x00000000f0000000,0x00000000f82900a0,0x00000000f8300000)
 Metaspace       used 52449K, capacity 55514K, committed 55680K, reserved 1097728K
  class space    used 6399K, capacity 6939K, committed 7040K, reserved 1048576K
2023-01-17T04:25:52.929+0800: 51.879: [Full GC (Ergonomics) [PSYoungGen: 43008K->7382K(62464K)] [ParOldGen: 133696K->133696K(134144K)] 176704K->141078K(196608K), [Metaspace: 52449K->52449K(1097728K)], 0.1216550 secs] [Times: user=0.31 sys=0.00, real=0.13 secs] 
Heap after GC invocations=158 (full 140):
 PSYoungGen      total 62464K, used 7382K [0x00000000f8300000, 0x0000000100000000, 0x0000000100000000)
  eden space 43008K, 17% used [0x00000000f8300000,0x00000000f8a35b48,0x00000000fad00000)
  from space 19456K, 0% used [0x00000000fed00000,0x00000000fed00000,0x0000000100000000)
  to   space 42496K, 0% used [0x00000000fad00000,0x00000000fad00000,0x00000000fd680000)
 ParOldGen       total 134144K, used 133696K [0x00000000f0000000, 0x00000000f8300000, 0x00000000f8300000)
  object space 134144K, 99% used [0x00000000f0000000,0x00000000f8290040,0x00000000f8300000)
 Metaspace       used 52449K, capacity 55514K, committed 55680K, reserved 1097728K
  class space    used 6399K, capacity 6939K, committed 7040K, reserved 1048576K
}
{Heap before GC invocations=159 (full 141):
 PSYoungGen      total 62464K, used 43008K [0x00000000f8300000, 0x0000000100000000, 0x0000000100000000)
  eden space 43008K, 100% used [0x00000000f8300000,0x00000000fad00000,0x00000000fad00000)
  from space 19456K, 0% used [0x00000000fed00000,0x00000000fed00000,0x0000000100000000)
  to   space 42496K, 0% used [0x00000000fad00000,0x00000000fad00000,0x00000000fd680000)
 ParOldGen       total 134144K, used 133696K [0x00000000f0000000, 0x00000000f8300000, 0x00000000f8300000)
  object space 134144K, 99% used [0x00000000f0000000,0x00000000f8290040,0x00000000f8300000)
 Metaspace       used 52449K, capacity 55514K, committed 55680K, reserved 1097728K
  class space    used 6399K, capacity 6939K, committed 7040K, reserved 1048576K
2023-01-17T04:25:53.097+0800: 52.047: [Full GC (Ergonomics) [PSYoungGen: 43008K->7405K(62464K)] [ParOldGen: 133696K->133696K(134144K)] 176704K->141101K(196608K), [Metaspace: 52449K->52449K(1097728K)], 0.1616984 secs] [Times: user=0.38 sys=0.00, real=0.16 secs] 
Heap after GC invocations=159 (full 141):
 PSYoungGen      total 62464K, used 7405K [0x00000000f8300000, 0x0000000100000000, 0x0000000100000000)
  eden space 43008K, 17% used [0x00000000f8300000,0x00000000f8a3b660,0x00000000fad00000)
  from space 19456K, 0% used [0x00000000fed00000,0x00000000fed00000,0x0000000100000000)
  to   space 42496K, 0% used [0x00000000fad00000,0x00000000fad00000,0x00000000fd680000)
 ParOldGen       total 134144K, used 133696K [0x00000000f0000000, 0x00000000f8300000, 0x00000000f8300000)
  object space 134144K, 99% used [0x00000000f0000000,0x00000000f8290040,0x00000000f8300000)
 Metaspace       used 52449K, capacity 55514K, committed 55680K, reserved 1097728K
  class space    used 6399K, capacity 6939K, committed 7040K, reserved 1048576K
}
{Heap before GC invocations=160 (full 142):
 PSYoungGen      total 62464K, used 43008K [0x00000000f8300000, 0x0000000100000000, 0x0000000100000000)
  eden space 43008K, 100% used [0x00000000f8300000,0x00000000fad00000,0x00000000fad00000)
  from space 19456K, 0% used [0x00000000fed00000,0x00000000fed00000,0x0000000100000000)
  to   space 42496K, 0% used [0x00000000fad00000,0x00000000fad00000,0x00000000fd680000)
 ParOldGen       total 134144K, used 133696K [0x00000000f0000000, 0x00000000f8300000, 0x00000000f8300000)
  object space 134144K, 99% used [0x00000000f0000000,0x00000000f8290040,0x00000000f8300000)
 Metaspace       used 52449K, capacity 55514K, committed 55680K, reserved 1097728K
  class space    used 6399K, capacity 6939K, committed 7040K, reserved 1048576K
2023-01-17T04:25:53.320+0800: 52.270: [Full GC (Ergonomics) [PSYoungGen: 43008K->7414K(62464K)] [ParOldGen: 133696K->133695K(134144K)] 176704K->141110K(196608K), [Metaspace: 52449K->52449K(1097728K)], 0.2083581 secs] [Times: user=0.38 sys=0.00, real=0.20 secs] 
Heap after GC invocations=160 (full 142):
 PSYoungGen      total 62464K, used 7414K [0x00000000f8300000, 0x0000000100000000, 0x0000000100000000)
  eden space 43008K, 17% used [0x00000000f8300000,0x00000000f8a3db28,0x00000000fad00000)
  from space 19456K, 0% used [0x00000000fed00000,0x00000000fed00000,0x0000000100000000)
  to   space 42496K, 0% used [0x00000000fad00000,0x00000000fad00000,0x00000000fd680000)
 ParOldGen       total 134144K, used 133695K [0x00000000f0000000, 0x00000000f8300000, 0x00000000f8300000)
  object space 134144K, 99% used [0x00000000f0000000,0x00000000f828ffe0,0x00000000f8300000)
 Metaspace       used 52449K, capacity 55514K, committed 55680K, reserved 1097728K
  class space    used 6399K, capacity 6939K, committed 7040K, reserved 1048576K
}
{Heap before GC invocations=161 (full 143):
 PSYoungGen      total 62464K, used 43008K [0x00000000f8300000, 0x0000000100000000, 0x0000000100000000)
  eden space 43008K, 100% used [0x00000000f8300000,0x00000000fad00000,0x00000000fad00000)
  from space 19456K, 0% used [0x00000000fed00000,0x00000000fed00000,0x0000000100000000)
  to   space 42496K, 0% used [0x00000000fad00000,0x00000000fad00000,0x00000000fd680000)
 ParOldGen       total 134144K, used 133695K [0x00000000f0000000, 0x00000000f8300000, 0x00000000f8300000)
  object space 134144K, 99% used [0x00000000f0000000,0x00000000f828ffe0,0x00000000f8300000)
 Metaspace       used 52449K, capacity 55514K, committed 55680K, reserved 1097728K
  class space    used 6399K, capacity 6939K, committed 7040K, reserved 1048576K
2023-01-17T04:25:53.583+0800: 52.533: [Full GC (Ergonomics) [PSYoungGen: 43008K->7400K(62464K)] [ParOldGen: 133695K->133694K(134144K)] 176703K->141095K(196608K), [Metaspace: 52449K->52449K(1097728K)], 0.1315562 secs] [Times: user=0.35 sys=0.00, real=0.13 secs] 
Heap after GC invocations=161 (full 143):
 PSYoungGen      total 62464K, used 7400K [0x00000000f8300000, 0x0000000100000000, 0x0000000100000000)
  eden space 43008K, 17% used [0x00000000f8300000,0x00000000f8a3a3d8,0x00000000fad00000)
  from space 19456K, 0% used [0x00000000fed00000,0x00000000fed00000,0x0000000100000000)
  to   space 42496K, 0% used [0x00000000fad00000,0x00000000fad00000,0x00000000fd680000)
 ParOldGen       total 134144K, used 133694K [0x00000000f0000000, 0x00000000f8300000, 0x00000000f8300000)
  object space 134144K, 99% used [0x00000000f0000000,0x00000000f828fbd0,0x00000000f8300000)
 Metaspace       used 52449K, capacity 55514K, committed 55680K, reserved 1097728K
  class space    used 6399K, capacity 6939K, committed 7040K, reserved 1048576K
}
{Heap before GC invocations=162 (full 144):
 PSYoungGen      total 62464K, used 43008K [0x00000000f8300000, 0x0000000100000000, 0x0000000100000000)
  eden space 43008K, 100% used [0x00000000f8300000,0x00000000fad00000,0x00000000fad00000)
  from space 19456K, 0% used [0x00000000fed00000,0x00000000fed00000,0x0000000100000000)
  to   space 42496K, 0% used [0x00000000fad00000,0x00000000fad00000,0x00000000fd680000)
 ParOldGen       total 134144K, used 133694K [0x00000000f0000000, 0x00000000f8300000, 0x00000000f8300000)
  object space 134144K, 99% used [0x00000000f0000000,0x00000000f828fbd0,0x00000000f8300000)
 Metaspace       used 52449K, capacity 55514K, committed 55680K, reserved 1097728K
  class space    used 6399K, capacity 6939K, committed 7040K, reserved 1048576K
2023-01-17T04:25:53.772+0800: 52.721: [Full GC (Ergonomics) [PSYoungGen: 43008K->7410K(62464K)] [ParOldGen: 133694K->133694K(134144K)] 176702K->141105K(196608K), [Metaspace: 52449K->52449K(1097728K)], 0.1223592 secs] [Times: user=0.31 sys=0.00, real=0.12 secs] 
Heap after GC invocations=162 (full 144):
 PSYoungGen      total 62464K, used 7410K [0x00000000f8300000, 0x0000000100000000, 0x0000000100000000)
  eden space 43008K, 17% used [0x00000000f8300000,0x00000000f8a3ca68,0x00000000fad00000)
  from space 19456K, 0% used [0x00000000fed00000,0x00000000fed00000,0x0000000100000000)
  to   space 42496K, 0% used [0x00000000fad00000,0x00000000fad00000,0x00000000fd680000)
 ParOldGen       total 134144K, used 133694K [0x00000000f0000000, 0x00000000f8300000, 0x00000000f8300000)
  object space 134144K, 99% used [0x00000000f0000000,0x00000000f828fbd0,0x00000000f8300000)
 Metaspace       used 52449K, capacity 55514K, committed 55680K, reserved 1097728K
  class space    used 6399K, capacity 6939K, committed 7040K, reserved 1048576K
}
{Heap before GC invocations=163 (full 145):
 PSYoungGen      total 62464K, used 43008K [0x00000000f8300000, 0x0000000100000000, 0x0000000100000000)
  eden space 43008K, 100% used [0x00000000f8300000,0x00000000fad00000,0x00000000fad00000)
  from space 19456K, 0% used [0x00000000fed00000,0x00000000fed00000,0x0000000100000000)
  to   space 42496K, 0% used [0x00000000fad00000,0x00000000fad00000,0x00000000fd680000)
 ParOldGen       total 134144K, used 133694K [0x00000000f0000000, 0x00000000f8300000, 0x00000000f8300000)
  object space 134144K, 99% used [0x00000000f0000000,0x00000000f828fbd0,0x00000000f8300000)
 Metaspace       used 52449K, capacity 55514K, committed 55680K, reserved 1097728K
  class space    used 6399K, capacity 6939K, committed 7040K, reserved 1048576K
2023-01-17T04:25:53.944+0800: 52.893: [Full GC (Ergonomics) [PSYoungGen: 43008K->7395K(62464K)] [ParOldGen: 133694K->133694K(134144K)] 176702K->141090K(196608K), [Metaspace: 52449K->52449K(1097728K)], 0.1179865 secs] [Times: user=0.31 sys=0.00, real=0.12 secs] 
Heap after GC invocations=163 (full 145):
 PSYoungGen      total 62464K, used 7395K [0x00000000f8300000, 0x0000000100000000, 0x0000000100000000)
  eden space 43008K, 17% used [0x00000000f8300000,0x00000000f8a38ff8,0x00000000fad00000)
  from space 19456K, 0% used [0x00000000fed00000,0x00000000fed00000,0x0000000100000000)
  to   space 42496K, 0% used [0x00000000fad00000,0x00000000fad00000,0x00000000fd680000)
 ParOldGen       total 134144K, used 133694K [0x00000000f0000000, 0x00000000f8300000, 0x00000000f8300000)
  object space 134144K, 99% used [0x00000000f0000000,0x00000000f828fb70,0x00000000f8300000)
 Metaspace       used 52449K, capacity 55514K, committed 55680K, reserved 1097728K
  class space    used 6399K, capacity 6939K, committed 7040K, reserved 1048576K
}
{Heap before GC invocations=164 (full 146):
 PSYoungGen      total 62464K, used 43008K [0x00000000f8300000, 0x0000000100000000, 0x0000000100000000)
  eden space 43008K, 100% used [0x00000000f8300000,0x00000000fad00000,0x00000000fad00000)
  from space 19456K, 0% used [0x00000000fed00000,0x00000000fed00000,0x0000000100000000)
  to   space 42496K, 0% used [0x00000000fad00000,0x00000000fad00000,0x00000000fd680000)
 ParOldGen       total 134144K, used 133694K [0x00000000f0000000, 0x00000000f8300000, 0x00000000f8300000)
  object space 134144K, 99% used [0x00000000f0000000,0x00000000f828fb70,0x00000000f8300000)
 Metaspace       used 52449K, capacity 55514K, committed 55680K, reserved 1097728K
  class space    used 6399K, capacity 6939K, committed 7040K, reserved 1048576K
2023-01-17T04:25:54.119+0800: 53.069: [Full GC (Ergonomics) [PSYoungGen: 43008K->7393K(62464K)] [ParOldGen: 133694K->133694K(134144K)] 176702K->141087K(196608K), [Metaspace: 52449K->52449K(1097728K)], 0.1485521 secs] [Times: user=0.33 sys=0.00, real=0.15 secs] 
Heap after GC invocations=164 (full 146):
 PSYoungGen      total 62464K, used 7393K [0x00000000f8300000, 0x0000000100000000, 0x0000000100000000)
  eden space 43008K, 17% used [0x00000000f8300000,0x00000000f8a38450,0x00000000fad00000)
  from space 19456K, 0% used [0x00000000fed00000,0x00000000fed00000,0x0000000100000000)
  to   space 42496K, 0% used [0x00000000fad00000,0x00000000fad00000,0x00000000fd680000)
 ParOldGen       total 134144K, used 133694K [0x00000000f0000000, 0x00000000f8300000, 0x00000000f8300000)
  object space 134144K, 99% used [0x00000000f0000000,0x00000000f828fb10,0x00000000f8300000)
 Metaspace       used 52449K, capacity 55514K, committed 55680K, reserved 1097728K
  class space    used 6399K, capacity 6939K, committed 7040K, reserved 1048576K
}
{Heap before GC invocations=165 (full 147):
 PSYoungGen      total 62464K, used 43008K [0x00000000f8300000, 0x0000000100000000, 0x0000000100000000)
  eden space 43008K, 100% used [0x00000000f8300000,0x00000000fad00000,0x00000000fad00000)
  from space 19456K, 0% used [0x00000000fed00000,0x00000000fed00000,0x0000000100000000)
  to   space 42496K, 0% used [0x00000000fad00000,0x00000000fad00000,0x00000000fd680000)
 ParOldGen       total 134144K, used 133694K [0x00000000f0000000, 0x00000000f8300000, 0x00000000f8300000)
  object space 134144K, 99% used [0x00000000f0000000,0x00000000f828fb10,0x00000000f8300000)
 Metaspace       used 52449K, capacity 55514K, committed 55680K, reserved 1097728K
  class space    used 6399K, capacity 6939K, committed 7040K, reserved 1048576K
2023-01-17T04:25:54.326+0800: 53.276: [Full GC (Ergonomics) [PSYoungGen: 43008K->7412K(62464K)] [ParOldGen: 133694K->133694K(134144K)] 176702K->141106K(196608K), [Metaspace: 52449K->52449K(1097728K)], 0.1579702 secs] [Times: user=0.38 sys=0.00, real=0.16 secs] 
Heap after GC invocations=165 (full 147):
 PSYoungGen      total 62464K, used 7412K [0x00000000f8300000, 0x0000000100000000, 0x0000000100000000)
  eden space 43008K, 17% used [0x00000000f8300000,0x00000000f8a3d088,0x00000000fad00000)
  from space 19456K, 0% used [0x00000000fed00000,0x00000000fed00000,0x0000000100000000)
  to   space 42496K, 0% used [0x00000000fad00000,0x00000000fad00000,0x00000000fd680000)
 ParOldGen       total 134144K, used 133694K [0x00000000f0000000, 0x00000000f8300000, 0x00000000f8300000)
  object space 134144K, 99% used [0x00000000f0000000,0x00000000f828fa78,0x00000000f8300000)
 Metaspace       used 52449K, capacity 55514K, committed 55680K, reserved 1097728K
  class space    used 6399K, capacity 6939K, committed 7040K, reserved 1048576K
}
{Heap before GC invocations=166 (full 148):
 PSYoungGen      total 62464K, used 43008K [0x00000000f8300000, 0x0000000100000000, 0x0000000100000000)
  eden space 43008K, 100% used [0x00000000f8300000,0x00000000fad00000,0x00000000fad00000)
  from space 19456K, 0% used [0x00000000fed00000,0x00000000fed00000,0x0000000100000000)
  to   space 42496K, 0% used [0x00000000fad00000,0x00000000fad00000,0x00000000fd680000)
 ParOldGen       total 134144K, used 133694K [0x00000000f0000000, 0x00000000f8300000, 0x00000000f8300000)
  object space 134144K, 99% used [0x00000000f0000000,0x00000000f828fa78,0x00000000f8300000)
 Metaspace       used 52451K, capacity 55514K, committed 55680K, reserved 1097728K
  class space    used 6399K, capacity 6939K, committed 7040K, reserved 1048576K
2023-01-17T04:25:54.543+0800: 53.493: [Full GC (Ergonomics) [PSYoungGen: 43008K->7391K(62464K)] [ParOldGen: 133694K->133693K(134144K)] 176702K->141084K(196608K), [Metaspace: 52451K->52451K(1097728K)], 0.1444603 secs] [Times: user=0.37 sys=0.00, real=0.14 secs] 
Heap after GC invocations=166 (full 148):
 PSYoungGen      total 62464K, used 7391K [0x00000000f8300000, 0x0000000100000000, 0x0000000100000000)
  eden space 43008K, 17% used [0x00000000f8300000,0x00000000f8a37c88,0x00000000fad00000)
  from space 19456K, 0% used [0x00000000fed00000,0x00000000fed00000,0x0000000100000000)
  to   space 42496K, 0% used [0x00000000fad00000,0x00000000fad00000,0x00000000fd680000)
 ParOldGen       total 134144K, used 133693K [0x00000000f0000000, 0x00000000f8300000, 0x00000000f8300000)
  object space 134144K, 99% used [0x00000000f0000000,0x00000000f828f668,0x00000000f8300000)
 Metaspace       used 52451K, capacity 55514K, committed 55680K, reserved 1097728K
  class space    used 6399K, capacity 6939K, committed 7040K, reserved 1048576K
}
{Heap before GC invocations=167 (full 149):
 PSYoungGen      total 62464K, used 43008K [0x00000000f8300000, 0x0000000100000000, 0x0000000100000000)
  eden space 43008K, 100% used [0x00000000f8300000,0x00000000fad00000,0x00000000fad00000)
  from space 19456K, 0% used [0x00000000fed00000,0x00000000fed00000,0x0000000100000000)
  to   space 42496K, 0% used [0x00000000fad00000,0x00000000fad00000,0x00000000fd680000)
 ParOldGen       total 134144K, used 133693K [0x00000000f0000000, 0x00000000f8300000, 0x00000000f8300000)
  object space 134144K, 99% used [0x00000000f0000000,0x00000000f828f668,0x00000000f8300000)
 Metaspace       used 52451K, capacity 55514K, committed 55680K, reserved 1097728K
  class space    used 6399K, capacity 6939K, committed 7040K, reserved 1048576K
2023-01-17T04:25:54.744+0800: 53.694: [Full GC (Ergonomics) [PSYoungGen: 43008K->7388K(62464K)] [ParOldGen: 133693K->133693K(134144K)] 176701K->141082K(196608K), [Metaspace: 52451K->52451K(1097728K)], 0.1370433 secs] [Times: user=0.32 sys=0.00, real=0.14 secs] 
Heap after GC invocations=167 (full 149):
 PSYoungGen      total 62464K, used 7388K [0x00000000f8300000, 0x0000000100000000, 0x0000000100000000)
  eden space 43008K, 17% used [0x00000000f8300000,0x00000000f8a37278,0x00000000fad00000)
  from space 19456K, 0% used [0x00000000fed00000,0x00000000fed00000,0x0000000100000000)
  to   space 42496K, 0% used [0x00000000fad00000,0x00000000fad00000,0x00000000fd680000)
 ParOldGen       total 134144K, used 133693K [0x00000000f0000000, 0x00000000f8300000, 0x00000000f8300000)
  object space 134144K, 99% used [0x00000000f0000000,0x00000000f828f668,0x00000000f8300000)
 Metaspace       used 52451K, capacity 55514K, committed 55680K, reserved 1097728K
  class space    used 6399K, capacity 6939K, committed 7040K, reserved 1048576K
}
{Heap before GC invocations=168 (full 150):
 PSYoungGen      total 62464K, used 43008K [0x00000000f8300000, 0x0000000100000000, 0x0000000100000000)
  eden space 43008K, 100% used [0x00000000f8300000,0x00000000fad00000,0x00000000fad00000)
  from space 19456K, 0% used [0x00000000fed00000,0x00000000fed00000,0x0000000100000000)
  to   space 42496K, 0% used [0x00000000fad00000,0x00000000fad00000,0x00000000fd680000)
 ParOldGen       total 134144K, used 133693K [0x00000000f0000000, 0x00000000f8300000, 0x00000000f8300000)
  object space 134144K, 99% used [0x00000000f0000000,0x00000000f828f668,0x00000000f8300000)
 Metaspace       used 52451K, capacity 55514K, committed 55680K, reserved 1097728K
  class space    used 6399K, capacity 6939K, committed 7040K, reserved 1048576K
2023-01-17T04:25:54.938+0800: 53.888: [Full GC (Ergonomics) [PSYoungGen: 43008K->7405K(62464K)] [ParOldGen: 133693K->133693K(134144K)] 176701K->141098K(196608K), [Metaspace: 52451K->52451K(1097728K)], 0.1530721 secs] [Times: user=0.33 sys=0.00, real=0.16 secs] 
Heap after GC invocations=168 (full 150):
 PSYoungGen      total 62464K, used 7405K [0x00000000f8300000, 0x0000000100000000, 0x0000000100000000)
  eden space 43008K, 17% used [0x00000000f8300000,0x00000000f8a3b408,0x00000000fad00000)
  from space 19456K, 0% used [0x00000000fed00000,0x00000000fed00000,0x0000000100000000)
  to   space 42496K, 0% used [0x00000000fad00000,0x00000000fad00000,0x00000000fd680000)
 ParOldGen       total 134144K, used 133693K [0x00000000f0000000, 0x00000000f8300000, 0x00000000f8300000)
  object space 134144K, 99% used [0x00000000f0000000,0x00000000f828f5a8,0x00000000f8300000)
 Metaspace       used 52451K, capacity 55514K, committed 55680K, reserved 1097728K
  class space    used 6399K, capacity 6939K, committed 7040K, reserved 1048576K
}
{Heap before GC invocations=169 (full 151):
 PSYoungGen      total 62464K, used 43008K [0x00000000f8300000, 0x0000000100000000, 0x0000000100000000)
  eden space 43008K, 100% used [0x00000000f8300000,0x00000000fad00000,0x00000000fad00000)
  from space 19456K, 0% used [0x00000000fed00000,0x00000000fed00000,0x0000000100000000)
  to   space 42496K, 0% used [0x00000000fad00000,0x00000000fad00000,0x00000000fd680000)
 ParOldGen       total 134144K, used 133693K [0x00000000f0000000, 0x00000000f8300000, 0x00000000f8300000)
  object space 134144K, 99% used [0x00000000f0000000,0x00000000f828f5a8,0x00000000f8300000)
 Metaspace       used 52451K, capacity 55514K, committed 55680K, reserved 1097728K
  class space    used 6399K, capacity 6939K, committed 7040K, reserved 1048576K
2023-01-17T04:25:55.140+0800: 54.089: [Full GC (Ergonomics) [PSYoungGen: 43008K->7400K(62464K)] [ParOldGen: 133693K->133693K(134144K)] 176701K->141093K(196608K), [Metaspace: 52451K->52451K(1097728K)], 0.1358541 secs] [Times: user=0.37 sys=0.00, real=0.13 secs] 
Heap after GC invocations=169 (full 151):
 PSYoungGen      total 62464K, used 7400K [0x00000000f8300000, 0x0000000100000000, 0x0000000100000000)
  eden space 43008K, 17% used [0x00000000f8300000,0x00000000f8a3a0a0,0x00000000fad00000)
  from space 19456K, 0% used [0x00000000fed00000,0x00000000fed00000,0x0000000100000000)
  to   space 42496K, 0% used [0x00000000fad00000,0x00000000fad00000,0x00000000fd680000)
 ParOldGen       total 134144K, used 133693K [0x00000000f0000000, 0x00000000f8300000, 0x00000000f8300000)
  object space 134144K, 99% used [0x00000000f0000000,0x00000000f828f4e8,0x00000000f8300000)
 Metaspace       used 52451K, capacity 55514K, committed 55680K, reserved 1097728K
  class space    used 6399K, capacity 6939K, committed 7040K, reserved 1048576K
}
{Heap before GC invocations=170 (full 152):
 PSYoungGen      total 62464K, used 43008K [0x00000000f8300000, 0x0000000100000000, 0x0000000100000000)
  eden space 43008K, 100% used [0x00000000f8300000,0x00000000fad00000,0x00000000fad00000)
  from space 19456K, 0% used [0x00000000fed00000,0x00000000fed00000,0x0000000100000000)
  to   space 42496K, 0% used [0x00000000fad00000,0x00000000fad00000,0x00000000fd680000)
 ParOldGen       total 134144K, used 133693K [0x00000000f0000000, 0x00000000f8300000, 0x00000000f8300000)
  object space 134144K, 99% used [0x00000000f0000000,0x00000000f828f4e8,0x00000000f8300000)
 Metaspace       used 52453K, capacity 55514K, committed 55680K, reserved 1097728K
  class space    used 6399K, capacity 6939K, committed 7040K, reserved 1048576K
2023-01-17T04:25:55.323+0800: 54.273: [Full GC (Ergonomics) [PSYoungGen: 43008K->7402K(62464K)] [ParOldGen: 133693K->133692K(134144K)] 176701K->141095K(196608K), [Metaspace: 52453K->52453K(1097728K)], 0.1338858 secs] [Times: user=0.35 sys=0.00, real=0.13 secs] 
Heap after GC invocations=170 (full 152):
 PSYoungGen      total 62464K, used 7402K [0x00000000f8300000, 0x0000000100000000, 0x0000000100000000)
  eden space 43008K, 17% used [0x00000000f8300000,0x00000000f8a3ab58,0x00000000fad00000)
  from space 19456K, 0% used [0x00000000fed00000,0x00000000fed00000,0x0000000100000000)
  to   space 42496K, 0% used [0x00000000fad00000,0x00000000fad00000,0x00000000fd680000)
 ParOldGen       total 134144K, used 133692K [0x00000000f0000000, 0x00000000f8300000, 0x00000000f8300000)
  object space 134144K, 99% used [0x00000000f0000000,0x00000000f828f3f0,0x00000000f8300000)
 Metaspace       used 52453K, capacity 55514K, committed 55680K, reserved 1097728K
  class space    used 6399K, capacity 6939K, committed 7040K, reserved 1048576K
}
{Heap before GC invocations=171 (full 153):
 PSYoungGen      total 62464K, used 43008K [0x00000000f8300000, 0x0000000100000000, 0x0000000100000000)
  eden space 43008K, 100% used [0x00000000f8300000,0x00000000fad00000,0x00000000fad00000)
  from space 19456K, 0% used [0x00000000fed00000,0x00000000fed00000,0x0000000100000000)
  to   space 42496K, 0% used [0x00000000fad00000,0x00000000fad00000,0x00000000fd680000)
 ParOldGen       total 134144K, used 133692K [0x00000000f0000000, 0x00000000f8300000, 0x00000000f8300000)
  object space 134144K, 99% used [0x00000000f0000000,0x00000000f828f3f0,0x00000000f8300000)
 Metaspace       used 52453K, capacity 55514K, committed 55680K, reserved 1097728K
  class space    used 6399K, capacity 6939K, committed 7040K, reserved 1048576K
2023-01-17T04:25:55.503+0800: 54.453: [Full GC (Ergonomics) [PSYoungGen: 43008K->7429K(62464K)] [ParOldGen: 133692K->133692K(134144K)] 176700K->141122K(196608K), [Metaspace: 52453K->52453K(1097728K)], 0.1264439 secs] [Times: user=0.31 sys=0.00, real=0.13 secs] 
Heap after GC invocations=171 (full 153):
 PSYoungGen      total 62464K, used 7429K [0x00000000f8300000, 0x0000000100000000, 0x0000000100000000)
  eden space 43008K, 17% used [0x00000000f8300000,0x00000000f8a41470,0x00000000fad00000)
  from space 19456K, 0% used [0x00000000fed00000,0x00000000fed00000,0x0000000100000000)
  to   space 42496K, 0% used [0x00000000fad00000,0x00000000fad00000,0x00000000fd680000)
 ParOldGen       total 134144K, used 133692K [0x00000000f0000000, 0x00000000f8300000, 0x00000000f8300000)
  object space 134144K, 99% used [0x00000000f0000000,0x00000000f828f390,0x00000000f8300000)
 Metaspace       used 52453K, capacity 55514K, committed 55680K, reserved 1097728K
  class space    used 6399K, capacity 6939K, committed 7040K, reserved 1048576K
}
{Heap before GC invocations=172 (full 154):
 PSYoungGen      total 62464K, used 43008K [0x00000000f8300000, 0x0000000100000000, 0x0000000100000000)
  eden space 43008K, 100% used [0x00000000f8300000,0x00000000fad00000,0x00000000fad00000)
  from space 19456K, 0% used [0x00000000fed00000,0x00000000fed00000,0x0000000100000000)
  to   space 42496K, 0% used [0x00000000fad00000,0x00000000fad00000,0x00000000fd680000)
 ParOldGen       total 134144K, used 133692K [0x00000000f0000000, 0x00000000f8300000, 0x00000000f8300000)
  object space 134144K, 99% used [0x00000000f0000000,0x00000000f828f390,0x00000000f8300000)
 Metaspace       used 52453K, capacity 55514K, committed 55680K, reserved 1097728K
  class space    used 6399K, capacity 6939K, committed 7040K, reserved 1048576K
2023-01-17T04:25:55.702+0800: 54.651: [Full GC (Ergonomics) [PSYoungGen: 43008K->7432K(62464K)] [ParOldGen: 133692K->133692K(134144K)] 176700K->141125K(196608K), [Metaspace: 52453K->52453K(1097728K)], 0.2131173 secs] [Times: user=0.36 sys=0.00, real=0.21 secs] 
Heap after GC invocations=172 (full 154):
 PSYoungGen      total 62464K, used 7432K [0x00000000f8300000, 0x0000000100000000, 0x0000000100000000)
  eden space 43008K, 17% used [0x00000000f8300000,0x00000000f8a421c0,0x00000000fad00000)
  from space 19456K, 0% used [0x00000000fed00000,0x00000000fed00000,0x0000000100000000)
  to   space 42496K, 0% used [0x00000000fad00000,0x00000000fad00000,0x00000000fd680000)
 ParOldGen       total 134144K, used 133692K [0x00000000f0000000, 0x00000000f8300000, 0x00000000f8300000)
  object space 134144K, 99% used [0x00000000f0000000,0x00000000f828f390,0x00000000f8300000)
 Metaspace       used 52453K, capacity 55514K, committed 55680K, reserved 1097728K
  class space    used 6399K, capacity 6939K, committed 7040K, reserved 1048576K
}
{Heap before GC invocations=173 (full 155):
 PSYoungGen      total 62464K, used 43008K [0x00000000f8300000, 0x0000000100000000, 0x0000000100000000)
  eden space 43008K, 100% used [0x00000000f8300000,0x00000000fad00000,0x00000000fad00000)
  from space 19456K, 0% used [0x00000000fed00000,0x00000000fed00000,0x0000000100000000)
  to   space 42496K, 0% used [0x00000000fad00000,0x00000000fad00000,0x00000000fd680000)
 ParOldGen       total 134144K, used 133692K [0x00000000f0000000, 0x00000000f8300000, 0x00000000f8300000)
  object space 134144K, 99% used [0x00000000f0000000,0x00000000f828f390,0x00000000f8300000)
 Metaspace       used 52453K, capacity 55514K, committed 55680K, reserved 1097728K
  class space    used 6399K, capacity 6939K, committed 7040K, reserved 1048576K
2023-01-17T04:25:55.962+0800: 54.912: [Full GC (Ergonomics) [PSYoungGen: 43008K->7421K(62464K)] [ParOldGen: 133692K->133692K(134144K)] 176700K->141114K(196608K), [Metaspace: 52453K->52453K(1097728K)], 0.1164939 secs] [Times: user=0.29 sys=0.01, real=0.11 secs] 
Heap after GC invocations=173 (full 155):
 PSYoungGen      total 62464K, used 7421K [0x00000000f8300000, 0x0000000100000000, 0x0000000100000000)
  eden space 43008K, 17% used [0x00000000f8300000,0x00000000f8a3f568,0x00000000fad00000)
  from space 19456K, 0% used [0x00000000fed00000,0x00000000fed00000,0x0000000100000000)
  to   space 42496K, 0% used [0x00000000fad00000,0x00000000fad00000,0x00000000fd680000)
 ParOldGen       total 134144K, used 133692K [0x00000000f0000000, 0x00000000f8300000, 0x00000000f8300000)
  object space 134144K, 99% used [0x00000000f0000000,0x00000000f828f390,0x00000000f8300000)
 Metaspace       used 52453K, capacity 55514K, committed 55680K, reserved 1097728K
  class space    used 6399K, capacity 6939K, committed 7040K, reserved 1048576K
}
{Heap before GC invocations=174 (full 156):
 PSYoungGen      total 62464K, used 43008K [0x00000000f8300000, 0x0000000100000000, 0x0000000100000000)
  eden space 43008K, 100% used [0x00000000f8300000,0x00000000fad00000,0x00000000fad00000)
  from space 19456K, 0% used [0x00000000fed00000,0x00000000fed00000,0x0000000100000000)
  to   space 42496K, 0% used [0x00000000fad00000,0x00000000fad00000,0x00000000fd680000)
 ParOldGen       total 134144K, used 133692K [0x00000000f0000000, 0x00000000f8300000, 0x00000000f8300000)
  object space 134144K, 99% used [0x00000000f0000000,0x00000000f828f390,0x00000000f8300000)
 Metaspace       used 52454K, capacity 55514K, committed 55680K, reserved 1097728K
  class space    used 6399K, capacity 6939K, committed 7040K, reserved 1048576K
2023-01-17T04:25:56.131+0800: 55.081: [Full GC (Ergonomics) [PSYoungGen: 43008K->7416K(62464K)] [ParOldGen: 133692K->133692K(134144K)] 176700K->141109K(196608K), [Metaspace: 52454K->52454K(1097728K)], 0.1151692 secs] [Times: user=0.30 sys=0.00, real=0.11 secs] 
Heap after GC invocations=174 (full 156):
 PSYoungGen      total 62464K, used 7416K [0x00000000f8300000, 0x0000000100000000, 0x0000000100000000)
  eden space 43008K, 17% used [0x00000000f8300000,0x00000000f8a3e130,0x00000000fad00000)
  from space 19456K, 0% used [0x00000000fed00000,0x00000000fed00000,0x0000000100000000)
  to   space 42496K, 0% used [0x00000000fad00000,0x00000000fad00000,0x00000000fd680000)
 ParOldGen       total 134144K, used 133692K [0x00000000f0000000, 0x00000000f8300000, 0x00000000f8300000)
  object space 134144K, 99% used [0x00000000f0000000,0x00000000f828f390,0x00000000f8300000)
 Metaspace       used 52454K, capacity 55514K, committed 55680K, reserved 1097728K
  class space    used 6399K, capacity 6939K, committed 7040K, reserved 1048576K
}
{Heap before GC invocations=175 (full 157):
 PSYoungGen      total 62464K, used 43008K [0x00000000f8300000, 0x0000000100000000, 0x0000000100000000)
  eden space 43008K, 100% used [0x00000000f8300000,0x00000000fad00000,0x00000000fad00000)
  from space 19456K, 0% used [0x00000000fed00000,0x00000000fed00000,0x0000000100000000)
  to   space 42496K, 0% used [0x00000000fad00000,0x00000000fad00000,0x00000000fd680000)
 ParOldGen       total 134144K, used 133692K [0x00000000f0000000, 0x00000000f8300000, 0x00000000f8300000)
  object space 134144K, 99% used [0x00000000f0000000,0x00000000f828f390,0x00000000f8300000)
 Metaspace       used 52454K, capacity 55514K, committed 55680K, reserved 1097728K
  class space    used 6399K, capacity 6939K, committed 7040K, reserved 1048576K
2023-01-17T04:25:56.307+0800: 55.256: [Full GC (Ergonomics) [PSYoungGen: 43008K->7395K(62464K)] [ParOldGen: 133692K->133692K(134144K)] 176700K->141088K(196608K), [Metaspace: 52454K->52454K(1097728K)], 0.1294287 secs] [Times: user=0.33 sys=0.00, real=0.13 secs] 
Heap after GC invocations=175 (full 157):
 PSYoungGen      total 62464K, used 7395K [0x00000000f8300000, 0x0000000100000000, 0x0000000100000000)
  eden space 43008K, 17% used [0x00000000f8300000,0x00000000f8a38f88,0x00000000fad00000)
  from space 19456K, 0% used [0x00000000fed00000,0x00000000fed00000,0x0000000100000000)
  to   space 42496K, 0% used [0x00000000fad00000,0x00000000fad00000,0x00000000fd680000)
 ParOldGen       total 134144K, used 133692K [0x00000000f0000000, 0x00000000f8300000, 0x00000000f8300000)
  object space 134144K, 99% used [0x00000000f0000000,0x00000000f828f390,0x00000000f8300000)
 Metaspace       used 52454K, capacity 55514K, committed 55680K, reserved 1097728K
  class space    used 6399K, capacity 6939K, committed 7040K, reserved 1048576K
}
{Heap before GC invocations=176 (full 158):
 PSYoungGen      total 62464K, used 43008K [0x00000000f8300000, 0x0000000100000000, 0x0000000100000000)
  eden space 43008K, 100% used [0x00000000f8300000,0x00000000fad00000,0x00000000fad00000)
  from space 19456K, 0% used [0x00000000fed00000,0x00000000fed00000,0x0000000100000000)
  to   space 42496K, 0% used [0x00000000fad00000,0x00000000fad00000,0x00000000fd680000)
 ParOldGen       total 134144K, used 133692K [0x00000000f0000000, 0x00000000f8300000, 0x00000000f8300000)
  object space 134144K, 99% used [0x00000000f0000000,0x00000000f828f390,0x00000000f8300000)
 Metaspace       used 52454K, capacity 55514K, committed 55680K, reserved 1097728K
  class space    used 6399K, capacity 6939K, committed 7040K, reserved 1048576K
2023-01-17T04:25:56.501+0800: 55.451: [Full GC (Ergonomics) [PSYoungGen: 43008K->7390K(62464K)] [ParOldGen: 133692K->133692K(134144K)] 176700K->141083K(196608K), [Metaspace: 52454K->52454K(1097728K)], 0.1348437 secs] [Times: user=0.30 sys=0.00, real=0.13 secs] 
Heap after GC invocations=176 (full 158):
 PSYoungGen      total 62464K, used 7390K [0x00000000f8300000, 0x0000000100000000, 0x0000000100000000)
  eden space 43008K, 17% used [0x00000000f8300000,0x00000000f8a37a20,0x00000000fad00000)
  from space 19456K, 0% used [0x00000000fed00000,0x00000000fed00000,0x0000000100000000)
  to   space 42496K, 0% used [0x00000000fad00000,0x00000000fad00000,0x00000000fd680000)
 ParOldGen       total 134144K, used 133692K [0x00000000f0000000, 0x00000000f8300000, 0x00000000f8300000)
  object space 134144K, 99% used [0x00000000f0000000,0x00000000f828f390,0x00000000f8300000)
 Metaspace       used 52454K, capacity 55514K, committed 55680K, reserved 1097728K
  class space    used 6399K, capacity 6939K, committed 7040K, reserved 1048576K
}
{Heap before GC invocations=177 (full 159):
 PSYoungGen      total 62464K, used 43008K [0x00000000f8300000, 0x0000000100000000, 0x0000000100000000)
  eden space 43008K, 100% used [0x00000000f8300000,0x00000000fad00000,0x00000000fad00000)
  from space 19456K, 0% used [0x00000000fed00000,0x00000000fed00000,0x0000000100000000)
  to   space 42496K, 0% used [0x00000000fad00000,0x00000000fad00000,0x00000000fd680000)
 ParOldGen       total 134144K, used 133692K [0x00000000f0000000, 0x00000000f8300000, 0x00000000f8300000)
  object space 134144K, 99% used [0x00000000f0000000,0x00000000f828f390,0x00000000f8300000)
 Metaspace       used 52454K, capacity 55514K, committed 55680K, reserved 1097728K
  class space    used 6399K, capacity 6939K, committed 7040K, reserved 1048576K
2023-01-17T04:25:56.691+0800: 55.640: [Full GC (Ergonomics) [PSYoungGen: 43008K->7379K(62464K)] [ParOldGen: 133692K->133692K(134144K)] 176700K->141072K(196608K), [Metaspace: 52454K->52454K(1097728K)], 0.1172959 secs] [Times: user=0.31 sys=0.00, real=0.11 secs] 
Heap after GC invocations=177 (full 159):
 PSYoungGen      total 62464K, used 7379K [0x00000000f8300000, 0x0000000100000000, 0x0000000100000000)
  eden space 43008K, 17% used [0x00000000f8300000,0x00000000f8a34dd0,0x00000000fad00000)
  from space 19456K, 0% used [0x00000000fed00000,0x00000000fed00000,0x0000000100000000)
  to   space 42496K, 0% used [0x00000000fad00000,0x00000000fad00000,0x00000000fd680000)
 ParOldGen       total 134144K, used 133692K [0x00000000f0000000, 0x00000000f8300000, 0x00000000f8300000)
  object space 134144K, 99% used [0x00000000f0000000,0x00000000f828f390,0x00000000f8300000)
 Metaspace       used 52454K, capacity 55514K, committed 55680K, reserved 1097728K
  class space    used 6399K, capacity 6939K, committed 7040K, reserved 1048576K
}
{Heap before GC invocations=178 (full 160):
 PSYoungGen      total 62464K, used 43008K [0x00000000f8300000, 0x0000000100000000, 0x0000000100000000)
  eden space 43008K, 100% used [0x00000000f8300000,0x00000000fad00000,0x00000000fad00000)
  from space 19456K, 0% used [0x00000000fed00000,0x00000000fed00000,0x0000000100000000)
  to   space 42496K, 0% used [0x00000000fad00000,0x00000000fad00000,0x00000000fd680000)
 ParOldGen       total 134144K, used 133692K [0x00000000f0000000, 0x00000000f8300000, 0x00000000f8300000)
  object space 134144K, 99% used [0x00000000f0000000,0x00000000f828f390,0x00000000f8300000)
 Metaspace       used 52454K, capacity 55514K, committed 55680K, reserved 1097728K
  class space    used 6399K, capacity 6939K, committed 7040K, reserved 1048576K
2023-01-17T04:25:56.854+0800: 55.804: [Full GC (Ergonomics) [PSYoungGen: 43008K->7388K(62464K)] [ParOldGen: 133692K->133692K(134144K)] 176700K->141081K(196608K), [Metaspace: 52454K->52454K(1097728K)], 0.1234407 secs] [Times: user=0.29 sys=0.00, real=0.12 secs] 
Heap after GC invocations=178 (full 160):
 PSYoungGen      total 62464K, used 7388K [0x00000000f8300000, 0x0000000100000000, 0x0000000100000000)
  eden space 43008K, 17% used [0x00000000f8300000,0x00000000f8a372b0,0x00000000fad00000)
  from space 19456K, 0% used [0x00000000fed00000,0x00000000fed00000,0x0000000100000000)
  to   space 42496K, 0% used [0x00000000fad00000,0x00000000fad00000,0x00000000fd680000)
 ParOldGen       total 134144K, used 133692K [0x00000000f0000000, 0x00000000f8300000, 0x00000000f8300000)
  object space 134144K, 99% used [0x00000000f0000000,0x00000000f828f390,0x00000000f8300000)
 Metaspace       used 52454K, capacity 55514K, committed 55680K, reserved 1097728K
  class space    used 6399K, capacity 6939K, committed 7040K, reserved 1048576K
}
{Heap before GC invocations=179 (full 161):
 PSYoungGen      total 62464K, used 43008K [0x00000000f8300000, 0x0000000100000000, 0x0000000100000000)
  eden space 43008K, 100% used [0x00000000f8300000,0x00000000fad00000,0x00000000fad00000)
  from space 19456K, 0% used [0x00000000fed00000,0x00000000fed00000,0x0000000100000000)
  to   space 42496K, 0% used [0x00000000fad00000,0x00000000fad00000,0x00000000fd680000)
 ParOldGen       total 134144K, used 133692K [0x00000000f0000000, 0x00000000f8300000, 0x00000000f8300000)
  object space 134144K, 99% used [0x00000000f0000000,0x00000000f828f390,0x00000000f8300000)
 Metaspace       used 52455K, capacity 55514K, committed 55680K, reserved 1097728K
  class space    used 6399K, capacity 6939K, committed 7040K, reserved 1048576K
2023-01-17T04:25:57.038+0800: 55.988: [Full GC (Ergonomics) [PSYoungGen: 43008K->7406K(62464K)] [ParOldGen: 133692K->133692K(134144K)] 176700K->141099K(196608K), [Metaspace: 52455K->52455K(1097728K)], 0.1812180 secs] [Times: user=0.42 sys=0.00, real=0.18 secs] 
Heap after GC invocations=179 (full 161):
 PSYoungGen      total 62464K, used 7406K [0x00000000f8300000, 0x0000000100000000, 0x0000000100000000)
  eden space 43008K, 17% used [0x00000000f8300000,0x00000000f8a3bb88,0x00000000fad00000)
  from space 19456K, 0% used [0x00000000fed00000,0x00000000fed00000,0x0000000100000000)
  to   space 42496K, 0% used [0x00000000fad00000,0x00000000fad00000,0x00000000fd680000)
 ParOldGen       total 134144K, used 133692K [0x00000000f0000000, 0x00000000f8300000, 0x00000000f8300000)
  object space 134144K, 99% used [0x00000000f0000000,0x00000000f828f390,0x00000000f8300000)
 Metaspace       used 52455K, capacity 55514K, committed 55680K, reserved 1097728K
  class space    used 6399K, capacity 6939K, committed 7040K, reserved 1048576K
}
{Heap before GC invocations=180 (full 162):
 PSYoungGen      total 62464K, used 43008K [0x00000000f8300000, 0x0000000100000000, 0x0000000100000000)
  eden space 43008K, 100% used [0x00000000f8300000,0x00000000fad00000,0x00000000fad00000)
  from space 19456K, 0% used [0x00000000fed00000,0x00000000fed00000,0x0000000100000000)
  to   space 42496K, 0% used [0x00000000fad00000,0x00000000fad00000,0x00000000fd680000)
 ParOldGen       total 134144K, used 133692K [0x00000000f0000000, 0x00000000f8300000, 0x00000000f8300000)
  object space 134144K, 99% used [0x00000000f0000000,0x00000000f828f390,0x00000000f8300000)
 Metaspace       used 52456K, capacity 55514K, committed 55680K, reserved 1097728K
  class space    used 6399K, capacity 6939K, committed 7040K, reserved 1048576K
2023-01-17T04:25:57.278+0800: 56.228: [Full GC (Ergonomics) [PSYoungGen: 43008K->7419K(62464K)] [ParOldGen: 133692K->133692K(134144K)] 176700K->141112K(196608K), [Metaspace: 52456K->52456K(1097728K)], 0.1460513 secs] [Times: user=0.32 sys=0.00, real=0.15 secs] 
Heap after GC invocations=180 (full 162):
 PSYoungGen      total 62464K, used 7419K [0x00000000f8300000, 0x0000000100000000, 0x0000000100000000)
  eden space 43008K, 17% used [0x00000000f8300000,0x00000000f8a3eda0,0x00000000fad00000)
  from space 19456K, 0% used [0x00000000fed00000,0x00000000fed00000,0x0000000100000000)
  to   space 42496K, 0% used [0x00000000fad00000,0x00000000fad00000,0x00000000fd680000)
 ParOldGen       total 134144K, used 133692K [0x00000000f0000000, 0x00000000f8300000, 0x00000000f8300000)
  object space 134144K, 99% used [0x00000000f0000000,0x00000000f828f390,0x00000000f8300000)
 Metaspace       used 52456K, capacity 55514K, committed 55680K, reserved 1097728K
  class space    used 6399K, capacity 6939K, committed 7040K, reserved 1048576K
}
{Heap before GC invocations=181 (full 163):
 PSYoungGen      total 62464K, used 43008K [0x00000000f8300000, 0x0000000100000000, 0x0000000100000000)
  eden space 43008K, 100% used [0x00000000f8300000,0x00000000fad00000,0x00000000fad00000)
  from space 19456K, 0% used [0x00000000fed00000,0x00000000fed00000,0x0000000100000000)
  to   space 42496K, 0% used [0x00000000fad00000,0x00000000fad00000,0x00000000fd680000)
 ParOldGen       total 134144K, used 133692K [0x00000000f0000000, 0x00000000f8300000, 0x00000000f8300000)
  object space 134144K, 99% used [0x00000000f0000000,0x00000000f828f390,0x00000000f8300000)
 Metaspace       used 52456K, capacity 55514K, committed 55680K, reserved 1097728K
  class space    used 6399K, capacity 6939K, committed 7040K, reserved 1048576K
2023-01-17T04:25:57.473+0800: 56.423: [Full GC (Ergonomics) [PSYoungGen: 43008K->7376K(62464K)] [ParOldGen: 133692K->133692K(134144K)] 176700K->141069K(196608K), [Metaspace: 52456K->52456K(1097728K)], 0.1293478 secs] [Times: user=0.34 sys=0.01, real=0.13 secs] 
Heap after GC invocations=181 (full 163):
 PSYoungGen      total 62464K, used 7376K [0x00000000f8300000, 0x0000000100000000, 0x0000000100000000)
  eden space 43008K, 17% used [0x00000000f8300000,0x00000000f8a343e0,0x00000000fad00000)
  from space 19456K, 0% used [0x00000000fed00000,0x00000000fed00000,0x0000000100000000)
  to   space 42496K, 0% used [0x00000000fad00000,0x00000000fad00000,0x00000000fd680000)
 ParOldGen       total 134144K, used 133692K [0x00000000f0000000, 0x00000000f8300000, 0x00000000f8300000)
  object space 134144K, 99% used [0x00000000f0000000,0x00000000f828f330,0x00000000f8300000)
 Metaspace       used 52456K, capacity 55514K, committed 55680K, reserved 1097728K
  class space    used 6399K, capacity 6939K, committed 7040K, reserved 1048576K
}
{Heap before GC invocations=182 (full 164):
 PSYoungGen      total 62464K, used 43008K [0x00000000f8300000, 0x0000000100000000, 0x0000000100000000)
  eden space 43008K, 100% used [0x00000000f8300000,0x00000000fad00000,0x00000000fad00000)
  from space 19456K, 0% used [0x00000000fed00000,0x00000000fed00000,0x0000000100000000)
  to   space 42496K, 0% used [0x00000000fad00000,0x00000000fad00000,0x00000000fd680000)
 ParOldGen       total 134144K, used 133692K [0x00000000f0000000, 0x00000000f8300000, 0x00000000f8300000)
  object space 134144K, 99% used [0x00000000f0000000,0x00000000f828f330,0x00000000f8300000)
 Metaspace       used 52456K, capacity 55514K, committed 55680K, reserved 1097728K
  class space    used 6399K, capacity 6939K, committed 7040K, reserved 1048576K
2023-01-17T04:25:57.650+0800: 56.599: [Full GC (Ergonomics) [PSYoungGen: 43008K->7401K(62464K)] [ParOldGen: 133692K->133692K(134144K)] 176700K->141093K(196608K), [Metaspace: 52456K->52456K(1097728K)], 0.1173380 secs] [Times: user=0.30 sys=0.00, real=0.11 secs] 
Heap after GC invocations=182 (full 164):
 PSYoungGen      total 62464K, used 7401K [0x00000000f8300000, 0x0000000100000000, 0x0000000100000000)
  eden space 43008K, 17% used [0x00000000f8300000,0x00000000f8a3a4a8,0x00000000fad00000)
  from space 19456K, 0% used [0x00000000fed00000,0x00000000fed00000,0x0000000100000000)
  to   space 42496K, 0% used [0x00000000fad00000,0x00000000fad00000,0x00000000fd680000)
 ParOldGen       total 134144K, used 133692K [0x00000000f0000000, 0x00000000f8300000, 0x00000000f8300000)
  object space 134144K, 99% used [0x00000000f0000000,0x00000000f828f330,0x00000000f8300000)
 Metaspace       used 52456K, capacity 55514K, committed 55680K, reserved 1097728K
  class space    used 6399K, capacity 6939K, committed 7040K, reserved 1048576K
}
{Heap before GC invocations=183 (full 165):
 PSYoungGen      total 62464K, used 43008K [0x00000000f8300000, 0x0000000100000000, 0x0000000100000000)
  eden space 43008K, 100% used [0x00000000f8300000,0x00000000fad00000,0x00000000fad00000)
  from space 19456K, 0% used [0x00000000fed00000,0x00000000fed00000,0x0000000100000000)
  to   space 42496K, 0% used [0x00000000fad00000,0x00000000fad00000,0x00000000fd680000)
 ParOldGen       total 134144K, used 133692K [0x00000000f0000000, 0x00000000f8300000, 0x00000000f8300000)
  object space 134144K, 99% used [0x00000000f0000000,0x00000000f828f330,0x00000000f8300000)
 Metaspace       used 52456K, capacity 55514K, committed 55680K, reserved 1097728K
  class space    used 6399K, capacity 6939K, committed 7040K, reserved 1048576K
2023-01-17T04:25:57.813+0800: 56.763: [Full GC (Ergonomics) [PSYoungGen: 43008K->7429K(62464K)] [ParOldGen: 133692K->133692K(134144K)] 176700K->141122K(196608K), [Metaspace: 52456K->52456K(1097728K)], 0.1291217 secs] [Times: user=0.34 sys=0.00, real=0.13 secs] 
Heap after GC invocations=183 (full 165):
 PSYoungGen      total 62464K, used 7429K [0x00000000f8300000, 0x0000000100000000, 0x0000000100000000)
  eden space 43008K, 17% used [0x00000000f8300000,0x00000000f8a41710,0x00000000fad00000)
  from space 19456K, 0% used [0x00000000fed00000,0x00000000fed00000,0x0000000100000000)
  to   space 42496K, 0% used [0x00000000fad00000,0x00000000fad00000,0x00000000fd680000)
 ParOldGen       total 134144K, used 133692K [0x00000000f0000000, 0x00000000f8300000, 0x00000000f8300000)
  object space 134144K, 99% used [0x00000000f0000000,0x00000000f828f330,0x00000000f8300000)
 Metaspace       used 52456K, capacity 55514K, committed 55680K, reserved 1097728K
  class space    used 6399K, capacity 6939K, committed 7040K, reserved 1048576K
}
{Heap before GC invocations=184 (full 166):
 PSYoungGen      total 62464K, used 43008K [0x00000000f8300000, 0x0000000100000000, 0x0000000100000000)
  eden space 43008K, 100% used [0x00000000f8300000,0x00000000fad00000,0x00000000fad00000)
  from space 19456K, 0% used [0x00000000fed00000,0x00000000fed00000,0x0000000100000000)
  to   space 42496K, 0% used [0x00000000fad00000,0x00000000fad00000,0x00000000fd680000)
 ParOldGen       total 134144K, used 133692K [0x00000000f0000000, 0x00000000f8300000, 0x00000000f8300000)
  object space 134144K, 99% used [0x00000000f0000000,0x00000000f828f330,0x00000000f8300000)
 Metaspace       used 52456K, capacity 55514K, committed 55680K, reserved 1097728K
  class space    used 6399K, capacity 6939K, committed 7040K, reserved 1048576K
2023-01-17T04:25:58.004+0800: 56.954: [Full GC (Ergonomics) [PSYoungGen: 43008K->7406K(62464K)] [ParOldGen: 133692K->133692K(134144K)] 176700K->141099K(196608K), [Metaspace: 52456K->52456K(1097728K)], 0.1558947 secs] [Times: user=0.34 sys=0.00, real=0.16 secs] 
Heap after GC invocations=184 (full 166):
 PSYoungGen      total 62464K, used 7406K [0x00000000f8300000, 0x0000000100000000, 0x0000000100000000)
  eden space 43008K, 17% used [0x00000000f8300000,0x00000000f8a3baa0,0x00000000fad00000)
  from space 19456K, 0% used [0x00000000fed00000,0x00000000fed00000,0x0000000100000000)
  to   space 42496K, 0% used [0x00000000fad00000,0x00000000fad00000,0x00000000fd680000)
 ParOldGen       total 134144K, used 133692K [0x00000000f0000000, 0x00000000f8300000, 0x00000000f8300000)
  object space 134144K, 99% used [0x00000000f0000000,0x00000000f828f330,0x00000000f8300000)
 Metaspace       used 52456K, capacity 55514K, committed 55680K, reserved 1097728K
  class space    used 6399K, capacity 6939K, committed 7040K, reserved 1048576K
}
{Heap before GC invocations=185 (full 167):
 PSYoungGen      total 62464K, used 43008K [0x00000000f8300000, 0x0000000100000000, 0x0000000100000000)
  eden space 43008K, 100% used [0x00000000f8300000,0x00000000fad00000,0x00000000fad00000)
  from space 19456K, 0% used [0x00000000fed00000,0x00000000fed00000,0x0000000100000000)
  to   space 42496K, 0% used [0x00000000fad00000,0x00000000fad00000,0x00000000fd680000)
 ParOldGen       total 134144K, used 133692K [0x00000000f0000000, 0x00000000f8300000, 0x00000000f8300000)
  object space 134144K, 99% used [0x00000000f0000000,0x00000000f828f330,0x00000000f8300000)
 Metaspace       used 52456K, capacity 55514K, committed 55680K, reserved 1097728K
  class space    used 6399K, capacity 6939K, committed 7040K, reserved 1048576K
2023-01-17T04:25:58.230+0800: 57.179: [Full GC (Ergonomics) [PSYoungGen: 43008K->7400K(62464K)] [ParOldGen: 133692K->133692K(134144K)] 176700K->141093K(196608K), [Metaspace: 52456K->52456K(1097728K)], 0.1651006 secs] [Times: user=0.36 sys=0.00, real=0.16 secs] 
Heap after GC invocations=185 (full 167):
 PSYoungGen      total 62464K, used 7400K [0x00000000f8300000, 0x0000000100000000, 0x0000000100000000)
  eden space 43008K, 17% used [0x00000000f8300000,0x00000000f8a3a210,0x00000000fad00000)
  from space 19456K, 0% used [0x00000000fed00000,0x00000000fed00000,0x0000000100000000)
  to   space 42496K, 0% used [0x00000000fad00000,0x00000000fad00000,0x00000000fd680000)
 ParOldGen       total 134144K, used 133692K [0x00000000f0000000, 0x00000000f8300000, 0x00000000f8300000)
  object space 134144K, 99% used [0x00000000f0000000,0x00000000f828f330,0x00000000f8300000)
 Metaspace       used 52456K, capacity 55514K, committed 55680K, reserved 1097728K
  class space    used 6399K, capacity 6939K, committed 7040K, reserved 1048576K
}
{Heap before GC invocations=186 (full 168):
 PSYoungGen      total 62464K, used 43008K [0x00000000f8300000, 0x0000000100000000, 0x0000000100000000)
  eden space 43008K, 100% used [0x00000000f8300000,0x00000000fad00000,0x00000000fad00000)
  from space 19456K, 0% used [0x00000000fed00000,0x00000000fed00000,0x0000000100000000)
  to   space 42496K, 0% used [0x00000000fad00000,0x00000000fad00000,0x00000000fd680000)
 ParOldGen       total 134144K, used 133692K [0x00000000f0000000, 0x00000000f8300000, 0x00000000f8300000)
  object space 134144K, 99% used [0x00000000f0000000,0x00000000f828f330,0x00000000f8300000)
 Metaspace       used 52456K, capacity 55514K, committed 55680K, reserved 1097728K
  class space    used 6399K, capacity 6939K, committed 7040K, reserved 1048576K
2023-01-17T04:25:58.441+0800: 57.391: [Full GC (Ergonomics) [PSYoungGen: 43008K->7419K(62464K)] [ParOldGen: 133692K->133692K(134144K)] 176700K->141112K(196608K), [Metaspace: 52456K->52456K(1097728K)], 0.1301642 secs] [Times: user=0.36 sys=0.00, real=0.13 secs] 
Heap after GC invocations=186 (full 168):
 PSYoungGen      total 62464K, used 7419K [0x00000000f8300000, 0x0000000100000000, 0x0000000100000000)
  eden space 43008K, 17% used [0x00000000f8300000,0x00000000f8a3ef18,0x00000000fad00000)
  from space 19456K, 0% used [0x00000000fed00000,0x00000000fed00000,0x0000000100000000)
  to   space 42496K, 0% used [0x00000000fad00000,0x00000000fad00000,0x00000000fd680000)
 ParOldGen       total 134144K, used 133692K [0x00000000f0000000, 0x00000000f8300000, 0x00000000f8300000)
  object space 134144K, 99% used [0x00000000f0000000,0x00000000f828f210,0x00000000f8300000)
 Metaspace       used 52456K, capacity 55514K, committed 55680K, reserved 1097728K
  class space    used 6399K, capacity 6939K, committed 7040K, reserved 1048576K
}
{Heap before GC invocations=187 (full 169):
 PSYoungGen      total 62464K, used 43008K [0x00000000f8300000, 0x0000000100000000, 0x0000000100000000)
  eden space 43008K, 100% used [0x00000000f8300000,0x00000000fad00000,0x00000000fad00000)
  from space 19456K, 0% used [0x00000000fed00000,0x00000000fed00000,0x0000000100000000)
  to   space 42496K, 0% used [0x00000000fad00000,0x00000000fad00000,0x00000000fd680000)
 ParOldGen       total 134144K, used 133692K [0x00000000f0000000, 0x00000000f8300000, 0x00000000f8300000)
  object space 134144K, 99% used [0x00000000f0000000,0x00000000f828f210,0x00000000f8300000)
 Metaspace       used 52456K, capacity 55514K, committed 55680K, reserved 1097728K
  class space    used 6399K, capacity 6939K, committed 7040K, reserved 1048576K
2023-01-17T04:25:58.618+0800: 57.567: [Full GC (Ergonomics) [PSYoungGen: 43008K->7408K(62464K)] [ParOldGen: 133692K->133691K(134144K)] 176700K->141100K(196608K), [Metaspace: 52456K->52456K(1097728K)], 0.1307386 secs] [Times: user=0.32 sys=0.00, real=0.13 secs] 
Heap after GC invocations=187 (full 169):
 PSYoungGen      total 62464K, used 7408K [0x00000000f8300000, 0x0000000100000000, 0x0000000100000000)
  eden space 43008K, 17% used [0x00000000f8300000,0x00000000f8a3c2e8,0x00000000fad00000)
  from space 19456K, 0% used [0x00000000fed00000,0x00000000fed00000,0x0000000100000000)
  to   space 42496K, 0% used [0x00000000fad00000,0x00000000fad00000,0x00000000fd680000)
 ParOldGen       total 134144K, used 133691K [0x00000000f0000000, 0x00000000f8300000, 0x00000000f8300000)
  object space 134144K, 99% used [0x00000000f0000000,0x00000000f828ee00,0x00000000f8300000)
 Metaspace       used 52456K, capacity 55514K, committed 55680K, reserved 1097728K
  class space    used 6399K, capacity 6939K, committed 7040K, reserved 1048576K
}
{Heap before GC invocations=188 (full 170):
 PSYoungGen      total 62464K, used 43008K [0x00000000f8300000, 0x0000000100000000, 0x0000000100000000)
  eden space 43008K, 100% used [0x00000000f8300000,0x00000000fad00000,0x00000000fad00000)
  from space 19456K, 0% used [0x00000000fed00000,0x00000000fed00000,0x0000000100000000)
  to   space 42496K, 0% used [0x00000000fad00000,0x00000000fad00000,0x00000000fd680000)
 ParOldGen       total 134144K, used 133691K [0x00000000f0000000, 0x00000000f8300000, 0x00000000f8300000)
  object space 134144K, 99% used [0x00000000f0000000,0x00000000f828ee00,0x00000000f8300000)
 Metaspace       used 52456K, capacity 55514K, committed 55680K, reserved 1097728K
  class space    used 6399K, capacity 6939K, committed 7040K, reserved 1048576K
2023-01-17T04:25:58.807+0800: 57.756: [Full GC (Ergonomics) [PSYoungGen: 43008K->7417K(62464K)] [ParOldGen: 133691K->133691K(134144K)] 176699K->141108K(196608K), [Metaspace: 52456K->52456K(1097728K)], 0.1409306 secs] [Times: user=0.32 sys=0.00, real=0.14 secs] 
Heap after GC invocations=188 (full 170):
 PSYoungGen      total 62464K, used 7417K [0x00000000f8300000, 0x0000000100000000, 0x0000000100000000)
  eden space 43008K, 17% used [0x00000000f8300000,0x00000000f8a3e4a0,0x00000000fad00000)
  from space 19456K, 0% used [0x00000000fed00000,0x00000000fed00000,0x0000000100000000)
  to   space 42496K, 0% used [0x00000000fad00000,0x00000000fad00000,0x00000000fd680000)
 ParOldGen       total 134144K, used 133691K [0x00000000f0000000, 0x00000000f8300000, 0x00000000f8300000)
  object space 134144K, 99% used [0x00000000f0000000,0x00000000f828ee00,0x00000000f8300000)
 Metaspace       used 52456K, capacity 55514K, committed 55680K, reserved 1097728K
  class space    used 6399K, capacity 6939K, committed 7040K, reserved 1048576K
}
{Heap before GC invocations=189 (full 171):
 PSYoungGen      total 62464K, used 43008K [0x00000000f8300000, 0x0000000100000000, 0x0000000100000000)
  eden space 43008K, 100% used [0x00000000f8300000,0x00000000fad00000,0x00000000fad00000)
  from space 19456K, 0% used [0x00000000fed00000,0x00000000fed00000,0x0000000100000000)
  to   space 42496K, 0% used [0x00000000fad00000,0x00000000fad00000,0x00000000fd680000)
 ParOldGen       total 134144K, used 133691K [0x00000000f0000000, 0x00000000f8300000, 0x00000000f8300000)
  object space 134144K, 99% used [0x00000000f0000000,0x00000000f828ee00,0x00000000f8300000)
 Metaspace       used 52456K, capacity 55514K, committed 55680K, reserved 1097728K
  class space    used 6399K, capacity 6939K, committed 7040K, reserved 1048576K
2023-01-17T04:25:58.999+0800: 57.948: [Full GC (Ergonomics) [PSYoungGen: 43008K->7572K(62464K)] [ParOldGen: 133691K->133691K(134144K)] 176699K->141263K(196608K), [Metaspace: 52456K->52456K(1097728K)], 0.1188295 secs] [Times: user=0.31 sys=0.00, real=0.12 secs] 
Heap after GC invocations=189 (full 171):
 PSYoungGen      total 62464K, used 7572K [0x00000000f8300000, 0x0000000100000000, 0x0000000100000000)
  eden space 43008K, 17% used [0x00000000f8300000,0x00000000f8a65078,0x00000000fad00000)
  from space 19456K, 0% used [0x00000000fed00000,0x00000000fed00000,0x0000000100000000)
  to   space 42496K, 0% used [0x00000000fad00000,0x00000000fad00000,0x00000000fd680000)
 ParOldGen       total 134144K, used 133691K [0x00000000f0000000, 0x00000000f8300000, 0x00000000f8300000)
  object space 134144K, 99% used [0x00000000f0000000,0x00000000f828ee00,0x00000000f8300000)
 Metaspace       used 52456K, capacity 55514K, committed 55680K, reserved 1097728K
  class space    used 6399K, capacity 6939K, committed 7040K, reserved 1048576K
}
{Heap before GC invocations=190 (full 172):
 PSYoungGen      total 62464K, used 43008K [0x00000000f8300000, 0x0000000100000000, 0x0000000100000000)
  eden space 43008K, 100% used [0x00000000f8300000,0x00000000fad00000,0x00000000fad00000)
  from space 19456K, 0% used [0x00000000fed00000,0x00000000fed00000,0x0000000100000000)
  to   space 42496K, 0% used [0x00000000fad00000,0x00000000fad00000,0x00000000fd680000)
 ParOldGen       total 134144K, used 133691K [0x00000000f0000000, 0x00000000f8300000, 0x00000000f8300000)
  object space 134144K, 99% used [0x00000000f0000000,0x00000000f828ee00,0x00000000f8300000)
 Metaspace       used 52456K, capacity 55514K, committed 55680K, reserved 1097728K
  class space    used 6399K, capacity 6939K, committed 7040K, reserved 1048576K
2023-01-17T04:25:59.175+0800: 58.125: [Full GC (Ergonomics) [PSYoungGen: 43008K->7459K(62464K)] [ParOldGen: 133691K->133691K(134144K)] 176699K->141150K(196608K), [Metaspace: 52456K->52456K(1097728K)], 0.1205752 secs] [Times: user=0.32 sys=0.00, real=0.12 secs] 
Heap after GC invocations=190 (full 172):
 PSYoungGen      total 62464K, used 7459K [0x00000000f8300000, 0x0000000100000000, 0x0000000100000000)
  eden space 43008K, 17% used [0x00000000f8300000,0x00000000f8a48c60,0x00000000fad00000)
  from space 19456K, 0% used [0x00000000fed00000,0x00000000fed00000,0x0000000100000000)
  to   space 42496K, 0% used [0x00000000fad00000,0x00000000fad00000,0x00000000fd680000)
 ParOldGen       total 134144K, used 133691K [0x00000000f0000000, 0x00000000f8300000, 0x00000000f8300000)
  object space 134144K, 99% used [0x00000000f0000000,0x00000000f828eda0,0x00000000f8300000)
 Metaspace       used 52456K, capacity 55514K, committed 55680K, reserved 1097728K
  class space    used 6399K, capacity 6939K, committed 7040K, reserved 1048576K
}
{Heap before GC invocations=191 (full 173):
 PSYoungGen      total 62464K, used 43008K [0x00000000f8300000, 0x0000000100000000, 0x0000000100000000)
  eden space 43008K, 100% used [0x00000000f8300000,0x00000000fad00000,0x00000000fad00000)
  from space 19456K, 0% used [0x00000000fed00000,0x00000000fed00000,0x0000000100000000)
  to   space 42496K, 0% used [0x00000000fad00000,0x00000000fad00000,0x00000000fd680000)
 ParOldGen       total 134144K, used 133691K [0x00000000f0000000, 0x00000000f8300000, 0x00000000f8300000)
  object space 134144K, 99% used [0x00000000f0000000,0x00000000f828eda0,0x00000000f8300000)
 Metaspace       used 52457K, capacity 55514K, committed 55680K, reserved 1097728K
  class space    used 6399K, capacity 6939K, committed 7040K, reserved 1048576K
2023-01-17T04:25:59.348+0800: 58.298: [Full GC (Ergonomics) [PSYoungGen: 43008K->7436K(62464K)] [ParOldGen: 133691K->133691K(134144K)] 176699K->141127K(196608K), [Metaspace: 52457K->52457K(1097728K)], 0.2061153 secs] [Times: user=0.42 sys=0.00, real=0.21 secs] 
Heap after GC invocations=191 (full 173):
 PSYoungGen      total 62464K, used 7436K [0x00000000f8300000, 0x0000000100000000, 0x0000000100000000)
  eden space 43008K, 17% used [0x00000000f8300000,0x00000000f8a431b8,0x00000000fad00000)
  from space 19456K, 0% used [0x00000000fed00000,0x00000000fed00000,0x0000000100000000)
  to   space 42496K, 0% used [0x00000000fad00000,0x00000000fad00000,0x00000000fd680000)
 ParOldGen       total 134144K, used 133691K [0x00000000f0000000, 0x00000000f8300000, 0x00000000f8300000)
  object space 134144K, 99% used [0x00000000f0000000,0x00000000f828ec78,0x00000000f8300000)
 Metaspace       used 52457K, capacity 55514K, committed 55680K, reserved 1097728K
  class space    used 6399K, capacity 6939K, committed 7040K, reserved 1048576K
}
{Heap before GC invocations=192 (full 174):
 PSYoungGen      total 62464K, used 43007K [0x00000000f8300000, 0x0000000100000000, 0x0000000100000000)
  eden space 43008K, 99% used [0x00000000f8300000,0x00000000facffff8,0x00000000fad00000)
  from space 19456K, 0% used [0x00000000fed00000,0x00000000fed00000,0x0000000100000000)
  to   space 42496K, 0% used [0x00000000fad00000,0x00000000fad00000,0x00000000fd680000)
 ParOldGen       total 134144K, used 133691K [0x00000000f0000000, 0x00000000f8300000, 0x00000000f8300000)
  object space 134144K, 99% used [0x00000000f0000000,0x00000000f828ec78,0x00000000f8300000)
 Metaspace       used 52457K, capacity 55514K, committed 55680K, reserved 1097728K
  class space    used 6399K, capacity 6939K, committed 7040K, reserved 1048576K
2023-01-17T04:25:59.628+0800: 58.578: [Full GC (Ergonomics) [PSYoungGen: 43007K->7407K(62464K)] [ParOldGen: 133691K->133691K(134144K)] 176699K->141098K(196608K), [Metaspace: 52457K->52457K(1097728K)], 0.1489123 secs] [Times: user=0.33 sys=0.01, real=0.15 secs] 
Heap after GC invocations=192 (full 174):
 PSYoungGen      total 62464K, used 7407K [0x00000000f8300000, 0x0000000100000000, 0x0000000100000000)
  eden space 43008K, 17% used [0x00000000f8300000,0x00000000f8a3bf58,0x00000000fad00000)
  from space 19456K, 0% used [0x00000000fed00000,0x00000000fed00000,0x0000000100000000)
  to   space 42496K, 0% used [0x00000000fad00000,0x00000000fad00000,0x00000000fd680000)
 ParOldGen       total 134144K, used 133691K [0x00000000f0000000, 0x00000000f8300000, 0x00000000f8300000)
  object space 134144K, 99% used [0x00000000f0000000,0x00000000f828ec78,0x00000000f8300000)
 Metaspace       used 52457K, capacity 55514K, committed 55680K, reserved 1097728K
  class space    used 6399K, capacity 6939K, committed 7040K, reserved 1048576K
}
{Heap before GC invocations=193 (full 175):
 PSYoungGen      total 62464K, used 43008K [0x00000000f8300000, 0x0000000100000000, 0x0000000100000000)
  eden space 43008K, 100% used [0x00000000f8300000,0x00000000fad00000,0x00000000fad00000)
  from space 19456K, 0% used [0x00000000fed00000,0x00000000fed00000,0x0000000100000000)
  to   space 42496K, 0% used [0x00000000fad00000,0x00000000fad00000,0x00000000fd680000)
 ParOldGen       total 134144K, used 133691K [0x00000000f0000000, 0x00000000f8300000, 0x00000000f8300000)
  object space 134144K, 99% used [0x00000000f0000000,0x00000000f828ec78,0x00000000f8300000)
 Metaspace       used 52457K, capacity 55514K, committed 55680K, reserved 1097728K
  class space    used 6399K, capacity 6939K, committed 7040K, reserved 1048576K
2023-01-17T04:25:59.824+0800: 58.774: [Full GC (Ergonomics) [PSYoungGen: 43008K->7453K(62464K)] [ParOldGen: 133691K->133691K(134144K)] 176699K->141144K(196608K), [Metaspace: 52457K->52457K(1097728K)], 0.1154553 secs] [Times: user=0.30 sys=0.00, real=0.11 secs] 
Heap after GC invocations=193 (full 175):
 PSYoungGen      total 62464K, used 7453K [0x00000000f8300000, 0x0000000100000000, 0x0000000100000000)
  eden space 43008K, 17% used [0x00000000f8300000,0x00000000f8a476d8,0x00000000fad00000)
  from space 19456K, 0% used [0x00000000fed00000,0x00000000fed00000,0x0000000100000000)
  to   space 42496K, 0% used [0x00000000fad00000,0x00000000fad00000,0x00000000fd680000)
 ParOldGen       total 134144K, used 133691K [0x00000000f0000000, 0x00000000f8300000, 0x00000000f8300000)
  object space 134144K, 99% used [0x00000000f0000000,0x00000000f828ec78,0x00000000f8300000)
 Metaspace       used 52457K, capacity 55514K, committed 55680K, reserved 1097728K
  class space    used 6399K, capacity 6939K, committed 7040K, reserved 1048576K
}
{Heap before GC invocations=194 (full 176):
 PSYoungGen      total 62464K, used 43008K [0x00000000f8300000, 0x0000000100000000, 0x0000000100000000)
  eden space 43008K, 100% used [0x00000000f8300000,0x00000000fad00000,0x00000000fad00000)
  from space 19456K, 0% used [0x00000000fed00000,0x00000000fed00000,0x0000000100000000)
  to   space 42496K, 0% used [0x00000000fad00000,0x00000000fad00000,0x00000000fd680000)
 ParOldGen       total 134144K, used 133691K [0x00000000f0000000, 0x00000000f8300000, 0x00000000f8300000)
  object space 134144K, 99% used [0x00000000f0000000,0x00000000f828ec78,0x00000000f8300000)
 Metaspace       used 52457K, capacity 55514K, committed 55680K, reserved 1097728K
  class space    used 6399K, capacity 6939K, committed 7040K, reserved 1048576K
2023-01-17T04:25:59.985+0800: 58.935: [Full GC (Ergonomics) [PSYoungGen: 43008K->7402K(62464K)] [ParOldGen: 133691K->133691K(134144K)] 176699K->141093K(196608K), [Metaspace: 52457K->52457K(1097728K)], 0.1272369 secs] [Times: user=0.34 sys=0.00, real=0.13 secs] 
Heap after GC invocations=194 (full 176):
 PSYoungGen      total 62464K, used 7402K [0x00000000f8300000, 0x0000000100000000, 0x0000000100000000)
  eden space 43008K, 17% used [0x00000000f8300000,0x00000000f8a3aac0,0x00000000fad00000)
  from space 19456K, 0% used [0x00000000fed00000,0x00000000fed00000,0x0000000100000000)
  to   space 42496K, 0% used [0x00000000fad00000,0x00000000fad00000,0x00000000fd680000)
 ParOldGen       total 134144K, used 133691K [0x00000000f0000000, 0x00000000f8300000, 0x00000000f8300000)
  object space 134144K, 99% used [0x00000000f0000000,0x00000000f828ec78,0x00000000f8300000)
 Metaspace       used 52457K, capacity 55514K, committed 55680K, reserved 1097728K
  class space    used 6399K, capacity 6939K, committed 7040K, reserved 1048576K
}
{Heap before GC invocations=195 (full 177):
 PSYoungGen      total 62464K, used 43008K [0x00000000f8300000, 0x0000000100000000, 0x0000000100000000)
  eden space 43008K, 100% used [0x00000000f8300000,0x00000000fad00000,0x00000000fad00000)
  from space 19456K, 0% used [0x00000000fed00000,0x00000000fed00000,0x0000000100000000)
  to   space 42496K, 0% used [0x00000000fad00000,0x00000000fad00000,0x00000000fd680000)
 ParOldGen       total 134144K, used 133691K [0x00000000f0000000, 0x00000000f8300000, 0x00000000f8300000)
  object space 134144K, 99% used [0x00000000f0000000,0x00000000f828ec78,0x00000000f8300000)
 Metaspace       used 52457K, capacity 55514K, committed 55680K, reserved 1097728K
  class space    used 6399K, capacity 6939K, committed 7040K, reserved 1048576K
2023-01-17T04:26:00.159+0800: 59.109: [Full GC (Ergonomics) [PSYoungGen: 43008K->7440K(62464K)] [ParOldGen: 133691K->133691K(134144K)] 176699K->141131K(196608K), [Metaspace: 52457K->52457K(1097728K)], 0.1294987 secs] [Times: user=0.32 sys=0.00, real=0.13 secs] 
Heap after GC invocations=195 (full 177):
 PSYoungGen      total 62464K, used 7440K [0x00000000f8300000, 0x0000000100000000, 0x0000000100000000)
  eden space 43008K, 17% used [0x00000000f8300000,0x00000000f8a441a0,0x00000000fad00000)
  from space 19456K, 0% used [0x00000000fed00000,0x00000000fed00000,0x0000000100000000)
  to   space 42496K, 0% used [0x00000000fad00000,0x00000000fad00000,0x00000000fd680000)
 ParOldGen       total 134144K, used 133691K [0x00000000f0000000, 0x00000000f8300000, 0x00000000f8300000)
  object space 134144K, 99% used [0x00000000f0000000,0x00000000f828ec78,0x00000000f8300000)
 Metaspace       used 52457K, capacity 55514K, committed 55680K, reserved 1097728K
  class space    used 6399K, capacity 6939K, committed 7040K, reserved 1048576K
}
{Heap before GC invocations=196 (full 178):
 PSYoungGen      total 62464K, used 43008K [0x00000000f8300000, 0x0000000100000000, 0x0000000100000000)
  eden space 43008K, 100% used [0x00000000f8300000,0x00000000fad00000,0x00000000fad00000)
  from space 19456K, 0% used [0x00000000fed00000,0x00000000fed00000,0x0000000100000000)
  to   space 42496K, 0% used [0x00000000fad00000,0x00000000fad00000,0x00000000fd680000)
 ParOldGen       total 134144K, used 133691K [0x00000000f0000000, 0x00000000f8300000, 0x00000000f8300000)
  object space 134144K, 99% used [0x00000000f0000000,0x00000000f828ec78,0x00000000f8300000)
 Metaspace       used 52457K, capacity 55514K, committed 55680K, reserved 1097728K
  class space    used 6399K, capacity 6939K, committed 7040K, reserved 1048576K
2023-01-17T04:26:00.346+0800: 59.296: [Full GC (Ergonomics) [PSYoungGen: 43008K->7410K(62464K)] [ParOldGen: 133691K->133691K(134144K)] 176699K->141102K(196608K), [Metaspace: 52457K->52457K(1097728K)], 0.1528283 secs] [Times: user=0.30 sys=0.00, real=0.15 secs] 
Heap after GC invocations=196 (full 178):
 PSYoungGen      total 62464K, used 7410K [0x00000000f8300000, 0x0000000100000000, 0x0000000100000000)
  eden space 43008K, 17% used [0x00000000f8300000,0x00000000f8a3cba8,0x00000000fad00000)
  from space 19456K, 0% used [0x00000000fed00000,0x00000000fed00000,0x0000000100000000)
  to   space 42496K, 0% used [0x00000000fad00000,0x00000000fad00000,0x00000000fd680000)
 ParOldGen       total 134144K, used 133691K [0x00000000f0000000, 0x00000000f8300000, 0x00000000f8300000)
  object space 134144K, 99% used [0x00000000f0000000,0x00000000f828ec78,0x00000000f8300000)
 Metaspace       used 52457K, capacity 55514K, committed 55680K, reserved 1097728K
  class space    used 6399K, capacity 6939K, committed 7040K, reserved 1048576K
}
{Heap before GC invocations=197 (full 179):
 PSYoungGen      total 62464K, used 43008K [0x00000000f8300000, 0x0000000100000000, 0x0000000100000000)
  eden space 43008K, 100% used [0x00000000f8300000,0x00000000fad00000,0x00000000fad00000)
  from space 19456K, 0% used [0x00000000fed00000,0x00000000fed00000,0x0000000100000000)
  to   space 42496K, 0% used [0x00000000fad00000,0x00000000fad00000,0x00000000fd680000)
 ParOldGen       total 134144K, used 133691K [0x00000000f0000000, 0x00000000f8300000, 0x00000000f8300000)
  object space 134144K, 99% used [0x00000000f0000000,0x00000000f828ec78,0x00000000f8300000)
 Metaspace       used 52457K, capacity 55514K, committed 55680K, reserved 1097728K
  class space    used 6399K, capacity 6939K, committed 7040K, reserved 1048576K
2023-01-17T04:26:00.552+0800: 59.502: [Full GC (Ergonomics) [PSYoungGen: 43008K->7414K(62464K)] [ParOldGen: 133691K->133691K(134144K)] 176699K->141105K(196608K), [Metaspace: 52457K->52457K(1097728K)], 0.1543521 secs] [Times: user=0.38 sys=0.01, real=0.15 secs] 
Heap after GC invocations=197 (full 179):
 PSYoungGen      total 62464K, used 7414K [0x00000000f8300000, 0x0000000100000000, 0x0000000100000000)
  eden space 43008K, 17% used [0x00000000f8300000,0x00000000f8a3db70,0x00000000fad00000)
  from space 19456K, 0% used [0x00000000fed00000,0x00000000fed00000,0x0000000100000000)
  to   space 42496K, 0% used [0x00000000fad00000,0x00000000fad00000,0x00000000fd680000)
 ParOldGen       total 134144K, used 133691K [0x00000000f0000000, 0x00000000f8300000, 0x00000000f8300000)
  object space 134144K, 99% used [0x00000000f0000000,0x00000000f828ec78,0x00000000f8300000)
 Metaspace       used 52457K, capacity 55514K, committed 55680K, reserved 1097728K
  class space    used 6399K, capacity 6939K, committed 7040K, reserved 1048576K
}
{Heap before GC invocations=198 (full 180):
 PSYoungGen      total 62464K, used 43008K [0x00000000f8300000, 0x0000000100000000, 0x0000000100000000)
  eden space 43008K, 100% used [0x00000000f8300000,0x00000000fad00000,0x00000000fad00000)
  from space 19456K, 0% used [0x00000000fed00000,0x00000000fed00000,0x0000000100000000)
  to   space 42496K, 0% used [0x00000000fad00000,0x00000000fad00000,0x00000000fd680000)
 ParOldGen       total 134144K, used 133691K [0x00000000f0000000, 0x00000000f8300000, 0x00000000f8300000)
  object space 134144K, 99% used [0x00000000f0000000,0x00000000f828ec78,0x00000000f8300000)
 Metaspace       used 52457K, capacity 55514K, committed 55680K, reserved 1097728K
  class space    used 6399K, capacity 6939K, committed 7040K, reserved 1048576K
2023-01-17T04:26:00.763+0800: 59.713: [Full GC (Ergonomics) [PSYoungGen: 43008K->7432K(62464K)] [ParOldGen: 133691K->133691K(134144K)] 176699K->141123K(196608K), [Metaspace: 52457K->52457K(1097728K)], 0.1334293 secs] [Times: user=0.32 sys=0.00, real=0.13 secs] 
Heap after GC invocations=198 (full 180):
 PSYoungGen      total 62464K, used 7432K [0x00000000f8300000, 0x0000000100000000, 0x0000000100000000)
  eden space 43008K, 17% used [0x00000000f8300000,0x00000000f8a42038,0x00000000fad00000)
  from space 19456K, 0% used [0x00000000fed00000,0x00000000fed00000,0x0000000100000000)
  to   space 42496K, 0% used [0x00000000fad00000,0x00000000fad00000,0x00000000fd680000)
 ParOldGen       total 134144K, used 133691K [0x00000000f0000000, 0x00000000f8300000, 0x00000000f8300000)
  object space 134144K, 99% used [0x00000000f0000000,0x00000000f828ec78,0x00000000f8300000)
 Metaspace       used 52457K, capacity 55514K, committed 55680K, reserved 1097728K
  class space    used 6399K, capacity 6939K, committed 7040K, reserved 1048576K
}
{Heap before GC invocations=199 (full 181):
 PSYoungGen      total 62464K, used 43008K [0x00000000f8300000, 0x0000000100000000, 0x0000000100000000)
  eden space 43008K, 100% used [0x00000000f8300000,0x00000000fad00000,0x00000000fad00000)
  from space 19456K, 0% used [0x00000000fed00000,0x00000000fed00000,0x0000000100000000)
  to   space 42496K, 0% used [0x00000000fad00000,0x00000000fad00000,0x00000000fd680000)
 ParOldGen       total 134144K, used 133691K [0x00000000f0000000, 0x00000000f8300000, 0x00000000f8300000)
  object space 134144K, 99% used [0x00000000f0000000,0x00000000f828ec78,0x00000000f8300000)
 Metaspace       used 52457K, capacity 55514K, committed 55680K, reserved 1097728K
  class space    used 6399K, capacity 6939K, committed 7040K, reserved 1048576K
2023-01-17T04:26:00.943+0800: 59.893: [Full GC (Ergonomics) [PSYoungGen: 43008K->7417K(62464K)] [ParOldGen: 133691K->133691K(134144K)] 176699K->141108K(196608K), [Metaspace: 52457K->52457K(1097728K)], 0.1313298 secs] [Times: user=0.33 sys=0.00, real=0.13 secs] 
Heap after GC invocations=199 (full 181):
 PSYoungGen      total 62464K, used 7417K [0x00000000f8300000, 0x0000000100000000, 0x0000000100000000)
  eden space 43008K, 17% used [0x00000000f8300000,0x00000000f8a3e668,0x00000000fad00000)
  from space 19456K, 0% used [0x00000000fed00000,0x00000000fed00000,0x0000000100000000)
  to   space 42496K, 0% used [0x00000000fad00000,0x00000000fad00000,0x00000000fd680000)
 ParOldGen       total 134144K, used 133691K [0x00000000f0000000, 0x00000000f8300000, 0x00000000f8300000)
  object space 134144K, 99% used [0x00000000f0000000,0x00000000f828ec78,0x00000000f8300000)
 Metaspace       used 52457K, capacity 55514K, committed 55680K, reserved 1097728K
  class space    used 6399K, capacity 6939K, committed 7040K, reserved 1048576K
}
{Heap before GC invocations=200 (full 182):
 PSYoungGen      total 62464K, used 43008K [0x00000000f8300000, 0x0000000100000000, 0x0000000100000000)
  eden space 43008K, 100% used [0x00000000f8300000,0x00000000fad00000,0x00000000fad00000)
  from space 19456K, 0% used [0x00000000fed00000,0x00000000fed00000,0x0000000100000000)
  to   space 42496K, 0% used [0x00000000fad00000,0x00000000fad00000,0x00000000fd680000)
 ParOldGen       total 134144K, used 133691K [0x00000000f0000000, 0x00000000f8300000, 0x00000000f8300000)
  object space 134144K, 99% used [0x00000000f0000000,0x00000000f828ec78,0x00000000f8300000)
 Metaspace       used 52457K, capacity 55514K, committed 55680K, reserved 1097728K
  class space    used 6399K, capacity 6939K, committed 7040K, reserved 1048576K
2023-01-17T04:26:01.131+0800: 60.081: [Full GC (Ergonomics) [PSYoungGen: 43008K->7404K(62464K)] [ParOldGen: 133691K->133691K(134144K)] 176699K->141095K(196608K), [Metaspace: 52457K->52457K(1097728K)], 0.1483101 secs] [Times: user=0.33 sys=0.00, real=0.15 secs] 
Heap after GC invocations=200 (full 182):
 PSYoungGen      total 62464K, used 7404K [0x00000000f8300000, 0x0000000100000000, 0x0000000100000000)
  eden space 43008K, 17% used [0x00000000f8300000,0x00000000f8a3b218,0x00000000fad00000)
  from space 19456K, 0% used [0x00000000fed00000,0x00000000fed00000,0x0000000100000000)
  to   space 42496K, 0% used [0x00000000fad00000,0x00000000fad00000,0x00000000fd680000)
 ParOldGen       total 134144K, used 133691K [0x00000000f0000000, 0x00000000f8300000, 0x00000000f8300000)
  object space 134144K, 99% used [0x00000000f0000000,0x00000000f828ec78,0x00000000f8300000)
 Metaspace       used 52457K, capacity 55514K, committed 55680K, reserved 1097728K
  class space    used 6399K, capacity 6939K, committed 7040K, reserved 1048576K
}
{Heap before GC invocations=201 (full 183):
 PSYoungGen      total 62464K, used 43008K [0x00000000f8300000, 0x0000000100000000, 0x0000000100000000)
  eden space 43008K, 100% used [0x00000000f8300000,0x00000000fad00000,0x00000000fad00000)
  from space 19456K, 0% used [0x00000000fed00000,0x00000000fed00000,0x0000000100000000)
  to   space 42496K, 0% used [0x00000000fad00000,0x00000000fad00000,0x00000000fd680000)
 ParOldGen       total 134144K, used 133691K [0x00000000f0000000, 0x00000000f8300000, 0x00000000f8300000)
  object space 134144K, 99% used [0x00000000f0000000,0x00000000f828ec78,0x00000000f8300000)
 Metaspace       used 52460K, capacity 55514K, committed 55680K, reserved 1097728K
  class space    used 6399K, capacity 6939K, committed 7040K, reserved 1048576K
2023-01-17T04:26:01.334+0800: 60.284: [Full GC (Ergonomics) [PSYoungGen: 43008K->7400K(62464K)] [ParOldGen: 133691K->133691K(134144K)] 176699K->141092K(196608K), [Metaspace: 52460K->52460K(1097728K)], 0.1197685 secs] [Times: user=0.30 sys=0.00, real=0.12 secs] 
Heap after GC invocations=201 (full 183):
 PSYoungGen      total 62464K, used 7400K [0x00000000f8300000, 0x0000000100000000, 0x0000000100000000)
  eden space 43008K, 17% used [0x00000000f8300000,0x00000000f8a3a3d8,0x00000000fad00000)
  from space 19456K, 0% used [0x00000000fed00000,0x00000000fed00000,0x0000000100000000)
  to   space 42496K, 0% used [0x00000000fad00000,0x00000000fad00000,0x00000000fd680000)
 ParOldGen       total 134144K, used 133691K [0x00000000f0000000, 0x00000000f8300000, 0x00000000f8300000)
  object space 134144K, 99% used [0x00000000f0000000,0x00000000f828ec78,0x00000000f8300000)
 Metaspace       used 52460K, capacity 55514K, committed 55680K, reserved 1097728K
  class space    used 6399K, capacity 6939K, committed 7040K, reserved 1048576K
}
{Heap before GC invocations=202 (full 184):
 PSYoungGen      total 62464K, used 43008K [0x00000000f8300000, 0x0000000100000000, 0x0000000100000000)
  eden space 43008K, 100% used [0x00000000f8300000,0x00000000fad00000,0x00000000fad00000)
  from space 19456K, 0% used [0x00000000fed00000,0x00000000fed00000,0x0000000100000000)
  to   space 42496K, 0% used [0x00000000fad00000,0x00000000fad00000,0x00000000fd680000)
 ParOldGen       total 134144K, used 133691K [0x00000000f0000000, 0x00000000f8300000, 0x00000000f8300000)
  object space 134144K, 99% used [0x00000000f0000000,0x00000000f828ec78,0x00000000f8300000)
 Metaspace       used 52460K, capacity 55514K, committed 55680K, reserved 1097728K
  class space    used 6399K, capacity 6939K, committed 7040K, reserved 1048576K
2023-01-17T04:26:01.501+0800: 60.451: [Full GC (Ergonomics) [PSYoungGen: 43008K->7410K(62464K)] [ParOldGen: 133691K->133691K(134144K)] 176699K->141101K(196608K), [Metaspace: 52460K->52460K(1097728K)], 0.1159183 secs] [Times: user=0.29 sys=0.00, real=0.11 secs] 
Heap after GC invocations=202 (full 184):
 PSYoungGen      total 62464K, used 7410K [0x00000000f8300000, 0x0000000100000000, 0x0000000100000000)
  eden space 43008K, 17% used [0x00000000f8300000,0x00000000f8a3c848,0x00000000fad00000)
  from space 19456K, 0% used [0x00000000fed00000,0x00000000fed00000,0x0000000100000000)
  to   space 42496K, 0% used [0x00000000fad00000,0x00000000fad00000,0x00000000fd680000)
 ParOldGen       total 134144K, used 133691K [0x00000000f0000000, 0x00000000f8300000, 0x00000000f8300000)
  object space 134144K, 99% used [0x00000000f0000000,0x00000000f828ec78,0x00000000f8300000)
 Metaspace       used 52460K, capacity 55514K, committed 55680K, reserved 1097728K
  class space    used 6399K, capacity 6939K, committed 7040K, reserved 1048576K
}
{Heap before GC invocations=203 (full 185):
 PSYoungGen      total 62464K, used 43008K [0x00000000f8300000, 0x0000000100000000, 0x0000000100000000)
  eden space 43008K, 100% used [0x00000000f8300000,0x00000000fad00000,0x00000000fad00000)
  from space 19456K, 0% used [0x00000000fed00000,0x00000000fed00000,0x0000000100000000)
  to   space 42496K, 0% used [0x00000000fad00000,0x00000000fad00000,0x00000000fd680000)
 ParOldGen       total 134144K, used 133691K [0x00000000f0000000, 0x00000000f8300000, 0x00000000f8300000)
  object space 134144K, 99% used [0x00000000f0000000,0x00000000f828ec78,0x00000000f8300000)
 Metaspace       used 52460K, capacity 55514K, committed 55680K, reserved 1097728K
  class space    used 6399K, capacity 6939K, committed 7040K, reserved 1048576K
2023-01-17T04:26:01.663+0800: 60.612: [Full GC (Ergonomics) [PSYoungGen: 43008K->7407K(62464K)] [ParOldGen: 133691K->133691K(134144K)] 176699K->141098K(196608K), [Metaspace: 52460K->52460K(1097728K)], 0.1203523 secs] [Times: user=0.31 sys=0.01, real=0.12 secs] 
Heap after GC invocations=203 (full 185):
 PSYoungGen      total 62464K, used 7407K [0x00000000f8300000, 0x0000000100000000, 0x0000000100000000)
  eden space 43008K, 17% used [0x00000000f8300000,0x00000000f8a3bf08,0x00000000fad00000)
  from space 19456K, 0% used [0x00000000fed00000,0x00000000fed00000,0x0000000100000000)
  to   space 42496K, 0% used [0x00000000fad00000,0x00000000fad00000,0x00000000fd680000)
 ParOldGen       total 134144K, used 133691K [0x00000000f0000000, 0x00000000f8300000, 0x00000000f8300000)
  object space 134144K, 99% used [0x00000000f0000000,0x00000000f828ec78,0x00000000f8300000)
 Metaspace       used 52460K, capacity 55514K, committed 55680K, reserved 1097728K
  class space    used 6399K, capacity 6939K, committed 7040K, reserved 1048576K
}
{Heap before GC invocations=204 (full 186):
 PSYoungGen      total 62464K, used 43008K [0x00000000f8300000, 0x0000000100000000, 0x0000000100000000)
  eden space 43008K, 100% used [0x00000000f8300000,0x00000000fad00000,0x00000000fad00000)
  from space 19456K, 0% used [0x00000000fed00000,0x00000000fed00000,0x0000000100000000)
  to   space 42496K, 0% used [0x00000000fad00000,0x00000000fad00000,0x00000000fd680000)
 ParOldGen       total 134144K, used 133691K [0x00000000f0000000, 0x00000000f8300000, 0x00000000f8300000)
  object space 134144K, 99% used [0x00000000f0000000,0x00000000f828ec78,0x00000000f8300000)
 Metaspace       used 52460K, capacity 55514K, committed 55680K, reserved 1097728K
  class space    used 6399K, capacity 6939K, committed 7040K, reserved 1048576K
2023-01-17T04:26:01.834+0800: 60.784: [Full GC (Ergonomics) [PSYoungGen: 43008K->7416K(62464K)] [ParOldGen: 133691K->133691K(134144K)] 176699K->141107K(196608K), [Metaspace: 52460K->52460K(1097728K)], 0.2132686 secs] [Times: user=0.38 sys=0.00, real=0.21 secs] 
Heap after GC invocations=204 (full 186):
 PSYoungGen      total 62464K, used 7416K [0x00000000f8300000, 0x0000000100000000, 0x0000000100000000)
  eden space 43008K, 17% used [0x00000000f8300000,0x00000000f8a3e018,0x00000000fad00000)
  from space 19456K, 0% used [0x00000000fed00000,0x00000000fed00000,0x0000000100000000)
  to   space 42496K, 0% used [0x00000000fad00000,0x00000000fad00000,0x00000000fd680000)
 ParOldGen       total 134144K, used 133691K [0x00000000f0000000, 0x00000000f8300000, 0x00000000f8300000)
  object space 134144K, 99% used [0x00000000f0000000,0x00000000f828ec78,0x00000000f8300000)
 Metaspace       used 52460K, capacity 55514K, committed 55680K, reserved 1097728K
  class space    used 6399K, capacity 6939K, committed 7040K, reserved 1048576K
}
{Heap before GC invocations=205 (full 187):
 PSYoungGen      total 62464K, used 43008K [0x00000000f8300000, 0x0000000100000000, 0x0000000100000000)
  eden space 43008K, 100% used [0x00000000f8300000,0x00000000fad00000,0x00000000fad00000)
  from space 19456K, 0% used [0x00000000fed00000,0x00000000fed00000,0x0000000100000000)
  to   space 42496K, 0% used [0x00000000fad00000,0x00000000fad00000,0x00000000fd680000)
 ParOldGen       total 134144K, used 133691K [0x00000000f0000000, 0x00000000f8300000, 0x00000000f8300000)
  object space 134144K, 99% used [0x00000000f0000000,0x00000000f828ec78,0x00000000f8300000)
 Metaspace       used 52460K, capacity 55514K, committed 55680K, reserved 1097728K
  class space    used 6399K, capacity 6939K, committed 7040K, reserved 1048576K
2023-01-17T04:26:02.106+0800: 61.055: [Full GC (Ergonomics) [PSYoungGen: 43008K->7401K(62464K)] [ParOldGen: 133691K->133691K(134144K)] 176699K->141092K(196608K), [Metaspace: 52460K->52460K(1097728K)], 0.1176628 secs] [Times: user=0.30 sys=0.00, real=0.12 secs] 
Heap after GC invocations=205 (full 187):
 PSYoungGen      total 62464K, used 7401K [0x00000000f8300000, 0x0000000100000000, 0x0000000100000000)
  eden space 43008K, 17% used [0x00000000f8300000,0x00000000f8a3a4d8,0x00000000fad00000)
  from space 19456K, 0% used [0x00000000fed00000,0x00000000fed00000,0x0000000100000000)
  to   space 42496K, 0% used [0x00000000fad00000,0x00000000fad00000,0x00000000fd680000)
 ParOldGen       total 134144K, used 133691K [0x00000000f0000000, 0x00000000f8300000, 0x00000000f8300000)
  object space 134144K, 99% used [0x00000000f0000000,0x00000000f828ec78,0x00000000f8300000)
 Metaspace       used 52460K, capacity 55514K, committed 55680K, reserved 1097728K
  class space    used 6399K, capacity 6939K, committed 7040K, reserved 1048576K
}
{Heap before GC invocations=206 (full 188):
 PSYoungGen      total 62464K, used 43008K [0x00000000f8300000, 0x0000000100000000, 0x0000000100000000)
  eden space 43008K, 100% used [0x00000000f8300000,0x00000000fad00000,0x00000000fad00000)
  from space 19456K, 0% used [0x00000000fed00000,0x00000000fed00000,0x0000000100000000)
  to   space 42496K, 0% used [0x00000000fad00000,0x00000000fad00000,0x00000000fd680000)
 ParOldGen       total 134144K, used 133691K [0x00000000f0000000, 0x00000000f8300000, 0x00000000f8300000)
  object space 134144K, 99% used [0x00000000f0000000,0x00000000f828ec78,0x00000000f8300000)
 Metaspace       used 52460K, capacity 55514K, committed 55680K, reserved 1097728K
  class space    used 6399K, capacity 6939K, committed 7040K, reserved 1048576K
2023-01-17T04:26:02.270+0800: 61.220: [Full GC (Ergonomics) [PSYoungGen: 43008K->7402K(62464K)] [ParOldGen: 133691K->133691K(134144K)] 176699K->141093K(196608K), [Metaspace: 52460K->52460K(1097728K)], 0.1271517 secs] [Times: user=0.34 sys=0.00, real=0.12 secs] 
Heap after GC invocations=206 (full 188):
 PSYoungGen      total 62464K, used 7402K [0x00000000f8300000, 0x0000000100000000, 0x0000000100000000)
  eden space 43008K, 17% used [0x00000000f8300000,0x00000000f8a3aad0,0x00000000fad00000)
  from space 19456K, 0% used [0x00000000fed00000,0x00000000fed00000,0x0000000100000000)
  to   space 42496K, 0% used [0x00000000fad00000,0x00000000fad00000,0x00000000fd680000)
 ParOldGen       total 134144K, used 133691K [0x00000000f0000000, 0x00000000f8300000, 0x00000000f8300000)
  object space 134144K, 99% used [0x00000000f0000000,0x00000000f828ec18,0x00000000f8300000)
 Metaspace       used 52460K, capacity 55514K, committed 55680K, reserved 1097728K
  class space    used 6399K, capacity 6939K, committed 7040K, reserved 1048576K
}
{Heap before GC invocations=207 (full 189):
 PSYoungGen      total 62464K, used 43008K [0x00000000f8300000, 0x0000000100000000, 0x0000000100000000)
  eden space 43008K, 100% used [0x00000000f8300000,0x00000000fad00000,0x00000000fad00000)
  from space 19456K, 0% used [0x00000000fed00000,0x00000000fed00000,0x0000000100000000)
  to   space 42496K, 0% used [0x00000000fad00000,0x00000000fad00000,0x00000000fd680000)
 ParOldGen       total 134144K, used 133691K [0x00000000f0000000, 0x00000000f8300000, 0x00000000f8300000)
  object space 134144K, 99% used [0x00000000f0000000,0x00000000f828ec18,0x00000000f8300000)
 Metaspace       used 52460K, capacity 55514K, committed 55680K, reserved 1097728K
  class space    used 6399K, capacity 6939K, committed 7040K, reserved 1048576K
2023-01-17T04:26:02.444+0800: 61.394: [Full GC (Ergonomics) [PSYoungGen: 43008K->7419K(62464K)] [ParOldGen: 133691K->133691K(134144K)] 176699K->141110K(196608K), [Metaspace: 52460K->52460K(1097728K)], 0.1155615 secs] [Times: user=0.30 sys=0.00, real=0.11 secs] 
Heap after GC invocations=207 (full 189):
 PSYoungGen      total 62464K, used 7419K [0x00000000f8300000, 0x0000000100000000, 0x0000000100000000)
  eden space 43008K, 17% used [0x00000000f8300000,0x00000000f8a3ed08,0x00000000fad00000)
  from space 19456K, 0% used [0x00000000fed00000,0x00000000fed00000,0x0000000100000000)
  to   space 42496K, 0% used [0x00000000fad00000,0x00000000fad00000,0x00000000fd680000)
 ParOldGen       total 134144K, used 133691K [0x00000000f0000000, 0x00000000f8300000, 0x00000000f8300000)
  object space 134144K, 99% used [0x00000000f0000000,0x00000000f828ec18,0x00000000f8300000)
 Metaspace       used 52460K, capacity 55514K, committed 55680K, reserved 1097728K
  class space    used 6399K, capacity 6939K, committed 7040K, reserved 1048576K
}
{Heap before GC invocations=208 (full 190):
 PSYoungGen      total 62464K, used 43008K [0x00000000f8300000, 0x0000000100000000, 0x0000000100000000)
  eden space 43008K, 100% used [0x00000000f8300000,0x00000000fad00000,0x00000000fad00000)
  from space 19456K, 0% used [0x00000000fed00000,0x00000000fed00000,0x0000000100000000)
  to   space 42496K, 0% used [0x00000000fad00000,0x00000000fad00000,0x00000000fd680000)
 ParOldGen       total 134144K, used 133691K [0x00000000f0000000, 0x00000000f8300000, 0x00000000f8300000)
  object space 134144K, 99% used [0x00000000f0000000,0x00000000f828ec18,0x00000000f8300000)
 Metaspace       used 52460K, capacity 55514K, committed 55680K, reserved 1097728K
  class space    used 6399K, capacity 6939K, committed 7040K, reserved 1048576K
2023-01-17T04:26:02.605+0800: 61.555: [Full GC (Ergonomics) [PSYoungGen: 43008K->7406K(62464K)] [ParOldGen: 133691K->133691K(134144K)] 176699K->141097K(196608K), [Metaspace: 52460K->52460K(1097728K)], 0.1679637 secs] [Times: user=0.37 sys=0.00, real=0.17 secs] 
Heap after GC invocations=208 (full 190):
 PSYoungGen      total 62464K, used 7406K [0x00000000f8300000, 0x0000000100000000, 0x0000000100000000)
  eden space 43008K, 17% used [0x00000000f8300000,0x00000000f8a3b990,0x00000000fad00000)
  from space 19456K, 0% used [0x00000000fed00000,0x00000000fed00000,0x0000000100000000)
  to   space 42496K, 0% used [0x00000000fad00000,0x00000000fad00000,0x00000000fd680000)
 ParOldGen       total 134144K, used 133691K [0x00000000f0000000, 0x00000000f8300000, 0x00000000f8300000)
  object space 134144K, 99% used [0x00000000f0000000,0x00000000f828ec18,0x00000000f8300000)
 Metaspace       used 52460K, capacity 55514K, committed 55680K, reserved 1097728K
  class space    used 6399K, capacity 6939K, committed 7040K, reserved 1048576K
}
{Heap before GC invocations=209 (full 191):
 PSYoungGen      total 62464K, used 43008K [0x00000000f8300000, 0x0000000100000000, 0x0000000100000000)
  eden space 43008K, 100% used [0x00000000f8300000,0x00000000fad00000,0x00000000fad00000)
  from space 19456K, 0% used [0x00000000fed00000,0x00000000fed00000,0x0000000100000000)
  to   space 42496K, 0% used [0x00000000fad00000,0x00000000fad00000,0x00000000fd680000)
 ParOldGen       total 134144K, used 133691K [0x00000000f0000000, 0x00000000f8300000, 0x00000000f8300000)
  object space 134144K, 99% used [0x00000000f0000000,0x00000000f828ec18,0x00000000f8300000)
 Metaspace       used 52460K, capacity 55514K, committed 55680K, reserved 1097728K
  class space    used 6399K, capacity 6939K, committed 7040K, reserved 1048576K
2023-01-17T04:26:02.829+0800: 61.779: [Full GC (Ergonomics) [PSYoungGen: 43008K->7403K(62464K)] [ParOldGen: 133691K->133691K(134144K)] 176699K->141094K(196608K), [Metaspace: 52460K->52460K(1097728K)], 0.1352979 secs] [Times: user=0.30 sys=0.00, real=0.14 secs] 
Heap after GC invocations=209 (full 191):
 PSYoungGen      total 62464K, used 7403K [0x00000000f8300000, 0x0000000100000000, 0x0000000100000000)
  eden space 43008K, 17% used [0x00000000f8300000,0x00000000f8a3af28,0x00000000fad00000)
  from space 19456K, 0% used [0x00000000fed00000,0x00000000fed00000,0x0000000100000000)
  to   space 42496K, 0% used [0x00000000fad00000,0x00000000fad00000,0x00000000fd680000)
 ParOldGen       total 134144K, used 133691K [0x00000000f0000000, 0x00000000f8300000, 0x00000000f8300000)
  object space 134144K, 99% used [0x00000000f0000000,0x00000000f828ec18,0x00000000f8300000)
 Metaspace       used 52460K, capacity 55514K, committed 55680K, reserved 1097728K
  class space    used 6399K, capacity 6939K, committed 7040K, reserved 1048576K
}
{Heap before GC invocations=210 (full 192):
 PSYoungGen      total 62464K, used 43008K [0x00000000f8300000, 0x0000000100000000, 0x0000000100000000)
  eden space 43008K, 100% used [0x00000000f8300000,0x00000000fad00000,0x00000000fad00000)
  from space 19456K, 0% used [0x00000000fed00000,0x00000000fed00000,0x0000000100000000)
  to   space 42496K, 0% used [0x00000000fad00000,0x00000000fad00000,0x00000000fd680000)
 ParOldGen       total 134144K, used 133691K [0x00000000f0000000, 0x00000000f8300000, 0x00000000f8300000)
  object space 134144K, 99% used [0x00000000f0000000,0x00000000f828ec18,0x00000000f8300000)
 Metaspace       used 52460K, capacity 55514K, committed 55680K, reserved 1097728K
  class space    used 6399K, capacity 6939K, committed 7040K, reserved 1048576K
2023-01-17T04:26:03.010+0800: 61.960: [Full GC (Ergonomics) [PSYoungGen: 43008K->7413K(62464K)] [ParOldGen: 133691K->133691K(134144K)] 176699K->141104K(196608K), [Metaspace: 52460K->52460K(1097728K)], 0.1404374 secs] [Times: user=0.30 sys=0.00, real=0.14 secs] 
Heap after GC invocations=210 (full 192):
 PSYoungGen      total 62464K, used 7413K [0x00000000f8300000, 0x0000000100000000, 0x0000000100000000)
  eden space 43008K, 17% used [0x00000000f8300000,0x00000000f8a3d790,0x00000000fad00000)
  from space 19456K, 0% used [0x00000000fed00000,0x00000000fed00000,0x0000000100000000)
  to   space 42496K, 0% used [0x00000000fad00000,0x00000000fad00000,0x00000000fd680000)
 ParOldGen       total 134144K, used 133691K [0x00000000f0000000, 0x00000000f8300000, 0x00000000f8300000)
  object space 134144K, 99% used [0x00000000f0000000,0x00000000f828ec18,0x00000000f8300000)
 Metaspace       used 52460K, capacity 55514K, committed 55680K, reserved 1097728K
  class space    used 6399K, capacity 6939K, committed 7040K, reserved 1048576K
}
{Heap before GC invocations=211 (full 193):
 PSYoungGen      total 62464K, used 43008K [0x00000000f8300000, 0x0000000100000000, 0x0000000100000000)
  eden space 43008K, 100% used [0x00000000f8300000,0x00000000fad00000,0x00000000fad00000)
  from space 19456K, 0% used [0x00000000fed00000,0x00000000fed00000,0x0000000100000000)
  to   space 42496K, 0% used [0x00000000fad00000,0x00000000fad00000,0x00000000fd680000)
 ParOldGen       total 134144K, used 133691K [0x00000000f0000000, 0x00000000f8300000, 0x00000000f8300000)
  object space 134144K, 99% used [0x00000000f0000000,0x00000000f828ec18,0x00000000f8300000)
 Metaspace       used 52460K, capacity 55514K, committed 55680K, reserved 1097728K
  class space    used 6399K, capacity 6939K, committed 7040K, reserved 1048576K
2023-01-17T04:26:03.209+0800: 62.159: [Full GC (Ergonomics) [PSYoungGen: 43008K->7415K(62464K)] [ParOldGen: 133691K->133691K(134144K)] 176699K->141106K(196608K), [Metaspace: 52460K->52460K(1097728K)], 0.1381292 secs] [Times: user=0.31 sys=0.00, real=0.14 secs] 
Heap after GC invocations=211 (full 193):
 PSYoungGen      total 62464K, used 7415K [0x00000000f8300000, 0x0000000100000000, 0x0000000100000000)
  eden space 43008K, 17% used [0x00000000f8300000,0x00000000f8a3dee8,0x00000000fad00000)
  from space 19456K, 0% used [0x00000000fed00000,0x00000000fed00000,0x0000000100000000)
  to   space 42496K, 0% used [0x00000000fad00000,0x00000000fad00000,0x00000000fd680000)
 ParOldGen       total 134144K, used 133691K [0x00000000f0000000, 0x00000000f8300000, 0x00000000f8300000)
  object space 134144K, 99% used [0x00000000f0000000,0x00000000f828ec18,0x00000000f8300000)
 Metaspace       used 52460K, capacity 55514K, committed 55680K, reserved 1097728K
  class space    used 6399K, capacity 6939K, committed 7040K, reserved 1048576K
}
{Heap before GC invocations=212 (full 194):
 PSYoungGen      total 62464K, used 43008K [0x00000000f8300000, 0x0000000100000000, 0x0000000100000000)
  eden space 43008K, 100% used [0x00000000f8300000,0x00000000fad00000,0x00000000fad00000)
  from space 19456K, 0% used [0x00000000fed00000,0x00000000fed00000,0x0000000100000000)
  to   space 42496K, 0% used [0x00000000fad00000,0x00000000fad00000,0x00000000fd680000)
 ParOldGen       total 134144K, used 133691K [0x00000000f0000000, 0x00000000f8300000, 0x00000000f8300000)
  object space 134144K, 99% used [0x00000000f0000000,0x00000000f828ec18,0x00000000f8300000)
 Metaspace       used 52460K, capacity 55514K, committed 55680K, reserved 1097728K
  class space    used 6399K, capacity 6939K, committed 7040K, reserved 1048576K
2023-01-17T04:26:03.393+0800: 62.343: [Full GC (Ergonomics) [PSYoungGen: 43008K->7407K(62464K)] [ParOldGen: 133691K->133691K(134144K)] 176699K->141098K(196608K), [Metaspace: 52460K->52460K(1097728K)], 0.1388724 secs] [Times: user=0.30 sys=0.00, real=0.14 secs] 
Heap after GC invocations=212 (full 194):
 PSYoungGen      total 62464K, used 7407K [0x00000000f8300000, 0x0000000100000000, 0x0000000100000000)
  eden space 43008K, 17% used [0x00000000f8300000,0x00000000f8a3bdc8,0x00000000fad00000)
  from space 19456K, 0% used [0x00000000fed00000,0x00000000fed00000,0x0000000100000000)
  to   space 42496K, 0% used [0x00000000fad00000,0x00000000fad00000,0x00000000fd680000)
 ParOldGen       total 134144K, used 133691K [0x00000000f0000000, 0x00000000f8300000, 0x00000000f8300000)
  object space 134144K, 99% used [0x00000000f0000000,0x00000000f828ec18,0x00000000f8300000)
 Metaspace       used 52460K, capacity 55514K, committed 55680K, reserved 1097728K
  class space    used 6399K, capacity 6939K, committed 7040K, reserved 1048576K
}
{Heap before GC invocations=213 (full 195):
 PSYoungGen      total 62464K, used 43008K [0x00000000f8300000, 0x0000000100000000, 0x0000000100000000)
  eden space 43008K, 100% used [0x00000000f8300000,0x00000000fad00000,0x00000000fad00000)
  from space 19456K, 0% used [0x00000000fed00000,0x00000000fed00000,0x0000000100000000)
  to   space 42496K, 0% used [0x00000000fad00000,0x00000000fad00000,0x00000000fd680000)
 ParOldGen       total 134144K, used 133691K [0x00000000f0000000, 0x00000000f8300000, 0x00000000f8300000)
  object space 134144K, 99% used [0x00000000f0000000,0x00000000f828ec18,0x00000000f8300000)
 Metaspace       used 52460K, capacity 55514K, committed 55680K, reserved 1097728K
  class space    used 6399K, capacity 6939K, committed 7040K, reserved 1048576K
2023-01-17T04:26:03.590+0800: 62.540: [Full GC (Ergonomics) [PSYoungGen: 43008K->7411K(62464K)] [ParOldGen: 133691K->133691K(134144K)] 176699K->141102K(196608K), [Metaspace: 52460K->52460K(1097728K)], 0.1324720 secs] [Times: user=0.31 sys=0.00, real=0.13 secs] 
Heap after GC invocations=213 (full 195):
 PSYoungGen      total 62464K, used 7411K [0x00000000f8300000, 0x0000000100000000, 0x0000000100000000)
  eden space 43008K, 17% used [0x00000000f8300000,0x00000000f8a3ce60,0x00000000fad00000)
  from space 19456K, 0% used [0x00000000fed00000,0x00000000fed00000,0x0000000100000000)
  to   space 42496K, 0% used [0x00000000fad00000,0x00000000fad00000,0x00000000fd680000)
 ParOldGen       total 134144K, used 133691K [0x00000000f0000000, 0x00000000f8300000, 0x00000000f8300000)
  object space 134144K, 99% used [0x00000000f0000000,0x00000000f828ec18,0x00000000f8300000)
 Metaspace       used 52460K, capacity 55514K, committed 55680K, reserved 1097728K
  class space    used 6399K, capacity 6939K, committed 7040K, reserved 1048576K
}
{Heap before GC invocations=214 (full 196):
 PSYoungGen      total 62464K, used 43008K [0x00000000f8300000, 0x0000000100000000, 0x0000000100000000)
  eden space 43008K, 100% used [0x00000000f8300000,0x00000000fad00000,0x00000000fad00000)
  from space 19456K, 0% used [0x00000000fed00000,0x00000000fed00000,0x0000000100000000)
  to   space 42496K, 0% used [0x00000000fad00000,0x00000000fad00000,0x00000000fd680000)
 ParOldGen       total 134144K, used 133691K [0x00000000f0000000, 0x00000000f8300000, 0x00000000f8300000)
  object space 134144K, 99% used [0x00000000f0000000,0x00000000f828ec18,0x00000000f8300000)
 Metaspace       used 52460K, capacity 55514K, committed 55680K, reserved 1097728K
  class space    used 6399K, capacity 6939K, committed 7040K, reserved 1048576K
2023-01-17T04:26:03.768+0800: 62.718: [Full GC (Ergonomics) [PSYoungGen: 43008K->7407K(62464K)] [ParOldGen: 133691K->133688K(134144K)] 176699K->141096K(196608K), [Metaspace: 52460K->52460K(1097728K)], 0.1218695 secs] [Times: user=0.31 sys=0.00, real=0.13 secs] 
Heap after GC invocations=214 (full 196):
 PSYoungGen      total 62464K, used 7407K [0x00000000f8300000, 0x0000000100000000, 0x0000000100000000)
  eden space 43008K, 17% used [0x00000000f8300000,0x00000000f8a3bf20,0x00000000fad00000)
  from space 19456K, 0% used [0x00000000fed00000,0x00000000fed00000,0x0000000100000000)
  to   space 42496K, 0% used [0x00000000fad00000,0x00000000fad00000,0x00000000fd680000)
 ParOldGen       total 134144K, used 133688K [0x00000000f0000000, 0x00000000f8300000, 0x00000000f8300000)
  object space 134144K, 99% used [0x00000000f0000000,0x00000000f828e3f8,0x00000000f8300000)
 Metaspace       used 52460K, capacity 55514K, committed 55680K, reserved 1097728K
  class space    used 6399K, capacity 6939K, committed 7040K, reserved 1048576K
}
{Heap before GC invocations=215 (full 197):
 PSYoungGen      total 62464K, used 43008K [0x00000000f8300000, 0x0000000100000000, 0x0000000100000000)
  eden space 43008K, 100% used [0x00000000f8300000,0x00000000fad00000,0x00000000fad00000)
  from space 19456K, 0% used [0x00000000fed00000,0x00000000fed00000,0x0000000100000000)
  to   space 42496K, 0% used [0x00000000fad00000,0x00000000fad00000,0x00000000fd680000)
 ParOldGen       total 134144K, used 133688K [0x00000000f0000000, 0x00000000f8300000, 0x00000000f8300000)
  object space 134144K, 99% used [0x00000000f0000000,0x00000000f828e3f8,0x00000000f8300000)
 Metaspace       used 52460K, capacity 55514K, committed 55680K, reserved 1097728K
  class space    used 6399K, capacity 6939K, committed 7040K, reserved 1048576K
2023-01-17T04:26:03.936+0800: 62.886: [Full GC (Ergonomics) [PSYoungGen: 43008K->7396K(62464K)] [ParOldGen: 133688K->133688K(134144K)] 176696K->141085K(196608K), [Metaspace: 52460K->52460K(1097728K)], 0.1182583 secs] [Times: user=0.30 sys=0.00, real=0.12 secs] 
Heap after GC invocations=215 (full 197):
 PSYoungGen      total 62464K, used 7396K [0x00000000f8300000, 0x0000000100000000, 0x0000000100000000)
  eden space 43008K, 17% used [0x00000000f8300000,0x00000000f8a39218,0x00000000fad00000)
  from space 19456K, 0% used [0x00000000fed00000,0x00000000fed00000,0x0000000100000000)
  to   space 42496K, 0% used [0x00000000fad00000,0x00000000fad00000,0x00000000fd680000)
 ParOldGen       total 134144K, used 133688K [0x00000000f0000000, 0x00000000f8300000, 0x00000000f8300000)
  object space 134144K, 99% used [0x00000000f0000000,0x00000000f828e3f8,0x00000000f8300000)
 Metaspace       used 52460K, capacity 55514K, committed 55680K, reserved 1097728K
  class space    used 6399K, capacity 6939K, committed 7040K, reserved 1048576K
}
{Heap before GC invocations=216 (full 198):
 PSYoungGen      total 62464K, used 43008K [0x00000000f8300000, 0x0000000100000000, 0x0000000100000000)
  eden space 43008K, 100% used [0x00000000f8300000,0x00000000fad00000,0x00000000fad00000)
  from space 19456K, 0% used [0x00000000fed00000,0x00000000fed00000,0x0000000100000000)
  to   space 42496K, 0% used [0x00000000fad00000,0x00000000fad00000,0x00000000fd680000)
 ParOldGen       total 134144K, used 133688K [0x00000000f0000000, 0x00000000f8300000, 0x00000000f8300000)
  object space 134144K, 99% used [0x00000000f0000000,0x00000000f828e3f8,0x00000000f8300000)
 Metaspace       used 52460K, capacity 55514K, committed 55680K, reserved 1097728K
  class space    used 6399K, capacity 6939K, committed 7040K, reserved 1048576K
2023-01-17T04:26:04.100+0800: 63.050: [Full GC (Ergonomics) [PSYoungGen: 43008K->7431K(62464K)] [ParOldGen: 133688K->133688K(134144K)] 176696K->141120K(196608K), [Metaspace: 52460K->52460K(1097728K)], 0.1249599 secs] [Times: user=0.30 sys=0.00, real=0.12 secs] 
Heap after GC invocations=216 (full 198):
 PSYoungGen      total 62464K, used 7431K [0x00000000f8300000, 0x0000000100000000, 0x0000000100000000)
  eden space 43008K, 17% used [0x00000000f8300000,0x00000000f8a41ee8,0x00000000fad00000)
  from space 19456K, 0% used [0x00000000fed00000,0x00000000fed00000,0x0000000100000000)
  to   space 42496K, 0% used [0x00000000fad00000,0x00000000fad00000,0x00000000fd680000)
 ParOldGen       total 134144K, used 133688K [0x00000000f0000000, 0x00000000f8300000, 0x00000000f8300000)
  object space 134144K, 99% used [0x00000000f0000000,0x00000000f828e3f8,0x00000000f8300000)
 Metaspace       used 52460K, capacity 55514K, committed 55680K, reserved 1097728K
  class space    used 6399K, capacity 6939K, committed 7040K, reserved 1048576K
}
{Heap before GC invocations=217 (full 199):
 PSYoungGen      total 62464K, used 43008K [0x00000000f8300000, 0x0000000100000000, 0x0000000100000000)
  eden space 43008K, 100% used [0x00000000f8300000,0x00000000fad00000,0x00000000fad00000)
  from space 19456K, 0% used [0x00000000fed00000,0x00000000fed00000,0x0000000100000000)
  to   space 42496K, 0% used [0x00000000fad00000,0x00000000fad00000,0x00000000fd680000)
 ParOldGen       total 134144K, used 133688K [0x00000000f0000000, 0x00000000f8300000, 0x00000000f8300000)
  object space 134144K, 99% used [0x00000000f0000000,0x00000000f828e3f8,0x00000000f8300000)
 Metaspace       used 52460K, capacity 55514K, committed 55680K, reserved 1097728K
  class space    used 6399K, capacity 6939K, committed 7040K, reserved 1048576K
2023-01-17T04:26:04.281+0800: 63.230: [Full GC (Ergonomics) [PSYoungGen: 43008K->7414K(62464K)] [ParOldGen: 133688K->133688K(134144K)] 176696K->141103K(196608K), [Metaspace: 52460K->52460K(1097728K)], 0.1780909 secs] [Times: user=0.32 sys=0.00, real=0.17 secs] 
Heap after GC invocations=217 (full 199):
 PSYoungGen      total 62464K, used 7414K [0x00000000f8300000, 0x0000000100000000, 0x0000000100000000)
  eden space 43008K, 17% used [0x00000000f8300000,0x00000000f8a3d920,0x00000000fad00000)
  from space 19456K, 0% used [0x00000000fed00000,0x00000000fed00000,0x0000000100000000)
  to   space 42496K, 0% used [0x00000000fad00000,0x00000000fad00000,0x00000000fd680000)
 ParOldGen       total 134144K, used 133688K [0x00000000f0000000, 0x00000000f8300000, 0x00000000f8300000)
  object space 134144K, 99% used [0x00000000f0000000,0x00000000f828e3f8,0x00000000f8300000)
 Metaspace       used 52460K, capacity 55514K, committed 55680K, reserved 1097728K
  class space    used 6399K, capacity 6939K, committed 7040K, reserved 1048576K
}
{Heap before GC invocations=218 (full 200):
 PSYoungGen      total 62464K, used 43008K [0x00000000f8300000, 0x0000000100000000, 0x0000000100000000)
  eden space 43008K, 100% used [0x00000000f8300000,0x00000000fad00000,0x00000000fad00000)
  from space 19456K, 0% used [0x00000000fed00000,0x00000000fed00000,0x0000000100000000)
  to   space 42496K, 0% used [0x00000000fad00000,0x00000000fad00000,0x00000000fd680000)
 ParOldGen       total 134144K, used 133688K [0x00000000f0000000, 0x00000000f8300000, 0x00000000f8300000)
  object space 134144K, 99% used [0x00000000f0000000,0x00000000f828e3f8,0x00000000f8300000)
 Metaspace       used 52460K, capacity 55514K, committed 55680K, reserved 1097728K
  class space    used 6399K, capacity 6939K, committed 7040K, reserved 1048576K
2023-01-17T04:26:04.514+0800: 63.464: [Full GC (Ergonomics) [PSYoungGen: 43008K->7408K(62464K)] [ParOldGen: 133688K->133688K(134144K)] 176696K->141097K(196608K), [Metaspace: 52460K->52460K(1097728K)], 0.1164057 secs] [Times: user=0.29 sys=0.00, real=0.12 secs] 
Heap after GC invocations=218 (full 200):
 PSYoungGen      total 62464K, used 7408K [0x00000000f8300000, 0x0000000100000000, 0x0000000100000000)
  eden space 43008K, 17% used [0x00000000f8300000,0x00000000f8a3c060,0x00000000fad00000)
  from space 19456K, 0% used [0x00000000fed00000,0x00000000fed00000,0x0000000100000000)
  to   space 42496K, 0% used [0x00000000fad00000,0x00000000fad00000,0x00000000fd680000)
 ParOldGen       total 134144K, used 133688K [0x00000000f0000000, 0x00000000f8300000, 0x00000000f8300000)
  object space 134144K, 99% used [0x00000000f0000000,0x00000000f828e3f8,0x00000000f8300000)
 Metaspace       used 52460K, capacity 55514K, committed 55680K, reserved 1097728K
  class space    used 6399K, capacity 6939K, committed 7040K, reserved 1048576K
}
{Heap before GC invocations=219 (full 201):
 PSYoungGen      total 62464K, used 43008K [0x00000000f8300000, 0x0000000100000000, 0x0000000100000000)
  eden space 43008K, 100% used [0x00000000f8300000,0x00000000fad00000,0x00000000fad00000)
  from space 19456K, 0% used [0x00000000fed00000,0x00000000fed00000,0x0000000100000000)
  to   space 42496K, 0% used [0x00000000fad00000,0x00000000fad00000,0x00000000fd680000)
 ParOldGen       total 134144K, used 133688K [0x00000000f0000000, 0x00000000f8300000, 0x00000000f8300000)
  object space 134144K, 99% used [0x00000000f0000000,0x00000000f828e3f8,0x00000000f8300000)
 Metaspace       used 52460K, capacity 55514K, committed 55680K, reserved 1097728K
  class space    used 6399K, capacity 6939K, committed 7040K, reserved 1048576K
2023-01-17T04:26:04.676+0800: 63.626: [Full GC (Ergonomics) [PSYoungGen: 43008K->7423K(62464K)] [ParOldGen: 133688K->133688K(134144K)] 176696K->141112K(196608K), [Metaspace: 52460K->52460K(1097728K)], 0.1237080 secs] [Times: user=0.33 sys=0.00, real=0.13 secs] 
Heap after GC invocations=219 (full 201):
 PSYoungGen      total 62464K, used 7423K [0x00000000f8300000, 0x0000000100000000, 0x0000000100000000)
  eden space 43008K, 17% used [0x00000000f8300000,0x00000000f8a3fda8,0x00000000fad00000)
  from space 19456K, 0% used [0x00000000fed00000,0x00000000fed00000,0x0000000100000000)
  to   space 42496K, 0% used [0x00000000fad00000,0x00000000fad00000,0x00000000fd680000)
 ParOldGen       total 134144K, used 133688K [0x00000000f0000000, 0x00000000f8300000, 0x00000000f8300000)
  object space 134144K, 99% used [0x00000000f0000000,0x00000000f828e398,0x00000000f8300000)
 Metaspace       used 52460K, capacity 55514K, committed 55680K, reserved 1097728K
  class space    used 6399K, capacity 6939K, committed 7040K, reserved 1048576K
}
{Heap before GC invocations=220 (full 202):
 PSYoungGen      total 62464K, used 43008K [0x00000000f8300000, 0x0000000100000000, 0x0000000100000000)
  eden space 43008K, 100% used [0x00000000f8300000,0x00000000fad00000,0x00000000fad00000)
  from space 19456K, 0% used [0x00000000fed00000,0x00000000fed00000,0x0000000100000000)
  to   space 42496K, 0% used [0x00000000fad00000,0x00000000fad00000,0x00000000fd680000)
 ParOldGen       total 134144K, used 133688K [0x00000000f0000000, 0x00000000f8300000, 0x00000000f8300000)
  object space 134144K, 99% used [0x00000000f0000000,0x00000000f828e398,0x00000000f8300000)
 Metaspace       used 52461K, capacity 55514K, committed 55680K, reserved 1097728K
  class space    used 6399K, capacity 6939K, committed 7040K, reserved 1048576K
2023-01-17T04:26:04.855+0800: 63.805: [Full GC (Ergonomics) [PSYoungGen: 43008K->7417K(62464K)] [ParOldGen: 133688K->133688K(134144K)] 176696K->141106K(196608K), [Metaspace: 52461K->52461K(1097728K)], 0.1243493 secs] [Times: user=0.30 sys=0.00, real=0.12 secs] 
Heap after GC invocations=220 (full 202):
 PSYoungGen      total 62464K, used 7417K [0x00000000f8300000, 0x0000000100000000, 0x0000000100000000)
  eden space 43008K, 17% used [0x00000000f8300000,0x00000000f8a3e4d8,0x00000000fad00000)
  from space 19456K, 0% used [0x00000000fed00000,0x00000000fed00000,0x0000000100000000)
  to   space 42496K, 0% used [0x00000000fad00000,0x00000000fad00000,0x00000000fd680000)
 ParOldGen       total 134144K, used 133688K [0x00000000f0000000, 0x00000000f8300000, 0x00000000f8300000)
  object space 134144K, 99% used [0x00000000f0000000,0x00000000f828e398,0x00000000f8300000)
 Metaspace       used 52461K, capacity 55514K, committed 55680K, reserved 1097728K
  class space    used 6399K, capacity 6939K, committed 7040K, reserved 1048576K
}
{Heap before GC invocations=221 (full 203):
 PSYoungGen      total 62464K, used 43008K [0x00000000f8300000, 0x0000000100000000, 0x0000000100000000)
  eden space 43008K, 100% used [0x00000000f8300000,0x00000000fad00000,0x00000000fad00000)
  from space 19456K, 0% used [0x00000000fed00000,0x00000000fed00000,0x0000000100000000)
  to   space 42496K, 0% used [0x00000000fad00000,0x00000000fad00000,0x00000000fd680000)
 ParOldGen       total 134144K, used 133688K [0x00000000f0000000, 0x00000000f8300000, 0x00000000f8300000)
  object space 134144K, 99% used [0x00000000f0000000,0x00000000f828e398,0x00000000f8300000)
 Metaspace       used 52462K, capacity 55514K, committed 55680K, reserved 1097728K
  class space    used 6399K, capacity 6939K, committed 7040K, reserved 1048576K
2023-01-17T04:26:05.038+0800: 63.987: [Full GC (Ergonomics) [PSYoungGen: 43008K->7414K(62464K)] [ParOldGen: 133688K->133688K(134144K)] 176696K->141103K(196608K), [Metaspace: 52462K->52462K(1097728K)], 0.1457326 secs] [Times: user=0.32 sys=0.00, real=0.15 secs] 
Heap after GC invocations=221 (full 203):
 PSYoungGen      total 62464K, used 7414K [0x00000000f8300000, 0x0000000100000000, 0x0000000100000000)
  eden space 43008K, 17% used [0x00000000f8300000,0x00000000f8a3d868,0x00000000fad00000)
  from space 19456K, 0% used [0x00000000fed00000,0x00000000fed00000,0x0000000100000000)
  to   space 42496K, 0% used [0x00000000fad00000,0x00000000fad00000,0x00000000fd680000)
 ParOldGen       total 134144K, used 133688K [0x00000000f0000000, 0x00000000f8300000, 0x00000000f8300000)
  object space 134144K, 99% used [0x00000000f0000000,0x00000000f828e398,0x00000000f8300000)
 Metaspace       used 52462K, capacity 55514K, committed 55680K, reserved 1097728K
  class space    used 6399K, capacity 6939K, committed 7040K, reserved 1048576K
}
{Heap before GC invocations=222 (full 204):
 PSYoungGen      total 62464K, used 43008K [0x00000000f8300000, 0x0000000100000000, 0x0000000100000000)
  eden space 43008K, 100% used [0x00000000f8300000,0x00000000fad00000,0x00000000fad00000)
  from space 19456K, 0% used [0x00000000fed00000,0x00000000fed00000,0x0000000100000000)
  to   space 42496K, 0% used [0x00000000fad00000,0x00000000fad00000,0x00000000fd680000)
 ParOldGen       total 134144K, used 133688K [0x00000000f0000000, 0x00000000f8300000, 0x00000000f8300000)
  object space 134144K, 99% used [0x00000000f0000000,0x00000000f828e398,0x00000000f8300000)
 Metaspace       used 52462K, capacity 55514K, committed 55680K, reserved 1097728K
  class space    used 6399K, capacity 6939K, committed 7040K, reserved 1048576K
2023-01-17T04:26:05.235+0800: 64.185: [Full GC (Ergonomics) [PSYoungGen: 43008K->7413K(62464K)] [ParOldGen: 133688K->133688K(134144K)] 176696K->141102K(196608K), [Metaspace: 52462K->52462K(1097728K)], 0.1140579 secs] [Times: user=0.30 sys=0.00, real=0.11 secs] 
Heap after GC invocations=222 (full 204):
 PSYoungGen      total 62464K, used 7413K [0x00000000f8300000, 0x0000000100000000, 0x0000000100000000)
  eden space 43008K, 17% used [0x00000000f8300000,0x00000000f8a3d480,0x00000000fad00000)
  from space 19456K, 0% used [0x00000000fed00000,0x00000000fed00000,0x0000000100000000)
  to   space 42496K, 0% used [0x00000000fad00000,0x00000000fad00000,0x00000000fd680000)
 ParOldGen       total 134144K, used 133688K [0x00000000f0000000, 0x00000000f8300000, 0x00000000f8300000)
  object space 134144K, 99% used [0x00000000f0000000,0x00000000f828e398,0x00000000f8300000)
 Metaspace       used 52462K, capacity 55514K, committed 55680K, reserved 1097728K
  class space    used 6399K, capacity 6939K, committed 7040K, reserved 1048576K
}
{Heap before GC invocations=223 (full 205):
 PSYoungGen      total 62464K, used 43008K [0x00000000f8300000, 0x0000000100000000, 0x0000000100000000)
  eden space 43008K, 100% used [0x00000000f8300000,0x00000000fad00000,0x00000000fad00000)
  from space 19456K, 0% used [0x00000000fed00000,0x00000000fed00000,0x0000000100000000)
  to   space 42496K, 0% used [0x00000000fad00000,0x00000000fad00000,0x00000000fd680000)
 ParOldGen       total 134144K, used 133688K [0x00000000f0000000, 0x00000000f8300000, 0x00000000f8300000)
  object space 134144K, 99% used [0x00000000f0000000,0x00000000f828e398,0x00000000f8300000)
 Metaspace       used 52462K, capacity 55514K, committed 55680K, reserved 1097728K
  class space    used 6399K, capacity 6939K, committed 7040K, reserved 1048576K
2023-01-17T04:26:05.395+0800: 64.345: [Full GC (Ergonomics) [PSYoungGen: 43008K->7415K(62464K)] [ParOldGen: 133688K->133688K(134144K)] 176696K->141104K(196608K), [Metaspace: 52462K->52462K(1097728K)], 0.1292127 secs] [Times: user=0.34 sys=0.00, real=0.13 secs] 
Heap after GC invocations=223 (full 205):
 PSYoungGen      total 62464K, used 7415K [0x00000000f8300000, 0x0000000100000000, 0x0000000100000000)
  eden space 43008K, 17% used [0x00000000f8300000,0x00000000f8a3dfb8,0x00000000fad00000)
  from space 19456K, 0% used [0x00000000fed00000,0x00000000fed00000,0x0000000100000000)
  to   space 42496K, 0% used [0x00000000fad00000,0x00000000fad00000,0x00000000fd680000)
 ParOldGen       total 134144K, used 133688K [0x00000000f0000000, 0x00000000f8300000, 0x00000000f8300000)
  object space 134144K, 99% used [0x00000000f0000000,0x00000000f828e398,0x00000000f8300000)
 Metaspace       used 52462K, capacity 55514K, committed 55680K, reserved 1097728K
  class space    used 6399K, capacity 6939K, committed 7040K, reserved 1048576K
}
{Heap before GC invocations=224 (full 206):
 PSYoungGen      total 62464K, used 43008K [0x00000000f8300000, 0x0000000100000000, 0x0000000100000000)
  eden space 43008K, 100% used [0x00000000f8300000,0x00000000fad00000,0x00000000fad00000)
  from space 19456K, 0% used [0x00000000fed00000,0x00000000fed00000,0x0000000100000000)
  to   space 42496K, 0% used [0x00000000fad00000,0x00000000fad00000,0x00000000fd680000)
 ParOldGen       total 134144K, used 133688K [0x00000000f0000000, 0x00000000f8300000, 0x00000000f8300000)
  object space 134144K, 99% used [0x00000000f0000000,0x00000000f828e398,0x00000000f8300000)
 Metaspace       used 52462K, capacity 55514K, committed 55680K, reserved 1097728K
  class space    used 6399K, capacity 6939K, committed 7040K, reserved 1048576K
2023-01-17T04:26:05.583+0800: 64.533: [Full GC (Ergonomics) [PSYoungGen: 43008K->7426K(62464K)] [ParOldGen: 133688K->133688K(134144K)] 176696K->141115K(196608K), [Metaspace: 52462K->52462K(1097728K)], 0.1443996 secs] [Times: user=0.31 sys=0.00, real=0.14 secs] 
Heap after GC invocations=224 (full 206):
 PSYoungGen      total 62464K, used 7426K [0x00000000f8300000, 0x0000000100000000, 0x0000000100000000)
  eden space 43008K, 17% used [0x00000000f8300000,0x00000000f8a40b28,0x00000000fad00000)
  from space 19456K, 0% used [0x00000000fed00000,0x00000000fed00000,0x0000000100000000)
  to   space 42496K, 0% used [0x00000000fad00000,0x00000000fad00000,0x00000000fd680000)
 ParOldGen       total 134144K, used 133688K [0x00000000f0000000, 0x00000000f8300000, 0x00000000f8300000)
  object space 134144K, 99% used [0x00000000f0000000,0x00000000f828e398,0x00000000f8300000)
 Metaspace       used 52462K, capacity 55514K, committed 55680K, reserved 1097728K
  class space    used 6399K, capacity 6939K, committed 7040K, reserved 1048576K
}
{Heap before GC invocations=225 (full 207):
 PSYoungGen      total 62464K, used 43008K [0x00000000f8300000, 0x0000000100000000, 0x0000000100000000)
  eden space 43008K, 100% used [0x00000000f8300000,0x00000000fad00000,0x00000000fad00000)
  from space 19456K, 0% used [0x00000000fed00000,0x00000000fed00000,0x0000000100000000)
  to   space 42496K, 0% used [0x00000000fad00000,0x00000000fad00000,0x00000000fd680000)
 ParOldGen       total 134144K, used 133688K [0x00000000f0000000, 0x00000000f8300000, 0x00000000f8300000)
  object space 134144K, 99% used [0x00000000f0000000,0x00000000f828e398,0x00000000f8300000)
 Metaspace       used 52462K, capacity 55514K, committed 55680K, reserved 1097728K
  class space    used 6399K, capacity 6939K, committed 7040K, reserved 1048576K
2023-01-17T04:26:05.791+0800: 64.741: [Full GC (Ergonomics) [PSYoungGen: 43008K->7404K(62464K)] [ParOldGen: 133688K->133688K(134144K)] 176696K->141093K(196608K), [Metaspace: 52462K->52462K(1097728K)], 0.1378276 secs] [Times: user=0.31 sys=0.00, real=0.13 secs] 
Heap after GC invocations=225 (full 207):
 PSYoungGen      total 62464K, used 7404K [0x00000000f8300000, 0x0000000100000000, 0x0000000100000000)
  eden space 43008K, 17% used [0x00000000f8300000,0x00000000f8a3b198,0x00000000fad00000)
  from space 19456K, 0% used [0x00000000fed00000,0x00000000fed00000,0x0000000100000000)
  to   space 42496K, 0% used [0x00000000fad00000,0x00000000fad00000,0x00000000fd680000)
 ParOldGen       total 134144K, used 133688K [0x00000000f0000000, 0x00000000f8300000, 0x00000000f8300000)
  object space 134144K, 99% used [0x00000000f0000000,0x00000000f828e398,0x00000000f8300000)
 Metaspace       used 52462K, capacity 55514K, committed 55680K, reserved 1097728K
  class space    used 6399K, capacity 6939K, committed 7040K, reserved 1048576K
}
{Heap before GC invocations=226 (full 208):
 PSYoungGen      total 62464K, used 43008K [0x00000000f8300000, 0x0000000100000000, 0x0000000100000000)
  eden space 43008K, 100% used [0x00000000f8300000,0x00000000fad00000,0x00000000fad00000)
  from space 19456K, 0% used [0x00000000fed00000,0x00000000fed00000,0x0000000100000000)
  to   space 42496K, 0% used [0x00000000fad00000,0x00000000fad00000,0x00000000fd680000)
 ParOldGen       total 134144K, used 133688K [0x00000000f0000000, 0x00000000f8300000, 0x00000000f8300000)
  object space 134144K, 99% used [0x00000000f0000000,0x00000000f828e398,0x00000000f8300000)
 Metaspace       used 52462K, capacity 55514K, committed 55680K, reserved 1097728K
  class space    used 6399K, capacity 6939K, committed 7040K, reserved 1048576K
2023-01-17T04:26:05.991+0800: 64.941: [Full GC (Ergonomics) [PSYoungGen: 43008K->7397K(62464K)] [ParOldGen: 133688K->133688K(134144K)] 176696K->141086K(196608K), [Metaspace: 52462K->52462K(1097728K)], 0.1368212 secs] [Times: user=0.36 sys=0.00, real=0.13 secs] 
Heap after GC invocations=226 (full 208):
 PSYoungGen      total 62464K, used 7397K [0x00000000f8300000, 0x0000000100000000, 0x0000000100000000)
  eden space 43008K, 17% used [0x00000000f8300000,0x00000000f8a39558,0x00000000fad00000)
  from space 19456K, 0% used [0x00000000fed00000,0x00000000fed00000,0x0000000100000000)
  to   space 42496K, 0% used [0x00000000fad00000,0x00000000fad00000,0x00000000fd680000)
 ParOldGen       total 134144K, used 133688K [0x00000000f0000000, 0x00000000f8300000, 0x00000000f8300000)
  object space 134144K, 99% used [0x00000000f0000000,0x00000000f828e398,0x00000000f8300000)
 Metaspace       used 52462K, capacity 55514K, committed 55680K, reserved 1097728K
  class space    used 6399K, capacity 6939K, committed 7040K, reserved 1048576K
}
{Heap before GC invocations=227 (full 209):
 PSYoungGen      total 62464K, used 43008K [0x00000000f8300000, 0x0000000100000000, 0x0000000100000000)
  eden space 43008K, 100% used [0x00000000f8300000,0x00000000fad00000,0x00000000fad00000)
  from space 19456K, 0% used [0x00000000fed00000,0x00000000fed00000,0x0000000100000000)
  to   space 42496K, 0% used [0x00000000fad00000,0x00000000fad00000,0x00000000fd680000)
 ParOldGen       total 134144K, used 133688K [0x00000000f0000000, 0x00000000f8300000, 0x00000000f8300000)
  object space 134144K, 99% used [0x00000000f0000000,0x00000000f828e398,0x00000000f8300000)
 Metaspace       used 52462K, capacity 55514K, committed 55680K, reserved 1097728K
  class space    used 6399K, capacity 6939K, committed 7040K, reserved 1048576K
2023-01-17T04:26:06.175+0800: 65.125: [Full GC (Ergonomics) [PSYoungGen: 43008K->7393K(62464K)] [ParOldGen: 133688K->133688K(134144K)] 176696K->141082K(196608K), [Metaspace: 52462K->52462K(1097728K)], 0.1169261 secs] [Times: user=0.30 sys=0.00, real=0.12 secs] 
Heap after GC invocations=227 (full 209):
 PSYoungGen      total 62464K, used 7393K [0x00000000f8300000, 0x0000000100000000, 0x0000000100000000)
  eden space 43008K, 17% used [0x00000000f8300000,0x00000000f8a387f8,0x00000000fad00000)
  from space 19456K, 0% used [0x00000000fed00000,0x00000000fed00000,0x0000000100000000)
  to   space 42496K, 0% used [0x00000000fad00000,0x00000000fad00000,0x00000000fd680000)
 ParOldGen       total 134144K, used 133688K [0x00000000f0000000, 0x00000000f8300000, 0x00000000f8300000)
  object space 134144K, 99% used [0x00000000f0000000,0x00000000f828e398,0x00000000f8300000)
 Metaspace       used 52462K, capacity 55514K, committed 55680K, reserved 1097728K
  class space    used 6399K, capacity 6939K, committed 7040K, reserved 1048576K
}
{Heap before GC invocations=228 (full 210):
 PSYoungGen      total 62464K, used 43008K [0x00000000f8300000, 0x0000000100000000, 0x0000000100000000)
  eden space 43008K, 100% used [0x00000000f8300000,0x00000000fad00000,0x00000000fad00000)
  from space 19456K, 0% used [0x00000000fed00000,0x00000000fed00000,0x0000000100000000)
  to   space 42496K, 0% used [0x00000000fad00000,0x00000000fad00000,0x00000000fd680000)
 ParOldGen       total 134144K, used 133688K [0x00000000f0000000, 0x00000000f8300000, 0x00000000f8300000)
  object space 134144K, 99% used [0x00000000f0000000,0x00000000f828e398,0x00000000f8300000)
 Metaspace       used 52463K, capacity 55514K, committed 55680K, reserved 1097728K
  class space    used 6399K, capacity 6939K, committed 7040K, reserved 1048576K
2023-01-17T04:26:06.340+0800: 65.290: [Full GC (Ergonomics) [PSYoungGen: 43008K->7396K(62464K)] [ParOldGen: 133688K->133688K(134144K)] 176696K->141085K(196608K), [Metaspace: 52463K->52463K(1097728K)], 0.1181256 secs] [Times: user=0.31 sys=0.00, real=0.11 secs] 
Heap after GC invocations=228 (full 210):
 PSYoungGen      total 62464K, used 7396K [0x00000000f8300000, 0x0000000100000000, 0x0000000100000000)
  eden space 43008K, 17% used [0x00000000f8300000,0x00000000f8a393f8,0x00000000fad00000)
  from space 19456K, 0% used [0x00000000fed00000,0x00000000fed00000,0x0000000100000000)
  to   space 42496K, 0% used [0x00000000fad00000,0x00000000fad00000,0x00000000fd680000)
 ParOldGen       total 134144K, used 133688K [0x00000000f0000000, 0x00000000f8300000, 0x00000000f8300000)
  object space 134144K, 99% used [0x00000000f0000000,0x00000000f828e398,0x00000000f8300000)
 Metaspace       used 52463K, capacity 55514K, committed 55680K, reserved 1097728K
  class space    used 6399K, capacity 6939K, committed 7040K, reserved 1048576K
}
{Heap before GC invocations=229 (full 211):
 PSYoungGen      total 62464K, used 43007K [0x00000000f8300000, 0x0000000100000000, 0x0000000100000000)
  eden space 43008K, 99% used [0x00000000f8300000,0x00000000facfffe8,0x00000000fad00000)
  from space 19456K, 0% used [0x00000000fed00000,0x00000000fed00000,0x0000000100000000)
  to   space 42496K, 0% used [0x00000000fad00000,0x00000000fad00000,0x00000000fd680000)
 ParOldGen       total 134144K, used 133688K [0x00000000f0000000, 0x00000000f8300000, 0x00000000f8300000)
  object space 134144K, 99% used [0x00000000f0000000,0x00000000f828e398,0x00000000f8300000)
 Metaspace       used 52463K, capacity 55514K, committed 55680K, reserved 1097728K
  class space    used 6399K, capacity 6939K, committed 7040K, reserved 1048576K
2023-01-17T04:26:06.504+0800: 65.453: [Full GC (Ergonomics) [PSYoungGen: 43007K->7419K(62464K)] [ParOldGen: 133688K->133688K(134144K)] 176696K->141108K(196608K), [Metaspace: 52463K->52463K(1097728K)], 0.1684522 secs] [Times: user=0.35 sys=0.01, real=0.17 secs] 
Heap after GC invocations=229 (full 211):
 PSYoungGen      total 62464K, used 7419K [0x00000000f8300000, 0x0000000100000000, 0x0000000100000000)
  eden space 43008K, 17% used [0x00000000f8300000,0x00000000f8a3ee98,0x00000000fad00000)
  from space 19456K, 0% used [0x00000000fed00000,0x00000000fed00000,0x0000000100000000)
  to   space 42496K, 0% used [0x00000000fad00000,0x00000000fad00000,0x00000000fd680000)
 ParOldGen       total 134144K, used 133688K [0x00000000f0000000, 0x00000000f8300000, 0x00000000f8300000)
  object space 134144K, 99% used [0x00000000f0000000,0x00000000f828e398,0x00000000f8300000)
 Metaspace       used 52463K, capacity 55514K, committed 55680K, reserved 1097728K
  class space    used 6399K, capacity 6939K, committed 7040K, reserved 1048576K
}
{Heap before GC invocations=230 (full 212):
 PSYoungGen      total 62464K, used 43008K [0x00000000f8300000, 0x0000000100000000, 0x0000000100000000)
  eden space 43008K, 100% used [0x00000000f8300000,0x00000000fad00000,0x00000000fad00000)
  from space 19456K, 0% used [0x00000000fed00000,0x00000000fed00000,0x0000000100000000)
  to   space 42496K, 0% used [0x00000000fad00000,0x00000000fad00000,0x00000000fd680000)
 ParOldGen       total 134144K, used 133688K [0x00000000f0000000, 0x00000000f8300000, 0x00000000f8300000)
  object space 134144K, 99% used [0x00000000f0000000,0x00000000f828e398,0x00000000f8300000)
 Metaspace       used 52463K, capacity 55514K, committed 55680K, reserved 1097728K
  class space    used 6399K, capacity 6939K, committed 7040K, reserved 1048576K
2023-01-17T04:26:06.729+0800: 65.679: [Full GC (Ergonomics) [PSYoungGen: 43008K->7408K(62464K)] [ParOldGen: 133688K->133688K(134144K)] 176696K->141097K(196608K), [Metaspace: 52463K->52463K(1097728K)], 0.1401841 secs] [Times: user=0.31 sys=0.00, real=0.14 secs] 
Heap after GC invocations=230 (full 212):
 PSYoungGen      total 62464K, used 7408K [0x00000000f8300000, 0x0000000100000000, 0x0000000100000000)
  eden space 43008K, 17% used [0x00000000f8300000,0x00000000f8a3c1b0,0x00000000fad00000)
  from space 19456K, 0% used [0x00000000fed00000,0x00000000fed00000,0x0000000100000000)
  to   space 42496K, 0% used [0x00000000fad00000,0x00000000fad00000,0x00000000fd680000)
 ParOldGen       total 134144K, used 133688K [0x00000000f0000000, 0x00000000f8300000, 0x00000000f8300000)
  object space 134144K, 99% used [0x00000000f0000000,0x00000000f828e398,0x00000000f8300000)
 Metaspace       used 52463K, capacity 55514K, committed 55680K, reserved 1097728K
  class space    used 6399K, capacity 6939K, committed 7040K, reserved 1048576K
}
{Heap before GC invocations=231 (full 213):
 PSYoungGen      total 62464K, used 43008K [0x00000000f8300000, 0x0000000100000000, 0x0000000100000000)
  eden space 43008K, 100% used [0x00000000f8300000,0x00000000fad00000,0x00000000fad00000)
  from space 19456K, 0% used [0x00000000fed00000,0x00000000fed00000,0x0000000100000000)
  to   space 42496K, 0% used [0x00000000fad00000,0x00000000fad00000,0x00000000fd680000)
 ParOldGen       total 134144K, used 133688K [0x00000000f0000000, 0x00000000f8300000, 0x00000000f8300000)
  object space 134144K, 99% used [0x00000000f0000000,0x00000000f828e398,0x00000000f8300000)
 Metaspace       used 52463K, capacity 55514K, committed 55680K, reserved 1097728K
  class space    used 6399K, capacity 6939K, committed 7040K, reserved 1048576K
2023-01-17T04:26:06.926+0800: 65.875: [Full GC (Ergonomics) [PSYoungGen: 43008K->7403K(62464K)] [ParOldGen: 133688K->133688K(134144K)] 176696K->141092K(196608K), [Metaspace: 52463K->52463K(1097728K)], 0.1282705 secs] [Times: user=0.31 sys=0.00, real=0.13 secs] 
Heap after GC invocations=231 (full 213):
 PSYoungGen      total 62464K, used 7403K [0x00000000f8300000, 0x0000000100000000, 0x0000000100000000)
  eden space 43008K, 17% used [0x00000000f8300000,0x00000000f8a3af08,0x00000000fad00000)
  from space 19456K, 0% used [0x00000000fed00000,0x00000000fed00000,0x0000000100000000)
  to   space 42496K, 0% used [0x00000000fad00000,0x00000000fad00000,0x00000000fd680000)
 ParOldGen       total 134144K, used 133688K [0x00000000f0000000, 0x00000000f8300000, 0x00000000f8300000)
  object space 134144K, 99% used [0x00000000f0000000,0x00000000f828e398,0x00000000f8300000)
 Metaspace       used 52463K, capacity 55514K, committed 55680K, reserved 1097728K
  class space    used 6399K, capacity 6939K, committed 7040K, reserved 1048576K
}
{Heap before GC invocations=232 (full 214):
 PSYoungGen      total 62464K, used 43008K [0x00000000f8300000, 0x0000000100000000, 0x0000000100000000)
  eden space 43008K, 100% used [0x00000000f8300000,0x00000000fad00000,0x00000000fad00000)
  from space 19456K, 0% used [0x00000000fed00000,0x00000000fed00000,0x0000000100000000)
  to   space 42496K, 0% used [0x00000000fad00000,0x00000000fad00000,0x00000000fd680000)
 ParOldGen       total 134144K, used 133688K [0x00000000f0000000, 0x00000000f8300000, 0x00000000f8300000)
  object space 134144K, 99% used [0x00000000f0000000,0x00000000f828e398,0x00000000f8300000)
 Metaspace       used 52463K, capacity 55514K, committed 55680K, reserved 1097728K
  class space    used 6399K, capacity 6939K, committed 7040K, reserved 1048576K
2023-01-17T04:26:07.100+0800: 66.050: [Full GC (Ergonomics) [PSYoungGen: 43008K->7413K(62464K)] [ParOldGen: 133688K->133688K(134144K)] 176696K->141102K(196608K), [Metaspace: 52463K->52463K(1097728K)], 0.1282132 secs] [Times: user=0.34 sys=0.00, real=0.12 secs] 
Heap after GC invocations=232 (full 214):
 PSYoungGen      total 62464K, used 7413K [0x00000000f8300000, 0x0000000100000000, 0x0000000100000000)
  eden space 43008K, 17% used [0x00000000f8300000,0x00000000f8a3d610,0x00000000fad00000)
  from space 19456K, 0% used [0x00000000fed00000,0x00000000fed00000,0x0000000100000000)
  to   space 42496K, 0% used [0x00000000fad00000,0x00000000fad00000,0x00000000fd680000)
 ParOldGen       total 134144K, used 133688K [0x00000000f0000000, 0x00000000f8300000, 0x00000000f8300000)
  object space 134144K, 99% used [0x00000000f0000000,0x00000000f828e398,0x00000000f8300000)
 Metaspace       used 52463K, capacity 55514K, committed 55680K, reserved 1097728K
  class space    used 6399K, capacity 6939K, committed 7040K, reserved 1048576K
}
{Heap before GC invocations=233 (full 215):
 PSYoungGen      total 62464K, used 43008K [0x00000000f8300000, 0x0000000100000000, 0x0000000100000000)
  eden space 43008K, 100% used [0x00000000f8300000,0x00000000fad00000,0x00000000fad00000)
  from space 19456K, 0% used [0x00000000fed00000,0x00000000fed00000,0x0000000100000000)
  to   space 42496K, 0% used [0x00000000fad00000,0x00000000fad00000,0x00000000fd680000)
 ParOldGen       total 134144K, used 133688K [0x00000000f0000000, 0x00000000f8300000, 0x00000000f8300000)
  object space 134144K, 99% used [0x00000000f0000000,0x00000000f828e398,0x00000000f8300000)
 Metaspace       used 52463K, capacity 55514K, committed 55680K, reserved 1097728K
  class space    used 6399K, capacity 6939K, committed 7040K, reserved 1048576K
2023-01-17T04:26:07.275+0800: 66.225: [Full GC (Ergonomics) [PSYoungGen: 43008K->7437K(62464K)] [ParOldGen: 133688K->133688K(134144K)] 176696K->141126K(196608K), [Metaspace: 52463K->52463K(1097728K)], 0.1299262 secs] [Times: user=0.28 sys=0.00, real=0.13 secs] 
Heap after GC invocations=233 (full 215):
 PSYoungGen      total 62464K, used 7437K [0x00000000f8300000, 0x0000000100000000, 0x0000000100000000)
  eden space 43008K, 17% used [0x00000000f8300000,0x00000000f8a43640,0x00000000fad00000)
  from space 19456K, 0% used [0x00000000fed00000,0x00000000fed00000,0x0000000100000000)
  to   space 42496K, 0% used [0x00000000fad00000,0x00000000fad00000,0x00000000fd680000)
 ParOldGen       total 134144K, used 133688K [0x00000000f0000000, 0x00000000f8300000, 0x00000000f8300000)
  object space 134144K, 99% used [0x00000000f0000000,0x00000000f828e398,0x00000000f8300000)
 Metaspace       used 52463K, capacity 55514K, committed 55680K, reserved 1097728K
  class space    used 6399K, capacity 6939K, committed 7040K, reserved 1048576K
}
{Heap before GC invocations=234 (full 216):
 PSYoungGen      total 62464K, used 43008K [0x00000000f8300000, 0x0000000100000000, 0x0000000100000000)
  eden space 43008K, 100% used [0x00000000f8300000,0x00000000fad00000,0x00000000fad00000)
  from space 19456K, 0% used [0x00000000fed00000,0x00000000fed00000,0x0000000100000000)
  to   space 42496K, 0% used [0x00000000fad00000,0x00000000fad00000,0x00000000fd680000)
 ParOldGen       total 134144K, used 133688K [0x00000000f0000000, 0x00000000f8300000, 0x00000000f8300000)
  object space 134144K, 99% used [0x00000000f0000000,0x00000000f828e398,0x00000000f8300000)
 Metaspace       used 52463K, capacity 55514K, committed 55680K, reserved 1097728K
  class space    used 6399K, capacity 6939K, committed 7040K, reserved 1048576K
2023-01-17T04:26:07.461+0800: 66.411: [Full GC (Ergonomics) [PSYoungGen: 43008K->7425K(62464K)] [ParOldGen: 133688K->133688K(134144K)] 176696K->141113K(196608K), [Metaspace: 52463K->52463K(1097728K)], 0.1274635 secs] [Times: user=0.30 sys=0.00, real=0.12 secs] 
Heap after GC invocations=234 (full 216):
 PSYoungGen      total 62464K, used 7425K [0x00000000f8300000, 0x0000000100000000, 0x0000000100000000)
  eden space 43008K, 17% used [0x00000000f8300000,0x00000000f8a40448,0x00000000fad00000)
  from space 19456K, 0% used [0x00000000fed00000,0x00000000fed00000,0x0000000100000000)
  to   space 42496K, 0% used [0x00000000fad00000,0x00000000fad00000,0x00000000fd680000)
 ParOldGen       total 134144K, used 133688K [0x00000000f0000000, 0x00000000f8300000, 0x00000000f8300000)
  object space 134144K, 99% used [0x00000000f0000000,0x00000000f828e398,0x00000000f8300000)
 Metaspace       used 52463K, capacity 55514K, committed 55680K, reserved 1097728K
  class space    used 6399K, capacity 6939K, committed 7040K, reserved 1048576K
}
{Heap before GC invocations=235 (full 217):
 PSYoungGen      total 62464K, used 43008K [0x00000000f8300000, 0x0000000100000000, 0x0000000100000000)
  eden space 43008K, 100% used [0x00000000f8300000,0x00000000fad00000,0x00000000fad00000)
  from space 19456K, 0% used [0x00000000fed00000,0x00000000fed00000,0x0000000100000000)
  to   space 42496K, 0% used [0x00000000fad00000,0x00000000fad00000,0x00000000fd680000)
 ParOldGen       total 134144K, used 133688K [0x00000000f0000000, 0x00000000f8300000, 0x00000000f8300000)
  object space 134144K, 99% used [0x00000000f0000000,0x00000000f828e398,0x00000000f8300000)
 Metaspace       used 52463K, capacity 55514K, committed 55680K, reserved 1097728K
  class space    used 6399K, capacity 6939K, committed 7040K, reserved 1048576K
2023-01-17T04:26:07.635+0800: 66.585: [Full GC (Ergonomics) [PSYoungGen: 43008K->7429K(62464K)] [ParOldGen: 133688K->133688K(134144K)] 176696K->141118K(196608K), [Metaspace: 52463K->52463K(1097728K)], 0.1171840 secs] [Times: user=0.30 sys=0.00, real=0.12 secs] 
Heap after GC invocations=235 (full 217):
 PSYoungGen      total 62464K, used 7429K [0x00000000f8300000, 0x0000000100000000, 0x0000000100000000)
  eden space 43008K, 17% used [0x00000000f8300000,0x00000000f8a414d0,0x00000000fad00000)
  from space 19456K, 0% used [0x00000000fed00000,0x00000000fed00000,0x0000000100000000)
  to   space 42496K, 0% used [0x00000000fad00000,0x00000000fad00000,0x00000000fd680000)
 ParOldGen       total 134144K, used 133688K [0x00000000f0000000, 0x00000000f8300000, 0x00000000f8300000)
  object space 134144K, 99% used [0x00000000f0000000,0x00000000f828e398,0x00000000f8300000)
 Metaspace       used 52463K, capacity 55514K, committed 55680K, reserved 1097728K
  class space    used 6399K, capacity 6939K, committed 7040K, reserved 1048576K
}
{Heap before GC invocations=236 (full 218):
 PSYoungGen      total 62464K, used 43008K [0x00000000f8300000, 0x0000000100000000, 0x0000000100000000)
  eden space 43008K, 100% used [0x00000000f8300000,0x00000000fad00000,0x00000000fad00000)
  from space 19456K, 0% used [0x00000000fed00000,0x00000000fed00000,0x0000000100000000)
  to   space 42496K, 0% used [0x00000000fad00000,0x00000000fad00000,0x00000000fd680000)
 ParOldGen       total 134144K, used 133688K [0x00000000f0000000, 0x00000000f8300000, 0x00000000f8300000)
  object space 134144K, 99% used [0x00000000f0000000,0x00000000f828e398,0x00000000f8300000)
 Metaspace       used 52463K, capacity 55514K, committed 55680K, reserved 1097728K
  class space    used 6399K, capacity 6939K, committed 7040K, reserved 1048576K
2023-01-17T04:26:07.798+0800: 66.748: [Full GC (Ergonomics) [PSYoungGen: 43008K->7413K(62464K)] [ParOldGen: 133688K->133688K(134144K)] 176696K->141102K(196608K), [Metaspace: 52463K->52463K(1097728K)], 0.1194664 secs] [Times: user=0.31 sys=0.00, real=0.12 secs] 
Heap after GC invocations=236 (full 218):
 PSYoungGen      total 62464K, used 7413K [0x00000000f8300000, 0x0000000100000000, 0x0000000100000000)
  eden space 43008K, 17% used [0x00000000f8300000,0x00000000f8a3d510,0x00000000fad00000)
  from space 19456K, 0% used [0x00000000fed00000,0x00000000fed00000,0x0000000100000000)
  to   space 42496K, 0% used [0x00000000fad00000,0x00000000fad00000,0x00000000fd680000)
 ParOldGen       total 134144K, used 133688K [0x00000000f0000000, 0x00000000f8300000, 0x00000000f8300000)
  object space 134144K, 99% used [0x00000000f0000000,0x00000000f828e338,0x00000000f8300000)
 Metaspace       used 52463K, capacity 55514K, committed 55680K, reserved 1097728K
  class space    used 6399K, capacity 6939K, committed 7040K, reserved 1048576K
}
{Heap before GC invocations=237 (full 219):
 PSYoungGen      total 62464K, used 43008K [0x00000000f8300000, 0x0000000100000000, 0x0000000100000000)
  eden space 43008K, 100% used [0x00000000f8300000,0x00000000fad00000,0x00000000fad00000)
  from space 19456K, 0% used [0x00000000fed00000,0x00000000fed00000,0x0000000100000000)
  to   space 42496K, 0% used [0x00000000fad00000,0x00000000fad00000,0x00000000fd680000)
 ParOldGen       total 134144K, used 133688K [0x00000000f0000000, 0x00000000f8300000, 0x00000000f8300000)
  object space 134144K, 99% used [0x00000000f0000000,0x00000000f828e338,0x00000000f8300000)
 Metaspace       used 52463K, capacity 55514K, committed 55680K, reserved 1097728K
  class space    used 6399K, capacity 6939K, committed 7040K, reserved 1048576K
2023-01-17T04:26:07.964+0800: 66.914: [Full GC (Ergonomics) [PSYoungGen: 43008K->7412K(62464K)] [ParOldGen: 133688K->133688K(134144K)] 176696K->141101K(196608K), [Metaspace: 52463K->52463K(1097728K)], 0.1631891 secs] [Times: user=0.32 sys=0.00, real=0.16 secs] 
Heap after GC invocations=237 (full 219):
 PSYoungGen      total 62464K, used 7412K [0x00000000f8300000, 0x0000000100000000, 0x0000000100000000)
  eden space 43008K, 17% used [0x00000000f8300000,0x00000000f8a3d128,0x00000000fad00000)
  from space 19456K, 0% used [0x00000000fed00000,0x00000000fed00000,0x0000000100000000)
  to   space 42496K, 0% used [0x00000000fad00000,0x00000000fad00000,0x00000000fd680000)
 ParOldGen       total 134144K, used 133688K [0x00000000f0000000, 0x00000000f8300000, 0x00000000f8300000)
  object space 134144K, 99% used [0x00000000f0000000,0x00000000f828e338,0x00000000f8300000)
 Metaspace       used 52463K, capacity 55514K, committed 55680K, reserved 1097728K
  class space    used 6399K, capacity 6939K, committed 7040K, reserved 1048576K
}
{Heap before GC invocations=238 (full 220):
 PSYoungGen      total 62464K, used 43008K [0x00000000f8300000, 0x0000000100000000, 0x0000000100000000)
  eden space 43008K, 100% used [0x00000000f8300000,0x00000000fad00000,0x00000000fad00000)
  from space 19456K, 0% used [0x00000000fed00000,0x00000000fed00000,0x0000000100000000)
  to   space 42496K, 0% used [0x00000000fad00000,0x00000000fad00000,0x00000000fd680000)
 ParOldGen       total 134144K, used 133688K [0x00000000f0000000, 0x00000000f8300000, 0x00000000f8300000)
  object space 134144K, 99% used [0x00000000f0000000,0x00000000f828e338,0x00000000f8300000)
 Metaspace       used 52463K, capacity 55514K, committed 55680K, reserved 1097728K
  class space    used 6399K, capacity 6939K, committed 7040K, reserved 1048576K
2023-01-17T04:26:08.210+0800: 67.160: [Full GC (Ergonomics) [PSYoungGen: 43008K->7417K(62464K)] [ParOldGen: 133688K->133688K(134144K)] 176696K->141106K(196608K), [Metaspace: 52463K->52463K(1097728K)], 0.1592028 secs] [Times: user=0.37 sys=0.00, real=0.15 secs] 
Heap after GC invocations=238 (full 220):
 PSYoungGen      total 62464K, used 7417K [0x00000000f8300000, 0x0000000100000000, 0x0000000100000000)
  eden space 43008K, 17% used [0x00000000f8300000,0x00000000f8a3e7e0,0x00000000fad00000)
  from space 19456K, 0% used [0x00000000fed00000,0x00000000fed00000,0x0000000100000000)
  to   space 42496K, 0% used [0x00000000fad00000,0x00000000fad00000,0x00000000fd680000)
 ParOldGen       total 134144K, used 133688K [0x00000000f0000000, 0x00000000f8300000, 0x00000000f8300000)
  object space 134144K, 99% used [0x00000000f0000000,0x00000000f828e338,0x00000000f8300000)
 Metaspace       used 52463K, capacity 55514K, committed 55680K, reserved 1097728K
  class space    used 6399K, capacity 6939K, committed 7040K, reserved 1048576K
}
{Heap before GC invocations=239 (full 221):
 PSYoungGen      total 62464K, used 43008K [0x00000000f8300000, 0x0000000100000000, 0x0000000100000000)
  eden space 43008K, 100% used [0x00000000f8300000,0x00000000fad00000,0x00000000fad00000)
  from space 19456K, 0% used [0x00000000fed00000,0x00000000fed00000,0x0000000100000000)
  to   space 42496K, 0% used [0x00000000fad00000,0x00000000fad00000,0x00000000fd680000)
 ParOldGen       total 134144K, used 133688K [0x00000000f0000000, 0x00000000f8300000, 0x00000000f8300000)
  object space 134144K, 99% used [0x00000000f0000000,0x00000000f828e338,0x00000000f8300000)
 Metaspace       used 52463K, capacity 55514K, committed 55680K, reserved 1097728K
  class space    used 6399K, capacity 6939K, committed 7040K, reserved 1048576K
2023-01-17T04:26:08.415+0800: 67.365: [Full GC (Ergonomics) [PSYoungGen: 43008K->7426K(62464K)] [ParOldGen: 133688K->133688K(134144K)] 176696K->141115K(196608K), [Metaspace: 52463K->52463K(1097728K)], 0.1151251 secs] [Times: user=0.30 sys=0.00, real=0.12 secs] 
Heap after GC invocations=239 (full 221):
 PSYoungGen      total 62464K, used 7426K [0x00000000f8300000, 0x0000000100000000, 0x0000000100000000)
  eden space 43008K, 17% used [0x00000000f8300000,0x00000000f8a40bc0,0x00000000fad00000)
  from space 19456K, 0% used [0x00000000fed00000,0x00000000fed00000,0x0000000100000000)
  to   space 42496K, 0% used [0x00000000fad00000,0x00000000fad00000,0x00000000fd680000)
 ParOldGen       total 134144K, used 133688K [0x00000000f0000000, 0x00000000f8300000, 0x00000000f8300000)
  object space 134144K, 99% used [0x00000000f0000000,0x00000000f828e338,0x00000000f8300000)
 Metaspace       used 52463K, capacity 55514K, committed 55680K, reserved 1097728K
  class space    used 6399K, capacity 6939K, committed 7040K, reserved 1048576K
}
{Heap before GC invocations=240 (full 222):
 PSYoungGen      total 62464K, used 43008K [0x00000000f8300000, 0x0000000100000000, 0x0000000100000000)
  eden space 43008K, 100% used [0x00000000f8300000,0x00000000fad00000,0x00000000fad00000)
  from space 19456K, 0% used [0x00000000fed00000,0x00000000fed00000,0x0000000100000000)
  to   space 42496K, 0% used [0x00000000fad00000,0x00000000fad00000,0x00000000fd680000)
 ParOldGen       total 134144K, used 133688K [0x00000000f0000000, 0x00000000f8300000, 0x00000000f8300000)
  object space 134144K, 99% used [0x00000000f0000000,0x00000000f828e338,0x00000000f8300000)
 Metaspace       used 52463K, capacity 55514K, committed 55680K, reserved 1097728K
  class space    used 6399K, capacity 6939K, committed 7040K, reserved 1048576K
2023-01-17T04:26:08.576+0800: 67.526: [Full GC (Ergonomics) [PSYoungGen: 43008K->7416K(62464K)] [ParOldGen: 133688K->133688K(134144K)] 176696K->141104K(196608K), [Metaspace: 52463K->52463K(1097728K)], 0.1171067 secs] [Times: user=0.27 sys=0.00, real=0.12 secs] 
Heap after GC invocations=240 (full 222):
 PSYoungGen      total 62464K, used 7416K [0x00000000f8300000, 0x0000000100000000, 0x0000000100000000)
  eden space 43008K, 17% used [0x00000000f8300000,0x00000000f8a3e000,0x00000000fad00000)
  from space 19456K, 0% used [0x00000000fed00000,0x00000000fed00000,0x0000000100000000)
  to   space 42496K, 0% used [0x00000000fad00000,0x00000000fad00000,0x00000000fd680000)
 ParOldGen       total 134144K, used 133688K [0x00000000f0000000, 0x00000000f8300000, 0x00000000f8300000)
  object space 134144K, 99% used [0x00000000f0000000,0x00000000f828e338,0x00000000f8300000)
 Metaspace       used 52463K, capacity 55514K, committed 55680K, reserved 1097728K
  class space    used 6399K, capacity 6939K, committed 7040K, reserved 1048576K
}
{Heap before GC invocations=241 (full 223):
 PSYoungGen      total 62464K, used 43008K [0x00000000f8300000, 0x0000000100000000, 0x0000000100000000)
  eden space 43008K, 100% used [0x00000000f8300000,0x00000000fad00000,0x00000000fad00000)
  from space 19456K, 0% used [0x00000000fed00000,0x00000000fed00000,0x0000000100000000)
  to   space 42496K, 0% used [0x00000000fad00000,0x00000000fad00000,0x00000000fd680000)
 ParOldGen       total 134144K, used 133688K [0x00000000f0000000, 0x00000000f8300000, 0x00000000f8300000)
  object space 134144K, 99% used [0x00000000f0000000,0x00000000f828e338,0x00000000f8300000)
 Metaspace       used 52464K, capacity 55514K, committed 55680K, reserved 1097728K
  class space    used 6399K, capacity 6939K, committed 7040K, reserved 1048576K
2023-01-17T04:26:08.741+0800: 67.691: [Full GC (Ergonomics) [PSYoungGen: 43008K->7434K(62464K)] [ParOldGen: 133688K->133688K(134144K)] 176696K->141123K(196608K), [Metaspace: 52464K->52464K(1097728K)], 0.1205659 secs] [Times: user=0.28 sys=0.00, real=0.12 secs] 
Heap after GC invocations=241 (full 223):
 PSYoungGen      total 62464K, used 7434K [0x00000000f8300000, 0x0000000100000000, 0x0000000100000000)
  eden space 43008K, 17% used [0x00000000f8300000,0x00000000f8a42b68,0x00000000fad00000)
  from space 19456K, 0% used [0x00000000fed00000,0x00000000fed00000,0x0000000100000000)
  to   space 42496K, 0% used [0x00000000fad00000,0x00000000fad00000,0x00000000fd680000)
 ParOldGen       total 134144K, used 133688K [0x00000000f0000000, 0x00000000f8300000, 0x00000000f8300000)
  object space 134144K, 99% used [0x00000000f0000000,0x00000000f828e338,0x00000000f8300000)
 Metaspace       used 52464K, capacity 55514K, committed 55680K, reserved 1097728K
  class space    used 6399K, capacity 6939K, committed 7040K, reserved 1048576K
}
{Heap before GC invocations=242 (full 224):
 PSYoungGen      total 62464K, used 43008K [0x00000000f8300000, 0x0000000100000000, 0x0000000100000000)
  eden space 43008K, 100% used [0x00000000f8300000,0x00000000fad00000,0x00000000fad00000)
  from space 19456K, 0% used [0x00000000fed00000,0x00000000fed00000,0x0000000100000000)
  to   space 42496K, 0% used [0x00000000fad00000,0x00000000fad00000,0x00000000fd680000)
 ParOldGen       total 134144K, used 133688K [0x00000000f0000000, 0x00000000f8300000, 0x00000000f8300000)
  object space 134144K, 99% used [0x00000000f0000000,0x00000000f828e338,0x00000000f8300000)
 Metaspace       used 52464K, capacity 55514K, committed 55680K, reserved 1097728K
  class space    used 6399K, capacity 6939K, committed 7040K, reserved 1048576K
2023-01-17T04:26:08.919+0800: 67.869: [Full GC (Ergonomics) [PSYoungGen: 43008K->7426K(62464K)] [ParOldGen: 133688K->133688K(134144K)] 176696K->141114K(196608K), [Metaspace: 52464K->52464K(1097728K)], 0.1325511 secs] [Times: user=0.28 sys=0.00, real=0.14 secs] 
Heap after GC invocations=242 (full 224):
 PSYoungGen      total 62464K, used 7426K [0x00000000f8300000, 0x0000000100000000, 0x0000000100000000)
  eden space 43008K, 17% used [0x00000000f8300000,0x00000000f8a40848,0x00000000fad00000)
  from space 19456K, 0% used [0x00000000fed00000,0x00000000fed00000,0x0000000100000000)
  to   space 42496K, 0% used [0x00000000fad00000,0x00000000fad00000,0x00000000fd680000)
 ParOldGen       total 134144K, used 133688K [0x00000000f0000000, 0x00000000f8300000, 0x00000000f8300000)
  object space 134144K, 99% used [0x00000000f0000000,0x00000000f828e338,0x00000000f8300000)
 Metaspace       used 52464K, capacity 55514K, committed 55680K, reserved 1097728K
  class space    used 6399K, capacity 6939K, committed 7040K, reserved 1048576K
}
{Heap before GC invocations=243 (full 225):
 PSYoungGen      total 62464K, used 43008K [0x00000000f8300000, 0x0000000100000000, 0x0000000100000000)
  eden space 43008K, 100% used [0x00000000f8300000,0x00000000fad00000,0x00000000fad00000)
  from space 19456K, 0% used [0x00000000fed00000,0x00000000fed00000,0x0000000100000000)
  to   space 42496K, 0% used [0x00000000fad00000,0x00000000fad00000,0x00000000fd680000)
 ParOldGen       total 134144K, used 133688K [0x00000000f0000000, 0x00000000f8300000, 0x00000000f8300000)
  object space 134144K, 99% used [0x00000000f0000000,0x00000000f828e338,0x00000000f8300000)
 Metaspace       used 52464K, capacity 55514K, committed 55680K, reserved 1097728K
  class space    used 6399K, capacity 6939K, committed 7040K, reserved 1048576K
2023-01-17T04:26:09.099+0800: 68.049: [Full GC (Ergonomics) [PSYoungGen: 43008K->7408K(62464K)] [ParOldGen: 133688K->133688K(134144K)] 176696K->141097K(196608K), [Metaspace: 52464K->52464K(1097728K)], 0.1171329 secs] [Times: user=0.30 sys=0.00, real=0.12 secs] 
Heap after GC invocations=243 (full 225):
 PSYoungGen      total 62464K, used 7408K [0x00000000f8300000, 0x0000000100000000, 0x0000000100000000)
  eden space 43008K, 17% used [0x00000000f8300000,0x00000000f8a3c150,0x00000000fad00000)
  from space 19456K, 0% used [0x00000000fed00000,0x00000000fed00000,0x0000000100000000)
  to   space 42496K, 0% used [0x00000000fad00000,0x00000000fad00000,0x00000000fd680000)
 ParOldGen       total 134144K, used 133688K [0x00000000f0000000, 0x00000000f8300000, 0x00000000f8300000)
  object space 134144K, 99% used [0x00000000f0000000,0x00000000f828e338,0x00000000f8300000)
 Metaspace       used 52464K, capacity 55514K, committed 55680K, reserved 1097728K
  class space    used 6399K, capacity 6939K, committed 7040K, reserved 1048576K
}
{Heap before GC invocations=244 (full 226):
 PSYoungGen      total 62464K, used 43008K [0x00000000f8300000, 0x0000000100000000, 0x0000000100000000)
  eden space 43008K, 100% used [0x00000000f8300000,0x00000000fad00000,0x00000000fad00000)
  from space 19456K, 0% used [0x00000000fed00000,0x00000000fed00000,0x0000000100000000)
  to   space 42496K, 0% used [0x00000000fad00000,0x00000000fad00000,0x00000000fd680000)
 ParOldGen       total 134144K, used 133688K [0x00000000f0000000, 0x00000000f8300000, 0x00000000f8300000)
  object space 134144K, 99% used [0x00000000f0000000,0x00000000f828e338,0x00000000f8300000)
 Metaspace       used 52464K, capacity 55514K, committed 55680K, reserved 1097728K
  class space    used 6399K, capacity 6939K, committed 7040K, reserved 1048576K
2023-01-17T04:26:09.286+0800: 68.236: [Full GC (Ergonomics) [PSYoungGen: 43008K->7426K(62464K)] [ParOldGen: 133688K->133688K(134144K)] 176696K->141115K(196608K), [Metaspace: 52464K->52464K(1097728K)], 0.1438577 secs] [Times: user=0.32 sys=0.00, real=0.15 secs] 
Heap after GC invocations=244 (full 226):
 PSYoungGen      total 62464K, used 7426K [0x00000000f8300000, 0x0000000100000000, 0x0000000100000000)
  eden space 43008K, 17% used [0x00000000f8300000,0x00000000f8a40ae8,0x00000000fad00000)
  from space 19456K, 0% used [0x00000000fed00000,0x00000000fed00000,0x0000000100000000)
  to   space 42496K, 0% used [0x00000000fad00000,0x00000000fad00000,0x00000000fd680000)
 ParOldGen       total 134144K, used 133688K [0x00000000f0000000, 0x00000000f8300000, 0x00000000f8300000)
  object space 134144K, 99% used [0x00000000f0000000,0x00000000f828e338,0x00000000f8300000)
 Metaspace       used 52464K, capacity 55514K, committed 55680K, reserved 1097728K
  class space    used 6399K, capacity 6939K, committed 7040K, reserved 1048576K
}
{Heap before GC invocations=245 (full 227):
 PSYoungGen      total 62464K, used 43008K [0x00000000f8300000, 0x0000000100000000, 0x0000000100000000)
  eden space 43008K, 100% used [0x00000000f8300000,0x00000000fad00000,0x00000000fad00000)
  from space 19456K, 0% used [0x00000000fed00000,0x00000000fed00000,0x0000000100000000)
  to   space 42496K, 0% used [0x00000000fad00000,0x00000000fad00000,0x00000000fd680000)
 ParOldGen       total 134144K, used 133688K [0x00000000f0000000, 0x00000000f8300000, 0x00000000f8300000)
  object space 134144K, 99% used [0x00000000f0000000,0x00000000f828e338,0x00000000f8300000)
 Metaspace       used 52464K, capacity 55514K, committed 55680K, reserved 1097728K
  class space    used 6399K, capacity 6939K, committed 7040K, reserved 1048576K
2023-01-17T04:26:09.479+0800: 68.429: [Full GC (Ergonomics) [PSYoungGen: 43008K->7405K(62464K)] [ParOldGen: 133688K->133688K(134144K)] 176696K->141093K(196608K), [Metaspace: 52464K->52464K(1097728K)], 0.1320080 secs] [Times: user=0.33 sys=0.00, real=0.14 secs] 
Heap after GC invocations=245 (full 227):
 PSYoungGen      total 62464K, used 7405K [0x00000000f8300000, 0x0000000100000000, 0x0000000100000000)
  eden space 43008K, 17% used [0x00000000f8300000,0x00000000f8a3b518,0x00000000fad00000)
  from space 19456K, 0% used [0x00000000fed00000,0x00000000fed00000,0x0000000100000000)
  to   space 42496K, 0% used [0x00000000fad00000,0x00000000fad00000,0x00000000fd680000)
 ParOldGen       total 134144K, used 133688K [0x00000000f0000000, 0x00000000f8300000, 0x00000000f8300000)
  object space 134144K, 99% used [0x00000000f0000000,0x00000000f828e2d8,0x00000000f8300000)
 Metaspace       used 52464K, capacity 55514K, committed 55680K, reserved 1097728K
  class space    used 6399K, capacity 6939K, committed 7040K, reserved 1048576K
}
{Heap before GC invocations=246 (full 228):
 PSYoungGen      total 62464K, used 43008K [0x00000000f8300000, 0x0000000100000000, 0x0000000100000000)
  eden space 43008K, 100% used [0x00000000f8300000,0x00000000fad00000,0x00000000fad00000)
  from space 19456K, 0% used [0x00000000fed00000,0x00000000fed00000,0x0000000100000000)
  to   space 42496K, 0% used [0x00000000fad00000,0x00000000fad00000,0x00000000fd680000)
 ParOldGen       total 134144K, used 133688K [0x00000000f0000000, 0x00000000f8300000, 0x00000000f8300000)
  object space 134144K, 99% used [0x00000000f0000000,0x00000000f828e2d8,0x00000000f8300000)
 Metaspace       used 52464K, capacity 55514K, committed 55680K, reserved 1097728K
  class space    used 6399K, capacity 6939K, committed 7040K, reserved 1048576K
2023-01-17T04:26:09.667+0800: 68.617: [Full GC (Ergonomics) [PSYoungGen: 43008K->7428K(62464K)] [ParOldGen: 133688K->133688K(134144K)] 176696K->141116K(196608K), [Metaspace: 52464K->52464K(1097728K)], 0.1361913 secs] [Times: user=0.30 sys=0.00, real=0.14 secs] 
Heap after GC invocations=246 (full 228):
 PSYoungGen      total 62464K, used 7428K [0x00000000f8300000, 0x0000000100000000, 0x0000000100000000)
  eden space 43008K, 17% used [0x00000000f8300000,0x00000000f8a41008,0x00000000fad00000)
  from space 19456K, 0% used [0x00000000fed00000,0x00000000fed00000,0x0000000100000000)
  to   space 42496K, 0% used [0x00000000fad00000,0x00000000fad00000,0x00000000fd680000)
 ParOldGen       total 134144K, used 133688K [0x00000000f0000000, 0x00000000f8300000, 0x00000000f8300000)
  object space 134144K, 99% used [0x00000000f0000000,0x00000000f828e2d8,0x00000000f8300000)
 Metaspace       used 52464K, capacity 55514K, committed 55680K, reserved 1097728K
  class space    used 6399K, capacity 6939K, committed 7040K, reserved 1048576K
}
{Heap before GC invocations=247 (full 229):
 PSYoungGen      total 62464K, used 43008K [0x00000000f8300000, 0x0000000100000000, 0x0000000100000000)
  eden space 43008K, 100% used [0x00000000f8300000,0x00000000fad00000,0x00000000fad00000)
  from space 19456K, 0% used [0x00000000fed00000,0x00000000fed00000,0x0000000100000000)
  to   space 42496K, 0% used [0x00000000fad00000,0x00000000fad00000,0x00000000fd680000)
 ParOldGen       total 134144K, used 133688K [0x00000000f0000000, 0x00000000f8300000, 0x00000000f8300000)
  object space 134144K, 99% used [0x00000000f0000000,0x00000000f828e2d8,0x00000000f8300000)
 Metaspace       used 52464K, capacity 55514K, committed 55680K, reserved 1097728K
  class space    used 6399K, capacity 6939K, committed 7040K, reserved 1048576K
2023-01-17T04:26:09.851+0800: 68.801: [Full GC (Ergonomics) [PSYoungGen: 43008K->7424K(62464K)] [ParOldGen: 133688K->133688K(134144K)] 176696K->141113K(196608K), [Metaspace: 52464K->52464K(1097728K)], 0.1158935 secs] [Times: user=0.30 sys=0.00, real=0.11 secs] 
Heap after GC invocations=247 (full 229):
 PSYoungGen      total 62464K, used 7424K [0x00000000f8300000, 0x0000000100000000, 0x0000000100000000)
  eden space 43008K, 17% used [0x00000000f8300000,0x00000000f8a403a0,0x00000000fad00000)
  from space 19456K, 0% used [0x00000000fed00000,0x00000000fed00000,0x0000000100000000)
  to   space 42496K, 0% used [0x00000000fad00000,0x00000000fad00000,0x00000000fd680000)
 ParOldGen       total 134144K, used 133688K [0x00000000f0000000, 0x00000000f8300000, 0x00000000f8300000)
  object space 134144K, 99% used [0x00000000f0000000,0x00000000f828e2d8,0x00000000f8300000)
 Metaspace       used 52464K, capacity 55514K, committed 55680K, reserved 1097728K
  class space    used 6399K, capacity 6939K, committed 7040K, reserved 1048576K
}
{Heap before GC invocations=248 (full 230):
 PSYoungGen      total 62464K, used 43008K [0x00000000f8300000, 0x0000000100000000, 0x0000000100000000)
  eden space 43008K, 100% used [0x00000000f8300000,0x00000000fad00000,0x00000000fad00000)
  from space 19456K, 0% used [0x00000000fed00000,0x00000000fed00000,0x0000000100000000)
  to   space 42496K, 0% used [0x00000000fad00000,0x00000000fad00000,0x00000000fd680000)
 ParOldGen       total 134144K, used 133688K [0x00000000f0000000, 0x00000000f8300000, 0x00000000f8300000)
  object space 134144K, 99% used [0x00000000f0000000,0x00000000f828e2d8,0x00000000f8300000)
 Metaspace       used 52464K, capacity 55514K, committed 55680K, reserved 1097728K
  class space    used 6399K, capacity 6939K, committed 7040K, reserved 1048576K
2023-01-17T04:26:10.013+0800: 68.963: [Full GC (Ergonomics) [PSYoungGen: 43008K->7400K(62464K)] [ParOldGen: 133688K->133688K(134144K)] 176696K->141089K(196608K), [Metaspace: 52464K->52464K(1097728K)], 0.1278068 secs] [Times: user=0.35 sys=0.00, real=0.13 secs] 
Heap after GC invocations=248 (full 230):
 PSYoungGen      total 62464K, used 7400K [0x00000000f8300000, 0x0000000100000000, 0x0000000100000000)
  eden space 43008K, 17% used [0x00000000f8300000,0x00000000f8a3a248,0x00000000fad00000)
  from space 19456K, 0% used [0x00000000fed00000,0x00000000fed00000,0x0000000100000000)
  to   space 42496K, 0% used [0x00000000fad00000,0x00000000fad00000,0x00000000fd680000)
 ParOldGen       total 134144K, used 133688K [0x00000000f0000000, 0x00000000f8300000, 0x00000000f8300000)
  object space 134144K, 99% used [0x00000000f0000000,0x00000000f828e2d8,0x00000000f8300000)
 Metaspace       used 52464K, capacity 55514K, committed 55680K, reserved 1097728K
  class space    used 6399K, capacity 6939K, committed 7040K, reserved 1048576K
}
{Heap before GC invocations=249 (full 231):
 PSYoungGen      total 62464K, used 43008K [0x00000000f8300000, 0x0000000100000000, 0x0000000100000000)
  eden space 43008K, 100% used [0x00000000f8300000,0x00000000fad00000,0x00000000fad00000)
  from space 19456K, 0% used [0x00000000fed00000,0x00000000fed00000,0x0000000100000000)
  to   space 42496K, 0% used [0x00000000fad00000,0x00000000fad00000,0x00000000fd680000)
 ParOldGen       total 134144K, used 133688K [0x00000000f0000000, 0x00000000f8300000, 0x00000000f8300000)
  object space 134144K, 99% used [0x00000000f0000000,0x00000000f828e2d8,0x00000000f8300000)
 Metaspace       used 52464K, capacity 55514K, committed 55680K, reserved 1097728K
  class space    used 6399K, capacity 6939K, committed 7040K, reserved 1048576K
2023-01-17T04:26:10.186+0800: 69.136: [Full GC (Ergonomics) [PSYoungGen: 43008K->7414K(62464K)] [ParOldGen: 133688K->133688K(134144K)] 176696K->141103K(196608K), [Metaspace: 52464K->52464K(1097728K)], 0.1260296 secs] [Times: user=0.33 sys=0.00, real=0.13 secs] 
Heap after GC invocations=249 (full 231):
 PSYoungGen      total 62464K, used 7414K [0x00000000f8300000, 0x0000000100000000, 0x0000000100000000)
  eden space 43008K, 17% used [0x00000000f8300000,0x00000000f8a3da28,0x00000000fad00000)
  from space 19456K, 0% used [0x00000000fed00000,0x00000000fed00000,0x0000000100000000)
  to   space 42496K, 0% used [0x00000000fad00000,0x00000000fad00000,0x00000000fd680000)
 ParOldGen       total 134144K, used 133688K [0x00000000f0000000, 0x00000000f8300000, 0x00000000f8300000)
  object space 134144K, 99% used [0x00000000f0000000,0x00000000f828e2d8,0x00000000f8300000)
 Metaspace       used 52464K, capacity 55514K, committed 55680K, reserved 1097728K
  class space    used 6399K, capacity 6939K, committed 7040K, reserved 1048576K
}
{Heap before GC invocations=250 (full 232):
 PSYoungGen      total 62464K, used 43008K [0x00000000f8300000, 0x0000000100000000, 0x0000000100000000)
  eden space 43008K, 100% used [0x00000000f8300000,0x00000000fad00000,0x00000000fad00000)
  from space 19456K, 0% used [0x00000000fed00000,0x00000000fed00000,0x0000000100000000)
  to   space 42496K, 0% used [0x00000000fad00000,0x00000000fad00000,0x00000000fd680000)
 ParOldGen       total 134144K, used 133688K [0x00000000f0000000, 0x00000000f8300000, 0x00000000f8300000)
  object space 134144K, 99% used [0x00000000f0000000,0x00000000f828e2d8,0x00000000f8300000)
 Metaspace       used 52464K, capacity 55514K, committed 55680K, reserved 1097728K
  class space    used 6399K, capacity 6939K, committed 7040K, reserved 1048576K
2023-01-17T04:26:10.369+0800: 69.319: [Full GC (Ergonomics) [PSYoungGen: 43008K->7429K(62464K)] [ParOldGen: 133688K->133688K(134144K)] 176696K->141117K(196608K), [Metaspace: 52464K->52464K(1097728K)], 0.1609193 secs] [Times: user=0.30 sys=0.00, real=0.17 secs] 
Heap after GC invocations=250 (full 232):
 PSYoungGen      total 62464K, used 7429K [0x00000000f8300000, 0x0000000100000000, 0x0000000100000000)
  eden space 43008K, 17% used [0x00000000f8300000,0x00000000f8a41468,0x00000000fad00000)
  from space 19456K, 0% used [0x00000000fed00000,0x00000000fed00000,0x0000000100000000)
  to   space 42496K, 0% used [0x00000000fad00000,0x00000000fad00000,0x00000000fd680000)
 ParOldGen       total 134144K, used 133688K [0x00000000f0000000, 0x00000000f8300000, 0x00000000f8300000)
  object space 134144K, 99% used [0x00000000f0000000,0x00000000f828e2d8,0x00000000f8300000)
 Metaspace       used 52464K, capacity 55514K, committed 55680K, reserved 1097728K
  class space    used 6399K, capacity 6939K, committed 7040K, reserved 1048576K
}
{Heap before GC invocations=251 (full 233):
 PSYoungGen      total 62464K, used 43008K [0x00000000f8300000, 0x0000000100000000, 0x0000000100000000)
  eden space 43008K, 100% used [0x00000000f8300000,0x00000000fad00000,0x00000000fad00000)
  from space 19456K, 0% used [0x00000000fed00000,0x00000000fed00000,0x0000000100000000)
  to   space 42496K, 0% used [0x00000000fad00000,0x00000000fad00000,0x00000000fd680000)
 ParOldGen       total 134144K, used 133688K [0x00000000f0000000, 0x00000000f8300000, 0x00000000f8300000)
  object space 134144K, 99% used [0x00000000f0000000,0x00000000f828e2d8,0x00000000f8300000)
 Metaspace       used 52464K, capacity 55514K, committed 55680K, reserved 1097728K
  class space    used 6399K, capacity 6939K, committed 7040K, reserved 1048576K
2023-01-17T04:26:10.593+0800: 69.543: [Full GC (Ergonomics) [PSYoungGen: 43008K->7421K(62464K)] [ParOldGen: 133688K->133688K(134144K)] 176696K->141110K(196608K), [Metaspace: 52464K->52464K(1097728K)], 0.1519396 secs] [Times: user=0.31 sys=0.00, real=0.15 secs] 
Heap after GC invocations=251 (full 233):
 PSYoungGen      total 62464K, used 7421K [0x00000000f8300000, 0x0000000100000000, 0x0000000100000000)
  eden space 43008K, 17% used [0x00000000f8300000,0x00000000f8a3f560,0x00000000fad00000)
  from space 19456K, 0% used [0x00000000fed00000,0x00000000fed00000,0x0000000100000000)
  to   space 42496K, 0% used [0x00000000fad00000,0x00000000fad00000,0x00000000fd680000)
 ParOldGen       total 134144K, used 133688K [0x00000000f0000000, 0x00000000f8300000, 0x00000000f8300000)
  object space 134144K, 99% used [0x00000000f0000000,0x00000000f828e2d8,0x00000000f8300000)
 Metaspace       used 52464K, capacity 55514K, committed 55680K, reserved 1097728K
  class space    used 6399K, capacity 6939K, committed 7040K, reserved 1048576K
}
{Heap before GC invocations=252 (full 234):
 PSYoungGen      total 62464K, used 43008K [0x00000000f8300000, 0x0000000100000000, 0x0000000100000000)
  eden space 43008K, 100% used [0x00000000f8300000,0x00000000fad00000,0x00000000fad00000)
  from space 19456K, 0% used [0x00000000fed00000,0x00000000fed00000,0x0000000100000000)
  to   space 42496K, 0% used [0x00000000fad00000,0x00000000fad00000,0x00000000fd680000)
 ParOldGen       total 134144K, used 133688K [0x00000000f0000000, 0x00000000f8300000, 0x00000000f8300000)
  object space 134144K, 99% used [0x00000000f0000000,0x00000000f828e2d8,0x00000000f8300000)
 Metaspace       used 52464K, capacity 55514K, committed 55680K, reserved 1097728K
  class space    used 6399K, capacity 6939K, committed 7040K, reserved 1048576K
2023-01-17T04:26:10.791+0800: 69.741: [Full GC (Ergonomics) [PSYoungGen: 43008K->7443K(62464K)] [ParOldGen: 133688K->133688K(134144K)] 176696K->141131K(196608K), [Metaspace: 52464K->52464K(1097728K)], 0.1161868 secs] [Times: user=0.30 sys=0.00, real=0.11 secs] 
Heap after GC invocations=252 (full 234):
 PSYoungGen      total 62464K, used 7443K [0x00000000f8300000, 0x0000000100000000, 0x0000000100000000)
  eden space 43008K, 17% used [0x00000000f8300000,0x00000000f8a44cc8,0x00000000fad00000)
  from space 19456K, 0% used [0x00000000fed00000,0x00000000fed00000,0x0000000100000000)
  to   space 42496K, 0% used [0x00000000fad00000,0x00000000fad00000,0x00000000fd680000)
 ParOldGen       total 134144K, used 133688K [0x00000000f0000000, 0x00000000f8300000, 0x00000000f8300000)
  object space 134144K, 99% used [0x00000000f0000000,0x00000000f828e2d8,0x00000000f8300000)
 Metaspace       used 52464K, capacity 55514K, committed 55680K, reserved 1097728K
  class space    used 6399K, capacity 6939K, committed 7040K, reserved 1048576K
}
{Heap before GC invocations=253 (full 235):
 PSYoungGen      total 62464K, used 43008K [0x00000000f8300000, 0x0000000100000000, 0x0000000100000000)
  eden space 43008K, 100% used [0x00000000f8300000,0x00000000fad00000,0x00000000fad00000)
  from space 19456K, 0% used [0x00000000fed00000,0x00000000fed00000,0x0000000100000000)
  to   space 42496K, 0% used [0x00000000fad00000,0x00000000fad00000,0x00000000fd680000)
 ParOldGen       total 134144K, used 133688K [0x00000000f0000000, 0x00000000f8300000, 0x00000000f8300000)
  object space 134144K, 99% used [0x00000000f0000000,0x00000000f828e2d8,0x00000000f8300000)
 Metaspace       used 52464K, capacity 55514K, committed 55680K, reserved 1097728K
  class space    used 6399K, capacity 6939K, committed 7040K, reserved 1048576K
2023-01-17T04:26:10.954+0800: 69.903: [Full GC (Ergonomics) [PSYoungGen: 43008K->7452K(62464K)] [ParOldGen: 133688K->133688K(134144K)] 176696K->141141K(196608K), [Metaspace: 52464K->52464K(1097728K)], 0.1131546 secs] [Times: user=0.29 sys=0.00, real=0.11 secs] 
Heap after GC invocations=253 (full 235):
 PSYoungGen      total 62464K, used 7452K [0x00000000f8300000, 0x0000000100000000, 0x0000000100000000)
  eden space 43008K, 17% used [0x00000000f8300000,0x00000000f8a47158,0x00000000fad00000)
  from space 19456K, 0% used [0x00000000fed00000,0x00000000fed00000,0x0000000100000000)
  to   space 42496K, 0% used [0x00000000fad00000,0x00000000fad00000,0x00000000fd680000)
 ParOldGen       total 134144K, used 133688K [0x00000000f0000000, 0x00000000f8300000, 0x00000000f8300000)
  object space 134144K, 99% used [0x00000000f0000000,0x00000000f828e2d8,0x00000000f8300000)
 Metaspace       used 52464K, capacity 55514K, committed 55680K, reserved 1097728K
  class space    used 6399K, capacity 6939K, committed 7040K, reserved 1048576K
}
{Heap before GC invocations=254 (full 236):
 PSYoungGen      total 62464K, used 43008K [0x00000000f8300000, 0x0000000100000000, 0x0000000100000000)
  eden space 43008K, 100% used [0x00000000f8300000,0x00000000fad00000,0x00000000fad00000)
  from space 19456K, 0% used [0x00000000fed00000,0x00000000fed00000,0x0000000100000000)
  to   space 42496K, 0% used [0x00000000fad00000,0x00000000fad00000,0x00000000fd680000)
 ParOldGen       total 134144K, used 133688K [0x00000000f0000000, 0x00000000f8300000, 0x00000000f8300000)
  object space 134144K, 99% used [0x00000000f0000000,0x00000000f828e2d8,0x00000000f8300000)
 Metaspace       used 52464K, capacity 55514K, committed 55680K, reserved 1097728K
  class space    used 6399K, capacity 6939K, committed 7040K, reserved 1048576K
2023-01-17T04:26:11.126+0800: 70.076: [Full GC (Ergonomics) [PSYoungGen: 43008K->7412K(62464K)] [ParOldGen: 133688K->133688K(134144K)] 176696K->141101K(196608K), [Metaspace: 52464K->52464K(1097728K)], 0.1503274 secs] [Times: user=0.34 sys=0.00, real=0.15 secs] 
Heap after GC invocations=254 (full 236):
 PSYoungGen      total 62464K, used 7412K [0x00000000f8300000, 0x0000000100000000, 0x0000000100000000)
  eden space 43008K, 17% used [0x00000000f8300000,0x00000000f8a3d1c0,0x00000000fad00000)
  from space 19456K, 0% used [0x00000000fed00000,0x00000000fed00000,0x0000000100000000)
  to   space 42496K, 0% used [0x00000000fad00000,0x00000000fad00000,0x00000000fd680000)
 ParOldGen       total 134144K, used 133688K [0x00000000f0000000, 0x00000000f8300000, 0x00000000f8300000)
  object space 134144K, 99% used [0x00000000f0000000,0x00000000f828e278,0x00000000f8300000)
 Metaspace       used 52464K, capacity 55514K, committed 55680K, reserved 1097728K
  class space    used 6399K, capacity 6939K, committed 7040K, reserved 1048576K
}
{Heap before GC invocations=255 (full 237):
 PSYoungGen      total 62464K, used 43008K [0x00000000f8300000, 0x0000000100000000, 0x0000000100000000)
  eden space 43008K, 100% used [0x00000000f8300000,0x00000000fad00000,0x00000000fad00000)
  from space 19456K, 0% used [0x00000000fed00000,0x00000000fed00000,0x0000000100000000)
  to   space 42496K, 0% used [0x00000000fad00000,0x00000000fad00000,0x00000000fd680000)
 ParOldGen       total 134144K, used 133688K [0x00000000f0000000, 0x00000000f8300000, 0x00000000f8300000)
  object space 134144K, 99% used [0x00000000f0000000,0x00000000f828e278,0x00000000f8300000)
 Metaspace       used 52465K, capacity 55514K, committed 55680K, reserved 1097728K
  class space    used 6399K, capacity 6939K, committed 7040K, reserved 1048576K
2023-01-17T04:26:11.336+0800: 70.286: [Full GC (Ergonomics) [PSYoungGen: 43008K->7413K(62464K)] [ParOldGen: 133688K->133688K(134144K)] 176696K->141101K(196608K), [Metaspace: 52465K->52465K(1097728K)], 0.1214229 secs] [Times: user=0.31 sys=0.00, real=0.12 secs] 
Heap after GC invocations=255 (full 237):
 PSYoungGen      total 62464K, used 7413K [0x00000000f8300000, 0x0000000100000000, 0x0000000100000000)
  eden space 43008K, 17% used [0x00000000f8300000,0x00000000f8a3d4b0,0x00000000fad00000)
  from space 19456K, 0% used [0x00000000fed00000,0x00000000fed00000,0x0000000100000000)
  to   space 42496K, 0% used [0x00000000fad00000,0x00000000fad00000,0x00000000fd680000)
 ParOldGen       total 134144K, used 133688K [0x00000000f0000000, 0x00000000f8300000, 0x00000000f8300000)
  object space 134144K, 99% used [0x00000000f0000000,0x00000000f828e258,0x00000000f8300000)
 Metaspace       used 52465K, capacity 55514K, committed 55680K, reserved 1097728K
  class space    used 6399K, capacity 6939K, committed 7040K, reserved 1048576K
}
{Heap before GC invocations=256 (full 238):
 PSYoungGen      total 62464K, used 43008K [0x00000000f8300000, 0x0000000100000000, 0x0000000100000000)
  eden space 43008K, 100% used [0x00000000f8300000,0x00000000fad00000,0x00000000fad00000)
  from space 19456K, 0% used [0x00000000fed00000,0x00000000fed00000,0x0000000100000000)
  to   space 42496K, 0% used [0x00000000fad00000,0x00000000fad00000,0x00000000fd680000)
 ParOldGen       total 134144K, used 133688K [0x00000000f0000000, 0x00000000f8300000, 0x00000000f8300000)
  object space 134144K, 99% used [0x00000000f0000000,0x00000000f828e258,0x00000000f8300000)
 Metaspace       used 52465K, capacity 55514K, committed 55680K, reserved 1097728K
  class space    used 6399K, capacity 6939K, committed 7040K, reserved 1048576K
2023-01-17T04:26:11.504+0800: 70.454: [Full GC (Ergonomics) [PSYoungGen: 43008K->7405K(62464K)] [ParOldGen: 133688K->133688K(134144K)] 176696K->141094K(196608K), [Metaspace: 52465K->52465K(1097728K)], 0.1161637 secs] [Times: user=0.30 sys=0.00, real=0.12 secs] 
Heap after GC invocations=256 (full 238):
 PSYoungGen      total 62464K, used 7405K [0x00000000f8300000, 0x0000000100000000, 0x0000000100000000)
  eden space 43008K, 17% used [0x00000000f8300000,0x00000000f8a3b6b0,0x00000000fad00000)
  from space 19456K, 0% used [0x00000000fed00000,0x00000000fed00000,0x0000000100000000)
  to   space 42496K, 0% used [0x00000000fad00000,0x00000000fad00000,0x00000000fd680000)
 ParOldGen       total 134144K, used 133688K [0x00000000f0000000, 0x00000000f8300000, 0x00000000f8300000)
  object space 134144K, 99% used [0x00000000f0000000,0x00000000f828e258,0x00000000f8300000)
 Metaspace       used 52465K, capacity 55514K, committed 55680K, reserved 1097728K
  class space    used 6399K, capacity 6939K, committed 7040K, reserved 1048576K
}
{Heap before GC invocations=257 (full 239):
 PSYoungGen      total 62464K, used 43008K [0x00000000f8300000, 0x0000000100000000, 0x0000000100000000)
  eden space 43008K, 100% used [0x00000000f8300000,0x00000000fad00000,0x00000000fad00000)
  from space 19456K, 0% used [0x00000000fed00000,0x00000000fed00000,0x0000000100000000)
  to   space 42496K, 0% used [0x00000000fad00000,0x00000000fad00000,0x00000000fd680000)
 ParOldGen       total 134144K, used 133688K [0x00000000f0000000, 0x00000000f8300000, 0x00000000f8300000)
  object space 134144K, 99% used [0x00000000f0000000,0x00000000f828e258,0x00000000f8300000)
 Metaspace       used 52465K, capacity 55514K, committed 55680K, reserved 1097728K
  class space    used 6399K, capacity 6939K, committed 7040K, reserved 1048576K
2023-01-17T04:26:11.666+0800: 70.616: [Full GC (Ergonomics) [PSYoungGen: 43008K->7414K(62464K)] [ParOldGen: 133688K->133688K(134144K)] 176696K->141103K(196608K), [Metaspace: 52465K->52465K(1097728K)], 0.1215766 secs] [Times: user=0.30 sys=0.00, real=0.12 secs] 
Heap after GC invocations=257 (full 239):
 PSYoungGen      total 62464K, used 7414K [0x00000000f8300000, 0x0000000100000000, 0x0000000100000000)
  eden space 43008K, 17% used [0x00000000f8300000,0x00000000f8a3d9b8,0x00000000fad00000)
  from space 19456K, 0% used [0x00000000fed00000,0x00000000fed00000,0x0000000100000000)
  to   space 42496K, 0% used [0x00000000fad00000,0x00000000fad00000,0x00000000fd680000)
 ParOldGen       total 134144K, used 133688K [0x00000000f0000000, 0x00000000f8300000, 0x00000000f8300000)
  object space 134144K, 99% used [0x00000000f0000000,0x00000000f828e258,0x00000000f8300000)
 Metaspace       used 52465K, capacity 55514K, committed 55680K, reserved 1097728K
  class space    used 6399K, capacity 6939K, committed 7040K, reserved 1048576K
}
{Heap before GC invocations=258 (full 240):
 PSYoungGen      total 62464K, used 43008K [0x00000000f8300000, 0x0000000100000000, 0x0000000100000000)
  eden space 43008K, 100% used [0x00000000f8300000,0x00000000fad00000,0x00000000fad00000)
  from space 19456K, 0% used [0x00000000fed00000,0x00000000fed00000,0x0000000100000000)
  to   space 42496K, 0% used [0x00000000fad00000,0x00000000fad00000,0x00000000fd680000)
 ParOldGen       total 134144K, used 133688K [0x00000000f0000000, 0x00000000f8300000, 0x00000000f8300000)
  object space 134144K, 99% used [0x00000000f0000000,0x00000000f828e258,0x00000000f8300000)
 Metaspace       used 52465K, capacity 55514K, committed 55680K, reserved 1097728K
  class space    used 6399K, capacity 6939K, committed 7040K, reserved 1048576K
2023-01-17T04:26:11.848+0800: 70.797: [Full GC (Ergonomics) [PSYoungGen: 43008K->7441K(62464K)] [ParOldGen: 133688K->133688K(134144K)] 176696K->141129K(196608K), [Metaspace: 52465K->52465K(1097728K)], 0.1828426 secs] [Times: user=0.36 sys=0.00, real=0.19 secs] 
Heap after GC invocations=258 (full 240):
 PSYoungGen      total 62464K, used 7441K [0x00000000f8300000, 0x0000000100000000, 0x0000000100000000)
  eden space 43008K, 17% used [0x00000000f8300000,0x00000000f8a44550,0x00000000fad00000)
  from space 19456K, 0% used [0x00000000fed00000,0x00000000fed00000,0x0000000100000000)
  to   space 42496K, 0% used [0x00000000fad00000,0x00000000fad00000,0x00000000fd680000)
 ParOldGen       total 134144K, used 133688K [0x00000000f0000000, 0x00000000f8300000, 0x00000000f8300000)
  object space 134144K, 99% used [0x00000000f0000000,0x00000000f828e258,0x00000000f8300000)
 Metaspace       used 52465K, capacity 55514K, committed 55680K, reserved 1097728K
  class space    used 6399K, capacity 6939K, committed 7040K, reserved 1048576K
}
{Heap before GC invocations=259 (full 241):
 PSYoungGen      total 62464K, used 43008K [0x00000000f8300000, 0x0000000100000000, 0x0000000100000000)
  eden space 43008K, 100% used [0x00000000f8300000,0x00000000fad00000,0x00000000fad00000)
  from space 19456K, 0% used [0x00000000fed00000,0x00000000fed00000,0x0000000100000000)
  to   space 42496K, 0% used [0x00000000fad00000,0x00000000fad00000,0x00000000fd680000)
 ParOldGen       total 134144K, used 133688K [0x00000000f0000000, 0x00000000f8300000, 0x00000000f8300000)
  object space 134144K, 99% used [0x00000000f0000000,0x00000000f828e258,0x00000000f8300000)
 Metaspace       used 52465K, capacity 55514K, committed 55680K, reserved 1097728K
  class space    used 6399K, capacity 6939K, committed 7040K, reserved 1048576K
2023-01-17T04:26:12.092+0800: 71.042: [Full GC (Ergonomics) [PSYoungGen: 43008K->7404K(62464K)] [ParOldGen: 133688K->133688K(134144K)] 176696K->141092K(196608K), [Metaspace: 52465K->52465K(1097728K)], 0.1185860 secs] [Times: user=0.31 sys=0.00, real=0.12 secs] 
Heap after GC invocations=259 (full 241):
 PSYoungGen      total 62464K, used 7404K [0x00000000f8300000, 0x0000000100000000, 0x0000000100000000)
  eden space 43008K, 17% used [0x00000000f8300000,0x00000000f8a3b098,0x00000000fad00000)
  from space 19456K, 0% used [0x00000000fed00000,0x00000000fed00000,0x0000000100000000)
  to   space 42496K, 0% used [0x00000000fad00000,0x00000000fad00000,0x00000000fd680000)
 ParOldGen       total 134144K, used 133688K [0x00000000f0000000, 0x00000000f8300000, 0x00000000f8300000)
  object space 134144K, 99% used [0x00000000f0000000,0x00000000f828e258,0x00000000f8300000)
 Metaspace       used 52465K, capacity 55514K, committed 55680K, reserved 1097728K
  class space    used 6399K, capacity 6939K, committed 7040K, reserved 1048576K
}
{Heap before GC invocations=260 (full 242):
 PSYoungGen      total 62464K, used 43008K [0x00000000f8300000, 0x0000000100000000, 0x0000000100000000)
  eden space 43008K, 100% used [0x00000000f8300000,0x00000000fad00000,0x00000000fad00000)
  from space 19456K, 0% used [0x00000000fed00000,0x00000000fed00000,0x0000000100000000)
  to   space 42496K, 0% used [0x00000000fad00000,0x00000000fad00000,0x00000000fd680000)
 ParOldGen       total 134144K, used 133688K [0x00000000f0000000, 0x00000000f8300000, 0x00000000f8300000)
  object space 134144K, 99% used [0x00000000f0000000,0x00000000f828e258,0x00000000f8300000)
 Metaspace       used 52465K, capacity 55514K, committed 55680K, reserved 1097728K
  class space    used 6399K, capacity 6939K, committed 7040K, reserved 1048576K
2023-01-17T04:26:12.256+0800: 71.205: [Full GC (Ergonomics) [PSYoungGen: 43008K->7408K(62464K)] [ParOldGen: 133688K->133688K(134144K)] 176696K->141097K(196608K), [Metaspace: 52465K->52465K(1097728K)], 0.1261956 secs] [Times: user=0.34 sys=0.00, real=0.13 secs] 
Heap after GC invocations=260 (full 242):
 PSYoungGen      total 62464K, used 7408K [0x00000000f8300000, 0x0000000100000000, 0x0000000100000000)
  eden space 43008K, 17% used [0x00000000f8300000,0x00000000f8a3c370,0x00000000fad00000)
  from space 19456K, 0% used [0x00000000fed00000,0x00000000fed00000,0x0000000100000000)
  to   space 42496K, 0% used [0x00000000fad00000,0x00000000fad00000,0x00000000fd680000)
 ParOldGen       total 134144K, used 133688K [0x00000000f0000000, 0x00000000f8300000, 0x00000000f8300000)
  object space 134144K, 99% used [0x00000000f0000000,0x00000000f828e258,0x00000000f8300000)
 Metaspace       used 52465K, capacity 55514K, committed 55680K, reserved 1097728K
  class space    used 6399K, capacity 6939K, committed 7040K, reserved 1048576K
}
{Heap before GC invocations=261 (full 243):
 PSYoungGen      total 62464K, used 43008K [0x00000000f8300000, 0x0000000100000000, 0x0000000100000000)
  eden space 43008K, 100% used [0x00000000f8300000,0x00000000fad00000,0x00000000fad00000)
  from space 19456K, 0% used [0x00000000fed00000,0x00000000fed00000,0x0000000100000000)
  to   space 42496K, 0% used [0x00000000fad00000,0x00000000fad00000,0x00000000fd680000)
 ParOldGen       total 134144K, used 133688K [0x00000000f0000000, 0x00000000f8300000, 0x00000000f8300000)
  object space 134144K, 99% used [0x00000000f0000000,0x00000000f828e258,0x00000000f8300000)
 Metaspace       used 52466K, capacity 55514K, committed 55680K, reserved 1097728K
  class space    used 6399K, capacity 6939K, committed 7040K, reserved 1048576K
2023-01-17T04:26:12.428+0800: 71.378: [Full GC (Ergonomics) [PSYoungGen: 43008K->7411K(62464K)] [ParOldGen: 133688K->133688K(134144K)] 176696K->141100K(196608K), [Metaspace: 52466K->52466K(1097728K)], 0.1164468 secs] [Times: user=0.30 sys=0.00, real=0.12 secs] 
Heap after GC invocations=261 (full 243):
 PSYoungGen      total 62464K, used 7411K [0x00000000f8300000, 0x0000000100000000, 0x0000000100000000)
  eden space 43008K, 17% used [0x00000000f8300000,0x00000000f8a3cfa8,0x00000000fad00000)
  from space 19456K, 0% used [0x00000000fed00000,0x00000000fed00000,0x0000000100000000)
  to   space 42496K, 0% used [0x00000000fad00000,0x00000000fad00000,0x00000000fd680000)
 ParOldGen       total 134144K, used 133688K [0x00000000f0000000, 0x00000000f8300000, 0x00000000f8300000)
  object space 134144K, 99% used [0x00000000f0000000,0x00000000f828e258,0x00000000f8300000)
 Metaspace       used 52466K, capacity 55514K, committed 55680K, reserved 1097728K
  class space    used 6399K, capacity 6939K, committed 7040K, reserved 1048576K
}
{Heap before GC invocations=262 (full 244):
 PSYoungGen      total 62464K, used 43008K [0x00000000f8300000, 0x0000000100000000, 0x0000000100000000)
  eden space 43008K, 100% used [0x00000000f8300000,0x00000000fad00000,0x00000000fad00000)
  from space 19456K, 0% used [0x00000000fed00000,0x00000000fed00000,0x0000000100000000)
  to   space 42496K, 0% used [0x00000000fad00000,0x00000000fad00000,0x00000000fd680000)
 ParOldGen       total 134144K, used 133688K [0x00000000f0000000, 0x00000000f8300000, 0x00000000f8300000)
  object space 134144K, 99% used [0x00000000f0000000,0x00000000f828e258,0x00000000f8300000)
 Metaspace       used 52466K, capacity 55514K, committed 55680K, reserved 1097728K
  class space    used 6399K, capacity 6939K, committed 7040K, reserved 1048576K
2023-01-17T04:26:12.590+0800: 71.540: [Full GC (Ergonomics) [PSYoungGen: 43008K->7412K(62464K)] [ParOldGen: 133688K->133688K(134144K)] 176696K->141100K(196608K), [Metaspace: 52466K->52466K(1097728K)], 0.1608626 secs] [Times: user=0.32 sys=0.00, real=0.16 secs] 
Heap after GC invocations=262 (full 244):
 PSYoungGen      total 62464K, used 7412K [0x00000000f8300000, 0x0000000100000000, 0x0000000100000000)
  eden space 43008K, 17% used [0x00000000f8300000,0x00000000f8a3d190,0x00000000fad00000)
  from space 19456K, 0% used [0x00000000fed00000,0x00000000fed00000,0x0000000100000000)
  to   space 42496K, 0% used [0x00000000fad00000,0x00000000fad00000,0x00000000fd680000)
 ParOldGen       total 134144K, used 133688K [0x00000000f0000000, 0x00000000f8300000, 0x00000000f8300000)
  object space 134144K, 99% used [0x00000000f0000000,0x00000000f828e258,0x00000000f8300000)
 Metaspace       used 52466K, capacity 55514K, committed 55680K, reserved 1097728K
  class space    used 6399K, capacity 6939K, committed 7040K, reserved 1048576K
}
{Heap before GC invocations=263 (full 245):
 PSYoungGen      total 62464K, used 43008K [0x00000000f8300000, 0x0000000100000000, 0x0000000100000000)
  eden space 43008K, 100% used [0x00000000f8300000,0x00000000fad00000,0x00000000fad00000)
  from space 19456K, 0% used [0x00000000fed00000,0x00000000fed00000,0x0000000100000000)
  to   space 42496K, 0% used [0x00000000fad00000,0x00000000fad00000,0x00000000fd680000)
 ParOldGen       total 134144K, used 133688K [0x00000000f0000000, 0x00000000f8300000, 0x00000000f8300000)
  object space 134144K, 99% used [0x00000000f0000000,0x00000000f828e258,0x00000000f8300000)
 Metaspace       used 52471K, capacity 55514K, committed 55680K, reserved 1097728K
  class space    used 6399K, capacity 6939K, committed 7040K, reserved 1048576K
2023-01-17T04:26:12.811+0800: 71.760: [Full GC (Ergonomics) [PSYoungGen: 43008K->7447K(62464K)] [ParOldGen: 133688K->133688K(134144K)] 176696K->141135K(196608K), [Metaspace: 52471K->52471K(1097728K)], 0.1278697 secs] [Times: user=0.31 sys=0.00, real=0.12 secs] 
Heap after GC invocations=263 (full 245):
 PSYoungGen      total 62464K, used 7447K [0x00000000f8300000, 0x0000000100000000, 0x0000000100000000)
  eden space 43008K, 17% used [0x00000000f8300000,0x00000000f8a45c18,0x00000000fad00000)
  from space 19456K, 0% used [0x00000000fed00000,0x00000000fed00000,0x0000000100000000)
  to   space 42496K, 0% used [0x00000000fad00000,0x00000000fad00000,0x00000000fd680000)
 ParOldGen       total 134144K, used 133688K [0x00000000f0000000, 0x00000000f8300000, 0x00000000f8300000)
  object space 134144K, 99% used [0x00000000f0000000,0x00000000f828e258,0x00000000f8300000)
 Metaspace       used 52471K, capacity 55514K, committed 55680K, reserved 1097728K
  class space    used 6399K, capacity 6939K, committed 7040K, reserved 1048576K
}
{Heap before GC invocations=264 (full 246):
 PSYoungGen      total 62464K, used 43008K [0x00000000f8300000, 0x0000000100000000, 0x0000000100000000)
  eden space 43008K, 100% used [0x00000000f8300000,0x00000000fad00000,0x00000000fad00000)
  from space 19456K, 0% used [0x00000000fed00000,0x00000000fed00000,0x0000000100000000)
  to   space 42496K, 0% used [0x00000000fad00000,0x00000000fad00000,0x00000000fd680000)
 ParOldGen       total 134144K, used 133688K [0x00000000f0000000, 0x00000000f8300000, 0x00000000f8300000)
  object space 134144K, 99% used [0x00000000f0000000,0x00000000f828e258,0x00000000f8300000)
 Metaspace       used 52472K, capacity 55514K, committed 55680K, reserved 1097728K
  class space    used 6399K, capacity 6939K, committed 7040K, reserved 1048576K
2023-01-17T04:26:12.984+0800: 71.934: [Full GC (Ergonomics) [PSYoungGen: 43008K->7416K(62464K)] [ParOldGen: 133688K->133688K(134144K)] 176696K->141104K(196608K), [Metaspace: 52472K->52472K(1097728K)], 0.1287547 secs] [Times: user=0.27 sys=0.00, real=0.13 secs] 
Heap after GC invocations=264 (full 246):
 PSYoungGen      total 62464K, used 7416K [0x00000000f8300000, 0x0000000100000000, 0x0000000100000000)
  eden space 43008K, 17% used [0x00000000f8300000,0x00000000f8a3e0a0,0x00000000fad00000)
  from space 19456K, 0% used [0x00000000fed00000,0x00000000fed00000,0x0000000100000000)
  to   space 42496K, 0% used [0x00000000fad00000,0x00000000fad00000,0x00000000fd680000)
 ParOldGen       total 134144K, used 133688K [0x00000000f0000000, 0x00000000f8300000, 0x00000000f8300000)
  object space 134144K, 99% used [0x00000000f0000000,0x00000000f828e258,0x00000000f8300000)
 Metaspace       used 52472K, capacity 55514K, committed 55680K, reserved 1097728K
  class space    used 6399K, capacity 6939K, committed 7040K, reserved 1048576K
}
{Heap before GC invocations=265 (full 247):
 PSYoungGen      total 62464K, used 43008K [0x00000000f8300000, 0x0000000100000000, 0x0000000100000000)
  eden space 43008K, 100% used [0x00000000f8300000,0x00000000fad00000,0x00000000fad00000)
  from space 19456K, 0% used [0x00000000fed00000,0x00000000fed00000,0x0000000100000000)
  to   space 42496K, 0% used [0x00000000fad00000,0x00000000fad00000,0x00000000fd680000)
 ParOldGen       total 134144K, used 133688K [0x00000000f0000000, 0x00000000f8300000, 0x00000000f8300000)
  object space 134144K, 99% used [0x00000000f0000000,0x00000000f828e258,0x00000000f8300000)
 Metaspace       used 52475K, capacity 55514K, committed 55680K, reserved 1097728K
  class space    used 6399K, capacity 6939K, committed 7040K, reserved 1048576K
2023-01-17T04:26:13.174+0800: 72.124: [Full GC (Ergonomics) [PSYoungGen: 43008K->7414K(62464K)] [ParOldGen: 133688K->133688K(134144K)] 176696K->141103K(196608K), [Metaspace: 52475K->52475K(1097728K)], 0.1338467 secs] [Times: user=0.32 sys=0.00, real=0.13 secs] 
Heap after GC invocations=265 (full 247):
 PSYoungGen      total 62464K, used 7414K [0x00000000f8300000, 0x0000000100000000, 0x0000000100000000)
  eden space 43008K, 17% used [0x00000000f8300000,0x00000000f8a3dad8,0x00000000fad00000)
  from space 19456K, 0% used [0x00000000fed00000,0x00000000fed00000,0x0000000100000000)
  to   space 42496K, 0% used [0x00000000fad00000,0x00000000fad00000,0x00000000fd680000)
 ParOldGen       total 134144K, used 133688K [0x00000000f0000000, 0x00000000f8300000, 0x00000000f8300000)
  object space 134144K, 99% used [0x00000000f0000000,0x00000000f828e258,0x00000000f8300000)
 Metaspace       used 52475K, capacity 55514K, committed 55680K, reserved 1097728K
  class space    used 6399K, capacity 6939K, committed 7040K, reserved 1048576K
}
{Heap before GC invocations=266 (full 248):
 PSYoungGen      total 62464K, used 43008K [0x00000000f8300000, 0x0000000100000000, 0x0000000100000000)
  eden space 43008K, 100% used [0x00000000f8300000,0x00000000fad00000,0x00000000fad00000)
  from space 19456K, 0% used [0x00000000fed00000,0x00000000fed00000,0x0000000100000000)
  to   space 42496K, 0% used [0x00000000fad00000,0x00000000fad00000,0x00000000fd680000)
 ParOldGen       total 134144K, used 133688K [0x00000000f0000000, 0x00000000f8300000, 0x00000000f8300000)
  object space 134144K, 99% used [0x00000000f0000000,0x00000000f828e258,0x00000000f8300000)
 Metaspace       used 52475K, capacity 55514K, committed 55680K, reserved 1097728K
  class space    used 6399K, capacity 6939K, committed 7040K, reserved 1048576K
2023-01-17T04:26:13.354+0800: 72.304: [Full GC (Ergonomics) [PSYoungGen: 43008K->7430K(62464K)] [ParOldGen: 133688K->133688K(134144K)] 176696K->141119K(196608K), [Metaspace: 52475K->52475K(1097728K)], 0.1472901 secs] [Times: user=0.31 sys=0.01, real=0.15 secs] 
Heap after GC invocations=266 (full 248):
 PSYoungGen      total 62464K, used 7430K [0x00000000f8300000, 0x0000000100000000, 0x0000000100000000)
  eden space 43008K, 17% used [0x00000000f8300000,0x00000000f8a419b0,0x00000000fad00000)
  from space 19456K, 0% used [0x00000000fed00000,0x00000000fed00000,0x0000000100000000)
  to   space 42496K, 0% used [0x00000000fad00000,0x00000000fad00000,0x00000000fd680000)
 ParOldGen       total 134144K, used 133688K [0x00000000f0000000, 0x00000000f8300000, 0x00000000f8300000)
  object space 134144K, 99% used [0x00000000f0000000,0x00000000f828e258,0x00000000f8300000)
 Metaspace       used 52475K, capacity 55514K, committed 55680K, reserved 1097728K
  class space    used 6399K, capacity 6939K, committed 7040K, reserved 1048576K
}
{Heap before GC invocations=267 (full 249):
 PSYoungGen      total 62464K, used 43008K [0x00000000f8300000, 0x0000000100000000, 0x0000000100000000)
  eden space 43008K, 100% used [0x00000000f8300000,0x00000000fad00000,0x00000000fad00000)
  from space 19456K, 0% used [0x00000000fed00000,0x00000000fed00000,0x0000000100000000)
  to   space 42496K, 0% used [0x00000000fad00000,0x00000000fad00000,0x00000000fd680000)
 ParOldGen       total 134144K, used 133688K [0x00000000f0000000, 0x00000000f8300000, 0x00000000f8300000)
  object space 134144K, 99% used [0x00000000f0000000,0x00000000f828e258,0x00000000f8300000)
 Metaspace       used 52475K, capacity 55514K, committed 55680K, reserved 1097728K
  class space    used 6399K, capacity 6939K, committed 7040K, reserved 1048576K
2023-01-17T04:26:13.558+0800: 72.508: [Full GC (Ergonomics) [PSYoungGen: 43008K->7460K(62464K)] [ParOldGen: 133688K->133688K(134144K)] 176696K->141149K(196608K), [Metaspace: 52475K->52475K(1097728K)], 0.1230792 secs] [Times: user=0.30 sys=0.00, real=0.13 secs] 
Heap after GC invocations=267 (full 249):
 PSYoungGen      total 62464K, used 7460K [0x00000000f8300000, 0x0000000100000000, 0x0000000100000000)
  eden space 43008K, 17% used [0x00000000f8300000,0x00000000f8a49300,0x00000000fad00000)
  from space 19456K, 0% used [0x00000000fed00000,0x00000000fed00000,0x0000000100000000)
  to   space 42496K, 0% used [0x00000000fad00000,0x00000000fad00000,0x00000000fd680000)
 ParOldGen       total 134144K, used 133688K [0x00000000f0000000, 0x00000000f8300000, 0x00000000f8300000)
  object space 134144K, 99% used [0x00000000f0000000,0x00000000f828e258,0x00000000f8300000)
 Metaspace       used 52475K, capacity 55514K, committed 55680K, reserved 1097728K
  class space    used 6399K, capacity 6939K, committed 7040K, reserved 1048576K
}
{Heap before GC invocations=268 (full 250):
 PSYoungGen      total 62464K, used 43008K [0x00000000f8300000, 0x0000000100000000, 0x0000000100000000)
  eden space 43008K, 100% used [0x00000000f8300000,0x00000000fad00000,0x00000000fad00000)
  from space 19456K, 0% used [0x00000000fed00000,0x00000000fed00000,0x0000000100000000)
  to   space 42496K, 0% used [0x00000000fad00000,0x00000000fad00000,0x00000000fd680000)
 ParOldGen       total 134144K, used 133688K [0x00000000f0000000, 0x00000000f8300000, 0x00000000f8300000)
  object space 134144K, 99% used [0x00000000f0000000,0x00000000f828e258,0x00000000f8300000)
 Metaspace       used 52475K, capacity 55514K, committed 55680K, reserved 1097728K
  class space    used 6399K, capacity 6939K, committed 7040K, reserved 1048576K
2023-01-17T04:26:13.727+0800: 72.677: [Full GC (Ergonomics) [PSYoungGen: 43008K->7444K(62464K)] [ParOldGen: 133688K->133680K(134144K)] 176696K->141125K(196608K), [Metaspace: 52475K->52475K(1097728K)], 0.1568880 secs] [Times: user=0.46 sys=0.00, real=0.16 secs] 
Heap after GC invocations=268 (full 250):
 PSYoungGen      total 62464K, used 7444K [0x00000000f8300000, 0x0000000100000000, 0x0000000100000000)
  eden space 43008K, 17% used [0x00000000f8300000,0x00000000f8a45270,0x00000000fad00000)
  from space 19456K, 0% used [0x00000000fed00000,0x00000000fed00000,0x0000000100000000)
  to   space 42496K, 0% used [0x00000000fad00000,0x00000000fad00000,0x00000000fd680000)
 ParOldGen       total 134144K, used 133680K [0x00000000f0000000, 0x00000000f8300000, 0x00000000f8300000)
  object space 134144K, 99% used [0x00000000f0000000,0x00000000f828c220,0x00000000f8300000)
 Metaspace       used 52475K, capacity 55514K, committed 55680K, reserved 1097728K
  class space    used 6399K, capacity 6939K, committed 7040K, reserved 1048576K
}
{Heap before GC invocations=269 (full 251):
 PSYoungGen      total 62464K, used 43008K [0x00000000f8300000, 0x0000000100000000, 0x0000000100000000)
  eden space 43008K, 100% used [0x00000000f8300000,0x00000000fad00000,0x00000000fad00000)
  from space 19456K, 0% used [0x00000000fed00000,0x00000000fed00000,0x0000000100000000)
  to   space 42496K, 0% used [0x00000000fad00000,0x00000000fad00000,0x00000000fd680000)
 ParOldGen       total 134144K, used 133680K [0x00000000f0000000, 0x00000000f8300000, 0x00000000f8300000)
  object space 134144K, 99% used [0x00000000f0000000,0x00000000f828c220,0x00000000f8300000)
 Metaspace       used 52478K, capacity 55514K, committed 55680K, reserved 1097728K
  class space    used 6399K, capacity 6939K, committed 7040K, reserved 1048576K
2023-01-17T04:26:13.944+0800: 72.894: [Full GC (Ergonomics) [PSYoungGen: 43008K->7468K(62464K)] [ParOldGen: 133680K->133680K(134144K)] 176688K->141148K(196608K), [Metaspace: 52478K->52478K(1097728K)], 0.1162676 secs] [Times: user=0.30 sys=0.00, real=0.12 secs] 
Heap after GC invocations=269 (full 251):
 PSYoungGen      total 62464K, used 7468K [0x00000000f8300000, 0x0000000100000000, 0x0000000100000000)
  eden space 43008K, 17% used [0x00000000f8300000,0x00000000f8a4b058,0x00000000fad00000)
  from space 19456K, 0% used [0x00000000fed00000,0x00000000fed00000,0x0000000100000000)
  to   space 42496K, 0% used [0x00000000fad00000,0x00000000fad00000,0x00000000fd680000)
 ParOldGen       total 134144K, used 133680K [0x00000000f0000000, 0x00000000f8300000, 0x00000000f8300000)
  object space 134144K, 99% used [0x00000000f0000000,0x00000000f828c220,0x00000000f8300000)
 Metaspace       used 52478K, capacity 55514K, committed 55680K, reserved 1097728K
  class space    used 6399K, capacity 6939K, committed 7040K, reserved 1048576K
}
{Heap before GC invocations=270 (full 252):
 PSYoungGen      total 62464K, used 43008K [0x00000000f8300000, 0x0000000100000000, 0x0000000100000000)
  eden space 43008K, 100% used [0x00000000f8300000,0x00000000fad00000,0x00000000fad00000)
  from space 19456K, 0% used [0x00000000fed00000,0x00000000fed00000,0x0000000100000000)
  to   space 42496K, 0% used [0x00000000fad00000,0x00000000fad00000,0x00000000fd680000)
 ParOldGen       total 134144K, used 133680K [0x00000000f0000000, 0x00000000f8300000, 0x00000000f8300000)
  object space 134144K, 99% used [0x00000000f0000000,0x00000000f828c220,0x00000000f8300000)
 Metaspace       used 52482K, capacity 55514K, committed 55680K, reserved 1097728K
  class space    used 6399K, capacity 6939K, committed 7040K, reserved 1048576K
2023-01-17T04:26:14.132+0800: 73.082: [Full GC (Ergonomics) [PSYoungGen: 43008K->7436K(62464K)] [ParOldGen: 133680K->133680K(134144K)] 176688K->141116K(196608K), [Metaspace: 52482K->52482K(1097728K)], 0.1496317 secs] [Times: user=0.29 sys=0.00, real=0.15 secs] 
Heap after GC invocations=270 (full 252):
 PSYoungGen      total 62464K, used 7436K [0x00000000f8300000, 0x0000000100000000, 0x0000000100000000)
  eden space 43008K, 17% used [0x00000000f8300000,0x00000000f8a43038,0x00000000fad00000)
  from space 19456K, 0% used [0x00000000fed00000,0x00000000fed00000,0x0000000100000000)
  to   space 42496K, 0% used [0x00000000fad00000,0x00000000fad00000,0x00000000fd680000)
 ParOldGen       total 134144K, used 133680K [0x00000000f0000000, 0x00000000f8300000, 0x00000000f8300000)
  object space 134144K, 99% used [0x00000000f0000000,0x00000000f828c190,0x00000000f8300000)
 Metaspace       used 52482K, capacity 55514K, committed 55680K, reserved 1097728K
  class space    used 6399K, capacity 6939K, committed 7040K, reserved 1048576K
}
{Heap before GC invocations=271 (full 253):
 PSYoungGen      total 62464K, used 43008K [0x00000000f8300000, 0x0000000100000000, 0x0000000100000000)
  eden space 43008K, 100% used [0x00000000f8300000,0x00000000fad00000,0x00000000fad00000)
  from space 19456K, 0% used [0x00000000fed00000,0x00000000fed00000,0x0000000100000000)
  to   space 42496K, 0% used [0x00000000fad00000,0x00000000fad00000,0x00000000fd680000)
 ParOldGen       total 134144K, used 133680K [0x00000000f0000000, 0x00000000f8300000, 0x00000000f8300000)
  object space 134144K, 99% used [0x00000000f0000000,0x00000000f828c190,0x00000000f8300000)
 Metaspace       used 52482K, capacity 55514K, committed 55680K, reserved 1097728K
  class space    used 6399K, capacity 6939K, committed 7040K, reserved 1048576K
2023-01-17T04:26:14.363+0800: 73.313: [Full GC (Ergonomics) [PSYoungGen: 43008K->7419K(62464K)] [ParOldGen: 133680K->133680K(134144K)] 176688K->141099K(196608K), [Metaspace: 52482K->52482K(1097728K)], 0.1459472 secs] [Times: user=0.33 sys=0.00, real=0.14 secs] 
Heap after GC invocations=271 (full 253):
 PSYoungGen      total 62464K, used 7419K [0x00000000f8300000, 0x0000000100000000, 0x0000000100000000)
  eden space 43008K, 17% used [0x00000000f8300000,0x00000000f8a3ed40,0x00000000fad00000)
  from space 19456K, 0% used [0x00000000fed00000,0x00000000fed00000,0x0000000100000000)
  to   space 42496K, 0% used [0x00000000fad00000,0x00000000fad00000,0x00000000fd680000)
 ParOldGen       total 134144K, used 133680K [0x00000000f0000000, 0x00000000f8300000, 0x00000000f8300000)
  object space 134144K, 99% used [0x00000000f0000000,0x00000000f828c130,0x00000000f8300000)
 Metaspace       used 52482K, capacity 55514K, committed 55680K, reserved 1097728K
  class space    used 6399K, capacity 6939K, committed 7040K, reserved 1048576K
}
{Heap before GC invocations=272 (full 254):
 PSYoungGen      total 62464K, used 43008K [0x00000000f8300000, 0x0000000100000000, 0x0000000100000000)
  eden space 43008K, 100% used [0x00000000f8300000,0x00000000fad00000,0x00000000fad00000)
  from space 19456K, 0% used [0x00000000fed00000,0x00000000fed00000,0x0000000100000000)
  to   space 42496K, 0% used [0x00000000fad00000,0x00000000fad00000,0x00000000fd680000)
 ParOldGen       total 134144K, used 133680K [0x00000000f0000000, 0x00000000f8300000, 0x00000000f8300000)
  object space 134144K, 99% used [0x00000000f0000000,0x00000000f828c130,0x00000000f8300000)
 Metaspace       used 52482K, capacity 55514K, committed 55680K, reserved 1097728K
  class space    used 6399K, capacity 6939K, committed 7040K, reserved 1048576K
2023-01-17T04:26:14.555+0800: 73.505: [Full GC (Ergonomics) [PSYoungGen: 43008K->7430K(62464K)] [ParOldGen: 133680K->133680K(134144K)] 176688K->141110K(196608K), [Metaspace: 52482K->52482K(1097728K)], 0.1289833 secs] [Times: user=0.35 sys=0.00, real=0.13 secs] 
Heap after GC invocations=272 (full 254):
 PSYoungGen      total 62464K, used 7430K [0x00000000f8300000, 0x0000000100000000, 0x0000000100000000)
  eden space 43008K, 17% used [0x00000000f8300000,0x00000000f8a41ad8,0x00000000fad00000)
  from space 19456K, 0% used [0x00000000fed00000,0x00000000fed00000,0x0000000100000000)
  to   space 42496K, 0% used [0x00000000fad00000,0x00000000fad00000,0x00000000fd680000)
 ParOldGen       total 134144K, used 133680K [0x00000000f0000000, 0x00000000f8300000, 0x00000000f8300000)
  object space 134144K, 99% used [0x00000000f0000000,0x00000000f828c000,0x00000000f8300000)
 Metaspace       used 52482K, capacity 55514K, committed 55680K, reserved 1097728K
  class space    used 6399K, capacity 6939K, committed 7040K, reserved 1048576K
}
{Heap before GC invocations=273 (full 255):
 PSYoungGen      total 62464K, used 43008K [0x00000000f8300000, 0x0000000100000000, 0x0000000100000000)
  eden space 43008K, 100% used [0x00000000f8300000,0x00000000fad00000,0x00000000fad00000)
  from space 19456K, 0% used [0x00000000fed00000,0x00000000fed00000,0x0000000100000000)
  to   space 42496K, 0% used [0x00000000fad00000,0x00000000fad00000,0x00000000fd680000)
 ParOldGen       total 134144K, used 133680K [0x00000000f0000000, 0x00000000f8300000, 0x00000000f8300000)
  object space 134144K, 99% used [0x00000000f0000000,0x00000000f828c000,0x00000000f8300000)
 Metaspace       used 52482K, capacity 55514K, committed 55680K, reserved 1097728K
  class space    used 6399K, capacity 6939K, committed 7040K, reserved 1048576K
2023-01-17T04:26:14.734+0800: 73.684: [Full GC (Ergonomics) [PSYoungGen: 43008K->7419K(62464K)] [ParOldGen: 133680K->133679K(134144K)] 176688K->141099K(196608K), [Metaspace: 52482K->52482K(1097728K)], 0.1382858 secs] [Times: user=0.38 sys=0.00, real=0.14 secs] 
Heap after GC invocations=273 (full 255):
 PSYoungGen      total 62464K, used 7419K [0x00000000f8300000, 0x0000000100000000, 0x0000000100000000)
  eden space 43008K, 17% used [0x00000000f8300000,0x00000000f8a3ef18,0x00000000fad00000)
  from space 19456K, 0% used [0x00000000fed00000,0x00000000fed00000,0x0000000100000000)
  to   space 42496K, 0% used [0x00000000fad00000,0x00000000fad00000,0x00000000fd680000)
 ParOldGen       total 134144K, used 133679K [0x00000000f0000000, 0x00000000f8300000, 0x00000000f8300000)
  object space 134144K, 99% used [0x00000000f0000000,0x00000000f828bda0,0x00000000f8300000)
 Metaspace       used 52482K, capacity 55514K, committed 55680K, reserved 1097728K
  class space    used 6399K, capacity 6939K, committed 7040K, reserved 1048576K
}
{Heap before GC invocations=274 (full 256):
 PSYoungGen      total 62464K, used 43008K [0x00000000f8300000, 0x0000000100000000, 0x0000000100000000)
  eden space 43008K, 100% used [0x00000000f8300000,0x00000000fad00000,0x00000000fad00000)
  from space 19456K, 0% used [0x00000000fed00000,0x00000000fed00000,0x0000000100000000)
  to   space 42496K, 0% used [0x00000000fad00000,0x00000000fad00000,0x00000000fd680000)
 ParOldGen       total 134144K, used 133679K [0x00000000f0000000, 0x00000000f8300000, 0x00000000f8300000)
  object space 134144K, 99% used [0x00000000f0000000,0x00000000f828bda0,0x00000000f8300000)
 Metaspace       used 52482K, capacity 55514K, committed 55680K, reserved 1097728K
  class space    used 6399K, capacity 6939K, committed 7040K, reserved 1048576K
2023-01-17T04:26:14.933+0800: 73.882: [Full GC (Ergonomics) [PSYoungGen: 43008K->7415K(62464K)] [ParOldGen: 133679K->133679K(134144K)] 176687K->141095K(196608K), [Metaspace: 52482K->52482K(1097728K)], 0.1525240 secs] [Times: user=0.30 sys=0.00, real=0.15 secs] 
Heap after GC invocations=274 (full 256):
 PSYoungGen      total 62464K, used 7415K [0x00000000f8300000, 0x0000000100000000, 0x0000000100000000)
  eden space 43008K, 17% used [0x00000000f8300000,0x00000000f8a3def0,0x00000000fad00000)
  from space 19456K, 0% used [0x00000000fed00000,0x00000000fed00000,0x0000000100000000)
  to   space 42496K, 0% used [0x00000000fad00000,0x00000000fad00000,0x00000000fd680000)
 ParOldGen       total 134144K, used 133679K [0x00000000f0000000, 0x00000000f8300000, 0x00000000f8300000)
  object space 134144K, 99% used [0x00000000f0000000,0x00000000f828bda0,0x00000000f8300000)
 Metaspace       used 52482K, capacity 55514K, committed 55680K, reserved 1097728K
  class space    used 6399K, capacity 6939K, committed 7040K, reserved 1048576K
}
{Heap before GC invocations=275 (full 257):
 PSYoungGen      total 62464K, used 43008K [0x00000000f8300000, 0x0000000100000000, 0x0000000100000000)
  eden space 43008K, 100% used [0x00000000f8300000,0x00000000fad00000,0x00000000fad00000)
  from space 19456K, 0% used [0x00000000fed00000,0x00000000fed00000,0x0000000100000000)
  to   space 42496K, 0% used [0x00000000fad00000,0x00000000fad00000,0x00000000fd680000)
 ParOldGen       total 134144K, used 133679K [0x00000000f0000000, 0x00000000f8300000, 0x00000000f8300000)
  object space 134144K, 99% used [0x00000000f0000000,0x00000000f828bda0,0x00000000f8300000)
 Metaspace       used 52482K, capacity 55514K, committed 55680K, reserved 1097728K
  class space    used 6399K, capacity 6939K, committed 7040K, reserved 1048576K
2023-01-17T04:26:15.142+0800: 74.092: [Full GC (Ergonomics) [PSYoungGen: 43008K->7420K(62464K)] [ParOldGen: 133679K->133679K(134144K)] 176687K->141099K(196608K), [Metaspace: 52482K->52482K(1097728K)], 0.1230184 secs] [Times: user=0.31 sys=0.00, real=0.12 secs] 
Heap after GC invocations=275 (full 257):
 PSYoungGen      total 62464K, used 7420K [0x00000000f8300000, 0x0000000100000000, 0x0000000100000000)
  eden space 43008K, 17% used [0x00000000f8300000,0x00000000f8a3f050,0x00000000fad00000)
  from space 19456K, 0% used [0x00000000fed00000,0x00000000fed00000,0x0000000100000000)
  to   space 42496K, 0% used [0x00000000fad00000,0x00000000fad00000,0x00000000fd680000)
 ParOldGen       total 134144K, used 133679K [0x00000000f0000000, 0x00000000f8300000, 0x00000000f8300000)
  object space 134144K, 99% used [0x00000000f0000000,0x00000000f828bda0,0x00000000f8300000)
 Metaspace       used 52482K, capacity 55514K, committed 55680K, reserved 1097728K
  class space    used 6399K, capacity 6939K, committed 7040K, reserved 1048576K
}
{Heap before GC invocations=276 (full 258):
 PSYoungGen      total 62464K, used 43008K [0x00000000f8300000, 0x0000000100000000, 0x0000000100000000)
  eden space 43008K, 100% used [0x00000000f8300000,0x00000000fad00000,0x00000000fad00000)
  from space 19456K, 0% used [0x00000000fed00000,0x00000000fed00000,0x0000000100000000)
  to   space 42496K, 0% used [0x00000000fad00000,0x00000000fad00000,0x00000000fd680000)
 ParOldGen       total 134144K, used 133679K [0x00000000f0000000, 0x00000000f8300000, 0x00000000f8300000)
  object space 134144K, 99% used [0x00000000f0000000,0x00000000f828bda0,0x00000000f8300000)
 Metaspace       used 52482K, capacity 55514K, committed 55680K, reserved 1097728K
  class space    used 6399K, capacity 6939K, committed 7040K, reserved 1048576K
2023-01-17T04:26:15.310+0800: 74.260: [Full GC (Ergonomics) [PSYoungGen: 43008K->7421K(62464K)] [ParOldGen: 133679K->133679K(134144K)] 176687K->141101K(196608K), [Metaspace: 52482K->52482K(1097728K)], 0.1154518 secs] [Times: user=0.30 sys=0.00, real=0.11 secs] 
Heap after GC invocations=276 (full 258):
 PSYoungGen      total 62464K, used 7421K [0x00000000f8300000, 0x0000000100000000, 0x0000000100000000)
  eden space 43008K, 17% used [0x00000000f8300000,0x00000000f8a3f728,0x00000000fad00000)
  from space 19456K, 0% used [0x00000000fed00000,0x00000000fed00000,0x0000000100000000)
  to   space 42496K, 0% used [0x00000000fad00000,0x00000000fad00000,0x00000000fd680000)
 ParOldGen       total 134144K, used 133679K [0x00000000f0000000, 0x00000000f8300000, 0x00000000f8300000)
  object space 134144K, 99% used [0x00000000f0000000,0x00000000f828bda0,0x00000000f8300000)
 Metaspace       used 52482K, capacity 55514K, committed 55680K, reserved 1097728K
  class space    used 6399K, capacity 6939K, committed 7040K, reserved 1048576K
}
{Heap before GC invocations=277 (full 259):
 PSYoungGen      total 62464K, used 43008K [0x00000000f8300000, 0x0000000100000000, 0x0000000100000000)
  eden space 43008K, 100% used [0x00000000f8300000,0x00000000fad00000,0x00000000fad00000)
  from space 19456K, 0% used [0x00000000fed00000,0x00000000fed00000,0x0000000100000000)
  to   space 42496K, 0% used [0x00000000fad00000,0x00000000fad00000,0x00000000fd680000)
 ParOldGen       total 134144K, used 133679K [0x00000000f0000000, 0x00000000f8300000, 0x00000000f8300000)
  object space 134144K, 99% used [0x00000000f0000000,0x00000000f828bda0,0x00000000f8300000)
 Metaspace       used 52482K, capacity 55514K, committed 55680K, reserved 1097728K
  class space    used 6399K, capacity 6939K, committed 7040K, reserved 1048576K
2023-01-17T04:26:15.476+0800: 74.426: [Full GC (Ergonomics) [PSYoungGen: 43008K->7430K(62464K)] [ParOldGen: 133679K->133679K(134144K)] 176687K->141109K(196608K), [Metaspace: 52482K->52482K(1097728K)], 0.1423152 secs] [Times: user=0.31 sys=0.00, real=0.14 secs] 
Heap after GC invocations=277 (full 259):
 PSYoungGen      total 62464K, used 7430K [0x00000000f8300000, 0x0000000100000000, 0x0000000100000000)
  eden space 43008K, 17% used [0x00000000f8300000,0x00000000f8a419d0,0x00000000fad00000)
  from space 19456K, 0% used [0x00000000fed00000,0x00000000fed00000,0x0000000100000000)
  to   space 42496K, 0% used [0x00000000fad00000,0x00000000fad00000,0x00000000fd680000)
 ParOldGen       total 134144K, used 133679K [0x00000000f0000000, 0x00000000f8300000, 0x00000000f8300000)
  object space 134144K, 99% used [0x00000000f0000000,0x00000000f828bda0,0x00000000f8300000)
 Metaspace       used 52482K, capacity 55514K, committed 55680K, reserved 1097728K
  class space    used 6399K, capacity 6939K, committed 7040K, reserved 1048576K
}
{Heap before GC invocations=278 (full 260):
 PSYoungGen      total 62464K, used 43008K [0x00000000f8300000, 0x0000000100000000, 0x0000000100000000)
  eden space 43008K, 100% used [0x00000000f8300000,0x00000000fad00000,0x00000000fad00000)
  from space 19456K, 0% used [0x00000000fed00000,0x00000000fed00000,0x0000000100000000)
  to   space 42496K, 0% used [0x00000000fad00000,0x00000000fad00000,0x00000000fd680000)
 ParOldGen       total 134144K, used 133679K [0x00000000f0000000, 0x00000000f8300000, 0x00000000f8300000)
  object space 134144K, 99% used [0x00000000f0000000,0x00000000f828bda0,0x00000000f8300000)
 Metaspace       used 52482K, capacity 55514K, committed 55680K, reserved 1097728K
  class space    used 6399K, capacity 6939K, committed 7040K, reserved 1048576K
2023-01-17T04:26:15.683+0800: 74.633: [Full GC (Ergonomics) [PSYoungGen: 43008K->7417K(62464K)] [ParOldGen: 133679K->133679K(134144K)] 176687K->141096K(196608K), [Metaspace: 52482K->52482K(1097728K)], 0.1765874 secs] [Times: user=0.36 sys=0.00, real=0.18 secs] 
Heap after GC invocations=278 (full 260):
 PSYoungGen      total 62464K, used 7417K [0x00000000f8300000, 0x0000000100000000, 0x0000000100000000)
  eden space 43008K, 17% used [0x00000000f8300000,0x00000000f8a3e5a8,0x00000000fad00000)
  from space 19456K, 0% used [0x00000000fed00000,0x00000000fed00000,0x0000000100000000)
  to   space 42496K, 0% used [0x00000000fad00000,0x00000000fad00000,0x00000000fd680000)
 ParOldGen       total 134144K, used 133679K [0x00000000f0000000, 0x00000000f8300000, 0x00000000f8300000)
  object space 134144K, 99% used [0x00000000f0000000,0x00000000f828bd40,0x00000000f8300000)
 Metaspace       used 52482K, capacity 55514K, committed 55680K, reserved 1097728K
  class space    used 6399K, capacity 6939K, committed 7040K, reserved 1048576K
}
{Heap before GC invocations=279 (full 261):
 PSYoungGen      total 62464K, used 43008K [0x00000000f8300000, 0x0000000100000000, 0x0000000100000000)
  eden space 43008K, 100% used [0x00000000f8300000,0x00000000fad00000,0x00000000fad00000)
  from space 19456K, 0% used [0x00000000fed00000,0x00000000fed00000,0x0000000100000000)
  to   space 42496K, 0% used [0x00000000fad00000,0x00000000fad00000,0x00000000fd680000)
 ParOldGen       total 134144K, used 133679K [0x00000000f0000000, 0x00000000f8300000, 0x00000000f8300000)
  object space 134144K, 99% used [0x00000000f0000000,0x00000000f828bd40,0x00000000f8300000)
 Metaspace       used 52482K, capacity 55514K, committed 55680K, reserved 1097728K
  class space    used 6399K, capacity 6939K, committed 7040K, reserved 1048576K
2023-01-17T04:26:15.920+0800: 74.870: [Full GC (Ergonomics) [PSYoungGen: 43008K->7418K(62464K)] [ParOldGen: 133679K->133679K(134144K)] 176687K->141097K(196608K), [Metaspace: 52482K->52482K(1097728K)], 0.1201715 secs] [Times: user=0.31 sys=0.01, real=0.12 secs] 
Heap after GC invocations=279 (full 261):
 PSYoungGen      total 62464K, used 7418K [0x00000000f8300000, 0x0000000100000000, 0x0000000100000000)
  eden space 43008K, 17% used [0x00000000f8300000,0x00000000f8a3e810,0x00000000fad00000)
  from space 19456K, 0% used [0x00000000fed00000,0x00000000fed00000,0x0000000100000000)
  to   space 42496K, 0% used [0x00000000fad00000,0x00000000fad00000,0x00000000fd680000)
 ParOldGen       total 134144K, used 133679K [0x00000000f0000000, 0x00000000f8300000, 0x00000000f8300000)
  object space 134144K, 99% used [0x00000000f0000000,0x00000000f828bd40,0x00000000f8300000)
 Metaspace       used 52482K, capacity 55514K, committed 55680K, reserved 1097728K
  class space    used 6399K, capacity 6939K, committed 7040K, reserved 1048576K
}
{Heap before GC invocations=280 (full 262):
 PSYoungGen      total 62464K, used 43008K [0x00000000f8300000, 0x0000000100000000, 0x0000000100000000)
  eden space 43008K, 100% used [0x00000000f8300000,0x00000000fad00000,0x00000000fad00000)
  from space 19456K, 0% used [0x00000000fed00000,0x00000000fed00000,0x0000000100000000)
  to   space 42496K, 0% used [0x00000000fad00000,0x00000000fad00000,0x00000000fd680000)
 ParOldGen       total 134144K, used 133679K [0x00000000f0000000, 0x00000000f8300000, 0x00000000f8300000)
  object space 134144K, 99% used [0x00000000f0000000,0x00000000f828bd40,0x00000000f8300000)
 Metaspace       used 52482K, capacity 55514K, committed 55680K, reserved 1097728K
  class space    used 6399K, capacity 6939K, committed 7040K, reserved 1048576K
2023-01-17T04:26:16.086+0800: 75.036: [Full GC (Ergonomics) [PSYoungGen: 43008K->7411K(62464K)] [ParOldGen: 133679K->133679K(134144K)] 176687K->141090K(196608K), [Metaspace: 52482K->52482K(1097728K)], 0.1271881 secs] [Times: user=0.34 sys=0.00, real=0.13 secs] 
Heap after GC invocations=280 (full 262):
 PSYoungGen      total 62464K, used 7411K [0x00000000f8300000, 0x0000000100000000, 0x0000000100000000)
  eden space 43008K, 17% used [0x00000000f8300000,0x00000000f8a3ce28,0x00000000fad00000)
  from space 19456K, 0% used [0x00000000fed00000,0x00000000fed00000,0x0000000100000000)
  to   space 42496K, 0% used [0x00000000fad00000,0x00000000fad00000,0x00000000fd680000)
 ParOldGen       total 134144K, used 133679K [0x00000000f0000000, 0x00000000f8300000, 0x00000000f8300000)
  object space 134144K, 99% used [0x00000000f0000000,0x00000000f828bce0,0x00000000f8300000)
 Metaspace       used 52482K, capacity 55514K, committed 55680K, reserved 1097728K
  class space    used 6399K, capacity 6939K, committed 7040K, reserved 1048576K
}
{Heap before GC invocations=281 (full 263):
 PSYoungGen      total 62464K, used 43008K [0x00000000f8300000, 0x0000000100000000, 0x0000000100000000)
  eden space 43008K, 100% used [0x00000000f8300000,0x00000000fad00000,0x00000000fad00000)
  from space 19456K, 0% used [0x00000000fed00000,0x00000000fed00000,0x0000000100000000)
  to   space 42496K, 0% used [0x00000000fad00000,0x00000000fad00000,0x00000000fd680000)
 ParOldGen       total 134144K, used 133679K [0x00000000f0000000, 0x00000000f8300000, 0x00000000f8300000)
  object space 134144K, 99% used [0x00000000f0000000,0x00000000f828bce0,0x00000000f8300000)
 Metaspace       used 52482K, capacity 55514K, committed 55680K, reserved 1097728K
  class space    used 6399K, capacity 6939K, committed 7040K, reserved 1048576K
2023-01-17T04:26:16.259+0800: 75.209: [Full GC (Ergonomics) [PSYoungGen: 43008K->7427K(62464K)] [ParOldGen: 133679K->133679K(134144K)] 176687K->141106K(196608K), [Metaspace: 52482K->52482K(1097728K)], 0.1129393 secs] [Times: user=0.30 sys=0.00, real=0.12 secs] 
Heap after GC invocations=281 (full 263):
 PSYoungGen      total 62464K, used 7427K [0x00000000f8300000, 0x0000000100000000, 0x0000000100000000)
  eden space 43008K, 17% used [0x00000000f8300000,0x00000000f8a40c08,0x00000000fad00000)
  from space 19456K, 0% used [0x00000000fed00000,0x00000000fed00000,0x0000000100000000)
  to   space 42496K, 0% used [0x00000000fad00000,0x00000000fad00000,0x00000000fd680000)
 ParOldGen       total 134144K, used 133679K [0x00000000f0000000, 0x00000000f8300000, 0x00000000f8300000)
  object space 134144K, 99% used [0x00000000f0000000,0x00000000f828bce0,0x00000000f8300000)
 Metaspace       used 52482K, capacity 55514K, committed 55680K, reserved 1097728K
  class space    used 6399K, capacity 6939K, committed 7040K, reserved 1048576K
}
{Heap before GC invocations=282 (full 264):
 PSYoungGen      total 62464K, used 43008K [0x00000000f8300000, 0x0000000100000000, 0x0000000100000000)
  eden space 43008K, 100% used [0x00000000f8300000,0x00000000fad00000,0x00000000fad00000)
  from space 19456K, 0% used [0x00000000fed00000,0x00000000fed00000,0x0000000100000000)
  to   space 42496K, 0% used [0x00000000fad00000,0x00000000fad00000,0x00000000fd680000)
 ParOldGen       total 134144K, used 133679K [0x00000000f0000000, 0x00000000f8300000, 0x00000000f8300000)
  object space 134144K, 99% used [0x00000000f0000000,0x00000000f828bce0,0x00000000f8300000)
 Metaspace       used 52482K, capacity 55514K, committed 55680K, reserved 1097728K
  class space    used 6399K, capacity 6939K, committed 7040K, reserved 1048576K
2023-01-17T04:26:16.417+0800: 75.367: [Full GC (Ergonomics) [PSYoungGen: 43008K->7411K(62464K)] [ParOldGen: 133679K->133679K(134144K)] 176687K->141090K(196608K), [Metaspace: 52482K->52482K(1097728K)], 0.1257035 secs] [Times: user=0.29 sys=0.00, real=0.13 secs] 
Heap after GC invocations=282 (full 264):
 PSYoungGen      total 62464K, used 7411K [0x00000000f8300000, 0x0000000100000000, 0x0000000100000000)
  eden space 43008K, 17% used [0x00000000f8300000,0x00000000f8a3cc30,0x00000000fad00000)
  from space 19456K, 0% used [0x00000000fed00000,0x00000000fed00000,0x0000000100000000)
  to   space 42496K, 0% used [0x00000000fad00000,0x00000000fad00000,0x00000000fd680000)
 ParOldGen       total 134144K, used 133679K [0x00000000f0000000, 0x00000000f8300000, 0x00000000f8300000)
  object space 134144K, 99% used [0x00000000f0000000,0x00000000f828bce0,0x00000000f8300000)
 Metaspace       used 52482K, capacity 55514K, committed 55680K, reserved 1097728K
  class space    used 6399K, capacity 6939K, committed 7040K, reserved 1048576K
}
{Heap before GC invocations=283 (full 265):
 PSYoungGen      total 62464K, used 43008K [0x00000000f8300000, 0x0000000100000000, 0x0000000100000000)
  eden space 43008K, 100% used [0x00000000f8300000,0x00000000fad00000,0x00000000fad00000)
  from space 19456K, 0% used [0x00000000fed00000,0x00000000fed00000,0x0000000100000000)
  to   space 42496K, 0% used [0x00000000fad00000,0x00000000fad00000,0x00000000fd680000)
 ParOldGen       total 134144K, used 133679K [0x00000000f0000000, 0x00000000f8300000, 0x00000000f8300000)
  object space 134144K, 99% used [0x00000000f0000000,0x00000000f828bce0,0x00000000f8300000)
 Metaspace       used 52482K, capacity 55514K, committed 55680K, reserved 1097728K
  class space    used 6399K, capacity 6939K, committed 7040K, reserved 1048576K
2023-01-17T04:26:16.597+0800: 75.547: [Full GC (Ergonomics) [PSYoungGen: 43008K->7413K(62464K)] [ParOldGen: 133679K->133679K(134144K)] 176687K->141093K(196608K), [Metaspace: 52482K->52482K(1097728K)], 0.1290554 secs] [Times: user=0.30 sys=0.00, real=0.13 secs] 
Heap after GC invocations=283 (full 265):
 PSYoungGen      total 62464K, used 7413K [0x00000000f8300000, 0x0000000100000000, 0x0000000100000000)
  eden space 43008K, 17% used [0x00000000f8300000,0x00000000f8a3d778,0x00000000fad00000)
  from space 19456K, 0% used [0x00000000fed00000,0x00000000fed00000,0x0000000100000000)
  to   space 42496K, 0% used [0x00000000fad00000,0x00000000fad00000,0x00000000fd680000)
 ParOldGen       total 134144K, used 133679K [0x00000000f0000000, 0x00000000f8300000, 0x00000000f8300000)
  object space 134144K, 99% used [0x00000000f0000000,0x00000000f828bce0,0x00000000f8300000)
 Metaspace       used 52482K, capacity 55514K, committed 55680K, reserved 1097728K
  class space    used 6399K, capacity 6939K, committed 7040K, reserved 1048576K
}
{Heap before GC invocations=284 (full 266):
 PSYoungGen      total 62464K, used 43008K [0x00000000f8300000, 0x0000000100000000, 0x0000000100000000)
  eden space 43008K, 100% used [0x00000000f8300000,0x00000000fad00000,0x00000000fad00000)
  from space 19456K, 0% used [0x00000000fed00000,0x00000000fed00000,0x0000000100000000)
  to   space 42496K, 0% used [0x00000000fad00000,0x00000000fad00000,0x00000000fd680000)
 ParOldGen       total 134144K, used 133679K [0x00000000f0000000, 0x00000000f8300000, 0x00000000f8300000)
  object space 134144K, 99% used [0x00000000f0000000,0x00000000f828bce0,0x00000000f8300000)
 Metaspace       used 52482K, capacity 55514K, committed 55680K, reserved 1097728K
  class space    used 6399K, capacity 6939K, committed 7040K, reserved 1048576K
2023-01-17T04:26:16.783+0800: 75.732: [Full GC (Ergonomics) [PSYoungGen: 43008K->7415K(62464K)] [ParOldGen: 133679K->133679K(134144K)] 176687K->141094K(196608K), [Metaspace: 52482K->52482K(1097728K)], 0.1445927 secs] [Times: user=0.32 sys=0.00, real=0.14 secs] 
Heap after GC invocations=284 (full 266):
 PSYoungGen      total 62464K, used 7415K [0x00000000f8300000, 0x0000000100000000, 0x0000000100000000)
  eden space 43008K, 17% used [0x00000000f8300000,0x00000000f8a3dd10,0x00000000fad00000)
  from space 19456K, 0% used [0x00000000fed00000,0x00000000fed00000,0x0000000100000000)
  to   space 42496K, 0% used [0x00000000fad00000,0x00000000fad00000,0x00000000fd680000)
 ParOldGen       total 134144K, used 133679K [0x00000000f0000000, 0x00000000f8300000, 0x00000000f8300000)
  object space 134144K, 99% used [0x00000000f0000000,0x00000000f828bce0,0x00000000f8300000)
 Metaspace       used 52482K, capacity 55514K, committed 55680K, reserved 1097728K
  class space    used 6399K, capacity 6939K, committed 7040K, reserved 1048576K
}
{Heap before GC invocations=285 (full 267):
 PSYoungGen      total 62464K, used 43008K [0x00000000f8300000, 0x0000000100000000, 0x0000000100000000)
  eden space 43008K, 100% used [0x00000000f8300000,0x00000000fad00000,0x00000000fad00000)
  from space 19456K, 0% used [0x00000000fed00000,0x00000000fed00000,0x0000000100000000)
  to   space 42496K, 0% used [0x00000000fad00000,0x00000000fad00000,0x00000000fd680000)
 ParOldGen       total 134144K, used 133679K [0x00000000f0000000, 0x00000000f8300000, 0x00000000f8300000)
  object space 134144K, 99% used [0x00000000f0000000,0x00000000f828bce0,0x00000000f8300000)
 Metaspace       used 52482K, capacity 55514K, committed 55680K, reserved 1097728K
  class space    used 6399K, capacity 6939K, committed 7040K, reserved 1048576K
2023-01-17T04:26:16.976+0800: 75.926: [Full GC (Ergonomics) [PSYoungGen: 43008K->7413K(62464K)] [ParOldGen: 133679K->133679K(134144K)] 176687K->141092K(196608K), [Metaspace: 52482K->52482K(1097728K)], 0.1151161 secs] [Times: user=0.30 sys=0.00, real=0.12 secs] 
Heap after GC invocations=285 (full 267):
 PSYoungGen      total 62464K, used 7413K [0x00000000f8300000, 0x0000000100000000, 0x0000000100000000)
  eden space 43008K, 17% used [0x00000000f8300000,0x00000000f8a3d400,0x00000000fad00000)
  from space 19456K, 0% used [0x00000000fed00000,0x00000000fed00000,0x0000000100000000)
  to   space 42496K, 0% used [0x00000000fad00000,0x00000000fad00000,0x00000000fd680000)
 ParOldGen       total 134144K, used 133679K [0x00000000f0000000, 0x00000000f8300000, 0x00000000f8300000)
  object space 134144K, 99% used [0x00000000f0000000,0x00000000f828bce0,0x00000000f8300000)
 Metaspace       used 52482K, capacity 55514K, committed 55680K, reserved 1097728K
  class space    used 6399K, capacity 6939K, committed 7040K, reserved 1048576K
}
{Heap before GC invocations=286 (full 268):
 PSYoungGen      total 62464K, used 43008K [0x00000000f8300000, 0x0000000100000000, 0x0000000100000000)
  eden space 43008K, 100% used [0x00000000f8300000,0x00000000fad00000,0x00000000fad00000)
  from space 19456K, 0% used [0x00000000fed00000,0x00000000fed00000,0x0000000100000000)
  to   space 42496K, 0% used [0x00000000fad00000,0x00000000fad00000,0x00000000fd680000)
 ParOldGen       total 134144K, used 133679K [0x00000000f0000000, 0x00000000f8300000, 0x00000000f8300000)
  object space 134144K, 99% used [0x00000000f0000000,0x00000000f828bce0,0x00000000f8300000)
 Metaspace       used 52482K, capacity 55514K, committed 55680K, reserved 1097728K
  class space    used 6399K, capacity 6939K, committed 7040K, reserved 1048576K
2023-01-17T04:26:17.136+0800: 76.086: [Full GC (Ergonomics) [PSYoungGen: 43008K->7436K(62464K)] [ParOldGen: 133679K->133679K(134144K)] 176687K->141116K(196608K), [Metaspace: 52482K->52482K(1097728K)], 0.1320439 secs] [Times: user=0.32 sys=0.00, real=0.13 secs] 
Heap after GC invocations=286 (full 268):
 PSYoungGen      total 62464K, used 7436K [0x00000000f8300000, 0x0000000100000000, 0x0000000100000000)
  eden space 43008K, 17% used [0x00000000f8300000,0x00000000f8a433d8,0x00000000fad00000)
  from space 19456K, 0% used [0x00000000fed00000,0x00000000fed00000,0x0000000100000000)
  to   space 42496K, 0% used [0x00000000fad00000,0x00000000fad00000,0x00000000fd680000)
 ParOldGen       total 134144K, used 133679K [0x00000000f0000000, 0x00000000f8300000, 0x00000000f8300000)
  object space 134144K, 99% used [0x00000000f0000000,0x00000000f828bce0,0x00000000f8300000)
 Metaspace       used 52482K, capacity 55514K, committed 55680K, reserved 1097728K
  class space    used 6399K, capacity 6939K, committed 7040K, reserved 1048576K
}
{Heap before GC invocations=287 (full 269):
 PSYoungGen      total 62464K, used 43008K [0x00000000f8300000, 0x0000000100000000, 0x0000000100000000)
  eden space 43008K, 100% used [0x00000000f8300000,0x00000000fad00000,0x00000000fad00000)
  from space 19456K, 0% used [0x00000000fed00000,0x00000000fed00000,0x0000000100000000)
  to   space 42496K, 0% used [0x00000000fad00000,0x00000000fad00000,0x00000000fd680000)
 ParOldGen       total 134144K, used 133679K [0x00000000f0000000, 0x00000000f8300000, 0x00000000f8300000)
  object space 134144K, 99% used [0x00000000f0000000,0x00000000f828bce0,0x00000000f8300000)
 Metaspace       used 52482K, capacity 55514K, committed 55680K, reserved 1097728K
  class space    used 6399K, capacity 6939K, committed 7040K, reserved 1048576K
2023-01-17T04:26:17.324+0800: 76.273: [Full GC (Ergonomics) [PSYoungGen: 43008K->7419K(62464K)] [ParOldGen: 133679K->133679K(134144K)] 176687K->141099K(196608K), [Metaspace: 52482K->52482K(1097728K)], 0.1420642 secs] [Times: user=0.32 sys=0.00, real=0.14 secs] 
Heap after GC invocations=287 (full 269):
 PSYoungGen      total 62464K, used 7419K [0x00000000f8300000, 0x0000000100000000, 0x0000000100000000)
  eden space 43008K, 17% used [0x00000000f8300000,0x00000000f8a3ef60,0x00000000fad00000)
  from space 19456K, 0% used [0x00000000fed00000,0x00000000fed00000,0x0000000100000000)
  to   space 42496K, 0% used [0x00000000fad00000,0x00000000fad00000,0x00000000fd680000)
 ParOldGen       total 134144K, used 133679K [0x00000000f0000000, 0x00000000f8300000, 0x00000000f8300000)
  object space 134144K, 99% used [0x00000000f0000000,0x00000000f828bce0,0x00000000f8300000)
 Metaspace       used 52482K, capacity 55514K, committed 55680K, reserved 1097728K
  class space    used 6399K, capacity 6939K, committed 7040K, reserved 1048576K
}
{Heap before GC invocations=288 (full 270):
 PSYoungGen      total 62464K, used 43008K [0x00000000f8300000, 0x0000000100000000, 0x0000000100000000)
  eden space 43008K, 100% used [0x00000000f8300000,0x00000000fad00000,0x00000000fad00000)
  from space 19456K, 0% used [0x00000000fed00000,0x00000000fed00000,0x0000000100000000)
  to   space 42496K, 0% used [0x00000000fad00000,0x00000000fad00000,0x00000000fd680000)
 ParOldGen       total 134144K, used 133679K [0x00000000f0000000, 0x00000000f8300000, 0x00000000f8300000)
  object space 134144K, 99% used [0x00000000f0000000,0x00000000f828bce0,0x00000000f8300000)
 Metaspace       used 52482K, capacity 55514K, committed 55680K, reserved 1097728K
  class space    used 6399K, capacity 6939K, committed 7040K, reserved 1048576K
2023-01-17T04:26:17.511+0800: 76.461: [Full GC (Ergonomics) [PSYoungGen: 43008K->7421K(62464K)] [ParOldGen: 133679K->133679K(134144K)] 176687K->141100K(196608K), [Metaspace: 52482K->52482K(1097728K)], 0.1270786 secs] [Times: user=0.35 sys=0.00, real=0.12 secs] 
Heap after GC invocations=288 (full 270):
 PSYoungGen      total 62464K, used 7421K [0x00000000f8300000, 0x0000000100000000, 0x0000000100000000)
  eden space 43008K, 17% used [0x00000000f8300000,0x00000000f8a3f500,0x00000000fad00000)
  from space 19456K, 0% used [0x00000000fed00000,0x00000000fed00000,0x0000000100000000)
  to   space 42496K, 0% used [0x00000000fad00000,0x00000000fad00000,0x00000000fd680000)
 ParOldGen       total 134144K, used 133679K [0x00000000f0000000, 0x00000000f8300000, 0x00000000f8300000)
  object space 134144K, 99% used [0x00000000f0000000,0x00000000f828bce0,0x00000000f8300000)
 Metaspace       used 52482K, capacity 55514K, committed 55680K, reserved 1097728K
  class space    used 6399K, capacity 6939K, committed 7040K, reserved 1048576K
}
{Heap before GC invocations=289 (full 271):
 PSYoungGen      total 62464K, used 43008K [0x00000000f8300000, 0x0000000100000000, 0x0000000100000000)
  eden space 43008K, 100% used [0x00000000f8300000,0x00000000fad00000,0x00000000fad00000)
  from space 19456K, 0% used [0x00000000fed00000,0x00000000fed00000,0x0000000100000000)
  to   space 42496K, 0% used [0x00000000fad00000,0x00000000fad00000,0x00000000fd680000)
 ParOldGen       total 134144K, used 133679K [0x00000000f0000000, 0x00000000f8300000, 0x00000000f8300000)
  object space 134144K, 99% used [0x00000000f0000000,0x00000000f828bce0,0x00000000f8300000)
 Metaspace       used 52482K, capacity 55514K, committed 55680K, reserved 1097728K
  class space    used 6399K, capacity 6939K, committed 7040K, reserved 1048576K
2023-01-17T04:26:17.684+0800: 76.634: [Full GC (Ergonomics) [PSYoungGen: 43008K->7409K(62464K)] [ParOldGen: 133679K->133679K(134144K)] 176687K->141088K(196608K), [Metaspace: 52482K->52482K(1097728K)], 0.1216640 secs] [Times: user=0.30 sys=0.00, real=0.12 secs] 
Heap after GC invocations=289 (full 271):
 PSYoungGen      total 62464K, used 7409K [0x00000000f8300000, 0x0000000100000000, 0x0000000100000000)
  eden space 43008K, 17% used [0x00000000f8300000,0x00000000f8a3c6e0,0x00000000fad00000)
  from space 19456K, 0% used [0x00000000fed00000,0x00000000fed00000,0x0000000100000000)
  to   space 42496K, 0% used [0x00000000fad00000,0x00000000fad00000,0x00000000fd680000)
 ParOldGen       total 134144K, used 133679K [0x00000000f0000000, 0x00000000f8300000, 0x00000000f8300000)
  object space 134144K, 99% used [0x00000000f0000000,0x00000000f828bce0,0x00000000f8300000)
 Metaspace       used 52482K, capacity 55514K, committed 55680K, reserved 1097728K
  class space    used 6399K, capacity 6939K, committed 7040K, reserved 1048576K
}
{Heap before GC invocations=290 (full 272):
 PSYoungGen      total 62464K, used 43008K [0x00000000f8300000, 0x0000000100000000, 0x0000000100000000)
  eden space 43008K, 100% used [0x00000000f8300000,0x00000000fad00000,0x00000000fad00000)
  from space 19456K, 0% used [0x00000000fed00000,0x00000000fed00000,0x0000000100000000)
  to   space 42496K, 0% used [0x00000000fad00000,0x00000000fad00000,0x00000000fd680000)
 ParOldGen       total 134144K, used 133679K [0x00000000f0000000, 0x00000000f8300000, 0x00000000f8300000)
  object space 134144K, 99% used [0x00000000f0000000,0x00000000f828bce0,0x00000000f8300000)
 Metaspace       used 52482K, capacity 55514K, committed 55680K, reserved 1097728K
  class space    used 6399K, capacity 6939K, committed 7040K, reserved 1048576K
2023-01-17T04:26:17.858+0800: 76.808: [Full GC (Ergonomics) [PSYoungGen: 43008K->7413K(62464K)] [ParOldGen: 133679K->133679K(134144K)] 176687K->141092K(196608K), [Metaspace: 52482K->52482K(1097728K)], 0.1229168 secs] [Times: user=0.29 sys=0.00, real=0.13 secs] 
Heap after GC invocations=290 (full 272):
 PSYoungGen      total 62464K, used 7413K [0x00000000f8300000, 0x0000000100000000, 0x0000000100000000)
  eden space 43008K, 17% used [0x00000000f8300000,0x00000000f8a3d628,0x00000000fad00000)
  from space 19456K, 0% used [0x00000000fed00000,0x00000000fed00000,0x0000000100000000)
  to   space 42496K, 0% used [0x00000000fad00000,0x00000000fad00000,0x00000000fd680000)
 ParOldGen       total 134144K, used 133679K [0x00000000f0000000, 0x00000000f8300000, 0x00000000f8300000)
  object space 134144K, 99% used [0x00000000f0000000,0x00000000f828bce0,0x00000000f8300000)
 Metaspace       used 52482K, capacity 55514K, committed 55680K, reserved 1097728K
  class space    used 6399K, capacity 6939K, committed 7040K, reserved 1048576K
}
{Heap before GC invocations=291 (full 273):
 PSYoungGen      total 62464K, used 43008K [0x00000000f8300000, 0x0000000100000000, 0x0000000100000000)
  eden space 43008K, 100% used [0x00000000f8300000,0x00000000fad00000,0x00000000fad00000)
  from space 19456K, 0% used [0x00000000fed00000,0x00000000fed00000,0x0000000100000000)
  to   space 42496K, 0% used [0x00000000fad00000,0x00000000fad00000,0x00000000fd680000)
 ParOldGen       total 134144K, used 133679K [0x00000000f0000000, 0x00000000f8300000, 0x00000000f8300000)
  object space 134144K, 99% used [0x00000000f0000000,0x00000000f828bce0,0x00000000f8300000)
 Metaspace       used 52482K, capacity 55514K, committed 55680K, reserved 1097728K
  class space    used 6399K, capacity 6939K, committed 7040K, reserved 1048576K
2023-01-17T04:26:18.059+0800: 77.009: [Full GC (Ergonomics) [PSYoungGen: 43008K->7411K(62464K)] [ParOldGen: 133679K->133679K(134144K)] 176687K->141090K(196608K), [Metaspace: 52482K->52482K(1097728K)], 0.1941209 secs] [Times: user=0.38 sys=0.00, real=0.20 secs] 
Heap after GC invocations=291 (full 273):
 PSYoungGen      total 62464K, used 7411K [0x00000000f8300000, 0x0000000100000000, 0x0000000100000000)
  eden space 43008K, 17% used [0x00000000f8300000,0x00000000f8a3cce8,0x00000000fad00000)
  from space 19456K, 0% used [0x00000000fed00000,0x00000000fed00000,0x0000000100000000)
  to   space 42496K, 0% used [0x00000000fad00000,0x00000000fad00000,0x00000000fd680000)
 ParOldGen       total 134144K, used 133679K [0x00000000f0000000, 0x00000000f8300000, 0x00000000f8300000)
  object space 134144K, 99% used [0x00000000f0000000,0x00000000f828bce0,0x00000000f8300000)
 Metaspace       used 52482K, capacity 55514K, committed 55680K, reserved 1097728K
  class space    used 6399K, capacity 6939K, committed 7040K, reserved 1048576K
}
{Heap before GC invocations=292 (full 274):
 PSYoungGen      total 62464K, used 43008K [0x00000000f8300000, 0x0000000100000000, 0x0000000100000000)
  eden space 43008K, 100% used [0x00000000f8300000,0x00000000fad00000,0x00000000fad00000)
  from space 19456K, 0% used [0x00000000fed00000,0x00000000fed00000,0x0000000100000000)
  to   space 42496K, 0% used [0x00000000fad00000,0x00000000fad00000,0x00000000fd680000)
 ParOldGen       total 134144K, used 133679K [0x00000000f0000000, 0x00000000f8300000, 0x00000000f8300000)
  object space 134144K, 99% used [0x00000000f0000000,0x00000000f828bce0,0x00000000f8300000)
 Metaspace       used 52482K, capacity 55514K, committed 55680K, reserved 1097728K
  class space    used 6399K, capacity 6939K, committed 7040K, reserved 1048576K
2023-01-17T04:26:18.298+0800: 77.248: [Full GC (Ergonomics) [PSYoungGen: 43008K->7417K(62464K)] [ParOldGen: 133679K->133679K(134144K)] 176687K->141096K(196608K), [Metaspace: 52482K->52482K(1097728K)], 0.1154928 secs] [Times: user=0.30 sys=0.00, real=0.12 secs] 
Heap after GC invocations=292 (full 274):
 PSYoungGen      total 62464K, used 7417K [0x00000000f8300000, 0x0000000100000000, 0x0000000100000000)
  eden space 43008K, 17% used [0x00000000f8300000,0x00000000f8a3e538,0x00000000fad00000)
  from space 19456K, 0% used [0x00000000fed00000,0x00000000fed00000,0x0000000100000000)
  to   space 42496K, 0% used [0x00000000fad00000,0x00000000fad00000,0x00000000fd680000)
 ParOldGen       total 134144K, used 133679K [0x00000000f0000000, 0x00000000f8300000, 0x00000000f8300000)
  object space 134144K, 99% used [0x00000000f0000000,0x00000000f828bce0,0x00000000f8300000)
 Metaspace       used 52482K, capacity 55514K, committed 55680K, reserved 1097728K
  class space    used 6399K, capacity 6939K, committed 7040K, reserved 1048576K
}
{Heap before GC invocations=293 (full 275):
 PSYoungGen      total 62464K, used 43008K [0x00000000f8300000, 0x0000000100000000, 0x0000000100000000)
  eden space 43008K, 100% used [0x00000000f8300000,0x00000000fad00000,0x00000000fad00000)
  from space 19456K, 0% used [0x00000000fed00000,0x00000000fed00000,0x0000000100000000)
  to   space 42496K, 0% used [0x00000000fad00000,0x00000000fad00000,0x00000000fd680000)
 ParOldGen       total 134144K, used 133679K [0x00000000f0000000, 0x00000000f8300000, 0x00000000f8300000)
  object space 134144K, 99% used [0x00000000f0000000,0x00000000f828bce0,0x00000000f8300000)
 Metaspace       used 52482K, capacity 55514K, committed 55680K, reserved 1097728K
  class space    used 6399K, capacity 6939K, committed 7040K, reserved 1048576K
2023-01-17T04:26:18.459+0800: 77.409: [Full GC (Ergonomics) [PSYoungGen: 43008K->7444K(62464K)] [ParOldGen: 133679K->133679K(134144K)] 176687K->141123K(196608K), [Metaspace: 52482K->52482K(1097728K)], 0.1193133 secs] [Times: user=0.29 sys=0.00, real=0.12 secs] 
Heap after GC invocations=293 (full 275):
 PSYoungGen      total 62464K, used 7444K [0x00000000f8300000, 0x0000000100000000, 0x0000000100000000)
  eden space 43008K, 17% used [0x00000000f8300000,0x00000000f8a45120,0x00000000fad00000)
  from space 19456K, 0% used [0x00000000fed00000,0x00000000fed00000,0x0000000100000000)
  to   space 42496K, 0% used [0x00000000fad00000,0x00000000fad00000,0x00000000fd680000)
 ParOldGen       total 134144K, used 133679K [0x00000000f0000000, 0x00000000f8300000, 0x00000000f8300000)
  object space 134144K, 99% used [0x00000000f0000000,0x00000000f828bce0,0x00000000f8300000)
 Metaspace       used 52482K, capacity 55514K, committed 55680K, reserved 1097728K
  class space    used 6399K, capacity 6939K, committed 7040K, reserved 1048576K
}
{Heap before GC invocations=294 (full 276):
 PSYoungGen      total 62464K, used 43008K [0x00000000f8300000, 0x0000000100000000, 0x0000000100000000)
  eden space 43008K, 100% used [0x00000000f8300000,0x00000000fad00000,0x00000000fad00000)
  from space 19456K, 0% used [0x00000000fed00000,0x00000000fed00000,0x0000000100000000)
  to   space 42496K, 0% used [0x00000000fad00000,0x00000000fad00000,0x00000000fd680000)
 ParOldGen       total 134144K, used 133679K [0x00000000f0000000, 0x00000000f8300000, 0x00000000f8300000)
  object space 134144K, 99% used [0x00000000f0000000,0x00000000f828bce0,0x00000000f8300000)
 Metaspace       used 52482K, capacity 55514K, committed 55680K, reserved 1097728K
  class space    used 6399K, capacity 6939K, committed 7040K, reserved 1048576K
2023-01-17T04:26:18.624+0800: 77.574: [Full GC (Ergonomics) [PSYoungGen: 43008K->7440K(62464K)] [ParOldGen: 133679K->133679K(134144K)] 176687K->141119K(196608K), [Metaspace: 52482K->52482K(1097728K)], 0.1172094 secs] [Times: user=0.28 sys=0.00, real=0.12 secs] 
Heap after GC invocations=294 (full 276):
 PSYoungGen      total 62464K, used 7440K [0x00000000f8300000, 0x0000000100000000, 0x0000000100000000)
  eden space 43008K, 17% used [0x00000000f8300000,0x00000000f8a44180,0x00000000fad00000)
  from space 19456K, 0% used [0x00000000fed00000,0x00000000fed00000,0x0000000100000000)
  to   space 42496K, 0% used [0x00000000fad00000,0x00000000fad00000,0x00000000fd680000)
 ParOldGen       total 134144K, used 133679K [0x00000000f0000000, 0x00000000f8300000, 0x00000000f8300000)
  object space 134144K, 99% used [0x00000000f0000000,0x00000000f828bce0,0x00000000f8300000)
 Metaspace       used 52482K, capacity 55514K, committed 55680K, reserved 1097728K
  class space    used 6399K, capacity 6939K, committed 7040K, reserved 1048576K
}
{Heap before GC invocations=295 (full 277):
 PSYoungGen      total 62464K, used 43008K [0x00000000f8300000, 0x0000000100000000, 0x0000000100000000)
  eden space 43008K, 100% used [0x00000000f8300000,0x00000000fad00000,0x00000000fad00000)
  from space 19456K, 0% used [0x00000000fed00000,0x00000000fed00000,0x0000000100000000)
  to   space 42496K, 0% used [0x00000000fad00000,0x00000000fad00000,0x00000000fd680000)
 ParOldGen       total 134144K, used 133679K [0x00000000f0000000, 0x00000000f8300000, 0x00000000f8300000)
  object space 134144K, 99% used [0x00000000f0000000,0x00000000f828bce0,0x00000000f8300000)
 Metaspace       used 52482K, capacity 55514K, committed 55680K, reserved 1097728K
  class space    used 6399K, capacity 6939K, committed 7040K, reserved 1048576K
2023-01-17T04:26:18.798+0800: 77.748: [Full GC (Ergonomics) [PSYoungGen: 43008K->7432K(62464K)] [ParOldGen: 133679K->133678K(134144K)] 176687K->141110K(196608K), [Metaspace: 52482K->52482K(1097728K)], 0.1495377 secs] [Times: user=0.33 sys=0.00, real=0.15 secs] 
Heap after GC invocations=295 (full 277):
 PSYoungGen      total 62464K, used 7432K [0x00000000f8300000, 0x0000000100000000, 0x0000000100000000)
  eden space 43008K, 17% used [0x00000000f8300000,0x00000000f8a42148,0x00000000fad00000)
  from space 19456K, 0% used [0x00000000fed00000,0x00000000fed00000,0x0000000100000000)
  to   space 42496K, 0% used [0x00000000fad00000,0x00000000fad00000,0x00000000fd680000)
 ParOldGen       total 134144K, used 133678K [0x00000000f0000000, 0x00000000f8300000, 0x00000000f8300000)
  object space 134144K, 99% used [0x00000000f0000000,0x00000000f828b8d0,0x00000000f8300000)
 Metaspace       used 52482K, capacity 55514K, committed 55680K, reserved 1097728K
  class space    used 6399K, capacity 6939K, committed 7040K, reserved 1048576K
}
{Heap before GC invocations=296 (full 278):
 PSYoungGen      total 62464K, used 43008K [0x00000000f8300000, 0x0000000100000000, 0x0000000100000000)
  eden space 43008K, 100% used [0x00000000f8300000,0x00000000fad00000,0x00000000fad00000)
  from space 19456K, 0% used [0x00000000fed00000,0x00000000fed00000,0x0000000100000000)
  to   space 42496K, 0% used [0x00000000fad00000,0x00000000fad00000,0x00000000fd680000)
 ParOldGen       total 134144K, used 133678K [0x00000000f0000000, 0x00000000f8300000, 0x00000000f8300000)
  object space 134144K, 99% used [0x00000000f0000000,0x00000000f828b8d0,0x00000000f8300000)
 Metaspace       used 52482K, capacity 55514K, committed 55680K, reserved 1097728K
  class space    used 6399K, capacity 6939K, committed 7040K, reserved 1048576K
2023-01-17T04:26:19.001+0800: 77.951: [Full GC (Ergonomics) [PSYoungGen: 43008K->7429K(62464K)] [ParOldGen: 133678K->133678K(134144K)] 176686K->141107K(196608K), [Metaspace: 52482K->52482K(1097728K)], 0.1130463 secs] [Times: user=0.28 sys=0.00, real=0.11 secs] 
Heap after GC invocations=296 (full 278):
 PSYoungGen      total 62464K, used 7429K [0x00000000f8300000, 0x0000000100000000, 0x0000000100000000)
  eden space 43008K, 17% used [0x00000000f8300000,0x00000000f8a416d8,0x00000000fad00000)
  from space 19456K, 0% used [0x00000000fed00000,0x00000000fed00000,0x0000000100000000)
  to   space 42496K, 0% used [0x00000000fad00000,0x00000000fad00000,0x00000000fd680000)
 ParOldGen       total 134144K, used 133678K [0x00000000f0000000, 0x00000000f8300000, 0x00000000f8300000)
  object space 134144K, 99% used [0x00000000f0000000,0x00000000f828b8d0,0x00000000f8300000)
 Metaspace       used 52482K, capacity 55514K, committed 55680K, reserved 1097728K
  class space    used 6399K, capacity 6939K, committed 7040K, reserved 1048576K
}
{Heap before GC invocations=297 (full 279):
 PSYoungGen      total 62464K, used 43008K [0x00000000f8300000, 0x0000000100000000, 0x0000000100000000)
  eden space 43008K, 100% used [0x00000000f8300000,0x00000000fad00000,0x00000000fad00000)
  from space 19456K, 0% used [0x00000000fed00000,0x00000000fed00000,0x0000000100000000)
  to   space 42496K, 0% used [0x00000000fad00000,0x00000000fad00000,0x00000000fd680000)
 ParOldGen       total 134144K, used 133678K [0x00000000f0000000, 0x00000000f8300000, 0x00000000f8300000)
  object space 134144K, 99% used [0x00000000f0000000,0x00000000f828b8d0,0x00000000f8300000)
 Metaspace       used 52482K, capacity 55514K, committed 55680K, reserved 1097728K
  class space    used 6399K, capacity 6939K, committed 7040K, reserved 1048576K
2023-01-17T04:26:19.160+0800: 78.110: [Full GC (Ergonomics) [PSYoungGen: 43008K->7413K(62464K)] [ParOldGen: 133678K->133678K(134144K)] 176686K->141092K(196608K), [Metaspace: 52482K->52482K(1097728K)], 0.1274542 secs] [Times: user=0.32 sys=0.00, real=0.12 secs] 
Heap after GC invocations=297 (full 279):
 PSYoungGen      total 62464K, used 7413K [0x00000000f8300000, 0x0000000100000000, 0x0000000100000000)
  eden space 43008K, 17% used [0x00000000f8300000,0x00000000f8a3d770,0x00000000fad00000)
  from space 19456K, 0% used [0x00000000fed00000,0x00000000fed00000,0x0000000100000000)
  to   space 42496K, 0% used [0x00000000fad00000,0x00000000fad00000,0x00000000fd680000)
 ParOldGen       total 134144K, used 133678K [0x00000000f0000000, 0x00000000f8300000, 0x00000000f8300000)
  object space 134144K, 99% used [0x00000000f0000000,0x00000000f828b8d0,0x00000000f8300000)
 Metaspace       used 52482K, capacity 55514K, committed 55680K, reserved 1097728K
  class space    used 6399K, capacity 6939K, committed 7040K, reserved 1048576K
}
{Heap before GC invocations=298 (full 280):
 PSYoungGen      total 62464K, used 43008K [0x00000000f8300000, 0x0000000100000000, 0x0000000100000000)
  eden space 43008K, 100% used [0x00000000f8300000,0x00000000fad00000,0x00000000fad00000)
  from space 19456K, 0% used [0x00000000fed00000,0x00000000fed00000,0x0000000100000000)
  to   space 42496K, 0% used [0x00000000fad00000,0x00000000fad00000,0x00000000fd680000)
 ParOldGen       total 134144K, used 133678K [0x00000000f0000000, 0x00000000f8300000, 0x00000000f8300000)
  object space 134144K, 99% used [0x00000000f0000000,0x00000000f828b8d0,0x00000000f8300000)
 Metaspace       used 52482K, capacity 55514K, committed 55680K, reserved 1097728K
  class space    used 6399K, capacity 6939K, committed 7040K, reserved 1048576K
2023-01-17T04:26:19.343+0800: 78.292: [Full GC (Ergonomics) [PSYoungGen: 43008K->7436K(62464K)] [ParOldGen: 133678K->133678K(134144K)] 176686K->141114K(196608K), [Metaspace: 52482K->52482K(1097728K)], 0.1314616 secs] [Times: user=0.32 sys=0.00, real=0.13 secs] 
Heap after GC invocations=298 (full 280):
 PSYoungGen      total 62464K, used 7436K [0x00000000f8300000, 0x0000000100000000, 0x0000000100000000)
  eden space 43008K, 17% used [0x00000000f8300000,0x00000000f8a432e0,0x00000000fad00000)
  from space 19456K, 0% used [0x00000000fed00000,0x00000000fed00000,0x0000000100000000)
  to   space 42496K, 0% used [0x00000000fad00000,0x00000000fad00000,0x00000000fd680000)
 ParOldGen       total 134144K, used 133678K [0x00000000f0000000, 0x00000000f8300000, 0x00000000f8300000)
  object space 134144K, 99% used [0x00000000f0000000,0x00000000f828b8d0,0x00000000f8300000)
 Metaspace       used 52482K, capacity 55514K, committed 55680K, reserved 1097728K
  class space    used 6399K, capacity 6939K, committed 7040K, reserved 1048576K
}
{Heap before GC invocations=299 (full 281):
 PSYoungGen      total 62464K, used 43008K [0x00000000f8300000, 0x0000000100000000, 0x0000000100000000)
  eden space 43008K, 100% used [0x00000000f8300000,0x00000000fad00000,0x00000000fad00000)
  from space 19456K, 0% used [0x00000000fed00000,0x00000000fed00000,0x0000000100000000)
  to   space 42496K, 0% used [0x00000000fad00000,0x00000000fad00000,0x00000000fd680000)
 ParOldGen       total 134144K, used 133678K [0x00000000f0000000, 0x00000000f8300000, 0x00000000f8300000)
  object space 134144K, 99% used [0x00000000f0000000,0x00000000f828b8d0,0x00000000f8300000)
 Metaspace       used 52482K, capacity 55514K, committed 55680K, reserved 1097728K
  class space    used 6399K, capacity 6939K, committed 7040K, reserved 1048576K
2023-01-17T04:26:19.531+0800: 78.481: [Full GC (Ergonomics) [PSYoungGen: 43008K->7413K(62464K)] [ParOldGen: 133678K->133678K(134144K)] 176686K->141091K(196608K), [Metaspace: 52482K->52482K(1097728K)], 0.1419911 secs] [Times: user=0.32 sys=0.00, real=0.14 secs] 
Heap after GC invocations=299 (full 281):
 PSYoungGen      total 62464K, used 7413K [0x00000000f8300000, 0x0000000100000000, 0x0000000100000000)
  eden space 43008K, 17% used [0x00000000f8300000,0x00000000f8a3d518,0x00000000fad00000)
  from space 19456K, 0% used [0x00000000fed00000,0x00000000fed00000,0x0000000100000000)
  to   space 42496K, 0% used [0x00000000fad00000,0x00000000fad00000,0x00000000fd680000)
 ParOldGen       total 134144K, used 133678K [0x00000000f0000000, 0x00000000f8300000, 0x00000000f8300000)
  object space 134144K, 99% used [0x00000000f0000000,0x00000000f828b838,0x00000000f8300000)
 Metaspace       used 52482K, capacity 55514K, committed 55680K, reserved 1097728K
  class space    used 6399K, capacity 6939K, committed 7040K, reserved 1048576K
}
{Heap before GC invocations=300 (full 282):
 PSYoungGen      total 62464K, used 43008K [0x00000000f8300000, 0x0000000100000000, 0x0000000100000000)
  eden space 43008K, 100% used [0x00000000f8300000,0x00000000fad00000,0x00000000fad00000)
  from space 19456K, 0% used [0x00000000fed00000,0x00000000fed00000,0x0000000100000000)
  to   space 42496K, 0% used [0x00000000fad00000,0x00000000fad00000,0x00000000fd680000)
 ParOldGen       total 134144K, used 133678K [0x00000000f0000000, 0x00000000f8300000, 0x00000000f8300000)
  object space 134144K, 99% used [0x00000000f0000000,0x00000000f828b838,0x00000000f8300000)
 Metaspace       used 52482K, capacity 55514K, committed 55680K, reserved 1097728K
  class space    used 6399K, capacity 6939K, committed 7040K, reserved 1048576K
2023-01-17T04:26:19.730+0800: 78.680: [Full GC (Ergonomics) [PSYoungGen: 43008K->7414K(62464K)] [ParOldGen: 133678K->133678K(134144K)] 176686K->141092K(196608K), [Metaspace: 52482K->52482K(1097728K)], 0.1199678 secs] [Times: user=0.31 sys=0.00, real=0.12 secs] 
Heap after GC invocations=300 (full 282):
 PSYoungGen      total 62464K, used 7414K [0x00000000f8300000, 0x0000000100000000, 0x0000000100000000)
  eden space 43008K, 17% used [0x00000000f8300000,0x00000000f8a3d8d8,0x00000000fad00000)
  from space 19456K, 0% used [0x00000000fed00000,0x00000000fed00000,0x0000000100000000)
  to   space 42496K, 0% used [0x00000000fad00000,0x00000000fad00000,0x00000000fd680000)
 ParOldGen       total 134144K, used 133678K [0x00000000f0000000, 0x00000000f8300000, 0x00000000f8300000)
  object space 134144K, 99% used [0x00000000f0000000,0x00000000f828b838,0x00000000f8300000)
 Metaspace       used 52482K, capacity 55514K, committed 55680K, reserved 1097728K
  class space    used 6399K, capacity 6939K, committed 7040K, reserved 1048576K
}
{Heap before GC invocations=301 (full 283):
 PSYoungGen      total 62464K, used 43008K [0x00000000f8300000, 0x0000000100000000, 0x0000000100000000)
  eden space 43008K, 100% used [0x00000000f8300000,0x00000000fad00000,0x00000000fad00000)
  from space 19456K, 0% used [0x00000000fed00000,0x00000000fed00000,0x0000000100000000)
  to   space 42496K, 0% used [0x00000000fad00000,0x00000000fad00000,0x00000000fd680000)
 ParOldGen       total 134144K, used 133678K [0x00000000f0000000, 0x00000000f8300000, 0x00000000f8300000)
  object space 134144K, 99% used [0x00000000f0000000,0x00000000f828b838,0x00000000f8300000)
 Metaspace       used 52482K, capacity 55514K, committed 55680K, reserved 1097728K
  class space    used 6399K, capacity 6939K, committed 7040K, reserved 1048576K
2023-01-17T04:26:19.896+0800: 78.846: [Full GC (Ergonomics) [PSYoungGen: 43008K->7404K(62464K)] [ParOldGen: 133678K->133678K(134144K)] 176686K->141082K(196608K), [Metaspace: 52482K->52482K(1097728K)], 0.1184778 secs] [Times: user=0.29 sys=0.00, real=0.12 secs] 
Heap after GC invocations=301 (full 283):
 PSYoungGen      total 62464K, used 7404K [0x00000000f8300000, 0x0000000100000000, 0x0000000100000000)
  eden space 43008K, 17% used [0x00000000f8300000,0x00000000f8a3b270,0x00000000fad00000)
  from space 19456K, 0% used [0x00000000fed00000,0x00000000fed00000,0x0000000100000000)
  to   space 42496K, 0% used [0x00000000fad00000,0x00000000fad00000,0x00000000fd680000)
 ParOldGen       total 134144K, used 133678K [0x00000000f0000000, 0x00000000f8300000, 0x00000000f8300000)
  object space 134144K, 99% used [0x00000000f0000000,0x00000000f828b838,0x00000000f8300000)
 Metaspace       used 52482K, capacity 55514K, committed 55680K, reserved 1097728K
  class space    used 6399K, capacity 6939K, committed 7040K, reserved 1048576K
}
{Heap before GC invocations=302 (full 284):
 PSYoungGen      total 62464K, used 43008K [0x00000000f8300000, 0x0000000100000000, 0x0000000100000000)
  eden space 43008K, 100% used [0x00000000f8300000,0x00000000fad00000,0x00000000fad00000)
  from space 19456K, 0% used [0x00000000fed00000,0x00000000fed00000,0x0000000100000000)
  to   space 42496K, 0% used [0x00000000fad00000,0x00000000fad00000,0x00000000fd680000)
 ParOldGen       total 134144K, used 133678K [0x00000000f0000000, 0x00000000f8300000, 0x00000000f8300000)
  object space 134144K, 99% used [0x00000000f0000000,0x00000000f828b838,0x00000000f8300000)
 Metaspace       used 52482K, capacity 55514K, committed 55680K, reserved 1097728K
  class space    used 6399K, capacity 6939K, committed 7040K, reserved 1048576K
2023-01-17T04:26:20.060+0800: 79.010: [Full GC (Ergonomics) [PSYoungGen: 43008K->7415K(62464K)] [ParOldGen: 133678K->133678K(134144K)] 176686K->141093K(196608K), [Metaspace: 52482K->52482K(1097728K)], 0.1141847 secs] [Times: user=0.29 sys=0.00, real=0.11 secs] 
Heap after GC invocations=302 (full 284):
 PSYoungGen      total 62464K, used 7415K [0x00000000f8300000, 0x0000000100000000, 0x0000000100000000)
  eden space 43008K, 17% used [0x00000000f8300000,0x00000000f8a3ddb0,0x00000000fad00000)
  from space 19456K, 0% used [0x00000000fed00000,0x00000000fed00000,0x0000000100000000)
  to   space 42496K, 0% used [0x00000000fad00000,0x00000000fad00000,0x00000000fd680000)
 ParOldGen       total 134144K, used 133678K [0x00000000f0000000, 0x00000000f8300000, 0x00000000f8300000)
  object space 134144K, 99% used [0x00000000f0000000,0x00000000f828b838,0x00000000f8300000)
 Metaspace       used 52482K, capacity 55514K, committed 55680K, reserved 1097728K
  class space    used 6399K, capacity 6939K, committed 7040K, reserved 1048576K
}
{Heap before GC invocations=303 (full 285):
 PSYoungGen      total 62464K, used 43008K [0x00000000f8300000, 0x0000000100000000, 0x0000000100000000)
  eden space 43008K, 100% used [0x00000000f8300000,0x00000000fad00000,0x00000000fad00000)
  from space 19456K, 0% used [0x00000000fed00000,0x00000000fed00000,0x0000000100000000)
  to   space 42496K, 0% used [0x00000000fad00000,0x00000000fad00000,0x00000000fd680000)
 ParOldGen       total 134144K, used 133678K [0x00000000f0000000, 0x00000000f8300000, 0x00000000f8300000)
  object space 134144K, 99% used [0x00000000f0000000,0x00000000f828b838,0x00000000f8300000)
 Metaspace       used 52482K, capacity 55514K, committed 55680K, reserved 1097728K
  class space    used 6399K, capacity 6939K, committed 7040K, reserved 1048576K
2023-01-17T04:26:20.220+0800: 79.170: [Full GC (Ergonomics) [PSYoungGen: 43008K->7410K(62464K)] [ParOldGen: 133678K->133678K(134144K)] 176686K->141088K(196608K), [Metaspace: 52482K->52482K(1097728K)], 0.1498286 secs] [Times: user=0.31 sys=0.00, real=0.15 secs] 
Heap after GC invocations=303 (full 285):
 PSYoungGen      total 62464K, used 7410K [0x00000000f8300000, 0x0000000100000000, 0x0000000100000000)
  eden space 43008K, 17% used [0x00000000f8300000,0x00000000f8a3c810,0x00000000fad00000)
  from space 19456K, 0% used [0x00000000fed00000,0x00000000fed00000,0x0000000100000000)
  to   space 42496K, 0% used [0x00000000fad00000,0x00000000fad00000,0x00000000fd680000)
 ParOldGen       total 134144K, used 133678K [0x00000000f0000000, 0x00000000f8300000, 0x00000000f8300000)
  object space 134144K, 99% used [0x00000000f0000000,0x00000000f828b838,0x00000000f8300000)
 Metaspace       used 52482K, capacity 55514K, committed 55680K, reserved 1097728K
  class space    used 6399K, capacity 6939K, committed 7040K, reserved 1048576K
}
{Heap before GC invocations=304 (full 286):
 PSYoungGen      total 62464K, used 43008K [0x00000000f8300000, 0x0000000100000000, 0x0000000100000000)
  eden space 43008K, 100% used [0x00000000f8300000,0x00000000fad00000,0x00000000fad00000)
  from space 19456K, 0% used [0x00000000fed00000,0x00000000fed00000,0x0000000100000000)
  to   space 42496K, 0% used [0x00000000fad00000,0x00000000fad00000,0x00000000fd680000)
 ParOldGen       total 134144K, used 133678K [0x00000000f0000000, 0x00000000f8300000, 0x00000000f8300000)
  object space 134144K, 99% used [0x00000000f0000000,0x00000000f828b838,0x00000000f8300000)
 Metaspace       used 52482K, capacity 55514K, committed 55680K, reserved 1097728K
  class space    used 6399K, capacity 6939K, committed 7040K, reserved 1048576K
2023-01-17T04:26:20.428+0800: 79.378: [Full GC (Ergonomics) [PSYoungGen: 43008K->7422K(62464K)] [ParOldGen: 133678K->133678K(134144K)] 176686K->141100K(196608K), [Metaspace: 52482K->52482K(1097728K)], 0.1774838 secs] [Times: user=0.36 sys=0.00, real=0.18 secs] 
Heap after GC invocations=304 (full 286):
 PSYoungGen      total 62464K, used 7422K [0x00000000f8300000, 0x0000000100000000, 0x0000000100000000)
  eden space 43008K, 17% used [0x00000000f8300000,0x00000000f8a3fb48,0x00000000fad00000)
  from space 19456K, 0% used [0x00000000fed00000,0x00000000fed00000,0x0000000100000000)
  to   space 42496K, 0% used [0x00000000fad00000,0x00000000fad00000,0x00000000fd680000)
 ParOldGen       total 134144K, used 133678K [0x00000000f0000000, 0x00000000f8300000, 0x00000000f8300000)
  object space 134144K, 99% used [0x00000000f0000000,0x00000000f828b838,0x00000000f8300000)
 Metaspace       used 52482K, capacity 55514K, committed 55680K, reserved 1097728K
  class space    used 6399K, capacity 6939K, committed 7040K, reserved 1048576K
}
{Heap before GC invocations=305 (full 287):
 PSYoungGen      total 62464K, used 43008K [0x00000000f8300000, 0x0000000100000000, 0x0000000100000000)
  eden space 43008K, 100% used [0x00000000f8300000,0x00000000fad00000,0x00000000fad00000)
  from space 19456K, 0% used [0x00000000fed00000,0x00000000fed00000,0x0000000100000000)
  to   space 42496K, 0% used [0x00000000fad00000,0x00000000fad00000,0x00000000fd680000)
 ParOldGen       total 134144K, used 133678K [0x00000000f0000000, 0x00000000f8300000, 0x00000000f8300000)
  object space 134144K, 99% used [0x00000000f0000000,0x00000000f828b838,0x00000000f8300000)
 Metaspace       used 52482K, capacity 55514K, committed 55680K, reserved 1097728K
  class space    used 6399K, capacity 6939K, committed 7040K, reserved 1048576K
2023-01-17T04:26:20.664+0800: 79.613: [Full GC (Ergonomics) [PSYoungGen: 43008K->7440K(62464K)] [ParOldGen: 133678K->133678K(134144K)] 176686K->141118K(196608K), [Metaspace: 52482K->52482K(1097728K)], 0.1180560 secs] [Times: user=0.30 sys=0.00, real=0.12 secs] 
Heap after GC invocations=305 (full 287):
 PSYoungGen      total 62464K, used 7440K [0x00000000f8300000, 0x0000000100000000, 0x0000000100000000)
  eden space 43008K, 17% used [0x00000000f8300000,0x00000000f8a44390,0x00000000fad00000)
  from space 19456K, 0% used [0x00000000fed00000,0x00000000fed00000,0x0000000100000000)
  to   space 42496K, 0% used [0x00000000fad00000,0x00000000fad00000,0x00000000fd680000)
 ParOldGen       total 134144K, used 133678K [0x00000000f0000000, 0x00000000f8300000, 0x00000000f8300000)
  object space 134144K, 99% used [0x00000000f0000000,0x00000000f828b838,0x00000000f8300000)
 Metaspace       used 52482K, capacity 55514K, committed 55680K, reserved 1097728K
  class space    used 6399K, capacity 6939K, committed 7040K, reserved 1048576K
}
{Heap before GC invocations=306 (full 288):
 PSYoungGen      total 62464K, used 43008K [0x00000000f8300000, 0x0000000100000000, 0x0000000100000000)
  eden space 43008K, 100% used [0x00000000f8300000,0x00000000fad00000,0x00000000fad00000)
  from space 19456K, 0% used [0x00000000fed00000,0x00000000fed00000,0x0000000100000000)
  to   space 42496K, 0% used [0x00000000fad00000,0x00000000fad00000,0x00000000fd680000)
 ParOldGen       total 134144K, used 133678K [0x00000000f0000000, 0x00000000f8300000, 0x00000000f8300000)
  object space 134144K, 99% used [0x00000000f0000000,0x00000000f828b838,0x00000000f8300000)
 Metaspace       used 52482K, capacity 55514K, committed 55680K, reserved 1097728K
  class space    used 6399K, capacity 6939K, committed 7040K, reserved 1048576K
2023-01-17T04:26:20.826+0800: 79.776: [Full GC (Ergonomics) [PSYoungGen: 43008K->7429K(62464K)] [ParOldGen: 133678K->133678K(134144K)] 176686K->141107K(196608K), [Metaspace: 52482K->52482K(1097728K)], 0.1257600 secs] [Times: user=0.33 sys=0.00, real=0.13 secs] 
Heap after GC invocations=306 (full 288):
 PSYoungGen      total 62464K, used 7429K [0x00000000f8300000, 0x0000000100000000, 0x0000000100000000)
  eden space 43008K, 17% used [0x00000000f8300000,0x00000000f8a415d0,0x00000000fad00000)
  from space 19456K, 0% used [0x00000000fed00000,0x00000000fed00000,0x0000000100000000)
  to   space 42496K, 0% used [0x00000000fad00000,0x00000000fad00000,0x00000000fd680000)
 ParOldGen       total 134144K, used 133678K [0x00000000f0000000, 0x00000000f8300000, 0x00000000f8300000)
  object space 134144K, 99% used [0x00000000f0000000,0x00000000f828b838,0x00000000f8300000)
 Metaspace       used 52482K, capacity 55514K, committed 55680K, reserved 1097728K
  class space    used 6399K, capacity 6939K, committed 7040K, reserved 1048576K
}
{Heap before GC invocations=307 (full 289):
 PSYoungGen      total 62464K, used 43008K [0x00000000f8300000, 0x0000000100000000, 0x0000000100000000)
  eden space 43008K, 100% used [0x00000000f8300000,0x00000000fad00000,0x00000000fad00000)
  from space 19456K, 0% used [0x00000000fed00000,0x00000000fed00000,0x0000000100000000)
  to   space 42496K, 0% used [0x00000000fad00000,0x00000000fad00000,0x00000000fd680000)
 ParOldGen       total 134144K, used 133678K [0x00000000f0000000, 0x00000000f8300000, 0x00000000f8300000)
  object space 134144K, 99% used [0x00000000f0000000,0x00000000f828b838,0x00000000f8300000)
 Metaspace       used 52482K, capacity 55514K, committed 55680K, reserved 1097728K
  class space    used 6399K, capacity 6939K, committed 7040K, reserved 1048576K
2023-01-17T04:26:20.997+0800: 79.947: [Full GC (Ergonomics) [PSYoungGen: 43008K->7413K(62464K)] [ParOldGen: 133678K->133678K(134144K)] 176686K->141091K(196608K), [Metaspace: 52482K->52482K(1097728K)], 0.1509448 secs] [Times: user=0.31 sys=0.00, real=0.15 secs] 
Heap after GC invocations=307 (full 289):
 PSYoungGen      total 62464K, used 7413K [0x00000000f8300000, 0x0000000100000000, 0x0000000100000000)
  eden space 43008K, 17% used [0x00000000f8300000,0x00000000f8a3d690,0x00000000fad00000)
  from space 19456K, 0% used [0x00000000fed00000,0x00000000fed00000,0x0000000100000000)
  to   space 42496K, 0% used [0x00000000fad00000,0x00000000fad00000,0x00000000fd680000)
 ParOldGen       total 134144K, used 133678K [0x00000000f0000000, 0x00000000f8300000, 0x00000000f8300000)
  object space 134144K, 99% used [0x00000000f0000000,0x00000000f828b838,0x00000000f8300000)
 Metaspace       used 52482K, capacity 55514K, committed 55680K, reserved 1097728K
  class space    used 6399K, capacity 6939K, committed 7040K, reserved 1048576K
}
{Heap before GC invocations=308 (full 290):
 PSYoungGen      total 62464K, used 43008K [0x00000000f8300000, 0x0000000100000000, 0x0000000100000000)
  eden space 43008K, 100% used [0x00000000f8300000,0x00000000fad00000,0x00000000fad00000)
  from space 19456K, 0% used [0x00000000fed00000,0x00000000fed00000,0x0000000100000000)
  to   space 42496K, 0% used [0x00000000fad00000,0x00000000fad00000,0x00000000fd680000)
 ParOldGen       total 134144K, used 133678K [0x00000000f0000000, 0x00000000f8300000, 0x00000000f8300000)
  object space 134144K, 99% used [0x00000000f0000000,0x00000000f828b838,0x00000000f8300000)
 Metaspace       used 52482K, capacity 55514K, committed 55680K, reserved 1097728K
  class space    used 6399K, capacity 6939K, committed 7040K, reserved 1048576K
2023-01-17T04:26:21.201+0800: 80.151: [Full GC (Ergonomics) [PSYoungGen: 43008K->7412K(62464K)] [ParOldGen: 133678K->133678K(134144K)] 176686K->141090K(196608K), [Metaspace: 52482K->52482K(1097728K)], 0.1281974 secs] [Times: user=0.31 sys=0.00, real=0.13 secs] 
Heap after GC invocations=308 (full 290):
 PSYoungGen      total 62464K, used 7412K [0x00000000f8300000, 0x0000000100000000, 0x0000000100000000)
  eden space 43008K, 17% used [0x00000000f8300000,0x00000000f8a3d3c0,0x00000000fad00000)
  from space 19456K, 0% used [0x00000000fed00000,0x00000000fed00000,0x0000000100000000)
  to   space 42496K, 0% used [0x00000000fad00000,0x00000000fad00000,0x00000000fd680000)
 ParOldGen       total 134144K, used 133678K [0x00000000f0000000, 0x00000000f8300000, 0x00000000f8300000)
  object space 134144K, 99% used [0x00000000f0000000,0x00000000f828b838,0x00000000f8300000)
 Metaspace       used 52482K, capacity 55514K, committed 55680K, reserved 1097728K
  class space    used 6399K, capacity 6939K, committed 7040K, reserved 1048576K
}
{Heap before GC invocations=309 (full 291):
 PSYoungGen      total 62464K, used 43008K [0x00000000f8300000, 0x0000000100000000, 0x0000000100000000)
  eden space 43008K, 100% used [0x00000000f8300000,0x00000000fad00000,0x00000000fad00000)
  from space 19456K, 0% used [0x00000000fed00000,0x00000000fed00000,0x0000000100000000)
  to   space 42496K, 0% used [0x00000000fad00000,0x00000000fad00000,0x00000000fd680000)
 ParOldGen       total 134144K, used 133678K [0x00000000f0000000, 0x00000000f8300000, 0x00000000f8300000)
  object space 134144K, 99% used [0x00000000f0000000,0x00000000f828b838,0x00000000f8300000)
 Metaspace       used 52482K, capacity 55514K, committed 55680K, reserved 1097728K
  class space    used 6399K, capacity 6939K, committed 7040K, reserved 1048576K
2023-01-17T04:26:21.375+0800: 80.325: [Full GC (Ergonomics) [PSYoungGen: 43008K->7413K(62464K)] [ParOldGen: 133678K->133678K(134144K)] 176686K->141091K(196608K), [Metaspace: 52482K->52482K(1097728K)], 0.1144849 secs] [Times: user=0.29 sys=0.00, real=0.12 secs] 
Heap after GC invocations=309 (full 291):
 PSYoungGen      total 62464K, used 7413K [0x00000000f8300000, 0x0000000100000000, 0x0000000100000000)
  eden space 43008K, 17% used [0x00000000f8300000,0x00000000f8a3d668,0x00000000fad00000)
  from space 19456K, 0% used [0x00000000fed00000,0x00000000fed00000,0x0000000100000000)
  to   space 42496K, 0% used [0x00000000fad00000,0x00000000fad00000,0x00000000fd680000)
 ParOldGen       total 134144K, used 133678K [0x00000000f0000000, 0x00000000f8300000, 0x00000000f8300000)
  object space 134144K, 99% used [0x00000000f0000000,0x00000000f828b838,0x00000000f8300000)
 Metaspace       used 52482K, capacity 55514K, committed 55680K, reserved 1097728K
  class space    used 6399K, capacity 6939K, committed 7040K, reserved 1048576K
}
{Heap before GC invocations=310 (full 292):
 PSYoungGen      total 62464K, used 43008K [0x00000000f8300000, 0x0000000100000000, 0x0000000100000000)
  eden space 43008K, 100% used [0x00000000f8300000,0x00000000fad00000,0x00000000fad00000)
  from space 19456K, 0% used [0x00000000fed00000,0x00000000fed00000,0x0000000100000000)
  to   space 42496K, 0% used [0x00000000fad00000,0x00000000fad00000,0x00000000fd680000)
 ParOldGen       total 134144K, used 133678K [0x00000000f0000000, 0x00000000f8300000, 0x00000000f8300000)
  object space 134144K, 99% used [0x00000000f0000000,0x00000000f828b838,0x00000000f8300000)
 Metaspace       used 52482K, capacity 55514K, committed 55680K, reserved 1097728K
  class space    used 6399K, capacity 6939K, committed 7040K, reserved 1048576K
2023-01-17T04:26:21.541+0800: 80.491: [Full GC (Ergonomics) [PSYoungGen: 43008K->7438K(62464K)] [ParOldGen: 133678K->133678K(134144K)] 176686K->141116K(196608K), [Metaspace: 52482K->52482K(1097728K)], 0.1166692 secs] [Times: user=0.30 sys=0.00, real=0.11 secs] 
Heap after GC invocations=310 (full 292):
 PSYoungGen      total 62464K, used 7438K [0x00000000f8300000, 0x0000000100000000, 0x0000000100000000)
  eden space 43008K, 17% used [0x00000000f8300000,0x00000000f8a43af0,0x00000000fad00000)
  from space 19456K, 0% used [0x00000000fed00000,0x00000000fed00000,0x0000000100000000)
  to   space 42496K, 0% used [0x00000000fad00000,0x00000000fad00000,0x00000000fd680000)
 ParOldGen       total 134144K, used 133678K [0x00000000f0000000, 0x00000000f8300000, 0x00000000f8300000)
  object space 134144K, 99% used [0x00000000f0000000,0x00000000f828b838,0x00000000f8300000)
 Metaspace       used 52482K, capacity 55514K, committed 55680K, reserved 1097728K
  class space    used 6399K, capacity 6939K, committed 7040K, reserved 1048576K
}
{Heap before GC invocations=311 (full 293):
 PSYoungGen      total 62464K, used 43008K [0x00000000f8300000, 0x0000000100000000, 0x0000000100000000)
  eden space 43008K, 100% used [0x00000000f8300000,0x00000000fad00000,0x00000000fad00000)
  from space 19456K, 0% used [0x00000000fed00000,0x00000000fed00000,0x0000000100000000)
  to   space 42496K, 0% used [0x00000000fad00000,0x00000000fad00000,0x00000000fd680000)
 ParOldGen       total 134144K, used 133678K [0x00000000f0000000, 0x00000000f8300000, 0x00000000f8300000)
  object space 134144K, 99% used [0x00000000f0000000,0x00000000f828b838,0x00000000f8300000)
 Metaspace       used 52482K, capacity 55514K, committed 55680K, reserved 1097728K
  class space    used 6399K, capacity 6939K, committed 7040K, reserved 1048576K
2023-01-17T04:26:21.712+0800: 80.662: [Full GC (Ergonomics) [PSYoungGen: 43008K->7412K(62464K)] [ParOldGen: 133678K->133678K(134144K)] 176686K->141090K(196608K), [Metaspace: 52482K->52482K(1097728K)], 0.1695774 secs] [Times: user=0.33 sys=0.00, real=0.17 secs] 
Heap after GC invocations=311 (full 293):
 PSYoungGen      total 62464K, used 7412K [0x00000000f8300000, 0x0000000100000000, 0x0000000100000000)
  eden space 43008K, 17% used [0x00000000f8300000,0x00000000f8a3d288,0x00000000fad00000)
  from space 19456K, 0% used [0x00000000fed00000,0x00000000fed00000,0x0000000100000000)
  to   space 42496K, 0% used [0x00000000fad00000,0x00000000fad00000,0x00000000fd680000)
 ParOldGen       total 134144K, used 133678K [0x00000000f0000000, 0x00000000f8300000, 0x00000000f8300000)
  object space 134144K, 99% used [0x00000000f0000000,0x00000000f828b838,0x00000000f8300000)
 Metaspace       used 52482K, capacity 55514K, committed 55680K, reserved 1097728K
  class space    used 6399K, capacity 6939K, committed 7040K, reserved 1048576K
}
{Heap before GC invocations=312 (full 294):
 PSYoungGen      total 62464K, used 43008K [0x00000000f8300000, 0x0000000100000000, 0x0000000100000000)
  eden space 43008K, 100% used [0x00000000f8300000,0x00000000fad00000,0x00000000fad00000)
  from space 19456K, 0% used [0x00000000fed00000,0x00000000fed00000,0x0000000100000000)
  to   space 42496K, 0% used [0x00000000fad00000,0x00000000fad00000,0x00000000fd680000)
 ParOldGen       total 134144K, used 133678K [0x00000000f0000000, 0x00000000f8300000, 0x00000000f8300000)
  object space 134144K, 99% used [0x00000000f0000000,0x00000000f828b838,0x00000000f8300000)
 Metaspace       used 52482K, capacity 55514K, committed 55680K, reserved 1097728K
  class space    used 6399K, capacity 6939K, committed 7040K, reserved 1048576K
2023-01-17T04:26:21.948+0800: 80.898: [Full GC (Ergonomics) [PSYoungGen: 43008K->7411K(62464K)] [ParOldGen: 133678K->133678K(134144K)] 176686K->141089K(196608K), [Metaspace: 52482K->52482K(1097728K)], 0.1324568 secs] [Times: user=0.29 sys=0.00, real=0.14 secs] 
Heap after GC invocations=312 (full 294):
 PSYoungGen      total 62464K, used 7411K [0x00000000f8300000, 0x0000000100000000, 0x0000000100000000)
  eden space 43008K, 17% used [0x00000000f8300000,0x00000000f8a3cdf0,0x00000000fad00000)
  from space 19456K, 0% used [0x00000000fed00000,0x00000000fed00000,0x0000000100000000)
  to   space 42496K, 0% used [0x00000000fad00000,0x00000000fad00000,0x00000000fd680000)
 ParOldGen       total 134144K, used 133678K [0x00000000f0000000, 0x00000000f8300000, 0x00000000f8300000)
  object space 134144K, 99% used [0x00000000f0000000,0x00000000f828b838,0x00000000f8300000)
 Metaspace       used 52482K, capacity 55514K, committed 55680K, reserved 1097728K
  class space    used 6399K, capacity 6939K, committed 7040K, reserved 1048576K
}
{Heap before GC invocations=313 (full 295):
 PSYoungGen      total 62464K, used 43008K [0x00000000f8300000, 0x0000000100000000, 0x0000000100000000)
  eden space 43008K, 100% used [0x00000000f8300000,0x00000000fad00000,0x00000000fad00000)
  from space 19456K, 0% used [0x00000000fed00000,0x00000000fed00000,0x0000000100000000)
  to   space 42496K, 0% used [0x00000000fad00000,0x00000000fad00000,0x00000000fd680000)
 ParOldGen       total 134144K, used 133678K [0x00000000f0000000, 0x00000000f8300000, 0x00000000f8300000)
  object space 134144K, 99% used [0x00000000f0000000,0x00000000f828b838,0x00000000f8300000)
 Metaspace       used 52482K, capacity 55514K, committed 55680K, reserved 1097728K
  class space    used 6399K, capacity 6939K, committed 7040K, reserved 1048576K
2023-01-17T04:26:22.132+0800: 81.082: [Full GC (Ergonomics) [PSYoungGen: 43008K->7442K(62464K)] [ParOldGen: 133678K->133678K(134144K)] 176686K->141120K(196608K), [Metaspace: 52482K->52482K(1097728K)], 0.1164781 secs] [Times: user=0.29 sys=0.00, real=0.11 secs] 
Heap after GC invocations=313 (full 295):
 PSYoungGen      total 62464K, used 7442K [0x00000000f8300000, 0x0000000100000000, 0x0000000100000000)
  eden space 43008K, 17% used [0x00000000f8300000,0x00000000f8a44808,0x00000000fad00000)
  from space 19456K, 0% used [0x00000000fed00000,0x00000000fed00000,0x0000000100000000)
  to   space 42496K, 0% used [0x00000000fad00000,0x00000000fad00000,0x00000000fd680000)
 ParOldGen       total 134144K, used 133678K [0x00000000f0000000, 0x00000000f8300000, 0x00000000f8300000)
  object space 134144K, 99% used [0x00000000f0000000,0x00000000f828b838,0x00000000f8300000)
 Metaspace       used 52482K, capacity 55514K, committed 55680K, reserved 1097728K
  class space    used 6399K, capacity 6939K, committed 7040K, reserved 1048576K
}
{Heap before GC invocations=314 (full 296):
 PSYoungGen      total 62464K, used 43008K [0x00000000f8300000, 0x0000000100000000, 0x0000000100000000)
  eden space 43008K, 100% used [0x00000000f8300000,0x00000000fad00000,0x00000000fad00000)
  from space 19456K, 0% used [0x00000000fed00000,0x00000000fed00000,0x0000000100000000)
  to   space 42496K, 0% used [0x00000000fad00000,0x00000000fad00000,0x00000000fd680000)
 ParOldGen       total 134144K, used 133678K [0x00000000f0000000, 0x00000000f8300000, 0x00000000f8300000)
  object space 134144K, 99% used [0x00000000f0000000,0x00000000f828b838,0x00000000f8300000)
 Metaspace       used 52482K, capacity 55514K, committed 55680K, reserved 1097728K
  class space    used 6399K, capacity 6939K, committed 7040K, reserved 1048576K
2023-01-17T04:26:22.296+0800: 81.246: [Full GC (Ergonomics) [PSYoungGen: 43008K->7422K(62464K)] [ParOldGen: 133678K->133678K(134144K)] 176686K->141100K(196608K), [Metaspace: 52482K->52482K(1097728K)], 0.1155354 secs] [Times: user=0.30 sys=0.00, real=0.12 secs] 
Heap after GC invocations=314 (full 296):
 PSYoungGen      total 62464K, used 7422K [0x00000000f8300000, 0x0000000100000000, 0x0000000100000000)
  eden space 43008K, 17% used [0x00000000f8300000,0x00000000f8a3f910,0x00000000fad00000)
  from space 19456K, 0% used [0x00000000fed00000,0x00000000fed00000,0x0000000100000000)
  to   space 42496K, 0% used [0x00000000fad00000,0x00000000fad00000,0x00000000fd680000)
 ParOldGen       total 134144K, used 133678K [0x00000000f0000000, 0x00000000f8300000, 0x00000000f8300000)
  object space 134144K, 99% used [0x00000000f0000000,0x00000000f828b838,0x00000000f8300000)
 Metaspace       used 52482K, capacity 55514K, committed 55680K, reserved 1097728K
  class space    used 6399K, capacity 6939K, committed 7040K, reserved 1048576K
}
{Heap before GC invocations=315 (full 297):
 PSYoungGen      total 62464K, used 43008K [0x00000000f8300000, 0x0000000100000000, 0x0000000100000000)
  eden space 43008K, 100% used [0x00000000f8300000,0x00000000fad00000,0x00000000fad00000)
  from space 19456K, 0% used [0x00000000fed00000,0x00000000fed00000,0x0000000100000000)
  to   space 42496K, 0% used [0x00000000fad00000,0x00000000fad00000,0x00000000fd680000)
 ParOldGen       total 134144K, used 133678K [0x00000000f0000000, 0x00000000f8300000, 0x00000000f8300000)
  object space 134144K, 99% used [0x00000000f0000000,0x00000000f828b838,0x00000000f8300000)
 Metaspace       used 52482K, capacity 55514K, committed 55680K, reserved 1097728K
  class space    used 6399K, capacity 6939K, committed 7040K, reserved 1048576K
2023-01-17T04:26:22.457+0800: 81.407: [Full GC (Ergonomics) [PSYoungGen: 43008K->7435K(62464K)] [ParOldGen: 133678K->133678K(134144K)] 176686K->141113K(196608K), [Metaspace: 52482K->52482K(1097728K)], 0.1156079 secs] [Times: user=0.30 sys=0.00, real=0.12 secs] 
Heap after GC invocations=315 (full 297):
 PSYoungGen      total 62464K, used 7435K [0x00000000f8300000, 0x0000000100000000, 0x0000000100000000)
  eden space 43008K, 17% used [0x00000000f8300000,0x00000000f8a42da8,0x00000000fad00000)
  from space 19456K, 0% used [0x00000000fed00000,0x00000000fed00000,0x0000000100000000)
  to   space 42496K, 0% used [0x00000000fad00000,0x00000000fad00000,0x00000000fd680000)
 ParOldGen       total 134144K, used 133678K [0x00000000f0000000, 0x00000000f8300000, 0x00000000f8300000)
  object space 134144K, 99% used [0x00000000f0000000,0x00000000f828b838,0x00000000f8300000)
 Metaspace       used 52482K, capacity 55514K, committed 55680K, reserved 1097728K
  class space    used 6399K, capacity 6939K, committed 7040K, reserved 1048576K
}
{Heap before GC invocations=316 (full 298):
 PSYoungGen      total 62464K, used 43008K [0x00000000f8300000, 0x0000000100000000, 0x0000000100000000)
  eden space 43008K, 100% used [0x00000000f8300000,0x00000000fad00000,0x00000000fad00000)
  from space 19456K, 0% used [0x00000000fed00000,0x00000000fed00000,0x0000000100000000)
  to   space 42496K, 0% used [0x00000000fad00000,0x00000000fad00000,0x00000000fd680000)
 ParOldGen       total 134144K, used 133678K [0x00000000f0000000, 0x00000000f8300000, 0x00000000f8300000)
  object space 134144K, 99% used [0x00000000f0000000,0x00000000f828b838,0x00000000f8300000)
 Metaspace       used 52482K, capacity 55514K, committed 55680K, reserved 1097728K
  class space    used 6399K, capacity 6939K, committed 7040K, reserved 1048576K
2023-01-17T04:26:22.633+0800: 81.583: [Full GC (Ergonomics) [PSYoungGen: 43008K->7425K(62464K)] [ParOldGen: 133678K->133678K(134144K)] 176686K->141103K(196608K), [Metaspace: 52482K->52482K(1097728K)], 0.1645556 secs] [Times: user=0.34 sys=0.00, real=0.16 secs] 
Heap after GC invocations=316 (full 298):
 PSYoungGen      total 62464K, used 7425K [0x00000000f8300000, 0x0000000100000000, 0x0000000100000000)
  eden space 43008K, 17% used [0x00000000f8300000,0x00000000f8a405e0,0x00000000fad00000)
  from space 19456K, 0% used [0x00000000fed00000,0x00000000fed00000,0x0000000100000000)
  to   space 42496K, 0% used [0x00000000fad00000,0x00000000fad00000,0x00000000fd680000)
 ParOldGen       total 134144K, used 133678K [0x00000000f0000000, 0x00000000f8300000, 0x00000000f8300000)
  object space 134144K, 99% used [0x00000000f0000000,0x00000000f828b838,0x00000000f8300000)
 Metaspace       used 52482K, capacity 55514K, committed 55680K, reserved 1097728K
  class space    used 6399K, capacity 6939K, committed 7040K, reserved 1048576K
}
{Heap before GC invocations=317 (full 299):
 PSYoungGen      total 62464K, used 43008K [0x00000000f8300000, 0x0000000100000000, 0x0000000100000000)
  eden space 43008K, 100% used [0x00000000f8300000,0x00000000fad00000,0x00000000fad00000)
  from space 19456K, 0% used [0x00000000fed00000,0x00000000fed00000,0x0000000100000000)
  to   space 42496K, 0% used [0x00000000fad00000,0x00000000fad00000,0x00000000fd680000)
 ParOldGen       total 134144K, used 133678K [0x00000000f0000000, 0x00000000f8300000, 0x00000000f8300000)
  object space 134144K, 99% used [0x00000000f0000000,0x00000000f828b838,0x00000000f8300000)
 Metaspace       used 52482K, capacity 55514K, committed 55680K, reserved 1097728K
  class space    used 6399K, capacity 6939K, committed 7040K, reserved 1048576K
2023-01-17T04:26:22.855+0800: 81.805: [Full GC (Ergonomics) [PSYoungGen: 43008K->7418K(62464K)] [ParOldGen: 133678K->133678K(134144K)] 176686K->141096K(196608K), [Metaspace: 52482K->52482K(1097728K)], 0.1469141 secs] [Times: user=0.34 sys=0.00, real=0.15 secs] 
Heap after GC invocations=317 (full 299):
 PSYoungGen      total 62464K, used 7418K [0x00000000f8300000, 0x0000000100000000, 0x0000000100000000)
  eden space 43008K, 17% used [0x00000000f8300000,0x00000000f8a3ea50,0x00000000fad00000)
  from space 19456K, 0% used [0x00000000fed00000,0x00000000fed00000,0x0000000100000000)
  to   space 42496K, 0% used [0x00000000fad00000,0x00000000fad00000,0x00000000fd680000)
 ParOldGen       total 134144K, used 133678K [0x00000000f0000000, 0x00000000f8300000, 0x00000000f8300000)
  object space 134144K, 99% used [0x00000000f0000000,0x00000000f828b838,0x00000000f8300000)
 Metaspace       used 52482K, capacity 55514K, committed 55680K, reserved 1097728K
  class space    used 6399K, capacity 6939K, committed 7040K, reserved 1048576K
}
{Heap before GC invocations=318 (full 300):
 PSYoungGen      total 62464K, used 43008K [0x00000000f8300000, 0x0000000100000000, 0x0000000100000000)
  eden space 43008K, 100% used [0x00000000f8300000,0x00000000fad00000,0x00000000fad00000)
  from space 19456K, 0% used [0x00000000fed00000,0x00000000fed00000,0x0000000100000000)
  to   space 42496K, 0% used [0x00000000fad00000,0x00000000fad00000,0x00000000fd680000)
 ParOldGen       total 134144K, used 133678K [0x00000000f0000000, 0x00000000f8300000, 0x00000000f8300000)
  object space 134144K, 99% used [0x00000000f0000000,0x00000000f828b838,0x00000000f8300000)
 Metaspace       used 52482K, capacity 55514K, committed 55680K, reserved 1097728K
  class space    used 6399K, capacity 6939K, committed 7040K, reserved 1048576K
2023-01-17T04:26:23.059+0800: 82.009: [Full GC (Ergonomics) [PSYoungGen: 43008K->7425K(62464K)] [ParOldGen: 133678K->133678K(134144K)] 176686K->141103K(196608K), [Metaspace: 52482K->52482K(1097728K)], 0.1686715 secs] [Times: user=0.45 sys=0.01, real=0.17 secs] 
Heap after GC invocations=318 (full 300):
 PSYoungGen      total 62464K, used 7425K [0x00000000f8300000, 0x0000000100000000, 0x0000000100000000)
  eden space 43008K, 17% used [0x00000000f8300000,0x00000000f8a404f8,0x00000000fad00000)
  from space 19456K, 0% used [0x00000000fed00000,0x00000000fed00000,0x0000000100000000)
  to   space 42496K, 0% used [0x00000000fad00000,0x00000000fad00000,0x00000000fd680000)
 ParOldGen       total 134144K, used 133678K [0x00000000f0000000, 0x00000000f8300000, 0x00000000f8300000)
  object space 134144K, 99% used [0x00000000f0000000,0x00000000f828b818,0x00000000f8300000)
 Metaspace       used 52482K, capacity 55514K, committed 55680K, reserved 1097728K
  class space    used 6399K, capacity 6939K, committed 7040K, reserved 1048576K
}
{Heap before GC invocations=319 (full 301):
 PSYoungGen      total 62464K, used 43008K [0x00000000f8300000, 0x0000000100000000, 0x0000000100000000)
  eden space 43008K, 100% used [0x00000000f8300000,0x00000000fad00000,0x00000000fad00000)
  from space 19456K, 0% used [0x00000000fed00000,0x00000000fed00000,0x0000000100000000)
  to   space 42496K, 0% used [0x00000000fad00000,0x00000000fad00000,0x00000000fd680000)
 ParOldGen       total 134144K, used 133678K [0x00000000f0000000, 0x00000000f8300000, 0x00000000f8300000)
  object space 134144K, 99% used [0x00000000f0000000,0x00000000f828b818,0x00000000f8300000)
 Metaspace       used 52482K, capacity 55514K, committed 55680K, reserved 1097728K
  class space    used 6399K, capacity 6939K, committed 7040K, reserved 1048576K
2023-01-17T04:26:23.275+0800: 82.224: [Full GC (Ergonomics) [PSYoungGen: 43008K->7442K(62464K)] [ParOldGen: 133678K->133678K(134144K)] 176686K->141120K(196608K), [Metaspace: 52482K->52482K(1097728K)], 0.1169590 secs] [Times: user=0.28 sys=0.00, real=0.12 secs] 
Heap after GC invocations=319 (full 301):
 PSYoungGen      total 62464K, used 7442K [0x00000000f8300000, 0x0000000100000000, 0x0000000100000000)
  eden space 43008K, 17% used [0x00000000f8300000,0x00000000f8a44978,0x00000000fad00000)
  from space 19456K, 0% used [0x00000000fed00000,0x00000000fed00000,0x0000000100000000)
  to   space 42496K, 0% used [0x00000000fad00000,0x00000000fad00000,0x00000000fd680000)
 ParOldGen       total 134144K, used 133678K [0x00000000f0000000, 0x00000000f8300000, 0x00000000f8300000)
  object space 134144K, 99% used [0x00000000f0000000,0x00000000f828b818,0x00000000f8300000)
 Metaspace       used 52482K, capacity 55514K, committed 55680K, reserved 1097728K
  class space    used 6399K, capacity 6939K, committed 7040K, reserved 1048576K
}
{Heap before GC invocations=320 (full 302):
 PSYoungGen      total 62464K, used 43008K [0x00000000f8300000, 0x0000000100000000, 0x0000000100000000)
  eden space 43008K, 100% used [0x00000000f8300000,0x00000000fad00000,0x00000000fad00000)
  from space 19456K, 0% used [0x00000000fed00000,0x00000000fed00000,0x0000000100000000)
  to   space 42496K, 0% used [0x00000000fad00000,0x00000000fad00000,0x00000000fd680000)
 ParOldGen       total 134144K, used 133678K [0x00000000f0000000, 0x00000000f8300000, 0x00000000f8300000)
  object space 134144K, 99% used [0x00000000f0000000,0x00000000f828b818,0x00000000f8300000)
 Metaspace       used 52482K, capacity 55514K, committed 55680K, reserved 1097728K
  class space    used 6399K, capacity 6939K, committed 7040K, reserved 1048576K
2023-01-17T04:26:23.449+0800: 82.398: [Full GC (Ergonomics) [PSYoungGen: 43008K->7444K(62464K)] [ParOldGen: 133678K->133678K(134144K)] 176686K->141122K(196608K), [Metaspace: 52482K->52482K(1097728K)], 0.1287467 secs] [Times: user=0.28 sys=0.00, real=0.13 secs] 
Heap after GC invocations=320 (full 302):
 PSYoungGen      total 62464K, used 7444K [0x00000000f8300000, 0x0000000100000000, 0x0000000100000000)
  eden space 43008K, 17% used [0x00000000f8300000,0x00000000f8a450c0,0x00000000fad00000)
  from space 19456K, 0% used [0x00000000fed00000,0x00000000fed00000,0x0000000100000000)
  to   space 42496K, 0% used [0x00000000fad00000,0x00000000fad00000,0x00000000fd680000)
 ParOldGen       total 134144K, used 133678K [0x00000000f0000000, 0x00000000f8300000, 0x00000000f8300000)
  object space 134144K, 99% used [0x00000000f0000000,0x00000000f828b818,0x00000000f8300000)
 Metaspace       used 52482K, capacity 55514K, committed 55680K, reserved 1097728K
  class space    used 6399K, capacity 6939K, committed 7040K, reserved 1048576K
}
{Heap before GC invocations=321 (full 303):
 PSYoungGen      total 62464K, used 43008K [0x00000000f8300000, 0x0000000100000000, 0x0000000100000000)
  eden space 43008K, 100% used [0x00000000f8300000,0x00000000fad00000,0x00000000fad00000)
  from space 19456K, 0% used [0x00000000fed00000,0x00000000fed00000,0x0000000100000000)
  to   space 42496K, 0% used [0x00000000fad00000,0x00000000fad00000,0x00000000fd680000)
 ParOldGen       total 134144K, used 133678K [0x00000000f0000000, 0x00000000f8300000, 0x00000000f8300000)
  object space 134144K, 99% used [0x00000000f0000000,0x00000000f828b818,0x00000000f8300000)
 Metaspace       used 52482K, capacity 55514K, committed 55680K, reserved 1097728K
  class space    used 6399K, capacity 6939K, committed 7040K, reserved 1048576K
2023-01-17T04:26:23.628+0800: 82.577: [Full GC (Ergonomics) [PSYoungGen: 43008K->7438K(62464K)] [ParOldGen: 133678K->133678K(134144K)] 176686K->141116K(196608K), [Metaspace: 52482K->52482K(1097728K)], 0.1129553 secs] [Times: user=0.30 sys=0.00, real=0.12 secs] 
Heap after GC invocations=321 (full 303):
 PSYoungGen      total 62464K, used 7438K [0x00000000f8300000, 0x0000000100000000, 0x0000000100000000)
  eden space 43008K, 17% used [0x00000000f8300000,0x00000000f8a43be0,0x00000000fad00000)
  from space 19456K, 0% used [0x00000000fed00000,0x00000000fed00000,0x0000000100000000)
  to   space 42496K, 0% used [0x00000000fad00000,0x00000000fad00000,0x00000000fd680000)
 ParOldGen       total 134144K, used 133678K [0x00000000f0000000, 0x00000000f8300000, 0x00000000f8300000)
  object space 134144K, 99% used [0x00000000f0000000,0x00000000f828b818,0x00000000f8300000)
 Metaspace       used 52482K, capacity 55514K, committed 55680K, reserved 1097728K
  class space    used 6399K, capacity 6939K, committed 7040K, reserved 1048576K
}
{Heap before GC invocations=322 (full 304):
 PSYoungGen      total 62464K, used 43008K [0x00000000f8300000, 0x0000000100000000, 0x0000000100000000)
  eden space 43008K, 100% used [0x00000000f8300000,0x00000000fad00000,0x00000000fad00000)
  from space 19456K, 0% used [0x00000000fed00000,0x00000000fed00000,0x0000000100000000)
  to   space 42496K, 0% used [0x00000000fad00000,0x00000000fad00000,0x00000000fd680000)
 ParOldGen       total 134144K, used 133678K [0x00000000f0000000, 0x00000000f8300000, 0x00000000f8300000)
  object space 134144K, 99% used [0x00000000f0000000,0x00000000f828b818,0x00000000f8300000)
 Metaspace       used 52482K, capacity 55514K, committed 55680K, reserved 1097728K
  class space    used 6399K, capacity 6939K, committed 7040K, reserved 1048576K
2023-01-17T04:26:23.800+0800: 82.750: [Full GC (Ergonomics) [PSYoungGen: 43008K->7435K(62464K)] [ParOldGen: 133678K->133677K(134144K)] 176686K->141113K(196608K), [Metaspace: 52482K->52482K(1097728K)], 0.1304573 secs] [Times: user=0.35 sys=0.00, real=0.13 secs] 
Heap after GC invocations=322 (full 304):
 PSYoungGen      total 62464K, used 7435K [0x00000000f8300000, 0x0000000100000000, 0x0000000100000000)
  eden space 43008K, 17% used [0x00000000f8300000,0x00000000f8a42d38,0x00000000fad00000)
  from space 19456K, 0% used [0x00000000fed00000,0x00000000fed00000,0x0000000100000000)
  to   space 42496K, 0% used [0x00000000fad00000,0x00000000fad00000,0x00000000fd680000)
 ParOldGen       total 134144K, used 133677K [0x00000000f0000000, 0x00000000f8300000, 0x00000000f8300000)
  object space 134144K, 99% used [0x00000000f0000000,0x00000000f828b6e8,0x00000000f8300000)
 Metaspace       used 52482K, capacity 55514K, committed 55680K, reserved 1097728K
  class space    used 6399K, capacity 6939K, committed 7040K, reserved 1048576K
}
{Heap before GC invocations=323 (full 305):
 PSYoungGen      total 62464K, used 43008K [0x00000000f8300000, 0x0000000100000000, 0x0000000100000000)
  eden space 43008K, 100% used [0x00000000f8300000,0x00000000fad00000,0x00000000fad00000)
  from space 19456K, 0% used [0x00000000fed00000,0x00000000fed00000,0x0000000100000000)
  to   space 42496K, 0% used [0x00000000fad00000,0x00000000fad00000,0x00000000fd680000)
 ParOldGen       total 134144K, used 133677K [0x00000000f0000000, 0x00000000f8300000, 0x00000000f8300000)
  object space 134144K, 99% used [0x00000000f0000000,0x00000000f828b6e8,0x00000000f8300000)
 Metaspace       used 52482K, capacity 55514K, committed 55680K, reserved 1097728K
  class space    used 6399K, capacity 6939K, committed 7040K, reserved 1048576K
2023-01-17T04:26:23.977+0800: 82.927: [Full GC (Ergonomics) [PSYoungGen: 43008K->7464K(62464K)] [ParOldGen: 133677K->133677K(134144K)] 176685K->141142K(196608K), [Metaspace: 52482K->52482K(1097728K)], 0.1266238 secs] [Times: user=0.34 sys=0.00, real=0.13 secs] 
Heap after GC invocations=323 (full 305):
 PSYoungGen      total 62464K, used 7464K [0x00000000f8300000, 0x0000000100000000, 0x0000000100000000)
  eden space 43008K, 17% used [0x00000000f8300000,0x00000000f8a4a2f0,0x00000000fad00000)
  from space 19456K, 0% used [0x00000000fed00000,0x00000000fed00000,0x0000000100000000)
  to   space 42496K, 0% used [0x00000000fad00000,0x00000000fad00000,0x00000000fd680000)
 ParOldGen       total 134144K, used 133677K [0x00000000f0000000, 0x00000000f8300000, 0x00000000f8300000)
  object space 134144K, 99% used [0x00000000f0000000,0x00000000f828b6e8,0x00000000f8300000)
 Metaspace       used 52482K, capacity 55514K, committed 55680K, reserved 1097728K
  class space    used 6399K, capacity 6939K, committed 7040K, reserved 1048576K
}
{Heap before GC invocations=324 (full 306):
 PSYoungGen      total 62464K, used 43008K [0x00000000f8300000, 0x0000000100000000, 0x0000000100000000)
  eden space 43008K, 100% used [0x00000000f8300000,0x00000000fad00000,0x00000000fad00000)
  from space 19456K, 0% used [0x00000000fed00000,0x00000000fed00000,0x0000000100000000)
  to   space 42496K, 0% used [0x00000000fad00000,0x00000000fad00000,0x00000000fd680000)
 ParOldGen       total 134144K, used 133677K [0x00000000f0000000, 0x00000000f8300000, 0x00000000f8300000)
  object space 134144K, 99% used [0x00000000f0000000,0x00000000f828b6e8,0x00000000f8300000)
 Metaspace       used 52482K, capacity 55514K, committed 55680K, reserved 1097728K
  class space    used 6399K, capacity 6939K, committed 7040K, reserved 1048576K
2023-01-17T04:26:24.163+0800: 83.112: [Full GC (Ergonomics) [PSYoungGen: 43008K->7432K(62464K)] [ParOldGen: 133677K->133677K(134144K)] 176685K->141110K(196608K), [Metaspace: 52482K->52482K(1097728K)], 0.2141918 secs] [Times: user=0.35 sys=0.00, real=0.21 secs] 
Heap after GC invocations=324 (full 306):
 PSYoungGen      total 62464K, used 7432K [0x00000000f8300000, 0x0000000100000000, 0x0000000100000000)
  eden space 43008K, 17% used [0x00000000f8300000,0x00000000f8a42158,0x00000000fad00000)
  from space 19456K, 0% used [0x00000000fed00000,0x00000000fed00000,0x0000000100000000)
  to   space 42496K, 0% used [0x00000000fad00000,0x00000000fad00000,0x00000000fd680000)
 ParOldGen       total 134144K, used 133677K [0x00000000f0000000, 0x00000000f8300000, 0x00000000f8300000)
  object space 134144K, 99% used [0x00000000f0000000,0x00000000f828b6e8,0x00000000f8300000)
 Metaspace       used 52482K, capacity 55514K, committed 55680K, reserved 1097728K
  class space    used 6399K, capacity 6939K, committed 7040K, reserved 1048576K
}
{Heap before GC invocations=325 (full 307):
 PSYoungGen      total 62464K, used 43008K [0x00000000f8300000, 0x0000000100000000, 0x0000000100000000)
  eden space 43008K, 100% used [0x00000000f8300000,0x00000000fad00000,0x00000000fad00000)
  from space 19456K, 0% used [0x00000000fed00000,0x00000000fed00000,0x0000000100000000)
  to   space 42496K, 0% used [0x00000000fad00000,0x00000000fad00000,0x00000000fd680000)
 ParOldGen       total 134144K, used 133677K [0x00000000f0000000, 0x00000000f8300000, 0x00000000f8300000)
  object space 134144K, 99% used [0x00000000f0000000,0x00000000f828b6e8,0x00000000f8300000)
 Metaspace       used 52482K, capacity 55514K, committed 55680K, reserved 1097728K
  class space    used 6399K, capacity 6939K, committed 7040K, reserved 1048576K
2023-01-17T04:26:24.426+0800: 83.376: [Full GC (Ergonomics) [PSYoungGen: 43008K->7410K(62464K)] [ParOldGen: 133677K->133677K(134144K)] 176685K->141088K(196608K), [Metaspace: 52482K->52482K(1097728K)], 0.1137580 secs] [Times: user=0.28 sys=0.00, real=0.12 secs] 
Heap after GC invocations=325 (full 307):
 PSYoungGen      total 62464K, used 7410K [0x00000000f8300000, 0x0000000100000000, 0x0000000100000000)
  eden space 43008K, 17% used [0x00000000f8300000,0x00000000f8a3caa0,0x00000000fad00000)
  from space 19456K, 0% used [0x00000000fed00000,0x00000000fed00000,0x0000000100000000)
  to   space 42496K, 0% used [0x00000000fad00000,0x00000000fad00000,0x00000000fd680000)
 ParOldGen       total 134144K, used 133677K [0x00000000f0000000, 0x00000000f8300000, 0x00000000f8300000)
  object space 134144K, 99% used [0x00000000f0000000,0x00000000f828b6e8,0x00000000f8300000)
 Metaspace       used 52482K, capacity 55514K, committed 55680K, reserved 1097728K
  class space    used 6399K, capacity 6939K, committed 7040K, reserved 1048576K
}
{Heap before GC invocations=326 (full 308):
 PSYoungGen      total 62464K, used 43008K [0x00000000f8300000, 0x0000000100000000, 0x0000000100000000)
  eden space 43008K, 100% used [0x00000000f8300000,0x00000000fad00000,0x00000000fad00000)
  from space 19456K, 0% used [0x00000000fed00000,0x00000000fed00000,0x0000000100000000)
  to   space 42496K, 0% used [0x00000000fad00000,0x00000000fad00000,0x00000000fd680000)
 ParOldGen       total 134144K, used 133677K [0x00000000f0000000, 0x00000000f8300000, 0x00000000f8300000)
  object space 134144K, 99% used [0x00000000f0000000,0x00000000f828b6e8,0x00000000f8300000)
 Metaspace       used 52482K, capacity 55514K, committed 55680K, reserved 1097728K
  class space    used 6399K, capacity 6939K, committed 7040K, reserved 1048576K
2023-01-17T04:26:24.585+0800: 83.535: [Full GC (Ergonomics) [PSYoungGen: 43008K->7476K(62464K)] [ParOldGen: 133677K->133677K(134144K)] 176685K->141154K(196608K), [Metaspace: 52482K->52482K(1097728K)], 0.1123651 secs] [Times: user=0.28 sys=0.01, real=0.11 secs] 
Heap after GC invocations=326 (full 308):
 PSYoungGen      total 62464K, used 7476K [0x00000000f8300000, 0x0000000100000000, 0x0000000100000000)
  eden space 43008K, 17% used [0x00000000f8300000,0x00000000f8a4d148,0x00000000fad00000)
  from space 19456K, 0% used [0x00000000fed00000,0x00000000fed00000,0x0000000100000000)
  to   space 42496K, 0% used [0x00000000fad00000,0x00000000fad00000,0x00000000fd680000)
 ParOldGen       total 134144K, used 133677K [0x00000000f0000000, 0x00000000f8300000, 0x00000000f8300000)
  object space 134144K, 99% used [0x00000000f0000000,0x00000000f828b6e8,0x00000000f8300000)
 Metaspace       used 52482K, capacity 55514K, committed 55680K, reserved 1097728K
  class space    used 6399K, capacity 6939K, committed 7040K, reserved 1048576K
}
{Heap before GC invocations=327 (full 309):
 PSYoungGen      total 62464K, used 43008K [0x00000000f8300000, 0x0000000100000000, 0x0000000100000000)
  eden space 43008K, 100% used [0x00000000f8300000,0x00000000fad00000,0x00000000fad00000)
  from space 19456K, 0% used [0x00000000fed00000,0x00000000fed00000,0x0000000100000000)
  to   space 42496K, 0% used [0x00000000fad00000,0x00000000fad00000,0x00000000fd680000)
 ParOldGen       total 134144K, used 133677K [0x00000000f0000000, 0x00000000f8300000, 0x00000000f8300000)
  object space 134144K, 99% used [0x00000000f0000000,0x00000000f828b6e8,0x00000000f8300000)
 Metaspace       used 52482K, capacity 55514K, committed 55680K, reserved 1097728K
  class space    used 6399K, capacity 6939K, committed 7040K, reserved 1048576K
2023-01-17T04:26:24.742+0800: 83.692: [Full GC (Ergonomics) [PSYoungGen: 43008K->7459K(62464K)] [ParOldGen: 133677K->133677K(134144K)] 176685K->141137K(196608K), [Metaspace: 52482K->52482K(1097728K)], 0.1166571 secs] [Times: user=0.30 sys=0.00, real=0.11 secs] 
Heap after GC invocations=327 (full 309):
 PSYoungGen      total 62464K, used 7459K [0x00000000f8300000, 0x0000000100000000, 0x0000000100000000)
  eden space 43008K, 17% used [0x00000000f8300000,0x00000000f8a48f60,0x00000000fad00000)
  from space 19456K, 0% used [0x00000000fed00000,0x00000000fed00000,0x0000000100000000)
  to   space 42496K, 0% used [0x00000000fad00000,0x00000000fad00000,0x00000000fd680000)
 ParOldGen       total 134144K, used 133677K [0x00000000f0000000, 0x00000000f8300000, 0x00000000f8300000)
  object space 134144K, 99% used [0x00000000f0000000,0x00000000f828b6e8,0x00000000f8300000)
 Metaspace       used 52482K, capacity 55514K, committed 55680K, reserved 1097728K
  class space    used 6399K, capacity 6939K, committed 7040K, reserved 1048576K
}
{Heap before GC invocations=328 (full 310):
 PSYoungGen      total 62464K, used 43008K [0x00000000f8300000, 0x0000000100000000, 0x0000000100000000)
  eden space 43008K, 100% used [0x00000000f8300000,0x00000000fad00000,0x00000000fad00000)
  from space 19456K, 0% used [0x00000000fed00000,0x00000000fed00000,0x0000000100000000)
  to   space 42496K, 0% used [0x00000000fad00000,0x00000000fad00000,0x00000000fd680000)
 ParOldGen       total 134144K, used 133677K [0x00000000f0000000, 0x00000000f8300000, 0x00000000f8300000)
  object space 134144K, 99% used [0x00000000f0000000,0x00000000f828b6e8,0x00000000f8300000)
 Metaspace       used 52482K, capacity 55514K, committed 55680K, reserved 1097728K
  class space    used 6399K, capacity 6939K, committed 7040K, reserved 1048576K
2023-01-17T04:26:24.921+0800: 83.871: [Full GC (Ergonomics) [PSYoungGen: 43008K->7429K(62464K)] [ParOldGen: 133677K->133677K(134144K)] 176685K->141106K(196608K), [Metaspace: 52482K->52482K(1097728K)], 0.1600288 secs] [Times: user=0.31 sys=0.00, real=0.16 secs] 
Heap after GC invocations=328 (full 310):
 PSYoungGen      total 62464K, used 7429K [0x00000000f8300000, 0x0000000100000000, 0x0000000100000000)
  eden space 43008K, 17% used [0x00000000f8300000,0x00000000f8a414f0,0x00000000fad00000)
  from space 19456K, 0% used [0x00000000fed00000,0x00000000fed00000,0x0000000100000000)
  to   space 42496K, 0% used [0x00000000fad00000,0x00000000fad00000,0x00000000fd680000)
 ParOldGen       total 134144K, used 133677K [0x00000000f0000000, 0x00000000f8300000, 0x00000000f8300000)
  object space 134144K, 99% used [0x00000000f0000000,0x00000000f828b6e8,0x00000000f8300000)
 Metaspace       used 52482K, capacity 55514K, committed 55680K, reserved 1097728K
  class space    used 6399K, capacity 6939K, committed 7040K, reserved 1048576K
}
{Heap before GC invocations=329 (full 311):
 PSYoungGen      total 62464K, used 43008K [0x00000000f8300000, 0x0000000100000000, 0x0000000100000000)
  eden space 43008K, 100% used [0x00000000f8300000,0x00000000fad00000,0x00000000fad00000)
  from space 19456K, 0% used [0x00000000fed00000,0x00000000fed00000,0x0000000100000000)
  to   space 42496K, 0% used [0x00000000fad00000,0x00000000fad00000,0x00000000fd680000)
 ParOldGen       total 134144K, used 133677K [0x00000000f0000000, 0x00000000f8300000, 0x00000000f8300000)
  object space 134144K, 99% used [0x00000000f0000000,0x00000000f828b6e8,0x00000000f8300000)
 Metaspace       used 52482K, capacity 55514K, committed 55680K, reserved 1097728K
  class space    used 6399K, capacity 6939K, committed 7040K, reserved 1048576K
2023-01-17T04:26:25.135+0800: 84.085: [Full GC (Ergonomics) [PSYoungGen: 43008K->7431K(62464K)] [ParOldGen: 133677K->133677K(134144K)] 176685K->141109K(196608K), [Metaspace: 52482K->52482K(1097728K)], 0.1191698 secs] [Times: user=0.31 sys=0.00, real=0.12 secs] 
Heap after GC invocations=329 (full 311):
 PSYoungGen      total 62464K, used 7431K [0x00000000f8300000, 0x0000000100000000, 0x0000000100000000)
  eden space 43008K, 17% used [0x00000000f8300000,0x00000000f8a41dc8,0x00000000fad00000)
  from space 19456K, 0% used [0x00000000fed00000,0x00000000fed00000,0x0000000100000000)
  to   space 42496K, 0% used [0x00000000fad00000,0x00000000fad00000,0x00000000fd680000)
 ParOldGen       total 134144K, used 133677K [0x00000000f0000000, 0x00000000f8300000, 0x00000000f8300000)
  object space 134144K, 99% used [0x00000000f0000000,0x00000000f828b6e8,0x00000000f8300000)
 Metaspace       used 52482K, capacity 55514K, committed 55680K, reserved 1097728K
  class space    used 6399K, capacity 6939K, committed 7040K, reserved 1048576K
}
{Heap before GC invocations=330 (full 312):
 PSYoungGen      total 62464K, used 43008K [0x00000000f8300000, 0x0000000100000000, 0x0000000100000000)
  eden space 43008K, 100% used [0x00000000f8300000,0x00000000fad00000,0x00000000fad00000)
  from space 19456K, 0% used [0x00000000fed00000,0x00000000fed00000,0x0000000100000000)
  to   space 42496K, 0% used [0x00000000fad00000,0x00000000fad00000,0x00000000fd680000)
 ParOldGen       total 134144K, used 133677K [0x00000000f0000000, 0x00000000f8300000, 0x00000000f8300000)
  object space 134144K, 99% used [0x00000000f0000000,0x00000000f828b6e8,0x00000000f8300000)
 Metaspace       used 52482K, capacity 55514K, committed 55680K, reserved 1097728K
  class space    used 6399K, capacity 6939K, committed 7040K, reserved 1048576K
2023-01-17T04:26:25.301+0800: 84.250: [Full GC (Ergonomics) [PSYoungGen: 43008K->7425K(62464K)] [ParOldGen: 133677K->133677K(134144K)] 176685K->141103K(196608K), [Metaspace: 52482K->52482K(1097728K)], 0.1301210 secs] [Times: user=0.32 sys=0.00, real=0.13 secs] 
Heap after GC invocations=330 (full 312):
 PSYoungGen      total 62464K, used 7425K [0x00000000f8300000, 0x0000000100000000, 0x0000000100000000)
  eden space 43008K, 17% used [0x00000000f8300000,0x00000000f8a40660,0x00000000fad00000)
  from space 19456K, 0% used [0x00000000fed00000,0x00000000fed00000,0x0000000100000000)
  to   space 42496K, 0% used [0x00000000fad00000,0x00000000fad00000,0x00000000fd680000)
 ParOldGen       total 134144K, used 133677K [0x00000000f0000000, 0x00000000f8300000, 0x00000000f8300000)
  object space 134144K, 99% used [0x00000000f0000000,0x00000000f828b6e8,0x00000000f8300000)
 Metaspace       used 52482K, capacity 55514K, committed 55680K, reserved 1097728K
  class space    used 6399K, capacity 6939K, committed 7040K, reserved 1048576K
}
{Heap before GC invocations=331 (full 313):
 PSYoungGen      total 62464K, used 43008K [0x00000000f8300000, 0x0000000100000000, 0x0000000100000000)
  eden space 43008K, 100% used [0x00000000f8300000,0x00000000fad00000,0x00000000fad00000)
  from space 19456K, 0% used [0x00000000fed00000,0x00000000fed00000,0x0000000100000000)
  to   space 42496K, 0% used [0x00000000fad00000,0x00000000fad00000,0x00000000fd680000)
 ParOldGen       total 134144K, used 133677K [0x00000000f0000000, 0x00000000f8300000, 0x00000000f8300000)
  object space 134144K, 99% used [0x00000000f0000000,0x00000000f828b6e8,0x00000000f8300000)
 Metaspace       used 52482K, capacity 55514K, committed 55680K, reserved 1097728K
  class space    used 6399K, capacity 6939K, committed 7040K, reserved 1048576K
2023-01-17T04:26:25.486+0800: 84.436: [Full GC (Ergonomics) [PSYoungGen: 43008K->7423K(62464K)] [ParOldGen: 133677K->133677K(134144K)] 176685K->141101K(196608K), [Metaspace: 52482K->52482K(1097728K)], 0.1592133 secs] [Times: user=0.35 sys=0.00, real=0.16 secs] 
Heap after GC invocations=331 (full 313):
 PSYoungGen      total 62464K, used 7423K [0x00000000f8300000, 0x0000000100000000, 0x0000000100000000)
  eden space 43008K, 17% used [0x00000000f8300000,0x00000000f8a3fd68,0x00000000fad00000)
  from space 19456K, 0% used [0x00000000fed00000,0x00000000fed00000,0x0000000100000000)
  to   space 42496K, 0% used [0x00000000fad00000,0x00000000fad00000,0x00000000fd680000)
 ParOldGen       total 134144K, used 133677K [0x00000000f0000000, 0x00000000f8300000, 0x00000000f8300000)
  object space 134144K, 99% used [0x00000000f0000000,0x00000000f828b6e8,0x00000000f8300000)
 Metaspace       used 52482K, capacity 55514K, committed 55680K, reserved 1097728K
  class space    used 6399K, capacity 6939K, committed 7040K, reserved 1048576K
}
{Heap before GC invocations=332 (full 314):
 PSYoungGen      total 62464K, used 43008K [0x00000000f8300000, 0x0000000100000000, 0x0000000100000000)
  eden space 43008K, 100% used [0x00000000f8300000,0x00000000fad00000,0x00000000fad00000)
  from space 19456K, 0% used [0x00000000fed00000,0x00000000fed00000,0x0000000100000000)
  to   space 42496K, 0% used [0x00000000fad00000,0x00000000fad00000,0x00000000fd680000)
 ParOldGen       total 134144K, used 133677K [0x00000000f0000000, 0x00000000f8300000, 0x00000000f8300000)
  object space 134144K, 99% used [0x00000000f0000000,0x00000000f828b6e8,0x00000000f8300000)
 Metaspace       used 52482K, capacity 55514K, committed 55680K, reserved 1097728K
  class space    used 6399K, capacity 6939K, committed 7040K, reserved 1048576K
2023-01-17T04:26:25.705+0800: 84.655: [Full GC (Ergonomics) [PSYoungGen: 43008K->7422K(62464K)] [ParOldGen: 133677K->133677K(134144K)] 176685K->141100K(196608K), [Metaspace: 52482K->52482K(1097728K)], 0.1487249 secs] [Times: user=0.31 sys=0.00, real=0.15 secs] 
Heap after GC invocations=332 (full 314):
 PSYoungGen      total 62464K, used 7422K [0x00000000f8300000, 0x0000000100000000, 0x0000000100000000)
  eden space 43008K, 17% used [0x00000000f8300000,0x00000000f8a3f950,0x00000000fad00000)
  from space 19456K, 0% used [0x00000000fed00000,0x00000000fed00000,0x0000000100000000)
  to   space 42496K, 0% used [0x00000000fad00000,0x00000000fad00000,0x00000000fd680000)
 ParOldGen       total 134144K, used 133677K [0x00000000f0000000, 0x00000000f8300000, 0x00000000f8300000)
  object space 134144K, 99% used [0x00000000f0000000,0x00000000f828b6e8,0x00000000f8300000)
 Metaspace       used 52482K, capacity 55514K, committed 55680K, reserved 1097728K
  class space    used 6399K, capacity 6939K, committed 7040K, reserved 1048576K
}
{Heap before GC invocations=333 (full 315):
 PSYoungGen      total 62464K, used 43008K [0x00000000f8300000, 0x0000000100000000, 0x0000000100000000)
  eden space 43008K, 100% used [0x00000000f8300000,0x00000000fad00000,0x00000000fad00000)
  from space 19456K, 0% used [0x00000000fed00000,0x00000000fed00000,0x0000000100000000)
  to   space 42496K, 0% used [0x00000000fad00000,0x00000000fad00000,0x00000000fd680000)
 ParOldGen       total 134144K, used 133677K [0x00000000f0000000, 0x00000000f8300000, 0x00000000f8300000)
  object space 134144K, 99% used [0x00000000f0000000,0x00000000f828b6e8,0x00000000f8300000)
 Metaspace       used 52482K, capacity 55514K, committed 55680K, reserved 1097728K
  class space    used 6399K, capacity 6939K, committed 7040K, reserved 1048576K
2023-01-17T04:26:25.907+0800: 84.856: [Full GC (Ergonomics) [PSYoungGen: 43008K->7427K(62464K)] [ParOldGen: 133677K->133677K(134144K)] 176685K->141105K(196608K), [Metaspace: 52482K->52482K(1097728K)], 0.1143072 secs] [Times: user=0.30 sys=0.00, real=0.12 secs] 
Heap after GC invocations=333 (full 315):
 PSYoungGen      total 62464K, used 7427K [0x00000000f8300000, 0x0000000100000000, 0x0000000100000000)
  eden space 43008K, 17% used [0x00000000f8300000,0x00000000f8a40d70,0x00000000fad00000)
  from space 19456K, 0% used [0x00000000fed00000,0x00000000fed00000,0x0000000100000000)
  to   space 42496K, 0% used [0x00000000fad00000,0x00000000fad00000,0x00000000fd680000)
 ParOldGen       total 134144K, used 133677K [0x00000000f0000000, 0x00000000f8300000, 0x00000000f8300000)
  object space 134144K, 99% used [0x00000000f0000000,0x00000000f828b6e8,0x00000000f8300000)
 Metaspace       used 52482K, capacity 55514K, committed 55680K, reserved 1097728K
  class space    used 6399K, capacity 6939K, committed 7040K, reserved 1048576K
}
{Heap before GC invocations=334 (full 316):
 PSYoungGen      total 62464K, used 43008K [0x00000000f8300000, 0x0000000100000000, 0x0000000100000000)
  eden space 43008K, 100% used [0x00000000f8300000,0x00000000fad00000,0x00000000fad00000)
  from space 19456K, 0% used [0x00000000fed00000,0x00000000fed00000,0x0000000100000000)
  to   space 42496K, 0% used [0x00000000fad00000,0x00000000fad00000,0x00000000fd680000)
 ParOldGen       total 134144K, used 133677K [0x00000000f0000000, 0x00000000f8300000, 0x00000000f8300000)
  object space 134144K, 99% used [0x00000000f0000000,0x00000000f828b6e8,0x00000000f8300000)
 Metaspace       used 52482K, capacity 55514K, committed 55680K, reserved 1097728K
  class space    used 6399K, capacity 6939K, committed 7040K, reserved 1048576K
2023-01-17T04:26:26.066+0800: 85.016: [Full GC (Ergonomics) [PSYoungGen: 43008K->7435K(62464K)] [ParOldGen: 133677K->133677K(134144K)] 176685K->141112K(196608K), [Metaspace: 52482K->52482K(1097728K)], 0.1140418 secs] [Times: user=0.30 sys=0.00, real=0.12 secs] 
Heap after GC invocations=334 (full 316):
 PSYoungGen      total 62464K, used 7435K [0x00000000f8300000, 0x0000000100000000, 0x0000000100000000)
  eden space 43008K, 17% used [0x00000000f8300000,0x00000000f8a42c90,0x00000000fad00000)
  from space 19456K, 0% used [0x00000000fed00000,0x00000000fed00000,0x0000000100000000)
  to   space 42496K, 0% used [0x00000000fad00000,0x00000000fad00000,0x00000000fd680000)
 ParOldGen       total 134144K, used 133677K [0x00000000f0000000, 0x00000000f8300000, 0x00000000f8300000)
  object space 134144K, 99% used [0x00000000f0000000,0x00000000f828b6e8,0x00000000f8300000)
 Metaspace       used 52482K, capacity 55514K, committed 55680K, reserved 1097728K
  class space    used 6399K, capacity 6939K, committed 7040K, reserved 1048576K
}
{Heap before GC invocations=335 (full 317):
 PSYoungGen      total 62464K, used 43008K [0x00000000f8300000, 0x0000000100000000, 0x0000000100000000)
  eden space 43008K, 100% used [0x00000000f8300000,0x00000000fad00000,0x00000000fad00000)
  from space 19456K, 0% used [0x00000000fed00000,0x00000000fed00000,0x0000000100000000)
  to   space 42496K, 0% used [0x00000000fad00000,0x00000000fad00000,0x00000000fd680000)
 ParOldGen       total 134144K, used 133677K [0x00000000f0000000, 0x00000000f8300000, 0x00000000f8300000)
  object space 134144K, 99% used [0x00000000f0000000,0x00000000f828b6e8,0x00000000f8300000)
 Metaspace       used 52482K, capacity 55514K, committed 55680K, reserved 1097728K
  class space    used 6399K, capacity 6939K, committed 7040K, reserved 1048576K
2023-01-17T04:26:26.225+0800: 85.175: [Full GC (Ergonomics) [PSYoungGen: 43008K->7426K(62464K)] [ParOldGen: 133677K->133677K(134144K)] 176685K->141104K(196608K), [Metaspace: 52482K->52482K(1097728K)], 0.1153780 secs] [Times: user=0.30 sys=0.00, real=0.12 secs] 
Heap after GC invocations=335 (full 317):
 PSYoungGen      total 62464K, used 7426K [0x00000000f8300000, 0x0000000100000000, 0x0000000100000000)
  eden space 43008K, 17% used [0x00000000f8300000,0x00000000f8a40b28,0x00000000fad00000)
  from space 19456K, 0% used [0x00000000fed00000,0x00000000fed00000,0x0000000100000000)
  to   space 42496K, 0% used [0x00000000fad00000,0x00000000fad00000,0x00000000fd680000)
 ParOldGen       total 134144K, used 133677K [0x00000000f0000000, 0x00000000f8300000, 0x00000000f8300000)
  object space 134144K, 99% used [0x00000000f0000000,0x00000000f828b6e8,0x00000000f8300000)
 Metaspace       used 52482K, capacity 55514K, committed 55680K, reserved 1097728K
  class space    used 6399K, capacity 6939K, committed 7040K, reserved 1048576K
}
{Heap before GC invocations=336 (full 318):
 PSYoungGen      total 62464K, used 43008K [0x00000000f8300000, 0x0000000100000000, 0x0000000100000000)
  eden space 43008K, 100% used [0x00000000f8300000,0x00000000fad00000,0x00000000fad00000)
  from space 19456K, 0% used [0x00000000fed00000,0x00000000fed00000,0x0000000100000000)
  to   space 42496K, 0% used [0x00000000fad00000,0x00000000fad00000,0x00000000fd680000)
 ParOldGen       total 134144K, used 133677K [0x00000000f0000000, 0x00000000f8300000, 0x00000000f8300000)
  object space 134144K, 99% used [0x00000000f0000000,0x00000000f828b6e8,0x00000000f8300000)
 Metaspace       used 52482K, capacity 55514K, committed 55680K, reserved 1097728K
  class space    used 6399K, capacity 6939K, committed 7040K, reserved 1048576K
2023-01-17T04:26:26.385+0800: 85.335: [Full GC (Ergonomics) [PSYoungGen: 43008K->7417K(62464K)] [ParOldGen: 133677K->133677K(134144K)] 176685K->141095K(196608K), [Metaspace: 52482K->52482K(1097728K)], 0.1446523 secs] [Times: user=0.31 sys=0.00, real=0.15 secs] 
Heap after GC invocations=336 (full 318):
 PSYoungGen      total 62464K, used 7417K [0x00000000f8300000, 0x0000000100000000, 0x0000000100000000)
  eden space 43008K, 17% used [0x00000000f8300000,0x00000000f8a3e6e8,0x00000000fad00000)
  from space 19456K, 0% used [0x00000000fed00000,0x00000000fed00000,0x0000000100000000)
  to   space 42496K, 0% used [0x00000000fad00000,0x00000000fad00000,0x00000000fd680000)
 ParOldGen       total 134144K, used 133677K [0x00000000f0000000, 0x00000000f8300000, 0x00000000f8300000)
  object space 134144K, 99% used [0x00000000f0000000,0x00000000f828b6e8,0x00000000f8300000)
 Metaspace       used 52482K, capacity 55514K, committed 55680K, reserved 1097728K
  class space    used 6399K, capacity 6939K, committed 7040K, reserved 1048576K
}
{Heap before GC invocations=337 (full 319):
 PSYoungGen      total 62464K, used 43008K [0x00000000f8300000, 0x0000000100000000, 0x0000000100000000)
  eden space 43008K, 100% used [0x00000000f8300000,0x00000000fad00000,0x00000000fad00000)
  from space 19456K, 0% used [0x00000000fed00000,0x00000000fed00000,0x0000000100000000)
  to   space 42496K, 0% used [0x00000000fad00000,0x00000000fad00000,0x00000000fd680000)
 ParOldGen       total 134144K, used 133677K [0x00000000f0000000, 0x00000000f8300000, 0x00000000f8300000)
  object space 134144K, 99% used [0x00000000f0000000,0x00000000f828b6e8,0x00000000f8300000)
 Metaspace       used 52482K, capacity 55514K, committed 55680K, reserved 1097728K
  class space    used 6399K, capacity 6939K, committed 7040K, reserved 1048576K
2023-01-17T04:26:26.589+0800: 85.539: [Full GC (Ergonomics) [PSYoungGen: 43008K->7442K(62464K)] [ParOldGen: 133677K->133677K(134144K)] 176685K->141120K(196608K), [Metaspace: 52482K->52482K(1097728K)], 0.1456108 secs] [Times: user=0.31 sys=0.00, real=0.15 secs] 
Heap after GC invocations=337 (full 319):
 PSYoungGen      total 62464K, used 7442K [0x00000000f8300000, 0x0000000100000000, 0x0000000100000000)
  eden space 43008K, 17% used [0x00000000f8300000,0x00000000f8a44b70,0x00000000fad00000)
  from space 19456K, 0% used [0x00000000fed00000,0x00000000fed00000,0x0000000100000000)
  to   space 42496K, 0% used [0x00000000fad00000,0x00000000fad00000,0x00000000fd680000)
 ParOldGen       total 134144K, used 133677K [0x00000000f0000000, 0x00000000f8300000, 0x00000000f8300000)
  object space 134144K, 99% used [0x00000000f0000000,0x00000000f828b6e8,0x00000000f8300000)
 Metaspace       used 52482K, capacity 55514K, committed 55680K, reserved 1097728K
  class space    used 6399K, capacity 6939K, committed 7040K, reserved 1048576K
}
{Heap before GC invocations=338 (full 320):
 PSYoungGen      total 62464K, used 43008K [0x00000000f8300000, 0x0000000100000000, 0x0000000100000000)
  eden space 43008K, 100% used [0x00000000f8300000,0x00000000fad00000,0x00000000fad00000)
  from space 19456K, 0% used [0x00000000fed00000,0x00000000fed00000,0x0000000100000000)
  to   space 42496K, 0% used [0x00000000fad00000,0x00000000fad00000,0x00000000fd680000)
 ParOldGen       total 134144K, used 133677K [0x00000000f0000000, 0x00000000f8300000, 0x00000000f8300000)
  object space 134144K, 99% used [0x00000000f0000000,0x00000000f828b6e8,0x00000000f8300000)
 Metaspace       used 52482K, capacity 55514K, committed 55680K, reserved 1097728K
  class space    used 6399K, capacity 6939K, committed 7040K, reserved 1048576K
2023-01-17T04:26:26.799+0800: 85.749: [Full GC (Ergonomics) [PSYoungGen: 43008K->7414K(62464K)] [ParOldGen: 133677K->133677K(134144K)] 176685K->141092K(196608K), [Metaspace: 52482K->52482K(1097728K)], 0.1430490 secs] [Times: user=0.35 sys=0.00, real=0.15 secs] 
Heap after GC invocations=338 (full 320):
 PSYoungGen      total 62464K, used 7414K [0x00000000f8300000, 0x0000000100000000, 0x0000000100000000)
  eden space 43008K, 17% used [0x00000000f8300000,0x00000000f8a3d9e0,0x00000000fad00000)
  from space 19456K, 0% used [0x00000000fed00000,0x00000000fed00000,0x0000000100000000)
  to   space 42496K, 0% used [0x00000000fad00000,0x00000000fad00000,0x00000000fd680000)
 ParOldGen       total 134144K, used 133677K [0x00000000f0000000, 0x00000000f8300000, 0x00000000f8300000)
  object space 134144K, 99% used [0x00000000f0000000,0x00000000f828b6e8,0x00000000f8300000)
 Metaspace       used 52482K, capacity 55514K, committed 55680K, reserved 1097728K
  class space    used 6399K, capacity 6939K, committed 7040K, reserved 1048576K
}
{Heap before GC invocations=339 (full 321):
 PSYoungGen      total 62464K, used 43008K [0x00000000f8300000, 0x0000000100000000, 0x0000000100000000)
  eden space 43008K, 100% used [0x00000000f8300000,0x00000000fad00000,0x00000000fad00000)
  from space 19456K, 0% used [0x00000000fed00000,0x00000000fed00000,0x0000000100000000)
  to   space 42496K, 0% used [0x00000000fad00000,0x00000000fad00000,0x00000000fd680000)
 ParOldGen       total 134144K, used 133677K [0x00000000f0000000, 0x00000000f8300000, 0x00000000f8300000)
  object space 134144K, 99% used [0x00000000f0000000,0x00000000f828b6e8,0x00000000f8300000)
 Metaspace       used 52482K, capacity 55514K, committed 55680K, reserved 1097728K
  class space    used 6399K, capacity 6939K, committed 7040K, reserved 1048576K
2023-01-17T04:26:26.989+0800: 85.939: [Full GC (Ergonomics) [PSYoungGen: 43008K->7429K(62464K)] [ParOldGen: 133677K->133677K(134144K)] 176685K->141107K(196608K), [Metaspace: 52482K->52482K(1097728K)], 0.1157821 secs] [Times: user=0.30 sys=0.00, real=0.12 secs] 
Heap after GC invocations=339 (full 321):
 PSYoungGen      total 62464K, used 7429K [0x00000000f8300000, 0x0000000100000000, 0x0000000100000000)
  eden space 43008K, 17% used [0x00000000f8300000,0x00000000f8a416e8,0x00000000fad00000)
  from space 19456K, 0% used [0x00000000fed00000,0x00000000fed00000,0x0000000100000000)
  to   space 42496K, 0% used [0x00000000fad00000,0x00000000fad00000,0x00000000fd680000)
 ParOldGen       total 134144K, used 133677K [0x00000000f0000000, 0x00000000f8300000, 0x00000000f8300000)
  object space 134144K, 99% used [0x00000000f0000000,0x00000000f828b6e8,0x00000000f8300000)
 Metaspace       used 52482K, capacity 55514K, committed 55680K, reserved 1097728K
  class space    used 6399K, capacity 6939K, committed 7040K, reserved 1048576K
}
{Heap before GC invocations=340 (full 322):
 PSYoungGen      total 62464K, used 43008K [0x00000000f8300000, 0x0000000100000000, 0x0000000100000000)
  eden space 43008K, 100% used [0x00000000f8300000,0x00000000fad00000,0x00000000fad00000)
  from space 19456K, 0% used [0x00000000fed00000,0x00000000fed00000,0x0000000100000000)
  to   space 42496K, 0% used [0x00000000fad00000,0x00000000fad00000,0x00000000fd680000)
 ParOldGen       total 134144K, used 133677K [0x00000000f0000000, 0x00000000f8300000, 0x00000000f8300000)
  object space 134144K, 99% used [0x00000000f0000000,0x00000000f828b6e8,0x00000000f8300000)
 Metaspace       used 52482K, capacity 55514K, committed 55680K, reserved 1097728K
  class space    used 6399K, capacity 6939K, committed 7040K, reserved 1048576K
2023-01-17T04:26:27.157+0800: 86.107: [Full GC (Ergonomics) [PSYoungGen: 43008K->7436K(62464K)] [ParOldGen: 133677K->133677K(134144K)] 176685K->141114K(196608K), [Metaspace: 52482K->52482K(1097728K)], 0.1648041 secs] [Times: user=0.34 sys=0.00, real=0.17 secs] 
Heap after GC invocations=340 (full 322):
 PSYoungGen      total 62464K, used 7436K [0x00000000f8300000, 0x0000000100000000, 0x0000000100000000)
  eden space 43008K, 17% used [0x00000000f8300000,0x00000000f8a432d8,0x00000000fad00000)
  from space 19456K, 0% used [0x00000000fed00000,0x00000000fed00000,0x0000000100000000)
  to   space 42496K, 0% used [0x00000000fad00000,0x00000000fad00000,0x00000000fd680000)
 ParOldGen       total 134144K, used 133677K [0x00000000f0000000, 0x00000000f8300000, 0x00000000f8300000)
  object space 134144K, 99% used [0x00000000f0000000,0x00000000f828b6e8,0x00000000f8300000)
 Metaspace       used 52482K, capacity 55514K, committed 55680K, reserved 1097728K
  class space    used 6399K, capacity 6939K, committed 7040K, reserved 1048576K
}
{Heap before GC invocations=341 (full 323):
 PSYoungGen      total 62464K, used 43008K [0x00000000f8300000, 0x0000000100000000, 0x0000000100000000)
  eden space 43008K, 100% used [0x00000000f8300000,0x00000000fad00000,0x00000000fad00000)
  from space 19456K, 0% used [0x00000000fed00000,0x00000000fed00000,0x0000000100000000)
  to   space 42496K, 0% used [0x00000000fad00000,0x00000000fad00000,0x00000000fd680000)
 ParOldGen       total 134144K, used 133677K [0x00000000f0000000, 0x00000000f8300000, 0x00000000f8300000)
  object space 134144K, 99% used [0x00000000f0000000,0x00000000f828b6e8,0x00000000f8300000)
 Metaspace       used 52482K, capacity 55514K, committed 55680K, reserved 1097728K
  class space    used 6399K, capacity 6939K, committed 7040K, reserved 1048576K
2023-01-17T04:26:27.380+0800: 86.330: [Full GC (Ergonomics) [PSYoungGen: 43008K->7440K(62464K)] [ParOldGen: 133677K->133677K(134144K)] 176685K->141117K(196608K), [Metaspace: 52482K->52482K(1097728K)], 0.1191090 secs] [Times: user=0.31 sys=0.00, real=0.11 secs] 
Heap after GC invocations=341 (full 323):
 PSYoungGen      total 62464K, used 7440K [0x00000000f8300000, 0x0000000100000000, 0x0000000100000000)
  eden space 43008K, 17% used [0x00000000f8300000,0x00000000f8a44050,0x00000000fad00000)
  from space 19456K, 0% used [0x00000000fed00000,0x00000000fed00000,0x0000000100000000)
  to   space 42496K, 0% used [0x00000000fad00000,0x00000000fad00000,0x00000000fd680000)
 ParOldGen       total 134144K, used 133677K [0x00000000f0000000, 0x00000000f8300000, 0x00000000f8300000)
  object space 134144K, 99% used [0x00000000f0000000,0x00000000f828b6e8,0x00000000f8300000)
 Metaspace       used 52482K, capacity 55514K, committed 55680K, reserved 1097728K
  class space    used 6399K, capacity 6939K, committed 7040K, reserved 1048576K
}
{Heap before GC invocations=342 (full 324):
 PSYoungGen      total 62464K, used 43008K [0x00000000f8300000, 0x0000000100000000, 0x0000000100000000)
  eden space 43008K, 100% used [0x00000000f8300000,0x00000000fad00000,0x00000000fad00000)
  from space 19456K, 0% used [0x00000000fed00000,0x00000000fed00000,0x0000000100000000)
  to   space 42496K, 0% used [0x00000000fad00000,0x00000000fad00000,0x00000000fd680000)
 ParOldGen       total 134144K, used 133677K [0x00000000f0000000, 0x00000000f8300000, 0x00000000f8300000)
  object space 134144K, 99% used [0x00000000f0000000,0x00000000f828b6e8,0x00000000f8300000)
 Metaspace       used 52482K, capacity 55514K, committed 55680K, reserved 1097728K
  class space    used 6399K, capacity 6939K, committed 7040K, reserved 1048576K
2023-01-17T04:26:27.545+0800: 86.495: [Full GC (Ergonomics) [PSYoungGen: 43008K->7439K(62464K)] [ParOldGen: 133677K->133677K(134144K)] 176685K->141116K(196608K), [Metaspace: 52482K->52482K(1097728K)], 0.1140936 secs] [Times: user=0.30 sys=0.01, real=0.11 secs] 
Heap after GC invocations=342 (full 324):
 PSYoungGen      total 62464K, used 7439K [0x00000000f8300000, 0x0000000100000000, 0x0000000100000000)
  eden space 43008K, 17% used [0x00000000f8300000,0x00000000f8a43ca8,0x00000000fad00000)
  from space 19456K, 0% used [0x00000000fed00000,0x00000000fed00000,0x0000000100000000)
  to   space 42496K, 0% used [0x00000000fad00000,0x00000000fad00000,0x00000000fd680000)
 ParOldGen       total 134144K, used 133677K [0x00000000f0000000, 0x00000000f8300000, 0x00000000f8300000)
  object space 134144K, 99% used [0x00000000f0000000,0x00000000f828b6e8,0x00000000f8300000)
 Metaspace       used 52482K, capacity 55514K, committed 55680K, reserved 1097728K
  class space    used 6399K, capacity 6939K, committed 7040K, reserved 1048576K
}
{Heap before GC invocations=343 (full 325):
 PSYoungGen      total 62464K, used 43008K [0x00000000f8300000, 0x0000000100000000, 0x0000000100000000)
  eden space 43008K, 100% used [0x00000000f8300000,0x00000000fad00000,0x00000000fad00000)
  from space 19456K, 0% used [0x00000000fed00000,0x00000000fed00000,0x0000000100000000)
  to   space 42496K, 0% used [0x00000000fad00000,0x00000000fad00000,0x00000000fd680000)
 ParOldGen       total 134144K, used 133677K [0x00000000f0000000, 0x00000000f8300000, 0x00000000f8300000)
  object space 134144K, 99% used [0x00000000f0000000,0x00000000f828b6e8,0x00000000f8300000)
 Metaspace       used 52482K, capacity 55514K, committed 55680K, reserved 1097728K
  class space    used 6399K, capacity 6939K, committed 7040K, reserved 1048576K
2023-01-17T04:26:27.704+0800: 86.654: [Full GC (Ergonomics) [PSYoungGen: 43008K->7410K(62464K)] [ParOldGen: 133677K->133677K(134144K)] 176685K->141088K(196608K), [Metaspace: 52482K->52482K(1097728K)], 0.1150975 secs] [Times: user=0.30 sys=0.00, real=0.11 secs] 
Heap after GC invocations=343 (full 325):
 PSYoungGen      total 62464K, used 7410K [0x00000000f8300000, 0x0000000100000000, 0x0000000100000000)
  eden space 43008K, 17% used [0x00000000f8300000,0x00000000f8a3c980,0x00000000fad00000)
  from space 19456K, 0% used [0x00000000fed00000,0x00000000fed00000,0x0000000100000000)
  to   space 42496K, 0% used [0x00000000fad00000,0x00000000fad00000,0x00000000fd680000)
 ParOldGen       total 134144K, used 133677K [0x00000000f0000000, 0x00000000f8300000, 0x00000000f8300000)
  object space 134144K, 99% used [0x00000000f0000000,0x00000000f828b6e8,0x00000000f8300000)
 Metaspace       used 52482K, capacity 55514K, committed 55680K, reserved 1097728K
  class space    used 6399K, capacity 6939K, committed 7040K, reserved 1048576K
}
{Heap before GC invocations=344 (full 326):
 PSYoungGen      total 62464K, used 43008K [0x00000000f8300000, 0x0000000100000000, 0x0000000100000000)
  eden space 43008K, 100% used [0x00000000f8300000,0x00000000fad00000,0x00000000fad00000)
  from space 19456K, 0% used [0x00000000fed00000,0x00000000fed00000,0x0000000100000000)
  to   space 42496K, 0% used [0x00000000fad00000,0x00000000fad00000,0x00000000fd680000)
 ParOldGen       total 134144K, used 133677K [0x00000000f0000000, 0x00000000f8300000, 0x00000000f8300000)
  object space 134144K, 99% used [0x00000000f0000000,0x00000000f828b6e8,0x00000000f8300000)
 Metaspace       used 52482K, capacity 55514K, committed 55680K, reserved 1097728K
  class space    used 6399K, capacity 6939K, committed 7040K, reserved 1048576K
2023-01-17T04:26:27.873+0800: 86.823: [Full GC (Ergonomics) [PSYoungGen: 43008K->7443K(62464K)] [ParOldGen: 133677K->133677K(134144K)] 176685K->141121K(196608K), [Metaspace: 52482K->52482K(1097728K)], 0.1661337 secs] [Times: user=0.31 sys=0.00, real=0.16 secs] 
Heap after GC invocations=344 (full 326):
 PSYoungGen      total 62464K, used 7443K [0x00000000f8300000, 0x0000000100000000, 0x0000000100000000)
  eden space 43008K, 17% used [0x00000000f8300000,0x00000000f8a44f90,0x00000000fad00000)
  from space 19456K, 0% used [0x00000000fed00000,0x00000000fed00000,0x0000000100000000)
  to   space 42496K, 0% used [0x00000000fad00000,0x00000000fad00000,0x00000000fd680000)
 ParOldGen       total 134144K, used 133677K [0x00000000f0000000, 0x00000000f8300000, 0x00000000f8300000)
  object space 134144K, 99% used [0x00000000f0000000,0x00000000f828b6e8,0x00000000f8300000)
 Metaspace       used 52482K, capacity 55514K, committed 55680K, reserved 1097728K
  class space    used 6399K, capacity 6939K, committed 7040K, reserved 1048576K
}
{Heap before GC invocations=345 (full 327):
 PSYoungGen      total 62464K, used 43008K [0x00000000f8300000, 0x0000000100000000, 0x0000000100000000)
  eden space 43008K, 100% used [0x00000000f8300000,0x00000000fad00000,0x00000000fad00000)
  from space 19456K, 0% used [0x00000000fed00000,0x00000000fed00000,0x0000000100000000)
  to   space 42496K, 0% used [0x00000000fad00000,0x00000000fad00000,0x00000000fd680000)
 ParOldGen       total 134144K, used 133677K [0x00000000f0000000, 0x00000000f8300000, 0x00000000f8300000)
  object space 134144K, 99% used [0x00000000f0000000,0x00000000f828b6e8,0x00000000f8300000)
 Metaspace       used 52482K, capacity 55514K, committed 55680K, reserved 1097728K
  class space    used 6399K, capacity 6939K, committed 7040K, reserved 1048576K
2023-01-17T04:26:28.124+0800: 87.074: [Full GC (Ergonomics) [PSYoungGen: 43008K->7420K(62464K)] [ParOldGen: 133677K->133677K(134144K)] 176685K->141097K(196608K), [Metaspace: 52482K->52482K(1097728K)], 0.1395231 secs] [Times: user=0.32 sys=0.00, real=0.14 secs] 
Heap after GC invocations=345 (full 327):
 PSYoungGen      total 62464K, used 7420K [0x00000000f8300000, 0x0000000100000000, 0x0000000100000000)
  eden space 43008K, 17% used [0x00000000f8300000,0x00000000f8a3f020,0x00000000fad00000)
  from space 19456K, 0% used [0x00000000fed00000,0x00000000fed00000,0x0000000100000000)
  to   space 42496K, 0% used [0x00000000fad00000,0x00000000fad00000,0x00000000fd680000)
 ParOldGen       total 134144K, used 133677K [0x00000000f0000000, 0x00000000f8300000, 0x00000000f8300000)
  object space 134144K, 99% used [0x00000000f0000000,0x00000000f828b6e8,0x00000000f8300000)
 Metaspace       used 52482K, capacity 55514K, committed 55680K, reserved 1097728K
  class space    used 6399K, capacity 6939K, committed 7040K, reserved 1048576K
}
{Heap before GC invocations=346 (full 328):
 PSYoungGen      total 62464K, used 43008K [0x00000000f8300000, 0x0000000100000000, 0x0000000100000000)
  eden space 43008K, 100% used [0x00000000f8300000,0x00000000fad00000,0x00000000fad00000)
  from space 19456K, 0% used [0x00000000fed00000,0x00000000fed00000,0x0000000100000000)
  to   space 42496K, 0% used [0x00000000fad00000,0x00000000fad00000,0x00000000fd680000)
 ParOldGen       total 134144K, used 133677K [0x00000000f0000000, 0x00000000f8300000, 0x00000000f8300000)
  object space 134144K, 99% used [0x00000000f0000000,0x00000000f828b6e8,0x00000000f8300000)
 Metaspace       used 52482K, capacity 55514K, committed 55680K, reserved 1097728K
  class space    used 6399K, capacity 6939K, committed 7040K, reserved 1048576K
2023-01-17T04:26:28.322+0800: 87.272: [Full GC (Ergonomics) [PSYoungGen: 43008K->7411K(62464K)] [ParOldGen: 133677K->133677K(134144K)] 176685K->141089K(196608K), [Metaspace: 52482K->52482K(1097728K)], 0.1182477 secs] [Times: user=0.31 sys=0.00, real=0.12 secs] 
Heap after GC invocations=346 (full 328):
 PSYoungGen      total 62464K, used 7411K [0x00000000f8300000, 0x0000000100000000, 0x0000000100000000)
  eden space 43008K, 17% used [0x00000000f8300000,0x00000000f8a3cd28,0x00000000fad00000)
  from space 19456K, 0% used [0x00000000fed00000,0x00000000fed00000,0x0000000100000000)
  to   space 42496K, 0% used [0x00000000fad00000,0x00000000fad00000,0x00000000fd680000)
 ParOldGen       total 134144K, used 133677K [0x00000000f0000000, 0x00000000f8300000, 0x00000000f8300000)
  object space 134144K, 99% used [0x00000000f0000000,0x00000000f828b6e8,0x00000000f8300000)
 Metaspace       used 52482K, capacity 55514K, committed 55680K, reserved 1097728K
  class space    used 6399K, capacity 6939K, committed 7040K, reserved 1048576K
}
{Heap before GC invocations=347 (full 329):
 PSYoungGen      total 62464K, used 43008K [0x00000000f8300000, 0x0000000100000000, 0x0000000100000000)
  eden space 43008K, 100% used [0x00000000f8300000,0x00000000fad00000,0x00000000fad00000)
  from space 19456K, 0% used [0x00000000fed00000,0x00000000fed00000,0x0000000100000000)
  to   space 42496K, 0% used [0x00000000fad00000,0x00000000fad00000,0x00000000fd680000)
 ParOldGen       total 134144K, used 133677K [0x00000000f0000000, 0x00000000f8300000, 0x00000000f8300000)
  object space 134144K, 99% used [0x00000000f0000000,0x00000000f828b6e8,0x00000000f8300000)
 Metaspace       used 52482K, capacity 55514K, committed 55680K, reserved 1097728K
  class space    used 6399K, capacity 6939K, committed 7040K, reserved 1048576K
2023-01-17T04:26:28.498+0800: 87.448: [Full GC (Ergonomics) [PSYoungGen: 43008K->7444K(62464K)] [ParOldGen: 133677K->133677K(134144K)] 176685K->141121K(196608K), [Metaspace: 52482K->52482K(1097728K)], 0.1306436 secs] [Times: user=0.35 sys=0.00, real=0.13 secs] 
Heap after GC invocations=347 (full 329):
 PSYoungGen      total 62464K, used 7444K [0x00000000f8300000, 0x0000000100000000, 0x0000000100000000)
  eden space 43008K, 17% used [0x00000000f8300000,0x00000000f8a45048,0x00000000fad00000)
  from space 19456K, 0% used [0x00000000fed00000,0x00000000fed00000,0x0000000100000000)
  to   space 42496K, 0% used [0x00000000fad00000,0x00000000fad00000,0x00000000fd680000)
 ParOldGen       total 134144K, used 133677K [0x00000000f0000000, 0x00000000f8300000, 0x00000000f8300000)
  object space 134144K, 99% used [0x00000000f0000000,0x00000000f828b6e8,0x00000000f8300000)
 Metaspace       used 52482K, capacity 55514K, committed 55680K, reserved 1097728K
  class space    used 6399K, capacity 6939K, committed 7040K, reserved 1048576K
}
{Heap before GC invocations=348 (full 330):
 PSYoungGen      total 62464K, used 43007K [0x00000000f8300000, 0x0000000100000000, 0x0000000100000000)
  eden space 43008K, 99% used [0x00000000f8300000,0x00000000facffff0,0x00000000fad00000)
  from space 19456K, 0% used [0x00000000fed00000,0x00000000fed00000,0x0000000100000000)
  to   space 42496K, 0% used [0x00000000fad00000,0x00000000fad00000,0x00000000fd680000)
 ParOldGen       total 134144K, used 133677K [0x00000000f0000000, 0x00000000f8300000, 0x00000000f8300000)
  object space 134144K, 99% used [0x00000000f0000000,0x00000000f828b6e8,0x00000000f8300000)
 Metaspace       used 52482K, capacity 55514K, committed 55680K, reserved 1097728K
  class space    used 6399K, capacity 6939K, committed 7040K, reserved 1048576K
2023-01-17T04:26:28.685+0800: 87.635: [Full GC (Ergonomics) [PSYoungGen: 43007K->7423K(62464K)] [ParOldGen: 133677K->133677K(134144K)] 176685K->141101K(196608K), [Metaspace: 52482K->52482K(1097728K)], 0.1493831 secs] [Times: user=0.34 sys=0.00, real=0.15 secs] 
Heap after GC invocations=348 (full 330):
 PSYoungGen      total 62464K, used 7423K [0x00000000f8300000, 0x0000000100000000, 0x0000000100000000)
  eden space 43008K, 17% used [0x00000000f8300000,0x00000000f8a3fde0,0x00000000fad00000)
  from space 19456K, 0% used [0x00000000fed00000,0x00000000fed00000,0x0000000100000000)
  to   space 42496K, 0% used [0x00000000fad00000,0x00000000fad00000,0x00000000fd680000)
 ParOldGen       total 134144K, used 133677K [0x00000000f0000000, 0x00000000f8300000, 0x00000000f8300000)
  object space 134144K, 99% used [0x00000000f0000000,0x00000000f828b6e8,0x00000000f8300000)
 Metaspace       used 52482K, capacity 55514K, committed 55680K, reserved 1097728K
  class space    used 6399K, capacity 6939K, committed 7040K, reserved 1048576K
}
{Heap before GC invocations=349 (full 331):
 PSYoungGen      total 62464K, used 43008K [0x00000000f8300000, 0x0000000100000000, 0x0000000100000000)
  eden space 43008K, 100% used [0x00000000f8300000,0x00000000fad00000,0x00000000fad00000)
  from space 19456K, 0% used [0x00000000fed00000,0x00000000fed00000,0x0000000100000000)
  to   space 42496K, 0% used [0x00000000fad00000,0x00000000fad00000,0x00000000fd680000)
 ParOldGen       total 134144K, used 133677K [0x00000000f0000000, 0x00000000f8300000, 0x00000000f8300000)
  object space 134144K, 99% used [0x00000000f0000000,0x00000000f828b6e8,0x00000000f8300000)
 Metaspace       used 52486K, capacity 55514K, committed 55680K, reserved 1097728K
  class space    used 6399K, capacity 6939K, committed 7040K, reserved 1048576K
2023-01-17T04:26:28.922+0800: 87.871: [Full GC (Ergonomics) [PSYoungGen: 43008K->7461K(62464K)] [ParOldGen: 133677K->133676K(134144K)] 176685K->141138K(196608K), [Metaspace: 52486K->52486K(1097728K)], 0.1401338 secs] [Times: user=0.37 sys=0.00, real=0.14 secs] 
Heap after GC invocations=349 (full 331):
 PSYoungGen      total 62464K, used 7461K [0x00000000f8300000, 0x0000000100000000, 0x0000000100000000)
  eden space 43008K, 17% used [0x00000000f8300000,0x00000000f8a496d8,0x00000000fad00000)
  from space 19456K, 0% used [0x00000000fed00000,0x00000000fed00000,0x0000000100000000)
  to   space 42496K, 0% used [0x00000000fad00000,0x00000000fad00000,0x00000000fd680000)
 ParOldGen       total 134144K, used 133676K [0x00000000f0000000, 0x00000000f8300000, 0x00000000f8300000)
  object space 134144K, 99% used [0x00000000f0000000,0x00000000f828b2d8,0x00000000f8300000)
 Metaspace       used 52486K, capacity 55514K, committed 55680K, reserved 1097728K
  class space    used 6399K, capacity 6939K, committed 7040K, reserved 1048576K
}
{Heap before GC invocations=350 (full 332):
 PSYoungGen      total 62464K, used 43008K [0x00000000f8300000, 0x0000000100000000, 0x0000000100000000)
  eden space 43008K, 100% used [0x00000000f8300000,0x00000000fad00000,0x00000000fad00000)
  from space 19456K, 0% used [0x00000000fed00000,0x00000000fed00000,0x0000000100000000)
  to   space 42496K, 0% used [0x00000000fad00000,0x00000000fad00000,0x00000000fd680000)
 ParOldGen       total 134144K, used 133676K [0x00000000f0000000, 0x00000000f8300000, 0x00000000f8300000)
  object space 134144K, 99% used [0x00000000f0000000,0x00000000f828b2d8,0x00000000f8300000)
 Metaspace       used 52489K, capacity 55514K, committed 55680K, reserved 1097728K
  class space    used 6399K, capacity 6939K, committed 7040K, reserved 1048576K
2023-01-17T04:26:29.123+0800: 88.073: [Full GC (Ergonomics) [PSYoungGen: 43008K->7412K(62464K)] [ParOldGen: 133676K->133675K(134144K)] 176684K->141088K(196608K), [Metaspace: 52489K->52489K(1097728K)], 0.1732942 secs] [Times: user=0.39 sys=0.00, real=0.17 secs] 
Heap after GC invocations=350 (full 332):
 PSYoungGen      total 62464K, used 7412K [0x00000000f8300000, 0x0000000100000000, 0x0000000100000000)
  eden space 43008K, 17% used [0x00000000f8300000,0x00000000f8a3d088,0x00000000fad00000)
  from space 19456K, 0% used [0x00000000fed00000,0x00000000fed00000,0x0000000100000000)
  to   space 42496K, 0% used [0x00000000fad00000,0x00000000fad00000,0x00000000fd680000)
 ParOldGen       total 134144K, used 133675K [0x00000000f0000000, 0x00000000f8300000, 0x00000000f8300000)
  object space 134144K, 99% used [0x00000000f0000000,0x00000000f828afe8,0x00000000f8300000)
 Metaspace       used 52489K, capacity 55514K, committed 55680K, reserved 1097728K
  class space    used 6399K, capacity 6939K, committed 7040K, reserved 1048576K
}
{Heap before GC invocations=351 (full 333):
 PSYoungGen      total 62464K, used 43008K [0x00000000f8300000, 0x0000000100000000, 0x0000000100000000)
  eden space 43008K, 100% used [0x00000000f8300000,0x00000000fad00000,0x00000000fad00000)
  from space 19456K, 0% used [0x00000000fed00000,0x00000000fed00000,0x0000000100000000)
  to   space 42496K, 0% used [0x00000000fad00000,0x00000000fad00000,0x00000000fd680000)
 ParOldGen       total 134144K, used 133675K [0x00000000f0000000, 0x00000000f8300000, 0x00000000f8300000)
  object space 134144K, 99% used [0x00000000f0000000,0x00000000f828afe8,0x00000000f8300000)
 Metaspace       used 52489K, capacity 55514K, committed 55680K, reserved 1097728K
  class space    used 6399K, capacity 6939K, committed 7040K, reserved 1048576K
2023-01-17T04:26:29.371+0800: 88.321: [Full GC (Ergonomics) [PSYoungGen: 43008K->7426K(62464K)] [ParOldGen: 133675K->133675K(134144K)] 176683K->141102K(196608K), [Metaspace: 52489K->52489K(1097728K)], 0.1619879 secs] [Times: user=0.38 sys=0.00, real=0.16 secs] 
Heap after GC invocations=351 (full 333):
 PSYoungGen      total 62464K, used 7426K [0x00000000f8300000, 0x0000000100000000, 0x0000000100000000)
  eden space 43008K, 17% used [0x00000000f8300000,0x00000000f8a409c8,0x00000000fad00000)
  from space 19456K, 0% used [0x00000000fed00000,0x00000000fed00000,0x0000000100000000)
  to   space 42496K, 0% used [0x00000000fad00000,0x00000000fad00000,0x00000000fd680000)
 ParOldGen       total 134144K, used 133675K [0x00000000f0000000, 0x00000000f8300000, 0x00000000f8300000)
  object space 134144K, 99% used [0x00000000f0000000,0x00000000f828afe8,0x00000000f8300000)
 Metaspace       used 52489K, capacity 55514K, committed 55680K, reserved 1097728K
  class space    used 6399K, capacity 6939K, committed 7040K, reserved 1048576K
}
{Heap before GC invocations=352 (full 334):
 PSYoungGen      total 62464K, used 43008K [0x00000000f8300000, 0x0000000100000000, 0x0000000100000000)
  eden space 43008K, 100% used [0x00000000f8300000,0x00000000fad00000,0x00000000fad00000)
  from space 19456K, 0% used [0x00000000fed00000,0x00000000fed00000,0x0000000100000000)
  to   space 42496K, 0% used [0x00000000fad00000,0x00000000fad00000,0x00000000fd680000)
 ParOldGen       total 134144K, used 133675K [0x00000000f0000000, 0x00000000f8300000, 0x00000000f8300000)
  object space 134144K, 99% used [0x00000000f0000000,0x00000000f828afe8,0x00000000f8300000)
 Metaspace       used 52489K, capacity 55514K, committed 55680K, reserved 1097728K
  class space    used 6399K, capacity 6939K, committed 7040K, reserved 1048576K
2023-01-17T04:26:29.616+0800: 88.566: [Full GC (Ergonomics) [PSYoungGen: 43008K->7418K(62464K)] [ParOldGen: 133675K->133675K(134144K)] 176683K->141094K(196608K), [Metaspace: 52489K->52489K(1097728K)], 0.1753078 secs] [Times: user=0.46 sys=0.01, real=0.18 secs] 
Heap after GC invocations=352 (full 334):
 PSYoungGen      total 62464K, used 7418K [0x00000000f8300000, 0x0000000100000000, 0x0000000100000000)
  eden space 43008K, 17% used [0x00000000f8300000,0x00000000f8a3e9e8,0x00000000fad00000)
  from space 19456K, 0% used [0x00000000fed00000,0x00000000fed00000,0x0000000100000000)
  to   space 42496K, 0% used [0x00000000fad00000,0x00000000fad00000,0x00000000fd680000)
 ParOldGen       total 134144K, used 133675K [0x00000000f0000000, 0x00000000f8300000, 0x00000000f8300000)
  object space 134144K, 99% used [0x00000000f0000000,0x00000000f828afe8,0x00000000f8300000)
 Metaspace       used 52489K, capacity 55514K, committed 55680K, reserved 1097728K
  class space    used 6399K, capacity 6939K, committed 7040K, reserved 1048576K
}
{Heap before GC invocations=353 (full 335):
 PSYoungGen      total 62464K, used 43008K [0x00000000f8300000, 0x0000000100000000, 0x0000000100000000)
  eden space 43008K, 100% used [0x00000000f8300000,0x00000000fad00000,0x00000000fad00000)
  from space 19456K, 0% used [0x00000000fed00000,0x00000000fed00000,0x0000000100000000)
  to   space 42496K, 0% used [0x00000000fad00000,0x00000000fad00000,0x00000000fd680000)
 ParOldGen       total 134144K, used 133675K [0x00000000f0000000, 0x00000000f8300000, 0x00000000f8300000)
  object space 134144K, 99% used [0x00000000f0000000,0x00000000f828afe8,0x00000000f8300000)
 Metaspace       used 52489K, capacity 55514K, committed 55680K, reserved 1097728K
  class space    used 6399K, capacity 6939K, committed 7040K, reserved 1048576K
2023-01-17T04:26:29.849+0800: 88.799: [Full GC (Ergonomics) [PSYoungGen: 43008K->7463K(62464K)] [ParOldGen: 133675K->133675K(134144K)] 176683K->141139K(196608K), [Metaspace: 52489K->52489K(1097728K)], 0.1383443 secs] [Times: user=0.39 sys=0.00, real=0.14 secs] 
Heap after GC invocations=353 (full 335):
 PSYoungGen      total 62464K, used 7463K [0x00000000f8300000, 0x0000000100000000, 0x0000000100000000)
  eden space 43008K, 17% used [0x00000000f8300000,0x00000000f8a49ff0,0x00000000fad00000)
  from space 19456K, 0% used [0x00000000fed00000,0x00000000fed00000,0x0000000100000000)
  to   space 42496K, 0% used [0x00000000fad00000,0x00000000fad00000,0x00000000fd680000)
 ParOldGen       total 134144K, used 133675K [0x00000000f0000000, 0x00000000f8300000, 0x00000000f8300000)
  object space 134144K, 99% used [0x00000000f0000000,0x00000000f828af50,0x00000000f8300000)
 Metaspace       used 52489K, capacity 55514K, committed 55680K, reserved 1097728K
  class space    used 6399K, capacity 6939K, committed 7040K, reserved 1048576K
}
{Heap before GC invocations=354 (full 336):
 PSYoungGen      total 62464K, used 43008K [0x00000000f8300000, 0x0000000100000000, 0x0000000100000000)
  eden space 43008K, 100% used [0x00000000f8300000,0x00000000fad00000,0x00000000fad00000)
  from space 19456K, 0% used [0x00000000fed00000,0x00000000fed00000,0x0000000100000000)
  to   space 42496K, 0% used [0x00000000fad00000,0x00000000fad00000,0x00000000fd680000)
 ParOldGen       total 134144K, used 133675K [0x00000000f0000000, 0x00000000f8300000, 0x00000000f8300000)
  object space 134144K, 99% used [0x00000000f0000000,0x00000000f828af50,0x00000000f8300000)
 Metaspace       used 52489K, capacity 55514K, committed 55680K, reserved 1097728K
  class space    used 6399K, capacity 6939K, committed 7040K, reserved 1048576K
2023-01-17T04:26:30.051+0800: 89.001: [Full GC (Ergonomics) [PSYoungGen: 43008K->7417K(62464K)] [ParOldGen: 133675K->133675K(134144K)] 176683K->141092K(196608K), [Metaspace: 52489K->52489K(1097728K)], 0.1695439 secs] [Times: user=0.52 sys=0.00, real=0.17 secs] 
Heap after GC invocations=354 (full 336):
 PSYoungGen      total 62464K, used 7417K [0x00000000f8300000, 0x0000000100000000, 0x0000000100000000)
  eden space 43008K, 17% used [0x00000000f8300000,0x00000000f8a3e408,0x00000000fad00000)
  from space 19456K, 0% used [0x00000000fed00000,0x00000000fed00000,0x0000000100000000)
  to   space 42496K, 0% used [0x00000000fad00000,0x00000000fad00000,0x00000000fd680000)
 ParOldGen       total 134144K, used 133675K [0x00000000f0000000, 0x00000000f8300000, 0x00000000f8300000)
  object space 134144K, 99% used [0x00000000f0000000,0x00000000f828af50,0x00000000f8300000)
 Metaspace       used 52489K, capacity 55514K, committed 55680K, reserved 1097728K
  class space    used 6399K, capacity 6939K, committed 7040K, reserved 1048576K
}
{Heap before GC invocations=355 (full 337):
 PSYoungGen      total 62464K, used 43008K [0x00000000f8300000, 0x0000000100000000, 0x0000000100000000)
  eden space 43008K, 100% used [0x00000000f8300000,0x00000000fad00000,0x00000000fad00000)
  from space 19456K, 0% used [0x00000000fed00000,0x00000000fed00000,0x0000000100000000)
  to   space 42496K, 0% used [0x00000000fad00000,0x00000000fad00000,0x00000000fd680000)
 ParOldGen       total 134144K, used 133675K [0x00000000f0000000, 0x00000000f8300000, 0x00000000f8300000)
  object space 134144K, 99% used [0x00000000f0000000,0x00000000f828af50,0x00000000f8300000)
 Metaspace       used 52489K, capacity 55514K, committed 55680K, reserved 1097728K
  class space    used 6399K, capacity 6939K, committed 7040K, reserved 1048576K
2023-01-17T04:26:30.294+0800: 89.244: [Full GC (Ergonomics) [PSYoungGen: 43008K->7410K(62464K)] [ParOldGen: 133675K->133675K(134144K)] 176683K->141086K(196608K), [Metaspace: 52489K->52489K(1097728K)], 0.1965243 secs] [Times: user=0.35 sys=0.00, real=0.20 secs] 
Heap after GC invocations=355 (full 337):
 PSYoungGen      total 62464K, used 7410K [0x00000000f8300000, 0x0000000100000000, 0x0000000100000000)
  eden space 43008K, 17% used [0x00000000f8300000,0x00000000f8a3cba0,0x00000000fad00000)
  from space 19456K, 0% used [0x00000000fed00000,0x00000000fed00000,0x0000000100000000)
  to   space 42496K, 0% used [0x00000000fad00000,0x00000000fad00000,0x00000000fd680000)
 ParOldGen       total 134144K, used 133675K [0x00000000f0000000, 0x00000000f8300000, 0x00000000f8300000)
  object space 134144K, 99% used [0x00000000f0000000,0x00000000f828af50,0x00000000f8300000)
 Metaspace       used 52489K, capacity 55514K, committed 55680K, reserved 1097728K
  class space    used 6399K, capacity 6939K, committed 7040K, reserved 1048576K
}
{Heap before GC invocations=356 (full 338):
 PSYoungGen      total 62464K, used 43008K [0x00000000f8300000, 0x0000000100000000, 0x0000000100000000)
  eden space 43008K, 100% used [0x00000000f8300000,0x00000000fad00000,0x00000000fad00000)
  from space 19456K, 0% used [0x00000000fed00000,0x00000000fed00000,0x0000000100000000)
  to   space 42496K, 0% used [0x00000000fad00000,0x00000000fad00000,0x00000000fd680000)
 ParOldGen       total 134144K, used 133675K [0x00000000f0000000, 0x00000000f8300000, 0x00000000f8300000)
  object space 134144K, 99% used [0x00000000f0000000,0x00000000f828af50,0x00000000f8300000)
 Metaspace       used 52491K, capacity 55514K, committed 55680K, reserved 1097728K
  class space    used 6399K, capacity 6939K, committed 7040K, reserved 1048576K
2023-01-17T04:26:30.567+0800: 89.517: [Full GC (Ergonomics) [PSYoungGen: 43008K->7437K(62464K)] [ParOldGen: 133675K->133675K(134144K)] 176683K->141113K(196608K), [Metaspace: 52491K->52491K(1097728K)], 0.1525572 secs] [Times: user=0.40 sys=0.00, real=0.16 secs] 
Heap after GC invocations=356 (full 338):
 PSYoungGen      total 62464K, used 7437K [0x00000000f8300000, 0x0000000100000000, 0x0000000100000000)
  eden space 43008K, 17% used [0x00000000f8300000,0x00000000f8a43718,0x00000000fad00000)
  from space 19456K, 0% used [0x00000000fed00000,0x00000000fed00000,0x0000000100000000)
  to   space 42496K, 0% used [0x00000000fad00000,0x00000000fad00000,0x00000000fd680000)
 ParOldGen       total 134144K, used 133675K [0x00000000f0000000, 0x00000000f8300000, 0x00000000f8300000)
  object space 134144K, 99% used [0x00000000f0000000,0x00000000f828af50,0x00000000f8300000)
 Metaspace       used 52491K, capacity 55514K, committed 55680K, reserved 1097728K
  class space    used 6399K, capacity 6939K, committed 7040K, reserved 1048576K
}
{Heap before GC invocations=357 (full 339):
 PSYoungGen      total 62464K, used 43008K [0x00000000f8300000, 0x0000000100000000, 0x0000000100000000)
  eden space 43008K, 100% used [0x00000000f8300000,0x00000000fad00000,0x00000000fad00000)
  from space 19456K, 0% used [0x00000000fed00000,0x00000000fed00000,0x0000000100000000)
  to   space 42496K, 0% used [0x00000000fad00000,0x00000000fad00000,0x00000000fd680000)
 ParOldGen       total 134144K, used 133675K [0x00000000f0000000, 0x00000000f8300000, 0x00000000f8300000)
  object space 134144K, 99% used [0x00000000f0000000,0x00000000f828af50,0x00000000f8300000)
 Metaspace       used 52491K, capacity 55514K, committed 55680K, reserved 1097728K
  class space    used 6399K, capacity 6939K, committed 7040K, reserved 1048576K
2023-01-17T04:26:30.780+0800: 89.730: [Full GC (Ergonomics) [PSYoungGen: 43008K->7427K(62464K)] [ParOldGen: 133675K->133675K(134144K)] 176683K->141103K(196608K), [Metaspace: 52491K->52491K(1097728K)], 0.1212246 secs] [Times: user=0.32 sys=0.00, real=0.12 secs] 
Heap after GC invocations=357 (full 339):
 PSYoungGen      total 62464K, used 7427K [0x00000000f8300000, 0x0000000100000000, 0x0000000100000000)
  eden space 43008K, 17% used [0x00000000f8300000,0x00000000f8a40d38,0x00000000fad00000)
  from space 19456K, 0% used [0x00000000fed00000,0x00000000fed00000,0x0000000100000000)
  to   space 42496K, 0% used [0x00000000fad00000,0x00000000fad00000,0x00000000fd680000)
 ParOldGen       total 134144K, used 133675K [0x00000000f0000000, 0x00000000f8300000, 0x00000000f8300000)
  object space 134144K, 99% used [0x00000000f0000000,0x00000000f828af50,0x00000000f8300000)
 Metaspace       used 52491K, capacity 55514K, committed 55680K, reserved 1097728K
  class space    used 6399K, capacity 6939K, committed 7040K, reserved 1048576K
}
{Heap before GC invocations=358 (full 340):
 PSYoungGen      total 62464K, used 43008K [0x00000000f8300000, 0x0000000100000000, 0x0000000100000000)
  eden space 43008K, 100% used [0x00000000f8300000,0x00000000fad00000,0x00000000fad00000)
  from space 19456K, 0% used [0x00000000fed00000,0x00000000fed00000,0x0000000100000000)
  to   space 42496K, 0% used [0x00000000fad00000,0x00000000fad00000,0x00000000fd680000)
 ParOldGen       total 134144K, used 133675K [0x00000000f0000000, 0x00000000f8300000, 0x00000000f8300000)
  object space 134144K, 99% used [0x00000000f0000000,0x00000000f828af50,0x00000000f8300000)
 Metaspace       used 52491K, capacity 55514K, committed 55680K, reserved 1097728K
  class space    used 6399K, capacity 6939K, committed 7040K, reserved 1048576K
2023-01-17T04:26:30.960+0800: 89.909: [Full GC (Ergonomics) [PSYoungGen: 43008K->7415K(62464K)] [ParOldGen: 133675K->133674K(134144K)] 176683K->141090K(196608K), [Metaspace: 52491K->52491K(1097728K)], 0.1352946 secs] [Times: user=0.33 sys=0.00, real=0.13 secs] 
Heap after GC invocations=358 (full 340):
 PSYoungGen      total 62464K, used 7415K [0x00000000f8300000, 0x0000000100000000, 0x0000000100000000)
  eden space 43008K, 17% used [0x00000000f8300000,0x00000000f8a3dff8,0x00000000fad00000)
  from space 19456K, 0% used [0x00000000fed00000,0x00000000fed00000,0x0000000100000000)
  to   space 42496K, 0% used [0x00000000fad00000,0x00000000fad00000,0x00000000fd680000)
 ParOldGen       total 134144K, used 133674K [0x00000000f0000000, 0x00000000f8300000, 0x00000000f8300000)
  object space 134144K, 99% used [0x00000000f0000000,0x00000000f828ab40,0x00000000f8300000)
 Metaspace       used 52491K, capacity 55514K, committed 55680K, reserved 1097728K
  class space    used 6399K, capacity 6939K, committed 7040K, reserved 1048576K
}
{Heap before GC invocations=359 (full 341):
 PSYoungGen      total 62464K, used 43008K [0x00000000f8300000, 0x0000000100000000, 0x0000000100000000)
  eden space 43008K, 100% used [0x00000000f8300000,0x00000000fad00000,0x00000000fad00000)
  from space 19456K, 0% used [0x00000000fed00000,0x00000000fed00000,0x0000000100000000)
  to   space 42496K, 0% used [0x00000000fad00000,0x00000000fad00000,0x00000000fd680000)
 ParOldGen       total 134144K, used 133674K [0x00000000f0000000, 0x00000000f8300000, 0x00000000f8300000)
  object space 134144K, 99% used [0x00000000f0000000,0x00000000f828ab40,0x00000000f8300000)
 Metaspace       used 52491K, capacity 55514K, committed 55680K, reserved 1097728K
  class space    used 6399K, capacity 6939K, committed 7040K, reserved 1048576K
2023-01-17T04:26:31.175+0800: 90.125: [Full GC (Ergonomics) [PSYoungGen: 43008K->7402K(62464K)] [ParOldGen: 133674K->133674K(134144K)] 176682K->141077K(196608K), [Metaspace: 52491K->52491K(1097728K)], 0.1495132 secs] [Times: user=0.35 sys=0.00, real=0.15 secs] 
Heap after GC invocations=359 (full 341):
 PSYoungGen      total 62464K, used 7402K [0x00000000f8300000, 0x0000000100000000, 0x0000000100000000)
  eden space 43008K, 17% used [0x00000000f8300000,0x00000000f8a3a980,0x00000000fad00000)
  from space 19456K, 0% used [0x00000000fed00000,0x00000000fed00000,0x0000000100000000)
  to   space 42496K, 0% used [0x00000000fad00000,0x00000000fad00000,0x00000000fd680000)
 ParOldGen       total 134144K, used 133674K [0x00000000f0000000, 0x00000000f8300000, 0x00000000f8300000)
  object space 134144K, 99% used [0x00000000f0000000,0x00000000f828ab40,0x00000000f8300000)
 Metaspace       used 52491K, capacity 55514K, committed 55680K, reserved 1097728K
  class space    used 6399K, capacity 6939K, committed 7040K, reserved 1048576K
}
{Heap before GC invocations=360 (full 342):
 PSYoungGen      total 62464K, used 43008K [0x00000000f8300000, 0x0000000100000000, 0x0000000100000000)
  eden space 43008K, 100% used [0x00000000f8300000,0x00000000fad00000,0x00000000fad00000)
  from space 19456K, 0% used [0x00000000fed00000,0x00000000fed00000,0x0000000100000000)
  to   space 42496K, 0% used [0x00000000fad00000,0x00000000fad00000,0x00000000fd680000)
 ParOldGen       total 134144K, used 133674K [0x00000000f0000000, 0x00000000f8300000, 0x00000000f8300000)
  object space 134144K, 99% used [0x00000000f0000000,0x00000000f828ab40,0x00000000f8300000)
 Metaspace       used 52491K, capacity 55514K, committed 55680K, reserved 1097728K
  class space    used 6399K, capacity 6939K, committed 7040K, reserved 1048576K
2023-01-17T04:26:31.382+0800: 90.332: [Full GC (Ergonomics) [PSYoungGen: 43008K->7423K(62464K)] [ParOldGen: 133674K->133674K(134144K)] 176682K->141097K(196608K), [Metaspace: 52491K->52491K(1097728K)], 0.1326296 secs] [Times: user=0.37 sys=0.00, real=0.13 secs] 
Heap after GC invocations=360 (full 342):
 PSYoungGen      total 62464K, used 7423K [0x00000000f8300000, 0x0000000100000000, 0x0000000100000000)
  eden space 43008K, 17% used [0x00000000f8300000,0x00000000f8a3fd18,0x00000000fad00000)
  from space 19456K, 0% used [0x00000000fed00000,0x00000000fed00000,0x0000000100000000)
  to   space 42496K, 0% used [0x00000000fad00000,0x00000000fad00000,0x00000000fd680000)
 ParOldGen       total 134144K, used 133674K [0x00000000f0000000, 0x00000000f8300000, 0x00000000f8300000)
  object space 134144K, 99% used [0x00000000f0000000,0x00000000f828aae0,0x00000000f8300000)
 Metaspace       used 52491K, capacity 55514K, committed 55680K, reserved 1097728K
  class space    used 6399K, capacity 6939K, committed 7040K, reserved 1048576K
}
{Heap before GC invocations=361 (full 343):
 PSYoungGen      total 62464K, used 43008K [0x00000000f8300000, 0x0000000100000000, 0x0000000100000000)
  eden space 43008K, 100% used [0x00000000f8300000,0x00000000fad00000,0x00000000fad00000)
  from space 19456K, 0% used [0x00000000fed00000,0x00000000fed00000,0x0000000100000000)
  to   space 42496K, 0% used [0x00000000fad00000,0x00000000fad00000,0x00000000fd680000)
 ParOldGen       total 134144K, used 133674K [0x00000000f0000000, 0x00000000f8300000, 0x00000000f8300000)
  object space 134144K, 99% used [0x00000000f0000000,0x00000000f828aae0,0x00000000f8300000)
 Metaspace       used 52491K, capacity 55514K, committed 55680K, reserved 1097728K
  class space    used 6399K, capacity 6939K, committed 7040K, reserved 1048576K
2023-01-17T04:26:31.573+0800: 90.523: [Full GC (Ergonomics) [PSYoungGen: 43008K->7431K(62464K)] [ParOldGen: 133674K->133674K(134144K)] 176682K->141106K(196608K), [Metaspace: 52491K->52491K(1097728K)], 0.1550769 secs] [Times: user=0.42 sys=0.00, real=0.15 secs] 
Heap after GC invocations=361 (full 343):
 PSYoungGen      total 62464K, used 7431K [0x00000000f8300000, 0x0000000100000000, 0x0000000100000000)
  eden space 43008K, 17% used [0x00000000f8300000,0x00000000f8a41fb0,0x00000000fad00000)
  from space 19456K, 0% used [0x00000000fed00000,0x00000000fed00000,0x0000000100000000)
  to   space 42496K, 0% used [0x00000000fad00000,0x00000000fad00000,0x00000000fd680000)
 ParOldGen       total 134144K, used 133674K [0x00000000f0000000, 0x00000000f8300000, 0x00000000f8300000)
  object space 134144K, 99% used [0x00000000f0000000,0x00000000f828aae0,0x00000000f8300000)
 Metaspace       used 52491K, capacity 55514K, committed 55680K, reserved 1097728K
  class space    used 6399K, capacity 6939K, committed 7040K, reserved 1048576K
}
{Heap before GC invocations=362 (full 344):
 PSYoungGen      total 62464K, used 43008K [0x00000000f8300000, 0x0000000100000000, 0x0000000100000000)
  eden space 43008K, 100% used [0x00000000f8300000,0x00000000fad00000,0x00000000fad00000)
  from space 19456K, 0% used [0x00000000fed00000,0x00000000fed00000,0x0000000100000000)
  to   space 42496K, 0% used [0x00000000fad00000,0x00000000fad00000,0x00000000fd680000)
 ParOldGen       total 134144K, used 133674K [0x00000000f0000000, 0x00000000f8300000, 0x00000000f8300000)
  object space 134144K, 99% used [0x00000000f0000000,0x00000000f828aae0,0x00000000f8300000)
 Metaspace       used 52491K, capacity 55514K, committed 55680K, reserved 1097728K
  class space    used 6399K, capacity 6939K, committed 7040K, reserved 1048576K
2023-01-17T04:26:31.804+0800: 90.754: [Full GC (Ergonomics) [PSYoungGen: 43008K->7415K(62464K)] [ParOldGen: 133674K->133674K(134144K)] 176682K->141090K(196608K), [Metaspace: 52491K->52491K(1097728K)], 0.1728390 secs] [Times: user=0.32 sys=0.00, real=0.17 secs] 
Heap after GC invocations=362 (full 344):
 PSYoungGen      total 62464K, used 7415K [0x00000000f8300000, 0x0000000100000000, 0x0000000100000000)
  eden space 43008K, 17% used [0x00000000f8300000,0x00000000f8a3dd98,0x00000000fad00000)
  from space 19456K, 0% used [0x00000000fed00000,0x00000000fed00000,0x0000000100000000)
  to   space 42496K, 0% used [0x00000000fad00000,0x00000000fad00000,0x00000000fd680000)
 ParOldGen       total 134144K, used 133674K [0x00000000f0000000, 0x00000000f8300000, 0x00000000f8300000)
  object space 134144K, 99% used [0x00000000f0000000,0x00000000f828aac0,0x00000000f8300000)
 Metaspace       used 52491K, capacity 55514K, committed 55680K, reserved 1097728K
  class space    used 6399K, capacity 6939K, committed 7040K, reserved 1048576K
}
{Heap before GC invocations=363 (full 345):
 PSYoungGen      total 62464K, used 43008K [0x00000000f8300000, 0x0000000100000000, 0x0000000100000000)
  eden space 43008K, 100% used [0x00000000f8300000,0x00000000fad00000,0x00000000fad00000)
  from space 19456K, 0% used [0x00000000fed00000,0x00000000fed00000,0x0000000100000000)
  to   space 42496K, 0% used [0x00000000fad00000,0x00000000fad00000,0x00000000fd680000)
 ParOldGen       total 134144K, used 133674K [0x00000000f0000000, 0x00000000f8300000, 0x00000000f8300000)
  object space 134144K, 99% used [0x00000000f0000000,0x00000000f828aac0,0x00000000f8300000)
 Metaspace       used 52491K, capacity 55514K, committed 55680K, reserved 1097728K
  class space    used 6399K, capacity 6939K, committed 7040K, reserved 1048576K
2023-01-17T04:26:32.053+0800: 91.003: [Full GC (Ergonomics) [PSYoungGen: 43008K->7435K(62464K)] [ParOldGen: 133674K->133674K(134144K)] 176682K->141110K(196608K), [Metaspace: 52491K->52491K(1097728K)], 0.1569590 secs] [Times: user=0.47 sys=0.00, real=0.16 secs] 
Heap after GC invocations=363 (full 345):
 PSYoungGen      total 62464K, used 7435K [0x00000000f8300000, 0x0000000100000000, 0x0000000100000000)
  eden space 43008K, 17% used [0x00000000f8300000,0x00000000f8a42f20,0x00000000fad00000)
  from space 19456K, 0% used [0x00000000fed00000,0x00000000fed00000,0x0000000100000000)
  to   space 42496K, 0% used [0x00000000fad00000,0x00000000fad00000,0x00000000fd680000)
 ParOldGen       total 134144K, used 133674K [0x00000000f0000000, 0x00000000f8300000, 0x00000000f8300000)
  object space 134144K, 99% used [0x00000000f0000000,0x00000000f828aa48,0x00000000f8300000)
 Metaspace       used 52491K, capacity 55514K, committed 55680K, reserved 1097728K
  class space    used 6399K, capacity 6939K, committed 7040K, reserved 1048576K
}
{Heap before GC invocations=364 (full 346):
 PSYoungGen      total 62464K, used 43008K [0x00000000f8300000, 0x0000000100000000, 0x0000000100000000)
  eden space 43008K, 100% used [0x00000000f8300000,0x00000000fad00000,0x00000000fad00000)
  from space 19456K, 0% used [0x00000000fed00000,0x00000000fed00000,0x0000000100000000)
  to   space 42496K, 0% used [0x00000000fad00000,0x00000000fad00000,0x00000000fd680000)
 ParOldGen       total 134144K, used 133674K [0x00000000f0000000, 0x00000000f8300000, 0x00000000f8300000)
  object space 134144K, 99% used [0x00000000f0000000,0x00000000f828aa48,0x00000000f8300000)
 Metaspace       used 52491K, capacity 55514K, committed 55680K, reserved 1097728K
  class space    used 6399K, capacity 6939K, committed 7040K, reserved 1048576K
2023-01-17T04:26:32.263+0800: 91.213: [Full GC (Ergonomics) [PSYoungGen: 43008K->7421K(62464K)] [ParOldGen: 133674K->133674K(134144K)] 176682K->141095K(196608K), [Metaspace: 52491K->52491K(1097728K)], 0.1174788 secs] [Times: user=0.31 sys=0.00, real=0.12 secs] 
Heap after GC invocations=364 (full 346):
 PSYoungGen      total 62464K, used 7421K [0x00000000f8300000, 0x0000000100000000, 0x0000000100000000)
  eden space 43008K, 17% used [0x00000000f8300000,0x00000000f8a3f500,0x00000000fad00000)
  from space 19456K, 0% used [0x00000000fed00000,0x00000000fed00000,0x0000000100000000)
  to   space 42496K, 0% used [0x00000000fad00000,0x00000000fad00000,0x00000000fd680000)
 ParOldGen       total 134144K, used 133674K [0x00000000f0000000, 0x00000000f8300000, 0x00000000f8300000)
  object space 134144K, 99% used [0x00000000f0000000,0x00000000f828aa48,0x00000000f8300000)
 Metaspace       used 52491K, capacity 55514K, committed 55680K, reserved 1097728K
  class space    used 6399K, capacity 6939K, committed 7040K, reserved 1048576K
}
{Heap before GC invocations=365 (full 347):
 PSYoungGen      total 62464K, used 43008K [0x00000000f8300000, 0x0000000100000000, 0x0000000100000000)
  eden space 43008K, 100% used [0x00000000f8300000,0x00000000fad00000,0x00000000fad00000)
  from space 19456K, 0% used [0x00000000fed00000,0x00000000fed00000,0x0000000100000000)
  to   space 42496K, 0% used [0x00000000fad00000,0x00000000fad00000,0x00000000fd680000)
 ParOldGen       total 134144K, used 133674K [0x00000000f0000000, 0x00000000f8300000, 0x00000000f8300000)
  object space 134144K, 99% used [0x00000000f0000000,0x00000000f828aa48,0x00000000f8300000)
 Metaspace       used 52491K, capacity 55514K, committed 55680K, reserved 1097728K
  class space    used 6399K, capacity 6939K, committed 7040K, reserved 1048576K
2023-01-17T04:26:32.427+0800: 91.376: [Full GC (Ergonomics) [PSYoungGen: 43008K->7420K(62464K)] [ParOldGen: 133674K->133674K(134144K)] 176682K->141094K(196608K), [Metaspace: 52491K->52491K(1097728K)], 0.1134830 secs] [Times: user=0.29 sys=0.00, real=0.12 secs] 
Heap after GC invocations=365 (full 347):
 PSYoungGen      total 62464K, used 7420K [0x00000000f8300000, 0x0000000100000000, 0x0000000100000000)
  eden space 43008K, 17% used [0x00000000f8300000,0x00000000f8a3f0c8,0x00000000fad00000)
  from space 19456K, 0% used [0x00000000fed00000,0x00000000fed00000,0x0000000100000000)
  to   space 42496K, 0% used [0x00000000fad00000,0x00000000fad00000,0x00000000fd680000)
 ParOldGen       total 134144K, used 133674K [0x00000000f0000000, 0x00000000f8300000, 0x00000000f8300000)
  object space 134144K, 99% used [0x00000000f0000000,0x00000000f828aa48,0x00000000f8300000)
 Metaspace       used 52491K, capacity 55514K, committed 55680K, reserved 1097728K
  class space    used 6399K, capacity 6939K, committed 7040K, reserved 1048576K
}
{Heap before GC invocations=366 (full 348):
 PSYoungGen      total 62464K, used 43008K [0x00000000f8300000, 0x0000000100000000, 0x0000000100000000)
  eden space 43008K, 100% used [0x00000000f8300000,0x00000000fad00000,0x00000000fad00000)
  from space 19456K, 0% used [0x00000000fed00000,0x00000000fed00000,0x0000000100000000)
  to   space 42496K, 0% used [0x00000000fad00000,0x00000000fad00000,0x00000000fd680000)
 ParOldGen       total 134144K, used 133674K [0x00000000f0000000, 0x00000000f8300000, 0x00000000f8300000)
  object space 134144K, 99% used [0x00000000f0000000,0x00000000f828aa48,0x00000000f8300000)
 Metaspace       used 52491K, capacity 55514K, committed 55680K, reserved 1097728K
  class space    used 6399K, capacity 6939K, committed 7040K, reserved 1048576K
2023-01-17T04:26:32.591+0800: 91.541: [Full GC (Ergonomics) [PSYoungGen: 43008K->7446K(62464K)] [ParOldGen: 133674K->133674K(134144K)] 176682K->141121K(196608K), [Metaspace: 52491K->52491K(1097728K)], 0.1278722 secs] [Times: user=0.28 sys=0.00, real=0.12 secs] 
Heap after GC invocations=366 (full 348):
 PSYoungGen      total 62464K, used 7446K [0x00000000f8300000, 0x0000000100000000, 0x0000000100000000)
  eden space 43008K, 17% used [0x00000000f8300000,0x00000000f8a45b88,0x00000000fad00000)
  from space 19456K, 0% used [0x00000000fed00000,0x00000000fed00000,0x0000000100000000)
  to   space 42496K, 0% used [0x00000000fad00000,0x00000000fad00000,0x00000000fd680000)
 ParOldGen       total 134144K, used 133674K [0x00000000f0000000, 0x00000000f8300000, 0x00000000f8300000)
  object space 134144K, 99% used [0x00000000f0000000,0x00000000f828aa48,0x00000000f8300000)
 Metaspace       used 52491K, capacity 55514K, committed 55680K, reserved 1097728K
  class space    used 6399K, capacity 6939K, committed 7040K, reserved 1048576K
}
{Heap before GC invocations=367 (full 349):
 PSYoungGen      total 62464K, used 43008K [0x00000000f8300000, 0x0000000100000000, 0x0000000100000000)
  eden space 43008K, 100% used [0x00000000f8300000,0x00000000fad00000,0x00000000fad00000)
  from space 19456K, 0% used [0x00000000fed00000,0x00000000fed00000,0x0000000100000000)
  to   space 42496K, 0% used [0x00000000fad00000,0x00000000fad00000,0x00000000fd680000)
 ParOldGen       total 134144K, used 133674K [0x00000000f0000000, 0x00000000f8300000, 0x00000000f8300000)
  object space 134144K, 99% used [0x00000000f0000000,0x00000000f828aa48,0x00000000f8300000)
 Metaspace       used 52491K, capacity 55514K, committed 55680K, reserved 1097728K
  class space    used 6399K, capacity 6939K, committed 7040K, reserved 1048576K
2023-01-17T04:26:32.773+0800: 91.723: [Full GC (Ergonomics) [PSYoungGen: 43008K->7422K(62464K)] [ParOldGen: 133674K->133674K(134144K)] 176682K->141096K(196608K), [Metaspace: 52491K->52491K(1097728K)], 0.1309271 secs] [Times: user=0.31 sys=0.00, real=0.13 secs] 
Heap after GC invocations=367 (full 349):
 PSYoungGen      total 62464K, used 7422K [0x00000000f8300000, 0x0000000100000000, 0x0000000100000000)
  eden space 43008K, 17% used [0x00000000f8300000,0x00000000f8a3f890,0x00000000fad00000)
  from space 19456K, 0% used [0x00000000fed00000,0x00000000fed00000,0x0000000100000000)
  to   space 42496K, 0% used [0x00000000fad00000,0x00000000fad00000,0x00000000fd680000)
 ParOldGen       total 134144K, used 133674K [0x00000000f0000000, 0x00000000f8300000, 0x00000000f8300000)
  object space 134144K, 99% used [0x00000000f0000000,0x00000000f828aa48,0x00000000f8300000)
 Metaspace       used 52491K, capacity 55514K, committed 55680K, reserved 1097728K
  class space    used 6399K, capacity 6939K, committed 7040K, reserved 1048576K
}
{Heap before GC invocations=368 (full 350):
 PSYoungGen      total 62464K, used 43008K [0x00000000f8300000, 0x0000000100000000, 0x0000000100000000)
  eden space 43008K, 100% used [0x00000000f8300000,0x00000000fad00000,0x00000000fad00000)
  from space 19456K, 0% used [0x00000000fed00000,0x00000000fed00000,0x0000000100000000)
  to   space 42496K, 0% used [0x00000000fad00000,0x00000000fad00000,0x00000000fd680000)
 ParOldGen       total 134144K, used 133674K [0x00000000f0000000, 0x00000000f8300000, 0x00000000f8300000)
  object space 134144K, 99% used [0x00000000f0000000,0x00000000f828aa48,0x00000000f8300000)
 Metaspace       used 52491K, capacity 55514K, committed 55680K, reserved 1097728K
  class space    used 6399K, capacity 6939K, committed 7040K, reserved 1048576K
2023-01-17T04:26:32.950+0800: 91.899: [Full GC (Ergonomics) [PSYoungGen: 43008K->7424K(62464K)] [ParOldGen: 133674K->133674K(134144K)] 176682K->141098K(196608K), [Metaspace: 52491K->52491K(1097728K)], 0.1319627 secs] [Times: user=0.28 sys=0.00, real=0.13 secs] 
Heap after GC invocations=368 (full 350):
 PSYoungGen      total 62464K, used 7424K [0x00000000f8300000, 0x0000000100000000, 0x0000000100000000)
  eden space 43008K, 17% used [0x00000000f8300000,0x00000000f8a40178,0x00000000fad00000)
  from space 19456K, 0% used [0x00000000fed00000,0x00000000fed00000,0x0000000100000000)
  to   space 42496K, 0% used [0x00000000fad00000,0x00000000fad00000,0x00000000fd680000)
 ParOldGen       total 134144K, used 133674K [0x00000000f0000000, 0x00000000f8300000, 0x00000000f8300000)
  object space 134144K, 99% used [0x00000000f0000000,0x00000000f828aa48,0x00000000f8300000)
 Metaspace       used 52491K, capacity 55514K, committed 55680K, reserved 1097728K
  class space    used 6399K, capacity 6939K, committed 7040K, reserved 1048576K
}
{Heap before GC invocations=369 (full 351):
 PSYoungGen      total 62464K, used 43008K [0x00000000f8300000, 0x0000000100000000, 0x0000000100000000)
  eden space 43008K, 100% used [0x00000000f8300000,0x00000000fad00000,0x00000000fad00000)
  from space 19456K, 0% used [0x00000000fed00000,0x00000000fed00000,0x0000000100000000)
  to   space 42496K, 0% used [0x00000000fad00000,0x00000000fad00000,0x00000000fd680000)
 ParOldGen       total 134144K, used 133674K [0x00000000f0000000, 0x00000000f8300000, 0x00000000f8300000)
  object space 134144K, 99% used [0x00000000f0000000,0x00000000f828aa48,0x00000000f8300000)
 Metaspace       used 52491K, capacity 55514K, committed 55680K, reserved 1097728K
  class space    used 6399K, capacity 6939K, committed 7040K, reserved 1048576K
2023-01-17T04:26:33.136+0800: 92.086: [Full GC (Ergonomics) [PSYoungGen: 43008K->7410K(62464K)] [ParOldGen: 133674K->133674K(134144K)] 176682K->141084K(196608K), [Metaspace: 52491K->52491K(1097728K)], 0.1286445 secs] [Times: user=0.31 sys=0.00, real=0.13 secs] 
Heap after GC invocations=369 (full 351):
 PSYoungGen      total 62464K, used 7410K [0x00000000f8300000, 0x0000000100000000, 0x0000000100000000)
  eden space 43008K, 17% used [0x00000000f8300000,0x00000000f8a3c810,0x00000000fad00000)
  from space 19456K, 0% used [0x00000000fed00000,0x00000000fed00000,0x0000000100000000)
  to   space 42496K, 0% used [0x00000000fad00000,0x00000000fad00000,0x00000000fd680000)
 ParOldGen       total 134144K, used 133674K [0x00000000f0000000, 0x00000000f8300000, 0x00000000f8300000)
  object space 134144K, 99% used [0x00000000f0000000,0x00000000f828aa48,0x00000000f8300000)
 Metaspace       used 52491K, capacity 55514K, committed 55680K, reserved 1097728K
  class space    used 6399K, capacity 6939K, committed 7040K, reserved 1048576K
}
{Heap before GC invocations=370 (full 352):
 PSYoungGen      total 62464K, used 43008K [0x00000000f8300000, 0x0000000100000000, 0x0000000100000000)
  eden space 43008K, 100% used [0x00000000f8300000,0x00000000fad00000,0x00000000fad00000)
  from space 19456K, 0% used [0x00000000fed00000,0x00000000fed00000,0x0000000100000000)
  to   space 42496K, 0% used [0x00000000fad00000,0x00000000fad00000,0x00000000fd680000)
 ParOldGen       total 134144K, used 133674K [0x00000000f0000000, 0x00000000f8300000, 0x00000000f8300000)
  object space 134144K, 99% used [0x00000000f0000000,0x00000000f828aa48,0x00000000f8300000)
 Metaspace       used 52491K, capacity 55514K, committed 55680K, reserved 1097728K
  class space    used 6399K, capacity 6939K, committed 7040K, reserved 1048576K
2023-01-17T04:26:33.310+0800: 92.260: [Full GC (Ergonomics) [PSYoungGen: 43008K->7460K(62464K)] [ParOldGen: 133674K->133674K(134144K)] 176682K->141135K(196608K), [Metaspace: 52491K->52491K(1097728K)], 0.1467765 secs] [Times: user=0.33 sys=0.00, real=0.14 secs] 
Heap after GC invocations=370 (full 352):
 PSYoungGen      total 62464K, used 7460K [0x00000000f8300000, 0x0000000100000000, 0x0000000100000000)
  eden space 43008K, 17% used [0x00000000f8300000,0x00000000f8a49358,0x00000000fad00000)
  from space 19456K, 0% used [0x00000000fed00000,0x00000000fed00000,0x0000000100000000)
  to   space 42496K, 0% used [0x00000000fad00000,0x00000000fad00000,0x00000000fd680000)
 ParOldGen       total 134144K, used 133674K [0x00000000f0000000, 0x00000000f8300000, 0x00000000f8300000)
  object space 134144K, 99% used [0x00000000f0000000,0x00000000f828a9e8,0x00000000f8300000)
 Metaspace       used 52491K, capacity 55514K, committed 55680K, reserved 1097728K
  class space    used 6399K, capacity 6939K, committed 7040K, reserved 1048576K
}
{Heap before GC invocations=371 (full 353):
 PSYoungGen      total 62464K, used 43008K [0x00000000f8300000, 0x0000000100000000, 0x0000000100000000)
  eden space 43008K, 100% used [0x00000000f8300000,0x00000000fad00000,0x00000000fad00000)
  from space 19456K, 0% used [0x00000000fed00000,0x00000000fed00000,0x0000000100000000)
  to   space 42496K, 0% used [0x00000000fad00000,0x00000000fad00000,0x00000000fd680000)
 ParOldGen       total 134144K, used 133674K [0x00000000f0000000, 0x00000000f8300000, 0x00000000f8300000)
  object space 134144K, 99% used [0x00000000f0000000,0x00000000f828a9e8,0x00000000f8300000)
 Metaspace       used 52491K, capacity 55514K, committed 55680K, reserved 1097728K
  class space    used 6399K, capacity 6939K, committed 7040K, reserved 1048576K
2023-01-17T04:26:33.513+0800: 92.463: [Full GC (Ergonomics) [PSYoungGen: 43008K->7425K(62464K)] [ParOldGen: 133674K->133674K(134144K)] 176682K->141100K(196608K), [Metaspace: 52491K->52491K(1097728K)], 0.1277149 secs] [Times: user=0.30 sys=0.00, real=0.13 secs] 
Heap after GC invocations=371 (full 353):
 PSYoungGen      total 62464K, used 7425K [0x00000000f8300000, 0x0000000100000000, 0x0000000100000000)
  eden space 43008K, 17% used [0x00000000f8300000,0x00000000f8a406f8,0x00000000fad00000)
  from space 19456K, 0% used [0x00000000fed00000,0x00000000fed00000,0x0000000100000000)
  to   space 42496K, 0% used [0x00000000fad00000,0x00000000fad00000,0x00000000fd680000)
 ParOldGen       total 134144K, used 133674K [0x00000000f0000000, 0x00000000f8300000, 0x00000000f8300000)
  object space 134144K, 99% used [0x00000000f0000000,0x00000000f828a9e8,0x00000000f8300000)
 Metaspace       used 52491K, capacity 55514K, committed 55680K, reserved 1097728K
  class space    used 6399K, capacity 6939K, committed 7040K, reserved 1048576K
}
{Heap before GC invocations=372 (full 354):
 PSYoungGen      total 62464K, used 43008K [0x00000000f8300000, 0x0000000100000000, 0x0000000100000000)
  eden space 43008K, 100% used [0x00000000f8300000,0x00000000fad00000,0x00000000fad00000)
  from space 19456K, 0% used [0x00000000fed00000,0x00000000fed00000,0x0000000100000000)
  to   space 42496K, 0% used [0x00000000fad00000,0x00000000fad00000,0x00000000fd680000)
 ParOldGen       total 134144K, used 133674K [0x00000000f0000000, 0x00000000f8300000, 0x00000000f8300000)
  object space 134144K, 99% used [0x00000000f0000000,0x00000000f828a9e8,0x00000000f8300000)
 Metaspace       used 52491K, capacity 55514K, committed 55680K, reserved 1097728K
  class space    used 6399K, capacity 6939K, committed 7040K, reserved 1048576K
2023-01-17T04:26:33.687+0800: 92.636: [Full GC (Ergonomics) [PSYoungGen: 43008K->7441K(62464K)] [ParOldGen: 133674K->133674K(134144K)] 176682K->141116K(196608K), [Metaspace: 52491K->52491K(1097728K)], 0.1144145 secs] [Times: user=0.29 sys=0.00, real=0.12 secs] 
Heap after GC invocations=372 (full 354):
 PSYoungGen      total 62464K, used 7441K [0x00000000f8300000, 0x0000000100000000, 0x0000000100000000)
  eden space 43008K, 17% used [0x00000000f8300000,0x00000000f8a44740,0x00000000fad00000)
  from space 19456K, 0% used [0x00000000fed00000,0x00000000fed00000,0x0000000100000000)
  to   space 42496K, 0% used [0x00000000fad00000,0x00000000fad00000,0x00000000fd680000)
 ParOldGen       total 134144K, used 133674K [0x00000000f0000000, 0x00000000f8300000, 0x00000000f8300000)
  object space 134144K, 99% used [0x00000000f0000000,0x00000000f828a9e8,0x00000000f8300000)
 Metaspace       used 52491K, capacity 55514K, committed 55680K, reserved 1097728K
  class space    used 6399K, capacity 6939K, committed 7040K, reserved 1048576K
}
{Heap before GC invocations=373 (full 355):
 PSYoungGen      total 62464K, used 43008K [0x00000000f8300000, 0x0000000100000000, 0x0000000100000000)
  eden space 43008K, 100% used [0x00000000f8300000,0x00000000fad00000,0x00000000fad00000)
  from space 19456K, 0% used [0x00000000fed00000,0x00000000fed00000,0x0000000100000000)
  to   space 42496K, 0% used [0x00000000fad00000,0x00000000fad00000,0x00000000fd680000)
 ParOldGen       total 134144K, used 133674K [0x00000000f0000000, 0x00000000f8300000, 0x00000000f8300000)
  object space 134144K, 99% used [0x00000000f0000000,0x00000000f828a9e8,0x00000000f8300000)
 Metaspace       used 52491K, capacity 55514K, committed 55680K, reserved 1097728K
  class space    used 6399K, capacity 6939K, committed 7040K, reserved 1048576K
2023-01-17T04:26:33.847+0800: 92.797: [Full GC (Ergonomics) [PSYoungGen: 43008K->7422K(62464K)] [ParOldGen: 133674K->133674K(134144K)] 176682K->141097K(196608K), [Metaspace: 52491K->52491K(1097728K)], 0.1161217 secs] [Times: user=0.30 sys=0.00, real=0.12 secs] 
Heap after GC invocations=373 (full 355):
 PSYoungGen      total 62464K, used 7422K [0x00000000f8300000, 0x0000000100000000, 0x0000000100000000)
  eden space 43008K, 17% used [0x00000000f8300000,0x00000000f8a3fa20,0x00000000fad00000)
  from space 19456K, 0% used [0x00000000fed00000,0x00000000fed00000,0x0000000100000000)
  to   space 42496K, 0% used [0x00000000fad00000,0x00000000fad00000,0x00000000fd680000)
 ParOldGen       total 134144K, used 133674K [0x00000000f0000000, 0x00000000f8300000, 0x00000000f8300000)
  object space 134144K, 99% used [0x00000000f0000000,0x00000000f828a9e8,0x00000000f8300000)
 Metaspace       used 52491K, capacity 55514K, committed 55680K, reserved 1097728K
  class space    used 6399K, capacity 6939K, committed 7040K, reserved 1048576K
}
{Heap before GC invocations=374 (full 356):
 PSYoungGen      total 62464K, used 43008K [0x00000000f8300000, 0x0000000100000000, 0x0000000100000000)
  eden space 43008K, 100% used [0x00000000f8300000,0x00000000fad00000,0x00000000fad00000)
  from space 19456K, 0% used [0x00000000fed00000,0x00000000fed00000,0x0000000100000000)
  to   space 42496K, 0% used [0x00000000fad00000,0x00000000fad00000,0x00000000fd680000)
 ParOldGen       total 134144K, used 133674K [0x00000000f0000000, 0x00000000f8300000, 0x00000000f8300000)
  object space 134144K, 99% used [0x00000000f0000000,0x00000000f828a9e8,0x00000000f8300000)
 Metaspace       used 52491K, capacity 55514K, committed 55680K, reserved 1097728K
  class space    used 6399K, capacity 6939K, committed 7040K, reserved 1048576K
2023-01-17T04:26:34.010+0800: 92.959: [Full GC (Ergonomics) [PSYoungGen: 43008K->7445K(62464K)] [ParOldGen: 133674K->133672K(134144K)] 176682K->141117K(196608K), [Metaspace: 52491K->52491K(1097728K)], 0.1647757 secs] [Times: user=0.42 sys=0.00, real=0.16 secs] 
Heap after GC invocations=374 (full 356):
 PSYoungGen      total 62464K, used 7445K [0x00000000f8300000, 0x0000000100000000, 0x0000000100000000)
  eden space 43008K, 17% used [0x00000000f8300000,0x00000000f8a454b8,0x00000000fad00000)
  from space 19456K, 0% used [0x00000000fed00000,0x00000000fed00000,0x0000000100000000)
  to   space 42496K, 0% used [0x00000000fad00000,0x00000000fad00000,0x00000000fd680000)
 ParOldGen       total 134144K, used 133672K [0x00000000f0000000, 0x00000000f8300000, 0x00000000f8300000)
  object space 134144K, 99% used [0x00000000f0000000,0x00000000f828a1c8,0x00000000f8300000)
 Metaspace       used 52491K, capacity 55514K, committed 55680K, reserved 1097728K
  class space    used 6399K, capacity 6939K, committed 7040K, reserved 1048576K
}
{Heap before GC invocations=375 (full 357):
 PSYoungGen      total 62464K, used 43008K [0x00000000f8300000, 0x0000000100000000, 0x0000000100000000)
  eden space 43008K, 100% used [0x00000000f8300000,0x00000000fad00000,0x00000000fad00000)
  from space 19456K, 0% used [0x00000000fed00000,0x00000000fed00000,0x0000000100000000)
  to   space 42496K, 0% used [0x00000000fad00000,0x00000000fad00000,0x00000000fd680000)
 ParOldGen       total 134144K, used 133672K [0x00000000f0000000, 0x00000000f8300000, 0x00000000f8300000)
  object space 134144K, 99% used [0x00000000f0000000,0x00000000f828a1c8,0x00000000f8300000)
 Metaspace       used 52491K, capacity 55514K, committed 55680K, reserved 1097728K
  class space    used 6399K, capacity 6939K, committed 7040K, reserved 1048576K
2023-01-17T04:26:34.245+0800: 93.195: [Full GC (Ergonomics) [PSYoungGen: 43008K->7439K(62464K)] [ParOldGen: 133672K->133672K(134144K)] 176680K->141111K(196608K), [Metaspace: 52491K->52491K(1097728K)], 0.1676182 secs] [Times: user=0.32 sys=0.00, real=0.17 secs] 
Heap after GC invocations=375 (full 357):
 PSYoungGen      total 62464K, used 7439K [0x00000000f8300000, 0x0000000100000000, 0x0000000100000000)
  eden space 43008K, 17% used [0x00000000f8300000,0x00000000f8a43e30,0x00000000fad00000)
  from space 19456K, 0% used [0x00000000fed00000,0x00000000fed00000,0x0000000100000000)
  to   space 42496K, 0% used [0x00000000fad00000,0x00000000fad00000,0x00000000fd680000)
 ParOldGen       total 134144K, used 133672K [0x00000000f0000000, 0x00000000f8300000, 0x00000000f8300000)
  object space 134144K, 99% used [0x00000000f0000000,0x00000000f828a1c8,0x00000000f8300000)
 Metaspace       used 52491K, capacity 55514K, committed 55680K, reserved 1097728K
  class space    used 6399K, capacity 6939K, committed 7040K, reserved 1048576K
}
{Heap before GC invocations=376 (full 358):
 PSYoungGen      total 62464K, used 43008K [0x00000000f8300000, 0x0000000100000000, 0x0000000100000000)
  eden space 43008K, 100% used [0x00000000f8300000,0x00000000fad00000,0x00000000fad00000)
  from space 19456K, 0% used [0x00000000fed00000,0x00000000fed00000,0x0000000100000000)
  to   space 42496K, 0% used [0x00000000fad00000,0x00000000fad00000,0x00000000fd680000)
 ParOldGen       total 134144K, used 133672K [0x00000000f0000000, 0x00000000f8300000, 0x00000000f8300000)
  object space 134144K, 99% used [0x00000000f0000000,0x00000000f828a1c8,0x00000000f8300000)
 Metaspace       used 52491K, capacity 55514K, committed 55680K, reserved 1097728K
  class space    used 6399K, capacity 6939K, committed 7040K, reserved 1048576K
2023-01-17T04:26:34.462+0800: 93.412: [Full GC (Ergonomics) [PSYoungGen: 43008K->7447K(62464K)] [ParOldGen: 133672K->133672K(134144K)] 176680K->141120K(196608K), [Metaspace: 52491K->52491K(1097728K)], 0.1280364 secs] [Times: user=0.34 sys=0.00, real=0.13 secs] 
Heap after GC invocations=376 (full 358):
 PSYoungGen      total 62464K, used 7447K [0x00000000f8300000, 0x0000000100000000, 0x0000000100000000)
  eden space 43008K, 17% used [0x00000000f8300000,0x00000000f8a45ec8,0x00000000fad00000)
  from space 19456K, 0% used [0x00000000fed00000,0x00000000fed00000,0x0000000100000000)
  to   space 42496K, 0% used [0x00000000fad00000,0x00000000fad00000,0x00000000fd680000)
 ParOldGen       total 134144K, used 133672K [0x00000000f0000000, 0x00000000f8300000, 0x00000000f8300000)
  object space 134144K, 99% used [0x00000000f0000000,0x00000000f828a1c8,0x00000000f8300000)
 Metaspace       used 52491K, capacity 55514K, committed 55680K, reserved 1097728K
  class space    used 6399K, capacity 6939K, committed 7040K, reserved 1048576K
}
{Heap before GC invocations=377 (full 359):
 PSYoungGen      total 62464K, used 43008K [0x00000000f8300000, 0x0000000100000000, 0x0000000100000000)
  eden space 43008K, 100% used [0x00000000f8300000,0x00000000fad00000,0x00000000fad00000)
  from space 19456K, 0% used [0x00000000fed00000,0x00000000fed00000,0x0000000100000000)
  to   space 42496K, 0% used [0x00000000fad00000,0x00000000fad00000,0x00000000fd680000)
 ParOldGen       total 134144K, used 133672K [0x00000000f0000000, 0x00000000f8300000, 0x00000000f8300000)
  object space 134144K, 99% used [0x00000000f0000000,0x00000000f828a1c8,0x00000000f8300000)
 Metaspace       used 52491K, capacity 55514K, committed 55680K, reserved 1097728K
  class space    used 6399K, capacity 6939K, committed 7040K, reserved 1048576K
2023-01-17T04:26:34.636+0800: 93.586: [Full GC (Ergonomics) [PSYoungGen: 43008K->7430K(62464K)] [ParOldGen: 133672K->133672K(134144K)] 176680K->141103K(196608K), [Metaspace: 52491K->52491K(1097728K)], 0.1178091 secs] [Times: user=0.30 sys=0.00, real=0.12 secs] 
Heap after GC invocations=377 (full 359):
 PSYoungGen      total 62464K, used 7430K [0x00000000f8300000, 0x0000000100000000, 0x0000000100000000)
  eden space 43008K, 17% used [0x00000000f8300000,0x00000000f8a41bb8,0x00000000fad00000)
  from space 19456K, 0% used [0x00000000fed00000,0x00000000fed00000,0x0000000100000000)
  to   space 42496K, 0% used [0x00000000fad00000,0x00000000fad00000,0x00000000fd680000)
 ParOldGen       total 134144K, used 133672K [0x00000000f0000000, 0x00000000f8300000, 0x00000000f8300000)
  object space 134144K, 99% used [0x00000000f0000000,0x00000000f828a1c8,0x00000000f8300000)
 Metaspace       used 52491K, capacity 55514K, committed 55680K, reserved 1097728K
  class space    used 6399K, capacity 6939K, committed 7040K, reserved 1048576K
}
{Heap before GC invocations=378 (full 360):
 PSYoungGen      total 62464K, used 43008K [0x00000000f8300000, 0x0000000100000000, 0x0000000100000000)
  eden space 43008K, 100% used [0x00000000f8300000,0x00000000fad00000,0x00000000fad00000)
  from space 19456K, 0% used [0x00000000fed00000,0x00000000fed00000,0x0000000100000000)
  to   space 42496K, 0% used [0x00000000fad00000,0x00000000fad00000,0x00000000fd680000)
 ParOldGen       total 134144K, used 133672K [0x00000000f0000000, 0x00000000f8300000, 0x00000000f8300000)
  object space 134144K, 99% used [0x00000000f0000000,0x00000000f828a1c8,0x00000000f8300000)
 Metaspace       used 52491K, capacity 55514K, committed 55680K, reserved 1097728K
  class space    used 6399K, capacity 6939K, committed 7040K, reserved 1048576K
2023-01-17T04:26:34.800+0800: 93.750: [Full GC (Ergonomics) [PSYoungGen: 43008K->7436K(62464K)] [ParOldGen: 133672K->133672K(134144K)] 176680K->141108K(196608K), [Metaspace: 52491K->52491K(1097728K)], 0.1206779 secs] [Times: user=0.30 sys=0.00, real=0.12 secs] 
Heap after GC invocations=378 (full 360):
 PSYoungGen      total 62464K, used 7436K [0x00000000f8300000, 0x0000000100000000, 0x0000000100000000)
  eden space 43008K, 17% used [0x00000000f8300000,0x00000000f8a43120,0x00000000fad00000)
  from space 19456K, 0% used [0x00000000fed00000,0x00000000fed00000,0x0000000100000000)
  to   space 42496K, 0% used [0x00000000fad00000,0x00000000fad00000,0x00000000fd680000)
 ParOldGen       total 134144K, used 133672K [0x00000000f0000000, 0x00000000f8300000, 0x00000000f8300000)
  object space 134144K, 99% used [0x00000000f0000000,0x00000000f828a168,0x00000000f8300000)
 Metaspace       used 52491K, capacity 55514K, committed 55680K, reserved 1097728K
  class space    used 6399K, capacity 6939K, committed 7040K, reserved 1048576K
}
{Heap before GC invocations=379 (full 361):
 PSYoungGen      total 62464K, used 43008K [0x00000000f8300000, 0x0000000100000000, 0x0000000100000000)
  eden space 43008K, 100% used [0x00000000f8300000,0x00000000fad00000,0x00000000fad00000)
  from space 19456K, 0% used [0x00000000fed00000,0x00000000fed00000,0x0000000100000000)
  to   space 42496K, 0% used [0x00000000fad00000,0x00000000fad00000,0x00000000fd680000)
 ParOldGen       total 134144K, used 133672K [0x00000000f0000000, 0x00000000f8300000, 0x00000000f8300000)
  object space 134144K, 99% used [0x00000000f0000000,0x00000000f828a168,0x00000000f8300000)
 Metaspace       used 52491K, capacity 55514K, committed 55680K, reserved 1097728K
  class space    used 6399K, capacity 6939K, committed 7040K, reserved 1048576K
2023-01-17T04:26:34.978+0800: 93.928: [Full GC (Ergonomics) [PSYoungGen: 43008K->7435K(62464K)] [ParOldGen: 133672K->133672K(134144K)] 176680K->141107K(196608K), [Metaspace: 52491K->52491K(1097728K)], 0.1441972 secs] [Times: user=0.33 sys=0.00, real=0.15 secs] 
Heap after GC invocations=379 (full 361):
 PSYoungGen      total 62464K, used 7435K [0x00000000f8300000, 0x0000000100000000, 0x0000000100000000)
  eden space 43008K, 17% used [0x00000000f8300000,0x00000000f8a42db0,0x00000000fad00000)
  from space 19456K, 0% used [0x00000000fed00000,0x00000000fed00000,0x0000000100000000)
  to   space 42496K, 0% used [0x00000000fad00000,0x00000000fad00000,0x00000000fd680000)
 ParOldGen       total 134144K, used 133672K [0x00000000f0000000, 0x00000000f8300000, 0x00000000f8300000)
  object space 134144K, 99% used [0x00000000f0000000,0x00000000f828a168,0x00000000f8300000)
 Metaspace       used 52491K, capacity 55514K, committed 55680K, reserved 1097728K
  class space    used 6399K, capacity 6939K, committed 7040K, reserved 1048576K
}
{Heap before GC invocations=380 (full 362):
 PSYoungGen      total 62464K, used 43008K [0x00000000f8300000, 0x0000000100000000, 0x0000000100000000)
  eden space 43008K, 100% used [0x00000000f8300000,0x00000000fad00000,0x00000000fad00000)
  from space 19456K, 0% used [0x00000000fed00000,0x00000000fed00000,0x0000000100000000)
  to   space 42496K, 0% used [0x00000000fad00000,0x00000000fad00000,0x00000000fd680000)
 ParOldGen       total 134144K, used 133672K [0x00000000f0000000, 0x00000000f8300000, 0x00000000f8300000)
  object space 134144K, 99% used [0x00000000f0000000,0x00000000f828a168,0x00000000f8300000)
 Metaspace       used 52491K, capacity 55514K, committed 55680K, reserved 1097728K
  class space    used 6399K, capacity 6939K, committed 7040K, reserved 1048576K
2023-01-17T04:26:35.168+0800: 94.118: [Full GC (Ergonomics) [PSYoungGen: 43008K->7436K(62464K)] [ParOldGen: 133672K->133672K(134144K)] 176680K->141108K(196608K), [Metaspace: 52491K->52491K(1097728K)], 0.1145549 secs] [Times: user=0.30 sys=0.00, real=0.12 secs] 
Heap after GC invocations=380 (full 362):
 PSYoungGen      total 62464K, used 7436K [0x00000000f8300000, 0x0000000100000000, 0x0000000100000000)
  eden space 43008K, 17% used [0x00000000f8300000,0x00000000f8a431f8,0x00000000fad00000)
  from space 19456K, 0% used [0x00000000fed00000,0x00000000fed00000,0x0000000100000000)
  to   space 42496K, 0% used [0x00000000fad00000,0x00000000fad00000,0x00000000fd680000)
 ParOldGen       total 134144K, used 133672K [0x00000000f0000000, 0x00000000f8300000, 0x00000000f8300000)
  object space 134144K, 99% used [0x00000000f0000000,0x00000000f828a168,0x00000000f8300000)
 Metaspace       used 52491K, capacity 55514K, committed 55680K, reserved 1097728K
  class space    used 6399K, capacity 6939K, committed 7040K, reserved 1048576K
}
{Heap before GC invocations=381 (full 363):
 PSYoungGen      total 62464K, used 43008K [0x00000000f8300000, 0x0000000100000000, 0x0000000100000000)
  eden space 43008K, 100% used [0x00000000f8300000,0x00000000fad00000,0x00000000fad00000)
  from space 19456K, 0% used [0x00000000fed00000,0x00000000fed00000,0x0000000100000000)
  to   space 42496K, 0% used [0x00000000fad00000,0x00000000fad00000,0x00000000fd680000)
 ParOldGen       total 134144K, used 133672K [0x00000000f0000000, 0x00000000f8300000, 0x00000000f8300000)
  object space 134144K, 99% used [0x00000000f0000000,0x00000000f828a168,0x00000000f8300000)
 Metaspace       used 52491K, capacity 55514K, committed 55680K, reserved 1097728K
  class space    used 6399K, capacity 6939K, committed 7040K, reserved 1048576K
2023-01-17T04:26:35.328+0800: 94.278: [Full GC (Ergonomics) [PSYoungGen: 43008K->7429K(62464K)] [ParOldGen: 133672K->133672K(134144K)] 176680K->141101K(196608K), [Metaspace: 52491K->52491K(1097728K)], 0.1249946 secs] [Times: user=0.33 sys=0.00, real=0.13 secs] 
Heap after GC invocations=381 (full 363):
 PSYoungGen      total 62464K, used 7429K [0x00000000f8300000, 0x0000000100000000, 0x0000000100000000)
  eden space 43008K, 17% used [0x00000000f8300000,0x00000000f8a41530,0x00000000fad00000)
  from space 19456K, 0% used [0x00000000fed00000,0x00000000fed00000,0x0000000100000000)
  to   space 42496K, 0% used [0x00000000fad00000,0x00000000fad00000,0x00000000fd680000)
 ParOldGen       total 134144K, used 133672K [0x00000000f0000000, 0x00000000f8300000, 0x00000000f8300000)
  object space 134144K, 99% used [0x00000000f0000000,0x00000000f828a168,0x00000000f8300000)
 Metaspace       used 52491K, capacity 55514K, committed 55680K, reserved 1097728K
  class space    used 6399K, capacity 6939K, committed 7040K, reserved 1048576K
}
{Heap before GC invocations=382 (full 364):
 PSYoungGen      total 62464K, used 43008K [0x00000000f8300000, 0x0000000100000000, 0x0000000100000000)
  eden space 43008K, 100% used [0x00000000f8300000,0x00000000fad00000,0x00000000fad00000)
  from space 19456K, 0% used [0x00000000fed00000,0x00000000fed00000,0x0000000100000000)
  to   space 42496K, 0% used [0x00000000fad00000,0x00000000fad00000,0x00000000fd680000)
 ParOldGen       total 134144K, used 133672K [0x00000000f0000000, 0x00000000f8300000, 0x00000000f8300000)
  object space 134144K, 99% used [0x00000000f0000000,0x00000000f828a168,0x00000000f8300000)
 Metaspace       used 52491K, capacity 55514K, committed 55680K, reserved 1097728K
  class space    used 6399K, capacity 6939K, committed 7040K, reserved 1048576K
2023-01-17T04:26:35.509+0800: 94.459: [Full GC (Ergonomics) [PSYoungGen: 43008K->7443K(62464K)] [ParOldGen: 133672K->133672K(134144K)] 176680K->141115K(196608K), [Metaspace: 52491K->52491K(1097728K)], 0.1770716 secs] [Times: user=0.36 sys=0.00, real=0.18 secs] 
Heap after GC invocations=382 (full 364):
 PSYoungGen      total 62464K, used 7443K [0x00000000f8300000, 0x0000000100000000, 0x0000000100000000)
  eden space 43008K, 17% used [0x00000000f8300000,0x00000000f8a44d18,0x00000000fad00000)
  from space 19456K, 0% used [0x00000000fed00000,0x00000000fed00000,0x0000000100000000)
  to   space 42496K, 0% used [0x00000000fad00000,0x00000000fad00000,0x00000000fd680000)
 ParOldGen       total 134144K, used 133672K [0x00000000f0000000, 0x00000000f8300000, 0x00000000f8300000)
  object space 134144K, 99% used [0x00000000f0000000,0x00000000f828a168,0x00000000f8300000)
 Metaspace       used 52491K, capacity 55514K, committed 55680K, reserved 1097728K
  class space    used 6399K, capacity 6939K, committed 7040K, reserved 1048576K
}
{Heap before GC invocations=383 (full 365):
 PSYoungGen      total 62464K, used 43008K [0x00000000f8300000, 0x0000000100000000, 0x0000000100000000)
  eden space 43008K, 100% used [0x00000000f8300000,0x00000000fad00000,0x00000000fad00000)
  from space 19456K, 0% used [0x00000000fed00000,0x00000000fed00000,0x0000000100000000)
  to   space 42496K, 0% used [0x00000000fad00000,0x00000000fad00000,0x00000000fd680000)
 ParOldGen       total 134144K, used 133672K [0x00000000f0000000, 0x00000000f8300000, 0x00000000f8300000)
  object space 134144K, 99% used [0x00000000f0000000,0x00000000f828a168,0x00000000f8300000)
 Metaspace       used 52491K, capacity 55514K, committed 55680K, reserved 1097728K
  class space    used 6399K, capacity 6939K, committed 7040K, reserved 1048576K
2023-01-17T04:26:35.743+0800: 94.693: [Full GC (Ergonomics) [PSYoungGen: 43008K->7436K(62464K)] [ParOldGen: 133672K->133672K(134144K)] 176680K->141108K(196608K), [Metaspace: 52491K->52491K(1097728K)], 0.1345643 secs] [Times: user=0.28 sys=0.00, real=0.13 secs] 
Heap after GC invocations=383 (full 365):
 PSYoungGen      total 62464K, used 7436K [0x00000000f8300000, 0x0000000100000000, 0x0000000100000000)
  eden space 43008K, 17% used [0x00000000f8300000,0x00000000f8a430a8,0x00000000fad00000)
  from space 19456K, 0% used [0x00000000fed00000,0x00000000fed00000,0x0000000100000000)
  to   space 42496K, 0% used [0x00000000fad00000,0x00000000fad00000,0x00000000fd680000)
 ParOldGen       total 134144K, used 133672K [0x00000000f0000000, 0x00000000f8300000, 0x00000000f8300000)
  object space 134144K, 99% used [0x00000000f0000000,0x00000000f828a168,0x00000000f8300000)
 Metaspace       used 52491K, capacity 55514K, committed 55680K, reserved 1097728K
  class space    used 6399K, capacity 6939K, committed 7040K, reserved 1048576K
}
{Heap before GC invocations=384 (full 366):
 PSYoungGen      total 62464K, used 43008K [0x00000000f8300000, 0x0000000100000000, 0x0000000100000000)
  eden space 43008K, 100% used [0x00000000f8300000,0x00000000fad00000,0x00000000fad00000)
  from space 19456K, 0% used [0x00000000fed00000,0x00000000fed00000,0x0000000100000000)
  to   space 42496K, 0% used [0x00000000fad00000,0x00000000fad00000,0x00000000fd680000)
 ParOldGen       total 134144K, used 133672K [0x00000000f0000000, 0x00000000f8300000, 0x00000000f8300000)
  object space 134144K, 99% used [0x00000000f0000000,0x00000000f828a168,0x00000000f8300000)
 Metaspace       used 52491K, capacity 55514K, committed 55680K, reserved 1097728K
  class space    used 6399K, capacity 6939K, committed 7040K, reserved 1048576K
2023-01-17T04:26:35.926+0800: 94.875: [Full GC (Ergonomics) [PSYoungGen: 43008K->7434K(62464K)] [ParOldGen: 133672K->133672K(134144K)] 176680K->141106K(196608K), [Metaspace: 52491K->52491K(1097728K)], 0.1399853 secs] [Times: user=0.39 sys=0.00, real=0.14 secs] 
Heap after GC invocations=384 (full 366):
 PSYoungGen      total 62464K, used 7434K [0x00000000f8300000, 0x0000000100000000, 0x0000000100000000)
  eden space 43008K, 17% used [0x00000000f8300000,0x00000000f8a42980,0x00000000fad00000)
  from space 19456K, 0% used [0x00000000fed00000,0x00000000fed00000,0x0000000100000000)
  to   space 42496K, 0% used [0x00000000fad00000,0x00000000fad00000,0x00000000fd680000)
 ParOldGen       total 134144K, used 133672K [0x00000000f0000000, 0x00000000f8300000, 0x00000000f8300000)
  object space 134144K, 99% used [0x00000000f0000000,0x00000000f828a108,0x00000000f8300000)
 Metaspace       used 52491K, capacity 55514K, committed 55680K, reserved 1097728K
  class space    used 6399K, capacity 6939K, committed 7040K, reserved 1048576K
}
{Heap before GC invocations=385 (full 367):
 PSYoungGen      total 62464K, used 43008K [0x00000000f8300000, 0x0000000100000000, 0x0000000100000000)
  eden space 43008K, 100% used [0x00000000f8300000,0x00000000fad00000,0x00000000fad00000)
  from space 19456K, 0% used [0x00000000fed00000,0x00000000fed00000,0x0000000100000000)
  to   space 42496K, 0% used [0x00000000fad00000,0x00000000fad00000,0x00000000fd680000)
 ParOldGen       total 134144K, used 133672K [0x00000000f0000000, 0x00000000f8300000, 0x00000000f8300000)
  object space 134144K, 99% used [0x00000000f0000000,0x00000000f828a108,0x00000000f8300000)
 Metaspace       used 52491K, capacity 55514K, committed 55680K, reserved 1097728K
  class space    used 6399K, capacity 6939K, committed 7040K, reserved 1048576K
2023-01-17T04:26:36.112+0800: 95.062: [Full GC (Ergonomics) [PSYoungGen: 43008K->7429K(62464K)] [ParOldGen: 133672K->133672K(134144K)] 176680K->141102K(196608K), [Metaspace: 52491K->52491K(1097728K)], 0.1200233 secs] [Times: user=0.31 sys=0.00, real=0.12 secs] 
Heap after GC invocations=385 (full 367):
 PSYoungGen      total 62464K, used 7429K [0x00000000f8300000, 0x0000000100000000, 0x0000000100000000)
  eden space 43008K, 17% used [0x00000000f8300000,0x00000000f8a417e0,0x00000000fad00000)
  from space 19456K, 0% used [0x00000000fed00000,0x00000000fed00000,0x0000000100000000)
  to   space 42496K, 0% used [0x00000000fad00000,0x00000000fad00000,0x00000000fd680000)
 ParOldGen       total 134144K, used 133672K [0x00000000f0000000, 0x00000000f8300000, 0x00000000f8300000)
  object space 134144K, 99% used [0x00000000f0000000,0x00000000f828a108,0x00000000f8300000)
 Metaspace       used 52491K, capacity 55514K, committed 55680K, reserved 1097728K
  class space    used 6399K, capacity 6939K, committed 7040K, reserved 1048576K
}
{Heap before GC invocations=386 (full 368):
 PSYoungGen      total 62464K, used 43008K [0x00000000f8300000, 0x0000000100000000, 0x0000000100000000)
  eden space 43008K, 100% used [0x00000000f8300000,0x00000000fad00000,0x00000000fad00000)
  from space 19456K, 0% used [0x00000000fed00000,0x00000000fed00000,0x0000000100000000)
  to   space 42496K, 0% used [0x00000000fad00000,0x00000000fad00000,0x00000000fd680000)
 ParOldGen       total 134144K, used 133672K [0x00000000f0000000, 0x00000000f8300000, 0x00000000f8300000)
  object space 134144K, 99% used [0x00000000f0000000,0x00000000f828a108,0x00000000f8300000)
 Metaspace       used 52491K, capacity 55514K, committed 55680K, reserved 1097728K
  class space    used 6399K, capacity 6939K, committed 7040K, reserved 1048576K
2023-01-17T04:26:36.277+0800: 95.227: [Full GC (Ergonomics) [PSYoungGen: 43008K->7431K(62464K)] [ParOldGen: 133672K->133672K(134144K)] 176680K->141104K(196608K), [Metaspace: 52491K->52491K(1097728K)], 0.1276897 secs] [Times: user=0.33 sys=0.01, real=0.13 secs] 
Heap after GC invocations=386 (full 368):
 PSYoungGen      total 62464K, used 7431K [0x00000000f8300000, 0x0000000100000000, 0x0000000100000000)
  eden space 43008K, 17% used [0x00000000f8300000,0x00000000f8a41f78,0x00000000fad00000)
  from space 19456K, 0% used [0x00000000fed00000,0x00000000fed00000,0x0000000100000000)
  to   space 42496K, 0% used [0x00000000fad00000,0x00000000fad00000,0x00000000fd680000)
 ParOldGen       total 134144K, used 133672K [0x00000000f0000000, 0x00000000f8300000, 0x00000000f8300000)
  object space 134144K, 99% used [0x00000000f0000000,0x00000000f828a108,0x00000000f8300000)
 Metaspace       used 52491K, capacity 55514K, committed 55680K, reserved 1097728K
  class space    used 6399K, capacity 6939K, committed 7040K, reserved 1048576K
}
{Heap before GC invocations=387 (full 369):
 PSYoungGen      total 62464K, used 43007K [0x00000000f8300000, 0x0000000100000000, 0x0000000100000000)
  eden space 43008K, 99% used [0x00000000f8300000,0x00000000facfffe8,0x00000000fad00000)
  from space 19456K, 0% used [0x00000000fed00000,0x00000000fed00000,0x0000000100000000)
  to   space 42496K, 0% used [0x00000000fad00000,0x00000000fad00000,0x00000000fd680000)
 ParOldGen       total 134144K, used 133672K [0x00000000f0000000, 0x00000000f8300000, 0x00000000f8300000)
  object space 134144K, 99% used [0x00000000f0000000,0x00000000f828a108,0x00000000f8300000)
 Metaspace       used 52491K, capacity 55514K, committed 55680K, reserved 1097728K
  class space    used 6399K, capacity 6939K, committed 7040K, reserved 1048576K
2023-01-17T04:26:36.461+0800: 95.411: [Full GC (Ergonomics) [PSYoungGen: 43007K->7429K(62464K)] [ParOldGen: 133672K->133672K(134144K)] 176680K->141101K(196608K), [Metaspace: 52491K->52491K(1097728K)], 0.1326428 secs] [Times: user=0.29 sys=0.00, real=0.13 secs] 
Heap after GC invocations=387 (full 369):
 PSYoungGen      total 62464K, used 7429K [0x00000000f8300000, 0x0000000100000000, 0x0000000100000000)
  eden space 43008K, 17% used [0x00000000f8300000,0x00000000f8a41520,0x00000000fad00000)
  from space 19456K, 0% used [0x00000000fed00000,0x00000000fed00000,0x0000000100000000)
  to   space 42496K, 0% used [0x00000000fad00000,0x00000000fad00000,0x00000000fd680000)
 ParOldGen       total 134144K, used 133672K [0x00000000f0000000, 0x00000000f8300000, 0x00000000f8300000)
  object space 134144K, 99% used [0x00000000f0000000,0x00000000f828a108,0x00000000f8300000)
 Metaspace       used 52491K, capacity 55514K, committed 55680K, reserved 1097728K
  class space    used 6399K, capacity 6939K, committed 7040K, reserved 1048576K
}
{Heap before GC invocations=388 (full 370):
 PSYoungGen      total 62464K, used 43008K [0x00000000f8300000, 0x0000000100000000, 0x0000000100000000)
  eden space 43008K, 100% used [0x00000000f8300000,0x00000000fad00000,0x00000000fad00000)
  from space 19456K, 0% used [0x00000000fed00000,0x00000000fed00000,0x0000000100000000)
  to   space 42496K, 0% used [0x00000000fad00000,0x00000000fad00000,0x00000000fd680000)
 ParOldGen       total 134144K, used 133672K [0x00000000f0000000, 0x00000000f8300000, 0x00000000f8300000)
  object space 134144K, 99% used [0x00000000f0000000,0x00000000f828a108,0x00000000f8300000)
 Metaspace       used 52491K, capacity 55514K, committed 55680K, reserved 1097728K
  class space    used 6399K, capacity 6939K, committed 7040K, reserved 1048576K
2023-01-17T04:26:36.651+0800: 95.601: [Full GC (Ergonomics) [PSYoungGen: 43008K->7440K(62464K)] [ParOldGen: 133672K->133672K(134144K)] 176680K->141112K(196608K), [Metaspace: 52491K->52491K(1097728K)], 0.1227057 secs] [Times: user=0.28 sys=0.00, real=0.12 secs] 
Heap after GC invocations=388 (full 370):
 PSYoungGen      total 62464K, used 7440K [0x00000000f8300000, 0x0000000100000000, 0x0000000100000000)
  eden space 43008K, 17% used [0x00000000f8300000,0x00000000f8a44288,0x00000000fad00000)
  from space 19456K, 0% used [0x00000000fed00000,0x00000000fed00000,0x0000000100000000)
  to   space 42496K, 0% used [0x00000000fad00000,0x00000000fad00000,0x00000000fd680000)
 ParOldGen       total 134144K, used 133672K [0x00000000f0000000, 0x00000000f8300000, 0x00000000f8300000)
  object space 134144K, 99% used [0x00000000f0000000,0x00000000f828a108,0x00000000f8300000)
 Metaspace       used 52491K, capacity 55514K, committed 55680K, reserved 1097728K
  class space    used 6399K, capacity 6939K, committed 7040K, reserved 1048576K
}
{Heap before GC invocations=389 (full 371):
 PSYoungGen      total 62464K, used 43008K [0x00000000f8300000, 0x0000000100000000, 0x0000000100000000)
  eden space 43008K, 100% used [0x00000000f8300000,0x00000000fad00000,0x00000000fad00000)
  from space 19456K, 0% used [0x00000000fed00000,0x00000000fed00000,0x0000000100000000)
  to   space 42496K, 0% used [0x00000000fad00000,0x00000000fad00000,0x00000000fd680000)
 ParOldGen       total 134144K, used 133672K [0x00000000f0000000, 0x00000000f8300000, 0x00000000f8300000)
  object space 134144K, 99% used [0x00000000f0000000,0x00000000f828a108,0x00000000f8300000)
 Metaspace       used 52491K, capacity 55514K, committed 55680K, reserved 1097728K
  class space    used 6399K, capacity 6939K, committed 7040K, reserved 1048576K
2023-01-17T04:26:36.828+0800: 95.778: [Full GC (Ergonomics) [PSYoungGen: 43008K->7420K(62464K)] [ParOldGen: 133672K->133672K(134144K)] 176680K->141092K(196608K), [Metaspace: 52491K->52491K(1097728K)], 0.1406228 secs] [Times: user=0.36 sys=0.00, real=0.14 secs] 
Heap after GC invocations=389 (full 371):
 PSYoungGen      total 62464K, used 7420K [0x00000000f8300000, 0x0000000100000000, 0x0000000100000000)
  eden space 43008K, 17% used [0x00000000f8300000,0x00000000f8a3f2b0,0x00000000fad00000)
  from space 19456K, 0% used [0x00000000fed00000,0x00000000fed00000,0x0000000100000000)
  to   space 42496K, 0% used [0x00000000fad00000,0x00000000fad00000,0x00000000fd680000)
 ParOldGen       total 134144K, used 133672K [0x00000000f0000000, 0x00000000f8300000, 0x00000000f8300000)
  object space 134144K, 99% used [0x00000000f0000000,0x00000000f828a108,0x00000000f8300000)
 Metaspace       used 52491K, capacity 55514K, committed 55680K, reserved 1097728K
  class space    used 6399K, capacity 6939K, committed 7040K, reserved 1048576K
}
{Heap before GC invocations=390 (full 372):
 PSYoungGen      total 62464K, used 43008K [0x00000000f8300000, 0x0000000100000000, 0x0000000100000000)
  eden space 43008K, 100% used [0x00000000f8300000,0x00000000fad00000,0x00000000fad00000)
  from space 19456K, 0% used [0x00000000fed00000,0x00000000fed00000,0x0000000100000000)
  to   space 42496K, 0% used [0x00000000fad00000,0x00000000fad00000,0x00000000fd680000)
 ParOldGen       total 134144K, used 133672K [0x00000000f0000000, 0x00000000f8300000, 0x00000000f8300000)
  object space 134144K, 99% used [0x00000000f0000000,0x00000000f828a108,0x00000000f8300000)
 Metaspace       used 52491K, capacity 55514K, committed 55680K, reserved 1097728K
  class space    used 6399K, capacity 6939K, committed 7040K, reserved 1048576K
2023-01-17T04:26:37.015+0800: 95.964: [Full GC (Ergonomics) [PSYoungGen: 43008K->7431K(62464K)] [ParOldGen: 133672K->133672K(134144K)] 176680K->141103K(196608K), [Metaspace: 52491K->52491K(1097728K)], 0.1128748 secs] [Times: user=0.30 sys=0.00, real=0.11 secs] 
Heap after GC invocations=390 (full 372):
 PSYoungGen      total 62464K, used 7431K [0x00000000f8300000, 0x0000000100000000, 0x0000000100000000)
  eden space 43008K, 17% used [0x00000000f8300000,0x00000000f8a41d20,0x00000000fad00000)
  from space 19456K, 0% used [0x00000000fed00000,0x00000000fed00000,0x0000000100000000)
  to   space 42496K, 0% used [0x00000000fad00000,0x00000000fad00000,0x00000000fd680000)
 ParOldGen       total 134144K, used 133672K [0x00000000f0000000, 0x00000000f8300000, 0x00000000f8300000)
  object space 134144K, 99% used [0x00000000f0000000,0x00000000f828a108,0x00000000f8300000)
 Metaspace       used 52491K, capacity 55514K, committed 55680K, reserved 1097728K
  class space    used 6399K, capacity 6939K, committed 7040K, reserved 1048576K
}
{Heap before GC invocations=391 (full 373):
 PSYoungGen      total 62464K, used 43008K [0x00000000f8300000, 0x0000000100000000, 0x0000000100000000)
  eden space 43008K, 100% used [0x00000000f8300000,0x00000000fad00000,0x00000000fad00000)
  from space 19456K, 0% used [0x00000000fed00000,0x00000000fed00000,0x0000000100000000)
  to   space 42496K, 0% used [0x00000000fad00000,0x00000000fad00000,0x00000000fd680000)
 ParOldGen       total 134144K, used 133672K [0x00000000f0000000, 0x00000000f8300000, 0x00000000f8300000)
  object space 134144K, 99% used [0x00000000f0000000,0x00000000f828a108,0x00000000f8300000)
 Metaspace       used 52491K, capacity 55514K, committed 55680K, reserved 1097728K
  class space    used 6399K, capacity 6939K, committed 7040K, reserved 1048576K
2023-01-17T04:26:37.179+0800: 96.129: [Full GC (Ergonomics) [PSYoungGen: 43008K->7437K(62464K)] [ParOldGen: 133672K->133672K(134144K)] 176680K->141109K(196608K), [Metaspace: 52491K->52491K(1097728K)], 0.1294980 secs] [Times: user=0.28 sys=0.00, real=0.13 secs] 
Heap after GC invocations=391 (full 373):
 PSYoungGen      total 62464K, used 7437K [0x00000000f8300000, 0x0000000100000000, 0x0000000100000000)
  eden space 43008K, 17% used [0x00000000f8300000,0x00000000f8a435a8,0x00000000fad00000)
  from space 19456K, 0% used [0x00000000fed00000,0x00000000fed00000,0x0000000100000000)
  to   space 42496K, 0% used [0x00000000fad00000,0x00000000fad00000,0x00000000fd680000)
 ParOldGen       total 134144K, used 133672K [0x00000000f0000000, 0x00000000f8300000, 0x00000000f8300000)
  object space 134144K, 99% used [0x00000000f0000000,0x00000000f828a108,0x00000000f8300000)
 Metaspace       used 52491K, capacity 55514K, committed 55680K, reserved 1097728K
  class space    used 6399K, capacity 6939K, committed 7040K, reserved 1048576K
}
{Heap before GC invocations=392 (full 374):
 PSYoungGen      total 62464K, used 43008K [0x00000000f8300000, 0x0000000100000000, 0x0000000100000000)
  eden space 43008K, 100% used [0x00000000f8300000,0x00000000fad00000,0x00000000fad00000)
  from space 19456K, 0% used [0x00000000fed00000,0x00000000fed00000,0x0000000100000000)
  to   space 42496K, 0% used [0x00000000fad00000,0x00000000fad00000,0x00000000fd680000)
 ParOldGen       total 134144K, used 133672K [0x00000000f0000000, 0x00000000f8300000, 0x00000000f8300000)
  object space 134144K, 99% used [0x00000000f0000000,0x00000000f828a108,0x00000000f8300000)
 Metaspace       used 52491K, capacity 55514K, committed 55680K, reserved 1097728K
  class space    used 6399K, capacity 6939K, committed 7040K, reserved 1048576K
2023-01-17T04:26:37.364+0800: 96.314: [Full GC (Ergonomics) [PSYoungGen: 43008K->7426K(62464K)] [ParOldGen: 133672K->133672K(134144K)] 176680K->141099K(196608K), [Metaspace: 52491K->52491K(1097728K)], 0.1223767 secs] [Times: user=0.30 sys=0.00, real=0.12 secs] 
Heap after GC invocations=392 (full 374):
 PSYoungGen      total 62464K, used 7426K [0x00000000f8300000, 0x0000000100000000, 0x0000000100000000)
  eden space 43008K, 17% used [0x00000000f8300000,0x00000000f8a40bb8,0x00000000fad00000)
  from space 19456K, 0% used [0x00000000fed00000,0x00000000fed00000,0x0000000100000000)
  to   space 42496K, 0% used [0x00000000fad00000,0x00000000fad00000,0x00000000fd680000)
 ParOldGen       total 134144K, used 133672K [0x00000000f0000000, 0x00000000f8300000, 0x00000000f8300000)
  object space 134144K, 99% used [0x00000000f0000000,0x00000000f828a108,0x00000000f8300000)
 Metaspace       used 52491K, capacity 55514K, committed 55680K, reserved 1097728K
  class space    used 6399K, capacity 6939K, committed 7040K, reserved 1048576K
}
{Heap before GC invocations=393 (full 375):
 PSYoungGen      total 62464K, used 43008K [0x00000000f8300000, 0x0000000100000000, 0x0000000100000000)
  eden space 43008K, 100% used [0x00000000f8300000,0x00000000fad00000,0x00000000fad00000)
  from space 19456K, 0% used [0x00000000fed00000,0x00000000fed00000,0x0000000100000000)
  to   space 42496K, 0% used [0x00000000fad00000,0x00000000fad00000,0x00000000fd680000)
 ParOldGen       total 134144K, used 133672K [0x00000000f0000000, 0x00000000f8300000, 0x00000000f8300000)
  object space 134144K, 99% used [0x00000000f0000000,0x00000000f828a108,0x00000000f8300000)
 Metaspace       used 52495K, capacity 55514K, committed 55680K, reserved 1097728K
  class space    used 6399K, capacity 6939K, committed 7040K, reserved 1048576K
2023-01-17T04:26:37.534+0800: 96.484: [Full GC (Ergonomics) [PSYoungGen: 43008K->7422K(62464K)] [ParOldGen: 133672K->133672K(134144K)] 176680K->141095K(196608K), [Metaspace: 52495K->52495K(1097728K)], 0.1205493 secs] [Times: user=0.30 sys=0.00, real=0.12 secs] 
Heap after GC invocations=393 (full 375):
 PSYoungGen      total 62464K, used 7422K [0x00000000f8300000, 0x0000000100000000, 0x0000000100000000)
  eden space 43008K, 17% used [0x00000000f8300000,0x00000000f8a3fb80,0x00000000fad00000)
  from space 19456K, 0% used [0x00000000fed00000,0x00000000fed00000,0x0000000100000000)
  to   space 42496K, 0% used [0x00000000fad00000,0x00000000fad00000,0x00000000fd680000)
 ParOldGen       total 134144K, used 133672K [0x00000000f0000000, 0x00000000f8300000, 0x00000000f8300000)
  object space 134144K, 99% used [0x00000000f0000000,0x00000000f828a108,0x00000000f8300000)
 Metaspace       used 52495K, capacity 55514K, committed 55680K, reserved 1097728K
  class space    used 6399K, capacity 6939K, committed 7040K, reserved 1048576K
}
{Heap before GC invocations=394 (full 376):
 PSYoungGen      total 62464K, used 43008K [0x00000000f8300000, 0x0000000100000000, 0x0000000100000000)
  eden space 43008K, 100% used [0x00000000f8300000,0x00000000fad00000,0x00000000fad00000)
  from space 19456K, 0% used [0x00000000fed00000,0x00000000fed00000,0x0000000100000000)
  to   space 42496K, 0% used [0x00000000fad00000,0x00000000fad00000,0x00000000fd680000)
 ParOldGen       total 134144K, used 133672K [0x00000000f0000000, 0x00000000f8300000, 0x00000000f8300000)
  object space 134144K, 99% used [0x00000000f0000000,0x00000000f828a108,0x00000000f8300000)
 Metaspace       used 52495K, capacity 55514K, committed 55680K, reserved 1097728K
  class space    used 6399K, capacity 6939K, committed 7040K, reserved 1048576K
2023-01-17T04:26:37.701+0800: 96.650: [Full GC (Ergonomics) [PSYoungGen: 43008K->7426K(62464K)] [ParOldGen: 133672K->133672K(134144K)] 176680K->141098K(196608K), [Metaspace: 52495K->52495K(1097728K)], 0.1179255 secs] [Times: user=0.29 sys=0.00, real=0.11 secs] 
Heap after GC invocations=394 (full 376):
 PSYoungGen      total 62464K, used 7426K [0x00000000f8300000, 0x0000000100000000, 0x0000000100000000)
  eden space 43008K, 17% used [0x00000000f8300000,0x00000000f8a40840,0x00000000fad00000)
  from space 19456K, 0% used [0x00000000fed00000,0x00000000fed00000,0x0000000100000000)
  to   space 42496K, 0% used [0x00000000fad00000,0x00000000fad00000,0x00000000fd680000)
 ParOldGen       total 134144K, used 133672K [0x00000000f0000000, 0x00000000f8300000, 0x00000000f8300000)
  object space 134144K, 99% used [0x00000000f0000000,0x00000000f828a108,0x00000000f8300000)
 Metaspace       used 52495K, capacity 55514K, committed 55680K, reserved 1097728K
  class space    used 6399K, capacity 6939K, committed 7040K, reserved 1048576K
}
{Heap before GC invocations=395 (full 377):
 PSYoungGen      total 62464K, used 43008K [0x00000000f8300000, 0x0000000100000000, 0x0000000100000000)
  eden space 43008K, 100% used [0x00000000f8300000,0x00000000fad00000,0x00000000fad00000)
  from space 19456K, 0% used [0x00000000fed00000,0x00000000fed00000,0x0000000100000000)
  to   space 42496K, 0% used [0x00000000fad00000,0x00000000fad00000,0x00000000fd680000)
 ParOldGen       total 134144K, used 133672K [0x00000000f0000000, 0x00000000f8300000, 0x00000000f8300000)
  object space 134144K, 99% used [0x00000000f0000000,0x00000000f828a108,0x00000000f8300000)
 Metaspace       used 52495K, capacity 55514K, committed 55680K, reserved 1097728K
  class space    used 6399K, capacity 6939K, committed 7040K, reserved 1048576K
2023-01-17T04:26:37.864+0800: 96.814: [Full GC (Ergonomics) [PSYoungGen: 43008K->7420K(62464K)] [ParOldGen: 133672K->133672K(134144K)] 176680K->141093K(196608K), [Metaspace: 52495K->52495K(1097728K)], 0.2074717 secs] [Times: user=0.43 sys=0.00, real=0.21 secs] 
Heap after GC invocations=395 (full 377):
 PSYoungGen      total 62464K, used 7420K [0x00000000f8300000, 0x0000000100000000, 0x0000000100000000)
  eden space 43008K, 17% used [0x00000000f8300000,0x00000000f8a3f3d0,0x00000000fad00000)
  from space 19456K, 0% used [0x00000000fed00000,0x00000000fed00000,0x0000000100000000)
  to   space 42496K, 0% used [0x00000000fad00000,0x00000000fad00000,0x00000000fd680000)
 ParOldGen       total 134144K, used 133672K [0x00000000f0000000, 0x00000000f8300000, 0x00000000f8300000)
  object space 134144K, 99% used [0x00000000f0000000,0x00000000f828a108,0x00000000f8300000)
 Metaspace       used 52495K, capacity 55514K, committed 55680K, reserved 1097728K
  class space    used 6399K, capacity 6939K, committed 7040K, reserved 1048576K
}
{Heap before GC invocations=396 (full 378):
 PSYoungGen      total 62464K, used 43008K [0x00000000f8300000, 0x0000000100000000, 0x0000000100000000)
  eden space 43008K, 100% used [0x00000000f8300000,0x00000000fad00000,0x00000000fad00000)
  from space 19456K, 0% used [0x00000000fed00000,0x00000000fed00000,0x0000000100000000)
  to   space 42496K, 0% used [0x00000000fad00000,0x00000000fad00000,0x00000000fd680000)
 ParOldGen       total 134144K, used 133672K [0x00000000f0000000, 0x00000000f8300000, 0x00000000f8300000)
  object space 134144K, 99% used [0x00000000f0000000,0x00000000f828a108,0x00000000f8300000)
 Metaspace       used 52495K, capacity 55514K, committed 55680K, reserved 1097728K
  class space    used 6399K, capacity 6939K, committed 7040K, reserved 1048576K
2023-01-17T04:26:38.150+0800: 97.100: [Full GC (Ergonomics) [PSYoungGen: 43008K->7427K(62464K)] [ParOldGen: 133672K->133672K(134144K)] 176680K->141099K(196608K), [Metaspace: 52495K->52495K(1097728K)], 0.1264706 secs] [Times: user=0.32 sys=0.00, real=0.12 secs] 
Heap after GC invocations=396 (full 378):
 PSYoungGen      total 62464K, used 7427K [0x00000000f8300000, 0x0000000100000000, 0x0000000100000000)
  eden space 43008K, 17% used [0x00000000f8300000,0x00000000f8a40e60,0x00000000fad00000)
  from space 19456K, 0% used [0x00000000fed00000,0x00000000fed00000,0x0000000100000000)
  to   space 42496K, 0% used [0x00000000fad00000,0x00000000fad00000,0x00000000fd680000)
 ParOldGen       total 134144K, used 133672K [0x00000000f0000000, 0x00000000f8300000, 0x00000000f8300000)
  object space 134144K, 99% used [0x00000000f0000000,0x00000000f828a108,0x00000000f8300000)
 Metaspace       used 52495K, capacity 55514K, committed 55680K, reserved 1097728K
  class space    used 6399K, capacity 6939K, committed 7040K, reserved 1048576K
}
{Heap before GC invocations=397 (full 379):
 PSYoungGen      total 62464K, used 43008K [0x00000000f8300000, 0x0000000100000000, 0x0000000100000000)
  eden space 43008K, 100% used [0x00000000f8300000,0x00000000fad00000,0x00000000fad00000)
  from space 19456K, 0% used [0x00000000fed00000,0x00000000fed00000,0x0000000100000000)
  to   space 42496K, 0% used [0x00000000fad00000,0x00000000fad00000,0x00000000fd680000)
 ParOldGen       total 134144K, used 133672K [0x00000000f0000000, 0x00000000f8300000, 0x00000000f8300000)
  object space 134144K, 99% used [0x00000000f0000000,0x00000000f828a108,0x00000000f8300000)
 Metaspace       used 52495K, capacity 55514K, committed 55680K, reserved 1097728K
  class space    used 6399K, capacity 6939K, committed 7040K, reserved 1048576K
2023-01-17T04:26:38.321+0800: 97.271: [Full GC (Ergonomics) [PSYoungGen: 43008K->7466K(62464K)] [ParOldGen: 133672K->133672K(134144K)] 176680K->141138K(196608K), [Metaspace: 52495K->52495K(1097728K)], 0.1282826 secs] [Times: user=0.35 sys=0.00, real=0.13 secs] 
Heap after GC invocations=397 (full 379):
 PSYoungGen      total 62464K, used 7466K [0x00000000f8300000, 0x0000000100000000, 0x0000000100000000)
  eden space 43008K, 17% used [0x00000000f8300000,0x00000000f8a4a9d8,0x00000000fad00000)
  from space 19456K, 0% used [0x00000000fed00000,0x00000000fed00000,0x0000000100000000)
  to   space 42496K, 0% used [0x00000000fad00000,0x00000000fad00000,0x00000000fd680000)
 ParOldGen       total 134144K, used 133672K [0x00000000f0000000, 0x00000000f8300000, 0x00000000f8300000)
  object space 134144K, 99% used [0x00000000f0000000,0x00000000f828a108,0x00000000f8300000)
 Metaspace       used 52495K, capacity 55514K, committed 55680K, reserved 1097728K
  class space    used 6399K, capacity 6939K, committed 7040K, reserved 1048576K
}
{Heap before GC invocations=398 (full 380):
 PSYoungGen      total 62464K, used 43008K [0x00000000f8300000, 0x0000000100000000, 0x0000000100000000)
  eden space 43008K, 100% used [0x00000000f8300000,0x00000000fad00000,0x00000000fad00000)
  from space 19456K, 0% used [0x00000000fed00000,0x00000000fed00000,0x0000000100000000)
  to   space 42496K, 0% used [0x00000000fad00000,0x00000000fad00000,0x00000000fd680000)
 ParOldGen       total 134144K, used 133672K [0x00000000f0000000, 0x00000000f8300000, 0x00000000f8300000)
  object space 134144K, 99% used [0x00000000f0000000,0x00000000f828a108,0x00000000f8300000)
 Metaspace       used 52495K, capacity 55514K, committed 55680K, reserved 1097728K
  class space    used 6399K, capacity 6939K, committed 7040K, reserved 1048576K
2023-01-17T04:26:38.495+0800: 97.445: [Full GC (Ergonomics) [PSYoungGen: 43008K->7444K(62464K)] [ParOldGen: 133672K->133672K(134144K)] 176680K->141116K(196608K), [Metaspace: 52495K->52495K(1097728K)], 0.1176232 secs] [Times: user=0.30 sys=0.00, real=0.12 secs] 
Heap after GC invocations=398 (full 380):
 PSYoungGen      total 62464K, used 7444K [0x00000000f8300000, 0x0000000100000000, 0x0000000100000000)
  eden space 43008K, 17% used [0x00000000f8300000,0x00000000f8a45110,0x00000000fad00000)
  from space 19456K, 0% used [0x00000000fed00000,0x00000000fed00000,0x0000000100000000)
  to   space 42496K, 0% used [0x00000000fad00000,0x00000000fad00000,0x00000000fd680000)
 ParOldGen       total 134144K, used 133672K [0x00000000f0000000, 0x00000000f8300000, 0x00000000f8300000)
  object space 134144K, 99% used [0x00000000f0000000,0x00000000f828a108,0x00000000f8300000)
 Metaspace       used 52495K, capacity 55514K, committed 55680K, reserved 1097728K
  class space    used 6399K, capacity 6939K, committed 7040K, reserved 1048576K
}
{Heap before GC invocations=399 (full 381):
 PSYoungGen      total 62464K, used 43008K [0x00000000f8300000, 0x0000000100000000, 0x0000000100000000)
  eden space 43008K, 100% used [0x00000000f8300000,0x00000000fad00000,0x00000000fad00000)
  from space 19456K, 0% used [0x00000000fed00000,0x00000000fed00000,0x0000000100000000)
  to   space 42496K, 0% used [0x00000000fad00000,0x00000000fad00000,0x00000000fd680000)
 ParOldGen       total 134144K, used 133672K [0x00000000f0000000, 0x00000000f8300000, 0x00000000f8300000)
  object space 134144K, 99% used [0x00000000f0000000,0x00000000f828a108,0x00000000f8300000)
 Metaspace       used 52495K, capacity 55514K, committed 55680K, reserved 1097728K
  class space    used 6399K, capacity 6939K, committed 7040K, reserved 1048576K
2023-01-17T04:26:38.658+0800: 97.608: [Full GC (Ergonomics) [PSYoungGen: 43008K->7446K(62464K)] [ParOldGen: 133672K->133672K(134144K)] 176680K->141118K(196608K), [Metaspace: 52495K->52495K(1097728K)], 0.1314601 secs] [Times: user=0.31 sys=0.00, real=0.14 secs] 
Heap after GC invocations=399 (full 381):
 PSYoungGen      total 62464K, used 7446K [0x00000000f8300000, 0x0000000100000000, 0x0000000100000000)
  eden space 43008K, 17% used [0x00000000f8300000,0x00000000f8a45830,0x00000000fad00000)
  from space 19456K, 0% used [0x00000000fed00000,0x00000000fed00000,0x0000000100000000)
  to   space 42496K, 0% used [0x00000000fad00000,0x00000000fad00000,0x00000000fd680000)
 ParOldGen       total 134144K, used 133672K [0x00000000f0000000, 0x00000000f8300000, 0x00000000f8300000)
  object space 134144K, 99% used [0x00000000f0000000,0x00000000f828a108,0x00000000f8300000)
 Metaspace       used 52495K, capacity 55514K, committed 55680K, reserved 1097728K
  class space    used 6399K, capacity 6939K, committed 7040K, reserved 1048576K
}
{Heap before GC invocations=400 (full 382):
 PSYoungGen      total 62464K, used 43008K [0x00000000f8300000, 0x0000000100000000, 0x0000000100000000)
  eden space 43008K, 100% used [0x00000000f8300000,0x00000000fad00000,0x00000000fad00000)
  from space 19456K, 0% used [0x00000000fed00000,0x00000000fed00000,0x0000000100000000)
  to   space 42496K, 0% used [0x00000000fad00000,0x00000000fad00000,0x00000000fd680000)
 ParOldGen       total 134144K, used 133672K [0x00000000f0000000, 0x00000000f8300000, 0x00000000f8300000)
  object space 134144K, 99% used [0x00000000f0000000,0x00000000f828a108,0x00000000f8300000)
 Metaspace       used 52496K, capacity 55514K, committed 55680K, reserved 1097728K
  class space    used 6399K, capacity 6939K, committed 7040K, reserved 1048576K
2023-01-17T04:26:38.846+0800: 97.796: [Full GC (Ergonomics) [PSYoungGen: 43008K->7438K(62464K)] [ParOldGen: 133672K->133672K(134144K)] 176680K->141110K(196608K), [Metaspace: 52496K->52496K(1097728K)], 0.1346958 secs] [Times: user=0.28 sys=0.00, real=0.14 secs] 
Heap after GC invocations=400 (full 382):
 PSYoungGen      total 62464K, used 7438K [0x00000000f8300000, 0x0000000100000000, 0x0000000100000000)
  eden space 43008K, 17% used [0x00000000f8300000,0x00000000f8a438c8,0x00000000fad00000)
  from space 19456K, 0% used [0x00000000fed00000,0x00000000fed00000,0x0000000100000000)
  to   space 42496K, 0% used [0x00000000fad00000,0x00000000fad00000,0x00000000fd680000)
 ParOldGen       total 134144K, used 133672K [0x00000000f0000000, 0x00000000f8300000, 0x00000000f8300000)
  object space 134144K, 99% used [0x00000000f0000000,0x00000000f828a108,0x00000000f8300000)
 Metaspace       used 52496K, capacity 55514K, committed 55680K, reserved 1097728K
  class space    used 6399K, capacity 6939K, committed 7040K, reserved 1048576K
}
{Heap before GC invocations=401 (full 383):
 PSYoungGen      total 62464K, used 43008K [0x00000000f8300000, 0x0000000100000000, 0x0000000100000000)
  eden space 43008K, 100% used [0x00000000f8300000,0x00000000fad00000,0x00000000fad00000)
  from space 19456K, 0% used [0x00000000fed00000,0x00000000fed00000,0x0000000100000000)
  to   space 42496K, 0% used [0x00000000fad00000,0x00000000fad00000,0x00000000fd680000)
 ParOldGen       total 134144K, used 133672K [0x00000000f0000000, 0x00000000f8300000, 0x00000000f8300000)
  object space 134144K, 99% used [0x00000000f0000000,0x00000000f828a108,0x00000000f8300000)
 Metaspace       used 52496K, capacity 55514K, committed 55680K, reserved 1097728K
  class space    used 6399K, capacity 6939K, committed 7040K, reserved 1048576K
2023-01-17T04:26:39.027+0800: 97.976: [Full GC (Ergonomics) [PSYoungGen: 43008K->7430K(62464K)] [ParOldGen: 133672K->133669K(134144K)] 176680K->141099K(196608K), [Metaspace: 52496K->52496K(1097728K)], 0.1626733 secs] [Times: user=0.46 sys=0.00, real=0.16 secs] 
Heap after GC invocations=401 (full 383):
 PSYoungGen      total 62464K, used 7430K [0x00000000f8300000, 0x0000000100000000, 0x0000000100000000)
  eden space 43008K, 17% used [0x00000000f8300000,0x00000000f8a41910,0x00000000fad00000)
  from space 19456K, 0% used [0x00000000fed00000,0x00000000fed00000,0x0000000100000000)
  to   space 42496K, 0% used [0x00000000fad00000,0x00000000fad00000,0x00000000fd680000)
 ParOldGen       total 134144K, used 133669K [0x00000000f0000000, 0x00000000f8300000, 0x00000000f8300000)
  object space 134144K, 99% used [0x00000000f0000000,0x00000000f82894d8,0x00000000f8300000)
 Metaspace       used 52496K, capacity 55514K, committed 55680K, reserved 1097728K
  class space    used 6399K, capacity 6939K, committed 7040K, reserved 1048576K
}
{Heap before GC invocations=402 (full 384):
 PSYoungGen      total 62464K, used 43008K [0x00000000f8300000, 0x0000000100000000, 0x0000000100000000)
  eden space 43008K, 100% used [0x00000000f8300000,0x00000000fad00000,0x00000000fad00000)
  from space 19456K, 0% used [0x00000000fed00000,0x00000000fed00000,0x0000000100000000)
  to   space 42496K, 0% used [0x00000000fad00000,0x00000000fad00000,0x00000000fd680000)
 ParOldGen       total 134144K, used 133669K [0x00000000f0000000, 0x00000000f8300000, 0x00000000f8300000)
  object space 134144K, 99% used [0x00000000f0000000,0x00000000f82894d8,0x00000000f8300000)
 Metaspace       used 52496K, capacity 55514K, committed 55680K, reserved 1097728K
  class space    used 6399K, capacity 6939K, committed 7040K, reserved 1048576K
2023-01-17T04:26:39.247+0800: 98.197: [Full GC (Ergonomics) [PSYoungGen: 43008K->7472K(62464K)] [ParOldGen: 133669K->133669K(134144K)] 176677K->141141K(196608K), [Metaspace: 52496K->52496K(1097728K)], 0.1469346 secs] [Times: user=0.33 sys=0.00, real=0.15 secs] 
Heap after GC invocations=402 (full 384):
 PSYoungGen      total 62464K, used 7472K [0x00000000f8300000, 0x0000000100000000, 0x0000000100000000)
  eden space 43008K, 17% used [0x00000000f8300000,0x00000000f8a4c2a0,0x00000000fad00000)
  from space 19456K, 0% used [0x00000000fed00000,0x00000000fed00000,0x0000000100000000)
  to   space 42496K, 0% used [0x00000000fad00000,0x00000000fad00000,0x00000000fd680000)
 ParOldGen       total 134144K, used 133669K [0x00000000f0000000, 0x00000000f8300000, 0x00000000f8300000)
  object space 134144K, 99% used [0x00000000f0000000,0x00000000f82894d8,0x00000000f8300000)
 Metaspace       used 52496K, capacity 55514K, committed 55680K, reserved 1097728K
  class space    used 6399K, capacity 6939K, committed 7040K, reserved 1048576K
}
{Heap before GC invocations=403 (full 385):
 PSYoungGen      total 62464K, used 43008K [0x00000000f8300000, 0x0000000100000000, 0x0000000100000000)
  eden space 43008K, 100% used [0x00000000f8300000,0x00000000fad00000,0x00000000fad00000)
  from space 19456K, 0% used [0x00000000fed00000,0x00000000fed00000,0x0000000100000000)
  to   space 42496K, 0% used [0x00000000fad00000,0x00000000fad00000,0x00000000fd680000)
 ParOldGen       total 134144K, used 133669K [0x00000000f0000000, 0x00000000f8300000, 0x00000000f8300000)
  object space 134144K, 99% used [0x00000000f0000000,0x00000000f82894d8,0x00000000f8300000)
 Metaspace       used 52496K, capacity 55514K, committed 55680K, reserved 1097728K
  class space    used 6399K, capacity 6939K, committed 7040K, reserved 1048576K
2023-01-17T04:26:39.443+0800: 98.392: [Full GC (Ergonomics) [PSYoungGen: 43008K->7444K(62464K)] [ParOldGen: 133669K->133669K(134144K)] 176677K->141113K(196608K), [Metaspace: 52496K->52496K(1097728K)], 0.1477811 secs] [Times: user=0.32 sys=0.00, real=0.15 secs] 
Heap after GC invocations=403 (full 385):
 PSYoungGen      total 62464K, used 7444K [0x00000000f8300000, 0x0000000100000000, 0x0000000100000000)
  eden space 43008K, 17% used [0x00000000f8300000,0x00000000f8a45180,0x00000000fad00000)
  from space 19456K, 0% used [0x00000000fed00000,0x00000000fed00000,0x0000000100000000)
  to   space 42496K, 0% used [0x00000000fad00000,0x00000000fad00000,0x00000000fd680000)
 ParOldGen       total 134144K, used 133669K [0x00000000f0000000, 0x00000000f8300000, 0x00000000f8300000)
  object space 134144K, 99% used [0x00000000f0000000,0x00000000f82894d8,0x00000000f8300000)
 Metaspace       used 52496K, capacity 55514K, committed 55680K, reserved 1097728K
  class space    used 6399K, capacity 6939K, committed 7040K, reserved 1048576K
}
{Heap before GC invocations=404 (full 386):
 PSYoungGen      total 62464K, used 43008K [0x00000000f8300000, 0x0000000100000000, 0x0000000100000000)
  eden space 43008K, 100% used [0x00000000f8300000,0x00000000fad00000,0x00000000fad00000)
  from space 19456K, 0% used [0x00000000fed00000,0x00000000fed00000,0x0000000100000000)
  to   space 42496K, 0% used [0x00000000fad00000,0x00000000fad00000,0x00000000fd680000)
 ParOldGen       total 134144K, used 133669K [0x00000000f0000000, 0x00000000f8300000, 0x00000000f8300000)
  object space 134144K, 99% used [0x00000000f0000000,0x00000000f82894d8,0x00000000f8300000)
 Metaspace       used 52496K, capacity 55514K, committed 55680K, reserved 1097728K
  class space    used 6399K, capacity 6939K, committed 7040K, reserved 1048576K
2023-01-17T04:26:39.650+0800: 98.600: [Full GC (Ergonomics) [PSYoungGen: 43008K->7436K(62464K)] [ParOldGen: 133669K->133669K(134144K)] 176677K->141105K(196608K), [Metaspace: 52496K->52496K(1097728K)], 0.1240867 secs] [Times: user=0.30 sys=0.00, real=0.12 secs] 
Heap after GC invocations=404 (full 386):
 PSYoungGen      total 62464K, used 7436K [0x00000000f8300000, 0x0000000100000000, 0x0000000100000000)
  eden space 43008K, 17% used [0x00000000f8300000,0x00000000f8a432d8,0x00000000fad00000)
  from space 19456K, 0% used [0x00000000fed00000,0x00000000fed00000,0x0000000100000000)
  to   space 42496K, 0% used [0x00000000fad00000,0x00000000fad00000,0x00000000fd680000)
 ParOldGen       total 134144K, used 133669K [0x00000000f0000000, 0x00000000f8300000, 0x00000000f8300000)
  object space 134144K, 99% used [0x00000000f0000000,0x00000000f82894d8,0x00000000f8300000)
 Metaspace       used 52496K, capacity 55514K, committed 55680K, reserved 1097728K
  class space    used 6399K, capacity 6939K, committed 7040K, reserved 1048576K
}
{Heap before GC invocations=405 (full 387):
 PSYoungGen      total 62464K, used 43008K [0x00000000f8300000, 0x0000000100000000, 0x0000000100000000)
  eden space 43008K, 100% used [0x00000000f8300000,0x00000000fad00000,0x00000000fad00000)
  from space 19456K, 0% used [0x00000000fed00000,0x00000000fed00000,0x0000000100000000)
  to   space 42496K, 0% used [0x00000000fad00000,0x00000000fad00000,0x00000000fd680000)
 ParOldGen       total 134144K, used 133669K [0x00000000f0000000, 0x00000000f8300000, 0x00000000f8300000)
  object space 134144K, 99% used [0x00000000f0000000,0x00000000f82894d8,0x00000000f8300000)
 Metaspace       used 52497K, capacity 55514K, committed 55680K, reserved 1097728K
  class space    used 6399K, capacity 6939K, committed 7040K, reserved 1048576K
2023-01-17T04:26:39.820+0800: 98.770: [Full GC (Ergonomics) [PSYoungGen: 43008K->7436K(62464K)] [ParOldGen: 133669K->133668K(134144K)] 176677K->141104K(196608K), [Metaspace: 52497K->52497K(1097728K)], 0.1272107 secs] [Times: user=0.34 sys=0.00, real=0.12 secs] 
Heap after GC invocations=405 (full 387):
 PSYoungGen      total 62464K, used 7436K [0x00000000f8300000, 0x0000000100000000, 0x0000000100000000)
  eden space 43008K, 17% used [0x00000000f8300000,0x00000000f8a43088,0x00000000fad00000)
  from space 19456K, 0% used [0x00000000fed00000,0x00000000fed00000,0x0000000100000000)
  to   space 42496K, 0% used [0x00000000fad00000,0x00000000fad00000,0x00000000fd680000)
 ParOldGen       total 134144K, used 133668K [0x00000000f0000000, 0x00000000f8300000, 0x00000000f8300000)
  object space 134144K, 99% used [0x00000000f0000000,0x00000000f82892b0,0x00000000f8300000)
 Metaspace       used 52497K, capacity 55514K, committed 55680K, reserved 1097728K
  class space    used 6399K, capacity 6939K, committed 7040K, reserved 1048576K
}
{Heap before GC invocations=406 (full 388):
 PSYoungGen      total 62464K, used 43008K [0x00000000f8300000, 0x0000000100000000, 0x0000000100000000)
  eden space 43008K, 100% used [0x00000000f8300000,0x00000000fad00000,0x00000000fad00000)
  from space 19456K, 0% used [0x00000000fed00000,0x00000000fed00000,0x0000000100000000)
  to   space 42496K, 0% used [0x00000000fad00000,0x00000000fad00000,0x00000000fd680000)
 ParOldGen       total 134144K, used 133668K [0x00000000f0000000, 0x00000000f8300000, 0x00000000f8300000)
  object space 134144K, 99% used [0x00000000f0000000,0x00000000f82892b0,0x00000000f8300000)
 Metaspace       used 52497K, capacity 55514K, committed 55680K, reserved 1097728K
  class space    used 6399K, capacity 6939K, committed 7040K, reserved 1048576K
2023-01-17T04:26:39.992+0800: 98.942: [Full GC (Ergonomics) [PSYoungGen: 43008K->7462K(62464K)] [ParOldGen: 133668K->133668K(134144K)] 176676K->141131K(196608K), [Metaspace: 52497K->52497K(1097728K)], 0.1127838 secs] [Times: user=0.29 sys=0.00, real=0.11 secs] 
Heap after GC invocations=406 (full 388):
 PSYoungGen      total 62464K, used 7462K [0x00000000f8300000, 0x0000000100000000, 0x0000000100000000)
  eden space 43008K, 17% used [0x00000000f8300000,0x00000000f8a49a28,0x00000000fad00000)
  from space 19456K, 0% used [0x00000000fed00000,0x00000000fed00000,0x0000000100000000)
  to   space 42496K, 0% used [0x00000000fad00000,0x00000000fad00000,0x00000000fd680000)
 ParOldGen       total 134144K, used 133668K [0x00000000f0000000, 0x00000000f8300000, 0x00000000f8300000)
  object space 134144K, 99% used [0x00000000f0000000,0x00000000f82892b0,0x00000000f8300000)
 Metaspace       used 52497K, capacity 55514K, committed 55680K, reserved 1097728K
  class space    used 6399K, capacity 6939K, committed 7040K, reserved 1048576K
}
{Heap before GC invocations=407 (full 389):
 PSYoungGen      total 62464K, used 43008K [0x00000000f8300000, 0x0000000100000000, 0x0000000100000000)
  eden space 43008K, 100% used [0x00000000f8300000,0x00000000fad00000,0x00000000fad00000)
  from space 19456K, 0% used [0x00000000fed00000,0x00000000fed00000,0x0000000100000000)
  to   space 42496K, 0% used [0x00000000fad00000,0x00000000fad00000,0x00000000fd680000)
 ParOldGen       total 134144K, used 133668K [0x00000000f0000000, 0x00000000f8300000, 0x00000000f8300000)
  object space 134144K, 99% used [0x00000000f0000000,0x00000000f82892b0,0x00000000f8300000)
 Metaspace       used 52497K, capacity 55514K, committed 55680K, reserved 1097728K
  class space    used 6399K, capacity 6939K, committed 7040K, reserved 1048576K
2023-01-17T04:26:40.151+0800: 99.101: [Full GC (Ergonomics) [PSYoungGen: 43008K->7443K(62464K)] [ParOldGen: 133668K->133668K(134144K)] 176676K->141111K(196608K), [Metaspace: 52497K->52497K(1097728K)], 0.1541356 secs] [Times: user=0.37 sys=0.00, real=0.15 secs] 
Heap after GC invocations=407 (full 389):
 PSYoungGen      total 62464K, used 7443K [0x00000000f8300000, 0x0000000100000000, 0x0000000100000000)
  eden space 43008K, 17% used [0x00000000f8300000,0x00000000f8a44d18,0x00000000fad00000)
  from space 19456K, 0% used [0x00000000fed00000,0x00000000fed00000,0x0000000100000000)
  to   space 42496K, 0% used [0x00000000fad00000,0x00000000fad00000,0x00000000fd680000)
 ParOldGen       total 134144K, used 133668K [0x00000000f0000000, 0x00000000f8300000, 0x00000000f8300000)
  object space 134144K, 99% used [0x00000000f0000000,0x00000000f82892b0,0x00000000f8300000)
 Metaspace       used 52497K, capacity 55514K, committed 55680K, reserved 1097728K
  class space    used 6399K, capacity 6939K, committed 7040K, reserved 1048576K
}
{Heap before GC invocations=408 (full 390):
 PSYoungGen      total 62464K, used 43008K [0x00000000f8300000, 0x0000000100000000, 0x0000000100000000)
  eden space 43008K, 100% used [0x00000000f8300000,0x00000000fad00000,0x00000000fad00000)
  from space 19456K, 0% used [0x00000000fed00000,0x00000000fed00000,0x0000000100000000)
  to   space 42496K, 0% used [0x00000000fad00000,0x00000000fad00000,0x00000000fd680000)
 ParOldGen       total 134144K, used 133668K [0x00000000f0000000, 0x00000000f8300000, 0x00000000f8300000)
  object space 134144K, 99% used [0x00000000f0000000,0x00000000f82892b0,0x00000000f8300000)
 Metaspace       used 52497K, capacity 55514K, committed 55680K, reserved 1097728K
  class space    used 6399K, capacity 6939K, committed 7040K, reserved 1048576K
2023-01-17T04:26:40.367+0800: 99.316: [Full GC (Ergonomics) [PSYoungGen: 43008K->7469K(62464K)] [ParOldGen: 133668K->133668K(134144K)] 176676K->141138K(196608K), [Metaspace: 52497K->52497K(1097728K)], 0.1802817 secs] [Times: user=0.35 sys=0.00, real=0.18 secs] 
Heap after GC invocations=408 (full 390):
 PSYoungGen      total 62464K, used 7469K [0x00000000f8300000, 0x0000000100000000, 0x0000000100000000)
  eden space 43008K, 17% used [0x00000000f8300000,0x00000000f8a4b738,0x00000000fad00000)
  from space 19456K, 0% used [0x00000000fed00000,0x00000000fed00000,0x0000000100000000)
  to   space 42496K, 0% used [0x00000000fad00000,0x00000000fad00000,0x00000000fd680000)
 ParOldGen       total 134144K, used 133668K [0x00000000f0000000, 0x00000000f8300000, 0x00000000f8300000)
  object space 134144K, 99% used [0x00000000f0000000,0x00000000f82892b0,0x00000000f8300000)
 Metaspace       used 52497K, capacity 55514K, committed 55680K, reserved 1097728K
  class space    used 6399K, capacity 6939K, committed 7040K, reserved 1048576K
}
{Heap before GC invocations=409 (full 391):
 PSYoungGen      total 62464K, used 43008K [0x00000000f8300000, 0x0000000100000000, 0x0000000100000000)
  eden space 43008K, 100% used [0x00000000f8300000,0x00000000fad00000,0x00000000fad00000)
  from space 19456K, 0% used [0x00000000fed00000,0x00000000fed00000,0x0000000100000000)
  to   space 42496K, 0% used [0x00000000fad00000,0x00000000fad00000,0x00000000fd680000)
 ParOldGen       total 134144K, used 133668K [0x00000000f0000000, 0x00000000f8300000, 0x00000000f8300000)
  object space 134144K, 99% used [0x00000000f0000000,0x00000000f82892b0,0x00000000f8300000)
 Metaspace       used 52497K, capacity 55514K, committed 55680K, reserved 1097728K
  class space    used 6399K, capacity 6939K, committed 7040K, reserved 1048576K
2023-01-17T04:26:40.612+0800: 99.562: [Full GC (Ergonomics) [PSYoungGen: 43008K->7445K(62464K)] [ParOldGen: 133668K->133668K(134144K)] 176676K->141114K(196608K), [Metaspace: 52497K->52497K(1097728K)], 0.1320757 secs] [Times: user=0.32 sys=0.01, real=0.13 secs] 
Heap after GC invocations=409 (full 391):
 PSYoungGen      total 62464K, used 7445K [0x00000000f8300000, 0x0000000100000000, 0x0000000100000000)
  eden space 43008K, 17% used [0x00000000f8300000,0x00000000f8a45608,0x00000000fad00000)
  from space 19456K, 0% used [0x00000000fed00000,0x00000000fed00000,0x0000000100000000)
  to   space 42496K, 0% used [0x00000000fad00000,0x00000000fad00000,0x00000000fd680000)
 ParOldGen       total 134144K, used 133668K [0x00000000f0000000, 0x00000000f8300000, 0x00000000f8300000)
  object space 134144K, 99% used [0x00000000f0000000,0x00000000f82892b0,0x00000000f8300000)
 Metaspace       used 52497K, capacity 55514K, committed 55680K, reserved 1097728K
  class space    used 6399K, capacity 6939K, committed 7040K, reserved 1048576K
}
{Heap before GC invocations=410 (full 392):
 PSYoungGen      total 62464K, used 43008K [0x00000000f8300000, 0x0000000100000000, 0x0000000100000000)
  eden space 43008K, 100% used [0x00000000f8300000,0x00000000fad00000,0x00000000fad00000)
  from space 19456K, 0% used [0x00000000fed00000,0x00000000fed00000,0x0000000100000000)
  to   space 42496K, 0% used [0x00000000fad00000,0x00000000fad00000,0x00000000fd680000)
 ParOldGen       total 134144K, used 133668K [0x00000000f0000000, 0x00000000f8300000, 0x00000000f8300000)
  object space 134144K, 99% used [0x00000000f0000000,0x00000000f82892b0,0x00000000f8300000)
 Metaspace       used 52497K, capacity 55514K, committed 55680K, reserved 1097728K
  class space    used 6399K, capacity 6939K, committed 7040K, reserved 1048576K
2023-01-17T04:26:40.790+0800: 99.740: [Full GC (Ergonomics) [PSYoungGen: 43008K->7460K(62464K)] [ParOldGen: 133668K->133668K(134144K)] 176676K->141129K(196608K), [Metaspace: 52497K->52497K(1097728K)], 0.1146298 secs] [Times: user=0.29 sys=0.00, real=0.11 secs] 
Heap after GC invocations=410 (full 392):
 PSYoungGen      total 62464K, used 7460K [0x00000000f8300000, 0x0000000100000000, 0x0000000100000000)
  eden space 43008K, 17% used [0x00000000f8300000,0x00000000f8a492e0,0x00000000fad00000)
  from space 19456K, 0% used [0x00000000fed00000,0x00000000fed00000,0x0000000100000000)
  to   space 42496K, 0% used [0x00000000fad00000,0x00000000fad00000,0x00000000fd680000)
 ParOldGen       total 134144K, used 133668K [0x00000000f0000000, 0x00000000f8300000, 0x00000000f8300000)
  object space 134144K, 99% used [0x00000000f0000000,0x00000000f82892b0,0x00000000f8300000)
 Metaspace       used 52497K, capacity 55514K, committed 55680K, reserved 1097728K
  class space    used 6399K, capacity 6939K, committed 7040K, reserved 1048576K
}
{Heap before GC invocations=411 (full 393):
 PSYoungGen      total 62464K, used 43008K [0x00000000f8300000, 0x0000000100000000, 0x0000000100000000)
  eden space 43008K, 100% used [0x00000000f8300000,0x00000000fad00000,0x00000000fad00000)
  from space 19456K, 0% used [0x00000000fed00000,0x00000000fed00000,0x0000000100000000)
  to   space 42496K, 0% used [0x00000000fad00000,0x00000000fad00000,0x00000000fd680000)
 ParOldGen       total 134144K, used 133668K [0x00000000f0000000, 0x00000000f8300000, 0x00000000f8300000)
  object space 134144K, 99% used [0x00000000f0000000,0x00000000f82892b0,0x00000000f8300000)
 Metaspace       used 52497K, capacity 55514K, committed 55680K, reserved 1097728K
  class space    used 6399K, capacity 6939K, committed 7040K, reserved 1048576K
2023-01-17T04:26:40.952+0800: 99.902: [Full GC (Ergonomics) [PSYoungGen: 43008K->7440K(62464K)] [ParOldGen: 133668K->133668K(134144K)] 176676K->141109K(196608K), [Metaspace: 52497K->52497K(1097728K)], 0.1308039 secs] [Times: user=0.28 sys=0.00, real=0.13 secs] 
Heap after GC invocations=411 (full 393):
 PSYoungGen      total 62464K, used 7440K [0x00000000f8300000, 0x0000000100000000, 0x0000000100000000)
  eden space 43008K, 17% used [0x00000000f8300000,0x00000000f8a443b8,0x00000000fad00000)
  from space 19456K, 0% used [0x00000000fed00000,0x00000000fed00000,0x0000000100000000)
  to   space 42496K, 0% used [0x00000000fad00000,0x00000000fad00000,0x00000000fd680000)
 ParOldGen       total 134144K, used 133668K [0x00000000f0000000, 0x00000000f8300000, 0x00000000f8300000)
  object space 134144K, 99% used [0x00000000f0000000,0x00000000f8289250,0x00000000f8300000)
 Metaspace       used 52497K, capacity 55514K, committed 55680K, reserved 1097728K
  class space    used 6399K, capacity 6939K, committed 7040K, reserved 1048576K
}
{Heap before GC invocations=412 (full 394):
 PSYoungGen      total 62464K, used 43008K [0x00000000f8300000, 0x0000000100000000, 0x0000000100000000)
  eden space 43008K, 100% used [0x00000000f8300000,0x00000000fad00000,0x00000000fad00000)
  from space 19456K, 0% used [0x00000000fed00000,0x00000000fed00000,0x0000000100000000)
  to   space 42496K, 0% used [0x00000000fad00000,0x00000000fad00000,0x00000000fd680000)
 ParOldGen       total 134144K, used 133668K [0x00000000f0000000, 0x00000000f8300000, 0x00000000f8300000)
  object space 134144K, 99% used [0x00000000f0000000,0x00000000f8289250,0x00000000f8300000)
 Metaspace       used 52497K, capacity 55514K, committed 55680K, reserved 1097728K
  class space    used 6399K, capacity 6939K, committed 7040K, reserved 1048576K
2023-01-17T04:26:41.139+0800: 100.089: [Full GC (Ergonomics) [PSYoungGen: 43008K->7455K(62464K)] [ParOldGen: 133668K->133668K(134144K)] 176676K->141123K(196608K), [Metaspace: 52497K->52497K(1097728K)], 0.1297503 secs] [Times: user=0.31 sys=0.00, real=0.13 secs] 
Heap after GC invocations=412 (full 394):
 PSYoungGen      total 62464K, used 7455K [0x00000000f8300000, 0x0000000100000000, 0x0000000100000000)
  eden space 43008K, 17% used [0x00000000f8300000,0x00000000f8a47cf0,0x00000000fad00000)
  from space 19456K, 0% used [0x00000000fed00000,0x00000000fed00000,0x0000000100000000)
  to   space 42496K, 0% used [0x00000000fad00000,0x00000000fad00000,0x00000000fd680000)
 ParOldGen       total 134144K, used 133668K [0x00000000f0000000, 0x00000000f8300000, 0x00000000f8300000)
  object space 134144K, 99% used [0x00000000f0000000,0x00000000f8289250,0x00000000f8300000)
 Metaspace       used 52497K, capacity 55514K, committed 55680K, reserved 1097728K
  class space    used 6399K, capacity 6939K, committed 7040K, reserved 1048576K
}
{Heap before GC invocations=413 (full 395):
 PSYoungGen      total 62464K, used 43008K [0x00000000f8300000, 0x0000000100000000, 0x0000000100000000)
  eden space 43008K, 100% used [0x00000000f8300000,0x00000000fad00000,0x00000000fad00000)
  from space 19456K, 0% used [0x00000000fed00000,0x00000000fed00000,0x0000000100000000)
  to   space 42496K, 0% used [0x00000000fad00000,0x00000000fad00000,0x00000000fd680000)
 ParOldGen       total 134144K, used 133668K [0x00000000f0000000, 0x00000000f8300000, 0x00000000f8300000)
  object space 134144K, 99% used [0x00000000f0000000,0x00000000f8289250,0x00000000f8300000)
 Metaspace       used 52497K, capacity 55514K, committed 55680K, reserved 1097728K
  class space    used 6399K, capacity 6939K, committed 7040K, reserved 1048576K
2023-01-17T04:26:41.314+0800: 100.264: [Full GC (Ergonomics) [PSYoungGen: 43008K->7459K(62464K)] [ParOldGen: 133668K->133668K(134144K)] 176676K->141128K(196608K), [Metaspace: 52497K->52497K(1097728K)], 0.1172093 secs] [Times: user=0.31 sys=0.00, real=0.12 secs] 
Heap after GC invocations=413 (full 395):
 PSYoungGen      total 62464K, used 7459K [0x00000000f8300000, 0x0000000100000000, 0x0000000100000000)
  eden space 43008K, 17% used [0x00000000f8300000,0x00000000f8a48ec8,0x00000000fad00000)
  from space 19456K, 0% used [0x00000000fed00000,0x00000000fed00000,0x0000000100000000)
  to   space 42496K, 0% used [0x00000000fad00000,0x00000000fad00000,0x00000000fd680000)
 ParOldGen       total 134144K, used 133668K [0x00000000f0000000, 0x00000000f8300000, 0x00000000f8300000)
  object space 134144K, 99% used [0x00000000f0000000,0x00000000f8289250,0x00000000f8300000)
 Metaspace       used 52497K, capacity 55514K, committed 55680K, reserved 1097728K
  class space    used 6399K, capacity 6939K, committed 7040K, reserved 1048576K
}
{Heap before GC invocations=414 (full 396):
 PSYoungGen      total 62464K, used 43008K [0x00000000f8300000, 0x0000000100000000, 0x0000000100000000)
  eden space 43008K, 100% used [0x00000000f8300000,0x00000000fad00000,0x00000000fad00000)
  from space 19456K, 0% used [0x00000000fed00000,0x00000000fed00000,0x0000000100000000)
  to   space 42496K, 0% used [0x00000000fad00000,0x00000000fad00000,0x00000000fd680000)
 ParOldGen       total 134144K, used 133668K [0x00000000f0000000, 0x00000000f8300000, 0x00000000f8300000)
  object space 134144K, 99% used [0x00000000f0000000,0x00000000f8289250,0x00000000f8300000)
 Metaspace       used 52497K, capacity 55514K, committed 55680K, reserved 1097728K
  class space    used 6399K, capacity 6939K, committed 7040K, reserved 1048576K
2023-01-17T04:26:41.477+0800: 100.426: [Full GC (Ergonomics) [PSYoungGen: 43008K->7445K(62464K)] [ParOldGen: 133668K->133668K(134144K)] 176676K->141113K(196608K), [Metaspace: 52497K->52497K(1097728K)], 0.1144629 secs] [Times: user=0.30 sys=0.00, real=0.12 secs] 
Heap after GC invocations=414 (full 396):
 PSYoungGen      total 62464K, used 7445K [0x00000000f8300000, 0x0000000100000000, 0x0000000100000000)
  eden space 43008K, 17% used [0x00000000f8300000,0x00000000f8a454f0,0x00000000fad00000)
  from space 19456K, 0% used [0x00000000fed00000,0x00000000fed00000,0x0000000100000000)
  to   space 42496K, 0% used [0x00000000fad00000,0x00000000fad00000,0x00000000fd680000)
 ParOldGen       total 134144K, used 133668K [0x00000000f0000000, 0x00000000f8300000, 0x00000000f8300000)
  object space 134144K, 99% used [0x00000000f0000000,0x00000000f8289250,0x00000000f8300000)
 Metaspace       used 52497K, capacity 55514K, committed 55680K, reserved 1097728K
  class space    used 6399K, capacity 6939K, committed 7040K, reserved 1048576K
}
{Heap before GC invocations=415 (full 397):
 PSYoungGen      total 62464K, used 43008K [0x00000000f8300000, 0x0000000100000000, 0x0000000100000000)
  eden space 43008K, 100% used [0x00000000f8300000,0x00000000fad00000,0x00000000fad00000)
  from space 19456K, 0% used [0x00000000fed00000,0x00000000fed00000,0x0000000100000000)
  to   space 42496K, 0% used [0x00000000fad00000,0x00000000fad00000,0x00000000fd680000)
 ParOldGen       total 134144K, used 133668K [0x00000000f0000000, 0x00000000f8300000, 0x00000000f8300000)
  object space 134144K, 99% used [0x00000000f0000000,0x00000000f8289250,0x00000000f8300000)
 Metaspace       used 52497K, capacity 55514K, committed 55680K, reserved 1097728K
  class space    used 6399K, capacity 6939K, committed 7040K, reserved 1048576K
2023-01-17T04:26:41.636+0800: 100.586: [Full GC (Ergonomics) [PSYoungGen: 43008K->7454K(62464K)] [ParOldGen: 133668K->133668K(134144K)] 176676K->141122K(196608K), [Metaspace: 52497K->52497K(1097728K)], 0.1624673 secs] [Times: user=0.31 sys=0.00, real=0.16 secs] 
Heap after GC invocations=415 (full 397):
 PSYoungGen      total 62464K, used 7454K [0x00000000f8300000, 0x0000000100000000, 0x0000000100000000)
  eden space 43008K, 17% used [0x00000000f8300000,0x00000000f8a479a0,0x00000000fad00000)
  from space 19456K, 0% used [0x00000000fed00000,0x00000000fed00000,0x0000000100000000)
  to   space 42496K, 0% used [0x00000000fad00000,0x00000000fad00000,0x00000000fd680000)
 ParOldGen       total 134144K, used 133668K [0x00000000f0000000, 0x00000000f8300000, 0x00000000f8300000)
  object space 134144K, 99% used [0x00000000f0000000,0x00000000f8289250,0x00000000f8300000)
 Metaspace       used 52497K, capacity 55514K, committed 55680K, reserved 1097728K
  class space    used 6399K, capacity 6939K, committed 7040K, reserved 1048576K
}
{Heap before GC invocations=416 (full 398):
 PSYoungGen      total 62464K, used 43008K [0x00000000f8300000, 0x0000000100000000, 0x0000000100000000)
  eden space 43008K, 100% used [0x00000000f8300000,0x00000000fad00000,0x00000000fad00000)
  from space 19456K, 0% used [0x00000000fed00000,0x00000000fed00000,0x0000000100000000)
  to   space 42496K, 0% used [0x00000000fad00000,0x00000000fad00000,0x00000000fd680000)
 ParOldGen       total 134144K, used 133668K [0x00000000f0000000, 0x00000000f8300000, 0x00000000f8300000)
  object space 134144K, 99% used [0x00000000f0000000,0x00000000f8289250,0x00000000f8300000)
 Metaspace       used 52497K, capacity 55514K, committed 55680K, reserved 1097728K
  class space    used 6399K, capacity 6939K, committed 7040K, reserved 1048576K
2023-01-17T04:26:41.872+0800: 100.822: [Full GC (Ergonomics) [PSYoungGen: 43008K->7439K(62464K)] [ParOldGen: 133668K->133668K(134144K)] 176676K->141107K(196608K), [Metaspace: 52497K->52497K(1097728K)], 0.1279114 secs] [Times: user=0.28 sys=0.00, real=0.13 secs] 
Heap after GC invocations=416 (full 398):
 PSYoungGen      total 62464K, used 7439K [0x00000000f8300000, 0x0000000100000000, 0x0000000100000000)
  eden space 43008K, 17% used [0x00000000f8300000,0x00000000f8a43d38,0x00000000fad00000)
  from space 19456K, 0% used [0x00000000fed00000,0x00000000fed00000,0x0000000100000000)
  to   space 42496K, 0% used [0x00000000fad00000,0x00000000fad00000,0x00000000fd680000)
 ParOldGen       total 134144K, used 133668K [0x00000000f0000000, 0x00000000f8300000, 0x00000000f8300000)
  object space 134144K, 99% used [0x00000000f0000000,0x00000000f8289250,0x00000000f8300000)
 Metaspace       used 52497K, capacity 55514K, committed 55680K, reserved 1097728K
  class space    used 6399K, capacity 6939K, committed 7040K, reserved 1048576K
}
{Heap before GC invocations=417 (full 399):
 PSYoungGen      total 62464K, used 43008K [0x00000000f8300000, 0x0000000100000000, 0x0000000100000000)
  eden space 43008K, 100% used [0x00000000f8300000,0x00000000fad00000,0x00000000fad00000)
  from space 19456K, 0% used [0x00000000fed00000,0x00000000fed00000,0x0000000100000000)
  to   space 42496K, 0% used [0x00000000fad00000,0x00000000fad00000,0x00000000fd680000)
 ParOldGen       total 134144K, used 133668K [0x00000000f0000000, 0x00000000f8300000, 0x00000000f8300000)
  object space 134144K, 99% used [0x00000000f0000000,0x00000000f8289250,0x00000000f8300000)
 Metaspace       used 52497K, capacity 55514K, committed 55680K, reserved 1097728K
  class space    used 6399K, capacity 6939K, committed 7040K, reserved 1048576K
2023-01-17T04:26:42.045+0800: 100.995: [Full GC (Ergonomics) [PSYoungGen: 43008K->7447K(62464K)] [ParOldGen: 133668K->133668K(134144K)] 176676K->141116K(196608K), [Metaspace: 52497K->52497K(1097728K)], 0.1150177 secs] [Times: user=0.29 sys=0.00, real=0.12 secs] 
Heap after GC invocations=417 (full 399):
 PSYoungGen      total 62464K, used 7447K [0x00000000f8300000, 0x0000000100000000, 0x0000000100000000)
  eden space 43008K, 17% used [0x00000000f8300000,0x00000000f8a45de8,0x00000000fad00000)
  from space 19456K, 0% used [0x00000000fed00000,0x00000000fed00000,0x0000000100000000)
  to   space 42496K, 0% used [0x00000000fad00000,0x00000000fad00000,0x00000000fd680000)
 ParOldGen       total 134144K, used 133668K [0x00000000f0000000, 0x00000000f8300000, 0x00000000f8300000)
  object space 134144K, 99% used [0x00000000f0000000,0x00000000f8289250,0x00000000f8300000)
 Metaspace       used 52497K, capacity 55514K, committed 55680K, reserved 1097728K
  class space    used 6399K, capacity 6939K, committed 7040K, reserved 1048576K
}
{Heap before GC invocations=418 (full 400):
 PSYoungGen      total 62464K, used 43008K [0x00000000f8300000, 0x0000000100000000, 0x0000000100000000)
  eden space 43008K, 100% used [0x00000000f8300000,0x00000000fad00000,0x00000000fad00000)
  from space 19456K, 0% used [0x00000000fed00000,0x00000000fed00000,0x0000000100000000)
  to   space 42496K, 0% used [0x00000000fad00000,0x00000000fad00000,0x00000000fd680000)
 ParOldGen       total 134144K, used 133668K [0x00000000f0000000, 0x00000000f8300000, 0x00000000f8300000)
  object space 134144K, 99% used [0x00000000f0000000,0x00000000f8289250,0x00000000f8300000)
 Metaspace       used 52497K, capacity 55514K, committed 55680K, reserved 1097728K
  class space    used 6399K, capacity 6939K, committed 7040K, reserved 1048576K
2023-01-17T04:26:42.206+0800: 101.155: [Full GC (Ergonomics) [PSYoungGen: 43008K->7449K(62464K)] [ParOldGen: 133668K->133668K(134144K)] 176676K->141118K(196608K), [Metaspace: 52497K->52497K(1097728K)], 0.1166938 secs] [Times: user=0.30 sys=0.00, real=0.12 secs] 
Heap after GC invocations=418 (full 400):
 PSYoungGen      total 62464K, used 7449K [0x00000000f8300000, 0x0000000100000000, 0x0000000100000000)
  eden space 43008K, 17% used [0x00000000f8300000,0x00000000f8a467f0,0x00000000fad00000)
  from space 19456K, 0% used [0x00000000fed00000,0x00000000fed00000,0x0000000100000000)
  to   space 42496K, 0% used [0x00000000fad00000,0x00000000fad00000,0x00000000fd680000)
 ParOldGen       total 134144K, used 133668K [0x00000000f0000000, 0x00000000f8300000, 0x00000000f8300000)
  object space 134144K, 99% used [0x00000000f0000000,0x00000000f8289250,0x00000000f8300000)
 Metaspace       used 52497K, capacity 55514K, committed 55680K, reserved 1097728K
  class space    used 6399K, capacity 6939K, committed 7040K, reserved 1048576K
}
{Heap before GC invocations=419 (full 401):
 PSYoungGen      total 62464K, used 43008K [0x00000000f8300000, 0x0000000100000000, 0x0000000100000000)
  eden space 43008K, 100% used [0x00000000f8300000,0x00000000fad00000,0x00000000fad00000)
  from space 19456K, 0% used [0x00000000fed00000,0x00000000fed00000,0x0000000100000000)
  to   space 42496K, 0% used [0x00000000fad00000,0x00000000fad00000,0x00000000fd680000)
 ParOldGen       total 134144K, used 133668K [0x00000000f0000000, 0x00000000f8300000, 0x00000000f8300000)
  object space 134144K, 99% used [0x00000000f0000000,0x00000000f8289250,0x00000000f8300000)
 Metaspace       used 52497K, capacity 55514K, committed 55680K, reserved 1097728K
  class space    used 6399K, capacity 6939K, committed 7040K, reserved 1048576K
2023-01-17T04:26:42.368+0800: 101.318: [Full GC (Ergonomics) [PSYoungGen: 43008K->7441K(62464K)] [ParOldGen: 133668K->133668K(134144K)] 176676K->141109K(196608K), [Metaspace: 52497K->52497K(1097728K)], 0.1281166 secs] [Times: user=0.33 sys=0.00, real=0.13 secs] 
Heap after GC invocations=419 (full 401):
 PSYoungGen      total 62464K, used 7441K [0x00000000f8300000, 0x0000000100000000, 0x0000000100000000)
  eden space 43008K, 17% used [0x00000000f8300000,0x00000000f8a44468,0x00000000fad00000)
  from space 19456K, 0% used [0x00000000fed00000,0x00000000fed00000,0x0000000100000000)
  to   space 42496K, 0% used [0x00000000fad00000,0x00000000fad00000,0x00000000fd680000)
 ParOldGen       total 134144K, used 133668K [0x00000000f0000000, 0x00000000f8300000, 0x00000000f8300000)
  object space 134144K, 99% used [0x00000000f0000000,0x00000000f8289250,0x00000000f8300000)
 Metaspace       used 52497K, capacity 55514K, committed 55680K, reserved 1097728K
  class space    used 6399K, capacity 6939K, committed 7040K, reserved 1048576K
}
{Heap before GC invocations=420 (full 402):
 PSYoungGen      total 62464K, used 43008K [0x00000000f8300000, 0x0000000100000000, 0x0000000100000000)
  eden space 43008K, 100% used [0x00000000f8300000,0x00000000fad00000,0x00000000fad00000)
  from space 19456K, 0% used [0x00000000fed00000,0x00000000fed00000,0x0000000100000000)
  to   space 42496K, 0% used [0x00000000fad00000,0x00000000fad00000,0x00000000fd680000)
 ParOldGen       total 134144K, used 133668K [0x00000000f0000000, 0x00000000f8300000, 0x00000000f8300000)
  object space 134144K, 99% used [0x00000000f0000000,0x00000000f8289250,0x00000000f8300000)
 Metaspace       used 52497K, capacity 55514K, committed 55680K, reserved 1097728K
  class space    used 6399K, capacity 6939K, committed 7040K, reserved 1048576K
2023-01-17T04:26:42.550+0800: 101.500: [Full GC (Ergonomics) [PSYoungGen: 43008K->7440K(62464K)] [ParOldGen: 133668K->133668K(134144K)] 176676K->141108K(196608K), [Metaspace: 52497K->52497K(1097728K)], 0.1464776 secs] [Times: user=0.32 sys=0.00, real=0.14 secs] 
Heap after GC invocations=420 (full 402):
 PSYoungGen      total 62464K, used 7440K [0x00000000f8300000, 0x0000000100000000, 0x0000000100000000)
  eden space 43008K, 17% used [0x00000000f8300000,0x00000000f8a44018,0x00000000fad00000)
  from space 19456K, 0% used [0x00000000fed00000,0x00000000fed00000,0x0000000100000000)
  to   space 42496K, 0% used [0x00000000fad00000,0x00000000fad00000,0x00000000fd680000)
 ParOldGen       total 134144K, used 133668K [0x00000000f0000000, 0x00000000f8300000, 0x00000000f8300000)
  object space 134144K, 99% used [0x00000000f0000000,0x00000000f8289250,0x00000000f8300000)
 Metaspace       used 52497K, capacity 55514K, committed 55680K, reserved 1097728K
  class space    used 6399K, capacity 6939K, committed 7040K, reserved 1048576K
}
{Heap before GC invocations=421 (full 403):
 PSYoungGen      total 62464K, used 43008K [0x00000000f8300000, 0x0000000100000000, 0x0000000100000000)
  eden space 43008K, 100% used [0x00000000f8300000,0x00000000fad00000,0x00000000fad00000)
  from space 19456K, 0% used [0x00000000fed00000,0x00000000fed00000,0x0000000100000000)
  to   space 42496K, 0% used [0x00000000fad00000,0x00000000fad00000,0x00000000fd680000)
 ParOldGen       total 134144K, used 133668K [0x00000000f0000000, 0x00000000f8300000, 0x00000000f8300000)
  object space 134144K, 99% used [0x00000000f0000000,0x00000000f8289250,0x00000000f8300000)
 Metaspace       used 52497K, capacity 55514K, committed 55680K, reserved 1097728K
  class space    used 6399K, capacity 6939K, committed 7040K, reserved 1048576K
2023-01-17T04:26:42.754+0800: 101.703: [Full GC (Ergonomics) [PSYoungGen: 43008K->7462K(62464K)] [ParOldGen: 133668K->133668K(134144K)] 176676K->141130K(196608K), [Metaspace: 52497K->52497K(1097728K)], 0.1271778 secs] [Times: user=0.35 sys=0.01, real=0.13 secs] 
Heap after GC invocations=421 (full 403):
 PSYoungGen      total 62464K, used 7462K [0x00000000f8300000, 0x0000000100000000, 0x0000000100000000)
  eden space 43008K, 17% used [0x00000000f8300000,0x00000000f8a49998,0x00000000fad00000)
  from space 19456K, 0% used [0x00000000fed00000,0x00000000fed00000,0x0000000100000000)
  to   space 42496K, 0% used [0x00000000fad00000,0x00000000fad00000,0x00000000fd680000)
 ParOldGen       total 134144K, used 133668K [0x00000000f0000000, 0x00000000f8300000, 0x00000000f8300000)
  object space 134144K, 99% used [0x00000000f0000000,0x00000000f8289250,0x00000000f8300000)
 Metaspace       used 52497K, capacity 55514K, committed 55680K, reserved 1097728K
  class space    used 6399K, capacity 6939K, committed 7040K, reserved 1048576K
}
{Heap before GC invocations=422 (full 404):
 PSYoungGen      total 62464K, used 43008K [0x00000000f8300000, 0x0000000100000000, 0x0000000100000000)
  eden space 43008K, 100% used [0x00000000f8300000,0x00000000fad00000,0x00000000fad00000)
  from space 19456K, 0% used [0x00000000fed00000,0x00000000fed00000,0x0000000100000000)
  to   space 42496K, 0% used [0x00000000fad00000,0x00000000fad00000,0x00000000fd680000)
 ParOldGen       total 134144K, used 133668K [0x00000000f0000000, 0x00000000f8300000, 0x00000000f8300000)
  object space 134144K, 99% used [0x00000000f0000000,0x00000000f8289250,0x00000000f8300000)
 Metaspace       used 52497K, capacity 55514K, committed 55680K, reserved 1097728K
  class space    used 6399K, capacity 6939K, committed 7040K, reserved 1048576K
2023-01-17T04:26:42.937+0800: 101.887: [Full GC (Ergonomics) [PSYoungGen: 43008K->7428K(62464K)] [ParOldGen: 133668K->133668K(134144K)] 176676K->141097K(196608K), [Metaspace: 52497K->52497K(1097728K)], 0.1394359 secs] [Times: user=0.31 sys=0.00, real=0.14 secs] 
Heap after GC invocations=422 (full 404):
 PSYoungGen      total 62464K, used 7428K [0x00000000f8300000, 0x0000000100000000, 0x0000000100000000)
  eden space 43008K, 17% used [0x00000000f8300000,0x00000000f8a413c0,0x00000000fad00000)
  from space 19456K, 0% used [0x00000000fed00000,0x00000000fed00000,0x0000000100000000)
  to   space 42496K, 0% used [0x00000000fad00000,0x00000000fad00000,0x00000000fd680000)
 ParOldGen       total 134144K, used 133668K [0x00000000f0000000, 0x00000000f8300000, 0x00000000f8300000)
  object space 134144K, 99% used [0x00000000f0000000,0x00000000f8289250,0x00000000f8300000)
 Metaspace       used 52497K, capacity 55514K, committed 55680K, reserved 1097728K
  class space    used 6399K, capacity 6939K, committed 7040K, reserved 1048576K
}
{Heap before GC invocations=423 (full 405):
 PSYoungGen      total 62464K, used 43008K [0x00000000f8300000, 0x0000000100000000, 0x0000000100000000)
  eden space 43008K, 100% used [0x00000000f8300000,0x00000000fad00000,0x00000000fad00000)
  from space 19456K, 0% used [0x00000000fed00000,0x00000000fed00000,0x0000000100000000)
  to   space 42496K, 0% used [0x00000000fad00000,0x00000000fad00000,0x00000000fd680000)
 ParOldGen       total 134144K, used 133668K [0x00000000f0000000, 0x00000000f8300000, 0x00000000f8300000)
  object space 134144K, 99% used [0x00000000f0000000,0x00000000f8289250,0x00000000f8300000)
 Metaspace       used 52497K, capacity 55514K, committed 55680K, reserved 1097728K
  class space    used 6399K, capacity 6939K, committed 7040K, reserved 1048576K
2023-01-17T04:26:43.129+0800: 102.079: [Full GC (Ergonomics) [PSYoungGen: 43008K->7483K(62464K)] [ParOldGen: 133668K->133668K(134144K)] 176676K->141152K(196608K), [Metaspace: 52497K->52497K(1097728K)], 0.1178297 secs] [Times: user=0.30 sys=0.01, real=0.12 secs] 
Heap after GC invocations=423 (full 405):
 PSYoungGen      total 62464K, used 7483K [0x00000000f8300000, 0x0000000100000000, 0x0000000100000000)
  eden space 43008K, 17% used [0x00000000f8300000,0x00000000f8a4edf8,0x00000000fad00000)
  from space 19456K, 0% used [0x00000000fed00000,0x00000000fed00000,0x0000000100000000)
  to   space 42496K, 0% used [0x00000000fad00000,0x00000000fad00000,0x00000000fd680000)
 ParOldGen       total 134144K, used 133668K [0x00000000f0000000, 0x00000000f8300000, 0x00000000f8300000)
  object space 134144K, 99% used [0x00000000f0000000,0x00000000f8289250,0x00000000f8300000)
 Metaspace       used 52497K, capacity 55514K, committed 55680K, reserved 1097728K
  class space    used 6399K, capacity 6939K, committed 7040K, reserved 1048576K
}
{Heap before GC invocations=424 (full 406):
 PSYoungGen      total 62464K, used 43008K [0x00000000f8300000, 0x0000000100000000, 0x0000000100000000)
  eden space 43008K, 100% used [0x00000000f8300000,0x00000000fad00000,0x00000000fad00000)
  from space 19456K, 0% used [0x00000000fed00000,0x00000000fed00000,0x0000000100000000)
  to   space 42496K, 0% used [0x00000000fad00000,0x00000000fad00000,0x00000000fd680000)
 ParOldGen       total 134144K, used 133668K [0x00000000f0000000, 0x00000000f8300000, 0x00000000f8300000)
  object space 134144K, 99% used [0x00000000f0000000,0x00000000f8289250,0x00000000f8300000)
 Metaspace       used 52497K, capacity 55514K, committed 55680K, reserved 1097728K
  class space    used 6399K, capacity 6939K, committed 7040K, reserved 1048576K
2023-01-17T04:26:43.304+0800: 102.254: [Full GC (Ergonomics) [PSYoungGen: 43008K->7441K(62464K)] [ParOldGen: 133668K->133668K(134144K)] 176676K->141109K(196608K), [Metaspace: 52497K->52497K(1097728K)], 0.1471635 secs] [Times: user=0.33 sys=0.00, real=0.15 secs] 
Heap after GC invocations=424 (full 406):
 PSYoungGen      total 62464K, used 7441K [0x00000000f8300000, 0x0000000100000000, 0x0000000100000000)
  eden space 43008K, 17% used [0x00000000f8300000,0x00000000f8a44460,0x00000000fad00000)
  from space 19456K, 0% used [0x00000000fed00000,0x00000000fed00000,0x0000000100000000)
  to   space 42496K, 0% used [0x00000000fad00000,0x00000000fad00000,0x00000000fd680000)
 ParOldGen       total 134144K, used 133668K [0x00000000f0000000, 0x00000000f8300000, 0x00000000f8300000)
  object space 134144K, 99% used [0x00000000f0000000,0x00000000f8289250,0x00000000f8300000)
 Metaspace       used 52497K, capacity 55514K, committed 55680K, reserved 1097728K
  class space    used 6399K, capacity 6939K, committed 7040K, reserved 1048576K
}
{Heap before GC invocations=425 (full 407):
 PSYoungGen      total 62464K, used 43008K [0x00000000f8300000, 0x0000000100000000, 0x0000000100000000)
  eden space 43008K, 100% used [0x00000000f8300000,0x00000000fad00000,0x00000000fad00000)
  from space 19456K, 0% used [0x00000000fed00000,0x00000000fed00000,0x0000000100000000)
  to   space 42496K, 0% used [0x00000000fad00000,0x00000000fad00000,0x00000000fd680000)
 ParOldGen       total 134144K, used 133668K [0x00000000f0000000, 0x00000000f8300000, 0x00000000f8300000)
  object space 134144K, 99% used [0x00000000f0000000,0x00000000f8289250,0x00000000f8300000)
 Metaspace       used 52497K, capacity 55514K, committed 55680K, reserved 1097728K
  class space    used 6399K, capacity 6939K, committed 7040K, reserved 1048576K
2023-01-17T04:26:43.510+0800: 102.460: [Full GC (Ergonomics) [PSYoungGen: 43008K->7434K(62464K)] [ParOldGen: 133668K->133668K(134144K)] 176676K->141103K(196608K), [Metaspace: 52497K->52497K(1097728K)], 0.1206850 secs] [Times: user=0.32 sys=0.00, real=0.12 secs] 
Heap after GC invocations=425 (full 407):
 PSYoungGen      total 62464K, used 7434K [0x00000000f8300000, 0x0000000100000000, 0x0000000100000000)
  eden space 43008K, 17% used [0x00000000f8300000,0x00000000f8a42bb0,0x00000000fad00000)
  from space 19456K, 0% used [0x00000000fed00000,0x00000000fed00000,0x0000000100000000)
  to   space 42496K, 0% used [0x00000000fad00000,0x00000000fad00000,0x00000000fd680000)
 ParOldGen       total 134144K, used 133668K [0x00000000f0000000, 0x00000000f8300000, 0x00000000f8300000)
  object space 134144K, 99% used [0x00000000f0000000,0x00000000f82891f0,0x00000000f8300000)
 Metaspace       used 52497K, capacity 55514K, committed 55680K, reserved 1097728K
  class space    used 6399K, capacity 6939K, committed 7040K, reserved 1048576K
}
{Heap before GC invocations=426 (full 408):
 PSYoungGen      total 62464K, used 43008K [0x00000000f8300000, 0x0000000100000000, 0x0000000100000000)
  eden space 43008K, 100% used [0x00000000f8300000,0x00000000fad00000,0x00000000fad00000)
  from space 19456K, 0% used [0x00000000fed00000,0x00000000fed00000,0x0000000100000000)
  to   space 42496K, 0% used [0x00000000fad00000,0x00000000fad00000,0x00000000fd680000)
 ParOldGen       total 134144K, used 133668K [0x00000000f0000000, 0x00000000f8300000, 0x00000000f8300000)
  object space 134144K, 99% used [0x00000000f0000000,0x00000000f82891f0,0x00000000f8300000)
 Metaspace       used 52497K, capacity 55514K, committed 55680K, reserved 1097728K
  class space    used 6399K, capacity 6939K, committed 7040K, reserved 1048576K
2023-01-17T04:26:43.677+0800: 102.627: [Full GC (Ergonomics) [PSYoungGen: 43008K->7431K(62464K)] [ParOldGen: 133668K->133668K(134144K)] 176676K->141100K(196608K), [Metaspace: 52497K->52497K(1097728K)], 0.1154745 secs] [Times: user=0.30 sys=0.00, real=0.12 secs] 
Heap after GC invocations=426 (full 408):
 PSYoungGen      total 62464K, used 7431K [0x00000000f8300000, 0x0000000100000000, 0x0000000100000000)
  eden space 43008K, 17% used [0x00000000f8300000,0x00000000f8a41e48,0x00000000fad00000)
  from space 19456K, 0% used [0x00000000fed00000,0x00000000fed00000,0x0000000100000000)
  to   space 42496K, 0% used [0x00000000fad00000,0x00000000fad00000,0x00000000fd680000)
 ParOldGen       total 134144K, used 133668K [0x00000000f0000000, 0x00000000f8300000, 0x00000000f8300000)
  object space 134144K, 99% used [0x00000000f0000000,0x00000000f82891f0,0x00000000f8300000)
 Metaspace       used 52497K, capacity 55514K, committed 55680K, reserved 1097728K
  class space    used 6399K, capacity 6939K, committed 7040K, reserved 1048576K
}
{Heap before GC invocations=427 (full 409):
 PSYoungGen      total 62464K, used 43008K [0x00000000f8300000, 0x0000000100000000, 0x0000000100000000)
  eden space 43008K, 100% used [0x00000000f8300000,0x00000000fad00000,0x00000000fad00000)
  from space 19456K, 0% used [0x00000000fed00000,0x00000000fed00000,0x0000000100000000)
  to   space 42496K, 0% used [0x00000000fad00000,0x00000000fad00000,0x00000000fd680000)
 ParOldGen       total 134144K, used 133668K [0x00000000f0000000, 0x00000000f8300000, 0x00000000f8300000)
  object space 134144K, 99% used [0x00000000f0000000,0x00000000f82891f0,0x00000000f8300000)
 Metaspace       used 52506K, capacity 55514K, committed 55680K, reserved 1097728K
  class space    used 6399K, capacity 6939K, committed 7040K, reserved 1048576K
2023-01-17T04:26:43.846+0800: 102.796: [Full GC (Ergonomics) [PSYoungGen: 43008K->7633K(62464K)] [ParOldGen: 133668K->133668K(134144K)] 176676K->141301K(196608K), [Metaspace: 52506K->52506K(1097728K)], 0.1138577 secs] [Times: user=0.29 sys=0.00, real=0.12 secs] 
Heap after GC invocations=427 (full 409):
 PSYoungGen      total 62464K, used 7633K [0x00000000f8300000, 0x0000000100000000, 0x0000000100000000)
  eden space 43008K, 17% used [0x00000000f8300000,0x00000000f8a74538,0x00000000fad00000)
  from space 19456K, 0% used [0x00000000fed00000,0x00000000fed00000,0x0000000100000000)
  to   space 42496K, 0% used [0x00000000fad00000,0x00000000fad00000,0x00000000fd680000)
 ParOldGen       total 134144K, used 133668K [0x00000000f0000000, 0x00000000f8300000, 0x00000000f8300000)
  object space 134144K, 99% used [0x00000000f0000000,0x00000000f82891f0,0x00000000f8300000)
 Metaspace       used 52506K, capacity 55514K, committed 55680K, reserved 1097728K
  class space    used 6399K, capacity 6939K, committed 7040K, reserved 1048576K
}
{Heap before GC invocations=428 (full 410):
 PSYoungGen      total 62464K, used 43008K [0x00000000f8300000, 0x0000000100000000, 0x0000000100000000)
  eden space 43008K, 100% used [0x00000000f8300000,0x00000000fad00000,0x00000000fad00000)
  from space 19456K, 0% used [0x00000000fed00000,0x00000000fed00000,0x0000000100000000)
  to   space 42496K, 0% used [0x00000000fad00000,0x00000000fad00000,0x00000000fd680000)
 ParOldGen       total 134144K, used 133668K [0x00000000f0000000, 0x00000000f8300000, 0x00000000f8300000)
  object space 134144K, 99% used [0x00000000f0000000,0x00000000f82891f0,0x00000000f8300000)
 Metaspace       used 52510K, capacity 55514K, committed 55680K, reserved 1097728K
  class space    used 6399K, capacity 6939K, committed 7040K, reserved 1048576K
2023-01-17T04:26:44.013+0800: 102.963: [Full GC (Ergonomics) [PSYoungGen: 43008K->7449K(62464K)] [ParOldGen: 133668K->133668K(134144K)] 176676K->141118K(196608K), [Metaspace: 52510K->52510K(1097728K)], 0.1772610 secs] [Times: user=0.33 sys=0.00, real=0.18 secs] 
Heap after GC invocations=428 (full 410):
 PSYoungGen      total 62464K, used 7449K [0x00000000f8300000, 0x0000000100000000, 0x0000000100000000)
  eden space 43008K, 17% used [0x00000000f8300000,0x00000000f8a466f8,0x00000000fad00000)
  from space 19456K, 0% used [0x00000000fed00000,0x00000000fed00000,0x0000000100000000)
  to   space 42496K, 0% used [0x00000000fad00000,0x00000000fad00000,0x00000000fd680000)
 ParOldGen       total 134144K, used 133668K [0x00000000f0000000, 0x00000000f8300000, 0x00000000f8300000)
  object space 134144K, 99% used [0x00000000f0000000,0x00000000f8289160,0x00000000f8300000)
 Metaspace       used 52510K, capacity 55514K, committed 55680K, reserved 1097728K
  class space    used 6399K, capacity 6939K, committed 7040K, reserved 1048576K
}
{Heap before GC invocations=429 (full 411):
 PSYoungGen      total 62464K, used 43008K [0x00000000f8300000, 0x0000000100000000, 0x0000000100000000)
  eden space 43008K, 100% used [0x00000000f8300000,0x00000000fad00000,0x00000000fad00000)
  from space 19456K, 0% used [0x00000000fed00000,0x00000000fed00000,0x0000000100000000)
  to   space 42496K, 0% used [0x00000000fad00000,0x00000000fad00000,0x00000000fd680000)
 ParOldGen       total 134144K, used 133668K [0x00000000f0000000, 0x00000000f8300000, 0x00000000f8300000)
  object space 134144K, 99% used [0x00000000f0000000,0x00000000f8289160,0x00000000f8300000)
 Metaspace       used 52510K, capacity 55514K, committed 55680K, reserved 1097728K
  class space    used 6399K, capacity 6939K, committed 7040K, reserved 1048576K
2023-01-17T04:26:44.271+0800: 103.220: [Full GC (Ergonomics) [PSYoungGen: 43008K->7498K(62464K)] [ParOldGen: 133668K->133653K(134144K)] 176676K->141151K(196608K), [Metaspace: 52510K->52510K(1097728K)], 0.1612212 secs] [Times: user=0.43 sys=0.00, real=0.16 secs] 
Heap after GC invocations=429 (full 411):
 PSYoungGen      total 62464K, used 7498K [0x00000000f8300000, 0x0000000100000000, 0x0000000100000000)
  eden space 43008K, 17% used [0x00000000f8300000,0x00000000f8a52808,0x00000000fad00000)
  from space 19456K, 0% used [0x00000000fed00000,0x00000000fed00000,0x0000000100000000)
  to   space 42496K, 0% used [0x00000000fad00000,0x00000000fad00000,0x00000000fd680000)
 ParOldGen       total 134144K, used 133653K [0x00000000f0000000, 0x00000000f8300000, 0x00000000f8300000)
  object space 134144K, 99% used [0x00000000f0000000,0x00000000f8285548,0x00000000f8300000)
 Metaspace       used 52510K, capacity 55514K, committed 55680K, reserved 1097728K
  class space    used 6399K, capacity 6939K, committed 7040K, reserved 1048576K
}
{Heap before GC invocations=430 (full 412):
 PSYoungGen      total 62464K, used 43008K [0x00000000f8300000, 0x0000000100000000, 0x0000000100000000)
  eden space 43008K, 100% used [0x00000000f8300000,0x00000000fad00000,0x00000000fad00000)
  from space 19456K, 0% used [0x00000000fed00000,0x00000000fed00000,0x0000000100000000)
  to   space 42496K, 0% used [0x00000000fad00000,0x00000000fad00000,0x00000000fd680000)
 ParOldGen       total 134144K, used 133653K [0x00000000f0000000, 0x00000000f8300000, 0x00000000f8300000)
  object space 134144K, 99% used [0x00000000f0000000,0x00000000f8285548,0x00000000f8300000)
 Metaspace       used 52510K, capacity 55514K, committed 55680K, reserved 1097728K
  class space    used 6399K, capacity 6939K, committed 7040K, reserved 1048576K
2023-01-17T04:26:44.478+0800: 103.428: [Full GC (Ergonomics) [PSYoungGen: 43008K->7469K(62464K)] [ParOldGen: 133653K->133653K(134144K)] 176661K->141122K(196608K), [Metaspace: 52510K->52510K(1097728K)], 0.1170519 secs] [Times: user=0.30 sys=0.00, real=0.12 secs] 
Heap after GC invocations=430 (full 412):
 PSYoungGen      total 62464K, used 7469K [0x00000000f8300000, 0x0000000100000000, 0x0000000100000000)
  eden space 43008K, 17% used [0x00000000f8300000,0x00000000f8a4b638,0x00000000fad00000)
  from space 19456K, 0% used [0x00000000fed00000,0x00000000fed00000,0x0000000100000000)
  to   space 42496K, 0% used [0x00000000fad00000,0x00000000fad00000,0x00000000fd680000)
 ParOldGen       total 134144K, used 133653K [0x00000000f0000000, 0x00000000f8300000, 0x00000000f8300000)
  object space 134144K, 99% used [0x00000000f0000000,0x00000000f8285548,0x00000000f8300000)
 Metaspace       used 52510K, capacity 55514K, committed 55680K, reserved 1097728K
  class space    used 6399K, capacity 6939K, committed 7040K, reserved 1048576K
}
{Heap before GC invocations=431 (full 413):
 PSYoungGen      total 62464K, used 43008K [0x00000000f8300000, 0x0000000100000000, 0x0000000100000000)
  eden space 43008K, 100% used [0x00000000f8300000,0x00000000fad00000,0x00000000fad00000)
  from space 19456K, 0% used [0x00000000fed00000,0x00000000fed00000,0x0000000100000000)
  to   space 42496K, 0% used [0x00000000fad00000,0x00000000fad00000,0x00000000fd680000)
 ParOldGen       total 134144K, used 133653K [0x00000000f0000000, 0x00000000f8300000, 0x00000000f8300000)
  object space 134144K, 99% used [0x00000000f0000000,0x00000000f8285548,0x00000000f8300000)
 Metaspace       used 52510K, capacity 55514K, committed 55680K, reserved 1097728K
  class space    used 6399K, capacity 6939K, committed 7040K, reserved 1048576K
2023-01-17T04:26:44.640+0800: 103.589: [Full GC (Ergonomics) [PSYoungGen: 43008K->7490K(62464K)] [ParOldGen: 133653K->133653K(134144K)] 176661K->141143K(196608K), [Metaspace: 52510K->52510K(1097728K)], 0.1106800 secs] [Times: user=0.28 sys=0.00, real=0.11 secs] 
Heap after GC invocations=431 (full 413):
 PSYoungGen      total 62464K, used 7490K [0x00000000f8300000, 0x0000000100000000, 0x0000000100000000)
  eden space 43008K, 17% used [0x00000000f8300000,0x00000000f8a50a48,0x00000000fad00000)
  from space 19456K, 0% used [0x00000000fed00000,0x00000000fed00000,0x0000000100000000)
  to   space 42496K, 0% used [0x00000000fad00000,0x00000000fad00000,0x00000000fd680000)
 ParOldGen       total 134144K, used 133653K [0x00000000f0000000, 0x00000000f8300000, 0x00000000f8300000)
  object space 134144K, 99% used [0x00000000f0000000,0x00000000f8285548,0x00000000f8300000)
 Metaspace       used 52510K, capacity 55514K, committed 55680K, reserved 1097728K
  class space    used 6399K, capacity 6939K, committed 7040K, reserved 1048576K
}
{Heap before GC invocations=432 (full 414):
 PSYoungGen      total 62464K, used 43008K [0x00000000f8300000, 0x0000000100000000, 0x0000000100000000)
  eden space 43008K, 100% used [0x00000000f8300000,0x00000000fad00000,0x00000000fad00000)
  from space 19456K, 0% used [0x00000000fed00000,0x00000000fed00000,0x0000000100000000)
  to   space 42496K, 0% used [0x00000000fad00000,0x00000000fad00000,0x00000000fd680000)
 ParOldGen       total 134144K, used 133653K [0x00000000f0000000, 0x00000000f8300000, 0x00000000f8300000)
  object space 134144K, 99% used [0x00000000f0000000,0x00000000f8285548,0x00000000f8300000)
 Metaspace       used 52512K, capacity 55514K, committed 55680K, reserved 1097728K
  class space    used 6399K, capacity 6939K, committed 7040K, reserved 1048576K
2023-01-17T04:26:44.803+0800: 103.753: [Full GC (Ergonomics) [PSYoungGen: 43008K->7481K(62464K)] [ParOldGen: 133653K->133653K(134144K)] 176661K->141134K(196608K), [Metaspace: 52512K->52512K(1097728K)], 0.1400259 secs] [Times: user=0.30 sys=0.00, real=0.14 secs] 
Heap after GC invocations=432 (full 414):
 PSYoungGen      total 62464K, used 7481K [0x00000000f8300000, 0x0000000100000000, 0x0000000100000000)
  eden space 43008K, 17% used [0x00000000f8300000,0x00000000f8a4e430,0x00000000fad00000)
  from space 19456K, 0% used [0x00000000fed00000,0x00000000fed00000,0x0000000100000000)
  to   space 42496K, 0% used [0x00000000fad00000,0x00000000fad00000,0x00000000fd680000)
 ParOldGen       total 134144K, used 133653K [0x00000000f0000000, 0x00000000f8300000, 0x00000000f8300000)
  object space 134144K, 99% used [0x00000000f0000000,0x00000000f8285548,0x00000000f8300000)
 Metaspace       used 52512K, capacity 55514K, committed 55680K, reserved 1097728K
  class space    used 6399K, capacity 6939K, committed 7040K, reserved 1048576K
}
{Heap before GC invocations=433 (full 415):
 PSYoungGen      total 62464K, used 43008K [0x00000000f8300000, 0x0000000100000000, 0x0000000100000000)
  eden space 43008K, 100% used [0x00000000f8300000,0x00000000fad00000,0x00000000fad00000)
  from space 19456K, 0% used [0x00000000fed00000,0x00000000fed00000,0x0000000100000000)
  to   space 42496K, 0% used [0x00000000fad00000,0x00000000fad00000,0x00000000fd680000)
 ParOldGen       total 134144K, used 133653K [0x00000000f0000000, 0x00000000f8300000, 0x00000000f8300000)
  object space 134144K, 99% used [0x00000000f0000000,0x00000000f8285548,0x00000000f8300000)
 Metaspace       used 52512K, capacity 55514K, committed 55680K, reserved 1097728K
  class space    used 6399K, capacity 6939K, committed 7040K, reserved 1048576K
2023-01-17T04:26:45.002+0800: 103.951: [Full GC (Ergonomics) [PSYoungGen: 43008K->7475K(62464K)] [ParOldGen: 133653K->133651K(134144K)] 176661K->141127K(196608K), [Metaspace: 52512K->52512K(1097728K)], 0.1518078 secs] [Times: user=0.41 sys=0.01, real=0.15 secs] 
Heap after GC invocations=433 (full 415):
 PSYoungGen      total 62464K, used 7475K [0x00000000f8300000, 0x0000000100000000, 0x0000000100000000)
  eden space 43008K, 17% used [0x00000000f8300000,0x00000000f8a4cf58,0x00000000fad00000)
  from space 19456K, 0% used [0x00000000fed00000,0x00000000fed00000,0x0000000100000000)
  to   space 42496K, 0% used [0x00000000fad00000,0x00000000fad00000,0x00000000fd680000)
 ParOldGen       total 134144K, used 133651K [0x00000000f0000000, 0x00000000f8300000, 0x00000000f8300000)
  object space 134144K, 99% used [0x00000000f0000000,0x00000000f8284e28,0x00000000f8300000)
 Metaspace       used 52512K, capacity 55514K, committed 55680K, reserved 1097728K
  class space    used 6399K, capacity 6939K, committed 7040K, reserved 1048576K
}
{Heap before GC invocations=434 (full 416):
 PSYoungGen      total 62464K, used 43008K [0x00000000f8300000, 0x0000000100000000, 0x0000000100000000)
  eden space 43008K, 100% used [0x00000000f8300000,0x00000000fad00000,0x00000000fad00000)
  from space 19456K, 0% used [0x00000000fed00000,0x00000000fed00000,0x0000000100000000)
  to   space 42496K, 0% used [0x00000000fad00000,0x00000000fad00000,0x00000000fd680000)
 ParOldGen       total 134144K, used 133651K [0x00000000f0000000, 0x00000000f8300000, 0x00000000f8300000)
  object space 134144K, 99% used [0x00000000f0000000,0x00000000f8284e28,0x00000000f8300000)
 Metaspace       used 52512K, capacity 55514K, committed 55680K, reserved 1097728K
  class space    used 6399K, capacity 6939K, committed 7040K, reserved 1048576K
2023-01-17T04:26:45.200+0800: 104.149: [Full GC (Ergonomics) [PSYoungGen: 43008K->7449K(62464K)] [ParOldGen: 133651K->133651K(134144K)] 176659K->141100K(196608K), [Metaspace: 52512K->52512K(1097728K)], 0.1130460 secs] [Times: user=0.30 sys=0.00, real=0.11 secs] 
Heap after GC invocations=434 (full 416):
 PSYoungGen      total 62464K, used 7449K [0x00000000f8300000, 0x0000000100000000, 0x0000000100000000)
  eden space 43008K, 17% used [0x00000000f8300000,0x00000000f8a46530,0x00000000fad00000)
  from space 19456K, 0% used [0x00000000fed00000,0x00000000fed00000,0x0000000100000000)
  to   space 42496K, 0% used [0x00000000fad00000,0x00000000fad00000,0x00000000fd680000)
 ParOldGen       total 134144K, used 133651K [0x00000000f0000000, 0x00000000f8300000, 0x00000000f8300000)
  object space 134144K, 99% used [0x00000000f0000000,0x00000000f8284e28,0x00000000f8300000)
 Metaspace       used 52512K, capacity 55514K, committed 55680K, reserved 1097728K
  class space    used 6399K, capacity 6939K, committed 7040K, reserved 1048576K
}
{Heap before GC invocations=435 (full 417):
 PSYoungGen      total 62464K, used 43008K [0x00000000f8300000, 0x0000000100000000, 0x0000000100000000)
  eden space 43008K, 100% used [0x00000000f8300000,0x00000000fad00000,0x00000000fad00000)
  from space 19456K, 0% used [0x00000000fed00000,0x00000000fed00000,0x0000000100000000)
  to   space 42496K, 0% used [0x00000000fad00000,0x00000000fad00000,0x00000000fd680000)
 ParOldGen       total 134144K, used 133651K [0x00000000f0000000, 0x00000000f8300000, 0x00000000f8300000)
  object space 134144K, 99% used [0x00000000f0000000,0x00000000f8284e28,0x00000000f8300000)
 Metaspace       used 52512K, capacity 55514K, committed 55680K, reserved 1097728K
  class space    used 6399K, capacity 6939K, committed 7040K, reserved 1048576K
2023-01-17T04:26:45.359+0800: 104.308: [Full GC (Ergonomics) [PSYoungGen: 43008K->7460K(62464K)] [ParOldGen: 133651K->133651K(134144K)] 176659K->141112K(196608K), [Metaspace: 52512K->52512K(1097728K)], 0.1359985 secs] [Times: user=0.30 sys=0.00, real=0.14 secs] 
Heap after GC invocations=435 (full 417):
 PSYoungGen      total 62464K, used 7460K [0x00000000f8300000, 0x0000000100000000, 0x0000000100000000)
  eden space 43008K, 17% used [0x00000000f8300000,0x00000000f8a491e8,0x00000000fad00000)
  from space 19456K, 0% used [0x00000000fed00000,0x00000000fed00000,0x0000000100000000)
  to   space 42496K, 0% used [0x00000000fad00000,0x00000000fad00000,0x00000000fd680000)
 ParOldGen       total 134144K, used 133651K [0x00000000f0000000, 0x00000000f8300000, 0x00000000f8300000)
  object space 134144K, 99% used [0x00000000f0000000,0x00000000f8284e28,0x00000000f8300000)
 Metaspace       used 52512K, capacity 55514K, committed 55680K, reserved 1097728K
  class space    used 6399K, capacity 6939K, committed 7040K, reserved 1048576K
}
{Heap before GC invocations=436 (full 418):
 PSYoungGen      total 62464K, used 43008K [0x00000000f8300000, 0x0000000100000000, 0x0000000100000000)
  eden space 43008K, 100% used [0x00000000f8300000,0x00000000fad00000,0x00000000fad00000)
  from space 19456K, 0% used [0x00000000fed00000,0x00000000fed00000,0x0000000100000000)
  to   space 42496K, 0% used [0x00000000fad00000,0x00000000fad00000,0x00000000fd680000)
 ParOldGen       total 134144K, used 133651K [0x00000000f0000000, 0x00000000f8300000, 0x00000000f8300000)
  object space 134144K, 99% used [0x00000000f0000000,0x00000000f8284e28,0x00000000f8300000)
 Metaspace       used 52512K, capacity 55514K, committed 55680K, reserved 1097728K
  class space    used 6399K, capacity 6939K, committed 7040K, reserved 1048576K
2023-01-17T04:26:45.555+0800: 104.505: [Full GC (Ergonomics) [PSYoungGen: 43008K->7487K(62464K)] [ParOldGen: 133651K->133651K(134144K)] 176659K->141138K(196608K), [Metaspace: 52512K->52512K(1097728K)], 0.1642857 secs] [Times: user=0.31 sys=0.00, real=0.17 secs] 
Heap after GC invocations=436 (full 418):
 PSYoungGen      total 62464K, used 7487K [0x00000000f8300000, 0x0000000100000000, 0x0000000100000000)
  eden space 43008K, 17% used [0x00000000f8300000,0x00000000f8a4fd10,0x00000000fad00000)
  from space 19456K, 0% used [0x00000000fed00000,0x00000000fed00000,0x0000000100000000)
  to   space 42496K, 0% used [0x00000000fad00000,0x00000000fad00000,0x00000000fd680000)
 ParOldGen       total 134144K, used 133651K [0x00000000f0000000, 0x00000000f8300000, 0x00000000f8300000)
  object space 134144K, 99% used [0x00000000f0000000,0x00000000f8284e28,0x00000000f8300000)
 Metaspace       used 52512K, capacity 55514K, committed 55680K, reserved 1097728K
  class space    used 6399K, capacity 6939K, committed 7040K, reserved 1048576K
}
{Heap before GC invocations=437 (full 419):
 PSYoungGen      total 62464K, used 43008K [0x00000000f8300000, 0x0000000100000000, 0x0000000100000000)
  eden space 43008K, 100% used [0x00000000f8300000,0x00000000fad00000,0x00000000fad00000)
  from space 19456K, 0% used [0x00000000fed00000,0x00000000fed00000,0x0000000100000000)
  to   space 42496K, 0% used [0x00000000fad00000,0x00000000fad00000,0x00000000fd680000)
 ParOldGen       total 134144K, used 133651K [0x00000000f0000000, 0x00000000f8300000, 0x00000000f8300000)
  object space 134144K, 99% used [0x00000000f0000000,0x00000000f8284e28,0x00000000f8300000)
 Metaspace       used 52512K, capacity 55514K, committed 55680K, reserved 1097728K
  class space    used 6399K, capacity 6939K, committed 7040K, reserved 1048576K
2023-01-17T04:26:45.777+0800: 104.727: [Full GC (Ergonomics) [PSYoungGen: 43008K->7484K(62464K)] [ParOldGen: 133651K->133651K(134144K)] 176659K->141136K(196608K), [Metaspace: 52512K->52512K(1097728K)], 0.1207533 secs] [Times: user=0.30 sys=0.00, real=0.12 secs] 
Heap after GC invocations=437 (full 419):
 PSYoungGen      total 62464K, used 7484K [0x00000000f8300000, 0x0000000100000000, 0x0000000100000000)
  eden space 43008K, 17% used [0x00000000f8300000,0x00000000f8a4f270,0x00000000fad00000)
  from space 19456K, 0% used [0x00000000fed00000,0x00000000fed00000,0x0000000100000000)
  to   space 42496K, 0% used [0x00000000fad00000,0x00000000fad00000,0x00000000fd680000)
 ParOldGen       total 134144K, used 133651K [0x00000000f0000000, 0x00000000f8300000, 0x00000000f8300000)
  object space 134144K, 99% used [0x00000000f0000000,0x00000000f8284e28,0x00000000f8300000)
 Metaspace       used 52512K, capacity 55514K, committed 55680K, reserved 1097728K
  class space    used 6399K, capacity 6939K, committed 7040K, reserved 1048576K
}
{Heap before GC invocations=438 (full 420):
 PSYoungGen      total 62464K, used 43008K [0x00000000f8300000, 0x0000000100000000, 0x0000000100000000)
  eden space 43008K, 100% used [0x00000000f8300000,0x00000000fad00000,0x00000000fad00000)
  from space 19456K, 0% used [0x00000000fed00000,0x00000000fed00000,0x0000000100000000)
  to   space 42496K, 0% used [0x00000000fad00000,0x00000000fad00000,0x00000000fd680000)
 ParOldGen       total 134144K, used 133651K [0x00000000f0000000, 0x00000000f8300000, 0x00000000f8300000)
  object space 134144K, 99% used [0x00000000f0000000,0x00000000f8284e28,0x00000000f8300000)
 Metaspace       used 52512K, capacity 55514K, committed 55680K, reserved 1097728K
  class space    used 6399K, capacity 6939K, committed 7040K, reserved 1048576K
2023-01-17T04:26:45.944+0800: 104.894: [Full GC (Ergonomics) [PSYoungGen: 43008K->7474K(62464K)] [ParOldGen: 133651K->133651K(134144K)] 176659K->141125K(196608K), [Metaspace: 52512K->52512K(1097728K)], 0.1185166 secs] [Times: user=0.30 sys=0.00, real=0.12 secs] 
Heap after GC invocations=438 (full 420):
 PSYoungGen      total 62464K, used 7474K [0x00000000f8300000, 0x0000000100000000, 0x0000000100000000)
  eden space 43008K, 17% used [0x00000000f8300000,0x00000000f8a4c8c0,0x00000000fad00000)
  from space 19456K, 0% used [0x00000000fed00000,0x00000000fed00000,0x0000000100000000)
  to   space 42496K, 0% used [0x00000000fad00000,0x00000000fad00000,0x00000000fd680000)
 ParOldGen       total 134144K, used 133651K [0x00000000f0000000, 0x00000000f8300000, 0x00000000f8300000)
  object space 134144K, 99% used [0x00000000f0000000,0x00000000f8284dc8,0x00000000f8300000)
 Metaspace       used 52512K, capacity 55514K, committed 55680K, reserved 1097728K
  class space    used 6399K, capacity 6939K, committed 7040K, reserved 1048576K
}
{Heap before GC invocations=439 (full 421):
 PSYoungGen      total 62464K, used 43008K [0x00000000f8300000, 0x0000000100000000, 0x0000000100000000)
  eden space 43008K, 100% used [0x00000000f8300000,0x00000000fad00000,0x00000000fad00000)
  from space 19456K, 0% used [0x00000000fed00000,0x00000000fed00000,0x0000000100000000)
  to   space 42496K, 0% used [0x00000000fad00000,0x00000000fad00000,0x00000000fd680000)
 ParOldGen       total 134144K, used 133651K [0x00000000f0000000, 0x00000000f8300000, 0x00000000f8300000)
  object space 134144K, 99% used [0x00000000f0000000,0x00000000f8284dc8,0x00000000f8300000)
 Metaspace       used 52512K, capacity 55514K, committed 55680K, reserved 1097728K
  class space    used 6399K, capacity 6939K, committed 7040K, reserved 1048576K
2023-01-17T04:26:46.109+0800: 105.058: [Full GC (Ergonomics) [PSYoungGen: 43008K->7468K(62464K)] [ParOldGen: 133651K->133651K(134144K)] 176659K->141120K(196608K), [Metaspace: 52512K->52512K(1097728K)], 0.1137809 secs] [Times: user=0.29 sys=0.00, real=0.12 secs] 
Heap after GC invocations=439 (full 421):
 PSYoungGen      total 62464K, used 7468K [0x00000000f8300000, 0x0000000100000000, 0x0000000100000000)
  eden space 43008K, 17% used [0x00000000f8300000,0x00000000f8a4b340,0x00000000fad00000)
  from space 19456K, 0% used [0x00000000fed00000,0x00000000fed00000,0x0000000100000000)
  to   space 42496K, 0% used [0x00000000fad00000,0x00000000fad00000,0x00000000fd680000)
 ParOldGen       total 134144K, used 133651K [0x00000000f0000000, 0x00000000f8300000, 0x00000000f8300000)
  object space 134144K, 99% used [0x00000000f0000000,0x00000000f8284dc8,0x00000000f8300000)
 Metaspace       used 52512K, capacity 55514K, committed 55680K, reserved 1097728K
  class space    used 6399K, capacity 6939K, committed 7040K, reserved 1048576K
}
{Heap before GC invocations=440 (full 422):
 PSYoungGen      total 62464K, used 43008K [0x00000000f8300000, 0x0000000100000000, 0x0000000100000000)
  eden space 43008K, 100% used [0x00000000f8300000,0x00000000fad00000,0x00000000fad00000)
  from space 19456K, 0% used [0x00000000fed00000,0x00000000fed00000,0x0000000100000000)
  to   space 42496K, 0% used [0x00000000fad00000,0x00000000fad00000,0x00000000fd680000)
 ParOldGen       total 134144K, used 133651K [0x00000000f0000000, 0x00000000f8300000, 0x00000000f8300000)
  object space 134144K, 99% used [0x00000000f0000000,0x00000000f8284dc8,0x00000000f8300000)
 Metaspace       used 52512K, capacity 55514K, committed 55680K, reserved 1097728K
  class space    used 6399K, capacity 6939K, committed 7040K, reserved 1048576K
2023-01-17T04:26:46.269+0800: 105.219: [Full GC (Ergonomics) [PSYoungGen: 43008K->7454K(62464K)] [ParOldGen: 133651K->133651K(134144K)] 176659K->141106K(196608K), [Metaspace: 52512K->52512K(1097728K)], 0.1567625 secs] [Times: user=0.33 sys=0.00, real=0.16 secs] 
Heap after GC invocations=440 (full 422):
 PSYoungGen      total 62464K, used 7454K [0x00000000f8300000, 0x0000000100000000, 0x0000000100000000)
  eden space 43008K, 17% used [0x00000000f8300000,0x00000000f8a47a38,0x00000000fad00000)
  from space 19456K, 0% used [0x00000000fed00000,0x00000000fed00000,0x0000000100000000)
  to   space 42496K, 0% used [0x00000000fad00000,0x00000000fad00000,0x00000000fd680000)
 ParOldGen       total 134144K, used 133651K [0x00000000f0000000, 0x00000000f8300000, 0x00000000f8300000)
  object space 134144K, 99% used [0x00000000f0000000,0x00000000f8284dc8,0x00000000f8300000)
 Metaspace       used 52512K, capacity 55514K, committed 55680K, reserved 1097728K
  class space    used 6399K, capacity 6939K, committed 7040K, reserved 1048576K
}
{Heap before GC invocations=441 (full 423):
 PSYoungGen      total 62464K, used 43008K [0x00000000f8300000, 0x0000000100000000, 0x0000000100000000)
  eden space 43008K, 100% used [0x00000000f8300000,0x00000000fad00000,0x00000000fad00000)
  from space 19456K, 0% used [0x00000000fed00000,0x00000000fed00000,0x0000000100000000)
  to   space 42496K, 0% used [0x00000000fad00000,0x00000000fad00000,0x00000000fd680000)
 ParOldGen       total 134144K, used 133651K [0x00000000f0000000, 0x00000000f8300000, 0x00000000f8300000)
  object space 134144K, 99% used [0x00000000f0000000,0x00000000f8284dc8,0x00000000f8300000)
 Metaspace       used 52512K, capacity 55514K, committed 55680K, reserved 1097728K
  class space    used 6399K, capacity 6939K, committed 7040K, reserved 1048576K
2023-01-17T04:26:46.481+0800: 105.431: [Full GC (Ergonomics) [PSYoungGen: 43008K->7453K(62464K)] [ParOldGen: 133651K->133651K(134144K)] 176659K->141104K(196608K), [Metaspace: 52512K->52512K(1097728K)], 0.1297334 secs] [Times: user=0.30 sys=0.00, real=0.13 secs] 
Heap after GC invocations=441 (full 423):
 PSYoungGen      total 62464K, used 7453K [0x00000000f8300000, 0x0000000100000000, 0x0000000100000000)
  eden space 43008K, 17% used [0x00000000f8300000,0x00000000f8a47460,0x00000000fad00000)
  from space 19456K, 0% used [0x00000000fed00000,0x00000000fed00000,0x0000000100000000)
  to   space 42496K, 0% used [0x00000000fad00000,0x00000000fad00000,0x00000000fd680000)
 ParOldGen       total 134144K, used 133651K [0x00000000f0000000, 0x00000000f8300000, 0x00000000f8300000)
  object space 134144K, 99% used [0x00000000f0000000,0x00000000f8284dc8,0x00000000f8300000)
 Metaspace       used 52512K, capacity 55514K, committed 55680K, reserved 1097728K
  class space    used 6399K, capacity 6939K, committed 7040K, reserved 1048576K
}
{Heap before GC invocations=442 (full 424):
 PSYoungGen      total 62464K, used 43008K [0x00000000f8300000, 0x0000000100000000, 0x0000000100000000)
  eden space 43008K, 100% used [0x00000000f8300000,0x00000000fad00000,0x00000000fad00000)
  from space 19456K, 0% used [0x00000000fed00000,0x00000000fed00000,0x0000000100000000)
  to   space 42496K, 0% used [0x00000000fad00000,0x00000000fad00000,0x00000000fd680000)
 ParOldGen       total 134144K, used 133651K [0x00000000f0000000, 0x00000000f8300000, 0x00000000f8300000)
  object space 134144K, 99% used [0x00000000f0000000,0x00000000f8284dc8,0x00000000f8300000)
 Metaspace       used 52512K, capacity 55514K, committed 55680K, reserved 1097728K
  class space    used 6399K, capacity 6939K, committed 7040K, reserved 1048576K
2023-01-17T04:26:46.670+0800: 105.620: [Full GC (Ergonomics) [PSYoungGen: 43008K->7452K(62464K)] [ParOldGen: 133651K->133651K(134144K)] 176659K->141103K(196608K), [Metaspace: 52512K->52512K(1097728K)], 0.1447201 secs] [Times: user=0.33 sys=0.00, real=0.14 secs] 
Heap after GC invocations=442 (full 424):
 PSYoungGen      total 62464K, used 7452K [0x00000000f8300000, 0x0000000100000000, 0x0000000100000000)
  eden space 43008K, 17% used [0x00000000f8300000,0x00000000f8a47210,0x00000000fad00000)
  from space 19456K, 0% used [0x00000000fed00000,0x00000000fed00000,0x0000000100000000)
  to   space 42496K, 0% used [0x00000000fad00000,0x00000000fad00000,0x00000000fd680000)
 ParOldGen       total 134144K, used 133651K [0x00000000f0000000, 0x00000000f8300000, 0x00000000f8300000)
  object space 134144K, 99% used [0x00000000f0000000,0x00000000f8284dc8,0x00000000f8300000)
 Metaspace       used 52512K, capacity 55514K, committed 55680K, reserved 1097728K
  class space    used 6399K, capacity 6939K, committed 7040K, reserved 1048576K
}
{Heap before GC invocations=443 (full 425):
 PSYoungGen      total 62464K, used 43008K [0x00000000f8300000, 0x0000000100000000, 0x0000000100000000)
  eden space 43008K, 100% used [0x00000000f8300000,0x00000000fad00000,0x00000000fad00000)
  from space 19456K, 0% used [0x00000000fed00000,0x00000000fed00000,0x0000000100000000)
  to   space 42496K, 0% used [0x00000000fad00000,0x00000000fad00000,0x00000000fd680000)
 ParOldGen       total 134144K, used 133651K [0x00000000f0000000, 0x00000000f8300000, 0x00000000f8300000)
  object space 134144K, 99% used [0x00000000f0000000,0x00000000f8284dc8,0x00000000f8300000)
 Metaspace       used 52512K, capacity 55514K, committed 55680K, reserved 1097728K
  class space    used 6399K, capacity 6939K, committed 7040K, reserved 1048576K
2023-01-17T04:26:46.865+0800: 105.815: [Full GC (Ergonomics) [PSYoungGen: 43008K->7468K(62464K)] [ParOldGen: 133651K->133651K(134144K)] 176659K->141119K(196608K), [Metaspace: 52512K->52512K(1097728K)], 0.1143215 secs] [Times: user=0.30 sys=0.00, real=0.12 secs] 
Heap after GC invocations=443 (full 425):
 PSYoungGen      total 62464K, used 7468K [0x00000000f8300000, 0x0000000100000000, 0x0000000100000000)
  eden space 43008K, 17% used [0x00000000f8300000,0x00000000f8a4b158,0x00000000fad00000)
  from space 19456K, 0% used [0x00000000fed00000,0x00000000fed00000,0x0000000100000000)
  to   space 42496K, 0% used [0x00000000fad00000,0x00000000fad00000,0x00000000fd680000)
 ParOldGen       total 134144K, used 133651K [0x00000000f0000000, 0x00000000f8300000, 0x00000000f8300000)
  object space 134144K, 99% used [0x00000000f0000000,0x00000000f8284dc8,0x00000000f8300000)
 Metaspace       used 52512K, capacity 55514K, committed 55680K, reserved 1097728K
  class space    used 6399K, capacity 6939K, committed 7040K, reserved 1048576K
}
{Heap before GC invocations=444 (full 426):
 PSYoungGen      total 62464K, used 43008K [0x00000000f8300000, 0x0000000100000000, 0x0000000100000000)
  eden space 43008K, 100% used [0x00000000f8300000,0x00000000fad00000,0x00000000fad00000)
  from space 19456K, 0% used [0x00000000fed00000,0x00000000fed00000,0x0000000100000000)
  to   space 42496K, 0% used [0x00000000fad00000,0x00000000fad00000,0x00000000fd680000)
 ParOldGen       total 134144K, used 133651K [0x00000000f0000000, 0x00000000f8300000, 0x00000000f8300000)
  object space 134144K, 99% used [0x00000000f0000000,0x00000000f8284dc8,0x00000000f8300000)
 Metaspace       used 52512K, capacity 55514K, committed 55680K, reserved 1097728K
  class space    used 6399K, capacity 6939K, committed 7040K, reserved 1048576K
2023-01-17T04:26:47.025+0800: 105.975: [Full GC (Ergonomics) [PSYoungGen: 43008K->7467K(62464K)] [ParOldGen: 133651K->133651K(134144K)] 176659K->141119K(196608K), [Metaspace: 52512K->52512K(1097728K)], 0.1233076 secs] [Times: user=0.28 sys=0.00, real=0.12 secs] 
Heap after GC invocations=444 (full 426):
 PSYoungGen      total 62464K, used 7467K [0x00000000f8300000, 0x0000000100000000, 0x0000000100000000)
  eden space 43008K, 17% used [0x00000000f8300000,0x00000000f8a4ae38,0x00000000fad00000)
  from space 19456K, 0% used [0x00000000fed00000,0x00000000fed00000,0x0000000100000000)
  to   space 42496K, 0% used [0x00000000fad00000,0x00000000fad00000,0x00000000fd680000)
 ParOldGen       total 134144K, used 133651K [0x00000000f0000000, 0x00000000f8300000, 0x00000000f8300000)
  object space 134144K, 99% used [0x00000000f0000000,0x00000000f8284dc8,0x00000000f8300000)
 Metaspace       used 52512K, capacity 55514K, committed 55680K, reserved 1097728K
  class space    used 6399K, capacity 6939K, committed 7040K, reserved 1048576K
}
{Heap before GC invocations=445 (full 427):
 PSYoungGen      total 62464K, used 43008K [0x00000000f8300000, 0x0000000100000000, 0x0000000100000000)
  eden space 43008K, 100% used [0x00000000f8300000,0x00000000fad00000,0x00000000fad00000)
  from space 19456K, 0% used [0x00000000fed00000,0x00000000fed00000,0x0000000100000000)
  to   space 42496K, 0% used [0x00000000fad00000,0x00000000fad00000,0x00000000fd680000)
 ParOldGen       total 134144K, used 133651K [0x00000000f0000000, 0x00000000f8300000, 0x00000000f8300000)
  object space 134144K, 99% used [0x00000000f0000000,0x00000000f8284dc8,0x00000000f8300000)
 Metaspace       used 52512K, capacity 55514K, committed 55680K, reserved 1097728K
  class space    used 6399K, capacity 6939K, committed 7040K, reserved 1048576K
2023-01-17T04:26:47.204+0800: 106.154: [Full GC (Ergonomics) [PSYoungGen: 43008K->7455K(62464K)] [ParOldGen: 133651K->133651K(134144K)] 176659K->141106K(196608K), [Metaspace: 52512K->52512K(1097728K)], 0.1283504 secs] [Times: user=0.30 sys=0.00, real=0.13 secs] 
Heap after GC invocations=445 (full 427):
 PSYoungGen      total 62464K, used 7455K [0x00000000f8300000, 0x0000000100000000, 0x0000000100000000)
  eden space 43008K, 17% used [0x00000000f8300000,0x00000000f8a47ce0,0x00000000fad00000)
  from space 19456K, 0% used [0x00000000fed00000,0x00000000fed00000,0x0000000100000000)
  to   space 42496K, 0% used [0x00000000fad00000,0x00000000fad00000,0x00000000fd680000)
 ParOldGen       total 134144K, used 133651K [0x00000000f0000000, 0x00000000f8300000, 0x00000000f8300000)
  object space 134144K, 99% used [0x00000000f0000000,0x00000000f8284dc8,0x00000000f8300000)
 Metaspace       used 52512K, capacity 55514K, committed 55680K, reserved 1097728K
  class space    used 6399K, capacity 6939K, committed 7040K, reserved 1048576K
}
{Heap before GC invocations=446 (full 428):
 PSYoungGen      total 62464K, used 43008K [0x00000000f8300000, 0x0000000100000000, 0x0000000100000000)
  eden space 43008K, 100% used [0x00000000f8300000,0x00000000fad00000,0x00000000fad00000)
  from space 19456K, 0% used [0x00000000fed00000,0x00000000fed00000,0x0000000100000000)
  to   space 42496K, 0% used [0x00000000fad00000,0x00000000fad00000,0x00000000fd680000)
 ParOldGen       total 134144K, used 133651K [0x00000000f0000000, 0x00000000f8300000, 0x00000000f8300000)
  object space 134144K, 99% used [0x00000000f0000000,0x00000000f8284dc8,0x00000000f8300000)
 Metaspace       used 52512K, capacity 55514K, committed 55680K, reserved 1097728K
  class space    used 6399K, capacity 6939K, committed 7040K, reserved 1048576K
2023-01-17T04:26:47.379+0800: 106.328: [Full GC (Ergonomics) [PSYoungGen: 43008K->7472K(62464K)] [ParOldGen: 133651K->133651K(134144K)] 176659K->141123K(196608K), [Metaspace: 52512K->52512K(1097728K)], 0.1160536 secs] [Times: user=0.30 sys=0.00, real=0.12 secs] 
Heap after GC invocations=446 (full 428):
 PSYoungGen      total 62464K, used 7472K [0x00000000f8300000, 0x0000000100000000, 0x0000000100000000)
  eden space 43008K, 17% used [0x00000000f8300000,0x00000000f8a4c070,0x00000000fad00000)
  from space 19456K, 0% used [0x00000000fed00000,0x00000000fed00000,0x0000000100000000)
  to   space 42496K, 0% used [0x00000000fad00000,0x00000000fad00000,0x00000000fd680000)
 ParOldGen       total 134144K, used 133651K [0x00000000f0000000, 0x00000000f8300000, 0x00000000f8300000)
  object space 134144K, 99% used [0x00000000f0000000,0x00000000f8284dc8,0x00000000f8300000)
 Metaspace       used 52512K, capacity 55514K, committed 55680K, reserved 1097728K
  class space    used 6399K, capacity 6939K, committed 7040K, reserved 1048576K
}
{Heap before GC invocations=447 (full 429):
 PSYoungGen      total 62464K, used 43008K [0x00000000f8300000, 0x0000000100000000, 0x0000000100000000)
  eden space 43008K, 100% used [0x00000000f8300000,0x00000000fad00000,0x00000000fad00000)
  from space 19456K, 0% used [0x00000000fed00000,0x00000000fed00000,0x0000000100000000)
  to   space 42496K, 0% used [0x00000000fad00000,0x00000000fad00000,0x00000000fd680000)
 ParOldGen       total 134144K, used 133651K [0x00000000f0000000, 0x00000000f8300000, 0x00000000f8300000)
  object space 134144K, 99% used [0x00000000f0000000,0x00000000f8284dc8,0x00000000f8300000)
 Metaspace       used 52512K, capacity 55514K, committed 55680K, reserved 1097728K
  class space    used 6399K, capacity 6939K, committed 7040K, reserved 1048576K
2023-01-17T04:26:47.540+0800: 106.490: [Full GC (Ergonomics) [PSYoungGen: 43008K->7453K(62464K)] [ParOldGen: 133651K->133651K(134144K)] 176659K->141105K(196608K), [Metaspace: 52512K->52512K(1097728K)], 0.1165667 secs] [Times: user=0.29 sys=0.00, real=0.11 secs] 
Heap after GC invocations=447 (full 429):
 PSYoungGen      total 62464K, used 7453K [0x00000000f8300000, 0x0000000100000000, 0x0000000100000000)
  eden space 43008K, 17% used [0x00000000f8300000,0x00000000f8a477a8,0x00000000fad00000)
  from space 19456K, 0% used [0x00000000fed00000,0x00000000fed00000,0x0000000100000000)
  to   space 42496K, 0% used [0x00000000fad00000,0x00000000fad00000,0x00000000fd680000)
 ParOldGen       total 134144K, used 133651K [0x00000000f0000000, 0x00000000f8300000, 0x00000000f8300000)
  object space 134144K, 99% used [0x00000000f0000000,0x00000000f8284dc8,0x00000000f8300000)
 Metaspace       used 52512K, capacity 55514K, committed 55680K, reserved 1097728K
  class space    used 6399K, capacity 6939K, committed 7040K, reserved 1048576K
}
{Heap before GC invocations=448 (full 430):
 PSYoungGen      total 62464K, used 43008K [0x00000000f8300000, 0x0000000100000000, 0x0000000100000000)
  eden space 43008K, 100% used [0x00000000f8300000,0x00000000fad00000,0x00000000fad00000)
  from space 19456K, 0% used [0x00000000fed00000,0x00000000fed00000,0x0000000100000000)
  to   space 42496K, 0% used [0x00000000fad00000,0x00000000fad00000,0x00000000fd680000)
 ParOldGen       total 134144K, used 133651K [0x00000000f0000000, 0x00000000f8300000, 0x00000000f8300000)
  object space 134144K, 99% used [0x00000000f0000000,0x00000000f8284dc8,0x00000000f8300000)
 Metaspace       used 52512K, capacity 55514K, committed 55680K, reserved 1097728K
  class space    used 6399K, capacity 6939K, committed 7040K, reserved 1048576K
2023-01-17T04:26:47.702+0800: 106.652: [Full GC (Ergonomics) [PSYoungGen: 43008K->7463K(62464K)] [ParOldGen: 133651K->133651K(134144K)] 176659K->141114K(196608K), [Metaspace: 52512K->52512K(1097728K)], 0.1175302 secs] [Times: user=0.29 sys=0.00, real=0.12 secs] 
Heap after GC invocations=448 (full 430):
 PSYoungGen      total 62464K, used 7463K [0x00000000f8300000, 0x0000000100000000, 0x0000000100000000)
  eden space 43008K, 17% used [0x00000000f8300000,0x00000000f8a49d60,0x00000000fad00000)
  from space 19456K, 0% used [0x00000000fed00000,0x00000000fed00000,0x0000000100000000)
  to   space 42496K, 0% used [0x00000000fad00000,0x00000000fad00000,0x00000000fd680000)
 ParOldGen       total 134144K, used 133651K [0x00000000f0000000, 0x00000000f8300000, 0x00000000f8300000)
  object space 134144K, 99% used [0x00000000f0000000,0x00000000f8284dc8,0x00000000f8300000)
 Metaspace       used 52512K, capacity 55514K, committed 55680K, reserved 1097728K
  class space    used 6399K, capacity 6939K, committed 7040K, reserved 1048576K
}
{Heap before GC invocations=449 (full 431):
 PSYoungGen      total 62464K, used 43008K [0x00000000f8300000, 0x0000000100000000, 0x0000000100000000)
  eden space 43008K, 100% used [0x00000000f8300000,0x00000000fad00000,0x00000000fad00000)
  from space 19456K, 0% used [0x00000000fed00000,0x00000000fed00000,0x0000000100000000)
  to   space 42496K, 0% used [0x00000000fad00000,0x00000000fad00000,0x00000000fd680000)
 ParOldGen       total 134144K, used 133651K [0x00000000f0000000, 0x00000000f8300000, 0x00000000f8300000)
  object space 134144K, 99% used [0x00000000f0000000,0x00000000f8284dc8,0x00000000f8300000)
 Metaspace       used 52512K, capacity 55514K, committed 55680K, reserved 1097728K
  class space    used 6399K, capacity 6939K, committed 7040K, reserved 1048576K
2023-01-17T04:26:47.883+0800: 106.833: [Full GC (Ergonomics) [PSYoungGen: 43008K->7473K(62464K)] [ParOldGen: 133651K->133651K(134144K)] 176659K->141125K(196608K), [Metaspace: 52512K->52512K(1097728K)], 0.1851169 secs] [Times: user=0.32 sys=0.00, real=0.18 secs] 
Heap after GC invocations=449 (full 431):
 PSYoungGen      total 62464K, used 7473K [0x00000000f8300000, 0x0000000100000000, 0x0000000100000000)
  eden space 43008K, 17% used [0x00000000f8300000,0x00000000f8a4c780,0x00000000fad00000)
  from space 19456K, 0% used [0x00000000fed00000,0x00000000fed00000,0x0000000100000000)
  to   space 42496K, 0% used [0x00000000fad00000,0x00000000fad00000,0x00000000fd680000)
 ParOldGen       total 134144K, used 133651K [0x00000000f0000000, 0x00000000f8300000, 0x00000000f8300000)
  object space 134144K, 99% used [0x00000000f0000000,0x00000000f8284dc8,0x00000000f8300000)
 Metaspace       used 52512K, capacity 55514K, committed 55680K, reserved 1097728K
  class space    used 6399K, capacity 6939K, committed 7040K, reserved 1048576K
}
{Heap before GC invocations=450 (full 432):
 PSYoungGen      total 62464K, used 43008K [0x00000000f8300000, 0x0000000100000000, 0x0000000100000000)
  eden space 43008K, 100% used [0x00000000f8300000,0x00000000fad00000,0x00000000fad00000)
  from space 19456K, 0% used [0x00000000fed00000,0x00000000fed00000,0x0000000100000000)
  to   space 42496K, 0% used [0x00000000fad00000,0x00000000fad00000,0x00000000fd680000)
 ParOldGen       total 134144K, used 133651K [0x00000000f0000000, 0x00000000f8300000, 0x00000000f8300000)
  object space 134144K, 99% used [0x00000000f0000000,0x00000000f8284dc8,0x00000000f8300000)
 Metaspace       used 52520K, capacity 55578K, committed 55936K, reserved 1097728K
  class space    used 6399K, capacity 6939K, committed 7040K, reserved 1048576K
2023-01-17T04:26:48.119+0800: 107.069: [Full GC (Ergonomics) [PSYoungGen: 43008K->7461K(62464K)] [ParOldGen: 133651K->133651K(134144K)] 176659K->141112K(196608K), [Metaspace: 52520K->52520K(1097728K)], 0.1148785 secs] [Times: user=0.30 sys=0.00, real=0.12 secs] 
Heap after GC invocations=450 (full 432):
 PSYoungGen      total 62464K, used 7461K [0x00000000f8300000, 0x0000000100000000, 0x0000000100000000)
  eden space 43008K, 17% used [0x00000000f8300000,0x00000000f8a49508,0x00000000fad00000)
  from space 19456K, 0% used [0x00000000fed00000,0x00000000fed00000,0x0000000100000000)
  to   space 42496K, 0% used [0x00000000fad00000,0x00000000fad00000,0x00000000fd680000)
 ParOldGen       total 134144K, used 133651K [0x00000000f0000000, 0x00000000f8300000, 0x00000000f8300000)
  object space 134144K, 99% used [0x00000000f0000000,0x00000000f8284dc8,0x00000000f8300000)
 Metaspace       used 52520K, capacity 55578K, committed 55936K, reserved 1097728K
  class space    used 6399K, capacity 6939K, committed 7040K, reserved 1048576K
}
{Heap before GC invocations=451 (full 433):
 PSYoungGen      total 62464K, used 43008K [0x00000000f8300000, 0x0000000100000000, 0x0000000100000000)
  eden space 43008K, 100% used [0x00000000f8300000,0x00000000fad00000,0x00000000fad00000)
  from space 19456K, 0% used [0x00000000fed00000,0x00000000fed00000,0x0000000100000000)
  to   space 42496K, 0% used [0x00000000fad00000,0x00000000fad00000,0x00000000fd680000)
 ParOldGen       total 134144K, used 133651K [0x00000000f0000000, 0x00000000f8300000, 0x00000000f8300000)
  object space 134144K, 99% used [0x00000000f0000000,0x00000000f8284dc8,0x00000000f8300000)
 Metaspace       used 52520K, capacity 55578K, committed 55936K, reserved 1097728K
  class space    used 6399K, capacity 6939K, committed 7040K, reserved 1048576K
2023-01-17T04:26:48.280+0800: 107.230: [Full GC (Ergonomics) [PSYoungGen: 43008K->7457K(62464K)] [ParOldGen: 133651K->133651K(134144K)] 176659K->141109K(196608K), [Metaspace: 52520K->52520K(1097728K)], 0.1151660 secs] [Times: user=0.30 sys=0.00, real=0.11 secs] 
Heap after GC invocations=451 (full 433):
 PSYoungGen      total 62464K, used 7457K [0x00000000f8300000, 0x0000000100000000, 0x0000000100000000)
  eden space 43008K, 17% used [0x00000000f8300000,0x00000000f8a486c0,0x00000000fad00000)
  from space 19456K, 0% used [0x00000000fed00000,0x00000000fed00000,0x0000000100000000)
  to   space 42496K, 0% used [0x00000000fad00000,0x00000000fad00000,0x00000000fd680000)
 ParOldGen       total 134144K, used 133651K [0x00000000f0000000, 0x00000000f8300000, 0x00000000f8300000)
  object space 134144K, 99% used [0x00000000f0000000,0x00000000f8284dc8,0x00000000f8300000)
 Metaspace       used 52520K, capacity 55578K, committed 55936K, reserved 1097728K
  class space    used 6399K, capacity 6939K, committed 7040K, reserved 1048576K
}
{Heap before GC invocations=452 (full 434):
 PSYoungGen      total 62464K, used 43008K [0x00000000f8300000, 0x0000000100000000, 0x0000000100000000)
  eden space 43008K, 100% used [0x00000000f8300000,0x00000000fad00000,0x00000000fad00000)
  from space 19456K, 0% used [0x00000000fed00000,0x00000000fed00000,0x0000000100000000)
  to   space 42496K, 0% used [0x00000000fad00000,0x00000000fad00000,0x00000000fd680000)
 ParOldGen       total 134144K, used 133651K [0x00000000f0000000, 0x00000000f8300000, 0x00000000f8300000)
  object space 134144K, 99% used [0x00000000f0000000,0x00000000f8284dc8,0x00000000f8300000)
 Metaspace       used 52520K, capacity 55578K, committed 55936K, reserved 1097728K
  class space    used 6399K, capacity 6939K, committed 7040K, reserved 1048576K
2023-01-17T04:26:48.440+0800: 107.390: [Full GC (Ergonomics) [PSYoungGen: 43008K->7464K(62464K)] [ParOldGen: 133651K->133651K(134144K)] 176659K->141115K(196608K), [Metaspace: 52520K->52520K(1097728K)], 0.1145843 secs] [Times: user=0.30 sys=0.00, real=0.11 secs] 
Heap after GC invocations=452 (full 434):
 PSYoungGen      total 62464K, used 7464K [0x00000000f8300000, 0x0000000100000000, 0x0000000100000000)
  eden space 43008K, 17% used [0x00000000f8300000,0x00000000f8a4a220,0x00000000fad00000)
  from space 19456K, 0% used [0x00000000fed00000,0x00000000fed00000,0x0000000100000000)
  to   space 42496K, 0% used [0x00000000fad00000,0x00000000fad00000,0x00000000fd680000)
 ParOldGen       total 134144K, used 133651K [0x00000000f0000000, 0x00000000f8300000, 0x00000000f8300000)
  object space 134144K, 99% used [0x00000000f0000000,0x00000000f8284dc8,0x00000000f8300000)
 Metaspace       used 52520K, capacity 55578K, committed 55936K, reserved 1097728K
  class space    used 6399K, capacity 6939K, committed 7040K, reserved 1048576K
}
{Heap before GC invocations=453 (full 435):
 PSYoungGen      total 62464K, used 43008K [0x00000000f8300000, 0x0000000100000000, 0x0000000100000000)
  eden space 43008K, 100% used [0x00000000f8300000,0x00000000fad00000,0x00000000fad00000)
  from space 19456K, 0% used [0x00000000fed00000,0x00000000fed00000,0x0000000100000000)
  to   space 42496K, 0% used [0x00000000fad00000,0x00000000fad00000,0x00000000fd680000)
 ParOldGen       total 134144K, used 133651K [0x00000000f0000000, 0x00000000f8300000, 0x00000000f8300000)
  object space 134144K, 99% used [0x00000000f0000000,0x00000000f8284dc8,0x00000000f8300000)
 Metaspace       used 52520K, capacity 55578K, committed 55936K, reserved 1097728K
  class space    used 6399K, capacity 6939K, committed 7040K, reserved 1048576K
2023-01-17T04:26:48.611+0800: 107.561: [Full GC (Ergonomics) [PSYoungGen: 43008K->7469K(62464K)] [ParOldGen: 133651K->133651K(134144K)] 176659K->141121K(196608K), [Metaspace: 52520K->52520K(1097728K)], 0.1466000 secs] [Times: user=0.32 sys=0.00, real=0.14 secs] 
Heap after GC invocations=453 (full 435):
 PSYoungGen      total 62464K, used 7469K [0x00000000f8300000, 0x0000000100000000, 0x0000000100000000)
  eden space 43008K, 17% used [0x00000000f8300000,0x00000000f8a4b648,0x00000000fad00000)
  from space 19456K, 0% used [0x00000000fed00000,0x00000000fed00000,0x0000000100000000)
  to   space 42496K, 0% used [0x00000000fad00000,0x00000000fad00000,0x00000000fd680000)
 ParOldGen       total 134144K, used 133651K [0x00000000f0000000, 0x00000000f8300000, 0x00000000f8300000)
  object space 134144K, 99% used [0x00000000f0000000,0x00000000f8284dc8,0x00000000f8300000)
 Metaspace       used 52520K, capacity 55578K, committed 55936K, reserved 1097728K
  class space    used 6399K, capacity 6939K, committed 7040K, reserved 1048576K
}
{Heap before GC invocations=454 (full 436):
 PSYoungGen      total 62464K, used 43008K [0x00000000f8300000, 0x0000000100000000, 0x0000000100000000)
  eden space 43008K, 100% used [0x00000000f8300000,0x00000000fad00000,0x00000000fad00000)
  from space 19456K, 0% used [0x00000000fed00000,0x00000000fed00000,0x0000000100000000)
  to   space 42496K, 0% used [0x00000000fad00000,0x00000000fad00000,0x00000000fd680000)
 ParOldGen       total 134144K, used 133651K [0x00000000f0000000, 0x00000000f8300000, 0x00000000f8300000)
  object space 134144K, 99% used [0x00000000f0000000,0x00000000f8284dc8,0x00000000f8300000)
 Metaspace       used 52520K, capacity 55578K, committed 55936K, reserved 1097728K
  class space    used 6399K, capacity 6939K, committed 7040K, reserved 1048576K
2023-01-17T04:26:48.815+0800: 107.765: [Full GC (Ergonomics) [PSYoungGen: 43008K->7476K(62464K)] [ParOldGen: 133651K->133651K(134144K)] 176659K->141127K(196608K), [Metaspace: 52520K->52520K(1097728K)], 0.1208831 secs] [Times: user=0.30 sys=0.00, real=0.12 secs] 
Heap after GC invocations=454 (full 436):
 PSYoungGen      total 62464K, used 7476K [0x00000000f8300000, 0x0000000100000000, 0x0000000100000000)
  eden space 43008K, 17% used [0x00000000f8300000,0x00000000f8a4d228,0x00000000fad00000)
  from space 19456K, 0% used [0x00000000fed00000,0x00000000fed00000,0x0000000100000000)
  to   space 42496K, 0% used [0x00000000fad00000,0x00000000fad00000,0x00000000fd680000)
 ParOldGen       total 134144K, used 133651K [0x00000000f0000000, 0x00000000f8300000, 0x00000000f8300000)
  object space 134144K, 99% used [0x00000000f0000000,0x00000000f8284dc8,0x00000000f8300000)
 Metaspace       used 52520K, capacity 55578K, committed 55936K, reserved 1097728K
  class space    used 6399K, capacity 6939K, committed 7040K, reserved 1048576K
}
{Heap before GC invocations=455 (full 437):
 PSYoungGen      total 62464K, used 43008K [0x00000000f8300000, 0x0000000100000000, 0x0000000100000000)
  eden space 43008K, 100% used [0x00000000f8300000,0x00000000fad00000,0x00000000fad00000)
  from space 19456K, 0% used [0x00000000fed00000,0x00000000fed00000,0x0000000100000000)
  to   space 42496K, 0% used [0x00000000fad00000,0x00000000fad00000,0x00000000fd680000)
 ParOldGen       total 134144K, used 133651K [0x00000000f0000000, 0x00000000f8300000, 0x00000000f8300000)
  object space 134144K, 99% used [0x00000000f0000000,0x00000000f8284dc8,0x00000000f8300000)
 Metaspace       used 52520K, capacity 55578K, committed 55936K, reserved 1097728K
  class space    used 6399K, capacity 6939K, committed 7040K, reserved 1048576K
2023-01-17T04:26:48.981+0800: 107.931: [Full GC (Ergonomics) [PSYoungGen: 43008K->7457K(62464K)] [ParOldGen: 133651K->133651K(134144K)] 176659K->141109K(196608K), [Metaspace: 52520K->52520K(1097728K)], 0.1097269 secs] [Times: user=0.28 sys=0.00, real=0.11 secs] 
Heap after GC invocations=455 (full 437):
 PSYoungGen      total 62464K, used 7457K [0x00000000f8300000, 0x0000000100000000, 0x0000000100000000)
  eden space 43008K, 17% used [0x00000000f8300000,0x00000000f8a486e0,0x00000000fad00000)
  from space 19456K, 0% used [0x00000000fed00000,0x00000000fed00000,0x0000000100000000)
  to   space 42496K, 0% used [0x00000000fad00000,0x00000000fad00000,0x00000000fd680000)
 ParOldGen       total 134144K, used 133651K [0x00000000f0000000, 0x00000000f8300000, 0x00000000f8300000)
  object space 134144K, 99% used [0x00000000f0000000,0x00000000f8284dc8,0x00000000f8300000)
 Metaspace       used 52520K, capacity 55578K, committed 55936K, reserved 1097728K
  class space    used 6399K, capacity 6939K, committed 7040K, reserved 1048576K
}
{Heap before GC invocations=456 (full 438):
 PSYoungGen      total 62464K, used 43008K [0x00000000f8300000, 0x0000000100000000, 0x0000000100000000)
  eden space 43008K, 100% used [0x00000000f8300000,0x00000000fad00000,0x00000000fad00000)
  from space 19456K, 0% used [0x00000000fed00000,0x00000000fed00000,0x0000000100000000)
  to   space 42496K, 0% used [0x00000000fad00000,0x00000000fad00000,0x00000000fd680000)
 ParOldGen       total 134144K, used 133651K [0x00000000f0000000, 0x00000000f8300000, 0x00000000f8300000)
  object space 134144K, 99% used [0x00000000f0000000,0x00000000f8284dc8,0x00000000f8300000)
 Metaspace       used 52521K, capacity 55578K, committed 55936K, reserved 1097728K
  class space    used 6399K, capacity 6939K, committed 7040K, reserved 1048576K
2023-01-17T04:26:49.146+0800: 108.095: [Full GC (Ergonomics) [PSYoungGen: 43008K->7449K(62464K)] [ParOldGen: 133651K->133650K(134144K)] 176659K->141099K(196608K), [Metaspace: 52521K->52521K(1097728K)], 0.1476528 secs] [Times: user=0.33 sys=0.00, real=0.15 secs] 
Heap after GC invocations=456 (full 438):
 PSYoungGen      total 62464K, used 7449K [0x00000000f8300000, 0x0000000100000000, 0x0000000100000000)
  eden space 43008K, 17% used [0x00000000f8300000,0x00000000f8a465d8,0x00000000fad00000)
  from space 19456K, 0% used [0x00000000fed00000,0x00000000fed00000,0x0000000100000000)
  to   space 42496K, 0% used [0x00000000fad00000,0x00000000fad00000,0x00000000fd680000)
 ParOldGen       total 134144K, used 133650K [0x00000000f0000000, 0x00000000f8300000, 0x00000000f8300000)
  object space 134144K, 99% used [0x00000000f0000000,0x00000000f82849b8,0x00000000f8300000)
 Metaspace       used 52521K, capacity 55578K, committed 55936K, reserved 1097728K
  class space    used 6399K, capacity 6939K, committed 7040K, reserved 1048576K
}
{Heap before GC invocations=457 (full 439):
 PSYoungGen      total 62464K, used 43008K [0x00000000f8300000, 0x0000000100000000, 0x0000000100000000)
  eden space 43008K, 100% used [0x00000000f8300000,0x00000000fad00000,0x00000000fad00000)
  from space 19456K, 0% used [0x00000000fed00000,0x00000000fed00000,0x0000000100000000)
  to   space 42496K, 0% used [0x00000000fad00000,0x00000000fad00000,0x00000000fd680000)
 ParOldGen       total 134144K, used 133650K [0x00000000f0000000, 0x00000000f8300000, 0x00000000f8300000)
  object space 134144K, 99% used [0x00000000f0000000,0x00000000f82849b8,0x00000000f8300000)
 Metaspace       used 52521K, capacity 55578K, committed 55936K, reserved 1097728K
  class space    used 6399K, capacity 6939K, committed 7040K, reserved 1048576K
2023-01-17T04:26:49.352+0800: 108.301: [Full GC (Ergonomics) [PSYoungGen: 43008K->7482K(62464K)] [ParOldGen: 133650K->133649K(134144K)] 176658K->141132K(196608K), [Metaspace: 52521K->52521K(1097728K)], 0.1761526 secs] [Times: user=0.36 sys=0.00, real=0.17 secs] 
Heap after GC invocations=457 (full 439):
 PSYoungGen      total 62464K, used 7482K [0x00000000f8300000, 0x0000000100000000, 0x0000000100000000)
  eden space 43008K, 17% used [0x00000000f8300000,0x00000000f8a4eae0,0x00000000fad00000)
  from space 19456K, 0% used [0x00000000fed00000,0x00000000fed00000,0x0000000100000000)
  to   space 42496K, 0% used [0x00000000fad00000,0x00000000fad00000,0x00000000fd680000)
 ParOldGen       total 134144K, used 133649K [0x00000000f0000000, 0x00000000f8300000, 0x00000000f8300000)
  object space 134144K, 99% used [0x00000000f0000000,0x00000000f82845a8,0x00000000f8300000)
 Metaspace       used 52521K, capacity 55578K, committed 55936K, reserved 1097728K
  class space    used 6399K, capacity 6939K, committed 7040K, reserved 1048576K
}
{Heap before GC invocations=458 (full 440):
 PSYoungGen      total 62464K, used 43008K [0x00000000f8300000, 0x0000000100000000, 0x0000000100000000)
  eden space 43008K, 100% used [0x00000000f8300000,0x00000000fad00000,0x00000000fad00000)
  from space 19456K, 0% used [0x00000000fed00000,0x00000000fed00000,0x0000000100000000)
  to   space 42496K, 0% used [0x00000000fad00000,0x00000000fad00000,0x00000000fd680000)
 ParOldGen       total 134144K, used 133649K [0x00000000f0000000, 0x00000000f8300000, 0x00000000f8300000)
  object space 134144K, 99% used [0x00000000f0000000,0x00000000f82845a8,0x00000000f8300000)
 Metaspace       used 52521K, capacity 55578K, committed 55936K, reserved 1097728K
  class space    used 6399K, capacity 6939K, committed 7040K, reserved 1048576K
2023-01-17T04:26:49.586+0800: 108.536: [Full GC (Ergonomics) [PSYoungGen: 43008K->7477K(62464K)] [ParOldGen: 133649K->133649K(134144K)] 176657K->141127K(196608K), [Metaspace: 52521K->52521K(1097728K)], 0.1202135 secs] [Times: user=0.32 sys=0.00, real=0.12 secs] 
Heap after GC invocations=458 (full 440):
 PSYoungGen      total 62464K, used 7477K [0x00000000f8300000, 0x0000000100000000, 0x0000000100000000)
  eden space 43008K, 17% used [0x00000000f8300000,0x00000000f8a4d6e8,0x00000000fad00000)
  from space 19456K, 0% used [0x00000000fed00000,0x00000000fed00000,0x0000000100000000)
  to   space 42496K, 0% used [0x00000000fad00000,0x00000000fad00000,0x00000000fd680000)
 ParOldGen       total 134144K, used 133649K [0x00000000f0000000, 0x00000000f8300000, 0x00000000f8300000)
  object space 134144K, 99% used [0x00000000f0000000,0x00000000f8284548,0x00000000f8300000)
 Metaspace       used 52521K, capacity 55578K, committed 55936K, reserved 1097728K
  class space    used 6399K, capacity 6939K, committed 7040K, reserved 1048576K
}
{Heap before GC invocations=459 (full 441):
 PSYoungGen      total 62464K, used 43008K [0x00000000f8300000, 0x0000000100000000, 0x0000000100000000)
  eden space 43008K, 100% used [0x00000000f8300000,0x00000000fad00000,0x00000000fad00000)
  from space 19456K, 0% used [0x00000000fed00000,0x00000000fed00000,0x0000000100000000)
  to   space 42496K, 0% used [0x00000000fad00000,0x00000000fad00000,0x00000000fd680000)
 ParOldGen       total 134144K, used 133649K [0x00000000f0000000, 0x00000000f8300000, 0x00000000f8300000)
  object space 134144K, 99% used [0x00000000f0000000,0x00000000f8284548,0x00000000f8300000)
 Metaspace       used 52521K, capacity 55578K, committed 55936K, reserved 1097728K
  class space    used 6399K, capacity 6939K, committed 7040K, reserved 1048576K
2023-01-17T04:26:49.752+0800: 108.702: [Full GC (Ergonomics) [PSYoungGen: 43008K->7453K(62464K)] [ParOldGen: 133649K->133649K(134144K)] 176657K->141102K(196608K), [Metaspace: 52521K->52521K(1097728K)], 0.1291198 secs] [Times: user=0.34 sys=0.00, real=0.13 secs] 
Heap after GC invocations=459 (full 441):
 PSYoungGen      total 62464K, used 7453K [0x00000000f8300000, 0x0000000100000000, 0x0000000100000000)
  eden space 43008K, 17% used [0x00000000f8300000,0x00000000f8a47530,0x00000000fad00000)
  from space 19456K, 0% used [0x00000000fed00000,0x00000000fed00000,0x0000000100000000)
  to   space 42496K, 0% used [0x00000000fad00000,0x00000000fad00000,0x00000000fd680000)
 ParOldGen       total 134144K, used 133649K [0x00000000f0000000, 0x00000000f8300000, 0x00000000f8300000)
  object space 134144K, 99% used [0x00000000f0000000,0x00000000f8284548,0x00000000f8300000)
 Metaspace       used 52521K, capacity 55578K, committed 55936K, reserved 1097728K
  class space    used 6399K, capacity 6939K, committed 7040K, reserved 1048576K
}
{Heap before GC invocations=460 (full 442):
 PSYoungGen      total 62464K, used 43008K [0x00000000f8300000, 0x0000000100000000, 0x0000000100000000)
  eden space 43008K, 100% used [0x00000000f8300000,0x00000000fad00000,0x00000000fad00000)
  from space 19456K, 0% used [0x00000000fed00000,0x00000000fed00000,0x0000000100000000)
  to   space 42496K, 0% used [0x00000000fad00000,0x00000000fad00000,0x00000000fd680000)
 ParOldGen       total 134144K, used 133649K [0x00000000f0000000, 0x00000000f8300000, 0x00000000f8300000)
  object space 134144K, 99% used [0x00000000f0000000,0x00000000f8284548,0x00000000f8300000)
 Metaspace       used 52521K, capacity 55578K, committed 55936K, reserved 1097728K
  class space    used 6399K, capacity 6939K, committed 7040K, reserved 1048576K
2023-01-17T04:26:49.927+0800: 108.877: [Full GC (Ergonomics) [PSYoungGen: 43008K->7453K(62464K)] [ParOldGen: 133649K->133649K(134144K)] 176657K->141103K(196608K), [Metaspace: 52521K->52521K(1097728K)], 0.1284599 secs] [Times: user=0.35 sys=0.01, real=0.13 secs] 
Heap after GC invocations=460 (full 442):
 PSYoungGen      total 62464K, used 7453K [0x00000000f8300000, 0x0000000100000000, 0x0000000100000000)
  eden space 43008K, 17% used [0x00000000f8300000,0x00000000f8a477f8,0x00000000fad00000)
  from space 19456K, 0% used [0x00000000fed00000,0x00000000fed00000,0x0000000100000000)
  to   space 42496K, 0% used [0x00000000fad00000,0x00000000fad00000,0x00000000fd680000)
 ParOldGen       total 134144K, used 133649K [0x00000000f0000000, 0x00000000f8300000, 0x00000000f8300000)
  object space 134144K, 99% used [0x00000000f0000000,0x00000000f82844b0,0x00000000f8300000)
 Metaspace       used 52521K, capacity 55578K, committed 55936K, reserved 1097728K
  class space    used 6399K, capacity 6939K, committed 7040K, reserved 1048576K
}
{Heap before GC invocations=461 (full 443):
 PSYoungGen      total 62464K, used 43008K [0x00000000f8300000, 0x0000000100000000, 0x0000000100000000)
  eden space 43008K, 100% used [0x00000000f8300000,0x00000000fad00000,0x00000000fad00000)
  from space 19456K, 0% used [0x00000000fed00000,0x00000000fed00000,0x0000000100000000)
  to   space 42496K, 0% used [0x00000000fad00000,0x00000000fad00000,0x00000000fd680000)
 ParOldGen       total 134144K, used 133649K [0x00000000f0000000, 0x00000000f8300000, 0x00000000f8300000)
  object space 134144K, 99% used [0x00000000f0000000,0x00000000f82844b0,0x00000000f8300000)
 Metaspace       used 52521K, capacity 55578K, committed 55936K, reserved 1097728K
  class space    used 6399K, capacity 6939K, committed 7040K, reserved 1048576K
2023-01-17T04:26:50.106+0800: 109.056: [Full GC (Ergonomics) [PSYoungGen: 43008K->7468K(62464K)] [ParOldGen: 133649K->133649K(134144K)] 176657K->141117K(196608K), [Metaspace: 52521K->52521K(1097728K)], 0.1492825 secs] [Times: user=0.34 sys=0.00, real=0.15 secs] 
Heap after GC invocations=461 (full 443):
 PSYoungGen      total 62464K, used 7468K [0x00000000f8300000, 0x0000000100000000, 0x0000000100000000)
  eden space 43008K, 17% used [0x00000000f8300000,0x00000000f8a4b0b0,0x00000000fad00000)
  from space 19456K, 0% used [0x00000000fed00000,0x00000000fed00000,0x0000000100000000)
  to   space 42496K, 0% used [0x00000000fad00000,0x00000000fad00000,0x00000000fd680000)
 ParOldGen       total 134144K, used 133649K [0x00000000f0000000, 0x00000000f8300000, 0x00000000f8300000)
  object space 134144K, 99% used [0x00000000f0000000,0x00000000f8284418,0x00000000f8300000)
 Metaspace       used 52521K, capacity 55578K, committed 55936K, reserved 1097728K
  class space    used 6399K, capacity 6939K, committed 7040K, reserved 1048576K
}
{Heap before GC invocations=462 (full 444):
 PSYoungGen      total 62464K, used 43008K [0x00000000f8300000, 0x0000000100000000, 0x0000000100000000)
  eden space 43008K, 100% used [0x00000000f8300000,0x00000000fad00000,0x00000000fad00000)
  from space 19456K, 0% used [0x00000000fed00000,0x00000000fed00000,0x0000000100000000)
  to   space 42496K, 0% used [0x00000000fad00000,0x00000000fad00000,0x00000000fd680000)
 ParOldGen       total 134144K, used 133649K [0x00000000f0000000, 0x00000000f8300000, 0x00000000f8300000)
  object space 134144K, 99% used [0x00000000f0000000,0x00000000f8284418,0x00000000f8300000)
 Metaspace       used 52521K, capacity 55578K, committed 55936K, reserved 1097728K
  class space    used 6399K, capacity 6939K, committed 7040K, reserved 1048576K
2023-01-17T04:26:50.311+0800: 109.261: [Full GC (Ergonomics) [PSYoungGen: 43008K->7490K(62464K)] [ParOldGen: 133649K->133649K(134144K)] 176657K->141139K(196608K), [Metaspace: 52521K->52521K(1097728K)], 0.1418313 secs] [Times: user=0.33 sys=0.00, real=0.14 secs] 
Heap after GC invocations=462 (full 444):
 PSYoungGen      total 62464K, used 7490K [0x00000000f8300000, 0x0000000100000000, 0x0000000100000000)
  eden space 43008K, 17% used [0x00000000f8300000,0x00000000f8a50960,0x00000000fad00000)
  from space 19456K, 0% used [0x00000000fed00000,0x00000000fed00000,0x0000000100000000)
  to   space 42496K, 0% used [0x00000000fad00000,0x00000000fad00000,0x00000000fd680000)
 ParOldGen       total 134144K, used 133649K [0x00000000f0000000, 0x00000000f8300000, 0x00000000f8300000)
  object space 134144K, 99% used [0x00000000f0000000,0x00000000f8284418,0x00000000f8300000)
 Metaspace       used 52521K, capacity 55578K, committed 55936K, reserved 1097728K
  class space    used 6399K, capacity 6939K, committed 7040K, reserved 1048576K
}
{Heap before GC invocations=463 (full 445):
 PSYoungGen      total 62464K, used 43008K [0x00000000f8300000, 0x0000000100000000, 0x0000000100000000)
  eden space 43008K, 100% used [0x00000000f8300000,0x00000000fad00000,0x00000000fad00000)
  from space 19456K, 0% used [0x00000000fed00000,0x00000000fed00000,0x0000000100000000)
  to   space 42496K, 0% used [0x00000000fad00000,0x00000000fad00000,0x00000000fd680000)
 ParOldGen       total 134144K, used 133649K [0x00000000f0000000, 0x00000000f8300000, 0x00000000f8300000)
  object space 134144K, 99% used [0x00000000f0000000,0x00000000f8284418,0x00000000f8300000)
 Metaspace       used 52521K, capacity 55578K, committed 55936K, reserved 1097728K
  class space    used 6399K, capacity 6939K, committed 7040K, reserved 1048576K
2023-01-17T04:26:50.512+0800: 109.462: [Full GC (Ergonomics) [PSYoungGen: 43008K->7478K(62464K)] [ParOldGen: 133649K->133649K(134144K)] 176657K->141127K(196608K), [Metaspace: 52521K->52521K(1097728K)], 0.1307283 secs] [Times: user=0.29 sys=0.00, real=0.13 secs] 
Heap after GC invocations=463 (full 445):
 PSYoungGen      total 62464K, used 7478K [0x00000000f8300000, 0x0000000100000000, 0x0000000100000000)
  eden space 43008K, 17% used [0x00000000f8300000,0x00000000f8a4d9f0,0x00000000fad00000)
  from space 19456K, 0% used [0x00000000fed00000,0x00000000fed00000,0x0000000100000000)
  to   space 42496K, 0% used [0x00000000fad00000,0x00000000fad00000,0x00000000fd680000)
 ParOldGen       total 134144K, used 133649K [0x00000000f0000000, 0x00000000f8300000, 0x00000000f8300000)
  object space 134144K, 99% used [0x00000000f0000000,0x00000000f8284418,0x00000000f8300000)
 Metaspace       used 52521K, capacity 55578K, committed 55936K, reserved 1097728K
  class space    used 6399K, capacity 6939K, committed 7040K, reserved 1048576K
}
{Heap before GC invocations=464 (full 446):
 PSYoungGen      total 62464K, used 43008K [0x00000000f8300000, 0x0000000100000000, 0x0000000100000000)
  eden space 43008K, 100% used [0x00000000f8300000,0x00000000fad00000,0x00000000fad00000)
  from space 19456K, 0% used [0x00000000fed00000,0x00000000fed00000,0x0000000100000000)
  to   space 42496K, 0% used [0x00000000fad00000,0x00000000fad00000,0x00000000fd680000)
 ParOldGen       total 134144K, used 133649K [0x00000000f0000000, 0x00000000f8300000, 0x00000000f8300000)
  object space 134144K, 99% used [0x00000000f0000000,0x00000000f8284418,0x00000000f8300000)
 Metaspace       used 52521K, capacity 55578K, committed 55936K, reserved 1097728K
  class space    used 6399K, capacity 6939K, committed 7040K, reserved 1048576K
2023-01-17T04:26:50.688+0800: 109.638: [Full GC (Ergonomics) [PSYoungGen: 43008K->7492K(62464K)] [ParOldGen: 133649K->133649K(134144K)] 176657K->141141K(196608K), [Metaspace: 52521K->52521K(1097728K)], 0.1147228 secs] [Times: user=0.30 sys=0.00, real=0.12 secs] 
Heap after GC invocations=464 (full 446):
 PSYoungGen      total 62464K, used 7492K [0x00000000f8300000, 0x0000000100000000, 0x0000000100000000)
  eden space 43008K, 17% used [0x00000000f8300000,0x00000000f8a51240,0x00000000fad00000)
  from space 19456K, 0% used [0x00000000fed00000,0x00000000fed00000,0x0000000100000000)
  to   space 42496K, 0% used [0x00000000fad00000,0x00000000fad00000,0x00000000fd680000)
 ParOldGen       total 134144K, used 133649K [0x00000000f0000000, 0x00000000f8300000, 0x00000000f8300000)
  object space 134144K, 99% used [0x00000000f0000000,0x00000000f8284418,0x00000000f8300000)
 Metaspace       used 52521K, capacity 55578K, committed 55936K, reserved 1097728K
  class space    used 6399K, capacity 6939K, committed 7040K, reserved 1048576K
}
{Heap before GC invocations=465 (full 447):
 PSYoungGen      total 62464K, used 43008K [0x00000000f8300000, 0x0000000100000000, 0x0000000100000000)
  eden space 43008K, 100% used [0x00000000f8300000,0x00000000fad00000,0x00000000fad00000)
  from space 19456K, 0% used [0x00000000fed00000,0x00000000fed00000,0x0000000100000000)
  to   space 42496K, 0% used [0x00000000fad00000,0x00000000fad00000,0x00000000fd680000)
 ParOldGen       total 134144K, used 133649K [0x00000000f0000000, 0x00000000f8300000, 0x00000000f8300000)
  object space 134144K, 99% used [0x00000000f0000000,0x00000000f8284418,0x00000000f8300000)
 Metaspace       used 52521K, capacity 55578K, committed 55936K, reserved 1097728K
  class space    used 6399K, capacity 6939K, committed 7040K, reserved 1048576K
2023-01-17T04:26:50.853+0800: 109.803: [Full GC (Ergonomics) [PSYoungGen: 43008K->7469K(62464K)] [ParOldGen: 133649K->133649K(134144K)] 176657K->141118K(196608K), [Metaspace: 52521K->52521K(1097728K)], 0.1407780 secs] [Times: user=0.32 sys=0.00, real=0.14 secs] 
Heap after GC invocations=465 (full 447):
 PSYoungGen      total 62464K, used 7469K [0x00000000f8300000, 0x0000000100000000, 0x0000000100000000)
  eden space 43008K, 17% used [0x00000000f8300000,0x00000000f8a4b440,0x00000000fad00000)
  from space 19456K, 0% used [0x00000000fed00000,0x00000000fed00000,0x0000000100000000)
  to   space 42496K, 0% used [0x00000000fad00000,0x00000000fad00000,0x00000000fd680000)
 ParOldGen       total 134144K, used 133649K [0x00000000f0000000, 0x00000000f8300000, 0x00000000f8300000)
  object space 134144K, 99% used [0x00000000f0000000,0x00000000f8284418,0x00000000f8300000)
 Metaspace       used 52521K, capacity 55578K, committed 55936K, reserved 1097728K
  class space    used 6399K, capacity 6939K, committed 7040K, reserved 1048576K
}
{Heap before GC invocations=466 (full 448):
 PSYoungGen      total 62464K, used 43008K [0x00000000f8300000, 0x0000000100000000, 0x0000000100000000)
  eden space 43008K, 100% used [0x00000000f8300000,0x00000000fad00000,0x00000000fad00000)
  from space 19456K, 0% used [0x00000000fed00000,0x00000000fed00000,0x0000000100000000)
  to   space 42496K, 0% used [0x00000000fad00000,0x00000000fad00000,0x00000000fd680000)
 ParOldGen       total 134144K, used 133649K [0x00000000f0000000, 0x00000000f8300000, 0x00000000f8300000)
  object space 134144K, 99% used [0x00000000f0000000,0x00000000f8284418,0x00000000f8300000)
 Metaspace       used 52521K, capacity 55578K, committed 55936K, reserved 1097728K
  class space    used 6399K, capacity 6939K, committed 7040K, reserved 1048576K
2023-01-17T04:26:51.051+0800: 110.001: [Full GC (Ergonomics) [PSYoungGen: 43008K->7480K(62464K)] [ParOldGen: 133649K->133649K(134144K)] 176657K->141129K(196608K), [Metaspace: 52521K->52521K(1097728K)], 0.1267027 secs] [Times: user=0.30 sys=0.00, real=0.12 secs] 
Heap after GC invocations=466 (full 448):
 PSYoungGen      total 62464K, used 7480K [0x00000000f8300000, 0x0000000100000000, 0x0000000100000000)
  eden space 43008K, 17% used [0x00000000f8300000,0x00000000f8a4e0a8,0x00000000fad00000)
  from space 19456K, 0% used [0x00000000fed00000,0x00000000fed00000,0x0000000100000000)
  to   space 42496K, 0% used [0x00000000fad00000,0x00000000fad00000,0x00000000fd680000)
 ParOldGen       total 134144K, used 133649K [0x00000000f0000000, 0x00000000f8300000, 0x00000000f8300000)
  object space 134144K, 99% used [0x00000000f0000000,0x00000000f8284418,0x00000000f8300000)
 Metaspace       used 52521K, capacity 55578K, committed 55936K, reserved 1097728K
  class space    used 6399K, capacity 6939K, committed 7040K, reserved 1048576K
}
{Heap before GC invocations=467 (full 449):
 PSYoungGen      total 62464K, used 43008K [0x00000000f8300000, 0x0000000100000000, 0x0000000100000000)
  eden space 43008K, 100% used [0x00000000f8300000,0x00000000fad00000,0x00000000fad00000)
  from space 19456K, 0% used [0x00000000fed00000,0x00000000fed00000,0x0000000100000000)
  to   space 42496K, 0% used [0x00000000fad00000,0x00000000fad00000,0x00000000fd680000)
 ParOldGen       total 134144K, used 133649K [0x00000000f0000000, 0x00000000f8300000, 0x00000000f8300000)
  object space 134144K, 99% used [0x00000000f0000000,0x00000000f8284418,0x00000000f8300000)
 Metaspace       used 52521K, capacity 55578K, committed 55936K, reserved 1097728K
  class space    used 6399K, capacity 6939K, committed 7040K, reserved 1048576K
2023-01-17T04:26:51.224+0800: 110.174: [Full GC (Ergonomics) [PSYoungGen: 43008K->7494K(62464K)] [ParOldGen: 133649K->133648K(134144K)] 176657K->141143K(196608K), [Metaspace: 52521K->52521K(1097728K)], 0.1187208 secs] [Times: user=0.31 sys=0.00, real=0.12 secs] 
Heap after GC invocations=467 (full 449):
 PSYoungGen      total 62464K, used 7494K [0x00000000f8300000, 0x0000000100000000, 0x0000000100000000)
  eden space 43008K, 17% used [0x00000000f8300000,0x00000000f8a51870,0x00000000fad00000)
  from space 19456K, 0% used [0x00000000fed00000,0x00000000fed00000,0x0000000100000000)
  to   space 42496K, 0% used [0x00000000fad00000,0x00000000fad00000,0x00000000fd680000)
 ParOldGen       total 134144K, used 133648K [0x00000000f0000000, 0x00000000f8300000, 0x00000000f8300000)
  object space 134144K, 99% used [0x00000000f0000000,0x00000000f82843b8,0x00000000f8300000)
 Metaspace       used 52521K, capacity 55578K, committed 55936K, reserved 1097728K
  class space    used 6399K, capacity 6939K, committed 7040K, reserved 1048576K
}
{Heap before GC invocations=468 (full 450):
 PSYoungGen      total 62464K, used 43008K [0x00000000f8300000, 0x0000000100000000, 0x0000000100000000)
  eden space 43008K, 100% used [0x00000000f8300000,0x00000000fad00000,0x00000000fad00000)
  from space 19456K, 0% used [0x00000000fed00000,0x00000000fed00000,0x0000000100000000)
  to   space 42496K, 0% used [0x00000000fad00000,0x00000000fad00000,0x00000000fd680000)
 ParOldGen       total 134144K, used 133648K [0x00000000f0000000, 0x00000000f8300000, 0x00000000f8300000)
  object space 134144K, 99% used [0x00000000f0000000,0x00000000f82843b8,0x00000000f8300000)
 Metaspace       used 52521K, capacity 55578K, committed 55936K, reserved 1097728K
  class space    used 6399K, capacity 6939K, committed 7040K, reserved 1048576K
2023-01-17T04:26:51.389+0800: 110.339: [Full GC (Ergonomics) [PSYoungGen: 43008K->7478K(62464K)] [ParOldGen: 133648K->133648K(134144K)] 176656K->141127K(196608K), [Metaspace: 52521K->52521K(1097728K)], 0.1155273 secs] [Times: user=0.29 sys=0.00, real=0.12 secs] 
Heap after GC invocations=468 (full 450):
 PSYoungGen      total 62464K, used 7478K [0x00000000f8300000, 0x0000000100000000, 0x0000000100000000)
  eden space 43008K, 17% used [0x00000000f8300000,0x00000000f8a4d9b8,0x00000000fad00000)
  from space 19456K, 0% used [0x00000000fed00000,0x00000000fed00000,0x0000000100000000)
  to   space 42496K, 0% used [0x00000000fad00000,0x00000000fad00000,0x00000000fd680000)
 ParOldGen       total 134144K, used 133648K [0x00000000f0000000, 0x00000000f8300000, 0x00000000f8300000)
  object space 134144K, 99% used [0x00000000f0000000,0x00000000f82843b8,0x00000000f8300000)
 Metaspace       used 52521K, capacity 55578K, committed 55936K, reserved 1097728K
  class space    used 6399K, capacity 6939K, committed 7040K, reserved 1048576K
}
{Heap before GC invocations=469 (full 451):
 PSYoungGen      total 62464K, used 43008K [0x00000000f8300000, 0x0000000100000000, 0x0000000100000000)
  eden space 43008K, 100% used [0x00000000f8300000,0x00000000fad00000,0x00000000fad00000)
  from space 19456K, 0% used [0x00000000fed00000,0x00000000fed00000,0x0000000100000000)
  to   space 42496K, 0% used [0x00000000fad00000,0x00000000fad00000,0x00000000fd680000)
 ParOldGen       total 134144K, used 133648K [0x00000000f0000000, 0x00000000f8300000, 0x00000000f8300000)
  object space 134144K, 99% used [0x00000000f0000000,0x00000000f82843b8,0x00000000f8300000)
 Metaspace       used 52521K, capacity 55578K, committed 55936K, reserved 1097728K
  class space    used 6399K, capacity 6939K, committed 7040K, reserved 1048576K
2023-01-17T04:26:51.550+0800: 110.500: [Full GC (Ergonomics) [PSYoungGen: 43008K->7467K(62464K)] [ParOldGen: 133648K->133648K(134144K)] 176656K->141116K(196608K), [Metaspace: 52521K->52521K(1097728K)], 0.1657450 secs] [Times: user=0.33 sys=0.00, real=0.16 secs] 
Heap after GC invocations=469 (full 451):
 PSYoungGen      total 62464K, used 7467K [0x00000000f8300000, 0x0000000100000000, 0x0000000100000000)
  eden space 43008K, 17% used [0x00000000f8300000,0x00000000f8a4af60,0x00000000fad00000)
  from space 19456K, 0% used [0x00000000fed00000,0x00000000fed00000,0x0000000100000000)
  to   space 42496K, 0% used [0x00000000fad00000,0x00000000fad00000,0x00000000fd680000)
 ParOldGen       total 134144K, used 133648K [0x00000000f0000000, 0x00000000f8300000, 0x00000000f8300000)
  object space 134144K, 99% used [0x00000000f0000000,0x00000000f82843b8,0x00000000f8300000)
 Metaspace       used 52521K, capacity 55578K, committed 55936K, reserved 1097728K
  class space    used 6399K, capacity 6939K, committed 7040K, reserved 1048576K
}
{Heap before GC invocations=470 (full 452):
 PSYoungGen      total 62464K, used 43008K [0x00000000f8300000, 0x0000000100000000, 0x0000000100000000)
  eden space 43008K, 100% used [0x00000000f8300000,0x00000000fad00000,0x00000000fad00000)
  from space 19456K, 0% used [0x00000000fed00000,0x00000000fed00000,0x0000000100000000)
  to   space 42496K, 0% used [0x00000000fad00000,0x00000000fad00000,0x00000000fd680000)
 ParOldGen       total 134144K, used 133648K [0x00000000f0000000, 0x00000000f8300000, 0x00000000f8300000)
  object space 134144K, 99% used [0x00000000f0000000,0x00000000f82843b8,0x00000000f8300000)
 Metaspace       used 52521K, capacity 55578K, committed 55936K, reserved 1097728K
  class space    used 6399K, capacity 6939K, committed 7040K, reserved 1048576K
2023-01-17T04:26:51.794+0800: 110.744: [Full GC (Ergonomics) [PSYoungGen: 43008K->7472K(62464K)] [ParOldGen: 133648K->133648K(134144K)] 176656K->141121K(196608K), [Metaspace: 52521K->52521K(1097728K)], 0.1410088 secs] [Times: user=0.32 sys=0.00, real=0.14 secs] 
Heap after GC invocations=470 (full 452):
 PSYoungGen      total 62464K, used 7472K [0x00000000f8300000, 0x0000000100000000, 0x0000000100000000)
  eden space 43008K, 17% used [0x00000000f8300000,0x00000000f8a4c168,0x00000000fad00000)
  from space 19456K, 0% used [0x00000000fed00000,0x00000000fed00000,0x0000000100000000)
  to   space 42496K, 0% used [0x00000000fad00000,0x00000000fad00000,0x00000000fd680000)
 ParOldGen       total 134144K, used 133648K [0x00000000f0000000, 0x00000000f8300000, 0x00000000f8300000)
  object space 134144K, 99% used [0x00000000f0000000,0x00000000f82843b8,0x00000000f8300000)
 Metaspace       used 52521K, capacity 55578K, committed 55936K, reserved 1097728K
  class space    used 6399K, capacity 6939K, committed 7040K, reserved 1048576K
}
{Heap before GC invocations=471 (full 453):
 PSYoungGen      total 62464K, used 43008K [0x00000000f8300000, 0x0000000100000000, 0x0000000100000000)
  eden space 43008K, 100% used [0x00000000f8300000,0x00000000fad00000,0x00000000fad00000)
  from space 19456K, 0% used [0x00000000fed00000,0x00000000fed00000,0x0000000100000000)
  to   space 42496K, 0% used [0x00000000fad00000,0x00000000fad00000,0x00000000fd680000)
 ParOldGen       total 134144K, used 133648K [0x00000000f0000000, 0x00000000f8300000, 0x00000000f8300000)
  object space 134144K, 99% used [0x00000000f0000000,0x00000000f82843b8,0x00000000f8300000)
 Metaspace       used 52521K, capacity 55578K, committed 55936K, reserved 1097728K
  class space    used 6399K, capacity 6939K, committed 7040K, reserved 1048576K
2023-01-17T04:26:51.980+0800: 110.930: [Full GC (Ergonomics) [PSYoungGen: 43008K->7470K(62464K)] [ParOldGen: 133648K->133648K(134144K)] 176656K->141119K(196608K), [Metaspace: 52521K->52521K(1097728K)], 0.1191596 secs] [Times: user=0.31 sys=0.00, real=0.12 secs] 
Heap after GC invocations=471 (full 453):
 PSYoungGen      total 62464K, used 7470K [0x00000000f8300000, 0x0000000100000000, 0x0000000100000000)
  eden space 43008K, 17% used [0x00000000f8300000,0x00000000f8a4bb58,0x00000000fad00000)
  from space 19456K, 0% used [0x00000000fed00000,0x00000000fed00000,0x0000000100000000)
  to   space 42496K, 0% used [0x00000000fad00000,0x00000000fad00000,0x00000000fd680000)
 ParOldGen       total 134144K, used 133648K [0x00000000f0000000, 0x00000000f8300000, 0x00000000f8300000)
  object space 134144K, 99% used [0x00000000f0000000,0x00000000f82843b8,0x00000000f8300000)
 Metaspace       used 52521K, capacity 55578K, committed 55936K, reserved 1097728K
  class space    used 6399K, capacity 6939K, committed 7040K, reserved 1048576K
}
{Heap before GC invocations=472 (full 454):
 PSYoungGen      total 62464K, used 43008K [0x00000000f8300000, 0x0000000100000000, 0x0000000100000000)
  eden space 43008K, 100% used [0x00000000f8300000,0x00000000fad00000,0x00000000fad00000)
  from space 19456K, 0% used [0x00000000fed00000,0x00000000fed00000,0x0000000100000000)
  to   space 42496K, 0% used [0x00000000fad00000,0x00000000fad00000,0x00000000fd680000)
 ParOldGen       total 134144K, used 133648K [0x00000000f0000000, 0x00000000f8300000, 0x00000000f8300000)
  object space 134144K, 99% used [0x00000000f0000000,0x00000000f82843b8,0x00000000f8300000)
 Metaspace       used 52521K, capacity 55578K, committed 55936K, reserved 1097728K
  class space    used 6399K, capacity 6939K, committed 7040K, reserved 1048576K
2023-01-17T04:26:52.146+0800: 111.095: [Full GC (Ergonomics) [PSYoungGen: 43008K->7466K(62464K)] [ParOldGen: 133648K->133648K(134144K)] 176656K->141115K(196608K), [Metaspace: 52521K->52521K(1097728K)], 0.1144738 secs] [Times: user=0.30 sys=0.00, real=0.12 secs] 
Heap after GC invocations=472 (full 454):
 PSYoungGen      total 62464K, used 7466K [0x00000000f8300000, 0x0000000100000000, 0x0000000100000000)
  eden space 43008K, 17% used [0x00000000f8300000,0x00000000f8a4a9a0,0x00000000fad00000)
  from space 19456K, 0% used [0x00000000fed00000,0x00000000fed00000,0x0000000100000000)
  to   space 42496K, 0% used [0x00000000fad00000,0x00000000fad00000,0x00000000fd680000)
 ParOldGen       total 134144K, used 133648K [0x00000000f0000000, 0x00000000f8300000, 0x00000000f8300000)
  object space 134144K, 99% used [0x00000000f0000000,0x00000000f82843b8,0x00000000f8300000)
 Metaspace       used 52521K, capacity 55578K, committed 55936K, reserved 1097728K
  class space    used 6399K, capacity 6939K, committed 7040K, reserved 1048576K
}
{Heap before GC invocations=473 (full 455):
 PSYoungGen      total 62464K, used 43008K [0x00000000f8300000, 0x0000000100000000, 0x0000000100000000)
  eden space 43008K, 100% used [0x00000000f8300000,0x00000000fad00000,0x00000000fad00000)
  from space 19456K, 0% used [0x00000000fed00000,0x00000000fed00000,0x0000000100000000)
  to   space 42496K, 0% used [0x00000000fad00000,0x00000000fad00000,0x00000000fd680000)
 ParOldGen       total 134144K, used 133648K [0x00000000f0000000, 0x00000000f8300000, 0x00000000f8300000)
  object space 134144K, 99% used [0x00000000f0000000,0x00000000f82843b8,0x00000000f8300000)
 Metaspace       used 52521K, capacity 55578K, committed 55936K, reserved 1097728K
  class space    used 6399K, capacity 6939K, committed 7040K, reserved 1048576K
2023-01-17T04:26:52.306+0800: 111.256: [Full GC (Ergonomics) [PSYoungGen: 43008K->7473K(62464K)] [ParOldGen: 133648K->133648K(134144K)] 176656K->141122K(196608K), [Metaspace: 52521K->52521K(1097728K)], 0.1291392 secs] [Times: user=0.32 sys=0.00, real=0.13 secs] 
Heap after GC invocations=473 (full 455):
 PSYoungGen      total 62464K, used 7473K [0x00000000f8300000, 0x0000000100000000, 0x0000000100000000)
  eden space 43008K, 17% used [0x00000000f8300000,0x00000000f8a4c470,0x00000000fad00000)
  from space 19456K, 0% used [0x00000000fed00000,0x00000000fed00000,0x0000000100000000)
  to   space 42496K, 0% used [0x00000000fad00000,0x00000000fad00000,0x00000000fd680000)
 ParOldGen       total 134144K, used 133648K [0x00000000f0000000, 0x00000000f8300000, 0x00000000f8300000)
  object space 134144K, 99% used [0x00000000f0000000,0x00000000f82843b8,0x00000000f8300000)
 Metaspace       used 52521K, capacity 55578K, committed 55936K, reserved 1097728K
  class space    used 6399K, capacity 6939K, committed 7040K, reserved 1048576K
}
{Heap before GC invocations=474 (full 456):
 PSYoungGen      total 62464K, used 43008K [0x00000000f8300000, 0x0000000100000000, 0x0000000100000000)
  eden space 43008K, 100% used [0x00000000f8300000,0x00000000fad00000,0x00000000fad00000)
  from space 19456K, 0% used [0x00000000fed00000,0x00000000fed00000,0x0000000100000000)
  to   space 42496K, 0% used [0x00000000fad00000,0x00000000fad00000,0x00000000fd680000)
 ParOldGen       total 134144K, used 133648K [0x00000000f0000000, 0x00000000f8300000, 0x00000000f8300000)
  object space 134144K, 99% used [0x00000000f0000000,0x00000000f82843b8,0x00000000f8300000)
 Metaspace       used 52521K, capacity 55578K, committed 55936K, reserved 1097728K
  class space    used 6399K, capacity 6939K, committed 7040K, reserved 1048576K
2023-01-17T04:26:52.499+0800: 111.449: [Full GC (Ergonomics) [PSYoungGen: 43008K->7479K(62464K)] [ParOldGen: 133648K->133648K(134144K)] 176656K->141128K(196608K), [Metaspace: 52521K->52521K(1097728K)], 0.1664916 secs] [Times: user=0.38 sys=0.00, real=0.17 secs] 
Heap after GC invocations=474 (full 456):
 PSYoungGen      total 62464K, used 7479K [0x00000000f8300000, 0x0000000100000000, 0x0000000100000000)
  eden space 43008K, 17% used [0x00000000f8300000,0x00000000f8a4dde0,0x00000000fad00000)
  from space 19456K, 0% used [0x00000000fed00000,0x00000000fed00000,0x0000000100000000)
  to   space 42496K, 0% used [0x00000000fad00000,0x00000000fad00000,0x00000000fd680000)
 ParOldGen       total 134144K, used 133648K [0x00000000f0000000, 0x00000000f8300000, 0x00000000f8300000)
  object space 134144K, 99% used [0x00000000f0000000,0x00000000f82843b8,0x00000000f8300000)
 Metaspace       used 52521K, capacity 55578K, committed 55936K, reserved 1097728K
  class space    used 6399K, capacity 6939K, committed 7040K, reserved 1048576K
}
{Heap before GC invocations=475 (full 457):
 PSYoungGen      total 62464K, used 43008K [0x00000000f8300000, 0x0000000100000000, 0x0000000100000000)
  eden space 43008K, 100% used [0x00000000f8300000,0x00000000fad00000,0x00000000fad00000)
  from space 19456K, 0% used [0x00000000fed00000,0x00000000fed00000,0x0000000100000000)
  to   space 42496K, 0% used [0x00000000fad00000,0x00000000fad00000,0x00000000fd680000)
 ParOldGen       total 134144K, used 133648K [0x00000000f0000000, 0x00000000f8300000, 0x00000000f8300000)
  object space 134144K, 99% used [0x00000000f0000000,0x00000000f82843b8,0x00000000f8300000)
 Metaspace       used 52521K, capacity 55578K, committed 55936K, reserved 1097728K
  class space    used 6399K, capacity 6939K, committed 7040K, reserved 1048576K
2023-01-17T04:26:52.712+0800: 111.662: [Full GC (Ergonomics) [PSYoungGen: 43008K->7457K(62464K)] [ParOldGen: 133648K->133648K(134144K)] 176656K->141106K(196608K), [Metaspace: 52521K->52521K(1097728K)], 0.1163330 secs] [Times: user=0.29 sys=0.00, real=0.11 secs] 
Heap after GC invocations=475 (full 457):
 PSYoungGen      total 62464K, used 7457K [0x00000000f8300000, 0x0000000100000000, 0x0000000100000000)
  eden space 43008K, 17% used [0x00000000f8300000,0x00000000f8a485a8,0x00000000fad00000)
  from space 19456K, 0% used [0x00000000fed00000,0x00000000fed00000,0x0000000100000000)
  to   space 42496K, 0% used [0x00000000fad00000,0x00000000fad00000,0x00000000fd680000)
 ParOldGen       total 134144K, used 133648K [0x00000000f0000000, 0x00000000f8300000, 0x00000000f8300000)
  object space 134144K, 99% used [0x00000000f0000000,0x00000000f82843b8,0x00000000f8300000)
 Metaspace       used 52521K, capacity 55578K, committed 55936K, reserved 1097728K
  class space    used 6399K, capacity 6939K, committed 7040K, reserved 1048576K
}
{Heap before GC invocations=476 (full 458):
 PSYoungGen      total 62464K, used 43008K [0x00000000f8300000, 0x0000000100000000, 0x0000000100000000)
  eden space 43008K, 100% used [0x00000000f8300000,0x00000000fad00000,0x00000000fad00000)
  from space 19456K, 0% used [0x00000000fed00000,0x00000000fed00000,0x0000000100000000)
  to   space 42496K, 0% used [0x00000000fad00000,0x00000000fad00000,0x00000000fd680000)
 ParOldGen       total 134144K, used 133648K [0x00000000f0000000, 0x00000000f8300000, 0x00000000f8300000)
  object space 134144K, 99% used [0x00000000f0000000,0x00000000f82843b8,0x00000000f8300000)
 Metaspace       used 52521K, capacity 55578K, committed 55936K, reserved 1097728K
  class space    used 6399K, capacity 6939K, committed 7040K, reserved 1048576K
2023-01-17T04:26:52.884+0800: 111.834: [Full GC (Ergonomics) [PSYoungGen: 43008K->7460K(62464K)] [ParOldGen: 133648K->133648K(134144K)] 176656K->141109K(196608K), [Metaspace: 52521K->52521K(1097728K)], 0.1326319 secs] [Times: user=0.29 sys=0.00, real=0.13 secs] 
Heap after GC invocations=476 (full 458):
 PSYoungGen      total 62464K, used 7460K [0x00000000f8300000, 0x0000000100000000, 0x0000000100000000)
  eden space 43008K, 17% used [0x00000000f8300000,0x00000000f8a493a8,0x00000000fad00000)
  from space 19456K, 0% used [0x00000000fed00000,0x00000000fed00000,0x0000000100000000)
  to   space 42496K, 0% used [0x00000000fad00000,0x00000000fad00000,0x00000000fd680000)
 ParOldGen       total 134144K, used 133648K [0x00000000f0000000, 0x00000000f8300000, 0x00000000f8300000)
  object space 134144K, 99% used [0x00000000f0000000,0x00000000f82843b8,0x00000000f8300000)
 Metaspace       used 52521K, capacity 55578K, committed 55936K, reserved 1097728K
  class space    used 6399K, capacity 6939K, committed 7040K, reserved 1048576K
}
{Heap before GC invocations=477 (full 459):
 PSYoungGen      total 62464K, used 43008K [0x00000000f8300000, 0x0000000100000000, 0x0000000100000000)
  eden space 43008K, 100% used [0x00000000f8300000,0x00000000fad00000,0x00000000fad00000)
  from space 19456K, 0% used [0x00000000fed00000,0x00000000fed00000,0x0000000100000000)
  to   space 42496K, 0% used [0x00000000fad00000,0x00000000fad00000,0x00000000fd680000)
 ParOldGen       total 134144K, used 133648K [0x00000000f0000000, 0x00000000f8300000, 0x00000000f8300000)
  object space 134144K, 99% used [0x00000000f0000000,0x00000000f82843b8,0x00000000f8300000)
 Metaspace       used 52521K, capacity 55578K, committed 55936K, reserved 1097728K
  class space    used 6399K, capacity 6939K, committed 7040K, reserved 1048576K
2023-01-17T04:26:53.068+0800: 112.018: [Full GC (Ergonomics) [PSYoungGen: 43008K->7459K(62464K)] [ParOldGen: 133648K->133648K(134144K)] 176656K->141108K(196608K), [Metaspace: 52521K->52521K(1097728K)], 0.1300428 secs] [Times: user=0.33 sys=0.00, real=0.13 secs] 
Heap after GC invocations=477 (full 459):
 PSYoungGen      total 62464K, used 7459K [0x00000000f8300000, 0x0000000100000000, 0x0000000100000000)
  eden space 43008K, 17% used [0x00000000f8300000,0x00000000f8a48fc8,0x00000000fad00000)
  from space 19456K, 0% used [0x00000000fed00000,0x00000000fed00000,0x0000000100000000)
  to   space 42496K, 0% used [0x00000000fad00000,0x00000000fad00000,0x00000000fd680000)
 ParOldGen       total 134144K, used 133648K [0x00000000f0000000, 0x00000000f8300000, 0x00000000f8300000)
  object space 134144K, 99% used [0x00000000f0000000,0x00000000f82843b8,0x00000000f8300000)
 Metaspace       used 52521K, capacity 55578K, committed 55936K, reserved 1097728K
  class space    used 6399K, capacity 6939K, committed 7040K, reserved 1048576K
}
{Heap before GC invocations=478 (full 460):
 PSYoungGen      total 62464K, used 43008K [0x00000000f8300000, 0x0000000100000000, 0x0000000100000000)
  eden space 43008K, 100% used [0x00000000f8300000,0x00000000fad00000,0x00000000fad00000)
  from space 19456K, 0% used [0x00000000fed00000,0x00000000fed00000,0x0000000100000000)
  to   space 42496K, 0% used [0x00000000fad00000,0x00000000fad00000,0x00000000fd680000)
 ParOldGen       total 134144K, used 133648K [0x00000000f0000000, 0x00000000f8300000, 0x00000000f8300000)
  object space 134144K, 99% used [0x00000000f0000000,0x00000000f82843b8,0x00000000f8300000)
 Metaspace       used 52521K, capacity 55578K, committed 55936K, reserved 1097728K
  class space    used 6399K, capacity 6939K, committed 7040K, reserved 1048576K
2023-01-17T04:26:53.256+0800: 112.206: [Full GC (Ergonomics) [PSYoungGen: 43008K->7458K(62464K)] [ParOldGen: 133648K->133648K(134144K)] 176656K->141107K(196608K), [Metaspace: 52521K->52521K(1097728K)], 0.1593905 secs] [Times: user=0.35 sys=0.00, real=0.16 secs] 
Heap after GC invocations=478 (full 460):
 PSYoungGen      total 62464K, used 7458K [0x00000000f8300000, 0x0000000100000000, 0x0000000100000000)
  eden space 43008K, 17% used [0x00000000f8300000,0x00000000f8a489f0,0x00000000fad00000)
  from space 19456K, 0% used [0x00000000fed00000,0x00000000fed00000,0x0000000100000000)
  to   space 42496K, 0% used [0x00000000fad00000,0x00000000fad00000,0x00000000fd680000)
 ParOldGen       total 134144K, used 133648K [0x00000000f0000000, 0x00000000f8300000, 0x00000000f8300000)
  object space 134144K, 99% used [0x00000000f0000000,0x00000000f82843b8,0x00000000f8300000)
 Metaspace       used 52521K, capacity 55578K, committed 55936K, reserved 1097728K
  class space    used 6399K, capacity 6939K, committed 7040K, reserved 1048576K
}
{Heap before GC invocations=479 (full 461):
 PSYoungGen      total 62464K, used 43008K [0x00000000f8300000, 0x0000000100000000, 0x0000000100000000)
  eden space 43008K, 100% used [0x00000000f8300000,0x00000000fad00000,0x00000000fad00000)
  from space 19456K, 0% used [0x00000000fed00000,0x00000000fed00000,0x0000000100000000)
  to   space 42496K, 0% used [0x00000000fad00000,0x00000000fad00000,0x00000000fd680000)
 ParOldGen       total 134144K, used 133648K [0x00000000f0000000, 0x00000000f8300000, 0x00000000f8300000)
  object space 134144K, 99% used [0x00000000f0000000,0x00000000f82843b8,0x00000000f8300000)
 Metaspace       used 52521K, capacity 55578K, committed 55936K, reserved 1097728K
  class space    used 6399K, capacity 6939K, committed 7040K, reserved 1048576K
2023-01-17T04:26:53.461+0800: 112.411: [Full GC (Ergonomics) [PSYoungGen: 43008K->7468K(62464K)] [ParOldGen: 133648K->133648K(134144K)] 176656K->141117K(196608K), [Metaspace: 52521K->52521K(1097728K)], 0.1415804 secs] [Times: user=0.41 sys=0.00, real=0.14 secs] 
Heap after GC invocations=479 (full 461):
 PSYoungGen      total 62464K, used 7468K [0x00000000f8300000, 0x0000000100000000, 0x0000000100000000)
  eden space 43008K, 17% used [0x00000000f8300000,0x00000000f8a4b3a0,0x00000000fad00000)
  from space 19456K, 0% used [0x00000000fed00000,0x00000000fed00000,0x0000000100000000)
  to   space 42496K, 0% used [0x00000000fad00000,0x00000000fad00000,0x00000000fd680000)
 ParOldGen       total 134144K, used 133648K [0x00000000f0000000, 0x00000000f8300000, 0x00000000f8300000)
  object space 134144K, 99% used [0x00000000f0000000,0x00000000f8284358,0x00000000f8300000)
 Metaspace       used 52521K, capacity 55578K, committed 55936K, reserved 1097728K
  class space    used 6399K, capacity 6939K, committed 7040K, reserved 1048576K
}
{Heap before GC invocations=480 (full 462):
 PSYoungGen      total 62464K, used 43008K [0x00000000f8300000, 0x0000000100000000, 0x0000000100000000)
  eden space 43008K, 100% used [0x00000000f8300000,0x00000000fad00000,0x00000000fad00000)
  from space 19456K, 0% used [0x00000000fed00000,0x00000000fed00000,0x0000000100000000)
  to   space 42496K, 0% used [0x00000000fad00000,0x00000000fad00000,0x00000000fd680000)
 ParOldGen       total 134144K, used 133648K [0x00000000f0000000, 0x00000000f8300000, 0x00000000f8300000)
  object space 134144K, 99% used [0x00000000f0000000,0x00000000f8284358,0x00000000f8300000)
 Metaspace       used 52521K, capacity 55578K, committed 55936K, reserved 1097728K
  class space    used 6399K, capacity 6939K, committed 7040K, reserved 1048576K
2023-01-17T04:26:53.648+0800: 112.598: [Full GC (Ergonomics) [PSYoungGen: 43008K->7502K(62464K)] [ParOldGen: 133648K->133648K(134144K)] 176656K->141151K(196608K), [Metaspace: 52521K->52521K(1097728K)], 0.1143239 secs] [Times: user=0.30 sys=0.00, real=0.12 secs] 
Heap after GC invocations=480 (full 462):
 PSYoungGen      total 62464K, used 7502K [0x00000000f8300000, 0x0000000100000000, 0x0000000100000000)
  eden space 43008K, 17% used [0x00000000f8300000,0x00000000f8a53a30,0x00000000fad00000)
  from space 19456K, 0% used [0x00000000fed00000,0x00000000fed00000,0x0000000100000000)
  to   space 42496K, 0% used [0x00000000fad00000,0x00000000fad00000,0x00000000fd680000)
 ParOldGen       total 134144K, used 133648K [0x00000000f0000000, 0x00000000f8300000, 0x00000000f8300000)
  object space 134144K, 99% used [0x00000000f0000000,0x00000000f8284358,0x00000000f8300000)
 Metaspace       used 52521K, capacity 55578K, committed 55936K, reserved 1097728K
  class space    used 6399K, capacity 6939K, committed 7040K, reserved 1048576K
}
{Heap before GC invocations=481 (full 463):
 PSYoungGen      total 62464K, used 43008K [0x00000000f8300000, 0x0000000100000000, 0x0000000100000000)
  eden space 43008K, 100% used [0x00000000f8300000,0x00000000fad00000,0x00000000fad00000)
  from space 19456K, 0% used [0x00000000fed00000,0x00000000fed00000,0x0000000100000000)
  to   space 42496K, 0% used [0x00000000fad00000,0x00000000fad00000,0x00000000fd680000)
 ParOldGen       total 134144K, used 133648K [0x00000000f0000000, 0x00000000f8300000, 0x00000000f8300000)
  object space 134144K, 99% used [0x00000000f0000000,0x00000000f8284358,0x00000000f8300000)
 Metaspace       used 52521K, capacity 55578K, committed 55936K, reserved 1097728K
  class space    used 6399K, capacity 6939K, committed 7040K, reserved 1048576K
2023-01-17T04:26:53.810+0800: 112.760: [Full GC (Ergonomics) [PSYoungGen: 43008K->7461K(62464K)] [ParOldGen: 133648K->133648K(134144K)] 176656K->141110K(196608K), [Metaspace: 52521K->52521K(1097728K)], 0.1208488 secs] [Times: user=0.29 sys=0.00, real=0.12 secs] 
Heap after GC invocations=481 (full 463):
 PSYoungGen      total 62464K, used 7461K [0x00000000f8300000, 0x0000000100000000, 0x0000000100000000)
  eden space 43008K, 17% used [0x00000000f8300000,0x00000000f8a496d8,0x00000000fad00000)
  from space 19456K, 0% used [0x00000000fed00000,0x00000000fed00000,0x0000000100000000)
  to   space 42496K, 0% used [0x00000000fad00000,0x00000000fad00000,0x00000000fd680000)
 ParOldGen       total 134144K, used 133648K [0x00000000f0000000, 0x00000000f8300000, 0x00000000f8300000)
  object space 134144K, 99% used [0x00000000f0000000,0x00000000f8284358,0x00000000f8300000)
 Metaspace       used 52521K, capacity 55578K, committed 55936K, reserved 1097728K
  class space    used 6399K, capacity 6939K, committed 7040K, reserved 1048576K
}
{Heap before GC invocations=482 (full 464):
 PSYoungGen      total 62464K, used 43008K [0x00000000f8300000, 0x0000000100000000, 0x0000000100000000)
  eden space 43008K, 100% used [0x00000000f8300000,0x00000000fad00000,0x00000000fad00000)
  from space 19456K, 0% used [0x00000000fed00000,0x00000000fed00000,0x0000000100000000)
  to   space 42496K, 0% used [0x00000000fad00000,0x00000000fad00000,0x00000000fd680000)
 ParOldGen       total 134144K, used 133648K [0x00000000f0000000, 0x00000000f8300000, 0x00000000f8300000)
  object space 134144K, 99% used [0x00000000f0000000,0x00000000f8284358,0x00000000f8300000)
 Metaspace       used 52521K, capacity 55578K, committed 55936K, reserved 1097728K
  class space    used 6399K, capacity 6939K, committed 7040K, reserved 1048576K
2023-01-17T04:26:53.994+0800: 112.944: [Full GC (Ergonomics) [PSYoungGen: 43008K->7458K(62464K)] [ParOldGen: 133648K->133648K(134144K)] 176656K->141107K(196608K), [Metaspace: 52521K->52521K(1097728K)], 0.2210390 secs] [Times: user=0.44 sys=0.00, real=0.22 secs] 
Heap after GC invocations=482 (full 464):
 PSYoungGen      total 62464K, used 7458K [0x00000000f8300000, 0x0000000100000000, 0x0000000100000000)
  eden space 43008K, 17% used [0x00000000f8300000,0x00000000f8a48958,0x00000000fad00000)
  from space 19456K, 0% used [0x00000000fed00000,0x00000000fed00000,0x0000000100000000)
  to   space 42496K, 0% used [0x00000000fad00000,0x00000000fad00000,0x00000000fd680000)
 ParOldGen       total 134144K, used 133648K [0x00000000f0000000, 0x00000000f8300000, 0x00000000f8300000)
  object space 134144K, 99% used [0x00000000f0000000,0x00000000f82842f8,0x00000000f8300000)
 Metaspace       used 52521K, capacity 55578K, committed 55936K, reserved 1097728K
  class space    used 6399K, capacity 6939K, committed 7040K, reserved 1048576K
}
{Heap before GC invocations=483 (full 465):
 PSYoungGen      total 62464K, used 43008K [0x00000000f8300000, 0x0000000100000000, 0x0000000100000000)
  eden space 43008K, 100% used [0x00000000f8300000,0x00000000fad00000,0x00000000fad00000)
  from space 19456K, 0% used [0x00000000fed00000,0x00000000fed00000,0x0000000100000000)
  to   space 42496K, 0% used [0x00000000fad00000,0x00000000fad00000,0x00000000fd680000)
 ParOldGen       total 134144K, used 133648K [0x00000000f0000000, 0x00000000f8300000, 0x00000000f8300000)
  object space 134144K, 99% used [0x00000000f0000000,0x00000000f82842f8,0x00000000f8300000)
 Metaspace       used 52521K, capacity 55578K, committed 55936K, reserved 1097728K
  class space    used 6399K, capacity 6939K, committed 7040K, reserved 1048576K
2023-01-17T04:26:54.273+0800: 113.223: [Full GC (Ergonomics) [PSYoungGen: 43008K->7463K(62464K)] [ParOldGen: 133648K->133648K(134144K)] 176656K->141112K(196608K), [Metaspace: 52521K->52521K(1097728K)], 0.1156921 secs] [Times: user=0.30 sys=0.00, real=0.11 secs] 
Heap after GC invocations=483 (full 465):
 PSYoungGen      total 62464K, used 7463K [0x00000000f8300000, 0x0000000100000000, 0x0000000100000000)
  eden space 43008K, 17% used [0x00000000f8300000,0x00000000f8a49d38,0x00000000fad00000)
  from space 19456K, 0% used [0x00000000fed00000,0x00000000fed00000,0x0000000100000000)
  to   space 42496K, 0% used [0x00000000fad00000,0x00000000fad00000,0x00000000fd680000)
 ParOldGen       total 134144K, used 133648K [0x00000000f0000000, 0x00000000f8300000, 0x00000000f8300000)
  object space 134144K, 99% used [0x00000000f0000000,0x00000000f82842f8,0x00000000f8300000)
 Metaspace       used 52521K, capacity 55578K, committed 55936K, reserved 1097728K
  class space    used 6399K, capacity 6939K, committed 7040K, reserved 1048576K
}
{Heap before GC invocations=484 (full 466):
 PSYoungGen      total 62464K, used 43008K [0x00000000f8300000, 0x0000000100000000, 0x0000000100000000)
  eden space 43008K, 100% used [0x00000000f8300000,0x00000000fad00000,0x00000000fad00000)
  from space 19456K, 0% used [0x00000000fed00000,0x00000000fed00000,0x0000000100000000)
  to   space 42496K, 0% used [0x00000000fad00000,0x00000000fad00000,0x00000000fd680000)
 ParOldGen       total 134144K, used 133648K [0x00000000f0000000, 0x00000000f8300000, 0x00000000f8300000)
  object space 134144K, 99% used [0x00000000f0000000,0x00000000f82842f8,0x00000000f8300000)
 Metaspace       used 52521K, capacity 55578K, committed 55936K, reserved 1097728K
  class space    used 6399K, capacity 6939K, committed 7040K, reserved 1048576K
2023-01-17T04:26:54.436+0800: 113.386: [Full GC (Ergonomics) [PSYoungGen: 43008K->7450K(62464K)] [ParOldGen: 133648K->133648K(134144K)] 176656K->141099K(196608K), [Metaspace: 52521K->52521K(1097728K)], 0.1127880 secs] [Times: user=0.28 sys=0.01, real=0.11 secs] 
Heap after GC invocations=484 (full 466):
 PSYoungGen      total 62464K, used 7450K [0x00000000f8300000, 0x0000000100000000, 0x0000000100000000)
  eden space 43008K, 17% used [0x00000000f8300000,0x00000000f8a46a58,0x00000000fad00000)
  from space 19456K, 0% used [0x00000000fed00000,0x00000000fed00000,0x0000000100000000)
  to   space 42496K, 0% used [0x00000000fad00000,0x00000000fad00000,0x00000000fd680000)
 ParOldGen       total 134144K, used 133648K [0x00000000f0000000, 0x00000000f8300000, 0x00000000f8300000)
  object space 134144K, 99% used [0x00000000f0000000,0x00000000f82842f8,0x00000000f8300000)
 Metaspace       used 52521K, capacity 55578K, committed 55936K, reserved 1097728K
  class space    used 6399K, capacity 6939K, committed 7040K, reserved 1048576K
}
{Heap before GC invocations=485 (full 467):
 PSYoungGen      total 62464K, used 43008K [0x00000000f8300000, 0x0000000100000000, 0x0000000100000000)
  eden space 43008K, 100% used [0x00000000f8300000,0x00000000fad00000,0x00000000fad00000)
  from space 19456K, 0% used [0x00000000fed00000,0x00000000fed00000,0x0000000100000000)
  to   space 42496K, 0% used [0x00000000fad00000,0x00000000fad00000,0x00000000fd680000)
 ParOldGen       total 134144K, used 133648K [0x00000000f0000000, 0x00000000f8300000, 0x00000000f8300000)
  object space 134144K, 99% used [0x00000000f0000000,0x00000000f82842f8,0x00000000f8300000)
 Metaspace       used 52521K, capacity 55578K, committed 55936K, reserved 1097728K
  class space    used 6399K, capacity 6939K, committed 7040K, reserved 1048576K
2023-01-17T04:26:54.594+0800: 113.544: [Full GC (Ergonomics) [PSYoungGen: 43008K->7467K(62464K)] [ParOldGen: 133648K->133648K(134144K)] 176656K->141116K(196608K), [Metaspace: 52521K->52521K(1097728K)], 0.1288716 secs] [Times: user=0.32 sys=0.00, real=0.13 secs] 
Heap after GC invocations=485 (full 467):
 PSYoungGen      total 62464K, used 7467K [0x00000000f8300000, 0x0000000100000000, 0x0000000100000000)
  eden space 43008K, 17% used [0x00000000f8300000,0x00000000f8a4ad20,0x00000000fad00000)
  from space 19456K, 0% used [0x00000000fed00000,0x00000000fed00000,0x0000000100000000)
  to   space 42496K, 0% used [0x00000000fad00000,0x00000000fad00000,0x00000000fd680000)
 ParOldGen       total 134144K, used 133648K [0x00000000f0000000, 0x00000000f8300000, 0x00000000f8300000)
  object space 134144K, 99% used [0x00000000f0000000,0x00000000f82842f8,0x00000000f8300000)
 Metaspace       used 52521K, capacity 55578K, committed 55936K, reserved 1097728K
  class space    used 6399K, capacity 6939K, committed 7040K, reserved 1048576K
}
{Heap before GC invocations=486 (full 468):
 PSYoungGen      total 62464K, used 43008K [0x00000000f8300000, 0x0000000100000000, 0x0000000100000000)
  eden space 43008K, 100% used [0x00000000f8300000,0x00000000fad00000,0x00000000fad00000)
  from space 19456K, 0% used [0x00000000fed00000,0x00000000fed00000,0x0000000100000000)
  to   space 42496K, 0% used [0x00000000fad00000,0x00000000fad00000,0x00000000fd680000)
 ParOldGen       total 134144K, used 133648K [0x00000000f0000000, 0x00000000f8300000, 0x00000000f8300000)
  object space 134144K, 99% used [0x00000000f0000000,0x00000000f82842f8,0x00000000f8300000)
 Metaspace       used 52521K, capacity 55578K, committed 55936K, reserved 1097728K
  class space    used 6399K, capacity 6939K, committed 7040K, reserved 1048576K
2023-01-17T04:26:54.778+0800: 113.728: [Full GC (Ergonomics) [PSYoungGen: 43008K->7471K(62464K)] [ParOldGen: 133648K->133648K(134144K)] 176656K->141120K(196608K), [Metaspace: 52521K->52521K(1097728K)], 0.1327261 secs] [Times: user=0.29 sys=0.00, real=0.14 secs] 
Heap after GC invocations=486 (full 468):
 PSYoungGen      total 62464K, used 7471K [0x00000000f8300000, 0x0000000100000000, 0x0000000100000000)
  eden space 43008K, 17% used [0x00000000f8300000,0x00000000f8a4be60,0x00000000fad00000)
  from space 19456K, 0% used [0x00000000fed00000,0x00000000fed00000,0x0000000100000000)
  to   space 42496K, 0% used [0x00000000fad00000,0x00000000fad00000,0x00000000fd680000)
 ParOldGen       total 134144K, used 133648K [0x00000000f0000000, 0x00000000f8300000, 0x00000000f8300000)
  object space 134144K, 99% used [0x00000000f0000000,0x00000000f82842f8,0x00000000f8300000)
 Metaspace       used 52521K, capacity 55578K, committed 55936K, reserved 1097728K
  class space    used 6399K, capacity 6939K, committed 7040K, reserved 1048576K
}
{Heap before GC invocations=487 (full 469):
 PSYoungGen      total 62464K, used 43008K [0x00000000f8300000, 0x0000000100000000, 0x0000000100000000)
  eden space 43008K, 100% used [0x00000000f8300000,0x00000000fad00000,0x00000000fad00000)
  from space 19456K, 0% used [0x00000000fed00000,0x00000000fed00000,0x0000000100000000)
  to   space 42496K, 0% used [0x00000000fad00000,0x00000000fad00000,0x00000000fd680000)
 ParOldGen       total 134144K, used 133648K [0x00000000f0000000, 0x00000000f8300000, 0x00000000f8300000)
  object space 134144K, 99% used [0x00000000f0000000,0x00000000f82842f8,0x00000000f8300000)
 Metaspace       used 52521K, capacity 55578K, committed 55936K, reserved 1097728K
  class space    used 6399K, capacity 6939K, committed 7040K, reserved 1048576K
2023-01-17T04:26:54.963+0800: 113.913: [Full GC (Ergonomics) [PSYoungGen: 43008K->7471K(62464K)] [ParOldGen: 133648K->133648K(134144K)] 176656K->141120K(196608K), [Metaspace: 52521K->52521K(1097728K)], 0.1163891 secs] [Times: user=0.29 sys=0.00, real=0.12 secs] 
Heap after GC invocations=487 (full 469):
 PSYoungGen      total 62464K, used 7471K [0x00000000f8300000, 0x0000000100000000, 0x0000000100000000)
  eden space 43008K, 17% used [0x00000000f8300000,0x00000000f8a4bdb8,0x00000000fad00000)
  from space 19456K, 0% used [0x00000000fed00000,0x00000000fed00000,0x0000000100000000)
  to   space 42496K, 0% used [0x00000000fad00000,0x00000000fad00000,0x00000000fd680000)
 ParOldGen       total 134144K, used 133648K [0x00000000f0000000, 0x00000000f8300000, 0x00000000f8300000)
  object space 134144K, 99% used [0x00000000f0000000,0x00000000f82842f8,0x00000000f8300000)
 Metaspace       used 52521K, capacity 55578K, committed 55936K, reserved 1097728K
  class space    used 6399K, capacity 6939K, committed 7040K, reserved 1048576K
}
{Heap before GC invocations=488 (full 470):
 PSYoungGen      total 62464K, used 43008K [0x00000000f8300000, 0x0000000100000000, 0x0000000100000000)
  eden space 43008K, 100% used [0x00000000f8300000,0x00000000fad00000,0x00000000fad00000)
  from space 19456K, 0% used [0x00000000fed00000,0x00000000fed00000,0x0000000100000000)
  to   space 42496K, 0% used [0x00000000fad00000,0x00000000fad00000,0x00000000fd680000)
 ParOldGen       total 134144K, used 133648K [0x00000000f0000000, 0x00000000f8300000, 0x00000000f8300000)
  object space 134144K, 99% used [0x00000000f0000000,0x00000000f82842f8,0x00000000f8300000)
 Metaspace       used 52521K, capacity 55578K, committed 55936K, reserved 1097728K
  class space    used 6399K, capacity 6939K, committed 7040K, reserved 1048576K
2023-01-17T04:26:55.125+0800: 114.075: [Full GC (Ergonomics) [PSYoungGen: 43008K->7470K(62464K)] [ParOldGen: 133648K->133648K(134144K)] 176656K->141119K(196608K), [Metaspace: 52521K->52521K(1097728K)], 0.1272368 secs] [Times: user=0.34 sys=0.00, real=0.13 secs] 
Heap after GC invocations=488 (full 470):
 PSYoungGen      total 62464K, used 7470K [0x00000000f8300000, 0x0000000100000000, 0x0000000100000000)
  eden space 43008K, 17% used [0x00000000f8300000,0x00000000f8a4b928,0x00000000fad00000)
  from space 19456K, 0% used [0x00000000fed00000,0x00000000fed00000,0x0000000100000000)
  to   space 42496K, 0% used [0x00000000fad00000,0x00000000fad00000,0x00000000fd680000)
 ParOldGen       total 134144K, used 133648K [0x00000000f0000000, 0x00000000f8300000, 0x00000000f8300000)
  object space 134144K, 99% used [0x00000000f0000000,0x00000000f82842f8,0x00000000f8300000)
 Metaspace       used 52521K, capacity 55578K, committed 55936K, reserved 1097728K
  class space    used 6399K, capacity 6939K, committed 7040K, reserved 1048576K
}
{Heap before GC invocations=489 (full 471):
 PSYoungGen      total 62464K, used 43008K [0x00000000f8300000, 0x0000000100000000, 0x0000000100000000)
  eden space 43008K, 100% used [0x00000000f8300000,0x00000000fad00000,0x00000000fad00000)
  from space 19456K, 0% used [0x00000000fed00000,0x00000000fed00000,0x0000000100000000)
  to   space 42496K, 0% used [0x00000000fad00000,0x00000000fad00000,0x00000000fd680000)
 ParOldGen       total 134144K, used 133648K [0x00000000f0000000, 0x00000000f8300000, 0x00000000f8300000)
  object space 134144K, 99% used [0x00000000f0000000,0x00000000f82842f8,0x00000000f8300000)
 Metaspace       used 52521K, capacity 55578K, committed 55936K, reserved 1097728K
  class space    used 6399K, capacity 6939K, committed 7040K, reserved 1048576K
2023-01-17T04:26:55.307+0800: 114.257: [Full GC (Ergonomics) [PSYoungGen: 43008K->7453K(62464K)] [ParOldGen: 133648K->133648K(134144K)] 176656K->141102K(196608K), [Metaspace: 52521K->52521K(1097728K)], 0.2042987 secs] [Times: user=0.43 sys=0.00, real=0.21 secs] 
Heap after GC invocations=489 (full 471):
 PSYoungGen      total 62464K, used 7453K [0x00000000f8300000, 0x0000000100000000, 0x0000000100000000)
  eden space 43008K, 17% used [0x00000000f8300000,0x00000000f8a47578,0x00000000fad00000)
  from space 19456K, 0% used [0x00000000fed00000,0x00000000fed00000,0x0000000100000000)
  to   space 42496K, 0% used [0x00000000fad00000,0x00000000fad00000,0x00000000fd680000)
 ParOldGen       total 134144K, used 133648K [0x00000000f0000000, 0x00000000f8300000, 0x00000000f8300000)
  object space 134144K, 99% used [0x00000000f0000000,0x00000000f8284298,0x00000000f8300000)
 Metaspace       used 52521K, capacity 55578K, committed 55936K, reserved 1097728K
  class space    used 6399K, capacity 6939K, committed 7040K, reserved 1048576K
}
{Heap before GC invocations=490 (full 472):
 PSYoungGen      total 62464K, used 43008K [0x00000000f8300000, 0x0000000100000000, 0x0000000100000000)
  eden space 43008K, 100% used [0x00000000f8300000,0x00000000fad00000,0x00000000fad00000)
  from space 19456K, 0% used [0x00000000fed00000,0x00000000fed00000,0x0000000100000000)
  to   space 42496K, 0% used [0x00000000fad00000,0x00000000fad00000,0x00000000fd680000)
 ParOldGen       total 134144K, used 133648K [0x00000000f0000000, 0x00000000f8300000, 0x00000000f8300000)
  object space 134144K, 99% used [0x00000000f0000000,0x00000000f8284298,0x00000000f8300000)
 Metaspace       used 52521K, capacity 55578K, committed 55936K, reserved 1097728K
  class space    used 6399K, capacity 6939K, committed 7040K, reserved 1048576K
2023-01-17T04:26:55.569+0800: 114.519: [Full GC (Ergonomics) [PSYoungGen: 43008K->7476K(62464K)] [ParOldGen: 133648K->133648K(134144K)] 176656K->141124K(196608K), [Metaspace: 52521K->52521K(1097728K)], 0.1420711 secs] [Times: user=0.30 sys=0.00, real=0.15 secs] 
Heap after GC invocations=490 (full 472):
 PSYoungGen      total 62464K, used 7476K [0x00000000f8300000, 0x0000000100000000, 0x0000000100000000)
  eden space 43008K, 17% used [0x00000000f8300000,0x00000000f8a4d108,0x00000000fad00000)
  from space 19456K, 0% used [0x00000000fed00000,0x00000000fed00000,0x0000000100000000)
  to   space 42496K, 0% used [0x00000000fad00000,0x00000000fad00000,0x00000000fd680000)
 ParOldGen       total 134144K, used 133648K [0x00000000f0000000, 0x00000000f8300000, 0x00000000f8300000)
  object space 134144K, 99% used [0x00000000f0000000,0x00000000f8284298,0x00000000f8300000)
 Metaspace       used 52521K, capacity 55578K, committed 55936K, reserved 1097728K
  class space    used 6399K, capacity 6939K, committed 7040K, reserved 1048576K
}
{Heap before GC invocations=491 (full 473):
 PSYoungGen      total 62464K, used 43008K [0x00000000f8300000, 0x0000000100000000, 0x0000000100000000)
  eden space 43008K, 100% used [0x00000000f8300000,0x00000000fad00000,0x00000000fad00000)
  from space 19456K, 0% used [0x00000000fed00000,0x00000000fed00000,0x0000000100000000)
  to   space 42496K, 0% used [0x00000000fad00000,0x00000000fad00000,0x00000000fd680000)
 ParOldGen       total 134144K, used 133648K [0x00000000f0000000, 0x00000000f8300000, 0x00000000f8300000)
  object space 134144K, 99% used [0x00000000f0000000,0x00000000f8284298,0x00000000f8300000)
 Metaspace       used 52521K, capacity 55578K, committed 55936K, reserved 1097728K
  class space    used 6399K, capacity 6939K, committed 7040K, reserved 1048576K
2023-01-17T04:26:55.761+0800: 114.711: [Full GC (Ergonomics) [PSYoungGen: 43008K->7453K(62464K)] [ParOldGen: 133648K->133648K(134144K)] 176656K->141102K(196608K), [Metaspace: 52521K->52521K(1097728K)], 0.1159425 secs] [Times: user=0.30 sys=0.01, real=0.11 secs] 
Heap after GC invocations=491 (full 473):
 PSYoungGen      total 62464K, used 7453K [0x00000000f8300000, 0x0000000100000000, 0x0000000100000000)
  eden space 43008K, 17% used [0x00000000f8300000,0x00000000f8a477f8,0x00000000fad00000)
  from space 19456K, 0% used [0x00000000fed00000,0x00000000fed00000,0x0000000100000000)
  to   space 42496K, 0% used [0x00000000fad00000,0x00000000fad00000,0x00000000fd680000)
 ParOldGen       total 134144K, used 133648K [0x00000000f0000000, 0x00000000f8300000, 0x00000000f8300000)
  object space 134144K, 99% used [0x00000000f0000000,0x00000000f8284298,0x00000000f8300000)
 Metaspace       used 52521K, capacity 55578K, committed 55936K, reserved 1097728K
  class space    used 6399K, capacity 6939K, committed 7040K, reserved 1048576K
}
{Heap before GC invocations=492 (full 474):
 PSYoungGen      total 62464K, used 43005K [0x00000000f8300000, 0x0000000100000000, 0x0000000100000000)
  eden space 43008K, 99% used [0x00000000f8300000,0x00000000facff520,0x00000000fad00000)
  from space 19456K, 0% used [0x00000000fed00000,0x00000000fed00000,0x0000000100000000)
  to   space 42496K, 0% used [0x00000000fad00000,0x00000000fad00000,0x00000000fd680000)
 ParOldGen       total 134144K, used 133648K [0x00000000f0000000, 0x00000000f8300000, 0x00000000f8300000)
  object space 134144K, 99% used [0x00000000f0000000,0x00000000f8284298,0x00000000f8300000)
 Metaspace       used 52521K, capacity 55578K, committed 55936K, reserved 1097728K
  class space    used 6399K, capacity 6939K, committed 7040K, reserved 1048576K
2023-01-17T04:26:55.923+0800: 114.873: [Full GC (Ergonomics) [PSYoungGen: 43005K->7491K(62464K)] [ParOldGen: 133648K->133648K(134144K)] 176653K->141140K(196608K), [Metaspace: 52521K->52521K(1097728K)], 0.1136108 secs] [Times: user=0.30 sys=0.00, real=0.11 secs] 
Heap after GC invocations=492 (full 474):
 PSYoungGen      total 62464K, used 7491K [0x00000000f8300000, 0x0000000100000000, 0x0000000100000000)
  eden space 43008K, 17% used [0x00000000f8300000,0x00000000f8a50df8,0x00000000fad00000)
  from space 19456K, 0% used [0x00000000fed00000,0x00000000fed00000,0x0000000100000000)
  to   space 42496K, 0% used [0x00000000fad00000,0x00000000fad00000,0x00000000fd680000)
 ParOldGen       total 134144K, used 133648K [0x00000000f0000000, 0x00000000f8300000, 0x00000000f8300000)
  object space 134144K, 99% used [0x00000000f0000000,0x00000000f8284298,0x00000000f8300000)
 Metaspace       used 52521K, capacity 55578K, committed 55936K, reserved 1097728K
  class space    used 6399K, capacity 6939K, committed 7040K, reserved 1048576K
}
{Heap before GC invocations=493 (full 475):
 PSYoungGen      total 62464K, used 43008K [0x00000000f8300000, 0x0000000100000000, 0x0000000100000000)
  eden space 43008K, 100% used [0x00000000f8300000,0x00000000fad00000,0x00000000fad00000)
  from space 19456K, 0% used [0x00000000fed00000,0x00000000fed00000,0x0000000100000000)
  to   space 42496K, 0% used [0x00000000fad00000,0x00000000fad00000,0x00000000fd680000)
 ParOldGen       total 134144K, used 133648K [0x00000000f0000000, 0x00000000f8300000, 0x00000000f8300000)
  object space 134144K, 99% used [0x00000000f0000000,0x00000000f8284298,0x00000000f8300000)
 Metaspace       used 52521K, capacity 55578K, committed 55936K, reserved 1097728K
  class space    used 6399K, capacity 6939K, committed 7040K, reserved 1048576K
2023-01-17T04:26:56.083+0800: 115.032: [Full GC (Ergonomics) [PSYoungGen: 43008K->7484K(62464K)] [ParOldGen: 133648K->133648K(134144K)] 176656K->141133K(196608K), [Metaspace: 52521K->52521K(1097728K)], 0.1163237 secs] [Times: user=0.28 sys=0.00, real=0.11 secs] 
Heap after GC invocations=493 (full 475):
 PSYoungGen      total 62464K, used 7484K [0x00000000f8300000, 0x0000000100000000, 0x0000000100000000)
  eden space 43008K, 17% used [0x00000000f8300000,0x00000000f8a4f1a8,0x00000000fad00000)
  from space 19456K, 0% used [0x00000000fed00000,0x00000000fed00000,0x0000000100000000)
  to   space 42496K, 0% used [0x00000000fad00000,0x00000000fad00000,0x00000000fd680000)
 ParOldGen       total 134144K, used 133648K [0x00000000f0000000, 0x00000000f8300000, 0x00000000f8300000)
  object space 134144K, 99% used [0x00000000f0000000,0x00000000f8284298,0x00000000f8300000)
 Metaspace       used 52521K, capacity 55578K, committed 55936K, reserved 1097728K
  class space    used 6399K, capacity 6939K, committed 7040K, reserved 1048576K
}
{Heap before GC invocations=494 (full 476):
 PSYoungGen      total 62464K, used 43008K [0x00000000f8300000, 0x0000000100000000, 0x0000000100000000)
  eden space 43008K, 100% used [0x00000000f8300000,0x00000000fad00000,0x00000000fad00000)
  from space 19456K, 0% used [0x00000000fed00000,0x00000000fed00000,0x0000000100000000)
  to   space 42496K, 0% used [0x00000000fad00000,0x00000000fad00000,0x00000000fd680000)
 ParOldGen       total 134144K, used 133648K [0x00000000f0000000, 0x00000000f8300000, 0x00000000f8300000)
  object space 134144K, 99% used [0x00000000f0000000,0x00000000f8284298,0x00000000f8300000)
 Metaspace       used 52521K, capacity 55578K, committed 55936K, reserved 1097728K
  class space    used 6399K, capacity 6939K, committed 7040K, reserved 1048576K
2023-01-17T04:26:56.252+0800: 115.201: [Full GC (Ergonomics) [PSYoungGen: 43008K->7455K(62464K)] [ParOldGen: 133648K->133648K(134144K)] 176656K->141103K(196608K), [Metaspace: 52521K->52521K(1097728K)], 0.1438852 secs] [Times: user=0.31 sys=0.00, real=0.14 secs] 
Heap after GC invocations=494 (full 476):
 PSYoungGen      total 62464K, used 7455K [0x00000000f8300000, 0x0000000100000000, 0x0000000100000000)
  eden space 43008K, 17% used [0x00000000f8300000,0x00000000f8a47d10,0x00000000fad00000)
  from space 19456K, 0% used [0x00000000fed00000,0x00000000fed00000,0x0000000100000000)
  to   space 42496K, 0% used [0x00000000fad00000,0x00000000fad00000,0x00000000fd680000)
 ParOldGen       total 134144K, used 133648K [0x00000000f0000000, 0x00000000f8300000, 0x00000000f8300000)
  object space 134144K, 99% used [0x00000000f0000000,0x00000000f8284298,0x00000000f8300000)
 Metaspace       used 52521K, capacity 55578K, committed 55936K, reserved 1097728K
  class space    used 6399K, capacity 6939K, committed 7040K, reserved 1048576K
}
{Heap before GC invocations=495 (full 477):
 PSYoungGen      total 62464K, used 43008K [0x00000000f8300000, 0x0000000100000000, 0x0000000100000000)
  eden space 43008K, 100% used [0x00000000f8300000,0x00000000fad00000,0x00000000fad00000)
  from space 19456K, 0% used [0x00000000fed00000,0x00000000fed00000,0x0000000100000000)
  to   space 42496K, 0% used [0x00000000fad00000,0x00000000fad00000,0x00000000fd680000)
 ParOldGen       total 134144K, used 133648K [0x00000000f0000000, 0x00000000f8300000, 0x00000000f8300000)
  object space 134144K, 99% used [0x00000000f0000000,0x00000000f8284298,0x00000000f8300000)
 Metaspace       used 52521K, capacity 55578K, committed 55936K, reserved 1097728K
  class space    used 6399K, capacity 6939K, committed 7040K, reserved 1048576K
2023-01-17T04:26:56.460+0800: 115.410: [Full GC (Ergonomics) [PSYoungGen: 43008K->7474K(62464K)] [ParOldGen: 133648K->133648K(134144K)] 176656K->141122K(196608K), [Metaspace: 52521K->52521K(1097728K)], 0.1397050 secs] [Times: user=0.32 sys=0.00, real=0.14 secs] 
Heap after GC invocations=495 (full 477):
 PSYoungGen      total 62464K, used 7474K [0x00000000f8300000, 0x0000000100000000, 0x0000000100000000)
  eden space 43008K, 17% used [0x00000000f8300000,0x00000000f8a4c8e0,0x00000000fad00000)
  from space 19456K, 0% used [0x00000000fed00000,0x00000000fed00000,0x0000000100000000)
  to   space 42496K, 0% used [0x00000000fad00000,0x00000000fad00000,0x00000000fd680000)
 ParOldGen       total 134144K, used 133648K [0x00000000f0000000, 0x00000000f8300000, 0x00000000f8300000)
  object space 134144K, 99% used [0x00000000f0000000,0x00000000f8284298,0x00000000f8300000)
 Metaspace       used 52521K, capacity 55578K, committed 55936K, reserved 1097728K
  class space    used 6399K, capacity 6939K, committed 7040K, reserved 1048576K
}
{Heap before GC invocations=496 (full 478):
 PSYoungGen      total 62464K, used 43008K [0x00000000f8300000, 0x0000000100000000, 0x0000000100000000)
  eden space 43008K, 100% used [0x00000000f8300000,0x00000000fad00000,0x00000000fad00000)
  from space 19456K, 0% used [0x00000000fed00000,0x00000000fed00000,0x0000000100000000)
  to   space 42496K, 0% used [0x00000000fad00000,0x00000000fad00000,0x00000000fd680000)
 ParOldGen       total 134144K, used 133648K [0x00000000f0000000, 0x00000000f8300000, 0x00000000f8300000)
  object space 134144K, 99% used [0x00000000f0000000,0x00000000f8284298,0x00000000f8300000)
 Metaspace       used 52521K, capacity 55578K, committed 55936K, reserved 1097728K
  class space    used 6399K, capacity 6939K, committed 7040K, reserved 1048576K
2023-01-17T04:26:56.657+0800: 115.607: [Full GC (Ergonomics) [PSYoungGen: 43008K->7447K(62464K)] [ParOldGen: 133648K->133648K(134144K)] 176656K->141095K(196608K), [Metaspace: 52521K->52521K(1097728K)], 0.1395399 secs] [Times: user=0.35 sys=0.00, real=0.14 secs] 
Heap after GC invocations=496 (full 478):
 PSYoungGen      total 62464K, used 7447K [0x00000000f8300000, 0x0000000100000000, 0x0000000100000000)
  eden space 43008K, 17% used [0x00000000f8300000,0x00000000f8a45c68,0x00000000fad00000)
  from space 19456K, 0% used [0x00000000fed00000,0x00000000fed00000,0x0000000100000000)
  to   space 42496K, 0% used [0x00000000fad00000,0x00000000fad00000,0x00000000fd680000)
 ParOldGen       total 134144K, used 133648K [0x00000000f0000000, 0x00000000f8300000, 0x00000000f8300000)
  object space 134144K, 99% used [0x00000000f0000000,0x00000000f8284298,0x00000000f8300000)
 Metaspace       used 52521K, capacity 55578K, committed 55936K, reserved 1097728K
  class space    used 6399K, capacity 6939K, committed 7040K, reserved 1048576K
}
{Heap before GC invocations=497 (full 479):
 PSYoungGen      total 62464K, used 43008K [0x00000000f8300000, 0x0000000100000000, 0x0000000100000000)
  eden space 43008K, 100% used [0x00000000f8300000,0x00000000fad00000,0x00000000fad00000)
  from space 19456K, 0% used [0x00000000fed00000,0x00000000fed00000,0x0000000100000000)
  to   space 42496K, 0% used [0x00000000fad00000,0x00000000fad00000,0x00000000fd680000)
 ParOldGen       total 134144K, used 133648K [0x00000000f0000000, 0x00000000f8300000, 0x00000000f8300000)
  object space 134144K, 99% used [0x00000000f0000000,0x00000000f8284298,0x00000000f8300000)
 Metaspace       used 52521K, capacity 55578K, committed 55936K, reserved 1097728K
  class space    used 6399K, capacity 6939K, committed 7040K, reserved 1048576K
2023-01-17T04:26:56.842+0800: 115.792: [Full GC (Ergonomics) [PSYoungGen: 43008K->7486K(62464K)] [ParOldGen: 133648K->133648K(134144K)] 176656K->141135K(196608K), [Metaspace: 52521K->52521K(1097728K)], 0.1281710 secs] [Times: user=0.34 sys=0.00, real=0.13 secs] 
Heap after GC invocations=497 (full 479):
 PSYoungGen      total 62464K, used 7486K [0x00000000f8300000, 0x0000000100000000, 0x0000000100000000)
  eden space 43008K, 17% used [0x00000000f8300000,0x00000000f8a4fa10,0x00000000fad00000)
  from space 19456K, 0% used [0x00000000fed00000,0x00000000fed00000,0x0000000100000000)
  to   space 42496K, 0% used [0x00000000fad00000,0x00000000fad00000,0x00000000fd680000)
 ParOldGen       total 134144K, used 133648K [0x00000000f0000000, 0x00000000f8300000, 0x00000000f8300000)
  object space 134144K, 99% used [0x00000000f0000000,0x00000000f8284238,0x00000000f8300000)
 Metaspace       used 52521K, capacity 55578K, committed 55936K, reserved 1097728K
  class space    used 6399K, capacity 6939K, committed 7040K, reserved 1048576K
}
{Heap before GC invocations=498 (full 480):
 PSYoungGen      total 62464K, used 43008K [0x00000000f8300000, 0x0000000100000000, 0x0000000100000000)
  eden space 43008K, 100% used [0x00000000f8300000,0x00000000fad00000,0x00000000fad00000)
  from space 19456K, 0% used [0x00000000fed00000,0x00000000fed00000,0x0000000100000000)
  to   space 42496K, 0% used [0x00000000fad00000,0x00000000fad00000,0x00000000fd680000)
 ParOldGen       total 134144K, used 133648K [0x00000000f0000000, 0x00000000f8300000, 0x00000000f8300000)
  object space 134144K, 99% used [0x00000000f0000000,0x00000000f8284238,0x00000000f8300000)
 Metaspace       used 52521K, capacity 55578K, committed 55936K, reserved 1097728K
  class space    used 6399K, capacity 6939K, committed 7040K, reserved 1048576K
2023-01-17T04:26:57.022+0800: 115.972: [Full GC (Ergonomics) [PSYoungGen: 43008K->7446K(62464K)] [ParOldGen: 133648K->133648K(134144K)] 176656K->141094K(196608K), [Metaspace: 52521K->52521K(1097728K)], 0.1293355 secs] [Times: user=0.28 sys=0.00, real=0.13 secs] 
Heap after GC invocations=498 (full 480):
 PSYoungGen      total 62464K, used 7446K [0x00000000f8300000, 0x0000000100000000, 0x0000000100000000)
  eden space 43008K, 17% used [0x00000000f8300000,0x00000000f8a45868,0x00000000fad00000)
  from space 19456K, 0% used [0x00000000fed00000,0x00000000fed00000,0x0000000100000000)
  to   space 42496K, 0% used [0x00000000fad00000,0x00000000fad00000,0x00000000fd680000)
 ParOldGen       total 134144K, used 133648K [0x00000000f0000000, 0x00000000f8300000, 0x00000000f8300000)
  object space 134144K, 99% used [0x00000000f0000000,0x00000000f8284238,0x00000000f8300000)
 Metaspace       used 52521K, capacity 55578K, committed 55936K, reserved 1097728K
  class space    used 6399K, capacity 6939K, committed 7040K, reserved 1048576K
}
{Heap before GC invocations=499 (full 481):
 PSYoungGen      total 62464K, used 43008K [0x00000000f8300000, 0x0000000100000000, 0x0000000100000000)
  eden space 43008K, 100% used [0x00000000f8300000,0x00000000fad00000,0x00000000fad00000)
  from space 19456K, 0% used [0x00000000fed00000,0x00000000fed00000,0x0000000100000000)
  to   space 42496K, 0% used [0x00000000fad00000,0x00000000fad00000,0x00000000fd680000)
 ParOldGen       total 134144K, used 133648K [0x00000000f0000000, 0x00000000f8300000, 0x00000000f8300000)
  object space 134144K, 99% used [0x00000000f0000000,0x00000000f8284238,0x00000000f8300000)
 Metaspace       used 52521K, capacity 55578K, committed 55936K, reserved 1097728K
  class space    used 6399K, capacity 6939K, committed 7040K, reserved 1048576K
2023-01-17T04:26:57.208+0800: 116.158: [Full GC (Ergonomics) [PSYoungGen: 43008K->7444K(62464K)] [ParOldGen: 133648K->133648K(134144K)] 176656K->141092K(196608K), [Metaspace: 52521K->52521K(1097728K)], 0.1242793 secs] [Times: user=0.30 sys=0.00, real=0.13 secs] 
Heap after GC invocations=499 (full 481):
 PSYoungGen      total 62464K, used 7444K [0x00000000f8300000, 0x0000000100000000, 0x0000000100000000)
  eden space 43008K, 17% used [0x00000000f8300000,0x00000000f8a45128,0x00000000fad00000)
  from space 19456K, 0% used [0x00000000fed00000,0x00000000fed00000,0x0000000100000000)
  to   space 42496K, 0% used [0x00000000fad00000,0x00000000fad00000,0x00000000fd680000)
 ParOldGen       total 134144K, used 133648K [0x00000000f0000000, 0x00000000f8300000, 0x00000000f8300000)
  object space 134144K, 99% used [0x00000000f0000000,0x00000000f8284238,0x00000000f8300000)
 Metaspace       used 52521K, capacity 55578K, committed 55936K, reserved 1097728K
  class space    used 6399K, capacity 6939K, committed 7040K, reserved 1048576K
}
{Heap before GC invocations=500 (full 482):
 PSYoungGen      total 62464K, used 43008K [0x00000000f8300000, 0x0000000100000000, 0x0000000100000000)
  eden space 43008K, 100% used [0x00000000f8300000,0x00000000fad00000,0x00000000fad00000)
  from space 19456K, 0% used [0x00000000fed00000,0x00000000fed00000,0x0000000100000000)
  to   space 42496K, 0% used [0x00000000fad00000,0x00000000fad00000,0x00000000fd680000)
 ParOldGen       total 134144K, used 133648K [0x00000000f0000000, 0x00000000f8300000, 0x00000000f8300000)
  object space 134144K, 99% used [0x00000000f0000000,0x00000000f8284238,0x00000000f8300000)
 Metaspace       used 52521K, capacity 55578K, committed 55936K, reserved 1097728K
  class space    used 6399K, capacity 6939K, committed 7040K, reserved 1048576K
2023-01-17T04:26:57.378+0800: 116.328: [Full GC (Ergonomics) [PSYoungGen: 43008K->7468K(62464K)] [ParOldGen: 133648K->133648K(134144K)] 176656K->141117K(196608K), [Metaspace: 52521K->52521K(1097728K)], 0.1289323 secs] [Times: user=0.35 sys=0.00, real=0.13 secs] 
Heap after GC invocations=500 (full 482):
 PSYoungGen      total 62464K, used 7468K [0x00000000f8300000, 0x0000000100000000, 0x0000000100000000)
  eden space 43008K, 17% used [0x00000000f8300000,0x00000000f8a4b270,0x00000000fad00000)
  from space 19456K, 0% used [0x00000000fed00000,0x00000000fed00000,0x0000000100000000)
  to   space 42496K, 0% used [0x00000000fad00000,0x00000000fad00000,0x00000000fd680000)
 ParOldGen       total 134144K, used 133648K [0x00000000f0000000, 0x00000000f8300000, 0x00000000f8300000)
  object space 134144K, 99% used [0x00000000f0000000,0x00000000f8284238,0x00000000f8300000)
 Metaspace       used 52521K, capacity 55578K, committed 55936K, reserved 1097728K
  class space    used 6399K, capacity 6939K, committed 7040K, reserved 1048576K
}
{Heap before GC invocations=501 (full 483):
 PSYoungGen      total 62464K, used 43008K [0x00000000f8300000, 0x0000000100000000, 0x0000000100000000)
  eden space 43008K, 100% used [0x00000000f8300000,0x00000000fad00000,0x00000000fad00000)
  from space 19456K, 0% used [0x00000000fed00000,0x00000000fed00000,0x0000000100000000)
  to   space 42496K, 0% used [0x00000000fad00000,0x00000000fad00000,0x00000000fd680000)
 ParOldGen       total 134144K, used 133648K [0x00000000f0000000, 0x00000000f8300000, 0x00000000f8300000)
  object space 134144K, 99% used [0x00000000f0000000,0x00000000f8284238,0x00000000f8300000)
 Metaspace       used 52521K, capacity 55578K, committed 55936K, reserved 1097728K
  class space    used 6399K, capacity 6939K, committed 7040K, reserved 1048576K
2023-01-17T04:26:57.552+0800: 116.502: [Full GC (Ergonomics) [PSYoungGen: 43008K->7440K(62464K)] [ParOldGen: 133648K->133648K(134144K)] 176656K->141089K(196608K), [Metaspace: 52521K->52521K(1097728K)], 0.1129242 secs] [Times: user=0.30 sys=0.00, real=0.11 secs] 
Heap after GC invocations=501 (full 483):
 PSYoungGen      total 62464K, used 7440K [0x00000000f8300000, 0x0000000100000000, 0x0000000100000000)
  eden space 43008K, 17% used [0x00000000f8300000,0x00000000f8a44360,0x00000000fad00000)
  from space 19456K, 0% used [0x00000000fed00000,0x00000000fed00000,0x0000000100000000)
  to   space 42496K, 0% used [0x00000000fad00000,0x00000000fad00000,0x00000000fd680000)
 ParOldGen       total 134144K, used 133648K [0x00000000f0000000, 0x00000000f8300000, 0x00000000f8300000)
  object space 134144K, 99% used [0x00000000f0000000,0x00000000f8284238,0x00000000f8300000)
 Metaspace       used 52521K, capacity 55578K, committed 55936K, reserved 1097728K
  class space    used 6399K, capacity 6939K, committed 7040K, reserved 1048576K
}
{Heap before GC invocations=502 (full 484):
 PSYoungGen      total 62464K, used 43008K [0x00000000f8300000, 0x0000000100000000, 0x0000000100000000)
  eden space 43008K, 100% used [0x00000000f8300000,0x00000000fad00000,0x00000000fad00000)
  from space 19456K, 0% used [0x00000000fed00000,0x00000000fed00000,0x0000000100000000)
  to   space 42496K, 0% used [0x00000000fad00000,0x00000000fad00000,0x00000000fd680000)
 ParOldGen       total 134144K, used 133648K [0x00000000f0000000, 0x00000000f8300000, 0x00000000f8300000)
  object space 134144K, 99% used [0x00000000f0000000,0x00000000f8284238,0x00000000f8300000)
 Metaspace       used 52521K, capacity 55578K, committed 55936K, reserved 1097728K
  class space    used 6399K, capacity 6939K, committed 7040K, reserved 1048576K
2023-01-17T04:26:57.711+0800: 116.661: [Full GC (Ergonomics) [PSYoungGen: 43008K->7446K(62464K)] [ParOldGen: 133648K->133648K(134144K)] 176656K->141094K(196608K), [Metaspace: 52521K->52521K(1097728K)], 0.1978379 secs] [Times: user=0.35 sys=0.00, real=0.19 secs] 
Heap after GC invocations=502 (full 484):
 PSYoungGen      total 62464K, used 7446K [0x00000000f8300000, 0x0000000100000000, 0x0000000100000000)
  eden space 43008K, 17% used [0x00000000f8300000,0x00000000f8a45990,0x00000000fad00000)
  from space 19456K, 0% used [0x00000000fed00000,0x00000000fed00000,0x0000000100000000)
  to   space 42496K, 0% used [0x00000000fad00000,0x00000000fad00000,0x00000000fd680000)
 ParOldGen       total 134144K, used 133648K [0x00000000f0000000, 0x00000000f8300000, 0x00000000f8300000)
  object space 134144K, 99% used [0x00000000f0000000,0x00000000f8284238,0x00000000f8300000)
 Metaspace       used 52521K, capacity 55578K, committed 55936K, reserved 1097728K
  class space    used 6399K, capacity 6939K, committed 7040K, reserved 1048576K
}
{Heap before GC invocations=503 (full 485):
 PSYoungGen      total 62464K, used 43008K [0x00000000f8300000, 0x0000000100000000, 0x0000000100000000)
  eden space 43008K, 100% used [0x00000000f8300000,0x00000000fad00000,0x00000000fad00000)
  from space 19456K, 0% used [0x00000000fed00000,0x00000000fed00000,0x0000000100000000)
  to   space 42496K, 0% used [0x00000000fad00000,0x00000000fad00000,0x00000000fd680000)
 ParOldGen       total 134144K, used 133648K [0x00000000f0000000, 0x00000000f8300000, 0x00000000f8300000)
  object space 134144K, 99% used [0x00000000f0000000,0x00000000f8284238,0x00000000f8300000)
 Metaspace       used 52521K, capacity 55578K, committed 55936K, reserved 1097728K
  class space    used 6399K, capacity 6939K, committed 7040K, reserved 1048576K
2023-01-17T04:26:57.977+0800: 116.927: [Full GC (Ergonomics) [PSYoungGen: 43008K->7441K(62464K)] [ParOldGen: 133648K->133648K(134144K)] 176656K->141089K(196608K), [Metaspace: 52521K->52521K(1097728K)], 0.1196746 secs] [Times: user=0.30 sys=0.00, real=0.12 secs] 
Heap after GC invocations=503 (full 485):
 PSYoungGen      total 62464K, used 7441K [0x00000000f8300000, 0x0000000100000000, 0x0000000100000000)
  eden space 43008K, 17% used [0x00000000f8300000,0x00000000f8a44418,0x00000000fad00000)
  from space 19456K, 0% used [0x00000000fed00000,0x00000000fed00000,0x0000000100000000)
  to   space 42496K, 0% used [0x00000000fad00000,0x00000000fad00000,0x00000000fd680000)
 ParOldGen       total 134144K, used 133648K [0x00000000f0000000, 0x00000000f8300000, 0x00000000f8300000)
  object space 134144K, 99% used [0x00000000f0000000,0x00000000f8284238,0x00000000f8300000)
 Metaspace       used 52521K, capacity 55578K, committed 55936K, reserved 1097728K
  class space    used 6399K, capacity 6939K, committed 7040K, reserved 1048576K
}
{Heap before GC invocations=504 (full 486):
 PSYoungGen      total 62464K, used 43008K [0x00000000f8300000, 0x0000000100000000, 0x0000000100000000)
  eden space 43008K, 100% used [0x00000000f8300000,0x00000000fad00000,0x00000000fad00000)
  from space 19456K, 0% used [0x00000000fed00000,0x00000000fed00000,0x0000000100000000)
  to   space 42496K, 0% used [0x00000000fad00000,0x00000000fad00000,0x00000000fd680000)
 ParOldGen       total 134144K, used 133648K [0x00000000f0000000, 0x00000000f8300000, 0x00000000f8300000)
  object space 134144K, 99% used [0x00000000f0000000,0x00000000f8284238,0x00000000f8300000)
 Metaspace       used 52521K, capacity 55578K, committed 55936K, reserved 1097728K
  class space    used 6399K, capacity 6939K, committed 7040K, reserved 1048576K
2023-01-17T04:26:58.141+0800: 117.091: [Full GC (Ergonomics) [PSYoungGen: 43008K->7459K(62464K)] [ParOldGen: 133648K->133648K(134144K)] 176656K->141108K(196608K), [Metaspace: 52521K->52521K(1097728K)], 0.1239362 secs] [Times: user=0.34 sys=0.01, real=0.12 secs] 
Heap after GC invocations=504 (full 486):
 PSYoungGen      total 62464K, used 7459K [0x00000000f8300000, 0x0000000100000000, 0x0000000100000000)
  eden space 43008K, 17% used [0x00000000f8300000,0x00000000f8a48e80,0x00000000fad00000)
  from space 19456K, 0% used [0x00000000fed00000,0x00000000fed00000,0x0000000100000000)
  to   space 42496K, 0% used [0x00000000fad00000,0x00000000fad00000,0x00000000fd680000)
 ParOldGen       total 134144K, used 133648K [0x00000000f0000000, 0x00000000f8300000, 0x00000000f8300000)
  object space 134144K, 99% used [0x00000000f0000000,0x00000000f8284238,0x00000000f8300000)
 Metaspace       used 52521K, capacity 55578K, committed 55936K, reserved 1097728K
  class space    used 6399K, capacity 6939K, committed 7040K, reserved 1048576K
}
{Heap before GC invocations=505 (full 487):
 PSYoungGen      total 62464K, used 43008K [0x00000000f8300000, 0x0000000100000000, 0x0000000100000000)
  eden space 43008K, 100% used [0x00000000f8300000,0x00000000fad00000,0x00000000fad00000)
  from space 19456K, 0% used [0x00000000fed00000,0x00000000fed00000,0x0000000100000000)
  to   space 42496K, 0% used [0x00000000fad00000,0x00000000fad00000,0x00000000fd680000)
 ParOldGen       total 134144K, used 133648K [0x00000000f0000000, 0x00000000f8300000, 0x00000000f8300000)
  object space 134144K, 99% used [0x00000000f0000000,0x00000000f8284238,0x00000000f8300000)
 Metaspace       used 52521K, capacity 55578K, committed 55936K, reserved 1097728K
  class space    used 6399K, capacity 6939K, committed 7040K, reserved 1048576K
2023-01-17T04:26:58.311+0800: 117.261: [Full GC (Ergonomics) [PSYoungGen: 43008K->7456K(62464K)] [ParOldGen: 133648K->133648K(134144K)] 176656K->141105K(196608K), [Metaspace: 52521K->52521K(1097728K)], 0.1123168 secs] [Times: user=0.29 sys=0.00, real=0.11 secs] 
Heap after GC invocations=505 (full 487):
 PSYoungGen      total 62464K, used 7456K [0x00000000f8300000, 0x0000000100000000, 0x0000000100000000)
  eden space 43008K, 17% used [0x00000000f8300000,0x00000000f8a482f0,0x00000000fad00000)
  from space 19456K, 0% used [0x00000000fed00000,0x00000000fed00000,0x0000000100000000)
  to   space 42496K, 0% used [0x00000000fad00000,0x00000000fad00000,0x00000000fd680000)
 ParOldGen       total 134144K, used 133648K [0x00000000f0000000, 0x00000000f8300000, 0x00000000f8300000)
  object space 134144K, 99% used [0x00000000f0000000,0x00000000f8284238,0x00000000f8300000)
 Metaspace       used 52521K, capacity 55578K, committed 55936K, reserved 1097728K
  class space    used 6399K, capacity 6939K, committed 7040K, reserved 1048576K
}
{Heap before GC invocations=506 (full 488):
 PSYoungGen      total 62464K, used 43008K [0x00000000f8300000, 0x0000000100000000, 0x0000000100000000)
  eden space 43008K, 100% used [0x00000000f8300000,0x00000000fad00000,0x00000000fad00000)
  from space 19456K, 0% used [0x00000000fed00000,0x00000000fed00000,0x0000000100000000)
  to   space 42496K, 0% used [0x00000000fad00000,0x00000000fad00000,0x00000000fd680000)
 ParOldGen       total 134144K, used 133648K [0x00000000f0000000, 0x00000000f8300000, 0x00000000f8300000)
  object space 134144K, 99% used [0x00000000f0000000,0x00000000f8284238,0x00000000f8300000)
 Metaspace       used 52521K, capacity 55578K, committed 55936K, reserved 1097728K
  class space    used 6399K, capacity 6939K, committed 7040K, reserved 1048576K
2023-01-17T04:26:58.477+0800: 117.427: [Full GC (Ergonomics) [PSYoungGen: 43008K->7466K(62464K)] [ParOldGen: 133648K->133648K(134144K)] 176656K->141115K(196608K), [Metaspace: 52521K->52521K(1097728K)], 0.1587671 secs] [Times: user=0.32 sys=0.00, real=0.16 secs] 
Heap after GC invocations=506 (full 488):
 PSYoungGen      total 62464K, used 7466K [0x00000000f8300000, 0x0000000100000000, 0x0000000100000000)
  eden space 43008K, 17% used [0x00000000f8300000,0x00000000f8a4aa90,0x00000000fad00000)
  from space 19456K, 0% used [0x00000000fed00000,0x00000000fed00000,0x0000000100000000)
  to   space 42496K, 0% used [0x00000000fad00000,0x00000000fad00000,0x00000000fd680000)
 ParOldGen       total 134144K, used 133648K [0x00000000f0000000, 0x00000000f8300000, 0x00000000f8300000)
  object space 134144K, 99% used [0x00000000f0000000,0x00000000f8284238,0x00000000f8300000)
 Metaspace       used 52521K, capacity 55578K, committed 55936K, reserved 1097728K
  class space    used 6399K, capacity 6939K, committed 7040K, reserved 1048576K
}
{Heap before GC invocations=507 (full 489):
 PSYoungGen      total 62464K, used 43008K [0x00000000f8300000, 0x0000000100000000, 0x0000000100000000)
  eden space 43008K, 100% used [0x00000000f8300000,0x00000000fad00000,0x00000000fad00000)
  from space 19456K, 0% used [0x00000000fed00000,0x00000000fed00000,0x0000000100000000)
  to   space 42496K, 0% used [0x00000000fad00000,0x00000000fad00000,0x00000000fd680000)
 ParOldGen       total 134144K, used 133648K [0x00000000f0000000, 0x00000000f8300000, 0x00000000f8300000)
  object space 134144K, 99% used [0x00000000f0000000,0x00000000f8284238,0x00000000f8300000)
 Metaspace       used 52521K, capacity 55578K, committed 55936K, reserved 1097728K
  class space    used 6399K, capacity 6939K, committed 7040K, reserved 1048576K
2023-01-17T04:26:58.694+0800: 117.644: [Full GC (Ergonomics) [PSYoungGen: 43008K->7465K(62464K)] [ParOldGen: 133648K->133648K(134144K)] 176656K->141114K(196608K), [Metaspace: 52521K->52521K(1097728K)], 0.1291984 secs] [Times: user=0.30 sys=0.00, real=0.13 secs] 
Heap after GC invocations=507 (full 489):
 PSYoungGen      total 62464K, used 7465K [0x00000000f8300000, 0x0000000100000000, 0x0000000100000000)
  eden space 43008K, 17% used [0x00000000f8300000,0x00000000f8a4a6d8,0x00000000fad00000)
  from space 19456K, 0% used [0x00000000fed00000,0x00000000fed00000,0x0000000100000000)
  to   space 42496K, 0% used [0x00000000fad00000,0x00000000fad00000,0x00000000fd680000)
 ParOldGen       total 134144K, used 133648K [0x00000000f0000000, 0x00000000f8300000, 0x00000000f8300000)
  object space 134144K, 99% used [0x00000000f0000000,0x00000000f8284238,0x00000000f8300000)
 Metaspace       used 52521K, capacity 55578K, committed 55936K, reserved 1097728K
  class space    used 6399K, capacity 6939K, committed 7040K, reserved 1048576K
}
{Heap before GC invocations=508 (full 490):
 PSYoungGen      total 62464K, used 43008K [0x00000000f8300000, 0x0000000100000000, 0x0000000100000000)
  eden space 43008K, 100% used [0x00000000f8300000,0x00000000fad00000,0x00000000fad00000)
  from space 19456K, 0% used [0x00000000fed00000,0x00000000fed00000,0x0000000100000000)
  to   space 42496K, 0% used [0x00000000fad00000,0x00000000fad00000,0x00000000fd680000)
 ParOldGen       total 134144K, used 133648K [0x00000000f0000000, 0x00000000f8300000, 0x00000000f8300000)
  object space 134144K, 99% used [0x00000000f0000000,0x00000000f8284238,0x00000000f8300000)
 Metaspace       used 52521K, capacity 55578K, committed 55936K, reserved 1097728K
  class space    used 6399K, capacity 6939K, committed 7040K, reserved 1048576K
2023-01-17T04:26:58.876+0800: 117.825: [Full GC (Ergonomics) [PSYoungGen: 43008K->7497K(62464K)] [ParOldGen: 133648K->133648K(134144K)] 176656K->141145K(196608K), [Metaspace: 52521K->52521K(1097728K)], 0.1369155 secs] [Times: user=0.36 sys=0.00, real=0.14 secs] 
Heap after GC invocations=508 (full 490):
 PSYoungGen      total 62464K, used 7497K [0x00000000f8300000, 0x0000000100000000, 0x0000000100000000)
  eden space 43008K, 17% used [0x00000000f8300000,0x00000000f8a52550,0x00000000fad00000)
  from space 19456K, 0% used [0x00000000fed00000,0x00000000fed00000,0x0000000100000000)
  to   space 42496K, 0% used [0x00000000fad00000,0x00000000fad00000,0x00000000fd680000)
 ParOldGen       total 134144K, used 133648K [0x00000000f0000000, 0x00000000f8300000, 0x00000000f8300000)
  object space 134144K, 99% used [0x00000000f0000000,0x00000000f8284238,0x00000000f8300000)
 Metaspace       used 52521K, capacity 55578K, committed 55936K, reserved 1097728K
  class space    used 6399K, capacity 6939K, committed 7040K, reserved 1048576K
}
{Heap before GC invocations=509 (full 491):
 PSYoungGen      total 62464K, used 43008K [0x00000000f8300000, 0x0000000100000000, 0x0000000100000000)
  eden space 43008K, 100% used [0x00000000f8300000,0x00000000fad00000,0x00000000fad00000)
  from space 19456K, 0% used [0x00000000fed00000,0x00000000fed00000,0x0000000100000000)
  to   space 42496K, 0% used [0x00000000fad00000,0x00000000fad00000,0x00000000fd680000)
 ParOldGen       total 134144K, used 133648K [0x00000000f0000000, 0x00000000f8300000, 0x00000000f8300000)
  object space 134144K, 99% used [0x00000000f0000000,0x00000000f8284238,0x00000000f8300000)
 Metaspace       used 52523K, capacity 55578K, committed 55936K, reserved 1097728K
  class space    used 6399K, capacity 6939K, committed 7040K, reserved 1048576K
2023-01-17T04:26:59.075+0800: 118.025: [Full GC (Ergonomics) [PSYoungGen: 43008K->7484K(62464K)] [ParOldGen: 133648K->133648K(134144K)] 176656K->141133K(196608K), [Metaspace: 52523K->52523K(1097728K)], 0.1466431 secs] [Times: user=0.34 sys=0.00, real=0.15 secs] 
Heap after GC invocations=509 (full 491):
 PSYoungGen      total 62464K, used 7484K [0x00000000f8300000, 0x0000000100000000, 0x0000000100000000)
  eden space 43008K, 17% used [0x00000000f8300000,0x00000000f8a4f2f8,0x00000000fad00000)
  from space 19456K, 0% used [0x00000000fed00000,0x00000000fed00000,0x0000000100000000)
  to   space 42496K, 0% used [0x00000000fad00000,0x00000000fad00000,0x00000000fd680000)
 ParOldGen       total 134144K, used 133648K [0x00000000f0000000, 0x00000000f8300000, 0x00000000f8300000)
  object space 134144K, 99% used [0x00000000f0000000,0x00000000f8284130,0x00000000f8300000)
 Metaspace       used 52523K, capacity 55578K, committed 55936K, reserved 1097728K
  class space    used 6399K, capacity 6939K, committed 7040K, reserved 1048576K
}
{Heap before GC invocations=510 (full 492):
 PSYoungGen      total 62464K, used 43008K [0x00000000f8300000, 0x0000000100000000, 0x0000000100000000)
  eden space 43008K, 100% used [0x00000000f8300000,0x00000000fad00000,0x00000000fad00000)
  from space 19456K, 0% used [0x00000000fed00000,0x00000000fed00000,0x0000000100000000)
  to   space 42496K, 0% used [0x00000000fad00000,0x00000000fad00000,0x00000000fd680000)
 ParOldGen       total 134144K, used 133648K [0x00000000f0000000, 0x00000000f8300000, 0x00000000f8300000)
  object space 134144K, 99% used [0x00000000f0000000,0x00000000f8284130,0x00000000f8300000)
 Metaspace       used 52523K, capacity 55578K, committed 55936K, reserved 1097728K
  class space    used 6399K, capacity 6939K, committed 7040K, reserved 1048576K
2023-01-17T04:26:59.268+0800: 118.218: [Full GC (Ergonomics) [PSYoungGen: 43008K->6936K(62464K)] [ParOldGen: 133648K->134087K(134144K)] 176656K->141023K(196608K), [Metaspace: 52523K->52517K(1097728K)], 0.2674435 secs] [Times: user=0.69 sys=0.00, real=0.27 secs] 
Heap after GC invocations=510 (full 492):
 PSYoungGen      total 62464K, used 6936K [0x00000000f8300000, 0x0000000100000000, 0x0000000100000000)
  eden space 43008K, 16% used [0x00000000f8300000,0x00000000f89c6150,0x00000000fad00000)
  from space 19456K, 0% used [0x00000000fed00000,0x00000000fed00000,0x0000000100000000)
  to   space 42496K, 0% used [0x00000000fad00000,0x00000000fad00000,0x00000000fd680000)
 ParOldGen       total 134144K, used 134087K [0x00000000f0000000, 0x00000000f8300000, 0x00000000f8300000)
  object space 134144K, 99% used [0x00000000f0000000,0x00000000f82f1ca0,0x00000000f8300000)
 Metaspace       used 52517K, capacity 55568K, committed 55936K, reserved 1097728K
  class space    used 6397K, capacity 6934K, committed 7040K, reserved 1048576K
}
{Heap before GC invocations=511 (full 493):
 PSYoungGen      total 62464K, used 43008K [0x00000000f8300000, 0x0000000100000000, 0x0000000100000000)
  eden space 43008K, 100% used [0x00000000f8300000,0x00000000fad00000,0x00000000fad00000)
  from space 19456K, 0% used [0x00000000fed00000,0x00000000fed00000,0x0000000100000000)
  to   space 42496K, 0% used [0x00000000fad00000,0x00000000fad00000,0x00000000fd680000)
 ParOldGen       total 134144K, used 134087K [0x00000000f0000000, 0x00000000f8300000, 0x00000000f8300000)
  object space 134144K, 99% used [0x00000000f0000000,0x00000000f82f1ca0,0x00000000f8300000)
 Metaspace       used 52517K, capacity 55568K, committed 55936K, reserved 1097728K
  class space    used 6397K, capacity 6934K, committed 7040K, reserved 1048576K
2023-01-17T04:26:59.583+0800: 118.533: [Full GC (Ergonomics) [PSYoungGen: 43008K->6948K(62464K)] [ParOldGen: 134087K->134081K(134144K)] 177095K->141029K(196608K), [Metaspace: 52517K->52517K(1097728K)], 0.1522295 secs] [Times: user=0.45 sys=0.00, real=0.15 secs] 
Heap after GC invocations=511 (full 493):
 PSYoungGen      total 62464K, used 6948K [0x00000000f8300000, 0x0000000100000000, 0x0000000100000000)
  eden space 43008K, 16% used [0x00000000f8300000,0x00000000f89c90a8,0x00000000fad00000)
  from space 19456K, 0% used [0x00000000fed00000,0x00000000fed00000,0x0000000100000000)
  to   space 42496K, 0% used [0x00000000fad00000,0x00000000fad00000,0x00000000fd680000)
 ParOldGen       total 134144K, used 134081K [0x00000000f0000000, 0x00000000f8300000, 0x00000000f8300000)
  object space 134144K, 99% used [0x00000000f0000000,0x00000000f82f0440,0x00000000f8300000)
 Metaspace       used 52517K, capacity 55568K, committed 55936K, reserved 1097728K
  class space    used 6397K, capacity 6934K, committed 7040K, reserved 1048576K
}
{Heap before GC invocations=512 (full 494):
 PSYoungGen      total 62464K, used 43008K [0x00000000f8300000, 0x0000000100000000, 0x0000000100000000)
  eden space 43008K, 100% used [0x00000000f8300000,0x00000000fad00000,0x00000000fad00000)
  from space 19456K, 0% used [0x00000000fed00000,0x00000000fed00000,0x0000000100000000)
  to   space 42496K, 0% used [0x00000000fad00000,0x00000000fad00000,0x00000000fd680000)
 ParOldGen       total 134144K, used 134081K [0x00000000f0000000, 0x00000000f8300000, 0x00000000f8300000)
  object space 134144K, 99% used [0x00000000f0000000,0x00000000f82f0440,0x00000000f8300000)
 Metaspace       used 52517K, capacity 55568K, committed 55936K, reserved 1097728K
  class space    used 6397K, capacity 6934K, committed 7040K, reserved 1048576K
2023-01-17T04:26:59.782+0800: 118.732: [Full GC (Ergonomics) [PSYoungGen: 43008K->6971K(62464K)] [ParOldGen: 134081K->134081K(134144K)] 177089K->141052K(196608K), [Metaspace: 52517K->52517K(1097728K)], 0.1138687 secs] [Times: user=0.29 sys=0.00, real=0.11 secs] 
Heap after GC invocations=512 (full 494):
 PSYoungGen      total 62464K, used 6971K [0x00000000f8300000, 0x0000000100000000, 0x0000000100000000)
  eden space 43008K, 16% used [0x00000000f8300000,0x00000000f89cef68,0x00000000fad00000)
  from space 19456K, 0% used [0x00000000fed00000,0x00000000fed00000,0x0000000100000000)
  to   space 42496K, 0% used [0x00000000fad00000,0x00000000fad00000,0x00000000fd680000)
 ParOldGen       total 134144K, used 134081K [0x00000000f0000000, 0x00000000f8300000, 0x00000000f8300000)
  object space 134144K, 99% used [0x00000000f0000000,0x00000000f82f0440,0x00000000f8300000)
 Metaspace       used 52517K, capacity 55568K, committed 55936K, reserved 1097728K
  class space    used 6397K, capacity 6934K, committed 7040K, reserved 1048576K
}
{Heap before GC invocations=513 (full 495):
 PSYoungGen      total 62464K, used 43008K [0x00000000f8300000, 0x0000000100000000, 0x0000000100000000)
  eden space 43008K, 100% used [0x00000000f8300000,0x00000000fad00000,0x00000000fad00000)
  from space 19456K, 0% used [0x00000000fed00000,0x00000000fed00000,0x0000000100000000)
  to   space 42496K, 0% used [0x00000000fad00000,0x00000000fad00000,0x00000000fd680000)
 ParOldGen       total 134144K, used 134081K [0x00000000f0000000, 0x00000000f8300000, 0x00000000f8300000)
  object space 134144K, 99% used [0x00000000f0000000,0x00000000f82f0440,0x00000000f8300000)
 Metaspace       used 52517K, capacity 55568K, committed 55936K, reserved 1097728K
  class space    used 6397K, capacity 6934K, committed 7040K, reserved 1048576K
2023-01-17T04:26:59.942+0800: 118.892: [Full GC (Ergonomics) [PSYoungGen: 43008K->6943K(62464K)] [ParOldGen: 134081K->134071K(134144K)] 177089K->141015K(196608K), [Metaspace: 52517K->52517K(1097728K)], 0.2537800 secs] [Times: user=0.67 sys=0.00, real=0.25 secs] 
Heap after GC invocations=513 (full 495):
 PSYoungGen      total 62464K, used 6943K [0x00000000f8300000, 0x0000000100000000, 0x0000000100000000)
  eden space 43008K, 16% used [0x00000000f8300000,0x00000000f89c7cd0,0x00000000fad00000)
  from space 19456K, 0% used [0x00000000fed00000,0x00000000fed00000,0x0000000100000000)
  to   space 42496K, 0% used [0x00000000fad00000,0x00000000fad00000,0x00000000fd680000)
 ParOldGen       total 134144K, used 134071K [0x00000000f0000000, 0x00000000f8300000, 0x00000000f8300000)
  object space 134144K, 99% used [0x00000000f0000000,0x00000000f82edf58,0x00000000f8300000)
 Metaspace       used 52517K, capacity 55568K, committed 55936K, reserved 1097728K
  class space    used 6397K, capacity 6934K, committed 7040K, reserved 1048576K
}
{Heap before GC invocations=514 (full 496):
 PSYoungGen      total 62464K, used 43008K [0x00000000f8300000, 0x0000000100000000, 0x0000000100000000)
  eden space 43008K, 100% used [0x00000000f8300000,0x00000000fad00000,0x00000000fad00000)
  from space 19456K, 0% used [0x00000000fed00000,0x00000000fed00000,0x0000000100000000)
  to   space 42496K, 0% used [0x00000000fad00000,0x00000000fad00000,0x00000000fd680000)
 ParOldGen       total 134144K, used 134071K [0x00000000f0000000, 0x00000000f8300000, 0x00000000f8300000)
  object space 134144K, 99% used [0x00000000f0000000,0x00000000f82edf58,0x00000000f8300000)
 Metaspace       used 52517K, capacity 55568K, committed 55936K, reserved 1097728K
  class space    used 6397K, capacity 6934K, committed 7040K, reserved 1048576K
2023-01-17T04:27:00.266+0800: 119.216: [Full GC (Ergonomics) [PSYoungGen: 43008K->6959K(62464K)] [ParOldGen: 134071K->134035K(134144K)] 177079K->140994K(196608K), [Metaspace: 52517K->52517K(1097728K)], 0.2704145 secs] [Times: user=0.78 sys=0.00, real=0.27 secs] 
Heap after GC invocations=514 (full 496):
 PSYoungGen      total 62464K, used 6959K [0x00000000f8300000, 0x0000000100000000, 0x0000000100000000)
  eden space 43008K, 16% used [0x00000000f8300000,0x00000000f89cbd68,0x00000000fad00000)
  from space 19456K, 0% used [0x00000000fed00000,0x00000000fed00000,0x0000000100000000)
  to   space 42496K, 0% used [0x00000000fad00000,0x00000000fad00000,0x00000000fd680000)
 ParOldGen       total 134144K, used 134035K [0x00000000f0000000, 0x00000000f8300000, 0x00000000f8300000)
  object space 134144K, 99% used [0x00000000f0000000,0x00000000f82e4c60,0x00000000f8300000)
 Metaspace       used 52517K, capacity 55568K, committed 55936K, reserved 1097728K
  class space    used 6397K, capacity 6934K, committed 7040K, reserved 1048576K
}
{Heap before GC invocations=515 (full 497):
 PSYoungGen      total 62464K, used 43008K [0x00000000f8300000, 0x0000000100000000, 0x0000000100000000)
  eden space 43008K, 100% used [0x00000000f8300000,0x00000000fad00000,0x00000000fad00000)
  from space 19456K, 0% used [0x00000000fed00000,0x00000000fed00000,0x0000000100000000)
  to   space 42496K, 0% used [0x00000000fad00000,0x00000000fad00000,0x00000000fd680000)
 ParOldGen       total 134144K, used 134035K [0x00000000f0000000, 0x00000000f8300000, 0x00000000f8300000)
  object space 134144K, 99% used [0x00000000f0000000,0x00000000f82e4c60,0x00000000f8300000)
 Metaspace       used 52517K, capacity 55568K, committed 55936K, reserved 1097728K
  class space    used 6397K, capacity 6934K, committed 7040K, reserved 1048576K
2023-01-17T04:27:00.583+0800: 119.533: [Full GC (Ergonomics) [PSYoungGen: 43008K->6981K(62464K)] [ParOldGen: 134035K->134034K(134144K)] 177043K->141016K(196608K), [Metaspace: 52517K->52517K(1097728K)], 0.1298064 secs] [Times: user=0.36 sys=0.00, real=0.13 secs] 
Heap after GC invocations=515 (full 497):
 PSYoungGen      total 62464K, used 6981K [0x00000000f8300000, 0x0000000100000000, 0x0000000100000000)
  eden space 43008K, 16% used [0x00000000f8300000,0x00000000f89d1638,0x00000000fad00000)
  from space 19456K, 0% used [0x00000000fed00000,0x00000000fed00000,0x0000000100000000)
  to   space 42496K, 0% used [0x00000000fad00000,0x00000000fad00000,0x00000000fd680000)
 ParOldGen       total 134144K, used 134034K [0x00000000f0000000, 0x00000000f8300000, 0x00000000f8300000)
  object space 134144K, 99% used [0x00000000f0000000,0x00000000f82e4ad0,0x00000000f8300000)
 Metaspace       used 52517K, capacity 55568K, committed 55936K, reserved 1097728K
  class space    used 6397K, capacity 6934K, committed 7040K, reserved 1048576K
}
{Heap before GC invocations=516 (full 498):
 PSYoungGen      total 62464K, used 43008K [0x00000000f8300000, 0x0000000100000000, 0x0000000100000000)
  eden space 43008K, 100% used [0x00000000f8300000,0x00000000fad00000,0x00000000fad00000)
  from space 19456K, 0% used [0x00000000fed00000,0x00000000fed00000,0x0000000100000000)
  to   space 42496K, 0% used [0x00000000fad00000,0x00000000fad00000,0x00000000fd680000)
 ParOldGen       total 134144K, used 134034K [0x00000000f0000000, 0x00000000f8300000, 0x00000000f8300000)
  object space 134144K, 99% used [0x00000000f0000000,0x00000000f82e4ad0,0x00000000f8300000)
 Metaspace       used 52517K, capacity 55568K, committed 55936K, reserved 1097728K
  class space    used 6397K, capacity 6934K, committed 7040K, reserved 1048576K
2023-01-17T04:27:00.759+0800: 119.709: [Full GC (Ergonomics) [PSYoungGen: 43008K->6944K(62464K)] [ParOldGen: 134034K->134006K(134144K)] 177042K->140950K(196608K), [Metaspace: 52517K->52516K(1097728K)], 0.2852219 secs] [Times: user=0.73 sys=0.01, real=0.29 secs] 
Heap after GC invocations=516 (full 498):
 PSYoungGen      total 62464K, used 6944K [0x00000000f8300000, 0x0000000100000000, 0x0000000100000000)
  eden space 43008K, 16% used [0x00000000f8300000,0x00000000f89c8050,0x00000000fad00000)
  from space 19456K, 0% used [0x00000000fed00000,0x00000000fed00000,0x0000000100000000)
  to   space 42496K, 0% used [0x00000000fad00000,0x00000000fad00000,0x00000000fd680000)
 ParOldGen       total 134144K, used 134006K [0x00000000f0000000, 0x00000000f8300000, 0x00000000f8300000)
  object space 134144K, 99% used [0x00000000f0000000,0x00000000f82dd878,0x00000000f8300000)
 Metaspace       used 52516K, capacity 55566K, committed 55936K, reserved 1097728K
  class space    used 6396K, capacity 6933K, committed 7040K, reserved 1048576K
}
{Heap before GC invocations=517 (full 499):
 PSYoungGen      total 62464K, used 43008K [0x00000000f8300000, 0x0000000100000000, 0x0000000100000000)
  eden space 43008K, 100% used [0x00000000f8300000,0x00000000fad00000,0x00000000fad00000)
  from space 19456K, 0% used [0x00000000fed00000,0x00000000fed00000,0x0000000100000000)
  to   space 42496K, 0% used [0x00000000fad00000,0x00000000fad00000,0x00000000fd680000)
 ParOldGen       total 134144K, used 134006K [0x00000000f0000000, 0x00000000f8300000, 0x00000000f8300000)
  object space 134144K, 99% used [0x00000000f0000000,0x00000000f82dd878,0x00000000f8300000)
 Metaspace       used 52516K, capacity 55566K, committed 55936K, reserved 1097728K
  class space    used 6396K, capacity 6933K, committed 7040K, reserved 1048576K
2023-01-17T04:27:01.102+0800: 120.052: [Full GC (Ergonomics) [PSYoungGen: 43008K->6953K(62464K)] [ParOldGen: 134006K->134006K(134144K)] 177014K->140959K(196608K), [Metaspace: 52516K->52516K(1097728K)], 0.1142098 secs] [Times: user=0.30 sys=0.00, real=0.11 secs] 
Heap after GC invocations=517 (full 499):
 PSYoungGen      total 62464K, used 6953K [0x00000000f8300000, 0x0000000100000000, 0x0000000100000000)
  eden space 43008K, 16% used [0x00000000f8300000,0x00000000f89ca4c0,0x00000000fad00000)
  from space 19456K, 0% used [0x00000000fed00000,0x00000000fed00000,0x0000000100000000)
  to   space 42496K, 0% used [0x00000000fad00000,0x00000000fad00000,0x00000000fd680000)
 ParOldGen       total 134144K, used 134006K [0x00000000f0000000, 0x00000000f8300000, 0x00000000f8300000)
  object space 134144K, 99% used [0x00000000f0000000,0x00000000f82dd878,0x00000000f8300000)
 Metaspace       used 52516K, capacity 55566K, committed 55936K, reserved 1097728K
  class space    used 6396K, capacity 6933K, committed 7040K, reserved 1048576K
}
{Heap before GC invocations=518 (full 500):
 PSYoungGen      total 62464K, used 43008K [0x00000000f8300000, 0x0000000100000000, 0x0000000100000000)
  eden space 43008K, 100% used [0x00000000f8300000,0x00000000fad00000,0x00000000fad00000)
  from space 19456K, 0% used [0x00000000fed00000,0x00000000fed00000,0x0000000100000000)
  to   space 42496K, 0% used [0x00000000fad00000,0x00000000fad00000,0x00000000fd680000)
 ParOldGen       total 134144K, used 134006K [0x00000000f0000000, 0x00000000f8300000, 0x00000000f8300000)
  object space 134144K, 99% used [0x00000000f0000000,0x00000000f82dd878,0x00000000f8300000)
 Metaspace       used 52516K, capacity 55566K, committed 55936K, reserved 1097728K
  class space    used 6396K, capacity 6933K, committed 7040K, reserved 1048576K
2023-01-17T04:27:01.264+0800: 120.214: [Full GC (Ergonomics) [PSYoungGen: 43008K->6960K(62464K)] [ParOldGen: 134006K->133967K(134144K)] 177014K->140927K(196608K), [Metaspace: 52516K->52512K(1097728K)], 0.1954350 secs] [Times: user=0.57 sys=0.00, real=0.19 secs] 
Heap after GC invocations=518 (full 500):
 PSYoungGen      total 62464K, used 6960K [0x00000000f8300000, 0x0000000100000000, 0x0000000100000000)
  eden space 43008K, 16% used [0x00000000f8300000,0x00000000f89cc078,0x00000000fad00000)
  from space 19456K, 0% used [0x00000000fed00000,0x00000000fed00000,0x0000000100000000)
  to   space 42496K, 0% used [0x00000000fad00000,0x00000000fad00000,0x00000000fd680000)
 ParOldGen       total 134144K, used 133967K [0x00000000f0000000, 0x00000000f8300000, 0x00000000f8300000)
  object space 134144K, 99% used [0x00000000f0000000,0x00000000f82d3ce0,0x00000000f8300000)
 Metaspace       used 52512K, capacity 55560K, committed 55936K, reserved 1097728K
  class space    used 6395K, capacity 6932K, committed 7040K, reserved 1048576K
}
{Heap before GC invocations=519 (full 501):
 PSYoungGen      total 62464K, used 43008K [0x00000000f8300000, 0x0000000100000000, 0x0000000100000000)
  eden space 43008K, 100% used [0x00000000f8300000,0x00000000fad00000,0x00000000fad00000)
  from space 19456K, 0% used [0x00000000fed00000,0x00000000fed00000,0x0000000100000000)
  to   space 42496K, 0% used [0x00000000fad00000,0x00000000fad00000,0x00000000fd680000)
 ParOldGen       total 134144K, used 133967K [0x00000000f0000000, 0x00000000f8300000, 0x00000000f8300000)
  object space 134144K, 99% used [0x00000000f0000000,0x00000000f82d3ce0,0x00000000f8300000)
 Metaspace       used 52512K, capacity 55560K, committed 55936K, reserved 1097728K
  class space    used 6395K, capacity 6932K, committed 7040K, reserved 1048576K
2023-01-17T04:27:01.523+0800: 120.473: [Full GC (Ergonomics) [PSYoungGen: 43008K->6980K(62464K)] [ParOldGen: 133967K->133935K(134144K)] 176975K->140916K(196608K), [Metaspace: 52512K->52490K(1097728K)], 0.3044881 secs] [Times: user=0.71 sys=0.00, real=0.30 secs] 
Heap after GC invocations=519 (full 501):
 PSYoungGen      total 62464K, used 6980K [0x00000000f8300000, 0x0000000100000000, 0x0000000100000000)
  eden space 43008K, 16% used [0x00000000f8300000,0x00000000f89d1318,0x00000000fad00000)
  from space 19456K, 0% used [0x00000000fed00000,0x00000000fed00000,0x0000000100000000)
  to   space 42496K, 0% used [0x00000000fad00000,0x00000000fad00000,0x00000000fd680000)
 ParOldGen       total 134144K, used 133935K [0x00000000f0000000, 0x00000000f8300000, 0x00000000f8300000)
  object space 134144K, 99% used [0x00000000f0000000,0x00000000f82cbfb8,0x00000000f8300000)
 Metaspace       used 52490K, capacity 55524K, committed 55936K, reserved 1097728K
  class space    used 6392K, capacity 6926K, committed 7040K, reserved 1048576K
}
{Heap before GC invocations=520 (full 502):
 PSYoungGen      total 62464K, used 43008K [0x00000000f8300000, 0x0000000100000000, 0x0000000100000000)
  eden space 43008K, 100% used [0x00000000f8300000,0x00000000fad00000,0x00000000fad00000)
  from space 19456K, 0% used [0x00000000fed00000,0x00000000fed00000,0x0000000100000000)
  to   space 42496K, 0% used [0x00000000fad00000,0x00000000fad00000,0x00000000fd680000)
 ParOldGen       total 134144K, used 133935K [0x00000000f0000000, 0x00000000f8300000, 0x00000000f8300000)
  object space 134144K, 99% used [0x00000000f0000000,0x00000000f82cbfb8,0x00000000f8300000)
 Metaspace       used 52490K, capacity 55524K, committed 55936K, reserved 1097728K
  class space    used 6392K, capacity 6926K, committed 7040K, reserved 1048576K
2023-01-17T04:27:01.875+0800: 120.824: [Full GC (Ergonomics) [PSYoungGen: 43008K->6985K(62464K)] [ParOldGen: 133935K->133935K(134144K)] 176943K->140920K(196608K), [Metaspace: 52490K->52490K(1097728K)], 0.1154788 secs] [Times: user=0.30 sys=0.00, real=0.12 secs] 
Heap after GC invocations=520 (full 502):
 PSYoungGen      total 62464K, used 6985K [0x00000000f8300000, 0x0000000100000000, 0x0000000100000000)
  eden space 43008K, 16% used [0x00000000f8300000,0x00000000f89d2430,0x00000000fad00000)
  from space 19456K, 0% used [0x00000000fed00000,0x00000000fed00000,0x0000000100000000)
  to   space 42496K, 0% used [0x00000000fad00000,0x00000000fad00000,0x00000000fd680000)
 ParOldGen       total 134144K, used 133935K [0x00000000f0000000, 0x00000000f8300000, 0x00000000f8300000)
  object space 134144K, 99% used [0x00000000f0000000,0x00000000f82cbfb8,0x00000000f8300000)
 Metaspace       used 52490K, capacity 55524K, committed 55936K, reserved 1097728K
  class space    used 6392K, capacity 6926K, committed 7040K, reserved 1048576K
}
{Heap before GC invocations=521 (full 503):
 PSYoungGen      total 62464K, used 43008K [0x00000000f8300000, 0x0000000100000000, 0x0000000100000000)
  eden space 43008K, 100% used [0x00000000f8300000,0x00000000fad00000,0x00000000fad00000)
  from space 19456K, 0% used [0x00000000fed00000,0x00000000fed00000,0x0000000100000000)
  to   space 42496K, 0% used [0x00000000fad00000,0x00000000fad00000,0x00000000fd680000)
 ParOldGen       total 134144K, used 133935K [0x00000000f0000000, 0x00000000f8300000, 0x00000000f8300000)
  object space 134144K, 99% used [0x00000000f0000000,0x00000000f82cbfb8,0x00000000f8300000)
 Metaspace       used 52508K, capacity 55524K, committed 55936K, reserved 1097728K
  class space    used 6392K, capacity 6926K, committed 7040K, reserved 1048576K
2023-01-17T04:27:02.038+0800: 120.988: [Full GC (Ergonomics) [PSYoungGen: 43008K->6948K(62464K)] [ParOldGen: 133935K->133882K(134144K)] 176943K->140831K(196608K), [Metaspace: 52508K->52508K(1097728K)], 0.2002650 secs] [Times: user=0.61 sys=0.00, real=0.20 secs] 
Heap after GC invocations=521 (full 503):
 PSYoungGen      total 62464K, used 6948K [0x00000000f8300000, 0x0000000100000000, 0x0000000100000000)
  eden space 43008K, 16% used [0x00000000f8300000,0x00000000f89c9370,0x00000000fad00000)
  from space 19456K, 0% used [0x00000000fed00000,0x00000000fed00000,0x0000000100000000)
  to   space 42496K, 0% used [0x00000000fad00000,0x00000000fad00000,0x00000000fd680000)
 ParOldGen       total 134144K, used 133882K [0x00000000f0000000, 0x00000000f8300000, 0x00000000f8300000)
  object space 134144K, 99% used [0x00000000f0000000,0x00000000f82bea20,0x00000000f8300000)
 Metaspace       used 52508K, capacity 55524K, committed 55936K, reserved 1097728K
  class space    used 6392K, capacity 6926K, committed 7040K, reserved 1048576K
}
{Heap before GC invocations=522 (full 504):
 PSYoungGen      total 62464K, used 43008K [0x00000000f8300000, 0x0000000100000000, 0x0000000100000000)
  eden space 43008K, 100% used [0x00000000f8300000,0x00000000fad00000,0x00000000fad00000)
  from space 19456K, 0% used [0x00000000fed00000,0x00000000fed00000,0x0000000100000000)
  to   space 42496K, 0% used [0x00000000fad00000,0x00000000fad00000,0x00000000fd680000)
 ParOldGen       total 134144K, used 133882K [0x00000000f0000000, 0x00000000f8300000, 0x00000000f8300000)
  object space 134144K, 99% used [0x00000000f0000000,0x00000000f82bea20,0x00000000f8300000)
 Metaspace       used 52508K, capacity 55524K, committed 55936K, reserved 1097728K
  class space    used 6392K, capacity 6926K, committed 7040K, reserved 1048576K
2023-01-17T04:27:02.297+0800: 121.247: [Full GC (Ergonomics) [PSYoungGen: 43008K->6960K(62464K)] [ParOldGen: 133882K->133882K(134144K)] 176890K->140842K(196608K), [Metaspace: 52508K->52508K(1097728K)], 0.1555940 secs] [Times: user=0.32 sys=0.00, real=0.16 secs] 
Heap after GC invocations=522 (full 504):
 PSYoungGen      total 62464K, used 6960K [0x00000000f8300000, 0x0000000100000000, 0x0000000100000000)
  eden space 43008K, 16% used [0x00000000f8300000,0x00000000f89cc048,0x00000000fad00000)
  from space 19456K, 0% used [0x00000000fed00000,0x00000000fed00000,0x0000000100000000)
  to   space 42496K, 0% used [0x00000000fad00000,0x00000000fad00000,0x00000000fd680000)
 ParOldGen       total 134144K, used 133882K [0x00000000f0000000, 0x00000000f8300000, 0x00000000f8300000)
  object space 134144K, 99% used [0x00000000f0000000,0x00000000f82bea20,0x00000000f8300000)
 Metaspace       used 52508K, capacity 55524K, committed 55936K, reserved 1097728K
  class space    used 6392K, capacity 6926K, committed 7040K, reserved 1048576K
}
{Heap before GC invocations=523 (full 505):
 PSYoungGen      total 62464K, used 43008K [0x00000000f8300000, 0x0000000100000000, 0x0000000100000000)
  eden space 43008K, 100% used [0x00000000f8300000,0x00000000fad00000,0x00000000fad00000)
  from space 19456K, 0% used [0x00000000fed00000,0x00000000fed00000,0x0000000100000000)
  to   space 42496K, 0% used [0x00000000fad00000,0x00000000fad00000,0x00000000fd680000)
 ParOldGen       total 134144K, used 133882K [0x00000000f0000000, 0x00000000f8300000, 0x00000000f8300000)
  object space 134144K, 99% used [0x00000000f0000000,0x00000000f82bea20,0x00000000f8300000)
 Metaspace       used 52508K, capacity 55524K, committed 55936K, reserved 1097728K
  class space    used 6392K, capacity 6926K, committed 7040K, reserved 1048576K
2023-01-17T04:27:02.514+0800: 121.464: [Full GC (Ergonomics) [PSYoungGen: 43008K->6946K(62464K)] [ParOldGen: 133882K->133799K(134144K)] 176890K->140746K(196608K), [Metaspace: 52508K->52471K(1097728K)], 0.2549661 secs] [Times: user=0.67 sys=0.01, real=0.25 secs] 
Heap after GC invocations=523 (full 505):
 PSYoungGen      total 62464K, used 6946K [0x00000000f8300000, 0x0000000100000000, 0x0000000100000000)
  eden space 43008K, 16% used [0x00000000f8300000,0x00000000f89c8bf8,0x00000000fad00000)
  from space 19456K, 0% used [0x00000000fed00000,0x00000000fed00000,0x0000000100000000)
  to   space 42496K, 0% used [0x00000000fad00000,0x00000000fad00000,0x00000000fd680000)
 ParOldGen       total 134144K, used 133799K [0x00000000f0000000, 0x00000000f8300000, 0x00000000f8300000)
  object space 134144K, 99% used [0x00000000f0000000,0x00000000f82a9eb8,0x00000000f8300000)
 Metaspace       used 52471K, capacity 55464K, committed 55936K, reserved 1097728K
  class space    used 6387K, capacity 6916K, committed 7040K, reserved 1048576K
}
{Heap before GC invocations=524 (full 506):
 PSYoungGen      total 62464K, used 43008K [0x00000000f8300000, 0x0000000100000000, 0x0000000100000000)
  eden space 43008K, 100% used [0x00000000f8300000,0x00000000fad00000,0x00000000fad00000)
  from space 19456K, 0% used [0x00000000fed00000,0x00000000fed00000,0x0000000100000000)
  to   space 42496K, 0% used [0x00000000fad00000,0x00000000fad00000,0x00000000fd680000)
 ParOldGen       total 134144K, used 133799K [0x00000000f0000000, 0x00000000f8300000, 0x00000000f8300000)
  object space 134144K, 99% used [0x00000000f0000000,0x00000000f82a9eb8,0x00000000f8300000)
 Metaspace       used 52471K, capacity 55464K, committed 55936K, reserved 1097728K
  class space    used 6387K, capacity 6916K, committed 7040K, reserved 1048576K
2023-01-17T04:27:02.825+0800: 121.775: [Full GC (Ergonomics) [PSYoungGen: 43008K->6944K(62464K)] [ParOldGen: 133799K->133799K(134144K)] 176807K->140743K(196608K), [Metaspace: 52471K->52471K(1097728K)], 0.1298152 secs] [Times: user=0.31 sys=0.00, real=0.13 secs] 
Heap after GC invocations=524 (full 506):
 PSYoungGen      total 62464K, used 6944K [0x00000000f8300000, 0x0000000100000000, 0x0000000100000000)
  eden space 43008K, 16% used [0x00000000f8300000,0x00000000f89c80c8,0x00000000fad00000)
  from space 19456K, 0% used [0x00000000fed00000,0x00000000fed00000,0x0000000100000000)
  to   space 42496K, 0% used [0x00000000fad00000,0x00000000fad00000,0x00000000fd680000)
 ParOldGen       total 134144K, used 133799K [0x00000000f0000000, 0x00000000f8300000, 0x00000000f8300000)
  object space 134144K, 99% used [0x00000000f0000000,0x00000000f82a9eb8,0x00000000f8300000)
 Metaspace       used 52471K, capacity 55464K, committed 55936K, reserved 1097728K
  class space    used 6387K, capacity 6916K, committed 7040K, reserved 1048576K
}
{Heap before GC invocations=525 (full 507):
 PSYoungGen      total 62464K, used 43008K [0x00000000f8300000, 0x0000000100000000, 0x0000000100000000)
  eden space 43008K, 100% used [0x00000000f8300000,0x00000000fad00000,0x00000000fad00000)
  from space 19456K, 0% used [0x00000000fed00000,0x00000000fed00000,0x0000000100000000)
  to   space 42496K, 0% used [0x00000000fad00000,0x00000000fad00000,0x00000000fd680000)
 ParOldGen       total 134144K, used 133799K [0x00000000f0000000, 0x00000000f8300000, 0x00000000f8300000)
  object space 134144K, 99% used [0x00000000f0000000,0x00000000f82a9eb8,0x00000000f8300000)
 Metaspace       used 52471K, capacity 55464K, committed 55936K, reserved 1097728K
  class space    used 6387K, capacity 6916K, committed 7040K, reserved 1048576K
2023-01-17T04:27:03.018+0800: 121.968: [Full GC (Ergonomics) [PSYoungGen: 43008K->6933K(62464K)] [ParOldGen: 133799K->133731K(134144K)] 176807K->140664K(196608K), [Metaspace: 52471K->52471K(1097728K)], 0.2321422 secs] [Times: user=0.61 sys=0.00, real=0.24 secs] 
Heap after GC invocations=525 (full 507):
 PSYoungGen      total 62464K, used 6933K [0x00000000f8300000, 0x0000000100000000, 0x0000000100000000)
  eden space 43008K, 16% used [0x00000000f8300000,0x00000000f89c55f0,0x00000000fad00000)
  from space 19456K, 0% used [0x00000000fed00000,0x00000000fed00000,0x0000000100000000)
  to   space 42496K, 0% used [0x00000000fad00000,0x00000000fad00000,0x00000000fd680000)
 ParOldGen       total 134144K, used 133731K [0x00000000f0000000, 0x00000000f8300000, 0x00000000f8300000)
  object space 134144K, 99% used [0x00000000f0000000,0x00000000f8298c80,0x00000000f8300000)
 Metaspace       used 52471K, capacity 55464K, committed 55936K, reserved 1097728K
  class space    used 6387K, capacity 6916K, committed 7040K, reserved 1048576K
}
{Heap before GC invocations=526 (full 508):
 PSYoungGen      total 62464K, used 43008K [0x00000000f8300000, 0x0000000100000000, 0x0000000100000000)
  eden space 43008K, 100% used [0x00000000f8300000,0x00000000fad00000,0x00000000fad00000)
  from space 19456K, 0% used [0x00000000fed00000,0x00000000fed00000,0x0000000100000000)
  to   space 42496K, 0% used [0x00000000fad00000,0x00000000fad00000,0x00000000fd680000)
 ParOldGen       total 134144K, used 133731K [0x00000000f0000000, 0x00000000f8300000, 0x00000000f8300000)
  object space 134144K, 99% used [0x00000000f0000000,0x00000000f8298c80,0x00000000f8300000)
 Metaspace       used 52471K, capacity 55464K, committed 55936K, reserved 1097728K
  class space    used 6387K, capacity 6916K, committed 7040K, reserved 1048576K
2023-01-17T04:27:03.332+0800: 122.282: [Full GC (Ergonomics) [PSYoungGen: 43008K->6941K(62464K)] [ParOldGen: 133731K->133679K(134144K)] 176739K->140621K(196608K), [Metaspace: 52471K->52467K(1097728K)], 0.2242476 secs] [Times: user=0.67 sys=0.01, real=0.22 secs] 
Heap after GC invocations=526 (full 508):
 PSYoungGen      total 62464K, used 6941K [0x00000000f8300000, 0x0000000100000000, 0x0000000100000000)
  eden space 43008K, 16% used [0x00000000f8300000,0x00000000f89c77c8,0x00000000fad00000)
  from space 19456K, 0% used [0x00000000fed00000,0x00000000fed00000,0x0000000100000000)
  to   space 42496K, 0% used [0x00000000fad00000,0x00000000fad00000,0x00000000fd680000)
 ParOldGen       total 134144K, used 133679K [0x00000000f0000000, 0x00000000f8300000, 0x00000000f8300000)
  object space 134144K, 99% used [0x00000000f0000000,0x00000000f828bfb0,0x00000000f8300000)
 Metaspace       used 52467K, capacity 55458K, committed 55936K, reserved 1097728K
  class space    used 6386K, capacity 6915K, committed 7040K, reserved 1048576K
}
{Heap before GC invocations=527 (full 509):
 PSYoungGen      total 62464K, used 43008K [0x00000000f8300000, 0x0000000100000000, 0x0000000100000000)
  eden space 43008K, 100% used [0x00000000f8300000,0x00000000fad00000,0x00000000fad00000)
  from space 19456K, 0% used [0x00000000fed00000,0x00000000fed00000,0x0000000100000000)
  to   space 42496K, 0% used [0x00000000fad00000,0x00000000fad00000,0x00000000fd680000)
 ParOldGen       total 134144K, used 133679K [0x00000000f0000000, 0x00000000f8300000, 0x00000000f8300000)
  object space 134144K, 99% used [0x00000000f0000000,0x00000000f828bfb0,0x00000000f8300000)
 Metaspace       used 52467K, capacity 55458K, committed 55936K, reserved 1097728K
  class space    used 6386K, capacity 6915K, committed 7040K, reserved 1048576K
2023-01-17T04:27:03.605+0800: 122.555: [Full GC (Ergonomics) [PSYoungGen: 43008K->6942K(62464K)] [ParOldGen: 133679K->133657K(134144K)] 176687K->140599K(196608K), [Metaspace: 52467K->52467K(1097728K)], 0.1686302 secs] [Times: user=0.48 sys=0.00, real=0.17 secs] 
Heap after GC invocations=527 (full 509):
 PSYoungGen      total 62464K, used 6942K [0x00000000f8300000, 0x0000000100000000, 0x0000000100000000)
  eden space 43008K, 16% used [0x00000000f8300000,0x00000000f89c7870,0x00000000fad00000)
  from space 19456K, 0% used [0x00000000fed00000,0x00000000fed00000,0x0000000100000000)
  to   space 42496K, 0% used [0x00000000fad00000,0x00000000fad00000,0x00000000fd680000)
 ParOldGen       total 134144K, used 133657K [0x00000000f0000000, 0x00000000f8300000, 0x00000000f8300000)
  object space 134144K, 99% used [0x00000000f0000000,0x00000000f8286578,0x00000000f8300000)
 Metaspace       used 52467K, capacity 55458K, committed 55936K, reserved 1097728K
  class space    used 6386K, capacity 6915K, committed 7040K, reserved 1048576K
}
{Heap before GC invocations=528 (full 510):
 PSYoungGen      total 62464K, used 43008K [0x00000000f8300000, 0x0000000100000000, 0x0000000100000000)
  eden space 43008K, 100% used [0x00000000f8300000,0x00000000fad00000,0x00000000fad00000)
  from space 19456K, 0% used [0x00000000fed00000,0x00000000fed00000,0x0000000100000000)
  to   space 42496K, 0% used [0x00000000fad00000,0x00000000fad00000,0x00000000fd680000)
 ParOldGen       total 134144K, used 133657K [0x00000000f0000000, 0x00000000f8300000, 0x00000000f8300000)
  object space 134144K, 99% used [0x00000000f0000000,0x00000000f8286578,0x00000000f8300000)
 Metaspace       used 52467K, capacity 55458K, committed 55936K, reserved 1097728K
  class space    used 6386K, capacity 6915K, committed 7040K, reserved 1048576K
2023-01-17T04:27:03.820+0800: 122.770: [Full GC (Ergonomics) [PSYoungGen: 43008K->6429K(62464K)] [ParOldGen: 133657K->133700K(134144K)] 176665K->140130K(196608K), [Metaspace: 52467K->52392K(1097728K)], 0.3751229 secs] [Times: user=0.87 sys=0.00, real=0.37 secs] 
Heap after GC invocations=528 (full 510):
 PSYoungGen      total 62464K, used 6429K [0x00000000f8300000, 0x0000000100000000, 0x0000000100000000)
  eden space 43008K, 14% used [0x00000000f8300000,0x00000000f8947608,0x00000000fad00000)
  from space 19456K, 0% used [0x00000000fed00000,0x00000000fed00000,0x0000000100000000)
  to   space 42496K, 0% used [0x00000000fad00000,0x00000000fad00000,0x00000000fd680000)
 ParOldGen       total 134144K, used 133700K [0x00000000f0000000, 0x00000000f8300000, 0x00000000f8300000)
  object space 134144K, 99% used [0x00000000f0000000,0x00000000f82912c8,0x00000000f8300000)
 Metaspace       used 52392K, capacity 55314K, committed 55936K, reserved 1097728K
  class space    used 6373K, capacity 6891K, committed 7040K, reserved 1048576K
}
{Heap before GC invocations=529 (full 511):
 PSYoungGen      total 62464K, used 43008K [0x00000000f8300000, 0x0000000100000000, 0x0000000100000000)
  eden space 43008K, 100% used [0x00000000f8300000,0x00000000fad00000,0x00000000fad00000)
  from space 19456K, 0% used [0x00000000fed00000,0x00000000fed00000,0x0000000100000000)
  to   space 42496K, 0% used [0x00000000fad00000,0x00000000fad00000,0x00000000fd680000)
 ParOldGen       total 134144K, used 133700K [0x00000000f0000000, 0x00000000f8300000, 0x00000000f8300000)
  object space 134144K, 99% used [0x00000000f0000000,0x00000000f82912c8,0x00000000f8300000)
 Metaspace       used 52392K, capacity 55314K, committed 55936K, reserved 1097728K
  class space    used 6373K, capacity 6891K, committed 7040K, reserved 1048576K
2023-01-17T04:27:04.264+0800: 123.214: [Full GC (Ergonomics) [PSYoungGen: 43008K->6415K(62464K)] [ParOldGen: 133700K->133700K(134144K)] 176708K->140115K(196608K), [Metaspace: 52392K->52392K(1097728K)], 0.1583120 secs] [Times: user=0.46 sys=0.01, real=0.16 secs] 
Heap after GC invocations=529 (full 511):
 PSYoungGen      total 62464K, used 6415K [0x00000000f8300000, 0x0000000100000000, 0x0000000100000000)
  eden space 43008K, 14% used [0x00000000f8300000,0x00000000f8943f18,0x00000000fad00000)
  from space 19456K, 0% used [0x00000000fed00000,0x00000000fed00000,0x0000000100000000)
  to   space 42496K, 0% used [0x00000000fad00000,0x00000000fad00000,0x00000000fd680000)
 ParOldGen       total 134144K, used 133700K [0x00000000f0000000, 0x00000000f8300000, 0x00000000f8300000)
  object space 134144K, 99% used [0x00000000f0000000,0x00000000f82910b8,0x00000000f8300000)
 Metaspace       used 52392K, capacity 55314K, committed 55936K, reserved 1097728K
  class space    used 6373K, capacity 6891K, committed 7040K, reserved 1048576K
}
{Heap before GC invocations=530 (full 512):
 PSYoungGen      total 62464K, used 43008K [0x00000000f8300000, 0x0000000100000000, 0x0000000100000000)
  eden space 43008K, 100% used [0x00000000f8300000,0x00000000fad00000,0x00000000fad00000)
  from space 19456K, 0% used [0x00000000fed00000,0x00000000fed00000,0x0000000100000000)
  to   space 42496K, 0% used [0x00000000fad00000,0x00000000fad00000,0x00000000fd680000)
 ParOldGen       total 134144K, used 133700K [0x00000000f0000000, 0x00000000f8300000, 0x00000000f8300000)
  object space 134144K, 99% used [0x00000000f0000000,0x00000000f82910b8,0x00000000f8300000)
 Metaspace       used 52392K, capacity 55314K, committed 55936K, reserved 1097728K
  class space    used 6373K, capacity 6891K, committed 7040K, reserved 1048576K
2023-01-17T04:27:04.470+0800: 123.420: [Full GC (Ergonomics) [PSYoungGen: 43008K->6426K(62464K)] [ParOldGen: 133700K->133700K(134144K)] 176708K->140126K(196608K), [Metaspace: 52392K->52392K(1097728K)], 0.1210679 secs] [Times: user=0.33 sys=0.00, real=0.12 secs] 
Heap after GC invocations=530 (full 512):
 PSYoungGen      total 62464K, used 6426K [0x00000000f8300000, 0x0000000100000000, 0x0000000100000000)
  eden space 43008K, 14% used [0x00000000f8300000,0x00000000f8946ab8,0x00000000fad00000)
  from space 19456K, 0% used [0x00000000fed00000,0x00000000fed00000,0x0000000100000000)
  to   space 42496K, 0% used [0x00000000fad00000,0x00000000fad00000,0x00000000fd680000)
 ParOldGen       total 134144K, used 133700K [0x00000000f0000000, 0x00000000f8300000, 0x00000000f8300000)
  object space 134144K, 99% used [0x00000000f0000000,0x00000000f82910b8,0x00000000f8300000)
 Metaspace       used 52392K, capacity 55314K, committed 55936K, reserved 1097728K
  class space    used 6373K, capacity 6891K, committed 7040K, reserved 1048576K
}
{Heap before GC invocations=531 (full 513):
 PSYoungGen      total 62464K, used 43008K [0x00000000f8300000, 0x0000000100000000, 0x0000000100000000)
  eden space 43008K, 100% used [0x00000000f8300000,0x00000000fad00000,0x00000000fad00000)
  from space 19456K, 0% used [0x00000000fed00000,0x00000000fed00000,0x0000000100000000)
  to   space 42496K, 0% used [0x00000000fad00000,0x00000000fad00000,0x00000000fd680000)
 ParOldGen       total 134144K, used 133700K [0x00000000f0000000, 0x00000000f8300000, 0x00000000f8300000)
  object space 134144K, 99% used [0x00000000f0000000,0x00000000f82910b8,0x00000000f8300000)
 Metaspace       used 52392K, capacity 55314K, committed 55936K, reserved 1097728K
  class space    used 6373K, capacity 6891K, committed 7040K, reserved 1048576K
2023-01-17T04:27:04.636+0800: 123.586: [Full GC (Ergonomics) [PSYoungGen: 43008K->6441K(62464K)] [ParOldGen: 133700K->133700K(134144K)] 176708K->140141K(196608K), [Metaspace: 52392K->52392K(1097728K)], 0.1134203 secs] [Times: user=0.29 sys=0.00, real=0.12 secs] 
Heap after GC invocations=531 (full 513):
 PSYoungGen      total 62464K, used 6441K [0x00000000f8300000, 0x0000000100000000, 0x0000000100000000)
  eden space 43008K, 14% used [0x00000000f8300000,0x00000000f894a600,0x00000000fad00000)
  from space 19456K, 0% used [0x00000000fed00000,0x00000000fed00000,0x0000000100000000)
  to   space 42496K, 0% used [0x00000000fad00000,0x00000000fad00000,0x00000000fd680000)
 ParOldGen       total 134144K, used 133700K [0x00000000f0000000, 0x00000000f8300000, 0x00000000f8300000)
  object space 134144K, 99% used [0x00000000f0000000,0x00000000f82910b8,0x00000000f8300000)
 Metaspace       used 52392K, capacity 55314K, committed 55936K, reserved 1097728K
  class space    used 6373K, capacity 6891K, committed 7040K, reserved 1048576K
}
{Heap before GC invocations=532 (full 514):
 PSYoungGen      total 62464K, used 43008K [0x00000000f8300000, 0x0000000100000000, 0x0000000100000000)
  eden space 43008K, 100% used [0x00000000f8300000,0x00000000fad00000,0x00000000fad00000)
  from space 19456K, 0% used [0x00000000fed00000,0x00000000fed00000,0x0000000100000000)
  to   space 42496K, 0% used [0x00000000fad00000,0x00000000fad00000,0x00000000fd680000)
 ParOldGen       total 134144K, used 133700K [0x00000000f0000000, 0x00000000f8300000, 0x00000000f8300000)
  object space 134144K, 99% used [0x00000000f0000000,0x00000000f82910b8,0x00000000f8300000)
 Metaspace       used 52392K, capacity 55314K, committed 55936K, reserved 1097728K
  class space    used 6373K, capacity 6891K, committed 7040K, reserved 1048576K
2023-01-17T04:27:04.808+0800: 123.757: [Full GC (Ergonomics) [PSYoungGen: 43008K->6441K(62464K)] [ParOldGen: 133700K->133700K(134144K)] 176708K->140141K(196608K), [Metaspace: 52392K->52392K(1097728K)], 0.1668894 secs] [Times: user=0.37 sys=0.00, real=0.17 secs] 
Heap after GC invocations=532 (full 514):
 PSYoungGen      total 62464K, used 6441K [0x00000000f8300000, 0x0000000100000000, 0x0000000100000000)
  eden space 43008K, 14% used [0x00000000f8300000,0x00000000f894a4f8,0x00000000fad00000)
  from space 19456K, 0% used [0x00000000fed00000,0x00000000fed00000,0x0000000100000000)
  to   space 42496K, 0% used [0x00000000fad00000,0x00000000fad00000,0x00000000fd680000)
 ParOldGen       total 134144K, used 133700K [0x00000000f0000000, 0x00000000f8300000, 0x00000000f8300000)
  object space 134144K, 99% used [0x00000000f0000000,0x00000000f8291058,0x00000000f8300000)
 Metaspace       used 52392K, capacity 55314K, committed 55936K, reserved 1097728K
  class space    used 6373K, capacity 6891K, committed 7040K, reserved 1048576K
}
{Heap before GC invocations=533 (full 515):
 PSYoungGen      total 62464K, used 43008K [0x00000000f8300000, 0x0000000100000000, 0x0000000100000000)
  eden space 43008K, 100% used [0x00000000f8300000,0x00000000fad00000,0x00000000fad00000)
  from space 19456K, 0% used [0x00000000fed00000,0x00000000fed00000,0x0000000100000000)
  to   space 42496K, 0% used [0x00000000fad00000,0x00000000fad00000,0x00000000fd680000)
 ParOldGen       total 134144K, used 133700K [0x00000000f0000000, 0x00000000f8300000, 0x00000000f8300000)
  object space 134144K, 99% used [0x00000000f0000000,0x00000000f8291058,0x00000000f8300000)
 Metaspace       used 52392K, capacity 55314K, committed 55936K, reserved 1097728K
  class space    used 6373K, capacity 6891K, committed 7040K, reserved 1048576K
2023-01-17T04:27:05.030+0800: 123.979: [Full GC (Ergonomics) [PSYoungGen: 43008K->6459K(62464K)] [ParOldGen: 133700K->133700K(134144K)] 176708K->140159K(196608K), [Metaspace: 52392K->52392K(1097728K)], 0.1253425 secs] [Times: user=0.34 sys=0.00, real=0.12 secs] 
Heap after GC invocations=533 (full 515):
 PSYoungGen      total 62464K, used 6459K [0x00000000f8300000, 0x0000000100000000, 0x0000000100000000)
  eden space 43008K, 15% used [0x00000000f8300000,0x00000000f894eed8,0x00000000fad00000)
  from space 19456K, 0% used [0x00000000fed00000,0x00000000fed00000,0x0000000100000000)
  to   space 42496K, 0% used [0x00000000fad00000,0x00000000fad00000,0x00000000fd680000)
 ParOldGen       total 134144K, used 133700K [0x00000000f0000000, 0x00000000f8300000, 0x00000000f8300000)
  object space 134144K, 99% used [0x00000000f0000000,0x00000000f8291058,0x00000000f8300000)
 Metaspace       used 52392K, capacity 55314K, committed 55936K, reserved 1097728K
  class space    used 6373K, capacity 6891K, committed 7040K, reserved 1048576K
}
{Heap before GC invocations=534 (full 516):
 PSYoungGen      total 62464K, used 43008K [0x00000000f8300000, 0x0000000100000000, 0x0000000100000000)
  eden space 43008K, 100% used [0x00000000f8300000,0x00000000fad00000,0x00000000fad00000)
  from space 19456K, 0% used [0x00000000fed00000,0x00000000fed00000,0x0000000100000000)
  to   space 42496K, 0% used [0x00000000fad00000,0x00000000fad00000,0x00000000fd680000)
 ParOldGen       total 134144K, used 133700K [0x00000000f0000000, 0x00000000f8300000, 0x00000000f8300000)
  object space 134144K, 99% used [0x00000000f0000000,0x00000000f8291058,0x00000000f8300000)
 Metaspace       used 52392K, capacity 55314K, committed 55936K, reserved 1097728K
  class space    used 6373K, capacity 6891K, committed 7040K, reserved 1048576K
2023-01-17T04:27:05.217+0800: 124.167: [Full GC (Ergonomics) [PSYoungGen: 43008K->5479K(62464K)] [ParOldGen: 133700K->133941K(134144K)] 176708K->139420K(196608K), [Metaspace: 52392K->52371K(1097728K)], 0.3423243 secs] [Times: user=0.93 sys=0.01, real=0.35 secs] 
Heap after GC invocations=534 (full 516):
 PSYoungGen      total 62464K, used 5479K [0x00000000f8300000, 0x0000000100000000, 0x0000000100000000)
  eden space 43008K, 12% used [0x00000000f8300000,0x00000000f8859cc0,0x00000000fad00000)
  from space 19456K, 0% used [0x00000000fed00000,0x00000000fed00000,0x0000000100000000)
  to   space 42496K, 0% used [0x00000000fad00000,0x00000000fad00000,0x00000000fd680000)
 ParOldGen       total 134144K, used 133941K [0x00000000f0000000, 0x00000000f8300000, 0x00000000f8300000)
  object space 134144K, 99% used [0x00000000f0000000,0x00000000f82cd548,0x00000000f8300000)
 Metaspace       used 52371K, capacity 55280K, committed 55936K, reserved 1097728K
  class space    used 6369K, capacity 6884K, committed 7040K, reserved 1048576K
}
{Heap before GC invocations=535 (full 517):
 PSYoungGen      total 62464K, used 43008K [0x00000000f8300000, 0x0000000100000000, 0x0000000100000000)
  eden space 43008K, 100% used [0x00000000f8300000,0x00000000fad00000,0x00000000fad00000)
  from space 19456K, 0% used [0x00000000fed00000,0x00000000fed00000,0x0000000100000000)
  to   space 42496K, 0% used [0x00000000fad00000,0x00000000fad00000,0x00000000fd680000)
 ParOldGen       total 134144K, used 133941K [0x00000000f0000000, 0x00000000f8300000, 0x00000000f8300000)
  object space 134144K, 99% used [0x00000000f0000000,0x00000000f82cd548,0x00000000f8300000)
 Metaspace       used 52371K, capacity 55280K, committed 55936K, reserved 1097728K
  class space    used 6369K, capacity 6884K, committed 7040K, reserved 1048576K
2023-01-17T04:27:05.619+0800: 124.569: [Full GC (Ergonomics) [PSYoungGen: 43008K->5492K(62464K)] [ParOldGen: 133941K->133903K(134144K)] 176949K->139396K(196608K), [Metaspace: 52371K->52371K(1097728K)], 0.1433181 secs] [Times: user=0.32 sys=0.00, real=0.15 secs] 
Heap after GC invocations=535 (full 517):
 PSYoungGen      total 62464K, used 5492K [0x00000000f8300000, 0x0000000100000000, 0x0000000100000000)
  eden space 43008K, 12% used [0x00000000f8300000,0x00000000f885d228,0x00000000fad00000)
  from space 19456K, 0% used [0x00000000fed00000,0x00000000fed00000,0x0000000100000000)
  to   space 42496K, 0% used [0x00000000fad00000,0x00000000fad00000,0x00000000fd680000)
 ParOldGen       total 134144K, used 133903K [0x00000000f0000000, 0x00000000f8300000, 0x00000000f8300000)
  object space 134144K, 99% used [0x00000000f0000000,0x00000000f82c3ee8,0x00000000f8300000)
 Metaspace       used 52371K, capacity 55280K, committed 55936K, reserved 1097728K
  class space    used 6369K, capacity 6884K, committed 7040K, reserved 1048576K
}
{Heap before GC invocations=536 (full 518):
 PSYoungGen      total 62464K, used 43008K [0x00000000f8300000, 0x0000000100000000, 0x0000000100000000)
  eden space 43008K, 100% used [0x00000000f8300000,0x00000000fad00000,0x00000000fad00000)
  from space 19456K, 0% used [0x00000000fed00000,0x00000000fed00000,0x0000000100000000)
  to   space 42496K, 0% used [0x00000000fad00000,0x00000000fad00000,0x00000000fd680000)
 ParOldGen       total 134144K, used 133903K [0x00000000f0000000, 0x00000000f8300000, 0x00000000f8300000)
  object space 134144K, 99% used [0x00000000f0000000,0x00000000f82c3ee8,0x00000000f8300000)
 Metaspace       used 52371K, capacity 55280K, committed 55936K, reserved 1097728K
  class space    used 6369K, capacity 6884K, committed 7040K, reserved 1048576K
2023-01-17T04:27:05.813+0800: 124.763: [Full GC (Ergonomics) [PSYoungGen: 43008K->5548K(62464K)] [ParOldGen: 133903K->133859K(134144K)] 176911K->139408K(196608K), [Metaspace: 52371K->52371K(1097728K)], 0.1338869 secs] [Times: user=0.37 sys=0.00, real=0.13 secs] 
Heap after GC invocations=536 (full 518):
 PSYoungGen      total 62464K, used 5548K [0x00000000f8300000, 0x0000000100000000, 0x0000000100000000)
  eden space 43008K, 12% used [0x00000000f8300000,0x00000000f886b238,0x00000000fad00000)
  from space 19456K, 0% used [0x00000000fed00000,0x00000000fed00000,0x0000000100000000)
  to   space 42496K, 0% used [0x00000000fad00000,0x00000000fad00000,0x00000000fd680000)
 ParOldGen       total 134144K, used 133859K [0x00000000f0000000, 0x00000000f8300000, 0x00000000f8300000)
  object space 134144K, 99% used [0x00000000f0000000,0x00000000f82b8ed0,0x00000000f8300000)
 Metaspace       used 52371K, capacity 55280K, committed 55936K, reserved 1097728K
  class space    used 6369K, capacity 6884K, committed 7040K, reserved 1048576K
}
{Heap before GC invocations=537 (full 519):
 PSYoungGen      total 62464K, used 43008K [0x00000000f8300000, 0x0000000100000000, 0x0000000100000000)
  eden space 43008K, 100% used [0x00000000f8300000,0x00000000fad00000,0x00000000fad00000)
  from space 19456K, 0% used [0x00000000fed00000,0x00000000fed00000,0x0000000100000000)
  to   space 42496K, 0% used [0x00000000fad00000,0x00000000fad00000,0x00000000fd680000)
 ParOldGen       total 134144K, used 133859K [0x00000000f0000000, 0x00000000f8300000, 0x00000000f8300000)
  object space 134144K, 99% used [0x00000000f0000000,0x00000000f82b8ed0,0x00000000f8300000)
 Metaspace       used 52371K, capacity 55280K, committed 55936K, reserved 1097728K
  class space    used 6369K, capacity 6884K, committed 7040K, reserved 1048576K
2023-01-17T04:27:05.995+0800: 124.945: [Full GC (Ergonomics) [PSYoungGen: 43008K->5578K(62464K)] [ParOldGen: 133859K->133831K(134144K)] 176867K->139409K(196608K), [Metaspace: 52371K->52371K(1097728K)], 0.1238947 secs] [Times: user=0.33 sys=0.00, real=0.12 secs] 
Heap after GC invocations=537 (full 519):
 PSYoungGen      total 62464K, used 5578K [0x00000000f8300000, 0x0000000100000000, 0x0000000100000000)
  eden space 43008K, 12% used [0x00000000f8300000,0x00000000f88729f0,0x00000000fad00000)
  from space 19456K, 0% used [0x00000000fed00000,0x00000000fed00000,0x0000000100000000)
  to   space 42496K, 0% used [0x00000000fad00000,0x00000000fad00000,0x00000000fd680000)
 ParOldGen       total 134144K, used 133831K [0x00000000f0000000, 0x00000000f8300000, 0x00000000f8300000)
  object space 134144K, 99% used [0x00000000f0000000,0x00000000f82b1dd0,0x00000000f8300000)
 Metaspace       used 52371K, capacity 55280K, committed 55936K, reserved 1097728K
  class space    used 6369K, capacity 6884K, committed 7040K, reserved 1048576K
}
{Heap before GC invocations=538 (full 520):
 PSYoungGen      total 62464K, used 43008K [0x00000000f8300000, 0x0000000100000000, 0x0000000100000000)
  eden space 43008K, 100% used [0x00000000f8300000,0x00000000fad00000,0x00000000fad00000)
  from space 19456K, 0% used [0x00000000fed00000,0x00000000fed00000,0x0000000100000000)
  to   space 42496K, 0% used [0x00000000fad00000,0x00000000fad00000,0x00000000fd680000)
 ParOldGen       total 134144K, used 133831K [0x00000000f0000000, 0x00000000f8300000, 0x00000000f8300000)
  object space 134144K, 99% used [0x00000000f0000000,0x00000000f82b1dd0,0x00000000f8300000)
 Metaspace       used 52371K, capacity 55280K, committed 55936K, reserved 1097728K
  class space    used 6369K, capacity 6884K, committed 7040K, reserved 1048576K
2023-01-17T04:27:06.167+0800: 125.117: [Full GC (Ergonomics) [PSYoungGen: 43008K->5594K(62464K)] [ParOldGen: 133831K->133802K(134144K)] 176839K->139397K(196608K), [Metaspace: 52371K->52371K(1097728K)], 0.1272005 secs] [Times: user=0.32 sys=0.00, real=0.13 secs] 
Heap after GC invocations=538 (full 520):
 PSYoungGen      total 62464K, used 5594K [0x00000000f8300000, 0x0000000100000000, 0x0000000100000000)
  eden space 43008K, 13% used [0x00000000f8300000,0x00000000f8876b80,0x00000000fad00000)
  from space 19456K, 0% used [0x00000000fed00000,0x00000000fed00000,0x0000000100000000)
  to   space 42496K, 0% used [0x00000000fad00000,0x00000000fad00000,0x00000000fd680000)
 ParOldGen       total 134144K, used 133802K [0x00000000f0000000, 0x00000000f8300000, 0x00000000f8300000)
  object space 134144K, 99% used [0x00000000f0000000,0x00000000f82aab50,0x00000000f8300000)
 Metaspace       used 52371K, capacity 55280K, committed 55936K, reserved 1097728K
  class space    used 6369K, capacity 6884K, committed 7040K, reserved 1048576K
}
{Heap before GC invocations=539 (full 521):
 PSYoungGen      total 62464K, used 43008K [0x00000000f8300000, 0x0000000100000000, 0x0000000100000000)
  eden space 43008K, 100% used [0x00000000f8300000,0x00000000fad00000,0x00000000fad00000)
  from space 19456K, 0% used [0x00000000fed00000,0x00000000fed00000,0x0000000100000000)
  to   space 42496K, 0% used [0x00000000fad00000,0x00000000fad00000,0x00000000fd680000)
 ParOldGen       total 134144K, used 133802K [0x00000000f0000000, 0x00000000f8300000, 0x00000000f8300000)
  object space 134144K, 99% used [0x00000000f0000000,0x00000000f82aab50,0x00000000f8300000)
 Metaspace       used 52371K, capacity 55280K, committed 55936K, reserved 1097728K
  class space    used 6369K, capacity 6884K, committed 7040K, reserved 1048576K
2023-01-17T04:27:06.356+0800: 125.306: [Full GC (Ergonomics) [PSYoungGen: 43008K->5628K(62464K)] [ParOldGen: 133802K->133777K(134144K)] 176810K->139405K(196608K), [Metaspace: 52371K->52371K(1097728K)], 0.2035148 secs] [Times: user=0.37 sys=0.00, real=0.20 secs] 
Heap after GC invocations=539 (full 521):
 PSYoungGen      total 62464K, used 5628K [0x00000000f8300000, 0x0000000100000000, 0x0000000100000000)
  eden space 43008K, 13% used [0x00000000f8300000,0x00000000f887f210,0x00000000fad00000)
  from space 19456K, 0% used [0x00000000fed00000,0x00000000fed00000,0x0000000100000000)
  to   space 42496K, 0% used [0x00000000fad00000,0x00000000fad00000,0x00000000fd680000)
 ParOldGen       total 134144K, used 133777K [0x00000000f0000000, 0x00000000f8300000, 0x00000000f8300000)
  object space 134144K, 99% used [0x00000000f0000000,0x00000000f82a4500,0x00000000f8300000)
 Metaspace       used 52371K, capacity 55280K, committed 55936K, reserved 1097728K
  class space    used 6369K, capacity 6884K, committed 7040K, reserved 1048576K
}
{Heap before GC invocations=540 (full 522):
 PSYoungGen      total 62464K, used 43008K [0x00000000f8300000, 0x0000000100000000, 0x0000000100000000)
  eden space 43008K, 100% used [0x00000000f8300000,0x00000000fad00000,0x00000000fad00000)
  from space 19456K, 0% used [0x00000000fed00000,0x00000000fed00000,0x0000000100000000)
  to   space 42496K, 0% used [0x00000000fad00000,0x00000000fad00000,0x00000000fd680000)
 ParOldGen       total 134144K, used 133777K [0x00000000f0000000, 0x00000000f8300000, 0x00000000f8300000)
  object space 134144K, 99% used [0x00000000f0000000,0x00000000f82a4500,0x00000000f8300000)
 Metaspace       used 52371K, capacity 55280K, committed 55936K, reserved 1097728K
  class space    used 6369K, capacity 6884K, committed 7040K, reserved 1048576K
2023-01-17T04:27:06.619+0800: 125.569: [Full GC (Ergonomics) [PSYoungGen: 43008K->5648K(62464K)] [ParOldGen: 133777K->133760K(134144K)] 176785K->139409K(196608K), [Metaspace: 52371K->52371K(1097728K)], 0.1289970 secs] [Times: user=0.34 sys=0.01, real=0.13 secs] 
Heap after GC invocations=540 (full 522):
 PSYoungGen      total 62464K, used 5648K [0x00000000f8300000, 0x0000000100000000, 0x0000000100000000)
  eden space 43008K, 13% used [0x00000000f8300000,0x00000000f8884370,0x00000000fad00000)
  from space 19456K, 0% used [0x00000000fed00000,0x00000000fed00000,0x0000000100000000)
  to   space 42496K, 0% used [0x00000000fad00000,0x00000000fad00000,0x00000000fd680000)
 ParOldGen       total 134144K, used 133760K [0x00000000f0000000, 0x00000000f8300000, 0x00000000f8300000)
  object space 134144K, 99% used [0x00000000f0000000,0x00000000f82a0290,0x00000000f8300000)
 Metaspace       used 52371K, capacity 55280K, committed 55936K, reserved 1097728K
  class space    used 6369K, capacity 6884K, committed 7040K, reserved 1048576K
}
{Heap before GC invocations=541 (full 523):
 PSYoungGen      total 62464K, used 43008K [0x00000000f8300000, 0x0000000100000000, 0x0000000100000000)
  eden space 43008K, 100% used [0x00000000f8300000,0x00000000fad00000,0x00000000fad00000)
  from space 19456K, 0% used [0x00000000fed00000,0x00000000fed00000,0x0000000100000000)
  to   space 42496K, 0% used [0x00000000fad00000,0x00000000fad00000,0x00000000fd680000)
 ParOldGen       total 134144K, used 133760K [0x00000000f0000000, 0x00000000f8300000, 0x00000000f8300000)
  object space 134144K, 99% used [0x00000000f0000000,0x00000000f82a0290,0x00000000f8300000)
 Metaspace       used 52371K, capacity 55280K, committed 55936K, reserved 1097728K
  class space    used 6369K, capacity 6884K, committed 7040K, reserved 1048576K
2023-01-17T04:27:06.795+0800: 125.745: [Full GC (Ergonomics) [PSYoungGen: 43008K->5674K(62464K)] [ParOldGen: 133760K->133746K(134144K)] 176768K->139421K(196608K), [Metaspace: 52371K->52371K(1097728K)], 0.1275729 secs] [Times: user=0.34 sys=0.00, real=0.13 secs] 
Heap after GC invocations=541 (full 523):
 PSYoungGen      total 62464K, used 5674K [0x00000000f8300000, 0x0000000100000000, 0x0000000100000000)
  eden space 43008K, 13% used [0x00000000f8300000,0x00000000f888a968,0x00000000fad00000)
  from space 19456K, 0% used [0x00000000fed00000,0x00000000fed00000,0x0000000100000000)
  to   space 42496K, 0% used [0x00000000fad00000,0x00000000fad00000,0x00000000fd680000)
 ParOldGen       total 134144K, used 133746K [0x00000000f0000000, 0x00000000f8300000, 0x00000000f8300000)
  object space 134144K, 99% used [0x00000000f0000000,0x00000000f829cad0,0x00000000f8300000)
 Metaspace       used 52371K, capacity 55280K, committed 55936K, reserved 1097728K
  class space    used 6369K, capacity 6884K, committed 7040K, reserved 1048576K
}
{Heap before GC invocations=542 (full 524):
 PSYoungGen      total 62464K, used 43008K [0x00000000f8300000, 0x0000000100000000, 0x0000000100000000)
  eden space 43008K, 100% used [0x00000000f8300000,0x00000000fad00000,0x00000000fad00000)
  from space 19456K, 0% used [0x00000000fed00000,0x00000000fed00000,0x0000000100000000)
  to   space 42496K, 0% used [0x00000000fad00000,0x00000000fad00000,0x00000000fd680000)
 ParOldGen       total 134144K, used 133746K [0x00000000f0000000, 0x00000000f8300000, 0x00000000f8300000)
  object space 134144K, 99% used [0x00000000f0000000,0x00000000f829cad0,0x00000000f8300000)
 Metaspace       used 52375K, capacity 55280K, committed 55936K, reserved 1097728K
  class space    used 6369K, capacity 6884K, committed 7040K, reserved 1048576K
2023-01-17T04:27:06.972+0800: 125.921: [Full GC (Ergonomics) [PSYoungGen: 43008K->5670K(62464K)] [ParOldGen: 133746K->133739K(134144K)] 176754K->139410K(196608K), [Metaspace: 52375K->52375K(1097728K)], 0.1278607 secs] [Times: user=0.31 sys=0.00, real=0.13 secs] 
Heap after GC invocations=542 (full 524):
 PSYoungGen      total 62464K, used 5670K [0x00000000f8300000, 0x0000000100000000, 0x0000000100000000)
  eden space 43008K, 13% used [0x00000000f8300000,0x00000000f88899b8,0x00000000fad00000)
  from space 19456K, 0% used [0x00000000fed00000,0x00000000fed00000,0x0000000100000000)
  to   space 42496K, 0% used [0x00000000fad00000,0x00000000fad00000,0x00000000fd680000)
 ParOldGen       total 134144K, used 133739K [0x00000000f0000000, 0x00000000f8300000, 0x00000000f8300000)
  object space 134144K, 99% used [0x00000000f0000000,0x00000000f829aef0,0x00000000f8300000)
 Metaspace       used 52375K, capacity 55280K, committed 55936K, reserved 1097728K
  class space    used 6369K, capacity 6884K, committed 7040K, reserved 1048576K
}
{Heap before GC invocations=543 (full 525):
 PSYoungGen      total 62464K, used 43008K [0x00000000f8300000, 0x0000000100000000, 0x0000000100000000)
  eden space 43008K, 100% used [0x00000000f8300000,0x00000000fad00000,0x00000000fad00000)
  from space 19456K, 0% used [0x00000000fed00000,0x00000000fed00000,0x0000000100000000)
  to   space 42496K, 0% used [0x00000000fad00000,0x00000000fad00000,0x00000000fd680000)
 ParOldGen       total 134144K, used 133739K [0x00000000f0000000, 0x00000000f8300000, 0x00000000f8300000)
  object space 134144K, 99% used [0x00000000f0000000,0x00000000f829aef0,0x00000000f8300000)
 Metaspace       used 52375K, capacity 55280K, committed 55936K, reserved 1097728K
  class space    used 6369K, capacity 6884K, committed 7040K, reserved 1048576K
2023-01-17T04:27:07.154+0800: 126.104: [Full GC (Ergonomics) [PSYoungGen: 43008K->5245K(62464K)] [ParOldGen: 133739K->134141K(134144K)] 176747K->139387K(196608K), [Metaspace: 52375K->52375K(1097728K)], 0.1359129 secs] [Times: user=0.29 sys=0.00, real=0.14 secs] 
Heap after GC invocations=543 (full 525):
 PSYoungGen      total 62464K, used 5245K [0x00000000f8300000, 0x0000000100000000, 0x0000000100000000)
  eden space 43008K, 12% used [0x00000000f8300000,0x00000000f881f4f8,0x00000000fad00000)
  from space 19456K, 0% used [0x00000000fed00000,0x00000000fed00000,0x0000000100000000)
  to   space 42496K, 0% used [0x00000000fad00000,0x00000000fad00000,0x00000000fd680000)
 ParOldGen       total 134144K, used 134141K [0x00000000f0000000, 0x00000000f8300000, 0x00000000f8300000)
  object space 134144K, 99% used [0x00000000f0000000,0x00000000f82ff7b0,0x00000000f8300000)
 Metaspace       used 52375K, capacity 55280K, committed 55936K, reserved 1097728K
  class space    used 6369K, capacity 6884K, committed 7040K, reserved 1048576K
}
{Heap before GC invocations=544 (full 526):
 PSYoungGen      total 62464K, used 43008K [0x00000000f8300000, 0x0000000100000000, 0x0000000100000000)
  eden space 43008K, 100% used [0x00000000f8300000,0x00000000fad00000,0x00000000fad00000)
  from space 19456K, 0% used [0x00000000fed00000,0x00000000fed00000,0x0000000100000000)
  to   space 42496K, 0% used [0x00000000fad00000,0x00000000fad00000,0x00000000fd680000)
 ParOldGen       total 134144K, used 134141K [0x00000000f0000000, 0x00000000f8300000, 0x00000000f8300000)
  object space 134144K, 99% used [0x00000000f0000000,0x00000000f82ff7b0,0x00000000f8300000)
 Metaspace       used 52375K, capacity 55280K, committed 55936K, reserved 1097728K
  class space    used 6369K, capacity 6884K, committed 7040K, reserved 1048576K
2023-01-17T04:27:07.341+0800: 126.291: [Full GC (Ergonomics) [PSYoungGen: 43008K->5347K(62464K)] [ParOldGen: 134141K->134057K(134144K)] 177149K->139405K(196608K), [Metaspace: 52375K->52375K(1097728K)], 0.1091579 secs] [Times: user=0.28 sys=0.00, real=0.11 secs] 
Heap after GC invocations=544 (full 526):
 PSYoungGen      total 62464K, used 5347K [0x00000000f8300000, 0x0000000100000000, 0x0000000100000000)
  eden space 43008K, 12% used [0x00000000f8300000,0x00000000f8838f40,0x00000000fad00000)
  from space 19456K, 0% used [0x00000000fed00000,0x00000000fed00000,0x0000000100000000)
  to   space 42496K, 0% used [0x00000000fad00000,0x00000000fad00000,0x00000000fd680000)
 ParOldGen       total 134144K, used 134057K [0x00000000f0000000, 0x00000000f8300000, 0x00000000f8300000)
  object space 134144K, 99% used [0x00000000f0000000,0x00000000f82ea5e0,0x00000000f8300000)
 Metaspace       used 52375K, capacity 55280K, committed 55936K, reserved 1097728K
  class space    used 6369K, capacity 6884K, committed 7040K, reserved 1048576K
}
{Heap before GC invocations=545 (full 527):
 PSYoungGen      total 62464K, used 43008K [0x00000000f8300000, 0x0000000100000000, 0x0000000100000000)
  eden space 43008K, 100% used [0x00000000f8300000,0x00000000fad00000,0x00000000fad00000)
  from space 19456K, 0% used [0x00000000fed00000,0x00000000fed00000,0x0000000100000000)
  to   space 42496K, 0% used [0x00000000fad00000,0x00000000fad00000,0x00000000fd680000)
 ParOldGen       total 134144K, used 134057K [0x00000000f0000000, 0x00000000f8300000, 0x00000000f8300000)
  object space 134144K, 99% used [0x00000000f0000000,0x00000000f82ea5e0,0x00000000f8300000)
 Metaspace       used 52375K, capacity 55280K, committed 55936K, reserved 1097728K
  class space    used 6369K, capacity 6884K, committed 7040K, reserved 1048576K
2023-01-17T04:27:07.497+0800: 126.447: [Full GC (Ergonomics) [PSYoungGen: 43008K->5394K(62464K)] [ParOldGen: 134057K->134007K(134144K)] 177065K->139402K(196608K), [Metaspace: 52375K->52375K(1097728K)], 0.1264360 secs] [Times: user=0.33 sys=0.00, real=0.13 secs] 
Heap after GC invocations=545 (full 527):
 PSYoungGen      total 62464K, used 5394K [0x00000000f8300000, 0x0000000100000000, 0x0000000100000000)
  eden space 43008K, 12% used [0x00000000f8300000,0x00000000f8844bb0,0x00000000fad00000)
  from space 19456K, 0% used [0x00000000fed00000,0x00000000fed00000,0x0000000100000000)
  to   space 42496K, 0% used [0x00000000fad00000,0x00000000fad00000,0x00000000fd680000)
 ParOldGen       total 134144K, used 134007K [0x00000000f0000000, 0x00000000f8300000, 0x00000000f8300000)
  object space 134144K, 99% used [0x00000000f0000000,0x00000000f82ddfc0,0x00000000f8300000)
 Metaspace       used 52375K, capacity 55280K, committed 55936K, reserved 1097728K
  class space    used 6369K, capacity 6884K, committed 7040K, reserved 1048576K
}
{Heap before GC invocations=546 (full 528):
 PSYoungGen      total 62464K, used 43008K [0x00000000f8300000, 0x0000000100000000, 0x0000000100000000)
  eden space 43008K, 100% used [0x00000000f8300000,0x00000000fad00000,0x00000000fad00000)
  from space 19456K, 0% used [0x00000000fed00000,0x00000000fed00000,0x0000000100000000)
  to   space 42496K, 0% used [0x00000000fad00000,0x00000000fad00000,0x00000000fd680000)
 ParOldGen       total 134144K, used 134007K [0x00000000f0000000, 0x00000000f8300000, 0x00000000f8300000)
  object space 134144K, 99% used [0x00000000f0000000,0x00000000f82ddfc0,0x00000000f8300000)
 Metaspace       used 52375K, capacity 55280K, committed 55936K, reserved 1097728K
  class space    used 6369K, capacity 6884K, committed 7040K, reserved 1048576K
2023-01-17T04:27:07.683+0800: 126.632: [Full GC (Ergonomics) [PSYoungGen: 43008K->5453K(62464K)] [ParOldGen: 134007K->133941K(134144K)] 177015K->139395K(196608K), [Metaspace: 52375K->52375K(1097728K)], 0.1402781 secs] [Times: user=0.30 sys=0.00, real=0.14 secs] 
Heap after GC invocations=546 (full 528):
 PSYoungGen      total 62464K, used 5453K [0x00000000f8300000, 0x0000000100000000, 0x0000000100000000)
  eden space 43008K, 12% used [0x00000000f8300000,0x00000000f8853750,0x00000000fad00000)
  from space 19456K, 0% used [0x00000000fed00000,0x00000000fed00000,0x0000000100000000)
  to   space 42496K, 0% used [0x00000000fad00000,0x00000000fad00000,0x00000000fd680000)
 ParOldGen       total 134144K, used 133941K [0x00000000f0000000, 0x00000000f8300000, 0x00000000f8300000)
  object space 134144K, 99% used [0x00000000f0000000,0x00000000f82cd4e0,0x00000000f8300000)
 Metaspace       used 52375K, capacity 55280K, committed 55936K, reserved 1097728K
  class space    used 6369K, capacity 6884K, committed 7040K, reserved 1048576K
}
{Heap before GC invocations=547 (full 529):
 PSYoungGen      total 62464K, used 43008K [0x00000000f8300000, 0x0000000100000000, 0x0000000100000000)
  eden space 43008K, 100% used [0x00000000f8300000,0x00000000fad00000,0x00000000fad00000)
  from space 19456K, 0% used [0x00000000fed00000,0x00000000fed00000,0x0000000100000000)
  to   space 42496K, 0% used [0x00000000fad00000,0x00000000fad00000,0x00000000fd680000)
 ParOldGen       total 134144K, used 133941K [0x00000000f0000000, 0x00000000f8300000, 0x00000000f8300000)
  object space 134144K, 99% used [0x00000000f0000000,0x00000000f82cd4e0,0x00000000f8300000)
 Metaspace       used 52375K, capacity 55280K, committed 55936K, reserved 1097728K
  class space    used 6369K, capacity 6884K, committed 7040K, reserved 1048576K
2023-01-17T04:27:07.895+0800: 126.845: [Full GC (Ergonomics) [PSYoungGen: 43008K->5513K(62464K)] [ParOldGen: 133941K->133894K(134144K)] 176949K->139407K(196608K), [Metaspace: 52375K->52375K(1097728K)], 0.1438249 secs] [Times: user=0.32 sys=0.00, real=0.14 secs] 
Heap after GC invocations=547 (full 529):
 PSYoungGen      total 62464K, used 5513K [0x00000000f8300000, 0x0000000100000000, 0x0000000100000000)
  eden space 43008K, 12% used [0x00000000f8300000,0x00000000f88625a8,0x00000000fad00000)
  from space 19456K, 0% used [0x00000000fed00000,0x00000000fed00000,0x0000000100000000)
  to   space 42496K, 0% used [0x00000000fad00000,0x00000000fad00000,0x00000000fd680000)
 ParOldGen       total 134144K, used 133894K [0x00000000f0000000, 0x00000000f8300000, 0x00000000f8300000)
  object space 134144K, 99% used [0x00000000f0000000,0x00000000f82c1970,0x00000000f8300000)
 Metaspace       used 52375K, capacity 55280K, committed 55936K, reserved 1097728K
  class space    used 6369K, capacity 6884K, committed 7040K, reserved 1048576K
}
{Heap before GC invocations=548 (full 530):
 PSYoungGen      total 62464K, used 43008K [0x00000000f8300000, 0x0000000100000000, 0x0000000100000000)
  eden space 43008K, 100% used [0x00000000f8300000,0x00000000fad00000,0x00000000fad00000)
  from space 19456K, 0% used [0x00000000fed00000,0x00000000fed00000,0x0000000100000000)
  to   space 42496K, 0% used [0x00000000fad00000,0x00000000fad00000,0x00000000fd680000)
 ParOldGen       total 134144K, used 133894K [0x00000000f0000000, 0x00000000f8300000, 0x00000000f8300000)
  object space 134144K, 99% used [0x00000000f0000000,0x00000000f82c1970,0x00000000f8300000)
 Metaspace       used 52375K, capacity 55280K, committed 55936K, reserved 1097728K
  class space    used 6369K, capacity 6884K, committed 7040K, reserved 1048576K
2023-01-17T04:27:08.093+0800: 127.043: [Full GC (Ergonomics) [PSYoungGen: 43008K->5542K(62464K)] [ParOldGen: 133894K->133874K(134144K)] 176902K->139416K(196608K), [Metaspace: 52375K->52375K(1097728K)], 0.1143623 secs] [Times: user=0.29 sys=0.00, real=0.11 secs] 
Heap after GC invocations=548 (full 530):
 PSYoungGen      total 62464K, used 5542K [0x00000000f8300000, 0x0000000100000000, 0x0000000100000000)
  eden space 43008K, 12% used [0x00000000f8300000,0x00000000f8869860,0x00000000fad00000)
  from space 19456K, 0% used [0x00000000fed00000,0x00000000fed00000,0x0000000100000000)
  to   space 42496K, 0% used [0x00000000fad00000,0x00000000fad00000,0x00000000fd680000)
 ParOldGen       total 134144K, used 133874K [0x00000000f0000000, 0x00000000f8300000, 0x00000000f8300000)
  object space 134144K, 99% used [0x00000000f0000000,0x00000000f82bca00,0x00000000f8300000)
 Metaspace       used 52375K, capacity 55280K, committed 55936K, reserved 1097728K
  class space    used 6369K, capacity 6884K, committed 7040K, reserved 1048576K
}
{Heap before GC invocations=549 (full 531):
 PSYoungGen      total 62464K, used 43008K [0x00000000f8300000, 0x0000000100000000, 0x0000000100000000)
  eden space 43008K, 100% used [0x00000000f8300000,0x00000000fad00000,0x00000000fad00000)
  from space 19456K, 0% used [0x00000000fed00000,0x00000000fed00000,0x0000000100000000)
  to   space 42496K, 0% used [0x00000000fad00000,0x00000000fad00000,0x00000000fd680000)
 ParOldGen       total 134144K, used 133874K [0x00000000f0000000, 0x00000000f8300000, 0x00000000f8300000)
  object space 134144K, 99% used [0x00000000f0000000,0x00000000f82bca00,0x00000000f8300000)
 Metaspace       used 52375K, capacity 55280K, committed 55936K, reserved 1097728K
  class space    used 6369K, capacity 6884K, committed 7040K, reserved 1048576K
2023-01-17T04:27:08.255+0800: 127.205: [Full GC (Ergonomics) [PSYoungGen: 43008K->5573K(62464K)] [ParOldGen: 133874K->133842K(134144K)] 176882K->139415K(196608K), [Metaspace: 52375K->52375K(1097728K)], 0.1175784 secs] [Times: user=0.32 sys=0.00, real=0.12 secs] 
Heap after GC invocations=549 (full 531):
 PSYoungGen      total 62464K, used 5573K [0x00000000f8300000, 0x0000000100000000, 0x0000000100000000)
  eden space 43008K, 12% used [0x00000000f8300000,0x00000000f8871608,0x00000000fad00000)
  from space 19456K, 0% used [0x00000000fed00000,0x00000000fed00000,0x0000000100000000)
  to   space 42496K, 0% used [0x00000000fad00000,0x00000000fad00000,0x00000000fd680000)
 ParOldGen       total 134144K, used 133842K [0x00000000f0000000, 0x00000000f8300000, 0x00000000f8300000)
  object space 134144K, 99% used [0x00000000f0000000,0x00000000f82b4950,0x00000000f8300000)
 Metaspace       used 52375K, capacity 55280K, committed 55936K, reserved 1097728K
  class space    used 6369K, capacity 6884K, committed 7040K, reserved 1048576K
}
{Heap before GC invocations=550 (full 532):
 PSYoungGen      total 62464K, used 43008K [0x00000000f8300000, 0x0000000100000000, 0x0000000100000000)
  eden space 43008K, 100% used [0x00000000f8300000,0x00000000fad00000,0x00000000fad00000)
  from space 19456K, 0% used [0x00000000fed00000,0x00000000fed00000,0x0000000100000000)
  to   space 42496K, 0% used [0x00000000fad00000,0x00000000fad00000,0x00000000fd680000)
 ParOldGen       total 134144K, used 133842K [0x00000000f0000000, 0x00000000f8300000, 0x00000000f8300000)
  object space 134144K, 99% used [0x00000000f0000000,0x00000000f82b4950,0x00000000f8300000)
 Metaspace       used 52375K, capacity 55280K, committed 55936K, reserved 1097728K
  class space    used 6369K, capacity 6884K, committed 7040K, reserved 1048576K
2023-01-17T04:27:08.421+0800: 127.371: [Full GC (Ergonomics) [PSYoungGen: 43008K->5592K(62464K)] [ParOldGen: 133842K->133804K(134144K)] 176850K->139397K(196608K), [Metaspace: 52375K->52375K(1097728K)], 0.1380130 secs] [Times: user=0.40 sys=0.00, real=0.13 secs] 
Heap after GC invocations=550 (full 532):
 PSYoungGen      total 62464K, used 5592K [0x00000000f8300000, 0x0000000100000000, 0x0000000100000000)
  eden space 43008K, 13% used [0x00000000f8300000,0x00000000f88760d0,0x00000000fad00000)
  from space 19456K, 0% used [0x00000000fed00000,0x00000000fed00000,0x0000000100000000)
  to   space 42496K, 0% used [0x00000000fad00000,0x00000000fad00000,0x00000000fd680000)
 ParOldGen       total 134144K, used 133804K [0x00000000f0000000, 0x00000000f8300000, 0x00000000f8300000)
  object space 134144K, 99% used [0x00000000f0000000,0x00000000f82ab340,0x00000000f8300000)
 Metaspace       used 52375K, capacity 55280K, committed 55936K, reserved 1097728K
  class space    used 6369K, capacity 6884K, committed 7040K, reserved 1048576K
}
{Heap before GC invocations=551 (full 533):
 PSYoungGen      total 62464K, used 43008K [0x00000000f8300000, 0x0000000100000000, 0x0000000100000000)
  eden space 43008K, 100% used [0x00000000f8300000,0x00000000fad00000,0x00000000fad00000)
  from space 19456K, 0% used [0x00000000fed00000,0x00000000fed00000,0x0000000100000000)
  to   space 42496K, 0% used [0x00000000fad00000,0x00000000fad00000,0x00000000fd680000)
 ParOldGen       total 134144K, used 133804K [0x00000000f0000000, 0x00000000f8300000, 0x00000000f8300000)
  object space 134144K, 99% used [0x00000000f0000000,0x00000000f82ab340,0x00000000f8300000)
 Metaspace       used 52375K, capacity 55280K, committed 55936K, reserved 1097728K
  class space    used 6369K, capacity 6884K, committed 7040K, reserved 1048576K
2023-01-17T04:27:08.614+0800: 127.564: [Full GC (Ergonomics) [PSYoungGen: 43008K->5157K(62464K)] [ParOldGen: 133804K->134118K(134144K)] 176812K->139276K(196608K), [Metaspace: 52375K->52367K(1097728K)], 0.3511910 secs] [Times: user=0.93 sys=0.00, real=0.35 secs] 
Heap after GC invocations=551 (full 533):
 PSYoungGen      total 62464K, used 5157K [0x00000000f8300000, 0x0000000100000000, 0x0000000100000000)
  eden space 43008K, 11% used [0x00000000f8300000,0x00000000f8809678,0x00000000fad00000)
  from space 19456K, 0% used [0x00000000fed00000,0x00000000fed00000,0x0000000100000000)
  to   space 42496K, 0% used [0x00000000fad00000,0x00000000fad00000,0x00000000fd680000)
 ParOldGen       total 134144K, used 134118K [0x00000000f0000000, 0x00000000f8300000, 0x00000000f8300000)
  object space 134144K, 99% used [0x00000000f0000000,0x00000000f82f9a00,0x00000000f8300000)
 Metaspace       used 52367K, capacity 55268K, committed 55936K, reserved 1097728K
  class space    used 6368K, capacity 6882K, committed 7040K, reserved 1048576K
}
{Heap before GC invocations=552 (full 534):
 PSYoungGen      total 62464K, used 43008K [0x00000000f8300000, 0x0000000100000000, 0x0000000100000000)
  eden space 43008K, 100% used [0x00000000f8300000,0x00000000fad00000,0x00000000fad00000)
  from space 19456K, 0% used [0x00000000fed00000,0x00000000fed00000,0x0000000100000000)
  to   space 42496K, 0% used [0x00000000fad00000,0x00000000fad00000,0x00000000fd680000)
 ParOldGen       total 134144K, used 134118K [0x00000000f0000000, 0x00000000f8300000, 0x00000000f8300000)
  object space 134144K, 99% used [0x00000000f0000000,0x00000000f82f9a00,0x00000000f8300000)
 Metaspace       used 52367K, capacity 55268K, committed 55936K, reserved 1097728K
  class space    used 6368K, capacity 6882K, committed 7040K, reserved 1048576K
2023-01-17T04:27:09.027+0800: 127.976: [Full GC (Ergonomics) [PSYoungGen: 43008K->5212K(62464K)] [ParOldGen: 134118K->134054K(134144K)] 177126K->139266K(196608K), [Metaspace: 52367K->52367K(1097728K)], 0.1586857 secs] [Times: user=0.41 sys=0.00, real=0.16 secs] 
Heap after GC invocations=552 (full 534):
 PSYoungGen      total 62464K, used 5212K [0x00000000f8300000, 0x0000000100000000, 0x0000000100000000)
  eden space 43008K, 12% used [0x00000000f8300000,0x00000000f8817208,0x00000000fad00000)
  from space 19456K, 0% used [0x00000000fed00000,0x00000000fed00000,0x0000000100000000)
  to   space 42496K, 0% used [0x00000000fad00000,0x00000000fad00000,0x00000000fd680000)
 ParOldGen       total 134144K, used 134054K [0x00000000f0000000, 0x00000000f8300000, 0x00000000f8300000)
  object space 134144K, 99% used [0x00000000f0000000,0x00000000f82e9948,0x00000000f8300000)
 Metaspace       used 52367K, capacity 55268K, committed 55936K, reserved 1097728K
  class space    used 6368K, capacity 6882K, committed 7040K, reserved 1048576K
}
{Heap before GC invocations=553 (full 535):
 PSYoungGen      total 62464K, used 43008K [0x00000000f8300000, 0x0000000100000000, 0x0000000100000000)
  eden space 43008K, 100% used [0x00000000f8300000,0x00000000fad00000,0x00000000fad00000)
  from space 19456K, 0% used [0x00000000fed00000,0x00000000fed00000,0x0000000100000000)
  to   space 42496K, 0% used [0x00000000fad00000,0x00000000fad00000,0x00000000fd680000)
 ParOldGen       total 134144K, used 134054K [0x00000000f0000000, 0x00000000f8300000, 0x00000000f8300000)
  object space 134144K, 99% used [0x00000000f0000000,0x00000000f82e9948,0x00000000f8300000)
 Metaspace       used 52367K, capacity 55268K, committed 55936K, reserved 1097728K
  class space    used 6368K, capacity 6882K, committed 7040K, reserved 1048576K
2023-01-17T04:27:09.233+0800: 128.183: [Full GC (Ergonomics) [PSYoungGen: 43008K->5299K(62464K)] [ParOldGen: 134054K->133919K(134144K)] 177062K->139219K(196608K), [Metaspace: 52367K->52352K(1097728K)], 0.1666494 secs] [Times: user=0.43 sys=0.00, real=0.17 secs] 
Heap after GC invocations=553 (full 535):
 PSYoungGen      total 62464K, used 5299K [0x00000000f8300000, 0x0000000100000000, 0x0000000100000000)
  eden space 43008K, 12% used [0x00000000f8300000,0x00000000f882cec8,0x00000000fad00000)
  from space 19456K, 0% used [0x00000000fed00000,0x00000000fed00000,0x0000000100000000)
  to   space 42496K, 0% used [0x00000000fad00000,0x00000000fad00000,0x00000000fd680000)
 ParOldGen       total 134144K, used 133919K [0x00000000f0000000, 0x00000000f8300000, 0x00000000f8300000)
  object space 134144K, 99% used [0x00000000f0000000,0x00000000f82c7d50,0x00000000f8300000)
 Metaspace       used 52352K, capacity 55244K, committed 55936K, reserved 1097728K
  class space    used 6366K, capacity 6878K, committed 7040K, reserved 1048576K
}
{Heap before GC invocations=554 (full 536):
 PSYoungGen      total 62464K, used 43008K [0x00000000f8300000, 0x0000000100000000, 0x0000000100000000)
  eden space 43008K, 100% used [0x00000000f8300000,0x00000000fad00000,0x00000000fad00000)
  from space 19456K, 0% used [0x00000000fed00000,0x00000000fed00000,0x0000000100000000)
  to   space 42496K, 0% used [0x00000000fad00000,0x00000000fad00000,0x00000000fd680000)
 ParOldGen       total 134144K, used 133919K [0x00000000f0000000, 0x00000000f8300000, 0x00000000f8300000)
  object space 134144K, 99% used [0x00000000f0000000,0x00000000f82c7d50,0x00000000f8300000)
 Metaspace       used 52354K, capacity 55244K, committed 55936K, reserved 1097728K
  class space    used 6366K, capacity 6878K, committed 7040K, reserved 1048576K
2023-01-17T04:27:09.467+0800: 128.417: [Full GC (Ergonomics) [PSYoungGen: 43008K->5356K(62464K)] [ParOldGen: 133919K->133764K(134144K)] 176927K->139121K(196608K), [Metaspace: 52354K->52354K(1097728K)], 0.1591816 secs] [Times: user=0.38 sys=0.00, real=0.16 secs] 
Heap after GC invocations=554 (full 536):
 PSYoungGen      total 62464K, used 5356K [0x00000000f8300000, 0x0000000100000000, 0x0000000100000000)
  eden space 43008K, 12% used [0x00000000f8300000,0x00000000f883b248,0x00000000fad00000)
  from space 19456K, 0% used [0x00000000fed00000,0x00000000fed00000,0x0000000100000000)
  to   space 42496K, 0% used [0x00000000fad00000,0x00000000fad00000,0x00000000fd680000)
 ParOldGen       total 134144K, used 133764K [0x00000000f0000000, 0x00000000f8300000, 0x00000000f8300000)
  object space 134144K, 99% used [0x00000000f0000000,0x00000000f82a1350,0x00000000f8300000)
 Metaspace       used 52354K, capacity 55244K, committed 55936K, reserved 1097728K
  class space    used 6366K, capacity 6878K, committed 7040K, reserved 1048576K
}
{Heap before GC invocations=555 (full 537):
 PSYoungGen      total 62464K, used 43008K [0x00000000f8300000, 0x0000000100000000, 0x0000000100000000)
  eden space 43008K, 100% used [0x00000000f8300000,0x00000000fad00000,0x00000000fad00000)
  from space 19456K, 0% used [0x00000000fed00000,0x00000000fed00000,0x0000000100000000)
  to   space 42496K, 0% used [0x00000000fad00000,0x00000000fad00000,0x00000000fd680000)
 ParOldGen       total 134144K, used 133764K [0x00000000f0000000, 0x00000000f8300000, 0x00000000f8300000)
  object space 134144K, 99% used [0x00000000f0000000,0x00000000f82a1350,0x00000000f8300000)
 Metaspace       used 52354K, capacity 55244K, committed 55936K, reserved 1097728K
  class space    used 6366K, capacity 6878K, committed 7040K, reserved 1048576K
2023-01-17T04:27:09.674+0800: 128.624: [Full GC (Ergonomics) [PSYoungGen: 43008K->5042K(62464K)] [ParOldGen: 133764K->134079K(134144K)] 176772K->139122K(196608K), [Metaspace: 52354K->52354K(1097728K)], 0.1096704 secs] [Times: user=0.28 sys=0.00, real=0.11 secs] 
Heap after GC invocations=555 (full 537):
 PSYoungGen      total 62464K, used 5042K [0x00000000f8300000, 0x0000000100000000, 0x0000000100000000)
  eden space 43008K, 11% used [0x00000000f8300000,0x00000000f87ec9c8,0x00000000fad00000)
  from space 19456K, 0% used [0x00000000fed00000,0x00000000fed00000,0x0000000100000000)
  to   space 42496K, 0% used [0x00000000fad00000,0x00000000fad00000,0x00000000fd680000)
 ParOldGen       total 134144K, used 134079K [0x00000000f0000000, 0x00000000f8300000, 0x00000000f8300000)
  object space 134144K, 99% used [0x00000000f0000000,0x00000000f82eff28,0x00000000f8300000)
 Metaspace       used 52354K, capacity 55244K, committed 55936K, reserved 1097728K
  class space    used 6366K, capacity 6878K, committed 7040K, reserved 1048576K
}
{Heap before GC invocations=556 (full 538):
 PSYoungGen      total 62464K, used 43008K [0x00000000f8300000, 0x0000000100000000, 0x0000000100000000)
  eden space 43008K, 100% used [0x00000000f8300000,0x00000000fad00000,0x00000000fad00000)
  from space 19456K, 0% used [0x00000000fed00000,0x00000000fed00000,0x0000000100000000)
  to   space 42496K, 0% used [0x00000000fad00000,0x00000000fad00000,0x00000000fd680000)
 ParOldGen       total 134144K, used 134079K [0x00000000f0000000, 0x00000000f8300000, 0x00000000f8300000)
  object space 134144K, 99% used [0x00000000f0000000,0x00000000f82eff28,0x00000000f8300000)
 Metaspace       used 52354K, capacity 55244K, committed 55936K, reserved 1097728K
  class space    used 6366K, capacity 6878K, committed 7040K, reserved 1048576K
2023-01-17T04:27:09.831+0800: 128.781: [Full GC (Ergonomics) [PSYoungGen: 43008K->5151K(62464K)] [ParOldGen: 134079K->133968K(134144K)] 177087K->139120K(196608K), [Metaspace: 52354K->52354K(1097728K)], 0.1197802 secs] [Times: user=0.32 sys=0.00, real=0.12 secs] 
Heap after GC invocations=556 (full 538):
 PSYoungGen      total 62464K, used 5151K [0x00000000f8300000, 0x0000000100000000, 0x0000000100000000)
  eden space 43008K, 11% used [0x00000000f8300000,0x00000000f8807fd8,0x00000000fad00000)
  from space 19456K, 0% used [0x00000000fed00000,0x00000000fed00000,0x0000000100000000)
  to   space 42496K, 0% used [0x00000000fad00000,0x00000000fad00000,0x00000000fd680000)
 ParOldGen       total 134144K, used 133968K [0x00000000f0000000, 0x00000000f8300000, 0x00000000f8300000)
  object space 134144K, 99% used [0x00000000f0000000,0x00000000f82d4208,0x00000000f8300000)
 Metaspace       used 52354K, capacity 55244K, committed 55936K, reserved 1097728K
  class space    used 6366K, capacity 6878K, committed 7040K, reserved 1048576K
}
{Heap before GC invocations=557 (full 539):
 PSYoungGen      total 62464K, used 43008K [0x00000000f8300000, 0x0000000100000000, 0x0000000100000000)
  eden space 43008K, 100% used [0x00000000f8300000,0x00000000fad00000,0x00000000fad00000)
  from space 19456K, 0% used [0x00000000fed00000,0x00000000fed00000,0x0000000100000000)
  to   space 42496K, 0% used [0x00000000fad00000,0x00000000fad00000,0x00000000fd680000)
 ParOldGen       total 134144K, used 133968K [0x00000000f0000000, 0x00000000f8300000, 0x00000000f8300000)
  object space 134144K, 99% used [0x00000000f0000000,0x00000000f82d4208,0x00000000f8300000)
 Metaspace       used 52354K, capacity 55244K, committed 55936K, reserved 1097728K
  class space    used 6366K, capacity 6878K, committed 7040K, reserved 1048576K
2023-01-17T04:27:10.000+0800: 128.950: [Full GC (Ergonomics) [PSYoungGen: 43008K->5309K(62464K)] [ParOldGen: 133968K->133820K(134144K)] 176976K->139130K(196608K), [Metaspace: 52354K->52354K(1097728K)], 0.1476854 secs] [Times: user=0.37 sys=0.00, real=0.14 secs] 
Heap after GC invocations=557 (full 539):
 PSYoungGen      total 62464K, used 5309K [0x00000000f8300000, 0x0000000100000000, 0x0000000100000000)
  eden space 43008K, 12% used [0x00000000f8300000,0x00000000f882f7f0,0x00000000fad00000)
  from space 19456K, 0% used [0x00000000fed00000,0x00000000fed00000,0x0000000100000000)
  to   space 42496K, 0% used [0x00000000fad00000,0x00000000fad00000,0x00000000fd680000)
 ParOldGen       total 134144K, used 133820K [0x00000000f0000000, 0x00000000f8300000, 0x00000000f8300000)
  object space 134144K, 99% used [0x00000000f0000000,0x00000000f82af308,0x00000000f8300000)
 Metaspace       used 52354K, capacity 55244K, committed 55936K, reserved 1097728K
  class space    used 6366K, capacity 6878K, committed 7040K, reserved 1048576K
}
{Heap before GC invocations=558 (full 540):
 PSYoungGen      total 62464K, used 43008K [0x00000000f8300000, 0x0000000100000000, 0x0000000100000000)
  eden space 43008K, 100% used [0x00000000f8300000,0x00000000fad00000,0x00000000fad00000)
  from space 19456K, 0% used [0x00000000fed00000,0x00000000fed00000,0x0000000100000000)
  to   space 42496K, 0% used [0x00000000fad00000,0x00000000fad00000,0x00000000fd680000)
 ParOldGen       total 134144K, used 133820K [0x00000000f0000000, 0x00000000f8300000, 0x00000000f8300000)
  object space 134144K, 99% used [0x00000000f0000000,0x00000000f82af308,0x00000000f8300000)
 Metaspace       used 52354K, capacity 55244K, committed 55936K, reserved 1097728K
  class space    used 6366K, capacity 6878K, committed 7040K, reserved 1048576K
2023-01-17T04:27:10.231+0800: 129.181: [Full GC (Ergonomics) [PSYoungGen: 43008K->5345K(62464K)] [ParOldGen: 133820K->133777K(134144K)] 176828K->139123K(196608K), [Metaspace: 52354K->52354K(1097728K)], 0.1884338 secs] [Times: user=0.38 sys=0.00, real=0.18 secs] 
Heap after GC invocations=558 (full 540):
 PSYoungGen      total 62464K, used 5345K [0x00000000f8300000, 0x0000000100000000, 0x0000000100000000)
  eden space 43008K, 12% used [0x00000000f8300000,0x00000000f88386d0,0x00000000fad00000)
  from space 19456K, 0% used [0x00000000fed00000,0x00000000fed00000,0x0000000100000000)
  to   space 42496K, 0% used [0x00000000fad00000,0x00000000fad00000,0x00000000fd680000)
 ParOldGen       total 134144K, used 133777K [0x00000000f0000000, 0x00000000f8300000, 0x00000000f8300000)
  object space 134144K, 99% used [0x00000000f0000000,0x00000000f82a4668,0x00000000f8300000)
 Metaspace       used 52354K, capacity 55244K, committed 55936K, reserved 1097728K
  class space    used 6366K, capacity 6878K, committed 7040K, reserved 1048576K
}
{Heap before GC invocations=559 (full 541):
 PSYoungGen      total 62464K, used 43008K [0x00000000f8300000, 0x0000000100000000, 0x0000000100000000)
  eden space 43008K, 100% used [0x00000000f8300000,0x00000000fad00000,0x00000000fad00000)
  from space 19456K, 0% used [0x00000000fed00000,0x00000000fed00000,0x0000000100000000)
  to   space 42496K, 0% used [0x00000000fad00000,0x00000000fad00000,0x00000000fd680000)
 ParOldGen       total 134144K, used 133777K [0x00000000f0000000, 0x00000000f8300000, 0x00000000f8300000)
  object space 134144K, 99% used [0x00000000f0000000,0x00000000f82a4668,0x00000000f8300000)
 Metaspace       used 52354K, capacity 55244K, committed 55936K, reserved 1097728K
  class space    used 6366K, capacity 6878K, committed 7040K, reserved 1048576K
2023-01-17T04:27:10.467+0800: 129.417: [Full GC (Ergonomics) [PSYoungGen: 43008K->5007K(62464K)] [ParOldGen: 133777K->134121K(134144K)] 176785K->139129K(196608K), [Metaspace: 52354K->52354K(1097728K)], 0.1373318 secs] [Times: user=0.38 sys=0.00, real=0.14 secs] 
Heap after GC invocations=559 (full 541):
 PSYoungGen      total 62464K, used 5007K [0x00000000f8300000, 0x0000000100000000, 0x0000000100000000)
  eden space 43008K, 11% used [0x00000000f8300000,0x00000000f87e3f40,0x00000000fad00000)
  from space 19456K, 0% used [0x00000000fed00000,0x00000000fed00000,0x0000000100000000)
  to   space 42496K, 0% used [0x00000000fad00000,0x00000000fad00000,0x00000000fd680000)
 ParOldGen       total 134144K, used 134121K [0x00000000f0000000, 0x00000000f8300000, 0x00000000f8300000)
  object space 134144K, 99% used [0x00000000f0000000,0x00000000f82fa5b8,0x00000000f8300000)
 Metaspace       used 52354K, capacity 55244K, committed 55936K, reserved 1097728K
  class space    used 6366K, capacity 6878K, committed 7040K, reserved 1048576K
}
{Heap before GC invocations=560 (full 542):
 PSYoungGen      total 62464K, used 43008K [0x00000000f8300000, 0x0000000100000000, 0x0000000100000000)
  eden space 43008K, 100% used [0x00000000f8300000,0x00000000fad00000,0x00000000fad00000)
  from space 19456K, 0% used [0x00000000fed00000,0x00000000fed00000,0x0000000100000000)
  to   space 42496K, 0% used [0x00000000fad00000,0x00000000fad00000,0x00000000fd680000)
 ParOldGen       total 134144K, used 134121K [0x00000000f0000000, 0x00000000f8300000, 0x00000000f8300000)
  object space 134144K, 99% used [0x00000000f0000000,0x00000000f82fa5b8,0x00000000f8300000)
 Metaspace       used 52354K, capacity 55244K, committed 55936K, reserved 1097728K
  class space    used 6366K, capacity 6878K, committed 7040K, reserved 1048576K
2023-01-17T04:27:10.653+0800: 129.602: [Full GC (Ergonomics) [PSYoungGen: 43008K->5103K(62464K)] [ParOldGen: 134121K->134025K(134144K)] 177129K->139128K(196608K), [Metaspace: 52354K->52354K(1097728K)], 0.1128930 secs] [Times: user=0.28 sys=0.00, real=0.11 secs] 
Heap after GC invocations=560 (full 542):
 PSYoungGen      total 62464K, used 5103K [0x00000000f8300000, 0x0000000100000000, 0x0000000100000000)
  eden space 43008K, 11% used [0x00000000f8300000,0x00000000f87fbe88,0x00000000fad00000)
  from space 19456K, 0% used [0x00000000fed00000,0x00000000fed00000,0x0000000100000000)
  to   space 42496K, 0% used [0x00000000fad00000,0x00000000fad00000,0x00000000fd680000)
 ParOldGen       total 134144K, used 134025K [0x00000000f0000000, 0x00000000f8300000, 0x00000000f8300000)
  object space 134144K, 99% used [0x00000000f0000000,0x00000000f82e2558,0x00000000f8300000)
 Metaspace       used 52354K, capacity 55244K, committed 55936K, reserved 1097728K
  class space    used 6366K, capacity 6878K, committed 7040K, reserved 1048576K
}
{Heap before GC invocations=561 (full 543):
 PSYoungGen      total 62464K, used 43008K [0x00000000f8300000, 0x0000000100000000, 0x0000000100000000)
  eden space 43008K, 100% used [0x00000000f8300000,0x00000000fad00000,0x00000000fad00000)
  from space 19456K, 0% used [0x00000000fed00000,0x00000000fed00000,0x0000000100000000)
  to   space 42496K, 0% used [0x00000000fad00000,0x00000000fad00000,0x00000000fd680000)
 ParOldGen       total 134144K, used 134025K [0x00000000f0000000, 0x00000000f8300000, 0x00000000f8300000)
  object space 134144K, 99% used [0x00000000f0000000,0x00000000f82e2558,0x00000000f8300000)
 Metaspace       used 52354K, capacity 55244K, committed 55936K, reserved 1097728K
  class space    used 6366K, capacity 6878K, committed 7040K, reserved 1048576K
2023-01-17T04:27:10.813+0800: 129.763: [Full GC (Ergonomics) [PSYoungGen: 43008K->5260K(62464K)] [ParOldGen: 134025K->133862K(134144K)] 177033K->139123K(196608K), [Metaspace: 52354K->52354K(1097728K)], 0.1610622 secs] [Times: user=0.38 sys=0.00, real=0.16 secs] 
Heap after GC invocations=561 (full 543):
 PSYoungGen      total 62464K, used 5260K [0x00000000f8300000, 0x0000000100000000, 0x0000000100000000)
  eden space 43008K, 12% used [0x00000000f8300000,0x00000000f88233a8,0x00000000fad00000)
  from space 19456K, 0% used [0x00000000fed00000,0x00000000fed00000,0x0000000100000000)
  to   space 42496K, 0% used [0x00000000fad00000,0x00000000fad00000,0x00000000fd680000)
 ParOldGen       total 134144K, used 133862K [0x00000000f0000000, 0x00000000f8300000, 0x00000000f8300000)
  object space 134144K, 99% used [0x00000000f0000000,0x00000000f82b9ae8,0x00000000f8300000)
 Metaspace       used 52354K, capacity 55244K, committed 55936K, reserved 1097728K
  class space    used 6366K, capacity 6878K, committed 7040K, reserved 1048576K
}
{Heap before GC invocations=562 (full 544):
 PSYoungGen      total 62464K, used 43008K [0x00000000f8300000, 0x0000000100000000, 0x0000000100000000)
  eden space 43008K, 100% used [0x00000000f8300000,0x00000000fad00000,0x00000000fad00000)
  from space 19456K, 0% used [0x00000000fed00000,0x00000000fed00000,0x0000000100000000)
  to   space 42496K, 0% used [0x00000000fad00000,0x00000000fad00000,0x00000000fd680000)
 ParOldGen       total 134144K, used 133862K [0x00000000f0000000, 0x00000000f8300000, 0x00000000f8300000)
  object space 134144K, 99% used [0x00000000f0000000,0x00000000f82b9ae8,0x00000000f8300000)
 Metaspace       used 52354K, capacity 55244K, committed 55936K, reserved 1097728K
  class space    used 6366K, capacity 6878K, committed 7040K, reserved 1048576K
2023-01-17T04:27:11.035+0800: 129.985: [Full GC (Ergonomics) [PSYoungGen: 43008K->4878K(62464K)] [ParOldGen: 133862K->134123K(134144K)] 176870K->139001K(196608K), [Metaspace: 52354K->52339K(1097728K)], 0.2149196 secs] [Times: user=0.61 sys=0.00, real=0.22 secs] 
Heap after GC invocations=562 (full 544):
 PSYoungGen      total 62464K, used 4878K [0x00000000f8300000, 0x0000000100000000, 0x0000000100000000)
  eden space 43008K, 11% used [0x00000000f8300000,0x00000000f87c3828,0x00000000fad00000)
  from space 19456K, 0% used [0x00000000fed00000,0x00000000fed00000,0x0000000100000000)
  to   space 42496K, 0% used [0x00000000fad00000,0x00000000fad00000,0x00000000fd680000)
 ParOldGen       total 134144K, used 134123K [0x00000000f0000000, 0x00000000f8300000, 0x00000000f8300000)
  object space 134144K, 99% used [0x00000000f0000000,0x00000000f82faf10,0x00000000f8300000)
 Metaspace       used 52339K, capacity 55220K, committed 55936K, reserved 1097728K
  class space    used 6364K, capacity 6874K, committed 7040K, reserved 1048576K
}
{Heap before GC invocations=563 (full 545):
 PSYoungGen      total 62464K, used 43008K [0x00000000f8300000, 0x0000000100000000, 0x0000000100000000)
  eden space 43008K, 100% used [0x00000000f8300000,0x00000000fad00000,0x00000000fad00000)
  from space 19456K, 0% used [0x00000000fed00000,0x00000000fed00000,0x0000000100000000)
  to   space 42496K, 0% used [0x00000000fad00000,0x00000000fad00000,0x00000000fd680000)
 ParOldGen       total 134144K, used 134123K [0x00000000f0000000, 0x00000000f8300000, 0x00000000f8300000)
  object space 134144K, 99% used [0x00000000f0000000,0x00000000f82faf10,0x00000000f8300000)
 Metaspace       used 52339K, capacity 55220K, committed 55936K, reserved 1097728K
  class space    used 6364K, capacity 6874K, committed 7040K, reserved 1048576K
2023-01-17T04:27:11.300+0800: 130.249: [Full GC (Ergonomics) [PSYoungGen: 43008K->5008K(62464K)] [ParOldGen: 134123K->134012K(134144K)] 177131K->139021K(196608K), [Metaspace: 52339K->52339K(1097728K)], 0.1238840 secs] [Times: user=0.29 sys=0.00, real=0.12 secs] 
Heap after GC invocations=563 (full 545):
 PSYoungGen      total 62464K, used 5008K [0x00000000f8300000, 0x0000000100000000, 0x0000000100000000)
  eden space 43008K, 11% used [0x00000000f8300000,0x00000000f87e4320,0x00000000fad00000)
  from space 19456K, 0% used [0x00000000fed00000,0x00000000fed00000,0x0000000100000000)
  to   space 42496K, 0% used [0x00000000fad00000,0x00000000fad00000,0x00000000fd680000)
 ParOldGen       total 134144K, used 134012K [0x00000000f0000000, 0x00000000f8300000, 0x00000000f8300000)
  object space 134144K, 99% used [0x00000000f0000000,0x00000000f82df210,0x00000000f8300000)
 Metaspace       used 52339K, capacity 55220K, committed 55936K, reserved 1097728K
  class space    used 6364K, capacity 6874K, committed 7040K, reserved 1048576K
}
{Heap before GC invocations=564 (full 546):
 PSYoungGen      total 62464K, used 43008K [0x00000000f8300000, 0x0000000100000000, 0x0000000100000000)
  eden space 43008K, 100% used [0x00000000f8300000,0x00000000fad00000,0x00000000fad00000)
  from space 19456K, 0% used [0x00000000fed00000,0x00000000fed00000,0x0000000100000000)
  to   space 42496K, 0% used [0x00000000fad00000,0x00000000fad00000,0x00000000fd680000)
 ParOldGen       total 134144K, used 134012K [0x00000000f0000000, 0x00000000f8300000, 0x00000000f8300000)
  object space 134144K, 99% used [0x00000000f0000000,0x00000000f82df210,0x00000000f8300000)
 Metaspace       used 52339K, capacity 55220K, committed 55936K, reserved 1097728K
  class space    used 6364K, capacity 6874K, committed 7040K, reserved 1048576K
2023-01-17T04:27:11.483+0800: 130.433: [Full GC (Ergonomics) [PSYoungGen: 43008K->5073K(62464K)] [ParOldGen: 134012K->133935K(134144K)] 177020K->139008K(196608K), [Metaspace: 52339K->52339K(1097728K)], 0.1337803 secs] [Times: user=0.33 sys=0.00, real=0.13 secs] 
Heap after GC invocations=564 (full 546):
 PSYoungGen      total 62464K, used 5073K [0x00000000f8300000, 0x0000000100000000, 0x0000000100000000)
  eden space 43008K, 11% used [0x00000000f8300000,0x00000000f87f4500,0x00000000fad00000)
  from space 19456K, 0% used [0x00000000fed00000,0x00000000fed00000,0x0000000100000000)
  to   space 42496K, 0% used [0x00000000fad00000,0x00000000fad00000,0x00000000fd680000)
 ParOldGen       total 134144K, used 133935K [0x00000000f0000000, 0x00000000f8300000, 0x00000000f8300000)
  object space 134144K, 99% used [0x00000000f0000000,0x00000000f82cbe20,0x00000000f8300000)
 Metaspace       used 52339K, capacity 55220K, committed 55936K, reserved 1097728K
  class space    used 6364K, capacity 6874K, committed 7040K, reserved 1048576K
}
{Heap before GC invocations=565 (full 547):
 PSYoungGen      total 62464K, used 43008K [0x00000000f8300000, 0x0000000100000000, 0x0000000100000000)
  eden space 43008K, 100% used [0x00000000f8300000,0x00000000fad00000,0x00000000fad00000)
  from space 19456K, 0% used [0x00000000fed00000,0x00000000fed00000,0x0000000100000000)
  to   space 42496K, 0% used [0x00000000fad00000,0x00000000fad00000,0x00000000fd680000)
 ParOldGen       total 134144K, used 133935K [0x00000000f0000000, 0x00000000f8300000, 0x00000000f8300000)
  object space 134144K, 99% used [0x00000000f0000000,0x00000000f82cbe20,0x00000000f8300000)
 Metaspace       used 52339K, capacity 55220K, committed 55936K, reserved 1097728K
  class space    used 6364K, capacity 6874K, committed 7040K, reserved 1048576K
2023-01-17T04:27:11.674+0800: 130.624: [Full GC (Ergonomics) [PSYoungGen: 43008K->5205K(62464K)] [ParOldGen: 133935K->133795K(134144K)] 176943K->139000K(196608K), [Metaspace: 52339K->52339K(1097728K)], 0.2698398 secs] [Times: user=0.66 sys=0.01, real=0.27 secs] 
Heap after GC invocations=565 (full 547):
 PSYoungGen      total 62464K, used 5205K [0x00000000f8300000, 0x0000000100000000, 0x0000000100000000)
  eden space 43008K, 12% used [0x00000000f8300000,0x00000000f8815630,0x00000000fad00000)
  from space 19456K, 0% used [0x00000000fed00000,0x00000000fed00000,0x0000000100000000)
  to   space 42496K, 0% used [0x00000000fad00000,0x00000000fad00000,0x00000000fd680000)
 ParOldGen       total 134144K, used 133795K [0x00000000f0000000, 0x00000000f8300000, 0x00000000f8300000)
  object space 134144K, 99% used [0x00000000f0000000,0x00000000f82a8c80,0x00000000f8300000)
 Metaspace       used 52339K, capacity 55220K, committed 55936K, reserved 1097728K
  class space    used 6364K, capacity 6874K, committed 7040K, reserved 1048576K
}
{Heap before GC invocations=566 (full 548):
 PSYoungGen      total 62464K, used 43008K [0x00000000f8300000, 0x0000000100000000, 0x0000000100000000)
  eden space 43008K, 100% used [0x00000000f8300000,0x00000000fad00000,0x00000000fad00000)
  from space 19456K, 0% used [0x00000000fed00000,0x00000000fed00000,0x0000000100000000)
  to   space 42496K, 0% used [0x00000000fad00000,0x00000000fad00000,0x00000000fd680000)
 ParOldGen       total 134144K, used 133795K [0x00000000f0000000, 0x00000000f8300000, 0x00000000f8300000)
  object space 134144K, 99% used [0x00000000f0000000,0x00000000f82a8c80,0x00000000f8300000)
 Metaspace       used 52339K, capacity 55220K, committed 55936K, reserved 1097728K
  class space    used 6364K, capacity 6874K, committed 7040K, reserved 1048576K
2023-01-17T04:27:11.991+0800: 130.941: [Full GC (Ergonomics) [PSYoungGen: 43008K->4884K(62464K)] [ParOldGen: 133795K->134107K(134144K)] 176803K->138992K(196608K), [Metaspace: 52339K->52339K(1097728K)], 0.1585794 secs] [Times: user=0.45 sys=0.00, real=0.16 secs] 
Heap after GC invocations=566 (full 548):
 PSYoungGen      total 62464K, used 4884K [0x00000000f8300000, 0x0000000100000000, 0x0000000100000000)
  eden space 43008K, 11% used [0x00000000f8300000,0x00000000f87c53f8,0x00000000fad00000)
  from space 19456K, 0% used [0x00000000fed00000,0x00000000fed00000,0x0000000100000000)
  to   space 42496K, 0% used [0x00000000fad00000,0x00000000fad00000,0x00000000fd680000)
 ParOldGen       total 134144K, used 134107K [0x00000000f0000000, 0x00000000f8300000, 0x00000000f8300000)
  object space 134144K, 99% used [0x00000000f0000000,0x00000000f82f6d90,0x00000000f8300000)
 Metaspace       used 52339K, capacity 55220K, committed 55936K, reserved 1097728K
  class space    used 6364K, capacity 6874K, committed 7040K, reserved 1048576K
}
{Heap before GC invocations=567 (full 549):
 PSYoungGen      total 62464K, used 43008K [0x00000000f8300000, 0x0000000100000000, 0x0000000100000000)
  eden space 43008K, 100% used [0x00000000f8300000,0x00000000fad00000,0x00000000fad00000)
  from space 19456K, 0% used [0x00000000fed00000,0x00000000fed00000,0x0000000100000000)
  to   space 42496K, 0% used [0x00000000fad00000,0x00000000fad00000,0x00000000fd680000)
 ParOldGen       total 134144K, used 134107K [0x00000000f0000000, 0x00000000f8300000, 0x00000000f8300000)
  object space 134144K, 99% used [0x00000000f0000000,0x00000000f82f6d90,0x00000000f8300000)
 Metaspace       used 52339K, capacity 55220K, committed 55936K, reserved 1097728K
  class space    used 6364K, capacity 6874K, committed 7040K, reserved 1048576K
2023-01-17T04:27:12.199+0800: 131.148: [Full GC (Ergonomics) [PSYoungGen: 43008K->4980K(62464K)] [ParOldGen: 134107K->134003K(134144K)] 177115K->138983K(196608K), [Metaspace: 52339K->52339K(1097728K)], 0.1391564 secs] [Times: user=0.39 sys=0.00, real=0.14 secs] 
Heap after GC invocations=567 (full 549):
 PSYoungGen      total 62464K, used 4980K [0x00000000f8300000, 0x0000000100000000, 0x0000000100000000)
  eden space 43008K, 11% used [0x00000000f8300000,0x00000000f87dd208,0x00000000fad00000)
  from space 19456K, 0% used [0x00000000fed00000,0x00000000fed00000,0x0000000100000000)
  to   space 42496K, 0% used [0x00000000fad00000,0x00000000fad00000,0x00000000fd680000)
 ParOldGen       total 134144K, used 134003K [0x00000000f0000000, 0x00000000f8300000, 0x00000000f8300000)
  object space 134144K, 99% used [0x00000000f0000000,0x00000000f82dcca0,0x00000000f8300000)
 Metaspace       used 52339K, capacity 55220K, committed 55936K, reserved 1097728K
  class space    used 6364K, capacity 6874K, committed 7040K, reserved 1048576K
}
{Heap before GC invocations=568 (full 550):
 PSYoungGen      total 62464K, used 43008K [0x00000000f8300000, 0x0000000100000000, 0x0000000100000000)
  eden space 43008K, 100% used [0x00000000f8300000,0x00000000fad00000,0x00000000fad00000)
  from space 19456K, 0% used [0x00000000fed00000,0x00000000fed00000,0x0000000100000000)
  to   space 42496K, 0% used [0x00000000fad00000,0x00000000fad00000,0x00000000fd680000)
 ParOldGen       total 134144K, used 134003K [0x00000000f0000000, 0x00000000f8300000, 0x00000000f8300000)
  object space 134144K, 99% used [0x00000000f0000000,0x00000000f82dcca0,0x00000000f8300000)
 Metaspace       used 52339K, capacity 55220K, committed 55936K, reserved 1097728K
  class space    used 6364K, capacity 6874K, committed 7040K, reserved 1048576K
2023-01-17T04:27:12.385+0800: 131.335: [Full GC (Ergonomics) [PSYoungGen: 43008K->5107K(62464K)] [ParOldGen: 134003K->133861K(134144K)] 177011K->138968K(196608K), [Metaspace: 52339K->52320K(1097728K)], 0.3434934 secs] [Times: user=0.78 sys=0.00, real=0.34 secs] 
Heap after GC invocations=568 (full 550):
 PSYoungGen      total 62464K, used 5107K [0x00000000f8300000, 0x0000000100000000, 0x0000000100000000)
  eden space 43008K, 11% used [0x00000000f8300000,0x00000000f87fcf38,0x00000000fad00000)
  from space 19456K, 0% used [0x00000000fed00000,0x00000000fed00000,0x0000000100000000)
  to   space 42496K, 0% used [0x00000000fad00000,0x00000000fad00000,0x00000000fd680000)
 ParOldGen       total 134144K, used 133861K [0x00000000f0000000, 0x00000000f8300000, 0x00000000f8300000)
  object space 134144K, 99% used [0x00000000f0000000,0x00000000f82b9490,0x00000000f8300000)
 Metaspace       used 52320K, capacity 55190K, committed 55936K, reserved 1097728K
  class space    used 6361K, capacity 6869K, committed 7040K, reserved 1048576K
}
{Heap before GC invocations=569 (full 551):
 PSYoungGen      total 62464K, used 43008K [0x00000000f8300000, 0x0000000100000000, 0x0000000100000000)
  eden space 43008K, 100% used [0x00000000f8300000,0x00000000fad00000,0x00000000fad00000)
  from space 19456K, 0% used [0x00000000fed00000,0x00000000fed00000,0x0000000100000000)
  to   space 42496K, 0% used [0x00000000fad00000,0x00000000fad00000,0x00000000fd680000)
 ParOldGen       total 134144K, used 133861K [0x00000000f0000000, 0x00000000f8300000, 0x00000000f8300000)
  object space 134144K, 99% used [0x00000000f0000000,0x00000000f82b9490,0x00000000f8300000)
 Metaspace       used 52320K, capacity 55190K, committed 55936K, reserved 1097728K
  class space    used 6361K, capacity 6869K, committed 7040K, reserved 1048576K
2023-01-17T04:27:12.788+0800: 131.738: [Full GC (Ergonomics) [PSYoungGen: 43008K->5220K(62464K)] [ParOldGen: 133861K->133752K(134144K)] 176869K->138973K(196608K), [Metaspace: 52320K->52320K(1097728K)], 0.1320928 secs] [Times: user=0.33 sys=0.00, real=0.14 secs] 
Heap after GC invocations=569 (full 551):
 PSYoungGen      total 62464K, used 5220K [0x00000000f8300000, 0x0000000100000000, 0x0000000100000000)
  eden space 43008K, 12% used [0x00000000f8300000,0x00000000f8819078,0x00000000fad00000)
  from space 19456K, 0% used [0x00000000fed00000,0x00000000fed00000,0x0000000100000000)
  to   space 42496K, 0% used [0x00000000fad00000,0x00000000fad00000,0x00000000fd680000)
 ParOldGen       total 134144K, used 133752K [0x00000000f0000000, 0x00000000f8300000, 0x00000000f8300000)
  object space 134144K, 99% used [0x00000000f0000000,0x00000000f829e3f0,0x00000000f8300000)
 Metaspace       used 52320K, capacity 55190K, committed 55936K, reserved 1097728K
  class space    used 6361K, capacity 6869K, committed 7040K, reserved 1048576K
}
{Heap before GC invocations=570 (full 552):
 PSYoungGen      total 62464K, used 43008K [0x00000000f8300000, 0x0000000100000000, 0x0000000100000000)
  eden space 43008K, 100% used [0x00000000f8300000,0x00000000fad00000,0x00000000fad00000)
  from space 19456K, 0% used [0x00000000fed00000,0x00000000fed00000,0x0000000100000000)
  to   space 42496K, 0% used [0x00000000fad00000,0x00000000fad00000,0x00000000fd680000)
 ParOldGen       total 134144K, used 133752K [0x00000000f0000000, 0x00000000f8300000, 0x00000000f8300000)
  object space 134144K, 99% used [0x00000000f0000000,0x00000000f829e3f0,0x00000000f8300000)
 Metaspace       used 52320K, capacity 55190K, committed 55936K, reserved 1097728K
  class space    used 6361K, capacity 6869K, committed 7040K, reserved 1048576K
2023-01-17T04:27:12.968+0800: 131.918: [Full GC (Ergonomics) [PSYoungGen: 43008K->4916K(62464K)] [ParOldGen: 133752K->134102K(134144K)] 176760K->139018K(196608K), [Metaspace: 52320K->52320K(1097728K)], 0.1162482 secs] [Times: user=0.30 sys=0.00, real=0.12 secs] 
Heap after GC invocations=570 (full 552):
 PSYoungGen      total 62464K, used 4916K [0x00000000f8300000, 0x0000000100000000, 0x0000000100000000)
  eden space 43008K, 11% used [0x00000000f8300000,0x00000000f87cd2f0,0x00000000fad00000)
  from space 19456K, 0% used [0x00000000fed00000,0x00000000fed00000,0x0000000100000000)
  to   space 42496K, 0% used [0x00000000fad00000,0x00000000fad00000,0x00000000fd680000)
 ParOldGen       total 134144K, used 134102K [0x00000000f0000000, 0x00000000f8300000, 0x00000000f8300000)
  object space 134144K, 99% used [0x00000000f0000000,0x00000000f82f5868,0x00000000f8300000)
 Metaspace       used 52320K, capacity 55190K, committed 55936K, reserved 1097728K
  class space    used 6361K, capacity 6869K, committed 7040K, reserved 1048576K
}
{Heap before GC invocations=571 (full 553):
 PSYoungGen      total 62464K, used 43008K [0x00000000f8300000, 0x0000000100000000, 0x0000000100000000)
  eden space 43008K, 100% used [0x00000000f8300000,0x00000000fad00000,0x00000000fad00000)
  from space 19456K, 0% used [0x00000000fed00000,0x00000000fed00000,0x0000000100000000)
  to   space 42496K, 0% used [0x00000000fad00000,0x00000000fad00000,0x00000000fd680000)
 ParOldGen       total 134144K, used 134102K [0x00000000f0000000, 0x00000000f8300000, 0x00000000f8300000)
  object space 134144K, 99% used [0x00000000f0000000,0x00000000f82f5868,0x00000000f8300000)
 Metaspace       used 52320K, capacity 55190K, committed 55936K, reserved 1097728K
  class space    used 6361K, capacity 6869K, committed 7040K, reserved 1048576K
2023-01-17T04:27:13.131+0800: 132.081: [Full GC (Ergonomics) [PSYoungGen: 43008K->5076K(62464K)] [ParOldGen: 134102K->133908K(134144K)] 177110K->138985K(196608K), [Metaspace: 52320K->52320K(1097728K)], 0.1560261 secs] [Times: user=0.33 sys=0.00, real=0.15 secs] 
Heap after GC invocations=571 (full 553):
 PSYoungGen      total 62464K, used 5076K [0x00000000f8300000, 0x0000000100000000, 0x0000000100000000)
  eden space 43008K, 11% used [0x00000000f8300000,0x00000000f87f5168,0x00000000fad00000)
  from space 19456K, 0% used [0x00000000fed00000,0x00000000fed00000,0x0000000100000000)
  to   space 42496K, 0% used [0x00000000fad00000,0x00000000fad00000,0x00000000fd680000)
 ParOldGen       total 134144K, used 133908K [0x00000000f0000000, 0x00000000f8300000, 0x00000000f8300000)
  object space 134144K, 99% used [0x00000000f0000000,0x00000000f82c53c8,0x00000000f8300000)
 Metaspace       used 52320K, capacity 55190K, committed 55936K, reserved 1097728K
  class space    used 6361K, capacity 6869K, committed 7040K, reserved 1048576K
}
{Heap before GC invocations=572 (full 554):
 PSYoungGen      total 62464K, used 43008K [0x00000000f8300000, 0x0000000100000000, 0x0000000100000000)
  eden space 43008K, 100% used [0x00000000f8300000,0x00000000fad00000,0x00000000fad00000)
  from space 19456K, 0% used [0x00000000fed00000,0x00000000fed00000,0x0000000100000000)
  to   space 42496K, 0% used [0x00000000fad00000,0x00000000fad00000,0x00000000fd680000)
 ParOldGen       total 134144K, used 133908K [0x00000000f0000000, 0x00000000f8300000, 0x00000000f8300000)
  object space 134144K, 99% used [0x00000000f0000000,0x00000000f82c53c8,0x00000000f8300000)
 Metaspace       used 52320K, capacity 55190K, committed 55936K, reserved 1097728K
  class space    used 6361K, capacity 6869K, committed 7040K, reserved 1048576K
2023-01-17T04:27:13.349+0800: 132.299: [Full GC (Ergonomics) [PSYoungGen: 43008K->5143K(62464K)] [ParOldGen: 133908K->133835K(134144K)] 176916K->138979K(196608K), [Metaspace: 52320K->52320K(1097728K)], 0.1384291 secs] [Times: user=0.33 sys=0.00, real=0.14 secs] 
Heap after GC invocations=572 (full 554):
 PSYoungGen      total 62464K, used 5143K [0x00000000f8300000, 0x0000000100000000, 0x0000000100000000)
  eden space 43008K, 11% used [0x00000000f8300000,0x00000000f8805e50,0x00000000fad00000)
  from space 19456K, 0% used [0x00000000fed00000,0x00000000fed00000,0x0000000100000000)
  to   space 42496K, 0% used [0x00000000fad00000,0x00000000fad00000,0x00000000fd680000)
 ParOldGen       total 134144K, used 133835K [0x00000000f0000000, 0x00000000f8300000, 0x00000000f8300000)
  object space 134144K, 99% used [0x00000000f0000000,0x00000000f82b2fd0,0x00000000f8300000)
 Metaspace       used 52320K, capacity 55190K, committed 55936K, reserved 1097728K
  class space    used 6361K, capacity 6869K, committed 7040K, reserved 1048576K
}
{Heap before GC invocations=573 (full 555):
 PSYoungGen      total 62464K, used 43008K [0x00000000f8300000, 0x0000000100000000, 0x0000000100000000)
  eden space 43008K, 100% used [0x00000000f8300000,0x00000000fad00000,0x00000000fad00000)
  from space 19456K, 0% used [0x00000000fed00000,0x00000000fed00000,0x0000000100000000)
  to   space 42496K, 0% used [0x00000000fad00000,0x00000000fad00000,0x00000000fd680000)
 ParOldGen       total 134144K, used 133835K [0x00000000f0000000, 0x00000000f8300000, 0x00000000f8300000)
  object space 134144K, 99% used [0x00000000f0000000,0x00000000f82b2fd0,0x00000000f8300000)
 Metaspace       used 52320K, capacity 55190K, committed 55936K, reserved 1097728K
  class space    used 6361K, capacity 6869K, committed 7040K, reserved 1048576K
2023-01-17T04:27:13.535+0800: 132.485: [Full GC (Ergonomics) [PSYoungGen: 43008K->4875K(62464K)] [ParOldGen: 133835K->134114K(134144K)] 176843K->138990K(196608K), [Metaspace: 52320K->52320K(1097728K)], 0.1410510 secs] [Times: user=0.41 sys=0.00, real=0.14 secs] 
Heap after GC invocations=573 (full 555):
 PSYoungGen      total 62464K, used 4875K [0x00000000f8300000, 0x0000000100000000, 0x0000000100000000)
  eden space 43008K, 11% used [0x00000000f8300000,0x00000000f87c2f10,0x00000000fad00000)
  from space 19456K, 0% used [0x00000000fed00000,0x00000000fed00000,0x0000000100000000)
  to   space 42496K, 0% used [0x00000000fad00000,0x00000000fad00000,0x00000000fd680000)
 ParOldGen       total 134144K, used 134114K [0x00000000f0000000, 0x00000000f8300000, 0x00000000f8300000)
  object space 134144K, 99% used [0x00000000f0000000,0x00000000f82f89e8,0x00000000f8300000)
 Metaspace       used 52320K, capacity 55190K, committed 55936K, reserved 1097728K
  class space    used 6361K, capacity 6869K, committed 7040K, reserved 1048576K
}
{Heap before GC invocations=574 (full 556):
 PSYoungGen      total 62464K, used 43008K [0x00000000f8300000, 0x0000000100000000, 0x0000000100000000)
  eden space 43008K, 100% used [0x00000000f8300000,0x00000000fad00000,0x00000000fad00000)
  from space 19456K, 0% used [0x00000000fed00000,0x00000000fed00000,0x0000000100000000)
  to   space 42496K, 0% used [0x00000000fad00000,0x00000000fad00000,0x00000000fd680000)
 ParOldGen       total 134144K, used 134114K [0x00000000f0000000, 0x00000000f8300000, 0x00000000f8300000)
  object space 134144K, 99% used [0x00000000f0000000,0x00000000f82f89e8,0x00000000f8300000)
 Metaspace       used 52320K, capacity 55190K, committed 55936K, reserved 1097728K
  class space    used 6361K, capacity 6869K, committed 7040K, reserved 1048576K
2023-01-17T04:27:13.724+0800: 132.674: [Full GC (Ergonomics) [PSYoungGen: 43008K->5117K(62464K)] [ParOldGen: 134114K->133891K(134144K)] 177122K->139009K(196608K), [Metaspace: 52320K->52320K(1097728K)], 0.1364677 secs] [Times: user=0.35 sys=0.00, real=0.14 secs] 
Heap after GC invocations=574 (full 556):
 PSYoungGen      total 62464K, used 5117K [0x00000000f8300000, 0x0000000100000000, 0x0000000100000000)
  eden space 43008K, 11% used [0x00000000f8300000,0x00000000f87ff740,0x00000000fad00000)
  from space 19456K, 0% used [0x00000000fed00000,0x00000000fed00000,0x0000000100000000)
  to   space 42496K, 0% used [0x00000000fad00000,0x00000000fad00000,0x00000000fd680000)
 ParOldGen       total 134144K, used 133891K [0x00000000f0000000, 0x00000000f8300000, 0x00000000f8300000)
  object space 134144K, 99% used [0x00000000f0000000,0x00000000f82c0ef8,0x00000000f8300000)
 Metaspace       used 52320K, capacity 55190K, committed 55936K, reserved 1097728K
  class space    used 6361K, capacity 6869K, committed 7040K, reserved 1048576K
}
{Heap before GC invocations=575 (full 557):
 PSYoungGen      total 62464K, used 43008K [0x00000000f8300000, 0x0000000100000000, 0x0000000100000000)
  eden space 43008K, 100% used [0x00000000f8300000,0x00000000fad00000,0x00000000fad00000)
  from space 19456K, 0% used [0x00000000fed00000,0x00000000fed00000,0x0000000100000000)
  to   space 42496K, 0% used [0x00000000fad00000,0x00000000fad00000,0x00000000fd680000)
 ParOldGen       total 134144K, used 133891K [0x00000000f0000000, 0x00000000f8300000, 0x00000000f8300000)
  object space 134144K, 99% used [0x00000000f0000000,0x00000000f82c0ef8,0x00000000f8300000)
 Metaspace       used 52323K, capacity 55190K, committed 55936K, reserved 1097728K
  class space    used 6361K, capacity 6869K, committed 7040K, reserved 1048576K
2023-01-17T04:27:13.940+0800: 132.890: [Full GC (Ergonomics) [PSYoungGen: 43008K->4863K(62464K)] [ParOldGen: 133891K->134142K(134144K)] 176899K->139006K(196608K), [Metaspace: 52323K->52323K(1097728K)], 0.2370181 secs] [Times: user=0.48 sys=0.00, real=0.23 secs] 
Heap after GC invocations=575 (full 557):
 PSYoungGen      total 62464K, used 4863K [0x00000000f8300000, 0x0000000100000000, 0x0000000100000000)
  eden space 43008K, 11% used [0x00000000f8300000,0x00000000f87bffe0,0x00000000fad00000)
  from space 19456K, 0% used [0x00000000fed00000,0x00000000fed00000,0x0000000100000000)
  to   space 42496K, 0% used [0x00000000fad00000,0x00000000fad00000,0x00000000fd680000)
 ParOldGen       total 134144K, used 134142K [0x00000000f0000000, 0x00000000f8300000, 0x00000000f8300000)
  object space 134144K, 99% used [0x00000000f0000000,0x00000000f82ffb68,0x00000000f8300000)
 Metaspace       used 52323K, capacity 55190K, committed 55936K, reserved 1097728K
  class space    used 6361K, capacity 6869K, committed 7040K, reserved 1048576K
}
{Heap before GC invocations=576 (full 558):
 PSYoungGen      total 62464K, used 43008K [0x00000000f8300000, 0x0000000100000000, 0x0000000100000000)
  eden space 43008K, 100% used [0x00000000f8300000,0x00000000fad00000,0x00000000fad00000)
  from space 19456K, 0% used [0x00000000fed00000,0x00000000fed00000,0x0000000100000000)
  to   space 42496K, 0% used [0x00000000fad00000,0x00000000fad00000,0x00000000fd680000)
 ParOldGen       total 134144K, used 134142K [0x00000000f0000000, 0x00000000f8300000, 0x00000000f8300000)
  object space 134144K, 99% used [0x00000000f0000000,0x00000000f82ffb68,0x00000000f8300000)
 Metaspace       used 52323K, capacity 55190K, committed 55936K, reserved 1097728K
  class space    used 6361K, capacity 6869K, committed 7040K, reserved 1048576K
2023-01-17T04:27:14.243+0800: 133.193: [Full GC (Ergonomics) [PSYoungGen: 43008K->4929K(62464K)] [ParOldGen: 134142K->134054K(134144K)] 177150K->138984K(196608K), [Metaspace: 52323K->52323K(1097728K)], 0.1739649 secs] [Times: user=0.52 sys=0.01, real=0.17 secs] 
Heap after GC invocations=576 (full 558):
 PSYoungGen      total 62464K, used 4929K [0x00000000f8300000, 0x0000000100000000, 0x0000000100000000)
  eden space 43008K, 11% used [0x00000000f8300000,0x00000000f87d0720,0x00000000fad00000)
  from space 19456K, 0% used [0x00000000fed00000,0x00000000fed00000,0x0000000100000000)
  to   space 42496K, 0% used [0x00000000fad00000,0x00000000fad00000,0x00000000fd680000)
 ParOldGen       total 134144K, used 134054K [0x00000000f0000000, 0x00000000f8300000, 0x00000000f8300000)
  object space 134144K, 99% used [0x00000000f0000000,0x00000000f82e9b28,0x00000000f8300000)
 Metaspace       used 52323K, capacity 55190K, committed 55936K, reserved 1097728K
  class space    used 6361K, capacity 6869K, committed 7040K, reserved 1048576K
}
{Heap before GC invocations=577 (full 559):
 PSYoungGen      total 62464K, used 43008K [0x00000000f8300000, 0x0000000100000000, 0x0000000100000000)
  eden space 43008K, 100% used [0x00000000f8300000,0x00000000fad00000,0x00000000fad00000)
  from space 19456K, 0% used [0x00000000fed00000,0x00000000fed00000,0x0000000100000000)
  to   space 42496K, 0% used [0x00000000fad00000,0x00000000fad00000,0x00000000fd680000)
 ParOldGen       total 134144K, used 134054K [0x00000000f0000000, 0x00000000f8300000, 0x00000000f8300000)
  object space 134144K, 99% used [0x00000000f0000000,0x00000000f82e9b28,0x00000000f8300000)
 Metaspace       used 52324K, capacity 55190K, committed 55936K, reserved 1097728K
  class space    used 6361K, capacity 6869K, committed 7040K, reserved 1048576K
2023-01-17T04:27:14.466+0800: 133.416: [Full GC (Ergonomics) [PSYoungGen: 43008K->5125K(62464K)] [ParOldGen: 134054K->133873K(134144K)] 177062K->138999K(196608K), [Metaspace: 52324K->52324K(1097728K)], 0.1108266 secs] [Times: user=0.28 sys=0.00, real=0.11 secs] 
Heap after GC invocations=577 (full 559):
 PSYoungGen      total 62464K, used 5125K [0x00000000f8300000, 0x0000000100000000, 0x0000000100000000)
  eden space 43008K, 11% used [0x00000000f8300000,0x00000000f8801570,0x00000000fad00000)
  from space 19456K, 0% used [0x00000000fed00000,0x00000000fed00000,0x0000000100000000)
  to   space 42496K, 0% used [0x00000000fad00000,0x00000000fad00000,0x00000000fd680000)
 ParOldGen       total 134144K, used 133873K [0x00000000f0000000, 0x00000000f8300000, 0x00000000f8300000)
  object space 134144K, 99% used [0x00000000f0000000,0x00000000f82bc748,0x00000000f8300000)
 Metaspace       used 52324K, capacity 55190K, committed 55936K, reserved 1097728K
  class space    used 6361K, capacity 6869K, committed 7040K, reserved 1048576K
}
{Heap before GC invocations=578 (full 560):
 PSYoungGen      total 62464K, used 43008K [0x00000000f8300000, 0x0000000100000000, 0x0000000100000000)
  eden space 43008K, 100% used [0x00000000f8300000,0x00000000fad00000,0x00000000fad00000)
  from space 19456K, 0% used [0x00000000fed00000,0x00000000fed00000,0x0000000100000000)
  to   space 42496K, 0% used [0x00000000fad00000,0x00000000fad00000,0x00000000fd680000)
 ParOldGen       total 134144K, used 133873K [0x00000000f0000000, 0x00000000f8300000, 0x00000000f8300000)
  object space 134144K, 99% used [0x00000000f0000000,0x00000000f82bc748,0x00000000f8300000)
 Metaspace       used 52324K, capacity 55190K, committed 55936K, reserved 1097728K
  class space    used 6361K, capacity 6869K, committed 7040K, reserved 1048576K
2023-01-17T04:27:14.626+0800: 133.575: [Full GC (Ergonomics) [PSYoungGen: 43008K->5220K(62464K)] [ParOldGen: 133873K->133740K(134144K)] 176881K->138960K(196608K), [Metaspace: 52324K->52324K(1097728K)], 0.1182930 secs] [Times: user=0.28 sys=0.00, real=0.12 secs] 
Heap after GC invocations=578 (full 560):
 PSYoungGen      total 62464K, used 5220K [0x00000000f8300000, 0x0000000100000000, 0x0000000100000000)
  eden space 43008K, 12% used [0x00000000f8300000,0x00000000f8819080,0x00000000fad00000)
  from space 19456K, 0% used [0x00000000fed00000,0x00000000fed00000,0x0000000100000000)
  to   space 42496K, 0% used [0x00000000fad00000,0x00000000fad00000,0x00000000fd680000)
 ParOldGen       total 134144K, used 133740K [0x00000000f0000000, 0x00000000f8300000, 0x00000000f8300000)
  object space 134144K, 99% used [0x00000000f0000000,0x00000000f829b368,0x00000000f8300000)
 Metaspace       used 52324K, capacity 55190K, committed 55936K, reserved 1097728K
  class space    used 6361K, capacity 6869K, committed 7040K, reserved 1048576K
}
{Heap before GC invocations=579 (full 561):
 PSYoungGen      total 62464K, used 43008K [0x00000000f8300000, 0x0000000100000000, 0x0000000100000000)
  eden space 43008K, 100% used [0x00000000f8300000,0x00000000fad00000,0x00000000fad00000)
  from space 19456K, 0% used [0x00000000fed00000,0x00000000fed00000,0x0000000100000000)
  to   space 42496K, 0% used [0x00000000fad00000,0x00000000fad00000,0x00000000fd680000)
 ParOldGen       total 134144K, used 133740K [0x00000000f0000000, 0x00000000f8300000, 0x00000000f8300000)
  object space 134144K, 99% used [0x00000000f0000000,0x00000000f829b368,0x00000000f8300000)
 Metaspace       used 52324K, capacity 55190K, committed 55936K, reserved 1097728K
  class space    used 6361K, capacity 6869K, committed 7040K, reserved 1048576K
2023-01-17T04:27:14.803+0800: 133.753: [Full GC (Ergonomics) [PSYoungGen: 43008K->4885K(62464K)] [ParOldGen: 133740K->134083K(134144K)] 176748K->138969K(196608K), [Metaspace: 52324K->52324K(1097728K)], 0.1344030 secs] [Times: user=0.31 sys=0.00, real=0.13 secs] 
Heap after GC invocations=579 (full 561):
 PSYoungGen      total 62464K, used 4885K [0x00000000f8300000, 0x0000000100000000, 0x0000000100000000)
  eden space 43008K, 11% used [0x00000000f8300000,0x00000000f87c57d0,0x00000000fad00000)
  from space 19456K, 0% used [0x00000000fed00000,0x00000000fed00000,0x0000000100000000)
  to   space 42496K, 0% used [0x00000000fad00000,0x00000000fad00000,0x00000000fd680000)
 ParOldGen       total 134144K, used 134083K [0x00000000f0000000, 0x00000000f8300000, 0x00000000f8300000)
  object space 134144K, 99% used [0x00000000f0000000,0x00000000f82f0d50,0x00000000f8300000)
 Metaspace       used 52324K, capacity 55190K, committed 55936K, reserved 1097728K
  class space    used 6361K, capacity 6869K, committed 7040K, reserved 1048576K
}
{Heap before GC invocations=580 (full 562):
 PSYoungGen      total 62464K, used 43008K [0x00000000f8300000, 0x0000000100000000, 0x0000000100000000)
  eden space 43008K, 100% used [0x00000000f8300000,0x00000000fad00000,0x00000000fad00000)
  from space 19456K, 0% used [0x00000000fed00000,0x00000000fed00000,0x0000000100000000)
  to   space 42496K, 0% used [0x00000000fad00000,0x00000000fad00000,0x00000000fd680000)
 ParOldGen       total 134144K, used 134083K [0x00000000f0000000, 0x00000000f8300000, 0x00000000f8300000)
  object space 134144K, 99% used [0x00000000f0000000,0x00000000f82f0d50,0x00000000f8300000)
 Metaspace       used 52324K, capacity 55190K, committed 55936K, reserved 1097728K
  class space    used 6361K, capacity 6869K, committed 7040K, reserved 1048576K
2023-01-17T04:27:14.986+0800: 133.936: [Full GC (Ergonomics) [PSYoungGen: 43008K->5090K(62464K)] [ParOldGen: 134083K->133881K(134144K)] 177091K->138972K(196608K), [Metaspace: 52324K->52324K(1097728K)], 0.1329974 secs] [Times: user=0.31 sys=0.00, real=0.14 secs] 
Heap after GC invocations=580 (full 562):
 PSYoungGen      total 62464K, used 5090K [0x00000000f8300000, 0x0000000100000000, 0x0000000100000000)
  eden space 43008K, 11% used [0x00000000f8300000,0x00000000f87f88c8,0x00000000fad00000)
  from space 19456K, 0% used [0x00000000fed00000,0x00000000fed00000,0x0000000100000000)
  to   space 42496K, 0% used [0x00000000fad00000,0x00000000fad00000,0x00000000fd680000)
 ParOldGen       total 134144K, used 133881K [0x00000000f0000000, 0x00000000f8300000, 0x00000000f8300000)
  object space 134144K, 99% used [0x00000000f0000000,0x00000000f82be780,0x00000000f8300000)
 Metaspace       used 52324K, capacity 55190K, committed 55936K, reserved 1097728K
  class space    used 6361K, capacity 6869K, committed 7040K, reserved 1048576K
}
{Heap before GC invocations=581 (full 563):
 PSYoungGen      total 62464K, used 43008K [0x00000000f8300000, 0x0000000100000000, 0x0000000100000000)
  eden space 43008K, 100% used [0x00000000f8300000,0x00000000fad00000,0x00000000fad00000)
  from space 19456K, 0% used [0x00000000fed00000,0x00000000fed00000,0x0000000100000000)
  to   space 42496K, 0% used [0x00000000fad00000,0x00000000fad00000,0x00000000fd680000)
 ParOldGen       total 134144K, used 133881K [0x00000000f0000000, 0x00000000f8300000, 0x00000000f8300000)
  object space 134144K, 99% used [0x00000000f0000000,0x00000000f82be780,0x00000000f8300000)
 Metaspace       used 52324K, capacity 55190K, committed 55936K, reserved 1097728K
  class space    used 6361K, capacity 6869K, committed 7040K, reserved 1048576K
2023-01-17T04:27:15.181+0800: 134.131: [Full GC (Ergonomics) [PSYoungGen: 43008K->5203K(62464K)] [ParOldGen: 133881K->133779K(134144K)] 176889K->138982K(196608K), [Metaspace: 52324K->52324K(1097728K)], 0.1428777 secs] [Times: user=0.31 sys=0.00, real=0.14 secs] 
Heap after GC invocations=581 (full 563):
 PSYoungGen      total 62464K, used 5203K [0x00000000f8300000, 0x0000000100000000, 0x0000000100000000)
  eden space 43008K, 12% used [0x00000000f8300000,0x00000000f8814c20,0x00000000fad00000)
  from space 19456K, 0% used [0x00000000fed00000,0x00000000fed00000,0x0000000100000000)
  to   space 42496K, 0% used [0x00000000fad00000,0x00000000fad00000,0x00000000fd680000)
 ParOldGen       total 134144K, used 133779K [0x00000000f0000000, 0x00000000f8300000, 0x00000000f8300000)
  object space 134144K, 99% used [0x00000000f0000000,0x00000000f82a4f30,0x00000000f8300000)
 Metaspace       used 52324K, capacity 55190K, committed 55936K, reserved 1097728K
  class space    used 6361K, capacity 6869K, committed 7040K, reserved 1048576K
}
{Heap before GC invocations=582 (full 564):
 PSYoungGen      total 62464K, used 43008K [0x00000000f8300000, 0x0000000100000000, 0x0000000100000000)
  eden space 43008K, 100% used [0x00000000f8300000,0x00000000fad00000,0x00000000fad00000)
  from space 19456K, 0% used [0x00000000fed00000,0x00000000fed00000,0x0000000100000000)
  to   space 42496K, 0% used [0x00000000fad00000,0x00000000fad00000,0x00000000fd680000)
 ParOldGen       total 134144K, used 133779K [0x00000000f0000000, 0x00000000f8300000, 0x00000000f8300000)
  object space 134144K, 99% used [0x00000000f0000000,0x00000000f82a4f30,0x00000000f8300000)
 Metaspace       used 52324K, capacity 55190K, committed 55936K, reserved 1097728K
  class space    used 6361K, capacity 6869K, committed 7040K, reserved 1048576K
2023-01-17T04:27:15.372+0800: 134.322: [Full GC (Ergonomics) [PSYoungGen: 43008K->5283K(62464K)] [ParOldGen: 133779K->133703K(134144K)] 176787K->138987K(196608K), [Metaspace: 52324K->52324K(1097728K)], 0.1126613 secs] [Times: user=0.28 sys=0.00, real=0.11 secs] 
Heap after GC invocations=582 (full 564):
 PSYoungGen      total 62464K, used 5283K [0x00000000f8300000, 0x0000000100000000, 0x0000000100000000)
  eden space 43008K, 12% used [0x00000000f8300000,0x00000000f8828fd8,0x00000000fad00000)
  from space 19456K, 0% used [0x00000000fed00000,0x00000000fed00000,0x0000000100000000)
  to   space 42496K, 0% used [0x00000000fad00000,0x00000000fad00000,0x00000000fd680000)
 ParOldGen       total 134144K, used 133703K [0x00000000f0000000, 0x00000000f8300000, 0x00000000f8300000)
  object space 134144K, 99% used [0x00000000f0000000,0x00000000f8291f80,0x00000000f8300000)
 Metaspace       used 52324K, capacity 55190K, committed 55936K, reserved 1097728K
  class space    used 6361K, capacity 6869K, committed 7040K, reserved 1048576K
}
{Heap before GC invocations=583 (full 565):
 PSYoungGen      total 62464K, used 43008K [0x00000000f8300000, 0x0000000100000000, 0x0000000100000000)
  eden space 43008K, 100% used [0x00000000f8300000,0x00000000fad00000,0x00000000fad00000)
  from space 19456K, 0% used [0x00000000fed00000,0x00000000fed00000,0x0000000100000000)
  to   space 42496K, 0% used [0x00000000fad00000,0x00000000fad00000,0x00000000fd680000)
 ParOldGen       total 134144K, used 133703K [0x00000000f0000000, 0x00000000f8300000, 0x00000000f8300000)
  object space 134144K, 99% used [0x00000000f0000000,0x00000000f8291f80,0x00000000f8300000)
 Metaspace       used 52324K, capacity 55190K, committed 55936K, reserved 1097728K
  class space    used 6361K, capacity 6869K, committed 7040K, reserved 1048576K
2023-01-17T04:27:15.540+0800: 134.489: [Full GC (Ergonomics) [PSYoungGen: 43008K->4971K(62464K)] [ParOldGen: 133703K->134009K(134144K)] 176711K->138980K(196608K), [Metaspace: 52324K->52309K(1097728K)], 0.2717420 secs] [Times: user=0.76 sys=0.00, real=0.27 secs] 
Heap after GC invocations=583 (full 565):
 PSYoungGen      total 62464K, used 4971K [0x00000000f8300000, 0x0000000100000000, 0x0000000100000000)
  eden space 43008K, 11% used [0x00000000f8300000,0x00000000f87dad10,0x00000000fad00000)
  from space 19456K, 0% used [0x00000000fed00000,0x00000000fed00000,0x0000000100000000)
  to   space 42496K, 0% used [0x00000000fad00000,0x00000000fad00000,0x00000000fd680000)
 ParOldGen       total 134144K, used 134009K [0x00000000f0000000, 0x00000000f8300000, 0x00000000f8300000)
  object space 134144K, 99% used [0x00000000f0000000,0x00000000f82de658,0x00000000f8300000)
 Metaspace       used 52309K, capacity 55166K, committed 55936K, reserved 1097728K
  class space    used 6359K, capacity 6865K, committed 7040K, reserved 1048576K
}
{Heap before GC invocations=584 (full 566):
 PSYoungGen      total 62464K, used 43008K [0x00000000f8300000, 0x0000000100000000, 0x0000000100000000)
  eden space 43008K, 100% used [0x00000000f8300000,0x00000000fad00000,0x00000000fad00000)
  from space 19456K, 0% used [0x00000000fed00000,0x00000000fed00000,0x0000000100000000)
  to   space 42496K, 0% used [0x00000000fad00000,0x00000000fad00000,0x00000000fd680000)
 ParOldGen       total 134144K, used 134009K [0x00000000f0000000, 0x00000000f8300000, 0x00000000f8300000)
  object space 134144K, 99% used [0x00000000f0000000,0x00000000f82de658,0x00000000f8300000)
 Metaspace       used 52309K, capacity 55166K, committed 55936K, reserved 1097728K
  class space    used 6359K, capacity 6865K, committed 7040K, reserved 1048576K
2023-01-17T04:27:15.860+0800: 134.810: [Full GC (Ergonomics) [PSYoungGen: 43008K->5076K(62464K)] [ParOldGen: 134009K->133890K(134144K)] 177017K->138966K(196608K), [Metaspace: 52309K->52309K(1097728K)], 0.1217151 secs] [Times: user=0.32 sys=0.00, real=0.12 secs] 
Heap after GC invocations=584 (full 566):
 PSYoungGen      total 62464K, used 5076K [0x00000000f8300000, 0x0000000100000000, 0x0000000100000000)
  eden space 43008K, 11% used [0x00000000f8300000,0x00000000f87f5140,0x00000000fad00000)
  from space 19456K, 0% used [0x00000000fed00000,0x00000000fed00000,0x0000000100000000)
  to   space 42496K, 0% used [0x00000000fad00000,0x00000000fad00000,0x00000000fd680000)
 ParOldGen       total 134144K, used 133890K [0x00000000f0000000, 0x00000000f8300000, 0x00000000f8300000)
  object space 134144K, 99% used [0x00000000f0000000,0x00000000f82c0868,0x00000000f8300000)
 Metaspace       used 52309K, capacity 55166K, committed 55936K, reserved 1097728K
  class space    used 6359K, capacity 6865K, committed 7040K, reserved 1048576K
}
{Heap before GC invocations=585 (full 567):
 PSYoungGen      total 62464K, used 43008K [0x00000000f8300000, 0x0000000100000000, 0x0000000100000000)
  eden space 43008K, 100% used [0x00000000f8300000,0x00000000fad00000,0x00000000fad00000)
  from space 19456K, 0% used [0x00000000fed00000,0x00000000fed00000,0x0000000100000000)
  to   space 42496K, 0% used [0x00000000fad00000,0x00000000fad00000,0x00000000fd680000)
 ParOldGen       total 134144K, used 133890K [0x00000000f0000000, 0x00000000f8300000, 0x00000000f8300000)
  object space 134144K, 99% used [0x00000000f0000000,0x00000000f82c0868,0x00000000f8300000)
 Metaspace       used 52309K, capacity 55166K, committed 55936K, reserved 1097728K
  class space    used 6359K, capacity 6865K, committed 7040K, reserved 1048576K
2023-01-17T04:27:16.029+0800: 134.978: [Full GC (Ergonomics) [PSYoungGen: 43008K->5168K(62464K)] [ParOldGen: 133890K->133805K(134144K)] 176898K->138974K(196608K), [Metaspace: 52309K->52309K(1097728K)], 0.1206130 secs] [Times: user=0.32 sys=0.00, real=0.12 secs] 
Heap after GC invocations=585 (full 567):
 PSYoungGen      total 62464K, used 5168K [0x00000000f8300000, 0x0000000100000000, 0x0000000100000000)
  eden space 43008K, 12% used [0x00000000f8300000,0x00000000f880c3b0,0x00000000fad00000)
  from space 19456K, 0% used [0x00000000fed00000,0x00000000fed00000,0x0000000100000000)
  to   space 42496K, 0% used [0x00000000fad00000,0x00000000fad00000,0x00000000fd680000)
 ParOldGen       total 134144K, used 133805K [0x00000000f0000000, 0x00000000f8300000, 0x00000000f8300000)
  object space 134144K, 99% used [0x00000000f0000000,0x00000000f82ab568,0x00000000f8300000)
 Metaspace       used 52309K, capacity 55166K, committed 55936K, reserved 1097728K
  class space    used 6359K, capacity 6865K, committed 7040K, reserved 1048576K
}
{Heap before GC invocations=586 (full 568):
 PSYoungGen      total 62464K, used 43008K [0x00000000f8300000, 0x0000000100000000, 0x0000000100000000)
  eden space 43008K, 100% used [0x00000000f8300000,0x00000000fad00000,0x00000000fad00000)
  from space 19456K, 0% used [0x00000000fed00000,0x00000000fed00000,0x0000000100000000)
  to   space 42496K, 0% used [0x00000000fad00000,0x00000000fad00000,0x00000000fd680000)
 ParOldGen       total 134144K, used 133805K [0x00000000f0000000, 0x00000000f8300000, 0x00000000f8300000)
  object space 134144K, 99% used [0x00000000f0000000,0x00000000f82ab568,0x00000000f8300000)
 Metaspace       used 52309K, capacity 55166K, committed 55936K, reserved 1097728K
  class space    used 6359K, capacity 6865K, committed 7040K, reserved 1048576K
2023-01-17T04:27:16.219+0800: 135.169: [Full GC (Ergonomics) [PSYoungGen: 43008K->4851K(62464K)] [ParOldGen: 133805K->134131K(134144K)] 176813K->138982K(196608K), [Metaspace: 52309K->52309K(1097728K)], 0.2699184 secs] [Times: user=0.56 sys=0.00, real=0.27 secs] 
Heap after GC invocations=586 (full 568):
 PSYoungGen      total 62464K, used 4851K [0x00000000f8300000, 0x0000000100000000, 0x0000000100000000)
  eden space 43008K, 11% used [0x00000000f8300000,0x00000000f87bce90,0x00000000fad00000)
  from space 19456K, 0% used [0x00000000fed00000,0x00000000fed00000,0x0000000100000000)
  to   space 42496K, 0% used [0x00000000fad00000,0x00000000fad00000,0x00000000fd680000)
 ParOldGen       total 134144K, used 134131K [0x00000000f0000000, 0x00000000f8300000, 0x00000000f8300000)
  object space 134144K, 99% used [0x00000000f0000000,0x00000000f82fcce8,0x00000000f8300000)
 Metaspace       used 52309K, capacity 55166K, committed 55936K, reserved 1097728K
  class space    used 6359K, capacity 6865K, committed 7040K, reserved 1048576K
}
{Heap before GC invocations=587 (full 569):
 PSYoungGen      total 62464K, used 43008K [0x00000000f8300000, 0x0000000100000000, 0x0000000100000000)
  eden space 43008K, 100% used [0x00000000f8300000,0x00000000fad00000,0x00000000fad00000)
  from space 19456K, 0% used [0x00000000fed00000,0x00000000fed00000,0x0000000100000000)
  to   space 42496K, 0% used [0x00000000fad00000,0x00000000fad00000,0x00000000fd680000)
 ParOldGen       total 134144K, used 134131K [0x00000000f0000000, 0x00000000f8300000, 0x00000000f8300000)
  object space 134144K, 99% used [0x00000000f0000000,0x00000000f82fcce8,0x00000000f8300000)
 Metaspace       used 52309K, capacity 55166K, committed 55936K, reserved 1097728K
  class space    used 6359K, capacity 6865K, committed 7040K, reserved 1048576K
2023-01-17T04:27:16.549+0800: 135.499: [Full GC (Ergonomics) [PSYoungGen: 43008K->4966K(62464K)] [ParOldGen: 134131K->134009K(134144K)] 177139K->138975K(196608K), [Metaspace: 52309K->52309K(1097728K)], 0.1310394 secs] [Times: user=0.29 sys=0.00, real=0.14 secs] 
Heap after GC invocations=587 (full 569):
 PSYoungGen      total 62464K, used 4966K [0x00000000f8300000, 0x0000000100000000, 0x0000000100000000)
  eden space 43008K, 11% used [0x00000000f8300000,0x00000000f87d9888,0x00000000fad00000)
  from space 19456K, 0% used [0x00000000fed00000,0x00000000fed00000,0x0000000100000000)
  to   space 42496K, 0% used [0x00000000fad00000,0x00000000fad00000,0x00000000fd680000)
 ParOldGen       total 134144K, used 134009K [0x00000000f0000000, 0x00000000f8300000, 0x00000000f8300000)
  object space 134144K, 99% used [0x00000000f0000000,0x00000000f82de5b8,0x00000000f8300000)
 Metaspace       used 52309K, capacity 55166K, committed 55936K, reserved 1097728K
  class space    used 6359K, capacity 6865K, committed 7040K, reserved 1048576K
}
{Heap before GC invocations=588 (full 570):
 PSYoungGen      total 62464K, used 43008K [0x00000000f8300000, 0x0000000100000000, 0x0000000100000000)
  eden space 43008K, 100% used [0x00000000f8300000,0x00000000fad00000,0x00000000fad00000)
  from space 19456K, 0% used [0x00000000fed00000,0x00000000fed00000,0x0000000100000000)
  to   space 42496K, 0% used [0x00000000fad00000,0x00000000fad00000,0x00000000fd680000)
 ParOldGen       total 134144K, used 134009K [0x00000000f0000000, 0x00000000f8300000, 0x00000000f8300000)
  object space 134144K, 99% used [0x00000000f0000000,0x00000000f82de5b8,0x00000000f8300000)
 Metaspace       used 52309K, capacity 55166K, committed 55936K, reserved 1097728K
  class space    used 6359K, capacity 6865K, committed 7040K, reserved 1048576K
2023-01-17T04:27:16.744+0800: 135.694: [Full GC (Ergonomics) [PSYoungGen: 43008K->5090K(62464K)] [ParOldGen: 134009K->133879K(134144K)] 177017K->138970K(196608K), [Metaspace: 52309K->52309K(1097728K)], 0.1122900 secs] [Times: user=0.29 sys=0.00, real=0.11 secs] 
Heap after GC invocations=588 (full 570):
 PSYoungGen      total 62464K, used 5090K [0x00000000f8300000, 0x0000000100000000, 0x0000000100000000)
  eden space 43008K, 11% used [0x00000000f8300000,0x00000000f87f8838,0x00000000fad00000)
  from space 19456K, 0% used [0x00000000fed00000,0x00000000fed00000,0x0000000100000000)
  to   space 42496K, 0% used [0x00000000fad00000,0x00000000fad00000,0x00000000fd680000)
 ParOldGen       total 134144K, used 133879K [0x00000000f0000000, 0x00000000f8300000, 0x00000000f8300000)
  object space 134144K, 99% used [0x00000000f0000000,0x00000000f82bdff8,0x00000000f8300000)
 Metaspace       used 52309K, capacity 55166K, committed 55936K, reserved 1097728K
  class space    used 6359K, capacity 6865K, committed 7040K, reserved 1048576K
}
{Heap before GC invocations=589 (full 571):
 PSYoungGen      total 62464K, used 43008K [0x00000000f8300000, 0x0000000100000000, 0x0000000100000000)
  eden space 43008K, 100% used [0x00000000f8300000,0x00000000fad00000,0x00000000fad00000)
  from space 19456K, 0% used [0x00000000fed00000,0x00000000fed00000,0x0000000100000000)
  to   space 42496K, 0% used [0x00000000fad00000,0x00000000fad00000,0x00000000fd680000)
 ParOldGen       total 134144K, used 133879K [0x00000000f0000000, 0x00000000f8300000, 0x00000000f8300000)
  object space 134144K, 99% used [0x00000000f0000000,0x00000000f82bdff8,0x00000000f8300000)
 Metaspace       used 52309K, capacity 55166K, committed 55936K, reserved 1097728K
  class space    used 6359K, capacity 6865K, committed 7040K, reserved 1048576K
2023-01-17T04:27:16.915+0800: 135.864: [Full GC (Ergonomics) [PSYoungGen: 43008K->5213K(62464K)] [ParOldGen: 133879K->133783K(134144K)] 176887K->138996K(196608K), [Metaspace: 52309K->52309K(1097728K)], 0.1737008 secs] [Times: user=0.43 sys=0.00, real=0.17 secs] 
Heap after GC invocations=589 (full 571):
 PSYoungGen      total 62464K, used 5213K [0x00000000f8300000, 0x0000000100000000, 0x0000000100000000)
  eden space 43008K, 12% used [0x00000000f8300000,0x00000000f88174c8,0x00000000fad00000)
  from space 19456K, 0% used [0x00000000fed00000,0x00000000fed00000,0x0000000100000000)
  to   space 42496K, 0% used [0x00000000fad00000,0x00000000fad00000,0x00000000fd680000)
 ParOldGen       total 134144K, used 133783K [0x00000000f0000000, 0x00000000f8300000, 0x00000000f8300000)
  object space 134144K, 99% used [0x00000000f0000000,0x00000000f82a5db0,0x00000000f8300000)
 Metaspace       used 52309K, capacity 55166K, committed 55936K, reserved 1097728K
  class space    used 6359K, capacity 6865K, committed 7040K, reserved 1048576K
}
{Heap before GC invocations=590 (full 572):
 PSYoungGen      total 62464K, used 43008K [0x00000000f8300000, 0x0000000100000000, 0x0000000100000000)
  eden space 43008K, 100% used [0x00000000f8300000,0x00000000fad00000,0x00000000fad00000)
  from space 19456K, 0% used [0x00000000fed00000,0x00000000fed00000,0x0000000100000000)
  to   space 42496K, 0% used [0x00000000fad00000,0x00000000fad00000,0x00000000fd680000)
 ParOldGen       total 134144K, used 133783K [0x00000000f0000000, 0x00000000f8300000, 0x00000000f8300000)
  object space 134144K, 99% used [0x00000000f0000000,0x00000000f82a5db0,0x00000000f8300000)
 Metaspace       used 52309K, capacity 55166K, committed 55936K, reserved 1097728K
  class space    used 6359K, capacity 6865K, committed 7040K, reserved 1048576K
2023-01-17T04:27:17.149+0800: 136.099: [Full GC (Ergonomics) [PSYoungGen: 43008K->5262K(62464K)] [ParOldGen: 133783K->133712K(134144K)] 176791K->138974K(196608K), [Metaspace: 52309K->52309K(1097728K)], 0.1356719 secs] [Times: user=0.33 sys=0.00, real=0.14 secs] 
Heap after GC invocations=590 (full 572):
 PSYoungGen      total 62464K, used 5262K [0x00000000f8300000, 0x0000000100000000, 0x0000000100000000)
  eden space 43008K, 12% used [0x00000000f8300000,0x00000000f8823ae8,0x00000000fad00000)
  from space 19456K, 0% used [0x00000000fed00000,0x00000000fed00000,0x0000000100000000)
  to   space 42496K, 0% used [0x00000000fad00000,0x00000000fad00000,0x00000000fd680000)
 ParOldGen       total 134144K, used 133712K [0x00000000f0000000, 0x00000000f8300000, 0x00000000f8300000)
  object space 134144K, 99% used [0x00000000f0000000,0x00000000f82940d0,0x00000000f8300000)
 Metaspace       used 52309K, capacity 55166K, committed 55936K, reserved 1097728K
  class space    used 6359K, capacity 6865K, committed 7040K, reserved 1048576K
}
{Heap before GC invocations=591 (full 573):
 PSYoungGen      total 62464K, used 43008K [0x00000000f8300000, 0x0000000100000000, 0x0000000100000000)
  eden space 43008K, 100% used [0x00000000f8300000,0x00000000fad00000,0x00000000fad00000)
  from space 19456K, 0% used [0x00000000fed00000,0x00000000fed00000,0x0000000100000000)
  to   space 42496K, 0% used [0x00000000fad00000,0x00000000fad00000,0x00000000fd680000)
 ParOldGen       total 134144K, used 133712K [0x00000000f0000000, 0x00000000f8300000, 0x00000000f8300000)
  object space 134144K, 99% used [0x00000000f0000000,0x00000000f82940d0,0x00000000f8300000)
 Metaspace       used 52309K, capacity 55166K, committed 55936K, reserved 1097728K
  class space    used 6359K, capacity 6865K, committed 7040K, reserved 1048576K
2023-01-17T04:27:17.332+0800: 136.282: [Full GC (Ergonomics) [PSYoungGen: 43008K->4967K(62464K)] [ParOldGen: 133712K->134007K(134144K)] 176720K->138975K(196608K), [Metaspace: 52309K->52309K(1097728K)], 0.1170809 secs] [Times: user=0.29 sys=0.00, real=0.11 secs] 
Heap after GC invocations=591 (full 573):
 PSYoungGen      total 62464K, used 4967K [0x00000000f8300000, 0x0000000100000000, 0x0000000100000000)
  eden space 43008K, 11% used [0x00000000f8300000,0x00000000f87d9fb0,0x00000000fad00000)
  from space 19456K, 0% used [0x00000000fed00000,0x00000000fed00000,0x0000000100000000)
  to   space 42496K, 0% used [0x00000000fad00000,0x00000000fad00000,0x00000000fd680000)
 ParOldGen       total 134144K, used 134007K [0x00000000f0000000, 0x00000000f8300000, 0x00000000f8300000)
  object space 134144K, 99% used [0x00000000f0000000,0x00000000f82ddc50,0x00000000f8300000)
 Metaspace       used 52309K, capacity 55166K, committed 55936K, reserved 1097728K
  class space    used 6359K, capacity 6865K, committed 7040K, reserved 1048576K
}
{Heap before GC invocations=592 (full 574):
 PSYoungGen      total 62464K, used 43008K [0x00000000f8300000, 0x0000000100000000, 0x0000000100000000)
  eden space 43008K, 100% used [0x00000000f8300000,0x00000000fad00000,0x00000000fad00000)
  from space 19456K, 0% used [0x00000000fed00000,0x00000000fed00000,0x0000000100000000)
  to   space 42496K, 0% used [0x00000000fad00000,0x00000000fad00000,0x00000000fd680000)
 ParOldGen       total 134144K, used 134007K [0x00000000f0000000, 0x00000000f8300000, 0x00000000f8300000)
  object space 134144K, 99% used [0x00000000f0000000,0x00000000f82ddc50,0x00000000f8300000)
 Metaspace       used 52309K, capacity 55166K, committed 55936K, reserved 1097728K
  class space    used 6359K, capacity 6865K, committed 7040K, reserved 1048576K
2023-01-17T04:27:17.497+0800: 136.447: [Full GC (Ergonomics) [PSYoungGen: 43008K->5099K(62464K)] [ParOldGen: 134007K->133874K(134144K)] 177015K->138973K(196608K), [Metaspace: 52309K->52309K(1097728K)], 0.1221873 secs] [Times: user=0.30 sys=0.00, real=0.12 secs] 
Heap after GC invocations=592 (full 574):
 PSYoungGen      total 62464K, used 5099K [0x00000000f8300000, 0x0000000100000000, 0x0000000100000000)
  eden space 43008K, 11% used [0x00000000f8300000,0x00000000f87facb8,0x00000000fad00000)
  from space 19456K, 0% used [0x00000000fed00000,0x00000000fed00000,0x0000000100000000)
  to   space 42496K, 0% used [0x00000000fad00000,0x00000000fad00000,0x00000000fd680000)
 ParOldGen       total 134144K, used 133874K [0x00000000f0000000, 0x00000000f8300000, 0x00000000f8300000)
  object space 134144K, 99% used [0x00000000f0000000,0x00000000f82bc8f0,0x00000000f8300000)
 Metaspace       used 52309K, capacity 55166K, committed 55936K, reserved 1097728K
  class space    used 6359K, capacity 6865K, committed 7040K, reserved 1048576K
}
{Heap before GC invocations=593 (full 575):
 PSYoungGen      total 62464K, used 43008K [0x00000000f8300000, 0x0000000100000000, 0x0000000100000000)
  eden space 43008K, 100% used [0x00000000f8300000,0x00000000fad00000,0x00000000fad00000)
  from space 19456K, 0% used [0x00000000fed00000,0x00000000fed00000,0x0000000100000000)
  to   space 42496K, 0% used [0x00000000fad00000,0x00000000fad00000,0x00000000fd680000)
 ParOldGen       total 134144K, used 133874K [0x00000000f0000000, 0x00000000f8300000, 0x00000000f8300000)
  object space 134144K, 99% used [0x00000000f0000000,0x00000000f82bc8f0,0x00000000f8300000)
 Metaspace       used 52309K, capacity 55166K, committed 55936K, reserved 1097728K
  class space    used 6359K, capacity 6865K, committed 7040K, reserved 1048576K
2023-01-17T04:27:17.678+0800: 136.627: [Full GC (Ergonomics) [PSYoungGen: 43008K->5220K(62464K)] [ParOldGen: 133874K->133755K(134144K)] 176882K->138976K(196608K), [Metaspace: 52309K->52309K(1097728K)], 0.1458037 secs] [Times: user=0.30 sys=0.00, real=0.15 secs] 
Heap after GC invocations=593 (full 575):
 PSYoungGen      total 62464K, used 5220K [0x00000000f8300000, 0x0000000100000000, 0x0000000100000000)
  eden space 43008K, 12% used [0x00000000f8300000,0x00000000f88192b0,0x00000000fad00000)
  from space 19456K, 0% used [0x00000000fed00000,0x00000000fed00000,0x0000000100000000)
  to   space 42496K, 0% used [0x00000000fad00000,0x00000000fad00000,0x00000000fd680000)
 ParOldGen       total 134144K, used 133755K [0x00000000f0000000, 0x00000000f8300000, 0x00000000f8300000)
  object space 134144K, 99% used [0x00000000f0000000,0x00000000f829eef8,0x00000000f8300000)
 Metaspace       used 52309K, capacity 55166K, committed 55936K, reserved 1097728K
  class space    used 6359K, capacity 6865K, committed 7040K, reserved 1048576K
}
{Heap before GC invocations=594 (full 576):
 PSYoungGen      total 62464K, used 43008K [0x00000000f8300000, 0x0000000100000000, 0x0000000100000000)
  eden space 43008K, 100% used [0x00000000f8300000,0x00000000fad00000,0x00000000fad00000)
  from space 19456K, 0% used [0x00000000fed00000,0x00000000fed00000,0x0000000100000000)
  to   space 42496K, 0% used [0x00000000fad00000,0x00000000fad00000,0x00000000fd680000)
 ParOldGen       total 134144K, used 133755K [0x00000000f0000000, 0x00000000f8300000, 0x00000000f8300000)
  object space 134144K, 99% used [0x00000000f0000000,0x00000000f829eef8,0x00000000f8300000)
 Metaspace       used 52309K, capacity 55166K, committed 55936K, reserved 1097728K
  class space    used 6359K, capacity 6865K, committed 7040K, reserved 1048576K
2023-01-17T04:27:17.886+0800: 136.836: [Full GC (Ergonomics) [PSYoungGen: 43008K->4920K(62464K)] [ParOldGen: 133755K->134077K(134144K)] 176763K->138997K(196608K), [Metaspace: 52309K->52309K(1097728K)], 0.1544982 secs] [Times: user=0.32 sys=0.00, real=0.16 secs] 
Heap after GC invocations=594 (full 576):
 PSYoungGen      total 62464K, used 4920K [0x00000000f8300000, 0x0000000100000000, 0x0000000100000000)
  eden space 43008K, 11% used [0x00000000f8300000,0x00000000f87ce038,0x00000000fad00000)
  from space 19456K, 0% used [0x00000000fed00000,0x00000000fed00000,0x0000000100000000)
  to   space 42496K, 0% used [0x00000000fad00000,0x00000000fad00000,0x00000000fd680000)
 ParOldGen       total 134144K, used 134077K [0x00000000f0000000, 0x00000000f8300000, 0x00000000f8300000)
  object space 134144K, 99% used [0x00000000f0000000,0x00000000f82ef458,0x00000000f8300000)
 Metaspace       used 52309K, capacity 55166K, committed 55936K, reserved 1097728K
  class space    used 6359K, capacity 6865K, committed 7040K, reserved 1048576K
}
{Heap before GC invocations=595 (full 577):
 PSYoungGen      total 62464K, used 43008K [0x00000000f8300000, 0x0000000100000000, 0x0000000100000000)
  eden space 43008K, 100% used [0x00000000f8300000,0x00000000fad00000,0x00000000fad00000)
  from space 19456K, 0% used [0x00000000fed00000,0x00000000fed00000,0x0000000100000000)
  to   space 42496K, 0% used [0x00000000fad00000,0x00000000fad00000,0x00000000fd680000)
 ParOldGen       total 134144K, used 134077K [0x00000000f0000000, 0x00000000f8300000, 0x00000000f8300000)
  object space 134144K, 99% used [0x00000000f0000000,0x00000000f82ef458,0x00000000f8300000)
 Metaspace       used 52309K, capacity 55166K, committed 55936K, reserved 1097728K
  class space    used 6359K, capacity 6865K, committed 7040K, reserved 1048576K
2023-01-17T04:27:18.088+0800: 137.038: [Full GC (Ergonomics) [PSYoungGen: 43008K->5062K(62464K)] [ParOldGen: 134077K->133929K(134144K)] 177085K->138992K(196608K), [Metaspace: 52309K->52309K(1097728K)], 0.1172205 secs] [Times: user=0.31 sys=0.00, real=0.12 secs] 
Heap after GC invocations=595 (full 577):
 PSYoungGen      total 62464K, used 5062K [0x00000000f8300000, 0x0000000100000000, 0x0000000100000000)
  eden space 43008K, 11% used [0x00000000f8300000,0x00000000f87f1b08,0x00000000fad00000)
  from space 19456K, 0% used [0x00000000fed00000,0x00000000fed00000,0x0000000100000000)
  to   space 42496K, 0% used [0x00000000fad00000,0x00000000fad00000,0x00000000fd680000)
 ParOldGen       total 134144K, used 133929K [0x00000000f0000000, 0x00000000f8300000, 0x00000000f8300000)
  object space 134144K, 99% used [0x00000000f0000000,0x00000000f82ca640,0x00000000f8300000)
 Metaspace       used 52309K, capacity 55166K, committed 55936K, reserved 1097728K
  class space    used 6359K, capacity 6865K, committed 7040K, reserved 1048576K
}
{Heap before GC invocations=596 (full 578):
 PSYoungGen      total 62464K, used 43008K [0x00000000f8300000, 0x0000000100000000, 0x0000000100000000)
  eden space 43008K, 100% used [0x00000000f8300000,0x00000000fad00000,0x00000000fad00000)
  from space 19456K, 0% used [0x00000000fed00000,0x00000000fed00000,0x0000000100000000)
  to   space 42496K, 0% used [0x00000000fad00000,0x00000000fad00000,0x00000000fd680000)
 ParOldGen       total 134144K, used 133929K [0x00000000f0000000, 0x00000000f8300000, 0x00000000f8300000)
  object space 134144K, 99% used [0x00000000f0000000,0x00000000f82ca640,0x00000000f8300000)
 Metaspace       used 52309K, capacity 55166K, committed 55936K, reserved 1097728K
  class space    used 6359K, capacity 6865K, committed 7040K, reserved 1048576K
2023-01-17T04:27:18.254+0800: 137.204: [Full GC (Ergonomics) [PSYoungGen: 43008K->5170K(62464K)] [ParOldGen: 133929K->133804K(134144K)] 176937K->138974K(196608K), [Metaspace: 52309K->52309K(1097728K)], 0.1202405 secs] [Times: user=0.32 sys=0.00, real=0.12 secs] 
Heap after GC invocations=596 (full 578):
 PSYoungGen      total 62464K, used 5170K [0x00000000f8300000, 0x0000000100000000, 0x0000000100000000)
  eden space 43008K, 12% used [0x00000000f8300000,0x00000000f880c9b0,0x00000000fad00000)
  from space 19456K, 0% used [0x00000000fed00000,0x00000000fed00000,0x0000000100000000)
  to   space 42496K, 0% used [0x00000000fad00000,0x00000000fad00000,0x00000000fd680000)
 ParOldGen       total 134144K, used 133804K [0x00000000f0000000, 0x00000000f8300000, 0x00000000f8300000)
  object space 134144K, 99% used [0x00000000f0000000,0x00000000f82ab240,0x00000000f8300000)
 Metaspace       used 52309K, capacity 55166K, committed 55936K, reserved 1097728K
  class space    used 6359K, capacity 6865K, committed 7040K, reserved 1048576K
}
{Heap before GC invocations=597 (full 579):
 PSYoungGen      total 62464K, used 43008K [0x00000000f8300000, 0x0000000100000000, 0x0000000100000000)
  eden space 43008K, 100% used [0x00000000f8300000,0x00000000fad00000,0x00000000fad00000)
  from space 19456K, 0% used [0x00000000fed00000,0x00000000fed00000,0x0000000100000000)
  to   space 42496K, 0% used [0x00000000fad00000,0x00000000fad00000,0x00000000fd680000)
 ParOldGen       total 134144K, used 133804K [0x00000000f0000000, 0x00000000f8300000, 0x00000000f8300000)
  object space 134144K, 99% used [0x00000000f0000000,0x00000000f82ab240,0x00000000f8300000)
 Metaspace       used 52309K, capacity 55166K, committed 55936K, reserved 1097728K
  class space    used 6359K, capacity 6865K, committed 7040K, reserved 1048576K
2023-01-17T04:27:18.420+0800: 137.370: [Full GC (Ergonomics) [PSYoungGen: 43008K->4838K(62464K)] [ParOldGen: 133804K->134141K(134144K)] 176812K->138979K(196608K), [Metaspace: 52309K->52309K(1097728K)], 0.1072884 secs] [Times: user=0.28 sys=0.00, real=0.10 secs] 
Heap after GC invocations=597 (full 579):
 PSYoungGen      total 62464K, used 4838K [0x00000000f8300000, 0x0000000100000000, 0x0000000100000000)
  eden space 43008K, 11% used [0x00000000f8300000,0x00000000f87b9830,0x00000000fad00000)
  from space 19456K, 0% used [0x00000000fed00000,0x00000000fed00000,0x0000000100000000)
  to   space 42496K, 0% used [0x00000000fad00000,0x00000000fad00000,0x00000000fd680000)
 ParOldGen       total 134144K, used 134141K [0x00000000f0000000, 0x00000000f8300000, 0x00000000f8300000)
  object space 134144K, 99% used [0x00000000f0000000,0x00000000f82ff640,0x00000000f8300000)
 Metaspace       used 52309K, capacity 55166K, committed 55936K, reserved 1097728K
  class space    used 6359K, capacity 6865K, committed 7040K, reserved 1048576K
}
{Heap before GC invocations=598 (full 580):
 PSYoungGen      total 62464K, used 43008K [0x00000000f8300000, 0x0000000100000000, 0x0000000100000000)
  eden space 43008K, 100% used [0x00000000f8300000,0x00000000fad00000,0x00000000fad00000)
  from space 19456K, 0% used [0x00000000fed00000,0x00000000fed00000,0x0000000100000000)
  to   space 42496K, 0% used [0x00000000fad00000,0x00000000fad00000,0x00000000fd680000)
 ParOldGen       total 134144K, used 134141K [0x00000000f0000000, 0x00000000f8300000, 0x00000000f8300000)
  object space 134144K, 99% used [0x00000000f0000000,0x00000000f82ff640,0x00000000f8300000)
 Metaspace       used 52309K, capacity 55166K, committed 55936K, reserved 1097728K
  class space    used 6359K, capacity 6865K, committed 7040K, reserved 1048576K
2023-01-17T04:27:18.587+0800: 137.537: [Full GC (Ergonomics) [PSYoungGen: 43008K->4980K(62464K)] [ParOldGen: 134141K->133981K(134144K)] 177149K->138961K(196608K), [Metaspace: 52309K->52309K(1097728K)], 0.1412724 secs] [Times: user=0.31 sys=0.00, real=0.14 secs] 
Heap after GC invocations=598 (full 580):
 PSYoungGen      total 62464K, used 4980K [0x00000000f8300000, 0x0000000100000000, 0x0000000100000000)
  eden space 43008K, 11% used [0x00000000f8300000,0x00000000f87dd1c0,0x00000000fad00000)
  from space 19456K, 0% used [0x00000000fed00000,0x00000000fed00000,0x0000000100000000)
  to   space 42496K, 0% used [0x00000000fad00000,0x00000000fad00000,0x00000000fd680000)
 ParOldGen       total 134144K, used 133981K [0x00000000f0000000, 0x00000000f8300000, 0x00000000f8300000)
  object space 134144K, 99% used [0x00000000f0000000,0x00000000f82d7560,0x00000000f8300000)
 Metaspace       used 52309K, capacity 55166K, committed 55936K, reserved 1097728K
  class space    used 6359K, capacity 6865K, committed 7040K, reserved 1048576K
}
{Heap before GC invocations=599 (full 581):
 PSYoungGen      total 62464K, used 43008K [0x00000000f8300000, 0x0000000100000000, 0x0000000100000000)
  eden space 43008K, 100% used [0x00000000f8300000,0x00000000fad00000,0x00000000fad00000)
  from space 19456K, 0% used [0x00000000fed00000,0x00000000fed00000,0x0000000100000000)
  to   space 42496K, 0% used [0x00000000fad00000,0x00000000fad00000,0x00000000fd680000)
 ParOldGen       total 134144K, used 133981K [0x00000000f0000000, 0x00000000f8300000, 0x00000000f8300000)
  object space 134144K, 99% used [0x00000000f0000000,0x00000000f82d7560,0x00000000f8300000)
 Metaspace       used 52309K, capacity 55166K, committed 55936K, reserved 1097728K
  class space    used 6359K, capacity 6865K, committed 7040K, reserved 1048576K
2023-01-17T04:27:18.787+0800: 137.737: [Full GC (Ergonomics) [PSYoungGen: 43008K->5100K(62464K)] [ParOldGen: 133981K->133885K(134144K)] 176989K->138985K(196608K), [Metaspace: 52309K->52309K(1097728K)], 0.1263250 secs] [Times: user=0.31 sys=0.00, real=0.13 secs] 
Heap after GC invocations=599 (full 581):
 PSYoungGen      total 62464K, used 5100K [0x00000000f8300000, 0x0000000100000000, 0x0000000100000000)
  eden space 43008K, 11% used [0x00000000f8300000,0x00000000f87fb208,0x00000000fad00000)
  from space 19456K, 0% used [0x00000000fed00000,0x00000000fed00000,0x0000000100000000)
  to   space 42496K, 0% used [0x00000000fad00000,0x00000000fad00000,0x00000000fd680000)
 ParOldGen       total 134144K, used 133885K [0x00000000f0000000, 0x00000000f8300000, 0x00000000f8300000)
  object space 134144K, 99% used [0x00000000f0000000,0x00000000f82bf480,0x00000000f8300000)
 Metaspace       used 52309K, capacity 55166K, committed 55936K, reserved 1097728K
  class space    used 6359K, capacity 6865K, committed 7040K, reserved 1048576K
}
{Heap before GC invocations=600 (full 582):
 PSYoungGen      total 62464K, used 43008K [0x00000000f8300000, 0x0000000100000000, 0x0000000100000000)
  eden space 43008K, 100% used [0x00000000f8300000,0x00000000fad00000,0x00000000fad00000)
  from space 19456K, 0% used [0x00000000fed00000,0x00000000fed00000,0x0000000100000000)
  to   space 42496K, 0% used [0x00000000fad00000,0x00000000fad00000,0x00000000fd680000)
 ParOldGen       total 134144K, used 133885K [0x00000000f0000000, 0x00000000f8300000, 0x00000000f8300000)
  object space 134144K, 99% used [0x00000000f0000000,0x00000000f82bf480,0x00000000f8300000)
 Metaspace       used 52309K, capacity 55166K, committed 55936K, reserved 1097728K
  class space    used 6359K, capacity 6865K, committed 7040K, reserved 1048576K
2023-01-17T04:27:18.972+0800: 137.922: [Full GC (Ergonomics) [PSYoungGen: 43008K->5213K(62464K)] [ParOldGen: 133885K->133779K(134144K)] 176893K->138993K(196608K), [Metaspace: 52309K->52309K(1097728K)], 0.1227099 secs] [Times: user=0.29 sys=0.00, real=0.12 secs] 
Heap after GC invocations=600 (full 582):
 PSYoungGen      total 62464K, used 5213K [0x00000000f8300000, 0x0000000100000000, 0x0000000100000000)
  eden space 43008K, 12% used [0x00000000f8300000,0x00000000f8817740,0x00000000fad00000)
  from space 19456K, 0% used [0x00000000fed00000,0x00000000fed00000,0x0000000100000000)
  to   space 42496K, 0% used [0x00000000fad00000,0x00000000fad00000,0x00000000fd680000)
 ParOldGen       total 134144K, used 133779K [0x00000000f0000000, 0x00000000f8300000, 0x00000000f8300000)
  object space 134144K, 99% used [0x00000000f0000000,0x00000000f82a4d68,0x00000000f8300000)
 Metaspace       used 52309K, capacity 55166K, committed 55936K, reserved 1097728K
  class space    used 6359K, capacity 6865K, committed 7040K, reserved 1048576K
}
{Heap before GC invocations=601 (full 583):
 PSYoungGen      total 62464K, used 43008K [0x00000000f8300000, 0x0000000100000000, 0x0000000100000000)
  eden space 43008K, 100% used [0x00000000f8300000,0x00000000fad00000,0x00000000fad00000)
  from space 19456K, 0% used [0x00000000fed00000,0x00000000fed00000,0x0000000100000000)
  to   space 42496K, 0% used [0x00000000fad00000,0x00000000fad00000,0x00000000fd680000)
 ParOldGen       total 134144K, used 133779K [0x00000000f0000000, 0x00000000f8300000, 0x00000000f8300000)
  object space 134144K, 99% used [0x00000000f0000000,0x00000000f82a4d68,0x00000000f8300000)
 Metaspace       used 52309K, capacity 55166K, committed 55936K, reserved 1097728K
  class space    used 6359K, capacity 6865K, committed 7040K, reserved 1048576K
2023-01-17T04:27:19.143+0800: 138.092: [Full GC (Ergonomics) [PSYoungGen: 43008K->5280K(62464K)] [ParOldGen: 133779K->133693K(134144K)] 176787K->138973K(196608K), [Metaspace: 52309K->52309K(1097728K)], 0.1205679 secs] [Times: user=0.32 sys=0.00, real=0.12 secs] 
Heap after GC invocations=601 (full 583):
 PSYoungGen      total 62464K, used 5280K [0x00000000f8300000, 0x0000000100000000, 0x0000000100000000)
  eden space 43008K, 12% used [0x00000000f8300000,0x00000000f8828298,0x00000000fad00000)
  from space 19456K, 0% used [0x00000000fed00000,0x00000000fed00000,0x0000000100000000)
  to   space 42496K, 0% used [0x00000000fad00000,0x00000000fad00000,0x00000000fd680000)
 ParOldGen       total 134144K, used 133693K [0x00000000f0000000, 0x00000000f8300000, 0x00000000f8300000)
  object space 134144K, 99% used [0x00000000f0000000,0x00000000f828f518,0x00000000f8300000)
 Metaspace       used 52309K, capacity 55166K, committed 55936K, reserved 1097728K
  class space    used 6359K, capacity 6865K, committed 7040K, reserved 1048576K
}
{Heap before GC invocations=602 (full 584):
 PSYoungGen      total 62464K, used 43008K [0x00000000f8300000, 0x0000000100000000, 0x0000000100000000)
  eden space 43008K, 100% used [0x00000000f8300000,0x00000000fad00000,0x00000000fad00000)
  from space 19456K, 0% used [0x00000000fed00000,0x00000000fed00000,0x0000000100000000)
  to   space 42496K, 0% used [0x00000000fad00000,0x00000000fad00000,0x00000000fd680000)
 ParOldGen       total 134144K, used 133693K [0x00000000f0000000, 0x00000000f8300000, 0x00000000f8300000)
  object space 134144K, 99% used [0x00000000f0000000,0x00000000f828f518,0x00000000f8300000)
 Metaspace       used 52309K, capacity 55166K, committed 55936K, reserved 1097728K
  class space    used 6359K, capacity 6865K, committed 7040K, reserved 1048576K
2023-01-17T04:27:19.314+0800: 138.263: [Full GC (Ergonomics) [PSYoungGen: 43008K->4900K(62464K)] [ParOldGen: 133693K->134094K(134144K)] 176701K->138995K(196608K), [Metaspace: 52309K->52309K(1097728K)], 0.1351360 secs] [Times: user=0.29 sys=0.00, real=0.13 secs] 
Heap after GC invocations=602 (full 584):
 PSYoungGen      total 62464K, used 4900K [0x00000000f8300000, 0x0000000100000000, 0x0000000100000000)
  eden space 43008K, 11% used [0x00000000f8300000,0x00000000f87c91f8,0x00000000fad00000)
  from space 19456K, 0% used [0x00000000fed00000,0x00000000fed00000,0x0000000100000000)
  to   space 42496K, 0% used [0x00000000fad00000,0x00000000fad00000,0x00000000fd680000)
 ParOldGen       total 134144K, used 134094K [0x00000000f0000000, 0x00000000f8300000, 0x00000000f8300000)
  object space 134144K, 99% used [0x00000000f0000000,0x00000000f82f3b48,0x00000000f8300000)
 Metaspace       used 52309K, capacity 55166K, committed 55936K, reserved 1097728K
  class space    used 6359K, capacity 6865K, committed 7040K, reserved 1048576K
}
{Heap before GC invocations=603 (full 585):
 PSYoungGen      total 62464K, used 43008K [0x00000000f8300000, 0x0000000100000000, 0x0000000100000000)
  eden space 43008K, 100% used [0x00000000f8300000,0x00000000fad00000,0x00000000fad00000)
  from space 19456K, 0% used [0x00000000fed00000,0x00000000fed00000,0x0000000100000000)
  to   space 42496K, 0% used [0x00000000fad00000,0x00000000fad00000,0x00000000fd680000)
 ParOldGen       total 134144K, used 134094K [0x00000000f0000000, 0x00000000f8300000, 0x00000000f8300000)
  object space 134144K, 99% used [0x00000000f0000000,0x00000000f82f3b48,0x00000000f8300000)
 Metaspace       used 52309K, capacity 55166K, committed 55936K, reserved 1097728K
  class space    used 6359K, capacity 6865K, committed 7040K, reserved 1048576K
2023-01-17T04:27:19.508+0800: 138.458: [Full GC (Ergonomics) [PSYoungGen: 43008K->4982K(62464K)] [ParOldGen: 134094K->133965K(134144K)] 177102K->138948K(196608K), [Metaspace: 52309K->52309K(1097728K)], 0.1229195 secs] [Times: user=0.29 sys=0.00, real=0.13 secs] 
Heap after GC invocations=603 (full 585):
 PSYoungGen      total 62464K, used 4982K [0x00000000f8300000, 0x0000000100000000, 0x0000000100000000)
  eden space 43008K, 11% used [0x00000000f8300000,0x00000000f87ddb18,0x00000000fad00000)
  from space 19456K, 0% used [0x00000000fed00000,0x00000000fed00000,0x0000000100000000)
  to   space 42496K, 0% used [0x00000000fad00000,0x00000000fad00000,0x00000000fd680000)
 ParOldGen       total 134144K, used 133965K [0x00000000f0000000, 0x00000000f8300000, 0x00000000f8300000)
  object space 134144K, 99% used [0x00000000f0000000,0x00000000f82d3748,0x00000000f8300000)
 Metaspace       used 52309K, capacity 55166K, committed 55936K, reserved 1097728K
  class space    used 6359K, capacity 6865K, committed 7040K, reserved 1048576K
}
{Heap before GC invocations=604 (full 586):
 PSYoungGen      total 62464K, used 43008K [0x00000000f8300000, 0x0000000100000000, 0x0000000100000000)
  eden space 43008K, 100% used [0x00000000f8300000,0x00000000fad00000,0x00000000fad00000)
  from space 19456K, 0% used [0x00000000fed00000,0x00000000fed00000,0x0000000100000000)
  to   space 42496K, 0% used [0x00000000fad00000,0x00000000fad00000,0x00000000fd680000)
 ParOldGen       total 134144K, used 133965K [0x00000000f0000000, 0x00000000f8300000, 0x00000000f8300000)
  object space 134144K, 99% used [0x00000000f0000000,0x00000000f82d3748,0x00000000f8300000)
 Metaspace       used 52309K, capacity 55166K, committed 55936K, reserved 1097728K
  class space    used 6359K, capacity 6865K, committed 7040K, reserved 1048576K
2023-01-17T04:27:19.679+0800: 138.628: [Full GC (Ergonomics) [PSYoungGen: 43008K->5099K(62464K)] [ParOldGen: 133965K->133846K(134144K)] 176973K->138945K(196608K), [Metaspace: 52309K->52309K(1097728K)], 0.1437874 secs] [Times: user=0.41 sys=0.00, real=0.15 secs] 
Heap after GC invocations=604 (full 586):
 PSYoungGen      total 62464K, used 5099K [0x00000000f8300000, 0x0000000100000000, 0x0000000100000000)
  eden space 43008K, 11% used [0x00000000f8300000,0x00000000f87fac60,0x00000000fad00000)
  from space 19456K, 0% used [0x00000000fed00000,0x00000000fed00000,0x0000000100000000)
  to   space 42496K, 0% used [0x00000000fad00000,0x00000000fad00000,0x00000000fd680000)
 ParOldGen       total 134144K, used 133846K [0x00000000f0000000, 0x00000000f8300000, 0x00000000f8300000)
  object space 134144K, 99% used [0x00000000f0000000,0x00000000f82b5b10,0x00000000f8300000)
 Metaspace       used 52309K, capacity 55166K, committed 55936K, reserved 1097728K
  class space    used 6359K, capacity 6865K, committed 7040K, reserved 1048576K
}
{Heap before GC invocations=605 (full 587):
 PSYoungGen      total 62464K, used 43008K [0x00000000f8300000, 0x0000000100000000, 0x0000000100000000)
  eden space 43008K, 100% used [0x00000000f8300000,0x00000000fad00000,0x00000000fad00000)
  from space 19456K, 0% used [0x00000000fed00000,0x00000000fed00000,0x0000000100000000)
  to   space 42496K, 0% used [0x00000000fad00000,0x00000000fad00000,0x00000000fd680000)
 ParOldGen       total 134144K, used 133846K [0x00000000f0000000, 0x00000000f8300000, 0x00000000f8300000)
  object space 134144K, 99% used [0x00000000f0000000,0x00000000f82b5b10,0x00000000f8300000)
 Metaspace       used 52309K, capacity 55166K, committed 55936K, reserved 1097728K
  class space    used 6359K, capacity 6865K, committed 7040K, reserved 1048576K
2023-01-17T04:27:19.870+0800: 138.820: [Full GC (Ergonomics) [PSYoungGen: 43008K->5247K(62464K)] [ParOldGen: 133846K->133736K(134144K)] 176854K->138983K(196608K), [Metaspace: 52309K->52309K(1097728K)], 0.1086459 secs] [Times: user=0.28 sys=0.00, real=0.10 secs] 
Heap after GC invocations=605 (full 587):
 PSYoungGen      total 62464K, used 5247K [0x00000000f8300000, 0x0000000100000000, 0x0000000100000000)
  eden space 43008K, 12% used [0x00000000f8300000,0x00000000f881fdb0,0x00000000fad00000)
  from space 19456K, 0% used [0x00000000fed00000,0x00000000fed00000,0x0000000100000000)
  to   space 42496K, 0% used [0x00000000fad00000,0x00000000fad00000,0x00000000fd680000)
 ParOldGen       total 134144K, used 133736K [0x00000000f0000000, 0x00000000f8300000, 0x00000000f8300000)
  object space 134144K, 99% used [0x00000000f0000000,0x00000000f829a1c0,0x00000000f8300000)
 Metaspace       used 52309K, capacity 55166K, committed 55936K, reserved 1097728K
  class space    used 6359K, capacity 6865K, committed 7040K, reserved 1048576K
}
{Heap before GC invocations=606 (full 588):
 PSYoungGen      total 62464K, used 43008K [0x00000000f8300000, 0x0000000100000000, 0x0000000100000000)
  eden space 43008K, 100% used [0x00000000f8300000,0x00000000fad00000,0x00000000fad00000)
  from space 19456K, 0% used [0x00000000fed00000,0x00000000fed00000,0x0000000100000000)
  to   space 42496K, 0% used [0x00000000fad00000,0x00000000fad00000,0x00000000fd680000)
 ParOldGen       total 134144K, used 133736K [0x00000000f0000000, 0x00000000f8300000, 0x00000000f8300000)
  object space 134144K, 99% used [0x00000000f0000000,0x00000000f829a1c0,0x00000000f8300000)
 Metaspace       used 52309K, capacity 55166K, committed 55936K, reserved 1097728K
  class space    used 6359K, capacity 6865K, committed 7040K, reserved 1048576K
2023-01-17T04:27:20.027+0800: 138.977: [Full GC (Ergonomics) [PSYoungGen: 43008K->4949K(62464K)] [ParOldGen: 133736K->134037K(134144K)] 176744K->138987K(196608K), [Metaspace: 52309K->52309K(1097728K)], 0.1839840 secs] [Times: user=0.35 sys=0.00, real=0.19 secs] 
Heap after GC invocations=606 (full 588):
 PSYoungGen      total 62464K, used 4949K [0x00000000f8300000, 0x0000000100000000, 0x0000000100000000)
  eden space 43008K, 11% used [0x00000000f8300000,0x00000000f87d5420,0x00000000fad00000)
  from space 19456K, 0% used [0x00000000fed00000,0x00000000fed00000,0x0000000100000000)
  to   space 42496K, 0% used [0x00000000fad00000,0x00000000fad00000,0x00000000fd680000)
 ParOldGen       total 134144K, used 134037K [0x00000000f0000000, 0x00000000f8300000, 0x00000000f8300000)
  object space 134144K, 99% used [0x00000000f0000000,0x00000000f82e57e0,0x00000000f8300000)
 Metaspace       used 52309K, capacity 55166K, committed 55936K, reserved 1097728K
  class space    used 6359K, capacity 6865K, committed 7040K, reserved 1048576K
}
{Heap before GC invocations=607 (full 589):
 PSYoungGen      total 62464K, used 43008K [0x00000000f8300000, 0x0000000100000000, 0x0000000100000000)
  eden space 43008K, 100% used [0x00000000f8300000,0x00000000fad00000,0x00000000fad00000)
  from space 19456K, 0% used [0x00000000fed00000,0x00000000fed00000,0x0000000100000000)
  to   space 42496K, 0% used [0x00000000fad00000,0x00000000fad00000,0x00000000fd680000)
 ParOldGen       total 134144K, used 134037K [0x00000000f0000000, 0x00000000f8300000, 0x00000000f8300000)
  object space 134144K, 99% used [0x00000000f0000000,0x00000000f82e57e0,0x00000000f8300000)
 Metaspace       used 52309K, capacity 55166K, committed 55936K, reserved 1097728K
  class space    used 6359K, capacity 6865K, committed 7040K, reserved 1048576K
2023-01-17T04:27:20.302+0800: 139.251: [Full GC (Ergonomics) [PSYoungGen: 43008K->5039K(62464K)] [ParOldGen: 134037K->133932K(134144K)] 177045K->138971K(196608K), [Metaspace: 52309K->52309K(1097728K)], 0.1324733 secs] [Times: user=0.36 sys=0.00, real=0.13 secs] 
Heap after GC invocations=607 (full 589):
 PSYoungGen      total 62464K, used 5039K [0x00000000f8300000, 0x0000000100000000, 0x0000000100000000)
  eden space 43008K, 11% used [0x00000000f8300000,0x00000000f87ebe58,0x00000000fad00000)
  from space 19456K, 0% used [0x00000000fed00000,0x00000000fed00000,0x0000000100000000)
  to   space 42496K, 0% used [0x00000000fad00000,0x00000000fad00000,0x00000000fd680000)
 ParOldGen       total 134144K, used 133932K [0x00000000f0000000, 0x00000000f8300000, 0x00000000f8300000)
  object space 134144K, 99% used [0x00000000f0000000,0x00000000f82cb018,0x00000000f8300000)
 Metaspace       used 52309K, capacity 55166K, committed 55936K, reserved 1097728K
  class space    used 6359K, capacity 6865K, committed 7040K, reserved 1048576K
}
{Heap before GC invocations=608 (full 590):
 PSYoungGen      total 62464K, used 43008K [0x00000000f8300000, 0x0000000100000000, 0x0000000100000000)
  eden space 43008K, 100% used [0x00000000f8300000,0x00000000fad00000,0x00000000fad00000)
  from space 19456K, 0% used [0x00000000fed00000,0x00000000fed00000,0x0000000100000000)
  to   space 42496K, 0% used [0x00000000fad00000,0x00000000fad00000,0x00000000fd680000)
 ParOldGen       total 134144K, used 133932K [0x00000000f0000000, 0x00000000f8300000, 0x00000000f8300000)
  object space 134144K, 99% used [0x00000000f0000000,0x00000000f82cb018,0x00000000f8300000)
 Metaspace       used 52309K, capacity 55166K, committed 55936K, reserved 1097728K
  class space    used 6359K, capacity 6865K, committed 7040K, reserved 1048576K
2023-01-17T04:27:20.484+0800: 139.434: [Full GC (Ergonomics) [PSYoungGen: 43008K->5141K(62464K)] [ParOldGen: 133932K->133833K(134144K)] 176940K->138975K(196608K), [Metaspace: 52309K->52309K(1097728K)], 0.1286863 secs] [Times: user=0.35 sys=0.00, real=0.13 secs] 
Heap after GC invocations=608 (full 590):
 PSYoungGen      total 62464K, used 5141K [0x00000000f8300000, 0x0000000100000000, 0x0000000100000000)
  eden space 43008K, 11% used [0x00000000f8300000,0x00000000f88057c0,0x00000000fad00000)
  from space 19456K, 0% used [0x00000000fed00000,0x00000000fed00000,0x0000000100000000)
  to   space 42496K, 0% used [0x00000000fad00000,0x00000000fad00000,0x00000000fd680000)
 ParOldGen       total 134144K, used 133833K [0x00000000f0000000, 0x00000000f8300000, 0x00000000f8300000)
  object space 134144K, 99% used [0x00000000f0000000,0x00000000f82b2550,0x00000000f8300000)
 Metaspace       used 52309K, capacity 55166K, committed 55936K, reserved 1097728K
  class space    used 6359K, capacity 6865K, committed 7040K, reserved 1048576K
}
{Heap before GC invocations=609 (full 591):
 PSYoungGen      total 62464K, used 43008K [0x00000000f8300000, 0x0000000100000000, 0x0000000100000000)
  eden space 43008K, 100% used [0x00000000f8300000,0x00000000fad00000,0x00000000fad00000)
  from space 19456K, 0% used [0x00000000fed00000,0x00000000fed00000,0x0000000100000000)
  to   space 42496K, 0% used [0x00000000fad00000,0x00000000fad00000,0x00000000fd680000)
 ParOldGen       total 134144K, used 133833K [0x00000000f0000000, 0x00000000f8300000, 0x00000000f8300000)
  object space 134144K, 99% used [0x00000000f0000000,0x00000000f82b2550,0x00000000f8300000)
 Metaspace       used 52309K, capacity 55166K, committed 55936K, reserved 1097728K
  class space    used 6359K, capacity 6865K, committed 7040K, reserved 1048576K
2023-01-17T04:27:20.662+0800: 139.612: [Full GC (Ergonomics) [PSYoungGen: 43008K->4835K(62464K)] [ParOldGen: 133833K->134127K(134144K)] 176841K->138962K(196608K), [Metaspace: 52309K->52309K(1097728K)], 0.1179121 secs] [Times: user=0.31 sys=0.00, real=0.12 secs] 
Heap after GC invocations=609 (full 591):
 PSYoungGen      total 62464K, used 4835K [0x00000000f8300000, 0x0000000100000000, 0x0000000100000000)
  eden space 43008K, 11% used [0x00000000f8300000,0x00000000f87b8c40,0x00000000fad00000)
  from space 19456K, 0% used [0x00000000fed00000,0x00000000fed00000,0x0000000100000000)
  to   space 42496K, 0% used [0x00000000fad00000,0x00000000fad00000,0x00000000fd680000)
 ParOldGen       total 134144K, used 134127K [0x00000000f0000000, 0x00000000f8300000, 0x00000000f8300000)
  object space 134144K, 99% used [0x00000000f0000000,0x00000000f82fbf08,0x00000000f8300000)
 Metaspace       used 52309K, capacity 55166K, committed 55936K, reserved 1097728K
  class space    used 6359K, capacity 6865K, committed 7040K, reserved 1048576K
}
{Heap before GC invocations=610 (full 592):
 PSYoungGen      total 62464K, used 43008K [0x00000000f8300000, 0x0000000100000000, 0x0000000100000000)
  eden space 43008K, 100% used [0x00000000f8300000,0x00000000fad00000,0x00000000fad00000)
  from space 19456K, 0% used [0x00000000fed00000,0x00000000fed00000,0x0000000100000000)
  to   space 42496K, 0% used [0x00000000fad00000,0x00000000fad00000,0x00000000fd680000)
 ParOldGen       total 134144K, used 134127K [0x00000000f0000000, 0x00000000f8300000, 0x00000000f8300000)
  object space 134144K, 99% used [0x00000000f0000000,0x00000000f82fbf08,0x00000000f8300000)
 Metaspace       used 52309K, capacity 55166K, committed 55936K, reserved 1097728K
  class space    used 6359K, capacity 6865K, committed 7040K, reserved 1048576K
2023-01-17T04:27:20.829+0800: 139.779: [Full GC (Ergonomics) [PSYoungGen: 43008K->4974K(62464K)] [ParOldGen: 134127K->133990K(134144K)] 177135K->138965K(196608K), [Metaspace: 52309K->52309K(1097728K)], 0.1318412 secs] [Times: user=0.29 sys=0.00, real=0.14 secs] 
Heap after GC invocations=610 (full 592):
 PSYoungGen      total 62464K, used 4974K [0x00000000f8300000, 0x0000000100000000, 0x0000000100000000)
  eden space 43008K, 11% used [0x00000000f8300000,0x00000000f87dba80,0x00000000fad00000)
  from space 19456K, 0% used [0x00000000fed00000,0x00000000fed00000,0x0000000100000000)
  to   space 42496K, 0% used [0x00000000fad00000,0x00000000fad00000,0x00000000fd680000)
 ParOldGen       total 134144K, used 133990K [0x00000000f0000000, 0x00000000f8300000, 0x00000000f8300000)
  object space 134144K, 99% used [0x00000000f0000000,0x00000000f82d9be8,0x00000000f8300000)
 Metaspace       used 52309K, capacity 55166K, committed 55936K, reserved 1097728K
  class space    used 6359K, capacity 6865K, committed 7040K, reserved 1048576K
}
{Heap before GC invocations=611 (full 593):
 PSYoungGen      total 62464K, used 43008K [0x00000000f8300000, 0x0000000100000000, 0x0000000100000000)
  eden space 43008K, 100% used [0x00000000f8300000,0x00000000fad00000,0x00000000fad00000)
  from space 19456K, 0% used [0x00000000fed00000,0x00000000fed00000,0x0000000100000000)
  to   space 42496K, 0% used [0x00000000fad00000,0x00000000fad00000,0x00000000fd680000)
 ParOldGen       total 134144K, used 133990K [0x00000000f0000000, 0x00000000f8300000, 0x00000000f8300000)
  object space 134144K, 99% used [0x00000000f0000000,0x00000000f82d9be8,0x00000000f8300000)
 Metaspace       used 52309K, capacity 55166K, committed 55936K, reserved 1097728K
  class space    used 6359K, capacity 6865K, committed 7040K, reserved 1048576K
2023-01-17T04:27:21.025+0800: 139.975: [Full GC (Ergonomics) [PSYoungGen: 43008K->5084K(62464K)] [ParOldGen: 133990K->133892K(134144K)] 176998K->138976K(196608K), [Metaspace: 52309K->52309K(1097728K)], 0.1431827 secs] [Times: user=0.35 sys=0.00, real=0.14 secs] 
Heap after GC invocations=611 (full 593):
 PSYoungGen      total 62464K, used 5084K [0x00000000f8300000, 0x0000000100000000, 0x0000000100000000)
  eden space 43008K, 11% used [0x00000000f8300000,0x00000000f87f7268,0x00000000fad00000)
  from space 19456K, 0% used [0x00000000fed00000,0x00000000fed00000,0x0000000100000000)
  to   space 42496K, 0% used [0x00000000fad00000,0x00000000fad00000,0x00000000fd680000)
 ParOldGen       total 134144K, used 133892K [0x00000000f0000000, 0x00000000f8300000, 0x00000000f8300000)
  object space 134144K, 99% used [0x00000000f0000000,0x00000000f82c1140,0x00000000f8300000)
 Metaspace       used 52309K, capacity 55166K, committed 55936K, reserved 1097728K
  class space    used 6359K, capacity 6865K, committed 7040K, reserved 1048576K
}
{Heap before GC invocations=612 (full 594):
 PSYoungGen      total 62464K, used 43008K [0x00000000f8300000, 0x0000000100000000, 0x0000000100000000)
  eden space 43008K, 100% used [0x00000000f8300000,0x00000000fad00000,0x00000000fad00000)
  from space 19456K, 0% used [0x00000000fed00000,0x00000000fed00000,0x0000000100000000)
  to   space 42496K, 0% used [0x00000000fad00000,0x00000000fad00000,0x00000000fd680000)
 ParOldGen       total 134144K, used 133892K [0x00000000f0000000, 0x00000000f8300000, 0x00000000f8300000)
  object space 134144K, 99% used [0x00000000f0000000,0x00000000f82c1140,0x00000000f8300000)
 Metaspace       used 52309K, capacity 55166K, committed 55936K, reserved 1097728K
  class space    used 6359K, capacity 6865K, committed 7040K, reserved 1048576K
2023-01-17T04:27:21.219+0800: 140.169: [Full GC (Ergonomics) [PSYoungGen: 43008K->5164K(62464K)] [ParOldGen: 133892K->133807K(134144K)] 176900K->138972K(196608K), [Metaspace: 52309K->52309K(1097728K)], 0.1234384 secs] [Times: user=0.30 sys=0.00, real=0.13 secs] 
Heap after GC invocations=612 (full 594):
 PSYoungGen      total 62464K, used 5164K [0x00000000f8300000, 0x0000000100000000, 0x0000000100000000)
  eden space 43008K, 12% used [0x00000000f8300000,0x00000000f880b260,0x00000000fad00000)
  from space 19456K, 0% used [0x00000000fed00000,0x00000000fed00000,0x0000000100000000)
  to   space 42496K, 0% used [0x00000000fad00000,0x00000000fad00000,0x00000000fd680000)
 ParOldGen       total 134144K, used 133807K [0x00000000f0000000, 0x00000000f8300000, 0x00000000f8300000)
  object space 134144K, 99% used [0x00000000f0000000,0x00000000f82abe40,0x00000000f8300000)
 Metaspace       used 52309K, capacity 55166K, committed 55936K, reserved 1097728K
  class space    used 6359K, capacity 6865K, committed 7040K, reserved 1048576K
}
{Heap before GC invocations=613 (full 595):
 PSYoungGen      total 62464K, used 43008K [0x00000000f8300000, 0x0000000100000000, 0x0000000100000000)
  eden space 43008K, 100% used [0x00000000f8300000,0x00000000fad00000,0x00000000fad00000)
  from space 19456K, 0% used [0x00000000fed00000,0x00000000fed00000,0x0000000100000000)
  to   space 42496K, 0% used [0x00000000fad00000,0x00000000fad00000,0x00000000fd680000)
 ParOldGen       total 134144K, used 133807K [0x00000000f0000000, 0x00000000f8300000, 0x00000000f8300000)
  object space 134144K, 99% used [0x00000000f0000000,0x00000000f82abe40,0x00000000f8300000)
 Metaspace       used 52309K, capacity 55166K, committed 55936K, reserved 1097728K
  class space    used 6359K, capacity 6865K, committed 7040K, reserved 1048576K
2023-01-17T04:27:21.404+0800: 140.354: [Full GC (Ergonomics) [PSYoungGen: 43008K->5208K(62464K)] [ParOldGen: 133807K->133755K(134144K)] 176815K->138964K(196608K), [Metaspace: 52309K->52309K(1097728K)], 0.1619069 secs] [Times: user=0.33 sys=0.00, real=0.16 secs] 
Heap after GC invocations=613 (full 595):
 PSYoungGen      total 62464K, used 5208K [0x00000000f8300000, 0x0000000100000000, 0x0000000100000000)
  eden space 43008K, 12% used [0x00000000f8300000,0x00000000f88162c8,0x00000000fad00000)
  from space 19456K, 0% used [0x00000000fed00000,0x00000000fed00000,0x0000000100000000)
  to   space 42496K, 0% used [0x00000000fad00000,0x00000000fad00000,0x00000000fd680000)
 ParOldGen       total 134144K, used 133755K [0x00000000f0000000, 0x00000000f8300000, 0x00000000f8300000)
  object space 134144K, 99% used [0x00000000f0000000,0x00000000f829ee20,0x00000000f8300000)
 Metaspace       used 52309K, capacity 55166K, committed 55936K, reserved 1097728K
  class space    used 6359K, capacity 6865K, committed 7040K, reserved 1048576K
}
{Heap before GC invocations=614 (full 596):
 PSYoungGen      total 62464K, used 43008K [0x00000000f8300000, 0x0000000100000000, 0x0000000100000000)
  eden space 43008K, 100% used [0x00000000f8300000,0x00000000fad00000,0x00000000fad00000)
  from space 19456K, 0% used [0x00000000fed00000,0x00000000fed00000,0x0000000100000000)
  to   space 42496K, 0% used [0x00000000fad00000,0x00000000fad00000,0x00000000fd680000)
 ParOldGen       total 134144K, used 133755K [0x00000000f0000000, 0x00000000f8300000, 0x00000000f8300000)
  object space 134144K, 99% used [0x00000000f0000000,0x00000000f829ee20,0x00000000f8300000)
 Metaspace       used 52309K, capacity 55166K, committed 55936K, reserved 1097728K
  class space    used 6359K, capacity 6865K, committed 7040K, reserved 1048576K
2023-01-17T04:27:21.622+0800: 140.572: [Full GC (Ergonomics) [PSYoungGen: 43008K->4901K(62464K)] [ParOldGen: 133755K->134075K(134144K)] 176763K->138976K(196608K), [Metaspace: 52309K->52309K(1097728K)], 0.1380024 secs] [Times: user=0.30 sys=0.00, real=0.14 secs] 
Heap after GC invocations=614 (full 596):
 PSYoungGen      total 62464K, used 4901K [0x00000000f8300000, 0x0000000100000000, 0x0000000100000000)
  eden space 43008K, 11% used [0x00000000f8300000,0x00000000f87c9570,0x00000000fad00000)
  from space 19456K, 0% used [0x00000000fed00000,0x00000000fed00000,0x0000000100000000)
  to   space 42496K, 0% used [0x00000000fad00000,0x00000000fad00000,0x00000000fd680000)
 ParOldGen       total 134144K, used 134075K [0x00000000f0000000, 0x00000000f8300000, 0x00000000f8300000)
  object space 134144K, 99% used [0x00000000f0000000,0x00000000f82eecb0,0x00000000f8300000)
 Metaspace       used 52309K, capacity 55166K, committed 55936K, reserved 1097728K
  class space    used 6359K, capacity 6865K, committed 7040K, reserved 1048576K
}
{Heap before GC invocations=615 (full 597):
 PSYoungGen      total 62464K, used 43008K [0x00000000f8300000, 0x0000000100000000, 0x0000000100000000)
  eden space 43008K, 100% used [0x00000000f8300000,0x00000000fad00000,0x00000000fad00000)
  from space 19456K, 0% used [0x00000000fed00000,0x00000000fed00000,0x0000000100000000)
  to   space 42496K, 0% used [0x00000000fad00000,0x00000000fad00000,0x00000000fd680000)
 ParOldGen       total 134144K, used 134075K [0x00000000f0000000, 0x00000000f8300000, 0x00000000f8300000)
  object space 134144K, 99% used [0x00000000f0000000,0x00000000f82eecb0,0x00000000f8300000)
 Metaspace       used 52309K, capacity 55166K, committed 55936K, reserved 1097728K
  class space    used 6359K, capacity 6865K, committed 7040K, reserved 1048576K
2023-01-17T04:27:21.821+0800: 140.771: [Full GC (Ergonomics) [PSYoungGen: 43008K->4978K(62464K)] [ParOldGen: 134075K->133983K(134144K)] 177083K->138962K(196608K), [Metaspace: 52309K->52309K(1097728K)], 0.1169614 secs] [Times: user=0.28 sys=0.00, real=0.11 secs] 
Heap after GC invocations=615 (full 597):
 PSYoungGen      total 62464K, used 4978K [0x00000000f8300000, 0x0000000100000000, 0x0000000100000000)
  eden space 43008K, 11% used [0x00000000f8300000,0x00000000f87dcac8,0x00000000fad00000)
  from space 19456K, 0% used [0x00000000fed00000,0x00000000fed00000,0x0000000100000000)
  to   space 42496K, 0% used [0x00000000fad00000,0x00000000fad00000,0x00000000fd680000)
 ParOldGen       total 134144K, used 133983K [0x00000000f0000000, 0x00000000f8300000, 0x00000000f8300000)
  object space 134144K, 99% used [0x00000000f0000000,0x00000000f82d7f50,0x00000000f8300000)
 Metaspace       used 52309K, capacity 55166K, committed 55936K, reserved 1097728K
  class space    used 6359K, capacity 6865K, committed 7040K, reserved 1048576K
}
{Heap before GC invocations=616 (full 598):
 PSYoungGen      total 62464K, used 43008K [0x00000000f8300000, 0x0000000100000000, 0x0000000100000000)
  eden space 43008K, 100% used [0x00000000f8300000,0x00000000fad00000,0x00000000fad00000)
  from space 19456K, 0% used [0x00000000fed00000,0x00000000fed00000,0x0000000100000000)
  to   space 42496K, 0% used [0x00000000fad00000,0x00000000fad00000,0x00000000fd680000)
 ParOldGen       total 134144K, used 133983K [0x00000000f0000000, 0x00000000f8300000, 0x00000000f8300000)
  object space 134144K, 99% used [0x00000000f0000000,0x00000000f82d7f50,0x00000000f8300000)
 Metaspace       used 52309K, capacity 55166K, committed 55936K, reserved 1097728K
  class space    used 6359K, capacity 6865K, committed 7040K, reserved 1048576K
2023-01-17T04:27:21.997+0800: 140.947: [Full GC (Ergonomics) [PSYoungGen: 43008K->5124K(62464K)] [ParOldGen: 133983K->133835K(134144K)] 176991K->138959K(196608K), [Metaspace: 52309K->52309K(1097728K)], 0.1229247 secs] [Times: user=0.33 sys=0.00, real=0.13 secs] 
Heap after GC invocations=616 (full 598):
 PSYoungGen      total 62464K, used 5124K [0x00000000f8300000, 0x0000000100000000, 0x0000000100000000)
  eden space 43008K, 11% used [0x00000000f8300000,0x00000000f88010f0,0x00000000fad00000)
  from space 19456K, 0% used [0x00000000fed00000,0x00000000fed00000,0x0000000100000000)
  to   space 42496K, 0% used [0x00000000fad00000,0x00000000fad00000,0x00000000fd680000)
 ParOldGen       total 134144K, used 133835K [0x00000000f0000000, 0x00000000f8300000, 0x00000000f8300000)
  object space 134144K, 99% used [0x00000000f0000000,0x00000000f82b2ec8,0x00000000f8300000)
 Metaspace       used 52309K, capacity 55166K, committed 55936K, reserved 1097728K
  class space    used 6359K, capacity 6865K, committed 7040K, reserved 1048576K
}
{Heap before GC invocations=617 (full 599):
 PSYoungGen      total 62464K, used 43008K [0x00000000f8300000, 0x0000000100000000, 0x0000000100000000)
  eden space 43008K, 100% used [0x00000000f8300000,0x00000000fad00000,0x00000000fad00000)
  from space 19456K, 0% used [0x00000000fed00000,0x00000000fed00000,0x0000000100000000)
  to   space 42496K, 0% used [0x00000000fad00000,0x00000000fad00000,0x00000000fd680000)
 ParOldGen       total 134144K, used 133835K [0x00000000f0000000, 0x00000000f8300000, 0x00000000f8300000)
  object space 134144K, 99% used [0x00000000f0000000,0x00000000f82b2ec8,0x00000000f8300000)
 Metaspace       used 52309K, capacity 55166K, committed 55936K, reserved 1097728K
  class space    used 6359K, capacity 6865K, committed 7040K, reserved 1048576K
2023-01-17T04:27:22.168+0800: 141.118: [Full GC (Ergonomics) [PSYoungGen: 43008K->4861K(62464K)] [ParOldGen: 133835K->134118K(134144K)] 176843K->138980K(196608K), [Metaspace: 52309K->52309K(1097728K)], 0.1178836 secs] [Times: user=0.31 sys=0.00, real=0.12 secs] 
Heap after GC invocations=617 (full 599):
 PSYoungGen      total 62464K, used 4861K [0x00000000f8300000, 0x0000000100000000, 0x0000000100000000)
  eden space 43008K, 11% used [0x00000000f8300000,0x00000000f87bf748,0x00000000fad00000)
  from space 19456K, 0% used [0x00000000fed00000,0x00000000fed00000,0x0000000100000000)
  to   space 42496K, 0% used [0x00000000fad00000,0x00000000fad00000,0x00000000fd680000)
 ParOldGen       total 134144K, used 134118K [0x00000000f0000000, 0x00000000f8300000, 0x00000000f8300000)
  object space 134144K, 99% used [0x00000000f0000000,0x00000000f82f98e0,0x00000000f8300000)
 Metaspace       used 52309K, capacity 55166K, committed 55936K, reserved 1097728K
  class space    used 6359K, capacity 6865K, committed 7040K, reserved 1048576K
}
{Heap before GC invocations=618 (full 600):
 PSYoungGen      total 62464K, used 43008K [0x00000000f8300000, 0x0000000100000000, 0x0000000100000000)
  eden space 43008K, 100% used [0x00000000f8300000,0x00000000fad00000,0x00000000fad00000)
  from space 19456K, 0% used [0x00000000fed00000,0x00000000fed00000,0x0000000100000000)
  to   space 42496K, 0% used [0x00000000fad00000,0x00000000fad00000,0x00000000fd680000)
 ParOldGen       total 134144K, used 134118K [0x00000000f0000000, 0x00000000f8300000, 0x00000000f8300000)
  object space 134144K, 99% used [0x00000000f0000000,0x00000000f82f98e0,0x00000000f8300000)
 Metaspace       used 52309K, capacity 55166K, committed 55936K, reserved 1097728K
  class space    used 6359K, capacity 6865K, committed 7040K, reserved 1048576K
2023-01-17T04:27:22.335+0800: 141.285: [Full GC (Ergonomics) [PSYoungGen: 43008K->5040K(62464K)] [ParOldGen: 134118K->133932K(134144K)] 177126K->138973K(196608K), [Metaspace: 52309K->52309K(1097728K)], 0.1474566 secs] [Times: user=0.29 sys=0.00, real=0.15 secs] 
Heap after GC invocations=618 (full 600):
 PSYoungGen      total 62464K, used 5040K [0x00000000f8300000, 0x0000000100000000, 0x0000000100000000)
  eden space 43008K, 11% used [0x00000000f8300000,0x00000000f87ec2b8,0x00000000fad00000)
  from space 19456K, 0% used [0x00000000fed00000,0x00000000fed00000,0x0000000100000000)
  to   space 42496K, 0% used [0x00000000fad00000,0x00000000fad00000,0x00000000fd680000)
 ParOldGen       total 134144K, used 133932K [0x00000000f0000000, 0x00000000f8300000, 0x00000000f8300000)
  object space 134144K, 99% used [0x00000000f0000000,0x00000000f82cb3f8,0x00000000f8300000)
 Metaspace       used 52309K, capacity 55166K, committed 55936K, reserved 1097728K
  class space    used 6359K, capacity 6865K, committed 7040K, reserved 1048576K
}
{Heap before GC invocations=619 (full 601):
 PSYoungGen      total 62464K, used 43008K [0x00000000f8300000, 0x0000000100000000, 0x0000000100000000)
  eden space 43008K, 100% used [0x00000000f8300000,0x00000000fad00000,0x00000000fad00000)
  from space 19456K, 0% used [0x00000000fed00000,0x00000000fed00000,0x0000000100000000)
  to   space 42496K, 0% used [0x00000000fad00000,0x00000000fad00000,0x00000000fd680000)
 ParOldGen       total 134144K, used 133932K [0x00000000f0000000, 0x00000000f8300000, 0x00000000f8300000)
  object space 134144K, 99% used [0x00000000f0000000,0x00000000f82cb3f8,0x00000000f8300000)
 Metaspace       used 52309K, capacity 55166K, committed 55936K, reserved 1097728K
  class space    used 6359K, capacity 6865K, committed 7040K, reserved 1048576K
2023-01-17T04:27:22.545+0800: 141.495: [Full GC (Ergonomics) [PSYoungGen: 43008K->5123K(62464K)] [ParOldGen: 133932K->133853K(134144K)] 176940K->138977K(196608K), [Metaspace: 52309K->52309K(1097728K)], 0.1521199 secs] [Times: user=0.31 sys=0.00, real=0.15 secs] 
Heap after GC invocations=619 (full 601):
 PSYoungGen      total 62464K, used 5123K [0x00000000f8300000, 0x0000000100000000, 0x0000000100000000)
  eden space 43008K, 11% used [0x00000000f8300000,0x00000000f8800d20,0x00000000fad00000)
  from space 19456K, 0% used [0x00000000fed00000,0x00000000fed00000,0x0000000100000000)
  to   space 42496K, 0% used [0x00000000fad00000,0x00000000fad00000,0x00000000fd680000)
 ParOldGen       total 134144K, used 133853K [0x00000000f0000000, 0x00000000f8300000, 0x00000000f8300000)
  object space 134144K, 99% used [0x00000000f0000000,0x00000000f82b77d8,0x00000000f8300000)
 Metaspace       used 52309K, capacity 55166K, committed 55936K, reserved 1097728K
  class space    used 6359K, capacity 6865K, committed 7040K, reserved 1048576K
}
{Heap before GC invocations=620 (full 602):
 PSYoungGen      total 62464K, used 43008K [0x00000000f8300000, 0x0000000100000000, 0x0000000100000000)
  eden space 43008K, 100% used [0x00000000f8300000,0x00000000fad00000,0x00000000fad00000)
  from space 19456K, 0% used [0x00000000fed00000,0x00000000fed00000,0x0000000100000000)
  to   space 42496K, 0% used [0x00000000fad00000,0x00000000fad00000,0x00000000fd680000)
 ParOldGen       total 134144K, used 133853K [0x00000000f0000000, 0x00000000f8300000, 0x00000000f8300000)
  object space 134144K, 99% used [0x00000000f0000000,0x00000000f82b77d8,0x00000000f8300000)
 Metaspace       used 52309K, capacity 55166K, committed 55936K, reserved 1097728K
  class space    used 6359K, capacity 6865K, committed 7040K, reserved 1048576K
2023-01-17T04:27:22.761+0800: 141.710: [Full GC (Ergonomics) [PSYoungGen: 43008K->5213K(62464K)] [ParOldGen: 133853K->133760K(134144K)] 176861K->138973K(196608K), [Metaspace: 52309K->52309K(1097728K)], 0.1238965 secs] [Times: user=0.29 sys=0.00, real=0.12 secs] 
Heap after GC invocations=620 (full 602):
 PSYoungGen      total 62464K, used 5213K [0x00000000f8300000, 0x0000000100000000, 0x0000000100000000)
  eden space 43008K, 12% used [0x00000000f8300000,0x00000000f8817628,0x00000000fad00000)
  from space 19456K, 0% used [0x00000000fed00000,0x00000000fed00000,0x0000000100000000)
  to   space 42496K, 0% used [0x00000000fad00000,0x00000000fad00000,0x00000000fd680000)
 ParOldGen       total 134144K, used 133760K [0x00000000f0000000, 0x00000000f8300000, 0x00000000f8300000)
  object space 134144K, 99% used [0x00000000f0000000,0x00000000f82a00f8,0x00000000f8300000)
 Metaspace       used 52309K, capacity 55166K, committed 55936K, reserved 1097728K
  class space    used 6359K, capacity 6865K, committed 7040K, reserved 1048576K
}
{Heap before GC invocations=621 (full 603):
 PSYoungGen      total 62464K, used 43008K [0x00000000f8300000, 0x0000000100000000, 0x0000000100000000)
  eden space 43008K, 100% used [0x00000000f8300000,0x00000000fad00000,0x00000000fad00000)
  from space 19456K, 0% used [0x00000000fed00000,0x00000000fed00000,0x0000000100000000)
  to   space 42496K, 0% used [0x00000000fad00000,0x00000000fad00000,0x00000000fd680000)
 ParOldGen       total 134144K, used 133760K [0x00000000f0000000, 0x00000000f8300000, 0x00000000f8300000)
  object space 134144K, 99% used [0x00000000f0000000,0x00000000f82a00f8,0x00000000f8300000)
 Metaspace       used 52309K, capacity 55166K, committed 55936K, reserved 1097728K
  class space    used 6359K, capacity 6865K, committed 7040K, reserved 1048576K
2023-01-17T04:27:22.945+0800: 141.895: [Full GC (Ergonomics) [PSYoungGen: 43008K->4814K(62464K)] [ParOldGen: 133760K->134143K(134144K)] 176768K->138958K(196608K), [Metaspace: 52309K->52309K(1097728K)], 0.1377063 secs] [Times: user=0.37 sys=0.00, real=0.14 secs] 
Heap after GC invocations=621 (full 603):
 PSYoungGen      total 62464K, used 4814K [0x00000000f8300000, 0x0000000100000000, 0x0000000100000000)
  eden space 43008K, 11% used [0x00000000f8300000,0x00000000f87b39c0,0x00000000fad00000)
  from space 19456K, 0% used [0x00000000fed00000,0x00000000fed00000,0x0000000100000000)
  to   space 42496K, 0% used [0x00000000fad00000,0x00000000fad00000,0x00000000fd680000)
 ParOldGen       total 134144K, used 134143K [0x00000000f0000000, 0x00000000f8300000, 0x00000000f8300000)
  object space 134144K, 99% used [0x00000000f0000000,0x00000000f82ffe40,0x00000000f8300000)
 Metaspace       used 52309K, capacity 55166K, committed 55936K, reserved 1097728K
  class space    used 6359K, capacity 6865K, committed 7040K, reserved 1048576K
}
{Heap before GC invocations=622 (full 604):
 PSYoungGen      total 62464K, used 43008K [0x00000000f8300000, 0x0000000100000000, 0x0000000100000000)
  eden space 43008K, 100% used [0x00000000f8300000,0x00000000fad00000,0x00000000fad00000)
  from space 19456K, 0% used [0x00000000fed00000,0x00000000fed00000,0x0000000100000000)
  to   space 42496K, 0% used [0x00000000fad00000,0x00000000fad00000,0x00000000fd680000)
 ParOldGen       total 134144K, used 134143K [0x00000000f0000000, 0x00000000f8300000, 0x00000000f8300000)
  object space 134144K, 99% used [0x00000000f0000000,0x00000000f82ffe40,0x00000000f8300000)
 Metaspace       used 52309K, capacity 55166K, committed 55936K, reserved 1097728K
  class space    used 6359K, capacity 6865K, committed 7040K, reserved 1048576K
2023-01-17T04:27:23.167+0800: 142.117: [Full GC (Ergonomics) [PSYoungGen: 43008K->4966K(62464K)] [ParOldGen: 134143K->133989K(134144K)] 177151K->138956K(196608K), [Metaspace: 52309K->52309K(1097728K)], 0.1483009 secs] [Times: user=0.35 sys=0.00, real=0.15 secs] 
Heap after GC invocations=622 (full 604):
 PSYoungGen      total 62464K, used 4966K [0x00000000f8300000, 0x0000000100000000, 0x0000000100000000)
  eden space 43008K, 11% used [0x00000000f8300000,0x00000000f87d9970,0x00000000fad00000)
  from space 19456K, 0% used [0x00000000fed00000,0x00000000fed00000,0x0000000100000000)
  to   space 42496K, 0% used [0x00000000fad00000,0x00000000fad00000,0x00000000fd680000)
 ParOldGen       total 134144K, used 133989K [0x00000000f0000000, 0x00000000f8300000, 0x00000000f8300000)
  object space 134144K, 99% used [0x00000000f0000000,0x00000000f82d9790,0x00000000f8300000)
 Metaspace       used 52309K, capacity 55166K, committed 55936K, reserved 1097728K
  class space    used 6359K, capacity 6865K, committed 7040K, reserved 1048576K
}
{Heap before GC invocations=623 (full 605):
 PSYoungGen      total 62464K, used 43008K [0x00000000f8300000, 0x0000000100000000, 0x0000000100000000)
  eden space 43008K, 100% used [0x00000000f8300000,0x00000000fad00000,0x00000000fad00000)
  from space 19456K, 0% used [0x00000000fed00000,0x00000000fed00000,0x0000000100000000)
  to   space 42496K, 0% used [0x00000000fad00000,0x00000000fad00000,0x00000000fd680000)
 ParOldGen       total 134144K, used 133989K [0x00000000f0000000, 0x00000000f8300000, 0x00000000f8300000)
  object space 134144K, 99% used [0x00000000f0000000,0x00000000f82d9790,0x00000000f8300000)
 Metaspace       used 52309K, capacity 55166K, committed 55936K, reserved 1097728K
  class space    used 6359K, capacity 6865K, committed 7040K, reserved 1048576K
2023-01-17T04:27:23.379+0800: 142.328: [Full GC (Ergonomics) [PSYoungGen: 43008K->5086K(62464K)] [ParOldGen: 133989K->133877K(134144K)] 176997K->138964K(196608K), [Metaspace: 52309K->52309K(1097728K)], 0.1117561 secs] [Times: user=0.28 sys=0.00, real=0.12 secs] 
Heap after GC invocations=623 (full 605):
 PSYoungGen      total 62464K, used 5086K [0x00000000f8300000, 0x0000000100000000, 0x0000000100000000)
  eden space 43008K, 11% used [0x00000000f8300000,0x00000000f87f79d8,0x00000000fad00000)
  from space 19456K, 0% used [0x00000000fed00000,0x00000000fed00000,0x0000000100000000)
  to   space 42496K, 0% used [0x00000000fad00000,0x00000000fad00000,0x00000000fd680000)
 ParOldGen       total 134144K, used 133877K [0x00000000f0000000, 0x00000000f8300000, 0x00000000f8300000)
  object space 134144K, 99% used [0x00000000f0000000,0x00000000f82bd680,0x00000000f8300000)
 Metaspace       used 52309K, capacity 55166K, committed 55936K, reserved 1097728K
  class space    used 6359K, capacity 6865K, committed 7040K, reserved 1048576K
}
{Heap before GC invocations=624 (full 606):
 PSYoungGen      total 62464K, used 43008K [0x00000000f8300000, 0x0000000100000000, 0x0000000100000000)
  eden space 43008K, 100% used [0x00000000f8300000,0x00000000fad00000,0x00000000fad00000)
  from space 19456K, 0% used [0x00000000fed00000,0x00000000fed00000,0x0000000100000000)
  to   space 42496K, 0% used [0x00000000fad00000,0x00000000fad00000,0x00000000fd680000)
 ParOldGen       total 134144K, used 133877K [0x00000000f0000000, 0x00000000f8300000, 0x00000000f8300000)
  object space 134144K, 99% used [0x00000000f0000000,0x00000000f82bd680,0x00000000f8300000)
 Metaspace       used 52309K, capacity 55166K, committed 55936K, reserved 1097728K
  class space    used 6359K, capacity 6865K, committed 7040K, reserved 1048576K
2023-01-17T04:27:23.538+0800: 142.488: [Full GC (Ergonomics) [PSYoungGen: 43008K->5180K(62464K)] [ParOldGen: 133877K->133768K(134144K)] 176885K->138948K(196608K), [Metaspace: 52309K->52309K(1097728K)], 0.1186312 secs] [Times: user=0.32 sys=0.00, real=0.12 secs] 
Heap after GC invocations=624 (full 606):
 PSYoungGen      total 62464K, used 5180K [0x00000000f8300000, 0x0000000100000000, 0x0000000100000000)
  eden space 43008K, 12% used [0x00000000f8300000,0x00000000f880f1d8,0x00000000fad00000)
  from space 19456K, 0% used [0x00000000fed00000,0x00000000fed00000,0x0000000100000000)
  to   space 42496K, 0% used [0x00000000fad00000,0x00000000fad00000,0x00000000fd680000)
 ParOldGen       total 134144K, used 133768K [0x00000000f0000000, 0x00000000f8300000, 0x00000000f8300000)
  object space 134144K, 99% used [0x00000000f0000000,0x00000000f82a2140,0x00000000f8300000)
 Metaspace       used 52309K, capacity 55166K, committed 55936K, reserved 1097728K
  class space    used 6359K, capacity 6865K, committed 7040K, reserved 1048576K
}
{Heap before GC invocations=625 (full 607):
 PSYoungGen      total 62464K, used 43008K [0x00000000f8300000, 0x0000000100000000, 0x0000000100000000)
  eden space 43008K, 100% used [0x00000000f8300000,0x00000000fad00000,0x00000000fad00000)
  from space 19456K, 0% used [0x00000000fed00000,0x00000000fed00000,0x0000000100000000)
  to   space 42496K, 0% used [0x00000000fad00000,0x00000000fad00000,0x00000000fd680000)
 ParOldGen       total 134144K, used 133768K [0x00000000f0000000, 0x00000000f8300000, 0x00000000f8300000)
  object space 134144K, 99% used [0x00000000f0000000,0x00000000f82a2140,0x00000000f8300000)
 Metaspace       used 52309K, capacity 55166K, committed 55936K, reserved 1097728K
  class space    used 6359K, capacity 6865K, committed 7040K, reserved 1048576K
2023-01-17T04:27:23.707+0800: 142.657: [Full GC (Ergonomics) [PSYoungGen: 43008K->4874K(62464K)] [ParOldGen: 133768K->134083K(134144K)] 176776K->138958K(196608K), [Metaspace: 52309K->52309K(1097728K)], 0.1165352 secs] [Times: user=0.30 sys=0.00, real=0.12 secs] 
Heap after GC invocations=625 (full 607):
 PSYoungGen      total 62464K, used 4874K [0x00000000f8300000, 0x0000000100000000, 0x0000000100000000)
  eden space 43008K, 11% used [0x00000000f8300000,0x00000000f87c2b88,0x00000000fad00000)
  from space 19456K, 0% used [0x00000000fed00000,0x00000000fed00000,0x0000000100000000)
  to   space 42496K, 0% used [0x00000000fad00000,0x00000000fad00000,0x00000000fd680000)
 ParOldGen       total 134144K, used 134083K [0x00000000f0000000, 0x00000000f8300000, 0x00000000f8300000)
  object space 134144K, 99% used [0x00000000f0000000,0x00000000f82f0e60,0x00000000f8300000)
 Metaspace       used 52309K, capacity 55166K, committed 55936K, reserved 1097728K
  class space    used 6359K, capacity 6865K, committed 7040K, reserved 1048576K
}
{Heap before GC invocations=626 (full 608):
 PSYoungGen      total 62464K, used 43008K [0x00000000f8300000, 0x0000000100000000, 0x0000000100000000)
  eden space 43008K, 100% used [0x00000000f8300000,0x00000000fad00000,0x00000000fad00000)
  from space 19456K, 0% used [0x00000000fed00000,0x00000000fed00000,0x0000000100000000)
  to   space 42496K, 0% used [0x00000000fad00000,0x00000000fad00000,0x00000000fd680000)
 ParOldGen       total 134144K, used 134083K [0x00000000f0000000, 0x00000000f8300000, 0x00000000f8300000)
  object space 134144K, 99% used [0x00000000f0000000,0x00000000f82f0e60,0x00000000f8300000)
 Metaspace       used 52309K, capacity 55166K, committed 55936K, reserved 1097728K
  class space    used 6359K, capacity 6865K, committed 7040K, reserved 1048576K
2023-01-17T04:27:23.883+0800: 142.833: [Full GC (Ergonomics) [PSYoungGen: 43008K->4972K(62464K)] [ParOldGen: 134083K->133981K(134144K)] 177091K->138953K(196608K), [Metaspace: 52309K->52309K(1097728K)], 0.1647894 secs] [Times: user=0.27 sys=0.00, real=0.16 secs] 
Heap after GC invocations=626 (full 608):
 PSYoungGen      total 62464K, used 4972K [0x00000000f8300000, 0x0000000100000000, 0x0000000100000000)
  eden space 43008K, 11% used [0x00000000f8300000,0x00000000f87db1c0,0x00000000fad00000)
  from space 19456K, 0% used [0x00000000fed00000,0x00000000fed00000,0x0000000100000000)
  to   space 42496K, 0% used [0x00000000fad00000,0x00000000fad00000,0x00000000fd680000)
 ParOldGen       total 134144K, used 133981K [0x00000000f0000000, 0x00000000f8300000, 0x00000000f8300000)
  object space 134144K, 99% used [0x00000000f0000000,0x00000000f82d7580,0x00000000f8300000)
 Metaspace       used 52309K, capacity 55166K, committed 55936K, reserved 1097728K
  class space    used 6359K, capacity 6865K, committed 7040K, reserved 1048576K
}
{Heap before GC invocations=627 (full 609):
 PSYoungGen      total 62464K, used 43008K [0x00000000f8300000, 0x0000000100000000, 0x0000000100000000)
  eden space 43008K, 100% used [0x00000000f8300000,0x00000000fad00000,0x00000000fad00000)
  from space 19456K, 0% used [0x00000000fed00000,0x00000000fed00000,0x0000000100000000)
  to   space 42496K, 0% used [0x00000000fad00000,0x00000000fad00000,0x00000000fd680000)
 ParOldGen       total 134144K, used 133981K [0x00000000f0000000, 0x00000000f8300000, 0x00000000f8300000)
  object space 134144K, 99% used [0x00000000f0000000,0x00000000f82d7580,0x00000000f8300000)
 Metaspace       used 52309K, capacity 55166K, committed 55936K, reserved 1097728K
  class space    used 6359K, capacity 6865K, committed 7040K, reserved 1048576K
2023-01-17T04:27:24.109+0800: 143.059: [Full GC (Ergonomics) [PSYoungGen: 43008K->5075K(62464K)] [ParOldGen: 133981K->133898K(134144K)] 176989K->138974K(196608K), [Metaspace: 52309K->52309K(1097728K)], 0.1174662 secs] [Times: user=0.28 sys=0.00, real=0.12 secs] 
Heap after GC invocations=627 (full 609):
 PSYoungGen      total 62464K, used 5075K [0x00000000f8300000, 0x0000000100000000, 0x0000000100000000)
  eden space 43008K, 11% used [0x00000000f8300000,0x00000000f87f4fe8,0x00000000fad00000)
  from space 19456K, 0% used [0x00000000fed00000,0x00000000fed00000,0x0000000100000000)
  to   space 42496K, 0% used [0x00000000fad00000,0x00000000fad00000,0x00000000fd680000)
 ParOldGen       total 134144K, used 133898K [0x00000000f0000000, 0x00000000f8300000, 0x00000000f8300000)
  object space 134144K, 99% used [0x00000000f0000000,0x00000000f82c2830,0x00000000f8300000)
 Metaspace       used 52309K, capacity 55166K, committed 55936K, reserved 1097728K
  class space    used 6359K, capacity 6865K, committed 7040K, reserved 1048576K
}
{Heap before GC invocations=628 (full 610):
 PSYoungGen      total 62464K, used 43008K [0x00000000f8300000, 0x0000000100000000, 0x0000000100000000)
  eden space 43008K, 100% used [0x00000000f8300000,0x00000000fad00000,0x00000000fad00000)
  from space 19456K, 0% used [0x00000000fed00000,0x00000000fed00000,0x0000000100000000)
  to   space 42496K, 0% used [0x00000000fad00000,0x00000000fad00000,0x00000000fd680000)
 ParOldGen       total 134144K, used 133898K [0x00000000f0000000, 0x00000000f8300000, 0x00000000f8300000)
  object space 134144K, 99% used [0x00000000f0000000,0x00000000f82c2830,0x00000000f8300000)
 Metaspace       used 52309K, capacity 55166K, committed 55936K, reserved 1097728K
  class space    used 6359K, capacity 6865K, committed 7040K, reserved 1048576K
2023-01-17T04:27:24.274+0800: 143.224: [Full GC (Ergonomics) [PSYoungGen: 43008K->5179K(62464K)] [ParOldGen: 133898K->133768K(134144K)] 176906K->138947K(196608K), [Metaspace: 52309K->52309K(1097728K)], 0.1188558 secs] [Times: user=0.32 sys=0.00, real=0.12 secs] 
Heap after GC invocations=628 (full 610):
 PSYoungGen      total 62464K, used 5179K [0x00000000f8300000, 0x0000000100000000, 0x0000000100000000)
  eden space 43008K, 12% used [0x00000000f8300000,0x00000000f880ed30,0x00000000fad00000)
  from space 19456K, 0% used [0x00000000fed00000,0x00000000fed00000,0x0000000100000000)
  to   space 42496K, 0% used [0x00000000fad00000,0x00000000fad00000,0x00000000fd680000)
 ParOldGen       total 134144K, used 133768K [0x00000000f0000000, 0x00000000f8300000, 0x00000000f8300000)
  object space 134144K, 99% used [0x00000000f0000000,0x00000000f82a2170,0x00000000f8300000)
 Metaspace       used 52309K, capacity 55166K, committed 55936K, reserved 1097728K
  class space    used 6359K, capacity 6865K, committed 7040K, reserved 1048576K
}
{Heap before GC invocations=629 (full 611):
 PSYoungGen      total 62464K, used 43008K [0x00000000f8300000, 0x0000000100000000, 0x0000000100000000)
  eden space 43008K, 100% used [0x00000000f8300000,0x00000000fad00000,0x00000000fad00000)
  from space 19456K, 0% used [0x00000000fed00000,0x00000000fed00000,0x0000000100000000)
  to   space 42496K, 0% used [0x00000000fad00000,0x00000000fad00000,0x00000000fd680000)
 ParOldGen       total 134144K, used 133768K [0x00000000f0000000, 0x00000000f8300000, 0x00000000f8300000)
  object space 134144K, 99% used [0x00000000f0000000,0x00000000f82a2170,0x00000000f8300000)
 Metaspace       used 52309K, capacity 55166K, committed 55936K, reserved 1097728K
  class space    used 6359K, capacity 6865K, committed 7040K, reserved 1048576K
2023-01-17T04:27:24.441+0800: 143.391: [Full GC (Ergonomics) [PSYoungGen: 43008K->4846K(62464K)] [ParOldGen: 133768K->134103K(134144K)] 176776K->138950K(196608K), [Metaspace: 52309K->52309K(1097728K)], 0.1157583 secs] [Times: user=0.31 sys=0.00, real=0.11 secs] 
Heap after GC invocations=629 (full 611):
 PSYoungGen      total 62464K, used 4846K [0x00000000f8300000, 0x0000000100000000, 0x0000000100000000)
  eden space 43008K, 11% used [0x00000000f8300000,0x00000000f87bbae0,0x00000000fad00000)
  from space 19456K, 0% used [0x00000000fed00000,0x00000000fed00000,0x0000000100000000)
  to   space 42496K, 0% used [0x00000000fad00000,0x00000000fad00000,0x00000000fd680000)
 ParOldGen       total 134144K, used 134103K [0x00000000f0000000, 0x00000000f8300000, 0x00000000f8300000)
  object space 134144K, 99% used [0x00000000f0000000,0x00000000f82f5f50,0x00000000f8300000)
 Metaspace       used 52309K, capacity 55166K, committed 55936K, reserved 1097728K
  class space    used 6359K, capacity 6865K, committed 7040K, reserved 1048576K
}
{Heap before GC invocations=630 (full 612):
 PSYoungGen      total 62464K, used 43008K [0x00000000f8300000, 0x0000000100000000, 0x0000000100000000)
  eden space 43008K, 100% used [0x00000000f8300000,0x00000000fad00000,0x00000000fad00000)
  from space 19456K, 0% used [0x00000000fed00000,0x00000000fed00000,0x0000000100000000)
  to   space 42496K, 0% used [0x00000000fad00000,0x00000000fad00000,0x00000000fd680000)
 ParOldGen       total 134144K, used 134103K [0x00000000f0000000, 0x00000000f8300000, 0x00000000f8300000)
  object space 134144K, 99% used [0x00000000f0000000,0x00000000f82f5f50,0x00000000f8300000)
 Metaspace       used 52309K, capacity 55166K, committed 55936K, reserved 1097728K
  class space    used 6359K, capacity 6865K, committed 7040K, reserved 1048576K
2023-01-17T04:27:24.604+0800: 143.554: [Full GC (Ergonomics) [PSYoungGen: 43008K->5086K(62464K)] [ParOldGen: 134103K->133900K(134144K)] 177111K->138987K(196608K), [Metaspace: 52309K->52309K(1097728K)], 0.1220345 secs] [Times: user=0.30 sys=0.00, real=0.12 secs] 
Heap after GC invocations=630 (full 612):
 PSYoungGen      total 62464K, used 5086K [0x00000000f8300000, 0x0000000100000000, 0x0000000100000000)
  eden space 43008K, 11% used [0x00000000f8300000,0x00000000f87f7bf0,0x00000000fad00000)
  from space 19456K, 0% used [0x00000000fed00000,0x00000000fed00000,0x0000000100000000)
  to   space 42496K, 0% used [0x00000000fad00000,0x00000000fad00000,0x00000000fd680000)
 ParOldGen       total 134144K, used 133900K [0x00000000f0000000, 0x00000000f8300000, 0x00000000f8300000)
  object space 134144K, 99% used [0x00000000f0000000,0x00000000f82c3040,0x00000000f8300000)
 Metaspace       used 52309K, capacity 55166K, committed 55936K, reserved 1097728K
  class space    used 6359K, capacity 6865K, committed 7040K, reserved 1048576K
}
{Heap before GC invocations=631 (full 613):
 PSYoungGen      total 62464K, used 43008K [0x00000000f8300000, 0x0000000100000000, 0x0000000100000000)
  eden space 43008K, 100% used [0x00000000f8300000,0x00000000fad00000,0x00000000fad00000)
  from space 19456K, 0% used [0x00000000fed00000,0x00000000fed00000,0x0000000100000000)
  to   space 42496K, 0% used [0x00000000fad00000,0x00000000fad00000,0x00000000fd680000)
 ParOldGen       total 134144K, used 133900K [0x00000000f0000000, 0x00000000f8300000, 0x00000000f8300000)
  object space 134144K, 99% used [0x00000000f0000000,0x00000000f82c3040,0x00000000f8300000)
 Metaspace       used 52309K, capacity 55166K, committed 55936K, reserved 1097728K
  class space    used 6359K, capacity 6865K, committed 7040K, reserved 1048576K
2023-01-17T04:27:24.800+0800: 143.750: [Full GC (Ergonomics) [PSYoungGen: 43008K->5141K(62464K)] [ParOldGen: 133900K->133832K(134144K)] 176908K->138974K(196608K), [Metaspace: 52309K->52309K(1097728K)], 0.1383654 secs] [Times: user=0.34 sys=0.01, real=0.13 secs] 
Heap after GC invocations=631 (full 613):
 PSYoungGen      total 62464K, used 5141K [0x00000000f8300000, 0x0000000100000000, 0x0000000100000000)
  eden space 43008K, 11% used [0x00000000f8300000,0x00000000f88057a8,0x00000000fad00000)
  from space 19456K, 0% used [0x00000000fed00000,0x00000000fed00000,0x0000000100000000)
  to   space 42496K, 0% used [0x00000000fad00000,0x00000000fad00000,0x00000000fd680000)
 ParOldGen       total 134144K, used 133832K [0x00000000f0000000, 0x00000000f8300000, 0x00000000f8300000)
  object space 134144K, 99% used [0x00000000f0000000,0x00000000f82b22b0,0x00000000f8300000)
 Metaspace       used 52309K, capacity 55166K, committed 55936K, reserved 1097728K
  class space    used 6359K, capacity 6865K, committed 7040K, reserved 1048576K
}
{Heap before GC invocations=632 (full 614):
 PSYoungGen      total 62464K, used 43008K [0x00000000f8300000, 0x0000000100000000, 0x0000000100000000)
  eden space 43008K, 100% used [0x00000000f8300000,0x00000000fad00000,0x00000000fad00000)
  from space 19456K, 0% used [0x00000000fed00000,0x00000000fed00000,0x0000000100000000)
  to   space 42496K, 0% used [0x00000000fad00000,0x00000000fad00000,0x00000000fd680000)
 ParOldGen       total 134144K, used 133832K [0x00000000f0000000, 0x00000000f8300000, 0x00000000f8300000)
  object space 134144K, 99% used [0x00000000f0000000,0x00000000f82b22b0,0x00000000f8300000)
 Metaspace       used 52309K, capacity 55166K, committed 55936K, reserved 1097728K
  class space    used 6359K, capacity 6865K, committed 7040K, reserved 1048576K
2023-01-17T04:27:24.995+0800: 143.945: [Full GC (Ergonomics) [PSYoungGen: 43008K->5223K(62464K)] [ParOldGen: 133832K->133731K(134144K)] 176840K->138955K(196608K), [Metaspace: 52309K->52309K(1097728K)], 0.1432788 secs] [Times: user=0.33 sys=0.00, real=0.14 secs] 
Heap after GC invocations=632 (full 614):
 PSYoungGen      total 62464K, used 5223K [0x00000000f8300000, 0x0000000100000000, 0x0000000100000000)
  eden space 43008K, 12% used [0x00000000f8300000,0x00000000f8819d80,0x00000000fad00000)
  from space 19456K, 0% used [0x00000000fed00000,0x00000000fed00000,0x0000000100000000)
  to   space 42496K, 0% used [0x00000000fad00000,0x00000000fad00000,0x00000000fd680000)
 ParOldGen       total 134144K, used 133731K [0x00000000f0000000, 0x00000000f8300000, 0x00000000f8300000)
  object space 134144K, 99% used [0x00000000f0000000,0x00000000f8298ec0,0x00000000f8300000)
 Metaspace       used 52309K, capacity 55166K, committed 55936K, reserved 1097728K
  class space    used 6359K, capacity 6865K, committed 7040K, reserved 1048576K
}
{Heap before GC invocations=633 (full 615):
 PSYoungGen      total 62464K, used 43008K [0x00000000f8300000, 0x0000000100000000, 0x0000000100000000)
  eden space 43008K, 100% used [0x00000000f8300000,0x00000000fad00000,0x00000000fad00000)
  from space 19456K, 0% used [0x00000000fed00000,0x00000000fed00000,0x0000000100000000)
  to   space 42496K, 0% used [0x00000000fad00000,0x00000000fad00000,0x00000000fd680000)
 ParOldGen       total 134144K, used 133731K [0x00000000f0000000, 0x00000000f8300000, 0x00000000f8300000)
  object space 134144K, 99% used [0x00000000f0000000,0x00000000f8298ec0,0x00000000f8300000)
 Metaspace       used 52309K, capacity 55166K, committed 55936K, reserved 1097728K
  class space    used 6359K, capacity 6865K, committed 7040K, reserved 1048576K
2023-01-17T04:27:25.194+0800: 144.144: [Full GC (Ergonomics) [PSYoungGen: 43008K->4915K(62464K)] [ParOldGen: 133731K->134060K(134144K)] 176739K->138976K(196608K), [Metaspace: 52309K->52309K(1097728K)], 0.1225697 secs] [Times: user=0.28 sys=0.00, real=0.12 secs] 
Heap after GC invocations=633 (full 615):
 PSYoungGen      total 62464K, used 4915K [0x00000000f8300000, 0x0000000100000000, 0x0000000100000000)
  eden space 43008K, 11% used [0x00000000f8300000,0x00000000f87ccde8,0x00000000fad00000)
  from space 19456K, 0% used [0x00000000fed00000,0x00000000fed00000,0x0000000100000000)
  to   space 42496K, 0% used [0x00000000fad00000,0x00000000fad00000,0x00000000fd680000)
 ParOldGen       total 134144K, used 134060K [0x00000000f0000000, 0x00000000f8300000, 0x00000000f8300000)
  object space 134144K, 99% used [0x00000000f0000000,0x00000000f82eb260,0x00000000f8300000)
 Metaspace       used 52309K, capacity 55166K, committed 55936K, reserved 1097728K
  class space    used 6359K, capacity 6865K, committed 7040K, reserved 1048576K
}
{Heap before GC invocations=634 (full 616):
 PSYoungGen      total 62464K, used 43008K [0x00000000f8300000, 0x0000000100000000, 0x0000000100000000)
  eden space 43008K, 100% used [0x00000000f8300000,0x00000000fad00000,0x00000000fad00000)
  from space 19456K, 0% used [0x00000000fed00000,0x00000000fed00000,0x0000000100000000)
  to   space 42496K, 0% used [0x00000000fad00000,0x00000000fad00000,0x00000000fd680000)
 ParOldGen       total 134144K, used 134060K [0x00000000f0000000, 0x00000000f8300000, 0x00000000f8300000)
  object space 134144K, 99% used [0x00000000f0000000,0x00000000f82eb260,0x00000000f8300000)
 Metaspace       used 52309K, capacity 55166K, committed 55936K, reserved 1097728K
  class space    used 6359K, capacity 6865K, committed 7040K, reserved 1048576K
2023-01-17T04:27:25.365+0800: 144.315: [Full GC (Ergonomics) [PSYoungGen: 43008K->5074K(62464K)] [ParOldGen: 134060K->133895K(134144K)] 177068K->138970K(196608K), [Metaspace: 52309K->52309K(1097728K)], 0.1278131 secs] [Times: user=0.29 sys=0.00, real=0.13 secs] 
Heap after GC invocations=634 (full 616):
 PSYoungGen      total 62464K, used 5074K [0x00000000f8300000, 0x0000000100000000, 0x0000000100000000)
  eden space 43008K, 11% used [0x00000000f8300000,0x00000000f87f4a88,0x00000000fad00000)
  from space 19456K, 0% used [0x00000000fed00000,0x00000000fed00000,0x0000000100000000)
  to   space 42496K, 0% used [0x00000000fad00000,0x00000000fad00000,0x00000000fd680000)
 ParOldGen       total 134144K, used 133895K [0x00000000f0000000, 0x00000000f8300000, 0x00000000f8300000)
  object space 134144K, 99% used [0x00000000f0000000,0x00000000f82c1ea8,0x00000000f8300000)
 Metaspace       used 52309K, capacity 55166K, committed 55936K, reserved 1097728K
  class space    used 6359K, capacity 6865K, committed 7040K, reserved 1048576K
}
{Heap before GC invocations=635 (full 617):
 PSYoungGen      total 62464K, used 43008K [0x00000000f8300000, 0x0000000100000000, 0x0000000100000000)
  eden space 43008K, 100% used [0x00000000f8300000,0x00000000fad00000,0x00000000fad00000)
  from space 19456K, 0% used [0x00000000fed00000,0x00000000fed00000,0x0000000100000000)
  to   space 42496K, 0% used [0x00000000fad00000,0x00000000fad00000,0x00000000fd680000)
 ParOldGen       total 134144K, used 133895K [0x00000000f0000000, 0x00000000f8300000, 0x00000000f8300000)
  object space 134144K, 99% used [0x00000000f0000000,0x00000000f82c1ea8,0x00000000f8300000)
 Metaspace       used 52309K, capacity 55166K, committed 55936K, reserved 1097728K
  class space    used 6359K, capacity 6865K, committed 7040K, reserved 1048576K
2023-01-17T04:27:25.552+0800: 144.502: [Full GC (Ergonomics) [PSYoungGen: 43008K->5137K(62464K)] [ParOldGen: 133895K->133807K(134144K)] 176903K->138945K(196608K), [Metaspace: 52309K->52309K(1097728K)], 0.1414103 secs] [Times: user=0.33 sys=0.00, real=0.14 secs] 
Heap after GC invocations=635 (full 617):
 PSYoungGen      total 62464K, used 5137K [0x00000000f8300000, 0x0000000100000000, 0x0000000100000000)
  eden space 43008K, 11% used [0x00000000f8300000,0x00000000f88045f8,0x00000000fad00000)
  from space 19456K, 0% used [0x00000000fed00000,0x00000000fed00000,0x0000000100000000)
  to   space 42496K, 0% used [0x00000000fad00000,0x00000000fad00000,0x00000000fd680000)
 ParOldGen       total 134144K, used 133807K [0x00000000f0000000, 0x00000000f8300000, 0x00000000f8300000)
  object space 134144K, 99% used [0x00000000f0000000,0x00000000f82abea8,0x00000000f8300000)
 Metaspace       used 52309K, capacity 55166K, committed 55936K, reserved 1097728K
  class space    used 6359K, capacity 6865K, committed 7040K, reserved 1048576K
}
{Heap before GC invocations=636 (full 618):
 PSYoungGen      total 62464K, used 43008K [0x00000000f8300000, 0x0000000100000000, 0x0000000100000000)
  eden space 43008K, 100% used [0x00000000f8300000,0x00000000fad00000,0x00000000fad00000)
  from space 19456K, 0% used [0x00000000fed00000,0x00000000fed00000,0x0000000100000000)
  to   space 42496K, 0% used [0x00000000fad00000,0x00000000fad00000,0x00000000fd680000)
 ParOldGen       total 134144K, used 133807K [0x00000000f0000000, 0x00000000f8300000, 0x00000000f8300000)
  object space 134144K, 99% used [0x00000000f0000000,0x00000000f82abea8,0x00000000f8300000)
 Metaspace       used 52309K, capacity 55166K, committed 55936K, reserved 1097728K
  class space    used 6359K, capacity 6865K, committed 7040K, reserved 1048576K
2023-01-17T04:27:25.746+0800: 144.696: [Full GC (Ergonomics) [PSYoungGen: 43008K->4818K(62464K)] [ParOldGen: 133807K->134141K(134144K)] 176815K->138960K(196608K), [Metaspace: 52309K->52309K(1097728K)], 0.1109394 secs] [Times: user=0.28 sys=0.00, real=0.11 secs] 
Heap after GC invocations=636 (full 618):
 PSYoungGen      total 62464K, used 4818K [0x00000000f8300000, 0x0000000100000000, 0x0000000100000000)
  eden space 43008K, 11% used [0x00000000f8300000,0x00000000f87b4960,0x00000000fad00000)
  from space 19456K, 0% used [0x00000000fed00000,0x00000000fed00000,0x0000000100000000)
  to   space 42496K, 0% used [0x00000000fad00000,0x00000000fad00000,0x00000000fd680000)
 ParOldGen       total 134144K, used 134141K [0x00000000f0000000, 0x00000000f8300000, 0x00000000f8300000)
  object space 134144K, 99% used [0x00000000f0000000,0x00000000f82ff6c8,0x00000000f8300000)
 Metaspace       used 52309K, capacity 55166K, committed 55936K, reserved 1097728K
  class space    used 6359K, capacity 6865K, committed 7040K, reserved 1048576K
}
{Heap before GC invocations=637 (full 619):
 PSYoungGen      total 62464K, used 43008K [0x00000000f8300000, 0x0000000100000000, 0x0000000100000000)
  eden space 43008K, 100% used [0x00000000f8300000,0x00000000fad00000,0x00000000fad00000)
  from space 19456K, 0% used [0x00000000fed00000,0x00000000fed00000,0x0000000100000000)
  to   space 42496K, 0% used [0x00000000fad00000,0x00000000fad00000,0x00000000fd680000)
 ParOldGen       total 134144K, used 134141K [0x00000000f0000000, 0x00000000f8300000, 0x00000000f8300000)
  object space 134144K, 99% used [0x00000000f0000000,0x00000000f82ff6c8,0x00000000f8300000)
 Metaspace       used 52309K, capacity 55166K, committed 55936K, reserved 1097728K
  class space    used 6359K, capacity 6865K, committed 7040K, reserved 1048576K
2023-01-17T04:27:25.905+0800: 144.855: [Full GC (Ergonomics) [PSYoungGen: 43008K->5036K(62464K)] [ParOldGen: 134141K->133953K(134144K)] 177149K->138989K(196608K), [Metaspace: 52309K->52309K(1097728K)], 0.1435906 secs] [Times: user=0.41 sys=0.00, real=0.14 secs] 
Heap after GC invocations=637 (full 619):
 PSYoungGen      total 62464K, used 5036K [0x00000000f8300000, 0x0000000100000000, 0x0000000100000000)
  eden space 43008K, 11% used [0x00000000f8300000,0x00000000f87eb110,0x00000000fad00000)
  from space 19456K, 0% used [0x00000000fed00000,0x00000000fed00000,0x0000000100000000)
  to   space 42496K, 0% used [0x00000000fad00000,0x00000000fad00000,0x00000000fd680000)
 ParOldGen       total 134144K, used 133953K [0x00000000f0000000, 0x00000000f8300000, 0x00000000f8300000)
  object space 134144K, 99% used [0x00000000f0000000,0x00000000f82d0610,0x00000000f8300000)
 Metaspace       used 52309K, capacity 55166K, committed 55936K, reserved 1097728K
  class space    used 6359K, capacity 6865K, committed 7040K, reserved 1048576K
}
{Heap before GC invocations=638 (full 620):
 PSYoungGen      total 62464K, used 43008K [0x00000000f8300000, 0x0000000100000000, 0x0000000100000000)
  eden space 43008K, 100% used [0x00000000f8300000,0x00000000fad00000,0x00000000fad00000)
  from space 19456K, 0% used [0x00000000fed00000,0x00000000fed00000,0x0000000100000000)
  to   space 42496K, 0% used [0x00000000fad00000,0x00000000fad00000,0x00000000fd680000)
 ParOldGen       total 134144K, used 133953K [0x00000000f0000000, 0x00000000f8300000, 0x00000000f8300000)
  object space 134144K, 99% used [0x00000000f0000000,0x00000000f82d0610,0x00000000f8300000)
 Metaspace       used 52309K, capacity 55166K, committed 55936K, reserved 1097728K
  class space    used 6359K, capacity 6865K, committed 7040K, reserved 1048576K
2023-01-17T04:27:26.097+0800: 145.047: [Full GC (Ergonomics) [PSYoungGen: 43008K->5168K(62464K)] [ParOldGen: 133953K->133813K(134144K)] 176961K->138981K(196608K), [Metaspace: 52309K->52309K(1097728K)], 0.1530353 secs] [Times: user=0.35 sys=0.00, real=0.16 secs] 
Heap after GC invocations=638 (full 620):
 PSYoungGen      total 62464K, used 5168K [0x00000000f8300000, 0x0000000100000000, 0x0000000100000000)
  eden space 43008K, 12% used [0x00000000f8300000,0x00000000f880c1d8,0x00000000fad00000)
  from space 19456K, 0% used [0x00000000fed00000,0x00000000fed00000,0x0000000100000000)
  to   space 42496K, 0% used [0x00000000fad00000,0x00000000fad00000,0x00000000fd680000)
 ParOldGen       total 134144K, used 133813K [0x00000000f0000000, 0x00000000f8300000, 0x00000000f8300000)
  object space 134144K, 99% used [0x00000000f0000000,0x00000000f82ad480,0x00000000f8300000)
 Metaspace       used 52309K, capacity 55166K, committed 55936K, reserved 1097728K
  class space    used 6359K, capacity 6865K, committed 7040K, reserved 1048576K
}
{Heap before GC invocations=639 (full 621):
 PSYoungGen      total 62464K, used 43008K [0x00000000f8300000, 0x0000000100000000, 0x0000000100000000)
  eden space 43008K, 100% used [0x00000000f8300000,0x00000000fad00000,0x00000000fad00000)
  from space 19456K, 0% used [0x00000000fed00000,0x00000000fed00000,0x0000000100000000)
  to   space 42496K, 0% used [0x00000000fad00000,0x00000000fad00000,0x00000000fd680000)
 ParOldGen       total 134144K, used 133813K [0x00000000f0000000, 0x00000000f8300000, 0x00000000f8300000)
  object space 134144K, 99% used [0x00000000f0000000,0x00000000f82ad480,0x00000000f8300000)
 Metaspace       used 52309K, capacity 55166K, committed 55936K, reserved 1097728K
  class space    used 6359K, capacity 6865K, committed 7040K, reserved 1048576K
2023-01-17T04:27:26.313+0800: 145.263: [Full GC (Ergonomics) [PSYoungGen: 43008K->4845K(62464K)] [ParOldGen: 133813K->134141K(134144K)] 176821K->138987K(196608K), [Metaspace: 52309K->52309K(1097728K)], 0.1577615 secs] [Times: user=0.29 sys=0.00, real=0.16 secs] 
Heap after GC invocations=639 (full 621):
 PSYoungGen      total 62464K, used 4845K [0x00000000f8300000, 0x0000000100000000, 0x0000000100000000)
  eden space 43008K, 11% used [0x00000000f8300000,0x00000000f87bb7c8,0x00000000fad00000)
  from space 19456K, 0% used [0x00000000fed00000,0x00000000fed00000,0x0000000100000000)
  to   space 42496K, 0% used [0x00000000fad00000,0x00000000fad00000,0x00000000fd680000)
 ParOldGen       total 134144K, used 134141K [0x00000000f0000000, 0x00000000f8300000, 0x00000000f8300000)
  object space 134144K, 99% used [0x00000000f0000000,0x00000000f82ff500,0x00000000f8300000)
 Metaspace       used 52309K, capacity 55166K, committed 55936K, reserved 1097728K
  class space    used 6359K, capacity 6865K, committed 7040K, reserved 1048576K
}
{Heap before GC invocations=640 (full 622):
 PSYoungGen      total 62464K, used 43008K [0x00000000f8300000, 0x0000000100000000, 0x0000000100000000)
  eden space 43008K, 100% used [0x00000000f8300000,0x00000000fad00000,0x00000000fad00000)
  from space 19456K, 0% used [0x00000000fed00000,0x00000000fed00000,0x0000000100000000)
  to   space 42496K, 0% used [0x00000000fad00000,0x00000000fad00000,0x00000000fd680000)
 ParOldGen       total 134144K, used 134141K [0x00000000f0000000, 0x00000000f8300000, 0x00000000f8300000)
  object space 134144K, 99% used [0x00000000f0000000,0x00000000f82ff500,0x00000000f8300000)
 Metaspace       used 52309K, capacity 55166K, committed 55936K, reserved 1097728K
  class space    used 6359K, capacity 6865K, committed 7040K, reserved 1048576K
2023-01-17T04:27:26.528+0800: 145.478: [Full GC (Ergonomics) [PSYoungGen: 43008K->4973K(62464K)] [ParOldGen: 134141K->134010K(134144K)] 177149K->138983K(196608K), [Metaspace: 52309K->52309K(1097728K)], 0.1254377 secs] [Times: user=0.33 sys=0.01, real=0.13 secs] 
Heap after GC invocations=640 (full 622):
 PSYoungGen      total 62464K, used 4973K [0x00000000f8300000, 0x0000000100000000, 0x0000000100000000)
  eden space 43008K, 11% used [0x00000000f8300000,0x00000000f87db770,0x00000000fad00000)
  from space 19456K, 0% used [0x00000000fed00000,0x00000000fed00000,0x0000000100000000)
  to   space 42496K, 0% used [0x00000000fad00000,0x00000000fad00000,0x00000000fd680000)
 ParOldGen       total 134144K, used 134010K [0x00000000f0000000, 0x00000000f8300000, 0x00000000f8300000)
  object space 134144K, 99% used [0x00000000f0000000,0x00000000f82de810,0x00000000f8300000)
 Metaspace       used 52309K, capacity 55166K, committed 55936K, reserved 1097728K
  class space    used 6359K, capacity 6865K, committed 7040K, reserved 1048576K
}
{Heap before GC invocations=641 (full 623):
 PSYoungGen      total 62464K, used 43008K [0x00000000f8300000, 0x0000000100000000, 0x0000000100000000)
  eden space 43008K, 100% used [0x00000000f8300000,0x00000000fad00000,0x00000000fad00000)
  from space 19456K, 0% used [0x00000000fed00000,0x00000000fed00000,0x0000000100000000)
  to   space 42496K, 0% used [0x00000000fad00000,0x00000000fad00000,0x00000000fd680000)
 ParOldGen       total 134144K, used 134010K [0x00000000f0000000, 0x00000000f8300000, 0x00000000f8300000)
  object space 134144K, 99% used [0x00000000f0000000,0x00000000f82de810,0x00000000f8300000)
 Metaspace       used 52309K, capacity 55166K, committed 55936K, reserved 1097728K
  class space    used 6359K, capacity 6865K, committed 7040K, reserved 1048576K
2023-01-17T04:27:26.702+0800: 145.651: [Full GC (Ergonomics) [PSYoungGen: 43008K->5160K(62464K)] [ParOldGen: 134010K->133846K(134144K)] 177018K->139007K(196608K), [Metaspace: 52309K->52309K(1097728K)], 0.1216129 secs] [Times: user=0.32 sys=0.00, real=0.12 secs] 
Heap after GC invocations=641 (full 623):
 PSYoungGen      total 62464K, used 5160K [0x00000000f8300000, 0x0000000100000000, 0x0000000100000000)
  eden space 43008K, 11% used [0x00000000f8300000,0x00000000f880a330,0x00000000fad00000)
  from space 19456K, 0% used [0x00000000fed00000,0x00000000fed00000,0x0000000100000000)
  to   space 42496K, 0% used [0x00000000fad00000,0x00000000fad00000,0x00000000fd680000)
 ParOldGen       total 134144K, used 133846K [0x00000000f0000000, 0x00000000f8300000, 0x00000000f8300000)
  object space 134144K, 99% used [0x00000000f0000000,0x00000000f82b5a70,0x00000000f8300000)
 Metaspace       used 52309K, capacity 55166K, committed 55936K, reserved 1097728K
  class space    used 6359K, capacity 6865K, committed 7040K, reserved 1048576K
}
{Heap before GC invocations=642 (full 624):
 PSYoungGen      total 62464K, used 43008K [0x00000000f8300000, 0x0000000100000000, 0x0000000100000000)
  eden space 43008K, 100% used [0x00000000f8300000,0x00000000fad00000,0x00000000fad00000)
  from space 19456K, 0% used [0x00000000fed00000,0x00000000fed00000,0x0000000100000000)
  to   space 42496K, 0% used [0x00000000fad00000,0x00000000fad00000,0x00000000fd680000)
 ParOldGen       total 134144K, used 133846K [0x00000000f0000000, 0x00000000f8300000, 0x00000000f8300000)
  object space 134144K, 99% used [0x00000000f0000000,0x00000000f82b5a70,0x00000000f8300000)
 Metaspace       used 52309K, capacity 55166K, committed 55936K, reserved 1097728K
  class space    used 6359K, capacity 6865K, committed 7040K, reserved 1048576K
2023-01-17T04:27:26.871+0800: 145.820: [Full GC (Ergonomics) [PSYoungGen: 43008K->4864K(62464K)] [ParOldGen: 133846K->134120K(134144K)] 176854K->138985K(196608K), [Metaspace: 52309K->52309K(1097728K)], 0.1181265 secs] [Times: user=0.29 sys=0.00, real=0.11 secs] 
Heap after GC invocations=642 (full 624):
 PSYoungGen      total 62464K, used 4864K [0x00000000f8300000, 0x0000000100000000, 0x0000000100000000)
  eden space 43008K, 11% used [0x00000000f8300000,0x00000000f87c0248,0x00000000fad00000)
  from space 19456K, 0% used [0x00000000fed00000,0x00000000fed00000,0x0000000100000000)
  to   space 42496K, 0% used [0x00000000fad00000,0x00000000fad00000,0x00000000fd680000)
 ParOldGen       total 134144K, used 134120K [0x00000000f0000000, 0x00000000f8300000, 0x00000000f8300000)
  object space 134144K, 99% used [0x00000000f0000000,0x00000000f82fa2d8,0x00000000f8300000)
 Metaspace       used 52309K, capacity 55166K, committed 55936K, reserved 1097728K
  class space    used 6359K, capacity 6865K, committed 7040K, reserved 1048576K
}
{Heap before GC invocations=643 (full 625):
 PSYoungGen      total 62464K, used 43008K [0x00000000f8300000, 0x0000000100000000, 0x0000000100000000)
  eden space 43008K, 100% used [0x00000000f8300000,0x00000000fad00000,0x00000000fad00000)
  from space 19456K, 0% used [0x00000000fed00000,0x00000000fed00000,0x0000000100000000)
  to   space 42496K, 0% used [0x00000000fad00000,0x00000000fad00000,0x00000000fd680000)
 ParOldGen       total 134144K, used 134120K [0x00000000f0000000, 0x00000000f8300000, 0x00000000f8300000)
  object space 134144K, 99% used [0x00000000f0000000,0x00000000f82fa2d8,0x00000000f8300000)
 Metaspace       used 52309K, capacity 55166K, committed 55936K, reserved 1097728K
  class space    used 6359K, capacity 6865K, committed 7040K, reserved 1048576K
2023-01-17T04:27:27.050+0800: 146.000: [Full GC (Ergonomics) [PSYoungGen: 43008K->4948K(62464K)] [ParOldGen: 134120K->134023K(134144K)] 177128K->138971K(196608K), [Metaspace: 52309K->52309K(1097728K)], 0.1306811 secs] [Times: user=0.30 sys=0.00, real=0.13 secs] 
Heap after GC invocations=643 (full 625):
 PSYoungGen      total 62464K, used 4948K [0x00000000f8300000, 0x0000000100000000, 0x0000000100000000)
  eden space 43008K, 11% used [0x00000000f8300000,0x00000000f87d5050,0x00000000fad00000)
  from space 19456K, 0% used [0x00000000fed00000,0x00000000fed00000,0x0000000100000000)
  to   space 42496K, 0% used [0x00000000fad00000,0x00000000fad00000,0x00000000fd680000)
 ParOldGen       total 134144K, used 134023K [0x00000000f0000000, 0x00000000f8300000, 0x00000000f8300000)
  object space 134144K, 99% used [0x00000000f0000000,0x00000000f82e1f30,0x00000000f8300000)
 Metaspace       used 52309K, capacity 55166K, committed 55936K, reserved 1097728K
  class space    used 6359K, capacity 6865K, committed 7040K, reserved 1048576K
}
{Heap before GC invocations=644 (full 626):
 PSYoungGen      total 62464K, used 43008K [0x00000000f8300000, 0x0000000100000000, 0x0000000100000000)
  eden space 43008K, 100% used [0x00000000f8300000,0x00000000fad00000,0x00000000fad00000)
  from space 19456K, 0% used [0x00000000fed00000,0x00000000fed00000,0x0000000100000000)
  to   space 42496K, 0% used [0x00000000fad00000,0x00000000fad00000,0x00000000fd680000)
 ParOldGen       total 134144K, used 134023K [0x00000000f0000000, 0x00000000f8300000, 0x00000000f8300000)
  object space 134144K, 99% used [0x00000000f0000000,0x00000000f82e1f30,0x00000000f8300000)
 Metaspace       used 52309K, capacity 55166K, committed 55936K, reserved 1097728K
  class space    used 6359K, capacity 6865K, committed 7040K, reserved 1048576K
2023-01-17T04:27:27.236+0800: 146.186: [Full GC (Ergonomics) [PSYoungGen: 43008K->5090K(62464K)] [ParOldGen: 134023K->133906K(134144K)] 177031K->138997K(196608K), [Metaspace: 52309K->52309K(1097728K)], 0.1115721 secs] [Times: user=0.28 sys=0.00, real=0.11 secs] 
Heap after GC invocations=644 (full 626):
 PSYoungGen      total 62464K, used 5090K [0x00000000f8300000, 0x0000000100000000, 0x0000000100000000)
  eden space 43008K, 11% used [0x00000000f8300000,0x00000000f87f88c8,0x00000000fad00000)
  from space 19456K, 0% used [0x00000000fed00000,0x00000000fed00000,0x0000000100000000)
  to   space 42496K, 0% used [0x00000000fad00000,0x00000000fad00000,0x00000000fd680000)
 ParOldGen       total 134144K, used 133906K [0x00000000f0000000, 0x00000000f8300000, 0x00000000f8300000)
  object space 134144K, 99% used [0x00000000f0000000,0x00000000f82c4b60,0x00000000f8300000)
 Metaspace       used 52309K, capacity 55166K, committed 55936K, reserved 1097728K
  class space    used 6359K, capacity 6865K, committed 7040K, reserved 1048576K
}
{Heap before GC invocations=645 (full 627):
 PSYoungGen      total 62464K, used 43008K [0x00000000f8300000, 0x0000000100000000, 0x0000000100000000)
  eden space 43008K, 100% used [0x00000000f8300000,0x00000000fad00000,0x00000000fad00000)
  from space 19456K, 0% used [0x00000000fed00000,0x00000000fed00000,0x0000000100000000)
  to   space 42496K, 0% used [0x00000000fad00000,0x00000000fad00000,0x00000000fd680000)
 ParOldGen       total 134144K, used 133906K [0x00000000f0000000, 0x00000000f8300000, 0x00000000f8300000)
  object space 134144K, 99% used [0x00000000f0000000,0x00000000f82c4b60,0x00000000f8300000)
 Metaspace       used 52309K, capacity 55166K, committed 55936K, reserved 1097728K
  class space    used 6359K, capacity 6865K, committed 7040K, reserved 1048576K
2023-01-17T04:27:27.395+0800: 146.345: [Full GC (Ergonomics) [PSYoungGen: 43008K->5218K(62464K)] [ParOldGen: 133906K->133771K(134144K)] 176914K->138990K(196608K), [Metaspace: 52309K->52309K(1097728K)], 0.1226072 secs] [Times: user=0.33 sys=0.00, real=0.12 secs] 
Heap after GC invocations=645 (full 627):
 PSYoungGen      total 62464K, used 5218K [0x00000000f8300000, 0x0000000100000000, 0x0000000100000000)
  eden space 43008K, 12% used [0x00000000f8300000,0x00000000f8818bc0,0x00000000fad00000)
  from space 19456K, 0% used [0x00000000fed00000,0x00000000fed00000,0x0000000100000000)
  to   space 42496K, 0% used [0x00000000fad00000,0x00000000fad00000,0x00000000fd680000)
 ParOldGen       total 134144K, used 133771K [0x00000000f0000000, 0x00000000f8300000, 0x00000000f8300000)
  object space 134144K, 99% used [0x00000000f0000000,0x00000000f82a2c70,0x00000000f8300000)
 Metaspace       used 52309K, capacity 55166K, committed 55936K, reserved 1097728K
  class space    used 6359K, capacity 6865K, committed 7040K, reserved 1048576K
}
{Heap before GC invocations=646 (full 628):
 PSYoungGen      total 62464K, used 43008K [0x00000000f8300000, 0x0000000100000000, 0x0000000100000000)
  eden space 43008K, 100% used [0x00000000f8300000,0x00000000fad00000,0x00000000fad00000)
  from space 19456K, 0% used [0x00000000fed00000,0x00000000fed00000,0x0000000100000000)
  to   space 42496K, 0% used [0x00000000fad00000,0x00000000fad00000,0x00000000fd680000)
 ParOldGen       total 134144K, used 133771K [0x00000000f0000000, 0x00000000f8300000, 0x00000000f8300000)
  object space 134144K, 99% used [0x00000000f0000000,0x00000000f82a2c70,0x00000000f8300000)
 Metaspace       used 52309K, capacity 55166K, committed 55936K, reserved 1097728K
  class space    used 6359K, capacity 6865K, committed 7040K, reserved 1048576K
2023-01-17T04:27:27.569+0800: 146.519: [Full GC (Ergonomics) [PSYoungGen: 43008K->4877K(62464K)] [ParOldGen: 133771K->134092K(134144K)] 176779K->138970K(196608K), [Metaspace: 52309K->52309K(1097728K)], 0.1383494 secs] [Times: user=0.31 sys=0.00, real=0.14 secs] 
Heap after GC invocations=646 (full 628):
 PSYoungGen      total 62464K, used 4877K [0x00000000f8300000, 0x0000000100000000, 0x0000000100000000)
  eden space 43008K, 11% used [0x00000000f8300000,0x00000000f87c37e0,0x00000000fad00000)
  from space 19456K, 0% used [0x00000000fed00000,0x00000000fed00000,0x0000000100000000)
  to   space 42496K, 0% used [0x00000000fad00000,0x00000000fad00000,0x00000000fd680000)
 ParOldGen       total 134144K, used 134092K [0x00000000f0000000, 0x00000000f8300000, 0x00000000f8300000)
  object space 134144K, 99% used [0x00000000f0000000,0x00000000f82f32f0,0x00000000f8300000)
 Metaspace       used 52309K, capacity 55166K, committed 55936K, reserved 1097728K
  class space    used 6359K, capacity 6865K, committed 7040K, reserved 1048576K
}
{Heap before GC invocations=647 (full 629):
 PSYoungGen      total 62464K, used 43008K [0x00000000f8300000, 0x0000000100000000, 0x0000000100000000)
  eden space 43008K, 100% used [0x00000000f8300000,0x00000000fad00000,0x00000000fad00000)
  from space 19456K, 0% used [0x00000000fed00000,0x00000000fed00000,0x0000000100000000)
  to   space 42496K, 0% used [0x00000000fad00000,0x00000000fad00000,0x00000000fd680000)
 ParOldGen       total 134144K, used 134092K [0x00000000f0000000, 0x00000000f8300000, 0x00000000f8300000)
  object space 134144K, 99% used [0x00000000f0000000,0x00000000f82f32f0,0x00000000f8300000)
 Metaspace       used 52309K, capacity 55166K, committed 55936K, reserved 1097728K
  class space    used 6359K, capacity 6865K, committed 7040K, reserved 1048576K
2023-01-17T04:27:27.784+0800: 146.734: [Full GC (Ergonomics) [PSYoungGen: 43008K->4944K(62464K)] [ParOldGen: 134092K->134024K(134144K)] 177100K->138969K(196608K), [Metaspace: 52309K->52309K(1097728K)], 0.1524693 secs] [Times: user=0.34 sys=0.00, real=0.15 secs] 
Heap after GC invocations=647 (full 629):
 PSYoungGen      total 62464K, used 4944K [0x00000000f8300000, 0x0000000100000000, 0x0000000100000000)
  eden space 43008K, 11% used [0x00000000f8300000,0x00000000f87d43c8,0x00000000fad00000)
  from space 19456K, 0% used [0x00000000fed00000,0x00000000fed00000,0x0000000100000000)
  to   space 42496K, 0% used [0x00000000fad00000,0x00000000fad00000,0x00000000fd680000)
 ParOldGen       total 134144K, used 134024K [0x00000000f0000000, 0x00000000f8300000, 0x00000000f8300000)
  object space 134144K, 99% used [0x00000000f0000000,0x00000000f82e2100,0x00000000f8300000)
 Metaspace       used 52309K, capacity 55166K, committed 55936K, reserved 1097728K
  class space    used 6359K, capacity 6865K, committed 7040K, reserved 1048576K
}
{Heap before GC invocations=648 (full 630):
 PSYoungGen      total 62464K, used 43008K [0x00000000f8300000, 0x0000000100000000, 0x0000000100000000)
  eden space 43008K, 100% used [0x00000000f8300000,0x00000000fad00000,0x00000000fad00000)
  from space 19456K, 0% used [0x00000000fed00000,0x00000000fed00000,0x0000000100000000)
  to   space 42496K, 0% used [0x00000000fad00000,0x00000000fad00000,0x00000000fd680000)
 ParOldGen       total 134144K, used 134024K [0x00000000f0000000, 0x00000000f8300000, 0x00000000f8300000)
  object space 134144K, 99% used [0x00000000f0000000,0x00000000f82e2100,0x00000000f8300000)
 Metaspace       used 52309K, capacity 55166K, committed 55936K, reserved 1097728K
  class space    used 6359K, capacity 6865K, committed 7040K, reserved 1048576K
2023-01-17T04:27:27.996+0800: 146.946: [Full GC (Ergonomics) [PSYoungGen: 43008K->5042K(62464K)] [ParOldGen: 134024K->133912K(134144K)] 177032K->138955K(196608K), [Metaspace: 52309K->52309K(1097728K)], 0.1326661 secs] [Times: user=0.38 sys=0.00, real=0.13 secs] 
Heap after GC invocations=648 (full 630):
 PSYoungGen      total 62464K, used 5042K [0x00000000f8300000, 0x0000000100000000, 0x0000000100000000)
  eden space 43008K, 11% used [0x00000000f8300000,0x00000000f87ecb30,0x00000000fad00000)
  from space 19456K, 0% used [0x00000000fed00000,0x00000000fed00000,0x0000000100000000)
  to   space 42496K, 0% used [0x00000000fad00000,0x00000000fad00000,0x00000000fd680000)
 ParOldGen       total 134144K, used 133912K [0x00000000f0000000, 0x00000000f8300000, 0x00000000f8300000)
  object space 134144K, 99% used [0x00000000f0000000,0x00000000f82c6168,0x00000000f8300000)
 Metaspace       used 52309K, capacity 55166K, committed 55936K, reserved 1097728K
  class space    used 6359K, capacity 6865K, committed 7040K, reserved 1048576K
}
{Heap before GC invocations=649 (full 631):
 PSYoungGen      total 62464K, used 43008K [0x00000000f8300000, 0x0000000100000000, 0x0000000100000000)
  eden space 43008K, 100% used [0x00000000f8300000,0x00000000fad00000,0x00000000fad00000)
  from space 19456K, 0% used [0x00000000fed00000,0x00000000fed00000,0x0000000100000000)
  to   space 42496K, 0% used [0x00000000fad00000,0x00000000fad00000,0x00000000fd680000)
 ParOldGen       total 134144K, used 133912K [0x00000000f0000000, 0x00000000f8300000, 0x00000000f8300000)
  object space 134144K, 99% used [0x00000000f0000000,0x00000000f82c6168,0x00000000f8300000)
 Metaspace       used 52310K, capacity 55166K, committed 55936K, reserved 1097728K
  class space    used 6359K, capacity 6865K, committed 7040K, reserved 1048576K
2023-01-17T04:27:28.178+0800: 147.128: [Full GC (Ergonomics) [PSYoungGen: 43008K->5185K(62464K)] [ParOldGen: 133912K->133790K(134144K)] 176920K->138976K(196608K), [Metaspace: 52310K->52310K(1097728K)], 0.1238412 secs] [Times: user=0.34 sys=0.00, real=0.13 secs] 
Heap after GC invocations=649 (full 631):
 PSYoungGen      total 62464K, used 5185K [0x00000000f8300000, 0x0000000100000000, 0x0000000100000000)
  eden space 43008K, 12% used [0x00000000f8300000,0x00000000f88107a8,0x00000000fad00000)
  from space 19456K, 0% used [0x00000000fed00000,0x00000000fed00000,0x0000000100000000)
  to   space 42496K, 0% used [0x00000000fad00000,0x00000000fad00000,0x00000000fd680000)
 ParOldGen       total 134144K, used 133790K [0x00000000f0000000, 0x00000000f8300000, 0x00000000f8300000)
  object space 134144K, 99% used [0x00000000f0000000,0x00000000f82a7bf0,0x00000000f8300000)
 Metaspace       used 52310K, capacity 55166K, committed 55936K, reserved 1097728K
  class space    used 6359K, capacity 6865K, committed 7040K, reserved 1048576K
}
{Heap before GC invocations=650 (full 632):
 PSYoungGen      total 62464K, used 43008K [0x00000000f8300000, 0x0000000100000000, 0x0000000100000000)
  eden space 43008K, 100% used [0x00000000f8300000,0x00000000fad00000,0x00000000fad00000)
  from space 19456K, 0% used [0x00000000fed00000,0x00000000fed00000,0x0000000100000000)
  to   space 42496K, 0% used [0x00000000fad00000,0x00000000fad00000,0x00000000fd680000)
 ParOldGen       total 134144K, used 133790K [0x00000000f0000000, 0x00000000f8300000, 0x00000000f8300000)
  object space 134144K, 99% used [0x00000000f0000000,0x00000000f82a7bf0,0x00000000f8300000)
 Metaspace       used 52310K, capacity 55166K, committed 55936K, reserved 1097728K
  class space    used 6359K, capacity 6865K, committed 7040K, reserved 1048576K
2023-01-17T04:27:28.350+0800: 147.300: [Full GC (Ergonomics) [PSYoungGen: 43008K->4876K(62464K)] [ParOldGen: 133790K->134090K(134144K)] 176798K->138967K(196608K), [Metaspace: 52310K->52310K(1097728K)], 0.1339511 secs] [Times: user=0.37 sys=0.00, real=0.13 secs] 
Heap after GC invocations=650 (full 632):
 PSYoungGen      total 62464K, used 4876K [0x00000000f8300000, 0x0000000100000000, 0x0000000100000000)
  eden space 43008K, 11% used [0x00000000f8300000,0x00000000f87c32c8,0x00000000fad00000)
  from space 19456K, 0% used [0x00000000fed00000,0x00000000fed00000,0x0000000100000000)
  to   space 42496K, 0% used [0x00000000fad00000,0x00000000fad00000,0x00000000fd680000)
 ParOldGen       total 134144K, used 134090K [0x00000000f0000000, 0x00000000f8300000, 0x00000000f8300000)
  object space 134144K, 99% used [0x00000000f0000000,0x00000000f82f2bf8,0x00000000f8300000)
 Metaspace       used 52310K, capacity 55166K, committed 55936K, reserved 1097728K
  class space    used 6359K, capacity 6865K, committed 7040K, reserved 1048576K
}
{Heap before GC invocations=651 (full 633):
 PSYoungGen      total 62464K, used 43008K [0x00000000f8300000, 0x0000000100000000, 0x0000000100000000)
  eden space 43008K, 100% used [0x00000000f8300000,0x00000000fad00000,0x00000000fad00000)
  from space 19456K, 0% used [0x00000000fed00000,0x00000000fed00000,0x0000000100000000)
  to   space 42496K, 0% used [0x00000000fad00000,0x00000000fad00000,0x00000000fd680000)
 ParOldGen       total 134144K, used 134090K [0x00000000f0000000, 0x00000000f8300000, 0x00000000f8300000)
  object space 134144K, 99% used [0x00000000f0000000,0x00000000f82f2bf8,0x00000000f8300000)
 Metaspace       used 52310K, capacity 55166K, committed 55936K, reserved 1097728K
  class space    used 6359K, capacity 6865K, committed 7040K, reserved 1048576K
2023-01-17T04:27:28.543+0800: 147.493: [Full GC (Ergonomics) [PSYoungGen: 43008K->4963K(62464K)] [ParOldGen: 134090K->134018K(134144K)] 177098K->138982K(196608K), [Metaspace: 52310K->52310K(1097728K)], 0.1940639 secs] [Times: user=0.47 sys=0.00, real=0.19 secs] 
Heap after GC invocations=651 (full 633):
 PSYoungGen      total 62464K, used 4963K [0x00000000f8300000, 0x0000000100000000, 0x0000000100000000)
  eden space 43008K, 11% used [0x00000000f8300000,0x00000000f87d8e78,0x00000000fad00000)
  from space 19456K, 0% used [0x00000000fed00000,0x00000000fed00000,0x0000000100000000)
  to   space 42496K, 0% used [0x00000000fad00000,0x00000000fad00000,0x00000000fd680000)
 ParOldGen       total 134144K, used 134018K [0x00000000f0000000, 0x00000000f8300000, 0x00000000f8300000)
  object space 134144K, 99% used [0x00000000f0000000,0x00000000f82e0ba8,0x00000000f8300000)
 Metaspace       used 52310K, capacity 55166K, committed 55936K, reserved 1097728K
  class space    used 6359K, capacity 6865K, committed 7040K, reserved 1048576K
}
{Heap before GC invocations=652 (full 634):
 PSYoungGen      total 62464K, used 43008K [0x00000000f8300000, 0x0000000100000000, 0x0000000100000000)
  eden space 43008K, 100% used [0x00000000f8300000,0x00000000fad00000,0x00000000fad00000)
  from space 19456K, 0% used [0x00000000fed00000,0x00000000fed00000,0x0000000100000000)
  to   space 42496K, 0% used [0x00000000fad00000,0x00000000fad00000,0x00000000fd680000)
 ParOldGen       total 134144K, used 134018K [0x00000000f0000000, 0x00000000f8300000, 0x00000000f8300000)
  object space 134144K, 99% used [0x00000000f0000000,0x00000000f82e0ba8,0x00000000f8300000)
 Metaspace       used 52310K, capacity 55166K, committed 55936K, reserved 1097728K
  class space    used 6359K, capacity 6865K, committed 7040K, reserved 1048576K
2023-01-17T04:27:28.789+0800: 147.739: [Full GC (Ergonomics) [PSYoungGen: 43008K->5089K(62464K)] [ParOldGen: 134018K->133884K(134144K)] 177026K->138973K(196608K), [Metaspace: 52310K->52310K(1097728K)], 0.1663863 secs] [Times: user=0.33 sys=0.00, real=0.17 secs] 
Heap after GC invocations=652 (full 634):
 PSYoungGen      total 62464K, used 5089K [0x00000000f8300000, 0x0000000100000000, 0x0000000100000000)
  eden space 43008K, 11% used [0x00000000f8300000,0x00000000f87f8560,0x00000000fad00000)
  from space 19456K, 0% used [0x00000000fed00000,0x00000000fed00000,0x0000000100000000)
  to   space 42496K, 0% used [0x00000000fad00000,0x00000000fad00000,0x00000000fd680000)
 ParOldGen       total 134144K, used 133884K [0x00000000f0000000, 0x00000000f8300000, 0x00000000f8300000)
  object space 134144K, 99% used [0x00000000f0000000,0x00000000f82bf140,0x00000000f8300000)
 Metaspace       used 52310K, capacity 55166K, committed 55936K, reserved 1097728K
  class space    used 6359K, capacity 6865K, committed 7040K, reserved 1048576K
}
{Heap before GC invocations=653 (full 635):
 PSYoungGen      total 62464K, used 43008K [0x00000000f8300000, 0x0000000100000000, 0x0000000100000000)
  eden space 43008K, 100% used [0x00000000f8300000,0x00000000fad00000,0x00000000fad00000)
  from space 19456K, 0% used [0x00000000fed00000,0x00000000fed00000,0x0000000100000000)
  to   space 42496K, 0% used [0x00000000fad00000,0x00000000fad00000,0x00000000fd680000)
 ParOldGen       total 134144K, used 133884K [0x00000000f0000000, 0x00000000f8300000, 0x00000000f8300000)
  object space 134144K, 99% used [0x00000000f0000000,0x00000000f82bf140,0x00000000f8300000)
 Metaspace       used 52310K, capacity 55166K, committed 55936K, reserved 1097728K
  class space    used 6359K, capacity 6865K, committed 7040K, reserved 1048576K
2023-01-17T04:27:29.021+0800: 147.971: [Full GC (Ergonomics) [PSYoungGen: 43008K->5257K(62464K)] [ParOldGen: 133884K->133829K(134144K)] 176892K->139087K(196608K), [Metaspace: 52310K->52310K(1097728K)], 0.1367782 secs] [Times: user=0.38 sys=0.00, real=0.13 secs] 
Heap after GC invocations=653 (full 635):
 PSYoungGen      total 62464K, used 5257K [0x00000000f8300000, 0x0000000100000000, 0x0000000100000000)
  eden space 43008K, 12% used [0x00000000f8300000,0x00000000f8822680,0x00000000fad00000)
  from space 19456K, 0% used [0x00000000fed00000,0x00000000fed00000,0x0000000100000000)
  to   space 42496K, 0% used [0x00000000fad00000,0x00000000fad00000,0x00000000fd680000)
 ParOldGen       total 134144K, used 133829K [0x00000000f0000000, 0x00000000f8300000, 0x00000000f8300000)
  object space 134144K, 99% used [0x00000000f0000000,0x00000000f82b1658,0x00000000f8300000)
 Metaspace       used 52310K, capacity 55166K, committed 55936K, reserved 1097728K
  class space    used 6359K, capacity 6865K, committed 7040K, reserved 1048576K
}
{Heap before GC invocations=654 (full 636):
 PSYoungGen      total 62464K, used 43008K [0x00000000f8300000, 0x0000000100000000, 0x0000000100000000)
  eden space 43008K, 100% used [0x00000000f8300000,0x00000000fad00000,0x00000000fad00000)
  from space 19456K, 0% used [0x00000000fed00000,0x00000000fed00000,0x0000000100000000)
  to   space 42496K, 0% used [0x00000000fad00000,0x00000000fad00000,0x00000000fd680000)
 ParOldGen       total 134144K, used 133829K [0x00000000f0000000, 0x00000000f8300000, 0x00000000f8300000)
  object space 134144K, 99% used [0x00000000f0000000,0x00000000f82b1658,0x00000000f8300000)
 Metaspace       used 52310K, capacity 55166K, committed 55936K, reserved 1097728K
  class space    used 6359K, capacity 6865K, committed 7040K, reserved 1048576K
2023-01-17T04:27:29.228+0800: 148.177: [Full GC (Ergonomics) [PSYoungGen: 43008K->5257K(62464K)] [ParOldGen: 133829K->133714K(134144K)] 176837K->138971K(196608K), [Metaspace: 52310K->52310K(1097728K)], 0.1802157 secs] [Times: user=0.39 sys=0.00, real=0.18 secs] 
Heap after GC invocations=654 (full 636):
 PSYoungGen      total 62464K, used 5257K [0x00000000f8300000, 0x0000000100000000, 0x0000000100000000)
  eden space 43008K, 12% used [0x00000000f8300000,0x00000000f88226d8,0x00000000fad00000)
  from space 19456K, 0% used [0x00000000fed00000,0x00000000fed00000,0x0000000100000000)
  to   space 42496K, 0% used [0x00000000fad00000,0x00000000fad00000,0x00000000fd680000)
 ParOldGen       total 134144K, used 133714K [0x00000000f0000000, 0x00000000f8300000, 0x00000000f8300000)
  object space 134144K, 99% used [0x00000000f0000000,0x00000000f82948b8,0x00000000f8300000)
 Metaspace       used 52310K, capacity 55166K, committed 55936K, reserved 1097728K
  class space    used 6359K, capacity 6865K, committed 7040K, reserved 1048576K
}
{Heap before GC invocations=655 (full 637):
 PSYoungGen      total 62464K, used 43008K [0x00000000f8300000, 0x0000000100000000, 0x0000000100000000)
  eden space 43008K, 100% used [0x00000000f8300000,0x00000000fad00000,0x00000000fad00000)
  from space 19456K, 0% used [0x00000000fed00000,0x00000000fed00000,0x0000000100000000)
  to   space 42496K, 0% used [0x00000000fad00000,0x00000000fad00000,0x00000000fd680000)
 ParOldGen       total 134144K, used 133714K [0x00000000f0000000, 0x00000000f8300000, 0x00000000f8300000)
  object space 134144K, 99% used [0x00000000f0000000,0x00000000f82948b8,0x00000000f8300000)
 Metaspace       used 52310K, capacity 55166K, committed 55936K, reserved 1097728K
  class space    used 6359K, capacity 6865K, committed 7040K, reserved 1048576K
2023-01-17T04:27:29.485+0800: 148.434: [Full GC (Ergonomics) [PSYoungGen: 43008K->4847K(62464K)] [ParOldGen: 133714K->134116K(134144K)] 176722K->138964K(196608K), [Metaspace: 52310K->52310K(1097728K)], 0.1138806 secs] [Times: user=0.28 sys=0.00, real=0.11 secs] 
Heap after GC invocations=655 (full 637):
 PSYoungGen      total 62464K, used 4847K [0x00000000f8300000, 0x0000000100000000, 0x0000000100000000)
  eden space 43008K, 11% used [0x00000000f8300000,0x00000000f87bbcd8,0x00000000fad00000)
  from space 19456K, 0% used [0x00000000fed00000,0x00000000fed00000,0x0000000100000000)
  to   space 42496K, 0% used [0x00000000fad00000,0x00000000fad00000,0x00000000fd680000)
 ParOldGen       total 134144K, used 134116K [0x00000000f0000000, 0x00000000f8300000, 0x00000000f8300000)
  object space 134144K, 99% used [0x00000000f0000000,0x00000000f82f93d8,0x00000000f8300000)
 Metaspace       used 52310K, capacity 55166K, committed 55936K, reserved 1097728K
  class space    used 6359K, capacity 6865K, committed 7040K, reserved 1048576K
}
{Heap before GC invocations=656 (full 638):
 PSYoungGen      total 62464K, used 43008K [0x00000000f8300000, 0x0000000100000000, 0x0000000100000000)
  eden space 43008K, 100% used [0x00000000f8300000,0x00000000fad00000,0x00000000fad00000)
  from space 19456K, 0% used [0x00000000fed00000,0x00000000fed00000,0x0000000100000000)
  to   space 42496K, 0% used [0x00000000fad00000,0x00000000fad00000,0x00000000fd680000)
 ParOldGen       total 134144K, used 134116K [0x00000000f0000000, 0x00000000f8300000, 0x00000000f8300000)
  object space 134144K, 99% used [0x00000000f0000000,0x00000000f82f93d8,0x00000000f8300000)
 Metaspace       used 52310K, capacity 55166K, committed 55936K, reserved 1097728K
  class space    used 6359K, capacity 6865K, committed 7040K, reserved 1048576K
2023-01-17T04:27:29.660+0800: 148.610: [Full GC (Ergonomics) [PSYoungGen: 43008K->4955K(62464K)] [ParOldGen: 134116K->134006K(134144K)] 177124K->138961K(196608K), [Metaspace: 52310K->52310K(1097728K)], 0.1466367 secs] [Times: user=0.42 sys=0.00, real=0.14 secs] 
Heap after GC invocations=656 (full 638):
 PSYoungGen      total 62464K, used 4955K [0x00000000f8300000, 0x0000000100000000, 0x0000000100000000)
  eden space 43008K, 11% used [0x00000000f8300000,0x00000000f87d6e78,0x00000000fad00000)
  from space 19456K, 0% used [0x00000000fed00000,0x00000000fed00000,0x0000000100000000)
  to   space 42496K, 0% used [0x00000000fad00000,0x00000000fad00000,0x00000000fd680000)
 ParOldGen       total 134144K, used 134006K [0x00000000f0000000, 0x00000000f8300000, 0x00000000f8300000)
  object space 134144K, 99% used [0x00000000f0000000,0x00000000f82dd820,0x00000000f8300000)
 Metaspace       used 52310K, capacity 55166K, committed 55936K, reserved 1097728K
  class space    used 6359K, capacity 6865K, committed 7040K, reserved 1048576K
}
{Heap before GC invocations=657 (full 639):
 PSYoungGen      total 62464K, used 43008K [0x00000000f8300000, 0x0000000100000000, 0x0000000100000000)
  eden space 43008K, 100% used [0x00000000f8300000,0x00000000fad00000,0x00000000fad00000)
  from space 19456K, 0% used [0x00000000fed00000,0x00000000fed00000,0x0000000100000000)
  to   space 42496K, 0% used [0x00000000fad00000,0x00000000fad00000,0x00000000fd680000)
 ParOldGen       total 134144K, used 134006K [0x00000000f0000000, 0x00000000f8300000, 0x00000000f8300000)
  object space 134144K, 99% used [0x00000000f0000000,0x00000000f82dd820,0x00000000f8300000)
 Metaspace       used 52310K, capacity 55166K, committed 55936K, reserved 1097728K
  class space    used 6359K, capacity 6865K, committed 7040K, reserved 1048576K
2023-01-17T04:27:29.870+0800: 148.820: [Full GC (Ergonomics) [PSYoungGen: 43008K->5056K(62464K)] [ParOldGen: 134006K->133929K(134144K)] 177014K->138985K(196608K), [Metaspace: 52310K->52310K(1097728K)], 0.1424991 secs] [Times: user=0.41 sys=0.00, real=0.14 secs] 
Heap after GC invocations=657 (full 639):
 PSYoungGen      total 62464K, used 5056K [0x00000000f8300000, 0x0000000100000000, 0x0000000100000000)
  eden space 43008K, 11% used [0x00000000f8300000,0x00000000f87f0008,0x00000000fad00000)
  from space 19456K, 0% used [0x00000000fed00000,0x00000000fed00000,0x0000000100000000)
  to   space 42496K, 0% used [0x00000000fad00000,0x00000000fad00000,0x00000000fd680000)
 ParOldGen       total 134144K, used 133929K [0x00000000f0000000, 0x00000000f8300000, 0x00000000f8300000)
  object space 134144K, 99% used [0x00000000f0000000,0x00000000f82ca7e8,0x00000000f8300000)
 Metaspace       used 52310K, capacity 55166K, committed 55936K, reserved 1097728K
  class space    used 6359K, capacity 6865K, committed 7040K, reserved 1048576K
}
{Heap before GC invocations=658 (full 640):
 PSYoungGen      total 62464K, used 43008K [0x00000000f8300000, 0x0000000100000000, 0x0000000100000000)
  eden space 43008K, 100% used [0x00000000f8300000,0x00000000fad00000,0x00000000fad00000)
  from space 19456K, 0% used [0x00000000fed00000,0x00000000fed00000,0x0000000100000000)
  to   space 42496K, 0% used [0x00000000fad00000,0x00000000fad00000,0x00000000fd680000)
 ParOldGen       total 134144K, used 133929K [0x00000000f0000000, 0x00000000f8300000, 0x00000000f8300000)
  object space 134144K, 99% used [0x00000000f0000000,0x00000000f82ca7e8,0x00000000f8300000)
 Metaspace       used 52310K, capacity 55166K, committed 55936K, reserved 1097728K
  class space    used 6359K, capacity 6865K, committed 7040K, reserved 1048576K
2023-01-17T04:27:30.124+0800: 149.074: [Full GC (Ergonomics) [PSYoungGen: 43008K->5088K(62464K)] [ParOldGen: 133929K->133883K(134144K)] 176937K->138971K(196608K), [Metaspace: 52310K->52310K(1097728K)], 0.1965710 secs] [Times: user=0.38 sys=0.01, real=0.20 secs] 
Heap after GC invocations=658 (full 640):
 PSYoungGen      total 62464K, used 5088K [0x00000000f8300000, 0x0000000100000000, 0x0000000100000000)
  eden space 43008K, 11% used [0x00000000f8300000,0x00000000f87f81b8,0x00000000fad00000)
  from space 19456K, 0% used [0x00000000fed00000,0x00000000fed00000,0x0000000100000000)
  to   space 42496K, 0% used [0x00000000fad00000,0x00000000fad00000,0x00000000fd680000)
 ParOldGen       total 134144K, used 133883K [0x00000000f0000000, 0x00000000f8300000, 0x00000000f8300000)
  object space 134144K, 99% used [0x00000000f0000000,0x00000000f82bec58,0x00000000f8300000)
 Metaspace       used 52310K, capacity 55166K, committed 55936K, reserved 1097728K
  class space    used 6359K, capacity 6865K, committed 7040K, reserved 1048576K
}
{Heap before GC invocations=659 (full 641):
 PSYoungGen      total 62464K, used 43008K [0x00000000f8300000, 0x0000000100000000, 0x0000000100000000)
  eden space 43008K, 100% used [0x00000000f8300000,0x00000000fad00000,0x00000000fad00000)
  from space 19456K, 0% used [0x00000000fed00000,0x00000000fed00000,0x0000000100000000)
  to   space 42496K, 0% used [0x00000000fad00000,0x00000000fad00000,0x00000000fd680000)
 ParOldGen       total 134144K, used 133883K [0x00000000f0000000, 0x00000000f8300000, 0x00000000f8300000)
  object space 134144K, 99% used [0x00000000f0000000,0x00000000f82bec58,0x00000000f8300000)
 Metaspace       used 52310K, capacity 55166K, committed 55936K, reserved 1097728K
  class space    used 6359K, capacity 6865K, committed 7040K, reserved 1048576K
2023-01-17T04:27:30.386+0800: 149.335: [Full GC (Ergonomics) [PSYoungGen: 43008K->5157K(62464K)] [ParOldGen: 133883K->133814K(134144K)] 176891K->138972K(196608K), [Metaspace: 52310K->52310K(1097728K)], 0.1113470 secs] [Times: user=0.29 sys=0.00, real=0.11 secs] 
Heap after GC invocations=659 (full 641):
 PSYoungGen      total 62464K, used 5157K [0x00000000f8300000, 0x0000000100000000, 0x0000000100000000)
  eden space 43008K, 11% used [0x00000000f8300000,0x00000000f88094b0,0x00000000fad00000)
  from space 19456K, 0% used [0x00000000fed00000,0x00000000fed00000,0x0000000100000000)
  to   space 42496K, 0% used [0x00000000fad00000,0x00000000fad00000,0x00000000fd680000)
 ParOldGen       total 134144K, used 133814K [0x00000000f0000000, 0x00000000f8300000, 0x00000000f8300000)
  object space 134144K, 99% used [0x00000000f0000000,0x00000000f82adbc8,0x00000000f8300000)
 Metaspace       used 52310K, capacity 55166K, committed 55936K, reserved 1097728K
  class space    used 6359K, capacity 6865K, committed 7040K, reserved 1048576K
}
{Heap before GC invocations=660 (full 642):
 PSYoungGen      total 62464K, used 43008K [0x00000000f8300000, 0x0000000100000000, 0x0000000100000000)
  eden space 43008K, 100% used [0x00000000f8300000,0x00000000fad00000,0x00000000fad00000)
  from space 19456K, 0% used [0x00000000fed00000,0x00000000fed00000,0x0000000100000000)
  to   space 42496K, 0% used [0x00000000fad00000,0x00000000fad00000,0x00000000fd680000)
 ParOldGen       total 134144K, used 133814K [0x00000000f0000000, 0x00000000f8300000, 0x00000000f8300000)
  object space 134144K, 99% used [0x00000000f0000000,0x00000000f82adbc8,0x00000000f8300000)
 Metaspace       used 52310K, capacity 55166K, committed 55936K, reserved 1097728K
  class space    used 6359K, capacity 6865K, committed 7040K, reserved 1048576K
2023-01-17T04:27:30.558+0800: 149.508: [Full GC (Ergonomics) [PSYoungGen: 43008K->5271K(62464K)] [ParOldGen: 133814K->133699K(134144K)] 176822K->138970K(196608K), [Metaspace: 52310K->52310K(1097728K)], 0.1498806 secs] [Times: user=0.48 sys=0.00, real=0.15 secs] 
Heap after GC invocations=660 (full 642):
 PSYoungGen      total 62464K, used 5271K [0x00000000f8300000, 0x0000000100000000, 0x0000000100000000)
  eden space 43008K, 12% used [0x00000000f8300000,0x00000000f8825fa8,0x00000000fad00000)
  from space 19456K, 0% used [0x00000000fed00000,0x00000000fed00000,0x0000000100000000)
  to   space 42496K, 0% used [0x00000000fad00000,0x00000000fad00000,0x00000000fd680000)
 ParOldGen       total 134144K, used 133699K [0x00000000f0000000, 0x00000000f8300000, 0x00000000f8300000)
  object space 134144K, 99% used [0x00000000f0000000,0x00000000f8290c18,0x00000000f8300000)
 Metaspace       used 52310K, capacity 55166K, committed 55936K, reserved 1097728K
  class space    used 6359K, capacity 6865K, committed 7040K, reserved 1048576K
}
{Heap before GC invocations=661 (full 643):
 PSYoungGen      total 62464K, used 43008K [0x00000000f8300000, 0x0000000100000000, 0x0000000100000000)
  eden space 43008K, 100% used [0x00000000f8300000,0x00000000fad00000,0x00000000fad00000)
  from space 19456K, 0% used [0x00000000fed00000,0x00000000fed00000,0x0000000100000000)
  to   space 42496K, 0% used [0x00000000fad00000,0x00000000fad00000,0x00000000fd680000)
 ParOldGen       total 134144K, used 133699K [0x00000000f0000000, 0x00000000f8300000, 0x00000000f8300000)
  object space 134144K, 99% used [0x00000000f0000000,0x00000000f8290c18,0x00000000f8300000)
 Metaspace       used 52310K, capacity 55166K, committed 55936K, reserved 1097728K
  class space    used 6359K, capacity 6865K, committed 7040K, reserved 1048576K
2023-01-17T04:27:30.763+0800: 149.712: [Full GC (Ergonomics) [PSYoungGen: 43008K->4896K(62464K)] [ParOldGen: 133699K->134091K(134144K)] 176707K->138988K(196608K), [Metaspace: 52310K->52310K(1097728K)], 0.1501371 secs] [Times: user=0.36 sys=0.00, real=0.15 secs] 
Heap after GC invocations=661 (full 643):
 PSYoungGen      total 62464K, used 4896K [0x00000000f8300000, 0x0000000100000000, 0x0000000100000000)
  eden space 43008K, 11% used [0x00000000f8300000,0x00000000f87c8298,0x00000000fad00000)
  from space 19456K, 0% used [0x00000000fed00000,0x00000000fed00000,0x0000000100000000)
  to   space 42496K, 0% used [0x00000000fad00000,0x00000000fad00000,0x00000000fd680000)
 ParOldGen       total 134144K, used 134091K [0x00000000f0000000, 0x00000000f8300000, 0x00000000f8300000)
  object space 134144K, 99% used [0x00000000f0000000,0x00000000f82f2e60,0x00000000f8300000)
 Metaspace       used 52310K, capacity 55166K, committed 55936K, reserved 1097728K
  class space    used 6359K, capacity 6865K, committed 7040K, reserved 1048576K
}
{Heap before GC invocations=662 (full 644):
 PSYoungGen      total 62464K, used 43008K [0x00000000f8300000, 0x0000000100000000, 0x0000000100000000)
  eden space 43008K, 100% used [0x00000000f8300000,0x00000000fad00000,0x00000000fad00000)
  from space 19456K, 0% used [0x00000000fed00000,0x00000000fed00000,0x0000000100000000)
  to   space 42496K, 0% used [0x00000000fad00000,0x00000000fad00000,0x00000000fd680000)
 ParOldGen       total 134144K, used 134091K [0x00000000f0000000, 0x00000000f8300000, 0x00000000f8300000)
  object space 134144K, 99% used [0x00000000f0000000,0x00000000f82f2e60,0x00000000f8300000)
 Metaspace       used 52310K, capacity 55166K, committed 55936K, reserved 1097728K
  class space    used 6359K, capacity 6865K, committed 7040K, reserved 1048576K
2023-01-17T04:27:30.970+0800: 149.920: [Full GC (Ergonomics) [PSYoungGen: 43008K->5007K(62464K)] [ParOldGen: 134091K->133960K(134144K)] 177099K->138968K(196608K), [Metaspace: 52310K->52310K(1097728K)], 0.1353777 secs] [Times: user=0.30 sys=0.00, real=0.13 secs] 
Heap after GC invocations=662 (full 644):
 PSYoungGen      total 62464K, used 5007K [0x00000000f8300000, 0x0000000100000000, 0x0000000100000000)
  eden space 43008K, 11% used [0x00000000f8300000,0x00000000f87e3f60,0x00000000fad00000)
  from space 19456K, 0% used [0x00000000fed00000,0x00000000fed00000,0x0000000100000000)
  to   space 42496K, 0% used [0x00000000fad00000,0x00000000fad00000,0x00000000fd680000)
 ParOldGen       total 134144K, used 133960K [0x00000000f0000000, 0x00000000f8300000, 0x00000000f8300000)
  object space 134144K, 99% used [0x00000000f0000000,0x00000000f82d2158,0x00000000f8300000)
 Metaspace       used 52310K, capacity 55166K, committed 55936K, reserved 1097728K
  class space    used 6359K, capacity 6865K, committed 7040K, reserved 1048576K
}
{Heap before GC invocations=663 (full 645):
 PSYoungGen      total 62464K, used 43008K [0x00000000f8300000, 0x0000000100000000, 0x0000000100000000)
  eden space 43008K, 100% used [0x00000000f8300000,0x00000000fad00000,0x00000000fad00000)
  from space 19456K, 0% used [0x00000000fed00000,0x00000000fed00000,0x0000000100000000)
  to   space 42496K, 0% used [0x00000000fad00000,0x00000000fad00000,0x00000000fd680000)
 ParOldGen       total 134144K, used 133960K [0x00000000f0000000, 0x00000000f8300000, 0x00000000f8300000)
  object space 134144K, 99% used [0x00000000f0000000,0x00000000f82d2158,0x00000000f8300000)
 Metaspace       used 52311K, capacity 55166K, committed 55936K, reserved 1097728K
  class space    used 6359K, capacity 6865K, committed 7040K, reserved 1048576K
2023-01-17T04:27:31.153+0800: 150.103: [Full GC (Ergonomics) [PSYoungGen: 43008K->5152K(62464K)] [ParOldGen: 133960K->133830K(134144K)] 176968K->138982K(196608K), [Metaspace: 52311K->52311K(1097728K)], 0.1326868 secs] [Times: user=0.38 sys=0.00, real=0.13 secs] 
Heap after GC invocations=663 (full 645):
 PSYoungGen      total 62464K, used 5152K [0x00000000f8300000, 0x0000000100000000, 0x0000000100000000)
  eden space 43008K, 11% used [0x00000000f8300000,0x00000000f8808268,0x00000000fad00000)
  from space 19456K, 0% used [0x00000000fed00000,0x00000000fed00000,0x0000000100000000)
  to   space 42496K, 0% used [0x00000000fad00000,0x00000000fad00000,0x00000000fd680000)
 ParOldGen       total 134144K, used 133830K [0x00000000f0000000, 0x00000000f8300000, 0x00000000f8300000)
  object space 134144K, 99% used [0x00000000f0000000,0x00000000f82b1818,0x00000000f8300000)
 Metaspace       used 52311K, capacity 55166K, committed 55936K, reserved 1097728K
  class space    used 6359K, capacity 6865K, committed 7040K, reserved 1048576K
}
{Heap before GC invocations=664 (full 646):
 PSYoungGen      total 62464K, used 43008K [0x00000000f8300000, 0x0000000100000000, 0x0000000100000000)
  eden space 43008K, 100% used [0x00000000f8300000,0x00000000fad00000,0x00000000fad00000)
  from space 19456K, 0% used [0x00000000fed00000,0x00000000fed00000,0x0000000100000000)
  to   space 42496K, 0% used [0x00000000fad00000,0x00000000fad00000,0x00000000fd680000)
 ParOldGen       total 134144K, used 133830K [0x00000000f0000000, 0x00000000f8300000, 0x00000000f8300000)
  object space 134144K, 99% used [0x00000000f0000000,0x00000000f82b1818,0x00000000f8300000)
 Metaspace       used 52311K, capacity 55166K, committed 55936K, reserved 1097728K
  class space    used 6359K, capacity 6865K, committed 7040K, reserved 1048576K
2023-01-17T04:27:31.341+0800: 150.290: [Full GC (Ergonomics) [PSYoungGen: 43008K->4861K(62464K)] [ParOldGen: 133830K->134128K(134144K)] 176838K->138990K(196608K), [Metaspace: 52311K->52311K(1097728K)], 0.1654161 secs] [Times: user=0.38 sys=0.01, real=0.16 secs] 
Heap after GC invocations=664 (full 646):
 PSYoungGen      total 62464K, used 4861K [0x00000000f8300000, 0x0000000100000000, 0x0000000100000000)
  eden space 43008K, 11% used [0x00000000f8300000,0x00000000f87bf5a8,0x00000000fad00000)
  from space 19456K, 0% used [0x00000000fed00000,0x00000000fed00000,0x0000000100000000)
  to   space 42496K, 0% used [0x00000000fad00000,0x00000000fad00000,0x00000000fd680000)
 ParOldGen       total 134144K, used 134128K [0x00000000f0000000, 0x00000000f8300000, 0x00000000f8300000)
  object space 134144K, 99% used [0x00000000f0000000,0x00000000f82fc3a8,0x00000000f8300000)
 Metaspace       used 52311K, capacity 55166K, committed 55936K, reserved 1097728K
  class space    used 6359K, capacity 6865K, committed 7040K, reserved 1048576K
}
{Heap before GC invocations=665 (full 647):
 PSYoungGen      total 62464K, used 43008K [0x00000000f8300000, 0x0000000100000000, 0x0000000100000000)
  eden space 43008K, 100% used [0x00000000f8300000,0x00000000fad00000,0x00000000fad00000)
  from space 19456K, 0% used [0x00000000fed00000,0x00000000fed00000,0x0000000100000000)
  to   space 42496K, 0% used [0x00000000fad00000,0x00000000fad00000,0x00000000fd680000)
 ParOldGen       total 134144K, used 134128K [0x00000000f0000000, 0x00000000f8300000, 0x00000000f8300000)
  object space 134144K, 99% used [0x00000000f0000000,0x00000000f82fc3a8,0x00000000f8300000)
 Metaspace       used 52311K, capacity 55166K, committed 55936K, reserved 1097728K
  class space    used 6359K, capacity 6865K, committed 7040K, reserved 1048576K
2023-01-17T04:27:31.562+0800: 150.512: [Full GC (Ergonomics) [PSYoungGen: 43008K->4966K(62464K)] [ParOldGen: 134128K->133995K(134144K)] 177136K->138961K(196608K), [Metaspace: 52311K->52311K(1097728K)], 0.1853319 secs] [Times: user=0.40 sys=0.00, real=0.18 secs] 
Heap after GC invocations=665 (full 647):
 PSYoungGen      total 62464K, used 4966K [0x00000000f8300000, 0x0000000100000000, 0x0000000100000000)
  eden space 43008K, 11% used [0x00000000f8300000,0x00000000f87d9b20,0x00000000fad00000)
  from space 19456K, 0% used [0x00000000fed00000,0x00000000fed00000,0x0000000100000000)
  to   space 42496K, 0% used [0x00000000fad00000,0x00000000fad00000,0x00000000fd680000)
 ParOldGen       total 134144K, used 133995K [0x00000000f0000000, 0x00000000f8300000, 0x00000000f8300000)
  object space 134144K, 99% used [0x00000000f0000000,0x00000000f82dac60,0x00000000f8300000)
 Metaspace       used 52311K, capacity 55166K, committed 55936K, reserved 1097728K
  class space    used 6359K, capacity 6865K, committed 7040K, reserved 1048576K
}
{Heap before GC invocations=666 (full 648):
 PSYoungGen      total 62464K, used 43008K [0x00000000f8300000, 0x0000000100000000, 0x0000000100000000)
  eden space 43008K, 100% used [0x00000000f8300000,0x00000000fad00000,0x00000000fad00000)
  from space 19456K, 0% used [0x00000000fed00000,0x00000000fed00000,0x0000000100000000)
  to   space 42496K, 0% used [0x00000000fad00000,0x00000000fad00000,0x00000000fd680000)
 ParOldGen       total 134144K, used 133995K [0x00000000f0000000, 0x00000000f8300000, 0x00000000f8300000)
  object space 134144K, 99% used [0x00000000f0000000,0x00000000f82dac60,0x00000000f8300000)
 Metaspace       used 52311K, capacity 55166K, committed 55936K, reserved 1097728K
  class space    used 6359K, capacity 6865K, committed 7040K, reserved 1048576K
2023-01-17T04:27:31.808+0800: 150.758: [Full GC (Ergonomics) [PSYoungGen: 43008K->5075K(62464K)] [ParOldGen: 133995K->133887K(134144K)] 177003K->138962K(196608K), [Metaspace: 52311K->52311K(1097728K)], 0.1136668 secs] [Times: user=0.30 sys=0.00, real=0.12 secs] 
Heap after GC invocations=666 (full 648):
 PSYoungGen      total 62464K, used 5075K [0x00000000f8300000, 0x0000000100000000, 0x0000000100000000)
  eden space 43008K, 11% used [0x00000000f8300000,0x00000000f87f4c18,0x00000000fad00000)
  from space 19456K, 0% used [0x00000000fed00000,0x00000000fed00000,0x0000000100000000)
  to   space 42496K, 0% used [0x00000000fad00000,0x00000000fad00000,0x00000000fd680000)
 ParOldGen       total 134144K, used 133887K [0x00000000f0000000, 0x00000000f8300000, 0x00000000f8300000)
  object space 134144K, 99% used [0x00000000f0000000,0x00000000f82bfc90,0x00000000f8300000)
 Metaspace       used 52311K, capacity 55166K, committed 55936K, reserved 1097728K
  class space    used 6359K, capacity 6865K, committed 7040K, reserved 1048576K
}
{Heap before GC invocations=667 (full 649):
 PSYoungGen      total 62464K, used 43008K [0x00000000f8300000, 0x0000000100000000, 0x0000000100000000)
  eden space 43008K, 100% used [0x00000000f8300000,0x00000000fad00000,0x00000000fad00000)
  from space 19456K, 0% used [0x00000000fed00000,0x00000000fed00000,0x0000000100000000)
  to   space 42496K, 0% used [0x00000000fad00000,0x00000000fad00000,0x00000000fd680000)
 ParOldGen       total 134144K, used 133887K [0x00000000f0000000, 0x00000000f8300000, 0x00000000f8300000)
  object space 134144K, 99% used [0x00000000f0000000,0x00000000f82bfc90,0x00000000f8300000)
 Metaspace       used 52311K, capacity 55166K, committed 55936K, reserved 1097728K
  class space    used 6359K, capacity 6865K, committed 7040K, reserved 1048576K
2023-01-17T04:27:31.969+0800: 150.919: [Full GC (Ergonomics) [PSYoungGen: 43008K->5159K(62464K)] [ParOldGen: 133887K->133803K(134144K)] 176895K->138962K(196608K), [Metaspace: 52311K->52311K(1097728K)], 0.1315540 secs] [Times: user=0.37 sys=0.00, real=0.14 secs] 
Heap after GC invocations=667 (full 649):
 PSYoungGen      total 62464K, used 5159K [0x00000000f8300000, 0x0000000100000000, 0x0000000100000000)
  eden space 43008K, 11% used [0x00000000f8300000,0x00000000f8809ef8,0x00000000fad00000)
  from space 19456K, 0% used [0x00000000fed00000,0x00000000fed00000,0x0000000100000000)
  to   space 42496K, 0% used [0x00000000fad00000,0x00000000fad00000,0x00000000fd680000)
 ParOldGen       total 134144K, used 133803K [0x00000000f0000000, 0x00000000f8300000, 0x00000000f8300000)
  object space 134144K, 99% used [0x00000000f0000000,0x00000000f82aac90,0x00000000f8300000)
 Metaspace       used 52311K, capacity 55166K, committed 55936K, reserved 1097728K
  class space    used 6359K, capacity 6865K, committed 7040K, reserved 1048576K
}
{Heap before GC invocations=668 (full 650):
 PSYoungGen      total 62464K, used 43008K [0x00000000f8300000, 0x0000000100000000, 0x0000000100000000)
  eden space 43008K, 100% used [0x00000000f8300000,0x00000000fad00000,0x00000000fad00000)
  from space 19456K, 0% used [0x00000000fed00000,0x00000000fed00000,0x0000000100000000)
  to   space 42496K, 0% used [0x00000000fad00000,0x00000000fad00000,0x00000000fd680000)
 ParOldGen       total 134144K, used 133803K [0x00000000f0000000, 0x00000000f8300000, 0x00000000f8300000)
  object space 134144K, 99% used [0x00000000f0000000,0x00000000f82aac90,0x00000000f8300000)
 Metaspace       used 52311K, capacity 55166K, committed 55936K, reserved 1097728K
  class space    used 6359K, capacity 6865K, committed 7040K, reserved 1048576K
2023-01-17T04:27:32.147+0800: 151.097: [Full GC (Ergonomics) [PSYoungGen: 43008K->5242K(62464K)] [ParOldGen: 133803K->133742K(134144K)] 176811K->138984K(196608K), [Metaspace: 52311K->52311K(1097728K)], 0.1370988 secs] [Times: user=0.38 sys=0.00, real=0.14 secs] 
Heap after GC invocations=668 (full 650):
 PSYoungGen      total 62464K, used 5242K [0x00000000f8300000, 0x0000000100000000, 0x0000000100000000)
  eden space 43008K, 12% used [0x00000000f8300000,0x00000000f881e880,0x00000000fad00000)
  from space 19456K, 0% used [0x00000000fed00000,0x00000000fed00000,0x0000000100000000)
  to   space 42496K, 0% used [0x00000000fad00000,0x00000000fad00000,0x00000000fd680000)
 ParOldGen       total 134144K, used 133742K [0x00000000f0000000, 0x00000000f8300000, 0x00000000f8300000)
  object space 134144K, 99% used [0x00000000f0000000,0x00000000f829bb18,0x00000000f8300000)
 Metaspace       used 52311K, capacity 55166K, committed 55936K, reserved 1097728K
  class space    used 6359K, capacity 6865K, committed 7040K, reserved 1048576K
}
{Heap before GC invocations=669 (full 651):
 PSYoungGen      total 62464K, used 43008K [0x00000000f8300000, 0x0000000100000000, 0x0000000100000000)
  eden space 43008K, 100% used [0x00000000f8300000,0x00000000fad00000,0x00000000fad00000)
  from space 19456K, 0% used [0x00000000fed00000,0x00000000fed00000,0x0000000100000000)
  to   space 42496K, 0% used [0x00000000fad00000,0x00000000fad00000,0x00000000fd680000)
 ParOldGen       total 134144K, used 133742K [0x00000000f0000000, 0x00000000f8300000, 0x00000000f8300000)
  object space 134144K, 99% used [0x00000000f0000000,0x00000000f829bb18,0x00000000f8300000)
 Metaspace       used 52311K, capacity 55166K, committed 55936K, reserved 1097728K
  class space    used 6359K, capacity 6865K, committed 7040K, reserved 1048576K
2023-01-17T04:27:32.335+0800: 151.285: [Full GC (Ergonomics) [PSYoungGen: 43008K->4909K(62464K)] [ParOldGen: 133742K->134052K(134144K)] 176750K->138961K(196608K), [Metaspace: 52311K->52311K(1097728K)], 0.1932538 secs] [Times: user=0.47 sys=0.00, real=0.19 secs] 
Heap after GC invocations=669 (full 651):
 PSYoungGen      total 62464K, used 4909K [0x00000000f8300000, 0x0000000100000000, 0x0000000100000000)
  eden space 43008K, 11% used [0x00000000f8300000,0x00000000f87cb470,0x00000000fad00000)
  from space 19456K, 0% used [0x00000000fed00000,0x00000000fed00000,0x0000000100000000)
  to   space 42496K, 0% used [0x00000000fad00000,0x00000000fad00000,0x00000000fd680000)
 ParOldGen       total 134144K, used 134052K [0x00000000f0000000, 0x00000000f8300000, 0x00000000f8300000)
  object space 134144K, 99% used [0x00000000f0000000,0x00000000f82e9058,0x00000000f8300000)
 Metaspace       used 52311K, capacity 55166K, committed 55936K, reserved 1097728K
  class space    used 6359K, capacity 6865K, committed 7040K, reserved 1048576K
}
{Heap before GC invocations=670 (full 652):
 PSYoungGen      total 62464K, used 43008K [0x00000000f8300000, 0x0000000100000000, 0x0000000100000000)
  eden space 43008K, 100% used [0x00000000f8300000,0x00000000fad00000,0x00000000fad00000)
  from space 19456K, 0% used [0x00000000fed00000,0x00000000fed00000,0x0000000100000000)
  to   space 42496K, 0% used [0x00000000fad00000,0x00000000fad00000,0x00000000fd680000)
 ParOldGen       total 134144K, used 134052K [0x00000000f0000000, 0x00000000f8300000, 0x00000000f8300000)
  object space 134144K, 99% used [0x00000000f0000000,0x00000000f82e9058,0x00000000f8300000)
 Metaspace       used 52311K, capacity 55166K, committed 55936K, reserved 1097728K
  class space    used 6359K, capacity 6865K, committed 7040K, reserved 1048576K
2023-01-17T04:27:32.600+0800: 151.549: [Full GC (Ergonomics) [PSYoungGen: 43008K->5036K(62464K)] [ParOldGen: 134052K->133916K(134144K)] 177060K->138952K(196608K), [Metaspace: 52311K->52311K(1097728K)], 0.1839001 secs] [Times: user=0.39 sys=0.00, real=0.18 secs] 
Heap after GC invocations=670 (full 652):
 PSYoungGen      total 62464K, used 5036K [0x00000000f8300000, 0x0000000100000000, 0x0000000100000000)
  eden space 43008K, 11% used [0x00000000f8300000,0x00000000f87eb0d0,0x00000000fad00000)
  from space 19456K, 0% used [0x00000000fed00000,0x00000000fed00000,0x0000000100000000)
  to   space 42496K, 0% used [0x00000000fad00000,0x00000000fad00000,0x00000000fd680000)
 ParOldGen       total 134144K, used 133916K [0x00000000f0000000, 0x00000000f8300000, 0x00000000f8300000)
  object space 134144K, 99% used [0x00000000f0000000,0x00000000f82c7020,0x00000000f8300000)
 Metaspace       used 52311K, capacity 55166K, committed 55936K, reserved 1097728K
  class space    used 6359K, capacity 6865K, committed 7040K, reserved 1048576K
}
{Heap before GC invocations=671 (full 653):
 PSYoungGen      total 62464K, used 43008K [0x00000000f8300000, 0x0000000100000000, 0x0000000100000000)
  eden space 43008K, 100% used [0x00000000f8300000,0x00000000fad00000,0x00000000fad00000)
  from space 19456K, 0% used [0x00000000fed00000,0x00000000fed00000,0x0000000100000000)
  to   space 42496K, 0% used [0x00000000fad00000,0x00000000fad00000,0x00000000fd680000)
 ParOldGen       total 134144K, used 133916K [0x00000000f0000000, 0x00000000f8300000, 0x00000000f8300000)
  object space 134144K, 99% used [0x00000000f0000000,0x00000000f82c7020,0x00000000f8300000)
 Metaspace       used 52311K, capacity 55166K, committed 55936K, reserved 1097728K
  class space    used 6359K, capacity 6865K, committed 7040K, reserved 1048576K
2023-01-17T04:27:32.831+0800: 151.781: [Full GC (Ergonomics) [PSYoungGen: 43008K->5167K(62464K)] [ParOldGen: 133916K->133795K(134144K)] 176924K->138962K(196608K), [Metaspace: 52311K->52311K(1097728K)], 0.1475135 secs] [Times: user=0.42 sys=0.00, real=0.14 secs] 
Heap after GC invocations=671 (full 653):
 PSYoungGen      total 62464K, used 5167K [0x00000000f8300000, 0x0000000100000000, 0x0000000100000000)
  eden space 43008K, 12% used [0x00000000f8300000,0x00000000f880bc68,0x00000000fad00000)
  from space 19456K, 0% used [0x00000000fed00000,0x00000000fed00000,0x0000000100000000)
  to   space 42496K, 0% used [0x00000000fad00000,0x00000000fad00000,0x00000000fd680000)
 ParOldGen       total 134144K, used 133795K [0x00000000f0000000, 0x00000000f8300000, 0x00000000f8300000)
  object space 134144K, 99% used [0x00000000f0000000,0x00000000f82a8f60,0x00000000f8300000)
 Metaspace       used 52311K, capacity 55166K, committed 55936K, reserved 1097728K
  class space    used 6359K, capacity 6865K, committed 7040K, reserved 1048576K
}
{Heap before GC invocations=672 (full 654):
 PSYoungGen      total 62464K, used 43008K [0x00000000f8300000, 0x0000000100000000, 0x0000000100000000)
  eden space 43008K, 100% used [0x00000000f8300000,0x00000000fad00000,0x00000000fad00000)
  from space 19456K, 0% used [0x00000000fed00000,0x00000000fed00000,0x0000000100000000)
  to   space 42496K, 0% used [0x00000000fad00000,0x00000000fad00000,0x00000000fd680000)
 ParOldGen       total 134144K, used 133795K [0x00000000f0000000, 0x00000000f8300000, 0x00000000f8300000)
  object space 134144K, 99% used [0x00000000f0000000,0x00000000f82a8f60,0x00000000f8300000)
 Metaspace       used 52311K, capacity 55166K, committed 55936K, reserved 1097728K
  class space    used 6359K, capacity 6865K, committed 7040K, reserved 1048576K
2023-01-17T04:27:33.026+0800: 151.976: [Full GC (Ergonomics) [PSYoungGen: 43008K->4850K(62464K)] [ParOldGen: 133795K->134110K(134144K)] 176803K->138960K(196608K), [Metaspace: 52311K->52311K(1097728K)], 0.1527061 secs] [Times: user=0.38 sys=0.00, real=0.15 secs] 
Heap after GC invocations=672 (full 654):
 PSYoungGen      total 62464K, used 4850K [0x00000000f8300000, 0x0000000100000000, 0x0000000100000000)
  eden space 43008K, 11% used [0x00000000f8300000,0x00000000f87bc960,0x00000000fad00000)
  from space 19456K, 0% used [0x00000000fed00000,0x00000000fed00000,0x0000000100000000)
  to   space 42496K, 0% used [0x00000000fad00000,0x00000000fad00000,0x00000000fd680000)
 ParOldGen       total 134144K, used 134110K [0x00000000f0000000, 0x00000000f8300000, 0x00000000f8300000)
  object space 134144K, 99% used [0x00000000f0000000,0x00000000f82f78e0,0x00000000f8300000)
 Metaspace       used 52311K, capacity 55166K, committed 55936K, reserved 1097728K
  class space    used 6359K, capacity 6865K, committed 7040K, reserved 1048576K
}
{Heap before GC invocations=673 (full 655):
 PSYoungGen      total 62464K, used 43008K [0x00000000f8300000, 0x0000000100000000, 0x0000000100000000)
  eden space 43008K, 100% used [0x00000000f8300000,0x00000000fad00000,0x00000000fad00000)
  from space 19456K, 0% used [0x00000000fed00000,0x00000000fed00000,0x0000000100000000)
  to   space 42496K, 0% used [0x00000000fad00000,0x00000000fad00000,0x00000000fd680000)
 ParOldGen       total 134144K, used 134110K [0x00000000f0000000, 0x00000000f8300000, 0x00000000f8300000)
  object space 134144K, 99% used [0x00000000f0000000,0x00000000f82f78e0,0x00000000f8300000)
 Metaspace       used 52311K, capacity 55166K, committed 55936K, reserved 1097728K
  class space    used 6359K, capacity 6865K, committed 7040K, reserved 1048576K
2023-01-17T04:27:33.237+0800: 152.187: [Full GC (Ergonomics) [PSYoungGen: 43008K->5083K(62464K)] [ParOldGen: 134110K->133894K(134144K)] 177118K->138977K(196608K), [Metaspace: 52311K->52311K(1097728K)], 0.1393452 secs] [Times: user=0.34 sys=0.00, real=0.14 secs] 
Heap after GC invocations=673 (full 655):
 PSYoungGen      total 62464K, used 5083K [0x00000000f8300000, 0x0000000100000000, 0x0000000100000000)
  eden space 43008K, 11% used [0x00000000f8300000,0x00000000f87f6db8,0x00000000fad00000)
  from space 19456K, 0% used [0x00000000fed00000,0x00000000fed00000,0x0000000100000000)
  to   space 42496K, 0% used [0x00000000fad00000,0x00000000fad00000,0x00000000fd680000)
 ParOldGen       total 134144K, used 133894K [0x00000000f0000000, 0x00000000f8300000, 0x00000000f8300000)
  object space 134144K, 99% used [0x00000000f0000000,0x00000000f82c1888,0x00000000f8300000)
 Metaspace       used 52311K, capacity 55166K, committed 55936K, reserved 1097728K
  class space    used 6359K, capacity 6865K, committed 7040K, reserved 1048576K
}
{Heap before GC invocations=674 (full 656):
 PSYoungGen      total 62464K, used 43008K [0x00000000f8300000, 0x0000000100000000, 0x0000000100000000)
  eden space 43008K, 100% used [0x00000000f8300000,0x00000000fad00000,0x00000000fad00000)
  from space 19456K, 0% used [0x00000000fed00000,0x00000000fed00000,0x0000000100000000)
  to   space 42496K, 0% used [0x00000000fad00000,0x00000000fad00000,0x00000000fd680000)
 ParOldGen       total 134144K, used 133894K [0x00000000f0000000, 0x00000000f8300000, 0x00000000f8300000)
  object space 134144K, 99% used [0x00000000f0000000,0x00000000f82c1888,0x00000000f8300000)
 Metaspace       used 52311K, capacity 55166K, committed 55936K, reserved 1097728K
  class space    used 6359K, capacity 6865K, committed 7040K, reserved 1048576K
2023-01-17T04:27:33.423+0800: 152.373: [Full GC (Ergonomics) [PSYoungGen: 43008K->5215K(62464K)] [ParOldGen: 133894K->133765K(134144K)] 176902K->138981K(196608K), [Metaspace: 52311K->52311K(1097728K)], 0.1397498 secs] [Times: user=0.39 sys=0.00, real=0.14 secs] 
Heap after GC invocations=674 (full 656):
 PSYoungGen      total 62464K, used 5215K [0x00000000f8300000, 0x0000000100000000, 0x0000000100000000)
  eden space 43008K, 12% used [0x00000000f8300000,0x00000000f8817e50,0x00000000fad00000)
  from space 19456K, 0% used [0x00000000fed00000,0x00000000fed00000,0x0000000100000000)
  to   space 42496K, 0% used [0x00000000fad00000,0x00000000fad00000,0x00000000fd680000)
 ParOldGen       total 134144K, used 133765K [0x00000000f0000000, 0x00000000f8300000, 0x00000000f8300000)
  object space 134144K, 99% used [0x00000000f0000000,0x00000000f82a17c8,0x00000000f8300000)
 Metaspace       used 52311K, capacity 55166K, committed 55936K, reserved 1097728K
  class space    used 6359K, capacity 6865K, committed 7040K, reserved 1048576K
}
{Heap before GC invocations=675 (full 657):
 PSYoungGen      total 62464K, used 43008K [0x00000000f8300000, 0x0000000100000000, 0x0000000100000000)
  eden space 43008K, 100% used [0x00000000f8300000,0x00000000fad00000,0x00000000fad00000)
  from space 19456K, 0% used [0x00000000fed00000,0x00000000fed00000,0x0000000100000000)
  to   space 42496K, 0% used [0x00000000fad00000,0x00000000fad00000,0x00000000fd680000)
 ParOldGen       total 134144K, used 133765K [0x00000000f0000000, 0x00000000f8300000, 0x00000000f8300000)
  object space 134144K, 99% used [0x00000000f0000000,0x00000000f82a17c8,0x00000000f8300000)
 Metaspace       used 52311K, capacity 55166K, committed 55936K, reserved 1097728K
  class space    used 6359K, capacity 6865K, committed 7040K, reserved 1048576K
2023-01-17T04:27:33.611+0800: 152.561: [Full GC (Ergonomics) [PSYoungGen: 43008K->4880K(62464K)] [ParOldGen: 133765K->134083K(134144K)] 176773K->138963K(196608K), [Metaspace: 52311K->52311K(1097728K)], 0.1451494 secs] [Times: user=0.41 sys=0.00, real=0.14 secs] 
Heap after GC invocations=675 (full 657):
 PSYoungGen      total 62464K, used 4880K [0x00000000f8300000, 0x0000000100000000, 0x0000000100000000)
  eden space 43008K, 11% used [0x00000000f8300000,0x00000000f87c4060,0x00000000fad00000)
  from space 19456K, 0% used [0x00000000fed00000,0x00000000fed00000,0x0000000100000000)
  to   space 42496K, 0% used [0x00000000fad00000,0x00000000fad00000,0x00000000fd680000)
 ParOldGen       total 134144K, used 134083K [0x00000000f0000000, 0x00000000f8300000, 0x00000000f8300000)
  object space 134144K, 99% used [0x00000000f0000000,0x00000000f82f0ed0,0x00000000f8300000)
 Metaspace       used 52311K, capacity 55166K, committed 55936K, reserved 1097728K
  class space    used 6359K, capacity 6865K, committed 7040K, reserved 1048576K
}
{Heap before GC invocations=676 (full 658):
 PSYoungGen      total 62464K, used 43008K [0x00000000f8300000, 0x0000000100000000, 0x0000000100000000)
  eden space 43008K, 100% used [0x00000000f8300000,0x00000000fad00000,0x00000000fad00000)
  from space 19456K, 0% used [0x00000000fed00000,0x00000000fed00000,0x0000000100000000)
  to   space 42496K, 0% used [0x00000000fad00000,0x00000000fad00000,0x00000000fd680000)
 ParOldGen       total 134144K, used 134083K [0x00000000f0000000, 0x00000000f8300000, 0x00000000f8300000)
  object space 134144K, 99% used [0x00000000f0000000,0x00000000f82f0ed0,0x00000000f8300000)
 Metaspace       used 52311K, capacity 55166K, committed 55936K, reserved 1097728K
  class space    used 6359K, capacity 6865K, committed 7040K, reserved 1048576K
2023-01-17T04:27:33.827+0800: 152.777: [Full GC (Ergonomics) [PSYoungGen: 43008K->5019K(62464K)] [ParOldGen: 134083K->133949K(134144K)] 177091K->138969K(196608K), [Metaspace: 52311K->52311K(1097728K)], 0.2336997 secs] [Times: user=0.44 sys=0.00, real=0.24 secs] 
Heap after GC invocations=676 (full 658):
 PSYoungGen      total 62464K, used 5019K [0x00000000f8300000, 0x0000000100000000, 0x0000000100000000)
  eden space 43008K, 11% used [0x00000000f8300000,0x00000000f87e6fb0,0x00000000fad00000)
  from space 19456K, 0% used [0x00000000fed00000,0x00000000fed00000,0x0000000100000000)
  to   space 42496K, 0% used [0x00000000fad00000,0x00000000fad00000,0x00000000fd680000)
 ParOldGen       total 134144K, used 133949K [0x00000000f0000000, 0x00000000f8300000, 0x00000000f8300000)
  object space 134144K, 99% used [0x00000000f0000000,0x00000000f82cf688,0x00000000f8300000)
 Metaspace       used 52311K, capacity 55166K, committed 55936K, reserved 1097728K
  class space    used 6359K, capacity 6865K, committed 7040K, reserved 1048576K
}
{Heap before GC invocations=677 (full 659):
 PSYoungGen      total 62464K, used 43008K [0x00000000f8300000, 0x0000000100000000, 0x0000000100000000)
  eden space 43008K, 100% used [0x00000000f8300000,0x00000000fad00000,0x00000000fad00000)
  from space 19456K, 0% used [0x00000000fed00000,0x00000000fed00000,0x0000000100000000)
  to   space 42496K, 0% used [0x00000000fad00000,0x00000000fad00000,0x00000000fd680000)
 ParOldGen       total 134144K, used 133949K [0x00000000f0000000, 0x00000000f8300000, 0x00000000f8300000)
  object space 134144K, 99% used [0x00000000f0000000,0x00000000f82cf688,0x00000000f8300000)
 Metaspace       used 52311K, capacity 55166K, committed 55936K, reserved 1097728K
  class space    used 6359K, capacity 6865K, committed 7040K, reserved 1048576K
2023-01-17T04:27:34.109+0800: 153.059: [Full GC (Ergonomics) [PSYoungGen: 43008K->5155K(62464K)] [ParOldGen: 133949K->133802K(134144K)] 176957K->138958K(196608K), [Metaspace: 52311K->52311K(1097728K)], 0.1508834 secs] [Times: user=0.43 sys=0.00, real=0.16 secs] 
Heap after GC invocations=677 (full 659):
 PSYoungGen      total 62464K, used 5155K [0x00000000f8300000, 0x0000000100000000, 0x0000000100000000)
  eden space 43008K, 11% used [0x00000000f8300000,0x00000000f8808ef8,0x00000000fad00000)
  from space 19456K, 0% used [0x00000000fed00000,0x00000000fed00000,0x0000000100000000)
  to   space 42496K, 0% used [0x00000000fad00000,0x00000000fad00000,0x00000000fd680000)
 ParOldGen       total 134144K, used 133802K [0x00000000f0000000, 0x00000000f8300000, 0x00000000f8300000)
  object space 134144K, 99% used [0x00000000f0000000,0x00000000f82aaad0,0x00000000f8300000)
 Metaspace       used 52311K, capacity 55166K, committed 55936K, reserved 1097728K
  class space    used 6359K, capacity 6865K, committed 7040K, reserved 1048576K
}
{Heap before GC invocations=678 (full 660):
 PSYoungGen      total 62464K, used 43008K [0x00000000f8300000, 0x0000000100000000, 0x0000000100000000)
  eden space 43008K, 100% used [0x00000000f8300000,0x00000000fad00000,0x00000000fad00000)
  from space 19456K, 0% used [0x00000000fed00000,0x00000000fed00000,0x0000000100000000)
  to   space 42496K, 0% used [0x00000000fad00000,0x00000000fad00000,0x00000000fd680000)
 ParOldGen       total 134144K, used 133802K [0x00000000f0000000, 0x00000000f8300000, 0x00000000f8300000)
  object space 134144K, 99% used [0x00000000f0000000,0x00000000f82aaad0,0x00000000f8300000)
 Metaspace       used 52311K, capacity 55166K, committed 55936K, reserved 1097728K
  class space    used 6359K, capacity 6865K, committed 7040K, reserved 1048576K
2023-01-17T04:27:34.307+0800: 153.257: [Full GC (Ergonomics) [PSYoungGen: 43008K->5276K(62464K)] [ParOldGen: 133802K->133704K(134144K)] 176810K->138980K(196608K), [Metaspace: 52311K->52311K(1097728K)], 0.1440824 secs] [Times: user=0.42 sys=0.00, real=0.15 secs] 
Heap after GC invocations=678 (full 660):
 PSYoungGen      total 62464K, used 5276K [0x00000000f8300000, 0x0000000100000000, 0x0000000100000000)
  eden space 43008K, 12% used [0x00000000f8300000,0x00000000f8827350,0x00000000fad00000)
  from space 19456K, 0% used [0x00000000fed00000,0x00000000fed00000,0x0000000100000000)
  to   space 42496K, 0% used [0x00000000fad00000,0x00000000fad00000,0x00000000fd680000)
 ParOldGen       total 134144K, used 133704K [0x00000000f0000000, 0x00000000f8300000, 0x00000000f8300000)
  object space 134144K, 99% used [0x00000000f0000000,0x00000000f8292098,0x00000000f8300000)
 Metaspace       used 52311K, capacity 55166K, committed 55936K, reserved 1097728K
  class space    used 6359K, capacity 6865K, committed 7040K, reserved 1048576K
}
{Heap before GC invocations=679 (full 661):
 PSYoungGen      total 62464K, used 43008K [0x00000000f8300000, 0x0000000100000000, 0x0000000100000000)
  eden space 43008K, 100% used [0x00000000f8300000,0x00000000fad00000,0x00000000fad00000)
  from space 19456K, 0% used [0x00000000fed00000,0x00000000fed00000,0x0000000100000000)
  to   space 42496K, 0% used [0x00000000fad00000,0x00000000fad00000,0x00000000fd680000)
 ParOldGen       total 134144K, used 133704K [0x00000000f0000000, 0x00000000f8300000, 0x00000000f8300000)
  object space 134144K, 99% used [0x00000000f0000000,0x00000000f8292098,0x00000000f8300000)
 Metaspace       used 52311K, capacity 55166K, committed 55936K, reserved 1097728K
  class space    used 6359K, capacity 6865K, committed 7040K, reserved 1048576K
2023-01-17T04:27:34.499+0800: 153.449: [Full GC (Ergonomics) [PSYoungGen: 43008K->4941K(62464K)] [ParOldGen: 133704K->134024K(134144K)] 176712K->138965K(196608K), [Metaspace: 52311K->52311K(1097728K)], 0.1592802 secs] [Times: user=0.39 sys=0.00, real=0.16 secs] 
Heap after GC invocations=679 (full 661):
 PSYoungGen      total 62464K, used 4941K [0x00000000f8300000, 0x0000000100000000, 0x0000000100000000)
  eden space 43008K, 11% used [0x00000000f8300000,0x00000000f87d34a8,0x00000000fad00000)
  from space 19456K, 0% used [0x00000000fed00000,0x00000000fed00000,0x0000000100000000)
  to   space 42496K, 0% used [0x00000000fad00000,0x00000000fad00000,0x00000000fd680000)
 ParOldGen       total 134144K, used 134024K [0x00000000f0000000, 0x00000000f8300000, 0x00000000f8300000)
  object space 134144K, 99% used [0x00000000f0000000,0x00000000f82e22f0,0x00000000f8300000)
 Metaspace       used 52311K, capacity 55166K, committed 55936K, reserved 1097728K
  class space    used 6359K, capacity 6865K, committed 7040K, reserved 1048576K
}
{Heap before GC invocations=680 (full 662):
 PSYoungGen      total 62464K, used 43008K [0x00000000f8300000, 0x0000000100000000, 0x0000000100000000)
  eden space 43008K, 100% used [0x00000000f8300000,0x00000000fad00000,0x00000000fad00000)
  from space 19456K, 0% used [0x00000000fed00000,0x00000000fed00000,0x0000000100000000)
  to   space 42496K, 0% used [0x00000000fad00000,0x00000000fad00000,0x00000000fd680000)
 ParOldGen       total 134144K, used 134024K [0x00000000f0000000, 0x00000000f8300000, 0x00000000f8300000)
  object space 134144K, 99% used [0x00000000f0000000,0x00000000f82e22f0,0x00000000f8300000)
 Metaspace       used 52311K, capacity 55166K, committed 55936K, reserved 1097728K
  class space    used 6359K, capacity 6865K, committed 7040K, reserved 1048576K
2023-01-17T04:27:34.717+0800: 153.667: [Full GC (Ergonomics) [PSYoungGen: 43008K->5073K(62464K)] [ParOldGen: 134024K->133905K(134144K)] 177032K->138979K(196608K), [Metaspace: 52311K->52311K(1097728K)], 0.1697929 secs] [Times: user=0.43 sys=0.00, real=0.17 secs] 
Heap after GC invocations=680 (full 662):
 PSYoungGen      total 62464K, used 5073K [0x00000000f8300000, 0x0000000100000000, 0x0000000100000000)
  eden space 43008K, 11% used [0x00000000f8300000,0x00000000f87f46a0,0x00000000fad00000)
  from space 19456K, 0% used [0x00000000fed00000,0x00000000fed00000,0x0000000100000000)
  to   space 42496K, 0% used [0x00000000fad00000,0x00000000fad00000,0x00000000fd680000)
 ParOldGen       total 134144K, used 133905K [0x00000000f0000000, 0x00000000f8300000, 0x00000000f8300000)
  object space 134144K, 99% used [0x00000000f0000000,0x00000000f82c4678,0x00000000f8300000)
 Metaspace       used 52311K, capacity 55166K, committed 55936K, reserved 1097728K
  class space    used 6359K, capacity 6865K, committed 7040K, reserved 1048576K
}
{Heap before GC invocations=681 (full 663):
 PSYoungGen      total 62464K, used 43008K [0x00000000f8300000, 0x0000000100000000, 0x0000000100000000)
  eden space 43008K, 100% used [0x00000000f8300000,0x00000000fad00000,0x00000000fad00000)
  from space 19456K, 0% used [0x00000000fed00000,0x00000000fed00000,0x0000000100000000)
  to   space 42496K, 0% used [0x00000000fad00000,0x00000000fad00000,0x00000000fd680000)
 ParOldGen       total 134144K, used 133905K [0x00000000f0000000, 0x00000000f8300000, 0x00000000f8300000)
  object space 134144K, 99% used [0x00000000f0000000,0x00000000f82c4678,0x00000000f8300000)
 Metaspace       used 52311K, capacity 55166K, committed 55936K, reserved 1097728K
  class space    used 6359K, capacity 6865K, committed 7040K, reserved 1048576K
2023-01-17T04:27:34.935+0800: 153.885: [Full GC (Ergonomics) [PSYoungGen: 43008K->5160K(62464K)] [ParOldGen: 133905K->133806K(134144K)] 176913K->138967K(196608K), [Metaspace: 52311K->52311K(1097728K)], 0.1502300 secs] [Times: user=0.38 sys=0.01, real=0.15 secs] 
Heap after GC invocations=681 (full 663):
 PSYoungGen      total 62464K, used 5160K [0x00000000f8300000, 0x0000000100000000, 0x0000000100000000)
  eden space 43008K, 11% used [0x00000000f8300000,0x00000000f880a290,0x00000000fad00000)
  from space 19456K, 0% used [0x00000000fed00000,0x00000000fed00000,0x0000000100000000)
  to   space 42496K, 0% used [0x00000000fad00000,0x00000000fad00000,0x00000000fd680000)
 ParOldGen       total 134144K, used 133806K [0x00000000f0000000, 0x00000000f8300000, 0x00000000f8300000)
  object space 134144K, 99% used [0x00000000f0000000,0x00000000f82abb78,0x00000000f8300000)
 Metaspace       used 52311K, capacity 55166K, committed 55936K, reserved 1097728K
  class space    used 6359K, capacity 6865K, committed 7040K, reserved 1048576K
}
{Heap before GC invocations=682 (full 664):
 PSYoungGen      total 62464K, used 43008K [0x00000000f8300000, 0x0000000100000000, 0x0000000100000000)
  eden space 43008K, 100% used [0x00000000f8300000,0x00000000fad00000,0x00000000fad00000)
  from space 19456K, 0% used [0x00000000fed00000,0x00000000fed00000,0x0000000100000000)
  to   space 42496K, 0% used [0x00000000fad00000,0x00000000fad00000,0x00000000fd680000)
 ParOldGen       total 134144K, used 133806K [0x00000000f0000000, 0x00000000f8300000, 0x00000000f8300000)
  object space 134144K, 99% used [0x00000000f0000000,0x00000000f82abb78,0x00000000f8300000)
 Metaspace       used 52315K, capacity 55166K, committed 55936K, reserved 1097728K
  class space    used 6359K, capacity 6865K, committed 7040K, reserved 1048576K
2023-01-17T04:27:35.150+0800: 154.100: [Full GC (Ergonomics) [PSYoungGen: 43008K->5255K(62464K)] [ParOldGen: 133806K->133721K(134144K)] 176814K->138976K(196608K), [Metaspace: 52315K->52315K(1097728K)], 0.1689936 secs] [Times: user=0.40 sys=0.00, real=0.16 secs] 
Heap after GC invocations=682 (full 664):
 PSYoungGen      total 62464K, used 5255K [0x00000000f8300000, 0x0000000100000000, 0x0000000100000000)
  eden space 43008K, 12% used [0x00000000f8300000,0x00000000f8821e70,0x00000000fad00000)
  from space 19456K, 0% used [0x00000000fed00000,0x00000000fed00000,0x0000000100000000)
  to   space 42496K, 0% used [0x00000000fad00000,0x00000000fad00000,0x00000000fd680000)
 ParOldGen       total 134144K, used 133721K [0x00000000f0000000, 0x00000000f8300000, 0x00000000f8300000)
  object space 134144K, 99% used [0x00000000f0000000,0x00000000f8296478,0x00000000f8300000)
 Metaspace       used 52315K, capacity 55166K, committed 55936K, reserved 1097728K
  class space    used 6359K, capacity 6865K, committed 7040K, reserved 1048576K
}
{Heap before GC invocations=683 (full 665):
 PSYoungGen      total 62464K, used 43008K [0x00000000f8300000, 0x0000000100000000, 0x0000000100000000)
  eden space 43008K, 100% used [0x00000000f8300000,0x00000000fad00000,0x00000000fad00000)
  from space 19456K, 0% used [0x00000000fed00000,0x00000000fed00000,0x0000000100000000)
  to   space 42496K, 0% used [0x00000000fad00000,0x00000000fad00000,0x00000000fd680000)
 ParOldGen       total 134144K, used 133721K [0x00000000f0000000, 0x00000000f8300000, 0x00000000f8300000)
  object space 134144K, 99% used [0x00000000f0000000,0x00000000f8296478,0x00000000f8300000)
 Metaspace       used 52315K, capacity 55166K, committed 55936K, reserved 1097728K
  class space    used 6359K, capacity 6865K, committed 7040K, reserved 1048576K
2023-01-17T04:27:35.381+0800: 154.331: [Full GC (Ergonomics) [PSYoungGen: 43008K->4908K(62464K)] [ParOldGen: 133721K->134075K(134144K)] 176729K->138984K(196608K), [Metaspace: 52315K->52315K(1097728K)], 0.2049139 secs] [Times: user=0.48 sys=0.00, real=0.20 secs] 
Heap after GC invocations=683 (full 665):
 PSYoungGen      total 62464K, used 4908K [0x00000000f8300000, 0x0000000100000000, 0x0000000100000000)
  eden space 43008K, 11% used [0x00000000f8300000,0x00000000f87cb2d8,0x00000000fad00000)
  from space 19456K, 0% used [0x00000000fed00000,0x00000000fed00000,0x0000000100000000)
  to   space 42496K, 0% used [0x00000000fad00000,0x00000000fad00000,0x00000000fd680000)
 ParOldGen       total 134144K, used 134075K [0x00000000f0000000, 0x00000000f8300000, 0x00000000f8300000)
  object space 134144K, 99% used [0x00000000f0000000,0x00000000f82eef90,0x00000000f8300000)
 Metaspace       used 52315K, capacity 55166K, committed 55936K, reserved 1097728K
  class space    used 6359K, capacity 6865K, committed 7040K, reserved 1048576K
}
{Heap before GC invocations=684 (full 666):
 PSYoungGen      total 62464K, used 43008K [0x00000000f8300000, 0x0000000100000000, 0x0000000100000000)
  eden space 43008K, 100% used [0x00000000f8300000,0x00000000fad00000,0x00000000fad00000)
  from space 19456K, 0% used [0x00000000fed00000,0x00000000fed00000,0x0000000100000000)
  to   space 42496K, 0% used [0x00000000fad00000,0x00000000fad00000,0x00000000fd680000)
 ParOldGen       total 134144K, used 134075K [0x00000000f0000000, 0x00000000f8300000, 0x00000000f8300000)
  object space 134144K, 99% used [0x00000000f0000000,0x00000000f82eef90,0x00000000f8300000)
 Metaspace       used 52315K, capacity 55166K, committed 55936K, reserved 1097728K
  class space    used 6359K, capacity 6865K, committed 7040K, reserved 1048576K
2023-01-17T04:27:35.634+0800: 154.584: [Full GC (Ergonomics) [PSYoungGen: 43008K->5101K(62464K)] [ParOldGen: 134075K->133868K(134144K)] 177083K->138970K(196608K), [Metaspace: 52315K->52315K(1097728K)], 0.1576353 secs] [Times: user=0.45 sys=0.00, real=0.16 secs] 
Heap after GC invocations=684 (full 666):
 PSYoungGen      total 62464K, used 5101K [0x00000000f8300000, 0x0000000100000000, 0x0000000100000000)
  eden space 43008K, 11% used [0x00000000f8300000,0x00000000f87fb510,0x00000000fad00000)
  from space 19456K, 0% used [0x00000000fed00000,0x00000000fed00000,0x0000000100000000)
  to   space 42496K, 0% used [0x00000000fad00000,0x00000000fad00000,0x00000000fd680000)
 ParOldGen       total 134144K, used 133868K [0x00000000f0000000, 0x00000000f8300000, 0x00000000f8300000)
  object space 134144K, 99% used [0x00000000f0000000,0x00000000f82bb3f8,0x00000000f8300000)
 Metaspace       used 52315K, capacity 55166K, committed 55936K, reserved 1097728K
  class space    used 6359K, capacity 6865K, committed 7040K, reserved 1048576K
}
{Heap before GC invocations=685 (full 667):
 PSYoungGen      total 62464K, used 43008K [0x00000000f8300000, 0x0000000100000000, 0x0000000100000000)
  eden space 43008K, 100% used [0x00000000f8300000,0x00000000fad00000,0x00000000fad00000)
  from space 19456K, 0% used [0x00000000fed00000,0x00000000fed00000,0x0000000100000000)
  to   space 42496K, 0% used [0x00000000fad00000,0x00000000fad00000,0x00000000fd680000)
 ParOldGen       total 134144K, used 133868K [0x00000000f0000000, 0x00000000f8300000, 0x00000000f8300000)
  object space 134144K, 99% used [0x00000000f0000000,0x00000000f82bb3f8,0x00000000f8300000)
 Metaspace       used 52315K, capacity 55166K, committed 55936K, reserved 1097728K
  class space    used 6359K, capacity 6865K, committed 7040K, reserved 1048576K
2023-01-17T04:27:35.839+0800: 154.789: [Full GC (Ergonomics) [PSYoungGen: 43008K->5191K(62464K)] [ParOldGen: 133868K->133767K(134144K)] 176876K->138959K(196608K), [Metaspace: 52315K->52315K(1097728K)], 0.1451653 secs] [Times: user=0.42 sys=0.00, real=0.15 secs] 
Heap after GC invocations=685 (full 667):
 PSYoungGen      total 62464K, used 5191K [0x00000000f8300000, 0x0000000100000000, 0x0000000100000000)
  eden space 43008K, 12% used [0x00000000f8300000,0x00000000f8811fd8,0x00000000fad00000)
  from space 19456K, 0% used [0x00000000fed00000,0x00000000fed00000,0x0000000100000000)
  to   space 42496K, 0% used [0x00000000fad00000,0x00000000fad00000,0x00000000fd680000)
 ParOldGen       total 134144K, used 133767K [0x00000000f0000000, 0x00000000f8300000, 0x00000000f8300000)
  object space 134144K, 99% used [0x00000000f0000000,0x00000000f82a1fc0,0x00000000f8300000)
 Metaspace       used 52315K, capacity 55166K, committed 55936K, reserved 1097728K
  class space    used 6359K, capacity 6865K, committed 7040K, reserved 1048576K
}
{Heap before GC invocations=686 (full 668):
 PSYoungGen      total 62464K, used 43008K [0x00000000f8300000, 0x0000000100000000, 0x0000000100000000)
  eden space 43008K, 100% used [0x00000000f8300000,0x00000000fad00000,0x00000000fad00000)
  from space 19456K, 0% used [0x00000000fed00000,0x00000000fed00000,0x0000000100000000)
  to   space 42496K, 0% used [0x00000000fad00000,0x00000000fad00000,0x00000000fd680000)
 ParOldGen       total 134144K, used 133767K [0x00000000f0000000, 0x00000000f8300000, 0x00000000f8300000)
  object space 134144K, 99% used [0x00000000f0000000,0x00000000f82a1fc0,0x00000000f8300000)
 Metaspace       used 52315K, capacity 55166K, committed 55936K, reserved 1097728K
  class space    used 6359K, capacity 6865K, committed 7040K, reserved 1048576K
2023-01-17T04:27:36.032+0800: 154.982: [Full GC (Ergonomics) [PSYoungGen: 43008K->4868K(62464K)] [ParOldGen: 133767K->134097K(134144K)] 176775K->138966K(196608K), [Metaspace: 52315K->52315K(1097728K)], 0.1968068 secs] [Times: user=0.42 sys=0.00, real=0.19 secs] 
Heap after GC invocations=686 (full 668):
 PSYoungGen      total 62464K, used 4868K [0x00000000f8300000, 0x0000000100000000, 0x0000000100000000)
  eden space 43008K, 11% used [0x00000000f8300000,0x00000000f87c13f0,0x00000000fad00000)
  from space 19456K, 0% used [0x00000000fed00000,0x00000000fed00000,0x0000000100000000)
  to   space 42496K, 0% used [0x00000000fad00000,0x00000000fad00000,0x00000000fd680000)
 ParOldGen       total 134144K, used 134097K [0x00000000f0000000, 0x00000000f8300000, 0x00000000f8300000)
  object space 134144K, 99% used [0x00000000f0000000,0x00000000f82f4590,0x00000000f8300000)
 Metaspace       used 52315K, capacity 55166K, committed 55936K, reserved 1097728K
  class space    used 6359K, capacity 6865K, committed 7040K, reserved 1048576K
}
{Heap before GC invocations=687 (full 669):
 PSYoungGen      total 62464K, used 43008K [0x00000000f8300000, 0x0000000100000000, 0x0000000100000000)
  eden space 43008K, 100% used [0x00000000f8300000,0x00000000fad00000,0x00000000fad00000)
  from space 19456K, 0% used [0x00000000fed00000,0x00000000fed00000,0x0000000100000000)
  to   space 42496K, 0% used [0x00000000fad00000,0x00000000fad00000,0x00000000fd680000)
 ParOldGen       total 134144K, used 134097K [0x00000000f0000000, 0x00000000f8300000, 0x00000000f8300000)
  object space 134144K, 99% used [0x00000000f0000000,0x00000000f82f4590,0x00000000f8300000)
 Metaspace       used 52315K, capacity 55166K, committed 55936K, reserved 1097728K
  class space    used 6359K, capacity 6865K, committed 7040K, reserved 1048576K
2023-01-17T04:27:36.304+0800: 155.254: [Full GC (Ergonomics) [PSYoungGen: 43008K->4985K(62464K)] [ParOldGen: 134097K->133972K(134144K)] 177105K->138957K(196608K), [Metaspace: 52315K->52315K(1097728K)], 0.1948322 secs] [Times: user=0.45 sys=0.00, real=0.19 secs] 
Heap after GC invocations=687 (full 669):
 PSYoungGen      total 62464K, used 4985K [0x00000000f8300000, 0x0000000100000000, 0x0000000100000000)
  eden space 43008K, 11% used [0x00000000f8300000,0x00000000f87de680,0x00000000fad00000)
  from space 19456K, 0% used [0x00000000fed00000,0x00000000fed00000,0x0000000100000000)
  to   space 42496K, 0% used [0x00000000fad00000,0x00000000fad00000,0x00000000fd680000)
 ParOldGen       total 134144K, used 133972K [0x00000000f0000000, 0x00000000f8300000, 0x00000000f8300000)
  object space 134144K, 99% used [0x00000000f0000000,0x00000000f82d5018,0x00000000f8300000)
 Metaspace       used 52315K, capacity 55166K, committed 55936K, reserved 1097728K
  class space    used 6359K, capacity 6865K, committed 7040K, reserved 1048576K
}
{Heap before GC invocations=688 (full 670):
 PSYoungGen      total 62464K, used 43008K [0x00000000f8300000, 0x0000000100000000, 0x0000000100000000)
  eden space 43008K, 100% used [0x00000000f8300000,0x00000000fad00000,0x00000000fad00000)
  from space 19456K, 0% used [0x00000000fed00000,0x00000000fed00000,0x0000000100000000)
  to   space 42496K, 0% used [0x00000000fad00000,0x00000000fad00000,0x00000000fd680000)
 ParOldGen       total 134144K, used 133972K [0x00000000f0000000, 0x00000000f8300000, 0x00000000f8300000)
  object space 134144K, 99% used [0x00000000f0000000,0x00000000f82d5018,0x00000000f8300000)
 Metaspace       used 52315K, capacity 55166K, committed 55936K, reserved 1097728K
  class space    used 6359K, capacity 6865K, committed 7040K, reserved 1048576K
2023-01-17T04:27:36.552+0800: 155.502: [Full GC (Ergonomics) [PSYoungGen: 43008K->5089K(62464K)] [ParOldGen: 133972K->133878K(134144K)] 176980K->138967K(196608K), [Metaspace: 52315K->52315K(1097728K)], 0.1391985 secs] [Times: user=0.39 sys=0.01, real=0.14 secs] 
Heap after GC invocations=688 (full 670):
 PSYoungGen      total 62464K, used 5089K [0x00000000f8300000, 0x0000000100000000, 0x0000000100000000)
  eden space 43008K, 11% used [0x00000000f8300000,0x00000000f87f85a8,0x00000000fad00000)
  from space 19456K, 0% used [0x00000000fed00000,0x00000000fed00000,0x0000000100000000)
  to   space 42496K, 0% used [0x00000000fad00000,0x00000000fad00000,0x00000000fd680000)
 ParOldGen       total 134144K, used 133878K [0x00000000f0000000, 0x00000000f8300000, 0x00000000f8300000)
  object space 134144K, 99% used [0x00000000f0000000,0x00000000f82bd9d0,0x00000000f8300000)
 Metaspace       used 52315K, capacity 55166K, committed 55936K, reserved 1097728K
  class space    used 6359K, capacity 6865K, committed 7040K, reserved 1048576K
}
{Heap before GC invocations=689 (full 671):
 PSYoungGen      total 62464K, used 43008K [0x00000000f8300000, 0x0000000100000000, 0x0000000100000000)
  eden space 43008K, 100% used [0x00000000f8300000,0x00000000fad00000,0x00000000fad00000)
  from space 19456K, 0% used [0x00000000fed00000,0x00000000fed00000,0x0000000100000000)
  to   space 42496K, 0% used [0x00000000fad00000,0x00000000fad00000,0x00000000fd680000)
 ParOldGen       total 134144K, used 133878K [0x00000000f0000000, 0x00000000f8300000, 0x00000000f8300000)
  object space 134144K, 99% used [0x00000000f0000000,0x00000000f82bd9d0,0x00000000f8300000)
 Metaspace       used 52315K, capacity 55166K, committed 55936K, reserved 1097728K
  class space    used 6359K, capacity 6865K, committed 7040K, reserved 1048576K
2023-01-17T04:27:36.740+0800: 155.690: [Full GC (Ergonomics) [PSYoungGen: 43008K->4835K(62464K)] [ParOldGen: 133878K->134122K(134144K)] 176886K->138957K(196608K), [Metaspace: 52315K->52315K(1097728K)], 0.1594290 secs] [Times: user=0.40 sys=0.00, real=0.15 secs] 
Heap after GC invocations=689 (full 671):
 PSYoungGen      total 62464K, used 4835K [0x00000000f8300000, 0x0000000100000000, 0x0000000100000000)
  eden space 43008K, 11% used [0x00000000f8300000,0x00000000f87b8cc8,0x00000000fad00000)
  from space 19456K, 0% used [0x00000000fed00000,0x00000000fed00000,0x0000000100000000)
  to   space 42496K, 0% used [0x00000000fad00000,0x00000000fad00000,0x00000000fd680000)
 ParOldGen       total 134144K, used 134122K [0x00000000f0000000, 0x00000000f8300000, 0x00000000f8300000)
  object space 134144K, 99% used [0x00000000f0000000,0x00000000f82faa80,0x00000000f8300000)
 Metaspace       used 52315K, capacity 55166K, committed 55936K, reserved 1097728K
  class space    used 6359K, capacity 6865K, committed 7040K, reserved 1048576K
}
{Heap before GC invocations=690 (full 672):
 PSYoungGen      total 62464K, used 43008K [0x00000000f8300000, 0x0000000100000000, 0x0000000100000000)
  eden space 43008K, 100% used [0x00000000f8300000,0x00000000fad00000,0x00000000fad00000)
  from space 19456K, 0% used [0x00000000fed00000,0x00000000fed00000,0x0000000100000000)
  to   space 42496K, 0% used [0x00000000fad00000,0x00000000fad00000,0x00000000fd680000)
 ParOldGen       total 134144K, used 134122K [0x00000000f0000000, 0x00000000f8300000, 0x00000000f8300000)
  object space 134144K, 99% used [0x00000000f0000000,0x00000000f82faa80,0x00000000f8300000)
 Metaspace       used 52315K, capacity 55166K, committed 55936K, reserved 1097728K
  class space    used 6359K, capacity 6865K, committed 7040K, reserved 1048576K
2023-01-17T04:27:36.958+0800: 155.908: [Full GC (Ergonomics) [PSYoungGen: 43008K->4972K(62464K)] [ParOldGen: 134122K->133994K(134144K)] 177130K->138966K(196608K), [Metaspace: 52315K->52315K(1097728K)], 0.1593748 secs] [Times: user=0.41 sys=0.00, real=0.16 secs] 
Heap after GC invocations=690 (full 672):
 PSYoungGen      total 62464K, used 4972K [0x00000000f8300000, 0x0000000100000000, 0x0000000100000000)
  eden space 43008K, 11% used [0x00000000f8300000,0x00000000f87db140,0x00000000fad00000)
  from space 19456K, 0% used [0x00000000fed00000,0x00000000fed00000,0x0000000100000000)
  to   space 42496K, 0% used [0x00000000fad00000,0x00000000fad00000,0x00000000fd680000)
 ParOldGen       total 134144K, used 133994K [0x00000000f0000000, 0x00000000f8300000, 0x00000000f8300000)
  object space 134144K, 99% used [0x00000000f0000000,0x00000000f82da8e0,0x00000000f8300000)
 Metaspace       used 52315K, capacity 55166K, committed 55936K, reserved 1097728K
  class space    used 6359K, capacity 6865K, committed 7040K, reserved 1048576K
}
{Heap before GC invocations=691 (full 673):
 PSYoungGen      total 62464K, used 43008K [0x00000000f8300000, 0x0000000100000000, 0x0000000100000000)
  eden space 43008K, 100% used [0x00000000f8300000,0x00000000fad00000,0x00000000fad00000)
  from space 19456K, 0% used [0x00000000fed00000,0x00000000fed00000,0x0000000100000000)
  to   space 42496K, 0% used [0x00000000fad00000,0x00000000fad00000,0x00000000fd680000)
 ParOldGen       total 134144K, used 133994K [0x00000000f0000000, 0x00000000f8300000, 0x00000000f8300000)
  object space 134144K, 99% used [0x00000000f0000000,0x00000000f82da8e0,0x00000000f8300000)
 Metaspace       used 52315K, capacity 55166K, committed 55936K, reserved 1097728K
  class space    used 6359K, capacity 6865K, committed 7040K, reserved 1048576K
2023-01-17T04:27:37.166+0800: 156.116: [Full GC (Ergonomics) [PSYoungGen: 43008K->5071K(62464K)] [ParOldGen: 133994K->133873K(134144K)] 177002K->138944K(196608K), [Metaspace: 52315K->52315K(1097728K)], 0.1377458 secs] [Times: user=0.39 sys=0.01, real=0.14 secs] 
Heap after GC invocations=691 (full 673):
 PSYoungGen      total 62464K, used 5071K [0x00000000f8300000, 0x0000000100000000, 0x0000000100000000)
  eden space 43008K, 11% used [0x00000000f8300000,0x00000000f87f3c20,0x00000000fad00000)
  from space 19456K, 0% used [0x00000000fed00000,0x00000000fed00000,0x0000000100000000)
  to   space 42496K, 0% used [0x00000000fad00000,0x00000000fad00000,0x00000000fd680000)
 ParOldGen       total 134144K, used 133873K [0x00000000f0000000, 0x00000000f8300000, 0x00000000f8300000)
  object space 134144K, 99% used [0x00000000f0000000,0x00000000f82bc640,0x00000000f8300000)
 Metaspace       used 52315K, capacity 55166K, committed 55936K, reserved 1097728K
  class space    used 6359K, capacity 6865K, committed 7040K, reserved 1048576K
}
{Heap before GC invocations=692 (full 674):
 PSYoungGen      total 62464K, used 43008K [0x00000000f8300000, 0x0000000100000000, 0x0000000100000000)
  eden space 43008K, 100% used [0x00000000f8300000,0x00000000fad00000,0x00000000fad00000)
  from space 19456K, 0% used [0x00000000fed00000,0x00000000fed00000,0x0000000100000000)
  to   space 42496K, 0% used [0x00000000fad00000,0x00000000fad00000,0x00000000fd680000)
 ParOldGen       total 134144K, used 133873K [0x00000000f0000000, 0x00000000f8300000, 0x00000000f8300000)
  object space 134144K, 99% used [0x00000000f0000000,0x00000000f82bc640,0x00000000f8300000)
 Metaspace       used 52315K, capacity 55166K, committed 55936K, reserved 1097728K
  class space    used 6359K, capacity 6865K, committed 7040K, reserved 1048576K
2023-01-17T04:27:37.356+0800: 156.305: [Full GC (Ergonomics) [PSYoungGen: 43008K->5225K(62464K)] [ParOldGen: 133873K->133771K(134144K)] 176881K->138996K(196608K), [Metaspace: 52315K->52315K(1097728K)], 0.1289274 secs] [Times: user=0.35 sys=0.00, real=0.13 secs] 
Heap after GC invocations=692 (full 674):
 PSYoungGen      total 62464K, used 5225K [0x00000000f8300000, 0x0000000100000000, 0x0000000100000000)
  eden space 43008K, 12% used [0x00000000f8300000,0x00000000f881a4c8,0x00000000fad00000)
  from space 19456K, 0% used [0x00000000fed00000,0x00000000fed00000,0x0000000100000000)
  to   space 42496K, 0% used [0x00000000fad00000,0x00000000fad00000,0x00000000fd680000)
 ParOldGen       total 134144K, used 133771K [0x00000000f0000000, 0x00000000f8300000, 0x00000000f8300000)
  object space 134144K, 99% used [0x00000000f0000000,0x00000000f82a2f20,0x00000000f8300000)
 Metaspace       used 52315K, capacity 55166K, committed 55936K, reserved 1097728K
  class space    used 6359K, capacity 6865K, committed 7040K, reserved 1048576K
}
{Heap before GC invocations=693 (full 675):
 PSYoungGen      total 62464K, used 43008K [0x00000000f8300000, 0x0000000100000000, 0x0000000100000000)
  eden space 43008K, 100% used [0x00000000f8300000,0x00000000fad00000,0x00000000fad00000)
  from space 19456K, 0% used [0x00000000fed00000,0x00000000fed00000,0x0000000100000000)
  to   space 42496K, 0% used [0x00000000fad00000,0x00000000fad00000,0x00000000fd680000)
 ParOldGen       total 134144K, used 133771K [0x00000000f0000000, 0x00000000f8300000, 0x00000000f8300000)
  object space 134144K, 99% used [0x00000000f0000000,0x00000000f82a2f20,0x00000000f8300000)
 Metaspace       used 52315K, capacity 55166K, committed 55936K, reserved 1097728K
  class space    used 6359K, capacity 6865K, committed 7040K, reserved 1048576K
2023-01-17T04:27:37.539+0800: 156.489: [Full GC (Ergonomics) [PSYoungGen: 43008K->4867K(62464K)] [ParOldGen: 133771K->134090K(134144K)] 176779K->138958K(196608K), [Metaspace: 52315K->52315K(1097728K)], 0.2513068 secs] [Times: user=0.48 sys=0.00, real=0.26 secs] 
Heap after GC invocations=693 (full 675):
 PSYoungGen      total 62464K, used 4867K [0x00000000f8300000, 0x0000000100000000, 0x0000000100000000)
  eden space 43008K, 11% used [0x00000000f8300000,0x00000000f87c0e80,0x00000000fad00000)
  from space 19456K, 0% used [0x00000000fed00000,0x00000000fed00000,0x0000000100000000)
  to   space 42496K, 0% used [0x00000000fad00000,0x00000000fad00000,0x00000000fd680000)
 ParOldGen       total 134144K, used 134090K [0x00000000f0000000, 0x00000000f8300000, 0x00000000f8300000)
  object space 134144K, 99% used [0x00000000f0000000,0x00000000f82f2ab0,0x00000000f8300000)
 Metaspace       used 52315K, capacity 55166K, committed 55936K, reserved 1097728K
  class space    used 6359K, capacity 6865K, committed 7040K, reserved 1048576K
}
{Heap before GC invocations=694 (full 676):
 PSYoungGen      total 62464K, used 43008K [0x00000000f8300000, 0x0000000100000000, 0x0000000100000000)
  eden space 43008K, 100% used [0x00000000f8300000,0x00000000fad00000,0x00000000fad00000)
  from space 19456K, 0% used [0x00000000fed00000,0x00000000fed00000,0x0000000100000000)
  to   space 42496K, 0% used [0x00000000fad00000,0x00000000fad00000,0x00000000fd680000)
 ParOldGen       total 134144K, used 134090K [0x00000000f0000000, 0x00000000f8300000, 0x00000000f8300000)
  object space 134144K, 99% used [0x00000000f0000000,0x00000000f82f2ab0,0x00000000f8300000)
 Metaspace       used 52315K, capacity 55166K, committed 55936K, reserved 1097728K
  class space    used 6359K, capacity 6865K, committed 7040K, reserved 1048576K
2023-01-17T04:27:37.849+0800: 156.799: [Full GC (Ergonomics) [PSYoungGen: 43008K->4978K(62464K)] [ParOldGen: 134090K->133986K(134144K)] 177098K->138964K(196608K), [Metaspace: 52315K->52315K(1097728K)], 0.1337310 secs] [Times: user=0.38 sys=0.00, real=0.14 secs] 
Heap after GC invocations=694 (full 676):
 PSYoungGen      total 62464K, used 4978K [0x00000000f8300000, 0x0000000100000000, 0x0000000100000000)
  eden space 43008K, 11% used [0x00000000f8300000,0x00000000f87dc8d0,0x00000000fad00000)
  from space 19456K, 0% used [0x00000000fed00000,0x00000000fed00000,0x0000000100000000)
  to   space 42496K, 0% used [0x00000000fad00000,0x00000000fad00000,0x00000000fd680000)
 ParOldGen       total 134144K, used 133986K [0x00000000f0000000, 0x00000000f8300000, 0x00000000f8300000)
  object space 134144K, 99% used [0x00000000f0000000,0x00000000f82d8a28,0x00000000f8300000)
 Metaspace       used 52315K, capacity 55166K, committed 55936K, reserved 1097728K
  class space    used 6359K, capacity 6865K, committed 7040K, reserved 1048576K
}
{Heap before GC invocations=695 (full 677):
 PSYoungGen      total 62464K, used 43008K [0x00000000f8300000, 0x0000000100000000, 0x0000000100000000)
  eden space 43008K, 100% used [0x00000000f8300000,0x00000000fad00000,0x00000000fad00000)
  from space 19456K, 0% used [0x00000000fed00000,0x00000000fed00000,0x0000000100000000)
  to   space 42496K, 0% used [0x00000000fad00000,0x00000000fad00000,0x00000000fd680000)
 ParOldGen       total 134144K, used 133986K [0x00000000f0000000, 0x00000000f8300000, 0x00000000f8300000)
  object space 134144K, 99% used [0x00000000f0000000,0x00000000f82d8a28,0x00000000f8300000)
 Metaspace       used 52315K, capacity 55166K, committed 55936K, reserved 1097728K
  class space    used 6359K, capacity 6865K, committed 7040K, reserved 1048576K
2023-01-17T04:27:38.031+0800: 156.981: [Full GC (Ergonomics) [PSYoungGen: 43008K->5173K(62464K)] [ParOldGen: 133986K->133787K(134144K)] 176994K->138960K(196608K), [Metaspace: 52315K->52315K(1097728K)], 0.1568524 secs] [Times: user=0.47 sys=0.00, real=0.15 secs] 
Heap after GC invocations=695 (full 677):
 PSYoungGen      total 62464K, used 5173K [0x00000000f8300000, 0x0000000100000000, 0x0000000100000000)
  eden space 43008K, 12% used [0x00000000f8300000,0x00000000f880d440,0x00000000fad00000)
  from space 19456K, 0% used [0x00000000fed00000,0x00000000fed00000,0x0000000100000000)
  to   space 42496K, 0% used [0x00000000fad00000,0x00000000fad00000,0x00000000fd680000)
 ParOldGen       total 134144K, used 133787K [0x00000000f0000000, 0x00000000f8300000, 0x00000000f8300000)
  object space 134144K, 99% used [0x00000000f0000000,0x00000000f82a6df8,0x00000000f8300000)
 Metaspace       used 52315K, capacity 55166K, committed 55936K, reserved 1097728K
  class space    used 6359K, capacity 6865K, committed 7040K, reserved 1048576K
}
{Heap before GC invocations=696 (full 678):
 PSYoungGen      total 62464K, used 43008K [0x00000000f8300000, 0x0000000100000000, 0x0000000100000000)
  eden space 43008K, 100% used [0x00000000f8300000,0x00000000fad00000,0x00000000fad00000)
  from space 19456K, 0% used [0x00000000fed00000,0x00000000fed00000,0x0000000100000000)
  to   space 42496K, 0% used [0x00000000fad00000,0x00000000fad00000,0x00000000fd680000)
 ParOldGen       total 134144K, used 133787K [0x00000000f0000000, 0x00000000f8300000, 0x00000000f8300000)
  object space 134144K, 99% used [0x00000000f0000000,0x00000000f82a6df8,0x00000000f8300000)
 Metaspace       used 52315K, capacity 55166K, committed 55936K, reserved 1097728K
  class space    used 6359K, capacity 6865K, committed 7040K, reserved 1048576K
2023-01-17T04:27:38.235+0800: 157.185: [Full GC (Ergonomics) [PSYoungGen: 43008K->4872K(62464K)] [ParOldGen: 133787K->134111K(134144K)] 176795K->138984K(196608K), [Metaspace: 52315K->52315K(1097728K)], 0.1602716 secs] [Times: user=0.43 sys=0.00, real=0.16 secs] 
Heap after GC invocations=696 (full 678):
 PSYoungGen      total 62464K, used 4872K [0x00000000f8300000, 0x0000000100000000, 0x0000000100000000)
  eden space 43008K, 11% used [0x00000000f8300000,0x00000000f87c2318,0x00000000fad00000)
  from space 19456K, 0% used [0x00000000fed00000,0x00000000fed00000,0x0000000100000000)
  to   space 42496K, 0% used [0x00000000fad00000,0x00000000fad00000,0x00000000fd680000)
 ParOldGen       total 134144K, used 134111K [0x00000000f0000000, 0x00000000f8300000, 0x00000000f8300000)
  object space 134144K, 99% used [0x00000000f0000000,0x00000000f82f7d20,0x00000000f8300000)
 Metaspace       used 52315K, capacity 55166K, committed 55936K, reserved 1097728K
  class space    used 6359K, capacity 6865K, committed 7040K, reserved 1048576K
}
{Heap before GC invocations=697 (full 679):
 PSYoungGen      total 62464K, used 43008K [0x00000000f8300000, 0x0000000100000000, 0x0000000100000000)
  eden space 43008K, 100% used [0x00000000f8300000,0x00000000fad00000,0x00000000fad00000)
  from space 19456K, 0% used [0x00000000fed00000,0x00000000fed00000,0x0000000100000000)
  to   space 42496K, 0% used [0x00000000fad00000,0x00000000fad00000,0x00000000fd680000)
 ParOldGen       total 134144K, used 134111K [0x00000000f0000000, 0x00000000f8300000, 0x00000000f8300000)
  object space 134144K, 99% used [0x00000000f0000000,0x00000000f82f7d20,0x00000000f8300000)
 Metaspace       used 52315K, capacity 55166K, committed 55936K, reserved 1097728K
  class space    used 6359K, capacity 6865K, committed 7040K, reserved 1048576K
2023-01-17T04:27:38.454+0800: 157.404: [Full GC (Ergonomics) [PSYoungGen: 43008K->4993K(62464K)] [ParOldGen: 134111K->133989K(134144K)] 177119K->138982K(196608K), [Metaspace: 52315K->52315K(1097728K)], 0.1610242 secs] [Times: user=0.38 sys=0.00, real=0.16 secs] 
Heap after GC invocations=697 (full 679):
 PSYoungGen      total 62464K, used 4993K [0x00000000f8300000, 0x0000000100000000, 0x0000000100000000)
  eden space 43008K, 11% used [0x00000000f8300000,0x00000000f87e0570,0x00000000fad00000)
  from space 19456K, 0% used [0x00000000fed00000,0x00000000fed00000,0x0000000100000000)
  to   space 42496K, 0% used [0x00000000fad00000,0x00000000fad00000,0x00000000fd680000)
 ParOldGen       total 134144K, used 133989K [0x00000000f0000000, 0x00000000f8300000, 0x00000000f8300000)
  object space 134144K, 99% used [0x00000000f0000000,0x00000000f82d9458,0x00000000f8300000)
 Metaspace       used 52315K, capacity 55166K, committed 55936K, reserved 1097728K
  class space    used 6359K, capacity 6865K, committed 7040K, reserved 1048576K
}
{Heap before GC invocations=698 (full 680):
 PSYoungGen      total 62464K, used 43008K [0x00000000f8300000, 0x0000000100000000, 0x0000000100000000)
  eden space 43008K, 100% used [0x00000000f8300000,0x00000000fad00000,0x00000000fad00000)
  from space 19456K, 0% used [0x00000000fed00000,0x00000000fed00000,0x0000000100000000)
  to   space 42496K, 0% used [0x00000000fad00000,0x00000000fad00000,0x00000000fd680000)
 ParOldGen       total 134144K, used 133989K [0x00000000f0000000, 0x00000000f8300000, 0x00000000f8300000)
  object space 134144K, 99% used [0x00000000f0000000,0x00000000f82d9458,0x00000000f8300000)
 Metaspace       used 52315K, capacity 55166K, committed 55936K, reserved 1097728K
  class space    used 6359K, capacity 6865K, committed 7040K, reserved 1048576K
2023-01-17T04:27:38.664+0800: 157.614: [Full GC (Ergonomics) [PSYoungGen: 43008K->5106K(62464K)] [ParOldGen: 133989K->133850K(134144K)] 176997K->138956K(196608K), [Metaspace: 52315K->52315K(1097728K)], 0.1708821 secs] [Times: user=0.49 sys=0.00, real=0.17 secs] 
Heap after GC invocations=698 (full 680):
 PSYoungGen      total 62464K, used 5106K [0x00000000f8300000, 0x0000000100000000, 0x0000000100000000)
  eden space 43008K, 11% used [0x00000000f8300000,0x00000000f87fca90,0x00000000fad00000)
  from space 19456K, 0% used [0x00000000fed00000,0x00000000fed00000,0x0000000100000000)
  to   space 42496K, 0% used [0x00000000fad00000,0x00000000fad00000,0x00000000fd680000)
 ParOldGen       total 134144K, used 133850K [0x00000000f0000000, 0x00000000f8300000, 0x00000000f8300000)
  object space 134144K, 99% used [0x00000000f0000000,0x00000000f82b6820,0x00000000f8300000)
 Metaspace       used 52315K, capacity 55166K, committed 55936K, reserved 1097728K
  class space    used 6359K, capacity 6865K, committed 7040K, reserved 1048576K
}
{Heap before GC invocations=699 (full 681):
 PSYoungGen      total 62464K, used 43008K [0x00000000f8300000, 0x0000000100000000, 0x0000000100000000)
  eden space 43008K, 100% used [0x00000000f8300000,0x00000000fad00000,0x00000000fad00000)
  from space 19456K, 0% used [0x00000000fed00000,0x00000000fed00000,0x0000000100000000)
  to   space 42496K, 0% used [0x00000000fad00000,0x00000000fad00000,0x00000000fd680000)
 ParOldGen       total 134144K, used 133850K [0x00000000f0000000, 0x00000000f8300000, 0x00000000f8300000)
  object space 134144K, 99% used [0x00000000f0000000,0x00000000f82b6820,0x00000000f8300000)
 Metaspace       used 52315K, capacity 55166K, committed 55936K, reserved 1097728K
  class space    used 6359K, capacity 6865K, committed 7040K, reserved 1048576K
2023-01-17T04:27:38.894+0800: 157.844: [Full GC (Ergonomics) [PSYoungGen: 43008K->5149K(62464K)] [ParOldGen: 133850K->133803K(134144K)] 176858K->138953K(196608K), [Metaspace: 52315K->52315K(1097728K)], 0.1605696 secs] [Times: user=0.38 sys=0.00, real=0.16 secs] 
Heap after GC invocations=699 (full 681):
 PSYoungGen      total 62464K, used 5149K [0x00000000f8300000, 0x0000000100000000, 0x0000000100000000)
  eden space 43008K, 11% used [0x00000000f8300000,0x00000000f8807750,0x00000000fad00000)
  from space 19456K, 0% used [0x00000000fed00000,0x00000000fed00000,0x0000000100000000)
  to   space 42496K, 0% used [0x00000000fad00000,0x00000000fad00000,0x00000000fd680000)
 ParOldGen       total 134144K, used 133803K [0x00000000f0000000, 0x00000000f8300000, 0x00000000f8300000)
  object space 134144K, 99% used [0x00000000f0000000,0x00000000f82aadd8,0x00000000f8300000)
 Metaspace       used 52315K, capacity 55166K, committed 55936K, reserved 1097728K
  class space    used 6359K, capacity 6865K, committed 7040K, reserved 1048576K
}
{Heap before GC invocations=700 (full 682):
 PSYoungGen      total 62464K, used 43008K [0x00000000f8300000, 0x0000000100000000, 0x0000000100000000)
  eden space 43008K, 100% used [0x00000000f8300000,0x00000000fad00000,0x00000000fad00000)
  from space 19456K, 0% used [0x00000000fed00000,0x00000000fed00000,0x0000000100000000)
  to   space 42496K, 0% used [0x00000000fad00000,0x00000000fad00000,0x00000000fd680000)
 ParOldGen       total 134144K, used 133803K [0x00000000f0000000, 0x00000000f8300000, 0x00000000f8300000)
  object space 134144K, 99% used [0x00000000f0000000,0x00000000f82aadd8,0x00000000f8300000)
 Metaspace       used 52315K, capacity 55166K, committed 55936K, reserved 1097728K
  class space    used 6359K, capacity 6865K, committed 7040K, reserved 1048576K
2023-01-17T04:27:39.107+0800: 158.057: [Full GC (Ergonomics) [PSYoungGen: 43008K->4829K(62464K)] [ParOldGen: 133803K->134143K(134144K)] 176811K->138972K(196608K), [Metaspace: 52315K->52315K(1097728K)], 0.2329932 secs] [Times: user=0.56 sys=0.00, real=0.24 secs] 
Heap after GC invocations=700 (full 682):
 PSYoungGen      total 62464K, used 4829K [0x00000000f8300000, 0x0000000100000000, 0x0000000100000000)
  eden space 43008K, 11% used [0x00000000f8300000,0x00000000f87b7548,0x00000000fad00000)
  from space 19456K, 0% used [0x00000000fed00000,0x00000000fed00000,0x0000000100000000)
  to   space 42496K, 0% used [0x00000000fad00000,0x00000000fad00000,0x00000000fd680000)
 ParOldGen       total 134144K, used 134143K [0x00000000f0000000, 0x00000000f8300000, 0x00000000f8300000)
  object space 134144K, 99% used [0x00000000f0000000,0x00000000f82ffd48,0x00000000f8300000)
 Metaspace       used 52315K, capacity 55166K, committed 55936K, reserved 1097728K
  class space    used 6359K, capacity 6865K, committed 7040K, reserved 1048576K
}
{Heap before GC invocations=701 (full 683):
 PSYoungGen      total 62464K, used 43008K [0x00000000f8300000, 0x0000000100000000, 0x0000000100000000)
  eden space 43008K, 100% used [0x00000000f8300000,0x00000000fad00000,0x00000000fad00000)
  from space 19456K, 0% used [0x00000000fed00000,0x00000000fed00000,0x0000000100000000)
  to   space 42496K, 0% used [0x00000000fad00000,0x00000000fad00000,0x00000000fd680000)
 ParOldGen       total 134144K, used 134143K [0x00000000f0000000, 0x00000000f8300000, 0x00000000f8300000)
  object space 134144K, 99% used [0x00000000f0000000,0x00000000f82ffd48,0x00000000f8300000)
 Metaspace       used 52315K, capacity 55166K, committed 55936K, reserved 1097728K
  class space    used 6359K, capacity 6865K, committed 7040K, reserved 1048576K
2023-01-17T04:27:39.388+0800: 158.338: [Full GC (Ergonomics) [PSYoungGen: 43008K->4961K(62464K)] [ParOldGen: 134143K->133992K(134144K)] 177151K->138953K(196608K), [Metaspace: 52315K->52315K(1097728K)], 0.1507859 secs] [Times: user=0.42 sys=0.00, real=0.15 secs] 
Heap after GC invocations=701 (full 683):
 PSYoungGen      total 62464K, used 4961K [0x00000000f8300000, 0x0000000100000000, 0x0000000100000000)
  eden space 43008K, 11% used [0x00000000f8300000,0x00000000f87d8670,0x00000000fad00000)
  from space 19456K, 0% used [0x00000000fed00000,0x00000000fed00000,0x0000000100000000)
  to   space 42496K, 0% used [0x00000000fad00000,0x00000000fad00000,0x00000000fd680000)
 ParOldGen       total 134144K, used 133992K [0x00000000f0000000, 0x00000000f8300000, 0x00000000f8300000)
  object space 134144K, 99% used [0x00000000f0000000,0x00000000f82da118,0x00000000f8300000)
 Metaspace       used 52315K, capacity 55166K, committed 55936K, reserved 1097728K
  class space    used 6359K, capacity 6865K, committed 7040K, reserved 1048576K
}
{Heap before GC invocations=702 (full 684):
 PSYoungGen      total 62464K, used 43008K [0x00000000f8300000, 0x0000000100000000, 0x0000000100000000)
  eden space 43008K, 100% used [0x00000000f8300000,0x00000000fad00000,0x00000000fad00000)
  from space 19456K, 0% used [0x00000000fed00000,0x00000000fed00000,0x0000000100000000)
  to   space 42496K, 0% used [0x00000000fad00000,0x00000000fad00000,0x00000000fd680000)
 ParOldGen       total 134144K, used 133992K [0x00000000f0000000, 0x00000000f8300000, 0x00000000f8300000)
  object space 134144K, 99% used [0x00000000f0000000,0x00000000f82da118,0x00000000f8300000)
 Metaspace       used 52324K, capacity 55230K, committed 55936K, reserved 1097728K
  class space    used 6359K, capacity 6865K, committed 7040K, reserved 1048576K
2023-01-17T04:27:39.590+0800: 158.539: [Full GC (Ergonomics) [PSYoungGen: 43008K->5005K(62464K)] [ParOldGen: 133992K->133938K(134144K)] 177000K->138943K(196608K), [Metaspace: 52324K->52324K(1097728K)], 0.1478852 secs] [Times: user=0.42 sys=0.01, real=0.14 secs] 
Heap after GC invocations=702 (full 684):
 PSYoungGen      total 62464K, used 5005K [0x00000000f8300000, 0x0000000100000000, 0x0000000100000000)
  eden space 43008K, 11% used [0x00000000f8300000,0x00000000f87e3470,0x00000000fad00000)
  from space 19456K, 0% used [0x00000000fed00000,0x00000000fed00000,0x0000000100000000)
  to   space 42496K, 0% used [0x00000000fad00000,0x00000000fad00000,0x00000000fd680000)
 ParOldGen       total 134144K, used 133938K [0x00000000f0000000, 0x00000000f8300000, 0x00000000f8300000)
  object space 134144K, 99% used [0x00000000f0000000,0x00000000f82cc8b0,0x00000000f8300000)
 Metaspace       used 52324K, capacity 55230K, committed 55936K, reserved 1097728K
  class space    used 6359K, capacity 6865K, committed 7040K, reserved 1048576K
}
{Heap before GC invocations=703 (full 685):
 PSYoungGen      total 62464K, used 43008K [0x00000000f8300000, 0x0000000100000000, 0x0000000100000000)
  eden space 43008K, 100% used [0x00000000f8300000,0x00000000fad00000,0x00000000fad00000)
  from space 19456K, 0% used [0x00000000fed00000,0x00000000fed00000,0x0000000100000000)
  to   space 42496K, 0% used [0x00000000fad00000,0x00000000fad00000,0x00000000fd680000)
 ParOldGen       total 134144K, used 133938K [0x00000000f0000000, 0x00000000f8300000, 0x00000000f8300000)
  object space 134144K, 99% used [0x00000000f0000000,0x00000000f82cc8b0,0x00000000f8300000)
 Metaspace       used 52324K, capacity 55230K, committed 55936K, reserved 1097728K
  class space    used 6359K, capacity 6865K, committed 7040K, reserved 1048576K
2023-01-17T04:27:39.786+0800: 158.735: [Full GC (Ergonomics) [PSYoungGen: 43008K->5156K(62464K)] [ParOldGen: 133938K->133803K(134144K)] 176946K->138960K(196608K), [Metaspace: 52324K->52324K(1097728K)], 0.1814445 secs] [Times: user=0.42 sys=0.00, real=0.18 secs] 
Heap after GC invocations=703 (full 685):
 PSYoungGen      total 62464K, used 5156K [0x00000000f8300000, 0x0000000100000000, 0x0000000100000000)
  eden space 43008K, 11% used [0x00000000f8300000,0x00000000f8809288,0x00000000fad00000)
  from space 19456K, 0% used [0x00000000fed00000,0x00000000fed00000,0x0000000100000000)
  to   space 42496K, 0% used [0x00000000fad00000,0x00000000fad00000,0x00000000fd680000)
 ParOldGen       total 134144K, used 133803K [0x00000000f0000000, 0x00000000f8300000, 0x00000000f8300000)
  object space 134144K, 99% used [0x00000000f0000000,0x00000000f82aada8,0x00000000f8300000)
 Metaspace       used 52324K, capacity 55230K, committed 55936K, reserved 1097728K
  class space    used 6359K, capacity 6865K, committed 7040K, reserved 1048576K
}
{Heap before GC invocations=704 (full 686):
 PSYoungGen      total 62464K, used 43008K [0x00000000f8300000, 0x0000000100000000, 0x0000000100000000)
  eden space 43008K, 100% used [0x00000000f8300000,0x00000000fad00000,0x00000000fad00000)
  from space 19456K, 0% used [0x00000000fed00000,0x00000000fed00000,0x0000000100000000)
  to   space 42496K, 0% used [0x00000000fad00000,0x00000000fad00000,0x00000000fd680000)
 ParOldGen       total 134144K, used 133803K [0x00000000f0000000, 0x00000000f8300000, 0x00000000f8300000)
  object space 134144K, 99% used [0x00000000f0000000,0x00000000f82aada8,0x00000000f8300000)
 Metaspace       used 52324K, capacity 55230K, committed 55936K, reserved 1097728K
  class space    used 6359K, capacity 6865K, committed 7040K, reserved 1048576K
2023-01-17T04:27:40.030+0800: 158.980: [Full GC (Ergonomics) [PSYoungGen: 43008K->5232K(62464K)] [ParOldGen: 133803K->133710K(134144K)] 176811K->138943K(196608K), [Metaspace: 52324K->52324K(1097728K)], 0.2102939 secs] [Times: user=0.49 sys=0.01, real=0.21 secs] 
Heap after GC invocations=704 (full 686):
 PSYoungGen      total 62464K, used 5232K [0x00000000f8300000, 0x0000000100000000, 0x0000000100000000)
  eden space 43008K, 12% used [0x00000000f8300000,0x00000000f881c240,0x00000000fad00000)
  from space 19456K, 0% used [0x00000000fed00000,0x00000000fed00000,0x0000000100000000)
  to   space 42496K, 0% used [0x00000000fad00000,0x00000000fad00000,0x00000000fd680000)
 ParOldGen       total 134144K, used 133710K [0x00000000f0000000, 0x00000000f8300000, 0x00000000f8300000)
  object space 134144K, 99% used [0x00000000f0000000,0x00000000f82939e0,0x00000000f8300000)
 Metaspace       used 52324K, capacity 55230K, committed 55936K, reserved 1097728K
  class space    used 6359K, capacity 6865K, committed 7040K, reserved 1048576K
}
{Heap before GC invocations=705 (full 687):
 PSYoungGen      total 62464K, used 43008K [0x00000000f8300000, 0x0000000100000000, 0x0000000100000000)
  eden space 43008K, 100% used [0x00000000f8300000,0x00000000fad00000,0x00000000fad00000)
  from space 19456K, 0% used [0x00000000fed00000,0x00000000fed00000,0x0000000100000000)
  to   space 42496K, 0% used [0x00000000fad00000,0x00000000fad00000,0x00000000fd680000)
 ParOldGen       total 134144K, used 133710K [0x00000000f0000000, 0x00000000f8300000, 0x00000000f8300000)
  object space 134144K, 99% used [0x00000000f0000000,0x00000000f82939e0,0x00000000f8300000)
 Metaspace       used 52324K, capacity 55230K, committed 55936K, reserved 1097728K
  class space    used 6359K, capacity 6865K, committed 7040K, reserved 1048576K
2023-01-17T04:27:40.294+0800: 159.244: [Full GC (Ergonomics) [PSYoungGen: 43008K->4883K(62464K)] [ParOldGen: 133710K->134058K(134144K)] 176718K->138941K(196608K), [Metaspace: 52324K->52324K(1097728K)], 0.1707553 secs] [Times: user=0.51 sys=0.00, real=0.17 secs] 
Heap after GC invocations=705 (full 687):
 PSYoungGen      total 62464K, used 4883K [0x00000000f8300000, 0x0000000100000000, 0x0000000100000000)
  eden space 43008K, 11% used [0x00000000f8300000,0x00000000f87c4c38,0x00000000fad00000)
  from space 19456K, 0% used [0x00000000fed00000,0x00000000fed00000,0x0000000100000000)
  to   space 42496K, 0% used [0x00000000fad00000,0x00000000fad00000,0x00000000fd680000)
 ParOldGen       total 134144K, used 134058K [0x00000000f0000000, 0x00000000f8300000, 0x00000000f8300000)
  object space 134144K, 99% used [0x00000000f0000000,0x00000000f82eaa20,0x00000000f8300000)
 Metaspace       used 52324K, capacity 55230K, committed 55936K, reserved 1097728K
  class space    used 6359K, capacity 6865K, committed 7040K, reserved 1048576K
}
{Heap before GC invocations=706 (full 688):
 PSYoungGen      total 62464K, used 43008K [0x00000000f8300000, 0x0000000100000000, 0x0000000100000000)
  eden space 43008K, 100% used [0x00000000f8300000,0x00000000fad00000,0x00000000fad00000)
  from space 19456K, 0% used [0x00000000fed00000,0x00000000fed00000,0x0000000100000000)
  to   space 42496K, 0% used [0x00000000fad00000,0x00000000fad00000,0x00000000fd680000)
 ParOldGen       total 134144K, used 134058K [0x00000000f0000000, 0x00000000f8300000, 0x00000000f8300000)
  object space 134144K, 99% used [0x00000000f0000000,0x00000000f82eaa20,0x00000000f8300000)
 Metaspace       used 52324K, capacity 55230K, committed 55936K, reserved 1097728K
  class space    used 6359K, capacity 6865K, committed 7040K, reserved 1048576K
2023-01-17T04:27:40.513+0800: 159.462: [Full GC (Ergonomics) [PSYoungGen: 43008K->5005K(62464K)] [ParOldGen: 134058K->133942K(134144K)] 177066K->138948K(196608K), [Metaspace: 52324K->52324K(1097728K)], 0.1571849 secs] [Times: user=0.39 sys=0.01, real=0.16 secs] 
Heap after GC invocations=706 (full 688):
 PSYoungGen      total 62464K, used 5005K [0x00000000f8300000, 0x0000000100000000, 0x0000000100000000)
  eden space 43008K, 11% used [0x00000000f8300000,0x00000000f87e3600,0x00000000fad00000)
  from space 19456K, 0% used [0x00000000fed00000,0x00000000fed00000,0x0000000100000000)
  to   space 42496K, 0% used [0x00000000fad00000,0x00000000fad00000,0x00000000fd680000)
 ParOldGen       total 134144K, used 133942K [0x00000000f0000000, 0x00000000f8300000, 0x00000000f8300000)
  object space 134144K, 99% used [0x00000000f0000000,0x00000000f82cdbc8,0x00000000f8300000)
 Metaspace       used 52324K, capacity 55230K, committed 55936K, reserved 1097728K
  class space    used 6359K, capacity 6865K, committed 7040K, reserved 1048576K
}
{Heap before GC invocations=707 (full 689):
 PSYoungGen      total 62464K, used 43008K [0x00000000f8300000, 0x0000000100000000, 0x0000000100000000)
  eden space 43008K, 100% used [0x00000000f8300000,0x00000000fad00000,0x00000000fad00000)
  from space 19456K, 0% used [0x00000000fed00000,0x00000000fed00000,0x0000000100000000)
  to   space 42496K, 0% used [0x00000000fad00000,0x00000000fad00000,0x00000000fd680000)
 ParOldGen       total 134144K, used 133942K [0x00000000f0000000, 0x00000000f8300000, 0x00000000f8300000)
  object space 134144K, 99% used [0x00000000f0000000,0x00000000f82cdbc8,0x00000000f8300000)
 Metaspace       used 52324K, capacity 55230K, committed 55936K, reserved 1097728K
  class space    used 6359K, capacity 6865K, committed 7040K, reserved 1048576K
2023-01-17T04:27:40.729+0800: 159.679: [Full GC (Ergonomics) [PSYoungGen: 43008K->5109K(62464K)] [ParOldGen: 133942K->133838K(134144K)] 176950K->138947K(196608K), [Metaspace: 52324K->52324K(1097728K)], 0.1686475 secs] [Times: user=0.40 sys=0.00, real=0.17 secs] 
Heap after GC invocations=707 (full 689):
 PSYoungGen      total 62464K, used 5109K [0x00000000f8300000, 0x0000000100000000, 0x0000000100000000)
  eden space 43008K, 11% used [0x00000000f8300000,0x00000000f87fd458,0x00000000fad00000)
  from space 19456K, 0% used [0x00000000fed00000,0x00000000fed00000,0x0000000100000000)
  to   space 42496K, 0% used [0x00000000fad00000,0x00000000fad00000,0x00000000fd680000)
 ParOldGen       total 134144K, used 133838K [0x00000000f0000000, 0x00000000f8300000, 0x00000000f8300000)
  object space 134144K, 99% used [0x00000000f0000000,0x00000000f82b3a80,0x00000000f8300000)
 Metaspace       used 52324K, capacity 55230K, committed 55936K, reserved 1097728K
  class space    used 6359K, capacity 6865K, committed 7040K, reserved 1048576K
}
{Heap before GC invocations=708 (full 690):
 PSYoungGen      total 62464K, used 43008K [0x00000000f8300000, 0x0000000100000000, 0x0000000100000000)
  eden space 43008K, 100% used [0x00000000f8300000,0x00000000fad00000,0x00000000fad00000)
  from space 19456K, 0% used [0x00000000fed00000,0x00000000fed00000,0x0000000100000000)
  to   space 42496K, 0% used [0x00000000fad00000,0x00000000fad00000,0x00000000fd680000)
 ParOldGen       total 134144K, used 133838K [0x00000000f0000000, 0x00000000f8300000, 0x00000000f8300000)
  object space 134144K, 99% used [0x00000000f0000000,0x00000000f82b3a80,0x00000000f8300000)
 Metaspace       used 52324K, capacity 55230K, committed 55936K, reserved 1097728K
  class space    used 6359K, capacity 6865K, committed 7040K, reserved 1048576K
2023-01-17T04:27:40.946+0800: 159.896: [Full GC (Ergonomics) [PSYoungGen: 43008K->4813K(62464K)] [ParOldGen: 133838K->134115K(134144K)] 176846K->138928K(196608K), [Metaspace: 52324K->52324K(1097728K)], 0.1797433 secs] [Times: user=0.54 sys=0.01, real=0.18 secs] 
Heap after GC invocations=708 (full 690):
 PSYoungGen      total 62464K, used 4813K [0x00000000f8300000, 0x0000000100000000, 0x0000000100000000)
  eden space 43008K, 11% used [0x00000000f8300000,0x00000000f87b35c0,0x00000000fad00000)
  from space 19456K, 0% used [0x00000000fed00000,0x00000000fed00000,0x0000000100000000)
  to   space 42496K, 0% used [0x00000000fad00000,0x00000000fad00000,0x00000000fd680000)
 ParOldGen       total 134144K, used 134115K [0x00000000f0000000, 0x00000000f8300000, 0x00000000f8300000)
  object space 134144K, 99% used [0x00000000f0000000,0x00000000f82f8d48,0x00000000f8300000)
 Metaspace       used 52324K, capacity 55230K, committed 55936K, reserved 1097728K
  class space    used 6359K, capacity 6865K, committed 7040K, reserved 1048576K
}
{Heap before GC invocations=709 (full 691):
 PSYoungGen      total 62464K, used 43008K [0x00000000f8300000, 0x0000000100000000, 0x0000000100000000)
  eden space 43008K, 100% used [0x00000000f8300000,0x00000000fad00000,0x00000000fad00000)
  from space 19456K, 0% used [0x00000000fed00000,0x00000000fed00000,0x0000000100000000)
  to   space 42496K, 0% used [0x00000000fad00000,0x00000000fad00000,0x00000000fd680000)
 ParOldGen       total 134144K, used 134115K [0x00000000f0000000, 0x00000000f8300000, 0x00000000f8300000)
  object space 134144K, 99% used [0x00000000f0000000,0x00000000f82f8d48,0x00000000f8300000)
 Metaspace       used 52324K, capacity 55230K, committed 55936K, reserved 1097728K
  class space    used 6359K, capacity 6865K, committed 7040K, reserved 1048576K
2023-01-17T04:27:41.174+0800: 160.124: [Full GC (Ergonomics) [PSYoungGen: 43008K->4987K(62464K)] [ParOldGen: 134115K->133946K(134144K)] 177123K->138934K(196608K), [Metaspace: 52324K->52324K(1097728K)], 0.1313198 secs] [Times: user=0.33 sys=0.00, real=0.13 secs] 
Heap after GC invocations=709 (full 691):
 PSYoungGen      total 62464K, used 4987K [0x00000000f8300000, 0x0000000100000000, 0x0000000100000000)
  eden space 43008K, 11% used [0x00000000f8300000,0x00000000f87defd0,0x00000000fad00000)
  from space 19456K, 0% used [0x00000000fed00000,0x00000000fed00000,0x0000000100000000)
  to   space 42496K, 0% used [0x00000000fad00000,0x00000000fad00000,0x00000000fd680000)
 ParOldGen       total 134144K, used 133946K [0x00000000f0000000, 0x00000000f8300000, 0x00000000f8300000)
  object space 134144K, 99% used [0x00000000f0000000,0x00000000f82ce930,0x00000000f8300000)
 Metaspace       used 52324K, capacity 55230K, committed 55936K, reserved 1097728K
  class space    used 6359K, capacity 6865K, committed 7040K, reserved 1048576K
}
{Heap before GC invocations=710 (full 692):
 PSYoungGen      total 62464K, used 43008K [0x00000000f8300000, 0x0000000100000000, 0x0000000100000000)
  eden space 43008K, 100% used [0x00000000f8300000,0x00000000fad00000,0x00000000fad00000)
  from space 19456K, 0% used [0x00000000fed00000,0x00000000fed00000,0x0000000100000000)
  to   space 42496K, 0% used [0x00000000fad00000,0x00000000fad00000,0x00000000fd680000)
 ParOldGen       total 134144K, used 133946K [0x00000000f0000000, 0x00000000f8300000, 0x00000000f8300000)
  object space 134144K, 99% used [0x00000000f0000000,0x00000000f82ce930,0x00000000f8300000)
 Metaspace       used 52324K, capacity 55230K, committed 55936K, reserved 1097728K
  class space    used 6359K, capacity 6865K, committed 7040K, reserved 1048576K
2023-01-17T04:27:41.378+0800: 160.327: [Full GC (Ergonomics) [PSYoungGen: 43008K->5098K(62464K)] [ParOldGen: 133946K->133848K(134144K)] 176954K->138946K(196608K), [Metaspace: 52324K->52320K(1097728K)], 0.2915718 secs] [Times: user=0.71 sys=0.01, real=0.29 secs] 
Heap after GC invocations=710 (full 692):
 PSYoungGen      total 62464K, used 5098K [0x00000000f8300000, 0x0000000100000000, 0x0000000100000000)
  eden space 43008K, 11% used [0x00000000f8300000,0x00000000f87fa838,0x00000000fad00000)
  from space 19456K, 0% used [0x00000000fed00000,0x00000000fed00000,0x0000000100000000)
  to   space 42496K, 0% used [0x00000000fad00000,0x00000000fad00000,0x00000000fd680000)
 ParOldGen       total 134144K, used 133848K [0x00000000f0000000, 0x00000000f8300000, 0x00000000f8300000)
  object space 134144K, 99% used [0x00000000f0000000,0x00000000f82b6148,0x00000000f8300000)
 Metaspace       used 52320K, capacity 55224K, committed 55936K, reserved 1097728K
  class space    used 6358K, capacity 6864K, committed 7040K, reserved 1048576K
}
{Heap before GC invocations=711 (full 693):
 PSYoungGen      total 62464K, used 43008K [0x00000000f8300000, 0x0000000100000000, 0x0000000100000000)
  eden space 43008K, 100% used [0x00000000f8300000,0x00000000fad00000,0x00000000fad00000)
  from space 19456K, 0% used [0x00000000fed00000,0x00000000fed00000,0x0000000100000000)
  to   space 42496K, 0% used [0x00000000fad00000,0x00000000fad00000,0x00000000fd680000)
 ParOldGen       total 134144K, used 133848K [0x00000000f0000000, 0x00000000f8300000, 0x00000000f8300000)
  object space 134144K, 99% used [0x00000000f0000000,0x00000000f82b6148,0x00000000f8300000)
 Metaspace       used 52320K, capacity 55224K, committed 55936K, reserved 1097728K
  class space    used 6358K, capacity 6864K, committed 7040K, reserved 1048576K
2023-01-17T04:27:41.717+0800: 160.666: [Full GC (Ergonomics) [PSYoungGen: 43008K->4778K(62464K)] [ParOldGen: 133848K->134019K(134144K)] 176856K->138797K(196608K), [Metaspace: 52320K->52320K(1097728K)], 0.2264204 secs] [Times: user=0.71 sys=0.01, real=0.23 secs] 
Heap after GC invocations=711 (full 693):
 PSYoungGen      total 62464K, used 4778K [0x00000000f8300000, 0x0000000100000000, 0x0000000100000000)
  eden space 43008K, 11% used [0x00000000f8300000,0x00000000f87aa980,0x00000000fad00000)
  from space 19456K, 0% used [0x00000000fed00000,0x00000000fed00000,0x0000000100000000)
  to   space 42496K, 0% used [0x00000000fad00000,0x00000000fad00000,0x00000000fd680000)
 ParOldGen       total 134144K, used 134019K [0x00000000f0000000, 0x00000000f8300000, 0x00000000f8300000)
  object space 134144K, 99% used [0x00000000f0000000,0x00000000f82e0c50,0x00000000f8300000)
 Metaspace       used 52320K, capacity 55224K, committed 55936K, reserved 1097728K
  class space    used 6358K, capacity 6864K, committed 7040K, reserved 1048576K
}
{Heap before GC invocations=712 (full 694):
 PSYoungGen      total 62464K, used 43008K [0x00000000f8300000, 0x0000000100000000, 0x0000000100000000)
  eden space 43008K, 100% used [0x00000000f8300000,0x00000000fad00000,0x00000000fad00000)
  from space 19456K, 0% used [0x00000000fed00000,0x00000000fed00000,0x0000000100000000)
  to   space 42496K, 0% used [0x00000000fad00000,0x00000000fad00000,0x00000000fd680000)
 ParOldGen       total 134144K, used 134019K [0x00000000f0000000, 0x00000000f8300000, 0x00000000f8300000)
  object space 134144K, 99% used [0x00000000f0000000,0x00000000f82e0c50,0x00000000f8300000)
 Metaspace       used 52320K, capacity 55224K, committed 55936K, reserved 1097728K
  class space    used 6358K, capacity 6864K, committed 7040K, reserved 1048576K
2023-01-17T04:27:41.991+0800: 160.940: [Full GC (Ergonomics) [PSYoungGen: 43008K->4949K(62464K)] [ParOldGen: 134019K->133774K(134144K)] 177027K->138723K(196608K), [Metaspace: 52320K->52316K(1097728K)], 0.3238094 secs] [Times: user=0.85 sys=0.01, real=0.32 secs] 
Heap after GC invocations=712 (full 694):
 PSYoungGen      total 62464K, used 4949K [0x00000000f8300000, 0x0000000100000000, 0x0000000100000000)
  eden space 43008K, 11% used [0x00000000f8300000,0x00000000f87d5448,0x00000000fad00000)
  from space 19456K, 0% used [0x00000000fed00000,0x00000000fed00000,0x0000000100000000)
  to   space 42496K, 0% used [0x00000000fad00000,0x00000000fad00000,0x00000000fd680000)
 ParOldGen       total 134144K, used 133774K [0x00000000f0000000, 0x00000000f8300000, 0x00000000f8300000)
  object space 134144K, 99% used [0x00000000f0000000,0x00000000f82a38d0,0x00000000f8300000)
 Metaspace       used 52316K, capacity 55218K, committed 55936K, reserved 1097728K
  class space    used 6358K, capacity 6863K, committed 7040K, reserved 1048576K
}
{Heap before GC invocations=713 (full 695):
 PSYoungGen      total 62464K, used 43008K [0x00000000f8300000, 0x0000000100000000, 0x0000000100000000)
  eden space 43008K, 100% used [0x00000000f8300000,0x00000000fad00000,0x00000000fad00000)
  from space 19456K, 0% used [0x00000000fed00000,0x00000000fed00000,0x0000000100000000)
  to   space 42496K, 0% used [0x00000000fad00000,0x00000000fad00000,0x00000000fd680000)
 ParOldGen       total 134144K, used 133774K [0x00000000f0000000, 0x00000000f8300000, 0x00000000f8300000)
  object space 134144K, 99% used [0x00000000f0000000,0x00000000f82a38d0,0x00000000f8300000)
 Metaspace       used 52316K, capacity 55218K, committed 55936K, reserved 1097728K
  class space    used 6358K, capacity 6863K, committed 7040K, reserved 1048576K
2023-01-17T04:27:42.362+0800: 161.312: [Full GC (Ergonomics) [PSYoungGen: 43008K->4730K(62464K)] [ParOldGen: 133774K->134002K(134144K)] 176782K->138733K(196608K), [Metaspace: 52316K->52316K(1097728K)], 0.1640557 secs] [Times: user=0.47 sys=0.00, real=0.16 secs] 
Heap after GC invocations=713 (full 695):
 PSYoungGen      total 62464K, used 4730K [0x00000000f8300000, 0x0000000100000000, 0x0000000100000000)
  eden space 43008K, 11% used [0x00000000f8300000,0x00000000f879ebf8,0x00000000fad00000)
  from space 19456K, 0% used [0x00000000fed00000,0x00000000fed00000,0x0000000100000000)
  to   space 42496K, 0% used [0x00000000fad00000,0x00000000fad00000,0x00000000fd680000)
 ParOldGen       total 134144K, used 134002K [0x00000000f0000000, 0x00000000f8300000, 0x00000000f8300000)
  object space 134144K, 99% used [0x00000000f0000000,0x00000000f82dca18,0x00000000f8300000)
 Metaspace       used 52316K, capacity 55218K, committed 55936K, reserved 1097728K
  class space    used 6358K, capacity 6863K, committed 7040K, reserved 1048576K
}
{Heap before GC invocations=714 (full 696):
 PSYoungGen      total 62464K, used 43008K [0x00000000f8300000, 0x0000000100000000, 0x0000000100000000)
  eden space 43008K, 100% used [0x00000000f8300000,0x00000000fad00000,0x00000000fad00000)
  from space 19456K, 0% used [0x00000000fed00000,0x00000000fed00000,0x0000000100000000)
  to   space 42496K, 0% used [0x00000000fad00000,0x00000000fad00000,0x00000000fd680000)
 ParOldGen       total 134144K, used 134002K [0x00000000f0000000, 0x00000000f8300000, 0x00000000f8300000)
  object space 134144K, 99% used [0x00000000f0000000,0x00000000f82dca18,0x00000000f8300000)
 Metaspace       used 52317K, capacity 55218K, committed 55936K, reserved 1097728K
  class space    used 6358K, capacity 6863K, committed 7040K, reserved 1048576K
2023-01-17T04:27:42.589+0800: 161.538: [Full GC (Ergonomics) [PSYoungGen: 43008K->4853K(62464K)] [ParOldGen: 134002K->133875K(134144K)] 177010K->138729K(196608K), [Metaspace: 52317K->52317K(1097728K)], 0.2013510 secs] [Times: user=0.48 sys=0.00, real=0.21 secs] 
Heap after GC invocations=714 (full 696):
 PSYoungGen      total 62464K, used 4853K [0x00000000f8300000, 0x0000000100000000, 0x0000000100000000)
  eden space 43008K, 11% used [0x00000000f8300000,0x00000000f87bd6e0,0x00000000fad00000)
  from space 19456K, 0% used [0x00000000fed00000,0x00000000fed00000,0x0000000100000000)
  to   space 42496K, 0% used [0x00000000fad00000,0x00000000fad00000,0x00000000fd680000)
 ParOldGen       total 134144K, used 133875K [0x00000000f0000000, 0x00000000f8300000, 0x00000000f8300000)
  object space 134144K, 99% used [0x00000000f0000000,0x00000000f82bce80,0x00000000f8300000)
 Metaspace       used 52317K, capacity 55218K, committed 55936K, reserved 1097728K
  class space    used 6358K, capacity 6863K, committed 7040K, reserved 1048576K
}
{Heap before GC invocations=715 (full 697):
 PSYoungGen      total 62464K, used 43008K [0x00000000f8300000, 0x0000000100000000, 0x0000000100000000)
  eden space 43008K, 100% used [0x00000000f8300000,0x00000000fad00000,0x00000000fad00000)
  from space 19456K, 0% used [0x00000000fed00000,0x00000000fed00000,0x0000000100000000)
  to   space 42496K, 0% used [0x00000000fad00000,0x00000000fad00000,0x00000000fd680000)
 ParOldGen       total 134144K, used 133875K [0x00000000f0000000, 0x00000000f8300000, 0x00000000f8300000)
  object space 134144K, 99% used [0x00000000f0000000,0x00000000f82bce80,0x00000000f8300000)
 Metaspace       used 52317K, capacity 55218K, committed 55936K, reserved 1097728K
  class space    used 6358K, capacity 6863K, committed 7040K, reserved 1048576K
2023-01-17T04:27:42.842+0800: 161.792: [Full GC (Ergonomics) [PSYoungGen: 43008K->4949K(62464K)] [ParOldGen: 133875K->133763K(134144K)] 176883K->138713K(196608K), [Metaspace: 52317K->52317K(1097728K)], 0.1672723 secs] [Times: user=0.38 sys=0.00, real=0.17 secs] 
Heap after GC invocations=715 (full 697):
 PSYoungGen      total 62464K, used 4949K [0x00000000f8300000, 0x0000000100000000, 0x0000000100000000)
  eden space 43008K, 11% used [0x00000000f8300000,0x00000000f87d5480,0x00000000fad00000)
  from space 19456K, 0% used [0x00000000fed00000,0x00000000fed00000,0x0000000100000000)
  to   space 42496K, 0% used [0x00000000fad00000,0x00000000fad00000,0x00000000fd680000)
 ParOldGen       total 134144K, used 133763K [0x00000000f0000000, 0x00000000f8300000, 0x00000000f8300000)
  object space 134144K, 99% used [0x00000000f0000000,0x00000000f82a0fe0,0x00000000f8300000)
 Metaspace       used 52317K, capacity 55218K, committed 55936K, reserved 1097728K
  class space    used 6358K, capacity 6863K, committed 7040K, reserved 1048576K
}
{Heap before GC invocations=716 (full 698):
 PSYoungGen      total 62464K, used 43008K [0x00000000f8300000, 0x0000000100000000, 0x0000000100000000)
  eden space 43008K, 100% used [0x00000000f8300000,0x00000000fad00000,0x00000000fad00000)
  from space 19456K, 0% used [0x00000000fed00000,0x00000000fed00000,0x0000000100000000)
  to   space 42496K, 0% used [0x00000000fad00000,0x00000000fad00000,0x00000000fd680000)
 ParOldGen       total 134144K, used 133763K [0x00000000f0000000, 0x00000000f8300000, 0x00000000f8300000)
  object space 134144K, 99% used [0x00000000f0000000,0x00000000f82a0fe0,0x00000000f8300000)
 Metaspace       used 52317K, capacity 55218K, committed 55936K, reserved 1097728K
  class space    used 6358K, capacity 6863K, committed 7040K, reserved 1048576K
2023-01-17T04:27:43.070+0800: 162.020: [Full GC (Ergonomics) [PSYoungGen: 43008K->5045K(62464K)] [ParOldGen: 133763K->133678K(134144K)] 176771K->138724K(196608K), [Metaspace: 52317K->52317K(1097728K)], 0.1672741 secs] [Times: user=0.48 sys=0.00, real=0.16 secs] 
Heap after GC invocations=716 (full 698):
 PSYoungGen      total 62464K, used 5045K [0x00000000f8300000, 0x0000000100000000, 0x0000000100000000)
  eden space 43008K, 11% used [0x00000000f8300000,0x00000000f87ed6b8,0x00000000fad00000)
  from space 19456K, 0% used [0x00000000fed00000,0x00000000fed00000,0x0000000100000000)
  to   space 42496K, 0% used [0x00000000fad00000,0x00000000fad00000,0x00000000fd680000)
 ParOldGen       total 134144K, used 133678K [0x00000000f0000000, 0x00000000f8300000, 0x00000000f8300000)
  object space 134144K, 99% used [0x00000000f0000000,0x00000000f828ba68,0x00000000f8300000)
 Metaspace       used 52317K, capacity 55218K, committed 55936K, reserved 1097728K
  class space    used 6358K, capacity 6863K, committed 7040K, reserved 1048576K
}
{Heap before GC invocations=717 (full 699):
 PSYoungGen      total 62464K, used 43008K [0x00000000f8300000, 0x0000000100000000, 0x0000000100000000)
  eden space 43008K, 100% used [0x00000000f8300000,0x00000000fad00000,0x00000000fad00000)
  from space 19456K, 0% used [0x00000000fed00000,0x00000000fed00000,0x0000000100000000)
  to   space 42496K, 0% used [0x00000000fad00000,0x00000000fad00000,0x00000000fd680000)
 ParOldGen       total 134144K, used 133678K [0x00000000f0000000, 0x00000000f8300000, 0x00000000f8300000)
  object space 134144K, 99% used [0x00000000f0000000,0x00000000f828ba68,0x00000000f8300000)
 Metaspace       used 52317K, capacity 55218K, committed 55936K, reserved 1097728K
  class space    used 6358K, capacity 6863K, committed 7040K, reserved 1048576K
2023-01-17T04:27:43.285+0800: 162.235: [Full GC (Ergonomics) [PSYoungGen: 43008K->4768K(62464K)] [ParOldGen: 133678K->133941K(134144K)] 176686K->138710K(196608K), [Metaspace: 52317K->52317K(1097728K)], 0.1841217 secs] [Times: user=0.56 sys=0.00, real=0.18 secs] 
Heap after GC invocations=717 (full 699):
 PSYoungGen      total 62464K, used 4768K [0x00000000f8300000, 0x0000000100000000, 0x0000000100000000)
  eden space 43008K, 11% used [0x00000000f8300000,0x00000000f87a83b8,0x00000000fad00000)
  from space 19456K, 0% used [0x00000000fed00000,0x00000000fed00000,0x0000000100000000)
  to   space 42496K, 0% used [0x00000000fad00000,0x00000000fad00000,0x00000000fd680000)
 ParOldGen       total 134144K, used 133941K [0x00000000f0000000, 0x00000000f8300000, 0x00000000f8300000)
  object space 134144K, 99% used [0x00000000f0000000,0x00000000f82cd620,0x00000000f8300000)
 Metaspace       used 52317K, capacity 55218K, committed 55936K, reserved 1097728K
  class space    used 6358K, capacity 6863K, committed 7040K, reserved 1048576K
}
{Heap before GC invocations=718 (full 700):
 PSYoungGen      total 62464K, used 43008K [0x00000000f8300000, 0x0000000100000000, 0x0000000100000000)
  eden space 43008K, 100% used [0x00000000f8300000,0x00000000fad00000,0x00000000fad00000)
  from space 19456K, 0% used [0x00000000fed00000,0x00000000fed00000,0x0000000100000000)
  to   space 42496K, 0% used [0x00000000fad00000,0x00000000fad00000,0x00000000fd680000)
 ParOldGen       total 134144K, used 133941K [0x00000000f0000000, 0x00000000f8300000, 0x00000000f8300000)
  object space 134144K, 99% used [0x00000000f0000000,0x00000000f82cd620,0x00000000f8300000)
 Metaspace       used 52317K, capacity 55218K, committed 55936K, reserved 1097728K
  class space    used 6358K, capacity 6863K, committed 7040K, reserved 1048576K
2023-01-17T04:27:43.517+0800: 162.467: [Full GC (Ergonomics) [PSYoungGen: 43008K->4944K(62464K)] [ParOldGen: 133941K->133773K(134144K)] 176949K->138718K(196608K), [Metaspace: 52317K->52317K(1097728K)], 0.1796894 secs] [Times: user=0.42 sys=0.01, real=0.18 secs] 
Heap after GC invocations=718 (full 700):
 PSYoungGen      total 62464K, used 4944K [0x00000000f8300000, 0x0000000100000000, 0x0000000100000000)
  eden space 43008K, 11% used [0x00000000f8300000,0x00000000f87d4360,0x00000000fad00000)
  from space 19456K, 0% used [0x00000000fed00000,0x00000000fed00000,0x0000000100000000)
  to   space 42496K, 0% used [0x00000000fad00000,0x00000000fad00000,0x00000000fd680000)
 ParOldGen       total 134144K, used 133773K [0x00000000f0000000, 0x00000000f8300000, 0x00000000f8300000)
  object space 134144K, 99% used [0x00000000f0000000,0x00000000f82a3638,0x00000000f8300000)
 Metaspace       used 52317K, capacity 55218K, committed 55936K, reserved 1097728K
  class space    used 6358K, capacity 6863K, committed 7040K, reserved 1048576K
}
{Heap before GC invocations=719 (full 701):
 PSYoungGen      total 62464K, used 43008K [0x00000000f8300000, 0x0000000100000000, 0x0000000100000000)
  eden space 43008K, 100% used [0x00000000f8300000,0x00000000fad00000,0x00000000fad00000)
  from space 19456K, 0% used [0x00000000fed00000,0x00000000fed00000,0x0000000100000000)
  to   space 42496K, 0% used [0x00000000fad00000,0x00000000fad00000,0x00000000fd680000)
 ParOldGen       total 134144K, used 133773K [0x00000000f0000000, 0x00000000f8300000, 0x00000000f8300000)
  object space 134144K, 99% used [0x00000000f0000000,0x00000000f82a3638,0x00000000f8300000)
 Metaspace       used 52317K, capacity 55218K, committed 55936K, reserved 1097728K
  class space    used 6358K, capacity 6863K, committed 7040K, reserved 1048576K
2023-01-17T04:27:43.766+0800: 162.716: [Full GC (Ergonomics) [PSYoungGen: 43008K->4621K(62464K)] [ParOldGen: 133773K->134125K(134144K)] 176781K->138746K(196608K), [Metaspace: 52317K->52317K(1097728K)], 0.2379298 secs] [Times: user=0.52 sys=0.00, real=0.24 secs] 
Heap after GC invocations=719 (full 701):
 PSYoungGen      total 62464K, used 4621K [0x00000000f8300000, 0x0000000100000000, 0x0000000100000000)
  eden space 43008K, 10% used [0x00000000f8300000,0x00000000f8783430,0x00000000fad00000)
  from space 19456K, 0% used [0x00000000fed00000,0x00000000fed00000,0x0000000100000000)
  to   space 42496K, 0% used [0x00000000fad00000,0x00000000fad00000,0x00000000fd680000)
 ParOldGen       total 134144K, used 134125K [0x00000000f0000000, 0x00000000f8300000, 0x00000000f8300000)
  object space 134144K, 99% used [0x00000000f0000000,0x00000000f82fb700,0x00000000f8300000)
 Metaspace       used 52317K, capacity 55218K, committed 55936K, reserved 1097728K
  class space    used 6358K, capacity 6863K, committed 7040K, reserved 1048576K
}
{Heap before GC invocations=720 (full 702):
 PSYoungGen      total 62464K, used 43008K [0x00000000f8300000, 0x0000000100000000, 0x0000000100000000)
  eden space 43008K, 100% used [0x00000000f8300000,0x00000000fad00000,0x00000000fad00000)
  from space 19456K, 0% used [0x00000000fed00000,0x00000000fed00000,0x0000000100000000)
  to   space 42496K, 0% used [0x00000000fad00000,0x00000000fad00000,0x00000000fd680000)
 ParOldGen       total 134144K, used 134125K [0x00000000f0000000, 0x00000000f8300000, 0x00000000f8300000)
  object space 134144K, 99% used [0x00000000f0000000,0x00000000f82fb700,0x00000000f8300000)
 Metaspace       used 52317K, capacity 55218K, committed 55936K, reserved 1097728K
  class space    used 6358K, capacity 6863K, committed 7040K, reserved 1048576K
2023-01-17T04:27:44.061+0800: 163.011: [Full GC (Ergonomics) [PSYoungGen: 43008K->4704K(62464K)] [ParOldGen: 134125K->133997K(134144K)] 177133K->138701K(196608K), [Metaspace: 52317K->52317K(1097728K)], 0.1554950 secs] [Times: user=0.44 sys=0.01, real=0.15 secs] 
Heap after GC invocations=720 (full 702):
 PSYoungGen      total 62464K, used 4704K [0x00000000f8300000, 0x0000000100000000, 0x0000000100000000)
  eden space 43008K, 10% used [0x00000000f8300000,0x00000000f8798050,0x00000000fad00000)
  from space 19456K, 0% used [0x00000000fed00000,0x00000000fed00000,0x0000000100000000)
  to   space 42496K, 0% used [0x00000000fad00000,0x00000000fad00000,0x00000000fd680000)
 ParOldGen       total 134144K, used 133997K [0x00000000f0000000, 0x00000000f8300000, 0x00000000f8300000)
  object space 134144K, 99% used [0x00000000f0000000,0x00000000f82db6f0,0x00000000f8300000)
 Metaspace       used 52317K, capacity 55218K, committed 55936K, reserved 1097728K
  class space    used 6358K, capacity 6863K, committed 7040K, reserved 1048576K
}
{Heap before GC invocations=721 (full 703):
 PSYoungGen      total 62464K, used 43008K [0x00000000f8300000, 0x0000000100000000, 0x0000000100000000)
  eden space 43008K, 100% used [0x00000000f8300000,0x00000000fad00000,0x00000000fad00000)
  from space 19456K, 0% used [0x00000000fed00000,0x00000000fed00000,0x0000000100000000)
  to   space 42496K, 0% used [0x00000000fad00000,0x00000000fad00000,0x00000000fd680000)
 ParOldGen       total 134144K, used 133997K [0x00000000f0000000, 0x00000000f8300000, 0x00000000f8300000)
  object space 134144K, 99% used [0x00000000f0000000,0x00000000f82db6f0,0x00000000f8300000)
 Metaspace       used 52317K, capacity 55218K, committed 55936K, reserved 1097728K
  class space    used 6358K, capacity 6863K, committed 7040K, reserved 1048576K
2023-01-17T04:27:44.265+0800: 163.215: [Full GC (Ergonomics) [PSYoungGen: 43008K->4907K(62464K)] [ParOldGen: 133997K->133794K(134144K)] 177005K->138702K(196608K), [Metaspace: 52317K->52317K(1097728K)], 0.1783478 secs] [Times: user=0.43 sys=0.00, real=0.18 secs] 
Heap after GC invocations=721 (full 703):
 PSYoungGen      total 62464K, used 4907K [0x00000000f8300000, 0x0000000100000000, 0x0000000100000000)
  eden space 43008K, 11% used [0x00000000f8300000,0x00000000f87caf18,0x00000000fad00000)
  from space 19456K, 0% used [0x00000000fed00000,0x00000000fed00000,0x0000000100000000)
  to   space 42496K, 0% used [0x00000000fad00000,0x00000000fad00000,0x00000000fd680000)
 ParOldGen       total 134144K, used 133794K [0x00000000f0000000, 0x00000000f8300000, 0x00000000f8300000)
  object space 134144K, 99% used [0x00000000f0000000,0x00000000f82a8988,0x00000000f8300000)
 Metaspace       used 52317K, capacity 55218K, committed 55936K, reserved 1097728K
  class space    used 6358K, capacity 6863K, committed 7040K, reserved 1048576K
}
{Heap before GC invocations=722 (full 704):
 PSYoungGen      total 62464K, used 43008K [0x00000000f8300000, 0x0000000100000000, 0x0000000100000000)
  eden space 43008K, 100% used [0x00000000f8300000,0x00000000fad00000,0x00000000fad00000)
  from space 19456K, 0% used [0x00000000fed00000,0x00000000fed00000,0x0000000100000000)
  to   space 42496K, 0% used [0x00000000fad00000,0x00000000fad00000,0x00000000fd680000)
 ParOldGen       total 134144K, used 133794K [0x00000000f0000000, 0x00000000f8300000, 0x00000000f8300000)
  object space 134144K, 99% used [0x00000000f0000000,0x00000000f82a8988,0x00000000f8300000)
 Metaspace       used 52317K, capacity 55218K, committed 55936K, reserved 1097728K
  class space    used 6358K, capacity 6863K, committed 7040K, reserved 1048576K
2023-01-17T04:27:44.505+0800: 163.455: [Full GC (Ergonomics) [PSYoungGen: 43008K->4631K(62464K)] [ParOldGen: 133794K->134079K(134144K)] 176802K->138711K(196608K), [Metaspace: 52317K->52317K(1097728K)], 0.1924074 secs] [Times: user=0.53 sys=0.01, real=0.19 secs] 
Heap after GC invocations=722 (full 704):
 PSYoungGen      total 62464K, used 4631K [0x00000000f8300000, 0x0000000100000000, 0x0000000100000000)
  eden space 43008K, 10% used [0x00000000f8300000,0x00000000f8785fd8,0x00000000fad00000)
  from space 19456K, 0% used [0x00000000fed00000,0x00000000fed00000,0x0000000100000000)
  to   space 42496K, 0% used [0x00000000fad00000,0x00000000fad00000,0x00000000fd680000)
 ParOldGen       total 134144K, used 134079K [0x00000000f0000000, 0x00000000f8300000, 0x00000000f8300000)
  object space 134144K, 99% used [0x00000000f0000000,0x00000000f82efcc8,0x00000000f8300000)
 Metaspace       used 52317K, capacity 55218K, committed 55936K, reserved 1097728K
  class space    used 6358K, capacity 6863K, committed 7040K, reserved 1048576K
}
{Heap before GC invocations=723 (full 705):
 PSYoungGen      total 62464K, used 43008K [0x00000000f8300000, 0x0000000100000000, 0x0000000100000000)
  eden space 43008K, 100% used [0x00000000f8300000,0x00000000fad00000,0x00000000fad00000)
  from space 19456K, 0% used [0x00000000fed00000,0x00000000fed00000,0x0000000100000000)
  to   space 42496K, 0% used [0x00000000fad00000,0x00000000fad00000,0x00000000fd680000)
 ParOldGen       total 134144K, used 134079K [0x00000000f0000000, 0x00000000f8300000, 0x00000000f8300000)
  object space 134144K, 99% used [0x00000000f0000000,0x00000000f82efcc8,0x00000000f8300000)
 Metaspace       used 52317K, capacity 55218K, committed 55936K, reserved 1097728K
  class space    used 6358K, capacity 6863K, committed 7040K, reserved 1048576K
2023-01-17T04:27:44.746+0800: 163.696: [Full GC (Ergonomics) [PSYoungGen: 43008K->4788K(62464K)] [ParOldGen: 134079K->133905K(134144K)] 177087K->138694K(196608K), [Metaspace: 52317K->52317K(1097728K)], 0.1584698 secs] [Times: user=0.46 sys=0.00, real=0.16 secs] 
Heap after GC invocations=723 (full 705):
 PSYoungGen      total 62464K, used 4788K [0x00000000f8300000, 0x0000000100000000, 0x0000000100000000)
  eden space 43008K, 11% used [0x00000000f8300000,0x00000000f87ad158,0x00000000fad00000)
  from space 19456K, 0% used [0x00000000fed00000,0x00000000fed00000,0x0000000100000000)
  to   space 42496K, 0% used [0x00000000fad00000,0x00000000fad00000,0x00000000fd680000)
 ParOldGen       total 134144K, used 133905K [0x00000000f0000000, 0x00000000f8300000, 0x00000000f8300000)
  object space 134144K, 99% used [0x00000000f0000000,0x00000000f82c47d8,0x00000000f8300000)
 Metaspace       used 52317K, capacity 55218K, committed 55936K, reserved 1097728K
  class space    used 6358K, capacity 6863K, committed 7040K, reserved 1048576K
}
{Heap before GC invocations=724 (full 706):
 PSYoungGen      total 62464K, used 43008K [0x00000000f8300000, 0x0000000100000000, 0x0000000100000000)
  eden space 43008K, 100% used [0x00000000f8300000,0x00000000fad00000,0x00000000fad00000)
  from space 19456K, 0% used [0x00000000fed00000,0x00000000fed00000,0x0000000100000000)
  to   space 42496K, 0% used [0x00000000fad00000,0x00000000fad00000,0x00000000fd680000)
 ParOldGen       total 134144K, used 133905K [0x00000000f0000000, 0x00000000f8300000, 0x00000000f8300000)
  object space 134144K, 99% used [0x00000000f0000000,0x00000000f82c47d8,0x00000000f8300000)
 Metaspace       used 52317K, capacity 55218K, committed 55936K, reserved 1097728K
  class space    used 6358K, capacity 6863K, committed 7040K, reserved 1048576K
2023-01-17T04:27:44.952+0800: 163.902: [Full GC (Ergonomics) [PSYoungGen: 43008K->4559K(62464K)] [ParOldGen: 133905K->134140K(134144K)] 176913K->138699K(196608K), [Metaspace: 52317K->52317K(1097728K)], 0.2322775 secs] [Times: user=0.47 sys=0.00, real=0.23 secs] 
Heap after GC invocations=724 (full 706):
 PSYoungGen      total 62464K, used 4559K [0x00000000f8300000, 0x0000000100000000, 0x0000000100000000)
  eden space 43008K, 10% used [0x00000000f8300000,0x00000000f8773ca8,0x00000000fad00000)
  from space 19456K, 0% used [0x00000000fed00000,0x00000000fed00000,0x0000000100000000)
  to   space 42496K, 0% used [0x00000000fad00000,0x00000000fad00000,0x00000000fd680000)
 ParOldGen       total 134144K, used 134140K [0x00000000f0000000, 0x00000000f8300000, 0x00000000f8300000)
  object space 134144K, 99% used [0x00000000f0000000,0x00000000f82ff120,0x00000000f8300000)
 Metaspace       used 52317K, capacity 55218K, committed 55936K, reserved 1097728K
  class space    used 6358K, capacity 6863K, committed 7040K, reserved 1048576K
}
{Heap before GC invocations=725 (full 707):
 PSYoungGen      total 62464K, used 43008K [0x00000000f8300000, 0x0000000100000000, 0x0000000100000000)
  eden space 43008K, 100% used [0x00000000f8300000,0x00000000fad00000,0x00000000fad00000)
  from space 19456K, 0% used [0x00000000fed00000,0x00000000fed00000,0x0000000100000000)
  to   space 42496K, 0% used [0x00000000fad00000,0x00000000fad00000,0x00000000fd680000)
 ParOldGen       total 134144K, used 134140K [0x00000000f0000000, 0x00000000f8300000, 0x00000000f8300000)
  object space 134144K, 99% used [0x00000000f0000000,0x00000000f82ff120,0x00000000f8300000)
 Metaspace       used 52317K, capacity 55218K, committed 55936K, reserved 1097728K
  class space    used 6358K, capacity 6863K, committed 7040K, reserved 1048576K
2023-01-17T04:27:45.244+0800: 164.194: [Full GC (Ergonomics) [PSYoungGen: 43008K->4760K(62464K)] [ParOldGen: 134140K->133928K(134144K)] 177148K->138688K(196608K), [Metaspace: 52317K->52317K(1097728K)], 0.1789269 secs] [Times: user=0.47 sys=0.00, real=0.18 secs] 
Heap after GC invocations=725 (full 707):
 PSYoungGen      total 62464K, used 4760K [0x00000000f8300000, 0x0000000100000000, 0x0000000100000000)
  eden space 43008K, 11% used [0x00000000f8300000,0x00000000f87a6138,0x00000000fad00000)
  from space 19456K, 0% used [0x00000000fed00000,0x00000000fed00000,0x0000000100000000)
  to   space 42496K, 0% used [0x00000000fad00000,0x00000000fad00000,0x00000000fd680000)
 ParOldGen       total 134144K, used 133928K [0x00000000f0000000, 0x00000000f8300000, 0x00000000f8300000)
  object space 134144K, 99% used [0x00000000f0000000,0x00000000f82ca2b8,0x00000000f8300000)
 Metaspace       used 52317K, capacity 55218K, committed 55936K, reserved 1097728K
  class space    used 6358K, capacity 6863K, committed 7040K, reserved 1048576K
}
{Heap before GC invocations=726 (full 708):
 PSYoungGen      total 62464K, used 43008K [0x00000000f8300000, 0x0000000100000000, 0x0000000100000000)
  eden space 43008K, 100% used [0x00000000f8300000,0x00000000fad00000,0x00000000fad00000)
  from space 19456K, 0% used [0x00000000fed00000,0x00000000fed00000,0x0000000100000000)
  to   space 42496K, 0% used [0x00000000fad00000,0x00000000fad00000,0x00000000fd680000)
 ParOldGen       total 134144K, used 133928K [0x00000000f0000000, 0x00000000f8300000, 0x00000000f8300000)
  object space 134144K, 99% used [0x00000000f0000000,0x00000000f82ca2b8,0x00000000f8300000)
 Metaspace       used 52317K, capacity 55218K, committed 55936K, reserved 1097728K
  class space    used 6358K, capacity 6863K, committed 7040K, reserved 1048576K
2023-01-17T04:27:45.470+0800: 164.420: [Full GC (Ergonomics) [PSYoungGen: 43008K->4951K(62464K)] [ParOldGen: 133928K->133755K(134144K)] 176936K->138707K(196608K), [Metaspace: 52317K->52317K(1097728K)], 0.1655947 secs] [Times: user=0.49 sys=0.00, real=0.16 secs] 
Heap after GC invocations=726 (full 708):
 PSYoungGen      total 62464K, used 4951K [0x00000000f8300000, 0x0000000100000000, 0x0000000100000000)
  eden space 43008K, 11% used [0x00000000f8300000,0x00000000f87d5d60,0x00000000fad00000)
  from space 19456K, 0% used [0x00000000fed00000,0x00000000fed00000,0x0000000100000000)
  to   space 42496K, 0% used [0x00000000fad00000,0x00000000fad00000,0x00000000fd680000)
 ParOldGen       total 134144K, used 133755K [0x00000000f0000000, 0x00000000f8300000, 0x00000000f8300000)
  object space 134144K, 99% used [0x00000000f0000000,0x00000000f829efb8,0x00000000f8300000)
 Metaspace       used 52317K, capacity 55218K, committed 55936K, reserved 1097728K
  class space    used 6358K, capacity 6863K, committed 7040K, reserved 1048576K
}
{Heap before GC invocations=727 (full 709):
 PSYoungGen      total 62464K, used 43008K [0x00000000f8300000, 0x0000000100000000, 0x0000000100000000)
  eden space 43008K, 100% used [0x00000000f8300000,0x00000000fad00000,0x00000000fad00000)
  from space 19456K, 0% used [0x00000000fed00000,0x00000000fed00000,0x0000000100000000)
  to   space 42496K, 0% used [0x00000000fad00000,0x00000000fad00000,0x00000000fd680000)
 ParOldGen       total 134144K, used 133755K [0x00000000f0000000, 0x00000000f8300000, 0x00000000f8300000)
  object space 134144K, 99% used [0x00000000f0000000,0x00000000f829efb8,0x00000000f8300000)
 Metaspace       used 52317K, capacity 55218K, committed 55936K, reserved 1097728K
  class space    used 6358K, capacity 6863K, committed 7040K, reserved 1048576K
2023-01-17T04:27:45.685+0800: 164.635: [Full GC (Ergonomics) [PSYoungGen: 43008K->4661K(62464K)] [ParOldGen: 133755K->133942K(134144K)] 176763K->138604K(196608K), [Metaspace: 52317K->52317K(1097728K)], 0.1914431 secs] [Times: user=0.55 sys=0.00, real=0.19 secs] 
Heap after GC invocations=727 (full 709):
 PSYoungGen      total 62464K, used 4661K [0x00000000f8300000, 0x0000000100000000, 0x0000000100000000)
  eden space 43008K, 10% used [0x00000000f8300000,0x00000000f878d658,0x00000000fad00000)
  from space 19456K, 0% used [0x00000000fed00000,0x00000000fed00000,0x0000000100000000)
  to   space 42496K, 0% used [0x00000000fad00000,0x00000000fad00000,0x00000000fd680000)
 ParOldGen       total 134144K, used 133942K [0x00000000f0000000, 0x00000000f8300000, 0x00000000f8300000)
  object space 134144K, 99% used [0x00000000f0000000,0x00000000f82cdbc8,0x00000000f8300000)
 Metaspace       used 52317K, capacity 55218K, committed 55936K, reserved 1097728K
  class space    used 6358K, capacity 6863K, committed 7040K, reserved 1048576K
}
{Heap before GC invocations=728 (full 710):
 PSYoungGen      total 62464K, used 43008K [0x00000000f8300000, 0x0000000100000000, 0x0000000100000000)
  eden space 43008K, 100% used [0x00000000f8300000,0x00000000fad00000,0x00000000fad00000)
  from space 19456K, 0% used [0x00000000fed00000,0x00000000fed00000,0x0000000100000000)
  to   space 42496K, 0% used [0x00000000fad00000,0x00000000fad00000,0x00000000fd680000)
 ParOldGen       total 134144K, used 133942K [0x00000000f0000000, 0x00000000f8300000, 0x00000000f8300000)
  object space 134144K, 99% used [0x00000000f0000000,0x00000000f82cdbc8,0x00000000f8300000)
 Metaspace       used 52317K, capacity 55218K, committed 55936K, reserved 1097728K
  class space    used 6358K, capacity 6863K, committed 7040K, reserved 1048576K
2023-01-17T04:27:45.939+0800: 164.888: [Full GC (Ergonomics) [PSYoungGen: 43008K->4394K(62464K)] [ParOldGen: 133942K->133879K(134144K)] 176950K->138274K(196608K), [Metaspace: 52317K->52317K(1097728K)], 0.2485286 secs] [Times: user=0.64 sys=0.00, real=0.25 secs] 
Heap after GC invocations=728 (full 710):
 PSYoungGen      total 62464K, used 4394K [0x00000000f8300000, 0x0000000100000000, 0x0000000100000000)
  eden space 43008K, 10% used [0x00000000f8300000,0x00000000f874abd8,0x00000000fad00000)
  from space 19456K, 0% used [0x00000000fed00000,0x00000000fed00000,0x0000000100000000)
  to   space 42496K, 0% used [0x00000000fad00000,0x00000000fad00000,0x00000000fd680000)
 ParOldGen       total 134144K, used 133879K [0x00000000f0000000, 0x00000000f8300000, 0x00000000f8300000)
  object space 134144K, 99% used [0x00000000f0000000,0x00000000f82bdcd0,0x00000000f8300000)
 Metaspace       used 52317K, capacity 55218K, committed 55936K, reserved 1097728K
  class space    used 6358K, capacity 6863K, committed 7040K, reserved 1048576K
}
{Heap before GC invocations=729 (full 711):
 PSYoungGen      total 62464K, used 43008K [0x00000000f8300000, 0x0000000100000000, 0x0000000100000000)
  eden space 43008K, 100% used [0x00000000f8300000,0x00000000fad00000,0x00000000fad00000)
  from space 19456K, 0% used [0x00000000fed00000,0x00000000fed00000,0x0000000100000000)
  to   space 42496K, 0% used [0x00000000fad00000,0x00000000fad00000,0x00000000fd680000)
 ParOldGen       total 134144K, used 133879K [0x00000000f0000000, 0x00000000f8300000, 0x00000000f8300000)
  object space 134144K, 99% used [0x00000000f0000000,0x00000000f82bdcd0,0x00000000f8300000)
 Metaspace       used 52317K, capacity 55218K, committed 55936K, reserved 1097728K
  class space    used 6358K, capacity 6863K, committed 7040K, reserved 1048576K
2023-01-17T04:27:46.248+0800: 165.198: [Full GC (Ergonomics) [PSYoungGen: 43008K->4139K(62464K)] [ParOldGen: 133879K->133766K(134144K)] 176887K->137905K(196608K), [Metaspace: 52317K->52317K(1097728K)], 0.2043081 secs] [Times: user=0.49 sys=0.00, real=0.21 secs] 
Heap after GC invocations=729 (full 711):
 PSYoungGen      total 62464K, used 4139K [0x00000000f8300000, 0x0000000100000000, 0x0000000100000000)
  eden space 43008K, 9% used [0x00000000f8300000,0x00000000f870acc0,0x00000000fad00000)
  from space 19456K, 0% used [0x00000000fed00000,0x00000000fed00000,0x0000000100000000)
  to   space 42496K, 0% used [0x00000000fad00000,0x00000000fad00000,0x00000000fd680000)
 ParOldGen       total 134144K, used 133766K [0x00000000f0000000, 0x00000000f8300000, 0x00000000f8300000)
  object space 134144K, 99% used [0x00000000f0000000,0x00000000f82a1b08,0x00000000f8300000)
 Metaspace       used 52317K, capacity 55218K, committed 55936K, reserved 1097728K
  class space    used 6358K, capacity 6863K, committed 7040K, reserved 1048576K
}
{Heap before GC invocations=730 (full 712):
 PSYoungGen      total 62464K, used 43008K [0x00000000f8300000, 0x0000000100000000, 0x0000000100000000)
  eden space 43008K, 100% used [0x00000000f8300000,0x00000000fad00000,0x00000000fad00000)
  from space 19456K, 0% used [0x00000000fed00000,0x00000000fed00000,0x0000000100000000)
  to   space 42496K, 0% used [0x00000000fad00000,0x00000000fad00000,0x00000000fd680000)
 ParOldGen       total 134144K, used 133766K [0x00000000f0000000, 0x00000000f8300000, 0x00000000f8300000)
  object space 134144K, 99% used [0x00000000f0000000,0x00000000f82a1b08,0x00000000f8300000)
 Metaspace       used 52317K, capacity 55218K, committed 55936K, reserved 1097728K
  class space    used 6358K, capacity 6863K, committed 7040K, reserved 1048576K
2023-01-17T04:27:46.500+0800: 165.450: [Full GC (Ergonomics) [PSYoungGen: 43008K->3616K(62464K)] [ParOldGen: 133766K->134015K(134144K)] 176774K->137632K(196608K), [Metaspace: 52317K->52317K(1097728K)], 0.2033285 secs] [Times: user=0.53 sys=0.01, real=0.20 secs] 
Heap after GC invocations=730 (full 712):
 PSYoungGen      total 62464K, used 3616K [0x00000000f8300000, 0x0000000100000000, 0x0000000100000000)
  eden space 43008K, 8% used [0x00000000f8300000,0x00000000f8688230,0x00000000fad00000)
  from space 19456K, 0% used [0x00000000fed00000,0x00000000fed00000,0x0000000100000000)
  to   space 42496K, 0% used [0x00000000fad00000,0x00000000fad00000,0x00000000fd680000)
 ParOldGen       total 134144K, used 134015K [0x00000000f0000000, 0x00000000f8300000, 0x00000000f8300000)
  object space 134144K, 99% used [0x00000000f0000000,0x00000000f82dfeb8,0x00000000f8300000)
 Metaspace       used 52317K, capacity 55218K, committed 55936K, reserved 1097728K
  class space    used 6358K, capacity 6863K, committed 7040K, reserved 1048576K
}
{Heap before GC invocations=731 (full 713):
 PSYoungGen      total 62464K, used 43008K [0x00000000f8300000, 0x0000000100000000, 0x0000000100000000)
  eden space 43008K, 100% used [0x00000000f8300000,0x00000000fad00000,0x00000000fad00000)
  from space 19456K, 0% used [0x00000000fed00000,0x00000000fed00000,0x0000000100000000)
  to   space 42496K, 0% used [0x00000000fad00000,0x00000000fad00000,0x00000000fd680000)
 ParOldGen       total 134144K, used 134015K [0x00000000f0000000, 0x00000000f8300000, 0x00000000f8300000)
  object space 134144K, 99% used [0x00000000f0000000,0x00000000f82dfeb8,0x00000000f8300000)
 Metaspace       used 52317K, capacity 55218K, committed 55936K, reserved 1097728K
  class space    used 6358K, capacity 6863K, committed 7040K, reserved 1048576K
2023-01-17T04:27:46.762+0800: 165.712: [Full GC (Ergonomics) [PSYoungGen: 43008K->3145K(62464K)] [ParOldGen: 134015K->134082K(134144K)] 177023K->137228K(196608K), [Metaspace: 52317K->52317K(1097728K)], 0.2022334 secs] [Times: user=0.58 sys=0.00, real=0.20 secs] 
Heap after GC invocations=731 (full 713):
 PSYoungGen      total 62464K, used 3145K [0x00000000f8300000, 0x0000000100000000, 0x0000000100000000)
  eden space 43008K, 7% used [0x00000000f8300000,0x00000000f86126e8,0x00000000fad00000)
  from space 19456K, 0% used [0x00000000fed00000,0x00000000fed00000,0x0000000100000000)
  to   space 42496K, 0% used [0x00000000fad00000,0x00000000fad00000,0x00000000fd680000)
 ParOldGen       total 134144K, used 134082K [0x00000000f0000000, 0x00000000f8300000, 0x00000000f8300000)
  object space 134144K, 99% used [0x00000000f0000000,0x00000000f82f0bc8,0x00000000f8300000)
 Metaspace       used 52317K, capacity 55218K, committed 55936K, reserved 1097728K
  class space    used 6358K, capacity 6863K, committed 7040K, reserved 1048576K
}
{Heap before GC invocations=732 (full 714):
 PSYoungGen      total 62464K, used 43008K [0x00000000f8300000, 0x0000000100000000, 0x0000000100000000)
  eden space 43008K, 100% used [0x00000000f8300000,0x00000000fad00000,0x00000000fad00000)
  from space 19456K, 0% used [0x00000000fed00000,0x00000000fed00000,0x0000000100000000)
  to   space 42496K, 0% used [0x00000000fad00000,0x00000000fad00000,0x00000000fd680000)
 ParOldGen       total 134144K, used 134082K [0x00000000f0000000, 0x00000000f8300000, 0x00000000f8300000)
  object space 134144K, 99% used [0x00000000f0000000,0x00000000f82f0bc8,0x00000000f8300000)
 Metaspace       used 52317K, capacity 55218K, committed 55936K, reserved 1097728K
  class space    used 6358K, capacity 6863K, committed 7040K, reserved 1048576K
2023-01-17T04:27:47.015+0800: 165.965: [Full GC (Ergonomics) [PSYoungGen: 43008K->2783K(62464K)] [ParOldGen: 134082K->134090K(134144K)] 177090K->136873K(196608K), [Metaspace: 52317K->52317K(1097728K)], 0.1946474 secs] [Times: user=0.59 sys=0.00, real=0.19 secs] 
Heap after GC invocations=732 (full 714):
 PSYoungGen      total 62464K, used 2783K [0x00000000f8300000, 0x0000000100000000, 0x0000000100000000)
  eden space 43008K, 6% used [0x00000000f8300000,0x00000000f85b7ce0,0x00000000fad00000)
  from space 19456K, 0% used [0x00000000fed00000,0x00000000fed00000,0x0000000100000000)
  to   space 42496K, 0% used [0x00000000fad00000,0x00000000fad00000,0x00000000fd680000)
 ParOldGen       total 134144K, used 134090K [0x00000000f0000000, 0x00000000f8300000, 0x00000000f8300000)
  object space 134144K, 99% used [0x00000000f0000000,0x00000000f82f2ab0,0x00000000f8300000)
 Metaspace       used 52317K, capacity 55218K, committed 55936K, reserved 1097728K
  class space    used 6358K, capacity 6863K, committed 7040K, reserved 1048576K
}
{Heap before GC invocations=733 (full 715):
 PSYoungGen      total 62464K, used 43008K [0x00000000f8300000, 0x0000000100000000, 0x0000000100000000)
  eden space 43008K, 100% used [0x00000000f8300000,0x00000000fad00000,0x00000000fad00000)
  from space 19456K, 0% used [0x00000000fed00000,0x00000000fed00000,0x0000000100000000)
  to   space 42496K, 0% used [0x00000000fad00000,0x00000000fad00000,0x00000000fd680000)
 ParOldGen       total 134144K, used 134090K [0x00000000f0000000, 0x00000000f8300000, 0x00000000f8300000)
  object space 134144K, 99% used [0x00000000f0000000,0x00000000f82f2ab0,0x00000000f8300000)
 Metaspace       used 52317K, capacity 55218K, committed 55936K, reserved 1097728K
  class space    used 6358K, capacity 6863K, committed 7040K, reserved 1048576K
2023-01-17T04:27:47.260+0800: 166.210: [Full GC (Ergonomics) [PSYoungGen: 43008K->2574K(62464K)] [ParOldGen: 134090K->133979K(134144K)] 177098K->136554K(196608K), [Metaspace: 52317K->52317K(1097728K)], 0.2022398 secs] [Times: user=0.50 sys=0.00, real=0.20 secs] 
Heap after GC invocations=733 (full 715):
 PSYoungGen      total 62464K, used 2574K [0x00000000f8300000, 0x0000000100000000, 0x0000000100000000)
  eden space 43008K, 5% used [0x00000000f8300000,0x00000000f8583b90,0x00000000fad00000)
  from space 19456K, 0% used [0x00000000fed00000,0x00000000fed00000,0x0000000100000000)
  to   space 42496K, 0% used [0x00000000fad00000,0x00000000fad00000,0x00000000fd680000)
 ParOldGen       total 134144K, used 133979K [0x00000000f0000000, 0x00000000f8300000, 0x00000000f8300000)
  object space 134144K, 99% used [0x00000000f0000000,0x00000000f82d6cf0,0x00000000f8300000)
 Metaspace       used 52317K, capacity 55218K, committed 55936K, reserved 1097728K
  class space    used 6358K, capacity 6863K, committed 7040K, reserved 1048576K
}
{Heap before GC invocations=734 (full 716):
 PSYoungGen      total 62464K, used 43007K [0x00000000f8300000, 0x0000000100000000, 0x0000000100000000)
  eden space 43008K, 99% used [0x00000000f8300000,0x00000000facffff8,0x00000000fad00000)
  from space 19456K, 0% used [0x00000000fed00000,0x00000000fed00000,0x0000000100000000)
  to   space 42496K, 0% used [0x00000000fad00000,0x00000000fad00000,0x00000000fd680000)
 ParOldGen       total 134144K, used 133979K [0x00000000f0000000, 0x00000000f8300000, 0x00000000f8300000)
  object space 134144K, 99% used [0x00000000f0000000,0x00000000f82d6cf0,0x00000000f8300000)
 Metaspace       used 52317K, capacity 55218K, committed 55936K, reserved 1097728K
  class space    used 6358K, capacity 6863K, committed 7040K, reserved 1048576K
2023-01-17T04:27:47.547+0800: 166.497: [Full GC (Ergonomics) [PSYoungGen: 43007K->2121K(62464K)] [ParOldGen: 133979K->134082K(134144K)] 176987K->136203K(196608K), [Metaspace: 52317K->52317K(1097728K)], 0.2236414 secs] [Times: user=0.58 sys=0.00, real=0.23 secs] 
Heap after GC invocations=734 (full 716):
 PSYoungGen      total 62464K, used 2121K [0x00000000f8300000, 0x0000000100000000, 0x0000000100000000)
  eden space 43008K, 4% used [0x00000000f8300000,0x00000000f85124d8,0x00000000fad00000)
  from space 19456K, 0% used [0x00000000fed00000,0x00000000fed00000,0x0000000100000000)
  to   space 42496K, 0% used [0x00000000fad00000,0x00000000fad00000,0x00000000fd680000)
 ParOldGen       total 134144K, used 134082K [0x00000000f0000000, 0x00000000f8300000, 0x00000000f8300000)
  object space 134144K, 99% used [0x00000000f0000000,0x00000000f82f0868,0x00000000f8300000)
 Metaspace       used 52317K, capacity 55218K, committed 55936K, reserved 1097728K
  class space    used 6358K, capacity 6863K, committed 7040K, reserved 1048576K
}
{Heap before GC invocations=735 (full 717):
 PSYoungGen      total 62464K, used 43008K [0x00000000f8300000, 0x0000000100000000, 0x0000000100000000)
  eden space 43008K, 100% used [0x00000000f8300000,0x00000000fad00000,0x00000000fad00000)
  from space 19456K, 0% used [0x00000000fed00000,0x00000000fed00000,0x0000000100000000)
  to   space 42496K, 0% used [0x00000000fad00000,0x00000000fad00000,0x00000000fd680000)
 ParOldGen       total 134144K, used 134082K [0x00000000f0000000, 0x00000000f8300000, 0x00000000f8300000)
  object space 134144K, 99% used [0x00000000f0000000,0x00000000f82f0868,0x00000000f8300000)
 Metaspace       used 52317K, capacity 55218K, committed 55936K, reserved 1097728K
  class space    used 6358K, capacity 6863K, committed 7040K, reserved 1048576K
2023-01-17T04:27:47.824+0800: 166.774: [Full GC (Ergonomics) [PSYoungGen: 43008K->1956K(62464K)] [ParOldGen: 134082K->133910K(134144K)] 177090K->135866K(196608K), [Metaspace: 52317K->52317K(1097728K)], 0.2048749 secs] [Times: user=0.64 sys=0.00, real=0.20 secs] 
Heap after GC invocations=735 (full 717):
 PSYoungGen      total 62464K, used 1956K [0x00000000f8300000, 0x0000000100000000, 0x0000000100000000)
  eden space 43008K, 4% used [0x00000000f8300000,0x00000000f84e9040,0x00000000fad00000)
  from space 19456K, 0% used [0x00000000fed00000,0x00000000fed00000,0x0000000100000000)
  to   space 42496K, 0% used [0x00000000fad00000,0x00000000fad00000,0x00000000fd680000)
 ParOldGen       total 134144K, used 133910K [0x00000000f0000000, 0x00000000f8300000, 0x00000000f8300000)
  object space 134144K, 99% used [0x00000000f0000000,0x00000000f82c5a18,0x00000000f8300000)
 Metaspace       used 52317K, capacity 55218K, committed 55936K, reserved 1097728K
  class space    used 6358K, capacity 6863K, committed 7040K, reserved 1048576K
}
{Heap before GC invocations=736 (full 718):
 PSYoungGen      total 62464K, used 43008K [0x00000000f8300000, 0x0000000100000000, 0x0000000100000000)
  eden space 43008K, 100% used [0x00000000f8300000,0x00000000fad00000,0x00000000fad00000)
  from space 19456K, 0% used [0x00000000fed00000,0x00000000fed00000,0x0000000100000000)
  to   space 42496K, 0% used [0x00000000fad00000,0x00000000fad00000,0x00000000fd680000)
 ParOldGen       total 134144K, used 133910K [0x00000000f0000000, 0x00000000f8300000, 0x00000000f8300000)
  object space 134144K, 99% used [0x00000000f0000000,0x00000000f82c5a18,0x00000000f8300000)
 Metaspace       used 52317K, capacity 55218K, committed 55936K, reserved 1097728K
  class space    used 6358K, capacity 6863K, committed 7040K, reserved 1048576K
2023-01-17T04:27:48.080+0800: 167.030: [Full GC (Ergonomics) [PSYoungGen: 43008K->1492K(62464K)] [ParOldGen: 133910K->134121K(134144K)] 176918K->135614K(196608K), [Metaspace: 52317K->52317K(1097728K)], 0.2229750 secs] [Times: user=0.52 sys=0.00, real=0.22 secs] 
Heap after GC invocations=736 (full 718):
 PSYoungGen      total 62464K, used 1492K [0x00000000f8300000, 0x0000000100000000, 0x0000000100000000)
  eden space 43008K, 3% used [0x00000000f8300000,0x00000000f84752d8,0x00000000fad00000)
  from space 19456K, 0% used [0x00000000fed00000,0x00000000fed00000,0x0000000100000000)
  to   space 42496K, 0% used [0x00000000fad00000,0x00000000fad00000,0x00000000fd680000)
 ParOldGen       total 134144K, used 134121K [0x00000000f0000000, 0x00000000f8300000, 0x00000000f8300000)
  object space 134144K, 99% used [0x00000000f0000000,0x00000000f82fa780,0x00000000f8300000)
 Metaspace       used 52317K, capacity 55218K, committed 55936K, reserved 1097728K
  class space    used 6358K, capacity 6863K, committed 7040K, reserved 1048576K
}
{Heap before GC invocations=737 (full 719):
 PSYoungGen      total 62464K, used 43008K [0x00000000f8300000, 0x0000000100000000, 0x0000000100000000)
  eden space 43008K, 100% used [0x00000000f8300000,0x00000000fad00000,0x00000000fad00000)
  from space 19456K, 0% used [0x00000000fed00000,0x00000000fed00000,0x0000000100000000)
  to   space 42496K, 0% used [0x00000000fad00000,0x00000000fad00000,0x00000000fd680000)
 ParOldGen       total 134144K, used 134121K [0x00000000f0000000, 0x00000000f8300000, 0x00000000f8300000)
  object space 134144K, 99% used [0x00000000f0000000,0x00000000f82fa780,0x00000000f8300000)
 Metaspace       used 52317K, capacity 55218K, committed 55936K, reserved 1097728K
  class space    used 6358K, capacity 6863K, committed 7040K, reserved 1048576K
2023-01-17T04:27:48.367+0800: 167.317: [Full GC (Ergonomics) [PSYoungGen: 43008K->1343K(62464K)] [ParOldGen: 134121K->133787K(134144K)] 177129K->135130K(196608K), [Metaspace: 52317K->52317K(1097728K)], 0.2066585 secs] [Times: user=0.64 sys=0.00, real=0.21 secs] 
Heap after GC invocations=737 (full 719):
 PSYoungGen      total 62464K, used 1343K [0x00000000f8300000, 0x0000000100000000, 0x0000000100000000)
  eden space 43008K, 3% used [0x00000000f8300000,0x00000000f844fc38,0x00000000fad00000)
  from space 19456K, 0% used [0x00000000fed00000,0x00000000fed00000,0x0000000100000000)
  to   space 42496K, 0% used [0x00000000fad00000,0x00000000fad00000,0x00000000fd680000)
 ParOldGen       total 134144K, used 133787K [0x00000000f0000000, 0x00000000f8300000, 0x00000000f8300000)
  object space 134144K, 99% used [0x00000000f0000000,0x00000000f82a6d28,0x00000000f8300000)
 Metaspace       used 52317K, capacity 55218K, committed 55936K, reserved 1097728K
  class space    used 6358K, capacity 6863K, committed 7040K, reserved 1048576K
}
{Heap before GC invocations=738 (full 720):
 PSYoungGen      total 62464K, used 43008K [0x00000000f8300000, 0x0000000100000000, 0x0000000100000000)
  eden space 43008K, 100% used [0x00000000f8300000,0x00000000fad00000,0x00000000fad00000)
  from space 19456K, 0% used [0x00000000fed00000,0x00000000fed00000,0x0000000100000000)
  to   space 42496K, 0% used [0x00000000fad00000,0x00000000fad00000,0x00000000fd680000)
 ParOldGen       total 134144K, used 133787K [0x00000000f0000000, 0x00000000f8300000, 0x00000000f8300000)
  object space 134144K, 99% used [0x00000000f0000000,0x00000000f82a6d28,0x00000000f8300000)
 Metaspace       used 52317K, capacity 55218K, committed 55936K, reserved 1097728K
  class space    used 6358K, capacity 6863K, committed 7040K, reserved 1048576K
2023-01-17T04:27:48.626+0800: 167.576: [Full GC (Ergonomics) [PSYoungGen: 43008K->576K(62464K)] [ParOldGen: 133787K->134138K(134144K)] 176795K->134715K(196608K), [Metaspace: 52317K->52317K(1097728K)], 0.2108389 secs] [Times: user=0.53 sys=0.01, real=0.21 secs] 
Heap after GC invocations=738 (full 720):
 PSYoungGen      total 62464K, used 576K [0x00000000f8300000, 0x0000000100000000, 0x0000000100000000)
  eden space 43008K, 1% used [0x00000000f8300000,0x00000000f83903e8,0x00000000fad00000)
  from space 19456K, 0% used [0x00000000fed00000,0x00000000fed00000,0x0000000100000000)
  to   space 42496K, 0% used [0x00000000fad00000,0x00000000fad00000,0x00000000fd680000)
 ParOldGen       total 134144K, used 134138K [0x00000000f0000000, 0x00000000f8300000, 0x00000000f8300000)
  object space 134144K, 99% used [0x00000000f0000000,0x00000000f82fe9b0,0x00000000f8300000)
 Metaspace       used 52317K, capacity 55218K, committed 55936K, reserved 1097728K
  class space    used 6358K, capacity 6863K, committed 7040K, reserved 1048576K
}
{Heap before GC invocations=739 (full 721):
 PSYoungGen      total 62464K, used 43008K [0x00000000f8300000, 0x0000000100000000, 0x0000000100000000)
  eden space 43008K, 100% used [0x00000000f8300000,0x00000000fad00000,0x00000000fad00000)
  from space 19456K, 0% used [0x00000000fed00000,0x00000000fed00000,0x0000000100000000)
  to   space 42496K, 0% used [0x00000000fad00000,0x00000000fad00000,0x00000000fd680000)
 ParOldGen       total 134144K, used 134138K [0x00000000f0000000, 0x00000000f8300000, 0x00000000f8300000)
  object space 134144K, 99% used [0x00000000f0000000,0x00000000f82fe9b0,0x00000000f8300000)
 Metaspace       used 52317K, capacity 55218K, committed 55936K, reserved 1097728K
  class space    used 6358K, capacity 6863K, committed 7040K, reserved 1048576K
2023-01-17T04:27:48.908+0800: 167.858: [Full GC (Ergonomics) [PSYoungGen: 43008K->180K(62464K)] [ParOldGen: 134138K->134127K(134144K)] 177146K->134308K(196608K), [Metaspace: 52317K->52317K(1097728K)], 0.2365570 secs] [Times: user=0.59 sys=0.00, real=0.24 secs] 
Heap after GC invocations=739 (full 721):
 PSYoungGen      total 62464K, used 180K [0x00000000f8300000, 0x0000000100000000, 0x0000000100000000)
  eden space 43008K, 0% used [0x00000000f8300000,0x00000000f832d390,0x00000000fad00000)
  from space 19456K, 0% used [0x00000000fed00000,0x00000000fed00000,0x0000000100000000)
  to   space 42496K, 0% used [0x00000000fad00000,0x00000000fad00000,0x00000000fd680000)
 ParOldGen       total 134144K, used 134127K [0x00000000f0000000, 0x00000000f8300000, 0x00000000f8300000)
  object space 134144K, 99% used [0x00000000f0000000,0x00000000f82fbf60,0x00000000f8300000)
 Metaspace       used 52317K, capacity 55218K, committed 55936K, reserved 1097728K
  class space    used 6358K, capacity 6863K, committed 7040K, reserved 1048576K
}
{Heap before GC invocations=740 (full 722):
 PSYoungGen      total 62464K, used 43008K [0x00000000f8300000, 0x0000000100000000, 0x0000000100000000)
  eden space 43008K, 100% used [0x00000000f8300000,0x00000000fad00000,0x00000000fad00000)
  from space 19456K, 0% used [0x00000000fed00000,0x00000000fed00000,0x0000000100000000)
  to   space 42496K, 0% used [0x00000000fad00000,0x00000000fad00000,0x00000000fd680000)
 ParOldGen       total 134144K, used 134127K [0x00000000f0000000, 0x00000000f8300000, 0x00000000f8300000)
  object space 134144K, 99% used [0x00000000f0000000,0x00000000f82fbf60,0x00000000f8300000)
 Metaspace       used 52318K, capacity 55218K, committed 55936K, reserved 1097728K
  class space    used 6358K, capacity 6863K, committed 7040K, reserved 1048576K
2023-01-17T04:27:49.198+0800: 168.148: [Full GC (Ergonomics) [PSYoungGen: 43008K->0K(62464K)] [ParOldGen: 134127K->133784K(134144K)] 177135K->133784K(196608K), [Metaspace: 52318K->52318K(1097728K)], 0.2011003 secs] [Times: user=0.61 sys=0.00, real=0.21 secs] 
Heap after GC invocations=740 (full 722):
 PSYoungGen      total 62464K, used 0K [0x00000000f8300000, 0x0000000100000000, 0x0000000100000000)
  eden space 43008K, 0% used [0x00000000f8300000,0x00000000f8300000,0x00000000fad00000)
  from space 19456K, 0% used [0x00000000fed00000,0x00000000fed00000,0x0000000100000000)
  to   space 42496K, 0% used [0x00000000fad00000,0x00000000fad00000,0x00000000fd680000)
 ParOldGen       total 134144K, used 133784K [0x00000000f0000000, 0x00000000f8300000, 0x00000000f8300000)
  object space 134144K, 99% used [0x00000000f0000000,0x00000000f82a6208,0x00000000f8300000)
 Metaspace       used 52318K, capacity 55218K, committed 55936K, reserved 1097728K
  class space    used 6358K, capacity 6863K, committed 7040K, reserved 1048576K
}
{Heap before GC invocations=741 (full 723):
 PSYoungGen      total 62464K, used 43008K [0x00000000f8300000, 0x0000000100000000, 0x0000000100000000)
  eden space 43008K, 100% used [0x00000000f8300000,0x00000000fad00000,0x00000000fad00000)
  from space 19456K, 0% used [0x00000000fed00000,0x00000000fed00000,0x0000000100000000)
  to   space 42496K, 0% used [0x00000000fad00000,0x00000000fad00000,0x00000000fd680000)
 ParOldGen       total 134144K, used 133784K [0x00000000f0000000, 0x00000000f8300000, 0x00000000f8300000)
  object space 134144K, 99% used [0x00000000f0000000,0x00000000f82a6208,0x00000000f8300000)
 Metaspace       used 52318K, capacity 55218K, committed 55936K, reserved 1097728K
  class space    used 6358K, capacity 6863K, committed 7040K, reserved 1048576K
2023-01-17T04:27:49.454+0800: 168.404: [Full GC (Ergonomics) [PSYoungGen: 43008K->0K(62464K)] [ParOldGen: 133784K->133442K(134144K)] 176792K->133442K(196608K), [Metaspace: 52318K->52318K(1097728K)], 0.1948353 secs] [Times: user=0.54 sys=0.00, real=0.19 secs] 
Heap after GC invocations=741 (full 723):
 PSYoungGen      total 62464K, used 0K [0x00000000f8300000, 0x0000000100000000, 0x0000000100000000)
  eden space 43008K, 0% used [0x00000000f8300000,0x00000000f8300000,0x00000000fad00000)
  from space 19456K, 0% used [0x00000000fed00000,0x00000000fed00000,0x0000000100000000)
  to   space 42496K, 0% used [0x00000000fad00000,0x00000000fad00000,0x00000000fd680000)
 ParOldGen       total 134144K, used 133442K [0x00000000f0000000, 0x00000000f8300000, 0x00000000f8300000)
  object space 134144K, 99% used [0x00000000f0000000,0x00000000f8250af0,0x00000000f8300000)
 Metaspace       used 52318K, capacity 55218K, committed 55936K, reserved 1097728K
  class space    used 6358K, capacity 6863K, committed 7040K, reserved 1048576K
}
{Heap before GC invocations=742 (full 724):
 PSYoungGen      total 62464K, used 43008K [0x00000000f8300000, 0x0000000100000000, 0x0000000100000000)
  eden space 43008K, 100% used [0x00000000f8300000,0x00000000fad00000,0x00000000fad00000)
  from space 19456K, 0% used [0x00000000fed00000,0x00000000fed00000,0x0000000100000000)
  to   space 42496K, 0% used [0x00000000fad00000,0x00000000fad00000,0x00000000fd680000)
 ParOldGen       total 134144K, used 133442K [0x00000000f0000000, 0x00000000f8300000, 0x00000000f8300000)
  object space 134144K, 99% used [0x00000000f0000000,0x00000000f8250af0,0x00000000f8300000)
 Metaspace       used 52318K, capacity 55218K, committed 55936K, reserved 1097728K
  class space    used 6358K, capacity 6863K, committed 7040K, reserved 1048576K
2023-01-17T04:27:49.716+0800: 168.666: [Full GC (Ergonomics) [PSYoungGen: 43008K->0K(62464K)] [ParOldGen: 133442K->133080K(134144K)] 176450K->133080K(196608K), [Metaspace: 52318K->52318K(1097728K)], 0.1822500 secs] [Times: user=0.47 sys=0.01, real=0.18 secs] 
Heap after GC invocations=742 (full 724):
 PSYoungGen      total 62464K, used 0K [0x00000000f8300000, 0x0000000100000000, 0x0000000100000000)
  eden space 43008K, 0% used [0x00000000f8300000,0x00000000f8300000,0x00000000fad00000)
  from space 19456K, 0% used [0x00000000fed00000,0x00000000fed00000,0x0000000100000000)
  to   space 42496K, 0% used [0x00000000fad00000,0x00000000fad00000,0x00000000fd680000)
 ParOldGen       total 134144K, used 133080K [0x00000000f0000000, 0x00000000f8300000, 0x00000000f8300000)
  object space 134144K, 99% used [0x00000000f0000000,0x00000000f81f6018,0x00000000f8300000)
 Metaspace       used 52318K, capacity 55218K, committed 55936K, reserved 1097728K
  class space    used 6358K, capacity 6863K, committed 7040K, reserved 1048576K
}
{Heap before GC invocations=743 (full 725):
 PSYoungGen      total 62464K, used 43008K [0x00000000f8300000, 0x0000000100000000, 0x0000000100000000)
  eden space 43008K, 100% used [0x00000000f8300000,0x00000000fad00000,0x00000000fad00000)
  from space 19456K, 0% used [0x00000000fed00000,0x00000000fed00000,0x0000000100000000)
  to   space 42496K, 0% used [0x00000000fad00000,0x00000000fad00000,0x00000000fd680000)
 ParOldGen       total 134144K, used 133080K [0x00000000f0000000, 0x00000000f8300000, 0x00000000f8300000)
  object space 134144K, 99% used [0x00000000f0000000,0x00000000f81f6018,0x00000000f8300000)
 Metaspace       used 52318K, capacity 55218K, committed 55936K, reserved 1097728K
  class space    used 6358K, capacity 6863K, committed 7040K, reserved 1048576K
2023-01-17T04:27:49.964+0800: 168.914: [Full GC (Ergonomics) [PSYoungGen: 43008K->0K(62464K)] [ParOldGen: 133080K->132446K(134144K)] 176088K->132446K(196608K), [Metaspace: 52318K->52318K(1097728K)], 0.2061625 secs] [Times: user=0.59 sys=0.00, real=0.21 secs] 
Heap after GC invocations=743 (full 725):
 PSYoungGen      total 62464K, used 0K [0x00000000f8300000, 0x0000000100000000, 0x0000000100000000)
  eden space 43008K, 0% used [0x00000000f8300000,0x00000000f8300000,0x00000000fad00000)
  from space 19456K, 0% used [0x00000000fed00000,0x00000000fed00000,0x0000000100000000)
  to   space 42496K, 0% used [0x00000000fad00000,0x00000000fad00000,0x00000000fd680000)
 ParOldGen       total 134144K, used 132446K [0x00000000f0000000, 0x00000000f8300000, 0x00000000f8300000)
  object space 134144K, 98% used [0x00000000f0000000,0x00000000f8157a40,0x00000000f8300000)
 Metaspace       used 52318K, capacity 55218K, committed 55936K, reserved 1097728K
  class space    used 6358K, capacity 6863K, committed 7040K, reserved 1048576K
}
{Heap before GC invocations=744 (full 726):
 PSYoungGen      total 62464K, used 43008K [0x00000000f8300000, 0x0000000100000000, 0x0000000100000000)
  eden space 43008K, 100% used [0x00000000f8300000,0x00000000fad00000,0x00000000fad00000)
  from space 19456K, 0% used [0x00000000fed00000,0x00000000fed00000,0x0000000100000000)
  to   space 42496K, 0% used [0x00000000fad00000,0x00000000fad00000,0x00000000fd680000)
 ParOldGen       total 134144K, used 132446K [0x00000000f0000000, 0x00000000f8300000, 0x00000000f8300000)
  object space 134144K, 98% used [0x00000000f0000000,0x00000000f8157a40,0x00000000f8300000)
 Metaspace       used 52318K, capacity 55218K, committed 55936K, reserved 1097728K
  class space    used 6358K, capacity 6863K, committed 7040K, reserved 1048576K
2023-01-17T04:27:50.224+0800: 169.173: [Full GC (Ergonomics) [PSYoungGen: 43008K->0K(62464K)] [ParOldGen: 132446K->132095K(134144K)] 175454K->132095K(196608K), [Metaspace: 52318K->52318K(1097728K)], 0.1777428 secs] [Times: user=0.44 sys=0.01, real=0.18 secs] 
Heap after GC invocations=744 (full 726):
 PSYoungGen      total 62464K, used 0K [0x00000000f8300000, 0x0000000100000000, 0x0000000100000000)
  eden space 43008K, 0% used [0x00000000f8300000,0x00000000f8300000,0x00000000fad00000)
  from space 19456K, 0% used [0x00000000fed00000,0x00000000fed00000,0x0000000100000000)
  to   space 42496K, 0% used [0x00000000fad00000,0x00000000fad00000,0x00000000fd680000)
 ParOldGen       total 134144K, used 132095K [0x00000000f0000000, 0x00000000f8300000, 0x00000000f8300000)
  object space 134144K, 98% used [0x00000000f0000000,0x00000000f80ffd50,0x00000000f8300000)
 Metaspace       used 52318K, capacity 55218K, committed 55936K, reserved 1097728K
  class space    used 6358K, capacity 6863K, committed 7040K, reserved 1048576K
}
{Heap before GC invocations=745 (full 727):
 PSYoungGen      total 62464K, used 43008K [0x00000000f8300000, 0x0000000100000000, 0x0000000100000000)
  eden space 43008K, 100% used [0x00000000f8300000,0x00000000fad00000,0x00000000fad00000)
  from space 19456K, 0% used [0x00000000fed00000,0x00000000fed00000,0x0000000100000000)
  to   space 42496K, 0% used [0x00000000fad00000,0x00000000fad00000,0x00000000fd680000)
 ParOldGen       total 134144K, used 132095K [0x00000000f0000000, 0x00000000f8300000, 0x00000000f8300000)
  object space 134144K, 98% used [0x00000000f0000000,0x00000000f80ffd50,0x00000000f8300000)
 Metaspace       used 52318K, capacity 55218K, committed 55936K, reserved 1097728K
  class space    used 6358K, capacity 6863K, committed 7040K, reserved 1048576K
2023-01-17T04:27:50.470+0800: 169.419: [Full GC (Ergonomics) [PSYoungGen: 43008K->0K(62464K)] [ParOldGen: 132095K->131559K(134144K)] 175103K->131559K(196608K), [Metaspace: 52318K->52318K(1097728K)], 0.2164464 secs] [Times: user=0.62 sys=0.00, real=0.21 secs] 
Heap after GC invocations=745 (full 727):
 PSYoungGen      total 62464K, used 0K [0x00000000f8300000, 0x0000000100000000, 0x0000000100000000)
  eden space 43008K, 0% used [0x00000000f8300000,0x00000000f8300000,0x00000000fad00000)
  from space 19456K, 0% used [0x00000000fed00000,0x00000000fed00000,0x0000000100000000)
  to   space 42496K, 0% used [0x00000000fad00000,0x00000000fad00000,0x00000000fd680000)
 ParOldGen       total 134144K, used 131559K [0x00000000f0000000, 0x00000000f8300000, 0x00000000f8300000)
  object space 134144K, 98% used [0x00000000f0000000,0x00000000f8079d90,0x00000000f8300000)
 Metaspace       used 52318K, capacity 55218K, committed 55936K, reserved 1097728K
  class space    used 6358K, capacity 6863K, committed 7040K, reserved 1048576K
}
{Heap before GC invocations=746 (full 728):
 PSYoungGen      total 62464K, used 43008K [0x00000000f8300000, 0x0000000100000000, 0x0000000100000000)
  eden space 43008K, 100% used [0x00000000f8300000,0x00000000fad00000,0x00000000fad00000)
  from space 19456K, 0% used [0x00000000fed00000,0x00000000fed00000,0x0000000100000000)
  to   space 42496K, 0% used [0x00000000fad00000,0x00000000fad00000,0x00000000fd680000)
 ParOldGen       total 134144K, used 131559K [0x00000000f0000000, 0x00000000f8300000, 0x00000000f8300000)
  object space 134144K, 98% used [0x00000000f0000000,0x00000000f8079d90,0x00000000f8300000)
 Metaspace       used 52318K, capacity 55218K, committed 55936K, reserved 1097728K
  class space    used 6358K, capacity 6863K, committed 7040K, reserved 1048576K
2023-01-17T04:27:50.739+0800: 169.689: [Full GC (Ergonomics) [PSYoungGen: 43008K->0K(62464K)] [ParOldGen: 131559K->130935K(134144K)] 174567K->130935K(196608K), [Metaspace: 52318K->52318K(1097728K)], 0.1830079 secs] [Times: user=0.54 sys=0.00, real=0.19 secs] 
Heap after GC invocations=746 (full 728):
 PSYoungGen      total 62464K, used 0K [0x00000000f8300000, 0x0000000100000000, 0x0000000100000000)
  eden space 43008K, 0% used [0x00000000f8300000,0x00000000f8300000,0x00000000fad00000)
  from space 19456K, 0% used [0x00000000fed00000,0x00000000fed00000,0x0000000100000000)
  to   space 42496K, 0% used [0x00000000fad00000,0x00000000fad00000,0x00000000fd680000)
 ParOldGen       total 134144K, used 130935K [0x00000000f0000000, 0x00000000f8300000, 0x00000000f8300000)
  object space 134144K, 97% used [0x00000000f0000000,0x00000000f7fddca0,0x00000000f8300000)
 Metaspace       used 52318K, capacity 55218K, committed 55936K, reserved 1097728K
  class space    used 6358K, capacity 6863K, committed 7040K, reserved 1048576K
}
{Heap before GC invocations=747 (full 729):
 PSYoungGen      total 62464K, used 43008K [0x00000000f8300000, 0x0000000100000000, 0x0000000100000000)
  eden space 43008K, 100% used [0x00000000f8300000,0x00000000fad00000,0x00000000fad00000)
  from space 19456K, 0% used [0x00000000fed00000,0x00000000fed00000,0x0000000100000000)
  to   space 42496K, 0% used [0x00000000fad00000,0x00000000fad00000,0x00000000fd680000)
 ParOldGen       total 134144K, used 130935K [0x00000000f0000000, 0x00000000f8300000, 0x00000000f8300000)
  object space 134144K, 97% used [0x00000000f0000000,0x00000000f7fddca0,0x00000000f8300000)
 Metaspace       used 52318K, capacity 55218K, committed 55936K, reserved 1097728K
  class space    used 6358K, capacity 6863K, committed 7040K, reserved 1048576K
2023-01-17T04:27:50.975+0800: 169.925: [Full GC (Ergonomics) [PSYoungGen: 43008K->0K(62464K)] [ParOldGen: 130935K->130325K(134144K)] 173943K->130325K(196608K), [Metaspace: 52318K->52318K(1097728K)], 0.2047690 secs] [Times: user=0.46 sys=0.00, real=0.21 secs] 
Heap after GC invocations=747 (full 729):
 PSYoungGen      total 62464K, used 0K [0x00000000f8300000, 0x0000000100000000, 0x0000000100000000)
  eden space 43008K, 0% used [0x00000000f8300000,0x00000000f8300000,0x00000000fad00000)
  from space 19456K, 0% used [0x00000000fed00000,0x00000000fed00000,0x0000000100000000)
  to   space 42496K, 0% used [0x00000000fad00000,0x00000000fad00000,0x00000000fd680000)
 ParOldGen       total 134144K, used 130325K [0x00000000f0000000, 0x00000000f8300000, 0x00000000f8300000)
  object space 134144K, 97% used [0x00000000f0000000,0x00000000f7f454f8,0x00000000f8300000)
 Metaspace       used 52318K, capacity 55218K, committed 55936K, reserved 1097728K
  class space    used 6358K, capacity 6863K, committed 7040K, reserved 1048576K
}
{Heap before GC invocations=748 (full 730):
 PSYoungGen      total 62464K, used 43008K [0x00000000f8300000, 0x0000000100000000, 0x0000000100000000)
  eden space 43008K, 100% used [0x00000000f8300000,0x00000000fad00000,0x00000000fad00000)
  from space 19456K, 0% used [0x00000000fed00000,0x00000000fed00000,0x0000000100000000)
  to   space 42496K, 0% used [0x00000000fad00000,0x00000000fad00000,0x00000000fd680000)
 ParOldGen       total 134144K, used 130325K [0x00000000f0000000, 0x00000000f8300000, 0x00000000f8300000)
  object space 134144K, 97% used [0x00000000f0000000,0x00000000f7f454f8,0x00000000f8300000)
 Metaspace       used 52318K, capacity 55218K, committed 55936K, reserved 1097728K
  class space    used 6358K, capacity 6863K, committed 7040K, reserved 1048576K
2023-01-17T04:27:51.267+0800: 170.217: [Full GC (Ergonomics) [PSYoungGen: 43008K->0K(62464K)] [ParOldGen: 130325K->129711K(134144K)] 173333K->129711K(196608K), [Metaspace: 52318K->52318K(1097728K)], 0.1996941 secs] [Times: user=0.57 sys=0.00, real=0.20 secs] 
Heap after GC invocations=748 (full 730):
 PSYoungGen      total 62464K, used 0K [0x00000000f8300000, 0x0000000100000000, 0x0000000100000000)
  eden space 43008K, 0% used [0x00000000f8300000,0x00000000f8300000,0x00000000fad00000)
  from space 19456K, 0% used [0x00000000fed00000,0x00000000fed00000,0x0000000100000000)
  to   space 42496K, 0% used [0x00000000fad00000,0x00000000fad00000,0x00000000fd680000)
 ParOldGen       total 134144K, used 129711K [0x00000000f0000000, 0x00000000f8300000, 0x00000000f8300000)
  object space 134144K, 96% used [0x00000000f0000000,0x00000000f7eabd48,0x00000000f8300000)
 Metaspace       used 52318K, capacity 55218K, committed 55936K, reserved 1097728K
  class space    used 6358K, capacity 6863K, committed 7040K, reserved 1048576K
}
{Heap before GC invocations=749 (full 731):
 PSYoungGen      total 62464K, used 43008K [0x00000000f8300000, 0x0000000100000000, 0x0000000100000000)
  eden space 43008K, 100% used [0x00000000f8300000,0x00000000fad00000,0x00000000fad00000)
  from space 19456K, 0% used [0x00000000fed00000,0x00000000fed00000,0x0000000100000000)
  to   space 42496K, 0% used [0x00000000fad00000,0x00000000fad00000,0x00000000fd680000)
 ParOldGen       total 134144K, used 129711K [0x00000000f0000000, 0x00000000f8300000, 0x00000000f8300000)
  object space 134144K, 96% used [0x00000000f0000000,0x00000000f7eabd48,0x00000000f8300000)
 Metaspace       used 52318K, capacity 55218K, committed 55936K, reserved 1097728K
  class space    used 6358K, capacity 6863K, committed 7040K, reserved 1048576K
2023-01-17T04:27:51.520+0800: 170.469: [Full GC (Ergonomics) [PSYoungGen: 43008K->0K(62464K)] [ParOldGen: 129711K->129131K(134144K)] 172719K->129131K(196608K), [Metaspace: 52318K->52318K(1097728K)], 0.1984288 secs] [Times: user=0.60 sys=0.00, real=0.19 secs] 
Heap after GC invocations=749 (full 731):
 PSYoungGen      total 62464K, used 0K [0x00000000f8300000, 0x0000000100000000, 0x0000000100000000)
  eden space 43008K, 0% used [0x00000000f8300000,0x00000000f8300000,0x00000000fad00000)
  from space 19456K, 0% used [0x00000000fed00000,0x00000000fed00000,0x0000000100000000)
  to   space 42496K, 0% used [0x00000000fad00000,0x00000000fad00000,0x00000000fd680000)
 ParOldGen       total 134144K, used 129131K [0x00000000f0000000, 0x00000000f8300000, 0x00000000f8300000)
  object space 134144K, 96% used [0x00000000f0000000,0x00000000f7e1ada0,0x00000000f8300000)
 Metaspace       used 52318K, capacity 55218K, committed 55936K, reserved 1097728K
  class space    used 6358K, capacity 6863K, committed 7040K, reserved 1048576K
}
{Heap before GC invocations=750 (full 732):
 PSYoungGen      total 62464K, used 43008K [0x00000000f8300000, 0x0000000100000000, 0x0000000100000000)
  eden space 43008K, 100% used [0x00000000f8300000,0x00000000fad00000,0x00000000fad00000)
  from space 19456K, 0% used [0x00000000fed00000,0x00000000fed00000,0x0000000100000000)
  to   space 42496K, 0% used [0x00000000fad00000,0x00000000fad00000,0x00000000fd680000)
 ParOldGen       total 134144K, used 129131K [0x00000000f0000000, 0x00000000f8300000, 0x00000000f8300000)
  object space 134144K, 96% used [0x00000000f0000000,0x00000000f7e1ada0,0x00000000f8300000)
 Metaspace       used 52318K, capacity 55218K, committed 55936K, reserved 1097728K
  class space    used 6358K, capacity 6863K, committed 7040K, reserved 1048576K
2023-01-17T04:27:51.772+0800: 170.721: [Full GC (Ergonomics) [PSYoungGen: 43008K->0K(62464K)] [ParOldGen: 129131K->128679K(134144K)] 172139K->128679K(196608K), [Metaspace: 52318K->52318K(1097728K)], 0.2260304 secs] [Times: user=0.52 sys=0.00, real=0.22 secs] 
Heap after GC invocations=750 (full 732):
 PSYoungGen      total 62464K, used 0K [0x00000000f8300000, 0x0000000100000000, 0x0000000100000000)
  eden space 43008K, 0% used [0x00000000f8300000,0x00000000f8300000,0x00000000fad00000)
  from space 19456K, 0% used [0x00000000fed00000,0x00000000fed00000,0x0000000100000000)
  to   space 42496K, 0% used [0x00000000fad00000,0x00000000fad00000,0x00000000fd680000)
 ParOldGen       total 134144K, used 128679K [0x00000000f0000000, 0x00000000f8300000, 0x00000000f8300000)
  object space 134144K, 95% used [0x00000000f0000000,0x00000000f7da9c30,0x00000000f8300000)
 Metaspace       used 52318K, capacity 55218K, committed 55936K, reserved 1097728K
  class space    used 6358K, capacity 6863K, committed 7040K, reserved 1048576K
}
{Heap before GC invocations=751 (full 733):
 PSYoungGen      total 62464K, used 43008K [0x00000000f8300000, 0x0000000100000000, 0x0000000100000000)
  eden space 43008K, 100% used [0x00000000f8300000,0x00000000fad00000,0x00000000fad00000)
  from space 19456K, 0% used [0x00000000fed00000,0x00000000fed00000,0x0000000100000000)
  to   space 42496K, 0% used [0x00000000fad00000,0x00000000fad00000,0x00000000fd680000)
 ParOldGen       total 134144K, used 128679K [0x00000000f0000000, 0x00000000f8300000, 0x00000000f8300000)
  object space 134144K, 95% used [0x00000000f0000000,0x00000000f7da9c30,0x00000000f8300000)
 Metaspace       used 52318K, capacity 55218K, committed 55936K, reserved 1097728K
  class space    used 6358K, capacity 6863K, committed 7040K, reserved 1048576K
2023-01-17T04:27:52.051+0800: 171.000: [Full GC (Ergonomics) [PSYoungGen: 43008K->0K(62464K)] [ParOldGen: 128679K->128060K(134144K)] 171687K->128060K(196608K), [Metaspace: 52318K->52318K(1097728K)], 0.1926799 secs] [Times: user=0.58 sys=0.01, real=0.19 secs] 
Heap after GC invocations=751 (full 733):
 PSYoungGen      total 62464K, used 0K [0x00000000f8300000, 0x0000000100000000, 0x0000000100000000)
  eden space 43008K, 0% used [0x00000000f8300000,0x00000000f8300000,0x00000000fad00000)
  from space 19456K, 0% used [0x00000000fed00000,0x00000000fed00000,0x0000000100000000)
  to   space 42496K, 0% used [0x00000000fad00000,0x00000000fad00000,0x00000000fd680000)
 ParOldGen       total 134144K, used 128060K [0x00000000f0000000, 0x00000000f8300000, 0x00000000f8300000)
  object space 134144K, 95% used [0x00000000f0000000,0x00000000f7d0f228,0x00000000f8300000)
 Metaspace       used 52318K, capacity 55218K, committed 55936K, reserved 1097728K
  class space    used 6358K, capacity 6863K, committed 7040K, reserved 1048576K
}
{Heap before GC invocations=752 (full 734):
 PSYoungGen      total 62464K, used 43008K [0x00000000f8300000, 0x0000000100000000, 0x0000000100000000)
  eden space 43008K, 100% used [0x00000000f8300000,0x00000000fad00000,0x00000000fad00000)
  from space 19456K, 0% used [0x00000000fed00000,0x00000000fed00000,0x0000000100000000)
  to   space 42496K, 0% used [0x00000000fad00000,0x00000000fad00000,0x00000000fd680000)
 ParOldGen       total 134144K, used 128060K [0x00000000f0000000, 0x00000000f8300000, 0x00000000f8300000)
  object space 134144K, 95% used [0x00000000f0000000,0x00000000f7d0f228,0x00000000f8300000)
 Metaspace       used 52318K, capacity 55218K, committed 55936K, reserved 1097728K
  class space    used 6358K, capacity 6863K, committed 7040K, reserved 1048576K
2023-01-17T04:27:52.300+0800: 171.250: [Full GC (Ergonomics) [PSYoungGen: 43008K->0K(62464K)] [ParOldGen: 128060K->127170K(134144K)] 171068K->127170K(196608K), [Metaspace: 52318K->52318K(1097728K)], 0.1960046 secs] [Times: user=0.46 sys=0.00, real=0.19 secs] 
Heap after GC invocations=752 (full 734):
 PSYoungGen      total 62464K, used 0K [0x00000000f8300000, 0x0000000100000000, 0x0000000100000000)
  eden space 43008K, 0% used [0x00000000f8300000,0x00000000f8300000,0x00000000fad00000)
  from space 19456K, 0% used [0x00000000fed00000,0x00000000fed00000,0x0000000100000000)
  to   space 42496K, 0% used [0x00000000fad00000,0x00000000fad00000,0x00000000fd680000)
 ParOldGen       total 134144K, used 127170K [0x00000000f0000000, 0x00000000f8300000, 0x00000000f8300000)
  object space 134144K, 94% used [0x00000000f0000000,0x00000000f7c30b28,0x00000000f8300000)
 Metaspace       used 52318K, capacity 55218K, committed 55936K, reserved 1097728K
  class space    used 6358K, capacity 6863K, committed 7040K, reserved 1048576K
}
{Heap before GC invocations=753 (full 735):
 PSYoungGen      total 62464K, used 43008K [0x00000000f8300000, 0x0000000100000000, 0x0000000100000000)
  eden space 43008K, 100% used [0x00000000f8300000,0x00000000fad00000,0x00000000fad00000)
  from space 19456K, 0% used [0x00000000fed00000,0x00000000fed00000,0x0000000100000000)
  to   space 42496K, 0% used [0x00000000fad00000,0x00000000fad00000,0x00000000fd680000)
 ParOldGen       total 134144K, used 127170K [0x00000000f0000000, 0x00000000f8300000, 0x00000000f8300000)
  object space 134144K, 94% used [0x00000000f0000000,0x00000000f7c30b28,0x00000000f8300000)
 Metaspace       used 52318K, capacity 55218K, committed 55936K, reserved 1097728K
  class space    used 6358K, capacity 6863K, committed 7040K, reserved 1048576K
2023-01-17T04:27:52.567+0800: 171.517: [Full GC (Ergonomics) [PSYoungGen: 43008K->0K(62464K)] [ParOldGen: 127170K->126430K(134144K)] 170178K->126430K(196608K), [Metaspace: 52318K->52318K(1097728K)], 0.1929906 secs] [Times: user=0.50 sys=0.00, real=0.20 secs] 
Heap after GC invocations=753 (full 735):
 PSYoungGen      total 62464K, used 0K [0x00000000f8300000, 0x0000000100000000, 0x0000000100000000)
  eden space 43008K, 0% used [0x00000000f8300000,0x00000000f8300000,0x00000000fad00000)
  from space 19456K, 0% used [0x00000000fed00000,0x00000000fed00000,0x0000000100000000)
  to   space 42496K, 0% used [0x00000000fad00000,0x00000000fad00000,0x00000000fd680000)
 ParOldGen       total 134144K, used 126430K [0x00000000f0000000, 0x00000000f8300000, 0x00000000f8300000)
  object space 134144K, 94% used [0x00000000f0000000,0x00000000f7b778c0,0x00000000f8300000)
 Metaspace       used 52318K, capacity 55218K, committed 55936K, reserved 1097728K
  class space    used 6358K, capacity 6863K, committed 7040K, reserved 1048576K
}
{Heap before GC invocations=754 (full 736):
 PSYoungGen      total 62464K, used 43008K [0x00000000f8300000, 0x0000000100000000, 0x0000000100000000)
  eden space 43008K, 100% used [0x00000000f8300000,0x00000000fad00000,0x00000000fad00000)
  from space 19456K, 0% used [0x00000000fed00000,0x00000000fed00000,0x0000000100000000)
  to   space 42496K, 0% used [0x00000000fad00000,0x00000000fad00000,0x00000000fd680000)
 ParOldGen       total 134144K, used 126430K [0x00000000f0000000, 0x00000000f8300000, 0x00000000f8300000)
  object space 134144K, 94% used [0x00000000f0000000,0x00000000f7b778c0,0x00000000f8300000)
 Metaspace       used 52318K, capacity 55218K, committed 55936K, reserved 1097728K
  class space    used 6358K, capacity 6863K, committed 7040K, reserved 1048576K
2023-01-17T04:27:52.813+0800: 171.763: [Full GC (Ergonomics) [PSYoungGen: 43008K->0K(62464K)] [ParOldGen: 126430K->122180K(134144K)] 169438K->122180K(196608K), [Metaspace: 52318K->52318K(1097728K)], 0.1474184 secs] [Times: user=0.41 sys=0.00, real=0.15 secs] 
Heap after GC invocations=754 (full 736):
 PSYoungGen      total 62464K, used 0K [0x00000000f8300000, 0x0000000100000000, 0x0000000100000000)
  eden space 43008K, 0% used [0x00000000f8300000,0x00000000f8300000,0x00000000fad00000)
  from space 19456K, 0% used [0x00000000fed00000,0x00000000fed00000,0x0000000100000000)
  to   space 42496K, 0% used [0x00000000fad00000,0x00000000fad00000,0x00000000fd680000)
 ParOldGen       total 134144K, used 122180K [0x00000000f0000000, 0x00000000f8300000, 0x00000000f8300000)
  object space 134144K, 91% used [0x00000000f0000000,0x00000000f7751138,0x00000000f8300000)
 Metaspace       used 52318K, capacity 55218K, committed 55936K, reserved 1097728K
  class space    used 6358K, capacity 6863K, committed 7040K, reserved 1048576K
}
{Heap before GC invocations=755 (full 737):
 PSYoungGen      total 62464K, used 43008K [0x00000000f8300000, 0x0000000100000000, 0x0000000100000000)
  eden space 43008K, 100% used [0x00000000f8300000,0x00000000fad00000,0x00000000fad00000)
  from space 19456K, 0% used [0x00000000fed00000,0x00000000fed00000,0x0000000100000000)
  to   space 42496K, 0% used [0x00000000fad00000,0x00000000fad00000,0x00000000fd680000)
 ParOldGen       total 134144K, used 122180K [0x00000000f0000000, 0x00000000f8300000, 0x00000000f8300000)
  object space 134144K, 91% used [0x00000000f0000000,0x00000000f7751138,0x00000000f8300000)
 Metaspace       used 52318K, capacity 55218K, committed 55936K, reserved 1097728K
  class space    used 6358K, capacity 6863K, committed 7040K, reserved 1048576K
2023-01-17T04:27:53.015+0800: 171.965: [Full GC (Ergonomics) [PSYoungGen: 43008K->0K(62464K)] [ParOldGen: 122180K->120990K(134144K)] 165188K->120990K(196608K), [Metaspace: 52318K->52318K(1097728K)], 0.1490340 secs] [Times: user=0.42 sys=0.00, real=0.15 secs] 
Heap after GC invocations=755 (full 737):
 PSYoungGen      total 62464K, used 0K [0x00000000f8300000, 0x0000000100000000, 0x0000000100000000)
  eden space 43008K, 0% used [0x00000000f8300000,0x00000000f8300000,0x00000000fad00000)
  from space 19456K, 0% used [0x00000000fed00000,0x00000000fed00000,0x0000000100000000)
  to   space 42496K, 0% used [0x00000000fad00000,0x00000000fad00000,0x00000000fd680000)
 ParOldGen       total 134144K, used 120990K [0x00000000f0000000, 0x00000000f8300000, 0x00000000f8300000)
  object space 134144K, 90% used [0x00000000f0000000,0x00000000f76279b8,0x00000000f8300000)
 Metaspace       used 52318K, capacity 55218K, committed 55936K, reserved 1097728K
  class space    used 6358K, capacity 6863K, committed 7040K, reserved 1048576K
}
{Heap before GC invocations=756 (full 738):
 PSYoungGen      total 62464K, used 43008K [0x00000000f8300000, 0x0000000100000000, 0x0000000100000000)
  eden space 43008K, 100% used [0x00000000f8300000,0x00000000fad00000,0x00000000fad00000)
  from space 19456K, 0% used [0x00000000fed00000,0x00000000fed00000,0x0000000100000000)
  to   space 42496K, 0% used [0x00000000fad00000,0x00000000fad00000,0x00000000fd680000)
 ParOldGen       total 134144K, used 120990K [0x00000000f0000000, 0x00000000f8300000, 0x00000000f8300000)
  object space 134144K, 90% used [0x00000000f0000000,0x00000000f76279b8,0x00000000f8300000)
 Metaspace       used 52318K, capacity 55218K, committed 55936K, reserved 1097728K
  class space    used 6358K, capacity 6863K, committed 7040K, reserved 1048576K
2023-01-17T04:27:53.240+0800: 172.190: [Full GC (Ergonomics) [PSYoungGen: 43008K->0K(62464K)] [ParOldGen: 120990K->119815K(134144K)] 163998K->119815K(196608K), [Metaspace: 52318K->52318K(1097728K)], 0.1822719 secs] [Times: user=0.44 sys=0.00, real=0.18 secs] 
Heap after GC invocations=756 (full 738):
 PSYoungGen      total 62464K, used 0K [0x00000000f8300000, 0x0000000100000000, 0x0000000100000000)
  eden space 43008K, 0% used [0x00000000f8300000,0x00000000f8300000,0x00000000fad00000)
  from space 19456K, 0% used [0x00000000fed00000,0x00000000fed00000,0x0000000100000000)
  to   space 42496K, 0% used [0x00000000fad00000,0x00000000fad00000,0x00000000fd680000)
 ParOldGen       total 134144K, used 119815K [0x00000000f0000000, 0x00000000f8300000, 0x00000000f8300000)
  object space 134144K, 89% used [0x00000000f0000000,0x00000000f7501c40,0x00000000f8300000)
 Metaspace       used 52318K, capacity 55218K, committed 55936K, reserved 1097728K
  class space    used 6358K, capacity 6863K, committed 7040K, reserved 1048576K
}
{Heap before GC invocations=757 (full 739):
 PSYoungGen      total 62464K, used 43008K [0x00000000f8300000, 0x0000000100000000, 0x0000000100000000)
  eden space 43008K, 100% used [0x00000000f8300000,0x00000000fad00000,0x00000000fad00000)
  from space 19456K, 0% used [0x00000000fed00000,0x00000000fed00000,0x0000000100000000)
  to   space 42496K, 0% used [0x00000000fad00000,0x00000000fad00000,0x00000000fd680000)
 ParOldGen       total 134144K, used 119815K [0x00000000f0000000, 0x00000000f8300000, 0x00000000f8300000)
  object space 134144K, 89% used [0x00000000f0000000,0x00000000f7501c40,0x00000000f8300000)
 Metaspace       used 52318K, capacity 55218K, committed 55936K, reserved 1097728K
  class space    used 6358K, capacity 6863K, committed 7040K, reserved 1048576K
2023-01-17T04:27:53.478+0800: 172.428: [Full GC (Ergonomics) [PSYoungGen: 43008K->0K(62464K)] [ParOldGen: 119815K->118833K(134144K)] 162823K->118833K(196608K), [Metaspace: 52318K->52318K(1097728K)], 0.1892003 secs] [Times: user=0.46 sys=0.01, real=0.19 secs] 
Heap after GC invocations=757 (full 739):
 PSYoungGen      total 62464K, used 0K [0x00000000f8300000, 0x0000000100000000, 0x0000000100000000)
  eden space 43008K, 0% used [0x00000000f8300000,0x00000000f8300000,0x00000000fad00000)
  from space 19456K, 0% used [0x00000000fed00000,0x00000000fed00000,0x0000000100000000)
  to   space 42496K, 0% used [0x00000000fad00000,0x00000000fad00000,0x00000000fd680000)
 ParOldGen       total 134144K, used 118833K [0x00000000f0000000, 0x00000000f8300000, 0x00000000f8300000)
  object space 134144K, 88% used [0x00000000f0000000,0x00000000f740c718,0x00000000f8300000)
 Metaspace       used 52318K, capacity 55218K, committed 55936K, reserved 1097728K
  class space    used 6358K, capacity 6863K, committed 7040K, reserved 1048576K
}
{Heap before GC invocations=758 (full 740):
 PSYoungGen      total 62464K, used 43008K [0x00000000f8300000, 0x0000000100000000, 0x0000000100000000)
  eden space 43008K, 100% used [0x00000000f8300000,0x00000000fad00000,0x00000000fad00000)
  from space 19456K, 0% used [0x00000000fed00000,0x00000000fed00000,0x0000000100000000)
  to   space 42496K, 0% used [0x00000000fad00000,0x00000000fad00000,0x00000000fd680000)
 ParOldGen       total 134144K, used 118833K [0x00000000f0000000, 0x00000000f8300000, 0x00000000f8300000)
  object space 134144K, 88% used [0x00000000f0000000,0x00000000f740c718,0x00000000f8300000)
 Metaspace       used 52318K, capacity 55218K, committed 55936K, reserved 1097728K
  class space    used 6358K, capacity 6863K, committed 7040K, reserved 1048576K
2023-01-17T04:27:53.734+0800: 172.684: [Full GC (Ergonomics) [PSYoungGen: 43008K->0K(62464K)] [ParOldGen: 118833K->117474K(134144K)] 161841K->117474K(196608K), [Metaspace: 52318K->52318K(1097728K)], 0.1646668 secs] [Times: user=0.48 sys=0.00, real=0.16 secs] 
Heap after GC invocations=758 (full 740):
 PSYoungGen      total 62464K, used 0K [0x00000000f8300000, 0x0000000100000000, 0x0000000100000000)
  eden space 43008K, 0% used [0x00000000f8300000,0x00000000f8300000,0x00000000fad00000)
  from space 19456K, 0% used [0x00000000fed00000,0x00000000fed00000,0x0000000100000000)
  to   space 42496K, 0% used [0x00000000fad00000,0x00000000fad00000,0x00000000fd680000)
 ParOldGen       total 134144K, used 117474K [0x00000000f0000000, 0x00000000f8300000, 0x00000000f8300000)
  object space 134144K, 87% used [0x00000000f0000000,0x00000000f72b8af8,0x00000000f8300000)
 Metaspace       used 52318K, capacity 55218K, committed 55936K, reserved 1097728K
  class space    used 6358K, capacity 6863K, committed 7040K, reserved 1048576K
}
{Heap before GC invocations=759 (full 741):
 PSYoungGen      total 62464K, used 43008K [0x00000000f8300000, 0x0000000100000000, 0x0000000100000000)
  eden space 43008K, 100% used [0x00000000f8300000,0x00000000fad00000,0x00000000fad00000)
  from space 19456K, 0% used [0x00000000fed00000,0x00000000fed00000,0x0000000100000000)
  to   space 42496K, 0% used [0x00000000fad00000,0x00000000fad00000,0x00000000fd680000)
 ParOldGen       total 134144K, used 117474K [0x00000000f0000000, 0x00000000f8300000, 0x00000000f8300000)
  object space 134144K, 87% used [0x00000000f0000000,0x00000000f72b8af8,0x00000000f8300000)
 Metaspace       used 52320K, capacity 55218K, committed 55936K, reserved 1097728K
  class space    used 6358K, capacity 6863K, committed 7040K, reserved 1048576K
2023-01-17T04:27:53.963+0800: 172.913: [Full GC (Ergonomics) [PSYoungGen: 43008K->0K(62464K)] [ParOldGen: 117474K->115051K(134144K)] 160482K->115051K(196608K), [Metaspace: 52320K->52320K(1097728K)], 0.1573143 secs] [Times: user=0.36 sys=0.00, real=0.16 secs] 
Heap after GC invocations=759 (full 741):
 PSYoungGen      total 62464K, used 0K [0x00000000f8300000, 0x0000000100000000, 0x0000000100000000)
  eden space 43008K, 0% used [0x00000000f8300000,0x00000000f8300000,0x00000000fad00000)
  from space 19456K, 0% used [0x00000000fed00000,0x00000000fed00000,0x0000000100000000)
  to   space 42496K, 0% used [0x00000000fad00000,0x00000000fad00000,0x00000000fd680000)
 ParOldGen       total 134144K, used 115051K [0x00000000f0000000, 0x00000000f8300000, 0x00000000f8300000)
  object space 134144K, 85% used [0x00000000f0000000,0x00000000f705ac00,0x00000000f8300000)
 Metaspace       used 52320K, capacity 55218K, committed 55936K, reserved 1097728K
  class space    used 6358K, capacity 6863K, committed 7040K, reserved 1048576K
}
{Heap before GC invocations=760 (full 742):
 PSYoungGen      total 62464K, used 43008K [0x00000000f8300000, 0x0000000100000000, 0x0000000100000000)
  eden space 43008K, 100% used [0x00000000f8300000,0x00000000fad00000,0x00000000fad00000)
  from space 19456K, 0% used [0x00000000fed00000,0x00000000fed00000,0x0000000100000000)
  to   space 42496K, 0% used [0x00000000fad00000,0x00000000fad00000,0x00000000fd680000)
 ParOldGen       total 134144K, used 115051K [0x00000000f0000000, 0x00000000f8300000, 0x00000000f8300000)
  object space 134144K, 85% used [0x00000000f0000000,0x00000000f705ac00,0x00000000f8300000)
 Metaspace       used 52320K, capacity 55218K, committed 55936K, reserved 1097728K
  class space    used 6358K, capacity 6863K, committed 7040K, reserved 1048576K
2023-01-17T04:27:54.173+0800: 173.123: [Full GC (Ergonomics) [PSYoungGen: 43008K->0K(62464K)] [ParOldGen: 115051K->113165K(134144K)] 158059K->113165K(196608K), [Metaspace: 52320K->52320K(1097728K)], 0.1646366 secs] [Times: user=0.49 sys=0.00, real=0.16 secs] 
Heap after GC invocations=760 (full 742):
 PSYoungGen      total 62464K, used 0K [0x00000000f8300000, 0x0000000100000000, 0x0000000100000000)
  eden space 43008K, 0% used [0x00000000f8300000,0x00000000f8300000,0x00000000fad00000)
  from space 19456K, 0% used [0x00000000fed00000,0x00000000fed00000,0x0000000100000000)
  to   space 42496K, 0% used [0x00000000fad00000,0x00000000fad00000,0x00000000fd680000)
 ParOldGen       total 134144K, used 113165K [0x00000000f0000000, 0x00000000f8300000, 0x00000000f8300000)
  object space 134144K, 84% used [0x00000000f0000000,0x00000000f6e837e0,0x00000000f8300000)
 Metaspace       used 52320K, capacity 55218K, committed 55936K, reserved 1097728K
  class space    used 6358K, capacity 6863K, committed 7040K, reserved 1048576K
}
{Heap before GC invocations=761 (full 743):
 PSYoungGen      total 62464K, used 43008K [0x00000000f8300000, 0x0000000100000000, 0x0000000100000000)
  eden space 43008K, 100% used [0x00000000f8300000,0x00000000fad00000,0x00000000fad00000)
  from space 19456K, 0% used [0x00000000fed00000,0x00000000fed00000,0x0000000100000000)
  to   space 42496K, 0% used [0x00000000fad00000,0x00000000fad00000,0x00000000fd680000)
 ParOldGen       total 134144K, used 113165K [0x00000000f0000000, 0x00000000f8300000, 0x00000000f8300000)
  object space 134144K, 84% used [0x00000000f0000000,0x00000000f6e837e0,0x00000000f8300000)
 Metaspace       used 52320K, capacity 55218K, committed 55936K, reserved 1097728K
  class space    used 6358K, capacity 6863K, committed 7040K, reserved 1048576K
2023-01-17T04:27:54.393+0800: 173.343: [Full GC (Ergonomics) [PSYoungGen: 43008K->0K(62464K)] [ParOldGen: 113165K->110033K(134144K)] 156173K->110033K(196608K), [Metaspace: 52320K->52320K(1097728K)], 0.1307086 secs] [Times: user=0.37 sys=0.00, real=0.13 secs] 
Heap after GC invocations=761 (full 743):
 PSYoungGen      total 62464K, used 0K [0x00000000f8300000, 0x0000000100000000, 0x0000000100000000)
  eden space 43008K, 0% used [0x00000000f8300000,0x00000000f8300000,0x00000000fad00000)
  from space 19456K, 0% used [0x00000000fed00000,0x00000000fed00000,0x0000000100000000)
  to   space 42496K, 0% used [0x00000000fad00000,0x00000000fad00000,0x00000000fd680000)
 ParOldGen       total 134144K, used 110033K [0x00000000f0000000, 0x00000000f8300000, 0x00000000f8300000)
  object space 134144K, 82% used [0x00000000f0000000,0x00000000f6b74560,0x00000000f8300000)
 Metaspace       used 52320K, capacity 55218K, committed 55936K, reserved 1097728K
  class space    used 6358K, capacity 6863K, committed 7040K, reserved 1048576K
}
{Heap before GC invocations=762 (full 744):
 PSYoungGen      total 62464K, used 43008K [0x00000000f8300000, 0x0000000100000000, 0x0000000100000000)
  eden space 43008K, 100% used [0x00000000f8300000,0x00000000fad00000,0x00000000fad00000)
  from space 19456K, 0% used [0x00000000fed00000,0x00000000fed00000,0x0000000100000000)
  to   space 42496K, 0% used [0x00000000fad00000,0x00000000fad00000,0x00000000fd680000)
 ParOldGen       total 134144K, used 110033K [0x00000000f0000000, 0x00000000f8300000, 0x00000000f8300000)
  object space 134144K, 82% used [0x00000000f0000000,0x00000000f6b74560,0x00000000f8300000)
 Metaspace       used 52321K, capacity 55218K, committed 55936K, reserved 1097728K
  class space    used 6358K, capacity 6863K, committed 7040K, reserved 1048576K
2023-01-17T04:27:54.591+0800: 173.541: [Full GC (Ergonomics) [PSYoungGen: 43008K->0K(62464K)] [ParOldGen: 110033K->105122K(134144K)] 153041K->105122K(196608K), [Metaspace: 52321K->52321K(1097728K)], 0.1828705 secs] [Times: user=0.41 sys=0.00, real=0.18 secs] 
Heap after GC invocations=762 (full 744):
 PSYoungGen      total 62464K, used 0K [0x00000000f8300000, 0x0000000100000000, 0x0000000100000000)
  eden space 43008K, 0% used [0x00000000f8300000,0x00000000f8300000,0x00000000fad00000)
  from space 19456K, 0% used [0x00000000fed00000,0x00000000fed00000,0x0000000100000000)
  to   space 42496K, 0% used [0x00000000fad00000,0x00000000fad00000,0x00000000fd680000)
 ParOldGen       total 134144K, used 105122K [0x00000000f0000000, 0x00000000f8300000, 0x00000000f8300000)
  object space 134144K, 78% used [0x00000000f0000000,0x00000000f66a8920,0x00000000f8300000)
 Metaspace       used 52321K, capacity 55218K, committed 55936K, reserved 1097728K
  class space    used 6358K, capacity 6863K, committed 7040K, reserved 1048576K
}
{Heap before GC invocations=763 (full 745):
 PSYoungGen      total 62464K, used 43008K [0x00000000f8300000, 0x0000000100000000, 0x0000000100000000)
  eden space 43008K, 100% used [0x00000000f8300000,0x00000000fad00000,0x00000000fad00000)
  from space 19456K, 0% used [0x00000000fed00000,0x00000000fed00000,0x0000000100000000)
  to   space 42496K, 0% used [0x00000000fad00000,0x00000000fad00000,0x00000000fd680000)
 ParOldGen       total 134144K, used 105122K [0x00000000f0000000, 0x00000000f8300000, 0x00000000f8300000)
  object space 134144K, 78% used [0x00000000f0000000,0x00000000f66a8920,0x00000000f8300000)
 Metaspace       used 52322K, capacity 55218K, committed 55936K, reserved 1097728K
  class space    used 6358K, capacity 6863K, committed 7040K, reserved 1048576K
2023-01-17T04:27:54.854+0800: 173.804: [Full GC (Ergonomics) [PSYoungGen: 43008K->0K(62464K)] [ParOldGen: 105122K->98249K(134144K)] 148130K->98249K(196608K), [Metaspace: 52322K->52322K(1097728K)], 0.1412329 secs] [Times: user=0.33 sys=0.00, real=0.14 secs] 
Heap after GC invocations=763 (full 745):
 PSYoungGen      total 62464K, used 0K [0x00000000f8300000, 0x0000000100000000, 0x0000000100000000)
  eden space 43008K, 0% used [0x00000000f8300000,0x00000000f8300000,0x00000000fad00000)
  from space 19456K, 0% used [0x00000000fed00000,0x00000000fed00000,0x0000000100000000)
  to   space 42496K, 0% used [0x00000000fad00000,0x00000000fad00000,0x00000000fd680000)
 ParOldGen       total 134144K, used 98249K [0x00000000f0000000, 0x00000000f8300000, 0x00000000f8300000)
  object space 134144K, 73% used [0x00000000f0000000,0x00000000f5ff2408,0x00000000f8300000)
 Metaspace       used 52322K, capacity 55218K, committed 55936K, reserved 1097728K
  class space    used 6358K, capacity 6863K, committed 7040K, reserved 1048576K
}
{Heap before GC invocations=764 (full 745):
 PSYoungGen      total 62464K, used 43008K [0x00000000f8300000, 0x0000000100000000, 0x0000000100000000)
  eden space 43008K, 100% used [0x00000000f8300000,0x00000000fad00000,0x00000000fad00000)
  from space 19456K, 0% used [0x00000000fed00000,0x00000000fed00000,0x0000000100000000)
  to   space 42496K, 0% used [0x00000000fad00000,0x00000000fad00000,0x00000000fd680000)
 ParOldGen       total 134144K, used 98249K [0x00000000f0000000, 0x00000000f8300000, 0x00000000f8300000)
  object space 134144K, 73% used [0x00000000f0000000,0x00000000f5ff2408,0x00000000f8300000)
 Metaspace       used 52322K, capacity 55218K, committed 55936K, reserved 1097728K
  class space    used 6358K, capacity 6863K, committed 7040K, reserved 1048576K
2023-01-17T04:27:55.048+0800: 173.998: [GC (Allocation Failure) [PSYoungGen: 43008K->1536K(85504K)] 141257K->99785K(219648K), 0.0064951 secs] [Times: user=0.02 sys=0.00, real=0.01 secs] 
Heap after GC invocations=764 (full 745):
 PSYoungGen      total 85504K, used 1536K [0x00000000f8300000, 0x0000000100000000, 0x0000000100000000)
  eden space 43008K, 0% used [0x00000000f8300000,0x00000000f8300000,0x00000000fad00000)
  from space 42496K, 3% used [0x00000000fad00000,0x00000000fae80000,0x00000000fd680000)
  to   space 42496K, 0% used [0x00000000fd680000,0x00000000fd680000,0x0000000100000000)
 ParOldGen       total 134144K, used 98249K [0x00000000f0000000, 0x00000000f8300000, 0x00000000f8300000)
  object space 134144K, 73% used [0x00000000f0000000,0x00000000f5ff2408,0x00000000f8300000)
 Metaspace       used 52322K, capacity 55218K, committed 55936K, reserved 1097728K
  class space    used 6358K, capacity 6863K, committed 7040K, reserved 1048576K
}
{Heap before GC invocations=765 (full 745):
 PSYoungGen      total 85504K, used 44544K [0x00000000f8300000, 0x0000000100000000, 0x0000000100000000)
  eden space 43008K, 100% used [0x00000000f8300000,0x00000000fad00000,0x00000000fad00000)
  from space 42496K, 3% used [0x00000000fad00000,0x00000000fae80000,0x00000000fd680000)
  to   space 42496K, 0% used [0x00000000fd680000,0x00000000fd680000,0x0000000100000000)
 ParOldGen       total 134144K, used 98249K [0x00000000f0000000, 0x00000000f8300000, 0x00000000f8300000)
  object space 134144K, 73% used [0x00000000f0000000,0x00000000f5ff2408,0x00000000f8300000)
 Metaspace       used 52322K, capacity 55218K, committed 55936K, reserved 1097728K
  class space    used 6358K, capacity 6863K, committed 7040K, reserved 1048576K
2023-01-17T04:27:55.105+0800: 174.055: [GC (Allocation Failure) [PSYoungGen: 44544K->1120K(85504K)] 142793K->100001K(219648K), 0.0076930 secs] [Times: user=0.02 sys=0.00, real=0.01 secs] 
Heap after GC invocations=765 (full 745):
 PSYoungGen      total 85504K, used 1120K [0x00000000f8300000, 0x0000000100000000, 0x0000000100000000)
  eden space 43008K, 0% used [0x00000000f8300000,0x00000000f8300000,0x00000000fad00000)
  from space 42496K, 2% used [0x00000000fd680000,0x00000000fd798000,0x0000000100000000)
  to   space 42496K, 0% used [0x00000000fad00000,0x00000000fad00000,0x00000000fd680000)
 ParOldGen       total 134144K, used 98881K [0x00000000f0000000, 0x00000000f8300000, 0x00000000f8300000)
  object space 134144K, 73% used [0x00000000f0000000,0x00000000f6090408,0x00000000f8300000)
 Metaspace       used 52322K, capacity 55218K, committed 55936K, reserved 1097728K
  class space    used 6358K, capacity 6863K, committed 7040K, reserved 1048576K
}
{Heap before GC invocations=766 (full 745):
 PSYoungGen      total 85504K, used 44128K [0x00000000f8300000, 0x0000000100000000, 0x0000000100000000)
  eden space 43008K, 100% used [0x00000000f8300000,0x00000000fad00000,0x00000000fad00000)
  from space 42496K, 2% used [0x00000000fd680000,0x00000000fd798000,0x0000000100000000)
  to   space 42496K, 0% used [0x00000000fad00000,0x00000000fad00000,0x00000000fd680000)
 ParOldGen       total 134144K, used 98881K [0x00000000f0000000, 0x00000000f8300000, 0x00000000f8300000)
  object space 134144K, 73% used [0x00000000f0000000,0x00000000f6090408,0x00000000f8300000)
 Metaspace       used 52322K, capacity 55218K, committed 55936K, reserved 1097728K
  class space    used 6358K, capacity 6863K, committed 7040K, reserved 1048576K
2023-01-17T04:27:55.164+0800: 174.114: [GC (Allocation Failure) [PSYoungGen: 44128K->896K(85504K)] 143009K->100017K(219648K), 0.0051435 secs] [Times: user=0.01 sys=0.00, real=0.00 secs] 
Heap after GC invocations=766 (full 745):
 PSYoungGen      total 85504K, used 896K [0x00000000f8300000, 0x0000000100000000, 0x0000000100000000)
  eden space 43008K, 0% used [0x00000000f8300000,0x00000000f8300000,0x00000000fad00000)
  from space 42496K, 2% used [0x00000000fad00000,0x00000000fade0000,0x00000000fd680000)
  to   space 42496K, 0% used [0x00000000fd680000,0x00000000fd680000,0x0000000100000000)
 ParOldGen       total 134144K, used 99121K [0x00000000f0000000, 0x00000000f8300000, 0x00000000f8300000)
  object space 134144K, 73% used [0x00000000f0000000,0x00000000f60cc408,0x00000000f8300000)
 Metaspace       used 52322K, capacity 55218K, committed 55936K, reserved 1097728K
  class space    used 6358K, capacity 6863K, committed 7040K, reserved 1048576K
}
{Heap before GC invocations=767 (full 745):
 PSYoungGen      total 85504K, used 43904K [0x00000000f8300000, 0x0000000100000000, 0x0000000100000000)
  eden space 43008K, 100% used [0x00000000f8300000,0x00000000fad00000,0x00000000fad00000)
  from space 42496K, 2% used [0x00000000fad00000,0x00000000fade0000,0x00000000fd680000)
  to   space 42496K, 0% used [0x00000000fd680000,0x00000000fd680000,0x0000000100000000)
 ParOldGen       total 134144K, used 99121K [0x00000000f0000000, 0x00000000f8300000, 0x00000000f8300000)
  object space 134144K, 73% used [0x00000000f0000000,0x00000000f60cc408,0x00000000f8300000)
 Metaspace       used 52322K, capacity 55218K, committed 55936K, reserved 1097728K
  class space    used 6358K, capacity 6863K, committed 7040K, reserved 1048576K
2023-01-17T04:27:55.220+0800: 174.170: [GC (Allocation Failure) [PSYoungGen: 43904K->512K(85504K)] 143025K->99777K(219648K), 0.0055016 secs] [Times: user=0.01 sys=0.01, real=0.00 secs] 
Heap after GC invocations=767 (full 745):
 PSYoungGen      total 85504K, used 512K [0x00000000f8300000, 0x0000000100000000, 0x0000000100000000)
  eden space 43008K, 0% used [0x00000000f8300000,0x00000000f8300000,0x00000000fad00000)
  from space 42496K, 1% used [0x00000000fd680000,0x00000000fd700000,0x0000000100000000)
  to   space 42496K, 0% used [0x00000000fad00000,0x00000000fad00000,0x00000000fd680000)
 ParOldGen       total 134144K, used 99265K [0x00000000f0000000, 0x00000000f8300000, 0x00000000f8300000)
  object space 134144K, 73% used [0x00000000f0000000,0x00000000f60f0408,0x00000000f8300000)
 Metaspace       used 52322K, capacity 55218K, committed 55936K, reserved 1097728K
  class space    used 6358K, capacity 6863K, committed 7040K, reserved 1048576K
}
{Heap before GC invocations=768 (full 745):
 PSYoungGen      total 85504K, used 43520K [0x00000000f8300000, 0x0000000100000000, 0x0000000100000000)
  eden space 43008K, 100% used [0x00000000f8300000,0x00000000fad00000,0x00000000fad00000)
  from space 42496K, 1% used [0x00000000fd680000,0x00000000fd700000,0x0000000100000000)
  to   space 42496K, 0% used [0x00000000fad00000,0x00000000fad00000,0x00000000fd680000)
 ParOldGen       total 134144K, used 99265K [0x00000000f0000000, 0x00000000f8300000, 0x00000000f8300000)
  object space 134144K, 73% used [0x00000000f0000000,0x00000000f60f0408,0x00000000f8300000)
 Metaspace       used 52328K, capacity 55218K, committed 55936K, reserved 1097728K
  class space    used 6358K, capacity 6863K, committed 7040K, reserved 1048576K
2023-01-17T04:28:13.073+0800: 192.023: [GC (Allocation Failure) [PSYoungGen: 43520K->402K(85504K)] 142785K->99755K(219648K), 0.0045000 secs] [Times: user=0.01 sys=0.00, real=0.00 secs] 
