Java HotSpot(TM) 64-Bit Server VM (25.261-b12) for linux-amd64 JRE (1.8.0_261-b12), built on Jun 17 2020 23:41:40 by "java_re" with gcc 7.3.0
Memory: 4k page, physical 7733220k(7126612k free), swap 0k(0k free)
CommandLine flags: -XX:+HeapDumpOnOutOfMemoryError -XX:HeapDumpPath=/root/logs/java_heapdump.hprof -XX:InitialHeapSize=268435456 -XX:MaxHeapSize=268435456 -XX:MaxNewSize=131072000 -XX:MaxTenuringThreshold=6 -XX:MetaspaceSize=134217728 -XX:NewSize=131072000 -XX:OldPLABSize=16 -XX:-OmitStackTraceInFastThrow -XX:+PrintGC -XX:+PrintGCDateStamps -XX:+PrintGCDetails -XX:+PrintGCTimeStamps -XX:+PrintHeapAtGC -XX:ThreadStackSize=512 -XX:+UseCompressedClassPointers -XX:+UseCompressedOops -XX:+UseConcMarkSweepGC -XX:-UseLargePages -XX:+UseParNewGC 
{Heap before GC invocations=0 (full 0):
 par new generation   total 115200K, used 102400K [0x00000000f0000000, 0x00000000f7d00000, 0x00000000f7d00000)
  eden space 102400K, 100% used [0x00000000f0000000, 0x00000000f6400000, 0x00000000f6400000)
  from space 12800K,   0% used [0x00000000f6400000, 0x00000000f6400000, 0x00000000f7080000)
  to   space 12800K,   0% used [0x00000000f7080000, 0x00000000f7080000, 0x00000000f7d00000)
 concurrent mark-sweep generation total 134144K, used 0K [0x00000000f7d00000, 0x0000000100000000, 0x0000000100000000)
 Metaspace       used 10811K, capacity 11206K, committed 11392K, reserved 1058816K
  class space    used 1256K, capacity 1377K, committed 1408K, reserved 1048576K
2023-01-17T04:42:47.665+0800: 0.731: [GC (Allocation Failure) 2023-01-17T04:42:47.665+0800: 0.731: [ParNew: 102400K->6826K(115200K), 0.0170706 secs] 102400K->6826K(249344K), 0.0171742 secs] [Times: user=0.03 sys=0.01, real=0.02 secs] 
Heap after GC invocations=1 (full 0):
 par new generation   total 115200K, used 6826K [0x00000000f0000000, 0x00000000f7d00000, 0x00000000f7d00000)
  eden space 102400K,   0% used [0x00000000f0000000, 0x00000000f0000000, 0x00000000f6400000)
  from space 12800K,  53% used [0x00000000f7080000, 0x00000000f772a830, 0x00000000f7d00000)
  to   space 12800K,   0% used [0x00000000f6400000, 0x00000000f6400000, 0x00000000f7080000)
 concurrent mark-sweep generation total 134144K, used 0K [0x00000000f7d00000, 0x0000000100000000, 0x0000000100000000)
 Metaspace       used 10811K, capacity 11206K, committed 11392K, reserved 1058816K
  class space    used 1256K, capacity 1377K, committed 1408K, reserved 1048576K
}
{Heap before GC invocations=1 (full 0):
 par new generation   total 115200K, used 109226K [0x00000000f0000000, 0x00000000f7d00000, 0x00000000f7d00000)
  eden space 102400K, 100% used [0x00000000f0000000, 0x00000000f6400000, 0x00000000f6400000)
  from space 12800K,  53% used [0x00000000f7080000, 0x00000000f772a830, 0x00000000f7d00000)
  to   space 12800K,   0% used [0x00000000f6400000, 0x00000000f6400000, 0x00000000f7080000)
 concurrent mark-sweep generation total 134144K, used 0K [0x00000000f7d00000, 0x0000000100000000, 0x0000000100000000)
 Metaspace       used 14706K, capacity 15196K, committed 15488K, reserved 1062912K
  class space    used 1728K, capacity 1854K, committed 1920K, reserved 1048576K
2023-01-17T04:42:47.905+0800: 0.971: [GC (Allocation Failure) 2023-01-17T04:42:47.905+0800: 0.971: [ParNew: 109226K->4832K(115200K), 0.0254616 secs] 109226K->7675K(249344K), 0.0255224 secs] [Times: user=0.08 sys=0.00, real=0.03 secs] 
Heap after GC invocations=2 (full 0):
 par new generation   total 115200K, used 4832K [0x00000000f0000000, 0x00000000f7d00000, 0x00000000f7d00000)
  eden space 102400K,   0% used [0x00000000f0000000, 0x00000000f0000000, 0x00000000f6400000)
  from space 12800K,  37% used [0x00000000f6400000, 0x00000000f68b8058, 0x00000000f7080000)
  to   space 12800K,   0% used [0x00000000f7080000, 0x00000000f7080000, 0x00000000f7d00000)
 concurrent mark-sweep generation total 134144K, used 2843K [0x00000000f7d00000, 0x0000000100000000, 0x0000000100000000)
 Metaspace       used 14706K, capacity 15196K, committed 15488K, reserved 1062912K
  class space    used 1728K, capacity 1854K, committed 1920K, reserved 1048576K
}
{Heap before GC invocations=2 (full 0):
 par new generation   total 115200K, used 107232K [0x00000000f0000000, 0x00000000f7d00000, 0x00000000f7d00000)
  eden space 102400K, 100% used [0x00000000f0000000, 0x00000000f6400000, 0x00000000f6400000)
  from space 12800K,  37% used [0x00000000f6400000, 0x00000000f68b8058, 0x00000000f7080000)
  to   space 12800K,   0% used [0x00000000f7080000, 0x00000000f7080000, 0x00000000f7d00000)
 concurrent mark-sweep generation total 134144K, used 2843K [0x00000000f7d00000, 0x0000000100000000, 0x0000000100000000)
 Metaspace       used 18827K, capacity 19596K, committed 19712K, reserved 1067008K
  class space    used 2342K, capacity 2524K, committed 2560K, reserved 1048576K
2023-01-17T04:42:48.340+0800: 1.406: [GC (Allocation Failure) 2023-01-17T04:42:48.340+0800: 1.406: [ParNew: 107232K->5158K(115200K), 0.0135011 secs] 110075K->8002K(249344K), 0.0135674 secs] [Times: user=0.04 sys=0.00, real=0.01 secs] 
Heap after GC invocations=3 (full 0):
 par new generation   total 115200K, used 5158K [0x00000000f0000000, 0x00000000f7d00000, 0x00000000f7d00000)
  eden space 102400K,   0% used [0x00000000f0000000, 0x00000000f0000000, 0x00000000f6400000)
  from space 12800K,  40% used [0x00000000f7080000, 0x00000000f7589988, 0x00000000f7d00000)
  to   space 12800K,   0% used [0x00000000f6400000, 0x00000000f6400000, 0x00000000f7080000)
 concurrent mark-sweep generation total 134144K, used 2843K [0x00000000f7d00000, 0x0000000100000000, 0x0000000100000000)
 Metaspace       used 18827K, capacity 19596K, committed 19712K, reserved 1067008K
  class space    used 2342K, capacity 2524K, committed 2560K, reserved 1048576K
}
{Heap before GC invocations=3 (full 0):
 par new generation   total 115200K, used 107558K [0x00000000f0000000, 0x00000000f7d00000, 0x00000000f7d00000)
  eden space 102400K, 100% used [0x00000000f0000000, 0x00000000f6400000, 0x00000000f6400000)
  from space 12800K,  40% used [0x00000000f7080000, 0x00000000f7589988, 0x00000000f7d00000)
  to   space 12800K,   0% used [0x00000000f6400000, 0x00000000f6400000, 0x00000000f7080000)
 concurrent mark-sweep generation total 134144K, used 2843K [0x00000000f7d00000, 0x0000000100000000, 0x0000000100000000)
 Metaspace       used 20052K, capacity 20814K, committed 20864K, reserved 1067008K
  class space    used 2497K, capacity 2685K, committed 2688K, reserved 1048576K
2023-01-17T04:42:48.619+0800: 1.685: [GC (Allocation Failure) 2023-01-17T04:42:48.619+0800: 1.685: [ParNew: 107558K->12056K(115200K), 0.0238228 secs] 110402K->14900K(249344K), 0.0238837 secs] [Times: user=0.04 sys=0.00, real=0.03 secs] 
Heap after GC invocations=4 (full 0):
 par new generation   total 115200K, used 12056K [0x00000000f0000000, 0x00000000f7d00000, 0x00000000f7d00000)
  eden space 102400K,   0% used [0x00000000f0000000, 0x00000000f0000000, 0x00000000f6400000)
  from space 12800K,  94% used [0x00000000f6400000, 0x00000000f6fc6070, 0x00000000f7080000)
  to   space 12800K,   0% used [0x00000000f7080000, 0x00000000f7080000, 0x00000000f7d00000)
 concurrent mark-sweep generation total 134144K, used 2843K [0x00000000f7d00000, 0x0000000100000000, 0x0000000100000000)
 Metaspace       used 20052K, capacity 20814K, committed 20864K, reserved 1067008K
  class space    used 2497K, capacity 2685K, committed 2688K, reserved 1048576K
}
{Heap before GC invocations=4 (full 0):
 par new generation   total 115200K, used 114456K [0x00000000f0000000, 0x00000000f7d00000, 0x00000000f7d00000)
  eden space 102400K, 100% used [0x00000000f0000000, 0x00000000f6400000, 0x00000000f6400000)
  from space 12800K,  94% used [0x00000000f6400000, 0x00000000f6fc6070, 0x00000000f7080000)
  to   space 12800K,   0% used [0x00000000f7080000, 0x00000000f7080000, 0x00000000f7d00000)
 concurrent mark-sweep generation total 134144K, used 2843K [0x00000000f7d00000, 0x0000000100000000, 0x0000000100000000)
 Metaspace       used 20917K, capacity 21884K, committed 22016K, reserved 1069056K
  class space    used 2594K, capacity 2814K, committed 2816K, reserved 1048576K
2023-01-17T04:42:48.932+0800: 1.999: [GC (Allocation Failure) 2023-01-17T04:42:48.932+0800: 1.999: [ParNew: 114456K->7657K(115200K), 0.0192084 secs] 117300K->13227K(249344K), 0.0192803 secs] [Times: user=0.05 sys=0.00, real=0.02 secs] 
Heap after GC invocations=5 (full 0):
 par new generation   total 115200K, used 7657K [0x00000000f0000000, 0x00000000f7d00000, 0x00000000f7d00000)
  eden space 102400K,   0% used [0x00000000f0000000, 0x00000000f0000000, 0x00000000f6400000)
  from space 12800K,  59% used [0x00000000f7080000, 0x00000000f77fa5a8, 0x00000000f7d00000)
  to   space 12800K,   0% used [0x00000000f6400000, 0x00000000f6400000, 0x00000000f7080000)
 concurrent mark-sweep generation total 134144K, used 5569K [0x00000000f7d00000, 0x0000000100000000, 0x0000000100000000)
 Metaspace       used 20917K, capacity 21884K, committed 22016K, reserved 1069056K
  class space    used 2594K, capacity 2814K, committed 2816K, reserved 1048576K
}
{Heap before GC invocations=5 (full 0):
 par new generation   total 115200K, used 110057K [0x00000000f0000000, 0x00000000f7d00000, 0x00000000f7d00000)
  eden space 102400K, 100% used [0x00000000f0000000, 0x00000000f6400000, 0x00000000f6400000)
  from space 12800K,  59% used [0x00000000f7080000, 0x00000000f77fa5a8, 0x00000000f7d00000)
  to   space 12800K,   0% used [0x00000000f6400000, 0x00000000f6400000, 0x00000000f7080000)
 concurrent mark-sweep generation total 134144K, used 5569K [0x00000000f7d00000, 0x0000000100000000, 0x0000000100000000)
 Metaspace       used 22793K, capacity 23762K, committed 24064K, reserved 1071104K
  class space    used 2860K, capacity 3069K, committed 3072K, reserved 1048576K
2023-01-17T04:42:49.369+0800: 2.436: [GC (Allocation Failure) 2023-01-17T04:42:49.369+0800: 2.436: [ParNew: 110057K->6905K(115200K), 0.0126494 secs] 115627K->12475K(249344K), 0.0127049 secs] [Times: user=0.02 sys=0.00, real=0.02 secs] 
Heap after GC invocations=6 (full 0):
 par new generation   total 115200K, used 6905K [0x00000000f0000000, 0x00000000f7d00000, 0x00000000f7d00000)
  eden space 102400K,   0% used [0x00000000f0000000, 0x00000000f0000000, 0x00000000f6400000)
  from space 12800K,  53% used [0x00000000f6400000, 0x00000000f6abe778, 0x00000000f7080000)
  to   space 12800K,   0% used [0x00000000f7080000, 0x00000000f7080000, 0x00000000f7d00000)
 concurrent mark-sweep generation total 134144K, used 5569K [0x00000000f7d00000, 0x0000000100000000, 0x0000000100000000)
 Metaspace       used 22793K, capacity 23762K, committed 24064K, reserved 1071104K
  class space    used 2860K, capacity 3069K, committed 3072K, reserved 1048576K
}
{Heap before GC invocations=6 (full 0):
 par new generation   total 115200K, used 109305K [0x00000000f0000000, 0x00000000f7d00000, 0x00000000f7d00000)
  eden space 102400K, 100% used [0x00000000f0000000, 0x00000000f6400000, 0x00000000f6400000)
  from space 12800K,  53% used [0x00000000f6400000, 0x00000000f6abe778, 0x00000000f7080000)
  to   space 12800K,   0% used [0x00000000f7080000, 0x00000000f7080000, 0x00000000f7d00000)
 concurrent mark-sweep generation total 134144K, used 5569K [0x00000000f7d00000, 0x0000000100000000, 0x0000000100000000)
 Metaspace       used 26575K, capacity 28098K, committed 28288K, reserved 1073152K
  class space    used 3424K, capacity 3695K, committed 3712K, reserved 1048576K
2023-01-17T04:42:49.821+0800: 2.888: [GC (Allocation Failure) 2023-01-17T04:42:49.821+0800: 2.888: [ParNew: 109305K->9299K(115200K), 0.0129183 secs] 114875K->14869K(249344K), 0.0129771 secs] [Times: user=0.03 sys=0.00, real=0.01 secs] 
Heap after GC invocations=7 (full 0):
 par new generation   total 115200K, used 9299K [0x00000000f0000000, 0x00000000f7d00000, 0x00000000f7d00000)
  eden space 102400K,   0% used [0x00000000f0000000, 0x00000000f0000000, 0x00000000f6400000)
  from space 12800K,  72% used [0x00000000f7080000, 0x00000000f7994ca8, 0x00000000f7d00000)
  to   space 12800K,   0% used [0x00000000f6400000, 0x00000000f6400000, 0x00000000f7080000)
 concurrent mark-sweep generation total 134144K, used 5569K [0x00000000f7d00000, 0x0000000100000000, 0x0000000100000000)
 Metaspace       used 26575K, capacity 28098K, committed 28288K, reserved 1073152K
  class space    used 3424K, capacity 3695K, committed 3712K, reserved 1048576K
}
{Heap before GC invocations=7 (full 0):
 par new generation   total 115200K, used 111699K [0x00000000f0000000, 0x00000000f7d00000, 0x00000000f7d00000)
  eden space 102400K, 100% used [0x00000000f0000000, 0x00000000f6400000, 0x00000000f6400000)
  from space 12800K,  72% used [0x00000000f7080000, 0x00000000f7994ca8, 0x00000000f7d00000)
  to   space 12800K,   0% used [0x00000000f6400000, 0x00000000f6400000, 0x00000000f7080000)
 concurrent mark-sweep generation total 134144K, used 5569K [0x00000000f7d00000, 0x0000000100000000, 0x0000000100000000)
 Metaspace       used 30123K, capacity 32066K, committed 32256K, reserved 1077248K
  class space    used 3903K, capacity 4271K, committed 4352K, reserved 1048576K
2023-01-17T04:42:50.302+0800: 3.369: [GC (Allocation Failure) 2023-01-17T04:42:50.302+0800: 3.369: [ParNew: 111699K->9552K(115200K), 0.0176051 secs] 117269K->17669K(249344K), 0.0176748 secs] [Times: user=0.05 sys=0.00, real=0.02 secs] 
Heap after GC invocations=8 (full 0):
 par new generation   total 115200K, used 9552K [0x00000000f0000000, 0x00000000f7d00000, 0x00000000f7d00000)
  eden space 102400K,   0% used [0x00000000f0000000, 0x00000000f0000000, 0x00000000f6400000)
  from space 12800K,  74% used [0x00000000f6400000, 0x00000000f6d540c0, 0x00000000f7080000)
  to   space 12800K,   0% used [0x00000000f7080000, 0x00000000f7080000, 0x00000000f7d00000)
 concurrent mark-sweep generation total 134144K, used 8117K [0x00000000f7d00000, 0x0000000100000000, 0x0000000100000000)
 Metaspace       used 30123K, capacity 32066K, committed 32256K, reserved 1077248K
  class space    used 3903K, capacity 4271K, committed 4352K, reserved 1048576K
}
{Heap before GC invocations=8 (full 0):
 par new generation   total 115200K, used 111952K [0x00000000f0000000, 0x00000000f7d00000, 0x00000000f7d00000)
  eden space 102400K, 100% used [0x00000000f0000000, 0x00000000f6400000, 0x00000000f6400000)
  from space 12800K,  74% used [0x00000000f6400000, 0x00000000f6d540c0, 0x00000000f7080000)
  to   space 12800K,   0% used [0x00000000f7080000, 0x00000000f7080000, 0x00000000f7d00000)
 concurrent mark-sweep generation total 134144K, used 8117K [0x00000000f7d00000, 0x0000000100000000, 0x0000000100000000)
 Metaspace       used 35322K, capacity 37320K, committed 37504K, reserved 1081344K
  class space    used 4558K, capacity 4944K, committed 4992K, reserved 1048576K
2023-01-17T04:42:50.744+0800: 3.811: [GC (Allocation Failure) 2023-01-17T04:42:50.744+0800: 3.811: [ParNew: 111952K->9215K(115200K), 0.0242809 secs] 120069K->19757K(249344K), 0.0243490 secs] [Times: user=0.06 sys=0.00, real=0.02 secs] 
Heap after GC invocations=9 (full 0):
 par new generation   total 115200K, used 9215K [0x00000000f0000000, 0x00000000f7d00000, 0x00000000f7d00000)
  eden space 102400K,   0% used [0x00000000f0000000, 0x00000000f0000000, 0x00000000f6400000)
  from space 12800K,  71% used [0x00000000f7080000, 0x00000000f797ffd0, 0x00000000f7d00000)
  to   space 12800K,   0% used [0x00000000f6400000, 0x00000000f6400000, 0x00000000f7080000)
 concurrent mark-sweep generation total 134144K, used 10542K [0x00000000f7d00000, 0x0000000100000000, 0x0000000100000000)
 Metaspace       used 35322K, capacity 37320K, committed 37504K, reserved 1081344K
  class space    used 4558K, capacity 4944K, committed 4992K, reserved 1048576K
}
{Heap before GC invocations=9 (full 0):
 par new generation   total 115200K, used 111615K [0x00000000f0000000, 0x00000000f7d00000, 0x00000000f7d00000)
  eden space 102400K, 100% used [0x00000000f0000000, 0x00000000f6400000, 0x00000000f6400000)
  from space 12800K,  71% used [0x00000000f7080000, 0x00000000f797ffd0, 0x00000000f7d00000)
  to   space 12800K,   0% used [0x00000000f6400000, 0x00000000f6400000, 0x00000000f7080000)
 concurrent mark-sweep generation total 134144K, used 10542K [0x00000000f7d00000, 0x0000000100000000, 0x0000000100000000)
 Metaspace       used 35642K, capacity 37732K, committed 38016K, reserved 1083392K
  class space    used 4591K, capacity 4986K, committed 4992K, reserved 1048576K
2023-01-17T04:42:51.003+0800: 4.069: [GC (Allocation Failure) 2023-01-17T04:42:51.003+0800: 4.069: [ParNew: 111615K->6040K(115200K), 0.0080808 secs] 122157K->16582K(249344K), 0.0081599 secs] [Times: user=0.02 sys=0.00, real=0.01 secs] 
Heap after GC invocations=10 (full 0):
 par new generation   total 115200K, used 6040K [0x00000000f0000000, 0x00000000f7d00000, 0x00000000f7d00000)
  eden space 102400K,   0% used [0x00000000f0000000, 0x00000000f0000000, 0x00000000f6400000)
  from space 12800K,  47% used [0x00000000f6400000, 0x00000000f69e63d0, 0x00000000f7080000)
  to   space 12800K,   0% used [0x00000000f7080000, 0x00000000f7080000, 0x00000000f7d00000)
 concurrent mark-sweep generation total 134144K, used 10542K [0x00000000f7d00000, 0x0000000100000000, 0x0000000100000000)
 Metaspace       used 35642K, capacity 37732K, committed 38016K, reserved 1083392K
  class space    used 4591K, capacity 4986K, committed 4992K, reserved 1048576K
}
{Heap before GC invocations=10 (full 0):
 par new generation   total 115200K, used 108440K [0x00000000f0000000, 0x00000000f7d00000, 0x00000000f7d00000)
  eden space 102400K, 100% used [0x00000000f0000000, 0x00000000f6400000, 0x00000000f6400000)
  from space 12800K,  47% used [0x00000000f6400000, 0x00000000f69e63d0, 0x00000000f7080000)
  to   space 12800K,   0% used [0x00000000f7080000, 0x00000000f7080000, 0x00000000f7d00000)
 concurrent mark-sweep generation total 134144K, used 10542K [0x00000000f7d00000, 0x0000000100000000, 0x0000000100000000)
 Metaspace       used 36183K, capacity 38256K, committed 38656K, reserved 1083392K
  class space    used 4646K, capacity 5026K, committed 5120K, reserved 1048576K
2023-01-17T04:42:51.235+0800: 4.301: [GC (Allocation Failure) 2023-01-17T04:42:51.235+0800: 4.301: [ParNew: 108440K->9950K(115200K), 0.0103954 secs] 118982K->20492K(249344K), 0.0104642 secs] [Times: user=0.04 sys=0.00, real=0.01 secs] 
Heap after GC invocations=11 (full 0):
 par new generation   total 115200K, used 9950K [0x00000000f0000000, 0x00000000f7d00000, 0x00000000f7d00000)
  eden space 102400K,   0% used [0x00000000f0000000, 0x00000000f0000000, 0x00000000f6400000)
  from space 12800K,  77% used [0x00000000f7080000, 0x00000000f7a37a40, 0x00000000f7d00000)
  to   space 12800K,   0% used [0x00000000f6400000, 0x00000000f6400000, 0x00000000f7080000)
 concurrent mark-sweep generation total 134144K, used 10542K [0x00000000f7d00000, 0x0000000100000000, 0x0000000100000000)
 Metaspace       used 36183K, capacity 38256K, committed 38656K, reserved 1083392K
  class space    used 4646K, capacity 5026K, committed 5120K, reserved 1048576K
}
{Heap before GC invocations=11 (full 0):
 par new generation   total 115200K, used 112350K [0x00000000f0000000, 0x00000000f7d00000, 0x00000000f7d00000)
  eden space 102400K, 100% used [0x00000000f0000000, 0x00000000f6400000, 0x00000000f6400000)
  from space 12800K,  77% used [0x00000000f7080000, 0x00000000f7a37a40, 0x00000000f7d00000)
  to   space 12800K,   0% used [0x00000000f6400000, 0x00000000f6400000, 0x00000000f7080000)
 concurrent mark-sweep generation total 134144K, used 10542K [0x00000000f7d00000, 0x0000000100000000, 0x0000000100000000)
 Metaspace       used 36294K, capacity 38320K, committed 38656K, reserved 1083392K
  class space    used 4648K, capacity 5026K, committed 5120K, reserved 1048576K
2023-01-17T04:42:51.396+0800: 4.462: [GC (Allocation Failure) 2023-01-17T04:42:51.396+0800: 4.462: [ParNew: 112350K->6876K(115200K), 0.0258792 secs] 122892K->19711K(249344K), 0.0259474 secs] [Times: user=0.08 sys=0.00, real=0.03 secs] 
Heap after GC invocations=12 (full 0):
 par new generation   total 115200K, used 6876K [0x00000000f0000000, 0x00000000f7d00000, 0x00000000f7d00000)
  eden space 102400K,   0% used [0x00000000f0000000, 0x00000000f0000000, 0x00000000f6400000)
  from space 12800K,  53% used [0x00000000f6400000, 0x00000000f6ab7148, 0x00000000f7080000)
  to   space 12800K,   0% used [0x00000000f7080000, 0x00000000f7080000, 0x00000000f7d00000)
 concurrent mark-sweep generation total 134144K, used 12835K [0x00000000f7d00000, 0x0000000100000000, 0x0000000100000000)
 Metaspace       used 36294K, capacity 38320K, committed 38656K, reserved 1083392K
  class space    used 4648K, capacity 5026K, committed 5120K, reserved 1048576K
}
{Heap before GC invocations=12 (full 0):
 par new generation   total 115200K, used 109276K [0x00000000f0000000, 0x00000000f7d00000, 0x00000000f7d00000)
  eden space 102400K, 100% used [0x00000000f0000000, 0x00000000f6400000, 0x00000000f6400000)
  from space 12800K,  53% used [0x00000000f6400000, 0x00000000f6ab7148, 0x00000000f7080000)
  to   space 12800K,   0% used [0x00000000f7080000, 0x00000000f7080000, 0x00000000f7d00000)
 concurrent mark-sweep generation total 134144K, used 12835K [0x00000000f7d00000, 0x0000000100000000, 0x0000000100000000)
 Metaspace       used 38083K, capacity 40440K, committed 40704K, reserved 1085440K
  class space    used 4899K, capacity 5306K, committed 5376K, reserved 1048576K
2023-01-17T04:42:51.796+0800: 4.862: [GC (Allocation Failure) 2023-01-17T04:42:51.796+0800: 4.862: [ParNew: 109276K->10108K(115200K), 0.0247790 secs] 122111K->22943K(249344K), 0.0248666 secs] [Times: user=0.09 sys=0.00, real=0.03 secs] 
Heap after GC invocations=13 (full 0):
 par new generation   total 115200K, used 10108K [0x00000000f0000000, 0x00000000f7d00000, 0x00000000f7d00000)
  eden space 102400K,   0% used [0x00000000f0000000, 0x00000000f0000000, 0x00000000f6400000)
  from space 12800K,  78% used [0x00000000f7080000, 0x00000000f7a5f280, 0x00000000f7d00000)
  to   space 12800K,   0% used [0x00000000f6400000, 0x00000000f6400000, 0x00000000f7080000)
 concurrent mark-sweep generation total 134144K, used 12835K [0x00000000f7d00000, 0x0000000100000000, 0x0000000100000000)
 Metaspace       used 38083K, capacity 40440K, committed 40704K, reserved 1085440K
  class space    used 4899K, capacity 5306K, committed 5376K, reserved 1048576K
}
{Heap before GC invocations=13 (full 0):
 par new generation   total 115200K, used 112508K [0x00000000f0000000, 0x00000000f7d00000, 0x00000000f7d00000)
  eden space 102400K, 100% used [0x00000000f0000000, 0x00000000f6400000, 0x00000000f6400000)
  from space 12800K,  78% used [0x00000000f7080000, 0x00000000f7a5f280, 0x00000000f7d00000)
  to   space 12800K,   0% used [0x00000000f6400000, 0x00000000f6400000, 0x00000000f7080000)
 concurrent mark-sweep generation total 134144K, used 12835K [0x00000000f7d00000, 0x0000000100000000, 0x0000000100000000)
 Metaspace       used 40775K, capacity 43332K, committed 43648K, reserved 1087488K
  class space    used 5273K, capacity 5712K, committed 5760K, reserved 1048576K
2023-01-17T04:42:52.333+0800: 5.399: [GC (Allocation Failure) 2023-01-17T04:42:52.333+0800: 5.399: [ParNew: 112508K->12633K(115200K), 0.0155154 secs] 125343K->28050K(249344K), 0.0156005 secs] [Times: user=0.04 sys=0.00, real=0.01 secs] 
Heap after GC invocations=14 (full 0):
 par new generation   total 115200K, used 12633K [0x00000000f0000000, 0x00000000f7d00000, 0x00000000f7d00000)
  eden space 102400K,   0% used [0x00000000f0000000, 0x00000000f0000000, 0x00000000f6400000)
  from space 12800K,  98% used [0x00000000f6400000, 0x00000000f7056570, 0x00000000f7080000)
  to   space 12800K,   0% used [0x00000000f7080000, 0x00000000f7080000, 0x00000000f7d00000)
 concurrent mark-sweep generation total 134144K, used 15416K [0x00000000f7d00000, 0x0000000100000000, 0x0000000100000000)
 Metaspace       used 40775K, capacity 43332K, committed 43648K, reserved 1087488K
  class space    used 5273K, capacity 5712K, committed 5760K, reserved 1048576K
}
{Heap before GC invocations=14 (full 0):
 par new generation   total 115200K, used 115033K [0x00000000f0000000, 0x00000000f7d00000, 0x00000000f7d00000)
  eden space 102400K, 100% used [0x00000000f0000000, 0x00000000f6400000, 0x00000000f6400000)
  from space 12800K,  98% used [0x00000000f6400000, 0x00000000f7056570, 0x00000000f7080000)
  to   space 12800K,   0% used [0x00000000f7080000, 0x00000000f7080000, 0x00000000f7d00000)
 concurrent mark-sweep generation total 134144K, used 15416K [0x00000000f7d00000, 0x0000000100000000, 0x0000000100000000)
 Metaspace       used 42692K, capacity 45358K, committed 45696K, reserved 1089536K
  class space    used 5461K, capacity 5923K, committed 6016K, reserved 1048576K
2023-01-17T04:42:52.768+0800: 5.835: [GC (Allocation Failure) 2023-01-17T04:42:52.768+0800: 5.835: [ParNew: 115033K->12800K(115200K), 0.0485183 secs] 130450K->60646K(249344K), 0.0486943 secs] [Times: user=0.11 sys=0.01, real=0.05 secs] 
Heap after GC invocations=15 (full 0):
 par new generation   total 115200K, used 12800K [0x00000000f0000000, 0x00000000f7d00000, 0x00000000f7d00000)
  eden space 102400K,   0% used [0x00000000f0000000, 0x00000000f0000000, 0x00000000f6400000)
  from space 12800K, 100% used [0x00000000f7080000, 0x00000000f7d00000, 0x00000000f7d00000)
  to   space 12800K,   0% used [0x00000000f6400000, 0x00000000f6400000, 0x00000000f7080000)
 concurrent mark-sweep generation total 134144K, used 47846K [0x00000000f7d00000, 0x0000000100000000, 0x0000000100000000)
 Metaspace       used 42692K, capacity 45358K, committed 45696K, reserved 1089536K
  class space    used 5461K, capacity 5923K, committed 6016K, reserved 1048576K
}
{Heap before GC invocations=15 (full 0):
 par new generation   total 115200K, used 115200K [0x00000000f0000000, 0x00000000f7d00000, 0x00000000f7d00000)
  eden space 102400K, 100% used [0x00000000f0000000, 0x00000000f6400000, 0x00000000f6400000)
  from space 12800K, 100% used [0x00000000f7080000, 0x00000000f7d00000, 0x00000000f7d00000)
  to   space 12800K,   0% used [0x00000000f6400000, 0x00000000f6400000, 0x00000000f7080000)
 concurrent mark-sweep generation total 134144K, used 47846K [0x00000000f7d00000, 0x0000000100000000, 0x0000000100000000)
 Metaspace       used 45087K, capacity 47884K, committed 48000K, reserved 1091584K
  class space    used 5703K, capacity 6196K, committed 6272K, reserved 1048576K
2023-01-17T04:42:53.451+0800: 6.517: [GC (Allocation Failure) 2023-01-17T04:42:53.451+0800: 6.517: [ParNew: 115200K->12800K(115200K), 0.0793203 secs] 163046K->107437K(249344K), 0.0796539 secs] [Times: user=0.14 sys=0.01, real=0.08 secs] 
Heap after GC invocations=16 (full 0):
 par new generation   total 115200K, used 12800K [0x00000000f0000000, 0x00000000f7d00000, 0x00000000f7d00000)
  eden space 102400K,   0% used [0x00000000f0000000, 0x00000000f0000000, 0x00000000f6400000)
  from space 12800K, 100% used [0x00000000f6400000, 0x00000000f7080000, 0x00000000f7080000)
  to   space 12800K,   0% used [0x00000000f7080000, 0x00000000f7080000, 0x00000000f7d00000)
 concurrent mark-sweep generation total 134144K, used 94637K [0x00000000f7d00000, 0x0000000100000000, 0x0000000100000000)
 Metaspace       used 45087K, capacity 47884K, committed 48000K, reserved 1091584K
  class space    used 5703K, capacity 6196K, committed 6272K, reserved 1048576K
}
2023-01-17T04:42:53.587+0800: 6.653: [GC (CMS Initial Mark) [1 CMS-initial-mark: 94637K(134144K)] 110803K(249344K), 0.0105534 secs] [Times: user=0.03 sys=0.00, real=0.01 secs] 
2023-01-17T04:42:53.597+0800: 6.664: [CMS-concurrent-mark-start]
2023-01-17T04:42:53.730+0800: 6.796: [CMS-concurrent-mark: 0.133/0.133 secs] [Times: user=0.31 sys=0.01, real=0.14 secs] 
2023-01-17T04:42:53.737+0800: 6.804: [CMS-concurrent-preclean-start]
2023-01-17T04:42:53.739+0800: 6.806: [CMS-concurrent-preclean: 0.002/0.002 secs] [Times: user=0.00 sys=0.00, real=0.00 secs] 
2023-01-17T04:42:53.739+0800: 6.806: [CMS-concurrent-abortable-preclean-start]
2023-01-17T04:42:53.739+0800: 6.806: [CMS-concurrent-abortable-preclean: 0.000/0.000 secs] [Times: user=0.00 sys=0.00, real=0.00 secs] 
2023-01-17T04:42:53.917+0800: 6.983: [GC (CMS Final Remark) [YG occupancy: 79125 K (115200 K)]2023-01-17T04:42:53.917+0800: 6.983: [Rescan (parallel) , 0.0164818 secs]2023-01-17T04:42:53.934+0800: 7.000: [weak refs processing, 0.0010880 secs]2023-01-17T04:42:53.935+0800: 7.001: [class unloading, 0.0153381 secs]2023-01-17T04:42:53.950+0800: 7.016: [scrub symbol table, 0.0048735 secs]2023-01-17T04:42:53.955+0800: 7.021: [scrub string table, 0.0008233 secs][1 CMS-remark: 94637K(134144K)] 173763K(249344K), 0.0394830 secs] [Times: user=0.10 sys=0.00, real=0.04 secs] 
2023-01-17T04:42:53.958+0800: 7.025: [CMS-concurrent-sweep-start]
2023-01-17T04:42:53.980+0800: 7.046: [CMS-concurrent-sweep: 0.022/0.022 secs] [Times: user=0.09 sys=0.00, real=0.03 secs] 
2023-01-17T04:42:53.980+0800: 7.047: [CMS-concurrent-reset-start]
2023-01-17T04:42:53.982+0800: 7.048: [CMS-concurrent-reset: 0.001/0.001 secs] [Times: user=0.01 sys=0.00, real=0.00 secs] 
{Heap before GC invocations=16 (full 1):
 par new generation   total 115200K, used 115200K [0x00000000f0000000, 0x00000000f7d00000, 0x00000000f7d00000)
  eden space 102400K, 100% used [0x00000000f0000000, 0x00000000f6400000, 0x00000000f6400000)
  from space 12800K, 100% used [0x00000000f6400000, 0x00000000f7080000, 0x00000000f7080000)
  to   space 12800K,   0% used [0x00000000f7080000, 0x00000000f7080000, 0x00000000f7d00000)
 concurrent mark-sweep generation total 134144K, used 91991K [0x00000000f7d00000, 0x0000000100000000, 0x0000000100000000)
 Metaspace       used 47628K, capacity 50506K, committed 50816K, reserved 1093632K
  class space    used 5943K, capacity 6441K, committed 6528K, reserved 1048576K
2023-01-17T04:42:54.186+0800: 7.252: [GC (Allocation Failure) 2023-01-17T04:42:54.186+0800: 7.252: [ParNew: 115200K->115200K(115200K), 0.0000246 secs]2023-01-17T04:42:54.186+0800: 7.252: [CMS: 91991K->132922K(134144K), 0.3177397 secs] 207191K->132922K(249344K), [Metaspace: 47628K->47628K(1093632K)], 0.3181862 secs] [Times: user=0.32 sys=0.04, real=0.32 secs] 
Heap after GC invocations=17 (full 2):
 par new generation   total 115200K, used 0K [0x00000000f0000000, 0x00000000f7d00000, 0x00000000f7d00000)
  eden space 102400K,   0% used [0x00000000f0000000, 0x00000000f0000000, 0x00000000f6400000)
  from space 12800K,   0% used [0x00000000f6400000, 0x00000000f6400000, 0x00000000f7080000)
  to   space 12800K,   0% used [0x00000000f7080000, 0x00000000f7080000, 0x00000000f7d00000)
 concurrent mark-sweep generation total 134144K, used 132922K [0x00000000f7d00000, 0x0000000100000000, 0x0000000100000000)
 Metaspace       used 47550K, capacity 50344K, committed 50816K, reserved 1093632K
  class space    used 5926K, capacity 6412K, committed 6528K, reserved 1048576K
}
2023-01-17T04:42:54.508+0800: 7.574: [GC (CMS Initial Mark) [1 CMS-initial-mark: 132922K(134144K)] 133499K(249344K), 0.0073312 secs] [Times: user=0.02 sys=0.00, real=0.01 secs] 
2023-01-17T04:42:54.516+0800: 7.582: [CMS-concurrent-mark-start]
2023-01-17T04:42:54.610+0800: 7.677: [CMS-concurrent-mark: 0.080/0.095 secs] [Times: user=0.26 sys=0.00, real=0.10 secs] 
2023-01-17T04:42:54.610+0800: 7.677: [CMS-concurrent-preclean-start]
2023-01-17T04:42:54.612+0800: 7.679: [CMS-concurrent-preclean: 0.002/0.002 secs] [Times: user=0.00 sys=0.00, real=0.00 secs] 
2023-01-17T04:42:54.612+0800: 7.679: [CMS-concurrent-abortable-preclean-start]
2023-01-17T04:42:54.612+0800: 7.679: [CMS-concurrent-abortable-preclean: 0.000/0.000 secs] [Times: user=0.00 sys=0.00, real=0.00 secs] 
2023-01-17T04:42:54.618+0800: 7.684: [GC (CMS Final Remark) [YG occupancy: 3308 K (115200 K)]2023-01-17T04:42:54.618+0800: 7.684: [Rescan (parallel) , 0.0102494 secs]2023-01-17T04:42:54.628+0800: 7.695: [weak refs processing, 0.0000544 secs]2023-01-17T04:42:54.628+0800: 7.695: [class unloading, 0.0173351 secs]2023-01-17T04:42:54.646+0800: 7.712: [scrub symbol table, 0.0081502 secs]2023-01-17T04:42:54.654+0800: 7.720: [scrub string table, 0.0012163 secs][1 CMS-remark: 132922K(134144K)] 136231K(249344K), 0.0371652 secs] [Times: user=0.06 sys=0.00, real=0.04 secs] 
2023-01-17T04:42:54.656+0800: 7.722: [CMS-concurrent-sweep-start]
2023-01-17T04:42:54.680+0800: 7.746: [CMS-concurrent-sweep: 0.025/0.025 secs] [Times: user=0.06 sys=0.00, real=0.03 secs] 
2023-01-17T04:42:54.680+0800: 7.747: [CMS-concurrent-reset-start]
2023-01-17T04:42:54.681+0800: 7.747: [CMS-concurrent-reset: 0.000/0.000 secs] [Times: user=0.00 sys=0.00, real=0.00 secs] 
{Heap before GC invocations=17 (full 3):
 par new generation   total 115200K, used 102400K [0x00000000f0000000, 0x00000000f7d00000, 0x00000000f7d00000)
  eden space 102400K, 100% used [0x00000000f0000000, 0x00000000f6400000, 0x00000000f6400000)
  from space 12800K,   0% used [0x00000000f6400000, 0x00000000f6400000, 0x00000000f7080000)
  to   space 12800K,   0% used [0x00000000f7080000, 0x00000000f7080000, 0x00000000f7d00000)
 concurrent mark-sweep generation total 134144K, used 132606K [0x00000000f7d00000, 0x0000000100000000, 0x0000000100000000)
 Metaspace       used 50469K, capacity 53530K, committed 53760K, reserved 1095680K
  class space    used 6332K, capacity 6867K, committed 6912K, reserved 1048576K
2023-01-17T04:42:55.356+0800: 8.423: [GC (Allocation Failure) 2023-01-17T04:42:55.356+0800: 8.423: [ParNew: 102400K->102400K(115200K), 0.0000341 secs]2023-01-17T04:42:55.357+0800: 8.423: [CMS: 132606K->134136K(134144K), 0.2224624 secs] 235006K->138248K(249344K), [Metaspace: 50469K->50469K(1095680K)], 0.2228980 secs] [Times: user=0.22 sys=0.00, real=0.22 secs] 
Heap after GC invocations=18 (full 4):
 par new generation   total 115200K, used 4112K [0x00000000f0000000, 0x00000000f7d00000, 0x00000000f7d00000)
  eden space 102400K,   4% used [0x00000000f0000000, 0x00000000f04042f0, 0x00000000f6400000)
  from space 12800K,   0% used [0x00000000f6400000, 0x00000000f6400000, 0x00000000f7080000)
  to   space 12800K,   0% used [0x00000000f7080000, 0x00000000f7080000, 0x00000000f7d00000)
 concurrent mark-sweep generation total 134144K, used 134136K [0x00000000f7d00000, 0x0000000100000000, 0x0000000100000000)
 Metaspace       used 50445K, capacity 53476K, committed 53760K, reserved 1095680K
  class space    used 6327K, capacity 6858K, committed 6912K, reserved 1048576K
}
2023-01-17T04:42:55.617+0800: 8.683: [GC (CMS Initial Mark) [1 CMS-initial-mark: 134136K(134144K)] 156315K(249344K), 0.0112627 secs] [Times: user=0.04 sys=0.00, real=0.01 secs] 
2023-01-17T04:42:55.633+0800: 8.699: [CMS-concurrent-mark-start]
2023-01-17T04:42:55.998+0800: 9.065: [CMS-concurrent-mark: 0.204/0.366 secs] [Times: user=0.90 sys=0.02, real=0.36 secs] 
2023-01-17T04:42:55.999+0800: 9.065: [CMS-concurrent-preclean-start]
2023-01-17T04:42:56.321+0800: 9.387: [CMS-concurrent-preclean: 0.295/0.322 secs] [Times: user=1.18 sys=0.03, real=0.33 secs] 
2023-01-17T04:42:56.321+0800: 9.387: [CMS-concurrent-abortable-preclean-start]
2023-01-17T04:42:56.321+0800: 9.387: [CMS-concurrent-abortable-preclean: 0.000/0.000 secs] [Times: user=0.00 sys=0.00, real=0.00 secs] 
2023-01-17T04:42:56.377+0800: 9.444: [GC (CMS Final Remark) [YG occupancy: 103332 K (115200 K)]2023-01-17T04:42:56.377+0800: 9.444: [Rescan (parallel) , 0.0324855 secs]2023-01-17T04:42:56.410+0800: 9.476: [weak refs processing, 0.0000466 secs]2023-01-17T04:42:56.410+0800: 9.476: [class unloading, 0.0135487 secs]2023-01-17T04:42:56.424+0800: 9.490: [scrub symbol table, 0.0051235 secs]2023-01-17T04:42:56.429+0800: 9.495: [scrub string table, 0.0008758 secs][1 CMS-remark: 134136K(134144K)] 237468K(249344K), 0.0523474 secs] [Times: user=0.14 sys=0.00, real=0.06 secs] 
2023-01-17T04:42:56.432+0800: 9.498: [CMS-concurrent-sweep-start]
2023-01-17T04:42:56.455+0800: 9.522: [CMS-concurrent-sweep: 0.024/0.024 secs] [Times: user=0.09 sys=0.00, real=0.02 secs] 
2023-01-17T04:42:56.456+0800: 9.522: [CMS-concurrent-reset-start]
2023-01-17T04:42:56.456+0800: 9.522: [CMS-concurrent-reset: 0.000/0.000 secs] [Times: user=0.00 sys=0.00, real=0.00 secs] 
{Heap before GC invocations=18 (full 5):
 par new generation   total 115200K, used 115199K [0x00000000f0000000, 0x00000000f7d00000, 0x00000000f7d00000)
  eden space 102400K, 100% used [0x00000000f0000000, 0x00000000f6400000, 0x00000000f6400000)
  from space 12800K,  99% used [0x00000000f6400000, 0x00000000f707fff0, 0x00000000f7080000)
  to   space 12800K,   0% used [0x00000000f7080000, 0x00000000f7080000, 0x00000000f7d00000)
 concurrent mark-sweep generation total 134144K, used 133787K [0x00000000f7d00000, 0x0000000100000000, 0x0000000100000000)
 Metaspace       used 50911K, capacity 53974K, committed 54272K, reserved 1097728K
  class space    used 6331K, capacity 6861K, committed 6912K, reserved 1048576K
2023-01-17T04:42:56.608+0800: 9.675: [GC (Allocation Failure) 2023-01-17T04:42:56.609+0800: 9.675: [ParNew: 115199K->115199K(115200K), 0.0000358 secs]2023-01-17T04:42:56.609+0800: 9.675: [CMS: 133787K->134096K(134144K), 0.2495255 secs] 248987K->139086K(249344K), [Metaspace: 50911K->50911K(1097728K)], 0.2499743 secs] [Times: user=0.27 sys=0.00, real=0.25 secs] 
Heap after GC invocations=19 (full 6):
 par new generation   total 115200K, used 4989K [0x00000000f0000000, 0x00000000f7d00000, 0x00000000f7d00000)
  eden space 102400K,   4% used [0x00000000f0000000, 0x00000000f04df730, 0x00000000f6400000)
  from space 12800K,   0% used [0x00000000f6400000, 0x00000000f6400000, 0x00000000f7080000)
  to   space 12800K,   0% used [0x00000000f7080000, 0x00000000f7080000, 0x00000000f7d00000)
 concurrent mark-sweep generation total 134144K, used 134096K [0x00000000f7d00000, 0x0000000100000000, 0x0000000100000000)
 Metaspace       used 50894K, capacity 53920K, committed 54272K, reserved 1097728K
  class space    used 6326K, capacity 6852K, committed 6912K, reserved 1048576K
}
2023-01-17T04:42:56.867+0800: 9.933: [GC (CMS Initial Mark) [1 CMS-initial-mark: 134096K(134144K)] 139704K(249344K), 0.0146362 secs] [Times: user=0.03 sys=0.00, real=0.02 secs] 
2023-01-17T04:42:56.882+0800: 9.948: [CMS-concurrent-mark-start]
2023-01-17T04:42:57.536+0800: 10.603: [CMS-concurrent-mark: 0.554/0.654 secs] [Times: user=2.02 sys=0.10, real=0.65 secs] 
2023-01-17T04:42:57.536+0800: 10.603: [CMS-concurrent-preclean-start]
{Heap before GC invocations=19 (full 7):
 par new generation   total 115200K, used 115199K [0x00000000f0000000, 0x00000000f7d00000, 0x00000000f7d00000)
  eden space 102400K, 100% used [0x00000000f0000000, 0x00000000f6400000, 0x00000000f6400000)
  from space 12800K,  99% used [0x00000000f6400000, 0x00000000f707fff8, 0x00000000f7080000)
  to   space 12800K,   0% used [0x00000000f7080000, 0x00000000f7080000, 0x00000000f7d00000)
 concurrent mark-sweep generation total 134144K, used 134144K [0x00000000f7d00000, 0x0000000100000000, 0x0000000100000000)
 Metaspace       used 51325K, capacity 54372K, committed 54528K, reserved 1097728K
  class space    used 6326K, capacity 6852K, committed 6912K, reserved 1048576K
2023-01-17T04:42:57.553+0800: 10.619: [Full GC (Allocation Failure) 2023-01-17T04:42:57.553+0800: 10.619: [CMS2023-01-17T04:42:57.607+0800: 10.673: [CMS-concurrent-preclean: 0.036/0.070 secs] [Times: user=0.10 sys=0.00, real=0.07 secs] 
 (concurrent mode failure): 134144K->134017K(134144K), 0.2617546 secs] 249343K->139551K(249344K), [Metaspace: 51325K->51325K(1097728K)], 0.2621709 secs] [Times: user=0.27 sys=0.00, real=0.26 secs] 
Heap after GC invocations=20 (full 8):
 par new generation   total 115200K, used 5534K [0x00000000f0000000, 0x00000000f7d00000, 0x00000000f7d00000)
  eden space 102400K,   5% used [0x00000000f0000000, 0x00000000f0567a40, 0x00000000f6400000)
  from space 12800K,   0% used [0x00000000f6400000, 0x00000000f6400000, 0x00000000f7080000)
  to   space 12800K,   0% used [0x00000000f7080000, 0x00000000f7080000, 0x00000000f7d00000)
 concurrent mark-sweep generation total 134144K, used 134017K [0x00000000f7d00000, 0x0000000100000000, 0x0000000100000000)
 Metaspace       used 51325K, capacity 54372K, committed 54528K, reserved 1097728K
  class space    used 6326K, capacity 6852K, committed 6912K, reserved 1048576K
}
{Heap before GC invocations=20 (full 8):
 par new generation   total 115200K, used 115199K [0x00000000f0000000, 0x00000000f7d00000, 0x00000000f7d00000)
  eden space 102400K, 100% used [0x00000000f0000000, 0x00000000f6400000, 0x00000000f6400000)
  from space 12800K,  99% used [0x00000000f6400000, 0x00000000f707fff8, 0x00000000f7080000)
  to   space 12800K,   0% used [0x00000000f7080000, 0x00000000f7080000, 0x00000000f7d00000)
 concurrent mark-sweep generation total 134144K, used 134143K [0x00000000f7d00000, 0x0000000100000000, 0x0000000100000000)
 Metaspace       used 51547K, capacity 54564K, committed 54784K, reserved 1097728K
  class space    used 6326K, capacity 6852K, committed 6912K, reserved 1048576K
2023-01-17T04:42:58.474+0800: 11.541: [Full GC (Allocation Failure) 2023-01-17T04:42:58.475+0800: 11.541: [CMS: 134143K->134075K(134144K), 0.2385878 secs] 249343K->140123K(249344K), [Metaspace: 51547K->51547K(1097728K)], 0.2390275 secs] [Times: user=0.24 sys=0.00, real=0.24 secs] 
Heap after GC invocations=21 (full 9):
 par new generation   total 115200K, used 6047K [0x00000000f0000000, 0x00000000f7d00000, 0x00000000f7d00000)
  eden space 102400K,   5% used [0x00000000f0000000, 0x00000000f05e7f70, 0x00000000f6400000)
  from space 12800K,   0% used [0x00000000f6400000, 0x00000000f6400000, 0x00000000f7080000)
  to   space 12800K,   0% used [0x00000000f7080000, 0x00000000f7080000, 0x00000000f7d00000)
 concurrent mark-sweep generation total 134144K, used 134075K [0x00000000f7d00000, 0x0000000100000000, 0x0000000100000000)
 Metaspace       used 51547K, capacity 54564K, committed 54784K, reserved 1097728K
  class space    used 6326K, capacity 6852K, committed 6912K, reserved 1048576K
}
2023-01-17T04:42:58.722+0800: 11.789: [GC (CMS Initial Mark) [1 CMS-initial-mark: 134075K(134144K)] 140757K(249344K), 0.0091704 secs] [Times: user=0.03 sys=0.00, real=0.01 secs] 
2023-01-17T04:42:58.732+0800: 11.798: [CMS-concurrent-mark-start]
{Heap before GC invocations=21 (full 10):
 par new generation   total 115200K, used 115200K [0x00000000f0000000, 0x00000000f7d00000, 0x00000000f7d00000)
  eden space 102400K, 100% used [0x00000000f0000000, 0x00000000f6400000, 0x00000000f6400000)
  from space 12800K, 100% used [0x00000000f6400000, 0x00000000f7080000, 0x00000000f7080000)
  to   space 12800K,   0% used [0x00000000f7080000, 0x00000000f7080000, 0x00000000f7d00000)
 concurrent mark-sweep generation total 134144K, used 134123K [0x00000000f7d00000, 0x0000000100000000, 0x0000000100000000)
 Metaspace       used 51615K, capacity 54628K, committed 54784K, reserved 1097728K
  class space    used 6326K, capacity 6852K, committed 6912K, reserved 1048576K
2023-01-17T04:42:59.234+0800: 12.301: [Full GC (Allocation Failure) 2023-01-17T04:42:59.235+0800: 12.301: [CMS2023-01-17T04:42:59.267+0800: 12.334: [CMS-concurrent-mark: 0.485/0.536 secs] [Times: user=1.75 sys=0.10, real=0.53 secs] 
 (concurrent mode failure): 134123K->134143K(134144K), 0.2457300 secs] 249323K->140322K(249344K), [Metaspace: 51615K->51615K(1097728K)], 0.2462233 secs] [Times: user=0.27 sys=0.00, real=0.25 secs] 
Heap after GC invocations=22 (full 11):
 par new generation   total 115200K, used 6178K [0x00000000f0000000, 0x00000000f7d00000, 0x00000000f7d00000)
  eden space 102400K,   6% used [0x00000000f0000000, 0x00000000f0608b70, 0x00000000f6400000)
  from space 12800K,   0% used [0x00000000f6400000, 0x00000000f6400000, 0x00000000f7080000)
  to   space 12800K,   0% used [0x00000000f7080000, 0x00000000f7080000, 0x00000000f7d00000)
 concurrent mark-sweep generation total 134144K, used 134143K [0x00000000f7d00000, 0x0000000100000000, 0x0000000100000000)
 Metaspace       used 51615K, capacity 54628K, committed 54784K, reserved 1097728K
  class space    used 6326K, capacity 6852K, committed 6912K, reserved 1048576K
}
{Heap before GC invocations=22 (full 11):
 par new generation   total 115200K, used 115199K [0x00000000f0000000, 0x00000000f7d00000, 0x00000000f7d00000)
  eden space 102400K, 100% used [0x00000000f0000000, 0x00000000f6400000, 0x00000000f6400000)
  from space 12800K,  99% used [0x00000000f6400000, 0x00000000f707fff8, 0x00000000f7080000)
  to   space 12800K,   0% used [0x00000000f7080000, 0x00000000f7080000, 0x00000000f7d00000)
 concurrent mark-sweep generation total 134144K, used 134144K [0x00000000f7d00000, 0x0000000100000000, 0x0000000100000000)
 Metaspace       used 51855K, capacity 54916K, committed 55040K, reserved 1097728K
  class space    used 6357K, capacity 6898K, committed 6912K, reserved 1048576K
2023-01-17T04:42:59.868+0800: 12.934: [Full GC (Allocation Failure) 2023-01-17T04:42:59.868+0800: 12.934: [CMS: 134144K->134143K(134144K), 0.3003326 secs] 249343K->141110K(249344K), [Metaspace: 51855K->51855K(1097728K)], 0.3007736 secs] [Times: user=0.34 sys=0.00, real=0.30 secs] 
Heap after GC invocations=23 (full 12):
 par new generation   total 115200K, used 6966K [0x00000000f0000000, 0x00000000f7d00000, 0x00000000f7d00000)
  eden space 102400K,   6% used [0x00000000f0000000, 0x00000000f06cdb78, 0x00000000f6400000)
  from space 12800K,   0% used [0x00000000f6400000, 0x00000000f6400000, 0x00000000f7080000)
  to   space 12800K,   0% used [0x00000000f7080000, 0x00000000f7080000, 0x00000000f7d00000)
 concurrent mark-sweep generation total 134144K, used 134143K [0x00000000f7d00000, 0x0000000100000000, 0x0000000100000000)
 Metaspace       used 51855K, capacity 54916K, committed 55040K, reserved 1097728K
  class space    used 6357K, capacity 6898K, committed 6912K, reserved 1048576K
}
2023-01-17T04:43:00.175+0800: 13.241: [GC (CMS Initial Mark) [1 CMS-initial-mark: 134143K(134144K)] 141246K(249344K), 0.0088780 secs] [Times: user=0.03 sys=0.00, real=0.01 secs] 
2023-01-17T04:43:00.184+0800: 13.251: [CMS-concurrent-mark-start]
2023-01-17T04:43:00.291+0800: 13.357: [CMS-concurrent-mark: 0.106/0.106 secs] [Times: user=0.41 sys=0.01, real=0.11 secs] 
2023-01-17T04:43:00.291+0800: 13.357: [CMS-concurrent-preclean-start]
2023-01-17T04:43:00.344+0800: 13.411: [CMS-concurrent-preclean: 0.053/0.053 secs] [Times: user=0.20 sys=0.02, real=0.05 secs] 
2023-01-17T04:43:00.344+0800: 13.411: [CMS-concurrent-abortable-preclean-start]
2023-01-17T04:43:00.344+0800: 13.411: [CMS-concurrent-abortable-preclean: 0.000/0.000 secs] [Times: user=0.00 sys=0.00, real=0.00 secs] 
2023-01-17T04:43:00.405+0800: 13.471: [GC (CMS Final Remark) [YG occupancy: 68582 K (115200 K)]2023-01-17T04:43:00.405+0800: 13.471: [Rescan (parallel) , 0.0213242 secs]2023-01-17T04:43:00.426+0800: 13.492: [weak refs processing, 0.0000499 secs]2023-01-17T04:43:00.426+0800: 13.493: [class unloading, 0.0159012 secs]2023-01-17T04:43:00.442+0800: 13.508: [scrub symbol table, 0.0050559 secs]2023-01-17T04:43:00.447+0800: 13.514: [scrub string table, 0.0008908 secs][1 CMS-remark: 134143K(134144K)] 202726K(249344K), 0.0437062 secs] [Times: user=0.11 sys=0.00, real=0.04 secs] 
2023-01-17T04:43:00.450+0800: 13.516: [CMS-concurrent-sweep-start]
2023-01-17T04:43:00.483+0800: 13.549: [CMS-concurrent-sweep: 0.032/0.032 secs] [Times: user=0.13 sys=0.01, real=0.03 secs] 
2023-01-17T04:43:00.483+0800: 13.550: [CMS-concurrent-reset-start]
2023-01-17T04:43:00.484+0800: 13.550: [CMS-concurrent-reset: 0.000/0.000 secs] [Times: user=0.00 sys=0.00, real=0.00 secs] 
{Heap before GC invocations=23 (full 13):
 par new generation   total 115200K, used 115199K [0x00000000f0000000, 0x00000000f7d00000, 0x00000000f7d00000)
  eden space 102400K, 100% used [0x00000000f0000000, 0x00000000f6400000, 0x00000000f6400000)
  from space 12800K,  99% used [0x00000000f6400000, 0x00000000f707fff8, 0x00000000f7080000)
  to   space 12800K,   0% used [0x00000000f7080000, 0x00000000f7080000, 0x00000000f7d00000)
 concurrent mark-sweep generation total 134144K, used 134139K [0x00000000f7d00000, 0x0000000100000000, 0x0000000100000000)
 Metaspace       used 51956K, capacity 54984K, committed 55040K, reserved 1097728K
  class space    used 6362K, capacity 6900K, committed 6912K, reserved 1048576K
2023-01-17T04:43:00.651+0800: 13.717: [GC (Allocation Failure) 2023-01-17T04:43:00.651+0800: 13.718: [ParNew: 115199K->115199K(115200K), 0.0000264 secs]2023-01-17T04:43:00.651+0800: 13.718: [CMS: 134139K->134143K(134144K), 0.2455597 secs] 249339K->141208K(249344K), [Metaspace: 51956K->51956K(1097728K)], 0.2459999 secs] [Times: user=0.25 sys=0.00, real=0.24 secs] 
Heap after GC invocations=24 (full 14):
 par new generation   total 115200K, used 7064K [0x00000000f0000000, 0x00000000f7d00000, 0x00000000f7d00000)
  eden space 102400K,   6% used [0x00000000f0000000, 0x00000000f06e6070, 0x00000000f6400000)
  from space 12800K,   0% used [0x00000000f6400000, 0x00000000f6400000, 0x00000000f7080000)
  to   space 12800K,   0% used [0x00000000f7080000, 0x00000000f7080000, 0x00000000f7d00000)
 concurrent mark-sweep generation total 134144K, used 134143K [0x00000000f7d00000, 0x0000000100000000, 0x0000000100000000)
 Metaspace       used 51956K, capacity 54984K, committed 55040K, reserved 1097728K
  class space    used 6362K, capacity 6900K, committed 6912K, reserved 1048576K
}
2023-01-17T04:43:00.904+0800: 13.971: [GC (CMS Initial Mark) [1 CMS-initial-mark: 134143K(134144K)] 141352K(249344K), 0.0084958 secs] [Times: user=0.03 sys=0.00, real=0.01 secs] 
2023-01-17T04:43:00.913+0800: 13.980: [CMS-concurrent-mark-start]
2023-01-17T04:43:01.006+0800: 14.072: [CMS-concurrent-mark: 0.092/0.092 secs] [Times: user=0.35 sys=0.02, real=0.09 secs] 
2023-01-17T04:43:01.006+0800: 14.072: [CMS-concurrent-preclean-start]
2023-01-17T04:43:01.060+0800: 14.127: [CMS-concurrent-preclean: 0.054/0.054 secs] [Times: user=0.19 sys=0.01, real=0.06 secs] 
2023-01-17T04:43:01.060+0800: 14.127: [CMS-concurrent-abortable-preclean-start]
2023-01-17T04:43:01.060+0800: 14.127: [CMS-concurrent-abortable-preclean: 0.000/0.000 secs] [Times: user=0.00 sys=0.00, real=0.00 secs] 
2023-01-17T04:43:01.130+0800: 14.196: [GC (CMS Final Remark) [YG occupancy: 85004 K (115200 K)]2023-01-17T04:43:01.130+0800: 14.196: [Rescan (parallel) , 0.0337529 secs]2023-01-17T04:43:01.164+0800: 14.230: [weak refs processing, 0.0000644 secs]2023-01-17T04:43:01.164+0800: 14.230: [class unloading, 0.0213908 secs]2023-01-17T04:43:01.185+0800: 14.251: [scrub symbol table, 0.0052036 secs]2023-01-17T04:43:01.190+0800: 14.257: [scrub string table, 0.0009204 secs][1 CMS-remark: 134143K(134144K)] 219148K(249344K), 0.0618527 secs] [Times: user=0.13 sys=0.00, real=0.06 secs] 
2023-01-17T04:43:01.192+0800: 14.258: [CMS-concurrent-sweep-start]
2023-01-17T04:43:01.211+0800: 14.278: [CMS-concurrent-sweep: 0.019/0.019 secs] [Times: user=0.06 sys=0.00, real=0.02 secs] 
2023-01-17T04:43:01.212+0800: 14.278: [CMS-concurrent-reset-start]
2023-01-17T04:43:01.212+0800: 14.278: [CMS-concurrent-reset: 0.000/0.000 secs] [Times: user=0.00 sys=0.00, real=0.00 secs] 
{Heap before GC invocations=24 (full 15):
 par new generation   total 115200K, used 115200K [0x00000000f0000000, 0x00000000f7d00000, 0x00000000f7d00000)
  eden space 102400K, 100% used [0x00000000f0000000, 0x00000000f6400000, 0x00000000f6400000)
  from space 12800K, 100% used [0x00000000f6400000, 0x00000000f7080000, 0x00000000f7080000)
  to   space 12800K,   0% used [0x00000000f7080000, 0x00000000f7080000, 0x00000000f7d00000)
 concurrent mark-sweep generation total 134144K, used 134130K [0x00000000f7d00000, 0x0000000100000000, 0x0000000100000000)
 Metaspace       used 51967K, capacity 54984K, committed 55040K, reserved 1097728K
  class space    used 6362K, capacity 6900K, committed 6912K, reserved 1048576K
2023-01-17T04:43:01.341+0800: 14.407: [GC (Allocation Failure) 2023-01-17T04:43:01.341+0800: 14.407: [ParNew: 115200K->115200K(115200K), 0.0000250 secs]2023-01-17T04:43:01.341+0800: 14.407: [CMS: 134130K->134143K(134144K), 0.2478268 secs] 249330K->141555K(249344K), [Metaspace: 51967K->51967K(1097728K)], 0.2482910 secs] [Times: user=0.25 sys=0.00, real=0.24 secs] 
Heap after GC invocations=25 (full 16):
 par new generation   total 115200K, used 7411K [0x00000000f0000000, 0x00000000f7d00000, 0x00000000f7d00000)
  eden space 102400K,   7% used [0x00000000f0000000, 0x00000000f073cf08, 0x00000000f6400000)
  from space 12800K,   0% used [0x00000000f6400000, 0x00000000f6400000, 0x00000000f7080000)
  to   space 12800K,   0% used [0x00000000f7080000, 0x00000000f7080000, 0x00000000f7d00000)
 concurrent mark-sweep generation total 134144K, used 134143K [0x00000000f7d00000, 0x0000000100000000, 0x0000000100000000)
 Metaspace       used 51967K, capacity 54984K, committed 55040K, reserved 1097728K
  class space    used 6362K, capacity 6900K, committed 6912K, reserved 1048576K
}
2023-01-17T04:43:01.599+0800: 14.665: [GC (CMS Initial Mark) [1 CMS-initial-mark: 134143K(134144K)] 142696K(249344K), 0.0094624 secs] [Times: user=0.03 sys=0.00, real=0.01 secs] 
2023-01-17T04:43:01.609+0800: 14.675: [CMS-concurrent-mark-start]
2023-01-17T04:43:01.699+0800: 14.765: [CMS-concurrent-mark: 0.090/0.090 secs] [Times: user=0.33 sys=0.03, real=0.09 secs] 
2023-01-17T04:43:01.699+0800: 14.765: [CMS-concurrent-preclean-start]
2023-01-17T04:43:01.764+0800: 14.830: [CMS-concurrent-preclean: 0.065/0.065 secs] [Times: user=0.23 sys=0.02, real=0.07 secs] 
2023-01-17T04:43:01.764+0800: 14.830: [CMS-concurrent-abortable-preclean-start]
2023-01-17T04:43:01.764+0800: 14.830: [CMS-concurrent-abortable-preclean: 0.000/0.000 secs] [Times: user=0.00 sys=0.00, real=0.00 secs] 
2023-01-17T04:43:01.780+0800: 14.846: [GC (CMS Final Remark) [YG occupancy: 73978 K (115200 K)]2023-01-17T04:43:01.780+0800: 14.846: [Rescan (parallel) , 0.0303703 secs]2023-01-17T04:43:01.810+0800: 14.877: [weak refs processing, 0.0000697 secs]2023-01-17T04:43:01.811+0800: 14.877: [class unloading, 0.0169899 secs]2023-01-17T04:43:01.828+0800: 14.894: [scrub symbol table, 0.0051357 secs]2023-01-17T04:43:01.833+0800: 14.899: [scrub string table, 0.0009072 secs][1 CMS-remark: 134143K(134144K)] 208122K(249344K), 0.0539702 secs] [Times: user=0.14 sys=0.00, real=0.05 secs] 
2023-01-17T04:43:01.834+0800: 14.901: [CMS-concurrent-sweep-start]
2023-01-17T04:43:01.857+0800: 14.923: [CMS-concurrent-sweep: 0.023/0.023 secs] [Times: user=0.09 sys=0.00, real=0.02 secs] 
2023-01-17T04:43:01.858+0800: 14.924: [CMS-concurrent-reset-start]
2023-01-17T04:43:01.858+0800: 14.924: [CMS-concurrent-reset: 0.000/0.000 secs] [Times: user=0.00 sys=0.00, real=0.00 secs] 
{Heap before GC invocations=25 (full 17):
 par new generation   total 115200K, used 115200K [0x00000000f0000000, 0x00000000f7d00000, 0x00000000f7d00000)
  eden space 102400K, 100% used [0x00000000f0000000, 0x00000000f6400000, 0x00000000f6400000)
  from space 12800K, 100% used [0x00000000f6400000, 0x00000000f7080000, 0x00000000f7080000)
  to   space 12800K,   0% used [0x00000000f7080000, 0x00000000f7080000, 0x00000000f7d00000)
 concurrent mark-sweep generation total 134144K, used 134129K [0x00000000f7d00000, 0x0000000100000000, 0x0000000100000000)
 Metaspace       used 51968K, capacity 54984K, committed 55040K, reserved 1097728K
  class space    used 6362K, capacity 6900K, committed 6912K, reserved 1048576K
2023-01-17T04:43:02.038+0800: 15.104: [GC (Allocation Failure) 2023-01-17T04:43:02.038+0800: 15.105: [ParNew: 115200K->115200K(115200K), 0.0000304 secs]2023-01-17T04:43:02.038+0800: 15.105: [CMS: 134129K->134139K(134144K), 0.2880045 secs] 249329K->142052K(249344K), [Metaspace: 51968K->51968K(1097728K)], 0.2885431 secs] [Times: user=0.39 sys=0.01, real=0.29 secs] 
Heap after GC invocations=26 (full 18):
 par new generation   total 115200K, used 7912K [0x00000000f0000000, 0x00000000f7d00000, 0x00000000f7d00000)
  eden space 102400K,   7% used [0x00000000f0000000, 0x00000000f07ba360, 0x00000000f6400000)
  from space 12800K,   0% used [0x00000000f6400000, 0x00000000f6400000, 0x00000000f7080000)
  to   space 12800K,   0% used [0x00000000f7080000, 0x00000000f7080000, 0x00000000f7d00000)
 concurrent mark-sweep generation total 134144K, used 134139K [0x00000000f7d00000, 0x0000000100000000, 0x0000000100000000)
 Metaspace       used 51968K, capacity 54984K, committed 55040K, reserved 1097728K
  class space    used 6362K, capacity 6900K, committed 6912K, reserved 1048576K
}
2023-01-17T04:43:02.335+0800: 15.402: [GC (CMS Initial Mark) [1 CMS-initial-mark: 134139K(134144K)] 143177K(249344K), 0.0151043 secs] [Times: user=0.03 sys=0.00, real=0.02 secs] 
2023-01-17T04:43:02.351+0800: 15.417: [CMS-concurrent-mark-start]
{Heap before GC invocations=26 (full 19):
 par new generation   total 115200K, used 115200K [0x00000000f0000000, 0x00000000f7d00000, 0x00000000f7d00000)
  eden space 102400K, 100% used [0x00000000f0000000, 0x00000000f6400000, 0x00000000f6400000)
  from space 12800K, 100% used [0x00000000f6400000, 0x00000000f7080000, 0x00000000f7080000)
  to   space 12800K,   0% used [0x00000000f7080000, 0x00000000f7080000, 0x00000000f7d00000)
 concurrent mark-sweep generation total 134144K, used 134143K [0x00000000f7d00000, 0x0000000100000000, 0x0000000100000000)
 Metaspace       used 51977K, capacity 54984K, committed 55040K, reserved 1097728K
  class space    used 6362K, capacity 6900K, committed 6912K, reserved 1048576K
2023-01-17T04:43:02.699+0800: 15.765: [Full GC (Allocation Failure) 2023-01-17T04:43:02.699+0800: 15.765: [CMS2023-01-17T04:43:02.737+0800: 15.803: [CMS-concurrent-mark: 0.351/0.386 secs] [Times: user=1.25 sys=0.11, real=0.38 secs] 
 (concurrent mode failure): 134143K->134143K(134144K), 0.2596192 secs] 249343K->142115K(249344K), [Metaspace: 51977K->51977K(1097728K)], 0.2601262 secs] [Times: user=0.49 sys=0.00, real=0.26 secs] 
Heap after GC invocations=27 (full 20):
 par new generation   total 115200K, used 7971K [0x00000000f0000000, 0x00000000f7d00000, 0x00000000f7d00000)
  eden space 102400K,   7% used [0x00000000f0000000, 0x00000000f07c8e50, 0x00000000f6400000)
  from space 12800K,   0% used [0x00000000f6400000, 0x00000000f6400000, 0x00000000f7080000)
  to   space 12800K,   0% used [0x00000000f7080000, 0x00000000f7080000, 0x00000000f7d00000)
 concurrent mark-sweep generation total 134144K, used 134143K [0x00000000f7d00000, 0x0000000100000000, 0x0000000100000000)
 Metaspace       used 51977K, capacity 54984K, committed 55040K, reserved 1097728K
  class space    used 6362K, capacity 6900K, committed 6912K, reserved 1048576K
}
{Heap before GC invocations=27 (full 20):
 par new generation   total 115200K, used 115199K [0x00000000f0000000, 0x00000000f7d00000, 0x00000000f7d00000)
  eden space 102400K, 100% used [0x00000000f0000000, 0x00000000f6400000, 0x00000000f6400000)
  from space 12800K,  99% used [0x00000000f6400000, 0x00000000f707fff8, 0x00000000f7080000)
  to   space 12800K,   0% used [0x00000000f7080000, 0x00000000f7080000, 0x00000000f7d00000)
 concurrent mark-sweep generation total 134144K, used 134143K [0x00000000f7d00000, 0x0000000100000000, 0x0000000100000000)
 Metaspace       used 51987K, capacity 54988K, committed 55040K, reserved 1097728K
  class space    used 6362K, capacity 6900K, committed 6912K, reserved 1048576K
2023-01-17T04:43:03.301+0800: 16.367: [Full GC (Allocation Failure) 2023-01-17T04:43:03.301+0800: 16.368: [CMS: 134143K->134143K(134144K), 0.2572571 secs] 249343K->142142K(249344K), [Metaspace: 51987K->51987K(1097728K)], 0.2577813 secs] [Times: user=0.54 sys=0.00, real=0.25 secs] 
Heap after GC invocations=28 (full 21):
 par new generation   total 115200K, used 7999K [0x00000000f0000000, 0x00000000f7d00000, 0x00000000f7d00000)
  eden space 102400K,   7% used [0x00000000f0000000, 0x00000000f07cfc18, 0x00000000f6400000)
  from space 12800K,   0% used [0x00000000f6400000, 0x00000000f6400000, 0x00000000f7080000)
  to   space 12800K,   0% used [0x00000000f7080000, 0x00000000f7080000, 0x00000000f7d00000)
 concurrent mark-sweep generation total 134144K, used 134143K [0x00000000f7d00000, 0x0000000100000000, 0x0000000100000000)
 Metaspace       used 51987K, capacity 54988K, committed 55040K, reserved 1097728K
  class space    used 6362K, capacity 6900K, committed 6912K, reserved 1048576K
}
2023-01-17T04:43:03.579+0800: 16.646: [GC (CMS Initial Mark) [1 CMS-initial-mark: 134143K(134144K)] 145301K(249344K), 0.0118856 secs] [Times: user=0.05 sys=0.00, real=0.02 secs] 
2023-01-17T04:43:03.592+0800: 16.658: [CMS-concurrent-mark-start]
2023-01-17T04:43:03.763+0800: 16.829: [CMS-concurrent-mark: 0.171/0.171 secs] [Times: user=0.60 sys=0.04, real=0.17 secs] 
2023-01-17T04:43:03.763+0800: 16.830: [CMS-concurrent-preclean-start]
{Heap before GC invocations=28 (full 22):
 par new generation   total 115200K, used 115200K [0x00000000f0000000, 0x00000000f7d00000, 0x00000000f7d00000)
  eden space 102400K, 100% used [0x00000000f0000000, 0x00000000f6400000, 0x00000000f6400000)
  from space 12800K, 100% used [0x00000000f6400000, 0x00000000f7080000, 0x00000000f7080000)
  to   space 12800K,   0% used [0x00000000f7080000, 0x00000000f7080000, 0x00000000f7d00000)
 concurrent mark-sweep generation total 134144K, used 134143K [0x00000000f7d00000, 0x0000000100000000, 0x0000000100000000)
 Metaspace       used 51987K, capacity 54988K, committed 55040K, reserved 1097728K
  class space    used 6362K, capacity 6900K, committed 6912K, reserved 1048576K
2023-01-17T04:43:03.973+0800: 17.039: [Full GC (Allocation Failure) 2023-01-17T04:43:03.973+0800: 17.040: [CMS2023-01-17T04:43:04.031+0800: 17.098: [CMS-concurrent-preclean: 0.192/0.268 secs] [Times: user=0.76 sys=0.03, real=0.27 secs] 
 (concurrent mode failure): 134143K->134143K(134144K), 0.3128652 secs] 249343K->142157K(249344K), [Metaspace: 51987K->51987K(1097728K)], 0.3134215 secs] [Times: user=0.35 sys=0.00, real=0.31 secs] 
Heap after GC invocations=29 (full 23):
 par new generation   total 115200K, used 8013K [0x00000000f0000000, 0x00000000f7d00000, 0x00000000f7d00000)
  eden space 102400K,   7% used [0x00000000f0000000, 0x00000000f07d3778, 0x00000000f6400000)
  from space 12800K,   0% used [0x00000000f6400000, 0x00000000f6400000, 0x00000000f7080000)
  to   space 12800K,   0% used [0x00000000f7080000, 0x00000000f7080000, 0x00000000f7d00000)
 concurrent mark-sweep generation total 134144K, used 134143K [0x00000000f7d00000, 0x0000000100000000, 0x0000000100000000)
 Metaspace       used 51987K, capacity 54988K, committed 55040K, reserved 1097728K
  class space    used 6362K, capacity 6900K, committed 6912K, reserved 1048576K
}
{Heap before GC invocations=29 (full 23):
 par new generation   total 115200K, used 115199K [0x00000000f0000000, 0x00000000f7d00000, 0x00000000f7d00000)
  eden space 102400K, 100% used [0x00000000f0000000, 0x00000000f6400000, 0x00000000f6400000)
  from space 12800K,  99% used [0x00000000f6400000, 0x00000000f707fff8, 0x00000000f7080000)
  to   space 12800K,   0% used [0x00000000f7080000, 0x00000000f7080000, 0x00000000f7d00000)
 concurrent mark-sweep generation total 134144K, used 134143K [0x00000000f7d00000, 0x0000000100000000, 0x0000000100000000)
 Metaspace       used 51989K, capacity 54988K, committed 55040K, reserved 1097728K
  class space    used 6362K, capacity 6900K, committed 6912K, reserved 1048576K
2023-01-17T04:43:04.663+0800: 17.729: [Full GC (Allocation Failure) 2023-01-17T04:43:04.663+0800: 17.729: [CMS: 134143K->134143K(134144K), 0.2484273 secs] 249343K->142198K(249344K), [Metaspace: 51989K->51989K(1097728K)], 0.2488117 secs] [Times: user=0.26 sys=0.00, real=0.25 secs] 
Heap after GC invocations=30 (full 24):
 par new generation   total 115200K, used 8054K [0x00000000f0000000, 0x00000000f7d00000, 0x00000000f7d00000)
  eden space 102400K,   7% used [0x00000000f0000000, 0x00000000f07dd928, 0x00000000f6400000)
  from space 12800K,   0% used [0x00000000f6400000, 0x00000000f6400000, 0x00000000f7080000)
  to   space 12800K,   0% used [0x00000000f7080000, 0x00000000f7080000, 0x00000000f7d00000)
 concurrent mark-sweep generation total 134144K, used 134143K [0x00000000f7d00000, 0x0000000100000000, 0x0000000100000000)
 Metaspace       used 51989K, capacity 54988K, committed 55040K, reserved 1097728K
  class space    used 6362K, capacity 6900K, committed 6912K, reserved 1048576K
}
2023-01-17T04:43:04.922+0800: 17.989: [GC (CMS Initial Mark) [1 CMS-initial-mark: 134143K(134144K)] 142974K(249344K), 0.0079891 secs] [Times: user=0.03 sys=0.00, real=0.01 secs] 
2023-01-17T04:43:04.931+0800: 17.997: [CMS-concurrent-mark-start]
2023-01-17T04:43:05.229+0800: 18.295: [CMS-concurrent-mark: 0.298/0.298 secs] [Times: user=1.03 sys=0.09, real=0.29 secs] 
2023-01-17T04:43:05.229+0800: 18.295: [CMS-concurrent-preclean-start]
{Heap before GC invocations=30 (full 25):
 par new generation   total 115200K, used 115199K [0x00000000f0000000, 0x00000000f7d00000, 0x00000000f7d00000)
  eden space 102400K, 100% used [0x00000000f0000000, 0x00000000f6400000, 0x00000000f6400000)
  from space 12800K,  99% used [0x00000000f6400000, 0x00000000f707fff0, 0x00000000f7080000)
  to   space 12800K,   0% used [0x00000000f7080000, 0x00000000f7080000, 0x00000000f7d00000)
 concurrent mark-sweep generation total 134144K, used 134143K [0x00000000f7d00000, 0x0000000100000000, 0x0000000100000000)
 Metaspace       used 51993K, capacity 54988K, committed 55040K, reserved 1097728K
  class space    used 6362K, capacity 6900K, committed 6912K, reserved 1048576K
2023-01-17T04:43:05.261+0800: 18.327: [Full GC (Allocation Failure) 2023-01-17T04:43:05.261+0800: 18.327: [CMS2023-01-17T04:43:05.316+0800: 18.382: [CMS-concurrent-preclean: 0.049/0.087 secs] [Times: user=0.20 sys=0.00, real=0.09 secs] 
 (concurrent mode failure): 134143K->134137K(134144K), 0.2849222 secs] 249343K->142201K(249344K), [Metaspace: 51993K->51993K(1097728K)], 0.2853728 secs] [Times: user=0.37 sys=0.00, real=0.28 secs] 
Heap after GC invocations=31 (full 26):
 par new generation   total 115200K, used 8063K [0x00000000f0000000, 0x00000000f7d00000, 0x00000000f7d00000)
  eden space 102400K,   7% used [0x00000000f0000000, 0x00000000f07dfdb8, 0x00000000f6400000)
  from space 12800K,   0% used [0x00000000f6400000, 0x00000000f6400000, 0x00000000f7080000)
  to   space 12800K,   0% used [0x00000000f7080000, 0x00000000f7080000, 0x00000000f7d00000)
 concurrent mark-sweep generation total 134144K, used 134137K [0x00000000f7d00000, 0x0000000100000000, 0x0000000100000000)
 Metaspace       used 51993K, capacity 54988K, committed 55040K, reserved 1097728K
  class space    used 6362K, capacity 6900K, committed 6912K, reserved 1048576K
}
{Heap before GC invocations=31 (full 26):
 par new generation   total 115200K, used 115199K [0x00000000f0000000, 0x00000000f7d00000, 0x00000000f7d00000)
  eden space 102400K, 100% used [0x00000000f0000000, 0x00000000f6400000, 0x00000000f6400000)
  from space 12800K,  99% used [0x00000000f6400000, 0x00000000f707fff8, 0x00000000f7080000)
  to   space 12800K,   0% used [0x00000000f7080000, 0x00000000f7080000, 0x00000000f7d00000)
 concurrent mark-sweep generation total 134144K, used 134141K [0x00000000f7d00000, 0x0000000100000000, 0x0000000100000000)
 Metaspace       used 51993K, capacity 54988K, committed 55040K, reserved 1097728K
  class space    used 6362K, capacity 6900K, committed 6912K, reserved 1048576K
2023-01-17T04:43:05.860+0800: 18.927: [Full GC (Allocation Failure) 2023-01-17T04:43:05.861+0800: 18.927: [CMS: 134141K->134142K(134144K), 0.2475130 secs] 249341K->142192K(249344K), [Metaspace: 51993K->51993K(1097728K)], 0.2479523 secs] [Times: user=0.25 sys=0.00, real=0.24 secs] 
Heap after GC invocations=32 (full 27):
 par new generation   total 115200K, used 8050K [0x00000000f0000000, 0x00000000f7d00000, 0x00000000f7d00000)
  eden space 102400K,   7% used [0x00000000f0000000, 0x00000000f07dcb28, 0x00000000f6400000)
  from space 12800K,   0% used [0x00000000f6400000, 0x00000000f6400000, 0x00000000f7080000)
  to   space 12800K,   0% used [0x00000000f7080000, 0x00000000f7080000, 0x00000000f7d00000)
 concurrent mark-sweep generation total 134144K, used 134142K [0x00000000f7d00000, 0x0000000100000000, 0x0000000100000000)
 Metaspace       used 51993K, capacity 54988K, committed 55040K, reserved 1097728K
  class space    used 6362K, capacity 6900K, committed 6912K, reserved 1048576K
}
2023-01-17T04:43:06.119+0800: 19.185: [GC (CMS Initial Mark) [1 CMS-initial-mark: 134142K(134144K)] 143045K(249344K), 0.0078797 secs] [Times: user=0.03 sys=0.00, real=0.01 secs] 
2023-01-17T04:43:06.127+0800: 19.194: [CMS-concurrent-mark-start]
{Heap before GC invocations=32 (full 28):
 par new generation   total 115200K, used 115200K [0x00000000f0000000, 0x00000000f7d00000, 0x00000000f7d00000)
  eden space 102400K, 100% used [0x00000000f0000000, 0x00000000f6400000, 0x00000000f6400000)
  from space 12800K, 100% used [0x00000000f6400000, 0x00000000f7080000, 0x00000000f7080000)
  to   space 12800K,   0% used [0x00000000f7080000, 0x00000000f7080000, 0x00000000f7d00000)
 concurrent mark-sweep generation total 134144K, used 134143K [0x00000000f7d00000, 0x0000000100000000, 0x0000000100000000)
 Metaspace       used 51993K, capacity 54988K, committed 55040K, reserved 1097728K
  class space    used 6362K, capacity 6900K, committed 6912K, reserved 1048576K
2023-01-17T04:43:06.521+0800: 19.587: [Full GC (Allocation Failure) 2023-01-17T04:43:06.521+0800: 19.587: [CMS2023-01-17T04:43:06.582+0800: 19.648: [CMS-concurrent-mark: 0.402/0.454 secs] [Times: user=1.22 sys=0.11, real=0.46 secs] 
 (concurrent mode failure): 134143K->134143K(134144K), 0.2800372 secs] 249343K->142233K(249344K), [Metaspace: 51993K->51993K(1097728K)], 0.2805516 secs] [Times: user=0.32 sys=0.00, real=0.28 secs] 
Heap after GC invocations=33 (full 29):
 par new generation   total 115200K, used 8089K [0x00000000f0000000, 0x00000000f7d00000, 0x00000000f7d00000)
  eden space 102400K,   7% used [0x00000000f0000000, 0x00000000f07e6438, 0x00000000f6400000)
  from space 12800K,   0% used [0x00000000f6400000, 0x00000000f6400000, 0x00000000f7080000)
  to   space 12800K,   0% used [0x00000000f7080000, 0x00000000f7080000, 0x00000000f7d00000)
 concurrent mark-sweep generation total 134144K, used 134143K [0x00000000f7d00000, 0x0000000100000000, 0x0000000100000000)
 Metaspace       used 51993K, capacity 54988K, committed 55040K, reserved 1097728K
  class space    used 6362K, capacity 6900K, committed 6912K, reserved 1048576K
}
{Heap before GC invocations=33 (full 29):
 par new generation   total 115200K, used 115199K [0x00000000f0000000, 0x00000000f7d00000, 0x00000000f7d00000)
  eden space 102400K, 100% used [0x00000000f0000000, 0x00000000f6400000, 0x00000000f6400000)
  from space 12800K,  99% used [0x00000000f6400000, 0x00000000f707fff8, 0x00000000f7080000)
  to   space 12800K,   0% used [0x00000000f7080000, 0x00000000f7080000, 0x00000000f7d00000)
 concurrent mark-sweep generation total 134144K, used 134143K [0x00000000f7d00000, 0x0000000100000000, 0x0000000100000000)
 Metaspace       used 51993K, capacity 54988K, committed 55040K, reserved 1097728K
  class space    used 6362K, capacity 6900K, committed 6912K, reserved 1048576K
2023-01-17T04:43:07.143+0800: 20.209: [Full GC (Allocation Failure) 2023-01-17T04:43:07.143+0800: 20.209: [CMS: 134143K->134143K(134144K), 0.2464043 secs] 249343K->142243K(249344K), [Metaspace: 51993K->51993K(1097728K)], 0.2469304 secs] [Times: user=0.25 sys=0.00, real=0.25 secs] 
Heap after GC invocations=34 (full 30):
 par new generation   total 115200K, used 8099K [0x00000000f0000000, 0x00000000f7d00000, 0x00000000f7d00000)
  eden space 102400K,   7% used [0x00000000f0000000, 0x00000000f07e8d78, 0x00000000f6400000)
  from space 12800K,   0% used [0x00000000f6400000, 0x00000000f6400000, 0x00000000f7080000)
  to   space 12800K,   0% used [0x00000000f7080000, 0x00000000f7080000, 0x00000000f7d00000)
 concurrent mark-sweep generation total 134144K, used 134143K [0x00000000f7d00000, 0x0000000100000000, 0x0000000100000000)
 Metaspace       used 51993K, capacity 54988K, committed 55040K, reserved 1097728K
  class space    used 6362K, capacity 6900K, committed 6912K, reserved 1048576K
}
2023-01-17T04:43:07.409+0800: 20.475: [GC (CMS Initial Mark) [1 CMS-initial-mark: 134143K(134144K)] 145091K(249344K), 0.0112410 secs] [Times: user=0.04 sys=0.00, real=0.02 secs] 
2023-01-17T04:43:07.421+0800: 20.487: [CMS-concurrent-mark-start]
2023-01-17T04:43:07.848+0800: 20.914: [CMS-concurrent-mark: 0.427/0.427 secs] [Times: user=1.50 sys=0.08, real=0.42 secs] 
2023-01-17T04:43:07.848+0800: 20.914: [CMS-concurrent-preclean-start]
{Heap before GC invocations=34 (full 31):
 par new generation   total 115200K, used 115199K [0x00000000f0000000, 0x00000000f7d00000, 0x00000000f7d00000)
  eden space 102400K, 100% used [0x00000000f0000000, 0x00000000f6400000, 0x00000000f6400000)
  from space 12800K,  99% used [0x00000000f6400000, 0x00000000f707ff40, 0x00000000f7080000)
  to   space 12800K,   0% used [0x00000000f7080000, 0x00000000f7080000, 0x00000000f7d00000)
 concurrent mark-sweep generation total 134144K, used 134143K [0x00000000f7d00000, 0x0000000100000000, 0x0000000100000000)
 Metaspace       used 51993K, capacity 54988K, committed 55040K, reserved 1097728K
  class space    used 6362K, capacity 6900K, committed 6912K, reserved 1048576K
2023-01-17T04:43:07.883+0800: 20.949: [Full GC (Allocation Failure) 2023-01-17T04:43:07.883+0800: 20.950: [CMS2023-01-17T04:43:07.944+0800: 21.010: [CMS-concurrent-preclean: 0.034/0.096 secs] [Times: user=0.12 sys=0.00, real=0.10 secs] 
 (concurrent mode failure): 134143K->134143K(134144K), 0.3066640 secs] 249343K->142224K(249344K), [Metaspace: 51993K->51993K(1097728K)], 0.3070952 secs] [Times: user=0.31 sys=0.00, real=0.31 secs] 
Heap after GC invocations=35 (full 32):
 par new generation   total 115200K, used 8080K [0x00000000f0000000, 0x00000000f7d00000, 0x00000000f7d00000)
  eden space 102400K,   7% used [0x00000000f0000000, 0x00000000f07e4298, 0x00000000f6400000)
  from space 12800K,   0% used [0x00000000f6400000, 0x00000000f6400000, 0x00000000f7080000)
  to   space 12800K,   0% used [0x00000000f7080000, 0x00000000f7080000, 0x00000000f7d00000)
 concurrent mark-sweep generation total 134144K, used 134143K [0x00000000f7d00000, 0x0000000100000000, 0x0000000100000000)
 Metaspace       used 51993K, capacity 54988K, committed 55040K, reserved 1097728K
  class space    used 6362K, capacity 6900K, committed 6912K, reserved 1048576K
}
{Heap before GC invocations=35 (full 32):
 par new generation   total 115200K, used 115200K [0x00000000f0000000, 0x00000000f7d00000, 0x00000000f7d00000)
  eden space 102400K, 100% used [0x00000000f0000000, 0x00000000f6400000, 0x00000000f6400000)
  from space 12800K, 100% used [0x00000000f6400000, 0x00000000f7080000, 0x00000000f7080000)
  to   space 12800K,   0% used [0x00000000f7080000, 0x00000000f7080000, 0x00000000f7d00000)
 concurrent mark-sweep generation total 134144K, used 134144K [0x00000000f7d00000, 0x0000000100000000, 0x0000000100000000)
 Metaspace       used 51995K, capacity 54988K, committed 55040K, reserved 1097728K
  class space    used 6362K, capacity 6900K, committed 6912K, reserved 1048576K
2023-01-17T04:43:08.471+0800: 21.538: [Full GC (Allocation Failure) 2023-01-17T04:43:08.472+0800: 21.538: [CMS: 134144K->134143K(134144K), 0.2590520 secs] 249344K->142252K(249344K), [Metaspace: 51995K->51995K(1097728K)], 0.2594932 secs] [Times: user=0.26 sys=0.00, real=0.26 secs] 
Heap after GC invocations=36 (full 33):
 par new generation   total 115200K, used 8108K [0x00000000f0000000, 0x00000000f7d00000, 0x00000000f7d00000)
  eden space 102400K,   7% used [0x00000000f0000000, 0x00000000f07eb0d0, 0x00000000f6400000)
  from space 12800K,   0% used [0x00000000f6400000, 0x00000000f6400000, 0x00000000f7080000)
  to   space 12800K,   0% used [0x00000000f7080000, 0x00000000f7080000, 0x00000000f7d00000)
 concurrent mark-sweep generation total 134144K, used 134143K [0x00000000f7d00000, 0x0000000100000000, 0x0000000100000000)
 Metaspace       used 51995K, capacity 54988K, committed 55040K, reserved 1097728K
  class space    used 6362K, capacity 6900K, committed 6912K, reserved 1048576K
}
2023-01-17T04:43:08.750+0800: 21.816: [GC (CMS Initial Mark) [1 CMS-initial-mark: 134143K(134144K)] 143428K(249344K), 0.0106900 secs] [Times: user=0.04 sys=0.00, real=0.01 secs] 
2023-01-17T04:43:08.761+0800: 21.827: [CMS-concurrent-mark-start]
2023-01-17T04:43:08.856+0800: 21.922: [CMS-concurrent-mark: 0.095/0.095 secs] [Times: user=0.32 sys=0.02, real=0.09 secs] 
2023-01-17T04:43:08.856+0800: 21.923: [CMS-concurrent-preclean-start]
2023-01-17T04:43:08.907+0800: 21.973: [CMS-concurrent-preclean: 0.050/0.050 secs] [Times: user=0.19 sys=0.01, real=0.05 secs] 
2023-01-17T04:43:08.907+0800: 21.973: [CMS-concurrent-abortable-preclean-start]
2023-01-17T04:43:08.907+0800: 21.973: [CMS-concurrent-abortable-preclean: 0.000/0.000 secs] [Times: user=0.00 sys=0.00, real=0.00 secs] 
2023-01-17T04:43:08.916+0800: 21.982: [GC (CMS Final Remark) [YG occupancy: 48852 K (115200 K)]2023-01-17T04:43:08.916+0800: 21.982: [Rescan (parallel) , 0.0169462 secs]2023-01-17T04:43:08.933+0800: 21.999: [weak refs processing, 0.0000408 secs]2023-01-17T04:43:08.933+0800: 21.999: [class unloading, 0.0170284 secs]2023-01-17T04:43:08.950+0800: 22.017: [scrub symbol table, 0.0050929 secs]2023-01-17T04:43:08.955+0800: 22.022: [scrub string table, 0.0008904 secs][1 CMS-remark: 134143K(134144K)] 182996K(249344K), 0.0403985 secs] [Times: user=0.09 sys=0.00, real=0.04 secs] 
2023-01-17T04:43:08.957+0800: 22.023: [CMS-concurrent-sweep-start]
2023-01-17T04:43:08.976+0800: 22.043: [CMS-concurrent-sweep: 0.020/0.020 secs] [Times: user=0.08 sys=0.00, real=0.02 secs] 
2023-01-17T04:43:08.977+0800: 22.043: [CMS-concurrent-reset-start]
2023-01-17T04:43:08.977+0800: 22.043: [CMS-concurrent-reset: 0.000/0.000 secs] [Times: user=0.00 sys=0.00, real=0.00 secs] 
{Heap before GC invocations=36 (full 34):
 par new generation   total 115200K, used 115199K [0x00000000f0000000, 0x00000000f7d00000, 0x00000000f7d00000)
  eden space 102400K, 100% used [0x00000000f0000000, 0x00000000f6400000, 0x00000000f6400000)
  from space 12800K,  99% used [0x00000000f6400000, 0x00000000f707ffd8, 0x00000000f7080000)
  to   space 12800K,   0% used [0x00000000f7080000, 0x00000000f7080000, 0x00000000f7d00000)
 concurrent mark-sweep generation total 134144K, used 134143K [0x00000000f7d00000, 0x0000000100000000, 0x0000000100000000)
 Metaspace       used 51996K, capacity 54988K, committed 55040K, reserved 1097728K
  class space    used 6362K, capacity 6900K, committed 6912K, reserved 1048576K
2023-01-17T04:43:09.202+0800: 22.268: [GC (Allocation Failure) 2023-01-17T04:43:09.202+0800: 22.269: [ParNew: 115199K->115199K(115200K), 0.0000345 secs]2023-01-17T04:43:09.202+0800: 22.269: [CMS: 134143K->134143K(134144K), 0.3103692 secs] 249343K->142232K(249344K), [Metaspace: 51996K->51996K(1097728K)], 0.3109265 secs] [Times: user=0.48 sys=0.00, real=0.31 secs] 
Heap after GC invocations=37 (full 35):
 par new generation   total 115200K, used 8088K [0x00000000f0000000, 0x00000000f7d00000, 0x00000000f7d00000)
  eden space 102400K,   7% used [0x00000000f0000000, 0x00000000f07e61a8, 0x00000000f6400000)
  from space 12800K,   0% used [0x00000000f6400000, 0x00000000f6400000, 0x00000000f7080000)
  to   space 12800K,   0% used [0x00000000f7080000, 0x00000000f7080000, 0x00000000f7d00000)
 concurrent mark-sweep generation total 134144K, used 134143K [0x00000000f7d00000, 0x0000000100000000, 0x0000000100000000)
 Metaspace       used 51996K, capacity 54988K, committed 55040K, reserved 1097728K
  class space    used 6362K, capacity 6900K, committed 6912K, reserved 1048576K
}
2023-01-17T04:43:09.522+0800: 22.588: [GC (CMS Initial Mark) [1 CMS-initial-mark: 134143K(134144K)] 142411K(249344K), 0.0117161 secs] [Times: user=0.03 sys=0.00, real=0.01 secs] 
2023-01-17T04:43:09.534+0800: 22.600: [CMS-concurrent-mark-start]
2023-01-17T04:43:09.707+0800: 22.773: [CMS-concurrent-mark: 0.173/0.173 secs] [Times: user=0.59 sys=0.06, real=0.17 secs] 
2023-01-17T04:43:09.707+0800: 22.773: [CMS-concurrent-preclean-start]
2023-01-17T04:43:09.806+0800: 22.872: [CMS-concurrent-preclean: 0.099/0.099 secs] [Times: user=0.37 sys=0.02, real=0.10 secs] 
2023-01-17T04:43:09.806+0800: 22.873: [CMS-concurrent-abortable-preclean-start]
2023-01-17T04:43:09.806+0800: 22.873: [CMS-concurrent-abortable-preclean: 0.000/0.000 secs] [Times: user=0.00 sys=0.00, real=0.00 secs] 
2023-01-17T04:43:09.814+0800: 22.880: [GC (CMS Final Remark) [YG occupancy: 110922 K (115200 K)]2023-01-17T04:43:09.814+0800: 22.881: [Rescan (parallel) , 0.0422557 secs]2023-01-17T04:43:09.857+0800: 22.923: [weak refs processing, 0.0000444 secs]2023-01-17T04:43:09.857+0800: 22.923: [class unloading, 0.0172775 secs]2023-01-17T04:43:09.874+0800: 22.940: [scrub symbol table, 0.0052056 secs]2023-01-17T04:43:09.879+0800: 22.945: [scrub string table, 0.0009024 secs][1 CMS-remark: 134143K(134144K)] 245066K(249344K), 0.0661280 secs] [Times: user=0.21 sys=0.00, real=0.07 secs] 
2023-01-17T04:43:09.881+0800: 22.947: [CMS-concurrent-sweep-start]
2023-01-17T04:43:09.910+0800: 22.976: [CMS-concurrent-sweep: 0.029/0.029 secs] [Times: user=0.12 sys=0.01, real=0.03 secs] 
2023-01-17T04:43:09.910+0800: 22.977: [CMS-concurrent-reset-start]
2023-01-17T04:43:09.911+0800: 22.977: [CMS-concurrent-reset: 0.000/0.000 secs] [Times: user=0.00 sys=0.00, real=0.00 secs] 
{Heap before GC invocations=37 (full 36):
 par new generation   total 115200K, used 115194K [0x00000000f0000000, 0x00000000f7d00000, 0x00000000f7d00000)
  eden space 102400K, 100% used [0x00000000f0000000, 0x00000000f6400000, 0x00000000f6400000)
  from space 12800K,  99% used [0x00000000f6400000, 0x00000000f707e8e8, 0x00000000f7080000)
  to   space 12800K,   0% used [0x00000000f7080000, 0x00000000f7080000, 0x00000000f7d00000)
 concurrent mark-sweep generation total 134144K, used 134143K [0x00000000f7d00000, 0x0000000100000000, 0x0000000100000000)
 Metaspace       used 52019K, capacity 55052K, committed 55296K, reserved 1097728K
  class space    used 6362K, capacity 6900K, committed 6912K, reserved 1048576K
2023-01-17T04:43:09.922+0800: 22.988: [GC (Allocation Failure) 2023-01-17T04:43:09.922+0800: 22.988: [ParNew: 115194K->115194K(115200K), 0.0000244 secs]2023-01-17T04:43:09.922+0800: 22.988: [CMS: 134143K->134136K(134144K), 0.2645937 secs] 249337K->140070K(249344K), [Metaspace: 52019K->52019K(1097728K)], 0.2651670 secs] [Times: user=0.35 sys=0.00, real=0.26 secs] 
Heap after GC invocations=38 (full 37):
 par new generation   total 115200K, used 5934K [0x00000000f0000000, 0x00000000f7d00000, 0x00000000f7d00000)
  eden space 102400K,   5% used [0x00000000f0000000, 0x00000000f05cbb50, 0x00000000f6400000)
  from space 12800K,   0% used [0x00000000f6400000, 0x00000000f6400000, 0x00000000f7080000)
  to   space 12800K,   0% used [0x00000000f7080000, 0x00000000f7080000, 0x00000000f7d00000)
 concurrent mark-sweep generation total 134144K, used 134136K [0x00000000f7d00000, 0x0000000100000000, 0x0000000100000000)
 Metaspace       used 51787K, capacity 54658K, committed 55296K, reserved 1097728K
  class space    used 6322K, capacity 6829K, committed 6912K, reserved 1048576K
}
2023-01-17T04:43:10.196+0800: 23.262: [GC (CMS Initial Mark) [1 CMS-initial-mark: 134136K(134144K)] 140616K(249344K), 0.0095868 secs] [Times: user=0.03 sys=0.00, real=0.01 secs] 
2023-01-17T04:43:10.206+0800: 23.272: [CMS-concurrent-mark-start]
2023-01-17T04:43:10.293+0800: 23.359: [CMS-concurrent-mark: 0.087/0.087 secs] [Times: user=0.32 sys=0.01, real=0.09 secs] 
2023-01-17T04:43:10.293+0800: 23.359: [CMS-concurrent-preclean-start]
2023-01-17T04:43:10.339+0800: 23.405: [CMS-concurrent-preclean: 0.046/0.046 secs] [Times: user=0.17 sys=0.01, real=0.04 secs] 
2023-01-17T04:43:10.339+0800: 23.405: [CMS-concurrent-abortable-preclean-start]
2023-01-17T04:43:10.339+0800: 23.405: [CMS-concurrent-abortable-preclean: 0.000/0.000 secs] [Times: user=0.00 sys=0.00, real=0.00 secs] 
2023-01-17T04:43:10.364+0800: 23.430: [GC (CMS Final Remark) [YG occupancy: 56655 K (115200 K)]2023-01-17T04:43:10.364+0800: 23.430: [Rescan (parallel) , 0.0534986 secs]2023-01-17T04:43:10.418+0800: 23.484: [weak refs processing, 0.0000604 secs]2023-01-17T04:43:10.418+0800: 23.484: [class unloading, 0.0254056 secs]2023-01-17T04:43:10.443+0800: 23.510: [scrub symbol table, 0.0080768 secs]2023-01-17T04:43:10.451+0800: 23.518: [scrub string table, 0.0023658 secs][1 CMS-remark: 134136K(134144K)] 190791K(249344K), 0.0896627 secs] [Times: user=0.23 sys=0.00, real=0.09 secs] 
2023-01-17T04:43:10.454+0800: 23.521: [CMS-concurrent-sweep-start]
2023-01-17T04:43:10.475+0800: 23.541: [CMS-concurrent-sweep: 0.021/0.021 secs] [Times: user=0.06 sys=0.00, real=0.02 secs] 
2023-01-17T04:43:10.475+0800: 23.541: [CMS-concurrent-reset-start]
2023-01-17T04:43:10.475+0800: 23.542: [CMS-concurrent-reset: 0.000/0.000 secs] [Times: user=0.01 sys=0.00, real=0.00 secs] 
{Heap before GC invocations=38 (full 38):
 par new generation   total 115200K, used 115199K [0x00000000f0000000, 0x00000000f7d00000, 0x00000000f7d00000)
  eden space 102400K, 100% used [0x00000000f0000000, 0x00000000f6400000, 0x00000000f6400000)
  from space 12800K,  99% used [0x00000000f6400000, 0x00000000f707ffe8, 0x00000000f7080000)
  to   space 12800K,   0% used [0x00000000f7080000, 0x00000000f7080000, 0x00000000f7d00000)
 concurrent mark-sweep generation total 134144K, used 134026K [0x00000000f7d00000, 0x0000000100000000, 0x0000000100000000)
 Metaspace       used 51789K, capacity 54658K, committed 55296K, reserved 1097728K
  class space    used 6323K, capacity 6829K, committed 6912K, reserved 1048576K
2023-01-17T04:43:10.711+0800: 23.777: [GC (Allocation Failure) 2023-01-17T04:43:10.711+0800: 23.778: [ParNew: 115199K->115199K(115200K), 0.0000318 secs]2023-01-17T04:43:10.711+0800: 23.778: [CMS: 134026K->134143K(134144K), 0.2736896 secs] 249226K->139946K(249344K), [Metaspace: 51789K->51789K(1097728K)], 0.2741694 secs] [Times: user=0.38 sys=0.00, real=0.27 secs] 
Heap after GC invocations=39 (full 39):
 par new generation   total 115200K, used 5802K [0x00000000f0000000, 0x00000000f7d00000, 0x00000000f7d00000)
  eden space 102400K,   5% used [0x00000000f0000000, 0x00000000f05aa918, 0x00000000f6400000)
  from space 12800K,   0% used [0x00000000f6400000, 0x00000000f6400000, 0x00000000f7080000)
  to   space 12800K,   0% used [0x00000000f7080000, 0x00000000f7080000, 0x00000000f7d00000)
 concurrent mark-sweep generation total 134144K, used 134143K [0x00000000f7d00000, 0x0000000100000000, 0x0000000100000000)
 Metaspace       used 51789K, capacity 54658K, committed 55296K, reserved 1097728K
  class space    used 6323K, capacity 6829K, committed 6912K, reserved 1048576K
}
2023-01-17T04:43:11.002+0800: 24.068: [GC (CMS Initial Mark) [1 CMS-initial-mark: 134143K(134144K)] 140925K(249344K), 0.0154904 secs] [Times: user=0.04 sys=0.00, real=0.01 secs] 
2023-01-17T04:43:11.018+0800: 24.084: [CMS-concurrent-mark-start]
2023-01-17T04:43:11.093+0800: 24.159: [CMS-concurrent-mark: 0.075/0.075 secs] [Times: user=0.26 sys=0.03, real=0.08 secs] 
2023-01-17T04:43:11.093+0800: 24.159: [CMS-concurrent-preclean-start]
2023-01-17T04:43:11.140+0800: 24.206: [CMS-concurrent-preclean: 0.047/0.047 secs] [Times: user=0.17 sys=0.02, real=0.05 secs] 
2023-01-17T04:43:11.140+0800: 24.207: [CMS-concurrent-abortable-preclean-start]
2023-01-17T04:43:11.140+0800: 24.207: [CMS-concurrent-abortable-preclean: 0.000/0.000 secs] [Times: user=0.00 sys=0.00, real=0.00 secs] 
2023-01-17T04:43:11.149+0800: 24.215: [GC (CMS Final Remark) [YG occupancy: 56290 K (115200 K)]2023-01-17T04:43:11.149+0800: 24.215: [Rescan (parallel) , 0.0338588 secs]2023-01-17T04:43:11.183+0800: 24.249: [weak refs processing, 0.0000428 secs]2023-01-17T04:43:11.183+0800: 24.249: [class unloading, 0.0174810 secs]2023-01-17T04:43:11.200+0800: 24.267: [scrub symbol table, 0.0052087 secs]2023-01-17T04:43:11.205+0800: 24.272: [scrub string table, 0.0008550 secs][1 CMS-remark: 134143K(134144K)] 190434K(249344K), 0.0576858 secs] [Times: user=0.16 sys=0.00, real=0.06 secs] 
2023-01-17T04:43:11.207+0800: 24.273: [CMS-concurrent-sweep-start]
2023-01-17T04:43:11.224+0800: 24.291: [CMS-concurrent-sweep: 0.018/0.018 secs] [Times: user=0.05 sys=0.00, real=0.02 secs] 
2023-01-17T04:43:11.224+0800: 24.291: [CMS-concurrent-reset-start]
2023-01-17T04:43:11.225+0800: 24.291: [CMS-concurrent-reset: 0.000/0.000 secs] [Times: user=0.00 sys=0.00, real=0.00 secs] 
{Heap before GC invocations=39 (full 40):
 par new generation   total 115200K, used 115198K [0x00000000f0000000, 0x00000000f7d00000, 0x00000000f7d00000)
  eden space 102400K, 100% used [0x00000000f0000000, 0x00000000f6400000, 0x00000000f6400000)
  from space 12800K,  99% used [0x00000000f6400000, 0x00000000f707f830, 0x00000000f7080000)
  to   space 12800K,   0% used [0x00000000f7080000, 0x00000000f7080000, 0x00000000f7d00000)
 concurrent mark-sweep generation total 134144K, used 134140K [0x00000000f7d00000, 0x0000000100000000, 0x0000000100000000)
 Metaspace       used 51789K, capacity 54658K, committed 55296K, reserved 1097728K
  class space    used 6323K, capacity 6829K, committed 6912K, reserved 1048576K
2023-01-17T04:43:11.469+0800: 24.535: [GC (Allocation Failure) 2023-01-17T04:43:11.469+0800: 24.535: [ParNew: 115198K->115198K(115200K), 0.0000258 secs]2023-01-17T04:43:11.469+0800: 24.535: [CMS: 134140K->134143K(134144K), 0.2452035 secs] 249338K->139943K(249344K), [Metaspace: 51789K->51789K(1097728K)], 0.2456433 secs] [Times: user=0.43 sys=0.00, real=0.25 secs] 
Heap after GC invocations=40 (full 41):
 par new generation   total 115200K, used 5799K [0x00000000f0000000, 0x00000000f7d00000, 0x00000000f7d00000)
  eden space 102400K,   5% used [0x00000000f0000000, 0x00000000f05a9d00, 0x00000000f6400000)
  from space 12800K,   0% used [0x00000000f6400000, 0x00000000f6400000, 0x00000000f7080000)
  to   space 12800K,   0% used [0x00000000f7080000, 0x00000000f7080000, 0x00000000f7d00000)
 concurrent mark-sweep generation total 134144K, used 134143K [0x00000000f7d00000, 0x0000000100000000, 0x0000000100000000)
 Metaspace       used 51789K, capacity 54658K, committed 55296K, reserved 1097728K
  class space    used 6323K, capacity 6829K, committed 6912K, reserved 1048576K
}
2023-01-17T04:43:11.724+0800: 24.791: [GC (CMS Initial Mark) [1 CMS-initial-mark: 134143K(134144K)] 140580K(249344K), 0.0076962 secs] [Times: user=0.03 sys=0.00, real=0.01 secs] 
2023-01-17T04:43:11.732+0800: 24.799: [CMS-concurrent-mark-start]
2023-01-17T04:43:11.866+0800: 24.933: [CMS-concurrent-mark: 0.134/0.134 secs] [Times: user=0.47 sys=0.04, real=0.13 secs] 
2023-01-17T04:43:11.867+0800: 24.933: [CMS-concurrent-preclean-start]
2023-01-17T04:43:11.972+0800: 25.038: [CMS-concurrent-preclean: 0.105/0.105 secs] [Times: user=0.38 sys=0.03, real=0.11 secs] 
2023-01-17T04:43:11.972+0800: 25.038: [CMS-concurrent-abortable-preclean-start]
2023-01-17T04:43:11.972+0800: 25.038: [CMS-concurrent-abortable-preclean: 0.000/0.000 secs] [Times: user=0.00 sys=0.00, real=0.00 secs] 
2023-01-17T04:43:11.983+0800: 25.049: [GC (CMS Final Remark) [YG occupancy: 106216 K (115200 K)]2023-01-17T04:43:11.983+0800: 25.050: [Rescan (parallel) , 0.0423939 secs]2023-01-17T04:43:12.026+0800: 25.092: [weak refs processing, 0.0000595 secs]2023-01-17T04:43:12.026+0800: 25.092: [class unloading, 0.0246192 secs]2023-01-17T04:43:12.050+0800: 25.117: [scrub symbol table, 0.0076226 secs]2023-01-17T04:43:12.058+0800: 25.124: [scrub string table, 0.0012292 secs][1 CMS-remark: 134143K(134144K)] 240360K(249344K), 0.0762222 secs] [Times: user=0.16 sys=0.00, real=0.07 secs] 
2023-01-17T04:43:12.061+0800: 25.127: [CMS-concurrent-sweep-start]
2023-01-17T04:43:12.082+0800: 25.148: [CMS-concurrent-sweep: 0.021/0.021 secs] [Times: user=0.05 sys=0.00, real=0.02 secs] 
2023-01-17T04:43:12.082+0800: 25.148: [CMS-concurrent-reset-start]
2023-01-17T04:43:12.082+0800: 25.149: [CMS-concurrent-reset: 0.000/0.000 secs] [Times: user=0.00 sys=0.00, real=0.00 secs] 
{Heap before GC invocations=40 (full 42):
 par new generation   total 115200K, used 115199K [0x00000000f0000000, 0x00000000f7d00000, 0x00000000f7d00000)
  eden space 102400K, 100% used [0x00000000f0000000, 0x00000000f6400000, 0x00000000f6400000)
  from space 12800K,  99% used [0x00000000f6400000, 0x00000000f707ffe0, 0x00000000f7080000)
  to   space 12800K,   0% used [0x00000000f7080000, 0x00000000f7080000, 0x00000000f7d00000)
 concurrent mark-sweep generation total 134144K, used 134138K [0x00000000f7d00000, 0x0000000100000000, 0x0000000100000000)
 Metaspace       used 51790K, capacity 54658K, committed 55296K, reserved 1097728K
  class space    used 6323K, capacity 6829K, committed 6912K, reserved 1048576K
2023-01-17T04:43:12.158+0800: 25.224: [GC (Allocation Failure) 2023-01-17T04:43:12.158+0800: 25.224: [ParNew: 115199K->115199K(115200K), 0.0000375 secs]2023-01-17T04:43:12.158+0800: 25.224: [CMS: 134138K->134143K(134144K), 0.2765500 secs] 249338K->139951K(249344K), [Metaspace: 51790K->51790K(1097728K)], 0.2770840 secs] [Times: user=0.28 sys=0.00, real=0.28 secs] 
Heap after GC invocations=41 (full 43):
 par new generation   total 115200K, used 5807K [0x00000000f0000000, 0x00000000f7d00000, 0x00000000f7d00000)
  eden space 102400K,   5% used [0x00000000f0000000, 0x00000000f05abcc0, 0x00000000f6400000)
  from space 12800K,   0% used [0x00000000f6400000, 0x00000000f6400000, 0x00000000f7080000)
  to   space 12800K,   0% used [0x00000000f7080000, 0x00000000f7080000, 0x00000000f7d00000)
 concurrent mark-sweep generation total 134144K, used 134143K [0x00000000f7d00000, 0x0000000100000000, 0x0000000100000000)
 Metaspace       used 51790K, capacity 54658K, committed 55296K, reserved 1097728K
  class space    used 6323K, capacity 6829K, committed 6912K, reserved 1048576K
}
2023-01-17T04:43:12.443+0800: 25.509: [GC (CMS Initial Mark) [1 CMS-initial-mark: 134143K(134144K)] 140156K(249344K), 0.0072615 secs] [Times: user=0.02 sys=0.00, real=0.01 secs] 
2023-01-17T04:43:12.451+0800: 25.517: [CMS-concurrent-mark-start]
2023-01-17T04:43:12.532+0800: 25.598: [CMS-concurrent-mark: 0.081/0.081 secs] [Times: user=0.29 sys=0.04, real=0.08 secs] 
2023-01-17T04:43:12.532+0800: 25.599: [CMS-concurrent-preclean-start]
2023-01-17T04:43:12.582+0800: 25.648: [CMS-concurrent-preclean: 0.050/0.050 secs] [Times: user=0.18 sys=0.01, real=0.05 secs] 
2023-01-17T04:43:12.582+0800: 25.648: [CMS-concurrent-abortable-preclean-start]
2023-01-17T04:43:12.582+0800: 25.648: [CMS-concurrent-abortable-preclean: 0.000/0.000 secs] [Times: user=0.00 sys=0.00, real=0.00 secs] 
2023-01-17T04:43:12.589+0800: 25.656: [GC (CMS Final Remark) [YG occupancy: 61002 K (115200 K)]2023-01-17T04:43:12.590+0800: 25.656: [Rescan (parallel) , 0.0194441 secs]2023-01-17T04:43:12.609+0800: 25.675: [weak refs processing, 0.0000409 secs]2023-01-17T04:43:12.609+0800: 25.675: [class unloading, 0.0164292 secs]2023-01-17T04:43:12.626+0800: 25.692: [scrub symbol table, 0.0050614 secs]2023-01-17T04:43:12.631+0800: 25.697: [scrub string table, 0.0008415 secs][1 CMS-remark: 134143K(134144K)] 195146K(249344K), 0.0420721 secs] [Times: user=0.10 sys=0.00, real=0.05 secs] 
2023-01-17T04:43:12.632+0800: 25.698: [CMS-concurrent-sweep-start]
2023-01-17T04:43:12.650+0800: 25.716: [CMS-concurrent-sweep: 0.018/0.018 secs] [Times: user=0.07 sys=0.00, real=0.02 secs] 
2023-01-17T04:43:12.653+0800: 25.720: [CMS-concurrent-reset-start]
2023-01-17T04:43:12.654+0800: 25.720: [CMS-concurrent-reset: 0.000/0.000 secs] [Times: user=0.00 sys=0.00, real=0.00 secs] 
{Heap before GC invocations=41 (full 44):
 par new generation   total 115200K, used 115199K [0x00000000f0000000, 0x00000000f7d00000, 0x00000000f7d00000)
  eden space 102400K, 100% used [0x00000000f0000000, 0x00000000f6400000, 0x00000000f6400000)
  from space 12800K,  99% used [0x00000000f6400000, 0x00000000f707ffe8, 0x00000000f7080000)
  to   space 12800K,   0% used [0x00000000f7080000, 0x00000000f7080000, 0x00000000f7d00000)
 concurrent mark-sweep generation total 134144K, used 134142K [0x00000000f7d00000, 0x0000000100000000, 0x0000000100000000)
 Metaspace       used 51790K, capacity 54658K, committed 55296K, reserved 1097728K
  class space    used 6323K, capacity 6829K, committed 6912K, reserved 1048576K
2023-01-17T04:43:12.845+0800: 25.912: [GC (Allocation Failure) 2023-01-17T04:43:12.846+0800: 25.912: [ParNew: 115199K->115199K(115200K), 0.0000348 secs]2023-01-17T04:43:12.846+0800: 25.912: [CMS: 134142K->134143K(134144K), 0.2448389 secs] 249342K->139928K(249344K), [Metaspace: 51790K->51790K(1097728K)], 0.2453849 secs] [Times: user=0.26 sys=0.00, real=0.25 secs] 
Heap after GC invocations=42 (full 45):
 par new generation   total 115200K, used 5784K [0x00000000f0000000, 0x00000000f7d00000, 0x00000000f7d00000)
  eden space 102400K,   5% used [0x00000000f0000000, 0x00000000f05a6238, 0x00000000f6400000)
  from space 12800K,   0% used [0x00000000f6400000, 0x00000000f6400000, 0x00000000f7080000)
  to   space 12800K,   0% used [0x00000000f7080000, 0x00000000f7080000, 0x00000000f7d00000)
 concurrent mark-sweep generation total 134144K, used 134143K [0x00000000f7d00000, 0x0000000100000000, 0x0000000100000000)
 Metaspace       used 51790K, capacity 54658K, committed 55296K, reserved 1097728K
  class space    used 6323K, capacity 6829K, committed 6912K, reserved 1048576K
}
2023-01-17T04:43:13.101+0800: 26.168: [GC (CMS Initial Mark) [1 CMS-initial-mark: 134143K(134144K)] 140870K(249344K), 0.0095190 secs] [Times: user=0.03 sys=0.00, real=0.01 secs] 
2023-01-17T04:43:13.111+0800: 26.178: [CMS-concurrent-mark-start]
2023-01-17T04:43:13.233+0800: 26.300: [CMS-concurrent-mark: 0.122/0.122 secs] [Times: user=0.45 sys=0.04, real=0.12 secs] 
2023-01-17T04:43:13.234+0800: 26.300: [CMS-concurrent-preclean-start]
2023-01-17T04:43:13.281+0800: 26.347: [CMS-concurrent-preclean: 0.047/0.047 secs] [Times: user=0.16 sys=0.01, real=0.05 secs] 
2023-01-17T04:43:13.281+0800: 26.348: [CMS-concurrent-abortable-preclean-start]
2023-01-17T04:43:13.281+0800: 26.348: [CMS-concurrent-abortable-preclean: 0.000/0.000 secs] [Times: user=0.00 sys=0.00, real=0.00 secs] 
2023-01-17T04:43:13.292+0800: 26.358: [GC (CMS Final Remark) [YG occupancy: 73268 K (115200 K)]2023-01-17T04:43:13.292+0800: 26.358: [Rescan (parallel) , 0.0453295 secs]2023-01-17T04:43:13.337+0800: 26.404: [weak refs processing, 0.0000504 secs]2023-01-17T04:43:13.337+0800: 26.404: [class unloading, 0.0173543 secs]2023-01-17T04:43:13.355+0800: 26.421: [scrub symbol table, 0.0051435 secs]2023-01-17T04:43:13.360+0800: 26.426: [scrub string table, 0.0008736 secs][1 CMS-remark: 134143K(134144K)] 207412K(249344K), 0.0690416 secs] [Times: user=0.18 sys=0.00, real=0.07 secs] 
2023-01-17T04:43:13.372+0800: 26.438: [CMS-concurrent-sweep-start]
2023-01-17T04:43:13.412+0800: 26.479: [CMS-concurrent-sweep: 0.040/0.040 secs] [Times: user=0.11 sys=0.01, real=0.04 secs] 
2023-01-17T04:43:13.413+0800: 26.479: [CMS-concurrent-reset-start]
2023-01-17T04:43:13.413+0800: 26.479: [CMS-concurrent-reset: 0.000/0.000 secs] [Times: user=0.00 sys=0.00, real=0.00 secs] 
{Heap before GC invocations=42 (full 46):
 par new generation   total 115200K, used 115199K [0x00000000f0000000, 0x00000000f7d00000, 0x00000000f7d00000)
  eden space 102400K, 100% used [0x00000000f0000000, 0x00000000f6400000, 0x00000000f6400000)
  from space 12800K,  99% used [0x00000000f6400000, 0x00000000f707fff8, 0x00000000f7080000)
  to   space 12800K,   0% used [0x00000000f7080000, 0x00000000f7080000, 0x00000000f7d00000)
 concurrent mark-sweep generation total 134144K, used 134143K [0x00000000f7d00000, 0x0000000100000000, 0x0000000100000000)
 Metaspace       used 51792K, capacity 54658K, committed 55296K, reserved 1097728K
  class space    used 6323K, capacity 6829K, committed 6912K, reserved 1048576K
2023-01-17T04:43:13.599+0800: 26.665: [GC (Allocation Failure) 2023-01-17T04:43:13.599+0800: 26.665: [ParNew: 115199K->115199K(115200K), 0.0000339 secs]2023-01-17T04:43:13.599+0800: 26.665: [CMS: 134143K->134144K(134144K), 0.2361839 secs] 249343K->139972K(249344K), [Metaspace: 51792K->51792K(1097728K)], 0.2367590 secs] [Times: user=0.24 sys=0.00, real=0.24 secs] 
Heap after GC invocations=43 (full 47):
 par new generation   total 115200K, used 5828K [0x00000000f0000000, 0x00000000f7d00000, 0x00000000f7d00000)
  eden space 102400K,   5% used [0x00000000f0000000, 0x00000000f05b10d0, 0x00000000f6400000)
  from space 12800K,   0% used [0x00000000f6400000, 0x00000000f6400000, 0x00000000f7080000)
  to   space 12800K,   0% used [0x00000000f7080000, 0x00000000f7080000, 0x00000000f7d00000)
 concurrent mark-sweep generation total 134144K, used 134144K [0x00000000f7d00000, 0x0000000100000000, 0x0000000100000000)
 Metaspace       used 51792K, capacity 54658K, committed 55296K, reserved 1097728K
  class space    used 6323K, capacity 6829K, committed 6912K, reserved 1048576K
}
2023-01-17T04:43:13.854+0800: 26.920: [GC (CMS Initial Mark) [1 CMS-initial-mark: 134144K(134144K)] 141343K(249344K), 0.0100071 secs] [Times: user=0.04 sys=0.00, real=0.01 secs] 
2023-01-17T04:43:13.864+0800: 26.931: [CMS-concurrent-mark-start]
2023-01-17T04:43:13.953+0800: 27.019: [CMS-concurrent-mark: 0.088/0.088 secs] [Times: user=0.33 sys=0.02, real=0.09 secs] 
2023-01-17T04:43:13.953+0800: 27.019: [CMS-concurrent-preclean-start]
2023-01-17T04:43:14.008+0800: 27.075: [CMS-concurrent-preclean: 0.056/0.056 secs] [Times: user=0.20 sys=0.01, real=0.05 secs] 
2023-01-17T04:43:14.009+0800: 27.075: [CMS-concurrent-abortable-preclean-start]
2023-01-17T04:43:14.009+0800: 27.075: [CMS-concurrent-abortable-preclean: 0.000/0.000 secs] [Times: user=0.00 sys=0.00, real=0.00 secs] 
2023-01-17T04:43:14.057+0800: 27.123: [GC (CMS Final Remark) [YG occupancy: 62220 K (115200 K)]2023-01-17T04:43:14.057+0800: 27.123: [Rescan (parallel) , 0.0208160 secs]2023-01-17T04:43:14.078+0800: 27.144: [weak refs processing, 0.0000513 secs]2023-01-17T04:43:14.078+0800: 27.144: [class unloading, 0.0170574 secs]2023-01-17T04:43:14.095+0800: 27.161: [scrub symbol table, 0.0051846 secs]2023-01-17T04:43:14.100+0800: 27.167: [scrub string table, 0.0008520 secs][1 CMS-remark: 134144K(134144K)] 196364K(249344K), 0.0442323 secs] [Times: user=0.11 sys=0.00, real=0.05 secs] 
2023-01-17T04:43:14.102+0800: 27.168: [CMS-concurrent-sweep-start]
2023-01-17T04:43:14.121+0800: 27.187: [CMS-concurrent-sweep: 0.019/0.019 secs] [Times: user=0.07 sys=0.01, real=0.02 secs] 
2023-01-17T04:43:14.121+0800: 27.187: [CMS-concurrent-reset-start]
2023-01-17T04:43:14.121+0800: 27.187: [CMS-concurrent-reset: 0.000/0.000 secs] [Times: user=0.00 sys=0.00, real=0.00 secs] 
{Heap before GC invocations=43 (full 48):
 par new generation   total 115200K, used 115199K [0x00000000f0000000, 0x00000000f7d00000, 0x00000000f7d00000)
  eden space 102400K, 100% used [0x00000000f0000000, 0x00000000f6400000, 0x00000000f6400000)
  from space 12800K,  99% used [0x00000000f6400000, 0x00000000f707fff8, 0x00000000f7080000)
  to   space 12800K,   0% used [0x00000000f7080000, 0x00000000f7080000, 0x00000000f7d00000)
 concurrent mark-sweep generation total 134144K, used 134143K [0x00000000f7d00000, 0x0000000100000000, 0x0000000100000000)
 Metaspace       used 51805K, capacity 54662K, committed 55296K, reserved 1097728K
  class space    used 6326K, capacity 6829K, committed 6912K, reserved 1048576K
2023-01-17T04:43:14.300+0800: 27.366: [GC (Allocation Failure) 2023-01-17T04:43:14.300+0800: 27.366: [ParNew: 115199K->115199K(115200K), 0.0000275 secs]2023-01-17T04:43:14.300+0800: 27.366: [CMS: 134143K->134143K(134144K), 0.2408869 secs] 249343K->139954K(249344K), [Metaspace: 51805K->51805K(1097728K)], 0.2414305 secs] [Times: user=0.24 sys=0.00, real=0.24 secs] 
Heap after GC invocations=44 (full 49):
 par new generation   total 115200K, used 5810K [0x00000000f0000000, 0x00000000f7d00000, 0x00000000f7d00000)
  eden space 102400K,   5% used [0x00000000f0000000, 0x00000000f05ac9c0, 0x00000000f6400000)
  from space 12800K,   0% used [0x00000000f6400000, 0x00000000f6400000, 0x00000000f7080000)
  to   space 12800K,   0% used [0x00000000f7080000, 0x00000000f7080000, 0x00000000f7d00000)
 concurrent mark-sweep generation total 134144K, used 134143K [0x00000000f7d00000, 0x0000000100000000, 0x0000000100000000)
 Metaspace       used 51805K, capacity 54662K, committed 55296K, reserved 1097728K
  class space    used 6326K, capacity 6829K, committed 6912K, reserved 1048576K
}
2023-01-17T04:43:14.551+0800: 27.617: [GC (CMS Initial Mark) [1 CMS-initial-mark: 134143K(134144K)] 140586K(249344K), 0.0110075 secs] [Times: user=0.02 sys=0.00, real=0.01 secs] 
2023-01-17T04:43:14.562+0800: 27.629: [CMS-concurrent-mark-start]
{Heap before GC invocations=44 (full 50):
 par new generation   total 115200K, used 115199K [0x00000000f0000000, 0x00000000f7d00000, 0x00000000f7d00000)
  eden space 102400K, 100% used [0x00000000f0000000, 0x00000000f6400000, 0x00000000f6400000)
  from space 12800K,  99% used [0x00000000f6400000, 0x00000000f707fed0, 0x00000000f7080000)
  to   space 12800K,   0% used [0x00000000f7080000, 0x00000000f7080000, 0x00000000f7d00000)
 concurrent mark-sweep generation total 134144K, used 134143K [0x00000000f7d00000, 0x0000000100000000, 0x0000000100000000)
 Metaspace       used 51807K, capacity 54662K, committed 55296K, reserved 1097728K
  class space    used 6326K, capacity 6829K, committed 6912K, reserved 1048576K
2023-01-17T04:43:14.865+0800: 27.932: [Full GC (Allocation Failure) 2023-01-17T04:43:14.866+0800: 27.932: [CMS2023-01-17T04:43:14.910+0800: 27.976: [CMS-concurrent-mark: 0.304/0.348 secs] [Times: user=1.04 sys=0.09, real=0.35 secs] 
 (concurrent mode failure): 134143K->134143K(134144K), 0.2596341 secs] 249343K->139936K(249344K), [Metaspace: 51807K->51807K(1097728K)], 0.2601739 secs] [Times: user=0.27 sys=0.00, real=0.26 secs] 
Heap after GC invocations=45 (full 51):
 par new generation   total 115200K, used 5792K [0x00000000f0000000, 0x00000000f7d00000, 0x00000000f7d00000)
  eden space 102400K,   5% used [0x00000000f0000000, 0x00000000f05a8108, 0x00000000f6400000)
  from space 12800K,   0% used [0x00000000f6400000, 0x00000000f6400000, 0x00000000f7080000)
  to   space 12800K,   0% used [0x00000000f7080000, 0x00000000f7080000, 0x00000000f7d00000)
 concurrent mark-sweep generation total 134144K, used 134143K [0x00000000f7d00000, 0x0000000100000000, 0x0000000100000000)
 Metaspace       used 51807K, capacity 54662K, committed 55296K, reserved 1097728K
  class space    used 6326K, capacity 6829K, committed 6912K, reserved 1048576K
}
{Heap before GC invocations=45 (full 51):
 par new generation   total 115200K, used 115199K [0x00000000f0000000, 0x00000000f7d00000, 0x00000000f7d00000)
  eden space 102400K, 100% used [0x00000000f0000000, 0x00000000f6400000, 0x00000000f6400000)
  from space 12800K,  99% used [0x00000000f6400000, 0x00000000f707ffe0, 0x00000000f7080000)
  to   space 12800K,   0% used [0x00000000f7080000, 0x00000000f7080000, 0x00000000f7d00000)
 concurrent mark-sweep generation total 134144K, used 134143K [0x00000000f7d00000, 0x0000000100000000, 0x0000000100000000)
 Metaspace       used 51807K, capacity 54662K, committed 55296K, reserved 1097728K
  class space    used 6326K, capacity 6829K, committed 6912K, reserved 1048576K
2023-01-17T04:43:15.464+0800: 28.531: [Full GC (Allocation Failure) 2023-01-17T04:43:15.465+0800: 28.531: [CMS: 134143K->134143K(134144K), 0.2323518 secs] 249343K->139983K(249344K), [Metaspace: 51807K->51807K(1097728K)], 0.2327929 secs] [Times: user=0.26 sys=0.00, real=0.23 secs] 
Heap after GC invocations=46 (full 52):
 par new generation   total 115200K, used 5839K [0x00000000f0000000, 0x00000000f7d00000, 0x00000000f7d00000)
  eden space 102400K,   5% used [0x00000000f0000000, 0x00000000f05b3e80, 0x00000000f6400000)
  from space 12800K,   0% used [0x00000000f6400000, 0x00000000f6400000, 0x00000000f7080000)
  to   space 12800K,   0% used [0x00000000f7080000, 0x00000000f7080000, 0x00000000f7d00000)
 concurrent mark-sweep generation total 134144K, used 134143K [0x00000000f7d00000, 0x0000000100000000, 0x0000000100000000)
 Metaspace       used 51807K, capacity 54662K, committed 55296K, reserved 1097728K
  class space    used 6326K, capacity 6829K, committed 6912K, reserved 1048576K
}
2023-01-17T04:43:15.706+0800: 28.773: [GC (CMS Initial Mark) [1 CMS-initial-mark: 134143K(134144K)] 140797K(249344K), 0.0072969 secs] [Times: user=0.03 sys=0.00, real=0.01 secs] 
2023-01-17T04:43:15.714+0800: 28.780: [CMS-concurrent-mark-start]
2023-01-17T04:43:15.915+0800: 28.981: [CMS-concurrent-mark: 0.201/0.201 secs] [Times: user=0.74 sys=0.05, real=0.20 secs] 
2023-01-17T04:43:15.915+0800: 28.981: [CMS-concurrent-preclean-start]
2023-01-17T04:43:16.160+0800: 29.226: [CMS-concurrent-preclean: 0.242/0.245 secs] [Times: user=0.71 sys=0.05, real=0.25 secs] 
2023-01-17T04:43:16.160+0800: 29.227: [CMS-concurrent-abortable-preclean-start]
2023-01-17T04:43:16.160+0800: 29.227: [CMS-concurrent-abortable-preclean: 0.000/0.000 secs] [Times: user=0.00 sys=0.00, real=0.00 secs] 
{Heap before GC invocations=46 (full 53):
 par new generation   total 115200K, used 115195K [0x00000000f0000000, 0x00000000f7d00000, 0x00000000f7d00000)
  eden space 102400K, 100% used [0x00000000f0000000, 0x00000000f6400000, 0x00000000f6400000)
  from space 12800K,  99% used [0x00000000f6400000, 0x00000000f707ee30, 0x00000000f7080000)
  to   space 12800K,   0% used [0x00000000f7080000, 0x00000000f7080000, 0x00000000f7d00000)
 concurrent mark-sweep generation total 134144K, used 134143K [0x00000000f7d00000, 0x0000000100000000, 0x0000000100000000)
 Metaspace       used 51807K, capacity 54662K, committed 55296K, reserved 1097728K
  class space    used 6326K, capacity 6829K, committed 6912K, reserved 1048576K
2023-01-17T04:43:16.178+0800: 29.245: [Full GC (Allocation Failure) 2023-01-17T04:43:16.179+0800: 29.245: [CMS (concurrent mode failure): 134143K->134144K(134144K), 0.2353343 secs] 249339K->139959K(249344K), [Metaspace: 51807K->51807K(1097728K)], 0.2358504 secs] [Times: user=0.24 sys=0.00, real=0.24 secs] 
Heap after GC invocations=47 (full 54):
 par new generation   total 115200K, used 5815K [0x00000000f0000000, 0x00000000f7d00000, 0x00000000f7d00000)
  eden space 102400K,   5% used [0x00000000f0000000, 0x00000000f05adf78, 0x00000000f6400000)
  from space 12800K,   0% used [0x00000000f6400000, 0x00000000f6400000, 0x00000000f7080000)
  to   space 12800K,   0% used [0x00000000f7080000, 0x00000000f7080000, 0x00000000f7d00000)
 concurrent mark-sweep generation total 134144K, used 134144K [0x00000000f7d00000, 0x0000000100000000, 0x0000000100000000)
 Metaspace       used 51807K, capacity 54662K, committed 55296K, reserved 1097728K
  class space    used 6326K, capacity 6829K, committed 6912K, reserved 1048576K
}
{Heap before GC invocations=47 (full 54):
 par new generation   total 115200K, used 115199K [0x00000000f0000000, 0x00000000f7d00000, 0x00000000f7d00000)
  eden space 102400K, 100% used [0x00000000f0000000, 0x00000000f6400000, 0x00000000f6400000)
  from space 12800K,  99% used [0x00000000f6400000, 0x00000000f707ff80, 0x00000000f7080000)
  to   space 12800K,   0% used [0x00000000f7080000, 0x00000000f7080000, 0x00000000f7d00000)
 concurrent mark-sweep generation total 134144K, used 134144K [0x00000000f7d00000, 0x0000000100000000, 0x0000000100000000)
 Metaspace       used 51810K, capacity 54726K, committed 55296K, reserved 1097728K
  class space    used 6326K, capacity 6829K, committed 6912K, reserved 1048576K
2023-01-17T04:43:16.709+0800: 29.775: [Full GC (Allocation Failure) 2023-01-17T04:43:16.709+0800: 29.775: [CMS: 134144K->134143K(134144K), 0.2326396 secs] 249343K->139968K(249344K), [Metaspace: 51810K->51810K(1097728K)], 0.2331467 secs] [Times: user=0.32 sys=0.00, real=0.24 secs] 
Heap after GC invocations=48 (full 55):
 par new generation   total 115200K, used 5824K [0x00000000f0000000, 0x00000000f7d00000, 0x00000000f7d00000)
  eden space 102400K,   5% used [0x00000000f0000000, 0x00000000f05b03a0, 0x00000000f6400000)
  from space 12800K,   0% used [0x00000000f6400000, 0x00000000f6400000, 0x00000000f7080000)
  to   space 12800K,   0% used [0x00000000f7080000, 0x00000000f7080000, 0x00000000f7d00000)
 concurrent mark-sweep generation total 134144K, used 134143K [0x00000000f7d00000, 0x0000000100000000, 0x0000000100000000)
 Metaspace       used 51810K, capacity 54726K, committed 55296K, reserved 1097728K
  class space    used 6326K, capacity 6829K, committed 6912K, reserved 1048576K
}
2023-01-17T04:43:16.950+0800: 30.017: [GC (CMS Initial Mark) [1 CMS-initial-mark: 134143K(134144K)] 140114K(249344K), 0.0082990 secs] [Times: user=0.03 sys=0.00, real=0.00 secs] 
2023-01-17T04:43:16.959+0800: 30.025: [CMS-concurrent-mark-start]
2023-01-17T04:43:17.103+0800: 30.170: [CMS-concurrent-mark: 0.144/0.144 secs] [Times: user=0.45 sys=0.04, real=0.15 secs] 
2023-01-17T04:43:17.103+0800: 30.170: [CMS-concurrent-preclean-start]
2023-01-17T04:43:17.221+0800: 30.288: [CMS-concurrent-preclean: 0.118/0.118 secs] [Times: user=0.42 sys=0.05, real=0.12 secs] 
2023-01-17T04:43:17.222+0800: 30.288: [CMS-concurrent-abortable-preclean-start]
2023-01-17T04:43:17.222+0800: 30.288: [CMS-concurrent-abortable-preclean: 0.000/0.000 secs] [Times: user=0.00 sys=0.00, real=0.00 secs] 
2023-01-17T04:43:17.233+0800: 30.300: [GC (CMS Final Remark) [YG occupancy: 103953 K (115200 K)]2023-01-17T04:43:17.234+0800: 30.300: [Rescan (parallel) , 0.0306180 secs]2023-01-17T04:43:17.264+0800: 30.331: [weak refs processing, 0.0000462 secs]2023-01-17T04:43:17.264+0800: 30.331: [class unloading, 0.0163238 secs]2023-01-17T04:43:17.281+0800: 30.347: [scrub symbol table, 0.0050404 secs]2023-01-17T04:43:17.286+0800: 30.352: [scrub string table, 0.0008666 secs][1 CMS-remark: 134143K(134144K)] 238097K(249344K), 0.0531972 secs] [Times: user=0.15 sys=0.00, real=0.05 secs] 
2023-01-17T04:43:17.292+0800: 30.359: [CMS-concurrent-sweep-start]
2023-01-17T04:43:17.321+0800: 30.388: [CMS-concurrent-sweep: 0.029/0.029 secs] [Times: user=0.10 sys=0.00, real=0.03 secs] 
2023-01-17T04:43:17.322+0800: 30.388: [CMS-concurrent-reset-start]
2023-01-17T04:43:17.322+0800: 30.388: [CMS-concurrent-reset: 0.000/0.000 secs] [Times: user=0.00 sys=0.00, real=0.00 secs] 
{Heap before GC invocations=48 (full 56):
 par new generation   total 115200K, used 115199K [0x00000000f0000000, 0x00000000f7d00000, 0x00000000f7d00000)
  eden space 102400K, 100% used [0x00000000f0000000, 0x00000000f6400000, 0x00000000f6400000)
  from space 12800K,  99% used [0x00000000f6400000, 0x00000000f707ffe8, 0x00000000f7080000)
  to   space 12800K,   0% used [0x00000000f7080000, 0x00000000f7080000, 0x00000000f7d00000)
 concurrent mark-sweep generation total 134144K, used 134143K [0x00000000f7d00000, 0x0000000100000000, 0x0000000100000000)
 Metaspace       used 51811K, capacity 54726K, committed 55296K, reserved 1097728K
  class space    used 6326K, capacity 6829K, committed 6912K, reserved 1048576K
2023-01-17T04:43:17.388+0800: 30.454: [GC (Allocation Failure) 2023-01-17T04:43:17.388+0800: 30.455: [ParNew: 115199K->115199K(115200K), 0.0000246 secs]2023-01-17T04:43:17.388+0800: 30.455: [CMS: 134143K->134144K(134144K), 0.2356458 secs] 249343K->139989K(249344K), [Metaspace: 51811K->51811K(1097728K)], 0.2361026 secs] [Times: user=0.24 sys=0.00, real=0.24 secs] 
Heap after GC invocations=49 (full 57):
 par new generation   total 115200K, used 5845K [0x00000000f0000000, 0x00000000f7d00000, 0x00000000f7d00000)
  eden space 102400K,   5% used [0x00000000f0000000, 0x00000000f05b5680, 0x00000000f6400000)
  from space 12800K,   0% used [0x00000000f6400000, 0x00000000f6400000, 0x00000000f7080000)
  to   space 12800K,   0% used [0x00000000f7080000, 0x00000000f7080000, 0x00000000f7d00000)
 concurrent mark-sweep generation total 134144K, used 134144K [0x00000000f7d00000, 0x0000000100000000, 0x0000000100000000)
 Metaspace       used 51811K, capacity 54726K, committed 55296K, reserved 1097728K
  class space    used 6326K, capacity 6829K, committed 6912K, reserved 1048576K
}
2023-01-17T04:43:17.632+0800: 30.698: [GC (CMS Initial Mark) [1 CMS-initial-mark: 134144K(134144K)] 140227K(249344K), 0.0089353 secs] [Times: user=0.03 sys=0.00, real=0.01 secs] 
2023-01-17T04:43:17.641+0800: 30.708: [CMS-concurrent-mark-start]
2023-01-17T04:43:17.802+0800: 30.868: [CMS-concurrent-mark: 0.160/0.160 secs] [Times: user=0.45 sys=0.05, real=0.16 secs] 
2023-01-17T04:43:17.802+0800: 30.868: [CMS-concurrent-preclean-start]
2023-01-17T04:43:17.871+0800: 30.937: [CMS-concurrent-preclean: 0.069/0.069 secs] [Times: user=0.24 sys=0.02, real=0.07 secs] 
2023-01-17T04:43:17.871+0800: 30.938: [CMS-concurrent-abortable-preclean-start]
2023-01-17T04:43:17.871+0800: 30.938: [CMS-concurrent-abortable-preclean: 0.000/0.000 secs] [Times: user=0.00 sys=0.00, real=0.00 secs] 
2023-01-17T04:43:17.893+0800: 30.959: [GC (CMS Final Remark) [YG occupancy: 93456 K (115200 K)]2023-01-17T04:43:17.893+0800: 30.959: [Rescan (parallel) , 0.0369176 secs]2023-01-17T04:43:17.930+0800: 30.996: [weak refs processing, 0.0000645 secs]2023-01-17T04:43:17.930+0800: 30.996: [class unloading, 0.0218926 secs]2023-01-17T04:43:17.952+0800: 31.018: [scrub symbol table, 0.0050318 secs]2023-01-17T04:43:17.957+0800: 31.023: [scrub string table, 0.0008786 secs][1 CMS-remark: 134144K(134144K)] 227600K(249344K), 0.0650823 secs] [Times: user=0.20 sys=0.00, real=0.06 secs] 
2023-01-17T04:43:17.958+0800: 31.025: [CMS-concurrent-sweep-start]
2023-01-17T04:43:17.997+0800: 31.064: [CMS-concurrent-sweep: 0.039/0.039 secs] [Times: user=0.14 sys=0.00, real=0.04 secs] 
2023-01-17T04:43:17.998+0800: 31.064: [CMS-concurrent-reset-start]
2023-01-17T04:43:18.000+0800: 31.066: [CMS-concurrent-reset: 0.002/0.002 secs] [Times: user=0.01 sys=0.01, real=0.01 secs] 
{Heap before GC invocations=49 (full 58):
 par new generation   total 115200K, used 115200K [0x00000000f0000000, 0x00000000f7d00000, 0x00000000f7d00000)
  eden space 102400K, 100% used [0x00000000f0000000, 0x00000000f6400000, 0x00000000f6400000)
  from space 12800K, 100% used [0x00000000f6400000, 0x00000000f7080000, 0x00000000f7080000)
  to   space 12800K,   0% used [0x00000000f7080000, 0x00000000f7080000, 0x00000000f7d00000)
 concurrent mark-sweep generation total 134144K, used 134143K [0x00000000f7d00000, 0x0000000100000000, 0x0000000100000000)
 Metaspace       used 51812K, capacity 54726K, committed 55296K, reserved 1097728K
  class space    used 6327K, capacity 6829K, committed 6912K, reserved 1048576K
2023-01-17T04:43:18.084+0800: 31.150: [GC (Allocation Failure) 2023-01-17T04:43:18.084+0800: 31.150: [ParNew: 115200K->115200K(115200K), 0.0000254 secs]2023-01-17T04:43:18.084+0800: 31.150: [CMS: 134143K->134143K(134144K), 0.2322602 secs] 249343K->139960K(249344K), [Metaspace: 51812K->51812K(1097728K)], 0.2327001 secs] [Times: user=0.23 sys=0.00, real=0.23 secs] 
Heap after GC invocations=50 (full 59):
 par new generation   total 115200K, used 5816K [0x00000000f0000000, 0x00000000f7d00000, 0x00000000f7d00000)
  eden space 102400K,   5% used [0x00000000f0000000, 0x00000000f05ae040, 0x00000000f6400000)
  from space 12800K,   0% used [0x00000000f6400000, 0x00000000f6400000, 0x00000000f7080000)
  to   space 12800K,   0% used [0x00000000f7080000, 0x00000000f7080000, 0x00000000f7d00000)
 concurrent mark-sweep generation total 134144K, used 134143K [0x00000000f7d00000, 0x0000000100000000, 0x0000000100000000)
 Metaspace       used 51812K, capacity 54726K, committed 55296K, reserved 1097728K
  class space    used 6327K, capacity 6829K, committed 6912K, reserved 1048576K
}
2023-01-17T04:43:18.343+0800: 31.410: [GC (CMS Initial Mark) [1 CMS-initial-mark: 134143K(134144K)] 145435K(249344K), 0.0112929 secs] [Times: user=0.03 sys=0.00, real=0.01 secs] 
2023-01-17T04:43:18.355+0800: 31.421: [CMS-concurrent-mark-start]
{Heap before GC invocations=50 (full 60):
 par new generation   total 115200K, used 115199K [0x00000000f0000000, 0x00000000f7d00000, 0x00000000f7d00000)
  eden space 102400K, 100% used [0x00000000f0000000, 0x00000000f6400000, 0x00000000f6400000)
  from space 12800K,  99% used [0x00000000f6400000, 0x00000000f707fff8, 0x00000000f7080000)
  to   space 12800K,   0% used [0x00000000f7080000, 0x00000000f7080000, 0x00000000f7d00000)
 concurrent mark-sweep generation total 134144K, used 134144K [0x00000000f7d00000, 0x0000000100000000, 0x0000000100000000)
 Metaspace       used 51812K, capacity 54726K, committed 55296K, reserved 1097728K
  class space    used 6327K, capacity 6829K, committed 6912K, reserved 1048576K
2023-01-17T04:43:18.742+0800: 31.808: [Full GC (Allocation Failure) 2023-01-17T04:43:18.742+0800: 31.809: [CMS2023-01-17T04:43:18.783+0800: 31.850: [CMS-concurrent-mark: 0.382/0.428 secs] [Times: user=1.28 sys=0.09, real=0.43 secs] 
 (concurrent mode failure): 134144K->134143K(134144K), 0.2532486 secs] 249343K->139984K(249344K), [Metaspace: 51812K->51812K(1097728K)], 0.2537391 secs] [Times: user=0.26 sys=0.00, real=0.25 secs] 
Heap after GC invocations=51 (full 61):
 par new generation   total 115200K, used 5840K [0x00000000f0000000, 0x00000000f7d00000, 0x00000000f7d00000)
  eden space 102400K,   5% used [0x00000000f0000000, 0x00000000f05b41f0, 0x00000000f6400000)
  from space 12800K,   0% used [0x00000000f6400000, 0x00000000f6400000, 0x00000000f7080000)
  to   space 12800K,   0% used [0x00000000f7080000, 0x00000000f7080000, 0x00000000f7d00000)
 concurrent mark-sweep generation total 134144K, used 134143K [0x00000000f7d00000, 0x0000000100000000, 0x0000000100000000)
 Metaspace       used 51812K, capacity 54726K, committed 55296K, reserved 1097728K
  class space    used 6327K, capacity 6829K, committed 6912K, reserved 1048576K
}
{Heap before GC invocations=51 (full 61):
 par new generation   total 115200K, used 115199K [0x00000000f0000000, 0x00000000f7d00000, 0x00000000f7d00000)
  eden space 102400K, 100% used [0x00000000f0000000, 0x00000000f6400000, 0x00000000f6400000)
  from space 12800K,  99% used [0x00000000f6400000, 0x00000000f707fff8, 0x00000000f7080000)
  to   space 12800K,   0% used [0x00000000f7080000, 0x00000000f7080000, 0x00000000f7d00000)
 concurrent mark-sweep generation total 134144K, used 134143K [0x00000000f7d00000, 0x0000000100000000, 0x0000000100000000)
 Metaspace       used 51815K, capacity 54726K, committed 55296K, reserved 1097728K
  class space    used 6327K, capacity 6829K, committed 6912K, reserved 1048576K
2023-01-17T04:43:19.247+0800: 32.313: [Full GC (Allocation Failure) 2023-01-17T04:43:19.247+0800: 32.313: [CMS: 134143K->134143K(134144K), 0.2338110 secs] 249343K->139967K(249344K), [Metaspace: 51815K->51815K(1097728K)], 0.2343446 secs] [Times: user=0.24 sys=0.00, real=0.24 secs] 
Heap after GC invocations=52 (full 62):
 par new generation   total 115200K, used 5823K [0x00000000f0000000, 0x00000000f7d00000, 0x00000000f7d00000)
  eden space 102400K,   5% used [0x00000000f0000000, 0x00000000f05afeb0, 0x00000000f6400000)
  from space 12800K,   0% used [0x00000000f6400000, 0x00000000f6400000, 0x00000000f7080000)
  to   space 12800K,   0% used [0x00000000f7080000, 0x00000000f7080000, 0x00000000f7d00000)
 concurrent mark-sweep generation total 134144K, used 134143K [0x00000000f7d00000, 0x0000000100000000, 0x0000000100000000)
 Metaspace       used 51815K, capacity 54726K, committed 55296K, reserved 1097728K
  class space    used 6327K, capacity 6829K, committed 6912K, reserved 1048576K
}
2023-01-17T04:43:19.492+0800: 32.559: [GC (CMS Initial Mark) [1 CMS-initial-mark: 134143K(134144K)] 140363K(249344K), 0.0087758 secs] [Times: user=0.03 sys=0.00, real=0.01 secs] 
2023-01-17T04:43:19.502+0800: 32.568: [CMS-concurrent-mark-start]
2023-01-17T04:43:19.777+0800: 32.844: [CMS-concurrent-mark: 0.276/0.276 secs] [Times: user=0.94 sys=0.07, real=0.27 secs] 
2023-01-17T04:43:19.777+0800: 32.844: [CMS-concurrent-preclean-start]
{Heap before GC invocations=52 (full 63):
 par new generation   total 115200K, used 115199K [0x00000000f0000000, 0x00000000f7d00000, 0x00000000f7d00000)
  eden space 102400K, 100% used [0x00000000f0000000, 0x00000000f6400000, 0x00000000f6400000)
  from space 12800K,  99% used [0x00000000f6400000, 0x00000000f707fff8, 0x00000000f7080000)
  to   space 12800K,   0% used [0x00000000f7080000, 0x00000000f7080000, 0x00000000f7d00000)
 concurrent mark-sweep generation total 134144K, used 134143K [0x00000000f7d00000, 0x0000000100000000, 0x0000000100000000)
 Metaspace       used 51817K, capacity 54726K, committed 55296K, reserved 1097728K
  class space    used 6328K, capacity 6829K, committed 6912K, reserved 1048576K
2023-01-17T04:43:19.849+0800: 32.915: [Full GC (Allocation Failure) 2023-01-17T04:43:19.849+0800: 32.915: [CMS2023-01-17T04:43:19.881+0800: 32.947: [CMS-concurrent-preclean: 0.069/0.104 secs] [Times: user=0.29 sys=0.01, real=0.11 secs] 
 (concurrent mode failure): 134143K->134143K(134144K), 0.2365655 secs] 249343K->139990K(249344K), [Metaspace: 51817K->51817K(1097728K)], 0.2369696 secs] [Times: user=0.24 sys=0.00, real=0.24 secs] 
Heap after GC invocations=53 (full 64):
 par new generation   total 115200K, used 5846K [0x00000000f0000000, 0x00000000f7d00000, 0x00000000f7d00000)
  eden space 102400K,   5% used [0x00000000f0000000, 0x00000000f05b5bc8, 0x00000000f6400000)
  from space 12800K,   0% used [0x00000000f6400000, 0x00000000f6400000, 0x00000000f7080000)
  to   space 12800K,   0% used [0x00000000f7080000, 0x00000000f7080000, 0x00000000f7d00000)
 concurrent mark-sweep generation total 134144K, used 134143K [0x00000000f7d00000, 0x0000000100000000, 0x0000000100000000)
 Metaspace       used 51817K, capacity 54726K, committed 55296K, reserved 1097728K
  class space    used 6328K, capacity 6829K, committed 6912K, reserved 1048576K
}
{Heap before GC invocations=53 (full 64):
 par new generation   total 115200K, used 115199K [0x00000000f0000000, 0x00000000f7d00000, 0x00000000f7d00000)
  eden space 102400K, 100% used [0x00000000f0000000, 0x00000000f6400000, 0x00000000f6400000)
  from space 12800K,  99% used [0x00000000f6400000, 0x00000000f707fff8, 0x00000000f7080000)
  to   space 12800K,   0% used [0x00000000f7080000, 0x00000000f7080000, 0x00000000f7d00000)
 concurrent mark-sweep generation total 134144K, used 134144K [0x00000000f7d00000, 0x0000000100000000, 0x0000000100000000)
 Metaspace       used 51817K, capacity 54726K, committed 55296K, reserved 1097728K
  class space    used 6328K, capacity 6829K, committed 6912K, reserved 1048576K
2023-01-17T04:43:20.413+0800: 33.479: [Full GC (Allocation Failure) 2023-01-17T04:43:20.413+0800: 33.480: [CMS: 134144K->134143K(134144K), 0.2222957 secs] 249343K->140005K(249344K), [Metaspace: 51817K->51817K(1097728K)], 0.2227911 secs] [Times: user=0.23 sys=0.00, real=0.22 secs] 
Heap after GC invocations=54 (full 65):
 par new generation   total 115200K, used 5861K [0x00000000f0000000, 0x00000000f7d00000, 0x00000000f7d00000)
  eden space 102400K,   5% used [0x00000000f0000000, 0x00000000f05b97b0, 0x00000000f6400000)
  from space 12800K,   0% used [0x00000000f6400000, 0x00000000f6400000, 0x00000000f7080000)
  to   space 12800K,   0% used [0x00000000f7080000, 0x00000000f7080000, 0x00000000f7d00000)
 concurrent mark-sweep generation total 134144K, used 134143K [0x00000000f7d00000, 0x0000000100000000, 0x0000000100000000)
 Metaspace       used 51817K, capacity 54726K, committed 55296K, reserved 1097728K
  class space    used 6328K, capacity 6829K, committed 6912K, reserved 1048576K
}
2023-01-17T04:43:20.643+0800: 33.710: [GC (CMS Initial Mark) [1 CMS-initial-mark: 134143K(134144K)] 140578K(249344K), 0.0065887 secs] [Times: user=0.02 sys=0.00, real=0.01 secs] 
2023-01-17T04:43:20.650+0800: 33.716: [CMS-concurrent-mark-start]
2023-01-17T04:43:20.801+0800: 33.868: [CMS-concurrent-mark: 0.151/0.151 secs] [Times: user=0.54 sys=0.06, real=0.15 secs] 
2023-01-17T04:43:20.802+0800: 33.868: [CMS-concurrent-preclean-start]
2023-01-17T04:43:20.866+0800: 33.933: [CMS-concurrent-preclean: 0.065/0.065 secs] [Times: user=0.24 sys=0.01, real=0.06 secs] 
2023-01-17T04:43:20.867+0800: 33.933: [CMS-concurrent-abortable-preclean-start]
2023-01-17T04:43:20.867+0800: 33.933: [CMS-concurrent-abortable-preclean: 0.000/0.000 secs] [Times: user=0.00 sys=0.00, real=0.00 secs] 
2023-01-17T04:43:20.880+0800: 33.946: [GC (CMS Final Remark) [YG occupancy: 102400 K (115200 K)]2023-01-17T04:43:20.880+0800: 33.946: [Rescan (parallel) , 0.0296499 secs]2023-01-17T04:43:20.910+0800: 33.976: [weak refs processing, 0.0000473 secs]2023-01-17T04:43:20.910+0800: 33.976: [class unloading, 0.0153479 secs]2023-01-17T04:43:20.925+0800: 33.992: [scrub symbol table, 0.0052775 secs]2023-01-17T04:43:20.931+0800: 33.997: [scrub string table, 0.0012191 secs][1 CMS-remark: 134143K(134144K)] 236543K(249344K), 0.0518232 secs] [Times: user=0.14 sys=0.00, real=0.05 secs] 
2023-01-17T04:43:20.934+0800: 34.001: [CMS-concurrent-sweep-start]
2023-01-17T04:43:20.984+0800: 34.051: [CMS-concurrent-sweep: 0.050/0.050 secs] [Times: user=0.16 sys=0.00, real=0.05 secs] 
2023-01-17T04:43:20.984+0800: 34.051: [CMS-concurrent-reset-start]
2023-01-17T04:43:20.985+0800: 34.051: [CMS-concurrent-reset: 0.000/0.000 secs] [Times: user=0.00 sys=0.00, real=0.00 secs] 
{Heap before GC invocations=54 (full 66):
 par new generation   total 115200K, used 115199K [0x00000000f0000000, 0x00000000f7d00000, 0x00000000f7d00000)
  eden space 102400K, 100% used [0x00000000f0000000, 0x00000000f6400000, 0x00000000f6400000)
  from space 12800K,  99% used [0x00000000f6400000, 0x00000000f707ffe0, 0x00000000f7080000)
  to   space 12800K,   0% used [0x00000000f7080000, 0x00000000f7080000, 0x00000000f7d00000)
 concurrent mark-sweep generation total 134144K, used 134141K [0x00000000f7d00000, 0x0000000100000000, 0x0000000100000000)
 Metaspace       used 51817K, capacity 54726K, committed 55296K, reserved 1097728K
  class space    used 6328K, capacity 6829K, committed 6912K, reserved 1048576K
2023-01-17T04:43:21.030+0800: 34.096: [GC (Allocation Failure) 2023-01-17T04:43:21.030+0800: 34.096: [ParNew: 115199K->115199K(115200K), 0.0000244 secs]2023-01-17T04:43:21.030+0800: 34.096: [CMS: 134141K->134143K(134144K), 0.2405198 secs] 249341K->140036K(249344K), [Metaspace: 51817K->51817K(1097728K)], 0.2409432 secs] [Times: user=0.24 sys=0.00, real=0.24 secs] 
Heap after GC invocations=55 (full 67):
 par new generation   total 115200K, used 5892K [0x00000000f0000000, 0x00000000f7d00000, 0x00000000f7d00000)
  eden space 102400K,   5% used [0x00000000f0000000, 0x00000000f05c1118, 0x00000000f6400000)
  from space 12800K,   0% used [0x00000000f6400000, 0x00000000f6400000, 0x00000000f7080000)
  to   space 12800K,   0% used [0x00000000f7080000, 0x00000000f7080000, 0x00000000f7d00000)
 concurrent mark-sweep generation total 134144K, used 134143K [0x00000000f7d00000, 0x0000000100000000, 0x0000000100000000)
 Metaspace       used 51802K, capacity 54702K, committed 55296K, reserved 1097728K
  class space    used 6326K, capacity 6825K, committed 6912K, reserved 1048576K
}
2023-01-17T04:43:21.293+0800: 34.360: [GC (CMS Initial Mark) [1 CMS-initial-mark: 134143K(134144K)] 145554K(249344K), 0.0100142 secs] [Times: user=0.03 sys=0.00, real=0.01 secs] 
2023-01-17T04:43:21.304+0800: 34.370: [CMS-concurrent-mark-start]
2023-01-17T04:43:21.405+0800: 34.471: [CMS-concurrent-mark: 0.101/0.101 secs] [Times: user=0.33 sys=0.03, real=0.10 secs] 
2023-01-17T04:43:21.405+0800: 34.471: [CMS-concurrent-preclean-start]
2023-01-17T04:43:21.455+0800: 34.522: [CMS-concurrent-preclean: 0.050/0.050 secs] [Times: user=0.15 sys=0.02, real=0.05 secs] 
2023-01-17T04:43:21.456+0800: 34.522: [CMS-concurrent-abortable-preclean-start]
2023-01-17T04:43:21.456+0800: 34.522: [CMS-concurrent-abortable-preclean: 0.000/0.000 secs] [Times: user=0.00 sys=0.00, real=0.00 secs] 
2023-01-17T04:43:21.472+0800: 34.539: [GC (CMS Final Remark) [YG occupancy: 75853 K (115200 K)]2023-01-17T04:43:21.473+0800: 34.539: [Rescan (parallel) , 0.0305667 secs]2023-01-17T04:43:21.503+0800: 34.569: [weak refs processing, 0.0000600 secs]2023-01-17T04:43:21.503+0800: 34.570: [class unloading, 0.0197298 secs]2023-01-17T04:43:21.523+0800: 34.589: [scrub symbol table, 0.0051218 secs]2023-01-17T04:43:21.528+0800: 34.594: [scrub string table, 0.0008992 secs][1 CMS-remark: 134143K(134144K)] 209997K(249344K), 0.0566684 secs] [Times: user=0.12 sys=0.00, real=0.05 secs] 
2023-01-17T04:43:21.530+0800: 34.596: [CMS-concurrent-sweep-start]
2023-01-17T04:43:21.548+0800: 34.615: [CMS-concurrent-sweep: 0.018/0.018 secs] [Times: user=0.05 sys=0.00, real=0.01 secs] 
2023-01-17T04:43:21.548+0800: 34.615: [CMS-concurrent-reset-start]
2023-01-17T04:43:21.549+0800: 34.615: [CMS-concurrent-reset: 0.000/0.000 secs] [Times: user=0.00 sys=0.00, real=0.00 secs] 
{Heap before GC invocations=55 (full 68):
 par new generation   total 115200K, used 115199K [0x00000000f0000000, 0x00000000f7d00000, 0x00000000f7d00000)
  eden space 102400K, 100% used [0x00000000f0000000, 0x00000000f6400000, 0x00000000f6400000)
  from space 12800K,  99% used [0x00000000f6400000, 0x00000000f707fff0, 0x00000000f7080000)
  to   space 12800K,   0% used [0x00000000f7080000, 0x00000000f7080000, 0x00000000f7d00000)
 concurrent mark-sweep generation total 134144K, used 134143K [0x00000000f7d00000, 0x0000000100000000, 0x0000000100000000)
 Metaspace       used 51802K, capacity 54702K, committed 55296K, reserved 1097728K
  class space    used 6326K, capacity 6825K, committed 6912K, reserved 1048576K
2023-01-17T04:43:21.669+0800: 34.735: [GC (Allocation Failure) 2023-01-17T04:43:21.669+0800: 34.735: [ParNew: 115199K->115199K(115200K), 0.0000250 secs]2023-01-17T04:43:21.669+0800: 34.735: [CMS: 134143K->134143K(134144K), 0.2362528 secs] 249343K->140027K(249344K), [Metaspace: 51802K->51802K(1097728K)], 0.2366665 secs] [Times: user=0.23 sys=0.00, real=0.24 secs] 
Heap after GC invocations=56 (full 69):
 par new generation   total 115200K, used 5883K [0x00000000f0000000, 0x00000000f7d00000, 0x00000000f7d00000)
  eden space 102400K,   5% used [0x00000000f0000000, 0x00000000f05bee20, 0x00000000f6400000)
  from space 12800K,   0% used [0x00000000f6400000, 0x00000000f6400000, 0x00000000f7080000)
  to   space 12800K,   0% used [0x00000000f7080000, 0x00000000f7080000, 0x00000000f7d00000)
 concurrent mark-sweep generation total 134144K, used 134143K [0x00000000f7d00000, 0x0000000100000000, 0x0000000100000000)
 Metaspace       used 51802K, capacity 54702K, committed 55296K, reserved 1097728K
  class space    used 6326K, capacity 6825K, committed 6912K, reserved 1048576K
}
2023-01-17T04:43:21.913+0800: 34.979: [GC (CMS Initial Mark) [1 CMS-initial-mark: 134143K(134144K)] 140986K(249344K), 0.0087796 secs] [Times: user=0.03 sys=0.00, real=0.01 secs] 
2023-01-17T04:43:21.922+0800: 34.988: [CMS-concurrent-mark-start]
2023-01-17T04:43:22.000+0800: 35.066: [CMS-concurrent-mark: 0.078/0.078 secs] [Times: user=0.25 sys=0.03, real=0.08 secs] 
2023-01-17T04:43:22.000+0800: 35.067: [CMS-concurrent-preclean-start]
2023-01-17T04:43:22.050+0800: 35.117: [CMS-concurrent-preclean: 0.050/0.050 secs] [Times: user=0.17 sys=0.03, real=0.05 secs] 
2023-01-17T04:43:22.051+0800: 35.117: [CMS-concurrent-abortable-preclean-start]
2023-01-17T04:43:22.051+0800: 35.117: [CMS-concurrent-abortable-preclean: 0.000/0.000 secs] [Times: user=0.00 sys=0.00, real=0.00 secs] 
2023-01-17T04:43:22.057+0800: 35.123: [GC (CMS Final Remark) [YG occupancy: 72324 K (115200 K)]2023-01-17T04:43:22.057+0800: 35.123: [Rescan (parallel) , 0.0237583 secs]2023-01-17T04:43:22.080+0800: 35.147: [weak refs processing, 0.0000516 secs]2023-01-17T04:43:22.081+0800: 35.147: [class unloading, 0.0146941 secs]2023-01-17T04:43:22.095+0800: 35.162: [scrub symbol table, 0.0051369 secs]2023-01-17T04:43:22.100+0800: 35.167: [scrub string table, 0.0008633 secs][1 CMS-remark: 134143K(134144K)] 206468K(249344K), 0.0447437 secs] [Times: user=0.11 sys=0.00, real=0.05 secs] 
2023-01-17T04:43:22.102+0800: 35.168: [CMS-concurrent-sweep-start]
2023-01-17T04:43:22.120+0800: 35.187: [CMS-concurrent-sweep: 0.019/0.019 secs] [Times: user=0.06 sys=0.01, real=0.02 secs] 
2023-01-17T04:43:22.121+0800: 35.187: [CMS-concurrent-reset-start]
2023-01-17T04:43:22.121+0800: 35.187: [CMS-concurrent-reset: 0.000/0.000 secs] [Times: user=0.00 sys=0.00, real=0.00 secs] 
{Heap before GC invocations=56 (full 70):
 par new generation   total 115200K, used 115199K [0x00000000f0000000, 0x00000000f7d00000, 0x00000000f7d00000)
  eden space 102400K, 100% used [0x00000000f0000000, 0x00000000f6400000, 0x00000000f6400000)
  from space 12800K,  99% used [0x00000000f6400000, 0x00000000f707fff8, 0x00000000f7080000)
  to   space 12800K,   0% used [0x00000000f7080000, 0x00000000f7080000, 0x00000000f7d00000)
 concurrent mark-sweep generation total 134144K, used 134143K [0x00000000f7d00000, 0x0000000100000000, 0x0000000100000000)
 Metaspace       used 51805K, capacity 54702K, committed 55296K, reserved 1097728K
  class space    used 6326K, capacity 6825K, committed 6912K, reserved 1048576K
2023-01-17T04:43:22.237+0800: 35.303: [GC (Allocation Failure) 2023-01-17T04:43:22.237+0800: 35.303: [ParNew: 115199K->115199K(115200K), 0.0000497 secs]2023-01-17T04:43:22.237+0800: 35.303: [CMS: 134143K->134143K(134144K), 0.2195061 secs] 249343K->140036K(249344K), [Metaspace: 51805K->51805K(1097728K)], 0.2199752 secs] [Times: user=0.25 sys=0.00, real=0.22 secs] 
Heap after GC invocations=57 (full 71):
 par new generation   total 115200K, used 5892K [0x00000000f0000000, 0x00000000f7d00000, 0x00000000f7d00000)
  eden space 102400K,   5% used [0x00000000f0000000, 0x00000000f05c1078, 0x00000000f6400000)
  from space 12800K,   0% used [0x00000000f6400000, 0x00000000f6400000, 0x00000000f7080000)
  to   space 12800K,   0% used [0x00000000f7080000, 0x00000000f7080000, 0x00000000f7d00000)
 concurrent mark-sweep generation total 134144K, used 134143K [0x00000000f7d00000, 0x0000000100000000, 0x0000000100000000)
 Metaspace       used 51805K, capacity 54702K, committed 55296K, reserved 1097728K
  class space    used 6326K, capacity 6825K, committed 6912K, reserved 1048576K
}
2023-01-17T04:43:22.463+0800: 35.529: [GC (CMS Initial Mark) [1 CMS-initial-mark: 134143K(134144K)] 140330K(249344K), 0.0067271 secs] [Times: user=0.02 sys=0.00, real=0.01 secs] 
2023-01-17T04:43:22.470+0800: 35.536: [CMS-concurrent-mark-start]
2023-01-17T04:43:22.696+0800: 35.762: [CMS-concurrent-mark: 0.226/0.226 secs] [Times: user=0.66 sys=0.09, real=0.22 secs] 
2023-01-17T04:43:22.696+0800: 35.763: [CMS-concurrent-preclean-start]
{Heap before GC invocations=57 (full 72):
 par new generation   total 115200K, used 115199K [0x00000000f0000000, 0x00000000f7d00000, 0x00000000f7d00000)
  eden space 102400K, 100% used [0x00000000f0000000, 0x00000000f6400000, 0x00000000f6400000)
  from space 12800K,  99% used [0x00000000f6400000, 0x00000000f707ffc8, 0x00000000f7080000)
  to   space 12800K,   0% used [0x00000000f7080000, 0x00000000f7080000, 0x00000000f7d00000)
 concurrent mark-sweep generation total 134144K, used 134143K [0x00000000f7d00000, 0x0000000100000000, 0x0000000100000000)
 Metaspace       used 51805K, capacity 54702K, committed 55296K, reserved 1097728K
  class space    used 6326K, capacity 6825K, committed 6912K, reserved 1048576K
2023-01-17T04:43:22.722+0800: 35.788: [Full GC (Allocation Failure) 2023-01-17T04:43:22.722+0800: 35.789: [CMS2023-01-17T04:43:22.801+0800: 35.868: [CMS-concurrent-preclean: 0.062/0.105 secs] [Times: user=0.13 sys=0.01, real=0.11 secs] 
 (concurrent mode failure): 134143K->134143K(134144K), 0.3076225 secs] 249343K->140027K(249344K), [Metaspace: 51805K->51805K(1097728K)], 0.3081277 secs] [Times: user=0.31 sys=0.00, real=0.31 secs] 
Heap after GC invocations=58 (full 73):
 par new generation   total 115200K, used 5883K [0x00000000f0000000, 0x00000000f7d00000, 0x00000000f7d00000)
  eden space 102400K,   5% used [0x00000000f0000000, 0x00000000f05beec8, 0x00000000f6400000)
  from space 12800K,   0% used [0x00000000f6400000, 0x00000000f6400000, 0x00000000f7080000)
  to   space 12800K,   0% used [0x00000000f7080000, 0x00000000f7080000, 0x00000000f7d00000)
 concurrent mark-sweep generation total 134144K, used 134143K [0x00000000f7d00000, 0x0000000100000000, 0x0000000100000000)
 Metaspace       used 51805K, capacity 54702K, committed 55296K, reserved 1097728K
  class space    used 6326K, capacity 6825K, committed 6912K, reserved 1048576K
}
{Heap before GC invocations=58 (full 73):
 par new generation   total 115200K, used 115200K [0x00000000f0000000, 0x00000000f7d00000, 0x00000000f7d00000)
  eden space 102400K, 100% used [0x00000000f0000000, 0x00000000f6400000, 0x00000000f6400000)
  from space 12800K, 100% used [0x00000000f6400000, 0x00000000f7080000, 0x00000000f7080000)
  to   space 12800K,   0% used [0x00000000f7080000, 0x00000000f7080000, 0x00000000f7d00000)
 concurrent mark-sweep generation total 134144K, used 134143K [0x00000000f7d00000, 0x0000000100000000, 0x0000000100000000)
 Metaspace       used 51822K, capacity 54702K, committed 55296K, reserved 1097728K
  class space    used 6329K, capacity 6825K, committed 6912K, reserved 1048576K
2023-01-17T04:43:23.234+0800: 36.300: [Full GC (Allocation Failure) 2023-01-17T04:43:23.234+0800: 36.301: [CMS: 134143K->134143K(134144K), 0.2156684 secs] 249343K->140046K(249344K), [Metaspace: 51822K->51822K(1097728K)], 0.2160675 secs] [Times: user=0.22 sys=0.00, real=0.22 secs] 
Heap after GC invocations=59 (full 74):
 par new generation   total 115200K, used 5902K [0x00000000f0000000, 0x00000000f7d00000, 0x00000000f7d00000)
  eden space 102400K,   5% used [0x00000000f0000000, 0x00000000f05c38a8, 0x00000000f6400000)
  from space 12800K,   0% used [0x00000000f6400000, 0x00000000f6400000, 0x00000000f7080000)
  to   space 12800K,   0% used [0x00000000f7080000, 0x00000000f7080000, 0x00000000f7d00000)
 concurrent mark-sweep generation total 134144K, used 134143K [0x00000000f7d00000, 0x0000000100000000, 0x0000000100000000)
 Metaspace       used 51822K, capacity 54702K, committed 55296K, reserved 1097728K
  class space    used 6329K, capacity 6825K, committed 6912K, reserved 1048576K
}
2023-01-17T04:43:23.456+0800: 36.522: [GC (CMS Initial Mark) [1 CMS-initial-mark: 134143K(134144K)] 140249K(249344K), 0.0079979 secs] [Times: user=0.03 sys=0.00, real=0.01 secs] 
2023-01-17T04:43:23.464+0800: 36.531: [CMS-concurrent-mark-start]
2023-01-17T04:43:23.538+0800: 36.604: [CMS-concurrent-mark: 0.073/0.073 secs] [Times: user=0.19 sys=0.03, real=0.07 secs] 
2023-01-17T04:43:23.538+0800: 36.604: [CMS-concurrent-preclean-start]
2023-01-17T04:43:23.586+0800: 36.653: [CMS-concurrent-preclean: 0.048/0.048 secs] [Times: user=0.13 sys=0.01, real=0.05 secs] 
2023-01-17T04:43:23.587+0800: 36.653: [CMS-concurrent-abortable-preclean-start]
2023-01-17T04:43:23.587+0800: 36.653: [CMS-concurrent-abortable-preclean: 0.000/0.000 secs] [Times: user=0.00 sys=0.00, real=0.00 secs] 
2023-01-17T04:43:23.593+0800: 36.659: [GC (CMS Final Remark) [YG occupancy: 68641 K (115200 K)]2023-01-17T04:43:23.593+0800: 36.660: [Rescan (parallel) , 0.0283384 secs]2023-01-17T04:43:23.622+0800: 36.688: [weak refs processing, 0.0000424 secs]2023-01-17T04:43:23.622+0800: 36.688: [class unloading, 0.0143949 secs]2023-01-17T04:43:23.636+0800: 36.702: [scrub symbol table, 0.0051585 secs]2023-01-17T04:43:23.641+0800: 36.708: [scrub string table, 0.0008809 secs][1 CMS-remark: 134143K(134144K)] 202785K(249344K), 0.0490601 secs] [Times: user=0.10 sys=0.00, real=0.05 secs] 
2023-01-17T04:43:23.643+0800: 36.709: [CMS-concurrent-sweep-start]
2023-01-17T04:43:23.663+0800: 36.730: [CMS-concurrent-sweep: 0.021/0.021 secs] [Times: user=0.06 sys=0.02, real=0.02 secs] 
2023-01-17T04:43:23.664+0800: 36.730: [CMS-concurrent-reset-start]
2023-01-17T04:43:23.664+0800: 36.730: [CMS-concurrent-reset: 0.000/0.000 secs] [Times: user=0.00 sys=0.00, real=0.00 secs] 
{Heap before GC invocations=59 (full 75):
 par new generation   total 115200K, used 115200K [0x00000000f0000000, 0x00000000f7d00000, 0x00000000f7d00000)
  eden space 102400K, 100% used [0x00000000f0000000, 0x00000000f6400000, 0x00000000f6400000)
  from space 12800K, 100% used [0x00000000f6400000, 0x00000000f7080000, 0x00000000f7080000)
  to   space 12800K,   0% used [0x00000000f7080000, 0x00000000f7080000, 0x00000000f7d00000)
 concurrent mark-sweep generation total 134144K, used 134143K [0x00000000f7d00000, 0x0000000100000000, 0x0000000100000000)
 Metaspace       used 51823K, capacity 54702K, committed 55296K, reserved 1097728K
  class space    used 6330K, capacity 6825K, committed 6912K, reserved 1048576K
2023-01-17T04:43:23.775+0800: 36.841: [GC (Allocation Failure) 2023-01-17T04:43:23.775+0800: 36.841: [ParNew: 115200K->115200K(115200K), 0.0000297 secs]2023-01-17T04:43:23.775+0800: 36.841: [CMS: 134143K->134143K(134144K), 0.2280175 secs] 249343K->140016K(249344K), [Metaspace: 51823K->51823K(1097728K)], 0.2284292 secs] [Times: user=0.22 sys=0.00, real=0.23 secs] 
Heap after GC invocations=60 (full 76):
 par new generation   total 115200K, used 5872K [0x00000000f0000000, 0x00000000f7d00000, 0x00000000f7d00000)
  eden space 102400K,   5% used [0x00000000f0000000, 0x00000000f05bc038, 0x00000000f6400000)
  from space 12800K,   0% used [0x00000000f6400000, 0x00000000f6400000, 0x00000000f7080000)
  to   space 12800K,   0% used [0x00000000f7080000, 0x00000000f7080000, 0x00000000f7d00000)
 concurrent mark-sweep generation total 134144K, used 134143K [0x00000000f7d00000, 0x0000000100000000, 0x0000000100000000)
 Metaspace       used 51823K, capacity 54702K, committed 55296K, reserved 1097728K
  class space    used 6330K, capacity 6825K, committed 6912K, reserved 1048576K
}
2023-01-17T04:43:24.012+0800: 37.078: [GC (CMS Initial Mark) [1 CMS-initial-mark: 134143K(134144K)] 141945K(249344K), 0.0073222 secs] [Times: user=0.03 sys=0.00, real=0.00 secs] 
2023-01-17T04:43:24.020+0800: 37.086: [CMS-concurrent-mark-start]
2023-01-17T04:43:24.179+0800: 37.246: [CMS-concurrent-mark: 0.160/0.160 secs] [Times: user=0.44 sys=0.07, real=0.15 secs] 
2023-01-17T04:43:24.180+0800: 37.246: [CMS-concurrent-preclean-start]
{Heap before GC invocations=60 (full 77):
 par new generation   total 115200K, used 115199K [0x00000000f0000000, 0x00000000f7d00000, 0x00000000f7d00000)
  eden space 102400K, 100% used [0x00000000f0000000, 0x00000000f6400000, 0x00000000f6400000)
  from space 12800K,  99% used [0x00000000f6400000, 0x00000000f707fff8, 0x00000000f7080000)
  to   space 12800K,   0% used [0x00000000f7080000, 0x00000000f7080000, 0x00000000f7d00000)
 concurrent mark-sweep generation total 134144K, used 134144K [0x00000000f7d00000, 0x0000000100000000, 0x0000000100000000)
 Metaspace       used 51823K, capacity 54702K, committed 55296K, reserved 1097728K
  class space    used 6330K, capacity 6825K, committed 6912K, reserved 1048576K
2023-01-17T04:43:24.247+0800: 37.313: [Full GC (Allocation Failure) 2023-01-17T04:43:24.247+0800: 37.313: [CMS2023-01-17T04:43:24.295+0800: 37.361: [CMS-concurrent-preclean: 0.086/0.115 secs] [Times: user=0.23 sys=0.02, real=0.11 secs] 
 (concurrent mode failure): 134144K->134143K(134144K), 0.2408457 secs] 249343K->140015K(249344K), [Metaspace: 51823K->51823K(1097728K)], 0.2412440 secs] [Times: user=0.24 sys=0.00, real=0.24 secs] 
Heap after GC invocations=61 (full 78):
 par new generation   total 115200K, used 5871K [0x00000000f0000000, 0x00000000f7d00000, 0x00000000f7d00000)
  eden space 102400K,   5% used [0x00000000f0000000, 0x00000000f05bbd20, 0x00000000f6400000)
  from space 12800K,   0% used [0x00000000f6400000, 0x00000000f6400000, 0x00000000f7080000)
  to   space 12800K,   0% used [0x00000000f7080000, 0x00000000f7080000, 0x00000000f7d00000)
 concurrent mark-sweep generation total 134144K, used 134143K [0x00000000f7d00000, 0x0000000100000000, 0x0000000100000000)
 Metaspace       used 51823K, capacity 54702K, committed 55296K, reserved 1097728K
  class space    used 6330K, capacity 6825K, committed 6912K, reserved 1048576K
}
{Heap before GC invocations=61 (full 78):
 par new generation   total 115200K, used 115200K [0x00000000f0000000, 0x00000000f7d00000, 0x00000000f7d00000)
  eden space 102400K, 100% used [0x00000000f0000000, 0x00000000f6400000, 0x00000000f6400000)
  from space 12800K, 100% used [0x00000000f6400000, 0x00000000f7080000, 0x00000000f7080000)
  to   space 12800K,   0% used [0x00000000f7080000, 0x00000000f7080000, 0x00000000f7d00000)
 concurrent mark-sweep generation total 134144K, used 134143K [0x00000000f7d00000, 0x0000000100000000, 0x0000000100000000)
 Metaspace       used 51823K, capacity 54702K, committed 55296K, reserved 1097728K
  class space    used 6330K, capacity 6825K, committed 6912K, reserved 1048576K
2023-01-17T04:43:24.674+0800: 37.741: [Full GC (Allocation Failure) 2023-01-17T04:43:24.675+0800: 37.741: [CMS: 134143K->134143K(134144K), 0.2138095 secs] 249343K->140035K(249344K), [Metaspace: 51823K->51823K(1097728K)], 0.2142438 secs] [Times: user=0.21 sys=0.00, real=0.21 secs] 
Heap after GC invocations=62 (full 79):
 par new generation   total 115200K, used 5891K [0x00000000f0000000, 0x00000000f7d00000, 0x00000000f7d00000)
  eden space 102400K,   5% used [0x00000000f0000000, 0x00000000f05c0da0, 0x00000000f6400000)
  from space 12800K,   0% used [0x00000000f6400000, 0x00000000f6400000, 0x00000000f7080000)
  to   space 12800K,   0% used [0x00000000f7080000, 0x00000000f7080000, 0x00000000f7d00000)
 concurrent mark-sweep generation total 134144K, used 134143K [0x00000000f7d00000, 0x0000000100000000, 0x0000000100000000)
 Metaspace       used 51823K, capacity 54702K, committed 55296K, reserved 1097728K
  class space    used 6330K, capacity 6825K, committed 6912K, reserved 1048576K
}
2023-01-17T04:43:24.894+0800: 37.960: [GC (CMS Initial Mark) [1 CMS-initial-mark: 134143K(134144K)] 140166K(249344K), 0.0062200 secs] [Times: user=0.02 sys=0.00, real=0.01 secs] 
2023-01-17T04:43:24.901+0800: 37.967: [CMS-concurrent-mark-start]
2023-01-17T04:43:24.976+0800: 38.042: [CMS-concurrent-mark: 0.075/0.075 secs] [Times: user=0.20 sys=0.03, real=0.07 secs] 
2023-01-17T04:43:24.976+0800: 38.042: [CMS-concurrent-preclean-start]
2023-01-17T04:43:25.027+0800: 38.093: [CMS-concurrent-preclean: 0.051/0.051 secs] [Times: user=0.13 sys=0.02, real=0.05 secs] 
2023-01-17T04:43:25.027+0800: 38.094: [CMS-concurrent-abortable-preclean-start]
2023-01-17T04:43:25.027+0800: 38.094: [CMS-concurrent-abortable-preclean: 0.000/0.000 secs] [Times: user=0.00 sys=0.00, real=0.00 secs] 
2023-01-17T04:43:25.036+0800: 38.102: [GC (CMS Final Remark) [YG occupancy: 70235 K (115200 K)]2023-01-17T04:43:25.036+0800: 38.102: [Rescan (parallel) , 0.0283587 secs]2023-01-17T04:43:25.065+0800: 38.131: [weak refs processing, 0.0000415 secs]2023-01-17T04:43:25.065+0800: 38.131: [class unloading, 0.0141032 secs]2023-01-17T04:43:25.079+0800: 38.145: [scrub symbol table, 0.0051804 secs]2023-01-17T04:43:25.084+0800: 38.150: [scrub string table, 0.0008936 secs][1 CMS-remark: 134143K(134144K)] 204379K(249344K), 0.0488033 secs] [Times: user=0.10 sys=0.00, real=0.05 secs] 
2023-01-17T04:43:25.085+0800: 38.152: [CMS-concurrent-sweep-start]
2023-01-17T04:43:25.104+0800: 38.170: [CMS-concurrent-sweep: 0.019/0.019 secs] [Times: user=0.05 sys=0.02, real=0.02 secs] 
2023-01-17T04:43:25.104+0800: 38.170: [CMS-concurrent-reset-start]
2023-01-17T04:43:25.104+0800: 38.171: [CMS-concurrent-reset: 0.000/0.000 secs] [Times: user=0.00 sys=0.00, real=0.00 secs] 
{Heap before GC invocations=62 (full 80):
 par new generation   total 115200K, used 115200K [0x00000000f0000000, 0x00000000f7d00000, 0x00000000f7d00000)
  eden space 102400K, 100% used [0x00000000f0000000, 0x00000000f6400000, 0x00000000f6400000)
  from space 12800K, 100% used [0x00000000f6400000, 0x00000000f7080000, 0x00000000f7080000)
  to   space 12800K,   0% used [0x00000000f7080000, 0x00000000f7080000, 0x00000000f7d00000)
 concurrent mark-sweep generation total 134144K, used 134143K [0x00000000f7d00000, 0x0000000100000000, 0x0000000100000000)
 Metaspace       used 51823K, capacity 54702K, committed 55296K, reserved 1097728K
  class space    used 6330K, capacity 6825K, committed 6912K, reserved 1048576K
2023-01-17T04:43:25.221+0800: 38.287: [GC (Allocation Failure) 2023-01-17T04:43:25.221+0800: 38.288: [ParNew: 115200K->115200K(115200K), 0.0000275 secs]2023-01-17T04:43:25.221+0800: 38.288: [CMS: 134143K->134143K(134144K), 0.2180190 secs] 249343K->140009K(249344K), [Metaspace: 51823K->51823K(1097728K)], 0.2184649 secs] [Times: user=0.22 sys=0.00, real=0.22 secs] 
Heap after GC invocations=63 (full 81):
 par new generation   total 115200K, used 5865K [0x00000000f0000000, 0x00000000f7d00000, 0x00000000f7d00000)
  eden space 102400K,   5% used [0x00000000f0000000, 0x00000000f05ba480, 0x00000000f6400000)
  from space 12800K,   0% used [0x00000000f6400000, 0x00000000f6400000, 0x00000000f7080000)
  to   space 12800K,   0% used [0x00000000f7080000, 0x00000000f7080000, 0x00000000f7d00000)
 concurrent mark-sweep generation total 134144K, used 134143K [0x00000000f7d00000, 0x0000000100000000, 0x0000000100000000)
 Metaspace       used 51823K, capacity 54702K, committed 55296K, reserved 1097728K
  class space    used 6330K, capacity 6825K, committed 6912K, reserved 1048576K
}
2023-01-17T04:43:25.445+0800: 38.512: [GC (CMS Initial Mark) [1 CMS-initial-mark: 134143K(134144K)] 140602K(249344K), 0.0063219 secs] [Times: user=0.02 sys=0.00, real=0.01 secs] 
2023-01-17T04:43:25.452+0800: 38.518: [CMS-concurrent-mark-start]
2023-01-17T04:43:25.521+0800: 38.588: [CMS-concurrent-mark: 0.069/0.069 secs] [Times: user=0.23 sys=0.04, real=0.07 secs] 
2023-01-17T04:43:25.522+0800: 38.588: [CMS-concurrent-preclean-start]
2023-01-17T04:43:25.568+0800: 38.634: [CMS-concurrent-preclean: 0.046/0.046 secs] [Times: user=0.16 sys=0.02, real=0.04 secs] 
2023-01-17T04:43:25.568+0800: 38.634: [CMS-concurrent-abortable-preclean-start]
2023-01-17T04:43:25.568+0800: 38.634: [CMS-concurrent-abortable-preclean: 0.000/0.000 secs] [Times: user=0.00 sys=0.00, real=0.00 secs] 
2023-01-17T04:43:25.572+0800: 38.639: [GC (CMS Final Remark) [YG occupancy: 80061 K (115200 K)]2023-01-17T04:43:25.573+0800: 38.639: [Rescan (parallel) , 0.0230570 secs]2023-01-17T04:43:25.596+0800: 38.662: [weak refs processing, 0.0000458 secs]2023-01-17T04:43:25.596+0800: 38.662: [class unloading, 0.0141645 secs]2023-01-17T04:43:25.610+0800: 38.676: [scrub symbol table, 0.0053249 secs]2023-01-17T04:43:25.615+0800: 38.682: [scrub string table, 0.0008947 secs][1 CMS-remark: 134143K(134144K)] 214205K(249344K), 0.0437668 secs] [Times: user=0.11 sys=0.00, real=0.04 secs] 
2023-01-17T04:43:25.617+0800: 38.683: [CMS-concurrent-sweep-start]
2023-01-17T04:43:25.636+0800: 38.702: [CMS-concurrent-sweep: 0.019/0.019 secs] [Times: user=0.07 sys=0.00, real=0.02 secs] 
2023-01-17T04:43:25.636+0800: 38.702: [CMS-concurrent-reset-start]
2023-01-17T04:43:25.636+0800: 38.703: [CMS-concurrent-reset: 0.000/0.000 secs] [Times: user=0.00 sys=0.00, real=0.00 secs] 
{Heap before GC invocations=63 (full 82):
 par new generation   total 115200K, used 115200K [0x00000000f0000000, 0x00000000f7d00000, 0x00000000f7d00000)
  eden space 102400K, 100% used [0x00000000f0000000, 0x00000000f6400000, 0x00000000f6400000)
  from space 12800K, 100% used [0x00000000f6400000, 0x00000000f7080000, 0x00000000f7080000)
  to   space 12800K,   0% used [0x00000000f7080000, 0x00000000f7080000, 0x00000000f7d00000)
 concurrent mark-sweep generation total 134144K, used 134143K [0x00000000f7d00000, 0x0000000100000000, 0x0000000100000000)
 Metaspace       used 51823K, capacity 54702K, committed 55296K, reserved 1097728K
  class space    used 6330K, capacity 6825K, committed 6912K, reserved 1048576K
2023-01-17T04:43:25.728+0800: 38.794: [GC (Allocation Failure) 2023-01-17T04:43:25.728+0800: 38.795: [ParNew: 115200K->115200K(115200K), 0.0000353 secs]2023-01-17T04:43:25.728+0800: 38.795: [CMS: 134143K->134143K(134144K), 0.2229830 secs] 249343K->140018K(249344K), [Metaspace: 51823K->51823K(1097728K)], 0.2235337 secs] [Times: user=0.22 sys=0.00, real=0.23 secs] 
Heap after GC invocations=64 (full 83):
 par new generation   total 115200K, used 5874K [0x00000000f0000000, 0x00000000f7d00000, 0x00000000f7d00000)
  eden space 102400K,   5% used [0x00000000f0000000, 0x00000000f05bc8f8, 0x00000000f6400000)
  from space 12800K,   0% used [0x00000000f6400000, 0x00000000f6400000, 0x00000000f7080000)
  to   space 12800K,   0% used [0x00000000f7080000, 0x00000000f7080000, 0x00000000f7d00000)
 concurrent mark-sweep generation total 134144K, used 134143K [0x00000000f7d00000, 0x0000000100000000, 0x0000000100000000)
 Metaspace       used 51823K, capacity 54702K, committed 55296K, reserved 1097728K
  class space    used 6330K, capacity 6825K, committed 6912K, reserved 1048576K
}
2023-01-17T04:43:25.958+0800: 39.025: [GC (CMS Initial Mark) [1 CMS-initial-mark: 134143K(134144K)] 141198K(249344K), 0.0063789 secs] [Times: user=0.02 sys=0.00, real=0.01 secs] 
2023-01-17T04:43:25.965+0800: 39.031: [CMS-concurrent-mark-start]
2023-01-17T04:43:26.037+0800: 39.103: [CMS-concurrent-mark: 0.072/0.072 secs] [Times: user=0.24 sys=0.03, real=0.07 secs] 
2023-01-17T04:43:26.037+0800: 39.103: [CMS-concurrent-preclean-start]
2023-01-17T04:43:26.082+0800: 39.149: [CMS-concurrent-preclean: 0.046/0.046 secs] [Times: user=0.15 sys=0.02, real=0.05 secs] 
2023-01-17T04:43:26.083+0800: 39.149: [CMS-concurrent-abortable-preclean-start]
2023-01-17T04:43:26.083+0800: 39.149: [CMS-concurrent-abortable-preclean: 0.000/0.000 secs] [Times: user=0.00 sys=0.00, real=0.00 secs] 
2023-01-17T04:43:26.089+0800: 39.155: [GC (CMS Final Remark) [YG occupancy: 86180 K (115200 K)]2023-01-17T04:43:26.089+0800: 39.155: [Rescan (parallel) , 0.0244667 secs]2023-01-17T04:43:26.113+0800: 39.180: [weak refs processing, 0.0000435 secs]2023-01-17T04:43:26.113+0800: 39.180: [class unloading, 0.0139552 secs]2023-01-17T04:43:26.127+0800: 39.194: [scrub symbol table, 0.0050871 secs]2023-01-17T04:43:26.132+0800: 39.199: [scrub string table, 0.0008843 secs][1 CMS-remark: 134143K(134144K)] 220324K(249344K), 0.0446577 secs] [Times: user=0.12 sys=0.00, real=0.05 secs] 
2023-01-17T04:43:26.134+0800: 39.200: [CMS-concurrent-sweep-start]
2023-01-17T04:43:26.152+0800: 39.219: [CMS-concurrent-sweep: 0.018/0.018 secs] [Times: user=0.06 sys=0.01, real=0.02 secs] 
2023-01-17T04:43:26.152+0800: 39.219: [CMS-concurrent-reset-start]
2023-01-17T04:43:26.153+0800: 39.219: [CMS-concurrent-reset: 0.000/0.000 secs] [Times: user=0.01 sys=0.00, real=0.00 secs] 
{Heap before GC invocations=64 (full 84):
 par new generation   total 115200K, used 115199K [0x00000000f0000000, 0x00000000f7d00000, 0x00000000f7d00000)
  eden space 102400K, 100% used [0x00000000f0000000, 0x00000000f6400000, 0x00000000f6400000)
  from space 12800K,  99% used [0x00000000f6400000, 0x00000000f707ffe8, 0x00000000f7080000)
  to   space 12800K,   0% used [0x00000000f7080000, 0x00000000f7080000, 0x00000000f7d00000)
 concurrent mark-sweep generation total 134144K, used 134143K [0x00000000f7d00000, 0x0000000100000000, 0x0000000100000000)
 Metaspace       used 51823K, capacity 54702K, committed 55296K, reserved 1097728K
  class space    used 6330K, capacity 6825K, committed 6912K, reserved 1048576K
2023-01-17T04:43:26.234+0800: 39.300: [GC (Allocation Failure) 2023-01-17T04:43:26.234+0800: 39.300: [ParNew: 115199K->115199K(115200K), 0.0000261 secs]2023-01-17T04:43:26.234+0800: 39.300: [CMS: 134143K->134143K(134144K), 0.2098816 secs] 249343K->140098K(249344K), [Metaspace: 51823K->51823K(1097728K)], 0.2103903 secs] [Times: user=0.21 sys=0.00, real=0.21 secs] 
Heap after GC invocations=65 (full 85):
 par new generation   total 115200K, used 5954K [0x00000000f0000000, 0x00000000f7d00000, 0x00000000f7d00000)
  eden space 102400K,   5% used [0x00000000f0000000, 0x00000000f05d09e0, 0x00000000f6400000)
  from space 12800K,   0% used [0x00000000f6400000, 0x00000000f6400000, 0x00000000f7080000)
  to   space 12800K,   0% used [0x00000000f7080000, 0x00000000f7080000, 0x00000000f7d00000)
 concurrent mark-sweep generation total 134144K, used 134143K [0x00000000f7d00000, 0x0000000100000000, 0x0000000100000000)
 Metaspace       used 51823K, capacity 54702K, committed 55296K, reserved 1097728K
  class space    used 6330K, capacity 6825K, committed 6912K, reserved 1048576K
}
2023-01-17T04:43:26.457+0800: 39.523: [GC (CMS Initial Mark) [1 CMS-initial-mark: 134143K(134144K)] 141962K(249344K), 0.0087919 secs] [Times: user=0.02 sys=0.00, real=0.01 secs] 
2023-01-17T04:43:26.466+0800: 39.532: [CMS-concurrent-mark-start]
2023-01-17T04:43:26.614+0800: 39.680: [CMS-concurrent-mark: 0.148/0.148 secs] [Times: user=0.32 sys=0.07, real=0.15 secs] 
2023-01-17T04:43:26.614+0800: 39.680: [CMS-concurrent-preclean-start]
2023-01-17T04:43:26.665+0800: 39.732: [CMS-concurrent-preclean: 0.051/0.051 secs] [Times: user=0.11 sys=0.02, real=0.05 secs] 
2023-01-17T04:43:26.666+0800: 39.732: [CMS-concurrent-abortable-preclean-start]
2023-01-17T04:43:26.666+0800: 39.732: [CMS-concurrent-abortable-preclean: 0.000/0.000 secs] [Times: user=0.00 sys=0.00, real=0.00 secs] 
2023-01-17T04:43:26.670+0800: 39.736: [GC (CMS Final Remark) [YG occupancy: 101788 K (115200 K)]2023-01-17T04:43:26.670+0800: 39.736: [Rescan (parallel) , 0.0435164 secs]2023-01-17T04:43:26.714+0800: 39.780: [weak refs processing, 0.0000673 secs]2023-01-17T04:43:26.714+0800: 39.780: [class unloading, 0.0205565 secs]2023-01-17T04:43:26.734+0800: 39.801: [scrub symbol table, 0.0091158 secs]2023-01-17T04:43:26.743+0800: 39.810: [scrub string table, 0.0012999 secs][1 CMS-remark: 134143K(134144K)] 235932K(249344K), 0.0748384 secs] [Times: user=0.17 sys=0.00, real=0.07 secs] 
2023-01-17T04:43:26.745+0800: 39.812: [CMS-concurrent-sweep-start]
2023-01-17T04:43:26.763+0800: 39.829: [CMS-concurrent-sweep: 0.018/0.018 secs] [Times: user=0.05 sys=0.00, real=0.02 secs] 
2023-01-17T04:43:26.763+0800: 39.830: [CMS-concurrent-reset-start]
2023-01-17T04:43:26.763+0800: 39.830: [CMS-concurrent-reset: 0.000/0.000 secs] [Times: user=0.00 sys=0.00, real=0.00 secs] 
{Heap before GC invocations=65 (full 86):
 par new generation   total 115200K, used 115200K [0x00000000f0000000, 0x00000000f7d00000, 0x00000000f7d00000)
  eden space 102400K, 100% used [0x00000000f0000000, 0x00000000f6400000, 0x00000000f6400000)
  from space 12800K, 100% used [0x00000000f6400000, 0x00000000f7080000, 0x00000000f7080000)
  to   space 12800K,   0% used [0x00000000f7080000, 0x00000000f7080000, 0x00000000f7d00000)
 concurrent mark-sweep generation total 134144K, used 134143K [0x00000000f7d00000, 0x0000000100000000, 0x0000000100000000)
 Metaspace       used 51827K, capacity 54702K, committed 55296K, reserved 1097728K
  class space    used 6330K, capacity 6825K, committed 6912K, reserved 1048576K
2023-01-17T04:43:26.829+0800: 39.895: [GC (Allocation Failure) 2023-01-17T04:43:26.829+0800: 39.895: [ParNew: 115200K->115200K(115200K), 0.0000253 secs]2023-01-17T04:43:26.829+0800: 39.895: [CMS: 134143K->134143K(134144K), 0.1965413 secs] 249343K->140041K(249344K), [Metaspace: 51827K->51827K(1097728K)], 0.1969769 secs] [Times: user=0.19 sys=0.00, real=0.20 secs] 
Heap after GC invocations=66 (full 87):
 par new generation   total 115200K, used 5897K [0x00000000f0000000, 0x00000000f7d00000, 0x00000000f7d00000)
  eden space 102400K,   5% used [0x00000000f0000000, 0x00000000f05c2750, 0x00000000f6400000)
  from space 12800K,   0% used [0x00000000f6400000, 0x00000000f6400000, 0x00000000f7080000)
  to   space 12800K,   0% used [0x00000000f7080000, 0x00000000f7080000, 0x00000000f7d00000)
 concurrent mark-sweep generation total 134144K, used 134143K [0x00000000f7d00000, 0x0000000100000000, 0x0000000100000000)
 Metaspace       used 51827K, capacity 54702K, committed 55296K, reserved 1097728K
  class space    used 6330K, capacity 6825K, committed 6912K, reserved 1048576K
}
2023-01-17T04:43:27.032+0800: 40.098: [GC (CMS Initial Mark) [1 CMS-initial-mark: 134143K(134144K)] 140635K(249344K), 0.0068040 secs] [Times: user=0.02 sys=0.00, real=0.00 secs] 
2023-01-17T04:43:27.039+0800: 40.105: [CMS-concurrent-mark-start]
2023-01-17T04:43:27.119+0800: 40.186: [CMS-concurrent-mark: 0.081/0.081 secs] [Times: user=0.28 sys=0.04, real=0.09 secs] 
2023-01-17T04:43:27.120+0800: 40.186: [CMS-concurrent-preclean-start]
2023-01-17T04:43:27.168+0800: 40.234: [CMS-concurrent-preclean: 0.048/0.048 secs] [Times: user=0.16 sys=0.02, real=0.04 secs] 
2023-01-17T04:43:27.168+0800: 40.234: [CMS-concurrent-abortable-preclean-start]
2023-01-17T04:43:27.168+0800: 40.234: [CMS-concurrent-abortable-preclean: 0.000/0.000 secs] [Times: user=0.00 sys=0.00, real=0.00 secs] 
2023-01-17T04:43:27.174+0800: 40.240: [GC (CMS Final Remark) [YG occupancy: 98691 K (115200 K)]2023-01-17T04:43:27.174+0800: 40.240: [Rescan (parallel) , 0.0282970 secs]2023-01-17T04:43:27.202+0800: 40.269: [weak refs processing, 0.0000388 secs]2023-01-17T04:43:27.202+0800: 40.269: [class unloading, 0.0137357 secs]2023-01-17T04:43:27.216+0800: 40.283: [scrub symbol table, 0.0051261 secs]2023-01-17T04:43:27.221+0800: 40.288: [scrub string table, 0.0008508 secs][1 CMS-remark: 134143K(134144K)] 232835K(249344K), 0.0482735 secs] [Times: user=0.13 sys=0.00, real=0.05 secs] 
2023-01-17T04:43:27.223+0800: 40.289: [CMS-concurrent-sweep-start]
2023-01-17T04:43:27.240+0800: 40.307: [CMS-concurrent-sweep: 0.017/0.017 secs] [Times: user=0.06 sys=0.00, real=0.02 secs] 
2023-01-17T04:43:27.241+0800: 40.307: [CMS-concurrent-reset-start]
2023-01-17T04:43:27.241+0800: 40.307: [CMS-concurrent-reset: 0.000/0.000 secs] [Times: user=0.00 sys=0.00, real=0.00 secs] 
{Heap before GC invocations=66 (full 88):
 par new generation   total 115200K, used 115199K [0x00000000f0000000, 0x00000000f7d00000, 0x00000000f7d00000)
  eden space 102400K, 100% used [0x00000000f0000000, 0x00000000f6400000, 0x00000000f6400000)
  from space 12800K,  99% used [0x00000000f6400000, 0x00000000f707fff8, 0x00000000f7080000)
  to   space 12800K,   0% used [0x00000000f7080000, 0x00000000f7080000, 0x00000000f7d00000)
 concurrent mark-sweep generation total 134144K, used 134143K [0x00000000f7d00000, 0x0000000100000000, 0x0000000100000000)
 Metaspace       used 51827K, capacity 54702K, committed 55296K, reserved 1097728K
  class space    used 6330K, capacity 6825K, committed 6912K, reserved 1048576K
2023-01-17T04:43:27.314+0800: 40.380: [GC (Allocation Failure) 2023-01-17T04:43:27.314+0800: 40.381: [ParNew: 115199K->115199K(115200K), 0.0000312 secs]2023-01-17T04:43:27.314+0800: 40.381: [CMS: 134143K->134143K(134144K), 0.2245218 secs] 249343K->140033K(249344K), [Metaspace: 51827K->51827K(1097728K)], 0.2250300 secs] [Times: user=0.23 sys=0.00, real=0.22 secs] 
Heap after GC invocations=67 (full 89):
 par new generation   total 115200K, used 5889K [0x00000000f0000000, 0x00000000f7d00000, 0x00000000f7d00000)
  eden space 102400K,   5% used [0x00000000f0000000, 0x00000000f05c0428, 0x00000000f6400000)
  from space 12800K,   0% used [0x00000000f6400000, 0x00000000f6400000, 0x00000000f7080000)
  to   space 12800K,   0% used [0x00000000f7080000, 0x00000000f7080000, 0x00000000f7d00000)
 concurrent mark-sweep generation total 134144K, used 134143K [0x00000000f7d00000, 0x0000000100000000, 0x0000000100000000)
 Metaspace       used 51827K, capacity 54702K, committed 55296K, reserved 1097728K
  class space    used 6330K, capacity 6825K, committed 6912K, reserved 1048576K
}
2023-01-17T04:43:27.545+0800: 40.611: [GC (CMS Initial Mark) [1 CMS-initial-mark: 134143K(134144K)] 140510K(249344K), 0.0066839 secs] [Times: user=0.02 sys=0.00, real=0.01 secs] 
2023-01-17T04:43:27.552+0800: 40.618: [CMS-concurrent-mark-start]
2023-01-17T04:43:27.622+0800: 40.688: [CMS-concurrent-mark: 0.070/0.070 secs] [Times: user=0.23 sys=0.04, real=0.07 secs] 
2023-01-17T04:43:27.622+0800: 40.689: [CMS-concurrent-preclean-start]
2023-01-17T04:43:27.669+0800: 40.735: [CMS-concurrent-preclean: 0.047/0.047 secs] [Times: user=0.15 sys=0.02, real=0.04 secs] 
2023-01-17T04:43:27.669+0800: 40.736: [CMS-concurrent-abortable-preclean-start]
2023-01-17T04:43:27.669+0800: 40.736: [CMS-concurrent-abortable-preclean: 0.000/0.000 secs] [Times: user=0.00 sys=0.00, real=0.00 secs] 
2023-01-17T04:43:27.674+0800: 40.740: [GC (CMS Final Remark) [YG occupancy: 87908 K (115200 K)]2023-01-17T04:43:27.674+0800: 40.740: [Rescan (parallel) , 0.0348921 secs]2023-01-17T04:43:27.709+0800: 40.775: [weak refs processing, 0.0000414 secs]2023-01-17T04:43:27.709+0800: 40.775: [class unloading, 0.0138485 secs]2023-01-17T04:43:27.723+0800: 40.789: [scrub symbol table, 0.0052700 secs]2023-01-17T04:43:27.728+0800: 40.794: [scrub string table, 0.0009104 secs][1 CMS-remark: 134143K(134144K)] 222052K(249344K), 0.0551889 secs] [Times: user=0.14 sys=0.00, real=0.05 secs] 
2023-01-17T04:43:27.729+0800: 40.796: [CMS-concurrent-sweep-start]
2023-01-17T04:43:27.749+0800: 40.816: [CMS-concurrent-sweep: 0.020/0.020 secs] [Times: user=0.05 sys=0.01, real=0.03 secs] 
2023-01-17T04:43:27.750+0800: 40.816: [CMS-concurrent-reset-start]
2023-01-17T04:43:27.750+0800: 40.816: [CMS-concurrent-reset: 0.000/0.000 secs] [Times: user=0.00 sys=0.00, real=0.00 secs] 
{Heap before GC invocations=67 (full 90):
 par new generation   total 115200K, used 115199K [0x00000000f0000000, 0x00000000f7d00000, 0x00000000f7d00000)
  eden space 102400K, 100% used [0x00000000f0000000, 0x00000000f6400000, 0x00000000f6400000)
  from space 12800K,  99% used [0x00000000f6400000, 0x00000000f707fff0, 0x00000000f7080000)
  to   space 12800K,   0% used [0x00000000f7080000, 0x00000000f7080000, 0x00000000f7d00000)
 concurrent mark-sweep generation total 134144K, used 134143K [0x00000000f7d00000, 0x0000000100000000, 0x0000000100000000)
 Metaspace       used 51827K, capacity 54702K, committed 55296K, reserved 1097728K
  class space    used 6330K, capacity 6825K, committed 6912K, reserved 1048576K
2023-01-17T04:43:27.836+0800: 40.902: [GC (Allocation Failure) 2023-01-17T04:43:27.836+0800: 40.902: [ParNew: 115199K->115199K(115200K), 0.0003480 secs]2023-01-17T04:43:27.836+0800: 40.903: [CMS: 134143K->134143K(134144K), 0.1994113 secs] 249343K->140036K(249344K), [Metaspace: 51827K->51827K(1097728K)], 0.2001939 secs] [Times: user=0.20 sys=0.00, real=0.20 secs] 
Heap after GC invocations=68 (full 91):
 par new generation   total 115200K, used 5892K [0x00000000f0000000, 0x00000000f7d00000, 0x00000000f7d00000)
  eden space 102400K,   5% used [0x00000000f0000000, 0x00000000f05c10a0, 0x00000000f6400000)
  from space 12800K,   0% used [0x00000000f6400000, 0x00000000f6400000, 0x00000000f7080000)
  to   space 12800K,   0% used [0x00000000f7080000, 0x00000000f7080000, 0x00000000f7d00000)
 concurrent mark-sweep generation total 134144K, used 134143K [0x00000000f7d00000, 0x0000000100000000, 0x0000000100000000)
 Metaspace       used 51827K, capacity 54702K, committed 55296K, reserved 1097728K
  class space    used 6330K, capacity 6825K, committed 6912K, reserved 1048576K
}
2023-01-17T04:43:28.042+0800: 41.108: [GC (CMS Initial Mark) [1 CMS-initial-mark: 134143K(134144K)] 140427K(249344K), 0.0078275 secs] [Times: user=0.03 sys=0.00, real=0.01 secs] 
2023-01-17T04:43:28.051+0800: 41.117: [CMS-concurrent-mark-start]
2023-01-17T04:43:28.126+0800: 41.192: [CMS-concurrent-mark: 0.075/0.075 secs] [Times: user=0.19 sys=0.04, real=0.07 secs] 
2023-01-17T04:43:28.126+0800: 41.193: [CMS-concurrent-preclean-start]
2023-01-17T04:43:28.174+0800: 41.240: [CMS-concurrent-preclean: 0.048/0.048 secs] [Times: user=0.13 sys=0.01, real=0.05 secs] 
2023-01-17T04:43:28.174+0800: 41.241: [CMS-concurrent-abortable-preclean-start]
2023-01-17T04:43:28.174+0800: 41.241: [CMS-concurrent-abortable-preclean: 0.000/0.000 secs] [Times: user=0.00 sys=0.00, real=0.00 secs] 
2023-01-17T04:43:28.181+0800: 41.247: [GC (CMS Final Remark) [YG occupancy: 70287 K (115200 K)]2023-01-17T04:43:28.181+0800: 41.247: [Rescan (parallel) , 0.0275889 secs]2023-01-17T04:43:28.208+0800: 41.275: [weak refs processing, 0.0000434 secs]2023-01-17T04:43:28.208+0800: 41.275: [class unloading, 0.0143620 secs]2023-01-17T04:43:28.223+0800: 41.289: [scrub symbol table, 0.0053514 secs]2023-01-17T04:43:28.228+0800: 41.295: [scrub string table, 0.0009101 secs][1 CMS-remark: 134143K(134144K)] 204431K(249344K), 0.0485044 secs] [Times: user=0.10 sys=0.00, real=0.04 secs] 
2023-01-17T04:43:28.230+0800: 41.296: [CMS-concurrent-sweep-start]
2023-01-17T04:43:28.249+0800: 41.316: [CMS-concurrent-sweep: 0.020/0.020 secs] [Times: user=0.05 sys=0.01, real=0.02 secs] 
2023-01-17T04:43:28.250+0800: 41.316: [CMS-concurrent-reset-start]
2023-01-17T04:43:28.250+0800: 41.317: [CMS-concurrent-reset: 0.000/0.000 secs] [Times: user=0.00 sys=0.00, real=0.00 secs] 
{Heap before GC invocations=68 (full 92):
 par new generation   total 115200K, used 115200K [0x00000000f0000000, 0x00000000f7d00000, 0x00000000f7d00000)
  eden space 102400K, 100% used [0x00000000f0000000, 0x00000000f6400000, 0x00000000f6400000)
  from space 12800K, 100% used [0x00000000f6400000, 0x00000000f7080000, 0x00000000f7080000)
  to   space 12800K,   0% used [0x00000000f7080000, 0x00000000f7080000, 0x00000000f7d00000)
 concurrent mark-sweep generation total 134144K, used 134143K [0x00000000f7d00000, 0x0000000100000000, 0x0000000100000000)
 Metaspace       used 51829K, capacity 54702K, committed 55296K, reserved 1097728K
  class space    used 6330K, capacity 6825K, committed 6912K, reserved 1048576K
2023-01-17T04:43:28.359+0800: 41.425: [GC (Allocation Failure) 2023-01-17T04:43:28.359+0800: 41.426: [ParNew: 115200K->115200K(115200K), 0.0000273 secs]2023-01-17T04:43:28.359+0800: 41.426: [CMS: 134143K->134143K(134144K), 0.2015161 secs] 249343K->140036K(249344K), [Metaspace: 51829K->51829K(1097728K)], 0.2019465 secs] [Times: user=0.20 sys=0.00, real=0.21 secs] 
Heap after GC invocations=69 (full 93):
 par new generation   total 115200K, used 5892K [0x00000000f0000000, 0x00000000f7d00000, 0x00000000f7d00000)
  eden space 102400K,   5% used [0x00000000f0000000, 0x00000000f05c11b0, 0x00000000f6400000)
  from space 12800K,   0% used [0x00000000f6400000, 0x00000000f6400000, 0x00000000f7080000)
  to   space 12800K,   0% used [0x00000000f7080000, 0x00000000f7080000, 0x00000000f7d00000)
 concurrent mark-sweep generation total 134144K, used 134143K [0x00000000f7d00000, 0x0000000100000000, 0x0000000100000000)
 Metaspace       used 51829K, capacity 54702K, committed 55296K, reserved 1097728K
  class space    used 6330K, capacity 6825K, committed 6912K, reserved 1048576K
}
2023-01-17T04:43:28.567+0800: 41.634: [GC (CMS Initial Mark) [1 CMS-initial-mark: 134143K(134144K)] 140942K(249344K), 0.0066010 secs] [Times: user=0.02 sys=0.00, real=0.01 secs] 
2023-01-17T04:43:28.574+0800: 41.641: [CMS-concurrent-mark-start]
2023-01-17T04:43:28.656+0800: 41.722: [CMS-concurrent-mark: 0.081/0.081 secs] [Times: user=0.27 sys=0.04, real=0.08 secs] 
2023-01-17T04:43:28.656+0800: 41.722: [CMS-concurrent-preclean-start]
2023-01-17T04:43:28.704+0800: 41.771: [CMS-concurrent-preclean: 0.049/0.049 secs] [Times: user=0.19 sys=0.01, real=0.05 secs] 
2023-01-17T04:43:28.705+0800: 41.771: [CMS-concurrent-abortable-preclean-start]
2023-01-17T04:43:28.705+0800: 41.771: [CMS-concurrent-abortable-preclean: 0.000/0.000 secs] [Times: user=0.00 sys=0.00, real=0.00 secs] 
2023-01-17T04:43:28.722+0800: 41.788: [GC (CMS Final Remark) [YG occupancy: 94531 K (115200 K)]2023-01-17T04:43:28.722+0800: 41.789: [Rescan (parallel) , 0.0276186 secs]2023-01-17T04:43:28.750+0800: 41.816: [weak refs processing, 0.0000414 secs]2023-01-17T04:43:28.750+0800: 41.816: [class unloading, 0.0138278 secs]2023-01-17T04:43:28.764+0800: 41.830: [scrub symbol table, 0.0051949 secs]2023-01-17T04:43:28.769+0800: 41.835: [scrub string table, 0.0008704 secs][1 CMS-remark: 134143K(134144K)] 228675K(249344K), 0.0477858 secs] [Times: user=0.13 sys=0.00, real=0.05 secs] 
2023-01-17T04:43:28.770+0800: 41.836: [CMS-concurrent-sweep-start]
2023-01-17T04:43:28.788+0800: 41.854: [CMS-concurrent-sweep: 0.018/0.018 secs] [Times: user=0.06 sys=0.01, real=0.01 secs] 
2023-01-17T04:43:28.788+0800: 41.854: [CMS-concurrent-reset-start]
2023-01-17T04:43:28.788+0800: 41.855: [CMS-concurrent-reset: 0.000/0.000 secs] [Times: user=0.00 sys=0.00, real=0.00 secs] 
{Heap before GC invocations=69 (full 94):
 par new generation   total 115200K, used 115200K [0x00000000f0000000, 0x00000000f7d00000, 0x00000000f7d00000)
  eden space 102400K, 100% used [0x00000000f0000000, 0x00000000f6400000, 0x00000000f6400000)
  from space 12800K, 100% used [0x00000000f6400000, 0x00000000f7080000, 0x00000000f7080000)
  to   space 12800K,   0% used [0x00000000f7080000, 0x00000000f7080000, 0x00000000f7d00000)
 concurrent mark-sweep generation total 134144K, used 134143K [0x00000000f7d00000, 0x0000000100000000, 0x0000000100000000)
 Metaspace       used 51838K, capacity 54702K, committed 55296K, reserved 1097728K
  class space    used 6330K, capacity 6825K, committed 6912K, reserved 1048576K
2023-01-17T04:43:28.879+0800: 41.945: [GC (Allocation Failure) 2023-01-17T04:43:28.879+0800: 41.946: [ParNew: 115200K->115200K(115200K), 0.0000365 secs]2023-01-17T04:43:28.879+0800: 41.946: [CMS: 134143K->134143K(134144K), 0.2413488 secs] 249343K->140052K(249344K), [Metaspace: 51838K->51838K(1097728K)], 0.2418296 secs] [Times: user=0.24 sys=0.00, real=0.25 secs] 
Heap after GC invocations=70 (full 95):
 par new generation   total 115200K, used 5909K [0x00000000f0000000, 0x00000000f7d00000, 0x00000000f7d00000)
  eden space 102400K,   5% used [0x00000000f0000000, 0x00000000f05c5450, 0x00000000f6400000)
  from space 12800K,   0% used [0x00000000f6400000, 0x00000000f6400000, 0x00000000f7080000)
  to   space 12800K,   0% used [0x00000000f7080000, 0x00000000f7080000, 0x00000000f7d00000)
 concurrent mark-sweep generation total 134144K, used 134143K [0x00000000f7d00000, 0x0000000100000000, 0x0000000100000000)
 Metaspace       used 51838K, capacity 54702K, committed 55296K, reserved 1097728K
  class space    used 6330K, capacity 6825K, committed 6912K, reserved 1048576K
}
2023-01-17T04:43:29.135+0800: 42.201: [GC (CMS Initial Mark) [1 CMS-initial-mark: 134143K(134144K)] 144163K(249344K), 0.0091655 secs] [Times: user=0.03 sys=0.00, real=0.01 secs] 
2023-01-17T04:43:29.144+0800: 42.211: [CMS-concurrent-mark-start]
2023-01-17T04:43:29.218+0800: 42.285: [CMS-concurrent-mark: 0.074/0.074 secs] [Times: user=0.25 sys=0.04, real=0.07 secs] 
2023-01-17T04:43:29.219+0800: 42.285: [CMS-concurrent-preclean-start]
2023-01-17T04:43:29.265+0800: 42.331: [CMS-concurrent-preclean: 0.046/0.046 secs] [Times: user=0.15 sys=0.03, real=0.05 secs] 
2023-01-17T04:43:29.265+0800: 42.331: [CMS-concurrent-abortable-preclean-start]
2023-01-17T04:43:29.265+0800: 42.331: [CMS-concurrent-abortable-preclean: 0.000/0.000 secs] [Times: user=0.00 sys=0.00, real=0.00 secs] 
2023-01-17T04:43:29.269+0800: 42.336: [GC (CMS Final Remark) [YG occupancy: 86575 K (115200 K)]2023-01-17T04:43:29.270+0800: 42.336: [Rescan (parallel) , 0.0245645 secs]2023-01-17T04:43:29.294+0800: 42.361: [weak refs processing, 0.0000416 secs]2023-01-17T04:43:29.294+0800: 42.361: [class unloading, 0.0136199 secs]2023-01-17T04:43:29.308+0800: 42.374: [scrub symbol table, 0.0051018 secs]2023-01-17T04:43:29.313+0800: 42.379: [scrub string table, 0.0008846 secs][1 CMS-remark: 134143K(134144K)] 220719K(249344K), 0.0444657 secs] [Times: user=0.12 sys=0.00, real=0.05 secs] 
2023-01-17T04:43:29.315+0800: 42.381: [CMS-concurrent-sweep-start]
2023-01-17T04:43:29.335+0800: 42.401: [CMS-concurrent-sweep: 0.020/0.020 secs] [Times: user=0.07 sys=0.01, real=0.02 secs] 
2023-01-17T04:43:29.335+0800: 42.401: [CMS-concurrent-reset-start]
2023-01-17T04:43:29.335+0800: 42.402: [CMS-concurrent-reset: 0.000/0.000 secs] [Times: user=0.00 sys=0.00, real=0.00 secs] 
{Heap before GC invocations=70 (full 96):
 par new generation   total 115200K, used 115199K [0x00000000f0000000, 0x00000000f7d00000, 0x00000000f7d00000)
  eden space 102400K, 100% used [0x00000000f0000000, 0x00000000f6400000, 0x00000000f6400000)
  from space 12800K,  99% used [0x00000000f6400000, 0x00000000f707fff8, 0x00000000f7080000)
  to   space 12800K,   0% used [0x00000000f7080000, 0x00000000f7080000, 0x00000000f7d00000)
 concurrent mark-sweep generation total 134144K, used 134143K [0x00000000f7d00000, 0x0000000100000000, 0x0000000100000000)
 Metaspace       used 51838K, capacity 54702K, committed 55296K, reserved 1097728K
  class space    used 6330K, capacity 6825K, committed 6912K, reserved 1048576K
2023-01-17T04:43:29.413+0800: 42.480: [GC (Allocation Failure) 2023-01-17T04:43:29.413+0800: 42.480: [ParNew: 115199K->115199K(115200K), 0.0000393 secs]2023-01-17T04:43:29.414+0800: 42.480: [CMS: 134143K->134143K(134144K), 0.2144315 secs] 249343K->140034K(249344K), [Metaspace: 51838K->51838K(1097728K)], 0.2148676 secs] [Times: user=0.21 sys=0.00, real=0.21 secs] 
Heap after GC invocations=71 (full 97):
 par new generation   total 115200K, used 5890K [0x00000000f0000000, 0x00000000f7d00000, 0x00000000f7d00000)
  eden space 102400K,   5% used [0x00000000f0000000, 0x00000000f05c0a20, 0x00000000f6400000)
  from space 12800K,   0% used [0x00000000f6400000, 0x00000000f6400000, 0x00000000f7080000)
  to   space 12800K,   0% used [0x00000000f7080000, 0x00000000f7080000, 0x00000000f7d00000)
 concurrent mark-sweep generation total 134144K, used 134143K [0x00000000f7d00000, 0x0000000100000000, 0x0000000100000000)
 Metaspace       used 51838K, capacity 54702K, committed 55296K, reserved 1097728K
  class space    used 6330K, capacity 6825K, committed 6912K, reserved 1048576K
}
2023-01-17T04:43:29.636+0800: 42.702: [GC (CMS Initial Mark) [1 CMS-initial-mark: 134143K(134144K)] 141462K(249344K), 0.0069945 secs] [Times: user=0.03 sys=0.00, real=0.01 secs] 
2023-01-17T04:43:29.643+0800: 42.709: [CMS-concurrent-mark-start]
2023-01-17T04:43:29.720+0800: 42.787: [CMS-concurrent-mark: 0.077/0.077 secs] [Times: user=0.20 sys=0.03, real=0.08 secs] 
2023-01-17T04:43:29.720+0800: 42.787: [CMS-concurrent-preclean-start]
2023-01-17T04:43:29.770+0800: 42.837: [CMS-concurrent-preclean: 0.050/0.050 secs] [Times: user=0.13 sys=0.02, real=0.05 secs] 
2023-01-17T04:43:29.771+0800: 42.837: [CMS-concurrent-abortable-preclean-start]
2023-01-17T04:43:29.771+0800: 42.837: [CMS-concurrent-abortable-preclean: 0.000/0.000 secs] [Times: user=0.00 sys=0.00, real=0.00 secs] 
2023-01-17T04:43:29.778+0800: 42.845: [GC (CMS Final Remark) [YG occupancy: 72365 K (115200 K)]2023-01-17T04:43:29.779+0800: 42.845: [Rescan (parallel) , 0.0293199 secs]2023-01-17T04:43:29.808+0800: 42.874: [weak refs processing, 0.0000410 secs]2023-01-17T04:43:29.808+0800: 42.874: [class unloading, 0.0138956 secs]2023-01-17T04:43:29.822+0800: 42.888: [scrub symbol table, 0.0050993 secs]2023-01-17T04:43:29.827+0800: 42.893: [scrub string table, 0.0008758 secs][1 CMS-remark: 134143K(134144K)] 206509K(249344K), 0.0494711 secs] [Times: user=0.11 sys=0.00, real=0.05 secs] 
2023-01-17T04:43:29.828+0800: 42.895: [CMS-concurrent-sweep-start]
2023-01-17T04:43:29.848+0800: 42.914: [CMS-concurrent-sweep: 0.020/0.020 secs] [Times: user=0.07 sys=0.01, real=0.02 secs] 
2023-01-17T04:43:29.848+0800: 42.914: [CMS-concurrent-reset-start]
2023-01-17T04:43:29.848+0800: 42.915: [CMS-concurrent-reset: 0.000/0.000 secs] [Times: user=0.00 sys=0.00, real=0.00 secs] 
{Heap before GC invocations=71 (full 98):
 par new generation   total 115200K, used 115199K [0x00000000f0000000, 0x00000000f7d00000, 0x00000000f7d00000)
  eden space 102400K, 100% used [0x00000000f0000000, 0x00000000f6400000, 0x00000000f6400000)
  from space 12800K,  99% used [0x00000000f6400000, 0x00000000f707fff8, 0x00000000f7080000)
  to   space 12800K,   0% used [0x00000000f7080000, 0x00000000f7080000, 0x00000000f7d00000)
 concurrent mark-sweep generation total 134144K, used 134143K [0x00000000f7d00000, 0x0000000100000000, 0x0000000100000000)
 Metaspace       used 51838K, capacity 54702K, committed 55296K, reserved 1097728K
  class space    used 6330K, capacity 6825K, committed 6912K, reserved 1048576K
2023-01-17T04:43:29.954+0800: 43.020: [GC (Allocation Failure) 2023-01-17T04:43:29.954+0800: 43.021: [ParNew: 115199K->115199K(115200K), 0.0000262 secs]2023-01-17T04:43:29.954+0800: 43.021: [CMS: 134143K->134143K(134144K), 0.1956086 secs] 249343K->140018K(249344K), [Metaspace: 51838K->51838K(1097728K)], 0.1960107 secs] [Times: user=0.20 sys=0.00, real=0.20 secs] 
Heap after GC invocations=72 (full 99):
 par new generation   total 115200K, used 5874K [0x00000000f0000000, 0x00000000f7d00000, 0x00000000f7d00000)
  eden space 102400K,   5% used [0x00000000f0000000, 0x00000000f05bcb40, 0x00000000f6400000)
  from space 12800K,   0% used [0x00000000f6400000, 0x00000000f6400000, 0x00000000f7080000)
  to   space 12800K,   0% used [0x00000000f7080000, 0x00000000f7080000, 0x00000000f7d00000)
 concurrent mark-sweep generation total 134144K, used 134143K [0x00000000f7d00000, 0x0000000100000000, 0x0000000100000000)
 Metaspace       used 51838K, capacity 54702K, committed 55296K, reserved 1097728K
  class space    used 6330K, capacity 6825K, committed 6912K, reserved 1048576K
}
2023-01-17T04:43:30.157+0800: 43.224: [GC (CMS Initial Mark) [1 CMS-initial-mark: 134143K(134144K)] 141210K(249344K), 0.0105621 secs] [Times: user=0.02 sys=0.00, real=0.01 secs] 
2023-01-17T04:43:30.168+0800: 43.234: [CMS-concurrent-mark-start]
2023-01-17T04:43:30.331+0800: 43.398: [CMS-concurrent-mark: 0.163/0.163 secs] [Times: user=0.39 sys=0.08, real=0.17 secs] 
2023-01-17T04:43:30.332+0800: 43.398: [CMS-concurrent-preclean-start]
2023-01-17T04:43:30.400+0800: 43.466: [CMS-concurrent-preclean: 0.068/0.068 secs] [Times: user=0.17 sys=0.01, real=0.07 secs] 
2023-01-17T04:43:30.400+0800: 43.466: [CMS-concurrent-abortable-preclean-start]
2023-01-17T04:43:30.400+0800: 43.466: [CMS-concurrent-abortable-preclean: 0.000/0.000 secs] [Times: user=0.00 sys=0.00, real=0.00 secs] 
2023-01-17T04:43:30.411+0800: 43.477: [GC (CMS Final Remark) [YG occupancy: 113056 K (115200 K)]2023-01-17T04:43:30.411+0800: 43.478: [Rescan (parallel) , 0.0402194 secs]2023-01-17T04:43:30.452+0800: 43.518: [weak refs processing, 0.0000511 secs]2023-01-17T04:43:30.452+0800: 43.518: [class unloading, 0.0137044 secs]2023-01-17T04:43:30.465+0800: 43.532: [scrub symbol table, 0.0051914 secs]2023-01-17T04:43:30.471+0800: 43.537: [scrub string table, 0.0008544 secs][1 CMS-remark: 134143K(134144K)] 247200K(249344K), 0.0602625 secs] [Times: user=0.16 sys=0.00, real=0.06 secs] 
2023-01-17T04:43:30.472+0800: 43.538: [CMS-concurrent-sweep-start]
{Heap before GC invocations=72 (full 100):
 par new generation   total 115200K, used 115200K [0x00000000f0000000, 0x00000000f7d00000, 0x00000000f7d00000)
  eden space 102400K, 100% used [0x00000000f0000000, 0x00000000f6400000, 0x00000000f6400000)
  from space 12800K, 100% used [0x00000000f6400000, 0x00000000f7080000, 0x00000000f7080000)
  to   space 12800K,   0% used [0x00000000f7080000, 0x00000000f7080000, 0x00000000f7d00000)
 concurrent mark-sweep generation total 134144K, used 134143K [0x00000000f7d00000, 0x0000000100000000, 0x0000000100000000)
 Metaspace       used 51838K, capacity 54702K, committed 55296K, reserved 1097728K
  class space    used 6330K, capacity 6825K, committed 6912K, reserved 1048576K
2023-01-17T04:43:30.494+0800: 43.560: [Full GC (Allocation Failure) 2023-01-17T04:43:30.494+0800: 43.560: [CMS2023-01-17T04:43:30.517+0800: 43.584: [CMS-concurrent-sweep: 0.018/0.046 secs] [Times: user=0.08 sys=0.01, real=0.04 secs] 
 (concurrent mode failure): 134143K->134144K(134144K), 0.2137005 secs] 249343K->140020K(249344K), [Metaspace: 51838K->51838K(1097728K)], 0.2140752 secs] [Times: user=0.21 sys=0.00, real=0.21 secs] 
Heap after GC invocations=73 (full 101):
 par new generation   total 115200K, used 5876K [0x00000000f0000000, 0x00000000f7d00000, 0x00000000f7d00000)
  eden space 102400K,   5% used [0x00000000f0000000, 0x00000000f05bd170, 0x00000000f6400000)
  from space 12800K,   0% used [0x00000000f6400000, 0x00000000f6400000, 0x00000000f7080000)
  to   space 12800K,   0% used [0x00000000f7080000, 0x00000000f7080000, 0x00000000f7d00000)
 concurrent mark-sweep generation total 134144K, used 134144K [0x00000000f7d00000, 0x0000000100000000, 0x0000000100000000)
 Metaspace       used 51838K, capacity 54702K, committed 55296K, reserved 1097728K
  class space    used 6330K, capacity 6825K, committed 6912K, reserved 1048576K
}
{Heap before GC invocations=73 (full 101):
 par new generation   total 115200K, used 115199K [0x00000000f0000000, 0x00000000f7d00000, 0x00000000f7d00000)
  eden space 102400K, 100% used [0x00000000f0000000, 0x00000000f6400000, 0x00000000f6400000)
  from space 12800K,  99% used [0x00000000f6400000, 0x00000000f707fff8, 0x00000000f7080000)
  to   space 12800K,   0% used [0x00000000f7080000, 0x00000000f7080000, 0x00000000f7d00000)
 concurrent mark-sweep generation total 134144K, used 134144K [0x00000000f7d00000, 0x0000000100000000, 0x0000000100000000)
 Metaspace       used 51842K, capacity 54702K, committed 55296K, reserved 1097728K
  class space    used 6330K, capacity 6825K, committed 6912K, reserved 1048576K
2023-01-17T04:43:30.906+0800: 43.973: [Full GC (Allocation Failure) 2023-01-17T04:43:30.907+0800: 43.973: [CMS: 134144K->134143K(134144K), 0.2168370 secs] 249343K->140013K(249344K), [Metaspace: 51842K->51842K(1097728K)], 0.2172814 secs] [Times: user=0.21 sys=0.00, real=0.22 secs] 
Heap after GC invocations=74 (full 102):
 par new generation   total 115200K, used 5869K [0x00000000f0000000, 0x00000000f7d00000, 0x00000000f7d00000)
  eden space 102400K,   5% used [0x00000000f0000000, 0x00000000f05bb470, 0x00000000f6400000)
  from space 12800K,   0% used [0x00000000f6400000, 0x00000000f6400000, 0x00000000f7080000)
  to   space 12800K,   0% used [0x00000000f7080000, 0x00000000f7080000, 0x00000000f7d00000)
 concurrent mark-sweep generation total 134144K, used 134143K [0x00000000f7d00000, 0x0000000100000000, 0x0000000100000000)
 Metaspace       used 51842K, capacity 54702K, committed 55296K, reserved 1097728K
  class space    used 6330K, capacity 6825K, committed 6912K, reserved 1048576K
}
2023-01-17T04:43:31.129+0800: 44.195: [GC (CMS Initial Mark) [1 CMS-initial-mark: 134143K(134144K)] 140170K(249344K), 0.0060441 secs] [Times: user=0.02 sys=0.00, real=0.01 secs] 
2023-01-17T04:43:31.135+0800: 44.201: [CMS-concurrent-mark-start]
2023-01-17T04:43:31.208+0800: 44.274: [CMS-concurrent-mark: 0.073/0.073 secs] [Times: user=0.21 sys=0.02, real=0.07 secs] 
2023-01-17T04:43:31.208+0800: 44.274: [CMS-concurrent-preclean-start]
2023-01-17T04:43:31.259+0800: 44.326: [CMS-concurrent-preclean: 0.051/0.051 secs] [Times: user=0.15 sys=0.02, real=0.05 secs] 
2023-01-17T04:43:31.259+0800: 44.326: [CMS-concurrent-abortable-preclean-start]
2023-01-17T04:43:31.259+0800: 44.326: [CMS-concurrent-abortable-preclean: 0.000/0.000 secs] [Times: user=0.00 sys=0.00, real=0.00 secs] 
2023-01-17T04:43:31.264+0800: 44.330: [GC (CMS Final Remark) [YG occupancy: 72331 K (115200 K)]2023-01-17T04:43:31.264+0800: 44.331: [Rescan (parallel) , 0.0297118 secs]2023-01-17T04:43:31.294+0800: 44.360: [weak refs processing, 0.0000425 secs]2023-01-17T04:43:31.294+0800: 44.360: [class unloading, 0.0140048 secs]2023-01-17T04:43:31.308+0800: 44.374: [scrub symbol table, 0.0052047 secs]2023-01-17T04:43:31.313+0800: 44.380: [scrub string table, 0.0008628 secs][1 CMS-remark: 134143K(134144K)] 206475K(249344K), 0.0500679 secs] [Times: user=0.10 sys=0.00, real=0.05 secs] 
2023-01-17T04:43:31.315+0800: 44.382: [CMS-concurrent-sweep-start]
2023-01-17T04:43:31.336+0800: 44.403: [CMS-concurrent-sweep: 0.021/0.021 secs] [Times: user=0.06 sys=0.01, real=0.02 secs] 
2023-01-17T04:43:31.337+0800: 44.403: [CMS-concurrent-reset-start]
2023-01-17T04:43:31.337+0800: 44.403: [CMS-concurrent-reset: 0.000/0.000 secs] [Times: user=0.00 sys=0.00, real=0.00 secs] 
{Heap before GC invocations=74 (full 103):
 par new generation   total 115200K, used 115199K [0x00000000f0000000, 0x00000000f7d00000, 0x00000000f7d00000)
  eden space 102400K, 100% used [0x00000000f0000000, 0x00000000f6400000, 0x00000000f6400000)
  from space 12800K,  99% used [0x00000000f6400000, 0x00000000f707ffe8, 0x00000000f7080000)
  to   space 12800K,   0% used [0x00000000f7080000, 0x00000000f7080000, 0x00000000f7d00000)
 concurrent mark-sweep generation total 134144K, used 134143K [0x00000000f7d00000, 0x0000000100000000, 0x0000000100000000)
 Metaspace       used 51845K, capacity 54702K, committed 55296K, reserved 1097728K
  class space    used 6330K, capacity 6825K, committed 6912K, reserved 1048576K
2023-01-17T04:43:31.445+0800: 44.511: [GC (Allocation Failure) 2023-01-17T04:43:31.445+0800: 44.512: [ParNew: 115199K->115199K(115200K), 0.0000253 secs]2023-01-17T04:43:31.445+0800: 44.512: [CMS: 134143K->134143K(134144K), 0.2125250 secs] 249343K->140069K(249344K), [Metaspace: 51845K->51845K(1097728K)], 0.2129837 secs] [Times: user=0.21 sys=0.00, real=0.21 secs] 
Heap after GC invocations=75 (full 104):
 par new generation   total 115200K, used 5925K [0x00000000f0000000, 0x00000000f7d00000, 0x00000000f7d00000)
  eden space 102400K,   5% used [0x00000000f0000000, 0x00000000f05c96f8, 0x00000000f6400000)
  from space 12800K,   0% used [0x00000000f6400000, 0x00000000f6400000, 0x00000000f7080000)
  to   space 12800K,   0% used [0x00000000f7080000, 0x00000000f7080000, 0x00000000f7d00000)
 concurrent mark-sweep generation total 134144K, used 134143K [0x00000000f7d00000, 0x0000000100000000, 0x0000000100000000)
 Metaspace       used 51845K, capacity 54702K, committed 55296K, reserved 1097728K
  class space    used 6330K, capacity 6825K, committed 6912K, reserved 1048576K
}
2023-01-17T04:43:31.664+0800: 44.730: [GC (CMS Initial Mark) [1 CMS-initial-mark: 134143K(134144K)] 140633K(249344K), 0.0063130 secs] [Times: user=0.02 sys=0.00, real=0.01 secs] 
2023-01-17T04:43:31.670+0800: 44.737: [CMS-concurrent-mark-start]
2023-01-17T04:43:31.741+0800: 44.807: [CMS-concurrent-mark: 0.071/0.071 secs] [Times: user=0.24 sys=0.04, real=0.07 secs] 
2023-01-17T04:43:31.741+0800: 44.807: [CMS-concurrent-preclean-start]
2023-01-17T04:43:31.787+0800: 44.853: [CMS-concurrent-preclean: 0.045/0.045 secs] [Times: user=0.15 sys=0.03, real=0.04 secs] 
2023-01-17T04:43:31.787+0800: 44.853: [CMS-concurrent-abortable-preclean-start]
2023-01-17T04:43:31.787+0800: 44.853: [CMS-concurrent-abortable-preclean: 0.000/0.000 secs] [Times: user=0.00 sys=0.00, real=0.00 secs] 
2023-01-17T04:43:31.791+0800: 44.857: [GC (CMS Final Remark) [YG occupancy: 86665 K (115200 K)]2023-01-17T04:43:31.791+0800: 44.858: [Rescan (parallel) , 0.0245265 secs]2023-01-17T04:43:31.816+0800: 44.882: [weak refs processing, 0.0000389 secs]2023-01-17T04:43:31.816+0800: 44.882: [class unloading, 0.0138167 secs]2023-01-17T04:43:31.830+0800: 44.896: [scrub symbol table, 0.0051228 secs]2023-01-17T04:43:31.835+0800: 44.901: [scrub string table, 0.0008780 secs][1 CMS-remark: 134143K(134144K)] 220809K(249344K), 0.0446092 secs] [Times: user=0.12 sys=0.00, real=0.04 secs] 
2023-01-17T04:43:31.836+0800: 44.903: [CMS-concurrent-sweep-start]
2023-01-17T04:43:31.856+0800: 44.922: [CMS-concurrent-sweep: 0.019/0.019 secs] [Times: user=0.06 sys=0.01, real=0.02 secs] 
2023-01-17T04:43:31.856+0800: 44.922: [CMS-concurrent-reset-start]
2023-01-17T04:43:31.856+0800: 44.923: [CMS-concurrent-reset: 0.000/0.000 secs] [Times: user=0.00 sys=0.00, real=0.00 secs] 
{Heap before GC invocations=75 (full 105):
 par new generation   total 115200K, used 115199K [0x00000000f0000000, 0x00000000f7d00000, 0x00000000f7d00000)
  eden space 102400K, 100% used [0x00000000f0000000, 0x00000000f6400000, 0x00000000f6400000)
  from space 12800K,  99% used [0x00000000f6400000, 0x00000000f707fff8, 0x00000000f7080000)
  to   space 12800K,   0% used [0x00000000f7080000, 0x00000000f7080000, 0x00000000f7d00000)
 concurrent mark-sweep generation total 134144K, used 134141K [0x00000000f7d00000, 0x0000000100000000, 0x0000000100000000)
 Metaspace       used 51845K, capacity 54702K, committed 55296K, reserved 1097728K
  class space    used 6330K, capacity 6825K, committed 6912K, reserved 1048576K
2023-01-17T04:43:31.936+0800: 45.002: [GC (Allocation Failure) 2023-01-17T04:43:31.936+0800: 45.002: [ParNew: 115199K->115199K(115200K), 0.0000269 secs]2023-01-17T04:43:31.936+0800: 45.002: [CMS: 134141K->134143K(134144K), 0.2431957 secs] 249341K->139993K(249344K), [Metaspace: 51845K->51845K(1097728K)], 0.2436391 secs] [Times: user=0.25 sys=0.00, real=0.25 secs] 
Heap after GC invocations=76 (full 106):
 par new generation   total 115200K, used 5849K [0x00000000f0000000, 0x00000000f7d00000, 0x00000000f7d00000)
  eden space 102400K,   5% used [0x00000000f0000000, 0x00000000f05b6770, 0x00000000f6400000)
  from space 12800K,   0% used [0x00000000f6400000, 0x00000000f6400000, 0x00000000f7080000)
  to   space 12800K,   0% used [0x00000000f7080000, 0x00000000f7080000, 0x00000000f7d00000)
 concurrent mark-sweep generation total 134144K, used 134143K [0x00000000f7d00000, 0x0000000100000000, 0x0000000100000000)
 Metaspace       used 51845K, capacity 54702K, committed 55296K, reserved 1097728K
  class space    used 6330K, capacity 6825K, committed 6912K, reserved 1048576K
}
2023-01-17T04:43:32.189+0800: 45.256: [GC (CMS Initial Mark) [1 CMS-initial-mark: 134143K(134144K)] 141289K(249344K), 0.0077450 secs] [Times: user=0.02 sys=0.00, real=0.01 secs] 
2023-01-17T04:43:32.197+0800: 45.264: [CMS-concurrent-mark-start]
2023-01-17T04:43:32.295+0800: 45.362: [CMS-concurrent-mark: 0.091/0.098 secs] [Times: user=0.30 sys=0.05, real=0.10 secs] 
2023-01-17T04:43:32.295+0800: 45.362: [CMS-concurrent-preclean-start]
2023-01-17T04:43:32.384+0800: 45.450: [CMS-concurrent-preclean: 0.088/0.088 secs] [Times: user=0.31 sys=0.03, real=0.09 secs] 
2023-01-17T04:43:32.384+0800: 45.450: [CMS-concurrent-abortable-preclean-start]
2023-01-17T04:43:32.384+0800: 45.450: [CMS-concurrent-abortable-preclean: 0.000/0.000 secs] [Times: user=0.00 sys=0.00, real=0.00 secs] 
2023-01-17T04:43:32.388+0800: 45.455: [GC (CMS Final Remark) [YG occupancy: 108902 K (115200 K)]2023-01-17T04:43:32.388+0800: 45.455: [Rescan (parallel) , 0.0309171 secs]2023-01-17T04:43:32.419+0800: 45.486: [weak refs processing, 0.0000446 secs]2023-01-17T04:43:32.419+0800: 45.486: [class unloading, 0.0137088 secs]2023-01-17T04:43:32.433+0800: 45.499: [scrub symbol table, 0.0052159 secs]2023-01-17T04:43:32.438+0800: 45.505: [scrub string table, 0.0008790 secs][1 CMS-remark: 134143K(134144K)] 243046K(249344K), 0.0510161 secs] [Times: user=0.14 sys=0.00, real=0.05 secs] 
2023-01-17T04:43:32.440+0800: 45.506: [CMS-concurrent-sweep-start]
2023-01-17T04:43:32.457+0800: 45.523: [CMS-concurrent-sweep: 0.017/0.017 secs] [Times: user=0.06 sys=0.00, real=0.01 secs] 
2023-01-17T04:43:32.457+0800: 45.523: [CMS-concurrent-reset-start]
2023-01-17T04:43:32.457+0800: 45.524: [CMS-concurrent-reset: 0.000/0.000 secs] [Times: user=0.00 sys=0.00, real=0.00 secs] 
{Heap before GC invocations=76 (full 107):
 par new generation   total 115200K, used 115200K [0x00000000f0000000, 0x00000000f7d00000, 0x00000000f7d00000)
  eden space 102400K, 100% used [0x00000000f0000000, 0x00000000f6400000, 0x00000000f6400000)
  from space 12800K, 100% used [0x00000000f6400000, 0x00000000f7080000, 0x00000000f7080000)
  to   space 12800K,   0% used [0x00000000f7080000, 0x00000000f7080000, 0x00000000f7d00000)
 concurrent mark-sweep generation total 134144K, used 134143K [0x00000000f7d00000, 0x0000000100000000, 0x0000000100000000)
 Metaspace       used 51845K, capacity 54702K, committed 55296K, reserved 1097728K
  class space    used 6330K, capacity 6825K, committed 6912K, reserved 1048576K
2023-01-17T04:43:32.481+0800: 45.548: [GC (Allocation Failure) 2023-01-17T04:43:32.481+0800: 45.548: [ParNew: 115200K->115200K(115200K), 0.0000242 secs]2023-01-17T04:43:32.481+0800: 45.548: [CMS: 134143K->134143K(134144K), 0.2119010 secs] 249343K->140011K(249344K), [Metaspace: 51845K->51845K(1097728K)], 0.2123490 secs] [Times: user=0.21 sys=0.00, real=0.21 secs] 
Heap after GC invocations=77 (full 108):
 par new generation   total 115200K, used 5867K [0x00000000f0000000, 0x00000000f7d00000, 0x00000000f7d00000)
  eden space 102400K,   5% used [0x00000000f0000000, 0x00000000f05baf88, 0x00000000f6400000)
  from space 12800K,   0% used [0x00000000f6400000, 0x00000000f6400000, 0x00000000f7080000)
  to   space 12800K,   0% used [0x00000000f7080000, 0x00000000f7080000, 0x00000000f7d00000)
 concurrent mark-sweep generation total 134144K, used 134143K [0x00000000f7d00000, 0x0000000100000000, 0x0000000100000000)
 Metaspace       used 51845K, capacity 54702K, committed 55296K, reserved 1097728K
  class space    used 6330K, capacity 6825K, committed 6912K, reserved 1048576K
}
2023-01-17T04:43:32.699+0800: 45.765: [GC (CMS Initial Mark) [1 CMS-initial-mark: 134143K(134144K)] 140229K(249344K), 0.0077220 secs] [Times: user=0.03 sys=0.00, real=0.01 secs] 
2023-01-17T04:43:32.707+0800: 45.773: [CMS-concurrent-mark-start]
2023-01-17T04:43:32.806+0800: 45.872: [CMS-concurrent-mark: 0.099/0.099 secs] [Times: user=0.20 sys=0.03, real=0.10 secs] 
2023-01-17T04:43:32.806+0800: 45.873: [CMS-concurrent-preclean-start]
2023-01-17T04:43:32.925+0800: 45.991: [CMS-concurrent-preclean: 0.119/0.119 secs] [Times: user=0.24 sys=0.05, real=0.12 secs] 
2023-01-17T04:43:32.925+0800: 45.992: [CMS-concurrent-abortable-preclean-start]
2023-01-17T04:43:32.925+0800: 45.992: [CMS-concurrent-abortable-preclean: 0.000/0.000 secs] [Times: user=0.00 sys=0.00, real=0.00 secs] 
2023-01-17T04:43:32.934+0800: 46.000: [GC (CMS Final Remark) [YG occupancy: 101559 K (115200 K)]2023-01-17T04:43:32.934+0800: 46.000: [Rescan (parallel) , 0.0327995 secs]2023-01-17T04:43:32.967+0800: 46.033: [weak refs processing, 0.0000494 secs]2023-01-17T04:43:32.967+0800: 46.033: [class unloading, 0.0145393 secs]2023-01-17T04:43:32.982+0800: 46.048: [scrub symbol table, 0.0051381 secs]2023-01-17T04:43:32.987+0800: 46.053: [scrub string table, 0.0009336 secs][1 CMS-remark: 134143K(134144K)] 235703K(249344K), 0.0537667 secs] [Times: user=0.14 sys=0.00, real=0.05 secs] 
2023-01-17T04:43:32.989+0800: 46.056: [CMS-concurrent-sweep-start]
2023-01-17T04:43:33.008+0800: 46.074: [CMS-concurrent-sweep: 0.018/0.018 secs] [Times: user=0.05 sys=0.00, real=0.02 secs] 
2023-01-17T04:43:33.008+0800: 46.074: [CMS-concurrent-reset-start]
2023-01-17T04:43:33.008+0800: 46.074: [CMS-concurrent-reset: 0.000/0.000 secs] [Times: user=0.00 sys=0.00, real=0.00 secs] 
{Heap before GC invocations=77 (full 109):
 par new generation   total 115200K, used 115199K [0x00000000f0000000, 0x00000000f7d00000, 0x00000000f7d00000)
  eden space 102400K, 100% used [0x00000000f0000000, 0x00000000f6400000, 0x00000000f6400000)
  from space 12800K,  99% used [0x00000000f6400000, 0x00000000f707fff0, 0x00000000f7080000)
  to   space 12800K,   0% used [0x00000000f7080000, 0x00000000f7080000, 0x00000000f7d00000)
 concurrent mark-sweep generation total 134144K, used 134143K [0x00000000f7d00000, 0x0000000100000000, 0x0000000100000000)
 Metaspace       used 51845K, capacity 54702K, committed 55296K, reserved 1097728K
  class space    used 6330K, capacity 6825K, committed 6912K, reserved 1048576K
2023-01-17T04:43:33.077+0800: 46.144: [GC (Allocation Failure) 2023-01-17T04:43:33.078+0800: 46.144: [ParNew: 115199K->115199K(115200K), 0.0000275 secs]2023-01-17T04:43:33.078+0800: 46.144: [CMS: 134143K->134143K(134144K), 0.2176330 secs] 249343K->140047K(249344K), [Metaspace: 51845K->51845K(1097728K)], 0.2180822 secs] [Times: user=0.22 sys=0.00, real=0.22 secs] 
Heap after GC invocations=78 (full 110):
 par new generation   total 115200K, used 5903K [0x00000000f0000000, 0x00000000f7d00000, 0x00000000f7d00000)
  eden space 102400K,   5% used [0x00000000f0000000, 0x00000000f05c3d40, 0x00000000f6400000)
  from space 12800K,   0% used [0x00000000f6400000, 0x00000000f6400000, 0x00000000f7080000)
  to   space 12800K,   0% used [0x00000000f7080000, 0x00000000f7080000, 0x00000000f7d00000)
 concurrent mark-sweep generation total 134144K, used 134143K [0x00000000f7d00000, 0x0000000100000000, 0x0000000100000000)
 Metaspace       used 51845K, capacity 54702K, committed 55296K, reserved 1097728K
  class space    used 6330K, capacity 6825K, committed 6912K, reserved 1048576K
}
2023-01-17T04:43:33.301+0800: 46.368: [GC (CMS Initial Mark) [1 CMS-initial-mark: 134143K(134144K)] 140786K(249344K), 0.0064480 secs] [Times: user=0.02 sys=0.00, real=0.00 secs] 
2023-01-17T04:43:33.308+0800: 46.375: [CMS-concurrent-mark-start]
2023-01-17T04:43:33.379+0800: 46.445: [CMS-concurrent-mark: 0.071/0.071 secs] [Times: user=0.22 sys=0.05, real=0.07 secs] 
2023-01-17T04:43:33.379+0800: 46.446: [CMS-concurrent-preclean-start]
2023-01-17T04:43:33.428+0800: 46.495: [CMS-concurrent-preclean: 0.049/0.049 secs] [Times: user=0.17 sys=0.03, real=0.05 secs] 
2023-01-17T04:43:33.428+0800: 46.495: [CMS-concurrent-abortable-preclean-start]
2023-01-17T04:43:33.428+0800: 46.495: [CMS-concurrent-abortable-preclean: 0.000/0.000 secs] [Times: user=0.00 sys=0.00, real=0.00 secs] 
2023-01-17T04:43:33.437+0800: 46.503: [GC (CMS Final Remark) [YG occupancy: 92394 K (115200 K)]2023-01-17T04:43:33.437+0800: 46.504: [Rescan (parallel) , 0.0263066 secs]2023-01-17T04:43:33.464+0800: 46.530: [weak refs processing, 0.0000427 secs]2023-01-17T04:43:33.464+0800: 46.530: [class unloading, 0.0139712 secs]2023-01-17T04:43:33.478+0800: 46.544: [scrub symbol table, 0.0051214 secs]2023-01-17T04:43:33.483+0800: 46.549: [scrub string table, 0.0008860 secs][1 CMS-remark: 134143K(134144K)] 226538K(249344K), 0.0465718 secs] [Times: user=0.12 sys=0.00, real=0.05 secs] 
2023-01-17T04:43:33.485+0800: 46.551: [CMS-concurrent-sweep-start]
2023-01-17T04:43:33.503+0800: 46.570: [CMS-concurrent-sweep: 0.018/0.018 secs] [Times: user=0.06 sys=0.01, real=0.02 secs] 
2023-01-17T04:43:33.504+0800: 46.570: [CMS-concurrent-reset-start]
2023-01-17T04:43:33.504+0800: 46.570: [CMS-concurrent-reset: 0.000/0.000 secs] [Times: user=0.00 sys=0.00, real=0.00 secs] 
{Heap before GC invocations=78 (full 111):
 par new generation   total 115200K, used 115199K [0x00000000f0000000, 0x00000000f7d00000, 0x00000000f7d00000)
  eden space 102400K, 100% used [0x00000000f0000000, 0x00000000f6400000, 0x00000000f6400000)
  from space 12800K,  99% used [0x00000000f6400000, 0x00000000f707fff0, 0x00000000f7080000)
  to   space 12800K,   0% used [0x00000000f7080000, 0x00000000f7080000, 0x00000000f7d00000)
 concurrent mark-sweep generation total 134144K, used 134143K [0x00000000f7d00000, 0x0000000100000000, 0x0000000100000000)
 Metaspace       used 51845K, capacity 54702K, committed 55296K, reserved 1097728K
  class space    used 6330K, capacity 6825K, committed 6912K, reserved 1048576K
2023-01-17T04:43:33.576+0800: 46.643: [GC (Allocation Failure) 2023-01-17T04:43:33.577+0800: 46.643: [ParNew: 115199K->115199K(115200K), 0.0000273 secs]2023-01-17T04:43:33.577+0800: 46.643: [CMS: 134143K->134143K(134144K), 0.2042027 secs] 249343K->140013K(249344K), [Metaspace: 51845K->51845K(1097728K)], 0.2046426 secs] [Times: user=0.20 sys=0.00, real=0.21 secs] 
Heap after GC invocations=79 (full 112):
 par new generation   total 115200K, used 5869K [0x00000000f0000000, 0x00000000f7d00000, 0x00000000f7d00000)
  eden space 102400K,   5% used [0x00000000f0000000, 0x00000000f05bb5b8, 0x00000000f6400000)
  from space 12800K,   0% used [0x00000000f6400000, 0x00000000f6400000, 0x00000000f7080000)
  to   space 12800K,   0% used [0x00000000f7080000, 0x00000000f7080000, 0x00000000f7d00000)
 concurrent mark-sweep generation total 134144K, used 134143K [0x00000000f7d00000, 0x0000000100000000, 0x0000000100000000)
 Metaspace       used 51845K, capacity 54702K, committed 55296K, reserved 1097728K
  class space    used 6330K, capacity 6825K, committed 6912K, reserved 1048576K
}
2023-01-17T04:43:33.787+0800: 46.854: [GC (CMS Initial Mark) [1 CMS-initial-mark: 134143K(134144K)] 140808K(249344K), 0.0079423 secs] [Times: user=0.02 sys=0.00, real=0.01 secs] 
2023-01-17T04:43:33.796+0800: 46.862: [CMS-concurrent-mark-start]
2023-01-17T04:43:33.870+0800: 46.937: [CMS-concurrent-mark: 0.075/0.075 secs] [Times: user=0.25 sys=0.03, real=0.08 secs] 
2023-01-17T04:43:33.871+0800: 46.937: [CMS-concurrent-preclean-start]
2023-01-17T04:43:33.923+0800: 46.989: [CMS-concurrent-preclean: 0.052/0.052 secs] [Times: user=0.13 sys=0.02, real=0.05 secs] 
2023-01-17T04:43:33.923+0800: 46.989: [CMS-concurrent-abortable-preclean-start]
2023-01-17T04:43:33.923+0800: 46.989: [CMS-concurrent-abortable-preclean: 0.000/0.000 secs] [Times: user=0.00 sys=0.00, real=0.00 secs] 
2023-01-17T04:43:33.928+0800: 46.995: [GC (CMS Final Remark) [YG occupancy: 82923 K (115200 K)]2023-01-17T04:43:33.928+0800: 46.995: [Rescan (parallel) , 0.0343959 secs]2023-01-17T04:43:33.963+0800: 47.029: [weak refs processing, 0.0000427 secs]2023-01-17T04:43:33.963+0800: 47.029: [class unloading, 0.0141209 secs]2023-01-17T04:43:33.977+0800: 47.043: [scrub symbol table, 0.0052718 secs]2023-01-17T04:43:33.982+0800: 47.049: [scrub string table, 0.0009940 secs][1 CMS-remark: 134143K(134144K)] 217067K(249344K), 0.0550856 secs] [Times: user=0.11 sys=0.00, real=0.06 secs] 
2023-01-17T04:43:33.984+0800: 47.050: [CMS-concurrent-sweep-start]
2023-01-17T04:43:34.002+0800: 47.069: [CMS-concurrent-sweep: 0.018/0.018 secs] [Times: user=0.05 sys=0.01, real=0.02 secs] 
2023-01-17T04:43:34.003+0800: 47.069: [CMS-concurrent-reset-start]
2023-01-17T04:43:34.003+0800: 47.069: [CMS-concurrent-reset: 0.000/0.000 secs] [Times: user=0.00 sys=0.00, real=0.00 secs] 
{Heap before GC invocations=79 (full 113):
 par new generation   total 115200K, used 115199K [0x00000000f0000000, 0x00000000f7d00000, 0x00000000f7d00000)
  eden space 102400K, 100% used [0x00000000f0000000, 0x00000000f6400000, 0x00000000f6400000)
  from space 12800K,  99% used [0x00000000f6400000, 0x00000000f707ffe0, 0x00000000f7080000)
  to   space 12800K,   0% used [0x00000000f7080000, 0x00000000f7080000, 0x00000000f7d00000)
 concurrent mark-sweep generation total 134144K, used 134143K [0x00000000f7d00000, 0x0000000100000000, 0x0000000100000000)
 Metaspace       used 51845K, capacity 54702K, committed 55296K, reserved 1097728K
  class space    used 6330K, capacity 6825K, committed 6912K, reserved 1048576K
2023-01-17T04:43:34.105+0800: 47.172: [GC (Allocation Failure) 2023-01-17T04:43:34.106+0800: 47.172: [ParNew: 115199K->115199K(115200K), 0.0000289 secs]2023-01-17T04:43:34.106+0800: 47.172: [CMS: 134143K->134143K(134144K), 0.1948366 secs] 249343K->140038K(249344K), [Metaspace: 51845K->51845K(1097728K)], 0.1953105 secs] [Times: user=0.19 sys=0.00, real=0.20 secs] 
Heap after GC invocations=80 (full 114):
 par new generation   total 115200K, used 5894K [0x00000000f0000000, 0x00000000f7d00000, 0x00000000f7d00000)
  eden space 102400K,   5% used [0x00000000f0000000, 0x00000000f05c1878, 0x00000000f6400000)
  from space 12800K,   0% used [0x00000000f6400000, 0x00000000f6400000, 0x00000000f7080000)
  to   space 12800K,   0% used [0x00000000f7080000, 0x00000000f7080000, 0x00000000f7d00000)
 concurrent mark-sweep generation total 134144K, used 134143K [0x00000000f7d00000, 0x0000000100000000, 0x0000000100000000)
 Metaspace       used 51845K, capacity 54702K, committed 55296K, reserved 1097728K
  class space    used 6330K, capacity 6825K, committed 6912K, reserved 1048576K
}
2023-01-17T04:43:34.306+0800: 47.372: [GC (CMS Initial Mark) [1 CMS-initial-mark: 134143K(134144K)] 140135K(249344K), 0.0073500 secs] [Times: user=0.02 sys=0.00, real=0.01 secs] 
2023-01-17T04:43:34.314+0800: 47.380: [CMS-concurrent-mark-start]
2023-01-17T04:43:34.387+0800: 47.453: [CMS-concurrent-mark: 0.073/0.073 secs] [Times: user=0.21 sys=0.02, real=0.07 secs] 
2023-01-17T04:43:34.387+0800: 47.453: [CMS-concurrent-preclean-start]
2023-01-17T04:43:34.432+0800: 47.499: [CMS-concurrent-preclean: 0.046/0.046 secs] [Times: user=0.13 sys=0.01, real=0.05 secs] 
2023-01-17T04:43:34.433+0800: 47.499: [CMS-concurrent-abortable-preclean-start]
2023-01-17T04:43:34.433+0800: 47.499: [CMS-concurrent-abortable-preclean: 0.000/0.000 secs] [Times: user=0.00 sys=0.00, real=0.00 secs] 
2023-01-17T04:43:34.437+0800: 47.503: [GC (CMS Final Remark) [YG occupancy: 56825 K (115200 K)]2023-01-17T04:43:34.437+0800: 47.504: [Rescan (parallel) , 0.0242468 secs]2023-01-17T04:43:34.462+0800: 47.528: [weak refs processing, 0.0000448 secs]2023-01-17T04:43:34.462+0800: 47.528: [class unloading, 0.0141423 secs]2023-01-17T04:43:34.476+0800: 47.542: [scrub symbol table, 0.0051655 secs]2023-01-17T04:43:34.481+0800: 47.547: [scrub string table, 0.0009025 secs][1 CMS-remark: 134143K(134144K)] 190969K(249344K), 0.0447427 secs] [Times: user=0.09 sys=0.00, real=0.05 secs] 
2023-01-17T04:43:34.482+0800: 47.549: [CMS-concurrent-sweep-start]
2023-01-17T04:43:34.501+0800: 47.567: [CMS-concurrent-sweep: 0.018/0.018 secs] [Times: user=0.05 sys=0.01, real=0.02 secs] 
2023-01-17T04:43:34.501+0800: 47.567: [CMS-concurrent-reset-start]
2023-01-17T04:43:34.501+0800: 47.567: [CMS-concurrent-reset: 0.000/0.000 secs] [Times: user=0.00 sys=0.00, real=0.00 secs] 
{Heap before GC invocations=80 (full 115):
 par new generation   total 115200K, used 115199K [0x00000000f0000000, 0x00000000f7d00000, 0x00000000f7d00000)
  eden space 102400K, 100% used [0x00000000f0000000, 0x00000000f6400000, 0x00000000f6400000)
  from space 12800K,  99% used [0x00000000f6400000, 0x00000000f707fff0, 0x00000000f7080000)
  to   space 12800K,   0% used [0x00000000f7080000, 0x00000000f7080000, 0x00000000f7d00000)
 concurrent mark-sweep generation total 134144K, used 134143K [0x00000000f7d00000, 0x0000000100000000, 0x0000000100000000)
 Metaspace       used 51845K, capacity 54702K, committed 55296K, reserved 1097728K
  class space    used 6330K, capacity 6825K, committed 6912K, reserved 1048576K
2023-01-17T04:43:34.633+0800: 47.700: [GC (Allocation Failure) 2023-01-17T04:43:34.634+0800: 47.700: [ParNew: 115199K->115199K(115200K), 0.0000285 secs]2023-01-17T04:43:34.634+0800: 47.700: [CMS: 134143K->134143K(134144K), 0.2088686 secs] 249343K->140071K(249344K), [Metaspace: 51845K->51845K(1097728K)], 0.2093296 secs] [Times: user=0.21 sys=0.00, real=0.21 secs] 
Heap after GC invocations=81 (full 116):
 par new generation   total 115200K, used 5927K [0x00000000f0000000, 0x00000000f7d00000, 0x00000000f7d00000)
  eden space 102400K,   5% used [0x00000000f0000000, 0x00000000f05c9d20, 0x00000000f6400000)
  from space 12800K,   0% used [0x00000000f6400000, 0x00000000f6400000, 0x00000000f7080000)
  to   space 12800K,   0% used [0x00000000f7080000, 0x00000000f7080000, 0x00000000f7d00000)
 concurrent mark-sweep generation total 134144K, used 134143K [0x00000000f7d00000, 0x0000000100000000, 0x0000000100000000)
 Metaspace       used 51845K, capacity 54702K, committed 55296K, reserved 1097728K
  class space    used 6330K, capacity 6825K, committed 6912K, reserved 1048576K
}
2023-01-17T04:43:34.848+0800: 47.914: [GC (CMS Initial Mark) [1 CMS-initial-mark: 134143K(134144K)] 140158K(249344K), 0.0063814 secs] [Times: user=0.02 sys=0.01, real=0.01 secs] 
2023-01-17T04:43:34.854+0800: 47.921: [CMS-concurrent-mark-start]
2023-01-17T04:43:34.932+0800: 47.998: [CMS-concurrent-mark: 0.078/0.078 secs] [Times: user=0.25 sys=0.04, real=0.08 secs] 
2023-01-17T04:43:34.932+0800: 47.999: [CMS-concurrent-preclean-start]
2023-01-17T04:43:34.980+0800: 48.046: [CMS-concurrent-preclean: 0.048/0.048 secs] [Times: user=0.16 sys=0.04, real=0.05 secs] 
2023-01-17T04:43:34.980+0800: 48.047: [CMS-concurrent-abortable-preclean-start]
2023-01-17T04:43:34.980+0800: 48.047: [CMS-concurrent-abortable-preclean: 0.000/0.000 secs] [Times: user=0.00 sys=0.00, real=0.00 secs] 
2023-01-17T04:43:34.986+0800: 48.052: [GC (CMS Final Remark) [YG occupancy: 93735 K (115200 K)]2023-01-17T04:43:34.986+0800: 48.052: [Rescan (parallel) , 0.0270520 secs]2023-01-17T04:43:35.013+0800: 48.079: [weak refs processing, 0.0000504 secs]2023-01-17T04:43:35.013+0800: 48.079: [class unloading, 0.0138347 secs]2023-01-17T04:43:35.027+0800: 48.093: [scrub symbol table, 0.0052802 secs]2023-01-17T04:43:35.032+0800: 48.098: [scrub string table, 0.0008772 secs][1 CMS-remark: 134143K(134144K)] 227879K(249344K), 0.0473352 secs] [Times: user=0.13 sys=0.00, real=0.05 secs] 
2023-01-17T04:43:35.034+0800: 48.100: [CMS-concurrent-sweep-start]
2023-01-17T04:43:35.052+0800: 48.118: [CMS-concurrent-sweep: 0.018/0.018 secs] [Times: user=0.06 sys=0.01, real=0.02 secs] 
2023-01-17T04:43:35.052+0800: 48.119: [CMS-concurrent-reset-start]
2023-01-17T04:43:35.052+0800: 48.119: [CMS-concurrent-reset: 0.000/0.000 secs] [Times: user=0.01 sys=0.00, real=0.00 secs] 
{Heap before GC invocations=81 (full 117):
 par new generation   total 115200K, used 115194K [0x00000000f0000000, 0x00000000f7d00000, 0x00000000f7d00000)
  eden space 102400K, 100% used [0x00000000f0000000, 0x00000000f6400000, 0x00000000f6400000)
  from space 12800K,  99% used [0x00000000f6400000, 0x00000000f707eaf8, 0x00000000f7080000)
  to   space 12800K,   0% used [0x00000000f7080000, 0x00000000f7080000, 0x00000000f7d00000)
 concurrent mark-sweep generation total 134144K, used 134143K [0x00000000f7d00000, 0x0000000100000000, 0x0000000100000000)
 Metaspace       used 51845K, capacity 54702K, committed 55296K, reserved 1097728K
  class space    used 6330K, capacity 6825K, committed 6912K, reserved 1048576K
2023-01-17T04:43:35.132+0800: 48.199: [GC (Allocation Failure) 2023-01-17T04:43:35.133+0800: 48.199: [ParNew: 115194K->115194K(115200K), 0.0000352 secs]2023-01-17T04:43:35.133+0800: 48.199: [CMS: 134143K->134143K(134144K), 0.2642531 secs] 249338K->140008K(249344K), [Metaspace: 51845K->51845K(1097728K)], 0.2648101 secs] [Times: user=0.26 sys=0.00, real=0.26 secs] 
Heap after GC invocations=82 (full 118):
 par new generation   total 115200K, used 5864K [0x00000000f0000000, 0x00000000f7d00000, 0x00000000f7d00000)
  eden space 102400K,   5% used [0x00000000f0000000, 0x00000000f05ba100, 0x00000000f6400000)
  from space 12800K,   0% used [0x00000000f6400000, 0x00000000f6400000, 0x00000000f7080000)
  to   space 12800K,   0% used [0x00000000f7080000, 0x00000000f7080000, 0x00000000f7d00000)
 concurrent mark-sweep generation total 134144K, used 134143K [0x00000000f7d00000, 0x0000000100000000, 0x0000000100000000)
 Metaspace       used 51845K, capacity 54702K, committed 55296K, reserved 1097728K
  class space    used 6330K, capacity 6825K, committed 6912K, reserved 1048576K
}
2023-01-17T04:43:35.403+0800: 48.469: [GC (CMS Initial Mark) [1 CMS-initial-mark: 134143K(134144K)] 140183K(249344K), 0.0063381 secs] [Times: user=0.02 sys=0.00, real=0.00 secs] 
2023-01-17T04:43:35.409+0800: 48.476: [CMS-concurrent-mark-start]
2023-01-17T04:43:35.489+0800: 48.555: [CMS-concurrent-mark: 0.080/0.080 secs] [Times: user=0.28 sys=0.03, real=0.08 secs] 
2023-01-17T04:43:35.489+0800: 48.555: [CMS-concurrent-preclean-start]
2023-01-17T04:43:35.557+0800: 48.623: [CMS-concurrent-preclean: 0.068/0.068 secs] [Times: user=0.21 sys=0.04, real=0.07 secs] 
2023-01-17T04:43:35.557+0800: 48.623: [CMS-concurrent-abortable-preclean-start]
2023-01-17T04:43:35.557+0800: 48.623: [CMS-concurrent-abortable-preclean: 0.000/0.000 secs] [Times: user=0.01 sys=0.00, real=0.00 secs] 
2023-01-17T04:43:35.564+0800: 48.631: [GC (CMS Final Remark) [YG occupancy: 103048 K (115200 K)]2023-01-17T04:43:35.565+0800: 48.631: [Rescan (parallel) , 0.0288916 secs]2023-01-17T04:43:35.594+0800: 48.660: [weak refs processing, 0.0000427 secs]2023-01-17T04:43:35.594+0800: 48.660: [class unloading, 0.0135790 secs]2023-01-17T04:43:35.607+0800: 48.674: [scrub symbol table, 0.0050505 secs]2023-01-17T04:43:35.612+0800: 48.679: [scrub string table, 0.0008467 secs][1 CMS-remark: 134143K(134144K)] 237192K(249344K), 0.0486524 secs] [Times: user=0.13 sys=0.01, real=0.05 secs] 
2023-01-17T04:43:35.613+0800: 48.680: [CMS-concurrent-sweep-start]
2023-01-17T04:43:35.632+0800: 48.699: [CMS-concurrent-sweep: 0.019/0.019 secs] [Times: user=0.07 sys=0.00, real=0.02 secs] 
2023-01-17T04:43:35.644+0800: 48.710: [CMS-concurrent-reset-start]
2023-01-17T04:43:35.644+0800: 48.710: [CMS-concurrent-reset: 0.000/0.000 secs] [Times: user=0.00 sys=0.00, real=0.00 secs] 
{Heap before GC invocations=82 (full 119):
 par new generation   total 115200K, used 115199K [0x00000000f0000000, 0x00000000f7d00000, 0x00000000f7d00000)
  eden space 102400K, 100% used [0x00000000f0000000, 0x00000000f6400000, 0x00000000f6400000)
  from space 12800K,  99% used [0x00000000f6400000, 0x00000000f707ffb8, 0x00000000f7080000)
  to   space 12800K,   0% used [0x00000000f7080000, 0x00000000f7080000, 0x00000000f7d00000)
 concurrent mark-sweep generation total 134144K, used 134143K [0x00000000f7d00000, 0x0000000100000000, 0x0000000100000000)
 Metaspace       used 51845K, capacity 54702K, committed 55296K, reserved 1097728K
  class space    used 6330K, capacity 6825K, committed 6912K, reserved 1048576K
2023-01-17T04:43:35.690+0800: 48.756: [GC (Allocation Failure) 2023-01-17T04:43:35.690+0800: 48.756: [ParNew: 115199K->115199K(115200K), 0.0000260 secs]2023-01-17T04:43:35.690+0800: 48.756: [CMS: 134143K->134143K(134144K), 0.2193942 secs] 249343K->140062K(249344K), [Metaspace: 51845K->51845K(1097728K)], 0.2198235 secs] [Times: user=0.22 sys=0.00, real=0.22 secs] 
Heap after GC invocations=83 (full 120):
 par new generation   total 115200K, used 5918K [0x00000000f0000000, 0x00000000f7d00000, 0x00000000f7d00000)
  eden space 102400K,   5% used [0x00000000f0000000, 0x00000000f05c7a88, 0x00000000f6400000)
  from space 12800K,   0% used [0x00000000f6400000, 0x00000000f6400000, 0x00000000f7080000)
  to   space 12800K,   0% used [0x00000000f7080000, 0x00000000f7080000, 0x00000000f7d00000)
 concurrent mark-sweep generation total 134144K, used 134143K [0x00000000f7d00000, 0x0000000100000000, 0x0000000100000000)
 Metaspace       used 51845K, capacity 54702K, committed 55296K, reserved 1097728K
  class space    used 6330K, capacity 6825K, committed 6912K, reserved 1048576K
}
2023-01-17T04:43:35.917+0800: 48.983: [GC (CMS Initial Mark) [1 CMS-initial-mark: 134143K(134144K)] 141648K(249344K), 0.0099161 secs] [Times: user=0.03 sys=0.00, real=0.01 secs] 
2023-01-17T04:43:35.927+0800: 48.994: [CMS-concurrent-mark-start]
2023-01-17T04:43:35.998+0800: 49.065: [CMS-concurrent-mark: 0.071/0.071 secs] [Times: user=0.22 sys=0.02, real=0.07 secs] 
2023-01-17T04:43:35.999+0800: 49.065: [CMS-concurrent-preclean-start]
2023-01-17T04:43:36.049+0800: 49.115: [CMS-concurrent-preclean: 0.050/0.050 secs] [Times: user=0.16 sys=0.04, real=0.05 secs] 
2023-01-17T04:43:36.049+0800: 49.116: [CMS-concurrent-abortable-preclean-start]
2023-01-17T04:43:36.049+0800: 49.116: [CMS-concurrent-abortable-preclean: 0.000/0.000 secs] [Times: user=0.00 sys=0.00, real=0.00 secs] 
2023-01-17T04:43:36.060+0800: 49.126: [GC (CMS Final Remark) [YG occupancy: 89298 K (115200 K)]2023-01-17T04:43:36.060+0800: 49.126: [Rescan (parallel) , 0.0341732 secs]2023-01-17T04:43:36.094+0800: 49.160: [weak refs processing, 0.0000422 secs]2023-01-17T04:43:36.094+0800: 49.160: [class unloading, 0.0141138 secs]2023-01-17T04:43:36.108+0800: 49.175: [scrub symbol table, 0.0052743 secs]2023-01-17T04:43:36.114+0800: 49.180: [scrub string table, 0.0008814 secs][1 CMS-remark: 134143K(134144K)] 223442K(249344K), 0.0547214 secs] [Times: user=0.12 sys=0.00, real=0.05 secs] 
2023-01-17T04:43:36.115+0800: 49.182: [CMS-concurrent-sweep-start]
2023-01-17T04:43:36.135+0800: 49.201: [CMS-concurrent-sweep: 0.020/0.020 secs] [Times: user=0.06 sys=0.01, real=0.02 secs] 
2023-01-17T04:43:36.135+0800: 49.202: [CMS-concurrent-reset-start]
2023-01-17T04:43:36.136+0800: 49.202: [CMS-concurrent-reset: 0.000/0.000 secs] [Times: user=0.00 sys=0.00, real=0.00 secs] 
{Heap before GC invocations=83 (full 121):
 par new generation   total 115200K, used 115199K [0x00000000f0000000, 0x00000000f7d00000, 0x00000000f7d00000)
  eden space 102400K, 100% used [0x00000000f0000000, 0x00000000f6400000, 0x00000000f6400000)
  from space 12800K,  99% used [0x00000000f6400000, 0x00000000f707fff0, 0x00000000f7080000)
  to   space 12800K,   0% used [0x00000000f7080000, 0x00000000f7080000, 0x00000000f7d00000)
 concurrent mark-sweep generation total 134144K, used 134143K [0x00000000f7d00000, 0x0000000100000000, 0x0000000100000000)
 Metaspace       used 51845K, capacity 54702K, committed 55296K, reserved 1097728K
  class space    used 6330K, capacity 6825K, committed 6912K, reserved 1048576K
2023-01-17T04:43:36.222+0800: 49.288: [GC (Allocation Failure) 2023-01-17T04:43:36.222+0800: 49.288: [ParNew: 115199K->115199K(115200K), 0.0000253 secs]2023-01-17T04:43:36.222+0800: 49.288: [CMS: 134143K->134143K(134144K), 0.1958289 secs] 249343K->140040K(249344K), [Metaspace: 51845K->51845K(1097728K)], 0.1962531 secs] [Times: user=0.20 sys=0.00, real=0.19 secs] 
Heap after GC invocations=84 (full 122):
 par new generation   total 115200K, used 5896K [0x00000000f0000000, 0x00000000f7d00000, 0x00000000f7d00000)
  eden space 102400K,   5% used [0x00000000f0000000, 0x00000000f05c20c0, 0x00000000f6400000)
  from space 12800K,   0% used [0x00000000f6400000, 0x00000000f6400000, 0x00000000f7080000)
  to   space 12800K,   0% used [0x00000000f7080000, 0x00000000f7080000, 0x00000000f7d00000)
 concurrent mark-sweep generation total 134144K, used 134143K [0x00000000f7d00000, 0x0000000100000000, 0x0000000100000000)
 Metaspace       used 51845K, capacity 54702K, committed 55296K, reserved 1097728K
  class space    used 6330K, capacity 6825K, committed 6912K, reserved 1048576K
}
2023-01-17T04:43:36.423+0800: 49.490: [GC (CMS Initial Mark) [1 CMS-initial-mark: 134143K(134144K)] 140240K(249344K), 0.0074414 secs] [Times: user=0.03 sys=0.00, real=0.01 secs] 
2023-01-17T04:43:36.432+0800: 49.498: [CMS-concurrent-mark-start]
2023-01-17T04:43:36.504+0800: 49.570: [CMS-concurrent-mark: 0.072/0.072 secs] [Times: user=0.23 sys=0.03, real=0.07 secs] 
2023-01-17T04:43:36.504+0800: 49.571: [CMS-concurrent-preclean-start]
2023-01-17T04:43:36.557+0800: 49.623: [CMS-concurrent-preclean: 0.052/0.052 secs] [Times: user=0.14 sys=0.03, real=0.05 secs] 
2023-01-17T04:43:36.557+0800: 49.623: [CMS-concurrent-abortable-preclean-start]
2023-01-17T04:43:36.557+0800: 49.623: [CMS-concurrent-abortable-preclean: 0.000/0.000 secs] [Times: user=0.00 sys=0.00, real=0.00 secs] 
2023-01-17T04:43:36.565+0800: 49.631: [GC (CMS Final Remark) [YG occupancy: 68630 K (115200 K)]2023-01-17T04:43:36.565+0800: 49.631: [Rescan (parallel) , 0.0375111 secs]2023-01-17T04:43:36.603+0800: 49.669: [weak refs processing, 0.0000608 secs]2023-01-17T04:43:36.603+0800: 49.669: [class unloading, 0.0142163 secs]2023-01-17T04:43:36.617+0800: 49.683: [scrub symbol table, 0.0049230 secs]2023-01-17T04:43:36.622+0800: 49.688: [scrub string table, 0.0008772 secs][1 CMS-remark: 134143K(134144K)] 202774K(249344K), 0.0578637 secs] [Times: user=0.13 sys=0.00, real=0.06 secs] 
2023-01-17T04:43:36.624+0800: 49.690: [CMS-concurrent-sweep-start]
2023-01-17T04:43:36.645+0800: 49.711: [CMS-concurrent-sweep: 0.021/0.021 secs] [Times: user=0.07 sys=0.00, real=0.02 secs] 
2023-01-17T04:43:36.645+0800: 49.711: [CMS-concurrent-reset-start]
2023-01-17T04:43:36.645+0800: 49.712: [CMS-concurrent-reset: 0.000/0.000 secs] [Times: user=0.00 sys=0.00, real=0.00 secs] 
{Heap before GC invocations=84 (full 123):
 par new generation   total 115200K, used 115199K [0x00000000f0000000, 0x00000000f7d00000, 0x00000000f7d00000)
  eden space 102400K, 100% used [0x00000000f0000000, 0x00000000f6400000, 0x00000000f6400000)
  from space 12800K,  99% used [0x00000000f6400000, 0x00000000f707fff0, 0x00000000f7080000)
  to   space 12800K,   0% used [0x00000000f7080000, 0x00000000f7080000, 0x00000000f7d00000)
 concurrent mark-sweep generation total 134144K, used 134143K [0x00000000f7d00000, 0x0000000100000000, 0x0000000100000000)
 Metaspace       used 51845K, capacity 54702K, committed 55296K, reserved 1097728K
  class space    used 6330K, capacity 6825K, committed 6912K, reserved 1048576K
2023-01-17T04:43:36.749+0800: 49.816: [GC (Allocation Failure) 2023-01-17T04:43:36.750+0800: 49.816: [ParNew: 115199K->115199K(115200K), 0.0000365 secs]2023-01-17T04:43:36.750+0800: 49.816: [CMS: 134143K->134143K(134144K), 0.2419473 secs] 249343K->140037K(249344K), [Metaspace: 51845K->51845K(1097728K)], 0.2425142 secs] [Times: user=0.24 sys=0.00, real=0.25 secs] 
Heap after GC invocations=85 (full 124):
 par new generation   total 115200K, used 5893K [0x00000000f0000000, 0x00000000f7d00000, 0x00000000f7d00000)
  eden space 102400K,   5% used [0x00000000f0000000, 0x00000000f05c1680, 0x00000000f6400000)
  from space 12800K,   0% used [0x00000000f6400000, 0x00000000f6400000, 0x00000000f7080000)
  to   space 12800K,   0% used [0x00000000f7080000, 0x00000000f7080000, 0x00000000f7d00000)
 concurrent mark-sweep generation total 134144K, used 134143K [0x00000000f7d00000, 0x0000000100000000, 0x0000000100000000)
 Metaspace       used 51845K, capacity 54702K, committed 55296K, reserved 1097728K
  class space    used 6330K, capacity 6825K, committed 6912K, reserved 1048576K
}
2023-01-17T04:43:36.998+0800: 50.064: [GC (CMS Initial Mark) [1 CMS-initial-mark: 134143K(134144K)] 140965K(249344K), 0.0063875 secs] [Times: user=0.02 sys=0.00, real=0.01 secs] 
2023-01-17T04:43:37.005+0800: 50.071: [CMS-concurrent-mark-start]
2023-01-17T04:43:37.079+0800: 50.145: [CMS-concurrent-mark: 0.074/0.074 secs] [Times: user=0.24 sys=0.04, real=0.07 secs] 
2023-01-17T04:43:37.079+0800: 50.145: [CMS-concurrent-preclean-start]
2023-01-17T04:43:37.125+0800: 50.192: [CMS-concurrent-preclean: 0.046/0.046 secs] [Times: user=0.16 sys=0.02, real=0.05 secs] 
2023-01-17T04:43:37.126+0800: 50.192: [CMS-concurrent-abortable-preclean-start]
2023-01-17T04:43:37.126+0800: 50.192: [CMS-concurrent-abortable-preclean: 0.000/0.000 secs] [Times: user=0.00 sys=0.01, real=0.00 secs] 
2023-01-17T04:43:37.132+0800: 50.198: [GC (CMS Final Remark) [YG occupancy: 90388 K (115200 K)]2023-01-17T04:43:37.132+0800: 50.198: [Rescan (parallel) , 0.0256996 secs]2023-01-17T04:43:37.157+0800: 50.224: [weak refs processing, 0.0000443 secs]2023-01-17T04:43:37.157+0800: 50.224: [class unloading, 0.0140884 secs]2023-01-17T04:43:37.172+0800: 50.238: [scrub symbol table, 0.0051284 secs]2023-01-17T04:43:37.177+0800: 50.243: [scrub string table, 0.0008950 secs][1 CMS-remark: 134143K(134144K)] 224532K(249344K), 0.0461014 secs] [Times: user=0.12 sys=0.00, real=0.04 secs] 
2023-01-17T04:43:37.178+0800: 50.245: [CMS-concurrent-sweep-start]
2023-01-17T04:43:37.201+0800: 50.267: [CMS-concurrent-sweep: 0.022/0.022 secs] [Times: user=0.07 sys=0.00, real=0.03 secs] 
2023-01-17T04:43:37.201+0800: 50.267: [CMS-concurrent-reset-start]
2023-01-17T04:43:37.201+0800: 50.268: [CMS-concurrent-reset: 0.000/0.000 secs] [Times: user=0.00 sys=0.00, real=0.00 secs] 
{Heap before GC invocations=85 (full 125):
 par new generation   total 115200K, used 115199K [0x00000000f0000000, 0x00000000f7d00000, 0x00000000f7d00000)
  eden space 102400K, 100% used [0x00000000f0000000, 0x00000000f6400000, 0x00000000f6400000)
  from space 12800K,  99% used [0x00000000f6400000, 0x00000000f707fff8, 0x00000000f7080000)
  to   space 12800K,   0% used [0x00000000f7080000, 0x00000000f7080000, 0x00000000f7d00000)
 concurrent mark-sweep generation total 134144K, used 134143K [0x00000000f7d00000, 0x0000000100000000, 0x0000000100000000)
 Metaspace       used 51845K, capacity 54702K, committed 55296K, reserved 1097728K
  class space    used 6330K, capacity 6825K, committed 6912K, reserved 1048576K
2023-01-17T04:43:37.273+0800: 50.339: [GC (Allocation Failure) 2023-01-17T04:43:37.273+0800: 50.339: [ParNew: 115199K->115199K(115200K), 0.0000314 secs]2023-01-17T04:43:37.273+0800: 50.339: [CMS: 134143K->134143K(134144K), 0.2021337 secs] 249343K->140050K(249344K), [Metaspace: 51845K->51845K(1097728K)], 0.2025708 secs] [Times: user=0.20 sys=0.00, real=0.20 secs] 
Heap after GC invocations=86 (full 126):
 par new generation   total 115200K, used 5906K [0x00000000f0000000, 0x00000000f7d00000, 0x00000000f7d00000)
  eden space 102400K,   5% used [0x00000000f0000000, 0x00000000f05c4aa0, 0x00000000f6400000)
  from space 12800K,   0% used [0x00000000f6400000, 0x00000000f6400000, 0x00000000f7080000)
  to   space 12800K,   0% used [0x00000000f7080000, 0x00000000f7080000, 0x00000000f7d00000)
 concurrent mark-sweep generation total 134144K, used 134143K [0x00000000f7d00000, 0x0000000100000000, 0x0000000100000000)
 Metaspace       used 51845K, capacity 54702K, committed 55296K, reserved 1097728K
  class space    used 6330K, capacity 6825K, committed 6912K, reserved 1048576K
}
2023-01-17T04:43:37.481+0800: 50.547: [GC (CMS Initial Mark) [1 CMS-initial-mark: 134143K(134144K)] 140226K(249344K), 0.0074162 secs] [Times: user=0.02 sys=0.00, real=0.00 secs] 
2023-01-17T04:43:37.488+0800: 50.555: [CMS-concurrent-mark-start]
2023-01-17T04:43:37.696+0800: 50.762: [CMS-concurrent-mark: 0.208/0.208 secs] [Times: user=0.48 sys=0.07, real=0.21 secs] 
2023-01-17T04:43:37.696+0800: 50.763: [CMS-concurrent-preclean-start]
{Heap before GC invocations=86 (full 127):
 par new generation   total 115200K, used 115199K [0x00000000f0000000, 0x00000000f7d00000, 0x00000000f7d00000)
  eden space 102400K, 100% used [0x00000000f0000000, 0x00000000f6400000, 0x00000000f6400000)
  from space 12800K,  99% used [0x00000000f6400000, 0x00000000f707fff8, 0x00000000f7080000)
  to   space 12800K,   0% used [0x00000000f7080000, 0x00000000f7080000, 0x00000000f7d00000)
 concurrent mark-sweep generation total 134144K, used 134143K [0x00000000f7d00000, 0x0000000100000000, 0x0000000100000000)
 Metaspace       used 51845K, capacity 54702K, committed 55296K, reserved 1097728K
  class space    used 6330K, capacity 6825K, committed 6912K, reserved 1048576K
2023-01-17T04:43:37.748+0800: 50.814: [Full GC (Allocation Failure) 2023-01-17T04:43:37.748+0800: 50.815: [CMS2023-01-17T04:43:37.795+0800: 50.862: [CMS-concurrent-preclean: 0.070/0.099 secs] [Times: user=0.16 sys=0.00, real=0.10 secs] 
 (concurrent mode failure): 134143K->134143K(134144K), 0.2227099 secs] 249343K->140050K(249344K), [Metaspace: 51845K->51845K(1097728K)], 0.2231199 secs] [Times: user=0.22 sys=0.01, real=0.23 secs] 
Heap after GC invocations=87 (full 128):
 par new generation   total 115200K, used 5906K [0x00000000f0000000, 0x00000000f7d00000, 0x00000000f7d00000)
  eden space 102400K,   5% used [0x00000000f0000000, 0x00000000f05c4ac0, 0x00000000f6400000)
  from space 12800K,   0% used [0x00000000f6400000, 0x00000000f6400000, 0x00000000f7080000)
  to   space 12800K,   0% used [0x00000000f7080000, 0x00000000f7080000, 0x00000000f7d00000)
 concurrent mark-sweep generation total 134144K, used 134143K [0x00000000f7d00000, 0x0000000100000000, 0x0000000100000000)
 Metaspace       used 51845K, capacity 54702K, committed 55296K, reserved 1097728K
  class space    used 6330K, capacity 6825K, committed 6912K, reserved 1048576K
}
{Heap before GC invocations=87 (full 128):
 par new generation   total 115200K, used 115199K [0x00000000f0000000, 0x00000000f7d00000, 0x00000000f7d00000)
  eden space 102400K, 100% used [0x00000000f0000000, 0x00000000f6400000, 0x00000000f6400000)
  from space 12800K,  99% used [0x00000000f6400000, 0x00000000f707ffe0, 0x00000000f7080000)
  to   space 12800K,   0% used [0x00000000f7080000, 0x00000000f7080000, 0x00000000f7d00000)
 concurrent mark-sweep generation total 134144K, used 134143K [0x00000000f7d00000, 0x0000000100000000, 0x0000000100000000)
 Metaspace       used 51845K, capacity 54702K, committed 55296K, reserved 1097728K
  class space    used 6330K, capacity 6825K, committed 6912K, reserved 1048576K
2023-01-17T04:43:38.159+0800: 51.226: [Full GC (Allocation Failure) 2023-01-17T04:43:38.160+0800: 51.226: [CMS: 134143K->134144K(134144K), 0.2284685 secs] 249343K->140067K(249344K), [Metaspace: 51845K->51845K(1097728K)], 0.2288891 secs] [Times: user=0.23 sys=0.00, real=0.23 secs] 
Heap after GC invocations=88 (full 129):
 par new generation   total 115200K, used 5923K [0x00000000f0000000, 0x00000000f7d00000, 0x00000000f7d00000)
  eden space 102400K,   5% used [0x00000000f0000000, 0x00000000f05c8ce0, 0x00000000f6400000)
  from space 12800K,   0% used [0x00000000f6400000, 0x00000000f6400000, 0x00000000f7080000)
  to   space 12800K,   0% used [0x00000000f7080000, 0x00000000f7080000, 0x00000000f7d00000)
 concurrent mark-sweep generation total 134144K, used 134144K [0x00000000f7d00000, 0x0000000100000000, 0x0000000100000000)
 Metaspace       used 51845K, capacity 54702K, committed 55296K, reserved 1097728K
  class space    used 6330K, capacity 6825K, committed 6912K, reserved 1048576K
}
2023-01-17T04:43:38.393+0800: 51.460: [GC (CMS Initial Mark) [1 CMS-initial-mark: 134144K(134144K)] 140125K(249344K), 0.0074941 secs] [Times: user=0.02 sys=0.00, real=0.01 secs] 
2023-01-17T04:43:38.401+0800: 51.467: [CMS-concurrent-mark-start]
2023-01-17T04:43:38.531+0800: 51.597: [CMS-concurrent-mark: 0.130/0.130 secs] [Times: user=0.36 sys=0.05, real=0.13 secs] 
2023-01-17T04:43:38.531+0800: 51.597: [CMS-concurrent-preclean-start]
2023-01-17T04:43:38.575+0800: 51.641: [CMS-concurrent-preclean: 0.044/0.044 secs] [Times: user=0.15 sys=0.02, real=0.04 secs] 
2023-01-17T04:43:38.575+0800: 51.641: [CMS-concurrent-abortable-preclean-start]
2023-01-17T04:43:38.575+0800: 51.641: [CMS-concurrent-abortable-preclean: 0.000/0.000 secs] [Times: user=0.00 sys=0.00, real=0.00 secs] 
2023-01-17T04:43:38.579+0800: 51.646: [GC (CMS Final Remark) [YG occupancy: 106015 K (115200 K)]2023-01-17T04:43:38.580+0800: 51.646: [Rescan (parallel) , 0.0293119 secs]2023-01-17T04:43:38.609+0800: 51.675: [weak refs processing, 0.0000436 secs]2023-01-17T04:43:38.609+0800: 51.675: [class unloading, 0.0141497 secs]2023-01-17T04:43:38.623+0800: 51.689: [scrub symbol table, 0.0050608 secs]2023-01-17T04:43:38.628+0800: 51.694: [scrub string table, 0.0008607 secs][1 CMS-remark: 134144K(134144K)] 240159K(249344K), 0.0496617 secs] [Times: user=0.13 sys=0.00, real=0.05 secs] 
2023-01-17T04:43:38.629+0800: 51.696: [CMS-concurrent-sweep-start]
2023-01-17T04:43:38.647+0800: 51.713: [CMS-concurrent-sweep: 0.017/0.017 secs] [Times: user=0.06 sys=0.01, real=0.02 secs] 
2023-01-17T04:43:38.647+0800: 51.713: [CMS-concurrent-reset-start]
2023-01-17T04:43:38.647+0800: 51.713: [CMS-concurrent-reset: 0.000/0.000 secs] [Times: user=0.00 sys=0.00, real=0.00 secs] 
{Heap before GC invocations=88 (full 130):
 par new generation   total 115200K, used 115199K [0x00000000f0000000, 0x00000000f7d00000, 0x00000000f7d00000)
  eden space 102400K, 100% used [0x00000000f0000000, 0x00000000f6400000, 0x00000000f6400000)
  from space 12800K,  99% used [0x00000000f6400000, 0x00000000f707fff0, 0x00000000f7080000)
  to   space 12800K,   0% used [0x00000000f7080000, 0x00000000f7080000, 0x00000000f7d00000)
 concurrent mark-sweep generation total 134144K, used 134143K [0x00000000f7d00000, 0x0000000100000000, 0x0000000100000000)
 Metaspace       used 51845K, capacity 54702K, committed 55296K, reserved 1097728K
  class space    used 6330K, capacity 6825K, committed 6912K, reserved 1048576K
2023-01-17T04:43:38.686+0800: 51.753: [GC (Allocation Failure) 2023-01-17T04:43:38.687+0800: 51.753: [ParNew: 115199K->115199K(115200K), 0.0000262 secs]2023-01-17T04:43:38.687+0800: 51.753: [CMS: 134143K->134144K(134144K), 0.2084381 secs] 249343K->140049K(249344K), [Metaspace: 51845K->51845K(1097728K)], 0.2088603 secs] [Times: user=0.21 sys=0.00, real=0.21 secs] 
Heap after GC invocations=89 (full 131):
 par new generation   total 115200K, used 5905K [0x00000000f0000000, 0x00000000f7d00000, 0x00000000f7d00000)
  eden space 102400K,   5% used [0x00000000f0000000, 0x00000000f05c4470, 0x00000000f6400000)
  from space 12800K,   0% used [0x00000000f6400000, 0x00000000f6400000, 0x00000000f7080000)
  to   space 12800K,   0% used [0x00000000f7080000, 0x00000000f7080000, 0x00000000f7d00000)
 concurrent mark-sweep generation total 134144K, used 134144K [0x00000000f7d00000, 0x0000000100000000, 0x0000000100000000)
 Metaspace       used 51845K, capacity 54702K, committed 55296K, reserved 1097728K
  class space    used 6330K, capacity 6825K, committed 6912K, reserved 1048576K
}
2023-01-17T04:43:38.901+0800: 51.968: [GC (CMS Initial Mark) [1 CMS-initial-mark: 134144K(134144K)] 140904K(249344K), 0.0064573 secs] [Times: user=0.02 sys=0.00, real=0.00 secs] 
2023-01-17T04:43:38.908+0800: 51.974: [CMS-concurrent-mark-start]
2023-01-17T04:43:39.002+0800: 52.068: [CMS-concurrent-mark: 0.094/0.094 secs] [Times: user=0.24 sys=0.04, real=0.10 secs] 
2023-01-17T04:43:39.002+0800: 52.069: [CMS-concurrent-preclean-start]
2023-01-17T04:43:39.096+0800: 52.162: [CMS-concurrent-preclean: 0.094/0.094 secs] [Times: user=0.16 sys=0.04, real=0.09 secs] 
2023-01-17T04:43:39.096+0800: 52.163: [CMS-concurrent-abortable-preclean-start]
2023-01-17T04:43:39.096+0800: 52.163: [CMS-concurrent-abortable-preclean: 0.000/0.000 secs] [Times: user=0.00 sys=0.00, real=0.00 secs] 
2023-01-17T04:43:39.107+0800: 52.173: [GC (CMS Final Remark) [YG occupancy: 94345 K (115200 K)]2023-01-17T04:43:39.107+0800: 52.173: [Rescan (parallel) , 0.0515457 secs]2023-01-17T04:43:39.158+0800: 52.225: [weak refs processing, 0.0000564 secs]2023-01-17T04:43:39.159+0800: 52.225: [class unloading, 0.0138747 secs]2023-01-17T04:43:39.172+0800: 52.239: [scrub symbol table, 0.0052229 secs]2023-01-17T04:43:39.178+0800: 52.244: [scrub string table, 0.0008947 secs][1 CMS-remark: 134144K(134144K)] 228489K(249344K), 0.0718723 secs] [Times: user=0.14 sys=0.00, real=0.07 secs] 
2023-01-17T04:43:39.179+0800: 52.245: [CMS-concurrent-sweep-start]
2023-01-17T04:43:39.198+0800: 52.264: [CMS-concurrent-sweep: 0.019/0.019 secs] [Times: user=0.05 sys=0.01, real=0.02 secs] 
2023-01-17T04:43:39.198+0800: 52.264: [CMS-concurrent-reset-start]
2023-01-17T04:43:39.198+0800: 52.264: [CMS-concurrent-reset: 0.000/0.000 secs] [Times: user=0.00 sys=0.00, real=0.00 secs] 
{Heap before GC invocations=89 (full 132):
 par new generation   total 115200K, used 115198K [0x00000000f0000000, 0x00000000f7d00000, 0x00000000f7d00000)
  eden space 102400K, 100% used [0x00000000f0000000, 0x00000000f6400000, 0x00000000f6400000)
  from space 12800K,  99% used [0x00000000f6400000, 0x00000000f707fab8, 0x00000000f7080000)
  to   space 12800K,   0% used [0x00000000f7080000, 0x00000000f7080000, 0x00000000f7d00000)
 concurrent mark-sweep generation total 134144K, used 134144K [0x00000000f7d00000, 0x0000000100000000, 0x0000000100000000)
 Metaspace       used 51846K, capacity 54702K, committed 55296K, reserved 1097728K
  class space    used 6330K, capacity 6825K, committed 6912K, reserved 1048576K
2023-01-17T04:43:39.278+0800: 52.344: [GC (Allocation Failure) 2023-01-17T04:43:39.278+0800: 52.345: [ParNew: 115198K->115198K(115200K), 0.0000277 secs]2023-01-17T04:43:39.278+0800: 52.345: [CMS: 134144K->134144K(134144K), 0.1920483 secs] 249342K->140074K(249344K), [Metaspace: 51846K->51846K(1097728K)], 0.1924945 secs] [Times: user=0.19 sys=0.00, real=0.20 secs] 
Heap after GC invocations=90 (full 133):
 par new generation   total 115200K, used 5930K [0x00000000f0000000, 0x00000000f7d00000, 0x00000000f7d00000)
  eden space 102400K,   5% used [0x00000000f0000000, 0x00000000f05cabf8, 0x00000000f6400000)
  from space 12800K,   0% used [0x00000000f6400000, 0x00000000f6400000, 0x00000000f7080000)
  to   space 12800K,   0% used [0x00000000f7080000, 0x00000000f7080000, 0x00000000f7d00000)
 concurrent mark-sweep generation total 134144K, used 134144K [0x00000000f7d00000, 0x0000000100000000, 0x0000000100000000)
 Metaspace       used 51846K, capacity 54702K, committed 55296K, reserved 1097728K
  class space    used 6330K, capacity 6825K, committed 6912K, reserved 1048576K
}
2023-01-17T04:43:39.475+0800: 52.542: [GC (CMS Initial Mark) [1 CMS-initial-mark: 134144K(134144K)] 140127K(249344K), 0.0063027 secs] [Times: user=0.02 sys=0.00, real=0.01 secs] 
2023-01-17T04:43:39.482+0800: 52.548: [CMS-concurrent-mark-start]
2023-01-17T04:43:39.568+0800: 52.635: [CMS-concurrent-mark: 0.087/0.087 secs] [Times: user=0.29 sys=0.05, real=0.08 secs] 
2023-01-17T04:43:39.569+0800: 52.635: [CMS-concurrent-preclean-start]
2023-01-17T04:43:39.616+0800: 52.683: [CMS-concurrent-preclean: 0.048/0.048 secs] [Times: user=0.16 sys=0.02, real=0.05 secs] 
2023-01-17T04:43:39.617+0800: 52.683: [CMS-concurrent-abortable-preclean-start]
2023-01-17T04:43:39.617+0800: 52.683: [CMS-concurrent-abortable-preclean: 0.000/0.000 secs] [Times: user=0.00 sys=0.00, real=0.00 secs] 
2023-01-17T04:43:39.623+0800: 52.689: [GC (CMS Final Remark) [YG occupancy: 98501 K (115200 K)]2023-01-17T04:43:39.623+0800: 52.689: [Rescan (parallel) , 0.0274866 secs]2023-01-17T04:43:39.651+0800: 52.717: [weak refs processing, 0.0000454 secs]2023-01-17T04:43:39.651+0800: 52.717: [class unloading, 0.0138803 secs]2023-01-17T04:43:39.665+0800: 52.731: [scrub symbol table, 0.0053790 secs]2023-01-17T04:43:39.670+0800: 52.736: [scrub string table, 0.0009351 secs][1 CMS-remark: 134144K(134144K)] 232645K(249344K), 0.0479743 secs] [Times: user=0.13 sys=0.00, real=0.05 secs] 
2023-01-17T04:43:39.671+0800: 52.738: [CMS-concurrent-sweep-start]
2023-01-17T04:43:39.691+0800: 52.757: [CMS-concurrent-sweep: 0.020/0.020 secs] [Times: user=0.08 sys=0.01, real=0.02 secs] 
2023-01-17T04:43:39.691+0800: 52.758: [CMS-concurrent-reset-start]
2023-01-17T04:43:39.691+0800: 52.758: [CMS-concurrent-reset: 0.000/0.000 secs] [Times: user=0.00 sys=0.00, real=0.00 secs] 
{Heap before GC invocations=90 (full 134):
 par new generation   total 115200K, used 115199K [0x00000000f0000000, 0x00000000f7d00000, 0x00000000f7d00000)
  eden space 102400K, 100% used [0x00000000f0000000, 0x00000000f6400000, 0x00000000f6400000)
  from space 12800K,  99% used [0x00000000f6400000, 0x00000000f707fff0, 0x00000000f7080000)
  to   space 12800K,   0% used [0x00000000f7080000, 0x00000000f7080000, 0x00000000f7d00000)
 concurrent mark-sweep generation total 134144K, used 134143K [0x00000000f7d00000, 0x0000000100000000, 0x0000000100000000)
 Metaspace       used 51850K, capacity 54702K, committed 55296K, reserved 1097728K
  class space    used 6330K, capacity 6825K, committed 6912K, reserved 1048576K
2023-01-17T04:43:39.753+0800: 52.820: [GC (Allocation Failure) 2023-01-17T04:43:39.754+0800: 52.820: [ParNew: 115199K->115199K(115200K), 0.0000287 secs]2023-01-17T04:43:39.754+0800: 52.820: [CMS: 134143K->134143K(134144K), 0.1958948 secs] 249343K->140095K(249344K), [Metaspace: 51850K->51850K(1097728K)], 0.1963296 secs] [Times: user=0.20 sys=0.00, real=0.20 secs] 
Heap after GC invocations=91 (full 135):
 par new generation   total 115200K, used 5951K [0x00000000f0000000, 0x00000000f7d00000, 0x00000000f7d00000)
  eden space 102400K,   5% used [0x00000000f0000000, 0x00000000f05cfff8, 0x00000000f6400000)
  from space 12800K,   0% used [0x00000000f6400000, 0x00000000f6400000, 0x00000000f7080000)
  to   space 12800K,   0% used [0x00000000f7080000, 0x00000000f7080000, 0x00000000f7d00000)
 concurrent mark-sweep generation total 134144K, used 134143K [0x00000000f7d00000, 0x0000000100000000, 0x0000000100000000)
 Metaspace       used 51850K, capacity 54702K, committed 55296K, reserved 1097728K
  class space    used 6330K, capacity 6825K, committed 6912K, reserved 1048576K
}
2023-01-17T04:43:39.958+0800: 53.024: [GC (CMS Initial Mark) [1 CMS-initial-mark: 134143K(134144K)] 141647K(249344K), 0.0081538 secs] [Times: user=0.02 sys=0.00, real=0.01 secs] 
2023-01-17T04:43:39.967+0800: 53.033: [CMS-concurrent-mark-start]
2023-01-17T04:43:40.042+0800: 53.108: [CMS-concurrent-mark: 0.075/0.075 secs] [Times: user=0.20 sys=0.04, real=0.08 secs] 
2023-01-17T04:43:40.042+0800: 53.108: [CMS-concurrent-preclean-start]
2023-01-17T04:43:40.090+0800: 53.156: [CMS-concurrent-preclean: 0.048/0.048 secs] [Times: user=0.17 sys=0.02, real=0.05 secs] 
2023-01-17T04:43:40.090+0800: 53.156: [CMS-concurrent-abortable-preclean-start]
2023-01-17T04:43:40.090+0800: 53.156: [CMS-concurrent-abortable-preclean: 0.000/0.000 secs] [Times: user=0.00 sys=0.00, real=0.00 secs] 
2023-01-17T04:43:40.107+0800: 53.173: [GC (CMS Final Remark) [YG occupancy: 91071 K (115200 K)]2023-01-17T04:43:40.107+0800: 53.173: [Rescan (parallel) , 0.0261942 secs]2023-01-17T04:43:40.133+0800: 53.199: [weak refs processing, 0.0000469 secs]2023-01-17T04:43:40.133+0800: 53.200: [class unloading, 0.0141334 secs]2023-01-17T04:43:40.147+0800: 53.214: [scrub symbol table, 0.0052800 secs]2023-01-17T04:43:40.153+0800: 53.219: [scrub string table, 0.0009053 secs][1 CMS-remark: 134143K(134144K)] 225215K(249344K), 0.0468182 secs] [Times: user=0.12 sys=0.00, real=0.05 secs] 
2023-01-17T04:43:40.154+0800: 53.220: [CMS-concurrent-sweep-start]
2023-01-17T04:43:40.181+0800: 53.247: [CMS-concurrent-sweep: 0.027/0.027 secs] [Times: user=0.08 sys=0.01, real=0.03 secs] 
2023-01-17T04:43:40.181+0800: 53.247: [CMS-concurrent-reset-start]
2023-01-17T04:43:40.181+0800: 53.247: [CMS-concurrent-reset: 0.000/0.000 secs] [Times: user=0.00 sys=0.00, real=0.00 secs] 
{Heap before GC invocations=91 (full 136):
 par new generation   total 115200K, used 115199K [0x00000000f0000000, 0x00000000f7d00000, 0x00000000f7d00000)
  eden space 102400K, 100% used [0x00000000f0000000, 0x00000000f6400000, 0x00000000f6400000)
  from space 12800K,  99% used [0x00000000f6400000, 0x00000000f707fff0, 0x00000000f7080000)
  to   space 12800K,   0% used [0x00000000f7080000, 0x00000000f7080000, 0x00000000f7d00000)
 concurrent mark-sweep generation total 134144K, used 134143K [0x00000000f7d00000, 0x0000000100000000, 0x0000000100000000)
 Metaspace       used 51850K, capacity 54702K, committed 55296K, reserved 1097728K
  class space    used 6330K, capacity 6825K, committed 6912K, reserved 1048576K
2023-01-17T04:43:40.252+0800: 53.318: [GC (Allocation Failure) 2023-01-17T04:43:40.252+0800: 53.319: [ParNew: 115199K->115199K(115200K), 0.0000267 secs]2023-01-17T04:43:40.252+0800: 53.319: [CMS: 134143K->134143K(134144K), 0.1958060 secs] 249343K->140050K(249344K), [Metaspace: 51850K->51850K(1097728K)], 0.1962340 secs] [Times: user=0.19 sys=0.00, real=0.19 secs] 
Heap after GC invocations=92 (full 137):
 par new generation   total 115200K, used 5906K [0x00000000f0000000, 0x00000000f7d00000, 0x00000000f7d00000)
  eden space 102400K,   5% used [0x00000000f0000000, 0x00000000f05c49a0, 0x00000000f6400000)
  from space 12800K,   0% used [0x00000000f6400000, 0x00000000f6400000, 0x00000000f7080000)
  to   space 12800K,   0% used [0x00000000f7080000, 0x00000000f7080000, 0x00000000f7d00000)
 concurrent mark-sweep generation total 134144K, used 134143K [0x00000000f7d00000, 0x0000000100000000, 0x0000000100000000)
 Metaspace       used 51850K, capacity 54702K, committed 55296K, reserved 1097728K
  class space    used 6330K, capacity 6825K, committed 6912K, reserved 1048576K
}
2023-01-17T04:43:40.454+0800: 53.520: [GC (CMS Initial Mark) [1 CMS-initial-mark: 134143K(134144K)] 140548K(249344K), 0.0063875 secs] [Times: user=0.02 sys=0.00, real=0.01 secs] 
2023-01-17T04:43:40.460+0800: 53.527: [CMS-concurrent-mark-start]
2023-01-17T04:43:40.529+0800: 53.596: [CMS-concurrent-mark: 0.069/0.069 secs] [Times: user=0.23 sys=0.04, real=0.06 secs] 
2023-01-17T04:43:40.530+0800: 53.596: [CMS-concurrent-preclean-start]
2023-01-17T04:43:40.576+0800: 53.642: [CMS-concurrent-preclean: 0.046/0.046 secs] [Times: user=0.14 sys=0.03, real=0.04 secs] 
2023-01-17T04:43:40.576+0800: 53.642: [CMS-concurrent-abortable-preclean-start]
2023-01-17T04:43:40.576+0800: 53.642: [CMS-concurrent-abortable-preclean: 0.000/0.000 secs] [Times: user=0.00 sys=0.00, real=0.00 secs] 
2023-01-17T04:43:40.580+0800: 53.647: [GC (CMS Final Remark) [YG occupancy: 79157 K (115200 K)]2023-01-17T04:43:40.580+0800: 53.647: [Rescan (parallel) , 0.0310087 secs]2023-01-17T04:43:40.611+0800: 53.678: [weak refs processing, 0.0000435 secs]2023-01-17T04:43:40.611+0800: 53.678: [class unloading, 0.0135141 secs]2023-01-17T04:43:40.625+0800: 53.691: [scrub symbol table, 0.0050232 secs]2023-01-17T04:43:40.630+0800: 53.696: [scrub string table, 0.0008582 secs][1 CMS-remark: 134143K(134144K)] 213301K(249344K), 0.0506902 secs] [Times: user=0.11 sys=0.00, real=0.05 secs] 
2023-01-17T04:43:40.631+0800: 53.698: [CMS-concurrent-sweep-start]
2023-01-17T04:43:40.650+0800: 53.716: [CMS-concurrent-sweep: 0.018/0.018 secs] [Times: user=0.05 sys=0.00, real=0.02 secs] 
2023-01-17T04:43:40.650+0800: 53.716: [CMS-concurrent-reset-start]
2023-01-17T04:43:40.650+0800: 53.716: [CMS-concurrent-reset: 0.000/0.000 secs] [Times: user=0.00 sys=0.00, real=0.00 secs] 
{Heap before GC invocations=92 (full 138):
 par new generation   total 115200K, used 115199K [0x00000000f0000000, 0x00000000f7d00000, 0x00000000f7d00000)
  eden space 102400K, 100% used [0x00000000f0000000, 0x00000000f6400000, 0x00000000f6400000)
  from space 12800K,  99% used [0x00000000f6400000, 0x00000000f707fff8, 0x00000000f7080000)
  to   space 12800K,   0% used [0x00000000f7080000, 0x00000000f7080000, 0x00000000f7d00000)
 concurrent mark-sweep generation total 134144K, used 134143K [0x00000000f7d00000, 0x0000000100000000, 0x0000000100000000)
 Metaspace       used 51852K, capacity 54702K, committed 55296K, reserved 1097728K
  class space    used 6330K, capacity 6825K, committed 6912K, reserved 1048576K
2023-01-17T04:43:40.750+0800: 53.817: [GC (Allocation Failure) 2023-01-17T04:43:40.751+0800: 53.817: [ParNew: 115199K->115199K(115200K), 0.0000284 secs]2023-01-17T04:43:40.751+0800: 53.817: [CMS: 134143K->134143K(134144K), 0.1975677 secs] 249343K->140012K(249344K), [Metaspace: 51852K->51852K(1097728K)], 0.1980253 secs] [Times: user=0.20 sys=0.00, real=0.19 secs] 
Heap after GC invocations=93 (full 139):
 par new generation   total 115200K, used 5868K [0x00000000f0000000, 0x00000000f7d00000, 0x00000000f7d00000)
  eden space 102400K,   5% used [0x00000000f0000000, 0x00000000f05bb328, 0x00000000f6400000)
  from space 12800K,   0% used [0x00000000f6400000, 0x00000000f6400000, 0x00000000f7080000)
  to   space 12800K,   0% used [0x00000000f7080000, 0x00000000f7080000, 0x00000000f7d00000)
 concurrent mark-sweep generation total 134144K, used 134143K [0x00000000f7d00000, 0x0000000100000000, 0x0000000100000000)
 Metaspace       used 51852K, capacity 54702K, committed 55296K, reserved 1097728K
  class space    used 6330K, capacity 6825K, committed 6912K, reserved 1048576K
}
2023-01-17T04:43:40.954+0800: 54.021: [GC (CMS Initial Mark) [1 CMS-initial-mark: 134143K(134144K)] 140901K(249344K), 0.0063410 secs] [Times: user=0.02 sys=0.00, real=0.01 secs] 
2023-01-17T04:43:40.961+0800: 54.027: [CMS-concurrent-mark-start]
2023-01-17T04:43:41.036+0800: 54.103: [CMS-concurrent-mark: 0.075/0.075 secs] [Times: user=0.24 sys=0.04, real=0.07 secs] 
2023-01-17T04:43:41.037+0800: 54.103: [CMS-concurrent-preclean-start]
2023-01-17T04:43:41.092+0800: 54.159: [CMS-concurrent-preclean: 0.056/0.056 secs] [Times: user=0.19 sys=0.02, real=0.06 secs] 
2023-01-17T04:43:41.093+0800: 54.159: [CMS-concurrent-abortable-preclean-start]
2023-01-17T04:43:41.093+0800: 54.159: [CMS-concurrent-abortable-preclean: 0.000/0.000 secs] [Times: user=0.00 sys=0.00, real=0.00 secs] 
2023-01-17T04:43:41.099+0800: 54.165: [GC (CMS Final Remark) [YG occupancy: 99508 K (115200 K)]2023-01-17T04:43:41.099+0800: 54.165: [Rescan (parallel) , 0.0279904 secs]2023-01-17T04:43:41.127+0800: 54.193: [weak refs processing, 0.0000440 secs]2023-01-17T04:43:41.127+0800: 54.193: [class unloading, 0.0136522 secs]2023-01-17T04:43:41.141+0800: 54.207: [scrub symbol table, 0.0051243 secs]2023-01-17T04:43:41.146+0800: 54.212: [scrub string table, 0.0009243 secs][1 CMS-remark: 134143K(134144K)] 233652K(249344K), 0.0479852 secs] [Times: user=0.13 sys=0.00, real=0.05 secs] 
2023-01-17T04:43:41.147+0800: 54.213: [CMS-concurrent-sweep-start]
2023-01-17T04:43:41.165+0800: 54.231: [CMS-concurrent-sweep: 0.018/0.018 secs] [Times: user=0.07 sys=0.01, real=0.02 secs] 
2023-01-17T04:43:41.165+0800: 54.231: [CMS-concurrent-reset-start]
2023-01-17T04:43:41.165+0800: 54.232: [CMS-concurrent-reset: 0.000/0.000 secs] [Times: user=0.00 sys=0.00, real=0.00 secs] 
{Heap before GC invocations=93 (full 140):
 par new generation   total 115200K, used 115200K [0x00000000f0000000, 0x00000000f7d00000, 0x00000000f7d00000)
  eden space 102400K, 100% used [0x00000000f0000000, 0x00000000f6400000, 0x00000000f6400000)
  from space 12800K, 100% used [0x00000000f6400000, 0x00000000f7080000, 0x00000000f7080000)
  to   space 12800K,   0% used [0x00000000f7080000, 0x00000000f7080000, 0x00000000f7d00000)
 concurrent mark-sweep generation total 134144K, used 134143K [0x00000000f7d00000, 0x0000000100000000, 0x0000000100000000)
 Metaspace       used 51852K, capacity 54702K, committed 55296K, reserved 1097728K
  class space    used 6330K, capacity 6825K, committed 6912K, reserved 1048576K
2023-01-17T04:43:41.230+0800: 54.296: [GC (Allocation Failure) 2023-01-17T04:43:41.230+0800: 54.296: [ParNew: 115200K->115200K(115200K), 0.0000272 secs]2023-01-17T04:43:41.230+0800: 54.296: [CMS: 134143K->134143K(134144K), 0.2147914 secs] 249343K->140081K(249344K), [Metaspace: 51852K->51852K(1097728K)], 0.2153279 secs] [Times: user=0.21 sys=0.00, real=0.21 secs] 
Heap after GC invocations=94 (full 141):
 par new generation   total 115200K, used 5937K [0x00000000f0000000, 0x00000000f7d00000, 0x00000000f7d00000)
  eden space 102400K,   5% used [0x00000000f0000000, 0x00000000f05cc508, 0x00000000f6400000)
  from space 12800K,   0% used [0x00000000f6400000, 0x00000000f6400000, 0x00000000f7080000)
  to   space 12800K,   0% used [0x00000000f7080000, 0x00000000f7080000, 0x00000000f7d00000)
 concurrent mark-sweep generation total 134144K, used 134143K [0x00000000f7d00000, 0x0000000100000000, 0x0000000100000000)
 Metaspace       used 51852K, capacity 54702K, committed 55296K, reserved 1097728K
  class space    used 6330K, capacity 6825K, committed 6912K, reserved 1048576K
}
2023-01-17T04:43:41.452+0800: 54.518: [GC (CMS Initial Mark) [1 CMS-initial-mark: 134143K(134144K)] 140130K(249344K), 0.0108683 secs] [Times: user=0.02 sys=0.00, real=0.01 secs] 
2023-01-17T04:43:41.468+0800: 54.534: [CMS-concurrent-mark-start]
2023-01-17T04:43:41.611+0800: 54.678: [CMS-concurrent-mark: 0.144/0.144 secs] [Times: user=0.32 sys=0.05, real=0.15 secs] 
2023-01-17T04:43:41.611+0800: 54.678: [CMS-concurrent-preclean-start]
2023-01-17T04:43:41.678+0800: 54.744: [CMS-concurrent-preclean: 0.067/0.067 secs] [Times: user=0.20 sys=0.02, real=0.06 secs] 
2023-01-17T04:43:41.678+0800: 54.745: [CMS-concurrent-abortable-preclean-start]
2023-01-17T04:43:41.678+0800: 54.745: [CMS-concurrent-abortable-preclean: 0.000/0.000 secs] [Times: user=0.00 sys=0.00, real=0.00 secs] 
2023-01-17T04:43:41.683+0800: 54.749: [GC (CMS Final Remark) [YG occupancy: 106790 K (115200 K)]2023-01-17T04:43:41.683+0800: 54.749: [Rescan (parallel) , 0.0301819 secs]2023-01-17T04:43:41.713+0800: 54.779: [weak refs processing, 0.0000439 secs]2023-01-17T04:43:41.713+0800: 54.779: [class unloading, 0.0137654 secs]2023-01-17T04:43:41.727+0800: 54.793: [scrub symbol table, 0.0050362 secs]2023-01-17T04:43:41.732+0800: 54.798: [scrub string table, 0.0008924 secs][1 CMS-remark: 134143K(134144K)] 240934K(249344K), 0.0501713 secs] [Times: user=0.14 sys=0.00, real=0.05 secs] 
2023-01-17T04:43:41.733+0800: 54.800: [CMS-concurrent-sweep-start]
2023-01-17T04:43:41.751+0800: 54.817: [CMS-concurrent-sweep: 0.017/0.017 secs] [Times: user=0.06 sys=0.00, real=0.02 secs] 
2023-01-17T04:43:41.753+0800: 54.819: [CMS-concurrent-reset-start]
2023-01-17T04:43:41.753+0800: 54.819: [CMS-concurrent-reset: 0.000/0.000 secs] [Times: user=0.00 sys=0.00, real=0.00 secs] 
{Heap before GC invocations=94 (full 142):
 par new generation   total 115200K, used 115199K [0x00000000f0000000, 0x00000000f7d00000, 0x00000000f7d00000)
  eden space 102400K, 100% used [0x00000000f0000000, 0x00000000f6400000, 0x00000000f6400000)
  from space 12800K,  99% used [0x00000000f6400000, 0x00000000f707fff8, 0x00000000f7080000)
  to   space 12800K,   0% used [0x00000000f7080000, 0x00000000f7080000, 0x00000000f7d00000)
 concurrent mark-sweep generation total 134144K, used 134143K [0x00000000f7d00000, 0x0000000100000000, 0x0000000100000000)
 Metaspace       used 51852K, capacity 54702K, committed 55296K, reserved 1097728K
  class space    used 6330K, capacity 6825K, committed 6912K, reserved 1048576K
2023-01-17T04:43:41.786+0800: 54.852: [GC (Allocation Failure) 2023-01-17T04:43:41.786+0800: 54.852: [ParNew: 115199K->115199K(115200K), 0.0000245 secs]2023-01-17T04:43:41.786+0800: 54.852: [CMS: 134143K->134143K(134144K), 0.2144164 secs] 249343K->140020K(249344K), [Metaspace: 51852K->51852K(1097728K)], 0.2148540 secs] [Times: user=0.21 sys=0.00, real=0.22 secs] 
Heap after GC invocations=95 (full 143):
 par new generation   total 115200K, used 5876K [0x00000000f0000000, 0x00000000f7d00000, 0x00000000f7d00000)
  eden space 102400K,   5% used [0x00000000f0000000, 0x00000000f05bd220, 0x00000000f6400000)
  from space 12800K,   0% used [0x00000000f6400000, 0x00000000f6400000, 0x00000000f7080000)
  to   space 12800K,   0% used [0x00000000f7080000, 0x00000000f7080000, 0x00000000f7d00000)
 concurrent mark-sweep generation total 134144K, used 134143K [0x00000000f7d00000, 0x0000000100000000, 0x0000000100000000)
 Metaspace       used 51852K, capacity 54702K, committed 55296K, reserved 1097728K
  class space    used 6330K, capacity 6825K, committed 6912K, reserved 1048576K
}
2023-01-17T04:43:42.006+0800: 55.072: [GC (CMS Initial Mark) [1 CMS-initial-mark: 134143K(134144K)] 140314K(249344K), 0.0063738 secs] [Times: user=0.02 sys=0.00, real=0.01 secs] 
2023-01-17T04:43:42.013+0800: 55.079: [CMS-concurrent-mark-start]
2023-01-17T04:43:42.084+0800: 55.150: [CMS-concurrent-mark: 0.071/0.071 secs] [Times: user=0.24 sys=0.04, real=0.07 secs] 
2023-01-17T04:43:42.084+0800: 55.151: [CMS-concurrent-preclean-start]
2023-01-17T04:43:42.131+0800: 55.198: [CMS-concurrent-preclean: 0.047/0.047 secs] [Times: user=0.17 sys=0.02, real=0.05 secs] 
2023-01-17T04:43:42.131+0800: 55.198: [CMS-concurrent-abortable-preclean-start]
2023-01-17T04:43:42.131+0800: 55.198: [CMS-concurrent-abortable-preclean: 0.000/0.000 secs] [Times: user=0.00 sys=0.00, real=0.00 secs] 
2023-01-17T04:43:42.138+0800: 55.204: [GC (CMS Final Remark) [YG occupancy: 90490 K (115200 K)]2023-01-17T04:43:42.138+0800: 55.204: [Rescan (parallel) , 0.0334281 secs]2023-01-17T04:43:42.171+0800: 55.238: [weak refs processing, 0.0000666 secs]2023-01-17T04:43:42.171+0800: 55.238: [class unloading, 0.0169716 secs]2023-01-17T04:43:42.188+0800: 55.255: [scrub symbol table, 0.0052326 secs]2023-01-17T04:43:42.194+0800: 55.260: [scrub string table, 0.0008757 secs][1 CMS-remark: 134143K(134144K)] 224634K(249344K), 0.0568407 secs] [Times: user=0.12 sys=0.00, real=0.06 secs] 
2023-01-17T04:43:42.196+0800: 55.262: [CMS-concurrent-sweep-start]
2023-01-17T04:43:42.232+0800: 55.298: [CMS-concurrent-sweep: 0.036/0.036 secs] [Times: user=0.10 sys=0.02, real=0.04 secs] 
2023-01-17T04:43:42.232+0800: 55.298: [CMS-concurrent-reset-start]
2023-01-17T04:43:42.232+0800: 55.298: [CMS-concurrent-reset: 0.000/0.000 secs] [Times: user=0.00 sys=0.00, real=0.00 secs] 
{Heap before GC invocations=95 (full 144):
 par new generation   total 115200K, used 115199K [0x00000000f0000000, 0x00000000f7d00000, 0x00000000f7d00000)
  eden space 102400K, 100% used [0x00000000f0000000, 0x00000000f6400000, 0x00000000f6400000)
  from space 12800K,  99% used [0x00000000f6400000, 0x00000000f707fff8, 0x00000000f7080000)
  to   space 12800K,   0% used [0x00000000f7080000, 0x00000000f7080000, 0x00000000f7d00000)
 concurrent mark-sweep generation total 134144K, used 134143K [0x00000000f7d00000, 0x0000000100000000, 0x0000000100000000)
 Metaspace       used 51852K, capacity 54702K, committed 55296K, reserved 1097728K
  class space    used 6330K, capacity 6825K, committed 6912K, reserved 1048576K
2023-01-17T04:43:42.299+0800: 55.365: [GC (Allocation Failure) 2023-01-17T04:43:42.299+0800: 55.365: [ParNew: 115199K->115199K(115200K), 0.0000388 secs]2023-01-17T04:43:42.299+0800: 55.365: [CMS: 134143K->134143K(134144K), 0.2004067 secs] 249343K->139999K(249344K), [Metaspace: 51852K->51852K(1097728K)], 0.2009433 secs] [Times: user=0.20 sys=0.00, real=0.21 secs] 
Heap after GC invocations=96 (full 145):
 par new generation   total 115200K, used 5855K [0x00000000f0000000, 0x00000000f7d00000, 0x00000000f7d00000)
  eden space 102400K,   5% used [0x00000000f0000000, 0x00000000f05b7d10, 0x00000000f6400000)
  from space 12800K,   0% used [0x00000000f6400000, 0x00000000f6400000, 0x00000000f7080000)
  to   space 12800K,   0% used [0x00000000f7080000, 0x00000000f7080000, 0x00000000f7d00000)
 concurrent mark-sweep generation total 134144K, used 134143K [0x00000000f7d00000, 0x0000000100000000, 0x0000000100000000)
 Metaspace       used 51852K, capacity 54702K, committed 55296K, reserved 1097728K
  class space    used 6330K, capacity 6825K, committed 6912K, reserved 1048576K
}
2023-01-17T04:43:42.505+0800: 55.571: [GC (CMS Initial Mark) [1 CMS-initial-mark: 134143K(134144K)] 140148K(249344K), 0.0063394 secs] [Times: user=0.02 sys=0.00, real=0.01 secs] 
2023-01-17T04:43:42.511+0800: 55.578: [CMS-concurrent-mark-start]
2023-01-17T04:43:42.609+0800: 55.675: [CMS-concurrent-mark: 0.097/0.097 secs] [Times: user=0.31 sys=0.04, real=0.09 secs] 
2023-01-17T04:43:42.609+0800: 55.675: [CMS-concurrent-preclean-start]
2023-01-17T04:43:42.693+0800: 55.759: [CMS-concurrent-preclean: 0.084/0.084 secs] [Times: user=0.25 sys=0.02, real=0.09 secs] 
2023-01-17T04:43:42.693+0800: 55.759: [CMS-concurrent-abortable-preclean-start]
2023-01-17T04:43:42.693+0800: 55.759: [CMS-concurrent-abortable-preclean: 0.000/0.000 secs] [Times: user=0.00 sys=0.00, real=0.00 secs] 
2023-01-17T04:43:42.698+0800: 55.764: [GC (CMS Final Remark) [YG occupancy: 108518 K (115200 K)]2023-01-17T04:43:42.698+0800: 55.765: [Rescan (parallel) , 0.0333511 secs]2023-01-17T04:43:42.732+0800: 55.798: [weak refs processing, 0.0000412 secs]2023-01-17T04:43:42.732+0800: 55.798: [class unloading, 0.0136548 secs]2023-01-17T04:43:42.745+0800: 55.812: [scrub symbol table, 0.0052403 secs]2023-01-17T04:43:42.751+0800: 55.817: [scrub string table, 0.0008878 secs][1 CMS-remark: 134143K(134144K)] 242662K(249344K), 0.0534163 secs] [Times: user=0.14 sys=0.00, real=0.06 secs] 
2023-01-17T04:43:42.754+0800: 55.820: [CMS-concurrent-sweep-start]
2023-01-17T04:43:42.776+0800: 55.843: [CMS-concurrent-sweep: 0.023/0.023 secs] [Times: user=0.07 sys=0.00, real=0.02 secs] 
2023-01-17T04:43:42.777+0800: 55.843: [CMS-concurrent-reset-start]
2023-01-17T04:43:42.777+0800: 55.843: [CMS-concurrent-reset: 0.000/0.000 secs] [Times: user=0.00 sys=0.00, real=0.00 secs] 
{Heap before GC invocations=96 (full 146):
 par new generation   total 115200K, used 115200K [0x00000000f0000000, 0x00000000f7d00000, 0x00000000f7d00000)
  eden space 102400K, 100% used [0x00000000f0000000, 0x00000000f6400000, 0x00000000f6400000)
  from space 12800K, 100% used [0x00000000f6400000, 0x00000000f7080000, 0x00000000f7080000)
  to   space 12800K,   0% used [0x00000000f7080000, 0x00000000f7080000, 0x00000000f7d00000)
 concurrent mark-sweep generation total 134144K, used 134143K [0x00000000f7d00000, 0x0000000100000000, 0x0000000100000000)
 Metaspace       used 51852K, capacity 54702K, committed 55296K, reserved 1097728K
  class space    used 6330K, capacity 6825K, committed 6912K, reserved 1048576K
2023-01-17T04:43:42.801+0800: 55.868: [GC (Allocation Failure) 2023-01-17T04:43:42.802+0800: 55.868: [ParNew: 115200K->115200K(115200K), 0.0000266 secs]2023-01-17T04:43:42.802+0800: 55.868: [CMS: 134143K->134143K(134144K), 0.2187489 secs] 249343K->139978K(249344K), [Metaspace: 51852K->51852K(1097728K)], 0.2192015 secs] [Times: user=0.22 sys=0.00, real=0.22 secs] 
Heap after GC invocations=97 (full 147):
 par new generation   total 115200K, used 5834K [0x00000000f0000000, 0x00000000f7d00000, 0x00000000f7d00000)
  eden space 102400K,   5% used [0x00000000f0000000, 0x00000000f05b2bb0, 0x00000000f6400000)
  from space 12800K,   0% used [0x00000000f6400000, 0x00000000f6400000, 0x00000000f7080000)
  to   space 12800K,   0% used [0x00000000f7080000, 0x00000000f7080000, 0x00000000f7d00000)
 concurrent mark-sweep generation total 134144K, used 134143K [0x00000000f7d00000, 0x0000000100000000, 0x0000000100000000)
 Metaspace       used 51852K, capacity 54702K, committed 55296K, reserved 1097728K
  class space    used 6330K, capacity 6825K, committed 6912K, reserved 1048576K
}
2023-01-17T04:43:43.026+0800: 56.093: [GC (CMS Initial Mark) [1 CMS-initial-mark: 134143K(134144K)] 140466K(249344K), 0.0077112 secs] [Times: user=0.02 sys=0.00, real=0.01 secs] 
2023-01-17T04:43:43.034+0800: 56.101: [CMS-concurrent-mark-start]
2023-01-17T04:43:43.110+0800: 56.176: [CMS-concurrent-mark: 0.075/0.075 secs] [Times: user=0.22 sys=0.02, real=0.08 secs] 
2023-01-17T04:43:43.110+0800: 56.177: [CMS-concurrent-preclean-start]
2023-01-17T04:43:43.158+0800: 56.224: [CMS-concurrent-preclean: 0.047/0.047 secs] [Times: user=0.14 sys=0.02, real=0.04 secs] 
2023-01-17T04:43:43.158+0800: 56.224: [CMS-concurrent-abortable-preclean-start]
2023-01-17T04:43:43.158+0800: 56.224: [CMS-concurrent-abortable-preclean: 0.000/0.000 secs] [Times: user=0.00 sys=0.00, real=0.00 secs] 
2023-01-17T04:43:43.164+0800: 56.230: [GC (CMS Final Remark) [YG occupancy: 74731 K (115200 K)]2023-01-17T04:43:43.164+0800: 56.230: [Rescan (parallel) , 0.0293987 secs]2023-01-17T04:43:43.193+0800: 56.260: [weak refs processing, 0.0000493 secs]2023-01-17T04:43:43.193+0800: 56.260: [class unloading, 0.0137123 secs]2023-01-17T04:43:43.207+0800: 56.273: [scrub symbol table, 0.0051869 secs]2023-01-17T04:43:43.212+0800: 56.279: [scrub string table, 0.0008710 secs][1 CMS-remark: 134143K(134144K)] 208875K(249344K), 0.0494550 secs] [Times: user=0.11 sys=0.00, real=0.05 secs] 
2023-01-17T04:43:43.214+0800: 56.281: [CMS-concurrent-sweep-start]
2023-01-17T04:43:43.233+0800: 56.299: [CMS-concurrent-sweep: 0.018/0.018 secs] [Times: user=0.05 sys=0.01, real=0.02 secs] 
2023-01-17T04:43:43.233+0800: 56.299: [CMS-concurrent-reset-start]
2023-01-17T04:43:43.233+0800: 56.300: [CMS-concurrent-reset: 0.000/0.000 secs] [Times: user=0.00 sys=0.00, real=0.00 secs] 
{Heap before GC invocations=97 (full 148):
 par new generation   total 115200K, used 115194K [0x00000000f0000000, 0x00000000f7d00000, 0x00000000f7d00000)
  eden space 102400K, 100% used [0x00000000f0000000, 0x00000000f6400000, 0x00000000f6400000)
  from space 12800K,  99% used [0x00000000f6400000, 0x00000000f707e810, 0x00000000f7080000)
  to   space 12800K,   0% used [0x00000000f7080000, 0x00000000f7080000, 0x00000000f7d00000)
 concurrent mark-sweep generation total 134144K, used 134143K [0x00000000f7d00000, 0x0000000100000000, 0x0000000100000000)
 Metaspace       used 51854K, capacity 54702K, committed 55296K, reserved 1097728K
  class space    used 6330K, capacity 6825K, committed 6912K, reserved 1048576K
2023-01-17T04:43:43.331+0800: 56.397: [GC (Allocation Failure) 2023-01-17T04:43:43.331+0800: 56.398: [ParNew: 115194K->115194K(115200K), 0.0000267 secs]2023-01-17T04:43:43.331+0800: 56.398: [CMS: 134143K->134143K(134144K), 0.2119130 secs] 249337K->140050K(249344K), [Metaspace: 51854K->51854K(1097728K)], 0.2123742 secs] [Times: user=0.22 sys=0.00, real=0.21 secs] 
Heap after GC invocations=98 (full 149):
 par new generation   total 115200K, used 5906K [0x00000000f0000000, 0x00000000f7d00000, 0x00000000f7d00000)
  eden space 102400K,   5% used [0x00000000f0000000, 0x00000000f05c4a28, 0x00000000f6400000)
  from space 12800K,   0% used [0x00000000f6400000, 0x00000000f6400000, 0x00000000f7080000)
  to   space 12800K,   0% used [0x00000000f7080000, 0x00000000f7080000, 0x00000000f7d00000)
 concurrent mark-sweep generation total 134144K, used 134143K [0x00000000f7d00000, 0x0000000100000000, 0x0000000100000000)
 Metaspace       used 51854K, capacity 54702K, committed 55296K, reserved 1097728K
  class space    used 6330K, capacity 6825K, committed 6912K, reserved 1048576K
}
2023-01-17T04:43:43.549+0800: 56.616: [GC (CMS Initial Mark) [1 CMS-initial-mark: 134143K(134144K)] 140698K(249344K), 0.0064053 secs] [Times: user=0.03 sys=0.00, real=0.01 secs] 
2023-01-17T04:43:43.556+0800: 56.622: [CMS-concurrent-mark-start]
2023-01-17T04:43:43.626+0800: 56.693: [CMS-concurrent-mark: 0.070/0.070 secs] [Times: user=0.22 sys=0.04, real=0.07 secs] 
2023-01-17T04:43:43.626+0800: 56.693: [CMS-concurrent-preclean-start]
2023-01-17T04:43:43.719+0800: 56.786: [CMS-concurrent-preclean: 0.093/0.093 secs] [Times: user=0.32 sys=0.03, real=0.10 secs] 
2023-01-17T04:43:43.720+0800: 56.786: [CMS-concurrent-abortable-preclean-start]
2023-01-17T04:43:43.720+0800: 56.786: [CMS-concurrent-abortable-preclean: 0.000/0.000 secs] [Times: user=0.00 sys=0.00, real=0.00 secs] 
2023-01-17T04:43:43.776+0800: 56.842: [GC (CMS Final Remark) [YG occupancy: 112770 K (115200 K)]2023-01-17T04:43:43.776+0800: 56.843: [Rescan (parallel) , 0.0492358 secs]2023-01-17T04:43:43.826+0800: 56.892: [weak refs processing, 0.0000654 secs]2023-01-17T04:43:43.826+0800: 56.892: [class unloading, 0.0182929 secs]2023-01-17T04:43:43.844+0800: 56.910: [scrub symbol table, 0.0052191 secs]2023-01-17T04:43:43.849+0800: 56.915: [scrub string table, 0.0008781 secs][1 CMS-remark: 134143K(134144K)] 246914K(249344K), 0.0739837 secs] [Times: user=0.17 sys=0.00, real=0.08 secs] 
2023-01-17T04:43:43.850+0800: 56.917: [CMS-concurrent-sweep-start]
{Heap before GC invocations=98 (full 150):
 par new generation   total 115200K, used 115199K [0x00000000f0000000, 0x00000000f7d00000, 0x00000000f7d00000)
  eden space 102400K, 100% used [0x00000000f0000000, 0x00000000f6400000, 0x00000000f6400000)
  from space 12800K,  99% used [0x00000000f6400000, 0x00000000f707fff0, 0x00000000f7080000)
  to   space 12800K,   0% used [0x00000000f7080000, 0x00000000f7080000, 0x00000000f7d00000)
 concurrent mark-sweep generation total 134144K, used 134143K [0x00000000f7d00000, 0x0000000100000000, 0x0000000100000000)
 Metaspace       used 51855K, capacity 54702K, committed 55296K, reserved 1097728K
  class space    used 6330K, capacity 6825K, committed 6912K, reserved 1048576K
2023-01-17T04:43:43.873+0800: 56.940: [Full GC (Allocation Failure) 2023-01-17T04:43:43.873+0800: 56.940: [CMS2023-01-17T04:43:43.904+0800: 56.970: [CMS-concurrent-sweep: 0.019/0.053 secs] [Times: user=0.09 sys=0.00, real=0.05 secs] 
 (concurrent mode failure): 134143K->134143K(134144K), 0.2645875 secs] 249343K->140247K(249344K), [Metaspace: 51855K->51855K(1097728K)], 0.2650153 secs] [Times: user=0.26 sys=0.00, real=0.26 secs] 
Heap after GC invocations=99 (full 151):
 par new generation   total 115200K, used 6103K [0x00000000f0000000, 0x00000000f7d00000, 0x00000000f7d00000)
  eden space 102400K,   5% used [0x00000000f0000000, 0x00000000f05f5f88, 0x00000000f6400000)
  from space 12800K,   0% used [0x00000000f6400000, 0x00000000f6400000, 0x00000000f7080000)
  to   space 12800K,   0% used [0x00000000f7080000, 0x00000000f7080000, 0x00000000f7d00000)
 concurrent mark-sweep generation total 134144K, used 134143K [0x00000000f7d00000, 0x0000000100000000, 0x0000000100000000)
 Metaspace       used 51855K, capacity 54702K, committed 55296K, reserved 1097728K
  class space    used 6330K, capacity 6825K, committed 6912K, reserved 1048576K
}
{Heap before GC invocations=99 (full 151):
 par new generation   total 115200K, used 115200K [0x00000000f0000000, 0x00000000f7d00000, 0x00000000f7d00000)
  eden space 102400K, 100% used [0x00000000f0000000, 0x00000000f6400000, 0x00000000f6400000)
  from space 12800K, 100% used [0x00000000f6400000, 0x00000000f7080000, 0x00000000f7080000)
  to   space 12800K,   0% used [0x00000000f7080000, 0x00000000f7080000, 0x00000000f7d00000)
 concurrent mark-sweep generation total 134144K, used 134144K [0x00000000f7d00000, 0x0000000100000000, 0x0000000100000000)
 Metaspace       used 51855K, capacity 54702K, committed 55296K, reserved 1097728K
  class space    used 6330K, capacity 6825K, committed 6912K, reserved 1048576K
2023-01-17T04:43:44.359+0800: 57.426: [Full GC (Allocation Failure) 2023-01-17T04:43:44.360+0800: 57.426: [CMS: 134144K->134143K(134144K), 0.2244059 secs] 249344K->140051K(249344K), [Metaspace: 51855K->51855K(1097728K)], 0.2248483 secs] [Times: user=0.22 sys=0.00, real=0.23 secs] 
Heap after GC invocations=100 (full 152):
 par new generation   total 115200K, used 5907K [0x00000000f0000000, 0x00000000f7d00000, 0x00000000f7d00000)
  eden space 102400K,   5% used [0x00000000f0000000, 0x00000000f05c4e68, 0x00000000f6400000)
  from space 12800K,   0% used [0x00000000f6400000, 0x00000000f6400000, 0x00000000f7080000)
  to   space 12800K,   0% used [0x00000000f7080000, 0x00000000f7080000, 0x00000000f7d00000)
 concurrent mark-sweep generation total 134144K, used 134143K [0x00000000f7d00000, 0x0000000100000000, 0x0000000100000000)
 Metaspace       used 51855K, capacity 54702K, committed 55296K, reserved 1097728K
  class space    used 6330K, capacity 6825K, committed 6912K, reserved 1048576K
}
2023-01-17T04:43:44.592+0800: 57.658: [GC (CMS Initial Mark) [1 CMS-initial-mark: 134143K(134144K)] 140481K(249344K), 0.0078865 secs] [Times: user=0.02 sys=0.00, real=0.01 secs] 
2023-01-17T04:43:44.600+0800: 57.666: [CMS-concurrent-mark-start]
2023-01-17T04:43:44.681+0800: 57.748: [CMS-concurrent-mark: 0.081/0.081 secs] [Times: user=0.22 sys=0.02, real=0.08 secs] 
2023-01-17T04:43:44.681+0800: 57.748: [CMS-concurrent-preclean-start]
2023-01-17T04:43:44.732+0800: 57.799: [CMS-concurrent-preclean: 0.051/0.051 secs] [Times: user=0.13 sys=0.02, real=0.05 secs] 
2023-01-17T04:43:44.733+0800: 57.799: [CMS-concurrent-abortable-preclean-start]
2023-01-17T04:43:44.733+0800: 57.799: [CMS-concurrent-abortable-preclean: 0.000/0.000 secs] [Times: user=0.00 sys=0.00, real=0.00 secs] 
2023-01-17T04:43:44.737+0800: 57.804: [GC (CMS Final Remark) [YG occupancy: 72761 K (115200 K)]2023-01-17T04:43:44.738+0800: 57.804: [Rescan (parallel) , 0.0260420 secs]2023-01-17T04:43:44.764+0800: 57.830: [weak refs processing, 0.0000415 secs]2023-01-17T04:43:44.764+0800: 57.830: [class unloading, 0.0134407 secs]2023-01-17T04:43:44.777+0800: 57.843: [scrub symbol table, 0.0052056 secs]2023-01-17T04:43:44.782+0800: 57.849: [scrub string table, 0.0008515 secs][1 CMS-remark: 134143K(134144K)] 206905K(249344K), 0.0458169 secs] [Times: user=0.10 sys=0.00, real=0.05 secs] 
2023-01-17T04:43:44.784+0800: 57.850: [CMS-concurrent-sweep-start]
2023-01-17T04:43:44.804+0800: 57.870: [CMS-concurrent-sweep: 0.020/0.020 secs] [Times: user=0.07 sys=0.01, real=0.02 secs] 
2023-01-17T04:43:44.804+0800: 57.871: [CMS-concurrent-reset-start]
2023-01-17T04:43:44.805+0800: 57.871: [CMS-concurrent-reset: 0.000/0.000 secs] [Times: user=0.00 sys=0.00, real=0.00 secs] 
{Heap before GC invocations=100 (full 153):
 par new generation   total 115200K, used 115199K [0x00000000f0000000, 0x00000000f7d00000, 0x00000000f7d00000)
  eden space 102400K, 100% used [0x00000000f0000000, 0x00000000f6400000, 0x00000000f6400000)
  from space 12800K,  99% used [0x00000000f6400000, 0x00000000f707ff78, 0x00000000f7080000)
  to   space 12800K,   0% used [0x00000000f7080000, 0x00000000f7080000, 0x00000000f7d00000)
 concurrent mark-sweep generation total 134144K, used 134143K [0x00000000f7d00000, 0x0000000100000000, 0x0000000100000000)
 Metaspace       used 51855K, capacity 54702K, committed 55296K, reserved 1097728K
  class space    used 6330K, capacity 6825K, committed 6912K, reserved 1048576K
2023-01-17T04:43:44.900+0800: 57.966: [GC (Allocation Failure) 2023-01-17T04:43:44.900+0800: 57.966: [ParNew: 115199K->115199K(115200K), 0.0000284 secs]2023-01-17T04:43:44.900+0800: 57.966: [CMS: 134143K->134143K(134144K), 0.1965880 secs] 249343K->140067K(249344K), [Metaspace: 51855K->51855K(1097728K)], 0.1970244 secs] [Times: user=0.20 sys=0.00, real=0.19 secs] 
Heap after GC invocations=101 (full 154):
 par new generation   total 115200K, used 5923K [0x00000000f0000000, 0x00000000f7d00000, 0x00000000f7d00000)
  eden space 102400K,   5% used [0x00000000f0000000, 0x00000000f05c8df0, 0x00000000f6400000)
  from space 12800K,   0% used [0x00000000f6400000, 0x00000000f6400000, 0x00000000f7080000)
  to   space 12800K,   0% used [0x00000000f7080000, 0x00000000f7080000, 0x00000000f7d00000)
 concurrent mark-sweep generation total 134144K, used 134143K [0x00000000f7d00000, 0x0000000100000000, 0x0000000100000000)
 Metaspace       used 51855K, capacity 54702K, committed 55296K, reserved 1097728K
  class space    used 6330K, capacity 6825K, committed 6912K, reserved 1048576K
}
2023-01-17T04:43:45.102+0800: 58.169: [GC (CMS Initial Mark) [1 CMS-initial-mark: 134143K(134144K)] 140565K(249344K), 0.0065305 secs] [Times: user=0.03 sys=0.00, real=0.00 secs] 
2023-01-17T04:43:45.111+0800: 58.177: [CMS-concurrent-mark-start]
2023-01-17T04:43:45.191+0800: 58.257: [CMS-concurrent-mark: 0.080/0.080 secs] [Times: user=0.19 sys=0.04, real=0.08 secs] 
2023-01-17T04:43:45.191+0800: 58.257: [CMS-concurrent-preclean-start]
2023-01-17T04:43:45.255+0800: 58.322: [CMS-concurrent-preclean: 0.065/0.065 secs] [Times: user=0.18 sys=0.02, real=0.06 secs] 
2023-01-17T04:43:45.256+0800: 58.322: [CMS-concurrent-abortable-preclean-start]
2023-01-17T04:43:45.256+0800: 58.322: [CMS-concurrent-abortable-preclean: 0.000/0.000 secs] [Times: user=0.00 sys=0.00, real=0.00 secs] 
2023-01-17T04:43:45.268+0800: 58.334: [GC (CMS Final Remark) [YG occupancy: 80839 K (115200 K)]2023-01-17T04:43:45.268+0800: 58.334: [Rescan (parallel) , 0.0545367 secs]2023-01-17T04:43:45.323+0800: 58.389: [weak refs processing, 0.0000643 secs]2023-01-17T04:43:45.323+0800: 58.389: [class unloading, 0.0196986 secs]2023-01-17T04:43:45.342+0800: 58.409: [scrub symbol table, 0.0080771 secs]2023-01-17T04:43:45.350+0800: 58.417: [scrub string table, 0.0013173 secs][1 CMS-remark: 134143K(134144K)] 214982K(249344K), 0.0839936 secs] [Times: user=0.13 sys=0.00, real=0.09 secs] 
2023-01-17T04:43:45.355+0800: 58.422: [CMS-concurrent-sweep-start]
2023-01-17T04:43:45.373+0800: 58.439: [CMS-concurrent-sweep: 0.018/0.018 secs] [Times: user=0.04 sys=0.01, real=0.02 secs] 
2023-01-17T04:43:45.373+0800: 58.439: [CMS-concurrent-reset-start]
2023-01-17T04:43:45.373+0800: 58.440: [CMS-concurrent-reset: 0.000/0.000 secs] [Times: user=0.00 sys=0.00, real=0.00 secs] 
{Heap before GC invocations=101 (full 155):
 par new generation   total 115200K, used 115196K [0x00000000f0000000, 0x00000000f7d00000, 0x00000000f7d00000)
  eden space 102400K, 100% used [0x00000000f0000000, 0x00000000f6400000, 0x00000000f6400000)
  from space 12800K,  99% used [0x00000000f6400000, 0x00000000f707f320, 0x00000000f7080000)
  to   space 12800K,   0% used [0x00000000f7080000, 0x00000000f7080000, 0x00000000f7d00000)
 concurrent mark-sweep generation total 134144K, used 134143K [0x00000000f7d00000, 0x0000000100000000, 0x0000000100000000)
 Metaspace       used 51855K, capacity 54702K, committed 55296K, reserved 1097728K
  class space    used 6330K, capacity 6825K, committed 6912K, reserved 1048576K
2023-01-17T04:43:45.482+0800: 58.548: [GC (Allocation Failure) 2023-01-17T04:43:45.482+0800: 58.549: [ParNew: 115196K->115196K(115200K), 0.0000325 secs]2023-01-17T04:43:45.482+0800: 58.549: [CMS: 134143K->134143K(134144K), 0.2254741 secs] 249340K->140054K(249344K), [Metaspace: 51855K->51855K(1097728K)], 0.2259865 secs] [Times: user=0.23 sys=0.00, real=0.22 secs] 
Heap after GC invocations=102 (full 156):
 par new generation   total 115200K, used 5910K [0x00000000f0000000, 0x00000000f7d00000, 0x00000000f7d00000)
  eden space 102400K,   5% used [0x00000000f0000000, 0x00000000f05c5a20, 0x00000000f6400000)
  from space 12800K,   0% used [0x00000000f6400000, 0x00000000f6400000, 0x00000000f7080000)
  to   space 12800K,   0% used [0x00000000f7080000, 0x00000000f7080000, 0x00000000f7d00000)
 concurrent mark-sweep generation total 134144K, used 134143K [0x00000000f7d00000, 0x0000000100000000, 0x0000000100000000)
 Metaspace       used 51855K, capacity 54702K, committed 55296K, reserved 1097728K
  class space    used 6330K, capacity 6825K, committed 6912K, reserved 1048576K
}
2023-01-17T04:43:45.714+0800: 58.780: [GC (CMS Initial Mark) [1 CMS-initial-mark: 134143K(134144K)] 140914K(249344K), 0.0064904 secs] [Times: user=0.03 sys=0.00, real=0.01 secs] 
2023-01-17T04:43:45.721+0800: 58.787: [CMS-concurrent-mark-start]
2023-01-17T04:43:45.809+0800: 58.875: [CMS-concurrent-mark: 0.088/0.088 secs] [Times: user=0.29 sys=0.04, real=0.08 secs] 
2023-01-17T04:43:45.809+0800: 58.875: [CMS-concurrent-preclean-start]
2023-01-17T04:43:45.860+0800: 58.927: [CMS-concurrent-preclean: 0.051/0.051 secs] [Times: user=0.18 sys=0.02, real=0.06 secs] 
2023-01-17T04:43:45.861+0800: 58.927: [CMS-concurrent-abortable-preclean-start]
2023-01-17T04:43:45.861+0800: 58.927: [CMS-concurrent-abortable-preclean: 0.000/0.000 secs] [Times: user=0.00 sys=0.00, real=0.00 secs] 
2023-01-17T04:43:45.865+0800: 58.931: [GC (CMS Final Remark) [YG occupancy: 103734 K (115200 K)]2023-01-17T04:43:45.865+0800: 58.932: [Rescan (parallel) , 0.0287617 secs]2023-01-17T04:43:45.894+0800: 58.960: [weak refs processing, 0.0000416 secs]2023-01-17T04:43:45.894+0800: 58.960: [class unloading, 0.0136350 secs]2023-01-17T04:43:45.908+0800: 58.974: [scrub symbol table, 0.0052162 secs]2023-01-17T04:43:45.913+0800: 58.979: [scrub string table, 0.0008790 secs][1 CMS-remark: 134143K(134144K)] 237878K(249344K), 0.0487774 secs] [Times: user=0.13 sys=0.00, real=0.05 secs] 
2023-01-17T04:43:45.915+0800: 58.981: [CMS-concurrent-sweep-start]
2023-01-17T04:43:45.932+0800: 58.998: [CMS-concurrent-sweep: 0.017/0.017 secs] [Times: user=0.06 sys=0.00, real=0.02 secs] 
2023-01-17T04:43:45.932+0800: 58.998: [CMS-concurrent-reset-start]
2023-01-17T04:43:45.932+0800: 58.998: [CMS-concurrent-reset: 0.000/0.000 secs] [Times: user=0.00 sys=0.00, real=0.00 secs] 
{Heap before GC invocations=102 (full 157):
 par new generation   total 115200K, used 115200K [0x00000000f0000000, 0x00000000f7d00000, 0x00000000f7d00000)
  eden space 102400K, 100% used [0x00000000f0000000, 0x00000000f6400000, 0x00000000f6400000)
  from space 12800K, 100% used [0x00000000f6400000, 0x00000000f7080000, 0x00000000f7080000)
  to   space 12800K,   0% used [0x00000000f7080000, 0x00000000f7080000, 0x00000000f7d00000)
 concurrent mark-sweep generation total 134144K, used 134143K [0x00000000f7d00000, 0x0000000100000000, 0x0000000100000000)
 Metaspace       used 51855K, capacity 54702K, committed 55296K, reserved 1097728K
  class space    used 6330K, capacity 6825K, committed 6912K, reserved 1048576K
2023-01-17T04:43:45.985+0800: 59.051: [GC (Allocation Failure) 2023-01-17T04:43:45.985+0800: 59.051: [ParNew: 115200K->115200K(115200K), 0.0000264 secs]2023-01-17T04:43:45.985+0800: 59.051: [CMS: 134143K->134143K(134144K), 0.1960016 secs] 249343K->139997K(249344K), [Metaspace: 51855K->51855K(1097728K)], 0.1964262 secs] [Times: user=0.20 sys=0.00, real=0.20 secs] 
Heap after GC invocations=103 (full 158):
 par new generation   total 115200K, used 5853K [0x00000000f0000000, 0x00000000f7d00000, 0x00000000f7d00000)
  eden space 102400K,   5% used [0x00000000f0000000, 0x00000000f05b76a0, 0x00000000f6400000)
  from space 12800K,   0% used [0x00000000f6400000, 0x00000000f6400000, 0x00000000f7080000)
  to   space 12800K,   0% used [0x00000000f7080000, 0x00000000f7080000, 0x00000000f7d00000)
 concurrent mark-sweep generation total 134144K, used 134143K [0x00000000f7d00000, 0x0000000100000000, 0x0000000100000000)
 Metaspace       used 51855K, capacity 54702K, committed 55296K, reserved 1097728K
  class space    used 6330K, capacity 6825K, committed 6912K, reserved 1048576K
}
2023-01-17T04:43:46.188+0800: 59.255: [GC (CMS Initial Mark) [1 CMS-initial-mark: 134143K(134144K)] 141634K(249344K), 0.0079871 secs] [Times: user=0.02 sys=0.00, real=0.01 secs] 
2023-01-17T04:43:46.197+0800: 59.263: [CMS-concurrent-mark-start]
2023-01-17T04:43:46.269+0800: 59.336: [CMS-concurrent-mark: 0.073/0.073 secs] [Times: user=0.20 sys=0.03, real=0.07 secs] 
2023-01-17T04:43:46.270+0800: 59.336: [CMS-concurrent-preclean-start]
2023-01-17T04:43:46.317+0800: 59.383: [CMS-concurrent-preclean: 0.047/0.047 secs] [Times: user=0.16 sys=0.01, real=0.04 secs] 
2023-01-17T04:43:46.317+0800: 59.383: [CMS-concurrent-abortable-preclean-start]
2023-01-17T04:43:46.317+0800: 59.383: [CMS-concurrent-abortable-preclean: 0.000/0.000 secs] [Times: user=0.00 sys=0.00, real=0.00 secs] 
2023-01-17T04:43:46.321+0800: 59.388: [GC (CMS Final Remark) [YG occupancy: 73784 K (115200 K)]2023-01-17T04:43:46.322+0800: 59.388: [Rescan (parallel) , 0.0225650 secs]2023-01-17T04:43:46.344+0800: 59.411: [weak refs processing, 0.0000424 secs]2023-01-17T04:43:46.344+0800: 59.411: [class unloading, 0.0136440 secs]2023-01-17T04:43:46.358+0800: 59.424: [scrub symbol table, 0.0082950 secs]2023-01-17T04:43:46.366+0800: 59.433: [scrub string table, 0.0012829 secs][1 CMS-remark: 134143K(134144K)] 207928K(249344K), 0.0460939 secs] [Times: user=0.11 sys=0.00, real=0.04 secs] 
2023-01-17T04:43:46.368+0800: 59.434: [CMS-concurrent-sweep-start]
2023-01-17T04:43:46.386+0800: 59.452: [CMS-concurrent-sweep: 0.018/0.018 secs] [Times: user=0.06 sys=0.01, real=0.02 secs] 
2023-01-17T04:43:46.386+0800: 59.453: [CMS-concurrent-reset-start]
2023-01-17T04:43:46.387+0800: 59.453: [CMS-concurrent-reset: 0.000/0.000 secs] [Times: user=0.00 sys=0.00, real=0.00 secs] 
{Heap before GC invocations=103 (full 159):
 par new generation   total 115200K, used 115199K [0x00000000f0000000, 0x00000000f7d00000, 0x00000000f7d00000)
  eden space 102400K, 100% used [0x00000000f0000000, 0x00000000f6400000, 0x00000000f6400000)
  from space 12800K,  99% used [0x00000000f6400000, 0x00000000f707fff0, 0x00000000f7080000)
  to   space 12800K,   0% used [0x00000000f7080000, 0x00000000f7080000, 0x00000000f7d00000)
 concurrent mark-sweep generation total 134144K, used 134143K [0x00000000f7d00000, 0x0000000100000000, 0x0000000100000000)
 Metaspace       used 51855K, capacity 54702K, committed 55296K, reserved 1097728K
  class space    used 6330K, capacity 6825K, committed 6912K, reserved 1048576K
2023-01-17T04:43:46.495+0800: 59.561: [GC (Allocation Failure) 2023-01-17T04:43:46.495+0800: 59.561: [ParNew: 115199K->115199K(115200K), 0.0000266 secs]2023-01-17T04:43:46.495+0800: 59.561: [CMS: 134143K->134143K(134144K), 0.1993539 secs] 249343K->140044K(249344K), [Metaspace: 51855K->51855K(1097728K)], 0.1998509 secs] [Times: user=0.20 sys=0.00, real=0.20 secs] 
Heap after GC invocations=104 (full 160):
 par new generation   total 115200K, used 5900K [0x00000000f0000000, 0x00000000f7d00000, 0x00000000f7d00000)
  eden space 102400K,   5% used [0x00000000f0000000, 0x00000000f05c3248, 0x00000000f6400000)
  from space 12800K,   0% used [0x00000000f6400000, 0x00000000f6400000, 0x00000000f7080000)
  to   space 12800K,   0% used [0x00000000f7080000, 0x00000000f7080000, 0x00000000f7d00000)
 concurrent mark-sweep generation total 134144K, used 134143K [0x00000000f7d00000, 0x0000000100000000, 0x0000000100000000)
 Metaspace       used 51855K, capacity 54702K, committed 55296K, reserved 1097728K
  class space    used 6330K, capacity 6825K, committed 6912K, reserved 1048576K
}
2023-01-17T04:43:46.702+0800: 59.769: [GC (CMS Initial Mark) [1 CMS-initial-mark: 134143K(134144K)] 141194K(249344K), 0.0066488 secs] [Times: user=0.02 sys=0.00, real=0.00 secs] 
2023-01-17T04:43:46.709+0800: 59.776: [CMS-concurrent-mark-start]
2023-01-17T04:43:46.782+0800: 59.848: [CMS-concurrent-mark: 0.072/0.072 secs] [Times: user=0.24 sys=0.04, real=0.08 secs] 
2023-01-17T04:43:46.782+0800: 59.848: [CMS-concurrent-preclean-start]
2023-01-17T04:43:46.830+0800: 59.896: [CMS-concurrent-preclean: 0.048/0.048 secs] [Times: user=0.13 sys=0.02, real=0.05 secs] 
2023-01-17T04:43:46.830+0800: 59.896: [CMS-concurrent-abortable-preclean-start]
2023-01-17T04:43:46.830+0800: 59.896: [CMS-concurrent-abortable-preclean: 0.000/0.000 secs] [Times: user=0.00 sys=0.00, real=0.00 secs] 
2023-01-17T04:43:46.835+0800: 59.901: [GC (CMS Final Remark) [YG occupancy: 83169 K (115200 K)]2023-01-17T04:43:46.835+0800: 59.901: [Rescan (parallel) , 0.0324485 secs]2023-01-17T04:43:46.867+0800: 59.934: [weak refs processing, 0.0000483 secs]2023-01-17T04:43:46.867+0800: 59.934: [class unloading, 0.0139428 secs]2023-01-17T04:43:46.881+0800: 59.948: [scrub symbol table, 0.0051732 secs]2023-01-17T04:43:46.887+0800: 59.953: [scrub string table, 0.0008779 secs][1 CMS-remark: 134143K(134144K)] 217313K(249344K), 0.0527584 secs] [Times: user=0.12 sys=0.00, real=0.05 secs] 
2023-01-17T04:43:46.888+0800: 59.954: [CMS-concurrent-sweep-start]
2023-01-17T04:43:46.907+0800: 59.973: [CMS-concurrent-sweep: 0.019/0.019 secs] [Times: user=0.05 sys=0.01, real=0.02 secs] 
2023-01-17T04:43:46.907+0800: 59.973: [CMS-concurrent-reset-start]
2023-01-17T04:43:46.907+0800: 59.973: [CMS-concurrent-reset: 0.000/0.000 secs] [Times: user=0.00 sys=0.00, real=0.00 secs] 
{Heap before GC invocations=104 (full 161):
 par new generation   total 115200K, used 115199K [0x00000000f0000000, 0x00000000f7d00000, 0x00000000f7d00000)
  eden space 102400K, 100% used [0x00000000f0000000, 0x00000000f6400000, 0x00000000f6400000)
  from space 12800K,  99% used [0x00000000f6400000, 0x00000000f707fff8, 0x00000000f7080000)
  to   space 12800K,   0% used [0x00000000f7080000, 0x00000000f7080000, 0x00000000f7d00000)
 concurrent mark-sweep generation total 134144K, used 134143K [0x00000000f7d00000, 0x0000000100000000, 0x0000000100000000)
 Metaspace       used 51856K, capacity 54702K, committed 55296K, reserved 1097728K
  class space    used 6330K, capacity 6825K, committed 6912K, reserved 1048576K
2023-01-17T04:43:47.001+0800: 60.067: [GC (Allocation Failure) 2023-01-17T04:43:47.001+0800: 60.067: [ParNew: 115199K->115199K(115200K), 0.0000282 secs]2023-01-17T04:43:47.001+0800: 60.067: [CMS: 134143K->134143K(134144K), 0.1998693 secs] 249343K->140017K(249344K), [Metaspace: 51856K->51856K(1097728K)], 0.2003234 secs] [Times: user=0.20 sys=0.00, real=0.20 secs] 
Heap after GC invocations=105 (full 162):
 par new generation   total 115200K, used 5873K [0x00000000f0000000, 0x00000000f7d00000, 0x00000000f7d00000)
  eden space 102400K,   5% used [0x00000000f0000000, 0x00000000f05bc448, 0x00000000f6400000)
  from space 12800K,   0% used [0x00000000f6400000, 0x00000000f6400000, 0x00000000f7080000)
  to   space 12800K,   0% used [0x00000000f7080000, 0x00000000f7080000, 0x00000000f7d00000)
 concurrent mark-sweep generation total 134144K, used 134143K [0x00000000f7d00000, 0x0000000100000000, 0x0000000100000000)
 Metaspace       used 51856K, capacity 54702K, committed 55296K, reserved 1097728K
  class space    used 6330K, capacity 6825K, committed 6912K, reserved 1048576K
}
2023-01-17T04:43:47.206+0800: 60.272: [GC (CMS Initial Mark) [1 CMS-initial-mark: 134143K(134144K)] 140056K(249344K), 0.0063677 secs] [Times: user=0.02 sys=0.00, real=0.01 secs] 
2023-01-17T04:43:47.212+0800: 60.279: [CMS-concurrent-mark-start]
2023-01-17T04:43:47.286+0800: 60.353: [CMS-concurrent-mark: 0.074/0.074 secs] [Times: user=0.25 sys=0.04, real=0.07 secs] 
2023-01-17T04:43:47.287+0800: 60.353: [CMS-concurrent-preclean-start]
2023-01-17T04:43:47.332+0800: 60.398: [CMS-concurrent-preclean: 0.045/0.045 secs] [Times: user=0.15 sys=0.03, real=0.05 secs] 
2023-01-17T04:43:47.332+0800: 60.399: [CMS-concurrent-abortable-preclean-start]
2023-01-17T04:43:47.332+0800: 60.399: [CMS-concurrent-abortable-preclean: 0.000/0.000 secs] [Times: user=0.00 sys=0.00, real=0.00 secs] 
2023-01-17T04:43:47.337+0800: 60.403: [GC (CMS Final Remark) [YG occupancy: 87941 K (115200 K)]2023-01-17T04:43:47.337+0800: 60.403: [Rescan (parallel) , 0.0255276 secs]2023-01-17T04:43:47.363+0800: 60.429: [weak refs processing, 0.0000434 secs]2023-01-17T04:43:47.363+0800: 60.429: [class unloading, 0.0136750 secs]2023-01-17T04:43:47.376+0800: 60.443: [scrub symbol table, 0.0051351 secs]2023-01-17T04:43:47.382+0800: 60.448: [scrub string table, 0.0008776 secs][1 CMS-remark: 134143K(134144K)] 222085K(249344K), 0.0454860 secs] [Times: user=0.12 sys=0.00, real=0.05 secs] 
2023-01-17T04:43:47.383+0800: 60.449: [CMS-concurrent-sweep-start]
2023-01-17T04:43:47.401+0800: 60.468: [CMS-concurrent-sweep: 0.018/0.018 secs] [Times: user=0.07 sys=0.01, real=0.02 secs] 
2023-01-17T04:43:47.401+0800: 60.468: [CMS-concurrent-reset-start]
2023-01-17T04:43:47.402+0800: 60.468: [CMS-concurrent-reset: 0.000/0.000 secs] [Times: user=0.00 sys=0.00, real=0.00 secs] 
{Heap before GC invocations=105 (full 163):
 par new generation   total 115200K, used 115199K [0x00000000f0000000, 0x00000000f7d00000, 0x00000000f7d00000)
  eden space 102400K, 100% used [0x00000000f0000000, 0x00000000f6400000, 0x00000000f6400000)
  from space 12800K,  99% used [0x00000000f6400000, 0x00000000f707fff8, 0x00000000f7080000)
  to   space 12800K,   0% used [0x00000000f7080000, 0x00000000f7080000, 0x00000000f7d00000)
 concurrent mark-sweep generation total 134144K, used 134143K [0x00000000f7d00000, 0x0000000100000000, 0x0000000100000000)
 Metaspace       used 51856K, capacity 54702K, committed 55296K, reserved 1097728K
  class space    used 6330K, capacity 6825K, committed 6912K, reserved 1048576K
2023-01-17T04:43:47.480+0800: 60.547: [GC (Allocation Failure) 2023-01-17T04:43:47.480+0800: 60.547: [ParNew: 115199K->115199K(115200K), 0.0000272 secs]2023-01-17T04:43:47.480+0800: 60.547: [CMS: 134143K->134143K(134144K), 0.1990012 secs] 249343K->140059K(249344K), [Metaspace: 51856K->51856K(1097728K)], 0.1994241 secs] [Times: user=0.20 sys=0.00, real=0.20 secs] 
Heap after GC invocations=106 (full 164):
 par new generation   total 115200K, used 5915K [0x00000000f0000000, 0x00000000f7d00000, 0x00000000f7d00000)
  eden space 102400K,   5% used [0x00000000f0000000, 0x00000000f05c6e10, 0x00000000f6400000)
  from space 12800K,   0% used [0x00000000f6400000, 0x00000000f6400000, 0x00000000f7080000)
  to   space 12800K,   0% used [0x00000000f7080000, 0x00000000f7080000, 0x00000000f7d00000)
 concurrent mark-sweep generation total 134144K, used 134143K [0x00000000f7d00000, 0x0000000100000000, 0x0000000100000000)
 Metaspace       used 51856K, capacity 54702K, committed 55296K, reserved 1097728K
  class space    used 6330K, capacity 6825K, committed 6912K, reserved 1048576K
}
2023-01-17T04:43:47.690+0800: 60.757: [GC (CMS Initial Mark) [1 CMS-initial-mark: 134143K(134144K)] 142751K(249344K), 0.0220397 secs] [Times: user=0.02 sys=0.00, real=0.02 secs] 
2023-01-17T04:43:47.713+0800: 60.780: [CMS-concurrent-mark-start]
2023-01-17T04:43:47.787+0800: 60.854: [CMS-concurrent-mark: 0.074/0.074 secs] [Times: user=0.20 sys=0.02, real=0.07 secs] 
2023-01-17T04:43:47.788+0800: 60.854: [CMS-concurrent-preclean-start]
2023-01-17T04:43:47.840+0800: 60.906: [CMS-concurrent-preclean: 0.052/0.052 secs] [Times: user=0.12 sys=0.02, real=0.06 secs] 
2023-01-17T04:43:47.840+0800: 60.906: [CMS-concurrent-abortable-preclean-start]
2023-01-17T04:43:47.840+0800: 60.906: [CMS-concurrent-abortable-preclean: 0.000/0.000 secs] [Times: user=0.00 sys=0.00, real=0.00 secs] 
2023-01-17T04:43:47.862+0800: 60.928: [GC (CMS Final Remark) [YG occupancy: 73746 K (115200 K)]2023-01-17T04:43:47.862+0800: 60.928: [Rescan (parallel) , 0.0344993 secs]2023-01-17T04:43:47.896+0800: 60.963: [weak refs processing, 0.0000439 secs]2023-01-17T04:43:47.896+0800: 60.963: [class unloading, 0.0138231 secs]2023-01-17T04:43:47.910+0800: 60.977: [scrub symbol table, 0.0051665 secs]2023-01-17T04:43:47.915+0800: 60.982: [scrub string table, 0.0008654 secs][1 CMS-remark: 134143K(134144K)] 207890K(249344K), 0.0546949 secs] [Times: user=0.11 sys=0.00, real=0.05 secs] 
2023-01-17T04:43:47.917+0800: 60.984: [CMS-concurrent-sweep-start]
2023-01-17T04:43:47.936+0800: 61.002: [CMS-concurrent-sweep: 0.018/0.018 secs] [Times: user=0.06 sys=0.02, real=0.02 secs] 
2023-01-17T04:43:47.936+0800: 61.002: [CMS-concurrent-reset-start]
2023-01-17T04:43:47.936+0800: 61.003: [CMS-concurrent-reset: 0.000/0.000 secs] [Times: user=0.00 sys=0.00, real=0.00 secs] 
{Heap before GC invocations=106 (full 165):
 par new generation   total 115200K, used 115200K [0x00000000f0000000, 0x00000000f7d00000, 0x00000000f7d00000)
  eden space 102400K, 100% used [0x00000000f0000000, 0x00000000f6400000, 0x00000000f6400000)
  from space 12800K, 100% used [0x00000000f6400000, 0x00000000f7080000, 0x00000000f7080000)
  to   space 12800K,   0% used [0x00000000f7080000, 0x00000000f7080000, 0x00000000f7d00000)
 concurrent mark-sweep generation total 134144K, used 134143K [0x00000000f7d00000, 0x0000000100000000, 0x0000000100000000)
 Metaspace       used 51856K, capacity 54702K, committed 55296K, reserved 1097728K
  class space    used 6330K, capacity 6825K, committed 6912K, reserved 1048576K
2023-01-17T04:43:48.036+0800: 61.102: [GC (Allocation Failure) 2023-01-17T04:43:48.036+0800: 61.103: [ParNew: 115200K->115200K(115200K), 0.0000272 secs]2023-01-17T04:43:48.036+0800: 61.103: [CMS: 134143K->134143K(134144K), 0.1934730 secs] 249343K->140012K(249344K), [Metaspace: 51856K->51856K(1097728K)], 0.1938991 secs] [Times: user=0.19 sys=0.00, real=0.20 secs] 
Heap after GC invocations=107 (full 166):
 par new generation   total 115200K, used 5868K [0x00000000f0000000, 0x00000000f7d00000, 0x00000000f7d00000)
  eden space 102400K,   5% used [0x00000000f0000000, 0x00000000f05bb130, 0x00000000f6400000)
  from space 12800K,   0% used [0x00000000f6400000, 0x00000000f6400000, 0x00000000f7080000)
  to   space 12800K,   0% used [0x00000000f7080000, 0x00000000f7080000, 0x00000000f7d00000)
 concurrent mark-sweep generation total 134144K, used 134143K [0x00000000f7d00000, 0x0000000100000000, 0x0000000100000000)
 Metaspace       used 51856K, capacity 54702K, committed 55296K, reserved 1097728K
  class space    used 6330K, capacity 6825K, committed 6912K, reserved 1048576K
}
2023-01-17T04:43:48.235+0800: 61.301: [GC (CMS Initial Mark) [1 CMS-initial-mark: 134143K(134144K)] 140269K(249344K), 0.0064395 secs] [Times: user=0.02 sys=0.00, real=0.01 secs] 
2023-01-17T04:43:48.242+0800: 61.308: [CMS-concurrent-mark-start]
2023-01-17T04:43:48.314+0800: 61.380: [CMS-concurrent-mark: 0.072/0.072 secs] [Times: user=0.24 sys=0.04, real=0.07 secs] 
2023-01-17T04:43:48.314+0800: 61.380: [CMS-concurrent-preclean-start]
2023-01-17T04:43:48.362+0800: 61.429: [CMS-concurrent-preclean: 0.048/0.048 secs] [Times: user=0.17 sys=0.02, real=0.05 secs] 
2023-01-17T04:43:48.363+0800: 61.429: [CMS-concurrent-abortable-preclean-start]
2023-01-17T04:43:48.363+0800: 61.429: [CMS-concurrent-abortable-preclean: 0.000/0.000 secs] [Times: user=0.00 sys=0.00, real=0.00 secs] 
2023-01-17T04:43:48.368+0800: 61.434: [GC (CMS Final Remark) [YG occupancy: 90147 K (115200 K)]2023-01-17T04:43:48.368+0800: 61.434: [Rescan (parallel) , 0.0339247 secs]2023-01-17T04:43:48.402+0800: 61.468: [weak refs processing, 0.0000555 secs]2023-01-17T04:43:48.402+0800: 61.468: [class unloading, 0.0138020 secs]2023-01-17T04:43:48.416+0800: 61.482: [scrub symbol table, 0.0051081 secs]2023-01-17T04:43:48.421+0800: 61.487: [scrub string table, 0.0008763 secs][1 CMS-remark: 134143K(134144K)] 224291K(249344K), 0.0540252 secs] [Times: user=0.14 sys=0.00, real=0.06 secs] 
2023-01-17T04:43:48.422+0800: 61.489: [CMS-concurrent-sweep-start]
2023-01-17T04:43:48.441+0800: 61.507: [CMS-concurrent-sweep: 0.018/0.018 secs] [Times: user=0.05 sys=0.01, real=0.02 secs] 
2023-01-17T04:43:48.441+0800: 61.507: [CMS-concurrent-reset-start]
2023-01-17T04:43:48.441+0800: 61.508: [CMS-concurrent-reset: 0.000/0.000 secs] [Times: user=0.00 sys=0.00, real=0.00 secs] 
{Heap before GC invocations=107 (full 167):
 par new generation   total 115200K, used 115199K [0x00000000f0000000, 0x00000000f7d00000, 0x00000000f7d00000)
  eden space 102400K, 100% used [0x00000000f0000000, 0x00000000f6400000, 0x00000000f6400000)
  from space 12800K,  99% used [0x00000000f6400000, 0x00000000f707fff0, 0x00000000f7080000)
  to   space 12800K,   0% used [0x00000000f7080000, 0x00000000f7080000, 0x00000000f7d00000)
 concurrent mark-sweep generation total 134144K, used 134143K [0x00000000f7d00000, 0x0000000100000000, 0x0000000100000000)
 Metaspace       used 51856K, capacity 54702K, committed 55296K, reserved 1097728K
  class space    used 6330K, capacity 6825K, committed 6912K, reserved 1048576K
2023-01-17T04:43:48.524+0800: 61.591: [GC (Allocation Failure) 2023-01-17T04:43:48.525+0800: 61.591: [ParNew: 115199K->115199K(115200K), 0.0000265 secs]2023-01-17T04:43:48.525+0800: 61.591: [CMS: 134143K->134144K(134144K), 0.2061342 secs] 249343K->140018K(249344K), [Metaspace: 51856K->51856K(1097728K)], 0.2065828 secs] [Times: user=0.20 sys=0.00, real=0.21 secs] 
Heap after GC invocations=108 (full 168):
 par new generation   total 115200K, used 5874K [0x00000000f0000000, 0x00000000f7d00000, 0x00000000f7d00000)
  eden space 102400K,   5% used [0x00000000f0000000, 0x00000000f05bcbe8, 0x00000000f6400000)
  from space 12800K,   0% used [0x00000000f6400000, 0x00000000f6400000, 0x00000000f7080000)
  to   space 12800K,   0% used [0x00000000f7080000, 0x00000000f7080000, 0x00000000f7d00000)
 concurrent mark-sweep generation total 134144K, used 134144K [0x00000000f7d00000, 0x0000000100000000, 0x0000000100000000)
 Metaspace       used 51856K, capacity 54702K, committed 55296K, reserved 1097728K
  class space    used 6330K, capacity 6825K, committed 6912K, reserved 1048576K
}
2023-01-17T04:43:48.737+0800: 61.803: [GC (CMS Initial Mark) [1 CMS-initial-mark: 134144K(134144K)] 140744K(249344K), 0.0065050 secs] [Times: user=0.02 sys=0.00, real=0.01 secs] 
2023-01-17T04:43:48.744+0800: 61.810: [CMS-concurrent-mark-start]
2023-01-17T04:43:48.831+0800: 61.898: [CMS-concurrent-mark: 0.088/0.088 secs] [Times: user=0.28 sys=0.06, real=0.09 secs] 
2023-01-17T04:43:48.832+0800: 61.898: [CMS-concurrent-preclean-start]
2023-01-17T04:43:48.884+0800: 61.950: [CMS-concurrent-preclean: 0.053/0.053 secs] [Times: user=0.18 sys=0.02, real=0.05 secs] 
2023-01-17T04:43:48.884+0800: 61.951: [CMS-concurrent-abortable-preclean-start]
2023-01-17T04:43:48.884+0800: 61.951: [CMS-concurrent-abortable-preclean: 0.000/0.000 secs] [Times: user=0.00 sys=0.00, real=0.00 secs] 
2023-01-17T04:43:48.889+0800: 61.955: [GC (CMS Final Remark) [YG occupancy: 101901 K (115200 K)]2023-01-17T04:43:48.889+0800: 61.956: [Rescan (parallel) , 0.0483075 secs]2023-01-17T04:43:48.938+0800: 62.004: [weak refs processing, 0.0000474 secs]2023-01-17T04:43:48.938+0800: 62.004: [class unloading, 0.0141655 secs]2023-01-17T04:43:48.952+0800: 62.018: [scrub symbol table, 0.0052562 secs]2023-01-17T04:43:48.957+0800: 62.023: [scrub string table, 0.0008942 secs][1 CMS-remark: 134144K(134144K)] 236045K(249344K), 0.0689150 secs] [Times: user=0.18 sys=0.00, real=0.07 secs] 
2023-01-17T04:43:48.959+0800: 62.025: [CMS-concurrent-sweep-start]
2023-01-17T04:43:48.977+0800: 62.043: [CMS-concurrent-sweep: 0.018/0.018 secs] [Times: user=0.06 sys=0.00, real=0.02 secs] 
2023-01-17T04:43:48.977+0800: 62.043: [CMS-concurrent-reset-start]
2023-01-17T04:43:48.977+0800: 62.044: [CMS-concurrent-reset: 0.000/0.000 secs] [Times: user=0.00 sys=0.00, real=0.00 secs] 
{Heap before GC invocations=108 (full 169):
 par new generation   total 115200K, used 115199K [0x00000000f0000000, 0x00000000f7d00000, 0x00000000f7d00000)
  eden space 102400K, 100% used [0x00000000f0000000, 0x00000000f6400000, 0x00000000f6400000)
  from space 12800K,  99% used [0x00000000f6400000, 0x00000000f707fff8, 0x00000000f7080000)
  to   space 12800K,   0% used [0x00000000f7080000, 0x00000000f7080000, 0x00000000f7d00000)
 concurrent mark-sweep generation total 134144K, used 134143K [0x00000000f7d00000, 0x0000000100000000, 0x0000000100000000)
 Metaspace       used 51856K, capacity 54702K, committed 55296K, reserved 1097728K
  class space    used 6330K, capacity 6825K, committed 6912K, reserved 1048576K
2023-01-17T04:43:49.043+0800: 62.110: [GC (Allocation Failure) 2023-01-17T04:43:49.044+0800: 62.110: [ParNew: 115199K->115199K(115200K), 0.0000297 secs]2023-01-17T04:43:49.044+0800: 62.110: [CMS: 134143K->134143K(134144K), 0.2220922 secs] 249343K->140014K(249344K), [Metaspace: 51856K->51856K(1097728K)], 0.2225766 secs] [Times: user=0.22 sys=0.00, real=0.22 secs] 
Heap after GC invocations=109 (full 170):
 par new generation   total 115200K, used 5870K [0x00000000f0000000, 0x00000000f7d00000, 0x00000000f7d00000)
  eden space 102400K,   5% used [0x00000000f0000000, 0x00000000f05bb888, 0x00000000f6400000)
  from space 12800K,   0% used [0x00000000f6400000, 0x00000000f6400000, 0x00000000f7080000)
  to   space 12800K,   0% used [0x00000000f7080000, 0x00000000f7080000, 0x00000000f7d00000)
 concurrent mark-sweep generation total 134144K, used 134143K [0x00000000f7d00000, 0x0000000100000000, 0x0000000100000000)
 Metaspace       used 51856K, capacity 54702K, committed 55296K, reserved 1097728K
  class space    used 6330K, capacity 6825K, committed 6912K, reserved 1048576K
}
2023-01-17T04:43:49.274+0800: 62.340: [GC (CMS Initial Mark) [1 CMS-initial-mark: 134143K(134144K)] 141486K(249344K), 0.0079704 secs] [Times: user=0.03 sys=0.00, real=0.01 secs] 
2023-01-17T04:43:49.282+0800: 62.349: [CMS-concurrent-mark-start]
2023-01-17T04:43:49.365+0800: 62.431: [CMS-concurrent-mark: 0.083/0.083 secs] [Times: user=0.21 sys=0.03, real=0.08 secs] 
2023-01-17T04:43:49.365+0800: 62.432: [CMS-concurrent-preclean-start]
2023-01-17T04:43:49.412+0800: 62.479: [CMS-concurrent-preclean: 0.047/0.047 secs] [Times: user=0.15 sys=0.01, real=0.05 secs] 
2023-01-17T04:43:49.413+0800: 62.479: [CMS-concurrent-abortable-preclean-start]
2023-01-17T04:43:49.413+0800: 62.479: [CMS-concurrent-abortable-preclean: 0.000/0.000 secs] [Times: user=0.00 sys=0.00, real=0.00 secs] 
2023-01-17T04:43:49.418+0800: 62.485: [GC (CMS Final Remark) [YG occupancy: 75807 K (115200 K)]2023-01-17T04:43:49.418+0800: 62.485: [Rescan (parallel) , 0.0227697 secs]2023-01-17T04:43:49.441+0800: 62.508: [weak refs processing, 0.0000428 secs]2023-01-17T04:43:49.441+0800: 62.508: [class unloading, 0.0135631 secs]2023-01-17T04:43:49.455+0800: 62.521: [scrub symbol table, 0.0050777 secs]2023-01-17T04:43:49.460+0800: 62.526: [scrub string table, 0.0008709 secs][1 CMS-remark: 134143K(134144K)] 209951K(249344K), 0.0425712 secs] [Times: user=0.11 sys=0.00, real=0.05 secs] 
2023-01-17T04:43:49.461+0800: 62.527: [CMS-concurrent-sweep-start]
2023-01-17T04:43:49.479+0800: 62.546: [CMS-concurrent-sweep: 0.018/0.018 secs] [Times: user=0.06 sys=0.01, real=0.02 secs] 
2023-01-17T04:43:49.480+0800: 62.546: [CMS-concurrent-reset-start]
2023-01-17T04:43:49.480+0800: 62.546: [CMS-concurrent-reset: 0.000/0.000 secs] [Times: user=0.00 sys=0.00, real=0.00 secs] 
{Heap before GC invocations=109 (full 171):
 par new generation   total 115200K, used 115200K [0x00000000f0000000, 0x00000000f7d00000, 0x00000000f7d00000)
  eden space 102400K, 100% used [0x00000000f0000000, 0x00000000f6400000, 0x00000000f6400000)
  from space 12800K, 100% used [0x00000000f6400000, 0x00000000f7080000, 0x00000000f7080000)
  to   space 12800K,   0% used [0x00000000f7080000, 0x00000000f7080000, 0x00000000f7d00000)
 concurrent mark-sweep generation total 134144K, used 134143K [0x00000000f7d00000, 0x0000000100000000, 0x0000000100000000)
 Metaspace       used 51857K, capacity 54702K, committed 55296K, reserved 1097728K
  class space    used 6330K, capacity 6825K, committed 6912K, reserved 1048576K
2023-01-17T04:43:49.574+0800: 62.640: [GC (Allocation Failure) 2023-01-17T04:43:49.574+0800: 62.641: [ParNew: 115200K->115200K(115200K), 0.0000297 secs]2023-01-17T04:43:49.574+0800: 62.641: [CMS: 134143K->134143K(134144K), 0.2089681 secs] 249343K->140045K(249344K), [Metaspace: 51857K->51857K(1097728K)], 0.2094238 secs] [Times: user=0.21 sys=0.00, real=0.21 secs] 
Heap after GC invocations=110 (full 172):
 par new generation   total 115200K, used 5901K [0x00000000f0000000, 0x00000000f7d00000, 0x00000000f7d00000)
  eden space 102400K,   5% used [0x00000000f0000000, 0x00000000f05c34c8, 0x00000000f6400000)
  from space 12800K,   0% used [0x00000000f6400000, 0x00000000f6400000, 0x00000000f7080000)
  to   space 12800K,   0% used [0x00000000f7080000, 0x00000000f7080000, 0x00000000f7d00000)
 concurrent mark-sweep generation total 134144K, used 134143K [0x00000000f7d00000, 0x0000000100000000, 0x0000000100000000)
 Metaspace       used 51857K, capacity 54702K, committed 55296K, reserved 1097728K
  class space    used 6330K, capacity 6825K, committed 6912K, reserved 1048576K
}
2023-01-17T04:43:49.789+0800: 62.856: [GC (CMS Initial Mark) [1 CMS-initial-mark: 134143K(134144K)] 140532K(249344K), 0.0065005 secs] [Times: user=0.02 sys=0.00, real=0.01 secs] 
2023-01-17T04:43:49.796+0800: 62.862: [CMS-concurrent-mark-start]
2023-01-17T04:43:49.886+0800: 62.952: [CMS-concurrent-mark: 0.090/0.090 secs] [Times: user=0.29 sys=0.05, real=0.09 secs] 
2023-01-17T04:43:49.886+0800: 62.952: [CMS-concurrent-preclean-start]
2023-01-17T04:43:49.939+0800: 63.006: [CMS-concurrent-preclean: 0.053/0.053 secs] [Times: user=0.17 sys=0.03, real=0.06 secs] 
2023-01-17T04:43:49.940+0800: 63.006: [CMS-concurrent-abortable-preclean-start]
2023-01-17T04:43:49.940+0800: 63.006: [CMS-concurrent-abortable-preclean: 0.000/0.000 secs] [Times: user=0.00 sys=0.00, real=0.00 secs] 
2023-01-17T04:43:49.944+0800: 63.011: [GC (CMS Final Remark) [YG occupancy: 103329 K (115200 K)]2023-01-17T04:43:49.944+0800: 63.011: [Rescan (parallel) , 0.0388536 secs]2023-01-17T04:43:49.983+0800: 63.050: [weak refs processing, 0.0000463 secs]2023-01-17T04:43:49.983+0800: 63.050: [class unloading, 0.0141149 secs]2023-01-17T04:43:49.997+0800: 63.064: [scrub symbol table, 0.0051564 secs]2023-01-17T04:43:50.003+0800: 63.069: [scrub string table, 0.0008809 secs][1 CMS-remark: 134143K(134144K)] 237473K(249344K), 0.0593250 secs] [Times: user=0.13 sys=0.00, real=0.06 secs] 
2023-01-17T04:43:50.005+0800: 63.071: [CMS-concurrent-sweep-start]
2023-01-17T04:43:50.024+0800: 63.090: [CMS-concurrent-sweep: 0.019/0.019 secs] [Times: user=0.07 sys=0.00, real=0.02 secs] 
2023-01-17T04:43:50.024+0800: 63.091: [CMS-concurrent-reset-start]
2023-01-17T04:43:50.025+0800: 63.091: [CMS-concurrent-reset: 0.000/0.000 secs] [Times: user=0.00 sys=0.00, real=0.00 secs] 
{Heap before GC invocations=110 (full 173):
 par new generation   total 115200K, used 115199K [0x00000000f0000000, 0x00000000f7d00000, 0x00000000f7d00000)
  eden space 102400K, 100% used [0x00000000f0000000, 0x00000000f6400000, 0x00000000f6400000)
  from space 12800K,  99% used [0x00000000f6400000, 0x00000000f707ffb8, 0x00000000f7080000)
  to   space 12800K,   0% used [0x00000000f7080000, 0x00000000f7080000, 0x00000000f7d00000)
 concurrent mark-sweep generation total 134144K, used 134143K [0x00000000f7d00000, 0x0000000100000000, 0x0000000100000000)
 Metaspace       used 51857K, capacity 54702K, committed 55296K, reserved 1097728K
  class space    used 6330K, capacity 6825K, committed 6912K, reserved 1048576K
2023-01-17T04:43:50.081+0800: 63.147: [GC (Allocation Failure) 2023-01-17T04:43:50.081+0800: 63.148: [ParNew: 115199K->115199K(115200K), 0.0000272 secs]2023-01-17T04:43:50.081+0800: 63.148: [CMS: 134143K->134143K(134144K), 0.2203638 secs] 249343K->140041K(249344K), [Metaspace: 51857K->51857K(1097728K)], 0.2208056 secs] [Times: user=0.22 sys=0.00, real=0.22 secs] 
Heap after GC invocations=111 (full 174):
 par new generation   total 115200K, used 5897K [0x00000000f0000000, 0x00000000f7d00000, 0x00000000f7d00000)
  eden space 102400K,   5% used [0x00000000f0000000, 0x00000000f05c26c8, 0x00000000f6400000)
  from space 12800K,   0% used [0x00000000f6400000, 0x00000000f6400000, 0x00000000f7080000)
  to   space 12800K,   0% used [0x00000000f7080000, 0x00000000f7080000, 0x00000000f7d00000)
 concurrent mark-sweep generation total 134144K, used 134143K [0x00000000f7d00000, 0x0000000100000000, 0x0000000100000000)
 Metaspace       used 51857K, capacity 54702K, committed 55296K, reserved 1097728K
  class space    used 6330K, capacity 6825K, committed 6912K, reserved 1048576K
}
2023-01-17T04:43:50.307+0800: 63.373: [GC (CMS Initial Mark) [1 CMS-initial-mark: 134143K(134144K)] 140115K(249344K), 0.0074440 secs] [Times: user=0.02 sys=0.00, real=0.01 secs] 
2023-01-17T04:43:50.315+0800: 63.381: [CMS-concurrent-mark-start]
2023-01-17T04:43:50.387+0800: 63.454: [CMS-concurrent-mark: 0.072/0.072 secs] [Times: user=0.21 sys=0.02, real=0.07 secs] 
2023-01-17T04:43:50.388+0800: 63.454: [CMS-concurrent-preclean-start]
2023-01-17T04:43:50.435+0800: 63.501: [CMS-concurrent-preclean: 0.047/0.047 secs] [Times: user=0.15 sys=0.02, real=0.05 secs] 
2023-01-17T04:43:50.435+0800: 63.501: [CMS-concurrent-abortable-preclean-start]
2023-01-17T04:43:50.435+0800: 63.501: [CMS-concurrent-abortable-preclean: 0.000/0.000 secs] [Times: user=0.00 sys=0.00, real=0.00 secs] 
2023-01-17T04:43:50.440+0800: 63.506: [GC (CMS Final Remark) [YG occupancy: 72323 K (115200 K)]2023-01-17T04:43:50.440+0800: 63.506: [Rescan (parallel) , 0.0225909 secs]2023-01-17T04:43:50.462+0800: 63.529: [weak refs processing, 0.0000440 secs]2023-01-17T04:43:50.462+0800: 63.529: [class unloading, 0.0137756 secs]2023-01-17T04:43:50.476+0800: 63.542: [scrub symbol table, 0.0050892 secs]2023-01-17T04:43:50.481+0800: 63.548: [scrub string table, 0.0008619 secs][1 CMS-remark: 134143K(134144K)] 206467K(249344K), 0.0426141 secs] [Times: user=0.10 sys=0.00, real=0.04 secs] 
2023-01-17T04:43:50.483+0800: 63.549: [CMS-concurrent-sweep-start]
2023-01-17T04:43:50.503+0800: 63.569: [CMS-concurrent-sweep: 0.021/0.021 secs] [Times: user=0.07 sys=0.01, real=0.02 secs] 
2023-01-17T04:43:50.503+0800: 63.570: [CMS-concurrent-reset-start]
2023-01-17T04:43:50.504+0800: 63.570: [CMS-concurrent-reset: 0.000/0.000 secs] [Times: user=0.00 sys=0.00, real=0.00 secs] 
{Heap before GC invocations=111 (full 175):
 par new generation   total 115200K, used 115199K [0x00000000f0000000, 0x00000000f7d00000, 0x00000000f7d00000)
  eden space 102400K, 100% used [0x00000000f0000000, 0x00000000f6400000, 0x00000000f6400000)
  from space 12800K,  99% used [0x00000000f6400000, 0x00000000f707fff0, 0x00000000f7080000)
  to   space 12800K,   0% used [0x00000000f7080000, 0x00000000f7080000, 0x00000000f7d00000)
 concurrent mark-sweep generation total 134144K, used 134143K [0x00000000f7d00000, 0x0000000100000000, 0x0000000100000000)
 Metaspace       used 51857K, capacity 54702K, committed 55296K, reserved 1097728K
  class space    used 6330K, capacity 6825K, committed 6912K, reserved 1048576K
2023-01-17T04:43:50.597+0800: 63.663: [GC (Allocation Failure) 2023-01-17T04:43:50.597+0800: 63.664: [ParNew: 115199K->115199K(115200K), 0.0000267 secs]2023-01-17T04:43:50.597+0800: 63.664: [CMS: 134143K->134143K(134144K), 0.2011863 secs] 249343K->140008K(249344K), [Metaspace: 51857K->51857K(1097728K)], 0.2015941 secs] [Times: user=0.20 sys=0.00, real=0.20 secs] 
Heap after GC invocations=112 (full 176):
 par new generation   total 115200K, used 5864K [0x00000000f0000000, 0x00000000f7d00000, 0x00000000f7d00000)
  eden space 102400K,   5% used [0x00000000f0000000, 0x00000000f05ba0b8, 0x00000000f6400000)
  from space 12800K,   0% used [0x00000000f6400000, 0x00000000f6400000, 0x00000000f7080000)
  to   space 12800K,   0% used [0x00000000f7080000, 0x00000000f7080000, 0x00000000f7d00000)
 concurrent mark-sweep generation total 134144K, used 134143K [0x00000000f7d00000, 0x0000000100000000, 0x0000000100000000)
 Metaspace       used 51857K, capacity 54702K, committed 55296K, reserved 1097728K
  class space    used 6330K, capacity 6825K, committed 6912K, reserved 1048576K
}
2023-01-17T04:43:50.804+0800: 63.870: [GC (CMS Initial Mark) [1 CMS-initial-mark: 134143K(134144K)] 140128K(249344K), 0.0077662 secs] [Times: user=0.02 sys=0.00, real=0.01 secs] 
2023-01-17T04:43:50.812+0800: 63.878: [CMS-concurrent-mark-start]
2023-01-17T04:43:50.886+0800: 63.952: [CMS-concurrent-mark: 0.074/0.074 secs] [Times: user=0.18 sys=0.03, real=0.07 secs] 
2023-01-17T04:43:50.886+0800: 63.952: [CMS-concurrent-preclean-start]
2023-01-17T04:43:50.933+0800: 64.000: [CMS-concurrent-preclean: 0.048/0.048 secs] [Times: user=0.13 sys=0.01, real=0.05 secs] 
2023-01-17T04:43:50.934+0800: 64.000: [CMS-concurrent-abortable-preclean-start]
2023-01-17T04:43:50.934+0800: 64.000: [CMS-concurrent-abortable-preclean: 0.000/0.000 secs] [Times: user=0.00 sys=0.00, real=0.00 secs] 
2023-01-17T04:43:50.939+0800: 64.005: [GC (CMS Final Remark) [YG occupancy: 61694 K (115200 K)]2023-01-17T04:43:50.939+0800: 64.006: [Rescan (parallel) , 0.0262569 secs]2023-01-17T04:43:50.966+0800: 64.032: [weak refs processing, 0.0000438 secs]2023-01-17T04:43:50.966+0800: 64.032: [class unloading, 0.0139704 secs]2023-01-17T04:43:50.980+0800: 64.046: [scrub symbol table, 0.0051387 secs]2023-01-17T04:43:50.985+0800: 64.051: [scrub string table, 0.0009096 secs][1 CMS-remark: 134143K(134144K)] 195838K(249344K), 0.0465898 secs] [Times: user=0.09 sys=0.00, real=0.05 secs] 
2023-01-17T04:43:50.986+0800: 64.053: [CMS-concurrent-sweep-start]
2023-01-17T04:43:51.005+0800: 64.071: [CMS-concurrent-sweep: 0.019/0.019 secs] [Times: user=0.06 sys=0.01, real=0.02 secs] 
2023-01-17T04:43:51.005+0800: 64.071: [CMS-concurrent-reset-start]
2023-01-17T04:43:51.005+0800: 64.072: [CMS-concurrent-reset: 0.000/0.000 secs] [Times: user=0.00 sys=0.00, real=0.00 secs] 
{Heap before GC invocations=112 (full 177):
 par new generation   total 115200K, used 115199K [0x00000000f0000000, 0x00000000f7d00000, 0x00000000f7d00000)
  eden space 102400K, 100% used [0x00000000f0000000, 0x00000000f6400000, 0x00000000f6400000)
  from space 12800K,  99% used [0x00000000f6400000, 0x00000000f707fff0, 0x00000000f7080000)
  to   space 12800K,   0% used [0x00000000f7080000, 0x00000000f7080000, 0x00000000f7d00000)
 concurrent mark-sweep generation total 134144K, used 134143K [0x00000000f7d00000, 0x0000000100000000, 0x0000000100000000)
 Metaspace       used 51858K, capacity 54702K, committed 55296K, reserved 1097728K
  class space    used 6330K, capacity 6825K, committed 6912K, reserved 1048576K
2023-01-17T04:43:51.114+0800: 64.181: [GC (Allocation Failure) 2023-01-17T04:43:51.114+0800: 64.181: [ParNew: 115199K->115199K(115200K), 0.0000348 secs]2023-01-17T04:43:51.115+0800: 64.181: [CMS: 134143K->134143K(134144K), 0.2034031 secs] 249343K->140092K(249344K), [Metaspace: 51858K->51858K(1097728K)], 0.2038888 secs] [Times: user=0.20 sys=0.00, real=0.20 secs] 
Heap after GC invocations=113 (full 178):
 par new generation   total 115200K, used 5948K [0x00000000f0000000, 0x00000000f7d00000, 0x00000000f7d00000)
  eden space 102400K,   5% used [0x00000000f0000000, 0x00000000f05cf360, 0x00000000f6400000)
  from space 12800K,   0% used [0x00000000f6400000, 0x00000000f6400000, 0x00000000f7080000)
  to   space 12800K,   0% used [0x00000000f7080000, 0x00000000f7080000, 0x00000000f7d00000)
 concurrent mark-sweep generation total 134144K, used 134143K [0x00000000f7d00000, 0x0000000100000000, 0x0000000100000000)
 Metaspace       used 51858K, capacity 54702K, committed 55296K, reserved 1097728K
  class space    used 6330K, capacity 6825K, committed 6912K, reserved 1048576K
}
2023-01-17T04:43:51.325+0800: 64.391: [GC (CMS Initial Mark) [1 CMS-initial-mark: 134143K(134144K)] 141106K(249344K), 0.0066561 secs] [Times: user=0.02 sys=0.00, real=0.01 secs] 
2023-01-17T04:43:51.332+0800: 64.398: [CMS-concurrent-mark-start]
2023-01-17T04:43:51.429+0800: 64.495: [CMS-concurrent-mark: 0.097/0.097 secs] [Times: user=0.32 sys=0.06, real=0.09 secs] 
2023-01-17T04:43:51.429+0800: 64.496: [CMS-concurrent-preclean-start]
2023-01-17T04:43:51.477+0800: 64.543: [CMS-concurrent-preclean: 0.048/0.048 secs] [Times: user=0.13 sys=0.01, real=0.05 secs] 
2023-01-17T04:43:51.477+0800: 64.544: [CMS-concurrent-abortable-preclean-start]
2023-01-17T04:43:51.477+0800: 64.544: [CMS-concurrent-abortable-preclean: 0.000/0.000 secs] [Times: user=0.00 sys=0.00, real=0.00 secs] 
2023-01-17T04:43:51.482+0800: 64.549: [GC (CMS Final Remark) [YG occupancy: 96727 K (115200 K)]2023-01-17T04:43:51.483+0800: 64.549: [Rescan (parallel) , 0.0410028 secs]2023-01-17T04:43:51.524+0800: 64.590: [weak refs processing, 0.0000418 secs]2023-01-17T04:43:51.524+0800: 64.590: [class unloading, 0.0138056 secs]2023-01-17T04:43:51.537+0800: 64.604: [scrub symbol table, 0.0051963 secs]2023-01-17T04:43:51.543+0800: 64.609: [scrub string table, 0.0008999 secs][1 CMS-remark: 134143K(134144K)] 230871K(249344K), 0.0612017 secs] [Times: user=0.14 sys=0.00, real=0.06 secs] 
2023-01-17T04:43:51.544+0800: 64.610: [CMS-concurrent-sweep-start]
2023-01-17T04:43:51.562+0800: 64.628: [CMS-concurrent-sweep: 0.018/0.018 secs] [Times: user=0.03 sys=0.01, real=0.02 secs] 
2023-01-17T04:43:51.562+0800: 64.629: [CMS-concurrent-reset-start]
2023-01-17T04:43:51.563+0800: 64.629: [CMS-concurrent-reset: 0.000/0.000 secs] [Times: user=0.00 sys=0.00, real=0.00 secs] 
{Heap before GC invocations=113 (full 179):
 par new generation   total 115200K, used 115199K [0x00000000f0000000, 0x00000000f7d00000, 0x00000000f7d00000)
  eden space 102400K, 100% used [0x00000000f0000000, 0x00000000f6400000, 0x00000000f6400000)
  from space 12800K,  99% used [0x00000000f6400000, 0x00000000f707fff0, 0x00000000f7080000)
  to   space 12800K,   0% used [0x00000000f7080000, 0x00000000f7080000, 0x00000000f7d00000)
 concurrent mark-sweep generation total 134144K, used 134143K [0x00000000f7d00000, 0x0000000100000000, 0x0000000100000000)
 Metaspace       used 51858K, capacity 54702K, committed 55296K, reserved 1097728K
  class space    used 6330K, capacity 6825K, committed 6912K, reserved 1048576K
2023-01-17T04:43:51.644+0800: 64.710: [GC (Allocation Failure) 2023-01-17T04:43:51.644+0800: 64.710: [ParNew: 115199K->115199K(115200K), 0.0000275 secs]2023-01-17T04:43:51.644+0800: 64.710: [CMS: 134143K->134143K(134144K), 0.2289054 secs] 249343K->140013K(249344K), [Metaspace: 51858K->51858K(1097728K)], 0.2293256 secs] [Times: user=0.23 sys=0.00, real=0.23 secs] 
Heap after GC invocations=114 (full 180):
 par new generation   total 115200K, used 5869K [0x00000000f0000000, 0x00000000f7d00000, 0x00000000f7d00000)
  eden space 102400K,   5% used [0x00000000f0000000, 0x00000000f05bb690, 0x00000000f6400000)
  from space 12800K,   0% used [0x00000000f6400000, 0x00000000f6400000, 0x00000000f7080000)
  to   space 12800K,   0% used [0x00000000f7080000, 0x00000000f7080000, 0x00000000f7d00000)
 concurrent mark-sweep generation total 134144K, used 134143K [0x00000000f7d00000, 0x0000000100000000, 0x0000000100000000)
 Metaspace       used 51858K, capacity 54702K, committed 55296K, reserved 1097728K
  class space    used 6330K, capacity 6825K, committed 6912K, reserved 1048576K
}
2023-01-17T04:43:51.879+0800: 64.945: [GC (CMS Initial Mark) [1 CMS-initial-mark: 134143K(134144K)] 140735K(249344K), 0.0063592 secs] [Times: user=0.02 sys=0.00, real=0.01 secs] 
2023-01-17T04:43:51.885+0800: 64.952: [CMS-concurrent-mark-start]
2023-01-17T04:43:51.957+0800: 65.023: [CMS-concurrent-mark: 0.072/0.072 secs] [Times: user=0.24 sys=0.03, real=0.07 secs] 
2023-01-17T04:43:51.957+0800: 65.023: [CMS-concurrent-preclean-start]
2023-01-17T04:43:52.005+0800: 65.071: [CMS-concurrent-preclean: 0.048/0.048 secs] [Times: user=0.16 sys=0.02, real=0.05 secs] 
2023-01-17T04:43:52.005+0800: 65.071: [CMS-concurrent-abortable-preclean-start]
2023-01-17T04:43:52.005+0800: 65.071: [CMS-concurrent-abortable-preclean: 0.000/0.000 secs] [Times: user=0.00 sys=0.00, real=0.00 secs] 
2023-01-17T04:43:52.009+0800: 65.076: [GC (CMS Final Remark) [YG occupancy: 87552 K (115200 K)]2023-01-17T04:43:52.010+0800: 65.076: [Rescan (parallel) , 0.0252716 secs]2023-01-17T04:43:52.035+0800: 65.101: [weak refs processing, 0.0000553 secs]2023-01-17T04:43:52.035+0800: 65.101: [class unloading, 0.0138892 secs]2023-01-17T04:43:52.049+0800: 65.115: [scrub symbol table, 0.0053403 secs]2023-01-17T04:43:52.054+0800: 65.120: [scrub string table, 0.0008867 secs][1 CMS-remark: 134143K(134144K)] 221696K(249344K), 0.0456939 secs] [Times: user=0.12 sys=0.00, real=0.05 secs] 
2023-01-17T04:43:52.055+0800: 65.122: [CMS-concurrent-sweep-start]
2023-01-17T04:43:52.085+0800: 65.152: [CMS-concurrent-sweep: 0.030/0.030 secs] [Times: user=0.10 sys=0.01, real=0.03 secs] 
2023-01-17T04:43:52.085+0800: 65.152: [CMS-concurrent-reset-start]
2023-01-17T04:43:52.086+0800: 65.152: [CMS-concurrent-reset: 0.000/0.000 secs] [Times: user=0.00 sys=0.00, real=0.00 secs] 
{Heap before GC invocations=114 (full 181):
 par new generation   total 115200K, used 115198K [0x00000000f0000000, 0x00000000f7d00000, 0x00000000f7d00000)
  eden space 102400K, 100% used [0x00000000f0000000, 0x00000000f6400000, 0x00000000f6400000)
  from space 12800K,  99% used [0x00000000f6400000, 0x00000000f707f908, 0x00000000f7080000)
  to   space 12800K,   0% used [0x00000000f7080000, 0x00000000f7080000, 0x00000000f7d00000)
 concurrent mark-sweep generation total 134144K, used 134143K [0x00000000f7d00000, 0x0000000100000000, 0x0000000100000000)
 Metaspace       used 51858K, capacity 54702K, committed 55296K, reserved 1097728K
  class space    used 6330K, capacity 6825K, committed 6912K, reserved 1048576K
2023-01-17T04:43:52.153+0800: 65.219: [GC (Allocation Failure) 2023-01-17T04:43:52.153+0800: 65.219: [ParNew: 115198K->115198K(115200K), 0.0000287 secs]2023-01-17T04:43:52.153+0800: 65.219: [CMS: 134143K->134143K(134144K), 0.2082802 secs] 249342K->140005K(249344K), [Metaspace: 51858K->51858K(1097728K)], 0.2087499 secs] [Times: user=0.21 sys=0.00, real=0.21 secs] 
Heap after GC invocations=115 (full 182):
 par new generation   total 115200K, used 5861K [0x00000000f0000000, 0x00000000f7d00000, 0x00000000f7d00000)
  eden space 102400K,   5% used [0x00000000f0000000, 0x00000000f05b96c8, 0x00000000f6400000)
  from space 12800K,   0% used [0x00000000f6400000, 0x00000000f6400000, 0x00000000f7080000)
  to   space 12800K,   0% used [0x00000000f7080000, 0x00000000f7080000, 0x00000000f7d00000)
 concurrent mark-sweep generation total 134144K, used 134143K [0x00000000f7d00000, 0x0000000100000000, 0x0000000100000000)
 Metaspace       used 51858K, capacity 54702K, committed 55296K, reserved 1097728K
  class space    used 6330K, capacity 6825K, committed 6912K, reserved 1048576K
}
2023-01-17T04:43:52.367+0800: 65.433: [GC (CMS Initial Mark) [1 CMS-initial-mark: 134143K(134144K)] 140183K(249344K), 0.0071729 secs] [Times: user=0.02 sys=0.00, real=0.01 secs] 
2023-01-17T04:43:52.374+0800: 65.440: [CMS-concurrent-mark-start]
2023-01-17T04:43:52.443+0800: 65.509: [CMS-concurrent-mark: 0.068/0.068 secs] [Times: user=0.17 sys=0.02, real=0.07 secs] 
2023-01-17T04:43:52.443+0800: 65.509: [CMS-concurrent-preclean-start]
2023-01-17T04:43:52.492+0800: 65.559: [CMS-concurrent-preclean: 0.050/0.050 secs] [Times: user=0.13 sys=0.02, real=0.05 secs] 
2023-01-17T04:43:52.493+0800: 65.559: [CMS-concurrent-abortable-preclean-start]
2023-01-17T04:43:52.493+0800: 65.559: [CMS-concurrent-abortable-preclean: 0.000/0.000 secs] [Times: user=0.00 sys=0.00, real=0.00 secs] 
2023-01-17T04:43:52.500+0800: 65.567: [GC (CMS Final Remark) [YG occupancy: 63162 K (115200 K)]2023-01-17T04:43:52.500+0800: 65.567: [Rescan (parallel) , 0.0252481 secs]2023-01-17T04:43:52.526+0800: 65.592: [weak refs processing, 0.0000401 secs]2023-01-17T04:43:52.526+0800: 65.592: [class unloading, 0.0134019 secs]2023-01-17T04:43:52.539+0800: 65.605: [scrub symbol table, 0.0050171 secs]2023-01-17T04:43:52.544+0800: 65.610: [scrub string table, 0.0008600 secs][1 CMS-remark: 134143K(134144K)] 197306K(249344K), 0.0448163 secs] [Times: user=0.09 sys=0.00, real=0.04 secs] 
2023-01-17T04:43:52.545+0800: 65.612: [CMS-concurrent-sweep-start]
2023-01-17T04:43:52.564+0800: 65.630: [CMS-concurrent-sweep: 0.018/0.018 secs] [Times: user=0.06 sys=0.01, real=0.02 secs] 
2023-01-17T04:43:52.564+0800: 65.630: [CMS-concurrent-reset-start]
2023-01-17T04:43:52.564+0800: 65.630: [CMS-concurrent-reset: 0.000/0.000 secs] [Times: user=0.00 sys=0.00, real=0.00 secs] 
{Heap before GC invocations=115 (full 183):
 par new generation   total 115200K, used 115199K [0x00000000f0000000, 0x00000000f7d00000, 0x00000000f7d00000)
  eden space 102400K, 100% used [0x00000000f0000000, 0x00000000f6400000, 0x00000000f6400000)
  from space 12800K,  99% used [0x00000000f6400000, 0x00000000f707fff0, 0x00000000f7080000)
  to   space 12800K,   0% used [0x00000000f7080000, 0x00000000f7080000, 0x00000000f7d00000)
 concurrent mark-sweep generation total 134144K, used 134143K [0x00000000f7d00000, 0x0000000100000000, 0x0000000100000000)
 Metaspace       used 51858K, capacity 54702K, committed 55296K, reserved 1097728K
  class space    used 6330K, capacity 6825K, committed 6912K, reserved 1048576K
2023-01-17T04:43:52.670+0800: 65.736: [GC (Allocation Failure) 2023-01-17T04:43:52.670+0800: 65.736: [ParNew: 115199K->115199K(115200K), 0.0000279 secs]2023-01-17T04:43:52.670+0800: 65.737: [CMS: 134143K->134143K(134144K), 0.1953016 secs] 249343K->140065K(249344K), [Metaspace: 51858K->51858K(1097728K)], 0.1957218 secs] [Times: user=0.20 sys=0.00, real=0.19 secs] 
Heap after GC invocations=116 (full 184):
 par new generation   total 115200K, used 5921K [0x00000000f0000000, 0x00000000f7d00000, 0x00000000f7d00000)
  eden space 102400K,   5% used [0x00000000f0000000, 0x00000000f05c8740, 0x00000000f6400000)
  from space 12800K,   0% used [0x00000000f6400000, 0x00000000f6400000, 0x00000000f7080000)
  to   space 12800K,   0% used [0x00000000f7080000, 0x00000000f7080000, 0x00000000f7d00000)
 concurrent mark-sweep generation total 134144K, used 134143K [0x00000000f7d00000, 0x0000000100000000, 0x0000000100000000)
 Metaspace       used 51858K, capacity 54702K, committed 55296K, reserved 1097728K
  class space    used 6330K, capacity 6825K, committed 6912K, reserved 1048576K
}
2023-01-17T04:43:52.873+0800: 65.939: [GC (CMS Initial Mark) [1 CMS-initial-mark: 134143K(134144K)] 141427K(249344K), 0.0080903 secs] [Times: user=0.02 sys=0.00, real=0.01 secs] 
2023-01-17T04:43:52.881+0800: 65.948: [CMS-concurrent-mark-start]
2023-01-17T04:43:52.954+0800: 66.020: [CMS-concurrent-mark: 0.073/0.073 secs] [Times: user=0.23 sys=0.02, real=0.07 secs] 
2023-01-17T04:43:52.954+0800: 66.021: [CMS-concurrent-preclean-start]
2023-01-17T04:43:53.009+0800: 66.075: [CMS-concurrent-preclean: 0.055/0.055 secs] [Times: user=0.17 sys=0.04, real=0.05 secs] 
2023-01-17T04:43:53.009+0800: 66.076: [CMS-concurrent-abortable-preclean-start]
2023-01-17T04:43:53.009+0800: 66.076: [CMS-concurrent-abortable-preclean: 0.000/0.000 secs] [Times: user=0.00 sys=0.00, real=0.00 secs] 
2023-01-17T04:43:53.014+0800: 66.080: [GC (CMS Final Remark) [YG occupancy: 87759 K (115200 K)]2023-01-17T04:43:53.014+0800: 66.080: [Rescan (parallel) , 0.0296000 secs]2023-01-17T04:43:53.043+0800: 66.110: [weak refs processing, 0.0000425 secs]2023-01-17T04:43:53.043+0800: 66.110: [class unloading, 0.0135405 secs]2023-01-17T04:43:53.057+0800: 66.123: [scrub symbol table, 0.0052060 secs]2023-01-17T04:43:53.062+0800: 66.129: [scrub string table, 0.0008675 secs][1 CMS-remark: 134143K(134144K)] 221903K(249344K), 0.0494932 secs] [Times: user=0.12 sys=0.00, real=0.05 secs] 
2023-01-17T04:43:53.064+0800: 66.130: [CMS-concurrent-sweep-start]
2023-01-17T04:43:53.082+0800: 66.148: [CMS-concurrent-sweep: 0.018/0.018 secs] [Times: user=0.04 sys=0.01, real=0.02 secs] 
2023-01-17T04:43:53.082+0800: 66.148: [CMS-concurrent-reset-start]
2023-01-17T04:43:53.082+0800: 66.148: [CMS-concurrent-reset: 0.000/0.000 secs] [Times: user=0.00 sys=0.00, real=0.00 secs] 
{Heap before GC invocations=116 (full 185):
 par new generation   total 115200K, used 115200K [0x00000000f0000000, 0x00000000f7d00000, 0x00000000f7d00000)
  eden space 102400K, 100% used [0x00000000f0000000, 0x00000000f6400000, 0x00000000f6400000)
  from space 12800K, 100% used [0x00000000f6400000, 0x00000000f7080000, 0x00000000f7080000)
  to   space 12800K,   0% used [0x00000000f7080000, 0x00000000f7080000, 0x00000000f7d00000)
 concurrent mark-sweep generation total 134144K, used 134143K [0x00000000f7d00000, 0x0000000100000000, 0x0000000100000000)
 Metaspace       used 51858K, capacity 54702K, committed 55296K, reserved 1097728K
  class space    used 6330K, capacity 6825K, committed 6912K, reserved 1048576K
2023-01-17T04:43:53.174+0800: 66.240: [GC (Allocation Failure) 2023-01-17T04:43:53.174+0800: 66.240: [ParNew: 115200K->115200K(115200K), 0.0000254 secs]2023-01-17T04:43:53.174+0800: 66.240: [CMS: 134143K->134143K(134144K), 0.2112959 secs] 249343K->140028K(249344K), [Metaspace: 51858K->51858K(1097728K)], 0.2117329 secs] [Times: user=0.22 sys=0.00, real=0.21 secs] 
Heap after GC invocations=117 (full 186):
 par new generation   total 115200K, used 5884K [0x00000000f0000000, 0x00000000f7d00000, 0x00000000f7d00000)
  eden space 102400K,   5% used [0x00000000f0000000, 0x00000000f05bf020, 0x00000000f6400000)
  from space 12800K,   0% used [0x00000000f6400000, 0x00000000f6400000, 0x00000000f7080000)
  to   space 12800K,   0% used [0x00000000f7080000, 0x00000000f7080000, 0x00000000f7d00000)
 concurrent mark-sweep generation total 134144K, used 134143K [0x00000000f7d00000, 0x0000000100000000, 0x0000000100000000)
 Metaspace       used 51858K, capacity 54702K, committed 55296K, reserved 1097728K
  class space    used 6330K, capacity 6825K, committed 6912K, reserved 1048576K
}
2023-01-17T04:43:53.394+0800: 66.460: [GC (CMS Initial Mark) [1 CMS-initial-mark: 134143K(134144K)] 142768K(249344K), 0.0073592 secs] [Times: user=0.03 sys=0.00, real=0.01 secs] 
2023-01-17T04:43:53.401+0800: 66.468: [CMS-concurrent-mark-start]
2023-01-17T04:43:53.484+0800: 66.550: [CMS-concurrent-mark: 0.083/0.083 secs] [Times: user=0.28 sys=0.03, real=0.08 secs] 
2023-01-17T04:43:53.484+0800: 66.551: [CMS-concurrent-preclean-start]
2023-01-17T04:43:53.547+0800: 66.613: [CMS-concurrent-preclean: 0.062/0.062 secs] [Times: user=0.21 sys=0.03, real=0.06 secs] 
2023-01-17T04:43:53.547+0800: 66.613: [CMS-concurrent-abortable-preclean-start]
2023-01-17T04:43:53.547+0800: 66.613: [CMS-concurrent-abortable-preclean: 0.000/0.000 secs] [Times: user=0.00 sys=0.00, real=0.00 secs] 
2023-01-17T04:43:53.554+0800: 66.620: [GC (CMS Final Remark) [YG occupancy: 105862 K (115200 K)]2023-01-17T04:43:53.554+0800: 66.620: [Rescan (parallel) , 0.0300681 secs]2023-01-17T04:43:53.584+0800: 66.650: [weak refs processing, 0.0000443 secs]2023-01-17T04:43:53.584+0800: 66.650: [class unloading, 0.0135999 secs]2023-01-17T04:43:53.598+0800: 66.664: [scrub symbol table, 0.0050438 secs]2023-01-17T04:43:53.603+0800: 66.669: [scrub string table, 0.0008904 secs][1 CMS-remark: 134143K(134144K)] 240006K(249344K), 0.0498902 secs] [Times: user=0.13 sys=0.00, real=0.05 secs] 
2023-01-17T04:43:53.604+0800: 66.670: [CMS-concurrent-sweep-start]
2023-01-17T04:43:53.622+0800: 66.688: [CMS-concurrent-sweep: 0.018/0.018 secs] [Times: user=0.07 sys=0.00, real=0.02 secs] 
2023-01-17T04:43:53.622+0800: 66.688: [CMS-concurrent-reset-start]
2023-01-17T04:43:53.622+0800: 66.689: [CMS-concurrent-reset: 0.000/0.000 secs] [Times: user=0.00 sys=0.00, real=0.00 secs] 
{Heap before GC invocations=117 (full 187):
 par new generation   total 115200K, used 115200K [0x00000000f0000000, 0x00000000f7d00000, 0x00000000f7d00000)
  eden space 102400K, 100% used [0x00000000f0000000, 0x00000000f6400000, 0x00000000f6400000)
  from space 12800K, 100% used [0x00000000f6400000, 0x00000000f7080000, 0x00000000f7080000)
  to   space 12800K,   0% used [0x00000000f7080000, 0x00000000f7080000, 0x00000000f7d00000)
 concurrent mark-sweep generation total 134144K, used 134143K [0x00000000f7d00000, 0x0000000100000000, 0x0000000100000000)
 Metaspace       used 51858K, capacity 54702K, committed 55296K, reserved 1097728K
  class space    used 6330K, capacity 6825K, committed 6912K, reserved 1048576K
2023-01-17T04:43:53.662+0800: 66.729: [GC (Allocation Failure) 2023-01-17T04:43:53.662+0800: 66.729: [ParNew: 115200K->115200K(115200K), 0.0000269 secs]2023-01-17T04:43:53.662+0800: 66.729: [CMS: 134143K->134143K(134144K), 0.2038622 secs] 249343K->140058K(249344K), [Metaspace: 51858K->51858K(1097728K)], 0.2043095 secs] [Times: user=0.20 sys=0.00, real=0.20 secs] 
Heap after GC invocations=118 (full 188):
 par new generation   total 115200K, used 5914K [0x00000000f0000000, 0x00000000f7d00000, 0x00000000f7d00000)
  eden space 102400K,   5% used [0x00000000f0000000, 0x00000000f05c6bf0, 0x00000000f6400000)
  from space 12800K,   0% used [0x00000000f6400000, 0x00000000f6400000, 0x00000000f7080000)
  to   space 12800K,   0% used [0x00000000f7080000, 0x00000000f7080000, 0x00000000f7d00000)
 concurrent mark-sweep generation total 134144K, used 134143K [0x00000000f7d00000, 0x0000000100000000, 0x0000000100000000)
 Metaspace       used 51858K, capacity 54702K, committed 55296K, reserved 1097728K
  class space    used 6330K, capacity 6825K, committed 6912K, reserved 1048576K
}
2023-01-17T04:43:53.875+0800: 66.941: [GC (CMS Initial Mark) [1 CMS-initial-mark: 134143K(134144K)] 141229K(249344K), 0.0081355 secs] [Times: user=0.02 sys=0.00, real=0.01 secs] 
2023-01-17T04:43:53.883+0800: 66.950: [CMS-concurrent-mark-start]
2023-01-17T04:43:53.959+0800: 67.025: [CMS-concurrent-mark: 0.075/0.075 secs] [Times: user=0.21 sys=0.02, real=0.07 secs] 
2023-01-17T04:43:53.959+0800: 67.025: [CMS-concurrent-preclean-start]
2023-01-17T04:43:54.008+0800: 67.074: [CMS-concurrent-preclean: 0.049/0.049 secs] [Times: user=0.13 sys=0.02, real=0.05 secs] 
2023-01-17T04:43:54.008+0800: 67.074: [CMS-concurrent-abortable-preclean-start]
2023-01-17T04:43:54.008+0800: 67.074: [CMS-concurrent-abortable-preclean: 0.000/0.000 secs] [Times: user=0.00 sys=0.00, real=0.00 secs] 
2023-01-17T04:43:54.020+0800: 67.086: [GC (CMS Final Remark) [YG occupancy: 75051 K (115200 K)]2023-01-17T04:43:54.020+0800: 67.086: [Rescan (parallel) , 0.0497596 secs]2023-01-17T04:43:54.070+0800: 67.136: [weak refs processing, 0.0000585 secs]2023-01-17T04:43:54.070+0800: 67.136: [class unloading, 0.0197001 secs]2023-01-17T04:43:54.089+0800: 67.156: [scrub symbol table, 0.0092767 secs]2023-01-17T04:43:54.099+0800: 67.165: [scrub string table, 0.0012974 secs][1 CMS-remark: 134143K(134144K)] 209195K(249344K), 0.0803774 secs] [Times: user=0.15 sys=0.00, real=0.08 secs] 
2023-01-17T04:43:54.101+0800: 67.167: [CMS-concurrent-sweep-start]
2023-01-17T04:43:54.127+0800: 67.194: [CMS-concurrent-sweep: 0.026/0.026 secs] [Times: user=0.06 sys=0.01, real=0.02 secs] 
2023-01-17T04:43:54.128+0800: 67.194: [CMS-concurrent-reset-start]
2023-01-17T04:43:54.128+0800: 67.194: [CMS-concurrent-reset: 0.000/0.000 secs] [Times: user=0.00 sys=0.00, real=0.00 secs] 
{Heap before GC invocations=118 (full 189):
 par new generation   total 115200K, used 115196K [0x00000000f0000000, 0x00000000f7d00000, 0x00000000f7d00000)
  eden space 102400K, 100% used [0x00000000f0000000, 0x00000000f6400000, 0x00000000f6400000)
  from space 12800K,  99% used [0x00000000f6400000, 0x00000000f707f370, 0x00000000f7080000)
  to   space 12800K,   0% used [0x00000000f7080000, 0x00000000f7080000, 0x00000000f7d00000)
 concurrent mark-sweep generation total 134144K, used 134143K [0x00000000f7d00000, 0x0000000100000000, 0x0000000100000000)
 Metaspace       used 51864K, capacity 54702K, committed 55296K, reserved 1097728K
  class space    used 6330K, capacity 6825K, committed 6912K, reserved 1048576K
2023-01-17T04:43:54.236+0800: 67.302: [GC (Allocation Failure) 2023-01-17T04:43:54.236+0800: 67.302: [ParNew: 115196K->115196K(115200K), 0.0000256 secs]2023-01-17T04:43:54.236+0800: 67.302: [CMS: 134143K->134143K(134144K), 0.1984935 secs] 249340K->140069K(249344K), [Metaspace: 51864K->51864K(1097728K)], 0.1989312 secs] [Times: user=0.20 sys=0.00, real=0.20 secs] 
Heap after GC invocations=119 (full 190):
 par new generation   total 115200K, used 5925K [0x00000000f0000000, 0x00000000f7d00000, 0x00000000f7d00000)
  eden space 102400K,   5% used [0x00000000f0000000, 0x00000000f05c9640, 0x00000000f6400000)
  from space 12800K,   0% used [0x00000000f6400000, 0x00000000f6400000, 0x00000000f7080000)
  to   space 12800K,   0% used [0x00000000f7080000, 0x00000000f7080000, 0x00000000f7d00000)
 concurrent mark-sweep generation total 134144K, used 134143K [0x00000000f7d00000, 0x0000000100000000, 0x0000000100000000)
 Metaspace       used 51864K, capacity 54702K, committed 55296K, reserved 1097728K
  class space    used 6330K, capacity 6825K, committed 6912K, reserved 1048576K
}
2023-01-17T04:43:54.442+0800: 67.508: [GC (CMS Initial Mark) [1 CMS-initial-mark: 134143K(134144K)] 141500K(249344K), 0.0065392 secs] [Times: user=0.02 sys=0.00, real=0.00 secs] 
2023-01-17T04:43:54.449+0800: 67.515: [CMS-concurrent-mark-start]
2023-01-17T04:43:54.544+0800: 67.610: [CMS-concurrent-mark: 0.095/0.095 secs] [Times: user=0.32 sys=0.04, real=0.10 secs] 
2023-01-17T04:43:54.544+0800: 67.610: [CMS-concurrent-preclean-start]
2023-01-17T04:43:54.594+0800: 67.660: [CMS-concurrent-preclean: 0.050/0.050 secs] [Times: user=0.17 sys=0.02, real=0.05 secs] 
2023-01-17T04:43:54.594+0800: 67.661: [CMS-concurrent-abortable-preclean-start]
2023-01-17T04:43:54.594+0800: 67.661: [CMS-concurrent-abortable-preclean: 0.000/0.000 secs] [Times: user=0.00 sys=0.00, real=0.00 secs] 
2023-01-17T04:43:54.599+0800: 67.666: [GC (CMS Final Remark) [YG occupancy: 104691 K (115200 K)]2023-01-17T04:43:54.599+0800: 67.666: [Rescan (parallel) , 0.0430747 secs]2023-01-17T04:43:54.643+0800: 67.709: [weak refs processing, 0.0000544 secs]2023-01-17T04:43:54.643+0800: 67.709: [class unloading, 0.0196172 secs]2023-01-17T04:43:54.662+0800: 67.729: [scrub symbol table, 0.0076949 secs]2023-01-17T04:43:54.670+0800: 67.736: [scrub string table, 0.0009247 secs][1 CMS-remark: 134143K(134144K)] 238835K(249344K), 0.0716141 secs] [Times: user=0.17 sys=0.00, real=0.08 secs] 
2023-01-17T04:43:54.672+0800: 67.738: [CMS-concurrent-sweep-start]
2023-01-17T04:43:54.693+0800: 67.760: [CMS-concurrent-sweep: 0.021/0.021 secs] [Times: user=0.07 sys=0.01, real=0.02 secs] 
2023-01-17T04:43:54.694+0800: 67.760: [CMS-concurrent-reset-start]
2023-01-17T04:43:54.694+0800: 67.760: [CMS-concurrent-reset: 0.000/0.000 secs] [Times: user=0.00 sys=0.00, real=0.00 secs] 
{Heap before GC invocations=119 (full 191):
 par new generation   total 115200K, used 115199K [0x00000000f0000000, 0x00000000f7d00000, 0x00000000f7d00000)
  eden space 102400K, 100% used [0x00000000f0000000, 0x00000000f6400000, 0x00000000f6400000)
  from space 12800K,  99% used [0x00000000f6400000, 0x00000000f707fff8, 0x00000000f7080000)
  to   space 12800K,   0% used [0x00000000f7080000, 0x00000000f7080000, 0x00000000f7d00000)
 concurrent mark-sweep generation total 134144K, used 134143K [0x00000000f7d00000, 0x0000000100000000, 0x0000000100000000)
 Metaspace       used 51867K, capacity 54702K, committed 55296K, reserved 1097728K
  class space    used 6330K, capacity 6825K, committed 6912K, reserved 1048576K
2023-01-17T04:43:54.740+0800: 67.806: [GC (Allocation Failure) 2023-01-17T04:43:54.740+0800: 67.806: [ParNew: 115199K->115199K(115200K), 0.0000276 secs]2023-01-17T04:43:54.740+0800: 67.806: [CMS: 134143K->134143K(134144K), 0.1956755 secs] 249343K->140056K(249344K), [Metaspace: 51867K->51867K(1097728K)], 0.1961157 secs] [Times: user=0.20 sys=0.00, real=0.19 secs] 
Heap after GC invocations=120 (full 192):
 par new generation   total 115200K, used 5912K [0x00000000f0000000, 0x00000000f7d00000, 0x00000000f7d00000)
  eden space 102400K,   5% used [0x00000000f0000000, 0x00000000f05c63a0, 0x00000000f6400000)
  from space 12800K,   0% used [0x00000000f6400000, 0x00000000f6400000, 0x00000000f7080000)
  to   space 12800K,   0% used [0x00000000f7080000, 0x00000000f7080000, 0x00000000f7d00000)
 concurrent mark-sweep generation total 134144K, used 134143K [0x00000000f7d00000, 0x0000000100000000, 0x0000000100000000)
 Metaspace       used 51867K, capacity 54702K, committed 55296K, reserved 1097728K
  class space    used 6330K, capacity 6825K, committed 6912K, reserved 1048576K
}
2023-01-17T04:43:54.941+0800: 68.007: [GC (CMS Initial Mark) [1 CMS-initial-mark: 134143K(134144K)] 140253K(249344K), 0.0063256 secs] [Times: user=0.02 sys=0.00, real=0.00 secs] 
2023-01-17T04:43:54.947+0800: 68.014: [CMS-concurrent-mark-start]
2023-01-17T04:43:55.023+0800: 68.090: [CMS-concurrent-mark: 0.076/0.076 secs] [Times: user=0.25 sys=0.05, real=0.08 secs] 
2023-01-17T04:43:55.024+0800: 68.090: [CMS-concurrent-preclean-start]
2023-01-17T04:43:55.086+0800: 68.152: [CMS-concurrent-preclean: 0.062/0.062 secs] [Times: user=0.21 sys=0.03, real=0.06 secs] 
2023-01-17T04:43:55.086+0800: 68.152: [CMS-concurrent-abortable-preclean-start]
2023-01-17T04:43:55.086+0800: 68.152: [CMS-concurrent-abortable-preclean: 0.000/0.000 secs] [Times: user=0.00 sys=0.00, real=0.00 secs] 
2023-01-17T04:43:55.090+0800: 68.157: [GC (CMS Final Remark) [YG occupancy: 102773 K (115200 K)]2023-01-17T04:43:55.091+0800: 68.157: [Rescan (parallel) , 0.0287493 secs]2023-01-17T04:43:55.119+0800: 68.186: [weak refs processing, 0.0000421 secs]2023-01-17T04:43:55.119+0800: 68.186: [class unloading, 0.0134097 secs]2023-01-17T04:43:55.133+0800: 68.199: [scrub symbol table, 0.0051164 secs]2023-01-17T04:43:55.138+0800: 68.204: [scrub string table, 0.0008624 secs][1 CMS-remark: 134143K(134144K)] 236917K(249344K), 0.0484178 secs] [Times: user=0.14 sys=0.00, real=0.04 secs] 
2023-01-17T04:43:55.139+0800: 68.206: [CMS-concurrent-sweep-start]
2023-01-17T04:43:55.157+0800: 68.223: [CMS-concurrent-sweep: 0.018/0.018 secs] [Times: user=0.07 sys=0.00, real=0.02 secs] 
2023-01-17T04:43:55.157+0800: 68.223: [CMS-concurrent-reset-start]
2023-01-17T04:43:55.157+0800: 68.223: [CMS-concurrent-reset: 0.000/0.000 secs] [Times: user=0.00 sys=0.00, real=0.00 secs] 
{Heap before GC invocations=120 (full 193):
 par new generation   total 115200K, used 115200K [0x00000000f0000000, 0x00000000f7d00000, 0x00000000f7d00000)
  eden space 102400K, 100% used [0x00000000f0000000, 0x00000000f6400000, 0x00000000f6400000)
  from space 12800K, 100% used [0x00000000f6400000, 0x00000000f7080000, 0x00000000f7080000)
  to   space 12800K,   0% used [0x00000000f7080000, 0x00000000f7080000, 0x00000000f7d00000)
 concurrent mark-sweep generation total 134144K, used 134143K [0x00000000f7d00000, 0x0000000100000000, 0x0000000100000000)
 Metaspace       used 51867K, capacity 54702K, committed 55296K, reserved 1097728K
  class space    used 6330K, capacity 6825K, committed 6912K, reserved 1048576K
2023-01-17T04:43:55.214+0800: 68.280: [GC (Allocation Failure) 2023-01-17T04:43:55.214+0800: 68.280: [ParNew: 115200K->115200K(115200K), 0.0000292 secs]2023-01-17T04:43:55.214+0800: 68.280: [CMS: 134143K->134143K(134144K), 0.2090756 secs] 249343K->140059K(249344K), [Metaspace: 51867K->51867K(1097728K)], 0.2095207 secs] [Times: user=0.21 sys=0.00, real=0.21 secs] 
Heap after GC invocations=121 (full 194):
 par new generation   total 115200K, used 5915K [0x00000000f0000000, 0x00000000f7d00000, 0x00000000f7d00000)
  eden space 102400K,   5% used [0x00000000f0000000, 0x00000000f05c6f18, 0x00000000f6400000)
  from space 12800K,   0% used [0x00000000f6400000, 0x00000000f6400000, 0x00000000f7080000)
  to   space 12800K,   0% used [0x00000000f7080000, 0x00000000f7080000, 0x00000000f7d00000)
 concurrent mark-sweep generation total 134144K, used 134143K [0x00000000f7d00000, 0x0000000100000000, 0x0000000100000000)
 Metaspace       used 51867K, capacity 54702K, committed 55296K, reserved 1097728K
  class space    used 6330K, capacity 6825K, committed 6912K, reserved 1048576K
}
2023-01-17T04:43:55.431+0800: 68.497: [GC (CMS Initial Mark) [1 CMS-initial-mark: 134143K(134144K)] 140241K(249344K), 0.0078911 secs] [Times: user=0.02 sys=0.00, real=0.00 secs] 
2023-01-17T04:43:55.439+0800: 68.506: [CMS-concurrent-mark-start]
2023-01-17T04:43:55.518+0800: 68.584: [CMS-concurrent-mark: 0.079/0.079 secs] [Times: user=0.23 sys=0.02, real=0.08 secs] 
2023-01-17T04:43:55.518+0800: 68.585: [CMS-concurrent-preclean-start]
2023-01-17T04:43:55.569+0800: 68.635: [CMS-concurrent-preclean: 0.050/0.050 secs] [Times: user=0.14 sys=0.03, real=0.05 secs] 
2023-01-17T04:43:55.569+0800: 68.635: [CMS-concurrent-abortable-preclean-start]
2023-01-17T04:43:55.569+0800: 68.635: [CMS-concurrent-abortable-preclean: 0.000/0.000 secs] [Times: user=0.00 sys=0.00, real=0.00 secs] 
2023-01-17T04:43:55.576+0800: 68.642: [GC (CMS Final Remark) [YG occupancy: 77712 K (115200 K)]2023-01-17T04:43:55.576+0800: 68.643: [Rescan (parallel) , 0.0309216 secs]2023-01-17T04:43:55.607+0800: 68.673: [weak refs processing, 0.0000570 secs]2023-01-17T04:43:55.607+0800: 68.674: [class unloading, 0.0195051 secs]2023-01-17T04:43:55.627+0800: 68.693: [scrub symbol table, 0.0086996 secs]2023-01-17T04:43:55.635+0800: 68.702: [scrub string table, 0.0012809 secs][1 CMS-remark: 134143K(134144K)] 211856K(249344K), 0.0607401 secs] [Times: user=0.12 sys=0.00, real=0.06 secs] 
2023-01-17T04:43:55.637+0800: 68.703: [CMS-concurrent-sweep-start]
2023-01-17T04:43:55.658+0800: 68.724: [CMS-concurrent-sweep: 0.021/0.021 secs] [Times: user=0.06 sys=0.00, real=0.02 secs] 
2023-01-17T04:43:55.658+0800: 68.724: [CMS-concurrent-reset-start]
2023-01-17T04:43:55.658+0800: 68.725: [CMS-concurrent-reset: 0.000/0.000 secs] [Times: user=0.00 sys=0.00, real=0.00 secs] 
{Heap before GC invocations=121 (full 195):
 par new generation   total 115200K, used 115199K [0x00000000f0000000, 0x00000000f7d00000, 0x00000000f7d00000)
  eden space 102400K, 100% used [0x00000000f0000000, 0x00000000f6400000, 0x00000000f6400000)
  from space 12800K,  99% used [0x00000000f6400000, 0x00000000f707fff8, 0x00000000f7080000)
  to   space 12800K,   0% used [0x00000000f7080000, 0x00000000f7080000, 0x00000000f7d00000)
 concurrent mark-sweep generation total 134144K, used 134143K [0x00000000f7d00000, 0x0000000100000000, 0x0000000100000000)
 Metaspace       used 51867K, capacity 54702K, committed 55296K, reserved 1097728K
  class space    used 6330K, capacity 6825K, committed 6912K, reserved 1048576K
2023-01-17T04:43:55.760+0800: 68.826: [GC (Allocation Failure) 2023-01-17T04:43:55.760+0800: 68.826: [ParNew: 115199K->115199K(115200K), 0.0000275 secs]2023-01-17T04:43:55.760+0800: 68.826: [CMS: 134143K->134143K(134144K), 0.1965468 secs] 249343K->140049K(249344K), [Metaspace: 51867K->51867K(1097728K)], 0.1969788 secs] [Times: user=0.19 sys=0.00, real=0.19 secs] 
Heap after GC invocations=122 (full 196):
 par new generation   total 115200K, used 5905K [0x00000000f0000000, 0x00000000f7d00000, 0x00000000f7d00000)
  eden space 102400K,   5% used [0x00000000f0000000, 0x00000000f05c4470, 0x00000000f6400000)
  from space 12800K,   0% used [0x00000000f6400000, 0x00000000f6400000, 0x00000000f7080000)
  to   space 12800K,   0% used [0x00000000f7080000, 0x00000000f7080000, 0x00000000f7d00000)
 concurrent mark-sweep generation total 134144K, used 134143K [0x00000000f7d00000, 0x0000000100000000, 0x0000000100000000)
 Metaspace       used 51867K, capacity 54702K, committed 55296K, reserved 1097728K
  class space    used 6330K, capacity 6825K, committed 6912K, reserved 1048576K
}
2023-01-17T04:43:55.964+0800: 69.030: [GC (CMS Initial Mark) [1 CMS-initial-mark: 134143K(134144K)] 141669K(249344K), 0.0066153 secs] [Times: user=0.02 sys=0.00, real=0.01 secs] 
2023-01-17T04:43:55.971+0800: 69.037: [CMS-concurrent-mark-start]
2023-01-17T04:43:56.042+0800: 69.108: [CMS-concurrent-mark: 0.071/0.071 secs] [Times: user=0.24 sys=0.03, real=0.07 secs] 
2023-01-17T04:43:56.042+0800: 69.108: [CMS-concurrent-preclean-start]
2023-01-17T04:43:56.088+0800: 69.155: [CMS-concurrent-preclean: 0.046/0.046 secs] [Times: user=0.17 sys=0.02, real=0.04 secs] 
2023-01-17T04:43:56.089+0800: 69.155: [CMS-concurrent-abortable-preclean-start]
2023-01-17T04:43:56.089+0800: 69.155: [CMS-concurrent-abortable-preclean: 0.000/0.000 secs] [Times: user=0.00 sys=0.00, real=0.00 secs] 
2023-01-17T04:43:56.094+0800: 69.160: [GC (CMS Final Remark) [YG occupancy: 91289 K (115200 K)]2023-01-17T04:43:56.094+0800: 69.160: [Rescan (parallel) , 0.0259626 secs]2023-01-17T04:43:56.120+0800: 69.186: [weak refs processing, 0.0000476 secs]2023-01-17T04:43:56.120+0800: 69.186: [class unloading, 0.0137997 secs]2023-01-17T04:43:56.134+0800: 69.200: [scrub symbol table, 0.0050814 secs]2023-01-17T04:43:56.139+0800: 69.205: [scrub string table, 0.0009013 secs][1 CMS-remark: 134143K(134144K)] 225433K(249344K), 0.0460456 secs] [Times: user=0.13 sys=0.00, real=0.05 secs] 
2023-01-17T04:43:56.140+0800: 69.206: [CMS-concurrent-sweep-start]
2023-01-17T04:43:56.158+0800: 69.225: [CMS-concurrent-sweep: 0.018/0.018 secs] [Times: user=0.06 sys=0.01, real=0.01 secs] 
2023-01-17T04:43:56.159+0800: 69.225: [CMS-concurrent-reset-start]
2023-01-17T04:43:56.159+0800: 69.225: [CMS-concurrent-reset: 0.000/0.000 secs] [Times: user=0.00 sys=0.00, real=0.00 secs] 
{Heap before GC invocations=122 (full 197):
 par new generation   total 115200K, used 115199K [0x00000000f0000000, 0x00000000f7d00000, 0x00000000f7d00000)
  eden space 102400K, 100% used [0x00000000f0000000, 0x00000000f6400000, 0x00000000f6400000)
  from space 12800K,  99% used [0x00000000f6400000, 0x00000000f707fff8, 0x00000000f7080000)
  to   space 12800K,   0% used [0x00000000f7080000, 0x00000000f7080000, 0x00000000f7d00000)
 concurrent mark-sweep generation total 134144K, used 134143K [0x00000000f7d00000, 0x0000000100000000, 0x0000000100000000)
 Metaspace       used 51867K, capacity 54702K, committed 55296K, reserved 1097728K
  class space    used 6330K, capacity 6825K, committed 6912K, reserved 1048576K
2023-01-17T04:43:56.237+0800: 69.304: [GC (Allocation Failure) 2023-01-17T04:43:56.238+0800: 69.304: [ParNew: 115199K->115199K(115200K), 0.0000377 secs]2023-01-17T04:43:56.238+0800: 69.304: [CMS: 134143K->134143K(134144K), 0.2137238 secs] 249343K->140047K(249344K), [Metaspace: 51867K->51867K(1097728K)], 0.2142975 secs] [Times: user=0.21 sys=0.00, real=0.22 secs] 
Heap after GC invocations=123 (full 198):
 par new generation   total 115200K, used 5903K [0x00000000f0000000, 0x00000000f7d00000, 0x00000000f7d00000)
  eden space 102400K,   5% used [0x00000000f0000000, 0x00000000f05c3ef8, 0x00000000f6400000)
  from space 12800K,   0% used [0x00000000f6400000, 0x00000000f6400000, 0x00000000f7080000)
  to   space 12800K,   0% used [0x00000000f7080000, 0x00000000f7080000, 0x00000000f7d00000)
 concurrent mark-sweep generation total 134144K, used 134143K [0x00000000f7d00000, 0x0000000100000000, 0x0000000100000000)
 Metaspace       used 51867K, capacity 54702K, committed 55296K, reserved 1097728K
  class space    used 6330K, capacity 6825K, committed 6912K, reserved 1048576K
}
2023-01-17T04:43:56.458+0800: 69.524: [GC (CMS Initial Mark) [1 CMS-initial-mark: 134143K(134144K)] 140622K(249344K), 0.0063589 secs] [Times: user=0.02 sys=0.00, real=0.01 secs] 
2023-01-17T04:43:56.464+0800: 69.531: [CMS-concurrent-mark-start]
2023-01-17T04:43:56.535+0800: 69.601: [CMS-concurrent-mark: 0.070/0.070 secs] [Times: user=0.21 sys=0.04, real=0.07 secs] 
2023-01-17T04:43:56.535+0800: 69.601: [CMS-concurrent-preclean-start]
2023-01-17T04:43:56.581+0800: 69.647: [CMS-concurrent-preclean: 0.046/0.046 secs] [Times: user=0.15 sys=0.02, real=0.05 secs] 
2023-01-17T04:43:56.581+0800: 69.647: [CMS-concurrent-abortable-preclean-start]
2023-01-17T04:43:56.581+0800: 69.647: [CMS-concurrent-abortable-preclean: 0.000/0.000 secs] [Times: user=0.00 sys=0.00, real=0.00 secs] 
2023-01-17T04:43:56.590+0800: 69.656: [GC (CMS Final Remark) [YG occupancy: 78679 K (115200 K)]2023-01-17T04:43:56.590+0800: 69.656: [Rescan (parallel) , 0.0315081 secs]2023-01-17T04:43:56.621+0800: 69.688: [weak refs processing, 0.0000394 secs]2023-01-17T04:43:56.621+0800: 69.688: [class unloading, 0.0138058 secs]2023-01-17T04:43:56.635+0800: 69.702: [scrub symbol table, 0.0052264 secs]2023-01-17T04:43:56.640+0800: 69.707: [scrub string table, 0.0008959 secs][1 CMS-remark: 134143K(134144K)] 212823K(249344K), 0.0517140 secs] [Times: user=0.11 sys=0.00, real=0.05 secs] 
2023-01-17T04:43:56.642+0800: 69.708: [CMS-concurrent-sweep-start]
2023-01-17T04:43:56.660+0800: 69.726: [CMS-concurrent-sweep: 0.018/0.018 secs] [Times: user=0.04 sys=0.01, real=0.02 secs] 
2023-01-17T04:43:56.660+0800: 69.727: [CMS-concurrent-reset-start]
2023-01-17T04:43:56.661+0800: 69.727: [CMS-concurrent-reset: 0.000/0.000 secs] [Times: user=0.00 sys=0.00, real=0.00 secs] 
{Heap before GC invocations=123 (full 199):
 par new generation   total 115200K, used 115200K [0x00000000f0000000, 0x00000000f7d00000, 0x00000000f7d00000)
  eden space 102400K, 100% used [0x00000000f0000000, 0x00000000f6400000, 0x00000000f6400000)
  from space 12800K, 100% used [0x00000000f6400000, 0x00000000f7080000, 0x00000000f7080000)
  to   space 12800K,   0% used [0x00000000f7080000, 0x00000000f7080000, 0x00000000f7d00000)
 concurrent mark-sweep generation total 134144K, used 134143K [0x00000000f7d00000, 0x0000000100000000, 0x0000000100000000)
 Metaspace       used 51867K, capacity 54702K, committed 55296K, reserved 1097728K
  class space    used 6330K, capacity 6825K, committed 6912K, reserved 1048576K
2023-01-17T04:43:56.761+0800: 69.828: [GC (Allocation Failure) 2023-01-17T04:43:56.762+0800: 69.828: [ParNew: 115200K->115200K(115200K), 0.0000268 secs]2023-01-17T04:43:56.762+0800: 69.828: [CMS: 134143K->134143K(134144K), 0.1937274 secs] 249343K->140037K(249344K), [Metaspace: 51867K->51867K(1097728K)], 0.1941584 secs] [Times: user=0.19 sys=0.00, real=0.19 secs] 
Heap after GC invocations=124 (full 200):
 par new generation   total 115200K, used 5893K [0x00000000f0000000, 0x00000000f7d00000, 0x00000000f7d00000)
  eden space 102400K,   5% used [0x00000000f0000000, 0x00000000f05c14b0, 0x00000000f6400000)
  from space 12800K,   0% used [0x00000000f6400000, 0x00000000f6400000, 0x00000000f7080000)
  to   space 12800K,   0% used [0x00000000f7080000, 0x00000000f7080000, 0x00000000f7d00000)
 concurrent mark-sweep generation total 134144K, used 134143K [0x00000000f7d00000, 0x0000000100000000, 0x0000000100000000)
 Metaspace       used 51867K, capacity 54702K, committed 55296K, reserved 1097728K
  class space    used 6330K, capacity 6825K, committed 6912K, reserved 1048576K
}
2023-01-17T04:43:56.961+0800: 70.028: [GC (CMS Initial Mark) [1 CMS-initial-mark: 134143K(134144K)] 140645K(249344K), 0.0075681 secs] [Times: user=0.02 sys=0.00, real=0.00 secs] 
2023-01-17T04:43:56.970+0800: 70.036: [CMS-concurrent-mark-start]
2023-01-17T04:43:57.042+0800: 70.108: [CMS-concurrent-mark: 0.072/0.072 secs] [Times: user=0.20 sys=0.04, real=0.07 secs] 
2023-01-17T04:43:57.042+0800: 70.108: [CMS-concurrent-preclean-start]
2023-01-17T04:43:57.091+0800: 70.157: [CMS-concurrent-preclean: 0.049/0.049 secs] [Times: user=0.15 sys=0.03, real=0.05 secs] 
2023-01-17T04:43:57.091+0800: 70.158: [CMS-concurrent-abortable-preclean-start]
2023-01-17T04:43:57.091+0800: 70.158: [CMS-concurrent-abortable-preclean: 0.000/0.000 secs] [Times: user=0.00 sys=0.00, real=0.00 secs] 
2023-01-17T04:43:57.096+0800: 70.162: [GC (CMS Final Remark) [YG occupancy: 78235 K (115200 K)]2023-01-17T04:43:57.096+0800: 70.162: [Rescan (parallel) , 0.0306397 secs]2023-01-17T04:43:57.127+0800: 70.193: [weak refs processing, 0.0000440 secs]2023-01-17T04:43:57.127+0800: 70.193: [class unloading, 0.0139992 secs]2023-01-17T04:43:57.141+0800: 70.207: [scrub symbol table, 0.0051947 secs]2023-01-17T04:43:57.146+0800: 70.212: [scrub string table, 0.0009008 secs][1 CMS-remark: 134143K(134144K)] 212379K(249344K), 0.0510213 secs] [Times: user=0.11 sys=0.00, real=0.05 secs] 
2023-01-17T04:43:57.147+0800: 70.214: [CMS-concurrent-sweep-start]
2023-01-17T04:43:57.166+0800: 70.233: [CMS-concurrent-sweep: 0.019/0.019 secs] [Times: user=0.06 sys=0.00, real=0.02 secs] 
2023-01-17T04:43:57.167+0800: 70.233: [CMS-concurrent-reset-start]
2023-01-17T04:43:57.167+0800: 70.233: [CMS-concurrent-reset: 0.000/0.000 secs] [Times: user=0.00 sys=0.01, real=0.00 secs] 
{Heap before GC invocations=124 (full 201):
 par new generation   total 115200K, used 115200K [0x00000000f0000000, 0x00000000f7d00000, 0x00000000f7d00000)
  eden space 102400K, 100% used [0x00000000f0000000, 0x00000000f6400000, 0x00000000f6400000)
  from space 12800K, 100% used [0x00000000f6400000, 0x00000000f7080000, 0x00000000f7080000)
  to   space 12800K,   0% used [0x00000000f7080000, 0x00000000f7080000, 0x00000000f7d00000)
 concurrent mark-sweep generation total 134144K, used 134143K [0x00000000f7d00000, 0x0000000100000000, 0x0000000100000000)
 Metaspace       used 51868K, capacity 54702K, committed 55296K, reserved 1097728K
  class space    used 6330K, capacity 6825K, committed 6912K, reserved 1048576K
2023-01-17T04:43:57.269+0800: 70.335: [GC (Allocation Failure) 2023-01-17T04:43:57.269+0800: 70.336: [ParNew: 115200K->115200K(115200K), 0.0000301 secs]2023-01-17T04:43:57.269+0800: 70.336: [CMS: 134143K->134143K(134144K), 0.1970102 secs] 249343K->140027K(249344K), [Metaspace: 51868K->51868K(1097728K)], 0.1974674 secs] [Times: user=0.19 sys=0.00, real=0.20 secs] 
Heap after GC invocations=125 (full 202):
 par new generation   total 115200K, used 5883K [0x00000000f0000000, 0x00000000f7d00000, 0x00000000f7d00000)
  eden space 102400K,   5% used [0x00000000f0000000, 0x00000000f05bec48, 0x00000000f6400000)
  from space 12800K,   0% used [0x00000000f6400000, 0x00000000f6400000, 0x00000000f7080000)
  to   space 12800K,   0% used [0x00000000f7080000, 0x00000000f7080000, 0x00000000f7d00000)
 concurrent mark-sweep generation total 134144K, used 134143K [0x00000000f7d00000, 0x0000000100000000, 0x0000000100000000)
 Metaspace       used 51868K, capacity 54702K, committed 55296K, reserved 1097728K
  class space    used 6330K, capacity 6825K, committed 6912K, reserved 1048576K
}
2023-01-17T04:43:57.473+0800: 70.539: [GC (CMS Initial Mark) [1 CMS-initial-mark: 134143K(134144K)] 141048K(249344K), 0.0067981 secs] [Times: user=0.02 sys=0.00, real=0.01 secs] 
2023-01-17T04:43:57.480+0800: 70.546: [CMS-concurrent-mark-start]
2023-01-17T04:43:57.551+0800: 70.618: [CMS-concurrent-mark: 0.071/0.071 secs] [Times: user=0.25 sys=0.03, real=0.07 secs] 
2023-01-17T04:43:57.551+0800: 70.618: [CMS-concurrent-preclean-start]
2023-01-17T04:43:57.598+0800: 70.664: [CMS-concurrent-preclean: 0.046/0.046 secs] [Times: user=0.16 sys=0.03, real=0.04 secs] 
2023-01-17T04:43:57.598+0800: 70.665: [CMS-concurrent-abortable-preclean-start]
2023-01-17T04:43:57.598+0800: 70.665: [CMS-concurrent-abortable-preclean: 0.000/0.000 secs] [Times: user=0.00 sys=0.00, real=0.00 secs] 
2023-01-17T04:43:57.603+0800: 70.669: [GC (CMS Final Remark) [YG occupancy: 88908 K (115200 K)]2023-01-17T04:43:57.603+0800: 70.669: [Rescan (parallel) , 0.0252154 secs]2023-01-17T04:43:57.628+0800: 70.694: [weak refs processing, 0.0000383 secs]2023-01-17T04:43:57.628+0800: 70.694: [class unloading, 0.0135297 secs]2023-01-17T04:43:57.642+0800: 70.708: [scrub symbol table, 0.0050886 secs]2023-01-17T04:43:57.647+0800: 70.713: [scrub string table, 0.0008747 secs][1 CMS-remark: 134143K(134144K)] 223052K(249344K), 0.0449575 secs] [Times: user=0.12 sys=0.00, real=0.04 secs] 
2023-01-17T04:43:57.649+0800: 70.715: [CMS-concurrent-sweep-start]
2023-01-17T04:43:57.669+0800: 70.735: [CMS-concurrent-sweep: 0.020/0.020 secs] [Times: user=0.06 sys=0.01, real=0.02 secs] 
2023-01-17T04:43:57.669+0800: 70.736: [CMS-concurrent-reset-start]
2023-01-17T04:43:57.670+0800: 70.736: [CMS-concurrent-reset: 0.000/0.000 secs] [Times: user=0.00 sys=0.00, real=0.01 secs] 
{Heap before GC invocations=125 (full 203):
 par new generation   total 115200K, used 115199K [0x00000000f0000000, 0x00000000f7d00000, 0x00000000f7d00000)
  eden space 102400K, 100% used [0x00000000f0000000, 0x00000000f6400000, 0x00000000f6400000)
  from space 12800K,  99% used [0x00000000f6400000, 0x00000000f707fff0, 0x00000000f7080000)
  to   space 12800K,   0% used [0x00000000f7080000, 0x00000000f7080000, 0x00000000f7d00000)
 concurrent mark-sweep generation total 134144K, used 134143K [0x00000000f7d00000, 0x0000000100000000, 0x0000000100000000)
 Metaspace       used 51868K, capacity 54702K, committed 55296K, reserved 1097728K
  class space    used 6330K, capacity 6825K, committed 6912K, reserved 1048576K
2023-01-17T04:43:57.748+0800: 70.814: [GC (Allocation Failure) 2023-01-17T04:43:57.748+0800: 70.814: [ParNew: 115199K->115199K(115200K), 0.0000288 secs]2023-01-17T04:43:57.748+0800: 70.814: [CMS: 134143K->134143K(134144K), 0.2114977 secs] 249343K->140006K(249344K), [Metaspace: 51868K->51868K(1097728K)], 0.2121091 secs] [Times: user=0.21 sys=0.00, real=0.22 secs] 
Heap after GC invocations=126 (full 204):
 par new generation   total 115200K, used 5862K [0x00000000f0000000, 0x00000000f7d00000, 0x00000000f7d00000)
  eden space 102400K,   5% used [0x00000000f0000000, 0x00000000f05b9a30, 0x00000000f6400000)
  from space 12800K,   0% used [0x00000000f6400000, 0x00000000f6400000, 0x00000000f7080000)
  to   space 12800K,   0% used [0x00000000f7080000, 0x00000000f7080000, 0x00000000f7d00000)
 concurrent mark-sweep generation total 134144K, used 134143K [0x00000000f7d00000, 0x0000000100000000, 0x0000000100000000)
 Metaspace       used 51868K, capacity 54702K, committed 55296K, reserved 1097728K
  class space    used 6330K, capacity 6825K, committed 6912K, reserved 1048576K
}
2023-01-17T04:43:57.965+0800: 71.032: [GC (CMS Initial Mark) [1 CMS-initial-mark: 134143K(134144K)] 140163K(249344K), 0.0071882 secs] [Times: user=0.02 sys=0.00, real=0.01 secs] 
2023-01-17T04:43:57.973+0800: 71.039: [CMS-concurrent-mark-start]
2023-01-17T04:43:58.062+0800: 71.129: [CMS-concurrent-mark: 0.089/0.089 secs] [Times: user=0.23 sys=0.05, real=0.09 secs] 
2023-01-17T04:43:58.063+0800: 71.129: [CMS-concurrent-preclean-start]
2023-01-17T04:43:58.112+0800: 71.178: [CMS-concurrent-preclean: 0.049/0.049 secs] [Times: user=0.16 sys=0.03, real=0.05 secs] 
2023-01-17T04:43:58.112+0800: 71.178: [CMS-concurrent-abortable-preclean-start]
2023-01-17T04:43:58.112+0800: 71.178: [CMS-concurrent-abortable-preclean: 0.000/0.000 secs] [Times: user=0.00 sys=0.00, real=0.00 secs] 
2023-01-17T04:43:58.116+0800: 71.183: [GC (CMS Final Remark) [YG occupancy: 90097 K (115200 K)]2023-01-17T04:43:58.116+0800: 71.183: [Rescan (parallel) , 0.0268288 secs]2023-01-17T04:43:58.143+0800: 71.210: [weak refs processing, 0.0000440 secs]2023-01-17T04:43:58.143+0800: 71.210: [class unloading, 0.0136324 secs]2023-01-17T04:43:58.157+0800: 71.223: [scrub symbol table, 0.0049871 secs]2023-01-17T04:43:58.162+0800: 71.228: [scrub string table, 0.0008706 secs][1 CMS-remark: 134143K(134144K)] 224241K(249344K), 0.0466010 secs] [Times: user=0.11 sys=0.00, real=0.05 secs] 
2023-01-17T04:43:58.163+0800: 71.230: [CMS-concurrent-sweep-start]
2023-01-17T04:43:58.182+0800: 71.248: [CMS-concurrent-sweep: 0.018/0.018 secs] [Times: user=0.06 sys=0.02, real=0.02 secs] 
2023-01-17T04:43:58.182+0800: 71.248: [CMS-concurrent-reset-start]
2023-01-17T04:43:58.182+0800: 71.249: [CMS-concurrent-reset: 0.000/0.000 secs] [Times: user=0.00 sys=0.00, real=0.00 secs] 
{Heap before GC invocations=126 (full 205):
 par new generation   total 115200K, used 115200K [0x00000000f0000000, 0x00000000f7d00000, 0x00000000f7d00000)
  eden space 102400K, 100% used [0x00000000f0000000, 0x00000000f6400000, 0x00000000f6400000)
  from space 12800K, 100% used [0x00000000f6400000, 0x00000000f7080000, 0x00000000f7080000)
  to   space 12800K,   0% used [0x00000000f7080000, 0x00000000f7080000, 0x00000000f7d00000)
 concurrent mark-sweep generation total 134144K, used 134143K [0x00000000f7d00000, 0x0000000100000000, 0x0000000100000000)
 Metaspace       used 51868K, capacity 54702K, committed 55296K, reserved 1097728K
  class space    used 6330K, capacity 6825K, committed 6912K, reserved 1048576K
2023-01-17T04:43:58.259+0800: 71.325: [GC (Allocation Failure) 2023-01-17T04:43:58.259+0800: 71.325: [ParNew: 115200K->115200K(115200K), 0.0000275 secs]2023-01-17T04:43:58.259+0800: 71.325: [CMS: 134143K->134143K(134144K), 0.1965972 secs] 249343K->140017K(249344K), [Metaspace: 51868K->51868K(1097728K)], 0.1970452 secs] [Times: user=0.20 sys=0.00, real=0.20 secs] 
Heap after GC invocations=127 (full 206):
 par new generation   total 115200K, used 5873K [0x00000000f0000000, 0x00000000f7d00000, 0x00000000f7d00000)
  eden space 102400K,   5% used [0x00000000f0000000, 0x00000000f05bc7e8, 0x00000000f6400000)
  from space 12800K,   0% used [0x00000000f6400000, 0x00000000f6400000, 0x00000000f7080000)
  to   space 12800K,   0% used [0x00000000f7080000, 0x00000000f7080000, 0x00000000f7d00000)
 concurrent mark-sweep generation total 134144K, used 134143K [0x00000000f7d00000, 0x0000000100000000, 0x0000000100000000)
 Metaspace       used 51868K, capacity 54702K, committed 55296K, reserved 1097728K
  class space    used 6330K, capacity 6825K, committed 6912K, reserved 1048576K
}
2023-01-17T04:43:58.461+0800: 71.527: [GC (CMS Initial Mark) [1 CMS-initial-mark: 134143K(134144K)] 140450K(249344K), 0.0064429 secs] [Times: user=0.02 sys=0.00, real=0.00 secs] 
2023-01-17T04:43:58.468+0800: 71.534: [CMS-concurrent-mark-start]
2023-01-17T04:43:58.553+0800: 71.620: [CMS-concurrent-mark: 0.085/0.085 secs] [Times: user=0.27 sys=0.05, real=0.09 secs] 
2023-01-17T04:43:58.554+0800: 71.620: [CMS-concurrent-preclean-start]
2023-01-17T04:43:58.602+0800: 71.669: [CMS-concurrent-preclean: 0.049/0.049 secs] [Times: user=0.13 sys=0.02, real=0.05 secs] 
2023-01-17T04:43:58.603+0800: 71.669: [CMS-concurrent-abortable-preclean-start]
2023-01-17T04:43:58.603+0800: 71.669: [CMS-concurrent-abortable-preclean: 0.000/0.000 secs] [Times: user=0.00 sys=0.00, real=0.00 secs] 
2023-01-17T04:43:58.612+0800: 71.679: [GC (CMS Final Remark) [YG occupancy: 94546 K (115200 K)]2023-01-17T04:43:58.613+0800: 71.679: [Rescan (parallel) , 0.0356242 secs]2023-01-17T04:43:58.648+0800: 71.715: [weak refs processing, 0.0000585 secs]2023-01-17T04:43:58.648+0800: 71.715: [class unloading, 0.0137153 secs]2023-01-17T04:43:58.662+0800: 71.728: [scrub symbol table, 0.0050539 secs]2023-01-17T04:43:58.667+0800: 71.733: [scrub string table, 0.0008884 secs][1 CMS-remark: 134143K(134144K)] 228690K(249344K), 0.0556094 secs] [Times: user=0.12 sys=0.00, real=0.05 secs] 
2023-01-17T04:43:58.668+0800: 71.735: [CMS-concurrent-sweep-start]
2023-01-17T04:43:58.694+0800: 71.761: [CMS-concurrent-sweep: 0.026/0.026 secs] [Times: user=0.07 sys=0.01, real=0.03 secs] 
2023-01-17T04:43:58.694+0800: 71.761: [CMS-concurrent-reset-start]
2023-01-17T04:43:58.695+0800: 71.761: [CMS-concurrent-reset: 0.000/0.000 secs] [Times: user=0.00 sys=0.00, real=0.00 secs] 
{Heap before GC invocations=127 (full 207):
 par new generation   total 115200K, used 115199K [0x00000000f0000000, 0x00000000f7d00000, 0x00000000f7d00000)
  eden space 102400K, 100% used [0x00000000f0000000, 0x00000000f6400000, 0x00000000f6400000)
  from space 12800K,  99% used [0x00000000f6400000, 0x00000000f707fff0, 0x00000000f7080000)
  to   space 12800K,   0% used [0x00000000f7080000, 0x00000000f7080000, 0x00000000f7d00000)
 concurrent mark-sweep generation total 134144K, used 134143K [0x00000000f7d00000, 0x0000000100000000, 0x0000000100000000)
 Metaspace       used 51870K, capacity 54702K, committed 55296K, reserved 1097728K
  class space    used 6330K, capacity 6825K, committed 6912K, reserved 1048576K
2023-01-17T04:43:58.794+0800: 71.860: [GC (Allocation Failure) 2023-01-17T04:43:58.794+0800: 71.860: [ParNew: 115199K->115199K(115200K), 0.0000277 secs]2023-01-17T04:43:58.794+0800: 71.860: [CMS: 134143K->134143K(134144K), 0.1973103 secs] 249343K->140098K(249344K), [Metaspace: 51870K->51870K(1097728K)], 0.1977582 secs] [Times: user=0.20 sys=0.00, real=0.20 secs] 
Heap after GC invocations=128 (full 208):
 par new generation   total 115200K, used 5954K [0x00000000f0000000, 0x00000000f7d00000, 0x00000000f7d00000)
  eden space 102400K,   5% used [0x00000000f0000000, 0x00000000f05d0b88, 0x00000000f6400000)
  from space 12800K,   0% used [0x00000000f6400000, 0x00000000f6400000, 0x00000000f7080000)
  to   space 12800K,   0% used [0x00000000f7080000, 0x00000000f7080000, 0x00000000f7d00000)
 concurrent mark-sweep generation total 134144K, used 134143K [0x00000000f7d00000, 0x0000000100000000, 0x0000000100000000)
 Metaspace       used 51870K, capacity 54702K, committed 55296K, reserved 1097728K
  class space    used 6330K, capacity 6825K, committed 6912K, reserved 1048576K
}
2023-01-17T04:43:59.015+0800: 72.081: [GC (CMS Initial Mark) [1 CMS-initial-mark: 134143K(134144K)] 142059K(249344K), 0.0111006 secs] [Times: user=0.03 sys=0.00, real=0.01 secs] 
2023-01-17T04:43:59.026+0800: 72.093: [CMS-concurrent-mark-start]
2023-01-17T04:43:59.107+0800: 72.173: [CMS-concurrent-mark: 0.081/0.081 secs] [Times: user=0.23 sys=0.02, real=0.08 secs] 
2023-01-17T04:43:59.107+0800: 72.174: [CMS-concurrent-preclean-start]
2023-01-17T04:43:59.164+0800: 72.230: [CMS-concurrent-preclean: 0.057/0.057 secs] [Times: user=0.15 sys=0.01, real=0.06 secs] 
2023-01-17T04:43:59.164+0800: 72.231: [CMS-concurrent-abortable-preclean-start]
2023-01-17T04:43:59.164+0800: 72.231: [CMS-concurrent-abortable-preclean: 0.000/0.000 secs] [Times: user=0.00 sys=0.00, real=0.00 secs] 
2023-01-17T04:43:59.189+0800: 72.255: [GC (CMS Final Remark) [YG occupancy: 60345 K (115200 K)]2023-01-17T04:43:59.189+0800: 72.255: [Rescan (parallel) , 0.0278634 secs]2023-01-17T04:43:59.217+0800: 72.283: [weak refs processing, 0.0000467 secs]2023-01-17T04:43:59.217+0800: 72.283: [class unloading, 0.0138576 secs]2023-01-17T04:43:59.231+0800: 72.297: [scrub symbol table, 0.0052123 secs]2023-01-17T04:43:59.236+0800: 72.302: [scrub string table, 0.0008837 secs][1 CMS-remark: 134143K(134144K)] 194489K(249344K), 0.0481487 secs] [Times: user=0.15 sys=0.01, real=0.05 secs] 
2023-01-17T04:43:59.237+0800: 72.303: [CMS-concurrent-sweep-start]
2023-01-17T04:43:59.256+0800: 72.322: [CMS-concurrent-sweep: 0.019/0.019 secs] [Times: user=0.07 sys=0.00, real=0.02 secs] 
2023-01-17T04:43:59.256+0800: 72.322: [CMS-concurrent-reset-start]
2023-01-17T04:43:59.256+0800: 72.322: [CMS-concurrent-reset: 0.000/0.000 secs] [Times: user=0.00 sys=0.00, real=0.00 secs] 
{Heap before GC invocations=128 (full 209):
 par new generation   total 115200K, used 115195K [0x00000000f0000000, 0x00000000f7d00000, 0x00000000f7d00000)
  eden space 102400K, 100% used [0x00000000f0000000, 0x00000000f6400000, 0x00000000f6400000)
  from space 12800K,  99% used [0x00000000f6400000, 0x00000000f707edb0, 0x00000000f7080000)
  to   space 12800K,   0% used [0x00000000f7080000, 0x00000000f7080000, 0x00000000f7d00000)
 concurrent mark-sweep generation total 134144K, used 134143K [0x00000000f7d00000, 0x0000000100000000, 0x0000000100000000)
 Metaspace       used 51877K, capacity 54702K, committed 55296K, reserved 1097728K
  class space    used 6330K, capacity 6825K, committed 6912K, reserved 1048576K
2023-01-17T04:43:59.387+0800: 72.453: [GC (Allocation Failure) 2023-01-17T04:43:59.387+0800: 72.453: [ParNew: 115195K->115195K(115200K), 0.0000250 secs]2023-01-17T04:43:59.387+0800: 72.453: [CMS: 134143K->134143K(134144K), 0.2169704 secs] 249339K->140010K(249344K), [Metaspace: 51877K->51877K(1097728K)], 0.2174271 secs] [Times: user=0.25 sys=0.00, real=0.22 secs] 
Heap after GC invocations=129 (full 210):
 par new generation   total 115200K, used 5866K [0x00000000f0000000, 0x00000000f7d00000, 0x00000000f7d00000)
  eden space 102400K,   5% used [0x00000000f0000000, 0x00000000f05babb8, 0x00000000f6400000)
  from space 12800K,   0% used [0x00000000f6400000, 0x00000000f6400000, 0x00000000f7080000)
  to   space 12800K,   0% used [0x00000000f7080000, 0x00000000f7080000, 0x00000000f7d00000)
 concurrent mark-sweep generation total 134144K, used 134143K [0x00000000f7d00000, 0x0000000100000000, 0x0000000100000000)
 Metaspace       used 51877K, capacity 54702K, committed 55296K, reserved 1097728K
  class space    used 6330K, capacity 6825K, committed 6912K, reserved 1048576K
}
2023-01-17T04:43:59.611+0800: 72.677: [GC (CMS Initial Mark) [1 CMS-initial-mark: 134143K(134144K)] 140894K(249344K), 0.0083049 secs] [Times: user=0.03 sys=0.00, real=0.00 secs] 
2023-01-17T04:43:59.619+0800: 72.685: [CMS-concurrent-mark-start]
2023-01-17T04:43:59.691+0800: 72.757: [CMS-concurrent-mark: 0.071/0.071 secs] [Times: user=0.23 sys=0.05, real=0.08 secs] 
2023-01-17T04:43:59.691+0800: 72.757: [CMS-concurrent-preclean-start]
2023-01-17T04:43:59.739+0800: 72.806: [CMS-concurrent-preclean: 0.048/0.048 secs] [Times: user=0.18 sys=0.01, real=0.04 secs] 
2023-01-17T04:43:59.739+0800: 72.806: [CMS-concurrent-abortable-preclean-start]
2023-01-17T04:43:59.739+0800: 72.806: [CMS-concurrent-abortable-preclean: 0.000/0.000 secs] [Times: user=0.00 sys=0.00, real=0.00 secs] 
2023-01-17T04:43:59.756+0800: 72.822: [GC (CMS Final Remark) [YG occupancy: 78012 K (115200 K)]2023-01-17T04:43:59.756+0800: 72.822: [Rescan (parallel) , 0.0263744 secs]2023-01-17T04:43:59.782+0800: 72.849: [weak refs processing, 0.0000463 secs]2023-01-17T04:43:59.782+0800: 72.849: [class unloading, 0.0142673 secs]2023-01-17T04:43:59.797+0800: 72.863: [scrub symbol table, 0.0052067 secs]2023-01-17T04:43:59.802+0800: 72.868: [scrub string table, 0.0009490 secs][1 CMS-remark: 134143K(134144K)] 212156K(249344K), 0.0471056 secs] [Times: user=0.14 sys=0.00, real=0.05 secs] 
2023-01-17T04:43:59.804+0800: 72.870: [CMS-concurrent-sweep-start]
2023-01-17T04:43:59.823+0800: 72.889: [CMS-concurrent-sweep: 0.019/0.019 secs] [Times: user=0.06 sys=0.01, real=0.02 secs] 
2023-01-17T04:43:59.823+0800: 72.889: [CMS-concurrent-reset-start]
2023-01-17T04:43:59.823+0800: 72.889: [CMS-concurrent-reset: 0.000/0.000 secs] [Times: user=0.00 sys=0.00, real=0.00 secs] 
{Heap before GC invocations=129 (full 211):
 par new generation   total 115200K, used 115200K [0x00000000f0000000, 0x00000000f7d00000, 0x00000000f7d00000)
  eden space 102400K, 100% used [0x00000000f0000000, 0x00000000f6400000, 0x00000000f6400000)
  from space 12800K, 100% used [0x00000000f6400000, 0x00000000f7080000, 0x00000000f7080000)
  to   space 12800K,   0% used [0x00000000f7080000, 0x00000000f7080000, 0x00000000f7d00000)
 concurrent mark-sweep generation total 134144K, used 134143K [0x00000000f7d00000, 0x0000000100000000, 0x0000000100000000)
 Metaspace       used 51877K, capacity 54702K, committed 55296K, reserved 1097728K
  class space    used 6330K, capacity 6825K, committed 6912K, reserved 1048576K
2023-01-17T04:43:59.932+0800: 72.998: [GC (Allocation Failure) 2023-01-17T04:43:59.932+0800: 72.999: [ParNew: 115200K->115200K(115200K), 0.0000264 secs]2023-01-17T04:43:59.932+0800: 72.999: [CMS: 134143K->134143K(134144K), 0.1996836 secs] 249343K->140036K(249344K), [Metaspace: 51877K->51877K(1097728K)], 0.2001396 secs] [Times: user=0.31 sys=0.00, real=0.20 secs] 
Heap after GC invocations=130 (full 212):
 par new generation   total 115200K, used 5892K [0x00000000f0000000, 0x00000000f7d00000, 0x00000000f7d00000)
  eden space 102400K,   5% used [0x00000000f0000000, 0x00000000f05c12c8, 0x00000000f6400000)
  from space 12800K,   0% used [0x00000000f6400000, 0x00000000f6400000, 0x00000000f7080000)
  to   space 12800K,   0% used [0x00000000f7080000, 0x00000000f7080000, 0x00000000f7d00000)
 concurrent mark-sweep generation total 134144K, used 134143K [0x00000000f7d00000, 0x0000000100000000, 0x0000000100000000)
 Metaspace       used 51877K, capacity 54702K, committed 55296K, reserved 1097728K
  class space    used 6330K, capacity 6825K, committed 6912K, reserved 1048576K
}
2023-01-17T04:44:00.139+0800: 73.205: [GC (CMS Initial Mark) [1 CMS-initial-mark: 134143K(134144K)] 140503K(249344K), 0.0113917 secs] [Times: user=0.03 sys=0.00, real=0.02 secs] 
2023-01-17T04:44:00.151+0800: 73.217: [CMS-concurrent-mark-start]
2023-01-17T04:44:00.349+0800: 73.416: [CMS-concurrent-mark: 0.199/0.199 secs] [Times: user=0.44 sys=0.08, real=0.19 secs] 
2023-01-17T04:44:00.350+0800: 73.416: [CMS-concurrent-preclean-start]
2023-01-17T04:44:00.414+0800: 73.480: [CMS-concurrent-preclean: 0.064/0.064 secs] [Times: user=0.18 sys=0.01, real=0.06 secs] 
2023-01-17T04:44:00.414+0800: 73.481: [CMS-concurrent-abortable-preclean-start]
2023-01-17T04:44:00.414+0800: 73.481: [CMS-concurrent-abortable-preclean: 0.000/0.000 secs] [Times: user=0.00 sys=0.00, real=0.00 secs] 
2023-01-17T04:44:00.420+0800: 73.487: [GC (CMS Final Remark) [YG occupancy: 105977 K (115200 K)]2023-01-17T04:44:00.421+0800: 73.487: [Rescan (parallel) , 0.0608459 secs]2023-01-17T04:44:00.481+0800: 73.548: [weak refs processing, 0.0000680 secs]2023-01-17T04:44:00.482+0800: 73.548: [class unloading, 0.0145341 secs]2023-01-17T04:44:00.496+0800: 73.562: [scrub symbol table, 0.0052887 secs]2023-01-17T04:44:00.501+0800: 73.568: [scrub string table, 0.0009065 secs][1 CMS-remark: 134143K(134144K)] 240121K(249344K), 0.0819506 secs] [Times: user=0.22 sys=0.00, real=0.08 secs] 
2023-01-17T04:44:00.503+0800: 73.570: [CMS-concurrent-sweep-start]
2023-01-17T04:44:00.525+0800: 73.591: [CMS-concurrent-sweep: 0.022/0.022 secs] [Times: user=0.07 sys=0.00, real=0.02 secs] 
2023-01-17T04:44:00.526+0800: 73.592: [CMS-concurrent-reset-start]
2023-01-17T04:44:00.526+0800: 73.592: [CMS-concurrent-reset: 0.000/0.000 secs] [Times: user=0.00 sys=0.00, real=0.00 secs] 
{Heap before GC invocations=130 (full 213):
 par new generation   total 115200K, used 115199K [0x00000000f0000000, 0x00000000f7d00000, 0x00000000f7d00000)
  eden space 102400K, 100% used [0x00000000f0000000, 0x00000000f6400000, 0x00000000f6400000)
  from space 12800K,  99% used [0x00000000f6400000, 0x00000000f707ffe8, 0x00000000f7080000)
  to   space 12800K,   0% used [0x00000000f7080000, 0x00000000f7080000, 0x00000000f7d00000)
 concurrent mark-sweep generation total 134144K, used 134143K [0x00000000f7d00000, 0x0000000100000000, 0x0000000100000000)
 Metaspace       used 51877K, capacity 54702K, committed 55296K, reserved 1097728K
  class space    used 6330K, capacity 6825K, committed 6912K, reserved 1048576K
2023-01-17T04:44:00.571+0800: 73.638: [GC (Allocation Failure) 2023-01-17T04:44:00.571+0800: 73.638: [ParNew: 115199K->115199K(115200K), 0.0000377 secs]2023-01-17T04:44:00.572+0800: 73.638: [CMS: 134143K->134143K(134144K), 0.1995388 secs] 249343K->140051K(249344K), [Metaspace: 51877K->51877K(1097728K)], 0.1999974 secs] [Times: user=0.24 sys=0.00, real=0.20 secs] 
Heap after GC invocations=131 (full 214):
 par new generation   total 115200K, used 5907K [0x00000000f0000000, 0x00000000f7d00000, 0x00000000f7d00000)
  eden space 102400K,   5% used [0x00000000f0000000, 0x00000000f05c4e70, 0x00000000f6400000)
  from space 12800K,   0% used [0x00000000f6400000, 0x00000000f6400000, 0x00000000f7080000)
  to   space 12800K,   0% used [0x00000000f7080000, 0x00000000f7080000, 0x00000000f7d00000)
 concurrent mark-sweep generation total 134144K, used 134143K [0x00000000f7d00000, 0x0000000100000000, 0x0000000100000000)
 Metaspace       used 51877K, capacity 54702K, committed 55296K, reserved 1097728K
  class space    used 6330K, capacity 6825K, committed 6912K, reserved 1048576K
}
2023-01-17T04:44:00.778+0800: 73.844: [GC (CMS Initial Mark) [1 CMS-initial-mark: 134143K(134144K)] 140759K(249344K), 0.0064907 secs] [Times: user=0.03 sys=0.00, real=0.01 secs] 
2023-01-17T04:44:00.785+0800: 73.851: [CMS-concurrent-mark-start]
2023-01-17T04:44:00.897+0800: 73.963: [CMS-concurrent-mark: 0.112/0.112 secs] [Times: user=0.32 sys=0.09, real=0.11 secs] 
2023-01-17T04:44:00.897+0800: 73.964: [CMS-concurrent-preclean-start]
2023-01-17T04:44:00.969+0800: 74.035: [CMS-concurrent-preclean: 0.071/0.071 secs] [Times: user=0.22 sys=0.02, real=0.07 secs] 
2023-01-17T04:44:00.969+0800: 74.035: [CMS-concurrent-abortable-preclean-start]
2023-01-17T04:44:00.969+0800: 74.035: [CMS-concurrent-abortable-preclean: 0.000/0.000 secs] [Times: user=0.00 sys=0.00, real=0.00 secs] 
2023-01-17T04:44:00.976+0800: 74.042: [GC (CMS Final Remark) [YG occupancy: 108443 K (115200 K)]2023-01-17T04:44:00.976+0800: 74.042: [Rescan (parallel) , 0.0418976 secs]2023-01-17T04:44:01.018+0800: 74.084: [weak refs processing, 0.0000454 secs]2023-01-17T04:44:01.018+0800: 74.084: [class unloading, 0.0147099 secs]2023-01-17T04:44:01.033+0800: 74.099: [scrub symbol table, 0.0050970 secs]2023-01-17T04:44:01.038+0800: 74.104: [scrub string table, 0.0008905 secs][1 CMS-remark: 134143K(134144K)] 242587K(249344K), 0.0629361 secs] [Times: user=0.14 sys=0.00, real=0.06 secs] 
2023-01-17T04:44:01.040+0800: 74.106: [CMS-concurrent-sweep-start]
2023-01-17T04:44:01.062+0800: 74.128: [CMS-concurrent-sweep: 0.021/0.021 secs] [Times: user=0.07 sys=0.00, real=0.02 secs] 
2023-01-17T04:44:01.062+0800: 74.128: [CMS-concurrent-reset-start]
2023-01-17T04:44:01.063+0800: 74.129: [CMS-concurrent-reset: 0.001/0.001 secs] [Times: user=0.00 sys=0.00, real=0.00 secs] 
{Heap before GC invocations=131 (full 215):
 par new generation   total 115200K, used 115199K [0x00000000f0000000, 0x00000000f7d00000, 0x00000000f7d00000)
  eden space 102400K, 100% used [0x00000000f0000000, 0x00000000f6400000, 0x00000000f6400000)
  from space 12800K,  99% used [0x00000000f6400000, 0x00000000f707fff0, 0x00000000f7080000)
  to   space 12800K,   0% used [0x00000000f7080000, 0x00000000f7080000, 0x00000000f7d00000)
 concurrent mark-sweep generation total 134144K, used 134143K [0x00000000f7d00000, 0x0000000100000000, 0x0000000100000000)
 Metaspace       used 51877K, capacity 54702K, committed 55296K, reserved 1097728K
  class space    used 6330K, capacity 6825K, committed 6912K, reserved 1048576K
2023-01-17T04:44:01.089+0800: 74.156: [GC (Allocation Failure) 2023-01-17T04:44:01.090+0800: 74.156: [ParNew: 115199K->115199K(115200K), 0.0000319 secs]2023-01-17T04:44:01.090+0800: 74.156: [CMS: 134143K->134143K(134144K), 0.2127581 secs] 249343K->140054K(249344K), [Metaspace: 51877K->51877K(1097728K)], 0.2132675 secs] [Times: user=0.21 sys=0.00, real=0.22 secs] 
Heap after GC invocations=132 (full 216):
 par new generation   total 115200K, used 5910K [0x00000000f0000000, 0x00000000f7d00000, 0x00000000f7d00000)
  eden space 102400K,   5% used [0x00000000f0000000, 0x00000000f05c5940, 0x00000000f6400000)
  from space 12800K,   0% used [0x00000000f6400000, 0x00000000f6400000, 0x00000000f7080000)
  to   space 12800K,   0% used [0x00000000f7080000, 0x00000000f7080000, 0x00000000f7d00000)
 concurrent mark-sweep generation total 134144K, used 134143K [0x00000000f7d00000, 0x0000000100000000, 0x0000000100000000)
 Metaspace       used 51877K, capacity 54702K, committed 55296K, reserved 1097728K
  class space    used 6330K, capacity 6825K, committed 6912K, reserved 1048576K
}
2023-01-17T04:44:01.310+0800: 74.376: [GC (CMS Initial Mark) [1 CMS-initial-mark: 134143K(134144K)] 141519K(249344K), 0.0070673 secs] [Times: user=0.02 sys=0.00, real=0.00 secs] 
2023-01-17T04:44:01.318+0800: 74.384: [CMS-concurrent-mark-start]
2023-01-17T04:44:01.388+0800: 74.454: [CMS-concurrent-mark: 0.070/0.070 secs] [Times: user=0.22 sys=0.05, real=0.07 secs] 
2023-01-17T04:44:01.388+0800: 74.454: [CMS-concurrent-preclean-start]
2023-01-17T04:44:01.435+0800: 74.501: [CMS-concurrent-preclean: 0.047/0.047 secs] [Times: user=0.17 sys=0.02, real=0.05 secs] 
2023-01-17T04:44:01.435+0800: 74.502: [CMS-concurrent-abortable-preclean-start]
2023-01-17T04:44:01.435+0800: 74.502: [CMS-concurrent-abortable-preclean: 0.000/0.000 secs] [Times: user=0.00 sys=0.00, real=0.00 secs] 
2023-01-17T04:44:01.444+0800: 74.510: [GC (CMS Final Remark) [YG occupancy: 86436 K (115200 K)]2023-01-17T04:44:01.444+0800: 74.510: [Rescan (parallel) , 0.0247937 secs]2023-01-17T04:44:01.469+0800: 74.535: [weak refs processing, 0.0000470 secs]2023-01-17T04:44:01.469+0800: 74.535: [class unloading, 0.0144844 secs]2023-01-17T04:44:01.483+0800: 74.550: [scrub symbol table, 0.0051611 secs]2023-01-17T04:44:01.488+0800: 74.555: [scrub string table, 0.0009502 secs][1 CMS-remark: 134143K(134144K)] 220580K(249344K), 0.0457126 secs] [Times: user=0.11 sys=0.00, real=0.05 secs] 
2023-01-17T04:44:01.490+0800: 74.556: [CMS-concurrent-sweep-start]
2023-01-17T04:44:01.511+0800: 74.577: [CMS-concurrent-sweep: 0.021/0.021 secs] [Times: user=0.08 sys=0.00, real=0.02 secs] 
2023-01-17T04:44:01.511+0800: 74.578: [CMS-concurrent-reset-start]
2023-01-17T04:44:01.511+0800: 74.578: [CMS-concurrent-reset: 0.000/0.000 secs] [Times: user=0.00 sys=0.01, real=0.00 secs] 
{Heap before GC invocations=132 (full 217):
 par new generation   total 115200K, used 115200K [0x00000000f0000000, 0x00000000f7d00000, 0x00000000f7d00000)
  eden space 102400K, 100% used [0x00000000f0000000, 0x00000000f6400000, 0x00000000f6400000)
  from space 12800K, 100% used [0x00000000f6400000, 0x00000000f7080000, 0x00000000f7080000)
  to   space 12800K,   0% used [0x00000000f7080000, 0x00000000f7080000, 0x00000000f7d00000)
 concurrent mark-sweep generation total 134144K, used 134143K [0x00000000f7d00000, 0x0000000100000000, 0x0000000100000000)
 Metaspace       used 51878K, capacity 54702K, committed 55296K, reserved 1097728K
  class space    used 6330K, capacity 6825K, committed 6912K, reserved 1048576K
2023-01-17T04:44:01.622+0800: 74.688: [GC (Allocation Failure) 2023-01-17T04:44:01.622+0800: 74.688: [ParNew: 115200K->115200K(115200K), 0.0000281 secs]2023-01-17T04:44:01.622+0800: 74.688: [CMS: 134143K->134143K(134144K), 0.2638079 secs] 249343K->140009K(249344K), [Metaspace: 51878K->51878K(1097728K)], 0.2643095 secs] [Times: user=0.26 sys=0.00, real=0.26 secs] 
Heap after GC invocations=133 (full 218):
 par new generation   total 115200K, used 5865K [0x00000000f0000000, 0x00000000f7d00000, 0x00000000f7d00000)
  eden space 102400K,   5% used [0x00000000f0000000, 0x00000000f05ba718, 0x00000000f6400000)
  from space 12800K,   0% used [0x00000000f6400000, 0x00000000f6400000, 0x00000000f7080000)
  to   space 12800K,   0% used [0x00000000f7080000, 0x00000000f7080000, 0x00000000f7d00000)
 concurrent mark-sweep generation total 134144K, used 134143K [0x00000000f7d00000, 0x0000000100000000, 0x0000000100000000)
 Metaspace       used 51878K, capacity 54702K, committed 55296K, reserved 1097728K
  class space    used 6330K, capacity 6825K, committed 6912K, reserved 1048576K
}
2023-01-17T04:44:01.894+0800: 74.960: [GC (CMS Initial Mark) [1 CMS-initial-mark: 134143K(134144K)] 140965K(249344K), 0.0090605 secs] [Times: user=0.02 sys=0.00, real=0.01 secs] 
2023-01-17T04:44:01.903+0800: 74.969: [CMS-concurrent-mark-start]
2023-01-17T04:44:01.987+0800: 75.053: [CMS-concurrent-mark: 0.084/0.084 secs] [Times: user=0.28 sys=0.03, real=0.08 secs] 
2023-01-17T04:44:01.987+0800: 75.053: [CMS-concurrent-preclean-start]
2023-01-17T04:44:02.036+0800: 75.102: [CMS-concurrent-preclean: 0.049/0.049 secs] [Times: user=0.17 sys=0.02, real=0.05 secs] 
2023-01-17T04:44:02.036+0800: 75.103: [CMS-concurrent-abortable-preclean-start]
2023-01-17T04:44:02.036+0800: 75.103: [CMS-concurrent-abortable-preclean: 0.000/0.000 secs] [Times: user=0.00 sys=0.00, real=0.00 secs] 
2023-01-17T04:44:02.042+0800: 75.109: [GC (CMS Final Remark) [YG occupancy: 86895 K (115200 K)]2023-01-17T04:44:02.042+0800: 75.109: [Rescan (parallel) , 0.0249815 secs]2023-01-17T04:44:02.067+0800: 75.134: [weak refs processing, 0.0000481 secs]2023-01-17T04:44:02.067+0800: 75.134: [class unloading, 0.0140139 secs]2023-01-17T04:44:02.081+0800: 75.148: [scrub symbol table, 0.0053357 secs]2023-01-17T04:44:02.087+0800: 75.153: [scrub string table, 0.0008858 secs][1 CMS-remark: 134143K(134144K)] 221039K(249344K), 0.0455233 secs] [Times: user=0.12 sys=0.00, real=0.04 secs] 
2023-01-17T04:44:02.089+0800: 75.155: [CMS-concurrent-sweep-start]
2023-01-17T04:44:02.108+0800: 75.174: [CMS-concurrent-sweep: 0.019/0.019 secs] [Times: user=0.06 sys=0.01, real=0.02 secs] 
2023-01-17T04:44:02.109+0800: 75.175: [CMS-concurrent-reset-start]
2023-01-17T04:44:02.109+0800: 75.175: [CMS-concurrent-reset: 0.000/0.000 secs] [Times: user=0.00 sys=0.00, real=0.00 secs] 
{Heap before GC invocations=133 (full 219):
 par new generation   total 115200K, used 115197K [0x00000000f0000000, 0x00000000f7d00000, 0x00000000f7d00000)
  eden space 102400K, 100% used [0x00000000f0000000, 0x00000000f6400000, 0x00000000f6400000)
  from space 12800K,  99% used [0x00000000f6400000, 0x00000000f707f748, 0x00000000f7080000)
  to   space 12800K,   0% used [0x00000000f7080000, 0x00000000f7080000, 0x00000000f7d00000)
 concurrent mark-sweep generation total 134144K, used 134143K [0x00000000f7d00000, 0x0000000100000000, 0x0000000100000000)
 Metaspace       used 51878K, capacity 54702K, committed 55296K, reserved 1097728K
  class space    used 6330K, capacity 6825K, committed 6912K, reserved 1048576K
2023-01-17T04:44:02.188+0800: 75.255: [GC (Allocation Failure) 2023-01-17T04:44:02.188+0800: 75.255: [ParNew: 115197K->115197K(115200K), 0.0000296 secs]2023-01-17T04:44:02.188+0800: 75.255: [CMS: 134143K->134143K(134144K), 0.2141693 secs] 249341K->140088K(249344K), [Metaspace: 51878K->51878K(1097728K)], 0.2146327 secs] [Times: user=0.21 sys=0.00, real=0.22 secs] 
Heap after GC invocations=134 (full 220):
 par new generation   total 115200K, used 5944K [0x00000000f0000000, 0x00000000f7d00000, 0x00000000f7d00000)
  eden space 102400K,   5% used [0x00000000f0000000, 0x00000000f05ce3b8, 0x00000000f6400000)
  from space 12800K,   0% used [0x00000000f6400000, 0x00000000f6400000, 0x00000000f7080000)
  to   space 12800K,   0% used [0x00000000f7080000, 0x00000000f7080000, 0x00000000f7d00000)
 concurrent mark-sweep generation total 134144K, used 134143K [0x00000000f7d00000, 0x0000000100000000, 0x0000000100000000)
 Metaspace       used 51878K, capacity 54702K, committed 55296K, reserved 1097728K
  class space    used 6330K, capacity 6825K, committed 6912K, reserved 1048576K
}
2023-01-17T04:44:02.413+0800: 75.479: [GC (CMS Initial Mark) [1 CMS-initial-mark: 134143K(134144K)] 143653K(249344K), 0.0070209 secs] [Times: user=0.03 sys=0.00, real=0.01 secs] 
2023-01-17T04:44:02.420+0800: 75.487: [CMS-concurrent-mark-start]
2023-01-17T04:44:02.593+0800: 75.660: [CMS-concurrent-mark: 0.173/0.173 secs] [Times: user=0.45 sys=0.06, real=0.17 secs] 
2023-01-17T04:44:02.593+0800: 75.660: [CMS-concurrent-preclean-start]
{Heap before GC invocations=134 (full 221):
 par new generation   total 115200K, used 115199K [0x00000000f0000000, 0x00000000f7d00000, 0x00000000f7d00000)
  eden space 102400K, 100% used [0x00000000f0000000, 0x00000000f6400000, 0x00000000f6400000)
  from space 12800K,  99% used [0x00000000f6400000, 0x00000000f707fff8, 0x00000000f7080000)
  to   space 12800K,   0% used [0x00000000f7080000, 0x00000000f7080000, 0x00000000f7d00000)
 concurrent mark-sweep generation total 134144K, used 134143K [0x00000000f7d00000, 0x0000000100000000, 0x0000000100000000)
 Metaspace       used 51882K, capacity 54766K, committed 55296K, reserved 1097728K
  class space    used 6330K, capacity 6825K, committed 6912K, reserved 1048576K
2023-01-17T04:44:02.657+0800: 75.724: [Full GC (Allocation Failure) 2023-01-17T04:44:02.658+0800: 75.724: [CMS2023-01-17T04:44:02.695+0800: 75.761: [CMS-concurrent-preclean: 0.071/0.101 secs] [Times: user=0.20 sys=0.01, real=0.10 secs] 
 (concurrent mode failure): 134143K->134144K(134144K), 0.2243299 secs] 249343K->140015K(249344K), [Metaspace: 51882K->51882K(1097728K)], 0.2247567 secs] [Times: user=0.22 sys=0.00, real=0.23 secs] 
Heap after GC invocations=135 (full 222):
 par new generation   total 115200K, used 5871K [0x00000000f0000000, 0x00000000f7d00000, 0x00000000f7d00000)
  eden space 102400K,   5% used [0x00000000f0000000, 0x00000000f05bbd68, 0x00000000f6400000)
  from space 12800K,   0% used [0x00000000f6400000, 0x00000000f6400000, 0x00000000f7080000)
  to   space 12800K,   0% used [0x00000000f7080000, 0x00000000f7080000, 0x00000000f7d00000)
 concurrent mark-sweep generation total 134144K, used 134144K [0x00000000f7d00000, 0x0000000100000000, 0x0000000100000000)
 Metaspace       used 51882K, capacity 54766K, committed 55296K, reserved 1097728K
  class space    used 6330K, capacity 6825K, committed 6912K, reserved 1048576K
}
{Heap before GC invocations=135 (full 222):
 par new generation   total 115200K, used 115199K [0x00000000f0000000, 0x00000000f7d00000, 0x00000000f7d00000)
  eden space 102400K, 100% used [0x00000000f0000000, 0x00000000f6400000, 0x00000000f6400000)
  from space 12800K,  99% used [0x00000000f6400000, 0x00000000f707fff8, 0x00000000f7080000)
  to   space 12800K,   0% used [0x00000000f7080000, 0x00000000f7080000, 0x00000000f7d00000)
 concurrent mark-sweep generation total 134144K, used 134144K [0x00000000f7d00000, 0x0000000100000000, 0x0000000100000000)
 Metaspace       used 51882K, capacity 54766K, committed 55296K, reserved 1097728K
  class space    used 6330K, capacity 6825K, committed 6912K, reserved 1048576K
2023-01-17T04:44:03.103+0800: 76.169: [Full GC (Allocation Failure) 2023-01-17T04:44:03.103+0800: 76.169: [CMS: 134144K->134143K(134144K), 0.2153578 secs] 249343K->140025K(249344K), [Metaspace: 51882K->51882K(1097728K)], 0.2157894 secs] [Times: user=0.22 sys=0.00, real=0.21 secs] 
Heap after GC invocations=136 (full 223):
 par new generation   total 115200K, used 5881K [0x00000000f0000000, 0x00000000f7d00000, 0x00000000f7d00000)
  eden space 102400K,   5% used [0x00000000f0000000, 0x00000000f05be438, 0x00000000f6400000)
  from space 12800K,   0% used [0x00000000f6400000, 0x00000000f6400000, 0x00000000f7080000)
  to   space 12800K,   0% used [0x00000000f7080000, 0x00000000f7080000, 0x00000000f7d00000)
 concurrent mark-sweep generation total 134144K, used 134143K [0x00000000f7d00000, 0x0000000100000000, 0x0000000100000000)
 Metaspace       used 51882K, capacity 54766K, committed 55296K, reserved 1097728K
  class space    used 6330K, capacity 6825K, committed 6912K, reserved 1048576K
}
2023-01-17T04:44:03.324+0800: 76.390: [GC (CMS Initial Mark) [1 CMS-initial-mark: 134143K(134144K)] 140105K(249344K), 0.0074968 secs] [Times: user=0.02 sys=0.00, real=0.01 secs] 
2023-01-17T04:44:03.332+0800: 76.398: [CMS-concurrent-mark-start]
2023-01-17T04:44:03.412+0800: 76.478: [CMS-concurrent-mark: 0.080/0.080 secs] [Times: user=0.21 sys=0.02, real=0.08 secs] 
2023-01-17T04:44:03.412+0800: 76.478: [CMS-concurrent-preclean-start]
2023-01-17T04:44:03.459+0800: 76.525: [CMS-concurrent-preclean: 0.047/0.047 secs] [Times: user=0.13 sys=0.02, real=0.04 secs] 
2023-01-17T04:44:03.459+0800: 76.525: [CMS-concurrent-abortable-preclean-start]
2023-01-17T04:44:03.459+0800: 76.525: [CMS-concurrent-abortable-preclean: 0.000/0.000 secs] [Times: user=0.00 sys=0.00, real=0.00 secs] 
2023-01-17T04:44:03.465+0800: 76.531: [GC (CMS Final Remark) [YG occupancy: 68242 K (115200 K)]2023-01-17T04:44:03.465+0800: 76.531: [Rescan (parallel) , 0.0206819 secs]2023-01-17T04:44:03.486+0800: 76.552: [weak refs processing, 0.0000398 secs]2023-01-17T04:44:03.486+0800: 76.552: [class unloading, 0.0137306 secs]2023-01-17T04:44:03.499+0800: 76.566: [scrub symbol table, 0.0051316 secs]2023-01-17T04:44:03.504+0800: 76.571: [scrub string table, 0.0008655 secs][1 CMS-remark: 134143K(134144K)] 202386K(249344K), 0.0406955 secs] [Times: user=0.10 sys=0.00, real=0.04 secs] 
2023-01-17T04:44:03.506+0800: 76.572: [CMS-concurrent-sweep-start]
2023-01-17T04:44:03.524+0800: 76.591: [CMS-concurrent-sweep: 0.019/0.019 secs] [Times: user=0.06 sys=0.01, real=0.02 secs] 
2023-01-17T04:44:03.525+0800: 76.591: [CMS-concurrent-reset-start]
2023-01-17T04:44:03.525+0800: 76.591: [CMS-concurrent-reset: 0.000/0.000 secs] [Times: user=0.00 sys=0.00, real=0.00 secs] 
{Heap before GC invocations=136 (full 224):
 par new generation   total 115200K, used 115200K [0x00000000f0000000, 0x00000000f7d00000, 0x00000000f7d00000)
  eden space 102400K, 100% used [0x00000000f0000000, 0x00000000f6400000, 0x00000000f6400000)
  from space 12800K, 100% used [0x00000000f6400000, 0x00000000f7080000, 0x00000000f7080000)
  to   space 12800K,   0% used [0x00000000f7080000, 0x00000000f7080000, 0x00000000f7d00000)
 concurrent mark-sweep generation total 134144K, used 134143K [0x00000000f7d00000, 0x0000000100000000, 0x0000000100000000)
 Metaspace       used 51882K, capacity 54766K, committed 55296K, reserved 1097728K
  class space    used 6330K, capacity 6825K, committed 6912K, reserved 1048576K
2023-01-17T04:44:03.629+0800: 76.695: [GC (Allocation Failure) 2023-01-17T04:44:03.629+0800: 76.695: [ParNew: 115200K->115200K(115200K), 0.0000262 secs]2023-01-17T04:44:03.629+0800: 76.695: [CMS: 134143K->134144K(134144K), 0.2037588 secs] 249343K->140043K(249344K), [Metaspace: 51882K->51882K(1097728K)], 0.2041762 secs] [Times: user=0.20 sys=0.00, real=0.21 secs] 
Heap after GC invocations=137 (full 225):
 par new generation   total 115200K, used 5899K [0x00000000f0000000, 0x00000000f7d00000, 0x00000000f7d00000)
  eden space 102400K,   5% used [0x00000000f0000000, 0x00000000f05c2f40, 0x00000000f6400000)
  from space 12800K,   0% used [0x00000000f6400000, 0x00000000f6400000, 0x00000000f7080000)
  to   space 12800K,   0% used [0x00000000f7080000, 0x00000000f7080000, 0x00000000f7d00000)
 concurrent mark-sweep generation total 134144K, used 134144K [0x00000000f7d00000, 0x0000000100000000, 0x0000000100000000)
 Metaspace       used 51882K, capacity 54766K, committed 55296K, reserved 1097728K
  class space    used 6330K, capacity 6825K, committed 6912K, reserved 1048576K
}
2023-01-17T04:44:03.839+0800: 76.905: [GC (CMS Initial Mark) [1 CMS-initial-mark: 134144K(134144K)] 141025K(249344K), 0.0063483 secs] [Times: user=0.02 sys=0.00, real=0.01 secs] 
2023-01-17T04:44:03.846+0800: 76.912: [CMS-concurrent-mark-start]
2023-01-17T04:44:03.917+0800: 76.984: [CMS-concurrent-mark: 0.072/0.072 secs] [Times: user=0.25 sys=0.03, real=0.07 secs] 
2023-01-17T04:44:03.918+0800: 76.984: [CMS-concurrent-preclean-start]
2023-01-17T04:44:03.999+0800: 77.065: [CMS-concurrent-preclean: 0.081/0.081 secs] [Times: user=0.23 sys=0.05, real=0.08 secs] 
2023-01-17T04:44:03.999+0800: 77.065: [CMS-concurrent-abortable-preclean-start]
2023-01-17T04:44:03.999+0800: 77.065: [CMS-concurrent-abortable-preclean: 0.000/0.000 secs] [Times: user=0.00 sys=0.00, real=0.00 secs] 
2023-01-17T04:44:04.004+0800: 77.070: [GC (CMS Final Remark) [YG occupancy: 104874 K (115200 K)]2023-01-17T04:44:04.004+0800: 77.070: [Rescan (parallel) , 0.0437731 secs]2023-01-17T04:44:04.048+0800: 77.114: [weak refs processing, 0.0000744 secs]2023-01-17T04:44:04.048+0800: 77.114: [class unloading, 0.0204652 secs]2023-01-17T04:44:04.068+0800: 77.135: [scrub symbol table, 0.0078584 secs]2023-01-17T04:44:04.076+0800: 77.142: [scrub string table, 0.0012598 secs][1 CMS-remark: 134144K(134144K)] 239018K(249344K), 0.0737257 secs] [Times: user=0.15 sys=0.00, real=0.07 secs] 
2023-01-17T04:44:04.078+0800: 77.144: [CMS-concurrent-sweep-start]
2023-01-17T04:44:04.099+0800: 77.166: [CMS-concurrent-sweep: 0.021/0.021 secs] [Times: user=0.04 sys=0.00, real=0.03 secs] 
2023-01-17T04:44:04.102+0800: 77.168: [CMS-concurrent-reset-start]
2023-01-17T04:44:04.102+0800: 77.168: [CMS-concurrent-reset: 0.000/0.000 secs] [Times: user=0.00 sys=0.00, real=0.00 secs] 
{Heap before GC invocations=137 (full 226):
 par new generation   total 115200K, used 115199K [0x00000000f0000000, 0x00000000f7d00000, 0x00000000f7d00000)
  eden space 102400K, 100% used [0x00000000f0000000, 0x00000000f6400000, 0x00000000f6400000)
  from space 12800K,  99% used [0x00000000f6400000, 0x00000000f707fff0, 0x00000000f7080000)
  to   space 12800K,   0% used [0x00000000f7080000, 0x00000000f7080000, 0x00000000f7d00000)
 concurrent mark-sweep generation total 134144K, used 134144K [0x00000000f7d00000, 0x0000000100000000, 0x0000000100000000)
 Metaspace       used 51882K, capacity 54766K, committed 55296K, reserved 1097728K
  class space    used 6330K, capacity 6825K, committed 6912K, reserved 1048576K
2023-01-17T04:44:04.171+0800: 77.237: [GC (Allocation Failure) 2023-01-17T04:44:04.171+0800: 77.238: [ParNew: 115199K->115199K(115200K), 0.0000306 secs]2023-01-17T04:44:04.171+0800: 77.238: [CMS: 134144K->134144K(134144K), 0.2122377 secs] 249343K->140036K(249344K), [Metaspace: 51882K->51882K(1097728K)], 0.2127378 secs] [Times: user=0.21 sys=0.00, real=0.21 secs] 
Heap after GC invocations=138 (full 227):
 par new generation   total 115200K, used 5892K [0x00000000f0000000, 0x00000000f7d00000, 0x00000000f7d00000)
  eden space 102400K,   5% used [0x00000000f0000000, 0x00000000f05c1208, 0x00000000f6400000)
  from space 12800K,   0% used [0x00000000f6400000, 0x00000000f6400000, 0x00000000f7080000)
  to   space 12800K,   0% used [0x00000000f7080000, 0x00000000f7080000, 0x00000000f7d00000)
 concurrent mark-sweep generation total 134144K, used 134144K [0x00000000f7d00000, 0x0000000100000000, 0x0000000100000000)
 Metaspace       used 51882K, capacity 54766K, committed 55296K, reserved 1097728K
  class space    used 6330K, capacity 6825K, committed 6912K, reserved 1048576K
}
2023-01-17T04:44:04.389+0800: 77.455: [GC (CMS Initial Mark) [1 CMS-initial-mark: 134144K(134144K)] 140052K(249344K), 0.0061997 secs] [Times: user=0.02 sys=0.00, real=0.01 secs] 
2023-01-17T04:44:04.395+0800: 77.461: [CMS-concurrent-mark-start]
2023-01-17T04:44:04.467+0800: 77.534: [CMS-concurrent-mark: 0.072/0.072 secs] [Times: user=0.26 sys=0.02, real=0.07 secs] 
2023-01-17T04:44:04.468+0800: 77.534: [CMS-concurrent-preclean-start]
2023-01-17T04:44:04.515+0800: 77.582: [CMS-concurrent-preclean: 0.048/0.048 secs] [Times: user=0.16 sys=0.02, real=0.05 secs] 
2023-01-17T04:44:04.516+0800: 77.582: [CMS-concurrent-abortable-preclean-start]
2023-01-17T04:44:04.516+0800: 77.582: [CMS-concurrent-abortable-preclean: 0.000/0.000 secs] [Times: user=0.00 sys=0.00, real=0.00 secs] 
2023-01-17T04:44:04.521+0800: 77.587: [GC (CMS Final Remark) [YG occupancy: 91176 K (115200 K)]2023-01-17T04:44:04.521+0800: 77.587: [Rescan (parallel) , 0.0263882 secs]2023-01-17T04:44:04.547+0800: 77.614: [weak refs processing, 0.0000424 secs]2023-01-17T04:44:04.547+0800: 77.614: [class unloading, 0.0141001 secs]2023-01-17T04:44:04.562+0800: 77.628: [scrub symbol table, 0.0051424 secs]2023-01-17T04:44:04.567+0800: 77.633: [scrub string table, 0.0008867 secs][1 CMS-remark: 134144K(134144K)] 225320K(249344K), 0.0468102 secs] [Times: user=0.12 sys=0.01, real=0.04 secs] 
2023-01-17T04:44:04.569+0800: 77.635: [CMS-concurrent-sweep-start]
2023-01-17T04:44:04.589+0800: 77.655: [CMS-concurrent-sweep: 0.020/0.020 secs] [Times: user=0.07 sys=0.01, real=0.02 secs] 
2023-01-17T04:44:04.589+0800: 77.656: [CMS-concurrent-reset-start]
2023-01-17T04:44:04.589+0800: 77.656: [CMS-concurrent-reset: 0.000/0.000 secs] [Times: user=0.00 sys=0.00, real=0.00 secs] 
{Heap before GC invocations=138 (full 228):
 par new generation   total 115200K, used 115200K [0x00000000f0000000, 0x00000000f7d00000, 0x00000000f7d00000)
  eden space 102400K, 100% used [0x00000000f0000000, 0x00000000f6400000, 0x00000000f6400000)
  from space 12800K, 100% used [0x00000000f6400000, 0x00000000f7080000, 0x00000000f7080000)
  to   space 12800K,   0% used [0x00000000f7080000, 0x00000000f7080000, 0x00000000f7d00000)
 concurrent mark-sweep generation total 134144K, used 134144K [0x00000000f7d00000, 0x0000000100000000, 0x0000000100000000)
 Metaspace       used 51882K, capacity 54766K, committed 55296K, reserved 1097728K
  class space    used 6330K, capacity 6825K, committed 6912K, reserved 1048576K
2023-01-17T04:44:04.663+0800: 77.729: [GC (Allocation Failure) 2023-01-17T04:44:04.663+0800: 77.730: [ParNew: 115200K->115200K(115200K), 0.0000280 secs]2023-01-17T04:44:04.663+0800: 77.730: [CMS: 134144K->134143K(134144K), 0.2222570 secs] 249344K->140021K(249344K), [Metaspace: 51882K->51882K(1097728K)], 0.2227334 secs] [Times: user=0.23 sys=0.00, real=0.22 secs] 
Heap after GC invocations=139 (full 229):
 par new generation   total 115200K, used 5878K [0x00000000f0000000, 0x00000000f7d00000, 0x00000000f7d00000)
  eden space 102400K,   5% used [0x00000000f0000000, 0x00000000f05bd890, 0x00000000f6400000)
  from space 12800K,   0% used [0x00000000f6400000, 0x00000000f6400000, 0x00000000f7080000)
  to   space 12800K,   0% used [0x00000000f7080000, 0x00000000f7080000, 0x00000000f7d00000)
 concurrent mark-sweep generation total 134144K, used 134143K [0x00000000f7d00000, 0x0000000100000000, 0x0000000100000000)
 Metaspace       used 51882K, capacity 54766K, committed 55296K, reserved 1097728K
  class space    used 6330K, capacity 6825K, committed 6912K, reserved 1048576K
}
2023-01-17T04:44:04.901+0800: 77.967: [GC (CMS Initial Mark) [1 CMS-initial-mark: 134143K(134144K)] 147213K(249344K), 0.0079883 secs] [Times: user=0.02 sys=0.00, real=0.00 secs] 
2023-01-17T04:44:04.909+0800: 77.975: [CMS-concurrent-mark-start]
2023-01-17T04:44:04.996+0800: 78.062: [CMS-concurrent-mark: 0.086/0.086 secs] [Times: user=0.23 sys=0.05, real=0.09 secs] 
2023-01-17T04:44:04.996+0800: 78.062: [CMS-concurrent-preclean-start]
2023-01-17T04:44:05.045+0800: 78.112: [CMS-concurrent-preclean: 0.049/0.049 secs] [Times: user=0.16 sys=0.03, real=0.05 secs] 
2023-01-17T04:44:05.046+0800: 78.112: [CMS-concurrent-abortable-preclean-start]
2023-01-17T04:44:05.046+0800: 78.112: [CMS-concurrent-abortable-preclean: 0.000/0.000 secs] [Times: user=0.00 sys=0.00, real=0.00 secs] 
2023-01-17T04:44:05.052+0800: 78.118: [GC (CMS Final Remark) [YG occupancy: 95414 K (115200 K)]2023-01-17T04:44:05.052+0800: 78.118: [Rescan (parallel) , 0.0269010 secs]2023-01-17T04:44:05.079+0800: 78.145: [weak refs processing, 0.0000422 secs]2023-01-17T04:44:05.079+0800: 78.145: [class unloading, 0.0136776 secs]2023-01-17T04:44:05.093+0800: 78.159: [scrub symbol table, 0.0050080 secs]2023-01-17T04:44:05.098+0800: 78.164: [scrub string table, 0.0008653 secs][1 CMS-remark: 134143K(134144K)] 229558K(249344K), 0.0467228 secs] [Times: user=0.13 sys=0.00, real=0.04 secs] 
2023-01-17T04:44:05.099+0800: 78.165: [CMS-concurrent-sweep-start]
2023-01-17T04:44:05.117+0800: 78.183: [CMS-concurrent-sweep: 0.018/0.018 secs] [Times: user=0.06 sys=0.01, real=0.02 secs] 
2023-01-17T04:44:05.118+0800: 78.184: [CMS-concurrent-reset-start]
2023-01-17T04:44:05.118+0800: 78.184: [CMS-concurrent-reset: 0.000/0.000 secs] [Times: user=0.00 sys=0.00, real=0.00 secs] 
{Heap before GC invocations=139 (full 230):
 par new generation   total 115200K, used 115199K [0x00000000f0000000, 0x00000000f7d00000, 0x00000000f7d00000)
  eden space 102400K, 100% used [0x00000000f0000000, 0x00000000f6400000, 0x00000000f6400000)
  from space 12800K,  99% used [0x00000000f6400000, 0x00000000f707fff8, 0x00000000f7080000)
  to   space 12800K,   0% used [0x00000000f7080000, 0x00000000f7080000, 0x00000000f7d00000)
 concurrent mark-sweep generation total 134144K, used 134143K [0x00000000f7d00000, 0x0000000100000000, 0x0000000100000000)
 Metaspace       used 51882K, capacity 54766K, committed 55296K, reserved 1097728K
  class space    used 6330K, capacity 6825K, committed 6912K, reserved 1048576K
2023-01-17T04:44:05.186+0800: 78.252: [GC (Allocation Failure) 2023-01-17T04:44:05.186+0800: 78.253: [ParNew: 115199K->115199K(115200K), 0.0000276 secs]2023-01-17T04:44:05.186+0800: 78.253: [CMS: 134143K->134143K(134144K), 0.2154333 secs] 249343K->140049K(249344K), [Metaspace: 51882K->51882K(1097728K)], 0.2158614 secs] [Times: user=0.22 sys=0.00, real=0.22 secs] 
Heap after GC invocations=140 (full 231):
 par new generation   total 115200K, used 5905K [0x00000000f0000000, 0x00000000f7d00000, 0x00000000f7d00000)
  eden space 102400K,   5% used [0x00000000f0000000, 0x00000000f05c47b0, 0x00000000f6400000)
  from space 12800K,   0% used [0x00000000f6400000, 0x00000000f6400000, 0x00000000f7080000)
  to   space 12800K,   0% used [0x00000000f7080000, 0x00000000f7080000, 0x00000000f7d00000)
 concurrent mark-sweep generation total 134144K, used 134143K [0x00000000f7d00000, 0x0000000100000000, 0x0000000100000000)
 Metaspace       used 51882K, capacity 54766K, committed 55296K, reserved 1097728K
  class space    used 6330K, capacity 6825K, committed 6912K, reserved 1048576K
}
2023-01-17T04:44:05.408+0800: 78.474: [GC (CMS Initial Mark) [1 CMS-initial-mark: 134143K(134144K)] 140279K(249344K), 0.0078494 secs] [Times: user=0.03 sys=0.00, real=0.01 secs] 
2023-01-17T04:44:05.416+0800: 78.482: [CMS-concurrent-mark-start]
2023-01-17T04:44:05.490+0800: 78.557: [CMS-concurrent-mark: 0.074/0.074 secs] [Times: user=0.20 sys=0.01, real=0.08 secs] 
2023-01-17T04:44:05.491+0800: 78.557: [CMS-concurrent-preclean-start]
2023-01-17T04:44:05.539+0800: 78.605: [CMS-concurrent-preclean: 0.048/0.048 secs] [Times: user=0.13 sys=0.02, real=0.04 secs] 
2023-01-17T04:44:05.539+0800: 78.605: [CMS-concurrent-abortable-preclean-start]
2023-01-17T04:44:05.539+0800: 78.605: [CMS-concurrent-abortable-preclean: 0.000/0.000 secs] [Times: user=0.00 sys=0.00, real=0.00 secs] 
2023-01-17T04:44:05.550+0800: 78.616: [GC (CMS Final Remark) [YG occupancy: 64948 K (115200 K)]2023-01-17T04:44:05.550+0800: 78.617: [Rescan (parallel) , 0.0262323 secs]2023-01-17T04:44:05.577+0800: 78.643: [weak refs processing, 0.0000605 secs]2023-01-17T04:44:05.577+0800: 78.643: [class unloading, 0.0143052 secs]2023-01-17T04:44:05.591+0800: 78.657: [scrub symbol table, 0.0051651 secs]2023-01-17T04:44:05.596+0800: 78.662: [scrub string table, 0.0008884 secs][1 CMS-remark: 134143K(134144K)] 199092K(249344K), 0.0469473 secs] [Times: user=0.09 sys=0.00, real=0.04 secs] 
2023-01-17T04:44:05.598+0800: 78.664: [CMS-concurrent-sweep-start]
2023-01-17T04:44:05.616+0800: 78.683: [CMS-concurrent-sweep: 0.019/0.019 secs] [Times: user=0.06 sys=0.01, real=0.02 secs] 
2023-01-17T04:44:05.618+0800: 78.684: [CMS-concurrent-reset-start]
2023-01-17T04:44:05.618+0800: 78.684: [CMS-concurrent-reset: 0.000/0.000 secs] [Times: user=0.00 sys=0.00, real=0.00 secs] 
{Heap before GC invocations=140 (full 232):
 par new generation   total 115200K, used 115199K [0x00000000f0000000, 0x00000000f7d00000, 0x00000000f7d00000)
  eden space 102400K, 100% used [0x00000000f0000000, 0x00000000f6400000, 0x00000000f6400000)
  from space 12800K,  99% used [0x00000000f6400000, 0x00000000f707fff8, 0x00000000f7080000)
  to   space 12800K,   0% used [0x00000000f7080000, 0x00000000f7080000, 0x00000000f7d00000)
 concurrent mark-sweep generation total 134144K, used 134143K [0x00000000f7d00000, 0x0000000100000000, 0x0000000100000000)
 Metaspace       used 51882K, capacity 54766K, committed 55296K, reserved 1097728K
  class space    used 6330K, capacity 6825K, committed 6912K, reserved 1048576K
2023-01-17T04:44:05.747+0800: 78.813: [GC (Allocation Failure) 2023-01-17T04:44:05.747+0800: 78.813: [ParNew: 115199K->115199K(115200K), 0.0000261 secs]2023-01-17T04:44:05.747+0800: 78.813: [CMS: 134143K->134143K(134144K), 0.1999177 secs] 249343K->140028K(249344K), [Metaspace: 51882K->51882K(1097728K)], 0.2003497 secs] [Times: user=0.23 sys=0.00, real=0.20 secs] 
Heap after GC invocations=141 (full 233):
 par new generation   total 115200K, used 5884K [0x00000000f0000000, 0x00000000f7d00000, 0x00000000f7d00000)
  eden space 102400K,   5% used [0x00000000f0000000, 0x00000000f05bf0c8, 0x00000000f6400000)
  from space 12800K,   0% used [0x00000000f6400000, 0x00000000f6400000, 0x00000000f7080000)
  to   space 12800K,   0% used [0x00000000f7080000, 0x00000000f7080000, 0x00000000f7d00000)
 concurrent mark-sweep generation total 134144K, used 134143K [0x00000000f7d00000, 0x0000000100000000, 0x0000000100000000)
 Metaspace       used 51882K, capacity 54766K, committed 55296K, reserved 1097728K
  class space    used 6330K, capacity 6825K, committed 6912K, reserved 1048576K
}
2023-01-17T04:44:05.953+0800: 79.019: [GC (CMS Initial Mark) [1 CMS-initial-mark: 134143K(134144K)] 140424K(249344K), 0.0064779 secs] [Times: user=0.02 sys=0.00, real=0.01 secs] 
2023-01-17T04:44:05.960+0800: 79.026: [CMS-concurrent-mark-start]
2023-01-17T04:44:06.038+0800: 79.105: [CMS-concurrent-mark: 0.078/0.078 secs] [Times: user=0.25 sys=0.05, real=0.07 secs] 
2023-01-17T04:44:06.039+0800: 79.105: [CMS-concurrent-preclean-start]
2023-01-17T04:44:06.092+0800: 79.158: [CMS-concurrent-preclean: 0.053/0.053 secs] [Times: user=0.18 sys=0.03, real=0.06 secs] 
2023-01-17T04:44:06.092+0800: 79.158: [CMS-concurrent-abortable-preclean-start]
2023-01-17T04:44:06.092+0800: 79.158: [CMS-concurrent-abortable-preclean: 0.000/0.000 secs] [Times: user=0.00 sys=0.00, real=0.00 secs] 
2023-01-17T04:44:06.097+0800: 79.163: [GC (CMS Final Remark) [YG occupancy: 96796 K (115200 K)]2023-01-17T04:44:06.097+0800: 79.163: [Rescan (parallel) , 0.0270169 secs]2023-01-17T04:44:06.124+0800: 79.190: [weak refs processing, 0.0000416 secs]2023-01-17T04:44:06.124+0800: 79.190: [class unloading, 0.0137827 secs]2023-01-17T04:44:06.138+0800: 79.204: [scrub symbol table, 0.0051612 secs]2023-01-17T04:44:06.143+0800: 79.209: [scrub string table, 0.0009008 secs][1 CMS-remark: 134143K(134144K)] 230940K(249344K), 0.0471308 secs] [Times: user=0.12 sys=0.00, real=0.05 secs] 
2023-01-17T04:44:06.144+0800: 79.211: [CMS-concurrent-sweep-start]
2023-01-17T04:44:06.162+0800: 79.229: [CMS-concurrent-sweep: 0.018/0.018 secs] [Times: user=0.07 sys=0.01, real=0.02 secs] 
2023-01-17T04:44:06.163+0800: 79.229: [CMS-concurrent-reset-start]
2023-01-17T04:44:06.163+0800: 79.229: [CMS-concurrent-reset: 0.000/0.000 secs] [Times: user=0.00 sys=0.00, real=0.00 secs] 
{Heap before GC invocations=141 (full 234):
 par new generation   total 115200K, used 115200K [0x00000000f0000000, 0x00000000f7d00000, 0x00000000f7d00000)
  eden space 102400K, 100% used [0x00000000f0000000, 0x00000000f6400000, 0x00000000f6400000)
  from space 12800K, 100% used [0x00000000f6400000, 0x00000000f7080000, 0x00000000f7080000)
  to   space 12800K,   0% used [0x00000000f7080000, 0x00000000f7080000, 0x00000000f7d00000)
 concurrent mark-sweep generation total 134144K, used 134143K [0x00000000f7d00000, 0x0000000100000000, 0x0000000100000000)
 Metaspace       used 51882K, capacity 54766K, committed 55296K, reserved 1097728K
  class space    used 6330K, capacity 6825K, committed 6912K, reserved 1048576K
2023-01-17T04:44:06.231+0800: 79.297: [GC (Allocation Failure) 2023-01-17T04:44:06.231+0800: 79.297: [ParNew: 115200K->115200K(115200K), 0.0000292 secs]2023-01-17T04:44:06.231+0800: 79.297: [CMS: 134143K->134143K(134144K), 0.2275607 secs] 249343K->139999K(249344K), [Metaspace: 51882K->51882K(1097728K)], 0.2279989 secs] [Times: user=0.23 sys=0.00, real=0.22 secs] 
Heap after GC invocations=142 (full 235):
 par new generation   total 115200K, used 5855K [0x00000000f0000000, 0x00000000f7d00000, 0x00000000f7d00000)
  eden space 102400K,   5% used [0x00000000f0000000, 0x00000000f05b7df0, 0x00000000f6400000)
  from space 12800K,   0% used [0x00000000f6400000, 0x00000000f6400000, 0x00000000f7080000)
  to   space 12800K,   0% used [0x00000000f7080000, 0x00000000f7080000, 0x00000000f7d00000)
 concurrent mark-sweep generation total 134144K, used 134143K [0x00000000f7d00000, 0x0000000100000000, 0x0000000100000000)
 Metaspace       used 51882K, capacity 54766K, committed 55296K, reserved 1097728K
  class space    used 6330K, capacity 6825K, committed 6912K, reserved 1048576K
}
2023-01-17T04:44:06.465+0800: 79.532: [GC (CMS Initial Mark) [1 CMS-initial-mark: 134143K(134144K)] 141228K(249344K), 0.0072840 secs] [Times: user=0.02 sys=0.00, real=0.01 secs] 
2023-01-17T04:44:06.473+0800: 79.539: [CMS-concurrent-mark-start]
2023-01-17T04:44:06.574+0800: 79.640: [CMS-concurrent-mark: 0.101/0.101 secs] [Times: user=0.26 sys=0.05, real=0.10 secs] 
2023-01-17T04:44:06.574+0800: 79.640: [CMS-concurrent-preclean-start]
2023-01-17T04:44:06.628+0800: 79.694: [CMS-concurrent-preclean: 0.054/0.054 secs] [Times: user=0.14 sys=0.02, real=0.05 secs] 
2023-01-17T04:44:06.628+0800: 79.695: [CMS-concurrent-abortable-preclean-start]
2023-01-17T04:44:06.628+0800: 79.695: [CMS-concurrent-abortable-preclean: 0.000/0.000 secs] [Times: user=0.00 sys=0.00, real=0.00 secs] 
2023-01-17T04:44:06.634+0800: 79.700: [GC (CMS Final Remark) [YG occupancy: 91153 K (115200 K)]2023-01-17T04:44:06.634+0800: 79.700: [Rescan (parallel) , 0.0359517 secs]2023-01-17T04:44:06.670+0800: 79.736: [weak refs processing, 0.0000441 secs]2023-01-17T04:44:06.670+0800: 79.736: [class unloading, 0.0140583 secs]2023-01-17T04:44:06.684+0800: 79.750: [scrub symbol table, 0.0051656 secs]2023-01-17T04:44:06.689+0800: 79.755: [scrub string table, 0.0008679 secs][1 CMS-remark: 134143K(134144K)] 225297K(249344K), 0.0563276 secs] [Times: user=0.13 sys=0.00, real=0.06 secs] 
2023-01-17T04:44:06.690+0800: 79.757: [CMS-concurrent-sweep-start]
2023-01-17T04:44:06.709+0800: 79.775: [CMS-concurrent-sweep: 0.019/0.019 secs] [Times: user=0.05 sys=0.01, real=0.01 secs] 
2023-01-17T04:44:06.709+0800: 79.776: [CMS-concurrent-reset-start]
2023-01-17T04:44:06.710+0800: 79.776: [CMS-concurrent-reset: 0.000/0.000 secs] [Times: user=0.00 sys=0.00, real=0.01 secs] 
{Heap before GC invocations=142 (full 236):
 par new generation   total 115200K, used 115200K [0x00000000f0000000, 0x00000000f7d00000, 0x00000000f7d00000)
  eden space 102400K, 100% used [0x00000000f0000000, 0x00000000f6400000, 0x00000000f6400000)
  from space 12800K, 100% used [0x00000000f6400000, 0x00000000f7080000, 0x00000000f7080000)
  to   space 12800K,   0% used [0x00000000f7080000, 0x00000000f7080000, 0x00000000f7d00000)
 concurrent mark-sweep generation total 134144K, used 134143K [0x00000000f7d00000, 0x0000000100000000, 0x0000000100000000)
 Metaspace       used 51882K, capacity 54766K, committed 55296K, reserved 1097728K
  class space    used 6330K, capacity 6825K, committed 6912K, reserved 1048576K
2023-01-17T04:44:06.791+0800: 79.858: [GC (Allocation Failure) 2023-01-17T04:44:06.792+0800: 79.858: [ParNew: 115200K->115200K(115200K), 0.0000270 secs]2023-01-17T04:44:06.792+0800: 79.858: [CMS: 134143K->134143K(134144K), 0.2144531 secs] 249343K->140034K(249344K), [Metaspace: 51882K->51882K(1097728K)], 0.2149539 secs] [Times: user=0.21 sys=0.00, real=0.21 secs] 
Heap after GC invocations=143 (full 237):
 par new generation   total 115200K, used 5890K [0x00000000f0000000, 0x00000000f7d00000, 0x00000000f7d00000)
  eden space 102400K,   5% used [0x00000000f0000000, 0x00000000f05c0be0, 0x00000000f6400000)
  from space 12800K,   0% used [0x00000000f6400000, 0x00000000f6400000, 0x00000000f7080000)
  to   space 12800K,   0% used [0x00000000f7080000, 0x00000000f7080000, 0x00000000f7d00000)
 concurrent mark-sweep generation total 134144K, used 134143K [0x00000000f7d00000, 0x0000000100000000, 0x0000000100000000)
 Metaspace       used 51882K, capacity 54766K, committed 55296K, reserved 1097728K
  class space    used 6330K, capacity 6825K, committed 6912K, reserved 1048576K
}
2023-01-17T04:44:07.013+0800: 80.079: [GC (CMS Initial Mark) [1 CMS-initial-mark: 134143K(134144K)] 140847K(249344K), 0.0077602 secs] [Times: user=0.02 sys=0.00, real=0.01 secs] 
2023-01-17T04:44:07.021+0800: 80.087: [CMS-concurrent-mark-start]
2023-01-17T04:44:07.096+0800: 80.162: [CMS-concurrent-mark: 0.075/0.075 secs] [Times: user=0.21 sys=0.02, real=0.07 secs] 
2023-01-17T04:44:07.096+0800: 80.163: [CMS-concurrent-preclean-start]
2023-01-17T04:44:07.145+0800: 80.211: [CMS-concurrent-preclean: 0.049/0.049 secs] [Times: user=0.13 sys=0.01, real=0.05 secs] 
2023-01-17T04:44:07.145+0800: 80.212: [CMS-concurrent-abortable-preclean-start]
2023-01-17T04:44:07.145+0800: 80.212: [CMS-concurrent-abortable-preclean: 0.000/0.000 secs] [Times: user=0.00 sys=0.00, real=0.00 secs] 
2023-01-17T04:44:07.150+0800: 80.216: [GC (CMS Final Remark) [YG occupancy: 69163 K (115200 K)]2023-01-17T04:44:07.150+0800: 80.216: [Rescan (parallel) , 0.0274238 secs]2023-01-17T04:44:07.177+0800: 80.244: [weak refs processing, 0.0000466 secs]2023-01-17T04:44:07.178+0800: 80.244: [class unloading, 0.0136500 secs]2023-01-17T04:44:07.191+0800: 80.258: [scrub symbol table, 0.0050648 secs]2023-01-17T04:44:07.196+0800: 80.263: [scrub string table, 0.0008613 secs][1 CMS-remark: 134143K(134144K)] 203307K(249344K), 0.0472818 secs] [Times: user=0.10 sys=0.00, real=0.04 secs] 
2023-01-17T04:44:07.197+0800: 80.264: [CMS-concurrent-sweep-start]
2023-01-17T04:44:07.217+0800: 80.283: [CMS-concurrent-sweep: 0.019/0.019 secs] [Times: user=0.06 sys=0.01, real=0.02 secs] 
2023-01-17T04:44:07.217+0800: 80.284: [CMS-concurrent-reset-start]
2023-01-17T04:44:07.217+0800: 80.284: [CMS-concurrent-reset: 0.000/0.000 secs] [Times: user=0.00 sys=0.00, real=0.00 secs] 
{Heap before GC invocations=143 (full 238):
 par new generation   total 115200K, used 115200K [0x00000000f0000000, 0x00000000f7d00000, 0x00000000f7d00000)
  eden space 102400K, 100% used [0x00000000f0000000, 0x00000000f6400000, 0x00000000f6400000)
  from space 12800K, 100% used [0x00000000f6400000, 0x00000000f7080000, 0x00000000f7080000)
  to   space 12800K,   0% used [0x00000000f7080000, 0x00000000f7080000, 0x00000000f7d00000)
 concurrent mark-sweep generation total 134144K, used 134143K [0x00000000f7d00000, 0x0000000100000000, 0x0000000100000000)
 Metaspace       used 51882K, capacity 54766K, committed 55296K, reserved 1097728K
  class space    used 6330K, capacity 6825K, committed 6912K, reserved 1048576K
2023-01-17T04:44:07.328+0800: 80.394: [GC (Allocation Failure) 2023-01-17T04:44:07.328+0800: 80.395: [ParNew: 115200K->115200K(115200K), 0.0000277 secs]2023-01-17T04:44:07.328+0800: 80.395: [CMS: 134143K->134143K(134144K), 0.2134092 secs] 249343K->140020K(249344K), [Metaspace: 51882K->51882K(1097728K)], 0.2138435 secs] [Times: user=0.21 sys=0.00, real=0.22 secs] 
Heap after GC invocations=144 (full 239):
 par new generation   total 115200K, used 5876K [0x00000000f0000000, 0x00000000f7d00000, 0x00000000f7d00000)
  eden space 102400K,   5% used [0x00000000f0000000, 0x00000000f05bd220, 0x00000000f6400000)
  from space 12800K,   0% used [0x00000000f6400000, 0x00000000f6400000, 0x00000000f7080000)
  to   space 12800K,   0% used [0x00000000f7080000, 0x00000000f7080000, 0x00000000f7d00000)
 concurrent mark-sweep generation total 134144K, used 134143K [0x00000000f7d00000, 0x0000000100000000, 0x0000000100000000)
 Metaspace       used 51882K, capacity 54766K, committed 55296K, reserved 1097728K
  class space    used 6330K, capacity 6825K, committed 6912K, reserved 1048576K
}
2023-01-17T04:44:07.548+0800: 80.614: [GC (CMS Initial Mark) [1 CMS-initial-mark: 134143K(134144K)] 141043K(249344K), 0.0064053 secs] [Times: user=0.03 sys=0.00, real=0.01 secs] 
2023-01-17T04:44:07.555+0800: 80.621: [CMS-concurrent-mark-start]
2023-01-17T04:44:07.626+0800: 80.693: [CMS-concurrent-mark: 0.072/0.072 secs] [Times: user=0.23 sys=0.04, real=0.07 secs] 
2023-01-17T04:44:07.627+0800: 80.693: [CMS-concurrent-preclean-start]
2023-01-17T04:44:07.673+0800: 80.739: [CMS-concurrent-preclean: 0.046/0.046 secs] [Times: user=0.15 sys=0.02, real=0.05 secs] 
2023-01-17T04:44:07.673+0800: 80.739: [CMS-concurrent-abortable-preclean-start]
2023-01-17T04:44:07.673+0800: 80.739: [CMS-concurrent-abortable-preclean: 0.000/0.000 secs] [Times: user=0.00 sys=0.00, real=0.00 secs] 
2023-01-17T04:44:07.678+0800: 80.744: [GC (CMS Final Remark) [YG occupancy: 87994 K (115200 K)]2023-01-17T04:44:07.678+0800: 80.744: [Rescan (parallel) , 0.0250745 secs]2023-01-17T04:44:07.703+0800: 80.769: [weak refs processing, 0.0000463 secs]2023-01-17T04:44:07.703+0800: 80.769: [class unloading, 0.0136132 secs]2023-01-17T04:44:07.717+0800: 80.783: [scrub symbol table, 0.0051405 secs]2023-01-17T04:44:07.722+0800: 80.788: [scrub string table, 0.0008963 secs][1 CMS-remark: 134143K(134144K)] 222138K(249344K), 0.0450069 secs] [Times: user=0.12 sys=0.00, real=0.05 secs] 
2023-01-17T04:44:07.723+0800: 80.790: [CMS-concurrent-sweep-start]
2023-01-17T04:44:07.742+0800: 80.808: [CMS-concurrent-sweep: 0.018/0.018 secs] [Times: user=0.06 sys=0.01, real=0.02 secs] 
2023-01-17T04:44:07.742+0800: 80.808: [CMS-concurrent-reset-start]
2023-01-17T04:44:07.742+0800: 80.808: [CMS-concurrent-reset: 0.000/0.000 secs] [Times: user=0.00 sys=0.00, real=0.00 secs] 
{Heap before GC invocations=144 (full 240):
 par new generation   total 115200K, used 115200K [0x00000000f0000000, 0x00000000f7d00000, 0x00000000f7d00000)
  eden space 102400K, 100% used [0x00000000f0000000, 0x00000000f6400000, 0x00000000f6400000)
  from space 12800K, 100% used [0x00000000f6400000, 0x00000000f7080000, 0x00000000f7080000)
  to   space 12800K,   0% used [0x00000000f7080000, 0x00000000f7080000, 0x00000000f7d00000)
 concurrent mark-sweep generation total 134144K, used 134143K [0x00000000f7d00000, 0x0000000100000000, 0x0000000100000000)
 Metaspace       used 51882K, capacity 54766K, committed 55296K, reserved 1097728K
  class space    used 6330K, capacity 6825K, committed 6912K, reserved 1048576K
2023-01-17T04:44:07.841+0800: 80.907: [GC (Allocation Failure) 2023-01-17T04:44:07.841+0800: 80.908: [ParNew: 115200K->115200K(115200K), 0.0000326 secs]2023-01-17T04:44:07.841+0800: 80.908: [CMS: 134143K->134143K(134144K), 0.2516734 secs] 249343K->140029K(249344K), [Metaspace: 51882K->51882K(1097728K)], 0.2522304 secs] [Times: user=0.25 sys=0.00, real=0.25 secs] 
Heap after GC invocations=145 (full 241):
 par new generation   total 115200K, used 5885K [0x00000000f0000000, 0x00000000f7d00000, 0x00000000f7d00000)
  eden space 102400K,   5% used [0x00000000f0000000, 0x00000000f05bf6c0, 0x00000000f6400000)
  from space 12800K,   0% used [0x00000000f6400000, 0x00000000f6400000, 0x00000000f7080000)
  to   space 12800K,   0% used [0x00000000f7080000, 0x00000000f7080000, 0x00000000f7d00000)
 concurrent mark-sweep generation total 134144K, used 134143K [0x00000000f7d00000, 0x0000000100000000, 0x0000000100000000)
 Metaspace       used 51882K, capacity 54766K, committed 55296K, reserved 1097728K
  class space    used 6330K, capacity 6825K, committed 6912K, reserved 1048576K
}
2023-01-17T04:44:08.100+0800: 81.166: [GC (CMS Initial Mark) [1 CMS-initial-mark: 134143K(134144K)] 141340K(249344K), 0.0064605 secs] [Times: user=0.02 sys=0.00, real=0.00 secs] 
2023-01-17T04:44:08.107+0800: 81.173: [CMS-concurrent-mark-start]
2023-01-17T04:44:08.178+0800: 81.245: [CMS-concurrent-mark: 0.071/0.071 secs] [Times: user=0.25 sys=0.03, real=0.07 secs] 
2023-01-17T04:44:08.179+0800: 81.245: [CMS-concurrent-preclean-start]
2023-01-17T04:44:08.224+0800: 81.290: [CMS-concurrent-preclean: 0.045/0.045 secs] [Times: user=0.15 sys=0.03, real=0.05 secs] 
2023-01-17T04:44:08.224+0800: 81.290: [CMS-concurrent-abortable-preclean-start]
2023-01-17T04:44:08.224+0800: 81.290: [CMS-concurrent-abortable-preclean: 0.000/0.000 secs] [Times: user=0.00 sys=0.00, real=0.00 secs] 
2023-01-17T04:44:08.229+0800: 81.295: [GC (CMS Final Remark) [YG occupancy: 89233 K (115200 K)]2023-01-17T04:44:08.229+0800: 81.295: [Rescan (parallel) , 0.0253184 secs]2023-01-17T04:44:08.254+0800: 81.321: [weak refs processing, 0.0000423 secs]2023-01-17T04:44:08.254+0800: 81.321: [class unloading, 0.0135580 secs]2023-01-17T04:44:08.268+0800: 81.334: [scrub symbol table, 0.0051105 secs]2023-01-17T04:44:08.273+0800: 81.339: [scrub string table, 0.0008612 secs][1 CMS-remark: 134143K(134144K)] 223377K(249344K), 0.0451323 secs] [Times: user=0.12 sys=0.00, real=0.05 secs] 
2023-01-17T04:44:08.275+0800: 81.341: [CMS-concurrent-sweep-start]
2023-01-17T04:44:08.295+0800: 81.361: [CMS-concurrent-sweep: 0.020/0.020 secs] [Times: user=0.07 sys=0.00, real=0.02 secs] 
2023-01-17T04:44:08.295+0800: 81.361: [CMS-concurrent-reset-start]
2023-01-17T04:44:08.295+0800: 81.362: [CMS-concurrent-reset: 0.000/0.000 secs] [Times: user=0.00 sys=0.00, real=0.00 secs] 
{Heap before GC invocations=145 (full 242):
 par new generation   total 115200K, used 115199K [0x00000000f0000000, 0x00000000f7d00000, 0x00000000f7d00000)
  eden space 102400K, 100% used [0x00000000f0000000, 0x00000000f6400000, 0x00000000f6400000)
  from space 12800K,  99% used [0x00000000f6400000, 0x00000000f707fff8, 0x00000000f7080000)
  to   space 12800K,   0% used [0x00000000f7080000, 0x00000000f7080000, 0x00000000f7d00000)
 concurrent mark-sweep generation total 134144K, used 134143K [0x00000000f7d00000, 0x0000000100000000, 0x0000000100000000)
 Metaspace       used 51882K, capacity 54766K, committed 55296K, reserved 1097728K
  class space    used 6330K, capacity 6825K, committed 6912K, reserved 1048576K
2023-01-17T04:44:08.370+0800: 81.436: [GC (Allocation Failure) 2023-01-17T04:44:08.370+0800: 81.436: [ParNew: 115199K->115199K(115200K), 0.0000265 secs]2023-01-17T04:44:08.370+0800: 81.436: [CMS: 134143K->134143K(134144K), 0.1977382 secs] 249343K->140047K(249344K), [Metaspace: 51882K->51882K(1097728K)], 0.1981527 secs] [Times: user=0.19 sys=0.00, real=0.19 secs] 
Heap after GC invocations=146 (full 243):
 par new generation   total 115200K, used 5903K [0x00000000f0000000, 0x00000000f7d00000, 0x00000000f7d00000)
  eden space 102400K,   5% used [0x00000000f0000000, 0x00000000f05c3d80, 0x00000000f6400000)
  from space 12800K,   0% used [0x00000000f6400000, 0x00000000f6400000, 0x00000000f7080000)
  to   space 12800K,   0% used [0x00000000f7080000, 0x00000000f7080000, 0x00000000f7d00000)
 concurrent mark-sweep generation total 134144K, used 134143K [0x00000000f7d00000, 0x0000000100000000, 0x0000000100000000)
 Metaspace       used 51882K, capacity 54766K, committed 55296K, reserved 1097728K
  class space    used 6330K, capacity 6825K, committed 6912K, reserved 1048576K
}
2023-01-17T04:44:08.584+0800: 81.650: [GC (CMS Initial Mark) [1 CMS-initial-mark: 134143K(134144K)] 147415K(249344K), 0.0117420 secs] [Times: user=0.03 sys=0.00, real=0.01 secs] 
2023-01-17T04:44:08.596+0800: 81.662: [CMS-concurrent-mark-start]
2023-01-17T04:44:08.666+0800: 81.732: [CMS-concurrent-mark: 0.069/0.069 secs] [Times: user=0.16 sys=0.04, real=0.07 secs] 
2023-01-17T04:44:08.666+0800: 81.732: [CMS-concurrent-preclean-start]
2023-01-17T04:44:08.723+0800: 81.789: [CMS-concurrent-preclean: 0.057/0.057 secs] [Times: user=0.14 sys=0.02, real=0.06 secs] 
2023-01-17T04:44:08.723+0800: 81.789: [CMS-concurrent-abortable-preclean-start]
2023-01-17T04:44:08.723+0800: 81.789: [CMS-concurrent-abortable-preclean: 0.000/0.000 secs] [Times: user=0.00 sys=0.00, real=0.00 secs] 
2023-01-17T04:44:08.736+0800: 81.802: [GC (CMS Final Remark) [YG occupancy: 80024 K (115200 K)]2023-01-17T04:44:08.736+0800: 81.802: [Rescan (parallel) , 0.0322070 secs]2023-01-17T04:44:08.768+0800: 81.834: [weak refs processing, 0.0000530 secs]2023-01-17T04:44:08.768+0800: 81.834: [class unloading, 0.0141818 secs]2023-01-17T04:44:08.782+0800: 81.849: [scrub symbol table, 0.0051365 secs]2023-01-17T04:44:08.787+0800: 81.854: [scrub string table, 0.0008984 secs][1 CMS-remark: 134143K(134144K)] 214168K(249344K), 0.0527454 secs] [Times: user=0.11 sys=0.00, real=0.05 secs] 
2023-01-17T04:44:08.789+0800: 81.855: [CMS-concurrent-sweep-start]
2023-01-17T04:44:08.809+0800: 81.875: [CMS-concurrent-sweep: 0.020/0.020 secs] [Times: user=0.07 sys=0.01, real=0.02 secs] 
2023-01-17T04:44:08.809+0800: 81.875: [CMS-concurrent-reset-start]
2023-01-17T04:44:08.810+0800: 81.877: [CMS-concurrent-reset: 0.001/0.001 secs] [Times: user=0.01 sys=0.00, real=0.01 secs] 
{Heap before GC invocations=146 (full 244):
 par new generation   total 115200K, used 115199K [0x00000000f0000000, 0x00000000f7d00000, 0x00000000f7d00000)
  eden space 102400K, 100% used [0x00000000f0000000, 0x00000000f6400000, 0x00000000f6400000)
  from space 12800K,  99% used [0x00000000f6400000, 0x00000000f707fff8, 0x00000000f7080000)
  to   space 12800K,   0% used [0x00000000f7080000, 0x00000000f7080000, 0x00000000f7d00000)
 concurrent mark-sweep generation total 134144K, used 134143K [0x00000000f7d00000, 0x0000000100000000, 0x0000000100000000)
 Metaspace       used 51882K, capacity 54766K, committed 55296K, reserved 1097728K
  class space    used 6330K, capacity 6825K, committed 6912K, reserved 1048576K
2023-01-17T04:44:08.896+0800: 81.962: [GC (Allocation Failure) 2023-01-17T04:44:08.896+0800: 81.962: [ParNew: 115199K->115199K(115200K), 0.0000282 secs]2023-01-17T04:44:08.896+0800: 81.962: [CMS: 134143K->134143K(134144K), 0.1980948 secs] 249343K->140036K(249344K), [Metaspace: 51882K->51882K(1097728K)], 0.1985291 secs] [Times: user=0.20 sys=0.00, real=0.20 secs] 
Heap after GC invocations=147 (full 245):
 par new generation   total 115200K, used 5892K [0x00000000f0000000, 0x00000000f7d00000, 0x00000000f7d00000)
  eden space 102400K,   5% used [0x00000000f0000000, 0x00000000f05c1370, 0x00000000f6400000)
  from space 12800K,   0% used [0x00000000f6400000, 0x00000000f6400000, 0x00000000f7080000)
  to   space 12800K,   0% used [0x00000000f7080000, 0x00000000f7080000, 0x00000000f7d00000)
 concurrent mark-sweep generation total 134144K, used 134143K [0x00000000f7d00000, 0x0000000100000000, 0x0000000100000000)
 Metaspace       used 51882K, capacity 54766K, committed 55296K, reserved 1097728K
  class space    used 6330K, capacity 6825K, committed 6912K, reserved 1048576K
}
2023-01-17T04:44:09.101+0800: 82.167: [GC (CMS Initial Mark) [1 CMS-initial-mark: 134143K(134144K)] 140950K(249344K), 0.0079860 secs] [Times: user=0.02 sys=0.00, real=0.00 secs] 
2023-01-17T04:44:09.109+0800: 82.176: [CMS-concurrent-mark-start]
2023-01-17T04:44:09.183+0800: 82.249: [CMS-concurrent-mark: 0.074/0.074 secs] [Times: user=0.23 sys=0.02, real=0.08 secs] 
2023-01-17T04:44:09.183+0800: 82.250: [CMS-concurrent-preclean-start]
2023-01-17T04:44:09.236+0800: 82.302: [CMS-concurrent-preclean: 0.053/0.053 secs] [Times: user=0.15 sys=0.02, real=0.05 secs] 
2023-01-17T04:44:09.236+0800: 82.302: [CMS-concurrent-abortable-preclean-start]
2023-01-17T04:44:09.236+0800: 82.302: [CMS-concurrent-abortable-preclean: 0.000/0.000 secs] [Times: user=0.00 sys=0.00, real=0.00 secs] 
2023-01-17T04:44:09.252+0800: 82.318: [GC (CMS Final Remark) [YG occupancy: 87524 K (115200 K)]2023-01-17T04:44:09.252+0800: 82.318: [Rescan (parallel) , 0.0253343 secs]2023-01-17T04:44:09.277+0800: 82.344: [weak refs processing, 0.0000450 secs]2023-01-17T04:44:09.277+0800: 82.344: [class unloading, 0.0138753 secs]2023-01-17T04:44:09.291+0800: 82.358: [scrub symbol table, 0.0050997 secs]2023-01-17T04:44:09.296+0800: 82.363: [scrub string table, 0.0009025 secs][1 CMS-remark: 134143K(134144K)] 221668K(249344K), 0.0455080 secs] [Times: user=0.12 sys=0.00, real=0.04 secs] 
2023-01-17T04:44:09.298+0800: 82.364: [CMS-concurrent-sweep-start]
2023-01-17T04:44:09.318+0800: 82.385: [CMS-concurrent-sweep: 0.020/0.020 secs] [Times: user=0.06 sys=0.01, real=0.02 secs] 
2023-01-17T04:44:09.319+0800: 82.385: [CMS-concurrent-reset-start]
2023-01-17T04:44:09.319+0800: 82.385: [CMS-concurrent-reset: 0.000/0.000 secs] [Times: user=0.00 sys=0.00, real=0.00 secs] 
{Heap before GC invocations=147 (full 246):
 par new generation   total 115200K, used 115200K [0x00000000f0000000, 0x00000000f7d00000, 0x00000000f7d00000)
  eden space 102400K, 100% used [0x00000000f0000000, 0x00000000f6400000, 0x00000000f6400000)
  from space 12800K, 100% used [0x00000000f6400000, 0x00000000f7080000, 0x00000000f7080000)
  to   space 12800K,   0% used [0x00000000f7080000, 0x00000000f7080000, 0x00000000f7d00000)
 concurrent mark-sweep generation total 134144K, used 134143K [0x00000000f7d00000, 0x0000000100000000, 0x0000000100000000)
 Metaspace       used 51882K, capacity 54766K, committed 55296K, reserved 1097728K
  class space    used 6330K, capacity 6825K, committed 6912K, reserved 1048576K
2023-01-17T04:44:09.407+0800: 82.474: [GC (Allocation Failure) 2023-01-17T04:44:09.408+0800: 82.474: [ParNew: 115200K->115200K(115200K), 0.0000288 secs]2023-01-17T04:44:09.408+0800: 82.474: [CMS: 134143K->134143K(134144K), 0.2142037 secs] 249343K->140037K(249344K), [Metaspace: 51882K->51882K(1097728K)], 0.2146768 secs] [Times: user=0.21 sys=0.00, real=0.22 secs] 
Heap after GC invocations=148 (full 247):
 par new generation   total 115200K, used 5893K [0x00000000f0000000, 0x00000000f7d00000, 0x00000000f7d00000)
  eden space 102400K,   5% used [0x00000000f0000000, 0x00000000f05c15e8, 0x00000000f6400000)
  from space 12800K,   0% used [0x00000000f6400000, 0x00000000f6400000, 0x00000000f7080000)
  to   space 12800K,   0% used [0x00000000f7080000, 0x00000000f7080000, 0x00000000f7d00000)
 concurrent mark-sweep generation total 134144K, used 134143K [0x00000000f7d00000, 0x0000000100000000, 0x0000000100000000)
 Metaspace       used 51882K, capacity 54766K, committed 55296K, reserved 1097728K
  class space    used 6330K, capacity 6825K, committed 6912K, reserved 1048576K
}
2023-01-17T04:44:09.627+0800: 82.693: [GC (CMS Initial Mark) [1 CMS-initial-mark: 134143K(134144K)] 140087K(249344K), 0.0065601 secs] [Times: user=0.02 sys=0.00, real=0.01 secs] 
2023-01-17T04:44:09.634+0800: 82.700: [CMS-concurrent-mark-start]
2023-01-17T04:44:09.733+0800: 82.799: [CMS-concurrent-mark: 0.099/0.099 secs] [Times: user=0.31 sys=0.06, real=0.10 secs] 
2023-01-17T04:44:09.733+0800: 82.800: [CMS-concurrent-preclean-start]
2023-01-17T04:44:09.786+0800: 82.853: [CMS-concurrent-preclean: 0.053/0.053 secs] [Times: user=0.17 sys=0.03, real=0.05 secs] 
2023-01-17T04:44:09.787+0800: 82.853: [CMS-concurrent-abortable-preclean-start]
2023-01-17T04:44:09.787+0800: 82.853: [CMS-concurrent-abortable-preclean: 0.000/0.000 secs] [Times: user=0.00 sys=0.00, real=0.00 secs] 
2023-01-17T04:44:09.791+0800: 82.857: [GC (CMS Final Remark) [YG occupancy: 105334 K (115200 K)]2023-01-17T04:44:09.791+0800: 82.857: [Rescan (parallel) , 0.0292265 secs]2023-01-17T04:44:09.820+0800: 82.887: [weak refs processing, 0.0000400 secs]2023-01-17T04:44:09.820+0800: 82.887: [class unloading, 0.0135044 secs]2023-01-17T04:44:09.834+0800: 82.900: [scrub symbol table, 0.0051311 secs]2023-01-17T04:44:09.839+0800: 82.905: [scrub string table, 0.0008556 secs][1 CMS-remark: 134143K(134144K)] 239478K(249344K), 0.0489850 secs] [Times: user=0.13 sys=0.00, real=0.05 secs] 
2023-01-17T04:44:09.842+0800: 82.908: [CMS-concurrent-sweep-start]
2023-01-17T04:44:09.859+0800: 82.926: [CMS-concurrent-sweep: 0.018/0.018 secs] [Times: user=0.07 sys=0.01, real=0.01 secs] 
2023-01-17T04:44:09.860+0800: 82.926: [CMS-concurrent-reset-start]
2023-01-17T04:44:09.860+0800: 82.926: [CMS-concurrent-reset: 0.000/0.000 secs] [Times: user=0.00 sys=0.00, real=0.00 secs] 
{Heap before GC invocations=148 (full 248):
 par new generation   total 115200K, used 115199K [0x00000000f0000000, 0x00000000f7d00000, 0x00000000f7d00000)
  eden space 102400K, 100% used [0x00000000f0000000, 0x00000000f6400000, 0x00000000f6400000)
  from space 12800K,  99% used [0x00000000f6400000, 0x00000000f707fff0, 0x00000000f7080000)
  to   space 12800K,   0% used [0x00000000f7080000, 0x00000000f7080000, 0x00000000f7d00000)
 concurrent mark-sweep generation total 134144K, used 134143K [0x00000000f7d00000, 0x0000000100000000, 0x0000000100000000)
 Metaspace       used 51882K, capacity 54766K, committed 55296K, reserved 1097728K
  class space    used 6330K, capacity 6825K, committed 6912K, reserved 1048576K
2023-01-17T04:44:09.901+0800: 82.967: [GC (Allocation Failure) 2023-01-17T04:44:09.901+0800: 82.967: [ParNew: 115199K->115199K(115200K), 0.0000262 secs]2023-01-17T04:44:09.901+0800: 82.967: [CMS: 134143K->134143K(134144K), 0.1977525 secs] 249343K->140041K(249344K), [Metaspace: 51882K->51882K(1097728K)], 0.1981675 secs] [Times: user=0.19 sys=0.00, real=0.19 secs] 
Heap after GC invocations=149 (full 249):
 par new generation   total 115200K, used 5897K [0x00000000f0000000, 0x00000000f7d00000, 0x00000000f7d00000)
  eden space 102400K,   5% used [0x00000000f0000000, 0x00000000f05c26c0, 0x00000000f6400000)
  from space 12800K,   0% used [0x00000000f6400000, 0x00000000f6400000, 0x00000000f7080000)
  to   space 12800K,   0% used [0x00000000f7080000, 0x00000000f7080000, 0x00000000f7d00000)
 concurrent mark-sweep generation total 134144K, used 134143K [0x00000000f7d00000, 0x0000000100000000, 0x0000000100000000)
 Metaspace       used 51882K, capacity 54766K, committed 55296K, reserved 1097728K
  class space    used 6330K, capacity 6825K, committed 6912K, reserved 1048576K
}
2023-01-17T04:44:10.107+0800: 83.174: [GC (CMS Initial Mark) [1 CMS-initial-mark: 134143K(134144K)] 140859K(249344K), 0.0077061 secs] [Times: user=0.02 sys=0.00, real=0.01 secs] 
2023-01-17T04:44:10.115+0800: 83.182: [CMS-concurrent-mark-start]
2023-01-17T04:44:10.215+0800: 83.281: [CMS-concurrent-mark: 0.100/0.100 secs] [Times: user=0.26 sys=0.03, real=0.10 secs] 
2023-01-17T04:44:10.215+0800: 83.282: [CMS-concurrent-preclean-start]
2023-01-17T04:44:10.308+0800: 83.374: [CMS-concurrent-preclean: 0.092/0.092 secs] [Times: user=0.22 sys=0.03, real=0.09 secs] 
2023-01-17T04:44:10.308+0800: 83.374: [CMS-concurrent-abortable-preclean-start]
2023-01-17T04:44:10.308+0800: 83.374: [CMS-concurrent-abortable-preclean: 0.000/0.000 secs] [Times: user=0.00 sys=0.00, real=0.00 secs] 
2023-01-17T04:44:10.313+0800: 83.379: [GC (CMS Final Remark) [YG occupancy: 104683 K (115200 K)]2023-01-17T04:44:10.313+0800: 83.379: [Rescan (parallel) , 0.0403794 secs]2023-01-17T04:44:10.353+0800: 83.419: [weak refs processing, 0.0000480 secs]2023-01-17T04:44:10.353+0800: 83.419: [class unloading, 0.0140207 secs]2023-01-17T04:44:10.367+0800: 83.434: [scrub symbol table, 0.0051308 secs]2023-01-17T04:44:10.372+0800: 83.439: [scrub string table, 0.0008853 secs][1 CMS-remark: 134143K(134144K)] 238826K(249344K), 0.0607133 secs] [Times: user=0.14 sys=0.00, real=0.06 secs] 
2023-01-17T04:44:10.374+0800: 83.440: [CMS-concurrent-sweep-start]
2023-01-17T04:44:10.394+0800: 83.461: [CMS-concurrent-sweep: 0.021/0.021 secs] [Times: user=0.07 sys=0.00, real=0.02 secs] 
2023-01-17T04:44:10.395+0800: 83.461: [CMS-concurrent-reset-start]
2023-01-17T04:44:10.395+0800: 83.461: [CMS-concurrent-reset: 0.000/0.000 secs] [Times: user=0.00 sys=0.00, real=0.00 secs] 
{Heap before GC invocations=149 (full 250):
 par new generation   total 115200K, used 115199K [0x00000000f0000000, 0x00000000f7d00000, 0x00000000f7d00000)
  eden space 102400K, 100% used [0x00000000f0000000, 0x00000000f6400000, 0x00000000f6400000)
  from space 12800K,  99% used [0x00000000f6400000, 0x00000000f707fff0, 0x00000000f7080000)
  to   space 12800K,   0% used [0x00000000f7080000, 0x00000000f7080000, 0x00000000f7d00000)
 concurrent mark-sweep generation total 134144K, used 134143K [0x00000000f7d00000, 0x0000000100000000, 0x0000000100000000)
 Metaspace       used 51882K, capacity 54766K, committed 55296K, reserved 1097728K
  class space    used 6330K, capacity 6825K, committed 6912K, reserved 1048576K
2023-01-17T04:44:10.439+0800: 83.505: [GC (Allocation Failure) 2023-01-17T04:44:10.439+0800: 83.506: [ParNew: 115199K->115199K(115200K), 0.0000254 secs]2023-01-17T04:44:10.439+0800: 83.506: [CMS: 134143K->134143K(134144K), 0.1948971 secs] 249343K->140025K(249344K), [Metaspace: 51882K->51882K(1097728K)], 0.1952850 secs] [Times: user=0.20 sys=0.00, real=0.20 secs] 
Heap after GC invocations=150 (full 251):
 par new generation   total 115200K, used 5881K [0x00000000f0000000, 0x00000000f7d00000, 0x00000000f7d00000)
  eden space 102400K,   5% used [0x00000000f0000000, 0x00000000f05be4c0, 0x00000000f6400000)
  from space 12800K,   0% used [0x00000000f6400000, 0x00000000f6400000, 0x00000000f7080000)
  to   space 12800K,   0% used [0x00000000f7080000, 0x00000000f7080000, 0x00000000f7d00000)
 concurrent mark-sweep generation total 134144K, used 134143K [0x00000000f7d00000, 0x0000000100000000, 0x0000000100000000)
 Metaspace       used 51882K, capacity 54766K, committed 55296K, reserved 1097728K
  class space    used 6330K, capacity 6825K, committed 6912K, reserved 1048576K
}
2023-01-17T04:44:10.640+0800: 83.706: [GC (CMS Initial Mark) [1 CMS-initial-mark: 134143K(134144K)] 140657K(249344K), 0.0064165 secs] [Times: user=0.02 sys=0.00, real=0.00 secs] 
2023-01-17T04:44:10.647+0800: 83.713: [CMS-concurrent-mark-start]
2023-01-17T04:44:10.746+0800: 83.812: [CMS-concurrent-mark: 0.099/0.099 secs] [Times: user=0.31 sys=0.08, real=0.10 secs] 
2023-01-17T04:44:10.746+0800: 83.812: [CMS-concurrent-preclean-start]
2023-01-17T04:44:10.825+0800: 83.891: [CMS-concurrent-preclean: 0.079/0.079 secs] [Times: user=0.25 sys=0.03, real=0.08 secs] 
2023-01-17T04:44:10.825+0800: 83.891: [CMS-concurrent-abortable-preclean-start]
2023-01-17T04:44:10.825+0800: 83.891: [CMS-concurrent-abortable-preclean: 0.000/0.000 secs] [Times: user=0.00 sys=0.00, real=0.00 secs] 
2023-01-17T04:44:10.832+0800: 83.898: [GC (CMS Final Remark) [YG occupancy: 110591 K (115200 K)]2023-01-17T04:44:10.832+0800: 83.898: [Rescan (parallel) , 0.0373064 secs]2023-01-17T04:44:10.869+0800: 83.936: [weak refs processing, 0.0000527 secs]2023-01-17T04:44:10.870+0800: 83.936: [class unloading, 0.0138858 secs]2023-01-17T04:44:10.883+0800: 83.950: [scrub symbol table, 0.0051984 secs]2023-01-17T04:44:10.889+0800: 83.955: [scrub string table, 0.0008900 secs][1 CMS-remark: 134143K(134144K)] 244735K(249344K), 0.0576266 secs] [Times: user=0.14 sys=0.00, real=0.06 secs] 
2023-01-17T04:44:10.890+0800: 83.956: [CMS-concurrent-sweep-start]
2023-01-17T04:44:10.908+0800: 83.974: [CMS-concurrent-sweep: 0.018/0.018 secs] [Times: user=0.06 sys=0.00, real=0.01 secs] 
2023-01-17T04:44:10.908+0800: 83.974: [CMS-concurrent-reset-start]
2023-01-17T04:44:10.908+0800: 83.975: [CMS-concurrent-reset: 0.000/0.000 secs] [Times: user=0.00 sys=0.00, real=0.00 secs] 
{Heap before GC invocations=150 (full 252):
 par new generation   total 115200K, used 115199K [0x00000000f0000000, 0x00000000f7d00000, 0x00000000f7d00000)
  eden space 102400K, 100% used [0x00000000f0000000, 0x00000000f6400000, 0x00000000f6400000)
  from space 12800K,  99% used [0x00000000f6400000, 0x00000000f707fff8, 0x00000000f7080000)
  to   space 12800K,   0% used [0x00000000f7080000, 0x00000000f7080000, 0x00000000f7d00000)
 concurrent mark-sweep generation total 134144K, used 134143K [0x00000000f7d00000, 0x0000000100000000, 0x0000000100000000)
 Metaspace       used 51882K, capacity 54766K, committed 55296K, reserved 1097728K
  class space    used 6330K, capacity 6825K, committed 6912K, reserved 1048576K
2023-01-17T04:44:10.926+0800: 83.993: [GC (Allocation Failure) 2023-01-17T04:44:10.927+0800: 83.993: [ParNew: 115199K->115199K(115200K), 0.0000240 secs]2023-01-17T04:44:10.927+0800: 83.993: [CMS: 134143K->134143K(134144K), 0.2104295 secs] 249343K->140060K(249344K), [Metaspace: 51882K->51882K(1097728K)], 0.2108334 secs] [Times: user=0.21 sys=0.00, real=0.21 secs] 
Heap after GC invocations=151 (full 253):
 par new generation   total 115200K, used 5916K [0x00000000f0000000, 0x00000000f7d00000, 0x00000000f7d00000)
  eden space 102400K,   5% used [0x00000000f0000000, 0x00000000f05c7168, 0x00000000f6400000)
  from space 12800K,   0% used [0x00000000f6400000, 0x00000000f6400000, 0x00000000f7080000)
  to   space 12800K,   0% used [0x00000000f7080000, 0x00000000f7080000, 0x00000000f7d00000)
 concurrent mark-sweep generation total 134144K, used 134143K [0x00000000f7d00000, 0x0000000100000000, 0x0000000100000000)
 Metaspace       used 51882K, capacity 54766K, committed 55296K, reserved 1097728K
  class space    used 6330K, capacity 6825K, committed 6912K, reserved 1048576K
}
2023-01-17T04:44:11.143+0800: 84.209: [GC (CMS Initial Mark) [1 CMS-initial-mark: 134143K(134144K)] 140390K(249344K), 0.0064311 secs] [Times: user=0.02 sys=0.00, real=0.00 secs] 
2023-01-17T04:44:11.149+0800: 84.216: [CMS-concurrent-mark-start]
2023-01-17T04:44:11.222+0800: 84.288: [CMS-concurrent-mark: 0.073/0.073 secs] [Times: user=0.24 sys=0.04, real=0.08 secs] 
2023-01-17T04:44:11.222+0800: 84.289: [CMS-concurrent-preclean-start]
2023-01-17T04:44:11.270+0800: 84.337: [CMS-concurrent-preclean: 0.048/0.048 secs] [Times: user=0.15 sys=0.03, real=0.05 secs] 
2023-01-17T04:44:11.271+0800: 84.337: [CMS-concurrent-abortable-preclean-start]
2023-01-17T04:44:11.271+0800: 84.337: [CMS-concurrent-abortable-preclean: 0.000/0.000 secs] [Times: user=0.00 sys=0.00, real=0.00 secs] 
2023-01-17T04:44:11.277+0800: 84.343: [GC (CMS Final Remark) [YG occupancy: 91627 K (115200 K)]2023-01-17T04:44:11.277+0800: 84.343: [Rescan (parallel) , 0.0258916 secs]2023-01-17T04:44:11.303+0800: 84.369: [weak refs processing, 0.0000418 secs]2023-01-17T04:44:11.303+0800: 84.369: [class unloading, 0.0137473 secs]2023-01-17T04:44:11.316+0800: 84.383: [scrub symbol table, 0.0052750 secs]2023-01-17T04:44:11.322+0800: 84.388: [scrub string table, 0.0009016 secs][1 CMS-remark: 134143K(134144K)] 225771K(249344K), 0.0460982 secs] [Times: user=0.13 sys=0.00, real=0.05 secs] 
2023-01-17T04:44:11.323+0800: 84.389: [CMS-concurrent-sweep-start]
2023-01-17T04:44:11.341+0800: 84.407: [CMS-concurrent-sweep: 0.018/0.018 secs] [Times: user=0.06 sys=0.01, real=0.02 secs] 
2023-01-17T04:44:11.341+0800: 84.408: [CMS-concurrent-reset-start]
2023-01-17T04:44:11.342+0800: 84.408: [CMS-concurrent-reset: 0.000/0.000 secs] [Times: user=0.00 sys=0.00, real=0.00 secs] 
{Heap before GC invocations=151 (full 254):
 par new generation   total 115200K, used 115200K [0x00000000f0000000, 0x00000000f7d00000, 0x00000000f7d00000)
  eden space 102400K, 100% used [0x00000000f0000000, 0x00000000f6400000, 0x00000000f6400000)
  from space 12800K, 100% used [0x00000000f6400000, 0x00000000f7080000, 0x00000000f7080000)
  to   space 12800K,   0% used [0x00000000f7080000, 0x00000000f7080000, 0x00000000f7d00000)
 concurrent mark-sweep generation total 134144K, used 134143K [0x00000000f7d00000, 0x0000000100000000, 0x0000000100000000)
 Metaspace       used 51882K, capacity 54766K, committed 55296K, reserved 1097728K
  class space    used 6330K, capacity 6825K, committed 6912K, reserved 1048576K
2023-01-17T04:44:11.416+0800: 84.483: [GC (Allocation Failure) 2023-01-17T04:44:11.417+0800: 84.483: [ParNew: 115200K->115200K(115200K), 0.0000264 secs]2023-01-17T04:44:11.417+0800: 84.483: [CMS: 134143K->134143K(134144K), 0.1975428 secs] 249343K->140031K(249344K), [Metaspace: 51882K->51882K(1097728K)], 0.1979724 secs] [Times: user=0.20 sys=0.00, real=0.20 secs] 
Heap after GC invocations=152 (full 255):
 par new generation   total 115200K, used 5887K [0x00000000f0000000, 0x00000000f7d00000, 0x00000000f7d00000)
  eden space 102400K,   5% used [0x00000000f0000000, 0x00000000f05bff68, 0x00000000f6400000)
  from space 12800K,   0% used [0x00000000f6400000, 0x00000000f6400000, 0x00000000f7080000)
  to   space 12800K,   0% used [0x00000000f7080000, 0x00000000f7080000, 0x00000000f7d00000)
 concurrent mark-sweep generation total 134144K, used 134143K [0x00000000f7d00000, 0x0000000100000000, 0x0000000100000000)
 Metaspace       used 51882K, capacity 54766K, committed 55296K, reserved 1097728K
  class space    used 6330K, capacity 6825K, committed 6912K, reserved 1048576K
}
2023-01-17T04:44:11.623+0800: 84.689: [GC (CMS Initial Mark) [1 CMS-initial-mark: 134143K(134144K)] 142293K(249344K), 0.0125718 secs] [Times: user=0.02 sys=0.00, real=0.01 secs] 
2023-01-17T04:44:11.636+0800: 84.703: [CMS-concurrent-mark-start]
2023-01-17T04:44:11.771+0800: 84.838: [CMS-concurrent-mark: 0.135/0.135 secs] [Times: user=0.29 sys=0.04, real=0.14 secs] 
2023-01-17T04:44:11.772+0800: 84.838: [CMS-concurrent-preclean-start]
2023-01-17T04:44:11.822+0800: 84.888: [CMS-concurrent-preclean: 0.050/0.050 secs] [Times: user=0.13 sys=0.02, real=0.05 secs] 
2023-01-17T04:44:11.822+0800: 84.889: [CMS-concurrent-abortable-preclean-start]
2023-01-17T04:44:11.822+0800: 84.889: [CMS-concurrent-abortable-preclean: 0.000/0.000 secs] [Times: user=0.00 sys=0.00, real=0.00 secs] 
2023-01-17T04:44:11.838+0800: 84.904: [GC (CMS Final Remark) [YG occupancy: 103184 K (115200 K)]2023-01-17T04:44:11.838+0800: 84.904: [Rescan (parallel) , 0.0386322 secs]2023-01-17T04:44:11.876+0800: 84.943: [weak refs processing, 0.0000509 secs]2023-01-17T04:44:11.877+0800: 84.943: [class unloading, 0.0137524 secs]2023-01-17T04:44:11.890+0800: 84.957: [scrub symbol table, 0.0051175 secs]2023-01-17T04:44:11.895+0800: 84.962: [scrub string table, 0.0008903 secs][1 CMS-remark: 134143K(134144K)] 237328K(249344K), 0.0587025 secs] [Times: user=0.13 sys=0.00, real=0.06 secs] 
2023-01-17T04:44:11.897+0800: 84.963: [CMS-concurrent-sweep-start]
2023-01-17T04:44:11.915+0800: 84.982: [CMS-concurrent-sweep: 0.018/0.018 secs] [Times: user=0.07 sys=0.00, real=0.02 secs] 
2023-01-17T04:44:11.915+0800: 84.982: [CMS-concurrent-reset-start]
2023-01-17T04:44:11.916+0800: 84.982: [CMS-concurrent-reset: 0.000/0.000 secs] [Times: user=0.00 sys=0.00, real=0.00 secs] 
{Heap before GC invocations=152 (full 256):
 par new generation   total 115200K, used 115199K [0x00000000f0000000, 0x00000000f7d00000, 0x00000000f7d00000)
  eden space 102400K, 100% used [0x00000000f0000000, 0x00000000f6400000, 0x00000000f6400000)
  from space 12800K,  99% used [0x00000000f6400000, 0x00000000f707ffd0, 0x00000000f7080000)
  to   space 12800K,   0% used [0x00000000f7080000, 0x00000000f7080000, 0x00000000f7d00000)
 concurrent mark-sweep generation total 134144K, used 134143K [0x00000000f7d00000, 0x0000000100000000, 0x0000000100000000)
 Metaspace       used 51882K, capacity 54766K, committed 55296K, reserved 1097728K
  class space    used 6330K, capacity 6825K, committed 6912K, reserved 1048576K
2023-01-17T04:44:11.970+0800: 85.036: [GC (Allocation Failure) 2023-01-17T04:44:11.970+0800: 85.036: [ParNew: 115199K->115199K(115200K), 0.0000254 secs]2023-01-17T04:44:11.970+0800: 85.036: [CMS: 134143K->134143K(134144K), 0.1962435 secs] 249343K->140018K(249344K), [Metaspace: 51882K->51882K(1097728K)], 0.1966726 secs] [Times: user=0.20 sys=0.00, real=0.19 secs] 
Heap after GC invocations=153 (full 257):
 par new generation   total 115200K, used 5874K [0x00000000f0000000, 0x00000000f7d00000, 0x00000000f7d00000)
  eden space 102400K,   5% used [0x00000000f0000000, 0x00000000f05bc9a8, 0x00000000f6400000)
  from space 12800K,   0% used [0x00000000f6400000, 0x00000000f6400000, 0x00000000f7080000)
  to   space 12800K,   0% used [0x00000000f7080000, 0x00000000f7080000, 0x00000000f7d00000)
 concurrent mark-sweep generation total 134144K, used 134143K [0x00000000f7d00000, 0x0000000100000000, 0x0000000100000000)
 Metaspace       used 51882K, capacity 54766K, committed 55296K, reserved 1097728K
  class space    used 6330K, capacity 6825K, committed 6912K, reserved 1048576K
}
2023-01-17T04:44:12.172+0800: 85.238: [GC (CMS Initial Mark) [1 CMS-initial-mark: 134143K(134144K)] 140390K(249344K), 0.0068173 secs] [Times: user=0.02 sys=0.00, real=0.00 secs] 
2023-01-17T04:44:12.179+0800: 85.246: [CMS-concurrent-mark-start]
2023-01-17T04:44:12.252+0800: 85.319: [CMS-concurrent-mark: 0.073/0.073 secs] [Times: user=0.24 sys=0.04, real=0.08 secs] 
2023-01-17T04:44:12.253+0800: 85.319: [CMS-concurrent-preclean-start]
2023-01-17T04:44:12.301+0800: 85.367: [CMS-concurrent-preclean: 0.048/0.048 secs] [Times: user=0.15 sys=0.04, real=0.05 secs] 
2023-01-17T04:44:12.301+0800: 85.367: [CMS-concurrent-abortable-preclean-start]
2023-01-17T04:44:12.301+0800: 85.367: [CMS-concurrent-abortable-preclean: 0.000/0.000 secs] [Times: user=0.00 sys=0.00, real=0.00 secs] 
2023-01-17T04:44:12.312+0800: 85.379: [GC (CMS Final Remark) [YG occupancy: 94274 K (115200 K)]2023-01-17T04:44:12.312+0800: 85.379: [Rescan (parallel) , 0.0277622 secs]2023-01-17T04:44:12.340+0800: 85.406: [weak refs processing, 0.0000458 secs]2023-01-17T04:44:12.340+0800: 85.407: [class unloading, 0.0138810 secs]2023-01-17T04:44:12.354+0800: 85.420: [scrub symbol table, 0.0050530 secs]2023-01-17T04:44:12.359+0800: 85.425: [scrub string table, 0.0008754 secs][1 CMS-remark: 134143K(134144K)] 228418K(249344K), 0.0478910 secs] [Times: user=0.12 sys=0.00, real=0.05 secs] 
2023-01-17T04:44:12.360+0800: 85.427: [CMS-concurrent-sweep-start]
2023-01-17T04:44:12.381+0800: 85.448: [CMS-concurrent-sweep: 0.021/0.021 secs] [Times: user=0.06 sys=0.01, real=0.02 secs] 
2023-01-17T04:44:12.382+0800: 85.448: [CMS-concurrent-reset-start]
2023-01-17T04:44:12.382+0800: 85.448: [CMS-concurrent-reset: 0.000/0.000 secs] [Times: user=0.00 sys=0.00, real=0.00 secs] 
{Heap before GC invocations=153 (full 258):
 par new generation   total 115200K, used 115200K [0x00000000f0000000, 0x00000000f7d00000, 0x00000000f7d00000)
  eden space 102400K, 100% used [0x00000000f0000000, 0x00000000f6400000, 0x00000000f6400000)
  from space 12800K, 100% used [0x00000000f6400000, 0x00000000f7080000, 0x00000000f7080000)
  to   space 12800K,   0% used [0x00000000f7080000, 0x00000000f7080000, 0x00000000f7d00000)
 concurrent mark-sweep generation total 134144K, used 134143K [0x00000000f7d00000, 0x0000000100000000, 0x0000000100000000)
 Metaspace       used 51882K, capacity 54766K, committed 55296K, reserved 1097728K
  class space    used 6330K, capacity 6825K, committed 6912K, reserved 1048576K
2023-01-17T04:44:12.457+0800: 85.523: [GC (Allocation Failure) 2023-01-17T04:44:12.457+0800: 85.524: [ParNew: 115200K->115200K(115200K), 0.0000404 secs]2023-01-17T04:44:12.457+0800: 85.524: [CMS: 134143K->134143K(134144K), 0.2114350 secs] 249343K->140026K(249344K), [Metaspace: 51882K->51882K(1097728K)], 0.2119634 secs] [Times: user=0.21 sys=0.00, real=0.21 secs] 
Heap after GC invocations=154 (full 259):
 par new generation   total 115200K, used 5882K [0x00000000f0000000, 0x00000000f7d00000, 0x00000000f7d00000)
  eden space 102400K,   5% used [0x00000000f0000000, 0x00000000f05be9b8, 0x00000000f6400000)
  from space 12800K,   0% used [0x00000000f6400000, 0x00000000f6400000, 0x00000000f7080000)
  to   space 12800K,   0% used [0x00000000f7080000, 0x00000000f7080000, 0x00000000f7d00000)
 concurrent mark-sweep generation total 134144K, used 134143K [0x00000000f7d00000, 0x0000000100000000, 0x0000000100000000)
 Metaspace       used 51882K, capacity 54766K, committed 55296K, reserved 1097728K
  class space    used 6330K, capacity 6825K, committed 6912K, reserved 1048576K
}
2023-01-17T04:44:12.674+0800: 85.741: [GC (CMS Initial Mark) [1 CMS-initial-mark: 134143K(134144K)] 140290K(249344K), 0.0062727 secs] [Times: user=0.03 sys=0.00, real=0.01 secs] 
2023-01-17T04:44:12.681+0800: 85.747: [CMS-concurrent-mark-start]
2023-01-17T04:44:12.756+0800: 85.822: [CMS-concurrent-mark: 0.075/0.075 secs] [Times: user=0.23 sys=0.04, real=0.07 secs] 
2023-01-17T04:44:12.756+0800: 85.823: [CMS-concurrent-preclean-start]
2023-01-17T04:44:12.807+0800: 85.873: [CMS-concurrent-preclean: 0.051/0.051 secs] [Times: user=0.14 sys=0.01, real=0.05 secs] 
2023-01-17T04:44:12.807+0800: 85.873: [CMS-concurrent-abortable-preclean-start]
2023-01-17T04:44:12.807+0800: 85.873: [CMS-concurrent-abortable-preclean: 0.000/0.000 secs] [Times: user=0.00 sys=0.00, real=0.00 secs] 
2023-01-17T04:44:12.812+0800: 85.878: [GC (CMS Final Remark) [YG occupancy: 77141 K (115200 K)]2023-01-17T04:44:12.812+0800: 85.878: [Rescan (parallel) , 0.0274950 secs]2023-01-17T04:44:12.839+0800: 85.906: [weak refs processing, 0.0000456 secs]2023-01-17T04:44:12.839+0800: 85.906: [class unloading, 0.0141658 secs]2023-01-17T04:44:12.854+0800: 85.920: [scrub symbol table, 0.0052063 secs]2023-01-17T04:44:12.859+0800: 85.925: [scrub string table, 0.0008776 secs][1 CMS-remark: 134143K(134144K)] 211285K(249344K), 0.0480290 secs] [Times: user=0.11 sys=0.00, real=0.05 secs] 
2023-01-17T04:44:12.860+0800: 85.926: [CMS-concurrent-sweep-start]
2023-01-17T04:44:12.878+0800: 85.944: [CMS-concurrent-sweep: 0.018/0.018 secs] [Times: user=0.05 sys=0.01, real=0.01 secs] 
2023-01-17T04:44:12.878+0800: 85.945: [CMS-concurrent-reset-start]
2023-01-17T04:44:12.878+0800: 85.945: [CMS-concurrent-reset: 0.000/0.000 secs] [Times: user=0.00 sys=0.00, real=0.00 secs] 
{Heap before GC invocations=154 (full 260):
 par new generation   total 115200K, used 115199K [0x00000000f0000000, 0x00000000f7d00000, 0x00000000f7d00000)
  eden space 102400K, 100% used [0x00000000f0000000, 0x00000000f6400000, 0x00000000f6400000)
  from space 12800K,  99% used [0x00000000f6400000, 0x00000000f707fff8, 0x00000000f7080000)
  to   space 12800K,   0% used [0x00000000f7080000, 0x00000000f7080000, 0x00000000f7d00000)
 concurrent mark-sweep generation total 134144K, used 134143K [0x00000000f7d00000, 0x0000000100000000, 0x0000000100000000)
 Metaspace       used 51882K, capacity 54766K, committed 55296K, reserved 1097728K
  class space    used 6330K, capacity 6825K, committed 6912K, reserved 1048576K
2023-01-17T04:44:12.984+0800: 86.050: [GC (Allocation Failure) 2023-01-17T04:44:12.984+0800: 86.051: [ParNew: 115199K->115199K(115200K), 0.0000307 secs]2023-01-17T04:44:12.984+0800: 86.051: [CMS: 134143K->134143K(134144K), 0.1979283 secs] 249343K->140094K(249344K), [Metaspace: 51882K->51882K(1097728K)], 0.1983762 secs] [Times: user=0.20 sys=0.00, real=0.20 secs] 
Heap after GC invocations=155 (full 261):
 par new generation   total 115200K, used 5950K [0x00000000f0000000, 0x00000000f7d00000, 0x00000000f7d00000)
  eden space 102400K,   5% used [0x00000000f0000000, 0x00000000f05cfa60, 0x00000000f6400000)
  from space 12800K,   0% used [0x00000000f6400000, 0x00000000f6400000, 0x00000000f7080000)
  to   space 12800K,   0% used [0x00000000f7080000, 0x00000000f7080000, 0x00000000f7d00000)
 concurrent mark-sweep generation total 134144K, used 134143K [0x00000000f7d00000, 0x0000000100000000, 0x0000000100000000)
 Metaspace       used 51882K, capacity 54766K, committed 55296K, reserved 1097728K
  class space    used 6330K, capacity 6825K, committed 6912K, reserved 1048576K
}
2023-01-17T04:44:13.188+0800: 86.255: [GC (CMS Initial Mark) [1 CMS-initial-mark: 134143K(134144K)] 140443K(249344K), 0.0077179 secs] [Times: user=0.02 sys=0.00, real=0.01 secs] 
2023-01-17T04:44:13.196+0800: 86.263: [CMS-concurrent-mark-start]
2023-01-17T04:44:13.297+0800: 86.364: [CMS-concurrent-mark: 0.101/0.101 secs] [Times: user=0.26 sys=0.04, real=0.10 secs] 
2023-01-17T04:44:13.298+0800: 86.364: [CMS-concurrent-preclean-start]
2023-01-17T04:44:13.386+0800: 86.452: [CMS-concurrent-preclean: 0.088/0.088 secs] [Times: user=0.22 sys=0.04, real=0.09 secs] 
2023-01-17T04:44:13.386+0800: 86.452: [CMS-concurrent-abortable-preclean-start]
2023-01-17T04:44:13.386+0800: 86.452: [CMS-concurrent-abortable-preclean: 0.000/0.000 secs] [Times: user=0.01 sys=0.00, real=0.00 secs] 
2023-01-17T04:44:13.392+0800: 86.459: [GC (CMS Final Remark) [YG occupancy: 105502 K (115200 K)]2023-01-17T04:44:13.392+0800: 86.459: [Rescan (parallel) , 0.0296776 secs]2023-01-17T04:44:13.422+0800: 86.488: [weak refs processing, 0.0000481 secs]2023-01-17T04:44:13.422+0800: 86.488: [class unloading, 0.0138401 secs]2023-01-17T04:44:13.436+0800: 86.502: [scrub symbol table, 0.0050925 secs]2023-01-17T04:44:13.441+0800: 86.507: [scrub string table, 0.0008724 secs][1 CMS-remark: 134143K(134144K)] 239646K(249344K), 0.0497687 secs] [Times: user=0.13 sys=0.00, real=0.05 secs] 
2023-01-17T04:44:13.442+0800: 86.509: [CMS-concurrent-sweep-start]
2023-01-17T04:44:13.458+0800: 86.525: [CMS-concurrent-sweep: 0.016/0.016 secs] [Times: user=0.06 sys=0.01, real=0.01 secs] 
2023-01-17T04:44:13.459+0800: 86.525: [CMS-concurrent-reset-start]
2023-01-17T04:44:13.459+0800: 86.525: [CMS-concurrent-reset: 0.000/0.000 secs] [Times: user=0.00 sys=0.00, real=0.00 secs] 
{Heap before GC invocations=155 (full 262):
 par new generation   total 115200K, used 115199K [0x00000000f0000000, 0x00000000f7d00000, 0x00000000f7d00000)
  eden space 102400K, 100% used [0x00000000f0000000, 0x00000000f6400000, 0x00000000f6400000)
  from space 12800K,  99% used [0x00000000f6400000, 0x00000000f707fff8, 0x00000000f7080000)
  to   space 12800K,   0% used [0x00000000f7080000, 0x00000000f7080000, 0x00000000f7d00000)
 concurrent mark-sweep generation total 134144K, used 134143K [0x00000000f7d00000, 0x0000000100000000, 0x0000000100000000)
 Metaspace       used 51882K, capacity 54766K, committed 55296K, reserved 1097728K
  class space    used 6330K, capacity 6825K, committed 6912K, reserved 1048576K
2023-01-17T04:44:13.502+0800: 86.568: [GC (Allocation Failure) 2023-01-17T04:44:13.502+0800: 86.569: [ParNew: 115199K->115199K(115200K), 0.0000278 secs]2023-01-17T04:44:13.502+0800: 86.569: [CMS: 134143K->134143K(134144K), 0.1950885 secs] 249343K->140055K(249344K), [Metaspace: 51882K->51882K(1097728K)], 0.1954878 secs] [Times: user=0.20 sys=0.00, real=0.19 secs] 
Heap after GC invocations=156 (full 263):
 par new generation   total 115200K, used 5911K [0x00000000f0000000, 0x00000000f7d00000, 0x00000000f7d00000)
  eden space 102400K,   5% used [0x00000000f0000000, 0x00000000f05c5cf0, 0x00000000f6400000)
  from space 12800K,   0% used [0x00000000f6400000, 0x00000000f6400000, 0x00000000f7080000)
  to   space 12800K,   0% used [0x00000000f7080000, 0x00000000f7080000, 0x00000000f7d00000)
 concurrent mark-sweep generation total 134144K, used 134143K [0x00000000f7d00000, 0x0000000100000000, 0x0000000100000000)
 Metaspace       used 51882K, capacity 54766K, committed 55296K, reserved 1097728K
  class space    used 6330K, capacity 6825K, committed 6912K, reserved 1048576K
}
2023-01-17T04:44:13.704+0800: 86.770: [GC (CMS Initial Mark) [1 CMS-initial-mark: 134143K(134144K)] 141102K(249344K), 0.0067765 secs] [Times: user=0.02 sys=0.00, real=0.01 secs] 
2023-01-17T04:44:13.711+0800: 86.777: [CMS-concurrent-mark-start]
2023-01-17T04:44:13.803+0800: 86.869: [CMS-concurrent-mark: 0.092/0.092 secs] [Times: user=0.29 sys=0.07, real=0.09 secs] 
2023-01-17T04:44:13.803+0800: 86.870: [CMS-concurrent-preclean-start]
2023-01-17T04:44:13.900+0800: 86.967: [CMS-concurrent-preclean: 0.097/0.097 secs] [Times: user=0.32 sys=0.04, real=0.10 secs] 
2023-01-17T04:44:13.901+0800: 86.967: [CMS-concurrent-abortable-preclean-start]
2023-01-17T04:44:13.901+0800: 86.967: [CMS-concurrent-abortable-preclean: 0.000/0.000 secs] [Times: user=0.00 sys=0.00, real=0.00 secs] 
2023-01-17T04:44:13.908+0800: 86.974: [GC (CMS Final Remark) [YG occupancy: 107158 K (115200 K)]2023-01-17T04:44:13.908+0800: 86.974: [Rescan (parallel) , 0.0548381 secs]2023-01-17T04:44:13.963+0800: 87.029: [weak refs processing, 0.0000732 secs]2023-01-17T04:44:13.963+0800: 87.029: [class unloading, 0.0145161 secs]2023-01-17T04:44:13.977+0800: 87.044: [scrub symbol table, 0.0053229 secs]2023-01-17T04:44:13.983+0800: 87.049: [scrub string table, 0.0009000 secs][1 CMS-remark: 134143K(134144K)] 241302K(249344K), 0.0759263 secs] [Times: user=0.17 sys=0.00, real=0.08 secs] 
2023-01-17T04:44:13.984+0800: 87.050: [CMS-concurrent-sweep-start]
2023-01-17T04:44:14.004+0800: 87.071: [CMS-concurrent-sweep: 0.021/0.021 secs] [Times: user=0.04 sys=0.00, real=0.02 secs] 
2023-01-17T04:44:14.005+0800: 87.071: [CMS-concurrent-reset-start]
2023-01-17T04:44:14.005+0800: 87.071: [CMS-concurrent-reset: 0.000/0.000 secs] [Times: user=0.00 sys=0.00, real=0.00 secs] 
{Heap before GC invocations=156 (full 264):
 par new generation   total 115200K, used 115199K [0x00000000f0000000, 0x00000000f7d00000, 0x00000000f7d00000)
  eden space 102400K, 100% used [0x00000000f0000000, 0x00000000f6400000, 0x00000000f6400000)
  from space 12800K,  99% used [0x00000000f6400000, 0x00000000f707fff8, 0x00000000f7080000)
  to   space 12800K,   0% used [0x00000000f7080000, 0x00000000f7080000, 0x00000000f7d00000)
 concurrent mark-sweep generation total 134144K, used 134143K [0x00000000f7d00000, 0x0000000100000000, 0x0000000100000000)
 Metaspace       used 51891K, capacity 54766K, committed 55296K, reserved 1097728K
  class space    used 6330K, capacity 6825K, committed 6912K, reserved 1048576K
2023-01-17T04:44:14.069+0800: 87.136: [GC (Allocation Failure) 2023-01-17T04:44:14.070+0800: 87.136: [ParNew: 115199K->115199K(115200K), 0.0000281 secs]2023-01-17T04:44:14.070+0800: 87.136: [CMS: 134143K->134143K(134144K), 0.1988759 secs] 249343K->140045K(249344K), [Metaspace: 51891K->51891K(1097728K)], 0.1993264 secs] [Times: user=0.20 sys=0.00, real=0.20 secs] 
Heap after GC invocations=157 (full 265):
 par new generation   total 115200K, used 5901K [0x00000000f0000000, 0x00000000f7d00000, 0x00000000f7d00000)
  eden space 102400K,   5% used [0x00000000f0000000, 0x00000000f05c3768, 0x00000000f6400000)
  from space 12800K,   0% used [0x00000000f6400000, 0x00000000f6400000, 0x00000000f7080000)
  to   space 12800K,   0% used [0x00000000f7080000, 0x00000000f7080000, 0x00000000f7d00000)
 concurrent mark-sweep generation total 134144K, used 134143K [0x00000000f7d00000, 0x0000000100000000, 0x0000000100000000)
 Metaspace       used 51891K, capacity 54766K, committed 55296K, reserved 1097728K
  class space    used 6330K, capacity 6825K, committed 6912K, reserved 1048576K
}
2023-01-17T04:44:14.274+0800: 87.340: [GC (CMS Initial Mark) [1 CMS-initial-mark: 134143K(134144K)] 140104K(249344K), 0.0064506 secs] [Times: user=0.02 sys=0.00, real=0.01 secs] 
2023-01-17T04:44:14.280+0800: 87.347: [CMS-concurrent-mark-start]
2023-01-17T04:44:14.353+0800: 87.419: [CMS-concurrent-mark: 0.072/0.072 secs] [Times: user=0.25 sys=0.03, real=0.07 secs] 
2023-01-17T04:44:14.353+0800: 87.419: [CMS-concurrent-preclean-start]
2023-01-17T04:44:14.408+0800: 87.474: [CMS-concurrent-preclean: 0.055/0.055 secs] [Times: user=0.17 sys=0.04, real=0.05 secs] 
2023-01-17T04:44:14.408+0800: 87.475: [CMS-concurrent-abortable-preclean-start]
2023-01-17T04:44:14.408+0800: 87.475: [CMS-concurrent-abortable-preclean: 0.000/0.000 secs] [Times: user=0.00 sys=0.00, real=0.00 secs] 
2023-01-17T04:44:14.415+0800: 87.481: [GC (CMS Final Remark) [YG occupancy: 96531 K (115200 K)]2023-01-17T04:44:14.415+0800: 87.481: [Rescan (parallel) , 0.0272507 secs]2023-01-17T04:44:14.442+0800: 87.509: [weak refs processing, 0.0000411 secs]2023-01-17T04:44:14.442+0800: 87.509: [class unloading, 0.0135399 secs]2023-01-17T04:44:14.456+0800: 87.522: [scrub symbol table, 0.0052168 secs]2023-01-17T04:44:14.461+0800: 87.528: [scrub string table, 0.0008639 secs][1 CMS-remark: 134143K(134144K)] 230675K(249344K), 0.0471392 secs] [Times: user=0.13 sys=0.00, real=0.05 secs] 
2023-01-17T04:44:14.462+0800: 87.529: [CMS-concurrent-sweep-start]
2023-01-17T04:44:14.480+0800: 87.547: [CMS-concurrent-sweep: 0.018/0.018 secs] [Times: user=0.06 sys=0.01, real=0.02 secs] 
2023-01-17T04:44:14.481+0800: 87.548: [CMS-concurrent-reset-start]
2023-01-17T04:44:14.482+0800: 87.548: [CMS-concurrent-reset: 0.000/0.000 secs] [Times: user=0.00 sys=0.00, real=0.00 secs] 
{Heap before GC invocations=157 (full 266):
 par new generation   total 115200K, used 115200K [0x00000000f0000000, 0x00000000f7d00000, 0x00000000f7d00000)
  eden space 102400K, 100% used [0x00000000f0000000, 0x00000000f6400000, 0x00000000f6400000)
  from space 12800K, 100% used [0x00000000f6400000, 0x00000000f7080000, 0x00000000f7080000)
  to   space 12800K,   0% used [0x00000000f7080000, 0x00000000f7080000, 0x00000000f7d00000)
 concurrent mark-sweep generation total 134144K, used 134143K [0x00000000f7d00000, 0x0000000100000000, 0x0000000100000000)
 Metaspace       used 51891K, capacity 54766K, committed 55296K, reserved 1097728K
  class space    used 6330K, capacity 6825K, committed 6912K, reserved 1048576K
2023-01-17T04:44:14.547+0800: 87.613: [GC (Allocation Failure) 2023-01-17T04:44:14.547+0800: 87.613: [ParNew: 115200K->115200K(115200K), 0.0000276 secs]2023-01-17T04:44:14.547+0800: 87.614: [CMS: 134143K->134143K(134144K), 0.2042484 secs] 249343K->140022K(249344K), [Metaspace: 51891K->51891K(1097728K)], 0.2046804 secs] [Times: user=0.21 sys=0.00, real=0.21 secs] 
Heap after GC invocations=158 (full 267):
 par new generation   total 115200K, used 5878K [0x00000000f0000000, 0x00000000f7d00000, 0x00000000f7d00000)
  eden space 102400K,   5% used [0x00000000f0000000, 0x00000000f05bdbc0, 0x00000000f6400000)
  from space 12800K,   0% used [0x00000000f6400000, 0x00000000f6400000, 0x00000000f7080000)
  to   space 12800K,   0% used [0x00000000f7080000, 0x00000000f7080000, 0x00000000f7d00000)
 concurrent mark-sweep generation total 134144K, used 134143K [0x00000000f7d00000, 0x0000000100000000, 0x0000000100000000)
 Metaspace       used 51891K, capacity 54766K, committed 55296K, reserved 1097728K
  class space    used 6330K, capacity 6825K, committed 6912K, reserved 1048576K
}
2023-01-17T04:44:14.756+0800: 87.823: [GC (CMS Initial Mark) [1 CMS-initial-mark: 134143K(134144K)] 140035K(249344K), 0.0073570 secs] [Times: user=0.02 sys=0.00, real=0.01 secs] 
2023-01-17T04:44:14.764+0800: 87.830: [CMS-concurrent-mark-start]
2023-01-17T04:44:14.873+0800: 87.940: [CMS-concurrent-mark: 0.109/0.109 secs] [Times: user=0.27 sys=0.06, real=0.11 secs] 
2023-01-17T04:44:14.874+0800: 87.940: [CMS-concurrent-preclean-start]
2023-01-17T04:44:14.943+0800: 88.009: [CMS-concurrent-preclean: 0.069/0.069 secs] [Times: user=0.20 sys=0.04, real=0.07 secs] 
2023-01-17T04:44:14.943+0800: 88.010: [CMS-concurrent-abortable-preclean-start]
2023-01-17T04:44:14.943+0800: 88.010: [CMS-concurrent-abortable-preclean: 0.000/0.000 secs] [Times: user=0.00 sys=0.00, real=0.00 secs] 
2023-01-17T04:44:14.948+0800: 88.014: [GC (CMS Final Remark) [YG occupancy: 104983 K (115200 K)]2023-01-17T04:44:14.948+0800: 88.014: [Rescan (parallel) , 0.0291465 secs]2023-01-17T04:44:14.977+0800: 88.044: [weak refs processing, 0.0000429 secs]2023-01-17T04:44:14.977+0800: 88.044: [class unloading, 0.0142497 secs]2023-01-17T04:44:14.992+0800: 88.058: [scrub symbol table, 0.0050390 secs]2023-01-17T04:44:14.997+0800: 88.063: [scrub string table, 0.0008724 secs][1 CMS-remark: 134143K(134144K)] 239127K(249344K), 0.0496152 secs] [Times: user=0.13 sys=0.00, real=0.05 secs] 
2023-01-17T04:44:14.998+0800: 88.065: [CMS-concurrent-sweep-start]
2023-01-17T04:44:15.016+0800: 88.083: [CMS-concurrent-sweep: 0.018/0.018 secs] [Times: user=0.07 sys=0.01, real=0.02 secs] 
2023-01-17T04:44:15.017+0800: 88.083: [CMS-concurrent-reset-start]
2023-01-17T04:44:15.017+0800: 88.083: [CMS-concurrent-reset: 0.000/0.000 secs] [Times: user=0.00 sys=0.00, real=0.00 secs] 
{Heap before GC invocations=158 (full 268):
 par new generation   total 115200K, used 115199K [0x00000000f0000000, 0x00000000f7d00000, 0x00000000f7d00000)
  eden space 102400K, 100% used [0x00000000f0000000, 0x00000000f6400000, 0x00000000f6400000)
  from space 12800K,  99% used [0x00000000f6400000, 0x00000000f707fff8, 0x00000000f7080000)
  to   space 12800K,   0% used [0x00000000f7080000, 0x00000000f7080000, 0x00000000f7d00000)
 concurrent mark-sweep generation total 134144K, used 134143K [0x00000000f7d00000, 0x0000000100000000, 0x0000000100000000)
 Metaspace       used 51891K, capacity 54766K, committed 55296K, reserved 1097728K
  class space    used 6330K, capacity 6825K, committed 6912K, reserved 1048576K
2023-01-17T04:44:15.060+0800: 88.126: [GC (Allocation Failure) 2023-01-17T04:44:15.060+0800: 88.127: [ParNew: 115199K->115199K(115200K), 0.0000294 secs]2023-01-17T04:44:15.060+0800: 88.127: [CMS: 134143K->134143K(134144K), 0.1954480 secs] 249343K->140029K(249344K), [Metaspace: 51891K->51891K(1097728K)], 0.1958834 secs] [Times: user=0.20 sys=0.00, real=0.19 secs] 
Heap after GC invocations=159 (full 269):
 par new generation   total 115200K, used 5885K [0x00000000f0000000, 0x00000000f7d00000, 0x00000000f7d00000)
  eden space 102400K,   5% used [0x00000000f0000000, 0x00000000f05bf488, 0x00000000f6400000)
  from space 12800K,   0% used [0x00000000f6400000, 0x00000000f6400000, 0x00000000f7080000)
  to   space 12800K,   0% used [0x00000000f7080000, 0x00000000f7080000, 0x00000000f7d00000)
 concurrent mark-sweep generation total 134144K, used 134143K [0x00000000f7d00000, 0x0000000100000000, 0x0000000100000000)
 Metaspace       used 51891K, capacity 54766K, committed 55296K, reserved 1097728K
  class space    used 6330K, capacity 6825K, committed 6912K, reserved 1048576K
}
2023-01-17T04:44:15.261+0800: 88.327: [GC (CMS Initial Mark) [1 CMS-initial-mark: 134143K(134144K)] 140084K(249344K), 0.0078815 secs] [Times: user=0.03 sys=0.00, real=0.00 secs] 
2023-01-17T04:44:15.269+0800: 88.336: [CMS-concurrent-mark-start]
2023-01-17T04:44:15.341+0800: 88.408: [CMS-concurrent-mark: 0.072/0.072 secs] [Times: user=0.22 sys=0.02, real=0.08 secs] 
2023-01-17T04:44:15.341+0800: 88.408: [CMS-concurrent-preclean-start]
2023-01-17T04:44:15.390+0800: 88.456: [CMS-concurrent-preclean: 0.049/0.049 secs] [Times: user=0.14 sys=0.02, real=0.05 secs] 
2023-01-17T04:44:15.390+0800: 88.457: [CMS-concurrent-abortable-preclean-start]
2023-01-17T04:44:15.390+0800: 88.457: [CMS-concurrent-abortable-preclean: 0.000/0.000 secs] [Times: user=0.00 sys=0.00, real=0.00 secs] 
2023-01-17T04:44:15.402+0800: 88.469: [GC (CMS Final Remark) [YG occupancy: 79428 K (115200 K)]2023-01-17T04:44:15.403+0800: 88.469: [Rescan (parallel) , 0.0419990 secs]2023-01-17T04:44:15.445+0800: 88.511: [weak refs processing, 0.0000467 secs]2023-01-17T04:44:15.445+0800: 88.511: [class unloading, 0.0142770 secs]2023-01-17T04:44:15.459+0800: 88.525: [scrub symbol table, 0.0051622 secs]2023-01-17T04:44:15.464+0800: 88.530: [scrub string table, 0.0009024 secs][1 CMS-remark: 134143K(134144K)] 213572K(249344K), 0.0626557 secs] [Times: user=0.12 sys=0.00, real=0.06 secs] 
2023-01-17T04:44:15.465+0800: 88.532: [CMS-concurrent-sweep-start]
2023-01-17T04:44:15.487+0800: 88.554: [CMS-concurrent-sweep: 0.022/0.022 secs] [Times: user=0.05 sys=0.01, real=0.02 secs] 
2023-01-17T04:44:15.488+0800: 88.555: [CMS-concurrent-reset-start]
2023-01-17T04:44:15.489+0800: 88.555: [CMS-concurrent-reset: 0.000/0.000 secs] [Times: user=0.01 sys=0.00, real=0.00 secs] 
{Heap before GC invocations=159 (full 270):
 par new generation   total 115200K, used 115199K [0x00000000f0000000, 0x00000000f7d00000, 0x00000000f7d00000)
  eden space 102400K, 100% used [0x00000000f0000000, 0x00000000f6400000, 0x00000000f6400000)
  from space 12800K,  99% used [0x00000000f6400000, 0x00000000f707fff8, 0x00000000f7080000)
  to   space 12800K,   0% used [0x00000000f7080000, 0x00000000f7080000, 0x00000000f7d00000)
 concurrent mark-sweep generation total 134144K, used 134143K [0x00000000f7d00000, 0x0000000100000000, 0x0000000100000000)
 Metaspace       used 51891K, capacity 54766K, committed 55296K, reserved 1097728K
  class space    used 6330K, capacity 6825K, committed 6912K, reserved 1048576K
2023-01-17T04:44:15.594+0800: 88.661: [GC (Allocation Failure) 2023-01-17T04:44:15.594+0800: 88.661: [ParNew: 115199K->115199K(115200K), 0.0000297 secs]2023-01-17T04:44:15.594+0800: 88.661: [CMS: 134143K->134143K(134144K), 0.1948567 secs] 249343K->140043K(249344K), [Metaspace: 51891K->51891K(1097728K)], 0.1952849 secs] [Times: user=0.19 sys=0.00, real=0.20 secs] 
Heap after GC invocations=160 (full 271):
 par new generation   total 115200K, used 5899K [0x00000000f0000000, 0x00000000f7d00000, 0x00000000f7d00000)
  eden space 102400K,   5% used [0x00000000f0000000, 0x00000000f05c2f18, 0x00000000f6400000)
  from space 12800K,   0% used [0x00000000f6400000, 0x00000000f6400000, 0x00000000f7080000)
  to   space 12800K,   0% used [0x00000000f7080000, 0x00000000f7080000, 0x00000000f7d00000)
 concurrent mark-sweep generation total 134144K, used 134143K [0x00000000f7d00000, 0x0000000100000000, 0x0000000100000000)
 Metaspace       used 51891K, capacity 54766K, committed 55296K, reserved 1097728K
  class space    used 6330K, capacity 6825K, committed 6912K, reserved 1048576K
}
2023-01-17T04:44:15.795+0800: 88.861: [GC (CMS Initial Mark) [1 CMS-initial-mark: 134143K(134144K)] 140272K(249344K), 0.0066509 secs] [Times: user=0.02 sys=0.00, real=0.01 secs] 
2023-01-17T04:44:15.802+0800: 88.868: [CMS-concurrent-mark-start]
2023-01-17T04:44:15.873+0800: 88.939: [CMS-concurrent-mark: 0.071/0.071 secs] [Times: user=0.24 sys=0.03, real=0.07 secs] 
2023-01-17T04:44:15.873+0800: 88.939: [CMS-concurrent-preclean-start]
2023-01-17T04:44:15.921+0800: 88.987: [CMS-concurrent-preclean: 0.048/0.048 secs] [Times: user=0.16 sys=0.03, real=0.05 secs] 
2023-01-17T04:44:15.921+0800: 88.987: [CMS-concurrent-abortable-preclean-start]
2023-01-17T04:44:15.921+0800: 88.987: [CMS-concurrent-abortable-preclean: 0.000/0.000 secs] [Times: user=0.00 sys=0.00, real=0.00 secs] 
2023-01-17T04:44:15.929+0800: 88.996: [GC (CMS Final Remark) [YG occupancy: 93466 K (115200 K)]2023-01-17T04:44:15.929+0800: 88.996: [Rescan (parallel) , 0.0269915 secs]2023-01-17T04:44:15.956+0800: 89.023: [weak refs processing, 0.0000427 secs]2023-01-17T04:44:15.956+0800: 89.023: [class unloading, 0.0136397 secs]2023-01-17T04:44:15.970+0800: 89.036: [scrub symbol table, 0.0052229 secs]2023-01-17T04:44:15.975+0800: 89.042: [scrub string table, 0.0008875 secs][1 CMS-remark: 134143K(134144K)] 227610K(249344K), 0.0470066 secs] [Times: user=0.12 sys=0.00, real=0.05 secs] 
2023-01-17T04:44:15.977+0800: 89.044: [CMS-concurrent-sweep-start]
2023-01-17T04:44:15.995+0800: 89.062: [CMS-concurrent-sweep: 0.018/0.018 secs] [Times: user=0.06 sys=0.01, real=0.02 secs] 
2023-01-17T04:44:15.996+0800: 89.062: [CMS-concurrent-reset-start]
2023-01-17T04:44:15.996+0800: 89.062: [CMS-concurrent-reset: 0.000/0.000 secs] [Times: user=0.00 sys=0.00, real=0.00 secs] 
{Heap before GC invocations=160 (full 272):
 par new generation   total 115200K, used 115196K [0x00000000f0000000, 0x00000000f7d00000, 0x00000000f7d00000)
  eden space 102400K, 100% used [0x00000000f0000000, 0x00000000f6400000, 0x00000000f6400000)
  from space 12800K,  99% used [0x00000000f6400000, 0x00000000f707f3f8, 0x00000000f7080000)
  to   space 12800K,   0% used [0x00000000f7080000, 0x00000000f7080000, 0x00000000f7d00000)
 concurrent mark-sweep generation total 134144K, used 134143K [0x00000000f7d00000, 0x0000000100000000, 0x0000000100000000)
 Metaspace       used 51891K, capacity 54766K, committed 55296K, reserved 1097728K
  class space    used 6330K, capacity 6825K, committed 6912K, reserved 1048576K
2023-01-17T04:44:16.067+0800: 89.134: [GC (Allocation Failure) 2023-01-17T04:44:16.068+0800: 89.134: [ParNew: 115196K->115196K(115200K), 0.0000294 secs]2023-01-17T04:44:16.068+0800: 89.134: [CMS: 134143K->134143K(134144K), 0.1967588 secs] 249340K->140032K(249344K), [Metaspace: 51891K->51891K(1097728K)], 0.1971956 secs] [Times: user=0.20 sys=0.00, real=0.20 secs] 
Heap after GC invocations=161 (full 273):
 par new generation   total 115200K, used 5888K [0x00000000f0000000, 0x00000000f7d00000, 0x00000000f7d00000)
  eden space 102400K,   5% used [0x00000000f0000000, 0x00000000f05c0328, 0x00000000f6400000)
  from space 12800K,   0% used [0x00000000f6400000, 0x00000000f6400000, 0x00000000f7080000)
  to   space 12800K,   0% used [0x00000000f7080000, 0x00000000f7080000, 0x00000000f7d00000)
 concurrent mark-sweep generation total 134144K, used 134143K [0x00000000f7d00000, 0x0000000100000000, 0x0000000100000000)
 Metaspace       used 51891K, capacity 54766K, committed 55296K, reserved 1097728K
  class space    used 6330K, capacity 6825K, committed 6912K, reserved 1048576K
}
2023-01-17T04:44:16.271+0800: 89.338: [GC (CMS Initial Mark) [1 CMS-initial-mark: 134143K(134144K)] 140929K(249344K), 0.0081188 secs] [Times: user=0.02 sys=0.00, real=0.01 secs] 
2023-01-17T04:44:16.280+0800: 89.346: [CMS-concurrent-mark-start]
2023-01-17T04:44:16.398+0800: 89.465: [CMS-concurrent-mark: 0.118/0.118 secs] [Times: user=0.31 sys=0.04, real=0.11 secs] 
2023-01-17T04:44:16.399+0800: 89.465: [CMS-concurrent-preclean-start]
2023-01-17T04:44:16.458+0800: 89.525: [CMS-concurrent-preclean: 0.060/0.060 secs] [Times: user=0.19 sys=0.02, real=0.06 secs] 
2023-01-17T04:44:16.458+0800: 89.525: [CMS-concurrent-abortable-preclean-start]
2023-01-17T04:44:16.458+0800: 89.525: [CMS-concurrent-abortable-preclean: 0.000/0.000 secs] [Times: user=0.00 sys=0.00, real=0.00 secs] 
2023-01-17T04:44:16.463+0800: 89.529: [GC (CMS Final Remark) [YG occupancy: 104590 K (115200 K)]2023-01-17T04:44:16.463+0800: 89.529: [Rescan (parallel) , 0.0293910 secs]2023-01-17T04:44:16.493+0800: 89.559: [weak refs processing, 0.0000437 secs]2023-01-17T04:44:16.493+0800: 89.559: [class unloading, 0.0135966 secs]2023-01-17T04:44:16.506+0800: 89.572: [scrub symbol table, 0.0052091 secs]2023-01-17T04:44:16.511+0800: 89.578: [scrub string table, 0.0008793 secs][1 CMS-remark: 134143K(134144K)] 238734K(249344K), 0.0493825 secs] [Times: user=0.13 sys=0.00, real=0.05 secs] 
2023-01-17T04:44:16.513+0800: 89.579: [CMS-concurrent-sweep-start]
2023-01-17T04:44:16.532+0800: 89.599: [CMS-concurrent-sweep: 0.020/0.020 secs] [Times: user=0.06 sys=0.00, real=0.02 secs] 
2023-01-17T04:44:16.533+0800: 89.599: [CMS-concurrent-reset-start]
2023-01-17T04:44:16.533+0800: 89.599: [CMS-concurrent-reset: 0.000/0.000 secs] [Times: user=0.00 sys=0.00, real=0.00 secs] 
{Heap before GC invocations=161 (full 274):
 par new generation   total 115200K, used 115196K [0x00000000f0000000, 0x00000000f7d00000, 0x00000000f7d00000)
  eden space 102400K, 100% used [0x00000000f0000000, 0x00000000f6400000, 0x00000000f6400000)
  from space 12800K,  99% used [0x00000000f6400000, 0x00000000f707f0e8, 0x00000000f7080000)
  to   space 12800K,   0% used [0x00000000f7080000, 0x00000000f7080000, 0x00000000f7d00000)
 concurrent mark-sweep generation total 134144K, used 134143K [0x00000000f7d00000, 0x0000000100000000, 0x0000000100000000)
 Metaspace       used 51891K, capacity 54766K, committed 55296K, reserved 1097728K
  class space    used 6330K, capacity 6825K, committed 6912K, reserved 1048576K
2023-01-17T04:44:16.580+0800: 89.647: [GC (Allocation Failure) 2023-01-17T04:44:16.581+0800: 89.647: [ParNew: 115196K->115196K(115200K), 0.0000346 secs]2023-01-17T04:44:16.581+0800: 89.647: [CMS: 134143K->134143K(134144K), 0.2049016 secs] 249340K->140060K(249344K), [Metaspace: 51891K->51891K(1097728K)], 0.2054570 secs] [Times: user=0.21 sys=0.00, real=0.20 secs] 
Heap after GC invocations=162 (full 275):
 par new generation   total 115200K, used 5916K [0x00000000f0000000, 0x00000000f7d00000, 0x00000000f7d00000)
  eden space 102400K,   5% used [0x00000000f0000000, 0x00000000f05c7250, 0x00000000f6400000)
  from space 12800K,   0% used [0x00000000f6400000, 0x00000000f6400000, 0x00000000f7080000)
  to   space 12800K,   0% used [0x00000000f7080000, 0x00000000f7080000, 0x00000000f7d00000)
 concurrent mark-sweep generation total 134144K, used 134143K [0x00000000f7d00000, 0x0000000100000000, 0x0000000100000000)
 Metaspace       used 51891K, capacity 54766K, committed 55296K, reserved 1097728K
  class space    used 6330K, capacity 6825K, committed 6912K, reserved 1048576K
}
2023-01-17T04:44:16.791+0800: 89.858: [GC (CMS Initial Mark) [1 CMS-initial-mark: 134143K(134144K)] 140176K(249344K), 0.0063587 secs] [Times: user=0.02 sys=0.00, real=0.00 secs] 
2023-01-17T04:44:16.798+0800: 89.864: [CMS-concurrent-mark-start]
2023-01-17T04:44:16.868+0800: 89.934: [CMS-concurrent-mark: 0.070/0.070 secs] [Times: user=0.24 sys=0.03, real=0.07 secs] 
2023-01-17T04:44:16.868+0800: 89.935: [CMS-concurrent-preclean-start]
2023-01-17T04:44:16.913+0800: 89.980: [CMS-concurrent-preclean: 0.045/0.045 secs] [Times: user=0.16 sys=0.03, real=0.05 secs] 
2023-01-17T04:44:16.914+0800: 89.980: [CMS-concurrent-abortable-preclean-start]
2023-01-17T04:44:16.914+0800: 89.980: [CMS-concurrent-abortable-preclean: 0.000/0.000 secs] [Times: user=0.00 sys=0.00, real=0.00 secs] 
2023-01-17T04:44:16.919+0800: 89.985: [GC (CMS Final Remark) [YG occupancy: 87783 K (115200 K)]2023-01-17T04:44:16.919+0800: 89.985: [Rescan (parallel) , 0.0357671 secs]2023-01-17T04:44:16.955+0800: 90.021: [weak refs processing, 0.0000412 secs]2023-01-17T04:44:16.955+0800: 90.021: [class unloading, 0.0139440 secs]2023-01-17T04:44:16.969+0800: 90.035: [scrub symbol table, 0.0051324 secs]2023-01-17T04:44:16.974+0800: 90.040: [scrub string table, 0.0008949 secs][1 CMS-remark: 134143K(134144K)] 221927K(249344K), 0.0560181 secs] [Times: user=0.14 sys=0.00, real=0.06 secs] 
2023-01-17T04:44:16.975+0800: 90.042: [CMS-concurrent-sweep-start]
2023-01-17T04:44:16.998+0800: 90.064: [CMS-concurrent-sweep: 0.023/0.023 secs] [Times: user=0.06 sys=0.01, real=0.02 secs] 
2023-01-17T04:44:16.998+0800: 90.064: [CMS-concurrent-reset-start]
2023-01-17T04:44:16.998+0800: 90.065: [CMS-concurrent-reset: 0.000/0.000 secs] [Times: user=0.00 sys=0.00, real=0.00 secs] 
{Heap before GC invocations=162 (full 276):
 par new generation   total 115200K, used 115200K [0x00000000f0000000, 0x00000000f7d00000, 0x00000000f7d00000)
  eden space 102400K, 100% used [0x00000000f0000000, 0x00000000f6400000, 0x00000000f6400000)
  from space 12800K, 100% used [0x00000000f6400000, 0x00000000f7080000, 0x00000000f7080000)
  to   space 12800K,   0% used [0x00000000f7080000, 0x00000000f7080000, 0x00000000f7d00000)
 concurrent mark-sweep generation total 134144K, used 134143K [0x00000000f7d00000, 0x0000000100000000, 0x0000000100000000)
 Metaspace       used 51891K, capacity 54766K, committed 55296K, reserved 1097728K
  class space    used 6330K, capacity 6825K, committed 6912K, reserved 1048576K
2023-01-17T04:44:17.086+0800: 90.152: [GC (Allocation Failure) 2023-01-17T04:44:17.086+0800: 90.152: [ParNew: 115200K->115200K(115200K), 0.0000407 secs]2023-01-17T04:44:17.086+0800: 90.152: [CMS: 134143K->134143K(134144K), 0.2132157 secs] 249343K->140049K(249344K), [Metaspace: 51891K->51891K(1097728K)], 0.2136865 secs] [Times: user=0.21 sys=0.00, real=0.22 secs] 
Heap after GC invocations=163 (full 277):
 par new generation   total 115200K, used 5905K [0x00000000f0000000, 0x00000000f7d00000, 0x00000000f7d00000)
  eden space 102400K,   5% used [0x00000000f0000000, 0x00000000f05c45d8, 0x00000000f6400000)
  from space 12800K,   0% used [0x00000000f6400000, 0x00000000f6400000, 0x00000000f7080000)
  to   space 12800K,   0% used [0x00000000f7080000, 0x00000000f7080000, 0x00000000f7d00000)
 concurrent mark-sweep generation total 134144K, used 134143K [0x00000000f7d00000, 0x0000000100000000, 0x0000000100000000)
 Metaspace       used 51891K, capacity 54766K, committed 55296K, reserved 1097728K
  class space    used 6330K, capacity 6825K, committed 6912K, reserved 1048576K
}
2023-01-17T04:44:17.305+0800: 90.372: [GC (CMS Initial Mark) [1 CMS-initial-mark: 134143K(134144K)] 140409K(249344K), 0.0064761 secs] [Times: user=0.02 sys=0.00, real=0.01 secs] 
2023-01-17T04:44:17.312+0800: 90.378: [CMS-concurrent-mark-start]
2023-01-17T04:44:17.382+0800: 90.448: [CMS-concurrent-mark: 0.070/0.070 secs] [Times: user=0.24 sys=0.03, real=0.07 secs] 
2023-01-17T04:44:17.382+0800: 90.449: [CMS-concurrent-preclean-start]
2023-01-17T04:44:17.427+0800: 90.493: [CMS-concurrent-preclean: 0.045/0.045 secs] [Times: user=0.16 sys=0.02, real=0.04 secs] 
2023-01-17T04:44:17.427+0800: 90.493: [CMS-concurrent-abortable-preclean-start]
2023-01-17T04:44:17.427+0800: 90.493: [CMS-concurrent-abortable-preclean: 0.000/0.000 secs] [Times: user=0.00 sys=0.00, real=0.00 secs] 
2023-01-17T04:44:17.432+0800: 90.499: [GC (CMS Final Remark) [YG occupancy: 85803 K (115200 K)]2023-01-17T04:44:17.433+0800: 90.499: [Rescan (parallel) , 0.0248853 secs]2023-01-17T04:44:17.458+0800: 90.524: [weak refs processing, 0.0000406 secs]2023-01-17T04:44:17.458+0800: 90.524: [class unloading, 0.0135302 secs]2023-01-17T04:44:17.471+0800: 90.537: [scrub symbol table, 0.0052569 secs]2023-01-17T04:44:17.476+0800: 90.543: [scrub string table, 0.0008789 secs][1 CMS-remark: 134143K(134144K)] 219947K(249344K), 0.0448315 secs] [Times: user=0.12 sys=0.01, real=0.04 secs] 
2023-01-17T04:44:17.479+0800: 90.545: [CMS-concurrent-sweep-start]
2023-01-17T04:44:17.497+0800: 90.564: [CMS-concurrent-sweep: 0.018/0.018 secs] [Times: user=0.06 sys=0.01, real=0.02 secs] 
2023-01-17T04:44:17.498+0800: 90.564: [CMS-concurrent-reset-start]
2023-01-17T04:44:17.498+0800: 90.564: [CMS-concurrent-reset: 0.000/0.000 secs] [Times: user=0.00 sys=0.00, real=0.00 secs] 
{Heap before GC invocations=163 (full 278):
 par new generation   total 115200K, used 115200K [0x00000000f0000000, 0x00000000f7d00000, 0x00000000f7d00000)
  eden space 102400K, 100% used [0x00000000f0000000, 0x00000000f6400000, 0x00000000f6400000)
  from space 12800K, 100% used [0x00000000f6400000, 0x00000000f7080000, 0x00000000f7080000)
  to   space 12800K,   0% used [0x00000000f7080000, 0x00000000f7080000, 0x00000000f7d00000)
 concurrent mark-sweep generation total 134144K, used 134143K [0x00000000f7d00000, 0x0000000100000000, 0x0000000100000000)
 Metaspace       used 51895K, capacity 54766K, committed 55296K, reserved 1097728K
  class space    used 6330K, capacity 6825K, committed 6912K, reserved 1048576K
2023-01-17T04:44:17.577+0800: 90.643: [GC (Allocation Failure) 2023-01-17T04:44:17.577+0800: 90.644: [ParNew: 115200K->115200K(115200K), 0.0000244 secs]2023-01-17T04:44:17.577+0800: 90.644: [CMS: 134143K->134143K(134144K), 0.2043754 secs] 249343K->140054K(249344K), [Metaspace: 51895K->51895K(1097728K)], 0.2047750 secs] [Times: user=0.21 sys=0.00, real=0.21 secs] 
Heap after GC invocations=164 (full 279):
 par new generation   total 115200K, used 5910K [0x00000000f0000000, 0x00000000f7d00000, 0x00000000f7d00000)
  eden space 102400K,   5% used [0x00000000f0000000, 0x00000000f05c5be0, 0x00000000f6400000)
  from space 12800K,   0% used [0x00000000f6400000, 0x00000000f6400000, 0x00000000f7080000)
  to   space 12800K,   0% used [0x00000000f7080000, 0x00000000f7080000, 0x00000000f7d00000)
 concurrent mark-sweep generation total 134144K, used 134143K [0x00000000f7d00000, 0x0000000100000000, 0x0000000100000000)
 Metaspace       used 51895K, capacity 54766K, committed 55296K, reserved 1097728K
  class space    used 6330K, capacity 6825K, committed 6912K, reserved 1048576K
}
2023-01-17T04:44:17.787+0800: 90.854: [GC (CMS Initial Mark) [1 CMS-initial-mark: 134143K(134144K)] 140164K(249344K), 0.0108345 secs] [Times: user=0.03 sys=0.00, real=0.01 secs] 
2023-01-17T04:44:17.798+0800: 90.865: [CMS-concurrent-mark-start]
2023-01-17T04:44:17.872+0800: 90.939: [CMS-concurrent-mark: 0.074/0.074 secs] [Times: user=0.16 sys=0.03, real=0.08 secs] 
2023-01-17T04:44:17.873+0800: 90.939: [CMS-concurrent-preclean-start]
2023-01-17T04:44:17.959+0800: 91.026: [CMS-concurrent-preclean: 0.087/0.087 secs] [Times: user=0.21 sys=0.04, real=0.09 secs] 
2023-01-17T04:44:17.960+0800: 91.026: [CMS-concurrent-abortable-preclean-start]
2023-01-17T04:44:17.960+0800: 91.026: [CMS-concurrent-abortable-preclean: 0.000/0.000 secs] [Times: user=0.00 sys=0.00, real=0.00 secs] 
2023-01-17T04:44:17.965+0800: 91.031: [GC (CMS Final Remark) [YG occupancy: 84286 K (115200 K)]2023-01-17T04:44:17.965+0800: 91.032: [Rescan (parallel) , 0.0339985 secs]2023-01-17T04:44:17.999+0800: 91.066: [weak refs processing, 0.0000464 secs]2023-01-17T04:44:17.999+0800: 91.066: [class unloading, 0.0139750 secs]2023-01-17T04:44:18.013+0800: 91.080: [scrub symbol table, 0.0052316 secs]2023-01-17T04:44:18.019+0800: 91.085: [scrub string table, 0.0008752 secs][1 CMS-remark: 134143K(134144K)] 218430K(249344K), 0.0543614 secs] [Times: user=0.12 sys=0.00, real=0.06 secs] 
2023-01-17T04:44:18.020+0800: 91.086: [CMS-concurrent-sweep-start]
2023-01-17T04:44:18.055+0800: 91.121: [CMS-concurrent-sweep: 0.035/0.035 secs] [Times: user=0.09 sys=0.02, real=0.03 secs] 
2023-01-17T04:44:18.056+0800: 91.122: [CMS-concurrent-reset-start]
2023-01-17T04:44:18.057+0800: 91.124: [CMS-concurrent-reset: 0.002/0.002 secs] [Times: user=0.00 sys=0.00, real=0.00 secs] 
{Heap before GC invocations=164 (full 280):
 par new generation   total 115200K, used 115199K [0x00000000f0000000, 0x00000000f7d00000, 0x00000000f7d00000)
  eden space 102400K, 100% used [0x00000000f0000000, 0x00000000f6400000, 0x00000000f6400000)
  from space 12800K,  99% used [0x00000000f6400000, 0x00000000f707fff0, 0x00000000f7080000)
  to   space 12800K,   0% used [0x00000000f7080000, 0x00000000f7080000, 0x00000000f7d00000)
 concurrent mark-sweep generation total 134144K, used 134143K [0x00000000f7d00000, 0x0000000100000000, 0x0000000100000000)
 Metaspace       used 51895K, capacity 54766K, committed 55296K, reserved 1097728K
  class space    used 6330K, capacity 6825K, committed 6912K, reserved 1048576K
2023-01-17T04:44:18.135+0800: 91.201: [GC (Allocation Failure) 2023-01-17T04:44:18.135+0800: 91.202: [ParNew: 115199K->115199K(115200K), 0.0000263 secs]2023-01-17T04:44:18.135+0800: 91.202: [CMS: 134143K->134143K(134144K), 0.1957726 secs] 249343K->140068K(249344K), [Metaspace: 51895K->51895K(1097728K)], 0.1962035 secs] [Times: user=0.20 sys=0.00, real=0.20 secs] 
Heap after GC invocations=165 (full 281):
 par new generation   total 115200K, used 5924K [0x00000000f0000000, 0x00000000f7d00000, 0x00000000f7d00000)
  eden space 102400K,   5% used [0x00000000f0000000, 0x00000000f05c9148, 0x00000000f6400000)
  from space 12800K,   0% used [0x00000000f6400000, 0x00000000f6400000, 0x00000000f7080000)
  to   space 12800K,   0% used [0x00000000f7080000, 0x00000000f7080000, 0x00000000f7d00000)
 concurrent mark-sweep generation total 134144K, used 134143K [0x00000000f7d00000, 0x0000000100000000, 0x0000000100000000)
 Metaspace       used 51895K, capacity 54766K, committed 55296K, reserved 1097728K
  class space    used 6330K, capacity 6825K, committed 6912K, reserved 1048576K
}
2023-01-17T04:44:18.340+0800: 91.406: [GC (CMS Initial Mark) [1 CMS-initial-mark: 134143K(134144K)] 143062K(249344K), 0.0068694 secs] [Times: user=0.02 sys=0.00, real=0.00 secs] 
2023-01-17T04:44:18.347+0800: 91.413: [CMS-concurrent-mark-start]
2023-01-17T04:44:18.420+0800: 91.486: [CMS-concurrent-mark: 0.073/0.073 secs] [Times: user=0.25 sys=0.03, real=0.08 secs] 
2023-01-17T04:44:18.420+0800: 91.487: [CMS-concurrent-preclean-start]
2023-01-17T04:44:18.469+0800: 91.536: [CMS-concurrent-preclean: 0.049/0.049 secs] [Times: user=0.15 sys=0.02, real=0.04 secs] 
2023-01-17T04:44:18.470+0800: 91.536: [CMS-concurrent-abortable-preclean-start]
2023-01-17T04:44:18.470+0800: 91.536: [CMS-concurrent-abortable-preclean: 0.000/0.000 secs] [Times: user=0.00 sys=0.00, real=0.00 secs] 
2023-01-17T04:44:18.483+0800: 91.549: [GC (CMS Final Remark) [YG occupancy: 89162 K (115200 K)]2023-01-17T04:44:18.483+0800: 91.549: [Rescan (parallel) , 0.0390426 secs]2023-01-17T04:44:18.522+0800: 91.588: [weak refs processing, 0.0000539 secs]2023-01-17T04:44:18.522+0800: 91.588: [class unloading, 0.0141961 secs]2023-01-17T04:44:18.536+0800: 91.603: [scrub symbol table, 0.0051835 secs]2023-01-17T04:44:18.541+0800: 91.608: [scrub string table, 0.0009168 secs][1 CMS-remark: 134143K(134144K)] 223306K(249344K), 0.0596763 secs] [Times: user=0.13 sys=0.00, real=0.06 secs] 
2023-01-17T04:44:18.543+0800: 91.609: [CMS-concurrent-sweep-start]
2023-01-17T04:44:18.561+0800: 91.628: [CMS-concurrent-sweep: 0.018/0.018 secs] [Times: user=0.05 sys=0.01, real=0.02 secs] 
2023-01-17T04:44:18.561+0800: 91.628: [CMS-concurrent-reset-start]
2023-01-17T04:44:18.562+0800: 91.628: [CMS-concurrent-reset: 0.000/0.000 secs] [Times: user=0.00 sys=0.00, real=0.00 secs] 
{Heap before GC invocations=165 (full 282):
 par new generation   total 115200K, used 115199K [0x00000000f0000000, 0x00000000f7d00000, 0x00000000f7d00000)
  eden space 102400K, 100% used [0x00000000f0000000, 0x00000000f6400000, 0x00000000f6400000)
  from space 12800K,  99% used [0x00000000f6400000, 0x00000000f707ffe8, 0x00000000f7080000)
  to   space 12800K,   0% used [0x00000000f7080000, 0x00000000f7080000, 0x00000000f7d00000)
 concurrent mark-sweep generation total 134144K, used 134143K [0x00000000f7d00000, 0x0000000100000000, 0x0000000100000000)
 Metaspace       used 51895K, capacity 54766K, committed 55296K, reserved 1097728K
  class space    used 6330K, capacity 6825K, committed 6912K, reserved 1048576K
2023-01-17T04:44:18.646+0800: 91.712: [GC (Allocation Failure) 2023-01-17T04:44:18.646+0800: 91.712: [ParNew: 115199K->115199K(115200K), 0.0000278 secs]2023-01-17T04:44:18.646+0800: 91.712: [CMS: 134143K->134144K(134144K), 0.2091238 secs] 249343K->140044K(249344K), [Metaspace: 51895K->51895K(1097728K)], 0.2095611 secs] [Times: user=0.21 sys=0.00, real=0.21 secs] 
Heap after GC invocations=166 (full 283):
 par new generation   total 115200K, used 5900K [0x00000000f0000000, 0x00000000f7d00000, 0x00000000f7d00000)
  eden space 102400K,   5% used [0x00000000f0000000, 0x00000000f05c3108, 0x00000000f6400000)
  from space 12800K,   0% used [0x00000000f6400000, 0x00000000f6400000, 0x00000000f7080000)
  to   space 12800K,   0% used [0x00000000f7080000, 0x00000000f7080000, 0x00000000f7d00000)
 concurrent mark-sweep generation total 134144K, used 134144K [0x00000000f7d00000, 0x0000000100000000, 0x0000000100000000)
 Metaspace       used 51895K, capacity 54766K, committed 55296K, reserved 1097728K
  class space    used 6330K, capacity 6825K, committed 6912K, reserved 1048576K
}
2023-01-17T04:44:18.861+0800: 91.928: [GC (CMS Initial Mark) [1 CMS-initial-mark: 134144K(134144K)] 140889K(249344K), 0.0066364 secs] [Times: user=0.02 sys=0.00, real=0.00 secs] 
2023-01-17T04:44:18.868+0800: 91.935: [CMS-concurrent-mark-start]
2023-01-17T04:44:18.947+0800: 92.014: [CMS-concurrent-mark: 0.079/0.079 secs] [Times: user=0.27 sys=0.04, real=0.08 secs] 
2023-01-17T04:44:18.948+0800: 92.014: [CMS-concurrent-preclean-start]
2023-01-17T04:44:19.000+0800: 92.067: [CMS-concurrent-preclean: 0.053/0.053 secs] [Times: user=0.17 sys=0.03, real=0.06 secs] 
2023-01-17T04:44:19.001+0800: 92.067: [CMS-concurrent-abortable-preclean-start]
2023-01-17T04:44:19.001+0800: 92.067: [CMS-concurrent-abortable-preclean: 0.000/0.000 secs] [Times: user=0.00 sys=0.00, real=0.00 secs] 
2023-01-17T04:44:19.005+0800: 92.072: [GC (CMS Final Remark) [YG occupancy: 98185 K (115200 K)]2023-01-17T04:44:19.005+0800: 92.072: [Rescan (parallel) , 0.0276807 secs]2023-01-17T04:44:19.033+0800: 92.099: [weak refs processing, 0.0000451 secs]2023-01-17T04:44:19.033+0800: 92.099: [class unloading, 0.0139498 secs]2023-01-17T04:44:19.047+0800: 92.113: [scrub symbol table, 0.0051390 secs]2023-01-17T04:44:19.052+0800: 92.119: [scrub string table, 0.0008767 secs][1 CMS-remark: 134144K(134144K)] 232329K(249344K), 0.0479363 secs] [Times: user=0.13 sys=0.00, real=0.05 secs] 
2023-01-17T04:44:19.054+0800: 92.120: [CMS-concurrent-sweep-start]
2023-01-17T04:44:19.075+0800: 92.141: [CMS-concurrent-sweep: 0.021/0.021 secs] [Times: user=0.08 sys=0.01, real=0.02 secs] 
2023-01-17T04:44:19.075+0800: 92.141: [CMS-concurrent-reset-start]
2023-01-17T04:44:19.075+0800: 92.142: [CMS-concurrent-reset: 0.000/0.000 secs] [Times: user=0.00 sys=0.00, real=0.00 secs] 
{Heap before GC invocations=166 (full 284):
 par new generation   total 115200K, used 115199K [0x00000000f0000000, 0x00000000f7d00000, 0x00000000f7d00000)
  eden space 102400K, 100% used [0x00000000f0000000, 0x00000000f6400000, 0x00000000f6400000)
  from space 12800K,  99% used [0x00000000f6400000, 0x00000000f707fff8, 0x00000000f7080000)
  to   space 12800K,   0% used [0x00000000f7080000, 0x00000000f7080000, 0x00000000f7d00000)
 concurrent mark-sweep generation total 134144K, used 134144K [0x00000000f7d00000, 0x0000000100000000, 0x0000000100000000)
 Metaspace       used 51895K, capacity 54766K, committed 55296K, reserved 1097728K
  class space    used 6330K, capacity 6825K, committed 6912K, reserved 1048576K
2023-01-17T04:44:19.142+0800: 92.208: [GC (Allocation Failure) 2023-01-17T04:44:19.142+0800: 92.208: [ParNew: 115199K->115199K(115200K), 0.0000307 secs]2023-01-17T04:44:19.142+0800: 92.209: [CMS: 134144K->134144K(134144K), 0.2304616 secs] 249343K->140087K(249344K), [Metaspace: 51895K->51895K(1097728K)], 0.2309683 secs] [Times: user=0.24 sys=0.00, real=0.23 secs] 
Heap after GC invocations=167 (full 285):
 par new generation   total 115200K, used 5943K [0x00000000f0000000, 0x00000000f7d00000, 0x00000000f7d00000)
  eden space 102400K,   5% used [0x00000000f0000000, 0x00000000f05cdee8, 0x00000000f6400000)
  from space 12800K,   0% used [0x00000000f6400000, 0x00000000f6400000, 0x00000000f7080000)
  to   space 12800K,   0% used [0x00000000f7080000, 0x00000000f7080000, 0x00000000f7d00000)
 concurrent mark-sweep generation total 134144K, used 134144K [0x00000000f7d00000, 0x0000000100000000, 0x0000000100000000)
 Metaspace       used 51895K, capacity 54766K, committed 55296K, reserved 1097728K
  class space    used 6330K, capacity 6825K, committed 6912K, reserved 1048576K
}
2023-01-17T04:44:19.378+0800: 92.444: [GC (CMS Initial Mark) [1 CMS-initial-mark: 134144K(134144K)] 140208K(249344K), 0.0076735 secs] [Times: user=0.02 sys=0.00, real=0.01 secs] 
2023-01-17T04:44:19.387+0800: 92.453: [CMS-concurrent-mark-start]
2023-01-17T04:44:19.510+0800: 92.576: [CMS-concurrent-mark: 0.123/0.123 secs] [Times: user=0.33 sys=0.06, real=0.13 secs] 
2023-01-17T04:44:19.510+0800: 92.576: [CMS-concurrent-preclean-start]
2023-01-17T04:44:19.561+0800: 92.627: [CMS-concurrent-preclean: 0.051/0.051 secs] [Times: user=0.18 sys=0.01, real=0.05 secs] 
2023-01-17T04:44:19.561+0800: 92.627: [CMS-concurrent-abortable-preclean-start]
2023-01-17T04:44:19.561+0800: 92.627: [CMS-concurrent-abortable-preclean: 0.000/0.000 secs] [Times: user=0.00 sys=0.00, real=0.00 secs] 
2023-01-17T04:44:19.565+0800: 92.632: [GC (CMS Final Remark) [YG occupancy: 106154 K (115200 K)]2023-01-17T04:44:19.565+0800: 92.632: [Rescan (parallel) , 0.0293239 secs]2023-01-17T04:44:19.595+0800: 92.661: [weak refs processing, 0.0000419 secs]2023-01-17T04:44:19.595+0800: 92.661: [class unloading, 0.0135832 secs]2023-01-17T04:44:19.608+0800: 92.675: [scrub symbol table, 0.0051415 secs]2023-01-17T04:44:19.614+0800: 92.680: [scrub string table, 0.0008691 secs][1 CMS-remark: 134144K(134144K)] 240298K(249344K), 0.0491895 secs] [Times: user=0.14 sys=0.00, real=0.05 secs] 
2023-01-17T04:44:19.615+0800: 92.682: [CMS-concurrent-sweep-start]
2023-01-17T04:44:19.633+0800: 92.699: [CMS-concurrent-sweep: 0.018/0.018 secs] [Times: user=0.07 sys=0.00, real=0.02 secs] 
2023-01-17T04:44:19.633+0800: 92.699: [CMS-concurrent-reset-start]
2023-01-17T04:44:19.633+0800: 92.699: [CMS-concurrent-reset: 0.000/0.000 secs] [Times: user=0.00 sys=0.00, real=0.00 secs] 
{Heap before GC invocations=167 (full 286):
 par new generation   total 115200K, used 115200K [0x00000000f0000000, 0x00000000f7d00000, 0x00000000f7d00000)
  eden space 102400K, 100% used [0x00000000f0000000, 0x00000000f6400000, 0x00000000f6400000)
  from space 12800K, 100% used [0x00000000f6400000, 0x00000000f7080000, 0x00000000f7080000)
  to   space 12800K,   0% used [0x00000000f7080000, 0x00000000f7080000, 0x00000000f7d00000)
 concurrent mark-sweep generation total 134144K, used 134143K [0x00000000f7d00000, 0x0000000100000000, 0x0000000100000000)
 Metaspace       used 51895K, capacity 54766K, committed 55296K, reserved 1097728K
  class space    used 6330K, capacity 6825K, committed 6912K, reserved 1048576K
2023-01-17T04:44:19.671+0800: 92.737: [GC (Allocation Failure) 2023-01-17T04:44:19.671+0800: 92.737: [ParNew: 115200K->115200K(115200K), 0.0000250 secs]2023-01-17T04:44:19.671+0800: 92.737: [CMS: 134143K->134143K(134144K), 0.2064997 secs] 249343K->140036K(249344K), [Metaspace: 51895K->51895K(1097728K)], 0.2069120 secs] [Times: user=0.20 sys=0.00, real=0.20 secs] 
Heap after GC invocations=168 (full 287):
 par new generation   total 115200K, used 5892K [0x00000000f0000000, 0x00000000f7d00000, 0x00000000f7d00000)
  eden space 102400K,   5% used [0x00000000f0000000, 0x00000000f05c11d0, 0x00000000f6400000)
  from space 12800K,   0% used [0x00000000f6400000, 0x00000000f6400000, 0x00000000f7080000)
  to   space 12800K,   0% used [0x00000000f7080000, 0x00000000f7080000, 0x00000000f7d00000)
 concurrent mark-sweep generation total 134144K, used 134143K [0x00000000f7d00000, 0x0000000100000000, 0x0000000100000000)
 Metaspace       used 51895K, capacity 54766K, committed 55296K, reserved 1097728K
  class space    used 6330K, capacity 6825K, committed 6912K, reserved 1048576K
}
2023-01-17T04:44:19.885+0800: 92.951: [GC (CMS Initial Mark) [1 CMS-initial-mark: 134143K(134144K)] 142021K(249344K), 0.0066296 secs] [Times: user=0.02 sys=0.00, real=0.01 secs] 
2023-01-17T04:44:19.892+0800: 92.958: [CMS-concurrent-mark-start]
2023-01-17T04:44:19.963+0800: 93.030: [CMS-concurrent-mark: 0.071/0.071 secs] [Times: user=0.23 sys=0.04, real=0.07 secs] 
2023-01-17T04:44:19.963+0800: 93.030: [CMS-concurrent-preclean-start]
2023-01-17T04:44:20.047+0800: 93.113: [CMS-concurrent-preclean: 0.083/0.083 secs] [Times: user=0.24 sys=0.05, real=0.08 secs] 
2023-01-17T04:44:20.047+0800: 93.113: [CMS-concurrent-abortable-preclean-start]
2023-01-17T04:44:20.047+0800: 93.113: [CMS-concurrent-abortable-preclean: 0.000/0.000 secs] [Times: user=0.00 sys=0.00, real=0.00 secs] 
2023-01-17T04:44:20.065+0800: 93.131: [GC (CMS Final Remark) [YG occupancy: 107570 K (115200 K)]2023-01-17T04:44:20.065+0800: 93.131: [Rescan (parallel) , 0.0448179 secs]2023-01-17T04:44:20.110+0800: 93.176: [weak refs processing, 0.0000453 secs]2023-01-17T04:44:20.110+0800: 93.176: [class unloading, 0.0138152 secs]2023-01-17T04:44:20.123+0800: 93.190: [scrub symbol table, 0.0052010 secs]2023-01-17T04:44:20.129+0800: 93.195: [scrub string table, 0.0008847 secs][1 CMS-remark: 134143K(134144K)] 241714K(249344K), 0.0650225 secs] [Times: user=0.17 sys=0.00, real=0.07 secs] 
2023-01-17T04:44:20.130+0800: 93.196: [CMS-concurrent-sweep-start]
2023-01-17T04:44:20.148+0800: 93.214: [CMS-concurrent-sweep: 0.018/0.018 secs] [Times: user=0.05 sys=0.01, real=0.01 secs] 
2023-01-17T04:44:20.148+0800: 93.214: [CMS-concurrent-reset-start]
2023-01-17T04:44:20.148+0800: 93.215: [CMS-concurrent-reset: 0.000/0.000 secs] [Times: user=0.00 sys=0.00, real=0.00 secs] 
{Heap before GC invocations=168 (full 288):
 par new generation   total 115200K, used 115199K [0x00000000f0000000, 0x00000000f7d00000, 0x00000000f7d00000)
  eden space 102400K, 100% used [0x00000000f0000000, 0x00000000f6400000, 0x00000000f6400000)
  from space 12800K,  99% used [0x00000000f6400000, 0x00000000f707ffe8, 0x00000000f7080000)
  to   space 12800K,   0% used [0x00000000f7080000, 0x00000000f7080000, 0x00000000f7d00000)
 concurrent mark-sweep generation total 134144K, used 134143K [0x00000000f7d00000, 0x0000000100000000, 0x0000000100000000)
 Metaspace       used 51895K, capacity 54766K, committed 55296K, reserved 1097728K
  class space    used 6330K, capacity 6825K, committed 6912K, reserved 1048576K
2023-01-17T04:44:20.186+0800: 93.252: [GC (Allocation Failure) 2023-01-17T04:44:20.186+0800: 93.252: [ParNew: 115199K->115199K(115200K), 0.0000317 secs]2023-01-17T04:44:20.186+0800: 93.252: [CMS: 134143K->134143K(134144K), 0.1951019 secs] 249343K->140045K(249344K), [Metaspace: 51895K->51895K(1097728K)], 0.1955220 secs] [Times: user=0.20 sys=0.00, real=0.20 secs] 
Heap after GC invocations=169 (full 289):
 par new generation   total 115200K, used 5901K [0x00000000f0000000, 0x00000000f7d00000, 0x00000000f7d00000)
  eden space 102400K,   5% used [0x00000000f0000000, 0x00000000f05c3660, 0x00000000f6400000)
  from space 12800K,   0% used [0x00000000f6400000, 0x00000000f6400000, 0x00000000f7080000)
  to   space 12800K,   0% used [0x00000000f7080000, 0x00000000f7080000, 0x00000000f7d00000)
 concurrent mark-sweep generation total 134144K, used 134143K [0x00000000f7d00000, 0x0000000100000000, 0x0000000100000000)
 Metaspace       used 51895K, capacity 54766K, committed 55296K, reserved 1097728K
  class space    used 6330K, capacity 6825K, committed 6912K, reserved 1048576K
}
2023-01-17T04:44:20.388+0800: 93.454: [GC (CMS Initial Mark) [1 CMS-initial-mark: 134143K(134144K)] 140864K(249344K), 0.0077895 secs] [Times: user=0.02 sys=0.00, real=0.01 secs] 
2023-01-17T04:44:20.396+0800: 93.463: [CMS-concurrent-mark-start]
2023-01-17T04:44:20.473+0800: 93.539: [CMS-concurrent-mark: 0.076/0.076 secs] [Times: user=0.20 sys=0.03, real=0.08 secs] 
2023-01-17T04:44:20.473+0800: 93.539: [CMS-concurrent-preclean-start]
2023-01-17T04:44:20.523+0800: 93.589: [CMS-concurrent-preclean: 0.050/0.050 secs] [Times: user=0.14 sys=0.02, real=0.05 secs] 
2023-01-17T04:44:20.523+0800: 93.590: [CMS-concurrent-abortable-preclean-start]
2023-01-17T04:44:20.523+0800: 93.590: [CMS-concurrent-abortable-preclean: 0.000/0.000 secs] [Times: user=0.00 sys=0.00, real=0.00 secs] 
2023-01-17T04:44:20.530+0800: 93.596: [GC (CMS Final Remark) [YG occupancy: 73595 K (115200 K)]2023-01-17T04:44:20.530+0800: 93.596: [Rescan (parallel) , 0.0213550 secs]2023-01-17T04:44:20.551+0800: 93.618: [weak refs processing, 0.0000408 secs]2023-01-17T04:44:20.551+0800: 93.618: [class unloading, 0.0137405 secs]2023-01-17T04:44:20.565+0800: 93.631: [scrub symbol table, 0.0051014 secs]2023-01-17T04:44:20.570+0800: 93.636: [scrub string table, 0.0008623 secs][1 CMS-remark: 134143K(134144K)] 207739K(249344K), 0.0413281 secs] [Times: user=0.11 sys=0.00, real=0.04 secs] 
2023-01-17T04:44:20.571+0800: 93.638: [CMS-concurrent-sweep-start]
2023-01-17T04:44:20.590+0800: 93.656: [CMS-concurrent-sweep: 0.018/0.018 secs] [Times: user=0.06 sys=0.01, real=0.02 secs] 
2023-01-17T04:44:20.590+0800: 93.656: [CMS-concurrent-reset-start]
2023-01-17T04:44:20.590+0800: 93.656: [CMS-concurrent-reset: 0.000/0.000 secs] [Times: user=0.00 sys=0.00, real=0.00 secs] 
{Heap before GC invocations=169 (full 290):
 par new generation   total 115200K, used 115200K [0x00000000f0000000, 0x00000000f7d00000, 0x00000000f7d00000)
  eden space 102400K, 100% used [0x00000000f0000000, 0x00000000f6400000, 0x00000000f6400000)
  from space 12800K, 100% used [0x00000000f6400000, 0x00000000f7080000, 0x00000000f7080000)
  to   space 12800K,   0% used [0x00000000f7080000, 0x00000000f7080000, 0x00000000f7d00000)
 concurrent mark-sweep generation total 134144K, used 134143K [0x00000000f7d00000, 0x0000000100000000, 0x0000000100000000)
 Metaspace       used 51895K, capacity 54766K, committed 55296K, reserved 1097728K
  class space    used 6330K, capacity 6825K, committed 6912K, reserved 1048576K
2023-01-17T04:44:20.684+0800: 93.751: [GC (Allocation Failure) 2023-01-17T04:44:20.685+0800: 93.751: [ParNew: 115200K->115200K(115200K), 0.0000274 secs]2023-01-17T04:44:20.685+0800: 93.751: [CMS: 134143K->134143K(134144K), 0.2302056 secs] 249343K->140070K(249344K), [Metaspace: 51895K->51895K(1097728K)], 0.2306466 secs] [Times: user=0.24 sys=0.00, real=0.23 secs] 
Heap after GC invocations=170 (full 291):
 par new generation   total 115200K, used 5926K [0x00000000f0000000, 0x00000000f7d00000, 0x00000000f7d00000)
  eden space 102400K,   5% used [0x00000000f0000000, 0x00000000f05c9b48, 0x00000000f6400000)
  from space 12800K,   0% used [0x00000000f6400000, 0x00000000f6400000, 0x00000000f7080000)
  to   space 12800K,   0% used [0x00000000f7080000, 0x00000000f7080000, 0x00000000f7d00000)
 concurrent mark-sweep generation total 134144K, used 134143K [0x00000000f7d00000, 0x0000000100000000, 0x0000000100000000)
 Metaspace       used 51895K, capacity 54766K, committed 55296K, reserved 1097728K
  class space    used 6330K, capacity 6825K, committed 6912K, reserved 1048576K
}
2023-01-17T04:44:20.927+0800: 93.993: [GC (CMS Initial Mark) [1 CMS-initial-mark: 134143K(134144K)] 144448K(249344K), 0.0090105 secs] [Times: user=0.02 sys=0.00, real=0.01 secs] 
2023-01-17T04:44:20.936+0800: 94.003: [CMS-concurrent-mark-start]
2023-01-17T04:44:21.052+0800: 94.118: [CMS-concurrent-mark: 0.116/0.116 secs] [Times: user=0.30 sys=0.06, real=0.12 secs] 
2023-01-17T04:44:21.052+0800: 94.119: [CMS-concurrent-preclean-start]
2023-01-17T04:44:21.103+0800: 94.169: [CMS-concurrent-preclean: 0.050/0.050 secs] [Times: user=0.18 sys=0.02, real=0.05 secs] 
2023-01-17T04:44:21.103+0800: 94.169: [CMS-concurrent-abortable-preclean-start]
2023-01-17T04:44:21.103+0800: 94.169: [CMS-concurrent-abortable-preclean: 0.000/0.000 secs] [Times: user=0.00 sys=0.00, real=0.00 secs] 
2023-01-17T04:44:21.108+0800: 94.174: [GC (CMS Final Remark) [YG occupancy: 104974 K (115200 K)]2023-01-17T04:44:21.108+0800: 94.174: [Rescan (parallel) , 0.0298630 secs]2023-01-17T04:44:21.138+0800: 94.204: [weak refs processing, 0.0000430 secs]2023-01-17T04:44:21.138+0800: 94.204: [class unloading, 0.0136681 secs]2023-01-17T04:44:21.152+0800: 94.218: [scrub symbol table, 0.0051433 secs]2023-01-17T04:44:21.157+0800: 94.223: [scrub string table, 0.0008646 secs][1 CMS-remark: 134143K(134144K)] 239118K(249344K), 0.0498101 secs] [Times: user=0.14 sys=0.00, real=0.05 secs] 
2023-01-17T04:44:21.159+0800: 94.225: [CMS-concurrent-sweep-start]
2023-01-17T04:44:21.176+0800: 94.242: [CMS-concurrent-sweep: 0.017/0.017 secs] [Times: user=0.06 sys=0.00, real=0.02 secs] 
2023-01-17T04:44:21.176+0800: 94.243: [CMS-concurrent-reset-start]
2023-01-17T04:44:21.176+0800: 94.243: [CMS-concurrent-reset: 0.000/0.000 secs] [Times: user=0.00 sys=0.00, real=0.00 secs] 
{Heap before GC invocations=170 (full 292):
 par new generation   total 115200K, used 115199K [0x00000000f0000000, 0x00000000f7d00000, 0x00000000f7d00000)
  eden space 102400K, 100% used [0x00000000f0000000, 0x00000000f6400000, 0x00000000f6400000)
  from space 12800K,  99% used [0x00000000f6400000, 0x00000000f707fff0, 0x00000000f7080000)
  to   space 12800K,   0% used [0x00000000f7080000, 0x00000000f7080000, 0x00000000f7d00000)
 concurrent mark-sweep generation total 134144K, used 134143K [0x00000000f7d00000, 0x0000000100000000, 0x0000000100000000)
 Metaspace       used 51895K, capacity 54766K, committed 55296K, reserved 1097728K
  class space    used 6330K, capacity 6825K, committed 6912K, reserved 1048576K
2023-01-17T04:44:21.220+0800: 94.286: [GC (Allocation Failure) 2023-01-17T04:44:21.220+0800: 94.286: [ParNew: 115199K->115199K(115200K), 0.0000250 secs]2023-01-17T04:44:21.220+0800: 94.286: [CMS: 134143K->134144K(134144K), 0.2065699 secs] 249343K->140051K(249344K), [Metaspace: 51895K->51895K(1097728K)], 0.2069888 secs] [Times: user=0.21 sys=0.00, real=0.20 secs] 
Heap after GC invocations=171 (full 293):
 par new generation   total 115200K, used 5907K [0x00000000f0000000, 0x00000000f7d00000, 0x00000000f7d00000)
  eden space 102400K,   5% used [0x00000000f0000000, 0x00000000f05c4f18, 0x00000000f6400000)
  from space 12800K,   0% used [0x00000000f6400000, 0x00000000f6400000, 0x00000000f7080000)
  to   space 12800K,   0% used [0x00000000f7080000, 0x00000000f7080000, 0x00000000f7d00000)
 concurrent mark-sweep generation total 134144K, used 134144K [0x00000000f7d00000, 0x0000000100000000, 0x0000000100000000)
 Metaspace       used 51895K, capacity 54766K, committed 55296K, reserved 1097728K
  class space    used 6330K, capacity 6825K, committed 6912K, reserved 1048576K
}
2023-01-17T04:44:21.434+0800: 94.500: [GC (CMS Initial Mark) [1 CMS-initial-mark: 134144K(134144K)] 141657K(249344K), 0.0066577 secs] [Times: user=0.02 sys=0.00, real=0.01 secs] 
2023-01-17T04:44:21.441+0800: 94.507: [CMS-concurrent-mark-start]
2023-01-17T04:44:21.545+0800: 94.611: [CMS-concurrent-mark: 0.104/0.104 secs] [Times: user=0.32 sys=0.06, real=0.10 secs] 
2023-01-17T04:44:21.545+0800: 94.611: [CMS-concurrent-preclean-start]
2023-01-17T04:44:21.613+0800: 94.679: [CMS-concurrent-preclean: 0.068/0.068 secs] [Times: user=0.18 sys=0.02, real=0.07 secs] 
2023-01-17T04:44:21.613+0800: 94.679: [CMS-concurrent-abortable-preclean-start]
2023-01-17T04:44:21.613+0800: 94.679: [CMS-concurrent-abortable-preclean: 0.000/0.000 secs] [Times: user=0.00 sys=0.00, real=0.00 secs] 
2023-01-17T04:44:21.639+0800: 94.705: [GC (CMS Final Remark) [YG occupancy: 109248 K (115200 K)]2023-01-17T04:44:21.639+0800: 94.706: [Rescan (parallel) , 0.0462573 secs]2023-01-17T04:44:21.686+0800: 94.752: [weak refs processing, 0.0000689 secs]2023-01-17T04:44:21.686+0800: 94.752: [class unloading, 0.0202430 secs]2023-01-17T04:44:21.706+0800: 94.772: [scrub symbol table, 0.0077496 secs]2023-01-17T04:44:21.714+0800: 94.780: [scrub string table, 0.0013186 secs][1 CMS-remark: 134144K(134144K)] 243392K(249344K), 0.0759815 secs] [Times: user=0.16 sys=0.00, real=0.08 secs] 
2023-01-17T04:44:21.716+0800: 94.782: [CMS-concurrent-sweep-start]
2023-01-17T04:44:21.735+0800: 94.802: [CMS-concurrent-sweep: 0.020/0.020 secs] [Times: user=0.06 sys=0.00, real=0.02 secs] 
2023-01-17T04:44:21.736+0800: 94.802: [CMS-concurrent-reset-start]
2023-01-17T04:44:21.736+0800: 94.802: [CMS-concurrent-reset: 0.000/0.000 secs] [Times: user=0.00 sys=0.00, real=0.00 secs] 
{Heap before GC invocations=171 (full 294):
 par new generation   total 115200K, used 115195K [0x00000000f0000000, 0x00000000f7d00000, 0x00000000f7d00000)
  eden space 102400K, 100% used [0x00000000f0000000, 0x00000000f6400000, 0x00000000f6400000)
  from space 12800K,  99% used [0x00000000f6400000, 0x00000000f707ee98, 0x00000000f7080000)
  to   space 12800K,   0% used [0x00000000f7080000, 0x00000000f7080000, 0x00000000f7d00000)
 concurrent mark-sweep generation total 134144K, used 134144K [0x00000000f7d00000, 0x0000000100000000, 0x0000000100000000)
 Metaspace       used 51895K, capacity 54766K, committed 55296K, reserved 1097728K
  class space    used 6330K, capacity 6825K, committed 6912K, reserved 1048576K
2023-01-17T04:44:21.768+0800: 94.835: [GC (Allocation Failure) 2023-01-17T04:44:21.769+0800: 94.835: [ParNew: 115195K->115195K(115200K), 0.0000318 secs]2023-01-17T04:44:21.769+0800: 94.835: [CMS: 134144K->134143K(134144K), 0.2202404 secs] 249339K->140044K(249344K), [Metaspace: 51895K->51895K(1097728K)], 0.2208227 secs] [Times: user=0.22 sys=0.00, real=0.23 secs] 
Heap after GC invocations=172 (full 295):
 par new generation   total 115200K, used 5900K [0x00000000f0000000, 0x00000000f7d00000, 0x00000000f7d00000)
  eden space 102400K,   5% used [0x00000000f0000000, 0x00000000f05c3060, 0x00000000f6400000)
  from space 12800K,   0% used [0x00000000f6400000, 0x00000000f6400000, 0x00000000f7080000)
  to   space 12800K,   0% used [0x00000000f7080000, 0x00000000f7080000, 0x00000000f7d00000)
 concurrent mark-sweep generation total 134144K, used 134143K [0x00000000f7d00000, 0x0000000100000000, 0x0000000100000000)
 Metaspace       used 51895K, capacity 54766K, committed 55296K, reserved 1097728K
  class space    used 6330K, capacity 6825K, committed 6912K, reserved 1048576K
}
2023-01-17T04:44:21.995+0800: 95.061: [GC (CMS Initial Mark) [1 CMS-initial-mark: 134143K(134144K)] 140298K(249344K), 0.0063520 secs] [Times: user=0.02 sys=0.00, real=0.01 secs] 
2023-01-17T04:44:22.002+0800: 95.068: [CMS-concurrent-mark-start]
2023-01-17T04:44:22.081+0800: 95.147: [CMS-concurrent-mark: 0.079/0.079 secs] [Times: user=0.27 sys=0.04, real=0.08 secs] 
2023-01-17T04:44:22.081+0800: 95.148: [CMS-concurrent-preclean-start]
2023-01-17T04:44:22.144+0800: 95.210: [CMS-concurrent-preclean: 0.062/0.062 secs] [Times: user=0.21 sys=0.03, real=0.06 secs] 
2023-01-17T04:44:22.144+0800: 95.210: [CMS-concurrent-abortable-preclean-start]
2023-01-17T04:44:22.144+0800: 95.210: [CMS-concurrent-abortable-preclean: 0.000/0.000 secs] [Times: user=0.00 sys=0.00, real=0.00 secs] 
2023-01-17T04:44:22.148+0800: 95.215: [GC (CMS Final Remark) [YG occupancy: 103872 K (115200 K)]2023-01-17T04:44:22.149+0800: 95.215: [Rescan (parallel) , 0.0292215 secs]2023-01-17T04:44:22.178+0800: 95.244: [weak refs processing, 0.0000446 secs]2023-01-17T04:44:22.178+0800: 95.244: [class unloading, 0.0136447 secs]2023-01-17T04:44:22.192+0800: 95.258: [scrub symbol table, 0.0051296 secs]2023-01-17T04:44:22.197+0800: 95.263: [scrub string table, 0.0008771 secs][1 CMS-remark: 134143K(134144K)] 238016K(249344K), 0.0491719 secs] [Times: user=0.14 sys=0.00, real=0.05 secs] 
2023-01-17T04:44:22.198+0800: 95.264: [CMS-concurrent-sweep-start]
2023-01-17T04:44:22.215+0800: 95.281: [CMS-concurrent-sweep: 0.017/0.017 secs] [Times: user=0.06 sys=0.00, real=0.02 secs] 
2023-01-17T04:44:22.215+0800: 95.281: [CMS-concurrent-reset-start]
2023-01-17T04:44:22.215+0800: 95.281: [CMS-concurrent-reset: 0.000/0.000 secs] [Times: user=0.00 sys=0.00, real=0.00 secs] 
{Heap before GC invocations=172 (full 296):
 par new generation   total 115200K, used 115198K [0x00000000f0000000, 0x00000000f7d00000, 0x00000000f7d00000)
  eden space 102400K, 100% used [0x00000000f0000000, 0x00000000f6400000, 0x00000000f6400000)
  from space 12800K,  99% used [0x00000000f6400000, 0x00000000f707fa18, 0x00000000f7080000)
  to   space 12800K,   0% used [0x00000000f7080000, 0x00000000f7080000, 0x00000000f7d00000)
 concurrent mark-sweep generation total 134144K, used 134143K [0x00000000f7d00000, 0x0000000100000000, 0x0000000100000000)
 Metaspace       used 51895K, capacity 54766K, committed 55296K, reserved 1097728K
  class space    used 6330K, capacity 6825K, committed 6912K, reserved 1048576K
2023-01-17T04:44:22.267+0800: 95.334: [GC (Allocation Failure) 2023-01-17T04:44:22.268+0800: 95.334: [ParNew: 115198K->115198K(115200K), 0.0000303 secs]2023-01-17T04:44:22.268+0800: 95.334: [CMS: 134143K->134143K(134144K), 0.2118122 secs] 249342K->140001K(249344K), [Metaspace: 51895K->51895K(1097728K)], 0.2122502 secs] [Times: user=0.21 sys=0.00, real=0.22 secs] 
Heap after GC invocations=173 (full 297):
 par new generation   total 115200K, used 5857K [0x00000000f0000000, 0x00000000f7d00000, 0x00000000f7d00000)
  eden space 102400K,   5% used [0x00000000f0000000, 0x00000000f05b87b0, 0x00000000f6400000)
  from space 12800K,   0% used [0x00000000f6400000, 0x00000000f6400000, 0x00000000f7080000)
  to   space 12800K,   0% used [0x00000000f7080000, 0x00000000f7080000, 0x00000000f7d00000)
 concurrent mark-sweep generation total 134144K, used 134143K [0x00000000f7d00000, 0x0000000100000000, 0x0000000100000000)
 Metaspace       used 51895K, capacity 54766K, committed 55296K, reserved 1097728K
  class space    used 6330K, capacity 6825K, committed 6912K, reserved 1048576K
}
2023-01-17T04:44:22.487+0800: 95.553: [GC (CMS Initial Mark) [1 CMS-initial-mark: 134143K(134144K)] 141249K(249344K), 0.0078540 secs] [Times: user=0.03 sys=0.00, real=0.01 secs] 
2023-01-17T04:44:22.495+0800: 95.561: [CMS-concurrent-mark-start]
2023-01-17T04:44:22.572+0800: 95.638: [CMS-concurrent-mark: 0.077/0.077 secs] [Times: user=0.22 sys=0.03, real=0.08 secs] 
2023-01-17T04:44:22.572+0800: 95.638: [CMS-concurrent-preclean-start]
2023-01-17T04:44:22.620+0800: 95.687: [CMS-concurrent-preclean: 0.048/0.048 secs] [Times: user=0.13 sys=0.03, real=0.05 secs] 
2023-01-17T04:44:22.621+0800: 95.687: [CMS-concurrent-abortable-preclean-start]
2023-01-17T04:44:22.621+0800: 95.687: [CMS-concurrent-abortable-preclean: 0.000/0.000 secs] [Times: user=0.00 sys=0.00, real=0.00 secs] 
2023-01-17T04:44:22.626+0800: 95.692: [GC (CMS Final Remark) [YG occupancy: 79880 K (115200 K)]2023-01-17T04:44:22.626+0800: 95.692: [Rescan (parallel) , 0.0342412 secs]2023-01-17T04:44:22.660+0800: 95.726: [weak refs processing, 0.0000425 secs]2023-01-17T04:44:22.660+0800: 95.726: [class unloading, 0.0138964 secs]2023-01-17T04:44:22.674+0800: 95.740: [scrub symbol table, 0.0051850 secs]2023-01-17T04:44:22.679+0800: 95.746: [scrub string table, 0.0008862 secs][1 CMS-remark: 134143K(134144K)] 214024K(249344K), 0.0544948 secs] [Times: user=0.10 sys=0.00, real=0.06 secs] 
2023-01-17T04:44:22.683+0800: 95.749: [CMS-concurrent-sweep-start]
2023-01-17T04:44:22.703+0800: 95.770: [CMS-concurrent-sweep: 0.021/0.021 secs] [Times: user=0.06 sys=0.01, real=0.02 secs] 
2023-01-17T04:44:22.704+0800: 95.770: [CMS-concurrent-reset-start]
2023-01-17T04:44:22.704+0800: 95.770: [CMS-concurrent-reset: 0.000/0.000 secs] [Times: user=0.00 sys=0.00, real=0.00 secs] 
{Heap before GC invocations=173 (full 298):
 par new generation   total 115200K, used 115200K [0x00000000f0000000, 0x00000000f7d00000, 0x00000000f7d00000)
  eden space 102400K, 100% used [0x00000000f0000000, 0x00000000f6400000, 0x00000000f6400000)
  from space 12800K, 100% used [0x00000000f6400000, 0x00000000f7080000, 0x00000000f7080000)
  to   space 12800K,   0% used [0x00000000f7080000, 0x00000000f7080000, 0x00000000f7d00000)
 concurrent mark-sweep generation total 134144K, used 134143K [0x00000000f7d00000, 0x0000000100000000, 0x0000000100000000)
 Metaspace       used 51895K, capacity 54766K, committed 55296K, reserved 1097728K
  class space    used 6330K, capacity 6825K, committed 6912K, reserved 1048576K
2023-01-17T04:44:22.790+0800: 95.856: [GC (Allocation Failure) 2023-01-17T04:44:22.790+0800: 95.856: [ParNew: 115200K->115200K(115200K), 0.0000274 secs]2023-01-17T04:44:22.790+0800: 95.856: [CMS: 134143K->134143K(134144K), 0.2534523 secs] 249343K->140067K(249344K), [Metaspace: 51895K->51895K(1097728K)], 0.2538798 secs] [Times: user=0.25 sys=0.01, real=0.25 secs] 
Heap after GC invocations=174 (full 299):
 par new generation   total 115200K, used 5923K [0x00000000f0000000, 0x00000000f7d00000, 0x00000000f7d00000)
  eden space 102400K,   5% used [0x00000000f0000000, 0x00000000f05c8d38, 0x00000000f6400000)
  from space 12800K,   0% used [0x00000000f6400000, 0x00000000f6400000, 0x00000000f7080000)
  to   space 12800K,   0% used [0x00000000f7080000, 0x00000000f7080000, 0x00000000f7d00000)
 concurrent mark-sweep generation total 134144K, used 134143K [0x00000000f7d00000, 0x0000000100000000, 0x0000000100000000)
 Metaspace       used 51895K, capacity 54766K, committed 55296K, reserved 1097728K
  class space    used 6330K, capacity 6825K, committed 6912K, reserved 1048576K
}
2023-01-17T04:44:23.049+0800: 96.115: [GC (CMS Initial Mark) [1 CMS-initial-mark: 134143K(134144K)] 140234K(249344K), 0.0063569 secs] [Times: user=0.02 sys=0.00, real=0.01 secs] 
2023-01-17T04:44:23.055+0800: 96.121: [CMS-concurrent-mark-start]
2023-01-17T04:44:23.150+0800: 96.216: [CMS-concurrent-mark: 0.095/0.095 secs] [Times: user=0.30 sys=0.05, real=0.10 secs] 
2023-01-17T04:44:23.150+0800: 96.217: [CMS-concurrent-preclean-start]
2023-01-17T04:44:23.197+0800: 96.263: [CMS-concurrent-preclean: 0.046/0.046 secs] [Times: user=0.15 sys=0.03, real=0.04 secs] 
2023-01-17T04:44:23.197+0800: 96.263: [CMS-concurrent-abortable-preclean-start]
2023-01-17T04:44:23.197+0800: 96.263: [CMS-concurrent-abortable-preclean: 0.000/0.000 secs] [Times: user=0.00 sys=0.00, real=0.00 secs] 
2023-01-17T04:44:23.202+0800: 96.268: [GC (CMS Final Remark) [YG occupancy: 99501 K (115200 K)]2023-01-17T04:44:23.202+0800: 96.269: [Rescan (parallel) , 0.0371906 secs]2023-01-17T04:44:23.239+0800: 96.306: [weak refs processing, 0.0000502 secs]2023-01-17T04:44:23.240+0800: 96.306: [class unloading, 0.0141578 secs]2023-01-17T04:44:23.254+0800: 96.320: [scrub symbol table, 0.0051011 secs]2023-01-17T04:44:23.259+0800: 96.325: [scrub string table, 0.0008997 secs][1 CMS-remark: 134143K(134144K)] 233645K(249344K), 0.0576363 secs] [Times: user=0.13 sys=0.00, real=0.06 secs] 
2023-01-17T04:44:23.261+0800: 96.327: [CMS-concurrent-sweep-start]
2023-01-17T04:44:23.290+0800: 96.356: [CMS-concurrent-sweep: 0.029/0.029 secs] [Times: user=0.08 sys=0.01, real=0.03 secs] 
2023-01-17T04:44:23.290+0800: 96.356: [CMS-concurrent-reset-start]
2023-01-17T04:44:23.290+0800: 96.356: [CMS-concurrent-reset: 0.000/0.000 secs] [Times: user=0.01 sys=0.00, real=0.00 secs] 
{Heap before GC invocations=174 (full 300):
 par new generation   total 115200K, used 115199K [0x00000000f0000000, 0x00000000f7d00000, 0x00000000f7d00000)
  eden space 102400K, 100% used [0x00000000f0000000, 0x00000000f6400000, 0x00000000f6400000)
  from space 12800K,  99% used [0x00000000f6400000, 0x00000000f707fdc0, 0x00000000f7080000)
  to   space 12800K,   0% used [0x00000000f7080000, 0x00000000f7080000, 0x00000000f7d00000)
 concurrent mark-sweep generation total 134144K, used 134143K [0x00000000f7d00000, 0x0000000100000000, 0x0000000100000000)
 Metaspace       used 51895K, capacity 54766K, committed 55296K, reserved 1097728K
  class space    used 6330K, capacity 6825K, committed 6912K, reserved 1048576K
2023-01-17T04:44:23.348+0800: 96.414: [GC (Allocation Failure) 2023-01-17T04:44:23.348+0800: 96.414: [ParNew: 115199K->115199K(115200K), 0.0000259 secs]2023-01-17T04:44:23.348+0800: 96.414: [CMS: 134143K->134144K(134144K), 0.2010403 secs] 249343K->140046K(249344K), [Metaspace: 51895K->51895K(1097728K)], 0.2014617 secs] [Times: user=0.20 sys=0.00, real=0.20 secs] 
Heap after GC invocations=175 (full 301):
 par new generation   total 115200K, used 5902K [0x00000000f0000000, 0x00000000f7d00000, 0x00000000f7d00000)
  eden space 102400K,   5% used [0x00000000f0000000, 0x00000000f05c39d0, 0x00000000f6400000)
  from space 12800K,   0% used [0x00000000f6400000, 0x00000000f6400000, 0x00000000f7080000)
  to   space 12800K,   0% used [0x00000000f7080000, 0x00000000f7080000, 0x00000000f7d00000)
 concurrent mark-sweep generation total 134144K, used 134144K [0x00000000f7d00000, 0x0000000100000000, 0x0000000100000000)
 Metaspace       used 51895K, capacity 54766K, committed 55296K, reserved 1097728K
  class space    used 6330K, capacity 6825K, committed 6912K, reserved 1048576K
}
2023-01-17T04:44:23.554+0800: 96.621: [GC (CMS Initial Mark) [1 CMS-initial-mark: 134144K(134144K)] 140271K(249344K), 0.0061858 secs] [Times: user=0.02 sys=0.00, real=0.01 secs] 
2023-01-17T04:44:23.561+0800: 96.627: [CMS-concurrent-mark-start]
2023-01-17T04:44:23.639+0800: 96.705: [CMS-concurrent-mark: 0.078/0.078 secs] [Times: user=0.26 sys=0.05, real=0.07 secs] 
2023-01-17T04:44:23.639+0800: 96.706: [CMS-concurrent-preclean-start]
2023-01-17T04:44:23.698+0800: 96.764: [CMS-concurrent-preclean: 0.059/0.059 secs] [Times: user=0.19 sys=0.04, real=0.06 secs] 
2023-01-17T04:44:23.698+0800: 96.764: [CMS-concurrent-abortable-preclean-start]
2023-01-17T04:44:23.698+0800: 96.764: [CMS-concurrent-abortable-preclean: 0.000/0.000 secs] [Times: user=0.00 sys=0.00, real=0.00 secs] 
2023-01-17T04:44:23.703+0800: 96.769: [GC (CMS Final Remark) [YG occupancy: 103203 K (115200 K)]2023-01-17T04:44:23.703+0800: 96.770: [Rescan (parallel) , 0.0286097 secs]2023-01-17T04:44:23.732+0800: 96.798: [weak refs processing, 0.0000553 secs]2023-01-17T04:44:23.732+0800: 96.798: [class unloading, 0.0137498 secs]2023-01-17T04:44:23.746+0800: 96.812: [scrub symbol table, 0.0052714 secs]2023-01-17T04:44:23.751+0800: 96.817: [scrub string table, 0.0008833 secs][1 CMS-remark: 134144K(134144K)] 237347K(249344K), 0.0488001 secs] [Times: user=0.14 sys=0.00, real=0.05 secs] 
2023-01-17T04:44:23.753+0800: 96.819: [CMS-concurrent-sweep-start]
2023-01-17T04:44:23.770+0800: 96.836: [CMS-concurrent-sweep: 0.017/0.017 secs] [Times: user=0.06 sys=0.00, real=0.02 secs] 
2023-01-17T04:44:23.770+0800: 96.837: [CMS-concurrent-reset-start]
2023-01-17T04:44:23.771+0800: 96.837: [CMS-concurrent-reset: 0.000/0.000 secs] [Times: user=0.00 sys=0.00, real=0.00 secs] 
{Heap before GC invocations=175 (full 302):
 par new generation   total 115200K, used 115199K [0x00000000f0000000, 0x00000000f7d00000, 0x00000000f7d00000)
  eden space 102400K, 100% used [0x00000000f0000000, 0x00000000f6400000, 0x00000000f6400000)
  from space 12800K,  99% used [0x00000000f6400000, 0x00000000f707fff0, 0x00000000f7080000)
  to   space 12800K,   0% used [0x00000000f7080000, 0x00000000f7080000, 0x00000000f7d00000)
 concurrent mark-sweep generation total 134144K, used 134144K [0x00000000f7d00000, 0x0000000100000000, 0x0000000100000000)
 Metaspace       used 51895K, capacity 54766K, committed 55296K, reserved 1097728K
  class space    used 6330K, capacity 6825K, committed 6912K, reserved 1048576K
2023-01-17T04:44:23.825+0800: 96.891: [GC (Allocation Failure) 2023-01-17T04:44:23.825+0800: 96.892: [ParNew: 115199K->115199K(115200K), 0.0000254 secs]2023-01-17T04:44:23.825+0800: 96.892: [CMS: 134144K->134144K(134144K), 0.1973692 secs] 249343K->140045K(249344K), [Metaspace: 51895K->51895K(1097728K)], 0.1977866 secs] [Times: user=0.19 sys=0.00, real=0.20 secs] 
Heap after GC invocations=176 (full 303):
 par new generation   total 115200K, used 5901K [0x00000000f0000000, 0x00000000f7d00000, 0x00000000f7d00000)
  eden space 102400K,   5% used [0x00000000f0000000, 0x00000000f05c35a8, 0x00000000f6400000)
  from space 12800K,   0% used [0x00000000f6400000, 0x00000000f6400000, 0x00000000f7080000)
  to   space 12800K,   0% used [0x00000000f7080000, 0x00000000f7080000, 0x00000000f7d00000)
 concurrent mark-sweep generation total 134144K, used 134144K [0x00000000f7d00000, 0x0000000100000000, 0x0000000100000000)
 Metaspace       used 51895K, capacity 54766K, committed 55296K, reserved 1097728K
  class space    used 6330K, capacity 6825K, committed 6912K, reserved 1048576K
}
2023-01-17T04:44:24.028+0800: 97.094: [GC (CMS Initial Mark) [1 CMS-initial-mark: 134144K(134144K)] 140268K(249344K), 0.0075615 secs] [Times: user=0.02 sys=0.00, real=0.01 secs] 
2023-01-17T04:44:24.036+0800: 97.102: [CMS-concurrent-mark-start]
2023-01-17T04:44:24.155+0800: 97.222: [CMS-concurrent-mark: 0.119/0.119 secs] [Times: user=0.28 sys=0.04, real=0.12 secs] 
2023-01-17T04:44:24.156+0800: 97.222: [CMS-concurrent-preclean-start]
2023-01-17T04:44:24.207+0800: 97.274: [CMS-concurrent-preclean: 0.052/0.052 secs] [Times: user=0.12 sys=0.01, real=0.05 secs] 
2023-01-17T04:44:24.207+0800: 97.274: [CMS-concurrent-abortable-preclean-start]
2023-01-17T04:44:24.207+0800: 97.274: [CMS-concurrent-abortable-preclean: 0.000/0.000 secs] [Times: user=0.00 sys=0.00, real=0.00 secs] 
2023-01-17T04:44:24.223+0800: 97.290: [GC (CMS Final Remark) [YG occupancy: 91706 K (115200 K)]2023-01-17T04:44:24.224+0800: 97.290: [Rescan (parallel) , 0.0412459 secs]2023-01-17T04:44:24.265+0800: 97.331: [weak refs processing, 0.0000446 secs]2023-01-17T04:44:24.265+0800: 97.331: [class unloading, 0.0137093 secs]2023-01-17T04:44:24.279+0800: 97.345: [scrub symbol table, 0.0050837 secs]2023-01-17T04:44:24.284+0800: 97.350: [scrub string table, 0.0008679 secs][1 CMS-remark: 134144K(134144K)] 225850K(249344K), 0.0612344 secs] [Times: user=0.12 sys=0.00, real=0.06 secs] 
2023-01-17T04:44:24.285+0800: 97.351: [CMS-concurrent-sweep-start]
2023-01-17T04:44:24.304+0800: 97.370: [CMS-concurrent-sweep: 0.019/0.019 secs] [Times: user=0.06 sys=0.01, real=0.02 secs] 
2023-01-17T04:44:24.304+0800: 97.370: [CMS-concurrent-reset-start]
2023-01-17T04:44:24.304+0800: 97.371: [CMS-concurrent-reset: 0.000/0.000 secs] [Times: user=0.00 sys=0.00, real=0.00 secs] 
{Heap before GC invocations=176 (full 304):
 par new generation   total 115200K, used 115200K [0x00000000f0000000, 0x00000000f7d00000, 0x00000000f7d00000)
  eden space 102400K, 100% used [0x00000000f0000000, 0x00000000f6400000, 0x00000000f6400000)
  from space 12800K, 100% used [0x00000000f6400000, 0x00000000f7080000, 0x00000000f7080000)
  to   space 12800K,   0% used [0x00000000f7080000, 0x00000000f7080000, 0x00000000f7d00000)
 concurrent mark-sweep generation total 134144K, used 134143K [0x00000000f7d00000, 0x0000000100000000, 0x0000000100000000)
 Metaspace       used 51895K, capacity 54766K, committed 55296K, reserved 1097728K
  class space    used 6330K, capacity 6825K, committed 6912K, reserved 1048576K
2023-01-17T04:44:24.386+0800: 97.452: [GC (Allocation Failure) 2023-01-17T04:44:24.386+0800: 97.452: [ParNew: 115200K->115200K(115200K), 0.0000271 secs]2023-01-17T04:44:24.386+0800: 97.452: [CMS: 134143K->134143K(134144K), 0.1957577 secs] 249343K->140049K(249344K), [Metaspace: 51895K->51895K(1097728K)], 0.1962139 secs] [Times: user=0.20 sys=0.00, real=0.20 secs] 
Heap after GC invocations=177 (full 305):
 par new generation   total 115200K, used 5905K [0x00000000f0000000, 0x00000000f7d00000, 0x00000000f7d00000)
  eden space 102400K,   5% used [0x00000000f0000000, 0x00000000f05c45f0, 0x00000000f6400000)
  from space 12800K,   0% used [0x00000000f6400000, 0x00000000f6400000, 0x00000000f7080000)
  to   space 12800K,   0% used [0x00000000f7080000, 0x00000000f7080000, 0x00000000f7d00000)
 concurrent mark-sweep generation total 134144K, used 134143K [0x00000000f7d00000, 0x0000000100000000, 0x0000000100000000)
 Metaspace       used 51895K, capacity 54766K, committed 55296K, reserved 1097728K
  class space    used 6330K, capacity 6825K, committed 6912K, reserved 1048576K
}
2023-01-17T04:44:24.587+0800: 97.653: [GC (CMS Initial Mark) [1 CMS-initial-mark: 134143K(134144K)] 140136K(249344K), 0.0062654 secs] [Times: user=0.02 sys=0.00, real=0.01 secs] 
2023-01-17T04:44:24.593+0800: 97.660: [CMS-concurrent-mark-start]
2023-01-17T04:44:24.670+0800: 97.736: [CMS-concurrent-mark: 0.077/0.077 secs] [Times: user=0.27 sys=0.03, real=0.08 secs] 
2023-01-17T04:44:24.670+0800: 97.736: [CMS-concurrent-preclean-start]
2023-01-17T04:44:24.724+0800: 97.791: [CMS-concurrent-preclean: 0.054/0.054 secs] [Times: user=0.19 sys=0.02, real=0.05 secs] 
2023-01-17T04:44:24.725+0800: 97.791: [CMS-concurrent-abortable-preclean-start]
2023-01-17T04:44:24.725+0800: 97.791: [CMS-concurrent-abortable-preclean: 0.000/0.000 secs] [Times: user=0.00 sys=0.00, real=0.00 secs] 
2023-01-17T04:44:24.730+0800: 97.797: [GC (CMS Final Remark) [YG occupancy: 100392 K (115200 K)]2023-01-17T04:44:24.730+0800: 97.797: [Rescan (parallel) , 0.0361768 secs]2023-01-17T04:44:24.767+0800: 97.833: [weak refs processing, 0.0000543 secs]2023-01-17T04:44:24.767+0800: 97.833: [class unloading, 0.0196217 secs]2023-01-17T04:44:24.786+0800: 97.853: [scrub symbol table, 0.0079486 secs]2023-01-17T04:44:24.794+0800: 97.861: [scrub string table, 0.0013013 secs][1 CMS-remark: 134143K(134144K)] 234536K(249344K), 0.0653475 secs] [Times: user=0.14 sys=0.00, real=0.06 secs] 
2023-01-17T04:44:24.796+0800: 97.863: [CMS-concurrent-sweep-start]
2023-01-17T04:44:24.814+0800: 97.880: [CMS-concurrent-sweep: 0.018/0.018 secs] [Times: user=0.05 sys=0.00, real=0.02 secs] 
2023-01-17T04:44:24.815+0800: 97.881: [CMS-concurrent-reset-start]
2023-01-17T04:44:24.815+0800: 97.881: [CMS-concurrent-reset: 0.000/0.000 secs] [Times: user=0.00 sys=0.00, real=0.00 secs] 
{Heap before GC invocations=177 (full 306):
 par new generation   total 115200K, used 115199K [0x00000000f0000000, 0x00000000f7d00000, 0x00000000f7d00000)
  eden space 102400K, 100% used [0x00000000f0000000, 0x00000000f6400000, 0x00000000f6400000)
  from space 12800K,  99% used [0x00000000f6400000, 0x00000000f707fff8, 0x00000000f7080000)
  to   space 12800K,   0% used [0x00000000f7080000, 0x00000000f7080000, 0x00000000f7d00000)
 concurrent mark-sweep generation total 134144K, used 134143K [0x00000000f7d00000, 0x0000000100000000, 0x0000000100000000)
 Metaspace       used 51895K, capacity 54766K, committed 55296K, reserved 1097728K
  class space    used 6330K, capacity 6825K, committed 6912K, reserved 1048576K
2023-01-17T04:44:24.882+0800: 97.948: [GC (Allocation Failure) 2023-01-17T04:44:24.882+0800: 97.948: [ParNew: 115199K->115199K(115200K), 0.0000264 secs]2023-01-17T04:44:24.882+0800: 97.948: [CMS: 134143K->134143K(134144K), 0.1983166 secs] 249343K->140030K(249344K), [Metaspace: 51895K->51895K(1097728K)], 0.1987486 secs] [Times: user=0.20 sys=0.00, real=0.20 secs] 
Heap after GC invocations=178 (full 307):
 par new generation   total 115200K, used 5886K [0x00000000f0000000, 0x00000000f7d00000, 0x00000000f7d00000)
  eden space 102400K,   5% used [0x00000000f0000000, 0x00000000f05bf948, 0x00000000f6400000)
  from space 12800K,   0% used [0x00000000f6400000, 0x00000000f6400000, 0x00000000f7080000)
  to   space 12800K,   0% used [0x00000000f7080000, 0x00000000f7080000, 0x00000000f7d00000)
 concurrent mark-sweep generation total 134144K, used 134143K [0x00000000f7d00000, 0x0000000100000000, 0x0000000100000000)
 Metaspace       used 51895K, capacity 54766K, committed 55296K, reserved 1097728K
  class space    used 6330K, capacity 6825K, committed 6912K, reserved 1048576K
}
2023-01-17T04:44:25.086+0800: 98.153: [GC (CMS Initial Mark) [1 CMS-initial-mark: 134143K(134144K)] 140775K(249344K), 0.0064174 secs] [Times: user=0.03 sys=0.00, real=0.01 secs] 
2023-01-17T04:44:25.093+0800: 98.159: [CMS-concurrent-mark-start]
2023-01-17T04:44:25.163+0800: 98.229: [CMS-concurrent-mark: 0.070/0.070 secs] [Times: user=0.23 sys=0.04, real=0.07 secs] 
2023-01-17T04:44:25.163+0800: 98.230: [CMS-concurrent-preclean-start]
2023-01-17T04:44:25.208+0800: 98.274: [CMS-concurrent-preclean: 0.045/0.045 secs] [Times: user=0.15 sys=0.03, real=0.04 secs] 
2023-01-17T04:44:25.208+0800: 98.274: [CMS-concurrent-abortable-preclean-start]
2023-01-17T04:44:25.208+0800: 98.274: [CMS-concurrent-abortable-preclean: 0.000/0.000 secs] [Times: user=0.00 sys=0.00, real=0.00 secs] 
2023-01-17T04:44:25.212+0800: 98.279: [GC (CMS Final Remark) [YG occupancy: 86860 K (115200 K)]2023-01-17T04:44:25.213+0800: 98.279: [Rescan (parallel) , 0.0246379 secs]2023-01-17T04:44:25.237+0800: 98.304: [weak refs processing, 0.0000426 secs]2023-01-17T04:44:25.237+0800: 98.304: [class unloading, 0.0135190 secs]2023-01-17T04:44:25.251+0800: 98.317: [scrub symbol table, 0.0051293 secs]2023-01-17T04:44:25.256+0800: 98.322: [scrub string table, 0.0008578 secs][1 CMS-remark: 134143K(134144K)] 221004K(249344K), 0.0444264 secs] [Times: user=0.12 sys=0.00, real=0.04 secs] 
2023-01-17T04:44:25.258+0800: 98.324: [CMS-concurrent-sweep-start]
2023-01-17T04:44:25.276+0800: 98.342: [CMS-concurrent-sweep: 0.018/0.018 secs] [Times: user=0.06 sys=0.01, real=0.02 secs] 
2023-01-17T04:44:25.276+0800: 98.343: [CMS-concurrent-reset-start]
2023-01-17T04:44:25.277+0800: 98.343: [CMS-concurrent-reset: 0.000/0.000 secs] [Times: user=0.01 sys=0.00, real=0.00 secs] 
{Heap before GC invocations=178 (full 308):
 par new generation   total 115200K, used 115200K [0x00000000f0000000, 0x00000000f7d00000, 0x00000000f7d00000)
  eden space 102400K, 100% used [0x00000000f0000000, 0x00000000f6400000, 0x00000000f6400000)
  from space 12800K, 100% used [0x00000000f6400000, 0x00000000f7080000, 0x00000000f7080000)
  to   space 12800K,   0% used [0x00000000f7080000, 0x00000000f7080000, 0x00000000f7d00000)
 concurrent mark-sweep generation total 134144K, used 134143K [0x00000000f7d00000, 0x0000000100000000, 0x0000000100000000)
 Metaspace       used 51895K, capacity 54766K, committed 55296K, reserved 1097728K
  class space    used 6330K, capacity 6825K, committed 6912K, reserved 1048576K
2023-01-17T04:44:25.355+0800: 98.421: [GC (Allocation Failure) 2023-01-17T04:44:25.355+0800: 98.422: [ParNew: 115200K->115200K(115200K), 0.0000249 secs]2023-01-17T04:44:25.355+0800: 98.422: [CMS: 134143K->134143K(134144K), 0.2109043 secs] 249343K->140032K(249344K), [Metaspace: 51895K->51895K(1097728K)], 0.2113722 secs] [Times: user=0.21 sys=0.00, real=0.21 secs] 
Heap after GC invocations=179 (full 309):
 par new generation   total 115200K, used 5888K [0x00000000f0000000, 0x00000000f7d00000, 0x00000000f7d00000)
  eden space 102400K,   5% used [0x00000000f0000000, 0x00000000f05c0328, 0x00000000f6400000)
  from space 12800K,   0% used [0x00000000f6400000, 0x00000000f6400000, 0x00000000f7080000)
  to   space 12800K,   0% used [0x00000000f7080000, 0x00000000f7080000, 0x00000000f7d00000)
 concurrent mark-sweep generation total 134144K, used 134143K [0x00000000f7d00000, 0x0000000100000000, 0x0000000100000000)
 Metaspace       used 51895K, capacity 54766K, committed 55296K, reserved 1097728K
  class space    used 6330K, capacity 6825K, committed 6912K, reserved 1048576K
}
2023-01-17T04:44:25.584+0800: 98.651: [GC (CMS Initial Mark) [1 CMS-initial-mark: 134143K(134144K)] 145528K(249344K), 0.0096362 secs] [Times: user=0.03 sys=0.00, real=0.01 secs] 
2023-01-17T04:44:25.594+0800: 98.661: [CMS-concurrent-mark-start]
2023-01-17T04:44:25.668+0800: 98.735: [CMS-concurrent-mark: 0.074/0.074 secs] [Times: user=0.22 sys=0.02, real=0.07 secs] 
2023-01-17T04:44:25.669+0800: 98.735: [CMS-concurrent-preclean-start]
2023-01-17T04:44:25.718+0800: 98.784: [CMS-concurrent-preclean: 0.049/0.049 secs] [Times: user=0.14 sys=0.02, real=0.05 secs] 
2023-01-17T04:44:25.718+0800: 98.784: [CMS-concurrent-abortable-preclean-start]
2023-01-17T04:44:25.718+0800: 98.784: [CMS-concurrent-abortable-preclean: 0.000/0.000 secs] [Times: user=0.00 sys=0.00, real=0.00 secs] 
2023-01-17T04:44:25.724+0800: 98.790: [GC (CMS Final Remark) [YG occupancy: 82722 K (115200 K)]2023-01-17T04:44:25.724+0800: 98.790: [Rescan (parallel) , 0.0329220 secs]2023-01-17T04:44:25.757+0800: 98.823: [weak refs processing, 0.0000470 secs]2023-01-17T04:44:25.757+0800: 98.823: [class unloading, 0.0142517 secs]2023-01-17T04:44:25.771+0800: 98.838: [scrub symbol table, 0.0053972 secs]2023-01-17T04:44:25.777+0800: 98.843: [scrub string table, 0.0009204 secs][1 CMS-remark: 134143K(134144K)] 216866K(249344K), 0.0538182 secs] [Times: user=0.11 sys=0.00, real=0.05 secs] 
2023-01-17T04:44:25.778+0800: 98.844: [CMS-concurrent-sweep-start]
2023-01-17T04:44:25.798+0800: 98.864: [CMS-concurrent-sweep: 0.020/0.020 secs] [Times: user=0.05 sys=0.01, real=0.02 secs] 
2023-01-17T04:44:25.798+0800: 98.864: [CMS-concurrent-reset-start]
2023-01-17T04:44:25.799+0800: 98.865: [CMS-concurrent-reset: 0.001/0.001 secs] [Times: user=0.00 sys=0.00, real=0.00 secs] 
{Heap before GC invocations=179 (full 310):
 par new generation   total 115200K, used 115199K [0x00000000f0000000, 0x00000000f7d00000, 0x00000000f7d00000)
  eden space 102400K, 100% used [0x00000000f0000000, 0x00000000f6400000, 0x00000000f6400000)
  from space 12800K,  99% used [0x00000000f6400000, 0x00000000f707fed8, 0x00000000f7080000)
  to   space 12800K,   0% used [0x00000000f7080000, 0x00000000f7080000, 0x00000000f7d00000)
 concurrent mark-sweep generation total 134144K, used 134143K [0x00000000f7d00000, 0x0000000100000000, 0x0000000100000000)
 Metaspace       used 51902K, capacity 54766K, committed 55296K, reserved 1097728K
  class space    used 6330K, capacity 6825K, committed 6912K, reserved 1048576K
2023-01-17T04:44:25.894+0800: 98.961: [GC (Allocation Failure) 2023-01-17T04:44:25.894+0800: 98.961: [ParNew: 115199K->115199K(115200K), 0.0000280 secs]2023-01-17T04:44:25.894+0800: 98.961: [CMS: 134143K->134143K(134144K), 0.2154036 secs] 249343K->140040K(249344K), [Metaspace: 51902K->51902K(1097728K)], 0.2158426 secs] [Times: user=0.22 sys=0.00, real=0.22 secs] 
Heap after GC invocations=180 (full 311):
 par new generation   total 115200K, used 5896K [0x00000000f0000000, 0x00000000f7d00000, 0x00000000f7d00000)
  eden space 102400K,   5% used [0x00000000f0000000, 0x00000000f05c2340, 0x00000000f6400000)
  from space 12800K,   0% used [0x00000000f6400000, 0x00000000f6400000, 0x00000000f7080000)
  to   space 12800K,   0% used [0x00000000f7080000, 0x00000000f7080000, 0x00000000f7d00000)
 concurrent mark-sweep generation total 134144K, used 134143K [0x00000000f7d00000, 0x0000000100000000, 0x0000000100000000)
 Metaspace       used 51902K, capacity 54766K, committed 55296K, reserved 1097728K
  class space    used 6330K, capacity 6825K, committed 6912K, reserved 1048576K
}
2023-01-17T04:44:26.115+0800: 99.182: [GC (CMS Initial Mark) [1 CMS-initial-mark: 134143K(134144K)] 140203K(249344K), 0.0062909 secs] [Times: user=0.02 sys=0.00, real=0.01 secs] 
2023-01-17T04:44:26.122+0800: 99.188: [CMS-concurrent-mark-start]
2023-01-17T04:44:26.192+0800: 99.258: [CMS-concurrent-mark: 0.070/0.070 secs] [Times: user=0.23 sys=0.04, real=0.07 secs] 
2023-01-17T04:44:26.192+0800: 99.259: [CMS-concurrent-preclean-start]
2023-01-17T04:44:26.238+0800: 99.304: [CMS-concurrent-preclean: 0.045/0.045 secs] [Times: user=0.15 sys=0.03, real=0.04 secs] 
2023-01-17T04:44:26.238+0800: 99.304: [CMS-concurrent-abortable-preclean-start]
2023-01-17T04:44:26.238+0800: 99.304: [CMS-concurrent-abortable-preclean: 0.000/0.000 secs] [Times: user=0.00 sys=0.00, real=0.00 secs] 
2023-01-17T04:44:26.243+0800: 99.309: [GC (CMS Final Remark) [YG occupancy: 86017 K (115200 K)]2023-01-17T04:44:26.243+0800: 99.309: [Rescan (parallel) , 0.0246296 secs]2023-01-17T04:44:26.267+0800: 99.334: [weak refs processing, 0.0000522 secs]2023-01-17T04:44:26.268+0800: 99.334: [class unloading, 0.0140145 secs]2023-01-17T04:44:26.282+0800: 99.348: [scrub symbol table, 0.0051887 secs]2023-01-17T04:44:26.287+0800: 99.353: [scrub string table, 0.0009159 secs][1 CMS-remark: 134143K(134144K)] 220161K(249344K), 0.0450451 secs] [Times: user=0.12 sys=0.00, real=0.04 secs] 
2023-01-17T04:44:26.288+0800: 99.354: [CMS-concurrent-sweep-start]
2023-01-17T04:44:26.307+0800: 99.373: [CMS-concurrent-sweep: 0.019/0.019 secs] [Times: user=0.06 sys=0.01, real=0.02 secs] 
2023-01-17T04:44:26.307+0800: 99.373: [CMS-concurrent-reset-start]
2023-01-17T04:44:26.307+0800: 99.374: [CMS-concurrent-reset: 0.000/0.000 secs] [Times: user=0.01 sys=0.00, real=0.00 secs] 
{Heap before GC invocations=180 (full 312):
 par new generation   total 115200K, used 115199K [0x00000000f0000000, 0x00000000f7d00000, 0x00000000f7d00000)
  eden space 102400K, 100% used [0x00000000f0000000, 0x00000000f6400000, 0x00000000f6400000)
  from space 12800K,  99% used [0x00000000f6400000, 0x00000000f707fff8, 0x00000000f7080000)
  to   space 12800K,   0% used [0x00000000f7080000, 0x00000000f7080000, 0x00000000f7d00000)
 concurrent mark-sweep generation total 134144K, used 134143K [0x00000000f7d00000, 0x0000000100000000, 0x0000000100000000)
 Metaspace       used 51902K, capacity 54766K, committed 55296K, reserved 1097728K
  class space    used 6330K, capacity 6825K, committed 6912K, reserved 1048576K
2023-01-17T04:44:26.392+0800: 99.458: [GC (Allocation Failure) 2023-01-17T04:44:26.392+0800: 99.458: [ParNew: 115199K->115199K(115200K), 0.0000279 secs]2023-01-17T04:44:26.392+0800: 99.458: [CMS: 134143K->134143K(134144K), 0.2061918 secs] 249343K->140045K(249344K), [Metaspace: 51902K->51902K(1097728K)], 0.2067466 secs] [Times: user=0.20 sys=0.00, real=0.20 secs] 
Heap after GC invocations=181 (full 313):
 par new generation   total 115200K, used 5901K [0x00000000f0000000, 0x00000000f7d00000, 0x00000000f7d00000)
  eden space 102400K,   5% used [0x00000000f0000000, 0x00000000f05c3618, 0x00000000f6400000)
  from space 12800K,   0% used [0x00000000f6400000, 0x00000000f6400000, 0x00000000f7080000)
  to   space 12800K,   0% used [0x00000000f7080000, 0x00000000f7080000, 0x00000000f7d00000)
 concurrent mark-sweep generation total 134144K, used 134143K [0x00000000f7d00000, 0x0000000100000000, 0x0000000100000000)
 Metaspace       used 51902K, capacity 54766K, committed 55296K, reserved 1097728K
  class space    used 6330K, capacity 6825K, committed 6912K, reserved 1048576K
}
2023-01-17T04:44:26.605+0800: 99.672: [GC (CMS Initial Mark) [1 CMS-initial-mark: 134143K(134144K)] 140050K(249344K), 0.0074145 secs] [Times: user=0.02 sys=0.00, real=0.01 secs] 
2023-01-17T04:44:26.613+0800: 99.679: [CMS-concurrent-mark-start]
2023-01-17T04:44:26.686+0800: 99.752: [CMS-concurrent-mark: 0.073/0.073 secs] [Times: user=0.21 sys=0.03, real=0.07 secs] 
2023-01-17T04:44:26.686+0800: 99.753: [CMS-concurrent-preclean-start]
2023-01-17T04:44:26.736+0800: 99.803: [CMS-concurrent-preclean: 0.050/0.050 secs] [Times: user=0.14 sys=0.03, real=0.05 secs] 
2023-01-17T04:44:26.737+0800: 99.803: [CMS-concurrent-abortable-preclean-start]
2023-01-17T04:44:26.737+0800: 99.803: [CMS-concurrent-abortable-preclean: 0.000/0.000 secs] [Times: user=0.00 sys=0.00, real=0.00 secs] 
2023-01-17T04:44:26.750+0800: 99.816: [GC (CMS Final Remark) [YG occupancy: 83117 K (115200 K)]2023-01-17T04:44:26.750+0800: 99.816: [Rescan (parallel) , 0.0336456 secs]2023-01-17T04:44:26.784+0800: 99.850: [weak refs processing, 0.0000623 secs]2023-01-17T04:44:26.784+0800: 99.850: [class unloading, 0.0197695 secs]2023-01-17T04:44:26.804+0800: 99.870: [scrub symbol table, 0.0075340 secs]2023-01-17T04:44:26.811+0800: 99.878: [scrub string table, 0.0012615 secs][1 CMS-remark: 134143K(134144K)] 217261K(249344K), 0.0625585 secs] [Times: user=0.13 sys=0.00, real=0.06 secs] 
2023-01-17T04:44:26.813+0800: 99.879: [CMS-concurrent-sweep-start]
2023-01-17T04:44:26.835+0800: 99.901: [CMS-concurrent-sweep: 0.022/0.022 secs] [Times: user=0.05 sys=0.01, real=0.02 secs] 
2023-01-17T04:44:26.835+0800: 99.901: [CMS-concurrent-reset-start]
2023-01-17T04:44:26.835+0800: 99.902: [CMS-concurrent-reset: 0.000/0.000 secs] [Times: user=0.00 sys=0.00, real=0.00 secs] 
{Heap before GC invocations=181 (full 314):
 par new generation   total 115200K, used 115199K [0x00000000f0000000, 0x00000000f7d00000, 0x00000000f7d00000)
  eden space 102400K, 100% used [0x00000000f0000000, 0x00000000f6400000, 0x00000000f6400000)
  from space 12800K,  99% used [0x00000000f6400000, 0x00000000f707fff0, 0x00000000f7080000)
  to   space 12800K,   0% used [0x00000000f7080000, 0x00000000f7080000, 0x00000000f7d00000)
 concurrent mark-sweep generation total 134144K, used 134143K [0x00000000f7d00000, 0x0000000100000000, 0x0000000100000000)
 Metaspace       used 51903K, capacity 54766K, committed 55296K, reserved 1097728K
  class space    used 6330K, capacity 6825K, committed 6912K, reserved 1048576K
2023-01-17T04:44:26.923+0800: 99.990: [GC (Allocation Failure) 2023-01-17T04:44:26.924+0800: 99.990: [ParNew: 115199K->115199K(115200K), 0.0000269 secs]2023-01-17T04:44:26.924+0800: 99.990: [CMS: 134143K->134143K(134144K), 0.2176423 secs] 249343K->140048K(249344K), [Metaspace: 51903K->51903K(1097728K)], 0.2180816 secs] [Times: user=0.22 sys=0.00, real=0.22 secs] 
Heap after GC invocations=182 (full 315):
 par new generation   total 115200K, used 5904K [0x00000000f0000000, 0x00000000f7d00000, 0x00000000f7d00000)
  eden space 102400K,   5% used [0x00000000f0000000, 0x00000000f05c43f0, 0x00000000f6400000)
  from space 12800K,   0% used [0x00000000f6400000, 0x00000000f6400000, 0x00000000f7080000)
  to   space 12800K,   0% used [0x00000000f7080000, 0x00000000f7080000, 0x00000000f7d00000)
 concurrent mark-sweep generation total 134144K, used 134143K [0x00000000f7d00000, 0x0000000100000000, 0x0000000100000000)
 Metaspace       used 51903K, capacity 54766K, committed 55296K, reserved 1097728K
  class space    used 6330K, capacity 6825K, committed 6912K, reserved 1048576K
}
2023-01-17T04:44:27.156+0800: 100.222: [GC (CMS Initial Mark) [1 CMS-initial-mark: 134143K(134144K)] 144107K(249344K), 0.0088345 secs] [Times: user=0.03 sys=0.00, real=0.01 secs] 
2023-01-17T04:44:27.165+0800: 100.232: [CMS-concurrent-mark-start]
2023-01-17T04:44:27.277+0800: 100.343: [CMS-concurrent-mark: 0.112/0.112 secs] [Times: user=0.28 sys=0.04, real=0.11 secs] 
2023-01-17T04:44:27.277+0800: 100.343: [CMS-concurrent-preclean-start]
2023-01-17T04:44:27.345+0800: 100.411: [CMS-concurrent-preclean: 0.068/0.068 secs] [Times: user=0.19 sys=0.04, real=0.07 secs] 
2023-01-17T04:44:27.345+0800: 100.411: [CMS-concurrent-abortable-preclean-start]
2023-01-17T04:44:27.345+0800: 100.411: [CMS-concurrent-abortable-preclean: 0.000/0.000 secs] [Times: user=0.00 sys=0.00, real=0.00 secs] 
2023-01-17T04:44:27.352+0800: 100.418: [GC (CMS Final Remark) [YG occupancy: 105129 K (115200 K)]2023-01-17T04:44:27.352+0800: 100.419: [Rescan (parallel) , 0.0293363 secs]2023-01-17T04:44:27.382+0800: 100.448: [weak refs processing, 0.0000452 secs]2023-01-17T04:44:27.382+0800: 100.448: [class unloading, 0.0139569 secs]2023-01-17T04:44:27.396+0800: 100.462: [scrub symbol table, 0.0052694 secs]2023-01-17T04:44:27.401+0800: 100.467: [scrub string table, 0.0008861 secs][1 CMS-remark: 134143K(134144K)] 239273K(249344K), 0.0497558 secs] [Times: user=0.14 sys=0.00, real=0.05 secs] 
2023-01-17T04:44:27.403+0800: 100.469: [CMS-concurrent-sweep-start]
2023-01-17T04:44:27.420+0800: 100.486: [CMS-concurrent-sweep: 0.017/0.017 secs] [Times: user=0.06 sys=0.01, real=0.02 secs] 
2023-01-17T04:44:27.420+0800: 100.487: [CMS-concurrent-reset-start]
2023-01-17T04:44:27.420+0800: 100.487: [CMS-concurrent-reset: 0.000/0.000 secs] [Times: user=0.00 sys=0.00, real=0.00 secs] 
{Heap before GC invocations=182 (full 316):
 par new generation   total 115200K, used 115195K [0x00000000f0000000, 0x00000000f7d00000, 0x00000000f7d00000)
  eden space 102400K, 100% used [0x00000000f0000000, 0x00000000f6400000, 0x00000000f6400000)
  from space 12800K,  99% used [0x00000000f6400000, 0x00000000f707ed58, 0x00000000f7080000)
  to   space 12800K,   0% used [0x00000000f7080000, 0x00000000f7080000, 0x00000000f7d00000)
 concurrent mark-sweep generation total 134144K, used 134143K [0x00000000f7d00000, 0x0000000100000000, 0x0000000100000000)
 Metaspace       used 51903K, capacity 54766K, committed 55296K, reserved 1097728K
  class space    used 6330K, capacity 6825K, committed 6912K, reserved 1048576K
2023-01-17T04:44:27.464+0800: 100.530: [GC (Allocation Failure) 2023-01-17T04:44:27.464+0800: 100.530: [ParNew: 115195K->115195K(115200K), 0.0000286 secs]2023-01-17T04:44:27.464+0800: 100.531: [CMS: 134143K->134143K(134144K), 0.2190591 secs] 249339K->140025K(249344K), [Metaspace: 51903K->51903K(1097728K)], 0.2194710 secs] [Times: user=0.22 sys=0.00, real=0.22 secs] 
Heap after GC invocations=183 (full 317):
 par new generation   total 115200K, used 5881K [0x00000000f0000000, 0x00000000f7d00000, 0x00000000f7d00000)
  eden space 102400K,   5% used [0x00000000f0000000, 0x00000000f05be498, 0x00000000f6400000)
  from space 12800K,   0% used [0x00000000f6400000, 0x00000000f6400000, 0x00000000f7080000)
  to   space 12800K,   0% used [0x00000000f7080000, 0x00000000f7080000, 0x00000000f7d00000)
 concurrent mark-sweep generation total 134144K, used 134143K [0x00000000f7d00000, 0x0000000100000000, 0x0000000100000000)
 Metaspace       used 51903K, capacity 54766K, committed 55296K, reserved 1097728K
  class space    used 6330K, capacity 6825K, committed 6912K, reserved 1048576K
}
2023-01-17T04:44:27.689+0800: 100.756: [GC (CMS Initial Mark) [1 CMS-initial-mark: 134143K(134144K)] 140718K(249344K), 0.0065329 secs] [Times: user=0.02 sys=0.00, real=0.01 secs] 
2023-01-17T04:44:27.696+0800: 100.763: [CMS-concurrent-mark-start]
2023-01-17T04:44:27.767+0800: 100.834: [CMS-concurrent-mark: 0.071/0.071 secs] [Times: user=0.24 sys=0.04, real=0.07 secs] 
2023-01-17T04:44:27.768+0800: 100.834: [CMS-concurrent-preclean-start]
2023-01-17T04:44:27.816+0800: 100.883: [CMS-concurrent-preclean: 0.049/0.049 secs] [Times: user=0.16 sys=0.02, real=0.05 secs] 
2023-01-17T04:44:27.817+0800: 100.883: [CMS-concurrent-abortable-preclean-start]
2023-01-17T04:44:27.817+0800: 100.883: [CMS-concurrent-abortable-preclean: 0.000/0.000 secs] [Times: user=0.00 sys=0.00, real=0.00 secs] 
2023-01-17T04:44:27.822+0800: 100.888: [GC (CMS Final Remark) [YG occupancy: 89383 K (115200 K)]2023-01-17T04:44:27.822+0800: 100.889: [Rescan (parallel) , 0.0355299 secs]2023-01-17T04:44:27.858+0800: 100.924: [weak refs processing, 0.0000552 secs]2023-01-17T04:44:27.858+0800: 100.924: [class unloading, 0.0197301 secs]2023-01-17T04:44:27.878+0800: 100.944: [scrub symbol table, 0.0080501 secs]2023-01-17T04:44:27.886+0800: 100.952: [scrub string table, 0.0012950 secs][1 CMS-remark: 134143K(134144K)] 223527K(249344K), 0.0649205 secs] [Times: user=0.14 sys=0.00, real=0.06 secs] 
2023-01-17T04:44:27.888+0800: 100.954: [CMS-concurrent-sweep-start]
2023-01-17T04:44:27.912+0800: 100.979: [CMS-concurrent-sweep: 0.024/0.024 secs] [Times: user=0.04 sys=0.00, real=0.03 secs] 
2023-01-17T04:44:27.913+0800: 100.979: [CMS-concurrent-reset-start]
2023-01-17T04:44:27.913+0800: 100.979: [CMS-concurrent-reset: 0.000/0.000 secs] [Times: user=0.00 sys=0.00, real=0.00 secs] 
{Heap before GC invocations=183 (full 318):
 par new generation   total 115200K, used 115199K [0x00000000f0000000, 0x00000000f7d00000, 0x00000000f7d00000)
  eden space 102400K, 100% used [0x00000000f0000000, 0x00000000f6400000, 0x00000000f6400000)
  from space 12800K,  99% used [0x00000000f6400000, 0x00000000f707fff0, 0x00000000f7080000)
  to   space 12800K,   0% used [0x00000000f7080000, 0x00000000f7080000, 0x00000000f7d00000)
 concurrent mark-sweep generation total 134144K, used 134143K [0x00000000f7d00000, 0x0000000100000000, 0x0000000100000000)
 Metaspace       used 51903K, capacity 54766K, committed 55296K, reserved 1097728K
  class space    used 6330K, capacity 6825K, committed 6912K, reserved 1048576K
2023-01-17T04:44:28.023+0800: 101.090: [GC (Allocation Failure) 2023-01-17T04:44:28.024+0800: 101.090: [ParNew: 115199K->115199K(115200K), 0.0000346 secs]2023-01-17T04:44:28.024+0800: 101.090: [CMS: 134143K->134143K(134144K), 0.2268941 secs] 249343K->140046K(249344K), [Metaspace: 51903K->51903K(1097728K)], 0.2274471 secs] [Times: user=0.22 sys=0.00, real=0.23 secs] 
Heap after GC invocations=184 (full 319):
 par new generation   total 115200K, used 5902K [0x00000000f0000000, 0x00000000f7d00000, 0x00000000f7d00000)
  eden space 102400K,   5% used [0x00000000f0000000, 0x00000000f05c39f8, 0x00000000f6400000)
  from space 12800K,   0% used [0x00000000f6400000, 0x00000000f6400000, 0x00000000f7080000)
  to   space 12800K,   0% used [0x00000000f7080000, 0x00000000f7080000, 0x00000000f7d00000)
 concurrent mark-sweep generation total 134144K, used 134143K [0x00000000f7d00000, 0x0000000100000000, 0x0000000100000000)
 Metaspace       used 51903K, capacity 54766K, committed 55296K, reserved 1097728K
  class space    used 6330K, capacity 6825K, committed 6912K, reserved 1048576K
}
2023-01-17T04:44:28.257+0800: 101.324: [GC (CMS Initial Mark) [1 CMS-initial-mark: 134143K(134144K)] 141042K(249344K), 0.0064117 secs] [Times: user=0.02 sys=0.00, real=0.01 secs] 
2023-01-17T04:44:28.264+0800: 101.330: [CMS-concurrent-mark-start]
2023-01-17T04:44:28.335+0800: 101.402: [CMS-concurrent-mark: 0.071/0.071 secs] [Times: user=0.24 sys=0.04, real=0.07 secs] 
2023-01-17T04:44:28.336+0800: 101.402: [CMS-concurrent-preclean-start]
2023-01-17T04:44:28.383+0800: 101.449: [CMS-concurrent-preclean: 0.047/0.047 secs] [Times: user=0.16 sys=0.03, real=0.05 secs] 
2023-01-17T04:44:28.383+0800: 101.449: [CMS-concurrent-abortable-preclean-start]
2023-01-17T04:44:28.383+0800: 101.449: [CMS-concurrent-abortable-preclean: 0.000/0.000 secs] [Times: user=0.00 sys=0.00, real=0.00 secs] 
2023-01-17T04:44:28.387+0800: 101.454: [GC (CMS Final Remark) [YG occupancy: 90895 K (115200 K)]2023-01-17T04:44:28.387+0800: 101.454: [Rescan (parallel) , 0.0256139 secs]2023-01-17T04:44:28.413+0800: 101.479: [weak refs processing, 0.0000437 secs]2023-01-17T04:44:28.413+0800: 101.479: [class unloading, 0.0137545 secs]2023-01-17T04:44:28.427+0800: 101.493: [scrub symbol table, 0.0051391 secs]2023-01-17T04:44:28.432+0800: 101.498: [scrub string table, 0.0008828 secs][1 CMS-remark: 134143K(134144K)] 225039K(249344K), 0.0456695 secs] [Times: user=0.12 sys=0.00, real=0.05 secs] 
2023-01-17T04:44:28.433+0800: 101.500: [CMS-concurrent-sweep-start]
2023-01-17T04:44:28.452+0800: 101.518: [CMS-concurrent-sweep: 0.018/0.018 secs] [Times: user=0.07 sys=0.01, real=0.02 secs] 
2023-01-17T04:44:28.452+0800: 101.518: [CMS-concurrent-reset-start]
2023-01-17T04:44:28.452+0800: 101.518: [CMS-concurrent-reset: 0.000/0.000 secs] [Times: user=0.00 sys=0.00, real=0.00 secs] 
{Heap before GC invocations=184 (full 320):
 par new generation   total 115200K, used 115200K [0x00000000f0000000, 0x00000000f7d00000, 0x00000000f7d00000)
  eden space 102400K, 100% used [0x00000000f0000000, 0x00000000f6400000, 0x00000000f6400000)
  from space 12800K, 100% used [0x00000000f6400000, 0x00000000f7080000, 0x00000000f7080000)
  to   space 12800K,   0% used [0x00000000f7080000, 0x00000000f7080000, 0x00000000f7d00000)
 concurrent mark-sweep generation total 134144K, used 134143K [0x00000000f7d00000, 0x0000000100000000, 0x0000000100000000)
 Metaspace       used 51904K, capacity 54766K, committed 55296K, reserved 1097728K
  class space    used 6330K, capacity 6825K, committed 6912K, reserved 1048576K
2023-01-17T04:44:28.527+0800: 101.593: [GC (Allocation Failure) 2023-01-17T04:44:28.527+0800: 101.594: [ParNew: 115200K->115200K(115200K), 0.0000255 secs]2023-01-17T04:44:28.527+0800: 101.594: [CMS: 134143K->134143K(134144K), 0.1987395 secs] 249343K->140019K(249344K), [Metaspace: 51904K->51904K(1097728K)], 0.1991741 secs] [Times: user=0.20 sys=0.00, real=0.20 secs] 
Heap after GC invocations=185 (full 321):
 par new generation   total 115200K, used 5875K [0x00000000f0000000, 0x00000000f7d00000, 0x00000000f7d00000)
  eden space 102400K,   5% used [0x00000000f0000000, 0x00000000f05bcc50, 0x00000000f6400000)
  from space 12800K,   0% used [0x00000000f6400000, 0x00000000f6400000, 0x00000000f7080000)
  to   space 12800K,   0% used [0x00000000f7080000, 0x00000000f7080000, 0x00000000f7d00000)
 concurrent mark-sweep generation total 134144K, used 134143K [0x00000000f7d00000, 0x0000000100000000, 0x0000000100000000)
 Metaspace       used 51904K, capacity 54766K, committed 55296K, reserved 1097728K
  class space    used 6330K, capacity 6825K, committed 6912K, reserved 1048576K
}
2023-01-17T04:44:28.733+0800: 101.799: [GC (CMS Initial Mark) [1 CMS-initial-mark: 134143K(134144K)] 140929K(249344K), 0.0077198 secs] [Times: user=0.02 sys=0.00, real=0.01 secs] 
2023-01-17T04:44:28.741+0800: 101.807: [CMS-concurrent-mark-start]
2023-01-17T04:44:28.812+0800: 101.878: [CMS-concurrent-mark: 0.071/0.071 secs] [Times: user=0.20 sys=0.03, real=0.07 secs] 
2023-01-17T04:44:28.812+0800: 101.879: [CMS-concurrent-preclean-start]
2023-01-17T04:44:28.876+0800: 101.942: [CMS-concurrent-preclean: 0.064/0.064 secs] [Times: user=0.18 sys=0.02, real=0.06 secs] 
2023-01-17T04:44:28.876+0800: 101.943: [CMS-concurrent-abortable-preclean-start]
2023-01-17T04:44:28.876+0800: 101.943: [CMS-concurrent-abortable-preclean: 0.000/0.000 secs] [Times: user=0.00 sys=0.00, real=0.00 secs] 
2023-01-17T04:44:28.888+0800: 101.955: [GC (CMS Final Remark) [YG occupancy: 79563 K (115200 K)]2023-01-17T04:44:28.888+0800: 101.955: [Rescan (parallel) , 0.0248427 secs]2023-01-17T04:44:28.913+0800: 101.980: [weak refs processing, 0.0000503 secs]2023-01-17T04:44:28.913+0800: 101.980: [class unloading, 0.0143935 secs]2023-01-17T04:44:28.928+0800: 101.994: [scrub symbol table, 0.0051458 secs]2023-01-17T04:44:28.933+0800: 101.999: [scrub string table, 0.0009029 secs][1 CMS-remark: 134143K(134144K)] 213707K(249344K), 0.0456206 secs] [Times: user=0.12 sys=0.00, real=0.05 secs] 
2023-01-17T04:44:28.938+0800: 102.004: [CMS-concurrent-sweep-start]
2023-01-17T04:44:28.956+0800: 102.022: [CMS-concurrent-sweep: 0.019/0.019 secs] [Times: user=0.06 sys=0.01, real=0.02 secs] 
2023-01-17T04:44:28.957+0800: 102.023: [CMS-concurrent-reset-start]
2023-01-17T04:44:28.957+0800: 102.024: [CMS-concurrent-reset: 0.000/0.000 secs] [Times: user=0.00 sys=0.00, real=0.00 secs] 
{Heap before GC invocations=185 (full 322):
 par new generation   total 115200K, used 115200K [0x00000000f0000000, 0x00000000f7d00000, 0x00000000f7d00000)
  eden space 102400K, 100% used [0x00000000f0000000, 0x00000000f6400000, 0x00000000f6400000)
  from space 12800K, 100% used [0x00000000f6400000, 0x00000000f7080000, 0x00000000f7080000)
  to   space 12800K,   0% used [0x00000000f7080000, 0x00000000f7080000, 0x00000000f7d00000)
 concurrent mark-sweep generation total 134144K, used 134143K [0x00000000f7d00000, 0x0000000100000000, 0x0000000100000000)
 Metaspace       used 51916K, capacity 54766K, committed 55296K, reserved 1097728K
  class space    used 6330K, capacity 6825K, committed 6912K, reserved 1048576K
2023-01-17T04:44:29.077+0800: 102.143: [GC (Allocation Failure) 2023-01-17T04:44:29.077+0800: 102.143: [ParNew: 115200K->115200K(115200K), 0.0000261 secs]2023-01-17T04:44:29.077+0800: 102.143: [CMS: 134143K->134143K(134144K), 0.2037261 secs] 249343K->140016K(249344K), [Metaspace: 51916K->51916K(1097728K)], 0.2041925 secs] [Times: user=0.21 sys=0.00, real=0.21 secs] 
Heap after GC invocations=186 (full 323):
 par new generation   total 115200K, used 5872K [0x00000000f0000000, 0x00000000f7d00000, 0x00000000f7d00000)
  eden space 102400K,   5% used [0x00000000f0000000, 0x00000000f05bc238, 0x00000000f6400000)
  from space 12800K,   0% used [0x00000000f6400000, 0x00000000f6400000, 0x00000000f7080000)
  to   space 12800K,   0% used [0x00000000f7080000, 0x00000000f7080000, 0x00000000f7d00000)
 concurrent mark-sweep generation total 134144K, used 134143K [0x00000000f7d00000, 0x0000000100000000, 0x0000000100000000)
 Metaspace       used 51916K, capacity 54766K, committed 55296K, reserved 1097728K
  class space    used 6330K, capacity 6825K, committed 6912K, reserved 1048576K
}
2023-01-17T04:44:29.286+0800: 102.352: [GC (CMS Initial Mark) [1 CMS-initial-mark: 134143K(134144K)] 140075K(249344K), 0.0074603 secs] [Times: user=0.02 sys=0.00, real=0.01 secs] 
2023-01-17T04:44:29.301+0800: 102.367: [CMS-concurrent-mark-start]
2023-01-17T04:44:29.382+0800: 102.448: [CMS-concurrent-mark: 0.082/0.082 secs] [Times: user=0.29 sys=0.03, real=0.08 secs] 
2023-01-17T04:44:29.382+0800: 102.449: [CMS-concurrent-preclean-start]
2023-01-17T04:44:29.437+0800: 102.503: [CMS-concurrent-preclean: 0.054/0.054 secs] [Times: user=0.14 sys=0.01, real=0.05 secs] 
2023-01-17T04:44:29.437+0800: 102.503: [CMS-concurrent-abortable-preclean-start]
2023-01-17T04:44:29.437+0800: 102.503: [CMS-concurrent-abortable-preclean: 0.000/0.000 secs] [Times: user=0.00 sys=0.00, real=0.00 secs] 
2023-01-17T04:44:29.442+0800: 102.508: [GC (CMS Final Remark) [YG occupancy: 71076 K (115200 K)]2023-01-17T04:44:29.442+0800: 102.508: [Rescan (parallel) , 0.0308580 secs]2023-01-17T04:44:29.473+0800: 102.539: [weak refs processing, 0.0000451 secs]2023-01-17T04:44:29.473+0800: 102.539: [class unloading, 0.0142672 secs]2023-01-17T04:44:29.487+0800: 102.553: [scrub symbol table, 0.0053570 secs]2023-01-17T04:44:29.492+0800: 102.559: [scrub string table, 0.0009122 secs][1 CMS-remark: 134143K(134144K)] 205220K(249344K), 0.0517206 secs] [Times: user=0.10 sys=0.00, real=0.05 secs] 
2023-01-17T04:44:29.494+0800: 102.561: [CMS-concurrent-sweep-start]
2023-01-17T04:44:29.517+0800: 102.583: [CMS-concurrent-sweep: 0.022/0.022 secs] [Times: user=0.06 sys=0.01, real=0.02 secs] 
2023-01-17T04:44:29.520+0800: 102.586: [CMS-concurrent-reset-start]
2023-01-17T04:44:29.520+0800: 102.586: [CMS-concurrent-reset: 0.000/0.000 secs] [Times: user=0.00 sys=0.00, real=0.00 secs] 
{Heap before GC invocations=186 (full 324):
 par new generation   total 115200K, used 115199K [0x00000000f0000000, 0x00000000f7d00000, 0x00000000f7d00000)
  eden space 102400K, 100% used [0x00000000f0000000, 0x00000000f6400000, 0x00000000f6400000)
  from space 12800K,  99% used [0x00000000f6400000, 0x00000000f707fff8, 0x00000000f7080000)
  to   space 12800K,   0% used [0x00000000f7080000, 0x00000000f7080000, 0x00000000f7d00000)
 concurrent mark-sweep generation total 134144K, used 134143K [0x00000000f7d00000, 0x0000000100000000, 0x0000000100000000)
 Metaspace       used 51916K, capacity 54766K, committed 55296K, reserved 1097728K
  class space    used 6330K, capacity 6825K, committed 6912K, reserved 1048576K
2023-01-17T04:44:29.624+0800: 102.690: [GC (Allocation Failure) 2023-01-17T04:44:29.624+0800: 102.690: [ParNew: 115199K->115199K(115200K), 0.0000295 secs]2023-01-17T04:44:29.624+0800: 102.690: [CMS: 134143K->134144K(134144K), 0.1965478 secs] 249343K->140026K(249344K), [Metaspace: 51916K->51916K(1097728K)], 0.1969809 secs] [Times: user=0.20 sys=0.00, real=0.20 secs] 
Heap after GC invocations=187 (full 325):
 par new generation   total 115200K, used 5882K [0x00000000f0000000, 0x00000000f7d00000, 0x00000000f7d00000)
  eden space 102400K,   5% used [0x00000000f0000000, 0x00000000f05be9c8, 0x00000000f6400000)
  from space 12800K,   0% used [0x00000000f6400000, 0x00000000f6400000, 0x00000000f7080000)
  to   space 12800K,   0% used [0x00000000f7080000, 0x00000000f7080000, 0x00000000f7d00000)
 concurrent mark-sweep generation total 134144K, used 134144K [0x00000000f7d00000, 0x0000000100000000, 0x0000000100000000)
 Metaspace       used 51916K, capacity 54766K, committed 55296K, reserved 1097728K
  class space    used 6330K, capacity 6825K, committed 6912K, reserved 1048576K
}
2023-01-17T04:44:29.827+0800: 102.894: [GC (CMS Initial Mark) [1 CMS-initial-mark: 134144K(134144K)] 141238K(249344K), 0.0065101 secs] [Times: user=0.02 sys=0.00, real=0.01 secs] 
2023-01-17T04:44:29.834+0800: 102.900: [CMS-concurrent-mark-start]
2023-01-17T04:44:29.922+0800: 102.988: [CMS-concurrent-mark: 0.088/0.088 secs] [Times: user=0.28 sys=0.06, real=0.09 secs] 
2023-01-17T04:44:29.922+0800: 102.989: [CMS-concurrent-preclean-start]
2023-01-17T04:44:29.977+0800: 103.044: [CMS-concurrent-preclean: 0.055/0.055 secs] [Times: user=0.17 sys=0.03, real=0.05 secs] 
2023-01-17T04:44:29.978+0800: 103.044: [CMS-concurrent-abortable-preclean-start]
2023-01-17T04:44:29.978+0800: 103.044: [CMS-concurrent-abortable-preclean: 0.000/0.000 secs] [Times: user=0.00 sys=0.00, real=0.00 secs] 
2023-01-17T04:44:29.984+0800: 103.051: [GC (CMS Final Remark) [YG occupancy: 104616 K (115200 K)]2023-01-17T04:44:29.984+0800: 103.051: [Rescan (parallel) , 0.0292807 secs]2023-01-17T04:44:30.014+0800: 103.080: [weak refs processing, 0.0000498 secs]2023-01-17T04:44:30.014+0800: 103.080: [class unloading, 0.0142318 secs]2023-01-17T04:44:30.028+0800: 103.094: [scrub symbol table, 0.0050584 secs]2023-01-17T04:44:30.033+0800: 103.099: [scrub string table, 0.0008931 secs][1 CMS-remark: 134144K(134144K)] 238760K(249344K), 0.0497863 secs] [Times: user=0.13 sys=0.00, real=0.05 secs] 
2023-01-17T04:44:30.035+0800: 103.101: [CMS-concurrent-sweep-start]
2023-01-17T04:44:30.052+0800: 103.118: [CMS-concurrent-sweep: 0.017/0.017 secs] [Times: user=0.07 sys=0.00, real=0.02 secs] 
2023-01-17T04:44:30.052+0800: 103.118: [CMS-concurrent-reset-start]
2023-01-17T04:44:30.052+0800: 103.119: [CMS-concurrent-reset: 0.000/0.000 secs] [Times: user=0.00 sys=0.00, real=0.00 secs] 
{Heap before GC invocations=187 (full 326):
 par new generation   total 115200K, used 115200K [0x00000000f0000000, 0x00000000f7d00000, 0x00000000f7d00000)
  eden space 102400K, 100% used [0x00000000f0000000, 0x00000000f6400000, 0x00000000f6400000)
  from space 12800K, 100% used [0x00000000f6400000, 0x00000000f7080000, 0x00000000f7080000)
  to   space 12800K,   0% used [0x00000000f7080000, 0x00000000f7080000, 0x00000000f7d00000)
 concurrent mark-sweep generation total 134144K, used 134143K [0x00000000f7d00000, 0x0000000100000000, 0x0000000100000000)
 Metaspace       used 51916K, capacity 54766K, committed 55296K, reserved 1097728K
  class space    used 6330K, capacity 6825K, committed 6912K, reserved 1048576K
2023-01-17T04:44:30.100+0800: 103.166: [GC (Allocation Failure) 2023-01-17T04:44:30.100+0800: 103.167: [ParNew: 115200K->115200K(115200K), 0.0000269 secs]2023-01-17T04:44:30.100+0800: 103.167: [CMS: 134143K->134144K(134144K), 0.2190053 secs] 249343K->140040K(249344K), [Metaspace: 51916K->51916K(1097728K)], 0.2194457 secs] [Times: user=0.22 sys=0.00, real=0.22 secs] 
Heap after GC invocations=188 (full 327):
 par new generation   total 115200K, used 5896K [0x00000000f0000000, 0x00000000f7d00000, 0x00000000f7d00000)
  eden space 102400K,   5% used [0x00000000f0000000, 0x00000000f05c2018, 0x00000000f6400000)
  from space 12800K,   0% used [0x00000000f6400000, 0x00000000f6400000, 0x00000000f7080000)
  to   space 12800K,   0% used [0x00000000f7080000, 0x00000000f7080000, 0x00000000f7d00000)
 concurrent mark-sweep generation total 134144K, used 134144K [0x00000000f7d00000, 0x0000000100000000, 0x0000000100000000)
 Metaspace       used 51916K, capacity 54766K, committed 55296K, reserved 1097728K
  class space    used 6330K, capacity 6825K, committed 6912K, reserved 1048576K
}
2023-01-17T04:44:30.325+0800: 103.391: [GC (CMS Initial Mark) [1 CMS-initial-mark: 134144K(134144K)] 140159K(249344K), 0.0071375 secs] [Times: user=0.02 sys=0.00, real=0.01 secs] 
2023-01-17T04:44:30.332+0800: 103.399: [CMS-concurrent-mark-start]
2023-01-17T04:44:30.406+0800: 103.472: [CMS-concurrent-mark: 0.073/0.073 secs] [Times: user=0.19 sys=0.02, real=0.07 secs] 
2023-01-17T04:44:30.406+0800: 103.472: [CMS-concurrent-preclean-start]
2023-01-17T04:44:30.455+0800: 103.521: [CMS-concurrent-preclean: 0.049/0.049 secs] [Times: user=0.16 sys=0.01, real=0.05 secs] 
2023-01-17T04:44:30.455+0800: 103.521: [CMS-concurrent-abortable-preclean-start]
2023-01-17T04:44:30.455+0800: 103.521: [CMS-concurrent-abortable-preclean: 0.000/0.000 secs] [Times: user=0.00 sys=0.00, real=0.00 secs] 
2023-01-17T04:44:30.460+0800: 103.526: [GC (CMS Final Remark) [YG occupancy: 68086 K (115200 K)]2023-01-17T04:44:30.460+0800: 103.527: [Rescan (parallel) , 0.0247029 secs]2023-01-17T04:44:30.485+0800: 103.551: [weak refs processing, 0.0000441 secs]2023-01-17T04:44:30.485+0800: 103.551: [class unloading, 0.0140596 secs]2023-01-17T04:44:30.499+0800: 103.565: [scrub symbol table, 0.0052241 secs]2023-01-17T04:44:30.504+0800: 103.571: [scrub string table, 0.0008833 secs][1 CMS-remark: 134144K(134144K)] 202230K(249344K), 0.0451777 secs] [Times: user=0.11 sys=0.00, real=0.04 secs] 
2023-01-17T04:44:30.506+0800: 103.573: [CMS-concurrent-sweep-start]
2023-01-17T04:44:30.529+0800: 103.595: [CMS-concurrent-sweep: 0.023/0.023 secs] [Times: user=0.06 sys=0.00, real=0.02 secs] 
2023-01-17T04:44:30.529+0800: 103.595: [CMS-concurrent-reset-start]
2023-01-17T04:44:30.529+0800: 103.596: [CMS-concurrent-reset: 0.000/0.000 secs] [Times: user=0.00 sys=0.00, real=0.00 secs] 
{Heap before GC invocations=188 (full 328):
 par new generation   total 115200K, used 115199K [0x00000000f0000000, 0x00000000f7d00000, 0x00000000f7d00000)
  eden space 102400K, 100% used [0x00000000f0000000, 0x00000000f6400000, 0x00000000f6400000)
  from space 12800K,  99% used [0x00000000f6400000, 0x00000000f707ffe8, 0x00000000f7080000)
  to   space 12800K,   0% used [0x00000000f7080000, 0x00000000f7080000, 0x00000000f7d00000)
 concurrent mark-sweep generation total 134144K, used 134144K [0x00000000f7d00000, 0x0000000100000000, 0x0000000100000000)
 Metaspace       used 51916K, capacity 54766K, committed 55296K, reserved 1097728K
  class space    used 6330K, capacity 6825K, committed 6912K, reserved 1048576K
2023-01-17T04:44:30.640+0800: 103.706: [GC (Allocation Failure) 2023-01-17T04:44:30.640+0800: 103.706: [ParNew: 115199K->115199K(115200K), 0.0000268 secs]2023-01-17T04:44:30.640+0800: 103.706: [CMS: 134144K->134143K(134144K), 0.2117334 secs] 249343K->140024K(249344K), [Metaspace: 51916K->51916K(1097728K)], 0.2121930 secs] [Times: user=0.21 sys=0.00, real=0.21 secs] 
Heap after GC invocations=189 (full 329):
 par new generation   total 115200K, used 5880K [0x00000000f0000000, 0x00000000f7d00000, 0x00000000f7d00000)
  eden space 102400K,   5% used [0x00000000f0000000, 0x00000000f05be030, 0x00000000f6400000)
  from space 12800K,   0% used [0x00000000f6400000, 0x00000000f6400000, 0x00000000f7080000)
  to   space 12800K,   0% used [0x00000000f7080000, 0x00000000f7080000, 0x00000000f7d00000)
 concurrent mark-sweep generation total 134144K, used 134143K [0x00000000f7d00000, 0x0000000100000000, 0x0000000100000000)
 Metaspace       used 51916K, capacity 54766K, committed 55296K, reserved 1097728K
  class space    used 6330K, capacity 6825K, committed 6912K, reserved 1048576K
}
2023-01-17T04:44:30.859+0800: 103.925: [GC (CMS Initial Mark) [1 CMS-initial-mark: 134143K(134144K)] 141197K(249344K), 0.0064129 secs] [Times: user=0.02 sys=0.00, real=0.01 secs] 
2023-01-17T04:44:30.865+0800: 103.932: [CMS-concurrent-mark-start]
2023-01-17T04:44:30.936+0800: 104.003: [CMS-concurrent-mark: 0.071/0.071 secs] [Times: user=0.23 sys=0.04, real=0.07 secs] 
2023-01-17T04:44:30.937+0800: 104.003: [CMS-concurrent-preclean-start]
2023-01-17T04:44:30.984+0800: 104.050: [CMS-concurrent-preclean: 0.047/0.047 secs] [Times: user=0.13 sys=0.02, real=0.05 secs] 
2023-01-17T04:44:30.984+0800: 104.051: [CMS-concurrent-abortable-preclean-start]
2023-01-17T04:44:30.984+0800: 104.051: [CMS-concurrent-abortable-preclean: 0.000/0.000 secs] [Times: user=0.00 sys=0.00, real=0.00 secs] 
2023-01-17T04:44:30.992+0800: 104.058: [GC (CMS Final Remark) [YG occupancy: 80553 K (115200 K)]2023-01-17T04:44:30.992+0800: 104.058: [Rescan (parallel) , 0.0356288 secs]2023-01-17T04:44:31.027+0800: 104.094: [weak refs processing, 0.0000668 secs]2023-01-17T04:44:31.027+0800: 104.094: [class unloading, 0.0204877 secs]2023-01-17T04:44:31.048+0800: 104.114: [scrub symbol table, 0.0077741 secs]2023-01-17T04:44:31.056+0800: 104.122: [scrub string table, 0.0013336 secs][1 CMS-remark: 134143K(134144K)] 214697K(249344K), 0.0656471 secs] [Times: user=0.13 sys=0.00, real=0.06 secs] 
2023-01-17T04:44:31.059+0800: 104.125: [CMS-concurrent-sweep-start]
2023-01-17T04:44:31.077+0800: 104.144: [CMS-concurrent-sweep: 0.019/0.019 secs] [Times: user=0.04 sys=0.01, real=0.02 secs] 
2023-01-17T04:44:31.078+0800: 104.144: [CMS-concurrent-reset-start]
2023-01-17T04:44:31.078+0800: 104.144: [CMS-concurrent-reset: 0.000/0.000 secs] [Times: user=0.01 sys=0.00, real=0.00 secs] 
{Heap before GC invocations=189 (full 330):
 par new generation   total 115200K, used 115200K [0x00000000f0000000, 0x00000000f7d00000, 0x00000000f7d00000)
  eden space 102400K, 100% used [0x00000000f0000000, 0x00000000f6400000, 0x00000000f6400000)
  from space 12800K, 100% used [0x00000000f6400000, 0x00000000f7080000, 0x00000000f7080000)
  to   space 12800K,   0% used [0x00000000f7080000, 0x00000000f7080000, 0x00000000f7d00000)
 concurrent mark-sweep generation total 134144K, used 134143K [0x00000000f7d00000, 0x0000000100000000, 0x0000000100000000)
 Metaspace       used 51916K, capacity 54766K, committed 55296K, reserved 1097728K
  class space    used 6330K, capacity 6825K, committed 6912K, reserved 1048576K
2023-01-17T04:44:31.178+0800: 104.244: [GC (Allocation Failure) 2023-01-17T04:44:31.179+0800: 104.245: [ParNew: 115200K->115200K(115200K), 0.0000360 secs]2023-01-17T04:44:31.179+0800: 104.245: [CMS: 134143K->134143K(134144K), 0.2009623 secs] 249343K->140035K(249344K), [Metaspace: 51916K->51916K(1097728K)], 0.2015488 secs] [Times: user=0.20 sys=0.00, real=0.21 secs] 
Heap after GC invocations=190 (full 331):
 par new generation   total 115200K, used 5891K [0x00000000f0000000, 0x00000000f7d00000, 0x00000000f7d00000)
  eden space 102400K,   5% used [0x00000000f0000000, 0x00000000f05c0e08, 0x00000000f6400000)
  from space 12800K,   0% used [0x00000000f6400000, 0x00000000f6400000, 0x00000000f7080000)
  to   space 12800K,   0% used [0x00000000f7080000, 0x00000000f7080000, 0x00000000f7d00000)
 concurrent mark-sweep generation total 134144K, used 134143K [0x00000000f7d00000, 0x0000000100000000, 0x0000000100000000)
 Metaspace       used 51916K, capacity 54766K, committed 55296K, reserved 1097728K
  class space    used 6330K, capacity 6825K, committed 6912K, reserved 1048576K
}
2023-01-17T04:44:31.385+0800: 104.452: [GC (CMS Initial Mark) [1 CMS-initial-mark: 134143K(134144K)] 140622K(249344K), 0.0063636 secs] [Times: user=0.02 sys=0.00, real=0.01 secs] 
2023-01-17T04:44:31.392+0800: 104.458: [CMS-concurrent-mark-start]
2023-01-17T04:44:31.472+0800: 104.539: [CMS-concurrent-mark: 0.080/0.080 secs] [Times: user=0.26 sys=0.05, real=0.08 secs] 
2023-01-17T04:44:31.473+0800: 104.539: [CMS-concurrent-preclean-start]
2023-01-17T04:44:31.523+0800: 104.589: [CMS-concurrent-preclean: 0.050/0.050 secs] [Times: user=0.16 sys=0.04, real=0.05 secs] 
2023-01-17T04:44:31.523+0800: 104.589: [CMS-concurrent-abortable-preclean-start]
2023-01-17T04:44:31.523+0800: 104.589: [CMS-concurrent-abortable-preclean: 0.000/0.000 secs] [Times: user=0.00 sys=0.00, real=0.00 secs] 
2023-01-17T04:44:31.530+0800: 104.597: [GC (CMS Final Remark) [YG occupancy: 101151 K (115200 K)]2023-01-17T04:44:31.530+0800: 104.597: [Rescan (parallel) , 0.0281767 secs]2023-01-17T04:44:31.559+0800: 104.625: [weak refs processing, 0.0000423 secs]2023-01-17T04:44:31.559+0800: 104.625: [class unloading, 0.0136748 secs]2023-01-17T04:44:31.572+0800: 104.639: [scrub symbol table, 0.0051307 secs]2023-01-17T04:44:31.577+0800: 104.644: [scrub string table, 0.0008777 secs][1 CMS-remark: 134143K(134144K)] 235295K(249344K), 0.0481229 secs] [Times: user=0.13 sys=0.00, real=0.04 secs] 
2023-01-17T04:44:31.579+0800: 104.645: [CMS-concurrent-sweep-start]
2023-01-17T04:44:31.597+0800: 104.663: [CMS-concurrent-sweep: 0.018/0.018 secs] [Times: user=0.07 sys=0.00, real=0.02 secs] 
2023-01-17T04:44:31.597+0800: 104.663: [CMS-concurrent-reset-start]
2023-01-17T04:44:31.597+0800: 104.663: [CMS-concurrent-reset: 0.000/0.000 secs] [Times: user=0.00 sys=0.00, real=0.00 secs] 
{Heap before GC invocations=190 (full 332):
 par new generation   total 115200K, used 115200K [0x00000000f0000000, 0x00000000f7d00000, 0x00000000f7d00000)
  eden space 102400K, 100% used [0x00000000f0000000, 0x00000000f6400000, 0x00000000f6400000)
  from space 12800K, 100% used [0x00000000f6400000, 0x00000000f7080000, 0x00000000f7080000)
  to   space 12800K,   0% used [0x00000000f7080000, 0x00000000f7080000, 0x00000000f7d00000)
 concurrent mark-sweep generation total 134144K, used 134143K [0x00000000f7d00000, 0x0000000100000000, 0x0000000100000000)
 Metaspace       used 51916K, capacity 54766K, committed 55296K, reserved 1097728K
  class space    used 6330K, capacity 6825K, committed 6912K, reserved 1048576K
2023-01-17T04:44:31.658+0800: 104.725: [GC (Allocation Failure) 2023-01-17T04:44:31.659+0800: 104.725: [ParNew: 115200K->115200K(115200K), 0.0000284 secs]2023-01-17T04:44:31.659+0800: 104.725: [CMS: 134143K->134143K(134144K), 0.2659338 secs] 249343K->140062K(249344K), [Metaspace: 51916K->51916K(1097728K)], 0.2664628 secs] [Times: user=0.27 sys=0.00, real=0.27 secs] 
Heap after GC invocations=191 (full 333):
 par new generation   total 115200K, used 5918K [0x00000000f0000000, 0x00000000f7d00000, 0x00000000f7d00000)
  eden space 102400K,   5% used [0x00000000f0000000, 0x00000000f05c7908, 0x00000000f6400000)
  from space 12800K,   0% used [0x00000000f6400000, 0x00000000f6400000, 0x00000000f7080000)
  to   space 12800K,   0% used [0x00000000f7080000, 0x00000000f7080000, 0x00000000f7d00000)
 concurrent mark-sweep generation total 134144K, used 134143K [0x00000000f7d00000, 0x0000000100000000, 0x0000000100000000)
 Metaspace       used 51916K, capacity 54766K, committed 55296K, reserved 1097728K
  class space    used 6330K, capacity 6825K, committed 6912K, reserved 1048576K
}
2023-01-17T04:44:31.932+0800: 104.998: [GC (CMS Initial Mark) [1 CMS-initial-mark: 134143K(134144K)] 140064K(249344K), 0.0071951 secs] [Times: user=0.02 sys=0.00, real=0.00 secs] 
2023-01-17T04:44:31.940+0800: 105.006: [CMS-concurrent-mark-start]
2023-01-17T04:44:32.013+0800: 105.079: [CMS-concurrent-mark: 0.073/0.073 secs] [Times: user=0.24 sys=0.04, real=0.07 secs] 
2023-01-17T04:44:32.013+0800: 105.079: [CMS-concurrent-preclean-start]
2023-01-17T04:44:32.067+0800: 105.133: [CMS-concurrent-preclean: 0.054/0.054 secs] [Times: user=0.15 sys=0.03, real=0.05 secs] 
2023-01-17T04:44:32.067+0800: 105.133: [CMS-concurrent-abortable-preclean-start]
2023-01-17T04:44:32.067+0800: 105.133: [CMS-concurrent-abortable-preclean: 0.000/0.000 secs] [Times: user=0.00 sys=0.00, real=0.00 secs] 
2023-01-17T04:44:32.075+0800: 105.141: [GC (CMS Final Remark) [YG occupancy: 89574 K (115200 K)]2023-01-17T04:44:32.075+0800: 105.141: [Rescan (parallel) , 0.0254437 secs]2023-01-17T04:44:32.100+0800: 105.167: [weak refs processing, 0.0000444 secs]2023-01-17T04:44:32.100+0800: 105.167: [class unloading, 0.0138896 secs]2023-01-17T04:44:32.114+0800: 105.180: [scrub symbol table, 0.0051444 secs]2023-01-17T04:44:32.119+0800: 105.186: [scrub string table, 0.0008843 secs][1 CMS-remark: 134143K(134144K)] 223718K(249344K), 0.0456632 secs] [Times: user=0.12 sys=0.00, real=0.05 secs] 
2023-01-17T04:44:32.121+0800: 105.187: [CMS-concurrent-sweep-start]
2023-01-17T04:44:32.141+0800: 105.207: [CMS-concurrent-sweep: 0.021/0.021 secs] [Times: user=0.07 sys=0.02, real=0.02 secs] 
2023-01-17T04:44:32.141+0800: 105.208: [CMS-concurrent-reset-start]
2023-01-17T04:44:32.142+0800: 105.208: [CMS-concurrent-reset: 0.000/0.000 secs] [Times: user=0.00 sys=0.00, real=0.00 secs] 
{Heap before GC invocations=191 (full 334):
 par new generation   total 115200K, used 115200K [0x00000000f0000000, 0x00000000f7d00000, 0x00000000f7d00000)
  eden space 102400K, 100% used [0x00000000f0000000, 0x00000000f6400000, 0x00000000f6400000)
  from space 12800K, 100% used [0x00000000f6400000, 0x00000000f7080000, 0x00000000f7080000)
  to   space 12800K,   0% used [0x00000000f7080000, 0x00000000f7080000, 0x00000000f7d00000)
 concurrent mark-sweep generation total 134144K, used 134143K [0x00000000f7d00000, 0x0000000100000000, 0x0000000100000000)
 Metaspace       used 51916K, capacity 54766K, committed 55296K, reserved 1097728K
  class space    used 6330K, capacity 6825K, committed 6912K, reserved 1048576K
2023-01-17T04:44:32.215+0800: 105.282: [GC (Allocation Failure) 2023-01-17T04:44:32.216+0800: 105.282: [ParNew: 115200K->115200K(115200K), 0.0000287 secs]2023-01-17T04:44:32.216+0800: 105.282: [CMS: 134143K->134143K(134144K), 0.1995085 secs] 249343K->140036K(249344K), [Metaspace: 51916K->51916K(1097728K)], 0.1999665 secs] [Times: user=0.20 sys=0.00, real=0.20 secs] 
Heap after GC invocations=192 (full 335):
 par new generation   total 115200K, used 5892K [0x00000000f0000000, 0x00000000f7d00000, 0x00000000f7d00000)
  eden space 102400K,   5% used [0x00000000f0000000, 0x00000000f05c1110, 0x00000000f6400000)
  from space 12800K,   0% used [0x00000000f6400000, 0x00000000f6400000, 0x00000000f7080000)
  to   space 12800K,   0% used [0x00000000f7080000, 0x00000000f7080000, 0x00000000f7d00000)
 concurrent mark-sweep generation total 134144K, used 134143K [0x00000000f7d00000, 0x0000000100000000, 0x0000000100000000)
 Metaspace       used 51916K, capacity 54766K, committed 55296K, reserved 1097728K
  class space    used 6330K, capacity 6825K, committed 6912K, reserved 1048576K
}
2023-01-17T04:44:32.431+0800: 105.497: [GC (CMS Initial Mark) [1 CMS-initial-mark: 134143K(134144K)] 147239K(249344K), 0.0075285 secs] [Times: user=0.03 sys=0.00, real=0.00 secs] 
2023-01-17T04:44:32.439+0800: 105.505: [CMS-concurrent-mark-start]
2023-01-17T04:44:32.517+0800: 105.584: [CMS-concurrent-mark: 0.078/0.078 secs] [Times: user=0.22 sys=0.05, real=0.08 secs] 
2023-01-17T04:44:32.517+0800: 105.584: [CMS-concurrent-preclean-start]
2023-01-17T04:44:32.569+0800: 105.636: [CMS-concurrent-preclean: 0.052/0.052 secs] [Times: user=0.14 sys=0.03, real=0.06 secs] 
2023-01-17T04:44:32.570+0800: 105.636: [CMS-concurrent-abortable-preclean-start]
2023-01-17T04:44:32.570+0800: 105.636: [CMS-concurrent-abortable-preclean: 0.000/0.000 secs] [Times: user=0.00 sys=0.00, real=0.00 secs] 
2023-01-17T04:44:32.584+0800: 105.650: [GC (CMS Final Remark) [YG occupancy: 95451 K (115200 K)]2023-01-17T04:44:32.584+0800: 105.650: [Rescan (parallel) , 0.0360695 secs]2023-01-17T04:44:32.620+0800: 105.686: [weak refs processing, 0.0000460 secs]2023-01-17T04:44:32.620+0800: 105.686: [class unloading, 0.0138249 secs]2023-01-17T04:44:32.634+0800: 105.700: [scrub symbol table, 0.0050659 secs]2023-01-17T04:44:32.639+0800: 105.705: [scrub string table, 0.0008922 secs][1 CMS-remark: 134143K(134144K)] 229594K(249344K), 0.0561542 secs] [Times: user=0.12 sys=0.00, real=0.06 secs] 
2023-01-17T04:44:32.640+0800: 105.707: [CMS-concurrent-sweep-start]
2023-01-17T04:44:32.663+0800: 105.730: [CMS-concurrent-sweep: 0.023/0.023 secs] [Times: user=0.07 sys=0.01, real=0.02 secs] 
2023-01-17T04:44:32.663+0800: 105.730: [CMS-concurrent-reset-start]
2023-01-17T04:44:32.664+0800: 105.730: [CMS-concurrent-reset: 0.000/0.000 secs] [Times: user=0.00 sys=0.00, real=0.00 secs] 
{Heap before GC invocations=192 (full 336):
 par new generation   total 115200K, used 115192K [0x00000000f0000000, 0x00000000f7d00000, 0x00000000f7d00000)
  eden space 102400K, 100% used [0x00000000f0000000, 0x00000000f6400000, 0x00000000f6400000)
  from space 12800K,  99% used [0x00000000f6400000, 0x00000000f707e3c0, 0x00000000f7080000)
  to   space 12800K,   0% used [0x00000000f7080000, 0x00000000f7080000, 0x00000000f7d00000)
 concurrent mark-sweep generation total 134144K, used 134143K [0x00000000f7d00000, 0x0000000100000000, 0x0000000100000000)
 Metaspace       used 51916K, capacity 54766K, committed 55296K, reserved 1097728K
  class space    used 6330K, capacity 6825K, committed 6912K, reserved 1048576K
2023-01-17T04:44:32.734+0800: 105.800: [GC (Allocation Failure) 2023-01-17T04:44:32.734+0800: 105.800: [ParNew: 115192K->115192K(115200K), 0.0000268 secs]2023-01-17T04:44:32.734+0800: 105.800: [CMS: 134143K->134143K(134144K), 0.2184685 secs] 249336K->140059K(249344K), [Metaspace: 51916K->51916K(1097728K)], 0.2190066 secs] [Times: user=0.22 sys=0.00, real=0.22 secs] 
Heap after GC invocations=193 (full 337):
 par new generation   total 115200K, used 5915K [0x00000000f0000000, 0x00000000f7d00000, 0x00000000f7d00000)
  eden space 102400K,   5% used [0x00000000f0000000, 0x00000000f05c6dc8, 0x00000000f6400000)
  from space 12800K,   0% used [0x00000000f6400000, 0x00000000f6400000, 0x00000000f7080000)
  to   space 12800K,   0% used [0x00000000f7080000, 0x00000000f7080000, 0x00000000f7d00000)
 concurrent mark-sweep generation total 134144K, used 134143K [0x00000000f7d00000, 0x0000000100000000, 0x0000000100000000)
 Metaspace       used 51916K, capacity 54766K, committed 55296K, reserved 1097728K
  class space    used 6330K, capacity 6825K, committed 6912K, reserved 1048576K
}
2023-01-17T04:44:32.960+0800: 106.026: [GC (CMS Initial Mark) [1 CMS-initial-mark: 134143K(134144K)] 141196K(249344K), 0.0077328 secs] [Times: user=0.02 sys=0.00, real=0.00 secs] 
2023-01-17T04:44:32.968+0800: 106.034: [CMS-concurrent-mark-start]
2023-01-17T04:44:33.037+0800: 106.104: [CMS-concurrent-mark: 0.069/0.069 secs] [Times: user=0.16 sys=0.02, real=0.07 secs] 
2023-01-17T04:44:33.038+0800: 106.104: [CMS-concurrent-preclean-start]
2023-01-17T04:44:33.082+0800: 106.149: [CMS-concurrent-preclean: 0.045/0.045 secs] [Times: user=0.12 sys=0.02, real=0.05 secs] 
2023-01-17T04:44:33.083+0800: 106.149: [CMS-concurrent-abortable-preclean-start]
2023-01-17T04:44:33.083+0800: 106.149: [CMS-concurrent-abortable-preclean: 0.000/0.000 secs] [Times: user=0.00 sys=0.00, real=0.00 secs] 
2023-01-17T04:44:33.087+0800: 106.154: [GC (CMS Final Remark) [YG occupancy: 59776 K (115200 K)]2023-01-17T04:44:33.088+0800: 106.154: [Rescan (parallel) , 0.0262117 secs]2023-01-17T04:44:33.114+0800: 106.180: [weak refs processing, 0.0000695 secs]2023-01-17T04:44:33.114+0800: 106.180: [class unloading, 0.0154402 secs]2023-01-17T04:44:33.129+0800: 106.196: [scrub symbol table, 0.0053401 secs]2023-01-17T04:44:33.135+0800: 106.201: [scrub string table, 0.0009086 secs][1 CMS-remark: 134143K(134144K)] 193920K(249344K), 0.0482618 secs] [Times: user=0.10 sys=0.00, real=0.05 secs] 
2023-01-17T04:44:33.136+0800: 106.202: [CMS-concurrent-sweep-start]
2023-01-17T04:44:33.156+0800: 106.222: [CMS-concurrent-sweep: 0.019/0.019 secs] [Times: user=0.05 sys=0.01, real=0.02 secs] 
2023-01-17T04:44:33.156+0800: 106.222: [CMS-concurrent-reset-start]
2023-01-17T04:44:33.156+0800: 106.222: [CMS-concurrent-reset: 0.000/0.000 secs] [Times: user=0.00 sys=0.00, real=0.00 secs] 
{Heap before GC invocations=193 (full 338):
 par new generation   total 115200K, used 115200K [0x00000000f0000000, 0x00000000f7d00000, 0x00000000f7d00000)
  eden space 102400K, 100% used [0x00000000f0000000, 0x00000000f6400000, 0x00000000f6400000)
  from space 12800K, 100% used [0x00000000f6400000, 0x00000000f7080000, 0x00000000f7080000)
  to   space 12800K,   0% used [0x00000000f7080000, 0x00000000f7080000, 0x00000000f7d00000)
 concurrent mark-sweep generation total 134144K, used 134143K [0x00000000f7d00000, 0x0000000100000000, 0x0000000100000000)
 Metaspace       used 51916K, capacity 54766K, committed 55296K, reserved 1097728K
  class space    used 6330K, capacity 6825K, committed 6912K, reserved 1048576K
2023-01-17T04:44:33.281+0800: 106.348: [GC (Allocation Failure) 2023-01-17T04:44:33.282+0800: 106.348: [ParNew: 115200K->115200K(115200K), 0.0000350 secs]2023-01-17T04:44:33.282+0800: 106.348: [CMS: 134143K->134143K(134144K), 0.2128729 secs] 249343K->140065K(249344K), [Metaspace: 51916K->51916K(1097728K)], 0.2133957 secs] [Times: user=0.21 sys=0.00, real=0.21 secs] 
Heap after GC invocations=194 (full 339):
 par new generation   total 115200K, used 5921K [0x00000000f0000000, 0x00000000f7d00000, 0x00000000f7d00000)
  eden space 102400K,   5% used [0x00000000f0000000, 0x00000000f05c8718, 0x00000000f6400000)
  from space 12800K,   0% used [0x00000000f6400000, 0x00000000f6400000, 0x00000000f7080000)
  to   space 12800K,   0% used [0x00000000f7080000, 0x00000000f7080000, 0x00000000f7d00000)
 concurrent mark-sweep generation total 134144K, used 134143K [0x00000000f7d00000, 0x0000000100000000, 0x0000000100000000)
 Metaspace       used 51916K, capacity 54766K, committed 55296K, reserved 1097728K
  class space    used 6330K, capacity 6825K, committed 6912K, reserved 1048576K
}
2023-01-17T04:44:33.503+0800: 106.569: [GC (CMS Initial Mark) [1 CMS-initial-mark: 134143K(134144K)] 141014K(249344K), 0.0079453 secs] [Times: user=0.02 sys=0.00, real=0.01 secs] 
2023-01-17T04:44:33.511+0800: 106.577: [CMS-concurrent-mark-start]
2023-01-17T04:44:33.603+0800: 106.670: [CMS-concurrent-mark: 0.092/0.092 secs] [Times: user=0.30 sys=0.04, real=0.09 secs] 
2023-01-17T04:44:33.604+0800: 106.670: [CMS-concurrent-preclean-start]
2023-01-17T04:44:33.653+0800: 106.720: [CMS-concurrent-preclean: 0.049/0.049 secs] [Times: user=0.17 sys=0.02, real=0.05 secs] 
2023-01-17T04:44:33.653+0800: 106.720: [CMS-concurrent-abortable-preclean-start]
2023-01-17T04:44:33.653+0800: 106.720: [CMS-concurrent-abortable-preclean: 0.000/0.000 secs] [Times: user=0.00 sys=0.00, real=0.00 secs] 
2023-01-17T04:44:33.659+0800: 106.725: [GC (CMS Final Remark) [YG occupancy: 103786 K (115200 K)]2023-01-17T04:44:33.659+0800: 106.725: [Rescan (parallel) , 0.0290360 secs]2023-01-17T04:44:33.688+0800: 106.754: [weak refs processing, 0.0000411 secs]2023-01-17T04:44:33.688+0800: 106.754: [class unloading, 0.0137368 secs]2023-01-17T04:44:33.702+0800: 106.768: [scrub symbol table, 0.0051804 secs]2023-01-17T04:44:33.707+0800: 106.773: [scrub string table, 0.0008737 secs][1 CMS-remark: 134143K(134144K)] 237930K(249344K), 0.0491139 secs] [Times: user=0.14 sys=0.00, real=0.05 secs] 
2023-01-17T04:44:33.708+0800: 106.774: [CMS-concurrent-sweep-start]
2023-01-17T04:44:33.725+0800: 106.792: [CMS-concurrent-sweep: 0.017/0.017 secs] [Times: user=0.06 sys=0.01, real=0.02 secs] 
2023-01-17T04:44:33.726+0800: 106.792: [CMS-concurrent-reset-start]
2023-01-17T04:44:33.726+0800: 106.792: [CMS-concurrent-reset: 0.000/0.000 secs] [Times: user=0.00 sys=0.00, real=0.00 secs] 
{Heap before GC invocations=194 (full 340):
 par new generation   total 115200K, used 115199K [0x00000000f0000000, 0x00000000f7d00000, 0x00000000f7d00000)
  eden space 102400K, 100% used [0x00000000f0000000, 0x00000000f6400000, 0x00000000f6400000)
  from space 12800K,  99% used [0x00000000f6400000, 0x00000000f707fff8, 0x00000000f7080000)
  to   space 12800K,   0% used [0x00000000f7080000, 0x00000000f7080000, 0x00000000f7d00000)
 concurrent mark-sweep generation total 134144K, used 134143K [0x00000000f7d00000, 0x0000000100000000, 0x0000000100000000)
 Metaspace       used 51920K, capacity 54766K, committed 55296K, reserved 1097728K
  class space    used 6330K, capacity 6825K, committed 6912K, reserved 1048576K
2023-01-17T04:44:33.779+0800: 106.845: [GC (Allocation Failure) 2023-01-17T04:44:33.779+0800: 106.845: [ParNew: 115199K->115199K(115200K), 0.0000285 secs]2023-01-17T04:44:33.779+0800: 106.845: [CMS: 134143K->134143K(134144K), 0.2093736 secs] 249343K->140041K(249344K), [Metaspace: 51920K->51920K(1097728K)], 0.2097905 secs] [Times: user=0.21 sys=0.00, real=0.21 secs] 
Heap after GC invocations=195 (full 341):
 par new generation   total 115200K, used 5897K [0x00000000f0000000, 0x00000000f7d00000, 0x00000000f7d00000)
  eden space 102400K,   5% used [0x00000000f0000000, 0x00000000f05c2770, 0x00000000f6400000)
  from space 12800K,   0% used [0x00000000f6400000, 0x00000000f6400000, 0x00000000f7080000)
  to   space 12800K,   0% used [0x00000000f7080000, 0x00000000f7080000, 0x00000000f7d00000)
 concurrent mark-sweep generation total 134144K, used 134143K [0x00000000f7d00000, 0x0000000100000000, 0x0000000100000000)
 Metaspace       used 51920K, capacity 54766K, committed 55296K, reserved 1097728K
  class space    used 6330K, capacity 6825K, committed 6912K, reserved 1048576K
}
2023-01-17T04:44:33.997+0800: 107.063: [GC (CMS Initial Mark) [1 CMS-initial-mark: 134143K(134144K)] 143325K(249344K), 0.0066340 secs] [Times: user=0.02 sys=0.00, real=0.01 secs] 
2023-01-17T04:44:34.004+0800: 107.070: [CMS-concurrent-mark-start]
2023-01-17T04:44:34.118+0800: 107.185: [CMS-concurrent-mark: 0.114/0.114 secs] [Times: user=0.32 sys=0.05, real=0.11 secs] 
2023-01-17T04:44:34.119+0800: 107.185: [CMS-concurrent-preclean-start]
2023-01-17T04:44:34.169+0800: 107.235: [CMS-concurrent-preclean: 0.050/0.050 secs] [Times: user=0.15 sys=0.02, real=0.05 secs] 
2023-01-17T04:44:34.169+0800: 107.235: [CMS-concurrent-abortable-preclean-start]
2023-01-17T04:44:34.169+0800: 107.235: [CMS-concurrent-abortable-preclean: 0.000/0.000 secs] [Times: user=0.00 sys=0.00, real=0.00 secs] 
2023-01-17T04:44:34.174+0800: 107.240: [GC (CMS Final Remark) [YG occupancy: 104447 K (115200 K)]2023-01-17T04:44:34.174+0800: 107.240: [Rescan (parallel) , 0.0577807 secs]2023-01-17T04:44:34.232+0800: 107.298: [weak refs processing, 0.0000588 secs]2023-01-17T04:44:34.232+0800: 107.298: [class unloading, 0.0144213 secs]2023-01-17T04:44:34.246+0800: 107.312: [scrub symbol table, 0.0057957 secs]2023-01-17T04:44:34.252+0800: 107.318: [scrub string table, 0.0012589 secs][1 CMS-remark: 134143K(134144K)] 238591K(249344K), 0.0796408 secs] [Times: user=0.16 sys=0.00, real=0.08 secs] 
2023-01-17T04:44:34.255+0800: 107.321: [CMS-concurrent-sweep-start]
2023-01-17T04:44:34.335+0800: 107.401: [CMS-concurrent-sweep: 0.080/0.080 secs] [Times: user=0.17 sys=0.01, real=0.08 secs] 
2023-01-17T04:44:34.335+0800: 107.401: [CMS-concurrent-reset-start]
2023-01-17T04:44:34.335+0800: 107.402: [CMS-concurrent-reset: 0.000/0.000 secs] [Times: user=0.00 sys=0.00, real=0.00 secs] 
{Heap before GC invocations=195 (full 342):
 par new generation   total 115200K, used 115199K [0x00000000f0000000, 0x00000000f7d00000, 0x00000000f7d00000)
  eden space 102400K, 100% used [0x00000000f0000000, 0x00000000f6400000, 0x00000000f6400000)
  from space 12800K,  99% used [0x00000000f6400000, 0x00000000f707ff98, 0x00000000f7080000)
  to   space 12800K,   0% used [0x00000000f7080000, 0x00000000f7080000, 0x00000000f7d00000)
 concurrent mark-sweep generation total 134144K, used 134143K [0x00000000f7d00000, 0x0000000100000000, 0x0000000100000000)
 Metaspace       used 51920K, capacity 54766K, committed 55296K, reserved 1097728K
  class space    used 6330K, capacity 6825K, committed 6912K, reserved 1048576K
2023-01-17T04:44:34.346+0800: 107.412: [GC (Allocation Failure) 2023-01-17T04:44:34.346+0800: 107.413: [ParNew: 115199K->115199K(115200K), 0.0000263 secs]2023-01-17T04:44:34.346+0800: 107.413: [CMS: 134143K->134143K(134144K), 0.2035858 secs] 249343K->140036K(249344K), [Metaspace: 51920K->51920K(1097728K)], 0.2040150 secs] [Times: user=0.20 sys=0.00, real=0.21 secs] 
Heap after GC invocations=196 (full 343):
 par new generation   total 115200K, used 5892K [0x00000000f0000000, 0x00000000f7d00000, 0x00000000f7d00000)
  eden space 102400K,   5% used [0x00000000f0000000, 0x00000000f05c1270, 0x00000000f6400000)
  from space 12800K,   0% used [0x00000000f6400000, 0x00000000f6400000, 0x00000000f7080000)
  to   space 12800K,   0% used [0x00000000f7080000, 0x00000000f7080000, 0x00000000f7d00000)
 concurrent mark-sweep generation total 134144K, used 134143K [0x00000000f7d00000, 0x0000000100000000, 0x0000000100000000)
 Metaspace       used 51920K, capacity 54766K, committed 55296K, reserved 1097728K
  class space    used 6330K, capacity 6825K, committed 6912K, reserved 1048576K
}
2023-01-17T04:44:34.556+0800: 107.622: [GC (CMS Initial Mark) [1 CMS-initial-mark: 134143K(134144K)] 140346K(249344K), 0.0063512 secs] [Times: user=0.02 sys=0.00, real=0.01 secs] 
2023-01-17T04:44:34.562+0800: 107.629: [CMS-concurrent-mark-start]
2023-01-17T04:44:34.632+0800: 107.698: [CMS-concurrent-mark: 0.070/0.070 secs] [Times: user=0.22 sys=0.04, real=0.07 secs] 
2023-01-17T04:44:34.632+0800: 107.698: [CMS-concurrent-preclean-start]
2023-01-17T04:44:34.685+0800: 107.751: [CMS-concurrent-preclean: 0.053/0.053 secs] [Times: user=0.17 sys=0.04, real=0.05 secs] 
2023-01-17T04:44:34.685+0800: 107.752: [CMS-concurrent-abortable-preclean-start]
2023-01-17T04:44:34.685+0800: 107.752: [CMS-concurrent-abortable-preclean: 0.000/0.000 secs] [Times: user=0.00 sys=0.00, real=0.00 secs] 
2023-01-17T04:44:34.690+0800: 107.756: [GC (CMS Final Remark) [YG occupancy: 91405 K (115200 K)]2023-01-17T04:44:34.690+0800: 107.756: [Rescan (parallel) , 0.0259881 secs]2023-01-17T04:44:34.716+0800: 107.782: [weak refs processing, 0.0000473 secs]2023-01-17T04:44:34.716+0800: 107.782: [class unloading, 0.0139014 secs]2023-01-17T04:44:34.730+0800: 107.796: [scrub symbol table, 0.0051951 secs]2023-01-17T04:44:34.735+0800: 107.801: [scrub string table, 0.0008822 secs][1 CMS-remark: 134143K(134144K)] 225549K(249344K), 0.0462532 secs] [Times: user=0.12 sys=0.00, real=0.04 secs] 
2023-01-17T04:44:34.737+0800: 107.803: [CMS-concurrent-sweep-start]
2023-01-17T04:44:34.755+0800: 107.821: [CMS-concurrent-sweep: 0.018/0.018 secs] [Times: user=0.06 sys=0.01, real=0.02 secs] 
2023-01-17T04:44:34.755+0800: 107.821: [CMS-concurrent-reset-start]
2023-01-17T04:44:34.755+0800: 107.822: [CMS-concurrent-reset: 0.000/0.000 secs] [Times: user=0.00 sys=0.00, real=0.00 secs] 
{Heap before GC invocations=196 (full 344):
 par new generation   total 115200K, used 115195K [0x00000000f0000000, 0x00000000f7d00000, 0x00000000f7d00000)
  eden space 102400K, 100% used [0x00000000f0000000, 0x00000000f6400000, 0x00000000f6400000)
  from space 12800K,  99% used [0x00000000f6400000, 0x00000000f707ee28, 0x00000000f7080000)
  to   space 12800K,   0% used [0x00000000f7080000, 0x00000000f7080000, 0x00000000f7d00000)
 concurrent mark-sweep generation total 134144K, used 134143K [0x00000000f7d00000, 0x0000000100000000, 0x0000000100000000)
 Metaspace       used 51920K, capacity 54766K, committed 55296K, reserved 1097728K
  class space    used 6330K, capacity 6825K, committed 6912K, reserved 1048576K
2023-01-17T04:44:34.829+0800: 107.895: [GC (Allocation Failure) 2023-01-17T04:44:34.829+0800: 107.895: [ParNew: 115195K->115195K(115200K), 0.0000265 secs]2023-01-17T04:44:34.829+0800: 107.895: [CMS: 134143K->134144K(134144K), 0.1975533 secs] 249339K->140052K(249344K), [Metaspace: 51920K->51920K(1097728K)], 0.1979960 secs] [Times: user=0.20 sys=0.00, real=0.20 secs] 
Heap after GC invocations=197 (full 345):
 par new generation   total 115200K, used 5908K [0x00000000f0000000, 0x00000000f7d00000, 0x00000000f7d00000)
  eden space 102400K,   5% used [0x00000000f0000000, 0x00000000f05c5018, 0x00000000f6400000)
  from space 12800K,   0% used [0x00000000f6400000, 0x00000000f6400000, 0x00000000f7080000)
  to   space 12800K,   0% used [0x00000000f7080000, 0x00000000f7080000, 0x00000000f7d00000)
 concurrent mark-sweep generation total 134144K, used 134144K [0x00000000f7d00000, 0x0000000100000000, 0x0000000100000000)
 Metaspace       used 51920K, capacity 54766K, committed 55296K, reserved 1097728K
  class space    used 6330K, capacity 6825K, committed 6912K, reserved 1048576K
}
2023-01-17T04:44:35.032+0800: 108.099: [GC (CMS Initial Mark) [1 CMS-initial-mark: 134144K(134144K)] 140327K(249344K), 0.0078283 secs] [Times: user=0.02 sys=0.00, real=0.01 secs] 
2023-01-17T04:44:35.041+0800: 108.107: [CMS-concurrent-mark-start]
2023-01-17T04:44:35.113+0800: 108.179: [CMS-concurrent-mark: 0.072/0.072 secs] [Times: user=0.23 sys=0.04, real=0.07 secs] 
2023-01-17T04:44:35.113+0800: 108.180: [CMS-concurrent-preclean-start]
2023-01-17T04:44:35.160+0800: 108.226: [CMS-concurrent-preclean: 0.046/0.046 secs] [Times: user=0.16 sys=0.01, real=0.05 secs] 
2023-01-17T04:44:35.160+0800: 108.226: [CMS-concurrent-abortable-preclean-start]
2023-01-17T04:44:35.160+0800: 108.226: [CMS-concurrent-abortable-preclean: 0.000/0.000 secs] [Times: user=0.00 sys=0.00, real=0.00 secs] 
2023-01-17T04:44:35.166+0800: 108.232: [GC (CMS Final Remark) [YG occupancy: 85046 K (115200 K)]2023-01-17T04:44:35.166+0800: 108.232: [Rescan (parallel) , 0.0242712 secs]2023-01-17T04:44:35.190+0800: 108.257: [weak refs processing, 0.0000420 secs]2023-01-17T04:44:35.190+0800: 108.257: [class unloading, 0.0135890 secs]2023-01-17T04:44:35.204+0800: 108.270: [scrub symbol table, 0.0050539 secs]2023-01-17T04:44:35.209+0800: 108.275: [scrub string table, 0.0008796 secs][1 CMS-remark: 134144K(134144K)] 219190K(249344K), 0.0440926 secs] [Times: user=0.11 sys=0.00, real=0.05 secs] 
2023-01-17T04:44:35.210+0800: 108.277: [CMS-concurrent-sweep-start]
2023-01-17T04:44:35.230+0800: 108.297: [CMS-concurrent-sweep: 0.020/0.020 secs] [Times: user=0.07 sys=0.01, real=0.02 secs] 
2023-01-17T04:44:35.231+0800: 108.297: [CMS-concurrent-reset-start]
2023-01-17T04:44:35.231+0800: 108.297: [CMS-concurrent-reset: 0.000/0.000 secs] [Times: user=0.00 sys=0.00, real=0.00 secs] 
{Heap before GC invocations=197 (full 346):
 par new generation   total 115200K, used 115200K [0x00000000f0000000, 0x00000000f7d00000, 0x00000000f7d00000)
  eden space 102400K, 100% used [0x00000000f0000000, 0x00000000f6400000, 0x00000000f6400000)
  from space 12800K, 100% used [0x00000000f6400000, 0x00000000f7080000, 0x00000000f7080000)
  to   space 12800K,   0% used [0x00000000f7080000, 0x00000000f7080000, 0x00000000f7d00000)
 concurrent mark-sweep generation total 134144K, used 134144K [0x00000000f7d00000, 0x0000000100000000, 0x0000000100000000)
 Metaspace       used 51920K, capacity 54766K, committed 55296K, reserved 1097728K
  class space    used 6330K, capacity 6825K, committed 6912K, reserved 1048576K
2023-01-17T04:44:35.313+0800: 108.379: [GC (Allocation Failure) 2023-01-17T04:44:35.313+0800: 108.380: [ParNew: 115200K->115200K(115200K), 0.0000258 secs]2023-01-17T04:44:35.313+0800: 108.380: [CMS: 134144K->134144K(134144K), 0.1965891 secs] 249344K->140066K(249344K), [Metaspace: 51920K->51920K(1097728K)], 0.1970128 secs] [Times: user=0.20 sys=0.00, real=0.20 secs] 
Heap after GC invocations=198 (full 347):
 par new generation   total 115200K, used 5922K [0x00000000f0000000, 0x00000000f7d00000, 0x00000000f7d00000)
  eden space 102400K,   5% used [0x00000000f0000000, 0x00000000f05c8b48, 0x00000000f6400000)
  from space 12800K,   0% used [0x00000000f6400000, 0x00000000f6400000, 0x00000000f7080000)
  to   space 12800K,   0% used [0x00000000f7080000, 0x00000000f7080000, 0x00000000f7d00000)
 concurrent mark-sweep generation total 134144K, used 134144K [0x00000000f7d00000, 0x0000000100000000, 0x0000000100000000)
 Metaspace       used 51920K, capacity 54766K, committed 55296K, reserved 1097728K
  class space    used 6330K, capacity 6825K, committed 6912K, reserved 1048576K
}
2023-01-17T04:44:35.525+0800: 108.592: [GC (CMS Initial Mark) [1 CMS-initial-mark: 134144K(134144K)] 146040K(249344K), 0.0097923 secs] [Times: user=0.02 sys=0.00, real=0.01 secs] 
2023-01-17T04:44:35.535+0800: 108.602: [CMS-concurrent-mark-start]
2023-01-17T04:44:35.610+0800: 108.676: [CMS-concurrent-mark: 0.074/0.074 secs] [Times: user=0.19 sys=0.02, real=0.08 secs] 
2023-01-17T04:44:35.610+0800: 108.676: [CMS-concurrent-preclean-start]
2023-01-17T04:44:35.661+0800: 108.727: [CMS-concurrent-preclean: 0.051/0.051 secs] [Times: user=0.14 sys=0.02, real=0.05 secs] 
2023-01-17T04:44:35.661+0800: 108.727: [CMS-concurrent-abortable-preclean-start]
2023-01-17T04:44:35.661+0800: 108.727: [CMS-concurrent-abortable-preclean: 0.000/0.000 secs] [Times: user=0.00 sys=0.00, real=0.00 secs] 
2023-01-17T04:44:35.675+0800: 108.741: [GC (CMS Final Remark) [YG occupancy: 73666 K (115200 K)]2023-01-17T04:44:35.675+0800: 108.741: [Rescan (parallel) , 0.0295819 secs]2023-01-17T04:44:35.705+0800: 108.771: [weak refs processing, 0.0000428 secs]2023-01-17T04:44:35.705+0800: 108.771: [class unloading, 0.0139770 secs]2023-01-17T04:44:35.719+0800: 108.785: [scrub symbol table, 0.0050607 secs]2023-01-17T04:44:35.724+0800: 108.790: [scrub string table, 0.0008795 secs][1 CMS-remark: 134144K(134144K)] 207810K(249344K), 0.0497933 secs] [Times: user=0.11 sys=0.00, real=0.05 secs] 
2023-01-17T04:44:35.725+0800: 108.792: [CMS-concurrent-sweep-start]
2023-01-17T04:44:35.744+0800: 108.810: [CMS-concurrent-sweep: 0.018/0.018 secs] [Times: user=0.05 sys=0.01, real=0.02 secs] 
2023-01-17T04:44:35.744+0800: 108.810: [CMS-concurrent-reset-start]
2023-01-17T04:44:35.744+0800: 108.811: [CMS-concurrent-reset: 0.000/0.000 secs] [Times: user=0.00 sys=0.00, real=0.00 secs] 
{Heap before GC invocations=198 (full 348):
 par new generation   total 115200K, used 115200K [0x00000000f0000000, 0x00000000f7d00000, 0x00000000f7d00000)
  eden space 102400K, 100% used [0x00000000f0000000, 0x00000000f6400000, 0x00000000f6400000)
  from space 12800K, 100% used [0x00000000f6400000, 0x00000000f7080000, 0x00000000f7080000)
  to   space 12800K,   0% used [0x00000000f7080000, 0x00000000f7080000, 0x00000000f7d00000)
 concurrent mark-sweep generation total 134144K, used 134144K [0x00000000f7d00000, 0x0000000100000000, 0x0000000100000000)
 Metaspace       used 51920K, capacity 54766K, committed 55296K, reserved 1097728K
  class space    used 6330K, capacity 6825K, committed 6912K, reserved 1048576K
2023-01-17T04:44:35.852+0800: 108.918: [GC (Allocation Failure) 2023-01-17T04:44:35.852+0800: 108.918: [ParNew: 115200K->115200K(115200K), 0.0000318 secs]2023-01-17T04:44:35.852+0800: 108.918: [CMS: 134144K->134143K(134144K), 0.2135771 secs] 249344K->140084K(249344K), [Metaspace: 51920K->51920K(1097728K)], 0.2140584 secs] [Times: user=0.22 sys=0.01, real=0.21 secs] 
Heap after GC invocations=199 (full 349):
 par new generation   total 115200K, used 5940K [0x00000000f0000000, 0x00000000f7d00000, 0x00000000f7d00000)
  eden space 102400K,   5% used [0x00000000f0000000, 0x00000000f05cd1d0, 0x00000000f6400000)
  from space 12800K,   0% used [0x00000000f6400000, 0x00000000f6400000, 0x00000000f7080000)
  to   space 12800K,   0% used [0x00000000f7080000, 0x00000000f7080000, 0x00000000f7d00000)
 concurrent mark-sweep generation total 134144K, used 134143K [0x00000000f7d00000, 0x0000000100000000, 0x0000000100000000)
 Metaspace       used 51920K, capacity 54766K, committed 55296K, reserved 1097728K
  class space    used 6330K, capacity 6825K, committed 6912K, reserved 1048576K
}
2023-01-17T04:44:36.071+0800: 109.137: [GC (CMS Initial Mark) [1 CMS-initial-mark: 134143K(134144K)] 140376K(249344K), 0.0063814 secs] [Times: user=0.02 sys=0.00, real=0.00 secs] 
2023-01-17T04:44:36.078+0800: 109.144: [CMS-concurrent-mark-start]
2023-01-17T04:44:36.154+0800: 109.221: [CMS-concurrent-mark: 0.077/0.077 secs] [Times: user=0.26 sys=0.04, real=0.08 secs] 
2023-01-17T04:44:36.155+0800: 109.221: [CMS-concurrent-preclean-start]
2023-01-17T04:44:36.205+0800: 109.271: [CMS-concurrent-preclean: 0.050/0.050 secs] [Times: user=0.16 sys=0.04, real=0.05 secs] 
2023-01-17T04:44:36.205+0800: 109.271: [CMS-concurrent-abortable-preclean-start]
2023-01-17T04:44:36.205+0800: 109.271: [CMS-concurrent-abortable-preclean: 0.000/0.000 secs] [Times: user=0.00 sys=0.00, real=0.00 secs] 
2023-01-17T04:44:36.211+0800: 109.277: [GC (CMS Final Remark) [YG occupancy: 95411 K (115200 K)]2023-01-17T04:44:36.211+0800: 109.277: [Rescan (parallel) , 0.0267473 secs]2023-01-17T04:44:36.237+0800: 109.304: [weak refs processing, 0.0000478 secs]2023-01-17T04:44:36.238+0800: 109.304: [class unloading, 0.0136825 secs]2023-01-17T04:44:36.251+0800: 109.318: [scrub symbol table, 0.0050893 secs]2023-01-17T04:44:36.256+0800: 109.323: [scrub string table, 0.0008649 secs][1 CMS-remark: 134143K(134144K)] 229555K(249344K), 0.0466824 secs] [Times: user=0.13 sys=0.00, real=0.04 secs] 
2023-01-17T04:44:36.258+0800: 109.324: [CMS-concurrent-sweep-start]
2023-01-17T04:44:36.277+0800: 109.343: [CMS-concurrent-sweep: 0.019/0.019 secs] [Times: user=0.06 sys=0.01, real=0.02 secs] 
2023-01-17T04:44:36.277+0800: 109.343: [CMS-concurrent-reset-start]
2023-01-17T04:44:36.277+0800: 109.344: [CMS-concurrent-reset: 0.000/0.000 secs] [Times: user=0.00 sys=0.00, real=0.00 secs] 
{Heap before GC invocations=199 (full 350):
 par new generation   total 115200K, used 115199K [0x00000000f0000000, 0x00000000f7d00000, 0x00000000f7d00000)
  eden space 102400K, 100% used [0x00000000f0000000, 0x00000000f6400000, 0x00000000f6400000)
  from space 12800K,  99% used [0x00000000f6400000, 0x00000000f707fff0, 0x00000000f7080000)
  to   space 12800K,   0% used [0x00000000f7080000, 0x00000000f7080000, 0x00000000f7d00000)
 concurrent mark-sweep generation total 134144K, used 134143K [0x00000000f7d00000, 0x0000000100000000, 0x0000000100000000)
 Metaspace       used 51920K, capacity 54766K, committed 55296K, reserved 1097728K
  class space    used 6330K, capacity 6825K, committed 6912K, reserved 1048576K
2023-01-17T04:44:36.344+0800: 109.411: [GC (Allocation Failure) 2023-01-17T04:44:36.345+0800: 109.411: [ParNew: 115199K->115199K(115200K), 0.0000297 secs]2023-01-17T04:44:36.345+0800: 109.411: [CMS: 134143K->134143K(134144K), 0.2026236 secs] 249343K->140022K(249344K), [Metaspace: 51920K->51920K(1097728K)], 0.2031021 secs] [Times: user=0.20 sys=0.00, real=0.20 secs] 
Heap after GC invocations=200 (full 351):
 par new generation   total 115200K, used 5878K [0x00000000f0000000, 0x00000000f7d00000, 0x00000000f7d00000)
  eden space 102400K,   5% used [0x00000000f0000000, 0x00000000f05bdba0, 0x00000000f6400000)
  from space 12800K,   0% used [0x00000000f6400000, 0x00000000f6400000, 0x00000000f7080000)
  to   space 12800K,   0% used [0x00000000f7080000, 0x00000000f7080000, 0x00000000f7d00000)
 concurrent mark-sweep generation total 134144K, used 134143K [0x00000000f7d00000, 0x0000000100000000, 0x0000000100000000)
 Metaspace       used 51920K, capacity 54766K, committed 55296K, reserved 1097728K
  class space    used 6330K, capacity 6825K, committed 6912K, reserved 1048576K
}
2023-01-17T04:44:36.553+0800: 109.620: [GC (CMS Initial Mark) [1 CMS-initial-mark: 134143K(134144K)] 140508K(249344K), 0.0077515 secs] [Times: user=0.02 sys=0.00, real=0.01 secs] 
2023-01-17T04:44:36.562+0800: 109.628: [CMS-concurrent-mark-start]
2023-01-17T04:44:36.657+0800: 109.724: [CMS-concurrent-mark: 0.096/0.096 secs] [Times: user=0.24 sys=0.04, real=0.09 secs] 
2023-01-17T04:44:36.658+0800: 109.724: [CMS-concurrent-preclean-start]
2023-01-17T04:44:36.778+0800: 109.844: [CMS-concurrent-preclean: 0.120/0.120 secs] [Times: user=0.32 sys=0.05, real=0.12 secs] 
2023-01-17T04:44:36.778+0800: 109.844: [CMS-concurrent-abortable-preclean-start]
2023-01-17T04:44:36.778+0800: 109.844: [CMS-concurrent-abortable-preclean: 0.000/0.000 secs] [Times: user=0.00 sys=0.00, real=0.00 secs] 
2023-01-17T04:44:36.783+0800: 109.849: [GC (CMS Final Remark) [YG occupancy: 109696 K (115200 K)]2023-01-17T04:44:36.783+0800: 109.849: [Rescan (parallel) , 0.0426416 secs]2023-01-17T04:44:36.826+0800: 109.892: [weak refs processing, 0.0000590 secs]2023-01-17T04:44:36.826+0800: 109.892: [class unloading, 0.0186156 secs]2023-01-17T04:44:36.844+0800: 109.911: [scrub symbol table, 0.0052035 secs]2023-01-17T04:44:36.850+0800: 109.916: [scrub string table, 0.0008947 secs][1 CMS-remark: 134143K(134144K)] 243840K(249344K), 0.0676907 secs] [Times: user=0.14 sys=0.00, real=0.07 secs] 
2023-01-17T04:44:36.851+0800: 109.918: [CMS-concurrent-sweep-start]
2023-01-17T04:44:36.869+0800: 109.935: [CMS-concurrent-sweep: 0.017/0.017 secs] [Times: user=0.05 sys=0.00, real=0.01 secs] 
2023-01-17T04:44:36.869+0800: 109.935: [CMS-concurrent-reset-start]
2023-01-17T04:44:36.869+0800: 109.935: [CMS-concurrent-reset: 0.000/0.000 secs] [Times: user=0.00 sys=0.00, real=0.00 secs] 
{Heap before GC invocations=200 (full 352):
 par new generation   total 115200K, used 115199K [0x00000000f0000000, 0x00000000f7d00000, 0x00000000f7d00000)
  eden space 102400K, 100% used [0x00000000f0000000, 0x00000000f6400000, 0x00000000f6400000)
  from space 12800K,  99% used [0x00000000f6400000, 0x00000000f707fff0, 0x00000000f7080000)
  to   space 12800K,   0% used [0x00000000f7080000, 0x00000000f7080000, 0x00000000f7d00000)
 concurrent mark-sweep generation total 134144K, used 134143K [0x00000000f7d00000, 0x0000000100000000, 0x0000000100000000)
 Metaspace       used 51920K, capacity 54766K, committed 55296K, reserved 1097728K
  class space    used 6330K, capacity 6825K, committed 6912K, reserved 1048576K
2023-01-17T04:44:36.893+0800: 109.959: [GC (Allocation Failure) 2023-01-17T04:44:36.893+0800: 109.959: [ParNew: 115199K->115199K(115200K), 0.0000238 secs]2023-01-17T04:44:36.893+0800: 109.959: [CMS: 134143K->134143K(134144K), 0.2110589 secs] 249343K->140033K(249344K), [Metaspace: 51920K->51920K(1097728K)], 0.2114431 secs] [Times: user=0.21 sys=0.00, real=0.21 secs] 
Heap after GC invocations=201 (full 353):
 par new generation   total 115200K, used 5890K [0x00000000f0000000, 0x00000000f7d00000, 0x00000000f7d00000)
  eden space 102400K,   5% used [0x00000000f0000000, 0x00000000f05c0828, 0x00000000f6400000)
  from space 12800K,   0% used [0x00000000f6400000, 0x00000000f6400000, 0x00000000f7080000)
  to   space 12800K,   0% used [0x00000000f7080000, 0x00000000f7080000, 0x00000000f7d00000)
 concurrent mark-sweep generation total 134144K, used 134143K [0x00000000f7d00000, 0x0000000100000000, 0x0000000100000000)
 Metaspace       used 51920K, capacity 54766K, committed 55296K, reserved 1097728K
  class space    used 6330K, capacity 6825K, committed 6912K, reserved 1048576K
}
2023-01-17T04:44:37.110+0800: 110.176: [GC (CMS Initial Mark) [1 CMS-initial-mark: 134143K(134144K)] 140441K(249344K), 0.0061021 secs] [Times: user=0.02 sys=0.00, real=0.00 secs] 
2023-01-17T04:44:37.116+0800: 110.182: [CMS-concurrent-mark-start]
2023-01-17T04:44:37.190+0800: 110.257: [CMS-concurrent-mark: 0.074/0.074 secs] [Times: user=0.26 sys=0.03, real=0.08 secs] 
2023-01-17T04:44:37.191+0800: 110.257: [CMS-concurrent-preclean-start]
2023-01-17T04:44:37.306+0800: 110.373: [CMS-concurrent-preclean: 0.116/0.116 secs] [Times: user=0.34 sys=0.05, real=0.11 secs] 
2023-01-17T04:44:37.307+0800: 110.373: [CMS-concurrent-abortable-preclean-start]
2023-01-17T04:44:37.307+0800: 110.373: [CMS-concurrent-abortable-preclean: 0.000/0.000 secs] [Times: user=0.00 sys=0.00, real=0.00 secs] 
2023-01-17T04:44:37.316+0800: 110.382: [GC (CMS Final Remark) [YG occupancy: 111837 K (115200 K)]2023-01-17T04:44:37.316+0800: 110.382: [Rescan (parallel) , 0.0358740 secs]2023-01-17T04:44:37.352+0800: 110.418: [weak refs processing, 0.0000620 secs]2023-01-17T04:44:37.352+0800: 110.418: [class unloading, 0.0158132 secs]2023-01-17T04:44:37.368+0800: 110.434: [scrub symbol table, 0.0051953 secs]2023-01-17T04:44:37.373+0800: 110.439: [scrub string table, 0.0008957 secs][1 CMS-remark: 134143K(134144K)] 245981K(249344K), 0.0581320 secs] [Times: user=0.15 sys=0.00, real=0.06 secs] 
2023-01-17T04:44:37.376+0800: 110.443: [CMS-concurrent-sweep-start]
{Heap before GC invocations=201 (full 354):
 par new generation   total 115200K, used 115199K [0x00000000f0000000, 0x00000000f7d00000, 0x00000000f7d00000)
  eden space 102400K, 100% used [0x00000000f0000000, 0x00000000f6400000, 0x00000000f6400000)
  from space 12800K,  99% used [0x00000000f6400000, 0x00000000f707ffe8, 0x00000000f7080000)
  to   space 12800K,   0% used [0x00000000f7080000, 0x00000000f7080000, 0x00000000f7d00000)
 concurrent mark-sweep generation total 134144K, used 134143K [0x00000000f7d00000, 0x0000000100000000, 0x0000000100000000)
 Metaspace       used 51920K, capacity 54766K, committed 55296K, reserved 1097728K
  class space    used 6330K, capacity 6825K, committed 6912K, reserved 1048576K
2023-01-17T04:44:37.399+0800: 110.465: [Full GC (Allocation Failure) 2023-01-17T04:44:37.399+0800: 110.465: [CMS2023-01-17T04:44:37.427+0800: 110.494: [CMS-concurrent-sweep: 0.023/0.051 secs] [Times: user=0.08 sys=0.00, real=0.05 secs] 
 (concurrent mode failure): 134143K->134143K(134144K), 0.2206974 secs] 249343K->140032K(249344K), [Metaspace: 51920K->51920K(1097728K)], 0.2210845 secs] [Times: user=0.22 sys=0.00, real=0.23 secs] 
Heap after GC invocations=202 (full 355):
 par new generation   total 115200K, used 5888K [0x00000000f0000000, 0x00000000f7d00000, 0x00000000f7d00000)
  eden space 102400K,   5% used [0x00000000f0000000, 0x00000000f05c01c0, 0x00000000f6400000)
  from space 12800K,   0% used [0x00000000f6400000, 0x00000000f6400000, 0x00000000f7080000)
  to   space 12800K,   0% used [0x00000000f7080000, 0x00000000f7080000, 0x00000000f7d00000)
 concurrent mark-sweep generation total 134144K, used 134143K [0x00000000f7d00000, 0x0000000100000000, 0x0000000100000000)
 Metaspace       used 51920K, capacity 54766K, committed 55296K, reserved 1097728K
  class space    used 6330K, capacity 6825K, committed 6912K, reserved 1048576K
}
{Heap before GC invocations=202 (full 355):
 par new generation   total 115200K, used 115199K [0x00000000f0000000, 0x00000000f7d00000, 0x00000000f7d00000)
  eden space 102400K, 100% used [0x00000000f0000000, 0x00000000f6400000, 0x00000000f6400000)
  from space 12800K,  99% used [0x00000000f6400000, 0x00000000f707ff70, 0x00000000f7080000)
  to   space 12800K,   0% used [0x00000000f7080000, 0x00000000f7080000, 0x00000000f7d00000)
 concurrent mark-sweep generation total 134144K, used 134143K [0x00000000f7d00000, 0x0000000100000000, 0x0000000100000000)
 Metaspace       used 51920K, capacity 54766K, committed 55296K, reserved 1097728K
  class space    used 6330K, capacity 6825K, committed 6912K, reserved 1048576K
2023-01-17T04:44:37.806+0800: 110.873: [Full GC (Allocation Failure) 2023-01-17T04:44:37.807+0800: 110.873: [CMS: 134143K->134143K(134144K), 0.2393053 secs] 249343K->140059K(249344K), [Metaspace: 51920K->51920K(1097728K)], 0.2397764 secs] [Times: user=0.24 sys=0.00, real=0.24 secs] 
Heap after GC invocations=203 (full 356):
 par new generation   total 115200K, used 5915K [0x00000000f0000000, 0x00000000f7d00000, 0x00000000f7d00000)
  eden space 102400K,   5% used [0x00000000f0000000, 0x00000000f05c6d08, 0x00000000f6400000)
  from space 12800K,   0% used [0x00000000f6400000, 0x00000000f6400000, 0x00000000f7080000)
  to   space 12800K,   0% used [0x00000000f7080000, 0x00000000f7080000, 0x00000000f7d00000)
 concurrent mark-sweep generation total 134144K, used 134143K [0x00000000f7d00000, 0x0000000100000000, 0x0000000100000000)
 Metaspace       used 51920K, capacity 54766K, committed 55296K, reserved 1097728K
  class space    used 6330K, capacity 6825K, committed 6912K, reserved 1048576K
}
2023-01-17T04:44:38.056+0800: 111.122: [GC (CMS Initial Mark) [1 CMS-initial-mark: 134143K(134144K)] 141065K(249344K), 0.0171011 secs] [Times: user=0.02 sys=0.00, real=0.02 secs] 
2023-01-17T04:44:38.073+0800: 111.140: [CMS-concurrent-mark-start]
2023-01-17T04:44:38.285+0800: 111.352: [CMS-concurrent-mark: 0.212/0.212 secs] [Times: user=0.47 sys=0.06, real=0.21 secs] 
2023-01-17T04:44:38.286+0800: 111.352: [CMS-concurrent-preclean-start]
2023-01-17T04:44:38.328+0800: 111.394: [CMS-concurrent-preclean: 0.042/0.042 secs] [Times: user=0.16 sys=0.01, real=0.04 secs] 
2023-01-17T04:44:38.328+0800: 111.394: [CMS-concurrent-abortable-preclean-start]
2023-01-17T04:44:38.328+0800: 111.394: [CMS-concurrent-abortable-preclean: 0.000/0.000 secs] [Times: user=0.00 sys=0.00, real=0.00 secs] 
2023-01-17T04:44:38.332+0800: 111.399: [GC (CMS Final Remark) [YG occupancy: 112857 K (115200 K)]2023-01-17T04:44:38.333+0800: 111.399: [Rescan (parallel) , 0.0312328 secs]2023-01-17T04:44:38.364+0800: 111.430: [weak refs processing, 0.0000427 secs]2023-01-17T04:44:38.364+0800: 111.430: [class unloading, 0.0137557 secs]2023-01-17T04:44:38.378+0800: 111.444: [scrub symbol table, 0.0051093 secs]2023-01-17T04:44:38.383+0800: 111.449: [scrub string table, 0.0008670 secs][1 CMS-remark: 134143K(134144K)] 247001K(249344K), 0.0512593 secs] [Times: user=0.15 sys=0.00, real=0.05 secs] 
2023-01-17T04:44:38.384+0800: 111.450: [CMS-concurrent-sweep-start]
{Heap before GC invocations=203 (full 357):
 par new generation   total 115200K, used 115199K [0x00000000f0000000, 0x00000000f7d00000, 0x00000000f7d00000)
  eden space 102400K, 100% used [0x00000000f0000000, 0x00000000f6400000, 0x00000000f6400000)
  from space 12800K,  99% used [0x00000000f6400000, 0x00000000f707fff8, 0x00000000f7080000)
  to   space 12800K,   0% used [0x00000000f7080000, 0x00000000f7080000, 0x00000000f7d00000)
 concurrent mark-sweep generation total 134144K, used 134143K [0x00000000f7d00000, 0x0000000100000000, 0x0000000100000000)
 Metaspace       used 51920K, capacity 54766K, committed 55296K, reserved 1097728K
  class space    used 6330K, capacity 6825K, committed 6912K, reserved 1048576K
2023-01-17T04:44:38.402+0800: 111.468: [Full GC (Allocation Failure) 2023-01-17T04:44:38.402+0800: 111.468: [CMS2023-01-17T04:44:38.428+0800: 111.494: [CMS-concurrent-sweep: 0.017/0.044 secs] [Times: user=0.08 sys=0.00, real=0.04 secs] 
 (concurrent mode failure): 134143K->134143K(134144K), 0.2152515 secs] 249343K->140032K(249344K), [Metaspace: 51920K->51920K(1097728K)], 0.2156355 secs] [Times: user=0.22 sys=0.00, real=0.21 secs] 
Heap after GC invocations=204 (full 358):
 par new generation   total 115200K, used 5888K [0x00000000f0000000, 0x00000000f7d00000, 0x00000000f7d00000)
  eden space 102400K,   5% used [0x00000000f0000000, 0x00000000f05c0398, 0x00000000f6400000)
  from space 12800K,   0% used [0x00000000f6400000, 0x00000000f6400000, 0x00000000f7080000)
  to   space 12800K,   0% used [0x00000000f7080000, 0x00000000f7080000, 0x00000000f7d00000)
 concurrent mark-sweep generation total 134144K, used 134143K [0x00000000f7d00000, 0x0000000100000000, 0x0000000100000000)
 Metaspace       used 51920K, capacity 54766K, committed 55296K, reserved 1097728K
  class space    used 6330K, capacity 6825K, committed 6912K, reserved 1048576K
}
{Heap before GC invocations=204 (full 358):
 par new generation   total 115200K, used 115199K [0x00000000f0000000, 0x00000000f7d00000, 0x00000000f7d00000)
  eden space 102400K, 100% used [0x00000000f0000000, 0x00000000f6400000, 0x00000000f6400000)
  from space 12800K,  99% used [0x00000000f6400000, 0x00000000f707fff8, 0x00000000f7080000)
  to   space 12800K,   0% used [0x00000000f7080000, 0x00000000f7080000, 0x00000000f7d00000)
 concurrent mark-sweep generation total 134144K, used 134143K [0x00000000f7d00000, 0x0000000100000000, 0x0000000100000000)
 Metaspace       used 51920K, capacity 54766K, committed 55296K, reserved 1097728K
  class space    used 6330K, capacity 6825K, committed 6912K, reserved 1048576K
2023-01-17T04:44:38.809+0800: 111.875: [Full GC (Allocation Failure) 2023-01-17T04:44:38.809+0800: 111.876: [CMS: 134143K->134144K(134144K), 0.2085823 secs] 249343K->140071K(249344K), [Metaspace: 51920K->51920K(1097728K)], 0.2090482 secs] [Times: user=0.21 sys=0.00, real=0.21 secs] 
Heap after GC invocations=205 (full 359):
 par new generation   total 115200K, used 5927K [0x00000000f0000000, 0x00000000f7d00000, 0x00000000f7d00000)
  eden space 102400K,   5% used [0x00000000f0000000, 0x00000000f05c9e78, 0x00000000f6400000)
  from space 12800K,   0% used [0x00000000f6400000, 0x00000000f6400000, 0x00000000f7080000)
  to   space 12800K,   0% used [0x00000000f7080000, 0x00000000f7080000, 0x00000000f7d00000)
 concurrent mark-sweep generation total 134144K, used 134144K [0x00000000f7d00000, 0x0000000100000000, 0x0000000100000000)
 Metaspace       used 51920K, capacity 54766K, committed 55296K, reserved 1097728K
  class space    used 6330K, capacity 6825K, committed 6912K, reserved 1048576K
}
2023-01-17T04:44:39.024+0800: 112.090: [GC (CMS Initial Mark) [1 CMS-initial-mark: 134144K(134144K)] 140596K(249344K), 0.0078057 secs] [Times: user=0.03 sys=0.00, real=0.01 secs] 
2023-01-17T04:44:39.032+0800: 112.098: [CMS-concurrent-mark-start]
2023-01-17T04:44:39.103+0800: 112.170: [CMS-concurrent-mark: 0.071/0.071 secs] [Times: user=0.23 sys=0.04, real=0.07 secs] 
2023-01-17T04:44:39.103+0800: 112.170: [CMS-concurrent-preclean-start]
2023-01-17T04:44:39.151+0800: 112.218: [CMS-concurrent-preclean: 0.048/0.048 secs] [Times: user=0.16 sys=0.03, real=0.05 secs] 
2023-01-17T04:44:39.152+0800: 112.218: [CMS-concurrent-abortable-preclean-start]
2023-01-17T04:44:39.152+0800: 112.218: [CMS-concurrent-abortable-preclean: 0.000/0.000 secs] [Times: user=0.00 sys=0.00, real=0.00 secs] 
2023-01-17T04:44:39.158+0800: 112.224: [GC (CMS Final Remark) [YG occupancy: 90037 K (115200 K)]2023-01-17T04:44:39.158+0800: 112.224: [Rescan (parallel) , 0.0265233 secs]2023-01-17T04:44:39.184+0800: 112.251: [weak refs processing, 0.0000470 secs]2023-01-17T04:44:39.184+0800: 112.251: [class unloading, 0.0141365 secs]2023-01-17T04:44:39.199+0800: 112.265: [scrub symbol table, 0.0050912 secs]2023-01-17T04:44:39.204+0800: 112.270: [scrub string table, 0.0008822 secs][1 CMS-remark: 134144K(134144K)] 224181K(249344K), 0.0469316 secs] [Times: user=0.12 sys=0.00, real=0.05 secs] 
2023-01-17T04:44:39.205+0800: 112.271: [CMS-concurrent-sweep-start]
2023-01-17T04:44:39.226+0800: 112.292: [CMS-concurrent-sweep: 0.020/0.020 secs] [Times: user=0.07 sys=0.02, real=0.02 secs] 
2023-01-17T04:44:39.226+0800: 112.292: [CMS-concurrent-reset-start]
2023-01-17T04:44:39.226+0800: 112.292: [CMS-concurrent-reset: 0.000/0.000 secs] [Times: user=0.00 sys=0.00, real=0.00 secs] 
{Heap before GC invocations=205 (full 360):
 par new generation   total 115200K, used 115199K [0x00000000f0000000, 0x00000000f7d00000, 0x00000000f7d00000)
  eden space 102400K, 100% used [0x00000000f0000000, 0x00000000f6400000, 0x00000000f6400000)
  from space 12800K,  99% used [0x00000000f6400000, 0x00000000f707fff8, 0x00000000f7080000)
  to   space 12800K,   0% used [0x00000000f7080000, 0x00000000f7080000, 0x00000000f7d00000)
 concurrent mark-sweep generation total 134144K, used 134143K [0x00000000f7d00000, 0x0000000100000000, 0x0000000100000000)
 Metaspace       used 51920K, capacity 54766K, committed 55296K, reserved 1097728K
  class space    used 6330K, capacity 6825K, committed 6912K, reserved 1048576K
2023-01-17T04:44:39.304+0800: 112.370: [GC (Allocation Failure) 2023-01-17T04:44:39.304+0800: 112.370: [ParNew: 115199K->115199K(115200K), 0.0000325 secs]2023-01-17T04:44:39.304+0800: 112.370: [CMS: 134143K->134143K(134144K), 0.2200402 secs] 249343K->140041K(249344K), [Metaspace: 51920K->51920K(1097728K)], 0.2205706 secs] [Times: user=0.22 sys=0.00, real=0.22 secs] 
Heap after GC invocations=206 (full 361):
 par new generation   total 115200K, used 5897K [0x00000000f0000000, 0x00000000f7d00000, 0x00000000f7d00000)
  eden space 102400K,   5% used [0x00000000f0000000, 0x00000000f05c26f0, 0x00000000f6400000)
  from space 12800K,   0% used [0x00000000f6400000, 0x00000000f6400000, 0x00000000f7080000)
  to   space 12800K,   0% used [0x00000000f7080000, 0x00000000f7080000, 0x00000000f7d00000)
 concurrent mark-sweep generation total 134144K, used 134143K [0x00000000f7d00000, 0x0000000100000000, 0x0000000100000000)
 Metaspace       used 51920K, capacity 54766K, committed 55296K, reserved 1097728K
  class space    used 6330K, capacity 6825K, committed 6912K, reserved 1048576K
}
2023-01-17T04:44:39.530+0800: 112.596: [GC (CMS Initial Mark) [1 CMS-initial-mark: 134143K(134144K)] 140410K(249344K), 0.0068996 secs] [Times: user=0.03 sys=0.00, real=0.00 secs] 
2023-01-17T04:44:39.537+0800: 112.603: [CMS-concurrent-mark-start]
2023-01-17T04:44:39.607+0800: 112.674: [CMS-concurrent-mark: 0.070/0.070 secs] [Times: user=0.18 sys=0.04, real=0.07 secs] 
2023-01-17T04:44:39.608+0800: 112.674: [CMS-concurrent-preclean-start]
2023-01-17T04:44:39.655+0800: 112.721: [CMS-concurrent-preclean: 0.047/0.047 secs] [Times: user=0.13 sys=0.01, real=0.05 secs] 
2023-01-17T04:44:39.655+0800: 112.721: [CMS-concurrent-abortable-preclean-start]
2023-01-17T04:44:39.655+0800: 112.721: [CMS-concurrent-abortable-preclean: 0.000/0.000 secs] [Times: user=0.00 sys=0.00, real=0.00 secs] 
2023-01-17T04:44:39.660+0800: 112.726: [GC (CMS Final Remark) [YG occupancy: 65183 K (115200 K)]2023-01-17T04:44:39.660+0800: 112.726: [Rescan (parallel) , 0.0263828 secs]2023-01-17T04:44:39.686+0800: 112.753: [weak refs processing, 0.0000485 secs]2023-01-17T04:44:39.687+0800: 112.753: [class unloading, 0.0138831 secs]2023-01-17T04:44:39.700+0800: 112.767: [scrub symbol table, 0.0051485 secs]2023-01-17T04:44:39.706+0800: 112.772: [scrub string table, 0.0008946 secs][1 CMS-remark: 134143K(134144K)] 199327K(249344K), 0.0466166 secs] [Times: user=0.10 sys=0.00, real=0.04 secs] 
2023-01-17T04:44:39.707+0800: 112.773: [CMS-concurrent-sweep-start]
2023-01-17T04:44:39.725+0800: 112.792: [CMS-concurrent-sweep: 0.019/0.019 secs] [Times: user=0.05 sys=0.01, real=0.02 secs] 
2023-01-17T04:44:39.726+0800: 112.792: [CMS-concurrent-reset-start]
2023-01-17T04:44:39.726+0800: 112.792: [CMS-concurrent-reset: 0.000/0.000 secs] [Times: user=0.00 sys=0.00, real=0.00 secs] 
{Heap before GC invocations=206 (full 362):
 par new generation   total 115200K, used 115196K [0x00000000f0000000, 0x00000000f7d00000, 0x00000000f7d00000)
  eden space 102400K, 100% used [0x00000000f0000000, 0x00000000f6400000, 0x00000000f6400000)
  from space 12800K,  99% used [0x00000000f6400000, 0x00000000f707f218, 0x00000000f7080000)
  to   space 12800K,   0% used [0x00000000f7080000, 0x00000000f7080000, 0x00000000f7d00000)
 concurrent mark-sweep generation total 134144K, used 134143K [0x00000000f7d00000, 0x0000000100000000, 0x0000000100000000)
 Metaspace       used 51920K, capacity 54766K, committed 55296K, reserved 1097728K
  class space    used 6330K, capacity 6825K, committed 6912K, reserved 1048576K
2023-01-17T04:44:39.849+0800: 112.915: [GC (Allocation Failure) 2023-01-17T04:44:39.849+0800: 112.915: [ParNew: 115196K->115196K(115200K), 0.0000272 secs]2023-01-17T04:44:39.849+0800: 112.915: [CMS: 134143K->134143K(134144K), 0.1953997 secs] 249340K->140021K(249344K), [Metaspace: 51920K->51920K(1097728K)], 0.1958380 secs] [Times: user=0.20 sys=0.00, real=0.20 secs] 
Heap after GC invocations=207 (full 363):
 par new generation   total 115200K, used 5877K [0x00000000f0000000, 0x00000000f7d00000, 0x00000000f7d00000)
  eden space 102400K,   5% used [0x00000000f0000000, 0x00000000f05bd670, 0x00000000f6400000)
  from space 12800K,   0% used [0x00000000f6400000, 0x00000000f6400000, 0x00000000f7080000)
  to   space 12800K,   0% used [0x00000000f7080000, 0x00000000f7080000, 0x00000000f7d00000)
 concurrent mark-sweep generation total 134144K, used 134143K [0x00000000f7d00000, 0x0000000100000000, 0x0000000100000000)
 Metaspace       used 51920K, capacity 54766K, committed 55296K, reserved 1097728K
  class space    used 6330K, capacity 6825K, committed 6912K, reserved 1048576K
}
2023-01-17T04:44:40.050+0800: 113.117: [GC (CMS Initial Mark) [1 CMS-initial-mark: 134143K(134144K)] 140536K(249344K), 0.0064199 secs] [Times: user=0.03 sys=0.00, real=0.00 secs] 
2023-01-17T04:44:40.057+0800: 113.123: [CMS-concurrent-mark-start]
2023-01-17T04:44:40.136+0800: 113.203: [CMS-concurrent-mark: 0.079/0.079 secs] [Times: user=0.27 sys=0.04, real=0.08 secs] 
2023-01-17T04:44:40.137+0800: 113.203: [CMS-concurrent-preclean-start]
2023-01-17T04:44:40.182+0800: 113.249: [CMS-concurrent-preclean: 0.046/0.046 secs] [Times: user=0.14 sys=0.03, real=0.05 secs] 
2023-01-17T04:44:40.182+0800: 113.249: [CMS-concurrent-abortable-preclean-start]
2023-01-17T04:44:40.182+0800: 113.249: [CMS-concurrent-abortable-preclean: 0.000/0.000 secs] [Times: user=0.00 sys=0.00, real=0.00 secs] 
2023-01-17T04:44:40.188+0800: 113.254: [GC (CMS Final Remark) [YG occupancy: 85456 K (115200 K)]2023-01-17T04:44:40.188+0800: 113.254: [Rescan (parallel) , 0.0246913 secs]2023-01-17T04:44:40.212+0800: 113.279: [weak refs processing, 0.0000461 secs]2023-01-17T04:44:40.212+0800: 113.279: [class unloading, 0.0138561 secs]2023-01-17T04:44:40.226+0800: 113.293: [scrub symbol table, 0.0051750 secs]2023-01-17T04:44:40.231+0800: 113.298: [scrub string table, 0.0008887 secs][1 CMS-remark: 134143K(134144K)] 219600K(249344K), 0.0448997 secs] [Times: user=0.12 sys=0.00, real=0.05 secs] 
2023-01-17T04:44:40.233+0800: 113.299: [CMS-concurrent-sweep-start]
2023-01-17T04:44:40.252+0800: 113.319: [CMS-concurrent-sweep: 0.019/0.019 secs] [Times: user=0.06 sys=0.01, real=0.02 secs] 
2023-01-17T04:44:40.253+0800: 113.319: [CMS-concurrent-reset-start]
2023-01-17T04:44:40.253+0800: 113.319: [CMS-concurrent-reset: 0.000/0.000 secs] [Times: user=0.00 sys=0.00, real=0.00 secs] 
{Heap before GC invocations=207 (full 364):
 par new generation   total 115200K, used 115200K [0x00000000f0000000, 0x00000000f7d00000, 0x00000000f7d00000)
  eden space 102400K, 100% used [0x00000000f0000000, 0x00000000f6400000, 0x00000000f6400000)
  from space 12800K, 100% used [0x00000000f6400000, 0x00000000f7080000, 0x00000000f7080000)
  to   space 12800K,   0% used [0x00000000f7080000, 0x00000000f7080000, 0x00000000f7d00000)
 concurrent mark-sweep generation total 134144K, used 134143K [0x00000000f7d00000, 0x0000000100000000, 0x0000000100000000)
 Metaspace       used 51920K, capacity 54766K, committed 55296K, reserved 1097728K
  class space    used 6330K, capacity 6825K, committed 6912K, reserved 1048576K
2023-01-17T04:44:40.342+0800: 113.408: [GC (Allocation Failure) 2023-01-17T04:44:40.342+0800: 113.409: [ParNew: 115200K->115200K(115200K), 0.0000387 secs]2023-01-17T04:44:40.342+0800: 113.409: [CMS: 134143K->134143K(134144K), 0.2192735 secs] 249343K->140058K(249344K), [Metaspace: 51920K->51920K(1097728K)], 0.2197281 secs] [Times: user=0.22 sys=0.00, real=0.22 secs] 
Heap after GC invocations=208 (full 365):
 par new generation   total 115200K, used 5914K [0x00000000f0000000, 0x00000000f7d00000, 0x00000000f7d00000)
  eden space 102400K,   5% used [0x00000000f0000000, 0x00000000f05c69d0, 0x00000000f6400000)
  from space 12800K,   0% used [0x00000000f6400000, 0x00000000f6400000, 0x00000000f7080000)
  to   space 12800K,   0% used [0x00000000f7080000, 0x00000000f7080000, 0x00000000f7d00000)
 concurrent mark-sweep generation total 134144K, used 134143K [0x00000000f7d00000, 0x0000000100000000, 0x0000000100000000)
 Metaspace       used 51920K, capacity 54766K, committed 55296K, reserved 1097728K
  class space    used 6330K, capacity 6825K, committed 6912K, reserved 1048576K
}
2023-01-17T04:44:40.567+0800: 113.634: [GC (CMS Initial Mark) [1 CMS-initial-mark: 134143K(134144K)] 140284K(249344K), 0.0073340 secs] [Times: user=0.02 sys=0.00, real=0.01 secs] 
2023-01-17T04:44:40.575+0800: 113.641: [CMS-concurrent-mark-start]
2023-01-17T04:44:40.654+0800: 113.721: [CMS-concurrent-mark: 0.079/0.079 secs] [Times: user=0.20 sys=0.03, real=0.08 secs] 
2023-01-17T04:44:40.654+0800: 113.721: [CMS-concurrent-preclean-start]
2023-01-17T04:44:40.703+0800: 113.770: [CMS-concurrent-preclean: 0.049/0.049 secs] [Times: user=0.14 sys=0.01, real=0.05 secs] 
2023-01-17T04:44:40.704+0800: 113.770: [CMS-concurrent-abortable-preclean-start]
2023-01-17T04:44:40.704+0800: 113.770: [CMS-concurrent-abortable-preclean: 0.000/0.000 secs] [Times: user=0.00 sys=0.00, real=0.00 secs] 
2023-01-17T04:44:40.708+0800: 113.774: [GC (CMS Final Remark) [YG occupancy: 68230 K (115200 K)]2023-01-17T04:44:40.708+0800: 113.775: [Rescan (parallel) , 0.0203301 secs]2023-01-17T04:44:40.729+0800: 113.795: [weak refs processing, 0.0000374 secs]2023-01-17T04:44:40.729+0800: 113.795: [class unloading, 0.0137111 secs]2023-01-17T04:44:40.742+0800: 113.809: [scrub symbol table, 0.0051548 secs]2023-01-17T04:44:40.748+0800: 113.814: [scrub string table, 0.0008665 secs][1 CMS-remark: 134143K(134144K)] 202374K(249344K), 0.0403492 secs] [Times: user=0.10 sys=0.00, real=0.04 secs] 
2023-01-17T04:44:40.749+0800: 113.815: [CMS-concurrent-sweep-start]
2023-01-17T04:44:40.769+0800: 113.836: [CMS-concurrent-sweep: 0.020/0.020 secs] [Times: user=0.07 sys=0.01, real=0.03 secs] 
2023-01-17T04:44:40.770+0800: 113.836: [CMS-concurrent-reset-start]
2023-01-17T04:44:40.770+0800: 113.836: [CMS-concurrent-reset: 0.000/0.000 secs] [Times: user=0.00 sys=0.00, real=0.00 secs] 
{Heap before GC invocations=208 (full 366):
 par new generation   total 115200K, used 115199K [0x00000000f0000000, 0x00000000f7d00000, 0x00000000f7d00000)
  eden space 102400K, 100% used [0x00000000f0000000, 0x00000000f6400000, 0x00000000f6400000)
  from space 12800K,  99% used [0x00000000f6400000, 0x00000000f707fff8, 0x00000000f7080000)
  to   space 12800K,   0% used [0x00000000f7080000, 0x00000000f7080000, 0x00000000f7d00000)
 concurrent mark-sweep generation total 134144K, used 134143K [0x00000000f7d00000, 0x0000000100000000, 0x0000000100000000)
 Metaspace       used 51939K, capacity 54766K, committed 55296K, reserved 1097728K
  class space    used 6330K, capacity 6825K, committed 6912K, reserved 1048576K
2023-01-17T04:44:40.870+0800: 113.936: [GC (Allocation Failure) 2023-01-17T04:44:40.870+0800: 113.936: [ParNew: 115199K->115199K(115200K), 0.0000284 secs]2023-01-17T04:44:40.870+0800: 113.936: [CMS: 134143K->134143K(134144K), 0.2076036 secs] 249343K->140061K(249344K), [Metaspace: 51939K->51939K(1097728K)], 0.2080557 secs] [Times: user=0.21 sys=0.00, real=0.20 secs] 
Heap after GC invocations=209 (full 367):
 par new generation   total 115200K, used 5917K [0x00000000f0000000, 0x00000000f7d00000, 0x00000000f7d00000)
  eden space 102400K,   5% used [0x00000000f0000000, 0x00000000f05c7790, 0x00000000f6400000)
  from space 12800K,   0% used [0x00000000f6400000, 0x00000000f6400000, 0x00000000f7080000)
  to   space 12800K,   0% used [0x00000000f7080000, 0x00000000f7080000, 0x00000000f7d00000)
 concurrent mark-sweep generation total 134144K, used 134143K [0x00000000f7d00000, 0x0000000100000000, 0x0000000100000000)
 Metaspace       used 51939K, capacity 54766K, committed 55296K, reserved 1097728K
  class space    used 6330K, capacity 6825K, committed 6912K, reserved 1048576K
}
2023-01-17T04:44:41.085+0800: 114.151: [GC (CMS Initial Mark) [1 CMS-initial-mark: 134143K(134144K)] 140072K(249344K), 0.0098061 secs] [Times: user=0.02 sys=0.00, real=0.01 secs] 
2023-01-17T04:44:41.095+0800: 114.161: [CMS-concurrent-mark-start]
2023-01-17T04:44:41.168+0800: 114.235: [CMS-concurrent-mark: 0.073/0.073 secs] [Times: user=0.19 sys=0.03, real=0.07 secs] 
2023-01-17T04:44:41.168+0800: 114.235: [CMS-concurrent-preclean-start]
2023-01-17T04:44:41.218+0800: 114.285: [CMS-concurrent-preclean: 0.050/0.050 secs] [Times: user=0.12 sys=0.02, real=0.05 secs] 
2023-01-17T04:44:41.219+0800: 114.285: [CMS-concurrent-abortable-preclean-start]
2023-01-17T04:44:41.219+0800: 114.285: [CMS-concurrent-abortable-preclean: 0.000/0.000 secs] [Times: user=0.00 sys=0.00, real=0.00 secs] 
2023-01-17T04:44:41.230+0800: 114.296: [GC (CMS Final Remark) [YG occupancy: 66335 K (115200 K)]2023-01-17T04:44:41.230+0800: 114.296: [Rescan (parallel) , 0.0286072 secs]2023-01-17T04:44:41.258+0800: 114.325: [weak refs processing, 0.0000446 secs]2023-01-17T04:44:41.258+0800: 114.325: [class unloading, 0.0142318 secs]2023-01-17T04:44:41.273+0800: 114.339: [scrub symbol table, 0.0053364 secs]2023-01-17T04:44:41.278+0800: 114.344: [scrub string table, 0.0009075 secs][1 CMS-remark: 134143K(134144K)] 200479K(249344K), 0.0494473 secs] [Times: user=0.09 sys=0.00, real=0.04 secs] 
2023-01-17T04:44:41.279+0800: 114.346: [CMS-concurrent-sweep-start]
2023-01-17T04:44:41.298+0800: 114.364: [CMS-concurrent-sweep: 0.018/0.018 secs] [Times: user=0.05 sys=0.01, real=0.02 secs] 
2023-01-17T04:44:41.298+0800: 114.364: [CMS-concurrent-reset-start]
2023-01-17T04:44:41.298+0800: 114.364: [CMS-concurrent-reset: 0.000/0.000 secs] [Times: user=0.00 sys=0.00, real=0.00 secs] 
{Heap before GC invocations=209 (full 368):
 par new generation   total 115200K, used 115200K [0x00000000f0000000, 0x00000000f7d00000, 0x00000000f7d00000)
  eden space 102400K, 100% used [0x00000000f0000000, 0x00000000f6400000, 0x00000000f6400000)
  from space 12800K, 100% used [0x00000000f6400000, 0x00000000f7080000, 0x00000000f7080000)
  to   space 12800K,   0% used [0x00000000f7080000, 0x00000000f7080000, 0x00000000f7d00000)
 concurrent mark-sweep generation total 134144K, used 134143K [0x00000000f7d00000, 0x0000000100000000, 0x0000000100000000)
 Metaspace       used 51939K, capacity 54766K, committed 55296K, reserved 1097728K
  class space    used 6330K, capacity 6825K, committed 6912K, reserved 1048576K
2023-01-17T04:44:41.411+0800: 114.477: [GC (Allocation Failure) 2023-01-17T04:44:41.411+0800: 114.478: [ParNew: 115200K->115200K(115200K), 0.0000270 secs]2023-01-17T04:44:41.411+0800: 114.478: [CMS: 134143K->134143K(134144K), 0.1967382 secs] 249343K->140069K(249344K), [Metaspace: 51939K->51939K(1097728K)], 0.1971677 secs] [Times: user=0.19 sys=0.00, real=0.19 secs] 
Heap after GC invocations=210 (full 369):
 par new generation   total 115200K, used 5925K [0x00000000f0000000, 0x00000000f7d00000, 0x00000000f7d00000)
  eden space 102400K,   5% used [0x00000000f0000000, 0x00000000f05c96b0, 0x00000000f6400000)
  from space 12800K,   0% used [0x00000000f6400000, 0x00000000f6400000, 0x00000000f7080000)
  to   space 12800K,   0% used [0x00000000f7080000, 0x00000000f7080000, 0x00000000f7d00000)
 concurrent mark-sweep generation total 134144K, used 134143K [0x00000000f7d00000, 0x0000000100000000, 0x0000000100000000)
 Metaspace       used 51939K, capacity 54766K, committed 55296K, reserved 1097728K
  class space    used 6330K, capacity 6825K, committed 6912K, reserved 1048576K
}
2023-01-17T04:44:41.614+0800: 114.680: [GC (CMS Initial Mark) [1 CMS-initial-mark: 134143K(134144K)] 140509K(249344K), 0.0064224 secs] [Times: user=0.02 sys=0.00, real=0.01 secs] 
2023-01-17T04:44:41.620+0800: 114.687: [CMS-concurrent-mark-start]
2023-01-17T04:44:41.706+0800: 114.772: [CMS-concurrent-mark: 0.085/0.085 secs] [Times: user=0.29 sys=0.04, real=0.08 secs] 
2023-01-17T04:44:41.706+0800: 114.772: [CMS-concurrent-preclean-start]
2023-01-17T04:44:41.822+0800: 114.888: [CMS-concurrent-preclean: 0.116/0.116 secs] [Times: user=0.32 sys=0.06, real=0.12 secs] 
2023-01-17T04:44:41.822+0800: 114.889: [CMS-concurrent-abortable-preclean-start]
2023-01-17T04:44:41.822+0800: 114.889: [CMS-concurrent-abortable-preclean: 0.000/0.000 secs] [Times: user=0.00 sys=0.00, real=0.00 secs] 
2023-01-17T04:44:41.829+0800: 114.895: [GC (CMS Final Remark) [YG occupancy: 107144 K (115200 K)]2023-01-17T04:44:41.829+0800: 114.895: [Rescan (parallel) , 0.0506966 secs]2023-01-17T04:44:41.880+0800: 114.946: [weak refs processing, 0.0000679 secs]2023-01-17T04:44:41.880+0800: 114.946: [class unloading, 0.0204391 secs]2023-01-17T04:44:41.900+0800: 114.966: [scrub symbol table, 0.0076548 secs]2023-01-17T04:44:41.908+0800: 114.974: [scrub string table, 0.0013155 secs][1 CMS-remark: 134143K(134144K)] 241288K(249344K), 0.0805212 secs] [Times: user=0.16 sys=0.00, real=0.08 secs] 
2023-01-17T04:44:41.910+0800: 114.976: [CMS-concurrent-sweep-start]
2023-01-17T04:44:41.931+0800: 114.998: [CMS-concurrent-sweep: 0.021/0.021 secs] [Times: user=0.04 sys=0.00, real=0.02 secs] 
2023-01-17T04:44:41.932+0800: 114.998: [CMS-concurrent-reset-start]
2023-01-17T04:44:41.932+0800: 114.998: [CMS-concurrent-reset: 0.000/0.000 secs] [Times: user=0.00 sys=0.00, real=0.00 secs] 
{Heap before GC invocations=210 (full 370):
 par new generation   total 115200K, used 115198K [0x00000000f0000000, 0x00000000f7d00000, 0x00000000f7d00000)
  eden space 102400K, 100% used [0x00000000f0000000, 0x00000000f6400000, 0x00000000f6400000)
  from space 12800K,  99% used [0x00000000f6400000, 0x00000000f707fbb8, 0x00000000f7080000)
  to   space 12800K,   0% used [0x00000000f7080000, 0x00000000f7080000, 0x00000000f7d00000)
 concurrent mark-sweep generation total 134144K, used 134143K [0x00000000f7d00000, 0x0000000100000000, 0x0000000100000000)
 Metaspace       used 51939K, capacity 54766K, committed 55296K, reserved 1097728K
  class space    used 6330K, capacity 6825K, committed 6912K, reserved 1048576K
2023-01-17T04:44:42.005+0800: 115.072: [GC (Allocation Failure) 2023-01-17T04:44:42.006+0800: 115.072: [ParNew: 115198K->115198K(115200K), 0.0000338 secs]2023-01-17T04:44:42.006+0800: 115.072: [CMS: 134143K->134144K(134144K), 0.2102257 secs] 249342K->140018K(249344K), [Metaspace: 51939K->51939K(1097728K)], 0.2107783 secs] [Times: user=0.21 sys=0.00, real=0.21 secs] 
Heap after GC invocations=211 (full 371):
 par new generation   total 115200K, used 5874K [0x00000000f0000000, 0x00000000f7d00000, 0x00000000f7d00000)
  eden space 102400K,   5% used [0x00000000f0000000, 0x00000000f05bcaf0, 0x00000000f6400000)
  from space 12800K,   0% used [0x00000000f6400000, 0x00000000f6400000, 0x00000000f7080000)
  to   space 12800K,   0% used [0x00000000f7080000, 0x00000000f7080000, 0x00000000f7d00000)
 concurrent mark-sweep generation total 134144K, used 134144K [0x00000000f7d00000, 0x0000000100000000, 0x0000000100000000)
 Metaspace       used 51939K, capacity 54766K, committed 55296K, reserved 1097728K
  class space    used 6330K, capacity 6825K, committed 6912K, reserved 1048576K
}
2023-01-17T04:44:42.222+0800: 115.288: [GC (CMS Initial Mark) [1 CMS-initial-mark: 134144K(134144K)] 140352K(249344K), 0.0079539 secs] [Times: user=0.03 sys=0.00, real=0.01 secs] 
2023-01-17T04:44:42.230+0800: 115.296: [CMS-concurrent-mark-start]
2023-01-17T04:44:42.315+0800: 115.381: [CMS-concurrent-mark: 0.085/0.085 secs] [Times: user=0.30 sys=0.04, real=0.08 secs] 
2023-01-17T04:44:42.315+0800: 115.382: [CMS-concurrent-preclean-start]
2023-01-17T04:44:42.362+0800: 115.429: [CMS-concurrent-preclean: 0.047/0.047 secs] [Times: user=0.17 sys=0.01, real=0.05 secs] 
2023-01-17T04:44:42.363+0800: 115.429: [CMS-concurrent-abortable-preclean-start]
2023-01-17T04:44:42.363+0800: 115.429: [CMS-concurrent-abortable-preclean: 0.000/0.000 secs] [Times: user=0.00 sys=0.01, real=0.00 secs] 
2023-01-17T04:44:42.377+0800: 115.444: [GC (CMS Final Remark) [YG occupancy: 77327 K (115200 K)]2023-01-17T04:44:42.377+0800: 115.444: [Rescan (parallel) , 0.0248368 secs]2023-01-17T04:44:42.402+0800: 115.469: [weak refs processing, 0.0000480 secs]2023-01-17T04:44:42.402+0800: 115.469: [class unloading, 0.0141342 secs]2023-01-17T04:44:42.416+0800: 115.483: [scrub symbol table, 0.0050314 secs]2023-01-17T04:44:42.421+0800: 115.488: [scrub string table, 0.0008778 secs][1 CMS-remark: 134144K(134144K)] 211471K(249344K), 0.0452192 secs] [Times: user=0.12 sys=0.00, real=0.05 secs] 
2023-01-17T04:44:42.423+0800: 115.489: [CMS-concurrent-sweep-start]
2023-01-17T04:44:42.441+0800: 115.508: [CMS-concurrent-sweep: 0.018/0.018 secs] [Times: user=0.06 sys=0.01, real=0.02 secs] 
2023-01-17T04:44:42.442+0800: 115.508: [CMS-concurrent-reset-start]
2023-01-17T04:44:42.442+0800: 115.508: [CMS-concurrent-reset: 0.000/0.000 secs] [Times: user=0.00 sys=0.01, real=0.00 secs] 
{Heap before GC invocations=211 (full 372):
 par new generation   total 115200K, used 115199K [0x00000000f0000000, 0x00000000f7d00000, 0x00000000f7d00000)
  eden space 102400K, 100% used [0x00000000f0000000, 0x00000000f6400000, 0x00000000f6400000)
  from space 12800K,  99% used [0x00000000f6400000, 0x00000000f707fff8, 0x00000000f7080000)
  to   space 12800K,   0% used [0x00000000f7080000, 0x00000000f7080000, 0x00000000f7d00000)
 concurrent mark-sweep generation total 134144K, used 134144K [0x00000000f7d00000, 0x0000000100000000, 0x0000000100000000)
 Metaspace       used 51939K, capacity 54766K, committed 55296K, reserved 1097728K
  class space    used 6330K, capacity 6825K, committed 6912K, reserved 1048576K
2023-01-17T04:44:42.535+0800: 115.602: [GC (Allocation Failure) 2023-01-17T04:44:42.536+0800: 115.602: [ParNew: 115199K->115199K(115200K), 0.0000329 secs]2023-01-17T04:44:42.536+0800: 115.602: [CMS: 134144K->134143K(134144K), 0.2079738 secs] 249343K->140037K(249344K), [Metaspace: 51939K->51939K(1097728K)], 0.2084228 secs] [Times: user=0.21 sys=0.00, real=0.21 secs] 
Heap after GC invocations=212 (full 373):
 par new generation   total 115200K, used 5893K [0x00000000f0000000, 0x00000000f7d00000, 0x00000000f7d00000)
  eden space 102400K,   5% used [0x00000000f0000000, 0x00000000f05c1718, 0x00000000f6400000)
  from space 12800K,   0% used [0x00000000f6400000, 0x00000000f6400000, 0x00000000f7080000)
  to   space 12800K,   0% used [0x00000000f7080000, 0x00000000f7080000, 0x00000000f7d00000)
 concurrent mark-sweep generation total 134144K, used 134143K [0x00000000f7d00000, 0x0000000100000000, 0x0000000100000000)
 Metaspace       used 51939K, capacity 54766K, committed 55296K, reserved 1097728K
  class space    used 6330K, capacity 6825K, committed 6912K, reserved 1048576K
}
2023-01-17T04:44:42.749+0800: 115.816: [GC (CMS Initial Mark) [1 CMS-initial-mark: 134143K(134144K)] 140236K(249344K), 0.0079371 secs] [Times: user=0.02 sys=0.00, real=0.01 secs] 
2023-01-17T04:44:42.759+0800: 115.825: [CMS-concurrent-mark-start]
2023-01-17T04:44:42.840+0800: 115.907: [CMS-concurrent-mark: 0.082/0.082 secs] [Times: user=0.22 sys=0.03, real=0.09 secs] 
2023-01-17T04:44:42.841+0800: 115.907: [CMS-concurrent-preclean-start]
2023-01-17T04:44:42.891+0800: 115.958: [CMS-concurrent-preclean: 0.051/0.051 secs] [Times: user=0.17 sys=0.03, real=0.05 secs] 
2023-01-17T04:44:42.892+0800: 115.958: [CMS-concurrent-abortable-preclean-start]
2023-01-17T04:44:42.892+0800: 115.958: [CMS-concurrent-abortable-preclean: 0.000/0.000 secs] [Times: user=0.00 sys=0.00, real=0.00 secs] 
2023-01-17T04:44:42.897+0800: 115.964: [GC (CMS Final Remark) [YG occupancy: 86525 K (115200 K)]2023-01-17T04:44:42.897+0800: 115.964: [Rescan (parallel) , 0.0248432 secs]2023-01-17T04:44:42.922+0800: 115.989: [weak refs processing, 0.0000418 secs]2023-01-17T04:44:42.922+0800: 115.989: [class unloading, 0.0137597 secs]2023-01-17T04:44:42.936+0800: 116.002: [scrub symbol table, 0.0051181 secs]2023-01-17T04:44:42.941+0800: 116.007: [scrub string table, 0.0008758 secs][1 CMS-remark: 134143K(134144K)] 220669K(249344K), 0.0449051 secs] [Times: user=0.12 sys=0.00, real=0.05 secs] 
2023-01-17T04:44:42.944+0800: 116.010: [CMS-concurrent-sweep-start]
2023-01-17T04:44:42.962+0800: 116.028: [CMS-concurrent-sweep: 0.018/0.018 secs] [Times: user=0.06 sys=0.01, real=0.02 secs] 
2023-01-17T04:44:42.962+0800: 116.029: [CMS-concurrent-reset-start]
2023-01-17T04:44:42.962+0800: 116.029: [CMS-concurrent-reset: 0.000/0.000 secs] [Times: user=0.00 sys=0.00, real=0.00 secs] 
{Heap before GC invocations=212 (full 374):
 par new generation   total 115200K, used 115196K [0x00000000f0000000, 0x00000000f7d00000, 0x00000000f7d00000)
  eden space 102400K, 100% used [0x00000000f0000000, 0x00000000f6400000, 0x00000000f6400000)
  from space 12800K,  99% used [0x00000000f6400000, 0x00000000f707f158, 0x00000000f7080000)
  to   space 12800K,   0% used [0x00000000f7080000, 0x00000000f7080000, 0x00000000f7d00000)
 concurrent mark-sweep generation total 134144K, used 134143K [0x00000000f7d00000, 0x0000000100000000, 0x0000000100000000)
 Metaspace       used 51939K, capacity 54766K, committed 55296K, reserved 1097728K
  class space    used 6330K, capacity 6825K, committed 6912K, reserved 1048576K
2023-01-17T04:44:43.044+0800: 116.111: [GC (Allocation Failure) 2023-01-17T04:44:43.045+0800: 116.111: [ParNew: 115196K->115196K(115200K), 0.0000291 secs]2023-01-17T04:44:43.045+0800: 116.111: [CMS: 134143K->134144K(134144K), 0.2008937 secs] 249340K->140016K(249344K), [Metaspace: 51939K->51939K(1097728K)], 0.2013194 secs] [Times: user=0.20 sys=0.00, real=0.20 secs] 
Heap after GC invocations=213 (full 375):
 par new generation   total 115200K, used 5872K [0x00000000f0000000, 0x00000000f7d00000, 0x00000000f7d00000)
  eden space 102400K,   5% used [0x00000000f0000000, 0x00000000f05bc1e8, 0x00000000f6400000)
  from space 12800K,   0% used [0x00000000f6400000, 0x00000000f6400000, 0x00000000f7080000)
  to   space 12800K,   0% used [0x00000000f7080000, 0x00000000f7080000, 0x00000000f7d00000)
 concurrent mark-sweep generation total 134144K, used 134144K [0x00000000f7d00000, 0x0000000100000000, 0x0000000100000000)
 Metaspace       used 51939K, capacity 54766K, committed 55296K, reserved 1097728K
  class space    used 6330K, capacity 6825K, committed 6912K, reserved 1048576K
}
2023-01-17T04:44:43.251+0800: 116.318: [GC (CMS Initial Mark) [1 CMS-initial-mark: 134144K(134144K)] 140406K(249344K), 0.0063550 secs] [Times: user=0.02 sys=0.00, real=0.00 secs] 
2023-01-17T04:44:43.258+0800: 116.324: [CMS-concurrent-mark-start]
2023-01-17T04:44:43.331+0800: 116.397: [CMS-concurrent-mark: 0.073/0.073 secs] [Times: user=0.23 sys=0.03, real=0.08 secs] 
2023-01-17T04:44:43.331+0800: 116.397: [CMS-concurrent-preclean-start]
2023-01-17T04:44:43.378+0800: 116.444: [CMS-concurrent-preclean: 0.047/0.047 secs] [Times: user=0.12 sys=0.02, real=0.04 secs] 
2023-01-17T04:44:43.378+0800: 116.445: [CMS-concurrent-abortable-preclean-start]
2023-01-17T04:44:43.378+0800: 116.445: [CMS-concurrent-abortable-preclean: 0.000/0.000 secs] [Times: user=0.00 sys=0.00, real=0.00 secs] 
2023-01-17T04:44:43.389+0800: 116.455: [GC (CMS Final Remark) [YG occupancy: 78655 K (115200 K)]2023-01-17T04:44:43.389+0800: 116.455: [Rescan (parallel) , 0.0396724 secs]2023-01-17T04:44:43.429+0800: 116.495: [weak refs processing, 0.0000641 secs]2023-01-17T04:44:43.429+0800: 116.495: [class unloading, 0.0200506 secs]2023-01-17T04:44:43.449+0800: 116.515: [scrub symbol table, 0.0084880 secs]2023-01-17T04:44:43.457+0800: 116.524: [scrub string table, 0.0012673 secs][1 CMS-remark: 134144K(134144K)] 212799K(249344K), 0.0698430 secs] [Times: user=0.16 sys=0.00, real=0.07 secs] 
2023-01-17T04:44:43.460+0800: 116.526: [CMS-concurrent-sweep-start]
2023-01-17T04:44:43.480+0800: 116.546: [CMS-concurrent-sweep: 0.020/0.020 secs] [Times: user=0.04 sys=0.01, real=0.02 secs] 
2023-01-17T04:44:43.481+0800: 116.547: [CMS-concurrent-reset-start]
2023-01-17T04:44:43.481+0800: 116.547: [CMS-concurrent-reset: 0.000/0.000 secs] [Times: user=0.00 sys=0.00, real=0.00 secs] 
{Heap before GC invocations=213 (full 376):
 par new generation   total 115200K, used 115199K [0x00000000f0000000, 0x00000000f7d00000, 0x00000000f7d00000)
  eden space 102400K, 100% used [0x00000000f0000000, 0x00000000f6400000, 0x00000000f6400000)
  from space 12800K,  99% used [0x00000000f6400000, 0x00000000f707fff8, 0x00000000f7080000)
  to   space 12800K,   0% used [0x00000000f7080000, 0x00000000f7080000, 0x00000000f7d00000)
 concurrent mark-sweep generation total 134144K, used 134144K [0x00000000f7d00000, 0x0000000100000000, 0x0000000100000000)
 Metaspace       used 51939K, capacity 54766K, committed 55296K, reserved 1097728K
  class space    used 6330K, capacity 6825K, committed 6912K, reserved 1048576K
2023-01-17T04:44:43.593+0800: 116.659: [GC (Allocation Failure) 2023-01-17T04:44:43.593+0800: 116.659: [ParNew: 115199K->115199K(115200K), 0.0000299 secs]2023-01-17T04:44:43.593+0800: 116.659: [CMS: 134144K->134144K(134144K), 0.2018806 secs] 249343K->140036K(249344K), [Metaspace: 51939K->51939K(1097728K)], 0.2023353 secs] [Times: user=0.20 sys=0.00, real=0.20 secs] 
Heap after GC invocations=214 (full 377):
 par new generation   total 115200K, used 5892K [0x00000000f0000000, 0x00000000f7d00000, 0x00000000f7d00000)
  eden space 102400K,   5% used [0x00000000f0000000, 0x00000000f05c1240, 0x00000000f6400000)
  from space 12800K,   0% used [0x00000000f6400000, 0x00000000f6400000, 0x00000000f7080000)
  to   space 12800K,   0% used [0x00000000f7080000, 0x00000000f7080000, 0x00000000f7d00000)
 concurrent mark-sweep generation total 134144K, used 134144K [0x00000000f7d00000, 0x0000000100000000, 0x0000000100000000)
 Metaspace       used 51939K, capacity 54766K, committed 55296K, reserved 1097728K
  class space    used 6330K, capacity 6825K, committed 6912K, reserved 1048576K
}
2023-01-17T04:44:43.800+0800: 116.867: [GC (CMS Initial Mark) [1 CMS-initial-mark: 134144K(134144K)] 140274K(249344K), 0.0059249 secs] [Times: user=0.02 sys=0.00, real=0.00 secs] 
2023-01-17T04:44:43.807+0800: 116.873: [CMS-concurrent-mark-start]
2023-01-17T04:44:43.877+0800: 116.943: [CMS-concurrent-mark: 0.070/0.070 secs] [Times: user=0.24 sys=0.03, real=0.07 secs] 
2023-01-17T04:44:43.877+0800: 116.943: [CMS-concurrent-preclean-start]
2023-01-17T04:44:43.923+0800: 116.989: [CMS-concurrent-preclean: 0.046/0.046 secs] [Times: user=0.16 sys=0.02, real=0.05 secs] 
2023-01-17T04:44:43.923+0800: 116.990: [CMS-concurrent-abortable-preclean-start]
2023-01-17T04:44:43.923+0800: 116.990: [CMS-concurrent-abortable-preclean: 0.000/0.000 secs] [Times: user=0.00 sys=0.00, real=0.00 secs] 
2023-01-17T04:44:43.938+0800: 117.005: [GC (CMS Final Remark) [YG occupancy: 88252 K (115200 K)]2023-01-17T04:44:43.939+0800: 117.005: [Rescan (parallel) , 0.0253640 secs]2023-01-17T04:44:43.964+0800: 117.030: [weak refs processing, 0.0000414 secs]2023-01-17T04:44:43.964+0800: 117.030: [class unloading, 0.0138152 secs]2023-01-17T04:44:43.978+0800: 117.044: [scrub symbol table, 0.0052353 secs]2023-01-17T04:44:43.983+0800: 117.049: [scrub string table, 0.0008933 secs][1 CMS-remark: 134144K(134144K)] 222396K(249344K), 0.0456090 secs] [Times: user=0.12 sys=0.00, real=0.05 secs] 
2023-01-17T04:44:43.984+0800: 117.051: [CMS-concurrent-sweep-start]
2023-01-17T04:44:44.004+0800: 117.070: [CMS-concurrent-sweep: 0.019/0.019 secs] [Times: user=0.06 sys=0.01, real=0.02 secs] 
2023-01-17T04:44:44.004+0800: 117.070: [CMS-concurrent-reset-start]
2023-01-17T04:44:44.004+0800: 117.070: [CMS-concurrent-reset: 0.000/0.000 secs] [Times: user=0.01 sys=0.00, real=0.00 secs] 
{Heap before GC invocations=214 (full 378):
 par new generation   total 115200K, used 115199K [0x00000000f0000000, 0x00000000f7d00000, 0x00000000f7d00000)
  eden space 102400K, 100% used [0x00000000f0000000, 0x00000000f6400000, 0x00000000f6400000)
  from space 12800K,  99% used [0x00000000f6400000, 0x00000000f707fff8, 0x00000000f7080000)
  to   space 12800K,   0% used [0x00000000f7080000, 0x00000000f7080000, 0x00000000f7d00000)
 concurrent mark-sweep generation total 134144K, used 134143K [0x00000000f7d00000, 0x0000000100000000, 0x0000000100000000)
 Metaspace       used 51942K, capacity 54766K, committed 55296K, reserved 1097728K
  class space    used 6330K, capacity 6825K, committed 6912K, reserved 1048576K
2023-01-17T04:44:44.086+0800: 117.152: [GC (Allocation Failure) 2023-01-17T04:44:44.086+0800: 117.152: [ParNew: 115199K->115199K(115200K), 0.0000336 secs]2023-01-17T04:44:44.086+0800: 117.152: [CMS: 134143K->134143K(134144K), 0.2376427 secs] 249343K->140084K(249344K), [Metaspace: 51942K->51942K(1097728K)], 0.2382073 secs] [Times: user=0.23 sys=0.00, real=0.24 secs] 
Heap after GC invocations=215 (full 379):
 par new generation   total 115200K, used 5940K [0x00000000f0000000, 0x00000000f7d00000, 0x00000000f7d00000)
  eden space 102400K,   5% used [0x00000000f0000000, 0x00000000f05cd0d8, 0x00000000f6400000)
  from space 12800K,   0% used [0x00000000f6400000, 0x00000000f6400000, 0x00000000f7080000)
  to   space 12800K,   0% used [0x00000000f7080000, 0x00000000f7080000, 0x00000000f7d00000)
 concurrent mark-sweep generation total 134144K, used 134143K [0x00000000f7d00000, 0x0000000100000000, 0x0000000100000000)
 Metaspace       used 51942K, capacity 54766K, committed 55296K, reserved 1097728K
  class space    used 6330K, capacity 6825K, committed 6912K, reserved 1048576K
}
2023-01-17T04:44:44.331+0800: 117.398: [GC (CMS Initial Mark) [1 CMS-initial-mark: 134143K(134144K)] 140353K(249344K), 0.0090632 secs] [Times: user=0.03 sys=0.00, real=0.01 secs] 
2023-01-17T04:44:44.344+0800: 117.410: [CMS-concurrent-mark-start]
2023-01-17T04:44:44.420+0800: 117.487: [CMS-concurrent-mark: 0.077/0.077 secs] [Times: user=0.17 sys=0.03, real=0.08 secs] 
2023-01-17T04:44:44.421+0800: 117.487: [CMS-concurrent-preclean-start]
2023-01-17T04:44:44.496+0800: 117.562: [CMS-concurrent-preclean: 0.075/0.075 secs] [Times: user=0.21 sys=0.04, real=0.07 secs] 
2023-01-17T04:44:44.496+0800: 117.562: [CMS-concurrent-abortable-preclean-start]
2023-01-17T04:44:44.496+0800: 117.562: [CMS-concurrent-abortable-preclean: 0.000/0.000 secs] [Times: user=0.00 sys=0.00, real=0.00 secs] 
2023-01-17T04:44:44.508+0800: 117.574: [GC (CMS Final Remark) [YG occupancy: 94479 K (115200 K)]2023-01-17T04:44:44.508+0800: 117.574: [Rescan (parallel) , 0.0273745 secs]2023-01-17T04:44:44.535+0800: 117.601: [weak refs processing, 0.0000417 secs]2023-01-17T04:44:44.535+0800: 117.602: [class unloading, 0.0137382 secs]2023-01-17T04:44:44.549+0800: 117.615: [scrub symbol table, 0.0052191 secs]2023-01-17T04:44:44.554+0800: 117.620: [scrub string table, 0.0008728 secs][1 CMS-remark: 134143K(134144K)] 228623K(249344K), 0.0474760 secs] [Times: user=0.12 sys=0.01, real=0.05 secs] 
2023-01-17T04:44:44.555+0800: 117.622: [CMS-concurrent-sweep-start]
2023-01-17T04:44:44.575+0800: 117.641: [CMS-concurrent-sweep: 0.019/0.019 secs] [Times: user=0.07 sys=0.00, real=0.02 secs] 
2023-01-17T04:44:44.577+0800: 117.643: [CMS-concurrent-reset-start]
2023-01-17T04:44:44.577+0800: 117.643: [CMS-concurrent-reset: 0.000/0.000 secs] [Times: user=0.00 sys=0.00, real=0.00 secs] 
{Heap before GC invocations=215 (full 380):
 par new generation   total 115200K, used 115200K [0x00000000f0000000, 0x00000000f7d00000, 0x00000000f7d00000)
  eden space 102400K, 100% used [0x00000000f0000000, 0x00000000f6400000, 0x00000000f6400000)
  from space 12800K, 100% used [0x00000000f6400000, 0x00000000f7080000, 0x00000000f7080000)
  to   space 12800K,   0% used [0x00000000f7080000, 0x00000000f7080000, 0x00000000f7d00000)
 concurrent mark-sweep generation total 134144K, used 134143K [0x00000000f7d00000, 0x0000000100000000, 0x0000000100000000)
 Metaspace       used 51942K, capacity 54766K, committed 55296K, reserved 1097728K
  class space    used 6330K, capacity 6825K, committed 6912K, reserved 1048576K
2023-01-17T04:44:44.643+0800: 117.709: [GC (Allocation Failure) 2023-01-17T04:44:44.643+0800: 117.710: [ParNew: 115200K->115200K(115200K), 0.0000278 secs]2023-01-17T04:44:44.643+0800: 117.710: [CMS: 134143K->134143K(134144K), 0.1950702 secs] 249343K->140072K(249344K), [Metaspace: 51942K->51942K(1097728K)], 0.1954853 secs] [Times: user=0.19 sys=0.00, real=0.19 secs] 
Heap after GC invocations=216 (full 381):
 par new generation   total 115200K, used 5928K [0x00000000f0000000, 0x00000000f7d00000, 0x00000000f7d00000)
  eden space 102400K,   5% used [0x00000000f0000000, 0x00000000f05ca2a8, 0x00000000f6400000)
  from space 12800K,   0% used [0x00000000f6400000, 0x00000000f6400000, 0x00000000f7080000)
  to   space 12800K,   0% used [0x00000000f7080000, 0x00000000f7080000, 0x00000000f7d00000)
 concurrent mark-sweep generation total 134144K, used 134143K [0x00000000f7d00000, 0x0000000100000000, 0x0000000100000000)
 Metaspace       used 51942K, capacity 54766K, committed 55296K, reserved 1097728K
  class space    used 6330K, capacity 6825K, committed 6912K, reserved 1048576K
}
2023-01-17T04:44:44.844+0800: 117.910: [GC (CMS Initial Mark) [1 CMS-initial-mark: 134143K(134144K)] 140404K(249344K), 0.0063048 secs] [Times: user=0.02 sys=0.00, real=0.01 secs] 
2023-01-17T04:44:44.851+0800: 117.917: [CMS-concurrent-mark-start]
2023-01-17T04:44:44.923+0800: 117.990: [CMS-concurrent-mark: 0.073/0.073 secs] [Times: user=0.21 sys=0.03, real=0.07 secs] 
2023-01-17T04:44:44.924+0800: 117.990: [CMS-concurrent-preclean-start]
2023-01-17T04:44:44.971+0800: 118.037: [CMS-concurrent-preclean: 0.047/0.047 secs] [Times: user=0.12 sys=0.02, real=0.05 secs] 
2023-01-17T04:44:44.971+0800: 118.037: [CMS-concurrent-abortable-preclean-start]
2023-01-17T04:44:44.971+0800: 118.037: [CMS-concurrent-abortable-preclean: 0.000/0.000 secs] [Times: user=0.00 sys=0.00, real=0.00 secs] 
2023-01-17T04:44:44.994+0800: 118.061: [GC (CMS Final Remark) [YG occupancy: 82918 K (115200 K)]2023-01-17T04:44:44.994+0800: 118.061: [Rescan (parallel) , 0.0339451 secs]2023-01-17T04:44:45.028+0800: 118.095: [weak refs processing, 0.0000637 secs]2023-01-17T04:44:45.028+0800: 118.095: [class unloading, 0.0198132 secs]2023-01-17T04:44:45.048+0800: 118.115: [scrub symbol table, 0.0084752 secs]2023-01-17T04:44:45.057+0800: 118.123: [scrub string table, 0.0012674 secs][1 CMS-remark: 134143K(134144K)] 217062K(249344K), 0.0638612 secs] [Times: user=0.12 sys=0.00, real=0.06 secs] 
2023-01-17T04:44:45.059+0800: 118.126: [CMS-concurrent-sweep-start]
2023-01-17T04:44:45.083+0800: 118.149: [CMS-concurrent-sweep: 0.024/0.024 secs] [Times: user=0.06 sys=0.01, real=0.03 secs] 
2023-01-17T04:44:45.083+0800: 118.150: [CMS-concurrent-reset-start]
2023-01-17T04:44:45.084+0800: 118.150: [CMS-concurrent-reset: 0.000/0.000 secs] [Times: user=0.00 sys=0.00, real=0.00 secs] 
{Heap before GC invocations=216 (full 382):
 par new generation   total 115200K, used 115199K [0x00000000f0000000, 0x00000000f7d00000, 0x00000000f7d00000)
  eden space 102400K, 100% used [0x00000000f0000000, 0x00000000f6400000, 0x00000000f6400000)
  from space 12800K,  99% used [0x00000000f6400000, 0x00000000f707fff0, 0x00000000f7080000)
  to   space 12800K,   0% used [0x00000000f7080000, 0x00000000f7080000, 0x00000000f7d00000)
 concurrent mark-sweep generation total 134144K, used 134143K [0x00000000f7d00000, 0x0000000100000000, 0x0000000100000000)
 Metaspace       used 51942K, capacity 54766K, committed 55296K, reserved 1097728K
  class space    used 6330K, capacity 6825K, committed 6912K, reserved 1048576K
2023-01-17T04:44:45.172+0800: 118.238: [GC (Allocation Failure) 2023-01-17T04:44:45.172+0800: 118.238: [ParNew: 115199K->115199K(115200K), 0.0000281 secs]2023-01-17T04:44:45.172+0800: 118.238: [CMS: 134143K->134143K(134144K), 0.2099451 secs] 249343K->140059K(249344K), [Metaspace: 51942K->51942K(1097728K)], 0.2103811 secs] [Times: user=0.21 sys=0.00, real=0.21 secs] 
Heap after GC invocations=217 (full 383):
 par new generation   total 115200K, used 5915K [0x00000000f0000000, 0x00000000f7d00000, 0x00000000f7d00000)
  eden space 102400K,   5% used [0x00000000f0000000, 0x00000000f05c6e28, 0x00000000f6400000)
  from space 12800K,   0% used [0x00000000f6400000, 0x00000000f6400000, 0x00000000f7080000)
  to   space 12800K,   0% used [0x00000000f7080000, 0x00000000f7080000, 0x00000000f7d00000)
 concurrent mark-sweep generation total 134144K, used 134143K [0x00000000f7d00000, 0x0000000100000000, 0x0000000100000000)
 Metaspace       used 51942K, capacity 54766K, committed 55296K, reserved 1097728K
  class space    used 6330K, capacity 6825K, committed 6912K, reserved 1048576K
}
2023-01-17T04:44:45.389+0800: 118.455: [GC (CMS Initial Mark) [1 CMS-initial-mark: 134143K(134144K)] 141387K(249344K), 0.0065097 secs] [Times: user=0.02 sys=0.00, real=0.01 secs] 
2023-01-17T04:44:45.396+0800: 118.462: [CMS-concurrent-mark-start]
2023-01-17T04:44:45.465+0800: 118.531: [CMS-concurrent-mark: 0.069/0.069 secs] [Times: user=0.24 sys=0.03, real=0.07 secs] 
2023-01-17T04:44:45.465+0800: 118.532: [CMS-concurrent-preclean-start]
2023-01-17T04:44:45.511+0800: 118.577: [CMS-concurrent-preclean: 0.046/0.046 secs] [Times: user=0.13 sys=0.03, real=0.05 secs] 
2023-01-17T04:44:45.511+0800: 118.577: [CMS-concurrent-abortable-preclean-start]
2023-01-17T04:44:45.511+0800: 118.577: [CMS-concurrent-abortable-preclean: 0.000/0.000 secs] [Times: user=0.00 sys=0.00, real=0.00 secs] 
2023-01-17T04:44:45.518+0800: 118.585: [GC (CMS Final Remark) [YG occupancy: 81301 K (115200 K)]2023-01-17T04:44:45.518+0800: 118.585: [Rescan (parallel) , 0.0318538 secs]2023-01-17T04:44:45.550+0800: 118.617: [weak refs processing, 0.0000620 secs]2023-01-17T04:44:45.550+0800: 118.617: [class unloading, 0.0198185 secs]2023-01-17T04:44:45.570+0800: 118.637: [scrub symbol table, 0.0086296 secs]2023-01-17T04:44:45.579+0800: 118.645: [scrub string table, 0.0012422 secs][1 CMS-remark: 134143K(134144K)] 215445K(249344K), 0.0618866 secs] [Times: user=0.13 sys=0.00, real=0.07 secs] 
2023-01-17T04:44:45.581+0800: 118.648: [CMS-concurrent-sweep-start]
2023-01-17T04:44:45.606+0800: 118.672: [CMS-concurrent-sweep: 0.024/0.024 secs] [Times: user=0.06 sys=0.01, real=0.02 secs] 
2023-01-17T04:44:45.606+0800: 118.672: [CMS-concurrent-reset-start]
2023-01-17T04:44:45.606+0800: 118.672: [CMS-concurrent-reset: 0.000/0.000 secs] [Times: user=0.01 sys=0.00, real=0.00 secs] 
{Heap before GC invocations=217 (full 384):
 par new generation   total 115200K, used 115199K [0x00000000f0000000, 0x00000000f7d00000, 0x00000000f7d00000)
  eden space 102400K, 100% used [0x00000000f0000000, 0x00000000f6400000, 0x00000000f6400000)
  from space 12800K,  99% used [0x00000000f6400000, 0x00000000f707fcd0, 0x00000000f7080000)
  to   space 12800K,   0% used [0x00000000f7080000, 0x00000000f7080000, 0x00000000f7d00000)
 concurrent mark-sweep generation total 134144K, used 134143K [0x00000000f7d00000, 0x0000000100000000, 0x0000000100000000)
 Metaspace       used 51942K, capacity 54766K, committed 55296K, reserved 1097728K
  class space    used 6330K, capacity 6825K, committed 6912K, reserved 1048576K
2023-01-17T04:44:45.723+0800: 118.790: [GC (Allocation Failure) 2023-01-17T04:44:45.724+0800: 118.790: [ParNew: 115199K->115199K(115200K), 0.0000313 secs]2023-01-17T04:44:45.724+0800: 118.790: [CMS: 134143K->134143K(134144K), 0.2021599 secs] 249343K->140035K(249344K), [Metaspace: 51942K->51942K(1097728K)], 0.2026205 secs] [Times: user=0.20 sys=0.00, real=0.20 secs] 
Heap after GC invocations=218 (full 385):
 par new generation   total 115200K, used 5891K [0x00000000f0000000, 0x00000000f7d00000, 0x00000000f7d00000)
  eden space 102400K,   5% used [0x00000000f0000000, 0x00000000f05c0df0, 0x00000000f6400000)
  from space 12800K,   0% used [0x00000000f6400000, 0x00000000f6400000, 0x00000000f7080000)
  to   space 12800K,   0% used [0x00000000f7080000, 0x00000000f7080000, 0x00000000f7d00000)
 concurrent mark-sweep generation total 134144K, used 134143K [0x00000000f7d00000, 0x0000000100000000, 0x0000000100000000)
 Metaspace       used 51942K, capacity 54766K, committed 55296K, reserved 1097728K
  class space    used 6330K, capacity 6825K, committed 6912K, reserved 1048576K
}
2023-01-17T04:44:45.932+0800: 118.998: [GC (CMS Initial Mark) [1 CMS-initial-mark: 134143K(134144K)] 140793K(249344K), 0.0060709 secs] [Times: user=0.02 sys=0.00, real=0.00 secs] 
2023-01-17T04:44:45.938+0800: 119.005: [CMS-concurrent-mark-start]
2023-01-17T04:44:46.014+0800: 119.080: [CMS-concurrent-mark: 0.075/0.075 secs] [Times: user=0.26 sys=0.04, real=0.08 secs] 
2023-01-17T04:44:46.014+0800: 119.080: [CMS-concurrent-preclean-start]
2023-01-17T04:44:46.067+0800: 119.133: [CMS-concurrent-preclean: 0.053/0.053 secs] [Times: user=0.18 sys=0.02, real=0.05 secs] 
2023-01-17T04:44:46.067+0800: 119.134: [CMS-concurrent-abortable-preclean-start]
2023-01-17T04:44:46.067+0800: 119.134: [CMS-concurrent-abortable-preclean: 0.000/0.000 secs] [Times: user=0.00 sys=0.00, real=0.00 secs] 
2023-01-17T04:44:46.074+0800: 119.140: [GC (CMS Final Remark) [YG occupancy: 98228 K (115200 K)]2023-01-17T04:44:46.074+0800: 119.140: [Rescan (parallel) , 0.0275869 secs]2023-01-17T04:44:46.102+0800: 119.168: [weak refs processing, 0.0000444 secs]2023-01-17T04:44:46.102+0800: 119.168: [class unloading, 0.0139486 secs]2023-01-17T04:44:46.116+0800: 119.182: [scrub symbol table, 0.0051159 secs]2023-01-17T04:44:46.121+0800: 119.187: [scrub string table, 0.0008909 secs][1 CMS-remark: 134143K(134144K)] 232372K(249344K), 0.0478350 secs] [Times: user=0.13 sys=0.00, real=0.05 secs] 
2023-01-17T04:44:46.122+0800: 119.188: [CMS-concurrent-sweep-start]
2023-01-17T04:44:46.140+0800: 119.206: [CMS-concurrent-sweep: 0.018/0.018 secs] [Times: user=0.06 sys=0.00, real=0.02 secs] 
2023-01-17T04:44:46.140+0800: 119.206: [CMS-concurrent-reset-start]
2023-01-17T04:44:46.140+0800: 119.206: [CMS-concurrent-reset: 0.000/0.000 secs] [Times: user=0.00 sys=0.00, real=0.00 secs] 
{Heap before GC invocations=218 (full 386):
 par new generation   total 115200K, used 115198K [0x00000000f0000000, 0x00000000f7d00000, 0x00000000f7d00000)
  eden space 102400K, 100% used [0x00000000f0000000, 0x00000000f6400000, 0x00000000f6400000)
  from space 12800K,  99% used [0x00000000f6400000, 0x00000000f707fa38, 0x00000000f7080000)
  to   space 12800K,   0% used [0x00000000f7080000, 0x00000000f7080000, 0x00000000f7d00000)
 concurrent mark-sweep generation total 134144K, used 134143K [0x00000000f7d00000, 0x0000000100000000, 0x0000000100000000)
 Metaspace       used 51942K, capacity 54766K, committed 55296K, reserved 1097728K
  class space    used 6330K, capacity 6825K, committed 6912K, reserved 1048576K
2023-01-17T04:44:46.205+0800: 119.271: [GC (Allocation Failure) 2023-01-17T04:44:46.205+0800: 119.272: [ParNew: 115198K->115198K(115200K), 0.0000289 secs]2023-01-17T04:44:46.205+0800: 119.272: [CMS: 134143K->134143K(134144K), 0.2047891 secs] 249342K->139990K(249344K), [Metaspace: 51942K->51942K(1097728K)], 0.2053024 secs] [Times: user=0.21 sys=0.00, real=0.21 secs] 
Heap after GC invocations=219 (full 387):
 par new generation   total 115200K, used 5847K [0x00000000f0000000, 0x00000000f7d00000, 0x00000000f7d00000)
  eden space 102400K,   5% used [0x00000000f0000000, 0x00000000f05b5c08, 0x00000000f6400000)
  from space 12800K,   0% used [0x00000000f6400000, 0x00000000f6400000, 0x00000000f7080000)
  to   space 12800K,   0% used [0x00000000f7080000, 0x00000000f7080000, 0x00000000f7d00000)
 concurrent mark-sweep generation total 134144K, used 134143K [0x00000000f7d00000, 0x0000000100000000, 0x0000000100000000)
 Metaspace       used 51942K, capacity 54766K, committed 55296K, reserved 1097728K
  class space    used 6330K, capacity 6825K, committed 6912K, reserved 1048576K
}
2023-01-17T04:44:46.425+0800: 119.491: [GC (CMS Initial Mark) [1 CMS-initial-mark: 134143K(134144K)] 144541K(249344K), 0.0088254 secs] [Times: user=0.03 sys=0.00, real=0.01 secs] 
2023-01-17T04:44:46.434+0800: 119.500: [CMS-concurrent-mark-start]
2023-01-17T04:44:46.505+0800: 119.572: [CMS-concurrent-mark: 0.072/0.072 secs] [Times: user=0.19 sys=0.03, real=0.07 secs] 
2023-01-17T04:44:46.506+0800: 119.572: [CMS-concurrent-preclean-start]
2023-01-17T04:44:46.556+0800: 119.622: [CMS-concurrent-preclean: 0.050/0.050 secs] [Times: user=0.13 sys=0.03, real=0.05 secs] 
2023-01-17T04:44:46.556+0800: 119.622: [CMS-concurrent-abortable-preclean-start]
2023-01-17T04:44:46.556+0800: 119.622: [CMS-concurrent-abortable-preclean: 0.000/0.000 secs] [Times: user=0.00 sys=0.00, real=0.00 secs] 
2023-01-17T04:44:46.562+0800: 119.628: [GC (CMS Final Remark) [YG occupancy: 74376 K (115200 K)]2023-01-17T04:44:46.562+0800: 119.628: [Rescan (parallel) , 0.0229367 secs]2023-01-17T04:44:46.585+0800: 119.651: [weak refs processing, 0.0000436 secs]2023-01-17T04:44:46.585+0800: 119.651: [class unloading, 0.0136949 secs]2023-01-17T04:44:46.599+0800: 119.665: [scrub symbol table, 0.0051102 secs]2023-01-17T04:44:46.604+0800: 119.670: [scrub string table, 0.0008542 secs][1 CMS-remark: 134143K(134144K)] 208520K(249344K), 0.0429060 secs] [Times: user=0.10 sys=0.00, real=0.04 secs] 
2023-01-17T04:44:46.605+0800: 119.671: [CMS-concurrent-sweep-start]
2023-01-17T04:44:46.624+0800: 119.690: [CMS-concurrent-sweep: 0.019/0.019 secs] [Times: user=0.05 sys=0.00, real=0.02 secs] 
2023-01-17T04:44:46.626+0800: 119.692: [CMS-concurrent-reset-start]
2023-01-17T04:44:46.626+0800: 119.692: [CMS-concurrent-reset: 0.000/0.000 secs] [Times: user=0.00 sys=0.00, real=0.00 secs] 
{Heap before GC invocations=219 (full 388):
 par new generation   total 115200K, used 115199K [0x00000000f0000000, 0x00000000f7d00000, 0x00000000f7d00000)
  eden space 102400K, 100% used [0x00000000f0000000, 0x00000000f6400000, 0x00000000f6400000)
  from space 12800K,  99% used [0x00000000f6400000, 0x00000000f707fff8, 0x00000000f7080000)
  to   space 12800K,   0% used [0x00000000f7080000, 0x00000000f7080000, 0x00000000f7d00000)
 concurrent mark-sweep generation total 134144K, used 134143K [0x00000000f7d00000, 0x0000000100000000, 0x0000000100000000)
 Metaspace       used 51942K, capacity 54766K, committed 55296K, reserved 1097728K
  class space    used 6330K, capacity 6825K, committed 6912K, reserved 1048576K
2023-01-17T04:44:46.731+0800: 119.798: [GC (Allocation Failure) 2023-01-17T04:44:46.732+0800: 119.798: [ParNew: 115199K->115199K(115200K), 0.0000298 secs]2023-01-17T04:44:46.732+0800: 119.798: [CMS: 134143K->134143K(134144K), 0.2122110 secs] 249343K->140048K(249344K), [Metaspace: 51942K->51942K(1097728K)], 0.2126630 secs] [Times: user=0.22 sys=0.00, real=0.21 secs] 
Heap after GC invocations=220 (full 389):
 par new generation   total 115200K, used 5904K [0x00000000f0000000, 0x00000000f7d00000, 0x00000000f7d00000)
  eden space 102400K,   5% used [0x00000000f0000000, 0x00000000f05c40e0, 0x00000000f6400000)
  from space 12800K,   0% used [0x00000000f6400000, 0x00000000f6400000, 0x00000000f7080000)
  to   space 12800K,   0% used [0x00000000f7080000, 0x00000000f7080000, 0x00000000f7d00000)
 concurrent mark-sweep generation total 134144K, used 134143K [0x00000000f7d00000, 0x0000000100000000, 0x0000000100000000)
 Metaspace       used 51942K, capacity 54766K, committed 55296K, reserved 1097728K
  class space    used 6330K, capacity 6825K, committed 6912K, reserved 1048576K
}
2023-01-17T04:44:46.950+0800: 120.016: [GC (CMS Initial Mark) [1 CMS-initial-mark: 134143K(134144K)] 140595K(249344K), 0.0064971 secs] [Times: user=0.02 sys=0.00, real=0.00 secs] 
2023-01-17T04:44:46.957+0800: 120.023: [CMS-concurrent-mark-start]
2023-01-17T04:44:47.067+0800: 120.134: [CMS-concurrent-mark: 0.111/0.111 secs] [Times: user=0.36 sys=0.05, real=0.11 secs] 
2023-01-17T04:44:47.068+0800: 120.134: [CMS-concurrent-preclean-start]
2023-01-17T04:44:47.117+0800: 120.183: [CMS-concurrent-preclean: 0.049/0.049 secs] [Times: user=0.17 sys=0.01, real=0.05 secs] 
2023-01-17T04:44:47.117+0800: 120.183: [CMS-concurrent-abortable-preclean-start]
2023-01-17T04:44:47.117+0800: 120.183: [CMS-concurrent-abortable-preclean: 0.000/0.000 secs] [Times: user=0.00 sys=0.00, real=0.00 secs] 
2023-01-17T04:44:47.121+0800: 120.188: [GC (CMS Final Remark) [YG occupancy: 106608 K (115200 K)]2023-01-17T04:44:47.121+0800: 120.188: [Rescan (parallel) , 0.0295926 secs]2023-01-17T04:44:47.151+0800: 120.217: [weak refs processing, 0.0000457 secs]2023-01-17T04:44:47.151+0800: 120.217: [class unloading, 0.0141705 secs]2023-01-17T04:44:47.165+0800: 120.232: [scrub symbol table, 0.0050400 secs]2023-01-17T04:44:47.170+0800: 120.237: [scrub string table, 0.0008791 secs][1 CMS-remark: 134143K(134144K)] 240752K(249344K), 0.0499955 secs] [Times: user=0.14 sys=0.00, real=0.05 secs] 
2023-01-17T04:44:47.172+0800: 120.238: [CMS-concurrent-sweep-start]
2023-01-17T04:44:47.190+0800: 120.256: [CMS-concurrent-sweep: 0.018/0.018 secs] [Times: user=0.06 sys=0.01, real=0.02 secs] 
2023-01-17T04:44:47.190+0800: 120.257: [CMS-concurrent-reset-start]
2023-01-17T04:44:47.190+0800: 120.257: [CMS-concurrent-reset: 0.000/0.000 secs] [Times: user=0.00 sys=0.00, real=0.00 secs] 
{Heap before GC invocations=220 (full 390):
 par new generation   total 115200K, used 115199K [0x00000000f0000000, 0x00000000f7d00000, 0x00000000f7d00000)
  eden space 102400K, 100% used [0x00000000f0000000, 0x00000000f6400000, 0x00000000f6400000)
  from space 12800K,  99% used [0x00000000f6400000, 0x00000000f707ffe8, 0x00000000f7080000)
  to   space 12800K,   0% used [0x00000000f7080000, 0x00000000f7080000, 0x00000000f7d00000)
 concurrent mark-sweep generation total 134144K, used 134143K [0x00000000f7d00000, 0x0000000100000000, 0x0000000100000000)
 Metaspace       used 51942K, capacity 54766K, committed 55296K, reserved 1097728K
  class space    used 6330K, capacity 6825K, committed 6912K, reserved 1048576K
2023-01-17T04:44:47.229+0800: 120.295: [GC (Allocation Failure) 2023-01-17T04:44:47.229+0800: 120.296: [ParNew: 115199K->115199K(115200K), 0.0000303 secs]2023-01-17T04:44:47.229+0800: 120.296: [CMS: 134143K->134143K(134144K), 0.2171341 secs] 249343K->140050K(249344K), [Metaspace: 51942K->51942K(1097728K)], 0.2176100 secs] [Times: user=0.22 sys=0.00, real=0.22 secs] 
Heap after GC invocations=221 (full 391):
 par new generation   total 115200K, used 5906K [0x00000000f0000000, 0x00000000f7d00000, 0x00000000f7d00000)
  eden space 102400K,   5% used [0x00000000f0000000, 0x00000000f05c4b58, 0x00000000f6400000)
  from space 12800K,   0% used [0x00000000f6400000, 0x00000000f6400000, 0x00000000f7080000)
  to   space 12800K,   0% used [0x00000000f7080000, 0x00000000f7080000, 0x00000000f7d00000)
 concurrent mark-sweep generation total 134144K, used 134143K [0x00000000f7d00000, 0x0000000100000000, 0x0000000100000000)
 Metaspace       used 51942K, capacity 54766K, committed 55296K, reserved 1097728K
  class space    used 6330K, capacity 6825K, committed 6912K, reserved 1048576K
}
2023-01-17T04:44:47.453+0800: 120.519: [GC (CMS Initial Mark) [1 CMS-initial-mark: 134143K(134144K)] 140502K(249344K), 0.0065113 secs] [Times: user=0.02 sys=0.00, real=0.01 secs] 
2023-01-17T04:44:47.460+0800: 120.526: [CMS-concurrent-mark-start]
2023-01-17T04:44:47.568+0800: 120.635: [CMS-concurrent-mark: 0.109/0.109 secs] [Times: user=0.34 sys=0.07, real=0.10 secs] 
2023-01-17T04:44:47.569+0800: 120.635: [CMS-concurrent-preclean-start]
2023-01-17T04:44:47.615+0800: 120.682: [CMS-concurrent-preclean: 0.046/0.046 secs] [Times: user=0.16 sys=0.02, real=0.05 secs] 
2023-01-17T04:44:47.615+0800: 120.682: [CMS-concurrent-abortable-preclean-start]
2023-01-17T04:44:47.615+0800: 120.682: [CMS-concurrent-abortable-preclean: 0.000/0.000 secs] [Times: user=0.00 sys=0.00, real=0.00 secs] 
2023-01-17T04:44:47.620+0800: 120.686: [GC (CMS Final Remark) [YG occupancy: 106759 K (115200 K)]2023-01-17T04:44:47.620+0800: 120.687: [Rescan (parallel) , 0.0302486 secs]2023-01-17T04:44:47.650+0800: 120.717: [weak refs processing, 0.0000521 secs]2023-01-17T04:44:47.651+0800: 120.717: [class unloading, 0.0140358 secs]2023-01-17T04:44:47.665+0800: 120.731: [scrub symbol table, 0.0052737 secs]2023-01-17T04:44:47.670+0800: 120.736: [scrub string table, 0.0008937 secs][1 CMS-remark: 134143K(134144K)] 240903K(249344K), 0.0507671 secs] [Times: user=0.14 sys=0.00, real=0.05 secs] 
2023-01-17T04:44:47.674+0800: 120.740: [CMS-concurrent-sweep-start]
2023-01-17T04:44:47.691+0800: 120.758: [CMS-concurrent-sweep: 0.017/0.017 secs] [Times: user=0.06 sys=0.00, real=0.02 secs] 
2023-01-17T04:44:47.692+0800: 120.758: [CMS-concurrent-reset-start]
2023-01-17T04:44:47.692+0800: 120.758: [CMS-concurrent-reset: 0.000/0.000 secs] [Times: user=0.00 sys=0.00, real=0.00 secs] 
{Heap before GC invocations=221 (full 392):
 par new generation   total 115200K, used 115200K [0x00000000f0000000, 0x00000000f7d00000, 0x00000000f7d00000)
  eden space 102400K, 100% used [0x00000000f0000000, 0x00000000f6400000, 0x00000000f6400000)
  from space 12800K, 100% used [0x00000000f6400000, 0x00000000f7080000, 0x00000000f7080000)
  to   space 12800K,   0% used [0x00000000f7080000, 0x00000000f7080000, 0x00000000f7d00000)
 concurrent mark-sweep generation total 134144K, used 134143K [0x00000000f7d00000, 0x0000000100000000, 0x0000000100000000)
 Metaspace       used 51942K, capacity 54766K, committed 55296K, reserved 1097728K
  class space    used 6330K, capacity 6825K, committed 6912K, reserved 1048576K
2023-01-17T04:44:47.725+0800: 120.791: [GC (Allocation Failure) 2023-01-17T04:44:47.725+0800: 120.791: [ParNew: 115200K->115200K(115200K), 0.0000269 secs]2023-01-17T04:44:47.725+0800: 120.792: [CMS: 134143K->134143K(134144K), 0.2219065 secs] 249343K->140027K(249344K), [Metaspace: 51942K->51942K(1097728K)], 0.2224298 secs] [Times: user=0.22 sys=0.00, real=0.22 secs] 
Heap after GC invocations=222 (full 393):
 par new generation   total 115200K, used 5883K [0x00000000f0000000, 0x00000000f7d00000, 0x00000000f7d00000)
  eden space 102400K,   5% used [0x00000000f0000000, 0x00000000f05bedc8, 0x00000000f6400000)
  from space 12800K,   0% used [0x00000000f6400000, 0x00000000f6400000, 0x00000000f7080000)
  to   space 12800K,   0% used [0x00000000f7080000, 0x00000000f7080000, 0x00000000f7d00000)
 concurrent mark-sweep generation total 134144K, used 134143K [0x00000000f7d00000, 0x0000000100000000, 0x0000000100000000)
 Metaspace       used 51942K, capacity 54766K, committed 55296K, reserved 1097728K
  class space    used 6330K, capacity 6825K, committed 6912K, reserved 1048576K
}
2023-01-17T04:44:47.962+0800: 121.028: [GC (CMS Initial Mark) [1 CMS-initial-mark: 134143K(134144K)] 141897K(249344K), 0.0134492 secs] [Times: user=0.02 sys=0.00, real=0.01 secs] 
2023-01-17T04:44:47.976+0800: 121.042: [CMS-concurrent-mark-start]
2023-01-17T04:44:48.080+0800: 121.146: [CMS-concurrent-mark: 0.104/0.104 secs] [Times: user=0.23 sys=0.03, real=0.11 secs] 
2023-01-17T04:44:48.080+0800: 121.147: [CMS-concurrent-preclean-start]
2023-01-17T04:44:48.189+0800: 121.255: [CMS-concurrent-preclean: 0.109/0.109 secs] [Times: user=0.23 sys=0.04, real=0.10 secs] 
2023-01-17T04:44:48.189+0800: 121.255: [CMS-concurrent-abortable-preclean-start]
2023-01-17T04:44:48.189+0800: 121.255: [CMS-concurrent-abortable-preclean: 0.000/0.000 secs] [Times: user=0.00 sys=0.00, real=0.00 secs] 
2023-01-17T04:44:48.199+0800: 121.265: [GC (CMS Final Remark) [YG occupancy: 103686 K (115200 K)]2023-01-17T04:44:48.199+0800: 121.265: [Rescan (parallel) , 0.0393578 secs]2023-01-17T04:44:48.238+0800: 121.305: [weak refs processing, 0.0000603 secs]2023-01-17T04:44:48.238+0800: 121.305: [class unloading, 0.0204269 secs]2023-01-17T04:44:48.259+0800: 121.325: [scrub symbol table, 0.0085208 secs]2023-01-17T04:44:48.267+0800: 121.334: [scrub string table, 0.0008773 secs][1 CMS-remark: 134143K(134144K)] 237830K(249344K), 0.0695221 secs] [Times: user=0.15 sys=0.00, real=0.07 secs] 
2023-01-17T04:44:48.269+0800: 121.335: [CMS-concurrent-sweep-start]
2023-01-17T04:44:48.285+0800: 121.351: [CMS-concurrent-sweep: 0.016/0.016 secs] [Times: user=0.05 sys=0.01, real=0.02 secs] 
2023-01-17T04:44:48.285+0800: 121.351: [CMS-concurrent-reset-start]
2023-01-17T04:44:48.285+0800: 121.351: [CMS-concurrent-reset: 0.000/0.000 secs] [Times: user=0.00 sys=0.00, real=0.00 secs] 
{Heap before GC invocations=222 (full 394):
 par new generation   total 115200K, used 115199K [0x00000000f0000000, 0x00000000f7d00000, 0x00000000f7d00000)
  eden space 102400K, 100% used [0x00000000f0000000, 0x00000000f6400000, 0x00000000f6400000)
  from space 12800K,  99% used [0x00000000f6400000, 0x00000000f707fff8, 0x00000000f7080000)
  to   space 12800K,   0% used [0x00000000f7080000, 0x00000000f7080000, 0x00000000f7d00000)
 concurrent mark-sweep generation total 134144K, used 134143K [0x00000000f7d00000, 0x0000000100000000, 0x0000000100000000)
 Metaspace       used 51942K, capacity 54766K, committed 55296K, reserved 1097728K
  class space    used 6330K, capacity 6825K, committed 6912K, reserved 1048576K
2023-01-17T04:44:48.338+0800: 121.404: [GC (Allocation Failure) 2023-01-17T04:44:48.338+0800: 121.405: [ParNew: 115199K->115199K(115200K), 0.0000265 secs]2023-01-17T04:44:48.338+0800: 121.405: [CMS: 134143K->134143K(134144K), 0.2122786 secs] 249343K->140065K(249344K), [Metaspace: 51942K->51942K(1097728K)], 0.2127227 secs] [Times: user=0.21 sys=0.00, real=0.22 secs] 
Heap after GC invocations=223 (full 395):
 par new generation   total 115200K, used 5921K [0x00000000f0000000, 0x00000000f7d00000, 0x00000000f7d00000)
  eden space 102400K,   5% used [0x00000000f0000000, 0x00000000f05c8428, 0x00000000f6400000)
  from space 12800K,   0% used [0x00000000f6400000, 0x00000000f6400000, 0x00000000f7080000)
  to   space 12800K,   0% used [0x00000000f7080000, 0x00000000f7080000, 0x00000000f7d00000)
 concurrent mark-sweep generation total 134144K, used 134143K [0x00000000f7d00000, 0x0000000100000000, 0x0000000100000000)
 Metaspace       used 51942K, capacity 54766K, committed 55296K, reserved 1097728K
  class space    used 6330K, capacity 6825K, committed 6912K, reserved 1048576K
}
2023-01-17T04:44:48.558+0800: 121.625: [GC (CMS Initial Mark) [1 CMS-initial-mark: 134143K(134144K)] 142170K(249344K), 0.0070341 secs] [Times: user=0.02 sys=0.00, real=0.01 secs] 
2023-01-17T04:44:48.566+0800: 121.632: [CMS-concurrent-mark-start]
2023-01-17T04:44:48.639+0800: 121.705: [CMS-concurrent-mark: 0.073/0.073 secs] [Times: user=0.24 sys=0.04, real=0.07 secs] 
2023-01-17T04:44:48.639+0800: 121.706: [CMS-concurrent-preclean-start]
2023-01-17T04:44:48.709+0800: 121.775: [CMS-concurrent-preclean: 0.070/0.070 secs] [Times: user=0.21 sys=0.04, real=0.07 secs] 
2023-01-17T04:44:48.709+0800: 121.775: [CMS-concurrent-abortable-preclean-start]
2023-01-17T04:44:48.709+0800: 121.775: [CMS-concurrent-abortable-preclean: 0.000/0.000 secs] [Times: user=0.00 sys=0.00, real=0.00 secs] 
2023-01-17T04:44:48.714+0800: 121.780: [GC (CMS Final Remark) [YG occupancy: 103772 K (115200 K)]2023-01-17T04:44:48.714+0800: 121.780: [Rescan (parallel) , 0.0403364 secs]2023-01-17T04:44:48.754+0800: 121.821: [weak refs processing, 0.0000488 secs]2023-01-17T04:44:48.754+0800: 121.821: [class unloading, 0.0142512 secs]2023-01-17T04:44:48.769+0800: 121.835: [scrub symbol table, 0.0051962 secs]2023-01-17T04:44:48.774+0800: 121.840: [scrub string table, 0.0009027 secs][1 CMS-remark: 134143K(134144K)] 237916K(249344K), 0.0610249 secs] [Times: user=0.15 sys=0.00, real=0.06 secs] 
2023-01-17T04:44:48.776+0800: 121.842: [CMS-concurrent-sweep-start]
2023-01-17T04:44:48.799+0800: 121.865: [CMS-concurrent-sweep: 0.023/0.023 secs] [Times: user=0.06 sys=0.00, real=0.02 secs] 
2023-01-17T04:44:48.800+0800: 121.867: [CMS-concurrent-reset-start]
2023-01-17T04:44:48.800+0800: 121.867: [CMS-concurrent-reset: 0.000/0.000 secs] [Times: user=0.00 sys=0.00, real=0.00 secs] 
{Heap before GC invocations=223 (full 396):
 par new generation   total 115200K, used 115200K [0x00000000f0000000, 0x00000000f7d00000, 0x00000000f7d00000)
  eden space 102400K, 100% used [0x00000000f0000000, 0x00000000f6400000, 0x00000000f6400000)
  from space 12800K, 100% used [0x00000000f6400000, 0x00000000f7080000, 0x00000000f7080000)
  to   space 12800K,   0% used [0x00000000f7080000, 0x00000000f7080000, 0x00000000f7d00000)
 concurrent mark-sweep generation total 134144K, used 134143K [0x00000000f7d00000, 0x0000000100000000, 0x0000000100000000)
 Metaspace       used 51942K, capacity 54766K, committed 55296K, reserved 1097728K
  class space    used 6330K, capacity 6825K, committed 6912K, reserved 1048576K
2023-01-17T04:44:48.858+0800: 121.924: [GC (Allocation Failure) 2023-01-17T04:44:48.858+0800: 121.924: [ParNew: 115200K->115200K(115200K), 0.0000316 secs]2023-01-17T04:44:48.858+0800: 121.924: [CMS: 134143K->134143K(134144K), 0.2479413 secs] 249343K->140026K(249344K), [Metaspace: 51942K->51942K(1097728K)], 0.2484598 secs] [Times: user=0.24 sys=0.00, real=0.25 secs] 
Heap after GC invocations=224 (full 397):
 par new generation   total 115200K, used 5882K [0x00000000f0000000, 0x00000000f7d00000, 0x00000000f7d00000)
  eden space 102400K,   5% used [0x00000000f0000000, 0x00000000f05be8a0, 0x00000000f6400000)
  from space 12800K,   0% used [0x00000000f6400000, 0x00000000f6400000, 0x00000000f7080000)
  to   space 12800K,   0% used [0x00000000f7080000, 0x00000000f7080000, 0x00000000f7d00000)
 concurrent mark-sweep generation total 134144K, used 134143K [0x00000000f7d00000, 0x0000000100000000, 0x0000000100000000)
 Metaspace       used 51942K, capacity 54766K, committed 55296K, reserved 1097728K
  class space    used 6330K, capacity 6825K, committed 6912K, reserved 1048576K
}
2023-01-17T04:44:49.112+0800: 122.178: [GC (CMS Initial Mark) [1 CMS-initial-mark: 134143K(134144K)] 140773K(249344K), 0.0064455 secs] [Times: user=0.03 sys=0.00, real=0.00 secs] 
2023-01-17T04:44:49.119+0800: 122.185: [CMS-concurrent-mark-start]
2023-01-17T04:44:49.190+0800: 122.256: [CMS-concurrent-mark: 0.071/0.071 secs] [Times: user=0.22 sys=0.05, real=0.08 secs] 
2023-01-17T04:44:49.190+0800: 122.257: [CMS-concurrent-preclean-start]
2023-01-17T04:44:49.237+0800: 122.304: [CMS-concurrent-preclean: 0.047/0.047 secs] [Times: user=0.16 sys=0.02, real=0.04 secs] 
2023-01-17T04:44:49.238+0800: 122.304: [CMS-concurrent-abortable-preclean-start]
2023-01-17T04:44:49.238+0800: 122.304: [CMS-concurrent-abortable-preclean: 0.000/0.000 secs] [Times: user=0.00 sys=0.00, real=0.00 secs] 
2023-01-17T04:44:49.242+0800: 122.309: [GC (CMS Final Remark) [YG occupancy: 87472 K (115200 K)]2023-01-17T04:44:49.242+0800: 122.309: [Rescan (parallel) , 0.0341258 secs]2023-01-17T04:44:49.277+0800: 122.343: [weak refs processing, 0.0000450 secs]2023-01-17T04:44:49.277+0800: 122.343: [class unloading, 0.0140216 secs]2023-01-17T04:44:49.291+0800: 122.357: [scrub symbol table, 0.0050834 secs]2023-01-17T04:44:49.296+0800: 122.362: [scrub string table, 0.0008876 secs][1 CMS-remark: 134143K(134144K)] 221616K(249344K), 0.0544198 secs] [Times: user=0.14 sys=0.00, real=0.05 secs] 
2023-01-17T04:44:49.298+0800: 122.364: [CMS-concurrent-sweep-start]
2023-01-17T04:44:49.317+0800: 122.383: [CMS-concurrent-sweep: 0.019/0.019 secs] [Times: user=0.04 sys=0.01, real=0.02 secs] 
2023-01-17T04:44:49.317+0800: 122.383: [CMS-concurrent-reset-start]
2023-01-17T04:44:49.317+0800: 122.383: [CMS-concurrent-reset: 0.000/0.000 secs] [Times: user=0.00 sys=0.00, real=0.00 secs] 
{Heap before GC invocations=224 (full 398):
 par new generation   total 115200K, used 115200K [0x00000000f0000000, 0x00000000f7d00000, 0x00000000f7d00000)
  eden space 102400K, 100% used [0x00000000f0000000, 0x00000000f6400000, 0x00000000f6400000)
  from space 12800K, 100% used [0x00000000f6400000, 0x00000000f7080000, 0x00000000f7080000)
  to   space 12800K,   0% used [0x00000000f7080000, 0x00000000f7080000, 0x00000000f7d00000)
 concurrent mark-sweep generation total 134144K, used 134143K [0x00000000f7d00000, 0x0000000100000000, 0x0000000100000000)
 Metaspace       used 51942K, capacity 54766K, committed 55296K, reserved 1097728K
  class space    used 6330K, capacity 6825K, committed 6912K, reserved 1048576K
2023-01-17T04:44:49.411+0800: 122.477: [GC (Allocation Failure) 2023-01-17T04:44:49.411+0800: 122.477: [ParNew: 115200K->115200K(115200K), 0.0000323 secs]2023-01-17T04:44:49.411+0800: 122.477: [CMS: 134143K->134144K(134144K), 0.2441593 secs] 249343K->140054K(249344K), [Metaspace: 51942K->51942K(1097728K)], 0.2446895 secs] [Times: user=0.25 sys=0.00, real=0.24 secs] 
Heap after GC invocations=225 (full 399):
 par new generation   total 115200K, used 5910K [0x00000000f0000000, 0x00000000f7d00000, 0x00000000f7d00000)
  eden space 102400K,   5% used [0x00000000f0000000, 0x00000000f05c58e8, 0x00000000f6400000)
  from space 12800K,   0% used [0x00000000f6400000, 0x00000000f6400000, 0x00000000f7080000)
  to   space 12800K,   0% used [0x00000000f7080000, 0x00000000f7080000, 0x00000000f7d00000)
 concurrent mark-sweep generation total 134144K, used 134144K [0x00000000f7d00000, 0x0000000100000000, 0x0000000100000000)
 Metaspace       used 51942K, capacity 54766K, committed 55296K, reserved 1097728K
  class space    used 6330K, capacity 6825K, committed 6912K, reserved 1048576K
}
2023-01-17T04:44:49.661+0800: 122.727: [GC (CMS Initial Mark) [1 CMS-initial-mark: 134144K(134144K)] 140272K(249344K), 0.0075603 secs] [Times: user=0.02 sys=0.00, real=0.00 secs] 
2023-01-17T04:44:49.669+0800: 122.735: [CMS-concurrent-mark-start]
2023-01-17T04:44:49.741+0800: 122.807: [CMS-concurrent-mark: 0.072/0.072 secs] [Times: user=0.22 sys=0.02, real=0.08 secs] 
2023-01-17T04:44:49.741+0800: 122.807: [CMS-concurrent-preclean-start]
2023-01-17T04:44:49.792+0800: 122.858: [CMS-concurrent-preclean: 0.051/0.051 secs] [Times: user=0.17 sys=0.03, real=0.05 secs] 
2023-01-17T04:44:49.792+0800: 122.858: [CMS-concurrent-abortable-preclean-start]
2023-01-17T04:44:49.792+0800: 122.858: [CMS-concurrent-abortable-preclean: 0.000/0.000 secs] [Times: user=0.00 sys=0.00, real=0.00 secs] 
2023-01-17T04:44:49.797+0800: 122.863: [GC (CMS Final Remark) [YG occupancy: 83146 K (115200 K)]2023-01-17T04:44:49.797+0800: 122.863: [Rescan (parallel) , 0.0240214 secs]2023-01-17T04:44:49.821+0800: 122.887: [weak refs processing, 0.0000445 secs]2023-01-17T04:44:49.821+0800: 122.887: [class unloading, 0.0141471 secs]2023-01-17T04:44:49.835+0800: 122.902: [scrub symbol table, 0.0052952 secs]2023-01-17T04:44:49.841+0800: 122.907: [scrub string table, 0.0008475 secs][1 CMS-remark: 134144K(134144K)] 217290K(249344K), 0.0446050 secs] [Times: user=0.11 sys=0.00, real=0.05 secs] 
2023-01-17T04:44:49.842+0800: 122.909: [CMS-concurrent-sweep-start]
2023-01-17T04:44:49.863+0800: 122.930: [CMS-concurrent-sweep: 0.021/0.021 secs] [Times: user=0.07 sys=0.01, real=0.02 secs] 
2023-01-17T04:44:49.864+0800: 122.930: [CMS-concurrent-reset-start]
2023-01-17T04:44:49.864+0800: 122.930: [CMS-concurrent-reset: 0.000/0.000 secs] [Times: user=0.00 sys=0.00, real=0.00 secs] 
{Heap before GC invocations=225 (full 400):
 par new generation   total 115200K, used 115199K [0x00000000f0000000, 0x00000000f7d00000, 0x00000000f7d00000)
  eden space 102400K, 100% used [0x00000000f0000000, 0x00000000f6400000, 0x00000000f6400000)
  from space 12800K,  99% used [0x00000000f6400000, 0x00000000f707ffe8, 0x00000000f7080000)
  to   space 12800K,   0% used [0x00000000f7080000, 0x00000000f7080000, 0x00000000f7d00000)
 concurrent mark-sweep generation total 134144K, used 134144K [0x00000000f7d00000, 0x0000000100000000, 0x0000000100000000)
 Metaspace       used 51942K, capacity 54766K, committed 55296K, reserved 1097728K
  class space    used 6330K, capacity 6825K, committed 6912K, reserved 1048576K
2023-01-17T04:44:49.945+0800: 123.011: [GC (Allocation Failure) 2023-01-17T04:44:49.945+0800: 123.011: [ParNew: 115199K->115199K(115200K), 0.0000318 secs]2023-01-17T04:44:49.945+0800: 123.011: [CMS: 134144K->134143K(134144K), 0.2140403 secs] 249343K->140022K(249344K), [Metaspace: 51942K->51942K(1097728K)], 0.2145297 secs] [Times: user=0.22 sys=0.01, real=0.21 secs] 
Heap after GC invocations=226 (full 401):
 par new generation   total 115200K, used 5879K [0x00000000f0000000, 0x00000000f7d00000, 0x00000000f7d00000)
  eden space 102400K,   5% used [0x00000000f0000000, 0x00000000f05bdc40, 0x00000000f6400000)
  from space 12800K,   0% used [0x00000000f6400000, 0x00000000f6400000, 0x00000000f7080000)
  to   space 12800K,   0% used [0x00000000f7080000, 0x00000000f7080000, 0x00000000f7d00000)
 concurrent mark-sweep generation total 134144K, used 134143K [0x00000000f7d00000, 0x0000000100000000, 0x0000000100000000)
 Metaspace       used 51942K, capacity 54766K, committed 55296K, reserved 1097728K
  class space    used 6330K, capacity 6825K, committed 6912K, reserved 1048576K
}
2023-01-17T04:44:50.167+0800: 123.234: [GC (CMS Initial Mark) [1 CMS-initial-mark: 134143K(134144K)] 142743K(249344K), 0.0067551 secs] [Times: user=0.03 sys=0.00, real=0.01 secs] 
2023-01-17T04:44:50.174+0800: 123.241: [CMS-concurrent-mark-start]
2023-01-17T04:44:50.247+0800: 123.313: [CMS-concurrent-mark: 0.072/0.072 secs] [Times: user=0.23 sys=0.04, real=0.07 secs] 
2023-01-17T04:44:50.247+0800: 123.313: [CMS-concurrent-preclean-start]
2023-01-17T04:44:50.305+0800: 123.371: [CMS-concurrent-preclean: 0.058/0.058 secs] [Times: user=0.16 sys=0.03, real=0.06 secs] 
2023-01-17T04:44:50.305+0800: 123.371: [CMS-concurrent-abortable-preclean-start]
2023-01-17T04:44:50.305+0800: 123.371: [CMS-concurrent-abortable-preclean: 0.000/0.000 secs] [Times: user=0.00 sys=0.00, real=0.00 secs] 
2023-01-17T04:44:50.326+0800: 123.393: [GC (CMS Final Remark) [YG occupancy: 95443 K (115200 K)]2023-01-17T04:44:50.326+0800: 123.393: [Rescan (parallel) , 0.0368685 secs]2023-01-17T04:44:50.363+0800: 123.430: [weak refs processing, 0.0000497 secs]2023-01-17T04:44:50.363+0800: 123.430: [class unloading, 0.0143708 secs]2023-01-17T04:44:50.378+0800: 123.444: [scrub symbol table, 0.0051498 secs]2023-01-17T04:44:50.383+0800: 123.449: [scrub string table, 0.0008965 secs][1 CMS-remark: 134143K(134144K)] 229587K(249344K), 0.0576028 secs] [Times: user=0.13 sys=0.00, real=0.06 secs] 
2023-01-17T04:44:50.384+0800: 123.451: [CMS-concurrent-sweep-start]
2023-01-17T04:44:50.403+0800: 123.469: [CMS-concurrent-sweep: 0.018/0.018 secs] [Times: user=0.05 sys=0.01, real=0.02 secs] 
2023-01-17T04:44:50.403+0800: 123.469: [CMS-concurrent-reset-start]
2023-01-17T04:44:50.403+0800: 123.469: [CMS-concurrent-reset: 0.000/0.000 secs] [Times: user=0.00 sys=0.00, real=0.00 secs] 
{Heap before GC invocations=226 (full 402):
 par new generation   total 115200K, used 115199K [0x00000000f0000000, 0x00000000f7d00000, 0x00000000f7d00000)
  eden space 102400K, 100% used [0x00000000f0000000, 0x00000000f6400000, 0x00000000f6400000)
  from space 12800K,  99% used [0x00000000f6400000, 0x00000000f707fff0, 0x00000000f7080000)
  to   space 12800K,   0% used [0x00000000f7080000, 0x00000000f7080000, 0x00000000f7d00000)
 concurrent mark-sweep generation total 134144K, used 134143K [0x00000000f7d00000, 0x0000000100000000, 0x0000000100000000)
 Metaspace       used 51942K, capacity 54766K, committed 55296K, reserved 1097728K
  class space    used 6330K, capacity 6825K, committed 6912K, reserved 1048576K
2023-01-17T04:44:50.477+0800: 123.543: [GC (Allocation Failure) 2023-01-17T04:44:50.477+0800: 123.543: [ParNew: 115199K->115199K(115200K), 0.0000297 secs]2023-01-17T04:44:50.477+0800: 123.543: [CMS: 134143K->134143K(134144K), 0.2266808 secs] 249343K->140043K(249344K), [Metaspace: 51942K->51942K(1097728K)], 0.2271194 secs] [Times: user=0.23 sys=0.00, real=0.23 secs] 
Heap after GC invocations=227 (full 403):
 par new generation   total 115200K, used 5899K [0x00000000f0000000, 0x00000000f7d00000, 0x00000000f7d00000)
  eden space 102400K,   5% used [0x00000000f0000000, 0x00000000f05c2ca8, 0x00000000f6400000)
  from space 12800K,   0% used [0x00000000f6400000, 0x00000000f6400000, 0x00000000f7080000)
  to   space 12800K,   0% used [0x00000000f7080000, 0x00000000f7080000, 0x00000000f7d00000)
 concurrent mark-sweep generation total 134144K, used 134143K [0x00000000f7d00000, 0x0000000100000000, 0x0000000100000000)
 Metaspace       used 51942K, capacity 54766K, committed 55296K, reserved 1097728K
  class space    used 6330K, capacity 6825K, committed 6912K, reserved 1048576K
}
2023-01-17T04:44:50.710+0800: 123.776: [GC (CMS Initial Mark) [1 CMS-initial-mark: 134143K(134144K)] 140599K(249344K), 0.0079727 secs] [Times: user=0.03 sys=0.00, real=0.00 secs] 
2023-01-17T04:44:50.718+0800: 123.784: [CMS-concurrent-mark-start]
2023-01-17T04:44:50.806+0800: 123.872: [CMS-concurrent-mark: 0.088/0.088 secs] [Times: user=0.26 sys=0.06, real=0.09 secs] 
2023-01-17T04:44:50.806+0800: 123.873: [CMS-concurrent-preclean-start]
2023-01-17T04:44:50.863+0800: 123.929: [CMS-concurrent-preclean: 0.056/0.056 secs] [Times: user=0.18 sys=0.03, real=0.06 secs] 
2023-01-17T04:44:50.863+0800: 123.929: [CMS-concurrent-abortable-preclean-start]
2023-01-17T04:44:50.863+0800: 123.929: [CMS-concurrent-abortable-preclean: 0.000/0.000 secs] [Times: user=0.00 sys=0.00, real=0.00 secs] 
2023-01-17T04:44:50.868+0800: 123.934: [GC (CMS Final Remark) [YG occupancy: 103082 K (115200 K)]2023-01-17T04:44:50.868+0800: 123.935: [Rescan (parallel) , 0.0294447 secs]2023-01-17T04:44:50.898+0800: 123.964: [weak refs processing, 0.0000775 secs]2023-01-17T04:44:50.898+0800: 123.964: [class unloading, 0.0140201 secs]2023-01-17T04:44:50.912+0800: 123.978: [scrub symbol table, 0.0051928 secs]2023-01-17T04:44:50.917+0800: 123.983: [scrub string table, 0.0009356 secs][1 CMS-remark: 134143K(134144K)] 237226K(249344K), 0.0499272 secs] [Times: user=0.13 sys=0.00, real=0.05 secs] 
2023-01-17T04:44:50.918+0800: 123.985: [CMS-concurrent-sweep-start]
2023-01-17T04:44:50.936+0800: 124.003: [CMS-concurrent-sweep: 0.018/0.018 secs] [Times: user=0.07 sys=0.00, real=0.02 secs] 
2023-01-17T04:44:50.937+0800: 124.004: [CMS-concurrent-reset-start]
2023-01-17T04:44:50.938+0800: 124.004: [CMS-concurrent-reset: 0.000/0.000 secs] [Times: user=0.00 sys=0.00, real=0.00 secs] 
{Heap before GC invocations=227 (full 404):
 par new generation   total 115200K, used 115200K [0x00000000f0000000, 0x00000000f7d00000, 0x00000000f7d00000)
  eden space 102400K, 100% used [0x00000000f0000000, 0x00000000f6400000, 0x00000000f6400000)
  from space 12800K, 100% used [0x00000000f6400000, 0x00000000f7080000, 0x00000000f7080000)
  to   space 12800K,   0% used [0x00000000f7080000, 0x00000000f7080000, 0x00000000f7d00000)
 concurrent mark-sweep generation total 134144K, used 134141K [0x00000000f7d00000, 0x0000000100000000, 0x0000000100000000)
 Metaspace       used 51942K, capacity 54766K, committed 55296K, reserved 1097728K
  class space    used 6330K, capacity 6825K, committed 6912K, reserved 1048576K
2023-01-17T04:44:50.993+0800: 124.059: [GC (Allocation Failure) 2023-01-17T04:44:50.993+0800: 124.059: [ParNew: 115200K->115200K(115200K), 0.0000310 secs]2023-01-17T04:44:50.993+0800: 124.059: [CMS: 134141K->134143K(134144K), 0.2162309 secs] 249341K->140072K(249344K), [Metaspace: 51942K->51942K(1097728K)], 0.2167011 secs] [Times: user=0.22 sys=0.00, real=0.22 secs] 
Heap after GC invocations=228 (full 405):
 par new generation   total 115200K, used 5928K [0x00000000f0000000, 0x00000000f7d00000, 0x00000000f7d00000)
  eden space 102400K,   5% used [0x00000000f0000000, 0x00000000f05ca1d8, 0x00000000f6400000)
  from space 12800K,   0% used [0x00000000f6400000, 0x00000000f6400000, 0x00000000f7080000)
  to   space 12800K,   0% used [0x00000000f7080000, 0x00000000f7080000, 0x00000000f7d00000)
 concurrent mark-sweep generation total 134144K, used 134143K [0x00000000f7d00000, 0x0000000100000000, 0x0000000100000000)
 Metaspace       used 51942K, capacity 54766K, committed 55296K, reserved 1097728K
  class space    used 6330K, capacity 6825K, committed 6912K, reserved 1048576K
}
2023-01-17T04:44:51.218+0800: 124.284: [GC (CMS Initial Mark) [1 CMS-initial-mark: 134143K(134144K)] 140867K(249344K), 0.0092673 secs] [Times: user=0.02 sys=0.00, real=0.01 secs] 
2023-01-17T04:44:51.227+0800: 124.294: [CMS-concurrent-mark-start]
2023-01-17T04:44:51.305+0800: 124.371: [CMS-concurrent-mark: 0.077/0.077 secs] [Times: user=0.23 sys=0.02, real=0.08 secs] 
2023-01-17T04:44:51.305+0800: 124.371: [CMS-concurrent-preclean-start]
2023-01-17T04:44:51.353+0800: 124.419: [CMS-concurrent-preclean: 0.048/0.048 secs] [Times: user=0.16 sys=0.03, real=0.05 secs] 
2023-01-17T04:44:51.353+0800: 124.419: [CMS-concurrent-abortable-preclean-start]
2023-01-17T04:44:51.353+0800: 124.419: [CMS-concurrent-abortable-preclean: 0.000/0.000 secs] [Times: user=0.00 sys=0.00, real=0.00 secs] 
2023-01-17T04:44:51.358+0800: 124.424: [GC (CMS Final Remark) [YG occupancy: 84642 K (115200 K)]2023-01-17T04:44:51.358+0800: 124.425: [Rescan (parallel) , 0.0250902 secs]2023-01-17T04:44:51.383+0800: 124.450: [weak refs processing, 0.0000464 secs]2023-01-17T04:44:51.383+0800: 124.450: [class unloading, 0.0141068 secs]2023-01-17T04:44:51.398+0800: 124.464: [scrub symbol table, 0.0050588 secs]2023-01-17T04:44:51.403+0800: 124.469: [scrub string table, 0.0008933 secs][1 CMS-remark: 134143K(134144K)] 218786K(249344K), 0.0454501 secs] [Times: user=0.12 sys=0.00, real=0.05 secs] 
2023-01-17T04:44:51.404+0800: 124.471: [CMS-concurrent-sweep-start]
2023-01-17T04:44:51.425+0800: 124.492: [CMS-concurrent-sweep: 0.021/0.021 secs] [Times: user=0.07 sys=0.01, real=0.02 secs] 
2023-01-17T04:44:51.425+0800: 124.492: [CMS-concurrent-reset-start]
2023-01-17T04:44:51.426+0800: 124.492: [CMS-concurrent-reset: 0.001/0.001 secs] [Times: user=0.00 sys=0.00, real=0.00 secs] 
{Heap before GC invocations=228 (full 406):
 par new generation   total 115200K, used 115193K [0x00000000f0000000, 0x00000000f7d00000, 0x00000000f7d00000)
  eden space 102400K, 100% used [0x00000000f0000000, 0x00000000f6400000, 0x00000000f6400000)
  from space 12800K,  99% used [0x00000000f6400000, 0x00000000f707e508, 0x00000000f7080000)
  to   space 12800K,   0% used [0x00000000f7080000, 0x00000000f7080000, 0x00000000f7d00000)
 concurrent mark-sweep generation total 134144K, used 134143K [0x00000000f7d00000, 0x0000000100000000, 0x0000000100000000)
 Metaspace       used 51943K, capacity 54766K, committed 55296K, reserved 1097728K
  class space    used 6330K, capacity 6825K, committed 6912K, reserved 1048576K
2023-01-17T04:44:51.504+0800: 124.571: [GC (Allocation Failure) 2023-01-17T04:44:51.505+0800: 124.571: [ParNew: 115193K->115193K(115200K), 0.0000308 secs]2023-01-17T04:44:51.505+0800: 124.571: [CMS: 134143K->134144K(134144K), 0.2146624 secs] 249337K->140067K(249344K), [Metaspace: 51943K->51943K(1097728K)], 0.2151256 secs] [Times: user=0.21 sys=0.00, real=0.22 secs] 
Heap after GC invocations=229 (full 407):
 par new generation   total 115200K, used 5923K [0x00000000f0000000, 0x00000000f7d00000, 0x00000000f7d00000)
  eden space 102400K,   5% used [0x00000000f0000000, 0x00000000f05c8c88, 0x00000000f6400000)
  from space 12800K,   0% used [0x00000000f6400000, 0x00000000f6400000, 0x00000000f7080000)
  to   space 12800K,   0% used [0x00000000f7080000, 0x00000000f7080000, 0x00000000f7d00000)
 concurrent mark-sweep generation total 134144K, used 134144K [0x00000000f7d00000, 0x0000000100000000, 0x0000000100000000)
 Metaspace       used 51943K, capacity 54766K, committed 55296K, reserved 1097728K
  class space    used 6330K, capacity 6825K, committed 6912K, reserved 1048576K
}
2023-01-17T04:44:51.726+0800: 124.792: [GC (CMS Initial Mark) [1 CMS-initial-mark: 134144K(134144K)] 141081K(249344K), 0.0069878 secs] [Times: user=0.02 sys=0.00, real=0.01 secs] 
2023-01-17T04:44:51.733+0800: 124.799: [CMS-concurrent-mark-start]
2023-01-17T04:44:51.805+0800: 124.872: [CMS-concurrent-mark: 0.072/0.072 secs] [Times: user=0.19 sys=0.02, real=0.07 secs] 
2023-01-17T04:44:51.806+0800: 124.872: [CMS-concurrent-preclean-start]
2023-01-17T04:44:51.855+0800: 124.922: [CMS-concurrent-preclean: 0.050/0.050 secs] [Times: user=0.11 sys=0.01, real=0.05 secs] 
2023-01-17T04:44:51.856+0800: 124.922: [CMS-concurrent-abortable-preclean-start]
2023-01-17T04:44:51.856+0800: 124.922: [CMS-concurrent-abortable-preclean: 0.000/0.000 secs] [Times: user=0.00 sys=0.00, real=0.00 secs] 
2023-01-17T04:44:51.865+0800: 124.931: [GC (CMS Final Remark) [YG occupancy: 61756 K (115200 K)]2023-01-17T04:44:51.865+0800: 124.931: [Rescan (parallel) , 0.0382925 secs]2023-01-17T04:44:51.903+0800: 124.969: [weak refs processing, 0.0000603 secs]2023-01-17T04:44:51.903+0800: 124.970: [class unloading, 0.0199535 secs]2023-01-17T04:44:51.923+0800: 124.989: [scrub symbol table, 0.0085605 secs]2023-01-17T04:44:51.932+0800: 124.998: [scrub string table, 0.0012494 secs][1 CMS-remark: 134144K(134144K)] 195900K(249344K), 0.0684077 secs] [Times: user=0.10 sys=0.00, real=0.07 secs] 
2023-01-17T04:44:51.933+0800: 125.000: [CMS-concurrent-sweep-start]
2023-01-17T04:44:51.954+0800: 125.020: [CMS-concurrent-sweep: 0.020/0.020 secs] [Times: user=0.04 sys=0.01, real=0.02 secs] 
2023-01-17T04:44:51.954+0800: 125.020: [CMS-concurrent-reset-start]
2023-01-17T04:44:51.954+0800: 125.020: [CMS-concurrent-reset: 0.000/0.000 secs] [Times: user=0.01 sys=0.00, real=0.00 secs] 
{Heap before GC invocations=229 (full 408):
 par new generation   total 115200K, used 115199K [0x00000000f0000000, 0x00000000f7d00000, 0x00000000f7d00000)
  eden space 102400K, 100% used [0x00000000f0000000, 0x00000000f6400000, 0x00000000f6400000)
  from space 12800K,  99% used [0x00000000f6400000, 0x00000000f707ff80, 0x00000000f7080000)
  to   space 12800K,   0% used [0x00000000f7080000, 0x00000000f7080000, 0x00000000f7d00000)
 concurrent mark-sweep generation total 134144K, used 134143K [0x00000000f7d00000, 0x0000000100000000, 0x0000000100000000)
 Metaspace       used 51944K, capacity 54766K, committed 55296K, reserved 1097728K
  class space    used 6330K, capacity 6825K, committed 6912K, reserved 1048576K
2023-01-17T04:44:52.092+0800: 125.159: [GC (Allocation Failure) 2023-01-17T04:44:52.093+0800: 125.159: [ParNew: 115199K->115199K(115200K), 0.0000300 secs]2023-01-17T04:44:52.093+0800: 125.159: [CMS: 134143K->134143K(134144K), 0.2161777 secs] 249343K->140008K(249344K), [Metaspace: 51944K->51944K(1097728K)], 0.2166566 secs] [Times: user=0.22 sys=0.00, real=0.21 secs] 
Heap after GC invocations=230 (full 409):
 par new generation   total 115200K, used 5864K [0x00000000f0000000, 0x00000000f7d00000, 0x00000000f7d00000)
  eden space 102400K,   5% used [0x00000000f0000000, 0x00000000f05ba318, 0x00000000f6400000)
  from space 12800K,   0% used [0x00000000f6400000, 0x00000000f6400000, 0x00000000f7080000)
  to   space 12800K,   0% used [0x00000000f7080000, 0x00000000f7080000, 0x00000000f7d00000)
 concurrent mark-sweep generation total 134144K, used 134143K [0x00000000f7d00000, 0x0000000100000000, 0x0000000100000000)
 Metaspace       used 51944K, capacity 54766K, committed 55296K, reserved 1097728K
  class space    used 6330K, capacity 6825K, committed 6912K, reserved 1048576K
}
2023-01-17T04:44:52.314+0800: 125.380: [GC (CMS Initial Mark) [1 CMS-initial-mark: 134143K(134144K)] 140030K(249344K), 0.0062650 secs] [Times: user=0.02 sys=0.00, real=0.01 secs] 
2023-01-17T04:44:52.320+0800: 125.386: [CMS-concurrent-mark-start]
2023-01-17T04:44:52.393+0800: 125.459: [CMS-concurrent-mark: 0.073/0.073 secs] [Times: user=0.25 sys=0.04, real=0.07 secs] 
2023-01-17T04:44:52.393+0800: 125.460: [CMS-concurrent-preclean-start]
2023-01-17T04:44:52.440+0800: 125.506: [CMS-concurrent-preclean: 0.047/0.047 secs] [Times: user=0.15 sys=0.03, real=0.05 secs] 
2023-01-17T04:44:52.440+0800: 125.507: [CMS-concurrent-abortable-preclean-start]
2023-01-17T04:44:52.440+0800: 125.507: [CMS-concurrent-abortable-preclean: 0.000/0.000 secs] [Times: user=0.00 sys=0.00, real=0.00 secs] 
2023-01-17T04:44:52.445+0800: 125.512: [GC (CMS Final Remark) [YG occupancy: 88430 K (115200 K)]2023-01-17T04:44:52.445+0800: 125.512: [Rescan (parallel) , 0.0254449 secs]2023-01-17T04:44:52.471+0800: 125.537: [weak refs processing, 0.0000533 secs]2023-01-17T04:44:52.471+0800: 125.537: [class unloading, 0.0142019 secs]2023-01-17T04:44:52.485+0800: 125.551: [scrub symbol table, 0.0051716 secs]2023-01-17T04:44:52.490+0800: 125.557: [scrub string table, 0.0008963 secs][1 CMS-remark: 134143K(134144K)] 222574K(249344K), 0.0460310 secs] [Times: user=0.12 sys=0.00, real=0.05 secs] 
2023-01-17T04:44:52.492+0800: 125.559: [CMS-concurrent-sweep-start]
2023-01-17T04:44:52.511+0800: 125.577: [CMS-concurrent-sweep: 0.019/0.019 secs] [Times: user=0.06 sys=0.01, real=0.02 secs] 
2023-01-17T04:44:52.511+0800: 125.577: [CMS-concurrent-reset-start]
2023-01-17T04:44:52.511+0800: 125.578: [CMS-concurrent-reset: 0.000/0.000 secs] [Times: user=0.00 sys=0.00, real=0.00 secs] 
{Heap before GC invocations=230 (full 410):
 par new generation   total 115200K, used 115199K [0x00000000f0000000, 0x00000000f7d00000, 0x00000000f7d00000)
  eden space 102400K, 100% used [0x00000000f0000000, 0x00000000f6400000, 0x00000000f6400000)
  from space 12800K,  99% used [0x00000000f6400000, 0x00000000f707fff0, 0x00000000f7080000)
  to   space 12800K,   0% used [0x00000000f7080000, 0x00000000f7080000, 0x00000000f7d00000)
 concurrent mark-sweep generation total 134144K, used 134143K [0x00000000f7d00000, 0x0000000100000000, 0x0000000100000000)
 Metaspace       used 51948K, capacity 54766K, committed 55296K, reserved 1097728K
  class space    used 6330K, capacity 6825K, committed 6912K, reserved 1048576K
2023-01-17T04:44:52.591+0800: 125.657: [GC (Allocation Failure) 2023-01-17T04:44:52.591+0800: 125.657: [ParNew: 115199K->115199K(115200K), 0.0000348 secs]2023-01-17T04:44:52.591+0800: 125.657: [CMS: 134143K->134143K(134144K), 0.2225673 secs] 249343K->140025K(249344K), [Metaspace: 51948K->51948K(1097728K)], 0.2230562 secs] [Times: user=0.22 sys=0.00, real=0.22 secs] 
Heap after GC invocations=231 (full 411):
 par new generation   total 115200K, used 5881K [0x00000000f0000000, 0x00000000f7d00000, 0x00000000f7d00000)
  eden space 102400K,   5% used [0x00000000f0000000, 0x00000000f05be688, 0x00000000f6400000)
  from space 12800K,   0% used [0x00000000f6400000, 0x00000000f6400000, 0x00000000f7080000)
  to   space 12800K,   0% used [0x00000000f7080000, 0x00000000f7080000, 0x00000000f7d00000)
 concurrent mark-sweep generation total 134144K, used 134143K [0x00000000f7d00000, 0x0000000100000000, 0x0000000100000000)
 Metaspace       used 51948K, capacity 54766K, committed 55296K, reserved 1097728K
  class space    used 6330K, capacity 6825K, committed 6912K, reserved 1048576K
}
2023-01-17T04:44:52.819+0800: 125.886: [GC (CMS Initial Mark) [1 CMS-initial-mark: 134143K(134144K)] 140510K(249344K), 0.0068780 secs] [Times: user=0.02 sys=0.00, real=0.01 secs] 
2023-01-17T04:44:52.827+0800: 125.893: [CMS-concurrent-mark-start]
2023-01-17T04:44:52.898+0800: 125.965: [CMS-concurrent-mark: 0.072/0.072 secs] [Times: user=0.25 sys=0.03, real=0.07 secs] 
2023-01-17T04:44:52.899+0800: 125.965: [CMS-concurrent-preclean-start]
2023-01-17T04:44:52.947+0800: 126.014: [CMS-concurrent-preclean: 0.049/0.049 secs] [Times: user=0.17 sys=0.02, real=0.05 secs] 
2023-01-17T04:44:52.948+0800: 126.014: [CMS-concurrent-abortable-preclean-start]
2023-01-17T04:44:52.948+0800: 126.014: [CMS-concurrent-abortable-preclean: 0.000/0.000 secs] [Times: user=0.00 sys=0.00, real=0.00 secs] 
2023-01-17T04:44:52.952+0800: 126.019: [GC (CMS Final Remark) [YG occupancy: 91703 K (115200 K)]2023-01-17T04:44:52.952+0800: 126.019: [Rescan (parallel) , 0.0331395 secs]2023-01-17T04:44:52.986+0800: 126.052: [weak refs processing, 0.0000495 secs]2023-01-17T04:44:52.986+0800: 126.052: [class unloading, 0.0142600 secs]2023-01-17T04:44:53.000+0800: 126.066: [scrub symbol table, 0.0051717 secs]2023-01-17T04:44:53.005+0800: 126.071: [scrub string table, 0.0009139 secs][1 CMS-remark: 134143K(134144K)] 225846K(249344K), 0.0537966 secs] [Times: user=0.14 sys=0.00, real=0.05 secs] 
2023-01-17T04:44:53.007+0800: 126.073: [CMS-concurrent-sweep-start]
2023-01-17T04:44:53.070+0800: 126.136: [CMS-concurrent-sweep: 0.063/0.063 secs] [Times: user=0.17 sys=0.02, real=0.07 secs] 
2023-01-17T04:44:53.070+0800: 126.136: [CMS-concurrent-reset-start]
2023-01-17T04:44:53.070+0800: 126.137: [CMS-concurrent-reset: 0.000/0.000 secs] [Times: user=0.01 sys=0.00, real=0.00 secs] 
{Heap before GC invocations=231 (full 412):
 par new generation   total 115200K, used 115199K [0x00000000f0000000, 0x00000000f7d00000, 0x00000000f7d00000)
  eden space 102400K, 100% used [0x00000000f0000000, 0x00000000f6400000, 0x00000000f6400000)
  from space 12800K,  99% used [0x00000000f6400000, 0x00000000f707fff8, 0x00000000f7080000)
  to   space 12800K,   0% used [0x00000000f7080000, 0x00000000f7080000, 0x00000000f7d00000)
 concurrent mark-sweep generation total 134144K, used 134143K [0x00000000f7d00000, 0x0000000100000000, 0x0000000100000000)
 Metaspace       used 51948K, capacity 54766K, committed 55296K, reserved 1097728K
  class space    used 6330K, capacity 6825K, committed 6912K, reserved 1048576K
2023-01-17T04:44:53.109+0800: 126.175: [GC (Allocation Failure) 2023-01-17T04:44:53.109+0800: 126.176: [ParNew: 115199K->115199K(115200K), 0.0000275 secs]2023-01-17T04:44:53.109+0800: 126.176: [CMS: 134143K->134143K(134144K), 0.2204666 secs] 249343K->140004K(249344K), [Metaspace: 51948K->51948K(1097728K)], 0.2209072 secs] [Times: user=0.22 sys=0.00, real=0.23 secs] 
Heap after GC invocations=232 (full 413):
 par new generation   total 115200K, used 5860K [0x00000000f0000000, 0x00000000f7d00000, 0x00000000f7d00000)
  eden space 102400K,   5% used [0x00000000f0000000, 0x00000000f05b9190, 0x00000000f6400000)
  from space 12800K,   0% used [0x00000000f6400000, 0x00000000f6400000, 0x00000000f7080000)
  to   space 12800K,   0% used [0x00000000f7080000, 0x00000000f7080000, 0x00000000f7d00000)
 concurrent mark-sweep generation total 134144K, used 134143K [0x00000000f7d00000, 0x0000000100000000, 0x0000000100000000)
 Metaspace       used 51948K, capacity 54766K, committed 55296K, reserved 1097728K
  class space    used 6330K, capacity 6825K, committed 6912K, reserved 1048576K
}
2023-01-17T04:44:53.336+0800: 126.402: [GC (CMS Initial Mark) [1 CMS-initial-mark: 134143K(134144K)] 140352K(249344K), 0.0077171 secs] [Times: user=0.02 sys=0.00, real=0.01 secs] 
2023-01-17T04:44:53.344+0800: 126.411: [CMS-concurrent-mark-start]
2023-01-17T04:44:53.416+0800: 126.483: [CMS-concurrent-mark: 0.072/0.072 secs] [Times: user=0.19 sys=0.02, real=0.07 secs] 
2023-01-17T04:44:53.417+0800: 126.483: [CMS-concurrent-preclean-start]
2023-01-17T04:44:53.465+0800: 126.531: [CMS-concurrent-preclean: 0.048/0.048 secs] [Times: user=0.13 sys=0.02, real=0.05 secs] 
2023-01-17T04:44:53.465+0800: 126.531: [CMS-concurrent-abortable-preclean-start]
2023-01-17T04:44:53.465+0800: 126.531: [CMS-concurrent-abortable-preclean: 0.000/0.000 secs] [Times: user=0.00 sys=0.00, real=0.00 secs] 
2023-01-17T04:44:53.470+0800: 126.536: [GC (CMS Final Remark) [YG occupancy: 65804 K (115200 K)]2023-01-17T04:44:53.470+0800: 126.536: [Rescan (parallel) , 0.0270302 secs]2023-01-17T04:44:53.497+0800: 126.563: [weak refs processing, 0.0000450 secs]2023-01-17T04:44:53.497+0800: 126.563: [class unloading, 0.0142386 secs]2023-01-17T04:44:53.511+0800: 126.577: [scrub symbol table, 0.0051208 secs]2023-01-17T04:44:53.516+0800: 126.583: [scrub string table, 0.0008850 secs][1 CMS-remark: 134143K(134144K)] 199947K(249344K), 0.0475788 secs] [Times: user=0.10 sys=0.00, real=0.04 secs] 
2023-01-17T04:44:53.518+0800: 126.584: [CMS-concurrent-sweep-start]
2023-01-17T04:44:53.538+0800: 126.604: [CMS-concurrent-sweep: 0.020/0.020 secs] [Times: user=0.05 sys=0.01, real=0.02 secs] 
2023-01-17T04:44:53.538+0800: 126.604: [CMS-concurrent-reset-start]
2023-01-17T04:44:53.538+0800: 126.604: [CMS-concurrent-reset: 0.000/0.000 secs] [Times: user=0.00 sys=0.00, real=0.00 secs] 
{Heap before GC invocations=232 (full 414):
 par new generation   total 115200K, used 115199K [0x00000000f0000000, 0x00000000f7d00000, 0x00000000f7d00000)
  eden space 102400K, 100% used [0x00000000f0000000, 0x00000000f6400000, 0x00000000f6400000)
  from space 12800K,  99% used [0x00000000f6400000, 0x00000000f707fff0, 0x00000000f7080000)
  to   space 12800K,   0% used [0x00000000f7080000, 0x00000000f7080000, 0x00000000f7d00000)
 concurrent mark-sweep generation total 134144K, used 134143K [0x00000000f7d00000, 0x0000000100000000, 0x0000000100000000)
 Metaspace       used 51948K, capacity 54766K, committed 55296K, reserved 1097728K
  class space    used 6330K, capacity 6825K, committed 6912K, reserved 1048576K
2023-01-17T04:44:53.658+0800: 126.724: [GC (Allocation Failure) 2023-01-17T04:44:53.658+0800: 126.724: [ParNew: 115199K->115199K(115200K), 0.0000288 secs]2023-01-17T04:44:53.658+0800: 126.724: [CMS: 134143K->134143K(134144K), 0.2138350 secs] 249343K->139994K(249344K), [Metaspace: 51948K->51948K(1097728K)], 0.2143091 secs] [Times: user=0.21 sys=0.00, real=0.22 secs] 
Heap after GC invocations=233 (full 415):
 par new generation   total 115200K, used 5850K [0x00000000f0000000, 0x00000000f7d00000, 0x00000000f7d00000)
  eden space 102400K,   5% used [0x00000000f0000000, 0x00000000f05b6bc8, 0x00000000f6400000)
  from space 12800K,   0% used [0x00000000f6400000, 0x00000000f6400000, 0x00000000f7080000)
  to   space 12800K,   0% used [0x00000000f7080000, 0x00000000f7080000, 0x00000000f7d00000)
 concurrent mark-sweep generation total 134144K, used 134143K [0x00000000f7d00000, 0x0000000100000000, 0x0000000100000000)
 Metaspace       used 51948K, capacity 54766K, committed 55296K, reserved 1097728K
  class space    used 6330K, capacity 6825K, committed 6912K, reserved 1048576K
}
2023-01-17T04:44:53.879+0800: 126.945: [GC (CMS Initial Mark) [1 CMS-initial-mark: 134143K(134144K)] 141527K(249344K), 0.0066445 secs] [Times: user=0.02 sys=0.00, real=0.01 secs] 
2023-01-17T04:44:53.886+0800: 126.952: [CMS-concurrent-mark-start]
2023-01-17T04:44:53.957+0800: 127.023: [CMS-concurrent-mark: 0.071/0.071 secs] [Times: user=0.24 sys=0.04, real=0.07 secs] 
2023-01-17T04:44:53.957+0800: 127.023: [CMS-concurrent-preclean-start]
2023-01-17T04:44:54.004+0800: 127.070: [CMS-concurrent-preclean: 0.046/0.046 secs] [Times: user=0.16 sys=0.02, real=0.05 secs] 
2023-01-17T04:44:54.004+0800: 127.070: [CMS-concurrent-abortable-preclean-start]
2023-01-17T04:44:54.004+0800: 127.070: [CMS-concurrent-abortable-preclean: 0.000/0.000 secs] [Times: user=0.00 sys=0.00, real=0.00 secs] 
2023-01-17T04:44:54.009+0800: 127.075: [GC (CMS Final Remark) [YG occupancy: 89804 K (115200 K)]2023-01-17T04:44:54.009+0800: 127.075: [Rescan (parallel) , 0.0255460 secs]2023-01-17T04:44:54.035+0800: 127.101: [weak refs processing, 0.0000469 secs]2023-01-17T04:44:54.035+0800: 127.101: [class unloading, 0.0138013 secs]2023-01-17T04:44:54.048+0800: 127.115: [scrub symbol table, 0.0050411 secs]2023-01-17T04:44:54.053+0800: 127.120: [scrub string table, 0.0008941 secs][1 CMS-remark: 134143K(134144K)] 223948K(249344K), 0.0455856 secs] [Times: user=0.12 sys=0.00, real=0.05 secs] 
2023-01-17T04:44:54.055+0800: 127.121: [CMS-concurrent-sweep-start]
2023-01-17T04:44:54.078+0800: 127.144: [CMS-concurrent-sweep: 0.023/0.023 secs] [Times: user=0.07 sys=0.02, real=0.02 secs] 
2023-01-17T04:44:54.080+0800: 127.146: [CMS-concurrent-reset-start]
2023-01-17T04:44:54.080+0800: 127.146: [CMS-concurrent-reset: 0.000/0.000 secs] [Times: user=0.00 sys=0.00, real=0.00 secs] 
{Heap before GC invocations=233 (full 416):
 par new generation   total 115200K, used 115200K [0x00000000f0000000, 0x00000000f7d00000, 0x00000000f7d00000)
  eden space 102400K, 100% used [0x00000000f0000000, 0x00000000f6400000, 0x00000000f6400000)
  from space 12800K, 100% used [0x00000000f6400000, 0x00000000f7080000, 0x00000000f7080000)
  to   space 12800K,   0% used [0x00000000f7080000, 0x00000000f7080000, 0x00000000f7d00000)
 concurrent mark-sweep generation total 134144K, used 134143K [0x00000000f7d00000, 0x0000000100000000, 0x0000000100000000)
 Metaspace       used 51948K, capacity 54766K, committed 55296K, reserved 1097728K
  class space    used 6330K, capacity 6825K, committed 6912K, reserved 1048576K
2023-01-17T04:44:54.154+0800: 127.220: [GC (Allocation Failure) 2023-01-17T04:44:54.154+0800: 127.220: [ParNew: 115200K->115200K(115200K), 0.0000369 secs]2023-01-17T04:44:54.154+0800: 127.220: [CMS: 134143K->134143K(134144K), 0.2741456 secs] 249343K->140017K(249344K), [Metaspace: 51948K->51948K(1097728K)], 0.2747027 secs] [Times: user=0.27 sys=0.00, real=0.27 secs] 
Heap after GC invocations=234 (full 417):
 par new generation   total 115200K, used 5873K [0x00000000f0000000, 0x00000000f7d00000, 0x00000000f7d00000)
  eden space 102400K,   5% used [0x00000000f0000000, 0x00000000f05bc7b8, 0x00000000f6400000)
  from space 12800K,   0% used [0x00000000f6400000, 0x00000000f6400000, 0x00000000f7080000)
  to   space 12800K,   0% used [0x00000000f7080000, 0x00000000f7080000, 0x00000000f7d00000)
 concurrent mark-sweep generation total 134144K, used 134143K [0x00000000f7d00000, 0x0000000100000000, 0x0000000100000000)
 Metaspace       used 51948K, capacity 54766K, committed 55296K, reserved 1097728K
  class space    used 6330K, capacity 6825K, committed 6912K, reserved 1048576K
}
2023-01-17T04:44:54.434+0800: 127.501: [GC (CMS Initial Mark) [1 CMS-initial-mark: 134143K(134144K)] 140675K(249344K), 0.0064387 secs] [Times: user=0.02 sys=0.00, real=0.01 secs] 
2023-01-17T04:44:54.441+0800: 127.507: [CMS-concurrent-mark-start]
2023-01-17T04:44:54.516+0800: 127.583: [CMS-concurrent-mark: 0.075/0.075 secs] [Times: user=0.25 sys=0.04, real=0.07 secs] 
2023-01-17T04:44:54.517+0800: 127.583: [CMS-concurrent-preclean-start]
2023-01-17T04:44:54.563+0800: 127.629: [CMS-concurrent-preclean: 0.047/0.047 secs] [Times: user=0.15 sys=0.03, real=0.05 secs] 
2023-01-17T04:44:54.563+0800: 127.630: [CMS-concurrent-abortable-preclean-start]
2023-01-17T04:44:54.563+0800: 127.630: [CMS-concurrent-abortable-preclean: 0.000/0.000 secs] [Times: user=0.00 sys=0.00, real=0.00 secs] 
2023-01-17T04:44:54.568+0800: 127.634: [GC (CMS Final Remark) [YG occupancy: 90932 K (115200 K)]2023-01-17T04:44:54.568+0800: 127.634: [Rescan (parallel) , 0.0258107 secs]2023-01-17T04:44:54.594+0800: 127.660: [weak refs processing, 0.0000435 secs]2023-01-17T04:44:54.594+0800: 127.660: [class unloading, 0.0139297 secs]2023-01-17T04:44:54.608+0800: 127.674: [scrub symbol table, 0.0051539 secs]2023-01-17T04:44:54.613+0800: 127.679: [scrub string table, 0.0008771 secs][1 CMS-remark: 134143K(134144K)] 225076K(249344K), 0.0460659 secs] [Times: user=0.12 sys=0.00, real=0.05 secs] 
2023-01-17T04:44:54.614+0800: 127.681: [CMS-concurrent-sweep-start]
2023-01-17T04:44:54.633+0800: 127.699: [CMS-concurrent-sweep: 0.018/0.018 secs] [Times: user=0.06 sys=0.01, real=0.02 secs] 
2023-01-17T04:44:54.633+0800: 127.699: [CMS-concurrent-reset-start]
2023-01-17T04:44:54.633+0800: 127.699: [CMS-concurrent-reset: 0.000/0.000 secs] [Times: user=0.00 sys=0.00, real=0.00 secs] 
{Heap before GC invocations=234 (full 418):
 par new generation   total 115200K, used 115199K [0x00000000f0000000, 0x00000000f7d00000, 0x00000000f7d00000)
  eden space 102400K, 100% used [0x00000000f0000000, 0x00000000f6400000, 0x00000000f6400000)
  from space 12800K,  99% used [0x00000000f6400000, 0x00000000f707fff8, 0x00000000f7080000)
  to   space 12800K,   0% used [0x00000000f7080000, 0x00000000f7080000, 0x00000000f7d00000)
 concurrent mark-sweep generation total 134144K, used 134142K [0x00000000f7d00000, 0x0000000100000000, 0x0000000100000000)
 Metaspace       used 51948K, capacity 54766K, committed 55296K, reserved 1097728K
  class space    used 6330K, capacity 6825K, committed 6912K, reserved 1048576K
2023-01-17T04:44:54.708+0800: 127.774: [GC (Allocation Failure) 2023-01-17T04:44:54.708+0800: 127.774: [ParNew: 115199K->115199K(115200K), 0.0000288 secs]2023-01-17T04:44:54.708+0800: 127.774: [CMS: 134142K->134143K(134144K), 0.2144691 secs] 249342K->140014K(249344K), [Metaspace: 51948K->51948K(1097728K)], 0.2149241 secs] [Times: user=0.22 sys=0.00, real=0.22 secs] 
Heap after GC invocations=235 (full 419):
 par new generation   total 115200K, used 5870K [0x00000000f0000000, 0x00000000f7d00000, 0x00000000f7d00000)
  eden space 102400K,   5% used [0x00000000f0000000, 0x00000000f05bba18, 0x00000000f6400000)
  from space 12800K,   0% used [0x00000000f6400000, 0x00000000f6400000, 0x00000000f7080000)
  to   space 12800K,   0% used [0x00000000f7080000, 0x00000000f7080000, 0x00000000f7d00000)
 concurrent mark-sweep generation total 134144K, used 134143K [0x00000000f7d00000, 0x0000000100000000, 0x0000000100000000)
 Metaspace       used 51948K, capacity 54766K, committed 55296K, reserved 1097728K
  class space    used 6330K, capacity 6825K, committed 6912K, reserved 1048576K
}
2023-01-17T04:44:54.928+0800: 127.994: [GC (CMS Initial Mark) [1 CMS-initial-mark: 134143K(134144K)] 140166K(249344K), 0.0075624 secs] [Times: user=0.02 sys=0.00, real=0.01 secs] 
2023-01-17T04:44:54.936+0800: 128.002: [CMS-concurrent-mark-start]
2023-01-17T04:44:55.010+0800: 128.076: [CMS-concurrent-mark: 0.074/0.074 secs] [Times: user=0.21 sys=0.02, real=0.08 secs] 
2023-01-17T04:44:55.010+0800: 128.077: [CMS-concurrent-preclean-start]
2023-01-17T04:44:55.059+0800: 128.126: [CMS-concurrent-preclean: 0.049/0.049 secs] [Times: user=0.14 sys=0.03, real=0.04 secs] 
2023-01-17T04:44:55.060+0800: 128.126: [CMS-concurrent-abortable-preclean-start]
2023-01-17T04:44:55.060+0800: 128.126: [CMS-concurrent-abortable-preclean: 0.000/0.000 secs] [Times: user=0.00 sys=0.00, real=0.00 secs] 
2023-01-17T04:44:55.065+0800: 128.132: [GC (CMS Final Remark) [YG occupancy: 75892 K (115200 K)]2023-01-17T04:44:55.065+0800: 128.132: [Rescan (parallel) , 0.0303142 secs]2023-01-17T04:44:55.096+0800: 128.162: [weak refs processing, 0.0000473 secs]2023-01-17T04:44:55.096+0800: 128.162: [class unloading, 0.0140448 secs]2023-01-17T04:44:55.110+0800: 128.176: [scrub symbol table, 0.0052979 secs]2023-01-17T04:44:55.115+0800: 128.182: [scrub string table, 0.0008937 secs][1 CMS-remark: 134143K(134144K)] 210036K(249344K), 0.0508620 secs] [Times: user=0.11 sys=0.00, real=0.05 secs] 
2023-01-17T04:44:55.117+0800: 128.184: [CMS-concurrent-sweep-start]
2023-01-17T04:44:55.136+0800: 128.202: [CMS-concurrent-sweep: 0.019/0.019 secs] [Times: user=0.06 sys=0.01, real=0.02 secs] 
2023-01-17T04:44:55.136+0800: 128.202: [CMS-concurrent-reset-start]
2023-01-17T04:44:55.136+0800: 128.203: [CMS-concurrent-reset: 0.000/0.000 secs] [Times: user=0.00 sys=0.00, real=0.00 secs] 
{Heap before GC invocations=235 (full 420):
 par new generation   total 115200K, used 115200K [0x00000000f0000000, 0x00000000f7d00000, 0x00000000f7d00000)
  eden space 102400K, 100% used [0x00000000f0000000, 0x00000000f6400000, 0x00000000f6400000)
  from space 12800K, 100% used [0x00000000f6400000, 0x00000000f7080000, 0x00000000f7080000)
  to   space 12800K,   0% used [0x00000000f7080000, 0x00000000f7080000, 0x00000000f7d00000)
 concurrent mark-sweep generation total 134144K, used 134143K [0x00000000f7d00000, 0x0000000100000000, 0x0000000100000000)
 Metaspace       used 51948K, capacity 54766K, committed 55296K, reserved 1097728K
  class space    used 6330K, capacity 6825K, committed 6912K, reserved 1048576K
2023-01-17T04:44:55.229+0800: 128.296: [GC (Allocation Failure) 2023-01-17T04:44:55.229+0800: 128.296: [ParNew: 115200K->115200K(115200K), 0.0000300 secs]2023-01-17T04:44:55.229+0800: 128.296: [CMS: 134143K->134143K(134144K), 0.2133508 secs] 249343K->140013K(249344K), [Metaspace: 51948K->51948K(1097728K)], 0.2137916 secs] [Times: user=0.21 sys=0.00, real=0.22 secs] 
Heap after GC invocations=236 (full 421):
 par new generation   total 115200K, used 5869K [0x00000000f0000000, 0x00000000f7d00000, 0x00000000f7d00000)
  eden space 102400K,   5% used [0x00000000f0000000, 0x00000000f05bb7e0, 0x00000000f6400000)
  from space 12800K,   0% used [0x00000000f6400000, 0x00000000f6400000, 0x00000000f7080000)
  to   space 12800K,   0% used [0x00000000f7080000, 0x00000000f7080000, 0x00000000f7d00000)
 concurrent mark-sweep generation total 134144K, used 134143K [0x00000000f7d00000, 0x0000000100000000, 0x0000000100000000)
 Metaspace       used 51948K, capacity 54766K, committed 55296K, reserved 1097728K
  class space    used 6330K, capacity 6825K, committed 6912K, reserved 1048576K
}
2023-01-17T04:44:55.448+0800: 128.514: [GC (CMS Initial Mark) [1 CMS-initial-mark: 134143K(134144K)] 140206K(249344K), 0.0074960 secs] [Times: user=0.02 sys=0.00, real=0.01 secs] 
2023-01-17T04:44:55.456+0800: 128.522: [CMS-concurrent-mark-start]
2023-01-17T04:44:55.532+0800: 128.598: [CMS-concurrent-mark: 0.076/0.076 secs] [Times: user=0.22 sys=0.03, real=0.08 secs] 
2023-01-17T04:44:55.532+0800: 128.599: [CMS-concurrent-preclean-start]
2023-01-17T04:44:55.584+0800: 128.651: [CMS-concurrent-preclean: 0.052/0.052 secs] [Times: user=0.14 sys=0.02, real=0.05 secs] 
2023-01-17T04:44:55.585+0800: 128.651: [CMS-concurrent-abortable-preclean-start]
2023-01-17T04:44:55.585+0800: 128.651: [CMS-concurrent-abortable-preclean: 0.000/0.000 secs] [Times: user=0.00 sys=0.00, real=0.00 secs] 
2023-01-17T04:44:55.591+0800: 128.657: [GC (CMS Final Remark) [YG occupancy: 76725 K (115200 K)]2023-01-17T04:44:55.591+0800: 128.658: [Rescan (parallel) , 0.0403453 secs]2023-01-17T04:44:55.632+0800: 128.698: [weak refs processing, 0.0000692 secs]2023-01-17T04:44:55.632+0800: 128.698: [class unloading, 0.0207629 secs]2023-01-17T04:44:55.652+0800: 128.719: [scrub symbol table, 0.0095211 secs]2023-01-17T04:44:55.662+0800: 128.728: [scrub string table, 0.0013702 secs][1 CMS-remark: 134143K(134144K)] 210869K(249344K), 0.0724008 secs] [Times: user=0.14 sys=0.00, real=0.07 secs] 
2023-01-17T04:44:55.664+0800: 128.730: [CMS-concurrent-sweep-start]
2023-01-17T04:44:55.685+0800: 128.752: [CMS-concurrent-sweep: 0.021/0.021 secs] [Times: user=0.05 sys=0.01, real=0.02 secs] 
2023-01-17T04:44:55.686+0800: 128.752: [CMS-concurrent-reset-start]
2023-01-17T04:44:55.686+0800: 128.752: [CMS-concurrent-reset: 0.000/0.000 secs] [Times: user=0.00 sys=0.00, real=0.00 secs] 
{Heap before GC invocations=236 (full 422):
 par new generation   total 115200K, used 115199K [0x00000000f0000000, 0x00000000f7d00000, 0x00000000f7d00000)
  eden space 102400K, 100% used [0x00000000f0000000, 0x00000000f6400000, 0x00000000f6400000)
  from space 12800K,  99% used [0x00000000f6400000, 0x00000000f707fff8, 0x00000000f7080000)
  to   space 12800K,   0% used [0x00000000f7080000, 0x00000000f7080000, 0x00000000f7d00000)
 concurrent mark-sweep generation total 134144K, used 134143K [0x00000000f7d00000, 0x0000000100000000, 0x0000000100000000)
 Metaspace       used 51950K, capacity 54766K, committed 55296K, reserved 1097728K
  class space    used 6330K, capacity 6825K, committed 6912K, reserved 1048576K
2023-01-17T04:44:55.796+0800: 128.862: [GC (Allocation Failure) 2023-01-17T04:44:55.796+0800: 128.862: [ParNew: 115199K->115199K(115200K), 0.0000364 secs]2023-01-17T04:44:55.796+0800: 128.862: [CMS: 134143K->134143K(134144K), 0.2418752 secs] 249343K->140018K(249344K), [Metaspace: 51950K->51950K(1097728K)], 0.2424382 secs] [Times: user=0.24 sys=0.00, real=0.24 secs] 
Heap after GC invocations=237 (full 423):
 par new generation   total 115200K, used 5874K [0x00000000f0000000, 0x00000000f7d00000, 0x00000000f7d00000)
  eden space 102400K,   5% used [0x00000000f0000000, 0x00000000f05bcbd8, 0x00000000f6400000)
  from space 12800K,   0% used [0x00000000f6400000, 0x00000000f6400000, 0x00000000f7080000)
  to   space 12800K,   0% used [0x00000000f7080000, 0x00000000f7080000, 0x00000000f7d00000)
 concurrent mark-sweep generation total 134144K, used 134143K [0x00000000f7d00000, 0x0000000100000000, 0x0000000100000000)
 Metaspace       used 51950K, capacity 54766K, committed 55296K, reserved 1097728K
  class space    used 6330K, capacity 6825K, committed 6912K, reserved 1048576K
}
2023-01-17T04:44:56.045+0800: 129.111: [GC (CMS Initial Mark) [1 CMS-initial-mark: 134143K(134144K)] 141049K(249344K), 0.0064600 secs] [Times: user=0.03 sys=0.00, real=0.01 secs] 
2023-01-17T04:44:56.052+0800: 129.118: [CMS-concurrent-mark-start]
2023-01-17T04:44:56.124+0800: 129.191: [CMS-concurrent-mark: 0.073/0.073 secs] [Times: user=0.23 sys=0.06, real=0.07 secs] 
2023-01-17T04:44:56.125+0800: 129.191: [CMS-concurrent-preclean-start]
2023-01-17T04:44:56.171+0800: 129.237: [CMS-concurrent-preclean: 0.046/0.046 secs] [Times: user=0.16 sys=0.01, real=0.05 secs] 
2023-01-17T04:44:56.171+0800: 129.238: [CMS-concurrent-abortable-preclean-start]
2023-01-17T04:44:56.171+0800: 129.238: [CMS-concurrent-abortable-preclean: 0.000/0.000 secs] [Times: user=0.00 sys=0.00, real=0.00 secs] 
2023-01-17T04:44:56.177+0800: 129.243: [GC (CMS Final Remark) [YG occupancy: 90690 K (115200 K)]2023-01-17T04:44:56.177+0800: 129.243: [Rescan (parallel) , 0.0262811 secs]2023-01-17T04:44:56.203+0800: 129.270: [weak refs processing, 0.0000426 secs]2023-01-17T04:44:56.203+0800: 129.270: [class unloading, 0.0138334 secs]2023-01-17T04:44:56.217+0800: 129.284: [scrub symbol table, 0.0051523 secs]2023-01-17T04:44:56.222+0800: 129.289: [scrub string table, 0.0008798 secs][1 CMS-remark: 134143K(134144K)] 224833K(249344K), 0.0464356 secs] [Times: user=0.12 sys=0.00, real=0.05 secs] 
2023-01-17T04:44:56.224+0800: 129.290: [CMS-concurrent-sweep-start]
2023-01-17T04:44:56.246+0800: 129.312: [CMS-concurrent-sweep: 0.022/0.022 secs] [Times: user=0.07 sys=0.01, real=0.02 secs] 
2023-01-17T04:44:56.246+0800: 129.312: [CMS-concurrent-reset-start]
2023-01-17T04:44:56.246+0800: 129.313: [CMS-concurrent-reset: 0.000/0.000 secs] [Times: user=0.00 sys=0.00, real=0.00 secs] 
{Heap before GC invocations=237 (full 424):
 par new generation   total 115200K, used 115200K [0x00000000f0000000, 0x00000000f7d00000, 0x00000000f7d00000)
  eden space 102400K, 100% used [0x00000000f0000000, 0x00000000f6400000, 0x00000000f6400000)
  from space 12800K, 100% used [0x00000000f6400000, 0x00000000f7080000, 0x00000000f7080000)
  to   space 12800K,   0% used [0x00000000f7080000, 0x00000000f7080000, 0x00000000f7d00000)
 concurrent mark-sweep generation total 134144K, used 134143K [0x00000000f7d00000, 0x0000000100000000, 0x0000000100000000)
 Metaspace       used 51950K, capacity 54766K, committed 55296K, reserved 1097728K
  class space    used 6330K, capacity 6825K, committed 6912K, reserved 1048576K
2023-01-17T04:44:56.318+0800: 129.385: [GC (Allocation Failure) 2023-01-17T04:44:56.319+0800: 129.385: [ParNew: 115200K->115200K(115200K), 0.0000311 secs]2023-01-17T04:44:56.319+0800: 129.385: [CMS: 134143K->134143K(134144K), 0.2493217 secs] 249343K->140017K(249344K), [Metaspace: 51950K->51950K(1097728K)], 0.2497868 secs] [Times: user=0.25 sys=0.00, real=0.25 secs] 
Heap after GC invocations=238 (full 425):
 par new generation   total 115200K, used 5873K [0x00000000f0000000, 0x00000000f7d00000, 0x00000000f7d00000)
  eden space 102400K,   5% used [0x00000000f0000000, 0x00000000f05bc520, 0x00000000f6400000)
  from space 12800K,   0% used [0x00000000f6400000, 0x00000000f6400000, 0x00000000f7080000)
  to   space 12800K,   0% used [0x00000000f7080000, 0x00000000f7080000, 0x00000000f7d00000)
 concurrent mark-sweep generation total 134144K, used 134143K [0x00000000f7d00000, 0x0000000100000000, 0x0000000100000000)
 Metaspace       used 51950K, capacity 54766K, committed 55296K, reserved 1097728K
  class space    used 6330K, capacity 6825K, committed 6912K, reserved 1048576K
}
2023-01-17T04:44:56.574+0800: 129.640: [GC (CMS Initial Mark) [1 CMS-initial-mark: 134143K(134144K)] 140657K(249344K), 0.0090034 secs] [Times: user=0.02 sys=0.00, real=0.01 secs] 
2023-01-17T04:44:56.583+0800: 129.649: [CMS-concurrent-mark-start]
2023-01-17T04:44:56.654+0800: 129.720: [CMS-concurrent-mark: 0.071/0.071 secs] [Times: user=0.22 sys=0.02, real=0.07 secs] 
2023-01-17T04:44:56.654+0800: 129.721: [CMS-concurrent-preclean-start]
2023-01-17T04:44:56.701+0800: 129.768: [CMS-concurrent-preclean: 0.047/0.047 secs] [Times: user=0.13 sys=0.03, real=0.05 secs] 
2023-01-17T04:44:56.701+0800: 129.768: [CMS-concurrent-abortable-preclean-start]
2023-01-17T04:44:56.701+0800: 129.768: [CMS-concurrent-abortable-preclean: 0.000/0.000 secs] [Times: user=0.00 sys=0.00, real=0.00 secs] 
2023-01-17T04:44:56.707+0800: 129.773: [GC (CMS Final Remark) [YG occupancy: 77058 K (115200 K)]2023-01-17T04:44:56.707+0800: 129.773: [Rescan (parallel) , 0.0304767 secs]2023-01-17T04:44:56.738+0800: 129.804: [weak refs processing, 0.0000530 secs]2023-01-17T04:44:56.738+0800: 129.804: [class unloading, 0.0144924 secs]2023-01-17T04:44:56.752+0800: 129.819: [scrub symbol table, 0.0051880 secs]2023-01-17T04:44:56.757+0800: 129.824: [scrub string table, 0.0009244 secs][1 CMS-remark: 134143K(134144K)] 211202K(249344K), 0.0513821 secs] [Times: user=0.11 sys=0.00, real=0.05 secs] 
2023-01-17T04:44:56.759+0800: 129.825: [CMS-concurrent-sweep-start]
2023-01-17T04:44:56.776+0800: 129.843: [CMS-concurrent-sweep: 0.018/0.018 secs] [Times: user=0.04 sys=0.01, real=0.02 secs] 
2023-01-17T04:44:56.777+0800: 129.843: [CMS-concurrent-reset-start]
2023-01-17T04:44:56.777+0800: 129.843: [CMS-concurrent-reset: 0.000/0.000 secs] [Times: user=0.00 sys=0.00, real=0.00 secs] 
{Heap before GC invocations=238 (full 426):
 par new generation   total 115200K, used 115199K [0x00000000f0000000, 0x00000000f7d00000, 0x00000000f7d00000)
  eden space 102400K, 100% used [0x00000000f0000000, 0x00000000f6400000, 0x00000000f6400000)
  from space 12800K,  99% used [0x00000000f6400000, 0x00000000f707ffe8, 0x00000000f7080000)
  to   space 12800K,   0% used [0x00000000f7080000, 0x00000000f7080000, 0x00000000f7d00000)
 concurrent mark-sweep generation total 134144K, used 134143K [0x00000000f7d00000, 0x0000000100000000, 0x0000000100000000)
 Metaspace       used 51956K, capacity 54766K, committed 55296K, reserved 1097728K
  class space    used 6330K, capacity 6825K, committed 6912K, reserved 1048576K
2023-01-17T04:44:56.887+0800: 129.953: [GC (Allocation Failure) 2023-01-17T04:44:56.887+0800: 129.953: [ParNew: 115199K->115199K(115200K), 0.0000299 secs]2023-01-17T04:44:56.887+0800: 129.953: [CMS: 134143K->134144K(134144K), 0.2172863 secs] 249343K->140020K(249344K), [Metaspace: 51956K->51956K(1097728K)], 0.2177433 secs] [Times: user=0.22 sys=0.00, real=0.22 secs] 
Heap after GC invocations=239 (full 427):
 par new generation   total 115200K, used 5876K [0x00000000f0000000, 0x00000000f7d00000, 0x00000000f7d00000)
  eden space 102400K,   5% used [0x00000000f0000000, 0x00000000f05bd330, 0x00000000f6400000)
  from space 12800K,   0% used [0x00000000f6400000, 0x00000000f6400000, 0x00000000f7080000)
  to   space 12800K,   0% used [0x00000000f7080000, 0x00000000f7080000, 0x00000000f7d00000)
 concurrent mark-sweep generation total 134144K, used 134144K [0x00000000f7d00000, 0x0000000100000000, 0x0000000100000000)
 Metaspace       used 51956K, capacity 54766K, committed 55296K, reserved 1097728K
  class space    used 6330K, capacity 6825K, committed 6912K, reserved 1048576K
}
2023-01-17T04:44:57.112+0800: 130.178: [GC (CMS Initial Mark) [1 CMS-initial-mark: 134144K(134144K)] 142027K(249344K), 0.0065314 secs] [Times: user=0.03 sys=0.00, real=0.00 secs] 
2023-01-17T04:44:57.119+0800: 130.185: [CMS-concurrent-mark-start]
2023-01-17T04:44:57.191+0800: 130.257: [CMS-concurrent-mark: 0.072/0.072 secs] [Times: user=0.20 sys=0.02, real=0.08 secs] 
2023-01-17T04:44:57.191+0800: 130.257: [CMS-concurrent-preclean-start]
2023-01-17T04:44:57.241+0800: 130.307: [CMS-concurrent-preclean: 0.050/0.050 secs] [Times: user=0.14 sys=0.02, real=0.05 secs] 
2023-01-17T04:44:57.241+0800: 130.308: [CMS-concurrent-abortable-preclean-start]
2023-01-17T04:44:57.241+0800: 130.308: [CMS-concurrent-abortable-preclean: 0.000/0.000 secs] [Times: user=0.00 sys=0.00, real=0.00 secs] 
2023-01-17T04:44:57.246+0800: 130.312: [GC (CMS Final Remark) [YG occupancy: 71625 K (115200 K)]2023-01-17T04:44:57.246+0800: 130.312: [Rescan (parallel) , 0.0287184 secs]2023-01-17T04:44:57.275+0800: 130.341: [weak refs processing, 0.0000447 secs]2023-01-17T04:44:57.275+0800: 130.341: [class unloading, 0.0139635 secs]2023-01-17T04:44:57.289+0800: 130.355: [scrub symbol table, 0.0051544 secs]2023-01-17T04:44:57.294+0800: 130.360: [scrub string table, 0.0008845 secs][1 CMS-remark: 134144K(134144K)] 205769K(249344K), 0.0490188 secs] [Times: user=0.10 sys=0.00, real=0.05 secs] 
2023-01-17T04:44:57.295+0800: 130.362: [CMS-concurrent-sweep-start]
2023-01-17T04:44:57.314+0800: 130.380: [CMS-concurrent-sweep: 0.018/0.018 secs] [Times: user=0.05 sys=0.01, real=0.02 secs] 
2023-01-17T04:44:57.314+0800: 130.380: [CMS-concurrent-reset-start]
2023-01-17T04:44:57.314+0800: 130.380: [CMS-concurrent-reset: 0.000/0.000 secs] [Times: user=0.00 sys=0.00, real=0.00 secs] 
{Heap before GC invocations=239 (full 428):
 par new generation   total 115200K, used 115199K [0x00000000f0000000, 0x00000000f7d00000, 0x00000000f7d00000)
  eden space 102400K, 100% used [0x00000000f0000000, 0x00000000f6400000, 0x00000000f6400000)
  from space 12800K,  99% used [0x00000000f6400000, 0x00000000f707fff8, 0x00000000f7080000)
  to   space 12800K,   0% used [0x00000000f7080000, 0x00000000f7080000, 0x00000000f7d00000)
 concurrent mark-sweep generation total 134144K, used 134143K [0x00000000f7d00000, 0x0000000100000000, 0x0000000100000000)
 Metaspace       used 51957K, capacity 54766K, committed 55296K, reserved 1097728K
  class space    used 6330K, capacity 6825K, committed 6912K, reserved 1048576K
2023-01-17T04:44:57.426+0800: 130.492: [GC (Allocation Failure) 2023-01-17T04:44:57.426+0800: 130.493: [ParNew: 115199K->115199K(115200K), 0.0000301 secs]2023-01-17T04:44:57.426+0800: 130.493: [CMS: 134143K->134143K(134144K), 0.2207261 secs] 249343K->140066K(249344K), [Metaspace: 51957K->51957K(1097728K)], 0.2211969 secs] [Times: user=0.23 sys=0.00, real=0.22 secs] 
Heap after GC invocations=240 (full 429):
 par new generation   total 115200K, used 5922K [0x00000000f0000000, 0x00000000f7d00000, 0x00000000f7d00000)
  eden space 102400K,   5% used [0x00000000f0000000, 0x00000000f05c88d0, 0x00000000f6400000)
  from space 12800K,   0% used [0x00000000f6400000, 0x00000000f6400000, 0x00000000f7080000)
  to   space 12800K,   0% used [0x00000000f7080000, 0x00000000f7080000, 0x00000000f7d00000)
 concurrent mark-sweep generation total 134144K, used 134143K [0x00000000f7d00000, 0x0000000100000000, 0x0000000100000000)
 Metaspace       used 51957K, capacity 54766K, committed 55296K, reserved 1097728K
  class space    used 6330K, capacity 6825K, committed 6912K, reserved 1048576K
}
2023-01-17T04:44:57.653+0800: 130.720: [GC (CMS Initial Mark) [1 CMS-initial-mark: 134143K(134144K)] 140359K(249344K), 0.0065849 secs] [Times: user=0.02 sys=0.00, real=0.01 secs] 
2023-01-17T04:44:57.660+0800: 130.726: [CMS-concurrent-mark-start]
2023-01-17T04:44:57.733+0800: 130.800: [CMS-concurrent-mark: 0.073/0.073 secs] [Times: user=0.22 sys=0.06, real=0.07 secs] 
2023-01-17T04:44:57.733+0800: 130.800: [CMS-concurrent-preclean-start]
2023-01-17T04:44:57.783+0800: 130.849: [CMS-concurrent-preclean: 0.049/0.049 secs] [Times: user=0.18 sys=0.02, real=0.05 secs] 
2023-01-17T04:44:57.783+0800: 130.849: [CMS-concurrent-abortable-preclean-start]
2023-01-17T04:44:57.783+0800: 130.849: [CMS-concurrent-abortable-preclean: 0.000/0.000 secs] [Times: user=0.00 sys=0.00, real=0.00 secs] 
2023-01-17T04:44:57.788+0800: 130.854: [GC (CMS Final Remark) [YG occupancy: 91098 K (115200 K)]2023-01-17T04:44:57.788+0800: 130.854: [Rescan (parallel) , 0.0260619 secs]2023-01-17T04:44:57.814+0800: 130.880: [weak refs processing, 0.0000558 secs]2023-01-17T04:44:57.814+0800: 130.880: [class unloading, 0.0139593 secs]2023-01-17T04:44:57.828+0800: 130.894: [scrub symbol table, 0.0051756 secs]2023-01-17T04:44:57.833+0800: 130.899: [scrub string table, 0.0008856 secs][1 CMS-remark: 134143K(134144K)] 225242K(249344K), 0.0463988 secs] [Times: user=0.12 sys=0.00, real=0.05 secs] 
2023-01-17T04:44:57.834+0800: 130.901: [CMS-concurrent-sweep-start]
2023-01-17T04:44:57.855+0800: 130.921: [CMS-concurrent-sweep: 0.020/0.020 secs] [Times: user=0.08 sys=0.01, real=0.02 secs] 
2023-01-17T04:44:57.856+0800: 130.922: [CMS-concurrent-reset-start]
2023-01-17T04:44:57.857+0800: 130.923: [CMS-concurrent-reset: 0.001/0.001 secs] [Times: user=0.00 sys=0.00, real=0.00 secs] 
{Heap before GC invocations=240 (full 430):
 par new generation   total 115200K, used 115199K [0x00000000f0000000, 0x00000000f7d00000, 0x00000000f7d00000)
  eden space 102400K, 100% used [0x00000000f0000000, 0x00000000f6400000, 0x00000000f6400000)
  from space 12800K,  99% used [0x00000000f6400000, 0x00000000f707fff0, 0x00000000f7080000)
  to   space 12800K,   0% used [0x00000000f7080000, 0x00000000f7080000, 0x00000000f7d00000)
 concurrent mark-sweep generation total 134144K, used 134142K [0x00000000f7d00000, 0x0000000100000000, 0x0000000100000000)
 Metaspace       used 51957K, capacity 54766K, committed 55296K, reserved 1097728K
  class space    used 6330K, capacity 6825K, committed 6912K, reserved 1048576K
2023-01-17T04:44:57.932+0800: 130.998: [GC (Allocation Failure) 2023-01-17T04:44:57.932+0800: 130.998: [ParNew: 115199K->115199K(115200K), 0.0000289 secs]2023-01-17T04:44:57.932+0800: 130.998: [CMS: 134142K->134143K(134144K), 0.2437758 secs] 249342K->140018K(249344K), [Metaspace: 51957K->51957K(1097728K)], 0.2442468 secs] [Times: user=0.25 sys=0.01, real=0.24 secs] 
Heap after GC invocations=241 (full 431):
 par new generation   total 115200K, used 5874K [0x00000000f0000000, 0x00000000f7d00000, 0x00000000f7d00000)
  eden space 102400K,   5% used [0x00000000f0000000, 0x00000000f05bca98, 0x00000000f6400000)
  from space 12800K,   0% used [0x00000000f6400000, 0x00000000f6400000, 0x00000000f7080000)
  to   space 12800K,   0% used [0x00000000f7080000, 0x00000000f7080000, 0x00000000f7d00000)
 concurrent mark-sweep generation total 134144K, used 134143K [0x00000000f7d00000, 0x0000000100000000, 0x0000000100000000)
 Metaspace       used 51957K, capacity 54766K, committed 55296K, reserved 1097728K
  class space    used 6330K, capacity 6825K, committed 6912K, reserved 1048576K
}
2023-01-17T04:44:58.182+0800: 131.248: [GC (CMS Initial Mark) [1 CMS-initial-mark: 134143K(134144K)] 140747K(249344K), 0.0063589 secs] [Times: user=0.03 sys=0.00, real=0.00 secs] 
2023-01-17T04:44:58.189+0800: 131.255: [CMS-concurrent-mark-start]
2023-01-17T04:44:58.287+0800: 131.353: [CMS-concurrent-mark: 0.098/0.098 secs] [Times: user=0.30 sys=0.05, real=0.10 secs] 
2023-01-17T04:44:58.287+0800: 131.353: [CMS-concurrent-preclean-start]
2023-01-17T04:44:58.336+0800: 131.402: [CMS-concurrent-preclean: 0.049/0.049 secs] [Times: user=0.16 sys=0.02, real=0.05 secs] 
2023-01-17T04:44:58.336+0800: 131.402: [CMS-concurrent-abortable-preclean-start]
2023-01-17T04:44:58.336+0800: 131.402: [CMS-concurrent-abortable-preclean: 0.000/0.000 secs] [Times: user=0.00 sys=0.00, real=0.00 secs] 
2023-01-17T04:44:58.345+0800: 131.411: [GC (CMS Final Remark) [YG occupancy: 104001 K (115200 K)]2023-01-17T04:44:58.345+0800: 131.411: [Rescan (parallel) , 0.0294237 secs]2023-01-17T04:44:58.374+0800: 131.441: [weak refs processing, 0.0000417 secs]2023-01-17T04:44:58.374+0800: 131.441: [class unloading, 0.0137385 secs]2023-01-17T04:44:58.388+0800: 131.454: [scrub symbol table, 0.0052609 secs]2023-01-17T04:44:58.393+0800: 131.460: [scrub string table, 0.0008817 secs][1 CMS-remark: 134143K(134144K)] 238145K(249344K), 0.0495852 secs] [Times: user=0.14 sys=0.00, real=0.05 secs] 
2023-01-17T04:44:58.395+0800: 131.461: [CMS-concurrent-sweep-start]
2023-01-17T04:44:58.412+0800: 131.479: [CMS-concurrent-sweep: 0.017/0.017 secs] [Times: user=0.06 sys=0.00, real=0.02 secs] 
2023-01-17T04:44:58.413+0800: 131.479: [CMS-concurrent-reset-start]
2023-01-17T04:44:58.413+0800: 131.479: [CMS-concurrent-reset: 0.000/0.000 secs] [Times: user=0.00 sys=0.00, real=0.00 secs] 
{Heap before GC invocations=241 (full 432):
 par new generation   total 115200K, used 115199K [0x00000000f0000000, 0x00000000f7d00000, 0x00000000f7d00000)
  eden space 102400K, 100% used [0x00000000f0000000, 0x00000000f6400000, 0x00000000f6400000)
  from space 12800K,  99% used [0x00000000f6400000, 0x00000000f707fff8, 0x00000000f7080000)
  to   space 12800K,   0% used [0x00000000f7080000, 0x00000000f7080000, 0x00000000f7d00000)
 concurrent mark-sweep generation total 134144K, used 134143K [0x00000000f7d00000, 0x0000000100000000, 0x0000000100000000)
 Metaspace       used 51957K, capacity 54766K, committed 55296K, reserved 1097728K
  class space    used 6330K, capacity 6825K, committed 6912K, reserved 1048576K
2023-01-17T04:44:58.463+0800: 131.529: [GC (Allocation Failure) 2023-01-17T04:44:58.463+0800: 131.529: [ParNew: 115199K->115199K(115200K), 0.0000288 secs]2023-01-17T04:44:58.463+0800: 131.529: [CMS: 134143K->134143K(134144K), 0.2137103 secs] 249342K->139987K(249344K), [Metaspace: 51957K->51957K(1097728K)], 0.2141547 secs] [Times: user=0.21 sys=0.00, real=0.21 secs] 
Heap after GC invocations=242 (full 433):
 par new generation   total 115200K, used 5843K [0x00000000f0000000, 0x00000000f7d00000, 0x00000000f7d00000)
  eden space 102400K,   5% used [0x00000000f0000000, 0x00000000f05b4de8, 0x00000000f6400000)
  from space 12800K,   0% used [0x00000000f6400000, 0x00000000f6400000, 0x00000000f7080000)
  to   space 12800K,   0% used [0x00000000f7080000, 0x00000000f7080000, 0x00000000f7d00000)
 concurrent mark-sweep generation total 134144K, used 134143K [0x00000000f7d00000, 0x0000000100000000, 0x0000000100000000)
 Metaspace       used 51957K, capacity 54766K, committed 55296K, reserved 1097728K
  class space    used 6330K, capacity 6825K, committed 6912K, reserved 1048576K
}
2023-01-17T04:44:58.682+0800: 131.749: [GC (CMS Initial Mark) [1 CMS-initial-mark: 134143K(134144K)] 140456K(249344K), 0.0078533 secs] [Times: user=0.02 sys=0.00, real=0.01 secs] 
2023-01-17T04:44:58.691+0800: 131.757: [CMS-concurrent-mark-start]
2023-01-17T04:44:58.777+0800: 131.844: [CMS-concurrent-mark: 0.087/0.087 secs] [Times: user=0.23 sys=0.03, real=0.08 secs] 
2023-01-17T04:44:58.777+0800: 131.844: [CMS-concurrent-preclean-start]
2023-01-17T04:44:58.872+0800: 131.938: [CMS-concurrent-preclean: 0.094/0.094 secs] [Times: user=0.25 sys=0.03, real=0.10 secs] 
2023-01-17T04:44:58.872+0800: 131.938: [CMS-concurrent-abortable-preclean-start]
2023-01-17T04:44:58.872+0800: 131.938: [CMS-concurrent-abortable-preclean: 0.000/0.000 secs] [Times: user=0.00 sys=0.00, real=0.00 secs] 
2023-01-17T04:44:58.879+0800: 131.945: [GC (CMS Final Remark) [YG occupancy: 96523 K (115200 K)]2023-01-17T04:44:58.879+0800: 131.946: [Rescan (parallel) , 0.0321595 secs]2023-01-17T04:44:58.911+0800: 131.978: [weak refs processing, 0.0000508 secs]2023-01-17T04:44:58.911+0800: 131.978: [class unloading, 0.0142136 secs]2023-01-17T04:44:58.926+0800: 131.992: [scrub symbol table, 0.0052311 secs]2023-01-17T04:44:58.931+0800: 131.997: [scrub string table, 0.0009251 secs][1 CMS-remark: 134143K(134144K)] 230667K(249344K), 0.0528597 secs] [Times: user=0.13 sys=0.00, real=0.06 secs] 
2023-01-17T04:44:58.932+0800: 131.999: [CMS-concurrent-sweep-start]
2023-01-17T04:44:58.952+0800: 132.018: [CMS-concurrent-sweep: 0.020/0.020 secs] [Times: user=0.07 sys=0.02, real=0.02 secs] 
2023-01-17T04:44:58.956+0800: 132.023: [CMS-concurrent-reset-start]
2023-01-17T04:44:58.956+0800: 132.023: [CMS-concurrent-reset: 0.000/0.000 secs] [Times: user=0.00 sys=0.00, real=0.00 secs] 
{Heap before GC invocations=242 (full 434):
 par new generation   total 115200K, used 115199K [0x00000000f0000000, 0x00000000f7d00000, 0x00000000f7d00000)
  eden space 102400K, 100% used [0x00000000f0000000, 0x00000000f6400000, 0x00000000f6400000)
  from space 12800K,  99% used [0x00000000f6400000, 0x00000000f707ffe0, 0x00000000f7080000)
  to   space 12800K,   0% used [0x00000000f7080000, 0x00000000f7080000, 0x00000000f7d00000)
 concurrent mark-sweep generation total 134144K, used 134143K [0x00000000f7d00000, 0x0000000100000000, 0x0000000100000000)
 Metaspace       used 51958K, capacity 54766K, committed 55296K, reserved 1097728K
  class space    used 6330K, capacity 6825K, committed 6912K, reserved 1048576K
2023-01-17T04:44:59.018+0800: 132.084: [GC (Allocation Failure) 2023-01-17T04:44:59.018+0800: 132.084: [ParNew: 115199K->115199K(115200K), 0.0000309 secs]2023-01-17T04:44:59.018+0800: 132.084: [CMS: 134143K->134143K(134144K), 0.2167508 secs] 249343K->140005K(249344K), [Metaspace: 51958K->51958K(1097728K)], 0.2172190 secs] [Times: user=0.22 sys=0.00, real=0.22 secs] 
Heap after GC invocations=243 (full 435):
 par new generation   total 115200K, used 5861K [0x00000000f0000000, 0x00000000f7d00000, 0x00000000f7d00000)
  eden space 102400K,   5% used [0x00000000f0000000, 0x00000000f05b9740, 0x00000000f6400000)
  from space 12800K,   0% used [0x00000000f6400000, 0x00000000f6400000, 0x00000000f7080000)
  to   space 12800K,   0% used [0x00000000f7080000, 0x00000000f7080000, 0x00000000f7d00000)
 concurrent mark-sweep generation total 134144K, used 134143K [0x00000000f7d00000, 0x0000000100000000, 0x0000000100000000)
 Metaspace       used 51958K, capacity 54766K, committed 55296K, reserved 1097728K
  class space    used 6330K, capacity 6825K, committed 6912K, reserved 1048576K
}
2023-01-17T04:44:59.243+0800: 132.309: [GC (CMS Initial Mark) [1 CMS-initial-mark: 134143K(134144K)] 140918K(249344K), 0.0079256 secs] [Times: user=0.02 sys=0.00, real=0.01 secs] 
2023-01-17T04:44:59.251+0800: 132.318: [CMS-concurrent-mark-start]
2023-01-17T04:44:59.324+0800: 132.390: [CMS-concurrent-mark: 0.073/0.073 secs] [Times: user=0.18 sys=0.02, real=0.07 secs] 
2023-01-17T04:44:59.324+0800: 132.390: [CMS-concurrent-preclean-start]
2023-01-17T04:44:59.373+0800: 132.440: [CMS-concurrent-preclean: 0.049/0.049 secs] [Times: user=0.12 sys=0.03, real=0.05 secs] 
2023-01-17T04:44:59.374+0800: 132.440: [CMS-concurrent-abortable-preclean-start]
2023-01-17T04:44:59.374+0800: 132.440: [CMS-concurrent-abortable-preclean: 0.000/0.000 secs] [Times: user=0.00 sys=0.00, real=0.00 secs] 
2023-01-17T04:44:59.381+0800: 132.448: [GC (CMS Final Remark) [YG occupancy: 64500 K (115200 K)]2023-01-17T04:44:59.381+0800: 132.448: [Rescan (parallel) , 0.0194408 secs]2023-01-17T04:44:59.401+0800: 132.467: [weak refs processing, 0.0000630 secs]2023-01-17T04:44:59.401+0800: 132.467: [class unloading, 0.0199394 secs]2023-01-17T04:44:59.421+0800: 132.487: [scrub symbol table, 0.0079491 secs]2023-01-17T04:44:59.429+0800: 132.495: [scrub string table, 0.0012778 secs][1 CMS-remark: 134143K(134144K)] 198644K(249344K), 0.0489342 secs] [Times: user=0.10 sys=0.00, real=0.05 secs] 
2023-01-17T04:44:59.431+0800: 132.497: [CMS-concurrent-sweep-start]
2023-01-17T04:44:59.503+0800: 132.569: [CMS-concurrent-sweep: 0.072/0.072 secs] [Times: user=0.17 sys=0.04, real=0.07 secs] 
2023-01-17T04:44:59.503+0800: 132.569: [CMS-concurrent-reset-start]
2023-01-17T04:44:59.503+0800: 132.570: [CMS-concurrent-reset: 0.000/0.000 secs] [Times: user=0.01 sys=0.00, real=0.00 secs] 
{Heap before GC invocations=243 (full 436):
 par new generation   total 115200K, used 115200K [0x00000000f0000000, 0x00000000f7d00000, 0x00000000f7d00000)
  eden space 102400K, 100% used [0x00000000f0000000, 0x00000000f6400000, 0x00000000f6400000)
  from space 12800K, 100% used [0x00000000f6400000, 0x00000000f7080000, 0x00000000f7080000)
  to   space 12800K,   0% used [0x00000000f7080000, 0x00000000f7080000, 0x00000000f7d00000)
 concurrent mark-sweep generation total 134144K, used 134143K [0x00000000f7d00000, 0x0000000100000000, 0x0000000100000000)
 Metaspace       used 51959K, capacity 54766K, committed 55296K, reserved 1097728K
  class space    used 6330K, capacity 6825K, committed 6912K, reserved 1048576K
2023-01-17T04:44:59.576+0800: 132.642: [GC (Allocation Failure) 2023-01-17T04:44:59.576+0800: 132.643: [ParNew: 115200K->115200K(115200K), 0.0000350 secs]2023-01-17T04:44:59.576+0800: 132.643: [CMS: 134143K->134143K(134144K), 0.2224423 secs] 249343K->139988K(249344K), [Metaspace: 51959K->51959K(1097728K)], 0.2229734 secs] [Times: user=0.22 sys=0.00, real=0.22 secs] 
Heap after GC invocations=244 (full 437):
 par new generation   total 115200K, used 5844K [0x00000000f0000000, 0x00000000f7d00000, 0x00000000f7d00000)
  eden space 102400K,   5% used [0x00000000f0000000, 0x00000000f05b5358, 0x00000000f6400000)
  from space 12800K,   0% used [0x00000000f6400000, 0x00000000f6400000, 0x00000000f7080000)
  to   space 12800K,   0% used [0x00000000f7080000, 0x00000000f7080000, 0x00000000f7d00000)
 concurrent mark-sweep generation total 134144K, used 134143K [0x00000000f7d00000, 0x0000000100000000, 0x0000000100000000)
 Metaspace       used 51959K, capacity 54766K, committed 55296K, reserved 1097728K
  class space    used 6330K, capacity 6825K, committed 6912K, reserved 1048576K
}
2023-01-17T04:44:59.805+0800: 132.871: [GC (CMS Initial Mark) [1 CMS-initial-mark: 134143K(134144K)] 140751K(249344K), 0.0064177 secs] [Times: user=0.02 sys=0.00, real=0.01 secs] 
2023-01-17T04:44:59.812+0800: 132.878: [CMS-concurrent-mark-start]
2023-01-17T04:44:59.887+0800: 132.953: [CMS-concurrent-mark: 0.075/0.075 secs] [Times: user=0.24 sys=0.04, real=0.07 secs] 
2023-01-17T04:44:59.887+0800: 132.953: [CMS-concurrent-preclean-start]
2023-01-17T04:44:59.934+0800: 133.000: [CMS-concurrent-preclean: 0.047/0.047 secs] [Times: user=0.16 sys=0.03, real=0.05 secs] 
2023-01-17T04:44:59.934+0800: 133.000: [CMS-concurrent-abortable-preclean-start]
2023-01-17T04:44:59.934+0800: 133.000: [CMS-concurrent-abortable-preclean: 0.000/0.000 secs] [Times: user=0.00 sys=0.00, real=0.00 secs] 
2023-01-17T04:44:59.940+0800: 133.006: [GC (CMS Final Remark) [YG occupancy: 87860 K (115200 K)]2023-01-17T04:44:59.940+0800: 133.006: [Rescan (parallel) , 0.0251317 secs]2023-01-17T04:44:59.965+0800: 133.031: [weak refs processing, 0.0000441 secs]2023-01-17T04:44:59.965+0800: 133.031: [class unloading, 0.0139646 secs]2023-01-17T04:44:59.979+0800: 133.045: [scrub symbol table, 0.0053339 secs]2023-01-17T04:44:59.984+0800: 133.051: [scrub string table, 0.0008670 secs][1 CMS-remark: 134143K(134144K)] 222004K(249344K), 0.0455887 secs] [Times: user=0.12 sys=0.00, real=0.04 secs] 
2023-01-17T04:44:59.986+0800: 133.053: [CMS-concurrent-sweep-start]
2023-01-17T04:45:00.005+0800: 133.071: [CMS-concurrent-sweep: 0.019/0.019 secs] [Times: user=0.06 sys=0.01, real=0.02 secs] 
2023-01-17T04:45:00.005+0800: 133.072: [CMS-concurrent-reset-start]
2023-01-17T04:45:00.005+0800: 133.072: [CMS-concurrent-reset: 0.000/0.000 secs] [Times: user=0.01 sys=0.00, real=0.00 secs] 
{Heap before GC invocations=244 (full 438):
 par new generation   total 115200K, used 115199K [0x00000000f0000000, 0x00000000f7d00000, 0x00000000f7d00000)
  eden space 102400K, 100% used [0x00000000f0000000, 0x00000000f6400000, 0x00000000f6400000)
  from space 12800K,  99% used [0x00000000f6400000, 0x00000000f707fff8, 0x00000000f7080000)
  to   space 12800K,   0% used [0x00000000f7080000, 0x00000000f7080000, 0x00000000f7d00000)
 concurrent mark-sweep generation total 134144K, used 134142K [0x00000000f7d00000, 0x0000000100000000, 0x0000000100000000)
 Metaspace       used 51959K, capacity 54766K, committed 55296K, reserved 1097728K
  class space    used 6330K, capacity 6825K, committed 6912K, reserved 1048576K
2023-01-17T04:45:00.084+0800: 133.150: [GC (Allocation Failure) 2023-01-17T04:45:00.084+0800: 133.150: [ParNew: 115199K->115199K(115200K), 0.0000314 secs]2023-01-17T04:45:00.084+0800: 133.150: [CMS: 134142K->134143K(134144K), 0.2407581 secs] 249342K->140050K(249344K), [Metaspace: 51959K->51959K(1097728K)], 0.2412425 secs] [Times: user=0.24 sys=0.00, real=0.24 secs] 
Heap after GC invocations=245 (full 439):
 par new generation   total 115200K, used 5907K [0x00000000f0000000, 0x00000000f7d00000, 0x00000000f7d00000)
  eden space 102400K,   5% used [0x00000000f0000000, 0x00000000f05c4c00, 0x00000000f6400000)
  from space 12800K,   0% used [0x00000000f6400000, 0x00000000f6400000, 0x00000000f7080000)
  to   space 12800K,   0% used [0x00000000f7080000, 0x00000000f7080000, 0x00000000f7d00000)
 concurrent mark-sweep generation total 134144K, used 134143K [0x00000000f7d00000, 0x0000000100000000, 0x0000000100000000)
 Metaspace       used 51959K, capacity 54766K, committed 55296K, reserved 1097728K
  class space    used 6330K, capacity 6825K, committed 6912K, reserved 1048576K
}
2023-01-17T04:45:00.334+0800: 133.400: [GC (CMS Initial Mark) [1 CMS-initial-mark: 134143K(134144K)] 141309K(249344K), 0.0074839 secs] [Times: user=0.03 sys=0.00, real=0.01 secs] 
2023-01-17T04:45:00.342+0800: 133.408: [CMS-concurrent-mark-start]
2023-01-17T04:45:00.466+0800: 133.532: [CMS-concurrent-mark: 0.124/0.124 secs] [Times: user=0.29 sys=0.05, real=0.12 secs] 
2023-01-17T04:45:00.466+0800: 133.532: [CMS-concurrent-preclean-start]
2023-01-17T04:45:00.535+0800: 133.601: [CMS-concurrent-preclean: 0.069/0.069 secs] [Times: user=0.18 sys=0.02, real=0.07 secs] 
2023-01-17T04:45:00.535+0800: 133.602: [CMS-concurrent-abortable-preclean-start]
2023-01-17T04:45:00.535+0800: 133.602: [CMS-concurrent-abortable-preclean: 0.000/0.000 secs] [Times: user=0.00 sys=0.00, real=0.00 secs] 
2023-01-17T04:45:00.555+0800: 133.621: [GC (CMS Final Remark) [YG occupancy: 106897 K (115200 K)]2023-01-17T04:45:00.555+0800: 133.621: [Rescan (parallel) , 0.0403374 secs]2023-01-17T04:45:00.595+0800: 133.661: [weak refs processing, 0.0000489 secs]2023-01-17T04:45:00.595+0800: 133.662: [class unloading, 0.0142345 secs]2023-01-17T04:45:00.609+0800: 133.676: [scrub symbol table, 0.0051447 secs]2023-01-17T04:45:00.615+0800: 133.681: [scrub string table, 0.0008675 secs][1 CMS-remark: 134143K(134144K)] 241041K(249344K), 0.0609396 secs] [Times: user=0.14 sys=0.00, real=0.06 secs] 
2023-01-17T04:45:00.616+0800: 133.682: [CMS-concurrent-sweep-start]
2023-01-17T04:45:00.634+0800: 133.700: [CMS-concurrent-sweep: 0.018/0.018 secs] [Times: user=0.07 sys=0.00, real=0.02 secs] 
2023-01-17T04:45:00.634+0800: 133.700: [CMS-concurrent-reset-start]
2023-01-17T04:45:00.634+0800: 133.701: [CMS-concurrent-reset: 0.000/0.000 secs] [Times: user=0.00 sys=0.00, real=0.00 secs] 
{Heap before GC invocations=245 (full 440):
 par new generation   total 115200K, used 115199K [0x00000000f0000000, 0x00000000f7d00000, 0x00000000f7d00000)
  eden space 102400K, 100% used [0x00000000f0000000, 0x00000000f6400000, 0x00000000f6400000)
  from space 12800K,  99% used [0x00000000f6400000, 0x00000000f707fff0, 0x00000000f7080000)
  to   space 12800K,   0% used [0x00000000f7080000, 0x00000000f7080000, 0x00000000f7d00000)
 concurrent mark-sweep generation total 134144K, used 134142K [0x00000000f7d00000, 0x0000000100000000, 0x0000000100000000)
 Metaspace       used 51959K, capacity 54766K, committed 55296K, reserved 1097728K
  class space    used 6330K, capacity 6825K, committed 6912K, reserved 1048576K
2023-01-17T04:45:00.668+0800: 133.734: [GC (Allocation Failure) 2023-01-17T04:45:00.668+0800: 133.735: [ParNew: 115199K->115199K(115200K), 0.0000283 secs]2023-01-17T04:45:00.668+0800: 133.735: [CMS: 134142K->134144K(134144K), 0.2198662 secs] 249342K->139983K(249344K), [Metaspace: 51959K->51959K(1097728K)], 0.2203051 secs] [Times: user=0.22 sys=0.00, real=0.22 secs] 
Heap after GC invocations=246 (full 441):
 par new generation   total 115200K, used 5839K [0x00000000f0000000, 0x00000000f7d00000, 0x00000000f7d00000)
  eden space 102400K,   5% used [0x00000000f0000000, 0x00000000f05b3e60, 0x00000000f6400000)
  from space 12800K,   0% used [0x00000000f6400000, 0x00000000f6400000, 0x00000000f7080000)
  to   space 12800K,   0% used [0x00000000f7080000, 0x00000000f7080000, 0x00000000f7d00000)
 concurrent mark-sweep generation total 134144K, used 134144K [0x00000000f7d00000, 0x0000000100000000, 0x0000000100000000)
 Metaspace       used 51959K, capacity 54766K, committed 55296K, reserved 1097728K
  class space    used 6330K, capacity 6825K, committed 6912K, reserved 1048576K
}
2023-01-17T04:45:00.894+0800: 133.960: [GC (CMS Initial Mark) [1 CMS-initial-mark: 134144K(134144K)] 140226K(249344K), 0.0087613 secs] [Times: user=0.02 sys=0.00, real=0.01 secs] 
2023-01-17T04:45:00.903+0800: 133.969: [CMS-concurrent-mark-start]
2023-01-17T04:45:00.973+0800: 134.040: [CMS-concurrent-mark: 0.070/0.070 secs] [Times: user=0.18 sys=0.02, real=0.07 secs] 
2023-01-17T04:45:00.974+0800: 134.040: [CMS-concurrent-preclean-start]
2023-01-17T04:45:01.022+0800: 134.088: [CMS-concurrent-preclean: 0.048/0.048 secs] [Times: user=0.13 sys=0.02, real=0.05 secs] 
2023-01-17T04:45:01.022+0800: 134.089: [CMS-concurrent-abortable-preclean-start]
2023-01-17T04:45:01.022+0800: 134.089: [CMS-concurrent-abortable-preclean: 0.000/0.000 secs] [Times: user=0.00 sys=0.00, real=0.00 secs] 
2023-01-17T04:45:01.028+0800: 134.094: [GC (CMS Final Remark) [YG occupancy: 63092 K (115200 K)]2023-01-17T04:45:01.028+0800: 134.094: [Rescan (parallel) , 0.0258281 secs]2023-01-17T04:45:01.054+0800: 134.120: [weak refs processing, 0.0000596 secs]2023-01-17T04:45:01.054+0800: 134.120: [class unloading, 0.0198844 secs]2023-01-17T04:45:01.074+0800: 134.140: [scrub symbol table, 0.0076918 secs]2023-01-17T04:45:01.081+0800: 134.148: [scrub string table, 0.0012690 secs][1 CMS-remark: 134144K(134144K)] 197236K(249344K), 0.0549817 secs] [Times: user=0.10 sys=0.00, real=0.06 secs] 
2023-01-17T04:45:01.083+0800: 134.149: [CMS-concurrent-sweep-start]
2023-01-17T04:45:01.102+0800: 134.168: [CMS-concurrent-sweep: 0.019/0.019 secs] [Times: user=0.05 sys=0.01, real=0.02 secs] 
2023-01-17T04:45:01.102+0800: 134.169: [CMS-concurrent-reset-start]
2023-01-17T04:45:01.102+0800: 134.169: [CMS-concurrent-reset: 0.000/0.000 secs] [Times: user=0.00 sys=0.00, real=0.00 secs] 
{Heap before GC invocations=246 (full 442):
 par new generation   total 115200K, used 115195K [0x00000000f0000000, 0x00000000f7d00000, 0x00000000f7d00000)
  eden space 102400K, 100% used [0x00000000f0000000, 0x00000000f6400000, 0x00000000f6400000)
  from space 12800K,  99% used [0x00000000f6400000, 0x00000000f707ecc8, 0x00000000f7080000)
  to   space 12800K,   0% used [0x00000000f7080000, 0x00000000f7080000, 0x00000000f7d00000)
 concurrent mark-sweep generation total 134144K, used 134143K [0x00000000f7d00000, 0x0000000100000000, 0x0000000100000000)
 Metaspace       used 51959K, capacity 54766K, committed 55296K, reserved 1097728K
  class space    used 6330K, capacity 6825K, committed 6912K, reserved 1048576K
2023-01-17T04:45:01.223+0800: 134.289: [GC (Allocation Failure) 2023-01-17T04:45:01.223+0800: 134.290: [ParNew: 115195K->115195K(115200K), 0.0000309 secs]2023-01-17T04:45:01.223+0800: 134.290: [CMS: 134143K->134143K(134144K), 0.2216910 secs] 249338K->140018K(249344K), [Metaspace: 51959K->51959K(1097728K)], 0.2221508 secs] [Times: user=0.23 sys=0.00, real=0.22 secs] 
Heap after GC invocations=247 (full 443):
 par new generation   total 115200K, used 5874K [0x00000000f0000000, 0x00000000f7d00000, 0x00000000f7d00000)
  eden space 102400K,   5% used [0x00000000f0000000, 0x00000000f05bcbe0, 0x00000000f6400000)
  from space 12800K,   0% used [0x00000000f6400000, 0x00000000f6400000, 0x00000000f7080000)
  to   space 12800K,   0% used [0x00000000f7080000, 0x00000000f7080000, 0x00000000f7d00000)
 concurrent mark-sweep generation total 134144K, used 134143K [0x00000000f7d00000, 0x0000000100000000, 0x0000000100000000)
 Metaspace       used 51959K, capacity 54766K, committed 55296K, reserved 1097728K
  class space    used 6330K, capacity 6825K, committed 6912K, reserved 1048576K
}
2023-01-17T04:45:01.451+0800: 134.517: [GC (CMS Initial Mark) [1 CMS-initial-mark: 134143K(134144K)] 140375K(249344K), 0.0067373 secs] [Times: user=0.02 sys=0.00, real=0.00 secs] 
2023-01-17T04:45:01.458+0800: 134.524: [CMS-concurrent-mark-start]
2023-01-17T04:45:01.534+0800: 134.600: [CMS-concurrent-mark: 0.076/0.076 secs] [Times: user=0.25 sys=0.05, real=0.08 secs] 
2023-01-17T04:45:01.534+0800: 134.601: [CMS-concurrent-preclean-start]
2023-01-17T04:45:01.581+0800: 134.647: [CMS-concurrent-preclean: 0.046/0.046 secs] [Times: user=0.16 sys=0.02, real=0.05 secs] 
2023-01-17T04:45:01.581+0800: 134.647: [CMS-concurrent-abortable-preclean-start]
2023-01-17T04:45:01.581+0800: 134.647: [CMS-concurrent-abortable-preclean: 0.000/0.000 secs] [Times: user=0.00 sys=0.00, real=0.00 secs] 
2023-01-17T04:45:01.585+0800: 134.652: [GC (CMS Final Remark) [YG occupancy: 90227 K (115200 K)]2023-01-17T04:45:01.586+0800: 134.652: [Rescan (parallel) , 0.0307573 secs]2023-01-17T04:45:01.616+0800: 134.683: [weak refs processing, 0.0000553 secs]2023-01-17T04:45:01.616+0800: 134.683: [class unloading, 0.0193858 secs]2023-01-17T04:45:01.636+0800: 134.702: [scrub symbol table, 0.0078359 secs]2023-01-17T04:45:01.644+0800: 134.710: [scrub string table, 0.0013129 secs][1 CMS-remark: 134143K(134144K)] 224371K(249344K), 0.0595780 secs] [Times: user=0.13 sys=0.00, real=0.06 secs] 
2023-01-17T04:45:01.645+0800: 134.712: [CMS-concurrent-sweep-start]
2023-01-17T04:45:01.669+0800: 134.735: [CMS-concurrent-sweep: 0.024/0.024 secs] [Times: user=0.04 sys=0.01, real=0.02 secs] 
2023-01-17T04:45:01.669+0800: 134.736: [CMS-concurrent-reset-start]
2023-01-17T04:45:01.670+0800: 134.736: [CMS-concurrent-reset: 0.000/0.000 secs] [Times: user=0.00 sys=0.00, real=0.01 secs] 
{Heap before GC invocations=247 (full 444):
 par new generation   total 115200K, used 115200K [0x00000000f0000000, 0x00000000f7d00000, 0x00000000f7d00000)
  eden space 102400K, 100% used [0x00000000f0000000, 0x00000000f6400000, 0x00000000f6400000)
  from space 12800K, 100% used [0x00000000f6400000, 0x00000000f7080000, 0x00000000f7080000)
  to   space 12800K,   0% used [0x00000000f7080000, 0x00000000f7080000, 0x00000000f7d00000)
 concurrent mark-sweep generation total 134144K, used 134139K [0x00000000f7d00000, 0x0000000100000000, 0x0000000100000000)
 Metaspace       used 51959K, capacity 54766K, committed 55296K, reserved 1097728K
  class space    used 6330K, capacity 6825K, committed 6912K, reserved 1048576K
2023-01-17T04:45:01.819+0800: 134.886: [GC (Allocation Failure) 2023-01-17T04:45:01.820+0800: 134.886: [ParNew: 115200K->115200K(115200K), 0.0000362 secs]2023-01-17T04:45:01.820+0800: 134.886: [CMS: 134139K->134143K(134144K), 0.2357501 secs] 249339K->139936K(249344K), [Metaspace: 51959K->51959K(1097728K)], 0.2362520 secs] [Times: user=0.23 sys=0.00, real=0.24 secs] 
Heap after GC invocations=248 (full 445):
 par new generation   total 115200K, used 5792K [0x00000000f0000000, 0x00000000f7d00000, 0x00000000f7d00000)
  eden space 102400K,   5% used [0x00000000f0000000, 0x00000000f05a8048, 0x00000000f6400000)
  from space 12800K,   0% used [0x00000000f6400000, 0x00000000f6400000, 0x00000000f7080000)
  to   space 12800K,   0% used [0x00000000f7080000, 0x00000000f7080000, 0x00000000f7d00000)
 concurrent mark-sweep generation total 134144K, used 134143K [0x00000000f7d00000, 0x0000000100000000, 0x0000000100000000)
 Metaspace       used 51959K, capacity 54766K, committed 55296K, reserved 1097728K
  class space    used 6330K, capacity 6825K, committed 6912K, reserved 1048576K
}
2023-01-17T04:45:02.062+0800: 135.128: [GC (CMS Initial Mark) [1 CMS-initial-mark: 134143K(134144K)] 140781K(249344K), 0.0067389 secs] [Times: user=0.02 sys=0.00, real=0.00 secs] 
2023-01-17T04:45:02.069+0800: 135.135: [CMS-concurrent-mark-start]
2023-01-17T04:45:02.143+0800: 135.209: [CMS-concurrent-mark: 0.074/0.074 secs] [Times: user=0.24 sys=0.04, real=0.08 secs] 
2023-01-17T04:45:02.143+0800: 135.209: [CMS-concurrent-preclean-start]
2023-01-17T04:45:02.190+0800: 135.256: [CMS-concurrent-preclean: 0.047/0.047 secs] [Times: user=0.16 sys=0.02, real=0.05 secs] 
2023-01-17T04:45:02.190+0800: 135.256: [CMS-concurrent-abortable-preclean-start]
2023-01-17T04:45:02.190+0800: 135.256: [CMS-concurrent-abortable-preclean: 0.000/0.000 secs] [Times: user=0.00 sys=0.00, real=0.00 secs] 
2023-01-17T04:45:02.199+0800: 135.265: [GC (CMS Final Remark) [YG occupancy: 91934 K (115200 K)]2023-01-17T04:45:02.199+0800: 135.265: [Rescan (parallel) , 0.0262040 secs]2023-01-17T04:45:02.225+0800: 135.291: [weak refs processing, 0.0000600 secs]2023-01-17T04:45:02.225+0800: 135.291: [class unloading, 0.0141445 secs]2023-01-17T04:45:02.239+0800: 135.306: [scrub symbol table, 0.0050553 secs]2023-01-17T04:45:02.244+0800: 135.311: [scrub string table, 0.0008816 secs][1 CMS-remark: 134143K(134144K)] 226078K(249344K), 0.0466070 secs] [Times: user=0.12 sys=0.00, real=0.05 secs] 
2023-01-17T04:45:02.246+0800: 135.312: [CMS-concurrent-sweep-start]
2023-01-17T04:45:02.267+0800: 135.333: [CMS-concurrent-sweep: 0.021/0.021 secs] [Times: user=0.06 sys=0.01, real=0.02 secs] 
2023-01-17T04:45:02.267+0800: 135.333: [CMS-concurrent-reset-start]
2023-01-17T04:45:02.267+0800: 135.334: [CMS-concurrent-reset: 0.000/0.000 secs] [Times: user=0.00 sys=0.00, real=0.00 secs] 
{Heap before GC invocations=248 (full 446):
 par new generation   total 115200K, used 115199K [0x00000000f0000000, 0x00000000f7d00000, 0x00000000f7d00000)
  eden space 102400K, 100% used [0x00000000f0000000, 0x00000000f6400000, 0x00000000f6400000)
  from space 12800K,  99% used [0x00000000f6400000, 0x00000000f707fff8, 0x00000000f7080000)
  to   space 12800K,   0% used [0x00000000f7080000, 0x00000000f7080000, 0x00000000f7d00000)
 concurrent mark-sweep generation total 134144K, used 134010K [0x00000000f7d00000, 0x0000000100000000, 0x0000000100000000)
 Metaspace       used 51959K, capacity 54766K, committed 55296K, reserved 1097728K
  class space    used 6330K, capacity 6825K, committed 6912K, reserved 1048576K
2023-01-17T04:45:02.390+0800: 135.456: [GC (Allocation Failure) 2023-01-17T04:45:02.390+0800: 135.456: [ParNew: 115199K->115199K(115200K), 0.0000320 secs]2023-01-17T04:45:02.390+0800: 135.457: [CMS: 134010K->134143K(134144K), 0.2243227 secs] 249210K->139218K(249344K), [Metaspace: 51959K->51959K(1097728K)], 0.2247938 secs] [Times: user=0.23 sys=0.00, real=0.22 secs] 
Heap after GC invocations=249 (full 447):
 par new generation   total 115200K, used 5074K [0x00000000f0000000, 0x00000000f7d00000, 0x00000000f7d00000)
  eden space 102400K,   4% used [0x00000000f0000000, 0x00000000f04f4bc0, 0x00000000f6400000)
  from space 12800K,   0% used [0x00000000f6400000, 0x00000000f6400000, 0x00000000f7080000)
  to   space 12800K,   0% used [0x00000000f7080000, 0x00000000f7080000, 0x00000000f7d00000)
 concurrent mark-sweep generation total 134144K, used 134143K [0x00000000f7d00000, 0x0000000100000000, 0x0000000100000000)
 Metaspace       used 51959K, capacity 54766K, committed 55296K, reserved 1097728K
  class space    used 6330K, capacity 6825K, committed 6912K, reserved 1048576K
}
2023-01-17T04:45:02.622+0800: 135.688: [GC (CMS Initial Mark) [1 CMS-initial-mark: 134143K(134144K)] 140606K(249344K), 0.0063034 secs] [Times: user=0.02 sys=0.00, real=0.00 secs] 
2023-01-17T04:45:02.628+0800: 135.695: [CMS-concurrent-mark-start]
2023-01-17T04:45:02.702+0800: 135.768: [CMS-concurrent-mark: 0.074/0.074 secs] [Times: user=0.25 sys=0.04, real=0.08 secs] 
2023-01-17T04:45:02.702+0800: 135.769: [CMS-concurrent-preclean-start]
2023-01-17T04:45:02.752+0800: 135.818: [CMS-concurrent-preclean: 0.050/0.050 secs] [Times: user=0.17 sys=0.02, real=0.05 secs] 
2023-01-17T04:45:02.752+0800: 135.819: [CMS-concurrent-abortable-preclean-start]
2023-01-17T04:45:02.752+0800: 135.819: [CMS-concurrent-abortable-preclean: 0.000/0.000 secs] [Times: user=0.00 sys=0.00, real=0.00 secs] 
2023-01-17T04:45:02.766+0800: 135.832: [GC (CMS Final Remark) [YG occupancy: 100104 K (115200 K)]2023-01-17T04:45:02.766+0800: 135.832: [Rescan (parallel) , 0.0281558 secs]2023-01-17T04:45:02.794+0800: 135.860: [weak refs processing, 0.0000433 secs]2023-01-17T04:45:02.794+0800: 135.860: [class unloading, 0.0141853 secs]2023-01-17T04:45:02.808+0800: 135.875: [scrub symbol table, 0.0051876 secs]2023-01-17T04:45:02.814+0800: 135.880: [scrub string table, 0.0008755 secs][1 CMS-remark: 134143K(134144K)] 234248K(249344K), 0.0486734 secs] [Times: user=0.13 sys=0.00, real=0.05 secs] 
2023-01-17T04:45:02.815+0800: 135.881: [CMS-concurrent-sweep-start]
2023-01-17T04:45:02.835+0800: 135.901: [CMS-concurrent-sweep: 0.020/0.020 secs] [Times: user=0.07 sys=0.00, real=0.02 secs] 
2023-01-17T04:45:02.836+0800: 135.902: [CMS-concurrent-reset-start]
2023-01-17T04:45:02.836+0800: 135.903: [CMS-concurrent-reset: 0.000/0.000 secs] [Times: user=0.00 sys=0.00, real=0.00 secs] 
{Heap before GC invocations=249 (full 448):
 par new generation   total 115200K, used 115199K [0x00000000f0000000, 0x00000000f7d00000, 0x00000000f7d00000)
  eden space 102400K, 100% used [0x00000000f0000000, 0x00000000f6400000, 0x00000000f6400000)
  from space 12800K,  99% used [0x00000000f6400000, 0x00000000f707fff8, 0x00000000f7080000)
  to   space 12800K,   0% used [0x00000000f7080000, 0x00000000f7080000, 0x00000000f7d00000)
 concurrent mark-sweep generation total 134144K, used 133968K [0x00000000f7d00000, 0x0000000100000000, 0x0000000100000000)
 Metaspace       used 51959K, capacity 54766K, committed 55296K, reserved 1097728K
  class space    used 6330K, capacity 6825K, committed 6912K, reserved 1048576K
2023-01-17T04:45:02.934+0800: 136.000: [GC (Allocation Failure) 2023-01-17T04:45:02.934+0800: 136.000: [ParNew: 115199K->115199K(115200K), 0.0000327 secs]2023-01-17T04:45:02.934+0800: 136.000: [CMS: 133968K->134143K(134144K), 0.2497909 secs] 249168K->138430K(249344K), [Metaspace: 51959K->51959K(1097728K)], 0.2502732 secs] [Times: user=0.25 sys=0.00, real=0.25 secs] 
Heap after GC invocations=250 (full 449):
 par new generation   total 115200K, used 4286K [0x00000000f0000000, 0x00000000f7d00000, 0x00000000f7d00000)
  eden space 102400K,   4% used [0x00000000f0000000, 0x00000000f042f8a0, 0x00000000f6400000)
  from space 12800K,   0% used [0x00000000f6400000, 0x00000000f6400000, 0x00000000f7080000)
  to   space 12800K,   0% used [0x00000000f7080000, 0x00000000f7080000, 0x00000000f7d00000)
 concurrent mark-sweep generation total 134144K, used 134143K [0x00000000f7d00000, 0x0000000100000000, 0x0000000100000000)
 Metaspace       used 51959K, capacity 54766K, committed 55296K, reserved 1097728K
  class space    used 6330K, capacity 6825K, committed 6912K, reserved 1048576K
}
2023-01-17T04:45:03.192+0800: 136.258: [GC (CMS Initial Mark) [1 CMS-initial-mark: 134143K(134144K)] 139433K(249344K), 0.0069045 secs] [Times: user=0.02 sys=0.00, real=0.00 secs] 
2023-01-17T04:45:03.199+0800: 136.265: [CMS-concurrent-mark-start]
2023-01-17T04:45:03.274+0800: 136.341: [CMS-concurrent-mark: 0.075/0.075 secs] [Times: user=0.20 sys=0.03, real=0.08 secs] 
2023-01-17T04:45:03.275+0800: 136.341: [CMS-concurrent-preclean-start]
2023-01-17T04:45:03.334+0800: 136.400: [CMS-concurrent-preclean: 0.059/0.059 secs] [Times: user=0.16 sys=0.03, real=0.06 secs] 
2023-01-17T04:45:03.335+0800: 136.401: [CMS-concurrent-abortable-preclean-start]
2023-01-17T04:45:03.335+0800: 136.401: [CMS-concurrent-abortable-preclean: 0.000/0.000 secs] [Times: user=0.00 sys=0.00, real=0.00 secs] 
2023-01-17T04:45:03.342+0800: 136.408: [GC (CMS Final Remark) [YG occupancy: 76921 K (115200 K)]2023-01-17T04:45:03.342+0800: 136.408: [Rescan (parallel) , 0.0248822 secs]2023-01-17T04:45:03.367+0800: 136.433: [weak refs processing, 0.0000428 secs]2023-01-17T04:45:03.367+0800: 136.433: [class unloading, 0.0137611 secs]2023-01-17T04:45:03.380+0800: 136.447: [scrub symbol table, 0.0051737 secs]2023-01-17T04:45:03.386+0800: 136.452: [scrub string table, 0.0008623 secs][1 CMS-remark: 134143K(134144K)] 211065K(249344K), 0.0449398 secs] [Times: user=0.10 sys=0.00, real=0.04 secs] 
2023-01-17T04:45:03.387+0800: 136.453: [CMS-concurrent-sweep-start]
2023-01-17T04:45:03.406+0800: 136.472: [CMS-concurrent-sweep: 0.019/0.019 secs] [Times: user=0.07 sys=0.01, real=0.02 secs] 
2023-01-17T04:45:03.406+0800: 136.472: [CMS-concurrent-reset-start]
2023-01-17T04:45:03.406+0800: 136.473: [CMS-concurrent-reset: 0.000/0.000 secs] [Times: user=0.00 sys=0.00, real=0.00 secs] 
{Heap before GC invocations=250 (full 450):
 par new generation   total 115200K, used 115200K [0x00000000f0000000, 0x00000000f7d00000, 0x00000000f7d00000)
  eden space 102400K, 100% used [0x00000000f0000000, 0x00000000f6400000, 0x00000000f6400000)
  from space 12800K, 100% used [0x00000000f6400000, 0x00000000f7080000, 0x00000000f7080000)
  to   space 12800K,   0% used [0x00000000f7080000, 0x00000000f7080000, 0x00000000f7d00000)
 concurrent mark-sweep generation total 134144K, used 133846K [0x00000000f7d00000, 0x0000000100000000, 0x0000000100000000)
 Metaspace       used 51961K, capacity 54766K, committed 55296K, reserved 1097728K
  class space    used 6330K, capacity 6825K, committed 6912K, reserved 1048576K
2023-01-17T04:45:03.501+0800: 136.568: [GC (Allocation Failure) 2023-01-17T04:45:03.502+0800: 136.568: [ParNew: 115200K->115200K(115200K), 0.0000305 secs]2023-01-17T04:45:03.502+0800: 136.568: [CMS: 133846K->134144K(134144K), 0.2212212 secs] 249046K->137279K(249344K), [Metaspace: 51961K->51961K(1097728K)], 0.2216676 secs] [Times: user=0.22 sys=0.00, real=0.22 secs] 
Heap after GC invocations=251 (full 451):
 par new generation   total 115200K, used 3135K [0x00000000f0000000, 0x00000000f7d00000, 0x00000000f7d00000)
  eden space 102400K,   3% used [0x00000000f0000000, 0x00000000f030fcf8, 0x00000000f6400000)
  from space 12800K,   0% used [0x00000000f6400000, 0x00000000f6400000, 0x00000000f7080000)
  to   space 12800K,   0% used [0x00000000f7080000, 0x00000000f7080000, 0x00000000f7d00000)
 concurrent mark-sweep generation total 134144K, used 134144K [0x00000000f7d00000, 0x0000000100000000, 0x0000000100000000)
 Metaspace       used 51961K, capacity 54766K, committed 55296K, reserved 1097728K
  class space    used 6330K, capacity 6825K, committed 6912K, reserved 1048576K
}
2023-01-17T04:45:03.729+0800: 136.796: [GC (CMS Initial Mark) [1 CMS-initial-mark: 134144K(134144K)] 138348K(249344K), 0.0055692 secs] [Times: user=0.02 sys=0.00, real=0.01 secs] 
2023-01-17T04:45:03.735+0800: 136.801: [CMS-concurrent-mark-start]
2023-01-17T04:45:03.810+0800: 136.877: [CMS-concurrent-mark: 0.075/0.075 secs] [Times: user=0.26 sys=0.04, real=0.08 secs] 
2023-01-17T04:45:03.811+0800: 136.877: [CMS-concurrent-preclean-start]
2023-01-17T04:45:03.861+0800: 136.927: [CMS-concurrent-preclean: 0.050/0.050 secs] [Times: user=0.13 sys=0.02, real=0.05 secs] 
2023-01-17T04:45:03.861+0800: 136.927: [CMS-concurrent-abortable-preclean-start]
2023-01-17T04:45:03.861+0800: 136.927: [CMS-concurrent-abortable-preclean: 0.000/0.000 secs] [Times: user=0.01 sys=0.00, real=0.00 secs] 
2023-01-17T04:45:03.865+0800: 136.932: [GC (CMS Final Remark) [YG occupancy: 81842 K (115200 K)]2023-01-17T04:45:03.866+0800: 136.932: [Rescan (parallel) , 0.0405572 secs]2023-01-17T04:45:03.906+0800: 136.973: [weak refs processing, 0.0000688 secs]2023-01-17T04:45:03.906+0800: 136.973: [class unloading, 0.0144920 secs]2023-01-17T04:45:03.921+0800: 136.987: [scrub symbol table, 0.0053915 secs]2023-01-17T04:45:03.926+0800: 136.993: [scrub string table, 0.0008926 secs][1 CMS-remark: 134144K(134144K)] 215986K(249344K), 0.0616700 secs] [Times: user=0.13 sys=0.00, real=0.06 secs] 
2023-01-17T04:45:03.928+0800: 136.994: [CMS-concurrent-sweep-start]
2023-01-17T04:45:03.949+0800: 137.015: [CMS-concurrent-sweep: 0.021/0.021 secs] [Times: user=0.05 sys=0.01, real=0.02 secs] 
2023-01-17T04:45:03.949+0800: 137.015: [CMS-concurrent-reset-start]
2023-01-17T04:45:03.949+0800: 137.015: [CMS-concurrent-reset: 0.000/0.000 secs] [Times: user=0.00 sys=0.00, real=0.00 secs] 
{Heap before GC invocations=251 (full 452):
 par new generation   total 115200K, used 115199K [0x00000000f0000000, 0x00000000f7d00000, 0x00000000f7d00000)
  eden space 102400K, 100% used [0x00000000f0000000, 0x00000000f6400000, 0x00000000f6400000)
  from space 12800K,  99% used [0x00000000f6400000, 0x00000000f707fff0, 0x00000000f7080000)
  to   space 12800K,   0% used [0x00000000f7080000, 0x00000000f7080000, 0x00000000f7d00000)
 concurrent mark-sweep generation total 134144K, used 133843K [0x00000000f7d00000, 0x0000000100000000, 0x0000000100000000)
 Metaspace       used 51961K, capacity 54766K, committed 55296K, reserved 1097728K
  class space    used 6330K, capacity 6825K, committed 6912K, reserved 1048576K
2023-01-17T04:45:04.051+0800: 137.118: [GC (Allocation Failure) 2023-01-17T04:45:04.052+0800: 137.118: [ParNew: 115199K->115199K(115200K), 0.0000411 secs]2023-01-17T04:45:04.052+0800: 137.118: [CMS: 133843K->134143K(134144K), 0.2533637 secs] 249043K->136256K(249344K), [Metaspace: 51961K->51961K(1097728K)], 0.2539417 secs] [Times: user=0.25 sys=0.00, real=0.25 secs] 
Heap after GC invocations=252 (full 453):
 par new generation   total 115200K, used 2112K [0x00000000f0000000, 0x00000000f7d00000, 0x00000000f7d00000)
  eden space 102400K,   2% used [0x00000000f0000000, 0x00000000f02100e0, 0x00000000f6400000)
  from space 12800K,   0% used [0x00000000f6400000, 0x00000000f6400000, 0x00000000f7080000)
  to   space 12800K,   0% used [0x00000000f7080000, 0x00000000f7080000, 0x00000000f7d00000)
 concurrent mark-sweep generation total 134144K, used 134143K [0x00000000f7d00000, 0x0000000100000000, 0x0000000100000000)
 Metaspace       used 51961K, capacity 54766K, committed 55296K, reserved 1097728K
  class space    used 6330K, capacity 6825K, committed 6912K, reserved 1048576K
}
2023-01-17T04:45:04.312+0800: 137.378: [GC (CMS Initial Mark) [1 CMS-initial-mark: 134143K(134144K)] 137350K(249344K), 0.0053840 secs] [Times: user=0.02 sys=0.00, real=0.00 secs] 
2023-01-17T04:45:04.317+0800: 137.384: [CMS-concurrent-mark-start]
2023-01-17T04:45:04.396+0800: 137.462: [CMS-concurrent-mark: 0.079/0.079 secs] [Times: user=0.26 sys=0.04, real=0.08 secs] 
2023-01-17T04:45:04.396+0800: 137.462: [CMS-concurrent-preclean-start]
2023-01-17T04:45:04.446+0800: 137.512: [CMS-concurrent-preclean: 0.049/0.049 secs] [Times: user=0.18 sys=0.02, real=0.05 secs] 
2023-01-17T04:45:04.446+0800: 137.512: [CMS-concurrent-abortable-preclean-start]
2023-01-17T04:45:04.446+0800: 137.512: [CMS-concurrent-abortable-preclean: 0.000/0.000 secs] [Times: user=0.00 sys=0.00, real=0.00 secs] 
2023-01-17T04:45:04.451+0800: 137.517: [GC (CMS Final Remark) [YG occupancy: 93802 K (115200 K)]2023-01-17T04:45:04.451+0800: 137.517: [Rescan (parallel) , 0.0266309 secs]2023-01-17T04:45:04.478+0800: 137.544: [weak refs processing, 0.0000481 secs]2023-01-17T04:45:04.478+0800: 137.544: [class unloading, 0.0144286 secs]2023-01-17T04:45:04.492+0800: 137.559: [scrub symbol table, 0.0053798 secs]2023-01-17T04:45:04.498+0800: 137.564: [scrub string table, 0.0009074 secs][1 CMS-remark: 134143K(134144K)] 227946K(249344K), 0.0476625 secs] [Times: user=0.12 sys=0.00, real=0.04 secs] 
2023-01-17T04:45:04.499+0800: 137.566: [CMS-concurrent-sweep-start]
2023-01-17T04:45:04.524+0800: 137.590: [CMS-concurrent-sweep: 0.025/0.025 secs] [Times: user=0.09 sys=0.01, real=0.03 secs] 
2023-01-17T04:45:04.524+0800: 137.591: [CMS-concurrent-reset-start]
2023-01-17T04:45:04.525+0800: 137.591: [CMS-concurrent-reset: 0.000/0.000 secs] [Times: user=0.00 sys=0.00, real=0.00 secs] 
{Heap before GC invocations=252 (full 454):
 par new generation   total 115200K, used 115196K [0x00000000f0000000, 0x00000000f7d00000, 0x00000000f7d00000)
  eden space 102400K, 100% used [0x00000000f0000000, 0x00000000f6400000, 0x00000000f6400000)
  from space 12800K,  99% used [0x00000000f6400000, 0x00000000f707f3c0, 0x00000000f7080000)
  to   space 12800K,   0% used [0x00000000f7080000, 0x00000000f7080000, 0x00000000f7d00000)
 concurrent mark-sweep generation total 134144K, used 133846K [0x00000000f7d00000, 0x0000000100000000, 0x0000000100000000)
 Metaspace       used 51961K, capacity 54766K, committed 55296K, reserved 1097728K
  class space    used 6330K, capacity 6825K, committed 6912K, reserved 1048576K
2023-01-17T04:45:04.592+0800: 137.658: [GC (Allocation Failure) 2023-01-17T04:45:04.592+0800: 137.659: [ParNew: 115196K->115196K(115200K), 0.0000290 secs]2023-01-17T04:45:04.592+0800: 137.659: [CMS: 133846K->134143K(134144K), 0.2228668 secs] 249043K->135178K(249344K), [Metaspace: 51961K->51961K(1097728K)], 0.2232891 secs] [Times: user=0.22 sys=0.00, real=0.22 secs] 
Heap after GC invocations=253 (full 455):
 par new generation   total 115200K, used 1034K [0x00000000f0000000, 0x00000000f7d00000, 0x00000000f7d00000)
  eden space 102400K,   1% used [0x00000000f0000000, 0x00000000f0102968, 0x00000000f6400000)
  from space 12800K,   0% used [0x00000000f6400000, 0x00000000f6400000, 0x00000000f7080000)
  to   space 12800K,   0% used [0x00000000f7080000, 0x00000000f7080000, 0x00000000f7d00000)
 concurrent mark-sweep generation total 134144K, used 134143K [0x00000000f7d00000, 0x0000000100000000, 0x0000000100000000)
 Metaspace       used 51961K, capacity 54766K, committed 55296K, reserved 1097728K
  class space    used 6330K, capacity 6825K, committed 6912K, reserved 1048576K
}
2023-01-17T04:45:04.821+0800: 137.888: [GC (CMS Initial Mark) [1 CMS-initial-mark: 134143K(134144K)] 135874K(249344K), 0.0048975 secs] [Times: user=0.02 sys=0.00, real=0.00 secs] 
2023-01-17T04:45:04.827+0800: 137.893: [CMS-concurrent-mark-start]
2023-01-17T04:45:04.906+0800: 137.972: [CMS-concurrent-mark: 0.079/0.079 secs] [Times: user=0.27 sys=0.03, real=0.08 secs] 
2023-01-17T04:45:04.906+0800: 137.972: [CMS-concurrent-preclean-start]
2023-01-17T04:45:04.957+0800: 138.024: [CMS-concurrent-preclean: 0.052/0.052 secs] [Times: user=0.18 sys=0.02, real=0.05 secs] 
2023-01-17T04:45:04.958+0800: 138.024: [CMS-concurrent-abortable-preclean-start]
2023-01-17T04:45:04.958+0800: 138.024: [CMS-concurrent-abortable-preclean: 0.000/0.000 secs] [Times: user=0.00 sys=0.01, real=0.00 secs] 
2023-01-17T04:45:04.963+0800: 138.029: [GC (CMS Final Remark) [YG occupancy: 91355 K (115200 K)]2023-01-17T04:45:04.963+0800: 138.029: [Rescan (parallel) , 0.0262315 secs]2023-01-17T04:45:04.989+0800: 138.055: [weak refs processing, 0.0000449 secs]2023-01-17T04:45:04.989+0800: 138.055: [class unloading, 0.0139327 secs]2023-01-17T04:45:05.003+0800: 138.069: [scrub symbol table, 0.0052476 secs]2023-01-17T04:45:05.008+0800: 138.075: [scrub string table, 0.0008713 secs][1 CMS-remark: 134143K(134144K)] 225499K(249344K), 0.0465637 secs] [Times: user=0.12 sys=0.00, real=0.04 secs] 
2023-01-17T04:45:05.010+0800: 138.076: [CMS-concurrent-sweep-start]
2023-01-17T04:45:05.031+0800: 138.098: [CMS-concurrent-sweep: 0.022/0.022 secs] [Times: user=0.07 sys=0.00, real=0.02 secs] 
2023-01-17T04:45:05.032+0800: 138.098: [CMS-concurrent-reset-start]
2023-01-17T04:45:05.032+0800: 138.098: [CMS-concurrent-reset: 0.000/0.000 secs] [Times: user=0.00 sys=0.01, real=0.00 secs] 
{Heap before GC invocations=253 (full 456):
 par new generation   total 115200K, used 115199K [0x00000000f0000000, 0x00000000f7d00000, 0x00000000f7d00000)
  eden space 102400K, 100% used [0x00000000f0000000, 0x00000000f6400000, 0x00000000f6400000)
  from space 12800K,  99% used [0x00000000f6400000, 0x00000000f707fff8, 0x00000000f7080000)
  to   space 12800K,   0% used [0x00000000f7080000, 0x00000000f7080000, 0x00000000f7d00000)
 concurrent mark-sweep generation total 134144K, used 133628K [0x00000000f7d00000, 0x0000000100000000, 0x0000000100000000)
 Metaspace       used 51961K, capacity 54766K, committed 55296K, reserved 1097728K
  class space    used 6330K, capacity 6825K, committed 6912K, reserved 1048576K
2023-01-17T04:45:05.105+0800: 138.171: [GC (Allocation Failure) 2023-01-17T04:45:05.105+0800: 138.171: [ParNew: 115199K->115199K(115200K), 0.0000275 secs]2023-01-17T04:45:05.105+0800: 138.171: [CMS: 133628K->133978K(134144K), 0.2243949 secs] 248828K->133978K(249344K), [Metaspace: 51961K->51961K(1097728K)], 0.2248226 secs] [Times: user=0.22 sys=0.00, real=0.23 secs] 
Heap after GC invocations=254 (full 457):
 par new generation   total 115200K, used 0K [0x00000000f0000000, 0x00000000f7d00000, 0x00000000f7d00000)
  eden space 102400K,   0% used [0x00000000f0000000, 0x00000000f0000000, 0x00000000f6400000)
  from space 12800K,   0% used [0x00000000f6400000, 0x00000000f6400000, 0x00000000f7080000)
  to   space 12800K,   0% used [0x00000000f7080000, 0x00000000f7080000, 0x00000000f7d00000)
 concurrent mark-sweep generation total 134144K, used 133978K [0x00000000f7d00000, 0x0000000100000000, 0x0000000100000000)
 Metaspace       used 51961K, capacity 54766K, committed 55296K, reserved 1097728K
  class space    used 6330K, capacity 6825K, committed 6912K, reserved 1048576K
}
2023-01-17T04:45:05.335+0800: 138.401: [GC (CMS Initial Mark) [1 CMS-initial-mark: 133978K(134144K)] 133986K(249344K), 0.0079848 secs] [Times: user=0.01 sys=0.00, real=0.01 secs] 
2023-01-17T04:45:05.343+0800: 138.409: [CMS-concurrent-mark-start]
2023-01-17T04:45:05.424+0800: 138.490: [CMS-concurrent-mark: 0.081/0.081 secs] [Times: user=0.20 sys=0.02, real=0.08 secs] 
2023-01-17T04:45:05.424+0800: 138.490: [CMS-concurrent-preclean-start]
2023-01-17T04:45:05.431+0800: 138.497: [CMS-concurrent-preclean: 0.006/0.006 secs] [Times: user=0.01 sys=0.00, real=0.01 secs] 
2023-01-17T04:45:05.431+0800: 138.497: [CMS-concurrent-abortable-preclean-start]
2023-01-17T04:45:05.431+0800: 138.497: [CMS-concurrent-abortable-preclean: 0.000/0.000 secs] [Times: user=0.00 sys=0.00, real=0.00 secs] 
2023-01-17T04:45:05.442+0800: 138.508: [GC (CMS Final Remark) [YG occupancy: 36456 K (115200 K)]2023-01-17T04:45:05.442+0800: 138.508: [Rescan (parallel) , 0.0248401 secs]2023-01-17T04:45:05.467+0800: 138.533: [weak refs processing, 0.0000441 secs]2023-01-17T04:45:05.467+0800: 138.533: [class unloading, 0.0143453 secs]2023-01-17T04:45:05.481+0800: 138.548: [scrub symbol table, 0.0054910 secs]2023-01-17T04:45:05.487+0800: 138.553: [scrub string table, 0.0009208 secs][1 CMS-remark: 133978K(134144K)] 170435K(249344K), 0.0458644 secs] [Times: user=0.07 sys=0.00, real=0.04 secs] 
2023-01-17T04:45:05.490+0800: 138.556: [CMS-concurrent-sweep-start]
2023-01-17T04:45:05.513+0800: 138.579: [CMS-concurrent-sweep: 0.023/0.023 secs] [Times: user=0.06 sys=0.01, real=0.02 secs] 
2023-01-17T04:45:05.514+0800: 138.581: [CMS-concurrent-reset-start]
2023-01-17T04:45:05.515+0800: 138.581: [CMS-concurrent-reset: 0.000/0.000 secs] [Times: user=0.00 sys=0.00, real=0.00 secs] 
{Heap before GC invocations=254 (full 458):
 par new generation   total 115200K, used 102400K [0x00000000f0000000, 0x00000000f7d00000, 0x00000000f7d00000)
  eden space 102400K, 100% used [0x00000000f0000000, 0x00000000f6400000, 0x00000000f6400000)
  from space 12800K,   0% used [0x00000000f6400000, 0x00000000f6400000, 0x00000000f7080000)
  to   space 12800K,   0% used [0x00000000f7080000, 0x00000000f7080000, 0x00000000f7d00000)
 concurrent mark-sweep generation total 134144K, used 133556K [0x00000000f7d00000, 0x0000000100000000, 0x0000000100000000)
 Metaspace       used 51961K, capacity 54766K, committed 55296K, reserved 1097728K
  class space    used 6330K, capacity 6825K, committed 6912K, reserved 1048576K
2023-01-17T04:45:05.584+0800: 138.651: [GC (Allocation Failure) 2023-01-17T04:45:05.585+0800: 138.651: [ParNew: 102400K->102400K(115200K), 0.0000359 secs]2023-01-17T04:45:05.585+0800: 138.651: [CMS: 133556K->132900K(134144K), 0.2250581 secs] 235956K->132900K(249344K), [Metaspace: 51961K->51961K(1097728K)], 0.2254981 secs] [Times: user=0.22 sys=0.00, real=0.23 secs] 
Heap after GC invocations=255 (full 459):
 par new generation   total 115200K, used 0K [0x00000000f0000000, 0x00000000f7d00000, 0x00000000f7d00000)
  eden space 102400K,   0% used [0x00000000f0000000, 0x00000000f0000000, 0x00000000f6400000)
  from space 12800K,   0% used [0x00000000f6400000, 0x00000000f6400000, 0x00000000f7080000)
  to   space 12800K,   0% used [0x00000000f7080000, 0x00000000f7080000, 0x00000000f7d00000)
 concurrent mark-sweep generation total 134144K, used 132900K [0x00000000f7d00000, 0x0000000100000000, 0x0000000100000000)
 Metaspace       used 51961K, capacity 54766K, committed 55296K, reserved 1097728K
  class space    used 6330K, capacity 6825K, committed 6912K, reserved 1048576K
}
2023-01-17T04:45:05.816+0800: 138.882: [GC (CMS Initial Mark) [1 CMS-initial-mark: 132900K(134144K)] 133641K(249344K), 0.0058564 secs] [Times: user=0.01 sys=0.00, real=0.01 secs] 
2023-01-17T04:45:05.822+0800: 138.888: [CMS-concurrent-mark-start]
2023-01-17T04:45:05.911+0800: 138.977: [CMS-concurrent-mark: 0.089/0.089 secs] [Times: user=0.31 sys=0.04, real=0.09 secs] 
2023-01-17T04:45:05.911+0800: 138.977: [CMS-concurrent-preclean-start]
2023-01-17T04:45:05.921+0800: 138.987: [CMS-concurrent-preclean: 0.009/0.010 secs] [Times: user=0.03 sys=0.01, real=0.01 secs] 
2023-01-17T04:45:05.921+0800: 138.987: [CMS-concurrent-abortable-preclean-start]
2023-01-17T04:45:05.921+0800: 138.987: [CMS-concurrent-abortable-preclean: 0.000/0.000 secs] [Times: user=0.00 sys=0.00, real=0.00 secs] 
2023-01-17T04:45:05.926+0800: 138.992: [GC (CMS Final Remark) [YG occupancy: 71057 K (115200 K)]2023-01-17T04:45:05.926+0800: 138.992: [Rescan (parallel) , 0.0206341 secs]2023-01-17T04:45:05.946+0800: 139.013: [weak refs processing, 0.0000470 secs]2023-01-17T04:45:05.946+0800: 139.013: [class unloading, 0.0139844 secs]2023-01-17T04:45:05.960+0800: 139.027: [scrub symbol table, 0.0050285 secs]2023-01-17T04:45:05.965+0800: 139.032: [scrub string table, 0.0008793 secs][1 CMS-remark: 132900K(134144K)] 203958K(249344K), 0.0408068 secs] [Times: user=0.10 sys=0.00, real=0.04 secs] 
2023-01-17T04:45:05.967+0800: 139.033: [CMS-concurrent-sweep-start]
2023-01-17T04:45:05.991+0800: 139.058: [CMS-concurrent-sweep: 0.025/0.025 secs] [Times: user=0.07 sys=0.02, real=0.03 secs] 
2023-01-17T04:45:05.992+0800: 139.058: [CMS-concurrent-reset-start]
2023-01-17T04:45:05.992+0800: 139.058: [CMS-concurrent-reset: 0.000/0.000 secs] [Times: user=0.01 sys=0.00, real=0.00 secs] 
{Heap before GC invocations=255 (full 460):
 par new generation   total 115200K, used 102400K [0x00000000f0000000, 0x00000000f7d00000, 0x00000000f7d00000)
  eden space 102400K, 100% used [0x00000000f0000000, 0x00000000f6400000, 0x00000000f6400000)
  from space 12800K,   0% used [0x00000000f6400000, 0x00000000f6400000, 0x00000000f7080000)
  to   space 12800K,   0% used [0x00000000f7080000, 0x00000000f7080000, 0x00000000f7d00000)
 concurrent mark-sweep generation total 134144K, used 132329K [0x00000000f7d00000, 0x0000000100000000, 0x0000000100000000)
 Metaspace       used 51961K, capacity 54766K, committed 55296K, reserved 1097728K
  class space    used 6330K, capacity 6825K, committed 6912K, reserved 1048576K
2023-01-17T04:45:06.014+0800: 139.080: [GC (Allocation Failure) 2023-01-17T04:45:06.014+0800: 139.080: [ParNew: 102400K->102400K(115200K), 0.0000304 secs]2023-01-17T04:45:06.014+0800: 139.080: [CMS: 132329K->131613K(134144K), 0.2190236 secs] 234729K->131613K(249344K), [Metaspace: 51961K->51961K(1097728K)], 0.2194697 secs] [Times: user=0.22 sys=0.00, real=0.22 secs] 
Heap after GC invocations=256 (full 461):
 par new generation   total 115200K, used 0K [0x00000000f0000000, 0x00000000f7d00000, 0x00000000f7d00000)
  eden space 102400K,   0% used [0x00000000f0000000, 0x00000000f0000000, 0x00000000f6400000)
  from space 12800K,   0% used [0x00000000f6400000, 0x00000000f6400000, 0x00000000f7080000)
  to   space 12800K,   0% used [0x00000000f7080000, 0x00000000f7080000, 0x00000000f7d00000)
 concurrent mark-sweep generation total 134144K, used 131613K [0x00000000f7d00000, 0x0000000100000000, 0x0000000100000000)
 Metaspace       used 51961K, capacity 54766K, committed 55296K, reserved 1097728K
  class space    used 6330K, capacity 6825K, committed 6912K, reserved 1048576K
}
2023-01-17T04:45:06.239+0800: 139.305: [GC (CMS Initial Mark) [1 CMS-initial-mark: 131613K(134144K)] 132032K(249344K), 0.0045611 secs] [Times: user=0.02 sys=0.00, real=0.01 secs] 
2023-01-17T04:45:06.244+0800: 139.310: [CMS-concurrent-mark-start]
2023-01-17T04:45:06.329+0800: 139.395: [CMS-concurrent-mark: 0.085/0.085 secs] [Times: user=0.28 sys=0.04, real=0.08 secs] 
2023-01-17T04:45:06.329+0800: 139.395: [CMS-concurrent-preclean-start]
2023-01-17T04:45:06.340+0800: 139.406: [CMS-concurrent-preclean: 0.010/0.011 secs] [Times: user=0.04 sys=0.01, real=0.02 secs] 
2023-01-17T04:45:06.340+0800: 139.406: [CMS-concurrent-abortable-preclean-start]
2023-01-17T04:45:06.340+0800: 139.406: [CMS-concurrent-abortable-preclean: 0.000/0.000 secs] [Times: user=0.00 sys=0.00, real=0.00 secs] 
2023-01-17T04:45:06.345+0800: 139.412: [GC (CMS Final Remark) [YG occupancy: 67471 K (115200 K)]2023-01-17T04:45:06.345+0800: 139.412: [Rescan (parallel) , 0.0206297 secs]2023-01-17T04:45:06.366+0800: 139.432: [weak refs processing, 0.0000612 secs]2023-01-17T04:45:06.366+0800: 139.432: [class unloading, 0.0141777 secs]2023-01-17T04:45:06.380+0800: 139.447: [scrub symbol table, 0.0051693 secs]2023-01-17T04:45:06.386+0800: 139.452: [scrub string table, 0.0008916 secs][1 CMS-remark: 131613K(134144K)] 199085K(249344K), 0.0411801 secs] [Times: user=0.09 sys=0.00, real=0.04 secs] 
2023-01-17T04:45:06.387+0800: 139.453: [CMS-concurrent-sweep-start]
2023-01-17T04:45:06.409+0800: 139.475: [CMS-concurrent-sweep: 0.022/0.022 secs] [Times: user=0.08 sys=0.01, real=0.02 secs] 
2023-01-17T04:45:06.409+0800: 139.475: [CMS-concurrent-reset-start]
2023-01-17T04:45:06.409+0800: 139.475: [CMS-concurrent-reset: 0.000/0.000 secs] [Times: user=0.00 sys=0.00, real=0.00 secs] 
{Heap before GC invocations=256 (full 462):
 par new generation   total 115200K, used 102400K [0x00000000f0000000, 0x00000000f7d00000, 0x00000000f7d00000)
  eden space 102400K, 100% used [0x00000000f0000000, 0x00000000f6400000, 0x00000000f6400000)
  from space 12800K,   0% used [0x00000000f6400000, 0x00000000f6400000, 0x00000000f7080000)
  to   space 12800K,   0% used [0x00000000f7080000, 0x00000000f7080000, 0x00000000f7d00000)
 concurrent mark-sweep generation total 134144K, used 130999K [0x00000000f7d00000, 0x0000000100000000, 0x0000000100000000)
 Metaspace       used 51961K, capacity 54766K, committed 55296K, reserved 1097728K
  class space    used 6330K, capacity 6825K, committed 6912K, reserved 1048576K
2023-01-17T04:45:06.437+0800: 139.503: [GC (Allocation Failure) 2023-01-17T04:45:06.437+0800: 139.503: [ParNew: 102400K->102400K(115200K), 0.0000275 secs]2023-01-17T04:45:06.437+0800: 139.503: [CMS: 130999K->130580K(134144K), 0.2147402 secs] 233399K->130580K(249344K), [Metaspace: 51961K->51961K(1097728K)], 0.2151407 secs] [Times: user=0.21 sys=0.00, real=0.22 secs] 
Heap after GC invocations=257 (full 463):
 par new generation   total 115200K, used 0K [0x00000000f0000000, 0x00000000f7d00000, 0x00000000f7d00000)
  eden space 102400K,   0% used [0x00000000f0000000, 0x00000000f0000000, 0x00000000f6400000)
  from space 12800K,   0% used [0x00000000f6400000, 0x00000000f6400000, 0x00000000f7080000)
  to   space 12800K,   0% used [0x00000000f7080000, 0x00000000f7080000, 0x00000000f7d00000)
 concurrent mark-sweep generation total 134144K, used 130580K [0x00000000f7d00000, 0x0000000100000000, 0x0000000100000000)
 Metaspace       used 51961K, capacity 54766K, committed 55296K, reserved 1097728K
  class space    used 6330K, capacity 6825K, committed 6912K, reserved 1048576K
}
2023-01-17T04:45:06.657+0800: 139.723: [GC (CMS Initial Mark) [1 CMS-initial-mark: 130580K(134144K)] 130756K(249344K), 0.0058466 secs] [Times: user=0.01 sys=0.00, real=0.01 secs] 
2023-01-17T04:45:06.663+0800: 139.730: [CMS-concurrent-mark-start]
2023-01-17T04:45:06.748+0800: 139.814: [CMS-concurrent-mark: 0.085/0.085 secs] [Times: user=0.24 sys=0.03, real=0.08 secs] 
2023-01-17T04:45:06.748+0800: 139.815: [CMS-concurrent-preclean-start]
2023-01-17T04:45:06.759+0800: 139.825: [CMS-concurrent-preclean: 0.008/0.010 secs] [Times: user=0.03 sys=0.01, real=0.01 secs] 
2023-01-17T04:45:06.759+0800: 139.825: [CMS-concurrent-abortable-preclean-start]
2023-01-17T04:45:06.759+0800: 139.825: [CMS-concurrent-abortable-preclean: 0.000/0.000 secs] [Times: user=0.00 sys=0.00, real=0.00 secs] 
2023-01-17T04:45:06.767+0800: 139.833: [GC (CMS Final Remark) [YG occupancy: 56092 K (115200 K)]2023-01-17T04:45:06.767+0800: 139.833: [Rescan (parallel) , 0.0235572 secs]2023-01-17T04:45:06.790+0800: 139.857: [weak refs processing, 0.0000426 secs]2023-01-17T04:45:06.790+0800: 139.857: [class unloading, 0.0139203 secs]2023-01-17T04:45:06.804+0800: 139.871: [scrub symbol table, 0.0051476 secs]2023-01-17T04:45:06.810+0800: 139.876: [scrub string table, 0.0008488 secs][1 CMS-remark: 130580K(134144K)] 186673K(249344K), 0.0437412 secs] [Times: user=0.09 sys=0.00, real=0.05 secs] 
2023-01-17T04:45:06.811+0800: 139.877: [CMS-concurrent-sweep-start]
2023-01-17T04:45:06.835+0800: 139.902: [CMS-concurrent-sweep: 0.024/0.024 secs] [Times: user=0.07 sys=0.01, real=0.02 secs] 
2023-01-17T04:45:06.835+0800: 139.902: [CMS-concurrent-reset-start]
2023-01-17T04:45:06.836+0800: 139.902: [CMS-concurrent-reset: 0.000/0.000 secs] [Times: user=0.00 sys=0.00, real=0.00 secs] 
{Heap before GC invocations=257 (full 464):
 par new generation   total 115200K, used 102400K [0x00000000f0000000, 0x00000000f7d00000, 0x00000000f7d00000)
  eden space 102400K, 100% used [0x00000000f0000000, 0x00000000f6400000, 0x00000000f6400000)
  from space 12800K,   0% used [0x00000000f6400000, 0x00000000f6400000, 0x00000000f7080000)
  to   space 12800K,   0% used [0x00000000f7080000, 0x00000000f7080000, 0x00000000f7d00000)
 concurrent mark-sweep generation total 134144K, used 130072K [0x00000000f7d00000, 0x0000000100000000, 0x0000000100000000)
 Metaspace       used 51961K, capacity 54766K, committed 55296K, reserved 1097728K
  class space    used 6330K, capacity 6825K, committed 6912K, reserved 1048576K
2023-01-17T04:45:06.889+0800: 139.955: [GC (Allocation Failure) 2023-01-17T04:45:06.889+0800: 139.956: [ParNew: 102400K->102400K(115200K), 0.0000298 secs]2023-01-17T04:45:06.889+0800: 139.956: [CMS: 130072K->129164K(134144K), 0.2188250 secs] 232472K->129164K(249344K), [Metaspace: 51961K->51961K(1097728K)], 0.2192688 secs] [Times: user=0.22 sys=0.00, real=0.22 secs] 
Heap after GC invocations=258 (full 465):
 par new generation   total 115200K, used 0K [0x00000000f0000000, 0x00000000f7d00000, 0x00000000f7d00000)
  eden space 102400K,   0% used [0x00000000f0000000, 0x00000000f0000000, 0x00000000f6400000)
  from space 12800K,   0% used [0x00000000f6400000, 0x00000000f6400000, 0x00000000f7080000)
  to   space 12800K,   0% used [0x00000000f7080000, 0x00000000f7080000, 0x00000000f7d00000)
 concurrent mark-sweep generation total 134144K, used 129164K [0x00000000f7d00000, 0x0000000100000000, 0x0000000100000000)
 Metaspace       used 51961K, capacity 54766K, committed 55296K, reserved 1097728K
  class space    used 6330K, capacity 6825K, committed 6912K, reserved 1048576K
}
2023-01-17T04:45:07.114+0800: 140.180: [GC (CMS Initial Mark) [1 CMS-initial-mark: 129164K(134144K)] 129446K(249344K), 0.0050617 secs] [Times: user=0.01 sys=0.00, real=0.00 secs] 
2023-01-17T04:45:07.119+0800: 140.185: [CMS-concurrent-mark-start]
2023-01-17T04:45:07.207+0800: 140.274: [CMS-concurrent-mark: 0.088/0.088 secs] [Times: user=0.29 sys=0.06, real=0.09 secs] 
2023-01-17T04:45:07.207+0800: 140.274: [CMS-concurrent-preclean-start]
2023-01-17T04:45:07.218+0800: 140.284: [CMS-concurrent-preclean: 0.010/0.010 secs] [Times: user=0.04 sys=0.00, real=0.01 secs] 
2023-01-17T04:45:07.218+0800: 140.284: [CMS-concurrent-abortable-preclean-start]
2023-01-17T04:45:07.218+0800: 140.284: [CMS-concurrent-abortable-preclean: 0.000/0.000 secs] [Times: user=0.00 sys=0.00, real=0.00 secs] 
2023-01-17T04:45:07.223+0800: 140.289: [GC (CMS Final Remark) [YG occupancy: 71217 K (115200 K)]2023-01-17T04:45:07.223+0800: 140.290: [Rescan (parallel) , 0.0205516 secs]2023-01-17T04:45:07.244+0800: 140.310: [weak refs processing, 0.0000445 secs]2023-01-17T04:45:07.244+0800: 140.310: [class unloading, 0.0139566 secs]2023-01-17T04:45:07.258+0800: 140.324: [scrub symbol table, 0.0052085 secs]2023-01-17T04:45:07.263+0800: 140.329: [scrub string table, 0.0008818 secs][1 CMS-remark: 129164K(134144K)] 200381K(249344K), 0.0408940 secs] [Times: user=0.10 sys=0.00, real=0.04 secs] 
2023-01-17T04:45:07.264+0800: 140.331: [CMS-concurrent-sweep-start]
2023-01-17T04:45:07.288+0800: 140.354: [CMS-concurrent-sweep: 0.024/0.024 secs] [Times: user=0.08 sys=0.01, real=0.02 secs] 
2023-01-17T04:45:07.288+0800: 140.355: [CMS-concurrent-reset-start]
2023-01-17T04:45:07.289+0800: 140.355: [CMS-concurrent-reset: 0.000/0.000 secs] [Times: user=0.00 sys=0.01, real=0.00 secs] 
{Heap before GC invocations=258 (full 466):
 par new generation   total 115200K, used 102400K [0x00000000f0000000, 0x00000000f7d00000, 0x00000000f7d00000)
  eden space 102400K, 100% used [0x00000000f0000000, 0x00000000f6400000, 0x00000000f6400000)
  from space 12800K,   0% used [0x00000000f6400000, 0x00000000f6400000, 0x00000000f7080000)
  to   space 12800K,   0% used [0x00000000f7080000, 0x00000000f7080000, 0x00000000f7d00000)
 concurrent mark-sweep generation total 134144K, used 128595K [0x00000000f7d00000, 0x0000000100000000, 0x0000000100000000)
 Metaspace       used 51961K, capacity 54766K, committed 55296K, reserved 1097728K
  class space    used 6330K, capacity 6825K, committed 6912K, reserved 1048576K
2023-01-17T04:45:07.310+0800: 140.376: [GC (Allocation Failure) 2023-01-17T04:45:07.310+0800: 140.377: [ParNew: 102400K->102400K(115200K), 0.0000286 secs]2023-01-17T04:45:07.310+0800: 140.377: [CMS: 128595K->127523K(134144K), 0.2157617 secs] 230995K->127523K(249344K), [Metaspace: 51961K->51961K(1097728K)], 0.2161759 secs] [Times: user=0.21 sys=0.00, real=0.21 secs] 
Heap after GC invocations=259 (full 467):
 par new generation   total 115200K, used 0K [0x00000000f0000000, 0x00000000f7d00000, 0x00000000f7d00000)
  eden space 102400K,   0% used [0x00000000f0000000, 0x00000000f0000000, 0x00000000f6400000)
  from space 12800K,   0% used [0x00000000f6400000, 0x00000000f6400000, 0x00000000f7080000)
  to   space 12800K,   0% used [0x00000000f7080000, 0x00000000f7080000, 0x00000000f7d00000)
 concurrent mark-sweep generation total 134144K, used 127523K [0x00000000f7d00000, 0x0000000100000000, 0x0000000100000000)
 Metaspace       used 51961K, capacity 54766K, committed 55296K, reserved 1097728K
  class space    used 6330K, capacity 6825K, committed 6912K, reserved 1048576K
}
2023-01-17T04:45:07.532+0800: 140.599: [GC (CMS Initial Mark) [1 CMS-initial-mark: 127523K(134144K)] 128274K(249344K), 0.0058701 secs] [Times: user=0.02 sys=0.00, real=0.00 secs] 
2023-01-17T04:45:07.539+0800: 140.605: [CMS-concurrent-mark-start]
2023-01-17T04:45:07.657+0800: 140.724: [CMS-concurrent-mark: 0.119/0.119 secs] [Times: user=0.32 sys=0.07, real=0.12 secs] 
2023-01-17T04:45:07.658+0800: 140.724: [CMS-concurrent-preclean-start]
2023-01-17T04:45:07.670+0800: 140.736: [CMS-concurrent-preclean: 0.011/0.012 secs] [Times: user=0.05 sys=0.00, real=0.02 secs] 
2023-01-17T04:45:07.670+0800: 140.736: [CMS-concurrent-abortable-preclean-start]
2023-01-17T04:45:07.670+0800: 140.736: [CMS-concurrent-abortable-preclean: 0.000/0.000 secs] [Times: user=0.00 sys=0.00, real=0.00 secs] 
2023-01-17T04:45:07.680+0800: 140.746: [GC (CMS Final Remark) [YG occupancy: 87584 K (115200 K)]2023-01-17T04:45:07.680+0800: 140.746: [Rescan (parallel) , 0.0331573 secs]2023-01-17T04:45:07.713+0800: 140.779: [weak refs processing, 0.0000479 secs]2023-01-17T04:45:07.713+0800: 140.779: [class unloading, 0.0141117 secs]2023-01-17T04:45:07.727+0800: 140.793: [scrub symbol table, 0.0051802 secs]2023-01-17T04:45:07.732+0800: 140.799: [scrub string table, 0.0008865 secs][1 CMS-remark: 127523K(134144K)] 215108K(249344K), 0.0536137 secs] [Times: user=0.12 sys=0.00, real=0.05 secs] 
2023-01-17T04:45:07.734+0800: 140.800: [CMS-concurrent-sweep-start]
2023-01-17T04:45:07.756+0800: 140.822: [CMS-concurrent-sweep: 0.022/0.022 secs] [Times: user=0.05 sys=0.02, real=0.02 secs] 
2023-01-17T04:45:07.756+0800: 140.822: [CMS-concurrent-reset-start]
2023-01-17T04:45:07.756+0800: 140.823: [CMS-concurrent-reset: 0.000/0.000 secs] [Times: user=0.00 sys=0.00, real=0.00 secs] 
{Heap before GC invocations=259 (full 468):
 par new generation   total 115200K, used 102400K [0x00000000f0000000, 0x00000000f7d00000, 0x00000000f7d00000)
  eden space 102400K, 100% used [0x00000000f0000000, 0x00000000f6400000, 0x00000000f6400000)
  from space 12800K,   0% used [0x00000000f6400000, 0x00000000f6400000, 0x00000000f7080000)
  to   space 12800K,   0% used [0x00000000f7080000, 0x00000000f7080000, 0x00000000f7d00000)
 concurrent mark-sweep generation total 134144K, used 126908K [0x00000000f7d00000, 0x0000000100000000, 0x0000000100000000)
 Metaspace       used 51961K, capacity 54766K, committed 55296K, reserved 1097728K
  class space    used 6330K, capacity 6825K, committed 6912K, reserved 1048576K
2023-01-17T04:45:07.766+0800: 140.832: [GC (Allocation Failure) 2023-01-17T04:45:07.766+0800: 140.833: [ParNew: 102400K->102400K(115200K), 0.0000243 secs]2023-01-17T04:45:07.766+0800: 140.833: [CMS: 126908K->124818K(134144K), 0.2117456 secs] 229308K->124818K(249344K), [Metaspace: 51961K->51961K(1097728K)], 0.2121437 secs] [Times: user=0.21 sys=0.00, real=0.21 secs] 
Heap after GC invocations=260 (full 469):
 par new generation   total 115200K, used 0K [0x00000000f0000000, 0x00000000f7d00000, 0x00000000f7d00000)
  eden space 102400K,   0% used [0x00000000f0000000, 0x00000000f0000000, 0x00000000f6400000)
  from space 12800K,   0% used [0x00000000f6400000, 0x00000000f6400000, 0x00000000f7080000)
  to   space 12800K,   0% used [0x00000000f7080000, 0x00000000f7080000, 0x00000000f7d00000)
 concurrent mark-sweep generation total 134144K, used 124818K [0x00000000f7d00000, 0x0000000100000000, 0x0000000100000000)
 Metaspace       used 51961K, capacity 54766K, committed 55296K, reserved 1097728K
  class space    used 6330K, capacity 6825K, committed 6912K, reserved 1048576K
}
2023-01-17T04:45:07.983+0800: 141.050: [GC (CMS Initial Mark) [1 CMS-initial-mark: 124818K(134144K)] 125066K(249344K), 0.0042204 secs] [Times: user=0.01 sys=0.00, real=0.00 secs] 
2023-01-17T04:45:07.988+0800: 141.054: [CMS-concurrent-mark-start]
2023-01-17T04:45:08.077+0800: 141.144: [CMS-concurrent-mark: 0.090/0.090 secs] [Times: user=0.31 sys=0.04, real=0.09 secs] 
2023-01-17T04:45:08.078+0800: 141.144: [CMS-concurrent-preclean-start]
2023-01-17T04:45:08.089+0800: 141.155: [CMS-concurrent-preclean: 0.010/0.011 secs] [Times: user=0.04 sys=0.02, real=0.01 secs] 
2023-01-17T04:45:08.089+0800: 141.155: [CMS-concurrent-abortable-preclean-start]
2023-01-17T04:45:08.089+0800: 141.155: [CMS-concurrent-abortable-preclean: 0.000/0.000 secs] [Times: user=0.00 sys=0.00, real=0.00 secs] 
2023-01-17T04:45:08.103+0800: 141.170: [GC (CMS Final Remark) [YG occupancy: 76388 K (115200 K)]2023-01-17T04:45:08.103+0800: 141.170: [Rescan (parallel) , 0.0240251 secs]2023-01-17T04:45:08.127+0800: 141.194: [weak refs processing, 0.0000543 secs]2023-01-17T04:45:08.128+0800: 141.194: [class unloading, 0.0134206 secs]2023-01-17T04:45:08.141+0800: 141.207: [scrub symbol table, 0.0050399 secs]2023-01-17T04:45:08.146+0800: 141.212: [scrub string table, 0.0008870 secs][1 CMS-remark: 124818K(134144K)] 201206K(249344K), 0.0436647 secs] [Times: user=0.10 sys=0.00, real=0.04 secs] 
2023-01-17T04:45:08.147+0800: 141.214: [CMS-concurrent-sweep-start]
2023-01-17T04:45:08.167+0800: 141.234: [CMS-concurrent-sweep: 0.020/0.020 secs] [Times: user=0.06 sys=0.01, real=0.02 secs] 
2023-01-17T04:45:08.168+0800: 141.234: [CMS-concurrent-reset-start]
2023-01-17T04:45:08.168+0800: 141.234: [CMS-concurrent-reset: 0.000/0.000 secs] [Times: user=0.01 sys=0.00, real=0.00 secs] 
{Heap before GC invocations=260 (full 470):
 par new generation   total 115200K, used 102400K [0x00000000f0000000, 0x00000000f7d00000, 0x00000000f7d00000)
  eden space 102400K, 100% used [0x00000000f0000000, 0x00000000f6400000, 0x00000000f6400000)
  from space 12800K,   0% used [0x00000000f6400000, 0x00000000f6400000, 0x00000000f7080000)
  to   space 12800K,   0% used [0x00000000f7080000, 0x00000000f7080000, 0x00000000f7d00000)
 concurrent mark-sweep generation total 134144K, used 124330K [0x00000000f7d00000, 0x0000000100000000, 0x0000000100000000)
 Metaspace       used 51961K, capacity 54766K, committed 55296K, reserved 1097728K
  class space    used 6330K, capacity 6825K, committed 6912K, reserved 1048576K
2023-01-17T04:45:08.190+0800: 141.256: [GC (Allocation Failure) 2023-01-17T04:45:08.190+0800: 141.256: [ParNew: 102400K->102400K(115200K), 0.0000250 secs]2023-01-17T04:45:08.190+0800: 141.256: [CMS: 124330K->122913K(134144K), 0.2075878 secs] 226730K->122913K(249344K), [Metaspace: 51961K->51961K(1097728K)], 0.2079666 secs] [Times: user=0.20 sys=0.00, real=0.20 secs] 
Heap after GC invocations=261 (full 471):
 par new generation   total 115200K, used 0K [0x00000000f0000000, 0x00000000f7d00000, 0x00000000f7d00000)
  eden space 102400K,   0% used [0x00000000f0000000, 0x00000000f0000000, 0x00000000f6400000)
  from space 12800K,   0% used [0x00000000f6400000, 0x00000000f6400000, 0x00000000f7080000)
  to   space 12800K,   0% used [0x00000000f7080000, 0x00000000f7080000, 0x00000000f7d00000)
 concurrent mark-sweep generation total 134144K, used 122913K [0x00000000f7d00000, 0x0000000100000000, 0x0000000100000000)
 Metaspace       used 51961K, capacity 54766K, committed 55296K, reserved 1097728K
  class space    used 6330K, capacity 6825K, committed 6912K, reserved 1048576K
}
2023-01-17T04:45:08.402+0800: 141.468: [GC (CMS Initial Mark) [1 CMS-initial-mark: 122913K(134144K)] 122919K(249344K), 0.0045815 secs] [Times: user=0.01 sys=0.00, real=0.00 secs] 
2023-01-17T04:45:08.407+0800: 141.473: [CMS-concurrent-mark-start]
2023-01-17T04:45:08.496+0800: 141.562: [CMS-concurrent-mark: 0.089/0.089 secs] [Times: user=0.28 sys=0.04, real=0.09 secs] 
2023-01-17T04:45:08.496+0800: 141.563: [CMS-concurrent-preclean-start]
2023-01-17T04:45:08.510+0800: 141.576: [CMS-concurrent-preclean: 0.013/0.014 secs] [Times: user=0.04 sys=0.02, real=0.02 secs] 
2023-01-17T04:45:08.510+0800: 141.576: [CMS-concurrent-abortable-preclean-start]
2023-01-17T04:45:08.510+0800: 141.576: [CMS-concurrent-abortable-preclean: 0.000/0.000 secs] [Times: user=0.00 sys=0.00, real=0.00 secs] 
2023-01-17T04:45:08.514+0800: 141.581: [GC (CMS Final Remark) [YG occupancy: 66396 K (115200 K)]2023-01-17T04:45:08.514+0800: 141.581: [Rescan (parallel) , 0.0180812 secs]2023-01-17T04:45:08.532+0800: 141.599: [weak refs processing, 0.0000554 secs]2023-01-17T04:45:08.533+0800: 141.599: [class unloading, 0.0126369 secs]2023-01-17T04:45:08.545+0800: 141.612: [scrub symbol table, 0.0051398 secs]2023-01-17T04:45:08.550+0800: 141.617: [scrub string table, 0.0008618 secs][1 CMS-remark: 122913K(134144K)] 189310K(249344K), 0.0369658 secs] [Times: user=0.09 sys=0.00, real=0.04 secs] 
2023-01-17T04:45:08.552+0800: 141.618: [CMS-concurrent-sweep-start]
2023-01-17T04:45:08.575+0800: 141.641: [CMS-concurrent-sweep: 0.023/0.023 secs] [Times: user=0.07 sys=0.02, real=0.02 secs] 
2023-01-17T04:45:08.575+0800: 141.641: [CMS-concurrent-reset-start]
2023-01-17T04:45:08.575+0800: 141.642: [CMS-concurrent-reset: 0.000/0.000 secs] [Times: user=0.00 sys=0.00, real=0.00 secs] 
{Heap before GC invocations=261 (full 472):
 par new generation   total 115200K, used 102400K [0x00000000f0000000, 0x00000000f7d00000, 0x00000000f7d00000)
  eden space 102400K, 100% used [0x00000000f0000000, 0x00000000f6400000, 0x00000000f6400000)
  from space 12800K,   0% used [0x00000000f6400000, 0x00000000f6400000, 0x00000000f7080000)
  to   space 12800K,   0% used [0x00000000f7080000, 0x00000000f7080000, 0x00000000f7d00000)
 concurrent mark-sweep generation total 134144K, used 122582K [0x00000000f7d00000, 0x0000000100000000, 0x0000000100000000)
 Metaspace       used 51964K, capacity 54766K, committed 55296K, reserved 1097728K
  class space    used 6330K, capacity 6825K, committed 6912K, reserved 1048576K
2023-01-17T04:45:08.603+0800: 141.670: [GC (Allocation Failure) 2023-01-17T04:45:08.604+0800: 141.670: [ParNew: 102400K->102400K(115200K), 0.0000286 secs]2023-01-17T04:45:08.604+0800: 141.670: [CMS: 122582K->114306K(134144K), 0.1943402 secs] 224982K->114306K(249344K), [Metaspace: 51964K->51964K(1097728K)], 0.1947548 secs] [Times: user=0.19 sys=0.00, real=0.19 secs] 
Heap after GC invocations=262 (full 473):
 par new generation   total 115200K, used 0K [0x00000000f0000000, 0x00000000f7d00000, 0x00000000f7d00000)
  eden space 102400K,   0% used [0x00000000f0000000, 0x00000000f0000000, 0x00000000f6400000)
  from space 12800K,   0% used [0x00000000f6400000, 0x00000000f6400000, 0x00000000f7080000)
  to   space 12800K,   0% used [0x00000000f7080000, 0x00000000f7080000, 0x00000000f7d00000)
 concurrent mark-sweep generation total 134144K, used 114306K [0x00000000f7d00000, 0x0000000100000000, 0x0000000100000000)
 Metaspace       used 51964K, capacity 54766K, committed 55296K, reserved 1097728K
  class space    used 6330K, capacity 6825K, committed 6912K, reserved 1048576K
}
2023-01-17T04:45:08.803+0800: 141.869: [GC (CMS Initial Mark) [1 CMS-initial-mark: 114306K(134144K)] 114678K(249344K), 0.0036030 secs] [Times: user=0.01 sys=0.00, real=0.00 secs] 
2023-01-17T04:45:08.807+0800: 141.873: [CMS-concurrent-mark-start]
2023-01-17T04:45:08.943+0800: 142.009: [CMS-concurrent-mark: 0.136/0.136 secs] [Times: user=0.38 sys=0.07, real=0.14 secs] 
2023-01-17T04:45:08.943+0800: 142.009: [CMS-concurrent-preclean-start]
{Heap before GC invocations=262 (full 474):
 par new generation   total 115200K, used 102400K [0x00000000f0000000, 0x00000000f7d00000, 0x00000000f7d00000)
  eden space 102400K, 100% used [0x00000000f0000000, 0x00000000f6400000, 0x00000000f6400000)
  from space 12800K,   0% used [0x00000000f6400000, 0x00000000f6400000, 0x00000000f7080000)
  to   space 12800K,   0% used [0x00000000f7080000, 0x00000000f7080000, 0x00000000f7d00000)
 concurrent mark-sweep generation total 134144K, used 114306K [0x00000000f7d00000, 0x0000000100000000, 0x0000000100000000)
 Metaspace       used 51964K, capacity 54766K, committed 55296K, reserved 1097728K
  class space    used 6330K, capacity 6825K, committed 6912K, reserved 1048576K
2023-01-17T04:45:08.972+0800: 142.038: [GC (Allocation Failure) 2023-01-17T04:45:08.972+0800: 142.038: [ParNew: 102400K->102400K(115200K), 0.0000283 secs]2023-01-17T04:45:08.972+0800: 142.038: [CMS2023-01-17T04:45:08.994+0800: 142.061: [CMS-concurrent-preclean: 0.029/0.051 secs] [Times: user=0.08 sys=0.01, real=0.05 secs] 
 (concurrent mode failure): 114306K->105338K(134144K), 0.2306337 secs] 216706K->105338K(249344K), [Metaspace: 51964K->51964K(1097728K)], 0.2311243 secs] [Times: user=0.23 sys=0.00, real=0.23 secs] 
Heap after GC invocations=263 (full 475):
 par new generation   total 115200K, used 0K [0x00000000f0000000, 0x00000000f7d00000, 0x00000000f7d00000)
  eden space 102400K,   0% used [0x00000000f0000000, 0x00000000f0000000, 0x00000000f6400000)
  from space 12800K,   0% used [0x00000000f6400000, 0x00000000f6400000, 0x00000000f7080000)
  to   space 12800K,   0% used [0x00000000f7080000, 0x00000000f7080000, 0x00000000f7d00000)
 concurrent mark-sweep generation total 134144K, used 105338K [0x00000000f7d00000, 0x0000000100000000, 0x0000000100000000)
 Metaspace       used 51964K, capacity 54766K, committed 55296K, reserved 1097728K
  class space    used 6330K, capacity 6825K, committed 6912K, reserved 1048576K
}
{Heap before GC invocations=263 (full 475):
 par new generation   total 115200K, used 102400K [0x00000000f0000000, 0x00000000f7d00000, 0x00000000f7d00000)
  eden space 102400K, 100% used [0x00000000f0000000, 0x00000000f6400000, 0x00000000f6400000)
  from space 12800K,   0% used [0x00000000f6400000, 0x00000000f6400000, 0x00000000f7080000)
  to   space 12800K,   0% used [0x00000000f7080000, 0x00000000f7080000, 0x00000000f7d00000)
 concurrent mark-sweep generation total 134144K, used 105338K [0x00000000f7d00000, 0x0000000100000000, 0x0000000100000000)
 Metaspace       used 51964K, capacity 54766K, committed 55296K, reserved 1097728K
  class space    used 6330K, capacity 6825K, committed 6912K, reserved 1048576K
2023-01-17T04:45:09.324+0800: 142.390: [GC (Allocation Failure) 2023-01-17T04:45:09.324+0800: 142.390: [ParNew: 102400K->102400K(115200K), 0.0000253 secs]2023-01-17T04:45:09.324+0800: 142.390: [CMS: 105338K->98397K(134144K), 0.1716423 secs] 207738K->98397K(249344K), [Metaspace: 51964K->51964K(1097728K)], 0.1720351 secs] [Times: user=0.17 sys=0.00, real=0.17 secs] 
Heap after GC invocations=264 (full 476):
 par new generation   total 115200K, used 0K [0x00000000f0000000, 0x00000000f7d00000, 0x00000000f7d00000)
  eden space 102400K,   0% used [0x00000000f0000000, 0x00000000f0000000, 0x00000000f6400000)
  from space 12800K,   0% used [0x00000000f6400000, 0x00000000f6400000, 0x00000000f7080000)
  to   space 12800K,   0% used [0x00000000f7080000, 0x00000000f7080000, 0x00000000f7d00000)
 concurrent mark-sweep generation total 134144K, used 98397K [0x00000000f7d00000, 0x0000000100000000, 0x0000000100000000)
 Metaspace       used 51964K, capacity 54766K, committed 55296K, reserved 1097728K
  class space    used 6330K, capacity 6825K, committed 6912K, reserved 1048576K
}
{Heap before GC invocations=264 (full 476):
 par new generation   total 115200K, used 102400K [0x00000000f0000000, 0x00000000f7d00000, 0x00000000f7d00000)
  eden space 102400K, 100% used [0x00000000f0000000, 0x00000000f6400000, 0x00000000f6400000)
  from space 12800K,   0% used [0x00000000f6400000, 0x00000000f6400000, 0x00000000f7080000)
  to   space 12800K,   0% used [0x00000000f7080000, 0x00000000f7080000, 0x00000000f7d00000)
 concurrent mark-sweep generation total 134144K, used 98397K [0x00000000f7d00000, 0x0000000100000000, 0x0000000100000000)
 Metaspace       used 51966K, capacity 54766K, committed 55296K, reserved 1097728K
  class space    used 6330K, capacity 6825K, committed 6912K, reserved 1048576K
2023-01-17T04:45:09.617+0800: 142.684: [GC (Allocation Failure) 2023-01-17T04:45:09.618+0800: 142.684: [ParNew: 102400K->12515K(115200K), 0.0087146 secs] 200797K->110913K(249344K), 0.0090577 secs] [Times: user=0.02 sys=0.00, real=0.01 secs] 
Heap after GC invocations=265 (full 476):
 par new generation   total 115200K, used 12515K [0x00000000f0000000, 0x00000000f7d00000, 0x00000000f7d00000)
  eden space 102400K,   0% used [0x00000000f0000000, 0x00000000f0000000, 0x00000000f6400000)
  from space 12800K,  97% used [0x00000000f7080000, 0x00000000f7cb8f60, 0x00000000f7d00000)
  to   space 12800K,   0% used [0x00000000f6400000, 0x00000000f6400000, 0x00000000f7080000)
 concurrent mark-sweep generation total 134144K, used 98397K [0x00000000f7d00000, 0x0000000100000000, 0x0000000100000000)
 Metaspace       used 51966K, capacity 54766K, committed 55296K, reserved 1097728K
  class space    used 6330K, capacity 6825K, committed 6912K, reserved 1048576K
}
{Heap before GC invocations=265 (full 476):
 par new generation   total 115200K, used 114915K [0x00000000f0000000, 0x00000000f7d00000, 0x00000000f7d00000)
  eden space 102400K, 100% used [0x00000000f0000000, 0x00000000f6400000, 0x00000000f6400000)
  from space 12800K,  97% used [0x00000000f7080000, 0x00000000f7cb8f60, 0x00000000f7d00000)
  to   space 12800K,   0% used [0x00000000f6400000, 0x00000000f6400000, 0x00000000f7080000)
 concurrent mark-sweep generation total 134144K, used 98397K [0x00000000f7d00000, 0x0000000100000000, 0x0000000100000000)
 Metaspace       used 51969K, capacity 54766K, committed 55296K, reserved 1097728K
  class space    used 6330K, capacity 6825K, committed 6912K, reserved 1048576K
2023-01-17T04:45:43.067+0800: 176.133: [GC (Allocation Failure) 2023-01-17T04:45:43.067+0800: 176.133: [ParNew: 114915K->3386K(115200K), 0.0043010 secs] 213313K->101784K(249344K), 0.0045645 secs] [Times: user=0.02 sys=0.00, real=0.01 secs] 
