Java HotSpot(TM) 64-Bit Server VM (25.261-b12) for linux-amd64 JRE (1.8.0_261-b12), built on Jun 17 2020 23:41:40 by "java_re" with gcc 7.3.0
Memory: 4k page, physical 7733220k(7127048k free), swap 0k(0k free)
CommandLine flags: -XX:+HeapDumpOnOutOfMemoryError -XX:HeapDumpPath=/root/logs/java_heapdump.hprof -XX:InitialHeapSize=268435456 -XX:MaxHeapSize=268435456 -XX:MaxNewSize=131072000 -XX:MaxTenuringThreshold=6 -XX:MetaspaceSize=134217728 -XX:NewSize=131072000 -XX:OldPLABSize=16 -XX:-OmitStackTraceInFastThrow -XX:+PrintGC -XX:+PrintGCDateStamps -XX:+PrintGCDetails -XX:+PrintGCTimeStamps -XX:+PrintHeapAtGC -XX:ThreadStackSize=512 -XX:+UseCompressedClassPointers -XX:+UseCompressedOops -XX:+UseConcMarkSweepGC -XX:-UseLargePages -XX:+UseParNewGC 
{Heap before GC invocations=0 (full 0):
 par new generation   total 115200K, used 102400K [0x00000000f0000000, 0x00000000f7d00000, 0x00000000f7d00000)
  eden space 102400K, 100% used [0x00000000f0000000, 0x00000000f6400000, 0x00000000f6400000)
  from space 12800K,   0% used [0x00000000f6400000, 0x00000000f6400000, 0x00000000f7080000)
  to   space 12800K,   0% used [0x00000000f7080000, 0x00000000f7080000, 0x00000000f7d00000)
 concurrent mark-sweep generation total 134144K, used 0K [0x00000000f7d00000, 0x0000000100000000, 0x0000000100000000)
 Metaspace       used 10855K, capacity 11194K, committed 11392K, reserved 1058816K
  class space    used 1257K, capacity 1375K, committed 1408K, reserved 1048576K
2023-01-17T04:29:50.824+0800: 0.731: [GC (Allocation Failure) 2023-01-17T04:29:50.824+0800: 0.731: [ParNew: 102400K->6941K(115200K), 0.0194559 secs] 102400K->6941K(249344K), 0.0195458 secs] [Times: user=0.05 sys=0.00, real=0.02 secs] 
Heap after GC invocations=1 (full 0):
 par new generation   total 115200K, used 6941K [0x00000000f0000000, 0x00000000f7d00000, 0x00000000f7d00000)
  eden space 102400K,   0% used [0x00000000f0000000, 0x00000000f0000000, 0x00000000f6400000)
  from space 12800K,  54% used [0x00000000f7080000, 0x00000000f7747510, 0x00000000f7d00000)
  to   space 12800K,   0% used [0x00000000f6400000, 0x00000000f6400000, 0x00000000f7080000)
 concurrent mark-sweep generation total 134144K, used 0K [0x00000000f7d00000, 0x0000000100000000, 0x0000000100000000)
 Metaspace       used 10855K, capacity 11194K, committed 11392K, reserved 1058816K
  class space    used 1257K, capacity 1375K, committed 1408K, reserved 1048576K
}
{Heap before GC invocations=1 (full 0):
 par new generation   total 115200K, used 109341K [0x00000000f0000000, 0x00000000f7d00000, 0x00000000f7d00000)
  eden space 102400K, 100% used [0x00000000f0000000, 0x00000000f6400000, 0x00000000f6400000)
  from space 12800K,  54% used [0x00000000f7080000, 0x00000000f7747510, 0x00000000f7d00000)
  to   space 12800K,   0% used [0x00000000f6400000, 0x00000000f6400000, 0x00000000f7080000)
 concurrent mark-sweep generation total 134144K, used 0K [0x00000000f7d00000, 0x0000000100000000, 0x0000000100000000)
 Metaspace       used 14640K, capacity 15208K, committed 15488K, reserved 1062912K
  class space    used 1716K, capacity 1882K, committed 1920K, reserved 1048576K
2023-01-17T04:29:51.076+0800: 0.983: [GC (Allocation Failure) 2023-01-17T04:29:51.076+0800: 0.983: [ParNew: 109341K->4640K(115200K), 0.0269706 secs] 109341K->7490K(249344K), 0.0270241 secs] [Times: user=0.08 sys=0.01, real=0.03 secs] 
Heap after GC invocations=2 (full 0):
 par new generation   total 115200K, used 4640K [0x00000000f0000000, 0x00000000f7d00000, 0x00000000f7d00000)
  eden space 102400K,   0% used [0x00000000f0000000, 0x00000000f0000000, 0x00000000f6400000)
  from space 12800K,  36% used [0x00000000f6400000, 0x00000000f6888290, 0x00000000f7080000)
  to   space 12800K,   0% used [0x00000000f7080000, 0x00000000f7080000, 0x00000000f7d00000)
 concurrent mark-sweep generation total 134144K, used 2849K [0x00000000f7d00000, 0x0000000100000000, 0x0000000100000000)
 Metaspace       used 14640K, capacity 15208K, committed 15488K, reserved 1062912K
  class space    used 1716K, capacity 1882K, committed 1920K, reserved 1048576K
}
{Heap before GC invocations=2 (full 0):
 par new generation   total 115200K, used 107040K [0x00000000f0000000, 0x00000000f7d00000, 0x00000000f7d00000)
  eden space 102400K, 100% used [0x00000000f0000000, 0x00000000f6400000, 0x00000000f6400000)
  from space 12800K,  36% used [0x00000000f6400000, 0x00000000f6888290, 0x00000000f7080000)
  to   space 12800K,   0% used [0x00000000f7080000, 0x00000000f7080000, 0x00000000f7d00000)
 concurrent mark-sweep generation total 134144K, used 2849K [0x00000000f7d00000, 0x0000000100000000, 0x0000000100000000)
 Metaspace       used 18910K, capacity 19658K, committed 19712K, reserved 1067008K
  class space    used 2349K, capacity 2525K, committed 2560K, reserved 1048576K
2023-01-17T04:29:51.498+0800: 1.405: [GC (Allocation Failure) 2023-01-17T04:29:51.498+0800: 1.405: [ParNew: 107040K->5439K(115200K), 0.0126660 secs] 109890K->8289K(249344K), 0.0127436 secs] [Times: user=0.04 sys=0.00, real=0.02 secs] 
Heap after GC invocations=3 (full 0):
 par new generation   total 115200K, used 5439K [0x00000000f0000000, 0x00000000f7d00000, 0x00000000f7d00000)
  eden space 102400K,   0% used [0x00000000f0000000, 0x00000000f0000000, 0x00000000f6400000)
  from space 12800K,  42% used [0x00000000f7080000, 0x00000000f75cfd68, 0x00000000f7d00000)
  to   space 12800K,   0% used [0x00000000f6400000, 0x00000000f6400000, 0x00000000f7080000)
 concurrent mark-sweep generation total 134144K, used 2849K [0x00000000f7d00000, 0x0000000100000000, 0x0000000100000000)
 Metaspace       used 18910K, capacity 19658K, committed 19712K, reserved 1067008K
  class space    used 2349K, capacity 2525K, committed 2560K, reserved 1048576K
}
{Heap before GC invocations=3 (full 0):
 par new generation   total 115200K, used 107839K [0x00000000f0000000, 0x00000000f7d00000, 0x00000000f7d00000)
  eden space 102400K, 100% used [0x00000000f0000000, 0x00000000f6400000, 0x00000000f6400000)
  from space 12800K,  42% used [0x00000000f7080000, 0x00000000f75cfd68, 0x00000000f7d00000)
  to   space 12800K,   0% used [0x00000000f6400000, 0x00000000f6400000, 0x00000000f7080000)
 concurrent mark-sweep generation total 134144K, used 2849K [0x00000000f7d00000, 0x0000000100000000, 0x0000000100000000)
 Metaspace       used 20068K, capacity 20874K, committed 21120K, reserved 1067008K
  class space    used 2500K, capacity 2685K, committed 2688K, reserved 1048576K
2023-01-17T04:29:51.766+0800: 1.673: [GC (Allocation Failure) 2023-01-17T04:29:51.766+0800: 1.673: [ParNew: 107839K->12207K(115200K), 0.0345231 secs] 110689K->15057K(249344K), 0.0346013 secs] [Times: user=0.09 sys=0.00, real=0.04 secs] 
Heap after GC invocations=4 (full 0):
 par new generation   total 115200K, used 12207K [0x00000000f0000000, 0x00000000f7d00000, 0x00000000f7d00000)
  eden space 102400K,   0% used [0x00000000f0000000, 0x00000000f0000000, 0x00000000f6400000)
  from space 12800K,  95% used [0x00000000f6400000, 0x00000000f6febe30, 0x00000000f7080000)
  to   space 12800K,   0% used [0x00000000f7080000, 0x00000000f7080000, 0x00000000f7d00000)
 concurrent mark-sweep generation total 134144K, used 2849K [0x00000000f7d00000, 0x0000000100000000, 0x0000000100000000)
 Metaspace       used 20068K, capacity 20874K, committed 21120K, reserved 1067008K
  class space    used 2500K, capacity 2685K, committed 2688K, reserved 1048576K
}
{Heap before GC invocations=4 (full 0):
 par new generation   total 115200K, used 114607K [0x00000000f0000000, 0x00000000f7d00000, 0x00000000f7d00000)
  eden space 102400K, 100% used [0x00000000f0000000, 0x00000000f6400000, 0x00000000f6400000)
  from space 12800K,  95% used [0x00000000f6400000, 0x00000000f6febe30, 0x00000000f7080000)
  to   space 12800K,   0% used [0x00000000f7080000, 0x00000000f7080000, 0x00000000f7d00000)
 concurrent mark-sweep generation total 134144K, used 2849K [0x00000000f7d00000, 0x0000000100000000, 0x0000000100000000)
 Metaspace       used 20984K, capacity 21948K, committed 22016K, reserved 1069056K
  class space    used 2598K, capacity 2814K, committed 2816K, reserved 1048576K
2023-01-17T04:29:52.098+0800: 2.006: [GC (Allocation Failure) 2023-01-17T04:29:52.098+0800: 2.006: [ParNew: 114607K->7647K(115200K), 0.0142848 secs] 117457K->13258K(249344K), 0.0143389 secs] [Times: user=0.03 sys=0.00, real=0.02 secs] 
Heap after GC invocations=5 (full 0):
 par new generation   total 115200K, used 7647K [0x00000000f0000000, 0x00000000f7d00000, 0x00000000f7d00000)
  eden space 102400K,   0% used [0x00000000f0000000, 0x00000000f0000000, 0x00000000f6400000)
  from space 12800K,  59% used [0x00000000f7080000, 0x00000000f77f7f20, 0x00000000f7d00000)
  to   space 12800K,   0% used [0x00000000f6400000, 0x00000000f6400000, 0x00000000f7080000)
 concurrent mark-sweep generation total 134144K, used 5610K [0x00000000f7d00000, 0x0000000100000000, 0x0000000100000000)
 Metaspace       used 20984K, capacity 21948K, committed 22016K, reserved 1069056K
  class space    used 2598K, capacity 2814K, committed 2816K, reserved 1048576K
}
{Heap before GC invocations=5 (full 0):
 par new generation   total 115200K, used 110047K [0x00000000f0000000, 0x00000000f7d00000, 0x00000000f7d00000)
  eden space 102400K, 100% used [0x00000000f0000000, 0x00000000f6400000, 0x00000000f6400000)
  from space 12800K,  59% used [0x00000000f7080000, 0x00000000f77f7f20, 0x00000000f7d00000)
  to   space 12800K,   0% used [0x00000000f6400000, 0x00000000f6400000, 0x00000000f7080000)
 concurrent mark-sweep generation total 134144K, used 5610K [0x00000000f7d00000, 0x0000000100000000, 0x0000000100000000)
 Metaspace       used 22807K, capacity 23822K, committed 24064K, reserved 1071104K
  class space    used 2860K, capacity 3069K, committed 3072K, reserved 1048576K
2023-01-17T04:29:52.528+0800: 2.436: [GC (Allocation Failure) 2023-01-17T04:29:52.528+0800: 2.436: [ParNew: 110047K->6516K(115200K), 0.0124415 secs] 115658K->12127K(249344K), 0.0125023 secs] [Times: user=0.04 sys=0.00, real=0.02 secs] 
Heap after GC invocations=6 (full 0):
 par new generation   total 115200K, used 6516K [0x00000000f0000000, 0x00000000f7d00000, 0x00000000f7d00000)
  eden space 102400K,   0% used [0x00000000f0000000, 0x00000000f0000000, 0x00000000f6400000)
  from space 12800K,  50% used [0x00000000f6400000, 0x00000000f6a5d370, 0x00000000f7080000)
  to   space 12800K,   0% used [0x00000000f7080000, 0x00000000f7080000, 0x00000000f7d00000)
 concurrent mark-sweep generation total 134144K, used 5610K [0x00000000f7d00000, 0x0000000100000000, 0x0000000100000000)
 Metaspace       used 22807K, capacity 23822K, committed 24064K, reserved 1071104K
  class space    used 2860K, capacity 3069K, committed 3072K, reserved 1048576K
}
{Heap before GC invocations=6 (full 0):
 par new generation   total 115200K, used 108916K [0x00000000f0000000, 0x00000000f7d00000, 0x00000000f7d00000)
  eden space 102400K, 100% used [0x00000000f0000000, 0x00000000f6400000, 0x00000000f6400000)
  from space 12800K,  50% used [0x00000000f6400000, 0x00000000f6a5d370, 0x00000000f7080000)
  to   space 12800K,   0% used [0x00000000f7080000, 0x00000000f7080000, 0x00000000f7d00000)
 concurrent mark-sweep generation total 134144K, used 5610K [0x00000000f7d00000, 0x0000000100000000, 0x0000000100000000)
 Metaspace       used 26296K, capacity 27806K, committed 28032K, reserved 1073152K
  class space    used 3393K, capacity 3663K, committed 3712K, reserved 1048576K
2023-01-17T04:29:52.990+0800: 2.898: [GC (Allocation Failure) 2023-01-17T04:29:52.990+0800: 2.898: [ParNew: 108916K->9175K(115200K), 0.0228941 secs] 114527K->14786K(249344K), 0.0229654 secs] [Times: user=0.06 sys=0.00, real=0.02 secs] 
Heap after GC invocations=7 (full 0):
 par new generation   total 115200K, used 9175K [0x00000000f0000000, 0x00000000f7d00000, 0x00000000f7d00000)
  eden space 102400K,   0% used [0x00000000f0000000, 0x00000000f0000000, 0x00000000f6400000)
  from space 12800K,  71% used [0x00000000f7080000, 0x00000000f7975f98, 0x00000000f7d00000)
  to   space 12800K,   0% used [0x00000000f6400000, 0x00000000f6400000, 0x00000000f7080000)
 concurrent mark-sweep generation total 134144K, used 5610K [0x00000000f7d00000, 0x0000000100000000, 0x0000000100000000)
 Metaspace       used 26296K, capacity 27806K, committed 28032K, reserved 1073152K
  class space    used 3393K, capacity 3663K, committed 3712K, reserved 1048576K
}
{Heap before GC invocations=7 (full 0):
 par new generation   total 115200K, used 111575K [0x00000000f0000000, 0x00000000f7d00000, 0x00000000f7d00000)
  eden space 102400K, 100% used [0x00000000f0000000, 0x00000000f6400000, 0x00000000f6400000)
  from space 12800K,  71% used [0x00000000f7080000, 0x00000000f7975f98, 0x00000000f7d00000)
  to   space 12800K,   0% used [0x00000000f6400000, 0x00000000f6400000, 0x00000000f7080000)
 concurrent mark-sweep generation total 134144K, used 5610K [0x00000000f7d00000, 0x0000000100000000, 0x0000000100000000)
 Metaspace       used 30087K, capacity 31980K, committed 32256K, reserved 1077248K
  class space    used 3900K, capacity 4270K, committed 4352K, reserved 1048576K
2023-01-17T04:29:53.469+0800: 3.376: [GC (Allocation Failure) 2023-01-17T04:29:53.469+0800: 3.376: [ParNew: 111575K->9485K(115200K), 0.0184078 secs] 117186K->17600K(249344K), 0.0184929 secs] [Times: user=0.06 sys=0.00, real=0.02 secs] 
Heap after GC invocations=8 (full 0):
 par new generation   total 115200K, used 9485K [0x00000000f0000000, 0x00000000f7d00000, 0x00000000f7d00000)
  eden space 102400K,   0% used [0x00000000f0000000, 0x00000000f0000000, 0x00000000f6400000)
  from space 12800K,  74% used [0x00000000f6400000, 0x00000000f6d43418, 0x00000000f7080000)
  to   space 12800K,   0% used [0x00000000f7080000, 0x00000000f7080000, 0x00000000f7d00000)
 concurrent mark-sweep generation total 134144K, used 8115K [0x00000000f7d00000, 0x0000000100000000, 0x0000000100000000)
 Metaspace       used 30087K, capacity 31980K, committed 32256K, reserved 1077248K
  class space    used 3900K, capacity 4270K, committed 4352K, reserved 1048576K
}
{Heap before GC invocations=8 (full 0):
 par new generation   total 115200K, used 111885K [0x00000000f0000000, 0x00000000f7d00000, 0x00000000f7d00000)
  eden space 102400K, 100% used [0x00000000f0000000, 0x00000000f6400000, 0x00000000f6400000)
  from space 12800K,  74% used [0x00000000f6400000, 0x00000000f6d43418, 0x00000000f7080000)
  to   space 12800K,   0% used [0x00000000f7080000, 0x00000000f7080000, 0x00000000f7d00000)
 concurrent mark-sweep generation total 134144K, used 8115K [0x00000000f7d00000, 0x0000000100000000, 0x0000000100000000)
 Metaspace       used 35262K, capacity 37240K, committed 37504K, reserved 1081344K
  class space    used 4560K, capacity 4944K, committed 4992K, reserved 1048576K
2023-01-17T04:29:53.956+0800: 3.864: [GC (Allocation Failure) 2023-01-17T04:29:53.956+0800: 3.864: [ParNew: 111885K->9204K(115200K), 0.0267860 secs] 120000K->19675K(249344K), 0.0268590 secs] [Times: user=0.08 sys=0.00, real=0.03 secs] 
Heap after GC invocations=9 (full 0):
 par new generation   total 115200K, used 9204K [0x00000000f0000000, 0x00000000f7d00000, 0x00000000f7d00000)
  eden space 102400K,   0% used [0x00000000f0000000, 0x00000000f0000000, 0x00000000f6400000)
  from space 12800K,  71% used [0x00000000f7080000, 0x00000000f797d188, 0x00000000f7d00000)
  to   space 12800K,   0% used [0x00000000f6400000, 0x00000000f6400000, 0x00000000f7080000)
 concurrent mark-sweep generation total 134144K, used 10471K [0x00000000f7d00000, 0x0000000100000000, 0x0000000100000000)
 Metaspace       used 35262K, capacity 37240K, committed 37504K, reserved 1081344K
  class space    used 4560K, capacity 4944K, committed 4992K, reserved 1048576K
}
{Heap before GC invocations=9 (full 0):
 par new generation   total 115200K, used 111604K [0x00000000f0000000, 0x00000000f7d00000, 0x00000000f7d00000)
  eden space 102400K, 100% used [0x00000000f0000000, 0x00000000f6400000, 0x00000000f6400000)
  from space 12800K,  71% used [0x00000000f7080000, 0x00000000f797d188, 0x00000000f7d00000)
  to   space 12800K,   0% used [0x00000000f6400000, 0x00000000f6400000, 0x00000000f7080000)
 concurrent mark-sweep generation total 134144K, used 10471K [0x00000000f7d00000, 0x0000000100000000, 0x0000000100000000)
 Metaspace       used 35650K, capacity 37716K, committed 38016K, reserved 1083392K
  class space    used 4593K, capacity 4986K, committed 4992K, reserved 1048576K
2023-01-17T04:29:54.220+0800: 4.128: [GC (Allocation Failure) 2023-01-17T04:29:54.220+0800: 4.128: [ParNew: 111604K->5475K(115200K), 0.0321733 secs] 122075K->18331K(249344K), 0.0322551 secs] [Times: user=0.11 sys=0.01, real=0.03 secs] 
Heap after GC invocations=10 (full 0):
 par new generation   total 115200K, used 5475K [0x00000000f0000000, 0x00000000f7d00000, 0x00000000f7d00000)
  eden space 102400K,   0% used [0x00000000f0000000, 0x00000000f0000000, 0x00000000f6400000)
  from space 12800K,  42% used [0x00000000f6400000, 0x00000000f6958c28, 0x00000000f7080000)
  to   space 12800K,   0% used [0x00000000f7080000, 0x00000000f7080000, 0x00000000f7d00000)
 concurrent mark-sweep generation total 134144K, used 12855K [0x00000000f7d00000, 0x0000000100000000, 0x0000000100000000)
 Metaspace       used 35650K, capacity 37716K, committed 38016K, reserved 1083392K
  class space    used 4593K, capacity 4986K, committed 4992K, reserved 1048576K
}
{Heap before GC invocations=10 (full 0):
 par new generation   total 115200K, used 107875K [0x00000000f0000000, 0x00000000f7d00000, 0x00000000f7d00000)
  eden space 102400K, 100% used [0x00000000f0000000, 0x00000000f6400000, 0x00000000f6400000)
  from space 12800K,  42% used [0x00000000f6400000, 0x00000000f6958c28, 0x00000000f7080000)
  to   space 12800K,   0% used [0x00000000f7080000, 0x00000000f7080000, 0x00000000f7d00000)
 concurrent mark-sweep generation total 134144K, used 12855K [0x00000000f7d00000, 0x0000000100000000, 0x0000000100000000)
 Metaspace       used 36184K, capacity 38240K, committed 38656K, reserved 1083392K
  class space    used 4647K, capacity 5026K, committed 5120K, reserved 1048576K
2023-01-17T04:29:54.475+0800: 4.382: [GC (Allocation Failure) 2023-01-17T04:29:54.475+0800: 4.383: [ParNew: 107875K->5316K(115200K), 0.0116468 secs] 120731K->18172K(249344K), 0.0117151 secs] [Times: user=0.04 sys=0.00, real=0.01 secs] 
Heap after GC invocations=11 (full 0):
 par new generation   total 115200K, used 5316K [0x00000000f0000000, 0x00000000f7d00000, 0x00000000f7d00000)
  eden space 102400K,   0% used [0x00000000f0000000, 0x00000000f0000000, 0x00000000f6400000)
  from space 12800K,  41% used [0x00000000f7080000, 0x00000000f75b1230, 0x00000000f7d00000)
  to   space 12800K,   0% used [0x00000000f6400000, 0x00000000f6400000, 0x00000000f7080000)
 concurrent mark-sweep generation total 134144K, used 12855K [0x00000000f7d00000, 0x0000000100000000, 0x0000000100000000)
 Metaspace       used 36184K, capacity 38240K, committed 38656K, reserved 1083392K
  class space    used 4647K, capacity 5026K, committed 5120K, reserved 1048576K
}
{Heap before GC invocations=11 (full 0):
 par new generation   total 115200K, used 107716K [0x00000000f0000000, 0x00000000f7d00000, 0x00000000f7d00000)
  eden space 102400K, 100% used [0x00000000f0000000, 0x00000000f6400000, 0x00000000f6400000)
  from space 12800K,  41% used [0x00000000f7080000, 0x00000000f75b1230, 0x00000000f7d00000)
  to   space 12800K,   0% used [0x00000000f6400000, 0x00000000f6400000, 0x00000000f7080000)
 concurrent mark-sweep generation total 134144K, used 12855K [0x00000000f7d00000, 0x0000000100000000, 0x0000000100000000)
 Metaspace       used 36302K, capacity 38304K, committed 38656K, reserved 1083392K
  class space    used 4649K, capacity 5026K, committed 5120K, reserved 1048576K
2023-01-17T04:29:54.645+0800: 4.553: [GC (Allocation Failure) 2023-01-17T04:29:54.645+0800: 4.553: [ParNew: 107716K->6039K(115200K), 0.0146907 secs] 120572K->18895K(249344K), 0.0147547 secs] [Times: user=0.04 sys=0.00, real=0.02 secs] 
Heap after GC invocations=12 (full 0):
 par new generation   total 115200K, used 6039K [0x00000000f0000000, 0x00000000f7d00000, 0x00000000f7d00000)
  eden space 102400K,   0% used [0x00000000f0000000, 0x00000000f0000000, 0x00000000f6400000)
  from space 12800K,  47% used [0x00000000f6400000, 0x00000000f69e5f50, 0x00000000f7080000)
  to   space 12800K,   0% used [0x00000000f7080000, 0x00000000f7080000, 0x00000000f7d00000)
 concurrent mark-sweep generation total 134144K, used 12855K [0x00000000f7d00000, 0x0000000100000000, 0x0000000100000000)
 Metaspace       used 36302K, capacity 38304K, committed 38656K, reserved 1083392K
  class space    used 4649K, capacity 5026K, committed 5120K, reserved 1048576K
}
{Heap before GC invocations=12 (full 0):
 par new generation   total 115200K, used 108439K [0x00000000f0000000, 0x00000000f7d00000, 0x00000000f7d00000)
  eden space 102400K, 100% used [0x00000000f0000000, 0x00000000f6400000, 0x00000000f6400000)
  from space 12800K,  47% used [0x00000000f6400000, 0x00000000f69e5f50, 0x00000000f7080000)
  to   space 12800K,   0% used [0x00000000f7080000, 0x00000000f7080000, 0x00000000f7d00000)
 concurrent mark-sweep generation total 134144K, used 12855K [0x00000000f7d00000, 0x0000000100000000, 0x0000000100000000)
 Metaspace       used 38053K, capacity 40358K, committed 40448K, reserved 1085440K
  class space    used 4893K, capacity 5305K, committed 5376K, reserved 1048576K
2023-01-17T04:29:55.003+0800: 4.911: [GC (Allocation Failure) 2023-01-17T04:29:55.003+0800: 4.911: [ParNew: 108439K->10314K(115200K), 0.0177152 secs] 121295K->23170K(249344K), 0.0177967 secs] [Times: user=0.07 sys=0.00, real=0.02 secs] 
Heap after GC invocations=13 (full 0):
 par new generation   total 115200K, used 10314K [0x00000000f0000000, 0x00000000f7d00000, 0x00000000f7d00000)
  eden space 102400K,   0% used [0x00000000f0000000, 0x00000000f0000000, 0x00000000f6400000)
  from space 12800K,  80% used [0x00000000f7080000, 0x00000000f7a92bf8, 0x00000000f7d00000)
  to   space 12800K,   0% used [0x00000000f6400000, 0x00000000f6400000, 0x00000000f7080000)
 concurrent mark-sweep generation total 134144K, used 12855K [0x00000000f7d00000, 0x0000000100000000, 0x0000000100000000)
 Metaspace       used 38053K, capacity 40358K, committed 40448K, reserved 1085440K
  class space    used 4893K, capacity 5305K, committed 5376K, reserved 1048576K
}
{Heap before GC invocations=13 (full 0):
 par new generation   total 115200K, used 112714K [0x00000000f0000000, 0x00000000f7d00000, 0x00000000f7d00000)
  eden space 102400K, 100% used [0x00000000f0000000, 0x00000000f6400000, 0x00000000f6400000)
  from space 12800K,  80% used [0x00000000f7080000, 0x00000000f7a92bf8, 0x00000000f7d00000)
  to   space 12800K,   0% used [0x00000000f6400000, 0x00000000f6400000, 0x00000000f7080000)
 concurrent mark-sweep generation total 134144K, used 12855K [0x00000000f7d00000, 0x0000000100000000, 0x0000000100000000)
 Metaspace       used 41197K, capacity 43712K, committed 44032K, reserved 1087488K
  class space    used 5317K, capacity 5776K, committed 5888K, reserved 1048576K
2023-01-17T04:29:58.124+0800: 8.032: [GC (Allocation Failure) 2023-01-17T04:29:58.124+0800: 8.032: [ParNew: 112714K->11206K(115200K), 0.0163512 secs] 125570K->25866K(249344K), 0.0164285 secs] [Times: user=0.06 sys=0.00, real=0.02 secs] 
Heap after GC invocations=14 (full 0):
 par new generation   total 115200K, used 11206K [0x00000000f0000000, 0x00000000f7d00000, 0x00000000f7d00000)
  eden space 102400K,   0% used [0x00000000f0000000, 0x00000000f0000000, 0x00000000f6400000)
  from space 12800K,  87% used [0x00000000f6400000, 0x00000000f6ef1940, 0x00000000f7080000)
  to   space 12800K,   0% used [0x00000000f7080000, 0x00000000f7080000, 0x00000000f7d00000)
 concurrent mark-sweep generation total 134144K, used 14660K [0x00000000f7d00000, 0x0000000100000000, 0x0000000100000000)
 Metaspace       used 41197K, capacity 43712K, committed 44032K, reserved 1087488K
  class space    used 5317K, capacity 5776K, committed 5888K, reserved 1048576K
}
{Heap before GC invocations=14 (full 0):
 par new generation   total 115200K, used 113606K [0x00000000f0000000, 0x00000000f7d00000, 0x00000000f7d00000)
  eden space 102400K, 100% used [0x00000000f0000000, 0x00000000f6400000, 0x00000000f6400000)
  from space 12800K,  87% used [0x00000000f6400000, 0x00000000f6ef1940, 0x00000000f7080000)
  to   space 12800K,   0% used [0x00000000f7080000, 0x00000000f7080000, 0x00000000f7d00000)
 concurrent mark-sweep generation total 134144K, used 14660K [0x00000000f7d00000, 0x0000000100000000, 0x0000000100000000)
 Metaspace       used 44157K, capacity 46850K, committed 47104K, reserved 1089536K
  class space    used 5653K, capacity 6129K, committed 6144K, reserved 1048576K
2023-01-17T04:30:20.907+0800: 30.815: [GC (Allocation Failure) 2023-01-17T04:30:20.907+0800: 30.815: [ParNew: 113606K->12800K(115200K), 0.0201528 secs] 128266K->35145K(249344K), 0.0202818 secs] [Times: user=0.06 sys=0.00, real=0.02 secs] 
Heap after GC invocations=15 (full 0):
 par new generation   total 115200K, used 12800K [0x00000000f0000000, 0x00000000f7d00000, 0x00000000f7d00000)
  eden space 102400K,   0% used [0x00000000f0000000, 0x00000000f0000000, 0x00000000f6400000)
  from space 12800K, 100% used [0x00000000f7080000, 0x00000000f7d00000, 0x00000000f7d00000)
  to   space 12800K,   0% used [0x00000000f6400000, 0x00000000f6400000, 0x00000000f7080000)
 concurrent mark-sweep generation total 134144K, used 22345K [0x00000000f7d00000, 0x0000000100000000, 0x0000000100000000)
 Metaspace       used 44157K, capacity 46850K, committed 47104K, reserved 1089536K
  class space    used 5653K, capacity 6129K, committed 6144K, reserved 1048576K
}
{Heap before GC invocations=15 (full 0):
 par new generation   total 115200K, used 115200K [0x00000000f0000000, 0x00000000f7d00000, 0x00000000f7d00000)
  eden space 102400K, 100% used [0x00000000f0000000, 0x00000000f6400000, 0x00000000f6400000)
  from space 12800K, 100% used [0x00000000f7080000, 0x00000000f7d00000, 0x00000000f7d00000)
  to   space 12800K,   0% used [0x00000000f6400000, 0x00000000f6400000, 0x00000000f7080000)
 concurrent mark-sweep generation total 134144K, used 22345K [0x00000000f7d00000, 0x0000000100000000, 0x0000000100000000)
 Metaspace       used 47981K, capacity 50804K, committed 50944K, reserved 1093632K
  class space    used 6078K, capacity 6602K, committed 6656K, reserved 1048576K
2023-01-17T04:30:21.542+0800: 31.450: [GC (Allocation Failure) 2023-01-17T04:30:21.543+0800: 31.450: [ParNew: 115200K->12800K(115200K), 0.0567346 secs] 137545K->80091K(249344K), 0.0569633 secs] [Times: user=0.14 sys=0.01, real=0.06 secs] 
Heap after GC invocations=16 (full 0):
 par new generation   total 115200K, used 12800K [0x00000000f0000000, 0x00000000f7d00000, 0x00000000f7d00000)
  eden space 102400K,   0% used [0x00000000f0000000, 0x00000000f0000000, 0x00000000f6400000)
  from space 12800K, 100% used [0x00000000f6400000, 0x00000000f7080000, 0x00000000f7080000)
  to   space 12800K,   0% used [0x00000000f7080000, 0x00000000f7080000, 0x00000000f7d00000)
 concurrent mark-sweep generation total 134144K, used 67291K [0x00000000f7d00000, 0x0000000100000000, 0x0000000100000000)
 Metaspace       used 47981K, capacity 50804K, committed 50944K, reserved 1093632K
  class space    used 6078K, capacity 6602K, committed 6656K, reserved 1048576K
}
2023-01-17T04:30:21.602+0800: 31.510: [GC (CMS Initial Mark) [1 CMS-initial-mark: 67291K(134144K)] 80826K(249344K), 0.0094681 secs] [Times: user=0.03 sys=0.00, real=0.01 secs] 
2023-01-17T04:30:21.612+0800: 31.520: [CMS-concurrent-mark-start]
2023-01-17T04:30:21.664+0800: 31.571: [CMS-concurrent-mark: 0.052/0.052 secs] [Times: user=0.20 sys=0.00, real=0.05 secs] 
2023-01-17T04:30:21.664+0800: 31.572: [CMS-concurrent-preclean-start]
2023-01-17T04:30:21.665+0800: 31.573: [CMS-concurrent-preclean: 0.001/0.001 secs] [Times: user=0.00 sys=0.01, real=0.00 secs] 
2023-01-17T04:30:21.665+0800: 31.573: [CMS-concurrent-abortable-preclean-start]
2023-01-17T04:30:22.102+0800: 32.010: [CMS-concurrent-abortable-preclean: 0.088/0.437 secs] [Times: user=1.36 sys=0.02, real=0.44 secs] 
2023-01-17T04:30:22.110+0800: 32.018: [GC (CMS Final Remark) [YG occupancy: 108812 K (115200 K)]2023-01-17T04:30:22.111+0800: 32.018: [Rescan (parallel) , 0.0184488 secs]2023-01-17T04:30:22.129+0800: 32.037: [weak refs processing, 0.0011858 secs]2023-01-17T04:30:22.130+0800: 32.038: [class unloading, 0.0167179 secs]2023-01-17T04:30:22.147+0800: 32.055: [scrub symbol table, 0.0079419 secs]2023-01-17T04:30:22.155+0800: 32.063: [scrub string table, 0.0012134 secs][1 CMS-remark: 67291K(134144K)] 176103K(249344K), 0.0468917 secs] [Times: user=0.08 sys=0.01, real=0.04 secs] 
{Heap before GC invocations=16 (full 1):
 par new generation   total 115200K, used 115200K [0x00000000f0000000, 0x00000000f7d00000, 0x00000000f7d00000)
  eden space 102400K, 100% used [0x00000000f0000000, 0x00000000f6400000, 0x00000000f6400000)
  from space 12800K, 100% used [0x00000000f6400000, 0x00000000f7080000, 0x00000000f7080000)
  to   space 12800K,   0% used [0x00000000f7080000, 0x00000000f7080000, 0x00000000f7d00000)
 concurrent mark-sweep generation total 134144K, used 67291K [0x00000000f7d00000, 0x0000000100000000, 0x0000000100000000)
 Metaspace       used 49827K, capacity 52704K, committed 52864K, reserved 1095680K
  class space    used 6262K, capacity 6780K, committed 6784K, reserved 1048576K
2023-01-17T04:30:22.354+0800: 32.262: [GC (Allocation Failure) 2023-01-17T04:30:22.354+0800: 32.262: [ParNew: 115200K->12800K(115200K), 0.0370371 secs] 182491K->105941K(249344K), 0.0375018 secs] [Times: user=0.13 sys=0.01, real=0.04 secs] 
Heap after GC invocations=17 (full 1):
 par new generation   total 115200K, used 12800K [0x00000000f0000000, 0x00000000f7d00000, 0x00000000f7d00000)
  eden space 102400K,   0% used [0x00000000f0000000, 0x00000000f0000000, 0x00000000f6400000)
  from space 12800K, 100% used [0x00000000f7080000, 0x00000000f7d00000, 0x00000000f7d00000)
  to   space 12800K,   0% used [0x00000000f6400000, 0x00000000f6400000, 0x00000000f7080000)
 concurrent mark-sweep generation total 134144K, used 93141K [0x00000000f7d00000, 0x0000000100000000, 0x0000000100000000)
 Metaspace       used 49827K, capacity 52704K, committed 52864K, reserved 1095680K
  class space    used 6262K, capacity 6780K, committed 6784K, reserved 1048576K
}
2023-01-17T04:30:22.392+0800: 32.300: [CMS-concurrent-sweep-start]
2023-01-17T04:30:22.465+0800: 32.373: [CMS-concurrent-sweep: 0.022/0.073 secs] [Times: user=0.25 sys=0.00, real=0.07 secs] 
2023-01-17T04:30:22.465+0800: 32.373: [CMS-concurrent-reset-start]
2023-01-17T04:30:22.465+0800: 32.373: [CMS-concurrent-reset: 0.000/0.000 secs] [Times: user=0.01 sys=0.00, real=0.00 secs] 
{Heap before GC invocations=17 (full 1):
 par new generation   total 115200K, used 115200K [0x00000000f0000000, 0x00000000f7d00000, 0x00000000f7d00000)
  eden space 102400K, 100% used [0x00000000f0000000, 0x00000000f6400000, 0x00000000f6400000)
  from space 12800K, 100% used [0x00000000f7080000, 0x00000000f7d00000, 0x00000000f7d00000)
  to   space 12800K,   0% used [0x00000000f6400000, 0x00000000f6400000, 0x00000000f7080000)
 concurrent mark-sweep generation total 134144K, used 90516K [0x00000000f7d00000, 0x0000000100000000, 0x0000000100000000)
 Metaspace       used 50795K, capacity 53668K, committed 53760K, reserved 1095680K
  class space    used 6295K, capacity 6826K, committed 6912K, reserved 1048576K
2023-01-17T04:30:23.189+0800: 33.097: [GC (Allocation Failure) 2023-01-17T04:30:23.189+0800: 33.097: [ParNew: 115200K->12800K(115200K), 0.0395668 secs] 205716K->125971K(249344K), 0.0399773 secs] [Times: user=0.09 sys=0.01, real=0.04 secs] 
Heap after GC invocations=18 (full 1):
 par new generation   total 115200K, used 12800K [0x00000000f0000000, 0x00000000f7d00000, 0x00000000f7d00000)
  eden space 102400K,   0% used [0x00000000f0000000, 0x00000000f0000000, 0x00000000f6400000)
  from space 12800K, 100% used [0x00000000f6400000, 0x00000000f7080000, 0x00000000f7080000)
  to   space 12800K,   0% used [0x00000000f7080000, 0x00000000f7080000, 0x00000000f7d00000)
 concurrent mark-sweep generation total 134144K, used 113171K [0x00000000f7d00000, 0x0000000100000000, 0x0000000100000000)
 Metaspace       used 50795K, capacity 53668K, committed 53760K, reserved 1095680K
  class space    used 6295K, capacity 6826K, committed 6912K, reserved 1048576K
}
2023-01-17T04:30:23.304+0800: 33.212: [GC (CMS Initial Mark) [1 CMS-initial-mark: 113171K(134144K)] 132507K(249344K), 0.0085776 secs] [Times: user=0.03 sys=0.00, real=0.01 secs] 
2023-01-17T04:30:23.329+0800: 33.237: [CMS-concurrent-mark-start]
2023-01-17T04:30:23.562+0800: 33.470: [CMS-concurrent-mark: 0.160/0.233 secs] [Times: user=0.64 sys=0.02, real=0.24 secs] 
2023-01-17T04:30:23.562+0800: 33.470: [CMS-concurrent-preclean-start]
2023-01-17T04:30:23.567+0800: 33.475: [CMS-concurrent-preclean: 0.005/0.005 secs] [Times: user=0.02 sys=0.00, real=0.00 secs] 
2023-01-17T04:30:23.567+0800: 33.475: [CMS-concurrent-abortable-preclean-start]
2023-01-17T04:30:23.567+0800: 33.475: [CMS-concurrent-abortable-preclean: 0.000/0.000 secs] [Times: user=0.00 sys=0.00, real=0.00 secs] 
2023-01-17T04:30:23.643+0800: 33.551: [GC (CMS Final Remark) [YG occupancy: 66614 K (115200 K)]2023-01-17T04:30:23.643+0800: 33.551: [Rescan (parallel) , 0.0165644 secs]2023-01-17T04:30:23.660+0800: 33.568: [weak refs processing, 0.0001910 secs]2023-01-17T04:30:23.660+0800: 33.568: [class unloading, 0.0165741 secs]2023-01-17T04:30:23.677+0800: 33.584: [scrub symbol table, 0.0050994 secs]2023-01-17T04:30:23.682+0800: 33.589: [scrub string table, 0.0008558 secs][1 CMS-remark: 113171K(134144K)] 179785K(249344K), 0.0397208 secs] [Times: user=0.08 sys=0.00, real=0.04 secs] 
2023-01-17T04:30:24.050+0800: 33.958: [CMS-concurrent-sweep-start]
2023-01-17T04:30:24.102+0800: 34.010: [CMS-concurrent-sweep: 0.052/0.052 secs] [Times: user=0.20 sys=0.01, real=0.05 secs] 
{Heap before GC invocations=18 (full 2):
 par new generation   total 115200K, used 115200K [0x00000000f0000000, 0x00000000f7d00000, 0x00000000f7d00000)
  eden space 102400K, 100% used [0x00000000f0000000, 0x00000000f6400000, 0x00000000f6400000)
  from space 12800K, 100% used [0x00000000f6400000, 0x00000000f7080000, 0x00000000f7080000)
  to   space 12800K,   0% used [0x00000000f7080000, 0x00000000f7080000, 0x00000000f7d00000)
 concurrent mark-sweep generation total 134144K, used 110383K [0x00000000f7d00000, 0x0000000100000000, 0x0000000100000000)
 Metaspace       used 51457K, capacity 54762K, committed 54912K, reserved 1097728K
  class space    used 6391K, capacity 6959K, committed 7040K, reserved 1048576K
2023-01-17T04:30:24.157+0800: 34.065: [GC (Allocation Failure) 2023-01-17T04:30:24.157+0800: 34.065: [ParNew: 115200K->115200K(115200K), 0.0000410 secs]2023-01-17T04:30:24.157+0800: 34.065: [CMS: 110383K->122536K(134144K), 0.2720001 secs] 225583K->122536K(249344K), [Metaspace: 51457K->51457K(1097728K)], 0.2727233 secs] [Times: user=0.30 sys=0.00, real=0.28 secs] 
Heap after GC invocations=19 (full 3):
 par new generation   total 115200K, used 0K [0x00000000f0000000, 0x00000000f7d00000, 0x00000000f7d00000)
  eden space 102400K,   0% used [0x00000000f0000000, 0x00000000f0000000, 0x00000000f6400000)
  from space 12800K,   0% used [0x00000000f6400000, 0x00000000f6400000, 0x00000000f7080000)
  to   space 12800K,   0% used [0x00000000f7080000, 0x00000000f7080000, 0x00000000f7d00000)
 concurrent mark-sweep generation total 134144K, used 122536K [0x00000000f7d00000, 0x0000000100000000, 0x0000000100000000)
 Metaspace       used 51349K, capacity 54402K, committed 54912K, reserved 1097728K
  class space    used 6358K, capacity 6899K, committed 7040K, reserved 1048576K
}
{Heap before GC invocations=19 (full 3):
 par new generation   total 115200K, used 102400K [0x00000000f0000000, 0x00000000f7d00000, 0x00000000f7d00000)
  eden space 102400K, 100% used [0x00000000f0000000, 0x00000000f6400000, 0x00000000f6400000)
  from space 12800K,   0% used [0x00000000f6400000, 0x00000000f6400000, 0x00000000f7080000)
  to   space 12800K,   0% used [0x00000000f7080000, 0x00000000f7080000, 0x00000000f7d00000)
 concurrent mark-sweep generation total 134144K, used 122536K [0x00000000f7d00000, 0x0000000100000000, 0x0000000100000000)
 Metaspace       used 51441K, capacity 54466K, committed 55168K, reserved 1097728K
  class space    used 6359K, capacity 6899K, committed 7040K, reserved 1048576K
2023-01-17T04:30:25.019+0800: 34.927: [GC (Allocation Failure) 2023-01-17T04:30:25.019+0800: 34.927: [ParNew: 102400K->102400K(115200K), 0.0000258 secs]2023-01-17T04:30:25.019+0800: 34.927: [CMS: 122536K->125196K(134144K), 0.2179362 secs] 224936K->125196K(249344K), [Metaspace: 51441K->51441K(1097728K)], 0.2183679 secs] [Times: user=0.22 sys=0.00, real=0.22 secs] 
Heap after GC invocations=20 (full 4):
 par new generation   total 115200K, used 0K [0x00000000f0000000, 0x00000000f7d00000, 0x00000000f7d00000)
  eden space 102400K,   0% used [0x00000000f0000000, 0x00000000f0000000, 0x00000000f6400000)
  from space 12800K,   0% used [0x00000000f6400000, 0x00000000f6400000, 0x00000000f7080000)
  to   space 12800K,   0% used [0x00000000f7080000, 0x00000000f7080000, 0x00000000f7d00000)
 concurrent mark-sweep generation total 134144K, used 125196K [0x00000000f7d00000, 0x0000000100000000, 0x0000000100000000)
 Metaspace       used 51441K, capacity 54466K, committed 55168K, reserved 1097728K
  class space    used 6359K, capacity 6899K, committed 7040K, reserved 1048576K
}
2023-01-17T04:30:25.244+0800: 35.152: [GC (CMS Initial Mark) [1 CMS-initial-mark: 125196K(134144K)] 125672K(249344K), 0.0057477 secs] [Times: user=0.02 sys=0.00, real=0.01 secs] 
2023-01-17T04:30:25.250+0800: 35.158: [CMS-concurrent-mark-start]
2023-01-17T04:30:25.713+0800: 35.621: [CMS-concurrent-mark: 0.410/0.463 secs] [Times: user=1.59 sys=0.07, real=0.46 secs] 
2023-01-17T04:30:25.713+0800: 35.621: [CMS-concurrent-preclean-start]
2023-01-17T04:30:25.737+0800: 35.645: [CMS-concurrent-preclean: 0.023/0.024 secs] [Times: user=0.08 sys=0.02, real=0.02 secs] 
2023-01-17T04:30:25.738+0800: 35.645: [CMS-concurrent-abortable-preclean-start]
2023-01-17T04:30:25.738+0800: 35.645: [CMS-concurrent-abortable-preclean: 0.000/0.000 secs] [Times: user=0.00 sys=0.00, real=0.00 secs] 
2023-01-17T04:30:25.785+0800: 35.693: [GC (CMS Final Remark) [YG occupancy: 102400 K (115200 K)]2023-01-17T04:30:25.785+0800: 35.693: [Rescan (parallel) , 0.0585657 secs]2023-01-17T04:30:25.844+0800: 35.752: [weak refs processing, 0.0000662 secs]2023-01-17T04:30:25.844+0800: 35.752: [class unloading, 0.0203618 secs]2023-01-17T04:30:25.864+0800: 35.772: [scrub symbol table, 0.0078809 secs]2023-01-17T04:30:25.872+0800: 35.780: [scrub string table, 0.0012853 secs][1 CMS-remark: 125196K(134144K)] 227596K(249344K), 0.0884785 secs] [Times: user=0.19 sys=0.00, real=0.09 secs] 
2023-01-17T04:30:25.949+0800: 35.857: [CMS-concurrent-sweep-start]
{Heap before GC invocations=20 (full 5):
 par new generation   total 115200K, used 102400K [0x00000000f0000000, 0x00000000f7d00000, 0x00000000f7d00000)
  eden space 102400K, 100% used [0x00000000f0000000, 0x00000000f6400000, 0x00000000f6400000)
  from space 12800K,   0% used [0x00000000f6400000, 0x00000000f6400000, 0x00000000f7080000)
  to   space 12800K,   0% used [0x00000000f7080000, 0x00000000f7080000, 0x00000000f7d00000)
 concurrent mark-sweep generation total 134144K, used 125187K [0x00000000f7d00000, 0x0000000100000000, 0x0000000100000000)
 Metaspace       used 51608K, capacity 54658K, committed 55168K, reserved 1097728K
  class space    used 6359K, capacity 6899K, committed 7040K, reserved 1048576K
2023-01-17T04:30:25.959+0800: 35.867: [GC (Allocation Failure) 2023-01-17T04:30:25.959+0800: 35.867: [ParNew: 102400K->102400K(115200K), 0.0000279 secs]2023-01-17T04:30:25.959+0800: 35.867: [CMS2023-01-17T04:30:25.995+0800: 35.903: [CMS-concurrent-sweep: 0.019/0.046 secs] [Times: user=0.06 sys=0.00, real=0.05 secs] 
 (concurrent mode failure): 125187K->122344K(134144K), 0.2408009 secs] 227587K->122344K(249344K), [Metaspace: 51608K->51608K(1097728K)], 0.2412529 secs] [Times: user=0.24 sys=0.00, real=0.25 secs] 
Heap after GC invocations=21 (full 6):
 par new generation   total 115200K, used 0K [0x00000000f0000000, 0x00000000f7d00000, 0x00000000f7d00000)
  eden space 102400K,   0% used [0x00000000f0000000, 0x00000000f0000000, 0x00000000f6400000)
  from space 12800K,   0% used [0x00000000f6400000, 0x00000000f6400000, 0x00000000f7080000)
  to   space 12800K,   0% used [0x00000000f7080000, 0x00000000f7080000, 0x00000000f7d00000)
 concurrent mark-sweep generation total 134144K, used 122344K [0x00000000f7d00000, 0x0000000100000000, 0x0000000100000000)
 Metaspace       used 51597K, capacity 54640K, committed 55168K, reserved 1097728K
  class space    used 6355K, capacity 6892K, committed 7040K, reserved 1048576K
}
{Heap before GC invocations=21 (full 6):
 par new generation   total 115200K, used 102400K [0x00000000f0000000, 0x00000000f7d00000, 0x00000000f7d00000)
  eden space 102400K, 100% used [0x00000000f0000000, 0x00000000f6400000, 0x00000000f6400000)
  from space 12800K,   0% used [0x00000000f6400000, 0x00000000f6400000, 0x00000000f7080000)
  to   space 12800K,   0% used [0x00000000f7080000, 0x00000000f7080000, 0x00000000f7d00000)
 concurrent mark-sweep generation total 134144K, used 122344K [0x00000000f7d00000, 0x0000000100000000, 0x0000000100000000)
 Metaspace       used 51869K, capacity 54900K, committed 55424K, reserved 1097728K
  class space    used 6355K, capacity 6892K, committed 7040K, reserved 1048576K
2023-01-17T04:30:27.093+0800: 37.001: [GC (Allocation Failure) 2023-01-17T04:30:27.093+0800: 37.001: [ParNew: 102400K->102400K(115200K), 0.0000261 secs]2023-01-17T04:30:27.093+0800: 37.001: [CMS: 122344K->125067K(134144K), 0.2410312 secs] 224744K->125067K(249344K), [Metaspace: 51869K->51869K(1097728K)], 0.2414525 secs] [Times: user=0.32 sys=0.00, real=0.24 secs] 
Heap after GC invocations=22 (full 7):
 par new generation   total 115200K, used 0K [0x00000000f0000000, 0x00000000f7d00000, 0x00000000f7d00000)
  eden space 102400K,   0% used [0x00000000f0000000, 0x00000000f0000000, 0x00000000f6400000)
  from space 12800K,   0% used [0x00000000f6400000, 0x00000000f6400000, 0x00000000f7080000)
  to   space 12800K,   0% used [0x00000000f7080000, 0x00000000f7080000, 0x00000000f7d00000)
 concurrent mark-sweep generation total 134144K, used 125067K [0x00000000f7d00000, 0x0000000100000000, 0x0000000100000000)
 Metaspace       used 51869K, capacity 54900K, committed 55424K, reserved 1097728K
  class space    used 6355K, capacity 6892K, committed 7040K, reserved 1048576K
}
2023-01-17T04:30:27.344+0800: 37.252: [GC (CMS Initial Mark) [1 CMS-initial-mark: 125067K(134144K)] 125430K(249344K), 0.0070706 secs] [Times: user=0.02 sys=0.00, real=0.01 secs] 
2023-01-17T04:30:27.351+0800: 37.259: [CMS-concurrent-mark-start]
2023-01-17T04:30:27.436+0800: 37.344: [CMS-concurrent-mark: 0.085/0.085 secs] [Times: user=0.30 sys=0.02, real=0.08 secs] 
2023-01-17T04:30:27.437+0800: 37.344: [CMS-concurrent-preclean-start]
2023-01-17T04:30:27.445+0800: 37.353: [CMS-concurrent-preclean: 0.008/0.009 secs] [Times: user=0.03 sys=0.00, real=0.01 secs] 
2023-01-17T04:30:27.446+0800: 37.353: [CMS-concurrent-abortable-preclean-start]
2023-01-17T04:30:27.446+0800: 37.353: [CMS-concurrent-abortable-preclean: 0.000/0.000 secs] [Times: user=0.00 sys=0.00, real=0.00 secs] 
2023-01-17T04:30:27.453+0800: 37.361: [GC (CMS Final Remark) [YG occupancy: 30296 K (115200 K)]2023-01-17T04:30:27.453+0800: 37.361: [Rescan (parallel) , 0.0117641 secs]2023-01-17T04:30:27.465+0800: 37.373: [weak refs processing, 0.0000457 secs]2023-01-17T04:30:27.465+0800: 37.373: [class unloading, 0.0143627 secs]2023-01-17T04:30:27.479+0800: 37.387: [scrub symbol table, 0.0051848 secs]2023-01-17T04:30:27.484+0800: 37.392: [scrub string table, 0.0008687 secs][1 CMS-remark: 125067K(134144K)] 155364K(249344K), 0.0323977 secs] [Times: user=0.06 sys=0.01, real=0.03 secs] 
2023-01-17T04:30:27.486+0800: 37.394: [CMS-concurrent-sweep-start]
2023-01-17T04:30:27.505+0800: 37.413: [CMS-concurrent-sweep: 0.020/0.020 secs] [Times: user=0.07 sys=0.00, real=0.02 secs] 
2023-01-17T04:30:27.506+0800: 37.413: [CMS-concurrent-reset-start]
2023-01-17T04:30:27.506+0800: 37.414: [CMS-concurrent-reset: 0.000/0.000 secs] [Times: user=0.00 sys=0.00, real=0.00 secs] 
{Heap before GC invocations=22 (full 8):
 par new generation   total 115200K, used 102400K [0x00000000f0000000, 0x00000000f7d00000, 0x00000000f7d00000)
  eden space 102400K, 100% used [0x00000000f0000000, 0x00000000f6400000, 0x00000000f6400000)
  from space 12800K,   0% used [0x00000000f6400000, 0x00000000f6400000, 0x00000000f7080000)
  to   space 12800K,   0% used [0x00000000f7080000, 0x00000000f7080000, 0x00000000f7d00000)
 concurrent mark-sweep generation total 134144K, used 124845K [0x00000000f7d00000, 0x0000000100000000, 0x0000000100000000)
 Metaspace       used 51963K, capacity 54964K, committed 55680K, reserved 1097728K
  class space    used 6355K, capacity 6892K, committed 7040K, reserved 1048576K
2023-01-17T04:30:27.665+0800: 37.572: [GC (Allocation Failure) 2023-01-17T04:30:27.665+0800: 37.573: [ParNew: 102400K->102400K(115200K), 0.0000271 secs]2023-01-17T04:30:27.665+0800: 37.573: [CMS: 124845K->124482K(134144K), 0.2171992 secs] 227245K->124482K(249344K), [Metaspace: 51963K->51963K(1097728K)], 0.2176242 secs] [Times: user=0.22 sys=0.00, real=0.22 secs] 
Heap after GC invocations=23 (full 9):
 par new generation   total 115200K, used 0K [0x00000000f0000000, 0x00000000f7d00000, 0x00000000f7d00000)
  eden space 102400K,   0% used [0x00000000f0000000, 0x00000000f0000000, 0x00000000f6400000)
  from space 12800K,   0% used [0x00000000f6400000, 0x00000000f6400000, 0x00000000f7080000)
  to   space 12800K,   0% used [0x00000000f7080000, 0x00000000f7080000, 0x00000000f7d00000)
 concurrent mark-sweep generation total 134144K, used 124482K [0x00000000f7d00000, 0x0000000100000000, 0x0000000100000000)
 Metaspace       used 51963K, capacity 54964K, committed 55680K, reserved 1097728K
  class space    used 6355K, capacity 6892K, committed 7040K, reserved 1048576K
}
2023-01-17T04:30:27.888+0800: 37.796: [GC (CMS Initial Mark) [1 CMS-initial-mark: 124482K(134144K)] 124682K(249344K), 0.0065631 secs] [Times: user=0.02 sys=0.01, real=0.01 secs] 
2023-01-17T04:30:27.895+0800: 37.803: [CMS-concurrent-mark-start]
2023-01-17T04:30:28.132+0800: 38.039: [CMS-concurrent-mark: 0.236/0.236 secs] [Times: user=0.74 sys=0.07, real=0.24 secs] 
2023-01-17T04:30:28.132+0800: 38.040: [CMS-concurrent-preclean-start]
{Heap before GC invocations=23 (full 10):
 par new generation   total 115200K, used 102400K [0x00000000f0000000, 0x00000000f7d00000, 0x00000000f7d00000)
  eden space 102400K, 100% used [0x00000000f0000000, 0x00000000f6400000, 0x00000000f6400000)
  from space 12800K,   0% used [0x00000000f6400000, 0x00000000f6400000, 0x00000000f7080000)
  to   space 12800K,   0% used [0x00000000f7080000, 0x00000000f7080000, 0x00000000f7d00000)
 concurrent mark-sweep generation total 134144K, used 124482K [0x00000000f7d00000, 0x0000000100000000, 0x0000000100000000)
 Metaspace       used 51968K, capacity 54964K, committed 55680K, reserved 1097728K
  class space    used 6355K, capacity 6892K, committed 7040K, reserved 1048576K
2023-01-17T04:30:28.196+0800: 38.103: [GC (Allocation Failure) 2023-01-17T04:30:28.196+0800: 38.104: [ParNew: 102400K->102400K(115200K), 0.0000278 secs]2023-01-17T04:30:28.196+0800: 38.104: [CMS2023-01-17T04:30:28.219+0800: 38.127: [CMS-concurrent-preclean: 0.038/0.087 secs] [Times: user=0.20 sys=0.01, real=0.08 secs] 
 (concurrent mode failure): 124482K->125578K(134144K), 0.2342289 secs] 226882K->125578K(249344K), [Metaspace: 51968K->51968K(1097728K)], 0.2346371 secs] [Times: user=0.24 sys=0.00, real=0.24 secs] 
Heap after GC invocations=24 (full 11):
 par new generation   total 115200K, used 0K [0x00000000f0000000, 0x00000000f7d00000, 0x00000000f7d00000)
  eden space 102400K,   0% used [0x00000000f0000000, 0x00000000f0000000, 0x00000000f6400000)
  from space 12800K,   0% used [0x00000000f6400000, 0x00000000f6400000, 0x00000000f7080000)
  to   space 12800K,   0% used [0x00000000f7080000, 0x00000000f7080000, 0x00000000f7d00000)
 concurrent mark-sweep generation total 134144K, used 125578K [0x00000000f7d00000, 0x0000000100000000, 0x0000000100000000)
 Metaspace       used 51968K, capacity 54964K, committed 55680K, reserved 1097728K
  class space    used 6355K, capacity 6892K, committed 7040K, reserved 1048576K
}
{Heap before GC invocations=24 (full 11):
 par new generation   total 115200K, used 102400K [0x00000000f0000000, 0x00000000f7d00000, 0x00000000f7d00000)
  eden space 102400K, 100% used [0x00000000f0000000, 0x00000000f6400000, 0x00000000f6400000)
  from space 12800K,   0% used [0x00000000f6400000, 0x00000000f6400000, 0x00000000f7080000)
  to   space 12800K,   0% used [0x00000000f7080000, 0x00000000f7080000, 0x00000000f7d00000)
 concurrent mark-sweep generation total 134144K, used 125578K [0x00000000f7d00000, 0x0000000100000000, 0x0000000100000000)
 Metaspace       used 51974K, capacity 54972K, committed 55680K, reserved 1097728K
  class space    used 6355K, capacity 6892K, committed 7040K, reserved 1048576K
2023-01-17T04:30:28.697+0800: 38.605: [GC (Allocation Failure) 2023-01-17T04:30:28.697+0800: 38.605: [ParNew: 102400K->102400K(115200K), 0.0000259 secs]2023-01-17T04:30:28.697+0800: 38.605: [CMS: 125578K->126422K(134144K), 0.2175723 secs] 227978K->126422K(249344K), [Metaspace: 51974K->51974K(1097728K)], 0.2179961 secs] [Times: user=0.22 sys=0.00, real=0.22 secs] 
Heap after GC invocations=25 (full 12):
 par new generation   total 115200K, used 0K [0x00000000f0000000, 0x00000000f7d00000, 0x00000000f7d00000)
  eden space 102400K,   0% used [0x00000000f0000000, 0x00000000f0000000, 0x00000000f6400000)
  from space 12800K,   0% used [0x00000000f6400000, 0x00000000f6400000, 0x00000000f7080000)
  to   space 12800K,   0% used [0x00000000f7080000, 0x00000000f7080000, 0x00000000f7d00000)
 concurrent mark-sweep generation total 134144K, used 126422K [0x00000000f7d00000, 0x0000000100000000, 0x0000000100000000)
 Metaspace       used 51974K, capacity 54972K, committed 55680K, reserved 1097728K
  class space    used 6355K, capacity 6892K, committed 7040K, reserved 1048576K
}
2023-01-17T04:30:28.921+0800: 38.829: [GC (CMS Initial Mark) [1 CMS-initial-mark: 126422K(134144K)] 126662K(249344K), 0.0047260 secs] [Times: user=0.01 sys=0.00, real=0.00 secs] 
2023-01-17T04:30:28.926+0800: 38.834: [CMS-concurrent-mark-start]
2023-01-17T04:30:29.049+0800: 38.957: [CMS-concurrent-mark: 0.123/0.123 secs] [Times: user=0.45 sys=0.05, real=0.12 secs] 
2023-01-17T04:30:29.049+0800: 38.957: [CMS-concurrent-preclean-start]
2023-01-17T04:30:29.062+0800: 38.970: [CMS-concurrent-preclean: 0.012/0.013 secs] [Times: user=0.04 sys=0.00, real=0.02 secs] 
2023-01-17T04:30:29.063+0800: 38.971: [CMS-concurrent-abortable-preclean-start]
2023-01-17T04:30:29.063+0800: 38.971: [CMS-concurrent-abortable-preclean: 0.000/0.000 secs] [Times: user=0.00 sys=0.00, real=0.00 secs] 
2023-01-17T04:30:29.072+0800: 38.979: [GC (CMS Final Remark) [YG occupancy: 48325 K (115200 K)]2023-01-17T04:30:29.072+0800: 38.979: [Rescan (parallel) , 0.0253895 secs]2023-01-17T04:30:29.097+0800: 39.005: [weak refs processing, 0.0000431 secs]2023-01-17T04:30:29.097+0800: 39.005: [class unloading, 0.0147951 secs]2023-01-17T04:30:29.112+0800: 39.020: [scrub symbol table, 0.0052352 secs]2023-01-17T04:30:29.117+0800: 39.025: [scrub string table, 0.0009114 secs][1 CMS-remark: 126422K(134144K)] 174747K(249344K), 0.0465624 secs] [Times: user=0.12 sys=0.00, real=0.04 secs] 
2023-01-17T04:30:29.119+0800: 39.026: [CMS-concurrent-sweep-start]
2023-01-17T04:30:29.140+0800: 39.048: [CMS-concurrent-sweep: 0.021/0.021 secs] [Times: user=0.08 sys=0.01, real=0.03 secs] 
2023-01-17T04:30:29.140+0800: 39.048: [CMS-concurrent-reset-start]
2023-01-17T04:30:29.140+0800: 39.048: [CMS-concurrent-reset: 0.000/0.000 secs] [Times: user=0.00 sys=0.00, real=0.00 secs] 
{Heap before GC invocations=25 (full 13):
 par new generation   total 115200K, used 102400K [0x00000000f0000000, 0x00000000f7d00000, 0x00000000f7d00000)
  eden space 102400K, 100% used [0x00000000f0000000, 0x00000000f6400000, 0x00000000f6400000)
  from space 12800K,   0% used [0x00000000f6400000, 0x00000000f6400000, 0x00000000f7080000)
  to   space 12800K,   0% used [0x00000000f7080000, 0x00000000f7080000, 0x00000000f7d00000)
 concurrent mark-sweep generation total 134144K, used 125911K [0x00000000f7d00000, 0x0000000100000000, 0x0000000100000000)
 Metaspace       used 51976K, capacity 54972K, committed 55680K, reserved 1097728K
  class space    used 6355K, capacity 6892K, committed 7040K, reserved 1048576K
2023-01-17T04:30:29.240+0800: 39.148: [GC (Allocation Failure) 2023-01-17T04:30:29.241+0800: 39.148: [ParNew: 102400K->102400K(115200K), 0.0000264 secs]2023-01-17T04:30:29.241+0800: 39.149: [CMS: 125911K->126210K(134144K), 0.2250678 secs] 228311K->126210K(249344K), [Metaspace: 51976K->51976K(1097728K)], 0.2254972 secs] [Times: user=0.26 sys=0.00, real=0.22 secs] 
Heap after GC invocations=26 (full 14):
 par new generation   total 115200K, used 0K [0x00000000f0000000, 0x00000000f7d00000, 0x00000000f7d00000)
  eden space 102400K,   0% used [0x00000000f0000000, 0x00000000f0000000, 0x00000000f6400000)
  from space 12800K,   0% used [0x00000000f6400000, 0x00000000f6400000, 0x00000000f7080000)
  to   space 12800K,   0% used [0x00000000f7080000, 0x00000000f7080000, 0x00000000f7d00000)
 concurrent mark-sweep generation total 134144K, used 126210K [0x00000000f7d00000, 0x0000000100000000, 0x0000000100000000)
 Metaspace       used 51976K, capacity 54972K, committed 55680K, reserved 1097728K
  class space    used 6355K, capacity 6892K, committed 7040K, reserved 1048576K
}
2023-01-17T04:30:29.474+0800: 39.382: [GC (CMS Initial Mark) [1 CMS-initial-mark: 126210K(134144K)] 126656K(249344K), 0.0127132 secs] [Times: user=0.01 sys=0.00, real=0.01 secs] 
2023-01-17T04:30:29.492+0800: 39.399: [CMS-concurrent-mark-start]
2023-01-17T04:30:29.583+0800: 39.491: [CMS-concurrent-mark: 0.091/0.091 secs] [Times: user=0.23 sys=0.02, real=0.09 secs] 
2023-01-17T04:30:29.583+0800: 39.491: [CMS-concurrent-preclean-start]
2023-01-17T04:30:29.594+0800: 39.502: [CMS-concurrent-preclean: 0.010/0.011 secs] [Times: user=0.03 sys=0.00, real=0.01 secs] 
2023-01-17T04:30:29.594+0800: 39.502: [CMS-concurrent-abortable-preclean-start]
2023-01-17T04:30:29.594+0800: 39.502: [CMS-concurrent-abortable-preclean: 0.000/0.000 secs] [Times: user=0.00 sys=0.00, real=0.00 secs] 
2023-01-17T04:30:29.601+0800: 39.509: [GC (CMS Final Remark) [YG occupancy: 32684 K (115200 K)]2023-01-17T04:30:29.601+0800: 39.509: [Rescan (parallel) , 0.0147919 secs]2023-01-17T04:30:29.616+0800: 39.524: [weak refs processing, 0.0000561 secs]2023-01-17T04:30:29.616+0800: 39.524: [class unloading, 0.0156711 secs]2023-01-17T04:30:29.631+0800: 39.539: [scrub symbol table, 0.0050885 secs]2023-01-17T04:30:29.637+0800: 39.544: [scrub string table, 0.0008723 secs][1 CMS-remark: 126210K(134144K)] 158894K(249344K), 0.0366633 secs] [Times: user=0.07 sys=0.00, real=0.03 secs] 
2023-01-17T04:30:29.638+0800: 39.546: [CMS-concurrent-sweep-start]
2023-01-17T04:30:29.661+0800: 39.569: [CMS-concurrent-sweep: 0.023/0.023 secs] [Times: user=0.08 sys=0.01, real=0.03 secs] 
2023-01-17T04:30:29.661+0800: 39.569: [CMS-concurrent-reset-start]
2023-01-17T04:30:29.662+0800: 39.569: [CMS-concurrent-reset: 0.000/0.000 secs] [Times: user=0.00 sys=0.00, real=0.00 secs] 
{Heap before GC invocations=26 (full 15):
 par new generation   total 115200K, used 102400K [0x00000000f0000000, 0x00000000f7d00000, 0x00000000f7d00000)
  eden space 102400K, 100% used [0x00000000f0000000, 0x00000000f6400000, 0x00000000f6400000)
  from space 12800K,   0% used [0x00000000f6400000, 0x00000000f6400000, 0x00000000f7080000)
  to   space 12800K,   0% used [0x00000000f7080000, 0x00000000f7080000, 0x00000000f7d00000)
 concurrent mark-sweep generation total 134144K, used 125815K [0x00000000f7d00000, 0x0000000100000000, 0x0000000100000000)
 Metaspace       used 51981K, capacity 54972K, committed 55680K, reserved 1097728K
  class space    used 6355K, capacity 6892K, committed 7040K, reserved 1048576K
2023-01-17T04:30:29.976+0800: 39.884: [GC (Allocation Failure) 2023-01-17T04:30:29.976+0800: 39.884: [ParNew: 102400K->102400K(115200K), 0.0000316 secs]2023-01-17T04:30:29.977+0800: 39.884: [CMS: 125815K->126549K(134144K), 0.2288199 secs] 228215K->126549K(249344K), [Metaspace: 51981K->51981K(1097728K)], 0.2293601 secs] [Times: user=0.23 sys=0.00, real=0.23 secs] 
Heap after GC invocations=27 (full 16):
 par new generation   total 115200K, used 0K [0x00000000f0000000, 0x00000000f7d00000, 0x00000000f7d00000)
  eden space 102400K,   0% used [0x00000000f0000000, 0x00000000f0000000, 0x00000000f6400000)
  from space 12800K,   0% used [0x00000000f6400000, 0x00000000f6400000, 0x00000000f7080000)
  to   space 12800K,   0% used [0x00000000f7080000, 0x00000000f7080000, 0x00000000f7d00000)
 concurrent mark-sweep generation total 134144K, used 126549K [0x00000000f7d00000, 0x0000000100000000, 0x0000000100000000)
 Metaspace       used 51981K, capacity 54972K, committed 55680K, reserved 1097728K
  class space    used 6355K, capacity 6892K, committed 7040K, reserved 1048576K
}
2023-01-17T04:30:30.214+0800: 40.122: [GC (CMS Initial Mark) [1 CMS-initial-mark: 126549K(134144K)] 126585K(249344K), 0.0060677 secs] [Times: user=0.01 sys=0.00, real=0.01 secs] 
2023-01-17T04:30:30.220+0800: 40.128: [CMS-concurrent-mark-start]
2023-01-17T04:30:30.353+0800: 40.261: [CMS-concurrent-mark: 0.133/0.133 secs] [Times: user=0.40 sys=0.04, real=0.13 secs] 
2023-01-17T04:30:30.353+0800: 40.261: [CMS-concurrent-preclean-start]
2023-01-17T04:30:30.377+0800: 40.285: [CMS-concurrent-preclean: 0.021/0.024 secs] [Times: user=0.08 sys=0.01, real=0.02 secs] 
2023-01-17T04:30:30.378+0800: 40.285: [CMS-concurrent-abortable-preclean-start]
2023-01-17T04:30:30.378+0800: 40.286: [CMS-concurrent-abortable-preclean: 0.000/0.000 secs] [Times: user=0.00 sys=0.00, real=0.00 secs] 
2023-01-17T04:30:30.411+0800: 40.319: [GC (CMS Final Remark) [YG occupancy: 87776 K (115200 K)]2023-01-17T04:30:30.412+0800: 40.319: [Rescan (parallel) , 0.0256547 secs]2023-01-17T04:30:30.437+0800: 40.345: [weak refs processing, 0.0000455 secs]2023-01-17T04:30:30.437+0800: 40.345: [class unloading, 0.0155935 secs]2023-01-17T04:30:30.453+0800: 40.361: [scrub symbol table, 0.0050952 secs]2023-01-17T04:30:30.458+0800: 40.366: [scrub string table, 0.0009053 secs][1 CMS-remark: 126549K(134144K)] 214326K(249344K), 0.0475311 secs] [Times: user=0.12 sys=0.01, real=0.04 secs] 
2023-01-17T04:30:30.460+0800: 40.367: [CMS-concurrent-sweep-start]
2023-01-17T04:30:30.482+0800: 40.390: [CMS-concurrent-sweep: 0.023/0.023 secs] [Times: user=0.08 sys=0.01, real=0.02 secs] 
2023-01-17T04:30:30.483+0800: 40.390: [CMS-concurrent-reset-start]
2023-01-17T04:30:30.483+0800: 40.391: [CMS-concurrent-reset: 0.000/0.000 secs] [Times: user=0.01 sys=0.00, real=0.00 secs] 
{Heap before GC invocations=27 (full 17):
 par new generation   total 115200K, used 102400K [0x00000000f0000000, 0x00000000f7d00000, 0x00000000f7d00000)
  eden space 102400K, 100% used [0x00000000f0000000, 0x00000000f6400000, 0x00000000f6400000)
  from space 12800K,   0% used [0x00000000f6400000, 0x00000000f6400000, 0x00000000f7080000)
  to   space 12800K,   0% used [0x00000000f7080000, 0x00000000f7080000, 0x00000000f7d00000)
 concurrent mark-sweep generation total 134144K, used 125764K [0x00000000f7d00000, 0x0000000100000000, 0x0000000100000000)
 Metaspace       used 51981K, capacity 54972K, committed 55680K, reserved 1097728K
  class space    used 6355K, capacity 6892K, committed 7040K, reserved 1048576K
2023-01-17T04:30:30.504+0800: 40.412: [GC (Allocation Failure) 2023-01-17T04:30:30.504+0800: 40.412: [ParNew: 102400K->102400K(115200K), 0.0000244 secs]2023-01-17T04:30:30.504+0800: 40.412: [CMS: 125764K->126152K(134144K), 0.2659748 secs] 228164K->126152K(249344K), [Metaspace: 51981K->51981K(1097728K)], 0.2664514 secs] [Times: user=0.27 sys=0.00, real=0.27 secs] 
Heap after GC invocations=28 (full 18):
 par new generation   total 115200K, used 0K [0x00000000f0000000, 0x00000000f7d00000, 0x00000000f7d00000)
  eden space 102400K,   0% used [0x00000000f0000000, 0x00000000f0000000, 0x00000000f6400000)
  from space 12800K,   0% used [0x00000000f6400000, 0x00000000f6400000, 0x00000000f7080000)
  to   space 12800K,   0% used [0x00000000f7080000, 0x00000000f7080000, 0x00000000f7d00000)
 concurrent mark-sweep generation total 134144K, used 126152K [0x00000000f7d00000, 0x0000000100000000, 0x0000000100000000)
 Metaspace       used 51981K, capacity 54972K, committed 55680K, reserved 1097728K
  class space    used 6355K, capacity 6892K, committed 7040K, reserved 1048576K
}
2023-01-17T04:30:30.777+0800: 40.685: [GC (CMS Initial Mark) [1 CMS-initial-mark: 126152K(134144K)] 126170K(249344K), 0.0056019 secs] [Times: user=0.02 sys=0.00, real=0.01 secs] 
2023-01-17T04:30:30.783+0800: 40.691: [CMS-concurrent-mark-start]
2023-01-17T04:30:30.970+0800: 40.878: [CMS-concurrent-mark: 0.187/0.187 secs] [Times: user=0.63 sys=0.03, real=0.19 secs] 
2023-01-17T04:30:30.970+0800: 40.878: [CMS-concurrent-preclean-start]
2023-01-17T04:30:31.003+0800: 40.911: [CMS-concurrent-preclean: 0.031/0.033 secs] [Times: user=0.08 sys=0.01, real=0.03 secs] 
2023-01-17T04:30:31.003+0800: 40.911: [CMS-concurrent-abortable-preclean-start]
2023-01-17T04:30:31.003+0800: 40.911: [CMS-concurrent-abortable-preclean: 0.000/0.000 secs] [Times: user=0.00 sys=0.00, real=0.00 secs] 
2023-01-17T04:30:31.065+0800: 40.973: [GC (CMS Final Remark) [YG occupancy: 81319 K (115200 K)]2023-01-17T04:30:31.065+0800: 40.973: [Rescan (parallel) , 0.0583344 secs]2023-01-17T04:30:31.124+0800: 41.031: [weak refs processing, 0.0000600 secs]2023-01-17T04:30:31.124+0800: 41.032: [class unloading, 0.0170146 secs]2023-01-17T04:30:31.141+0800: 41.049: [scrub symbol table, 0.0051709 secs]2023-01-17T04:30:31.146+0800: 41.054: [scrub string table, 0.0009560 secs][1 CMS-remark: 126152K(134144K)] 207471K(249344K), 0.0818010 secs] [Times: user=0.24 sys=0.00, real=0.08 secs] 
2023-01-17T04:30:31.147+0800: 41.055: [CMS-concurrent-sweep-start]
2023-01-17T04:30:31.169+0800: 41.077: [CMS-concurrent-sweep: 0.022/0.022 secs] [Times: user=0.09 sys=0.01, real=0.02 secs] 
2023-01-17T04:30:31.170+0800: 41.077: [CMS-concurrent-reset-start]
2023-01-17T04:30:31.170+0800: 41.078: [CMS-concurrent-reset: 0.000/0.000 secs] [Times: user=0.00 sys=0.00, real=0.00 secs] 
{Heap before GC invocations=28 (full 19):
 par new generation   total 115200K, used 102400K [0x00000000f0000000, 0x00000000f7d00000, 0x00000000f7d00000)
  eden space 102400K, 100% used [0x00000000f0000000, 0x00000000f6400000, 0x00000000f6400000)
  from space 12800K,   0% used [0x00000000f6400000, 0x00000000f6400000, 0x00000000f7080000)
  to   space 12800K,   0% used [0x00000000f7080000, 0x00000000f7080000, 0x00000000f7d00000)
 concurrent mark-sweep generation total 134144K, used 125716K [0x00000000f7d00000, 0x0000000100000000, 0x0000000100000000)
 Metaspace       used 51983K, capacity 54972K, committed 55680K, reserved 1097728K
  class space    used 6355K, capacity 6892K, committed 7040K, reserved 1048576K
2023-01-17T04:30:31.303+0800: 41.211: [GC (Allocation Failure) 2023-01-17T04:30:31.303+0800: 41.211: [ParNew: 102400K->102400K(115200K), 0.0000283 secs]2023-01-17T04:30:31.303+0800: 41.211: [CMS: 125716K->126544K(134144K), 0.2029810 secs] 228116K->126544K(249344K), [Metaspace: 51983K->51983K(1097728K)], 0.2034091 secs] [Times: user=0.29 sys=0.00, real=0.20 secs] 
Heap after GC invocations=29 (full 20):
 par new generation   total 115200K, used 0K [0x00000000f0000000, 0x00000000f7d00000, 0x00000000f7d00000)
  eden space 102400K,   0% used [0x00000000f0000000, 0x00000000f0000000, 0x00000000f6400000)
  from space 12800K,   0% used [0x00000000f6400000, 0x00000000f6400000, 0x00000000f7080000)
  to   space 12800K,   0% used [0x00000000f7080000, 0x00000000f7080000, 0x00000000f7d00000)
 concurrent mark-sweep generation total 134144K, used 126544K [0x00000000f7d00000, 0x0000000100000000, 0x0000000100000000)
 Metaspace       used 51983K, capacity 54972K, committed 55680K, reserved 1097728K
  class space    used 6355K, capacity 6892K, committed 7040K, reserved 1048576K
}
2023-01-17T04:30:31.513+0800: 41.421: [GC (CMS Initial Mark) [1 CMS-initial-mark: 126544K(134144K)] 126849K(249344K), 0.0047589 secs] [Times: user=0.02 sys=0.00, real=0.00 secs] 
2023-01-17T04:30:31.518+0800: 41.426: [CMS-concurrent-mark-start]
2023-01-17T04:30:31.624+0800: 41.532: [CMS-concurrent-mark: 0.105/0.105 secs] [Times: user=0.36 sys=0.04, real=0.11 secs] 
2023-01-17T04:30:31.624+0800: 41.532: [CMS-concurrent-preclean-start]
2023-01-17T04:30:31.641+0800: 41.549: [CMS-concurrent-preclean: 0.016/0.017 secs] [Times: user=0.05 sys=0.00, real=0.02 secs] 
2023-01-17T04:30:31.641+0800: 41.549: [CMS-concurrent-abortable-preclean-start]
2023-01-17T04:30:31.641+0800: 41.549: [CMS-concurrent-abortable-preclean: 0.000/0.000 secs] [Times: user=0.00 sys=0.00, real=0.00 secs] 
2023-01-17T04:30:31.648+0800: 41.556: [GC (CMS Final Remark) [YG occupancy: 37484 K (115200 K)]2023-01-17T04:30:31.648+0800: 41.556: [Rescan (parallel) , 0.0320285 secs]2023-01-17T04:30:31.680+0800: 41.588: [weak refs processing, 0.0000687 secs]2023-01-17T04:30:31.681+0800: 41.588: [class unloading, 0.0204049 secs]2023-01-17T04:30:31.701+0800: 41.609: [scrub symbol table, 0.0085816 secs]2023-01-17T04:30:31.710+0800: 41.617: [scrub string table, 0.0012688 secs][1 CMS-remark: 126544K(134144K)] 164029K(249344K), 0.0626204 secs] [Times: user=0.14 sys=0.00, real=0.07 secs] 
2023-01-17T04:30:31.711+0800: 41.619: [CMS-concurrent-sweep-start]
2023-01-17T04:30:31.744+0800: 41.651: [CMS-concurrent-sweep: 0.032/0.032 secs] [Times: user=0.07 sys=0.00, real=0.03 secs] 
2023-01-17T04:30:31.744+0800: 41.652: [CMS-concurrent-reset-start]
2023-01-17T04:30:31.744+0800: 41.652: [CMS-concurrent-reset: 0.000/0.000 secs] [Times: user=0.00 sys=0.00, real=0.00 secs] 
{Heap before GC invocations=29 (full 21):
 par new generation   total 115200K, used 102387K [0x00000000f0000000, 0x00000000f7d00000, 0x00000000f7d00000)
  eden space 102400K,  99% used [0x00000000f0000000, 0x00000000f63fce58, 0x00000000f6400000)
  from space 12800K,   0% used [0x00000000f6400000, 0x00000000f6400000, 0x00000000f7080000)
  to   space 12800K,   0% used [0x00000000f7080000, 0x00000000f7080000, 0x00000000f7d00000)
 concurrent mark-sweep generation total 134144K, used 125762K [0x00000000f7d00000, 0x0000000100000000, 0x0000000100000000)
 Metaspace       used 51984K, capacity 54972K, committed 55680K, reserved 1097728K
  class space    used 6355K, capacity 6892K, committed 7040K, reserved 1048576K
2023-01-17T04:30:32.033+0800: 41.940: [GC (Allocation Failure) 2023-01-17T04:30:32.033+0800: 41.941: [ParNew: 102387K->102387K(115200K), 0.0000251 secs]2023-01-17T04:30:32.033+0800: 41.941: [CMS: 125762K->119894K(134144K), 0.2212154 secs] 228150K->119894K(249344K), [Metaspace: 51984K->51984K(1097728K)], 0.2216846 secs] [Times: user=0.36 sys=0.00, real=0.22 secs] 
Heap after GC invocations=30 (full 22):
 par new generation   total 115200K, used 0K [0x00000000f0000000, 0x00000000f7d00000, 0x00000000f7d00000)
  eden space 102400K,   0% used [0x00000000f0000000, 0x00000000f0000000, 0x00000000f6400000)
  from space 12800K,   0% used [0x00000000f6400000, 0x00000000f6400000, 0x00000000f7080000)
  to   space 12800K,   0% used [0x00000000f7080000, 0x00000000f7080000, 0x00000000f7d00000)
 concurrent mark-sweep generation total 134144K, used 119894K [0x00000000f7d00000, 0x0000000100000000, 0x0000000100000000)
 Metaspace       used 51984K, capacity 54972K, committed 55680K, reserved 1097728K
  class space    used 6355K, capacity 6892K, committed 7040K, reserved 1048576K
}
{Heap before GC invocations=30 (full 22):
 par new generation   total 115200K, used 102400K [0x00000000f0000000, 0x00000000f7d00000, 0x00000000f7d00000)
  eden space 102400K, 100% used [0x00000000f0000000, 0x00000000f6400000, 0x00000000f6400000)
  from space 12800K,   0% used [0x00000000f6400000, 0x00000000f6400000, 0x00000000f7080000)
  to   space 12800K,   0% used [0x00000000f7080000, 0x00000000f7080000, 0x00000000f7d00000)
 concurrent mark-sweep generation total 134144K, used 119894K [0x00000000f7d00000, 0x0000000100000000, 0x0000000100000000)
 Metaspace       used 51993K, capacity 54972K, committed 55680K, reserved 1097728K
  class space    used 6355K, capacity 6892K, committed 7040K, reserved 1048576K
2023-01-17T04:30:32.571+0800: 42.479: [GC (Allocation Failure) 2023-01-17T04:30:32.571+0800: 42.479: [ParNew: 102400K->12800K(115200K), 0.0225512 secs] 222294K->135714K(249344K), 0.0229007 secs] [Times: user=0.09 sys=0.00, real=0.02 secs] 
Heap after GC invocations=31 (full 22):
 par new generation   total 115200K, used 12800K [0x00000000f0000000, 0x00000000f7d00000, 0x00000000f7d00000)
  eden space 102400K,   0% used [0x00000000f0000000, 0x00000000f0000000, 0x00000000f6400000)
  from space 12800K, 100% used [0x00000000f7080000, 0x00000000f7d00000, 0x00000000f7d00000)
  to   space 12800K,   0% used [0x00000000f6400000, 0x00000000f6400000, 0x00000000f7080000)
 concurrent mark-sweep generation total 134144K, used 122914K [0x00000000f7d00000, 0x0000000100000000, 0x0000000100000000)
 Metaspace       used 51993K, capacity 54972K, committed 55680K, reserved 1097728K
  class space    used 6355K, capacity 6892K, committed 7040K, reserved 1048576K
}
2023-01-17T04:30:32.618+0800: 42.526: [GC (CMS Initial Mark) [1 CMS-initial-mark: 122914K(134144K)] 142679K(249344K), 0.0074365 secs] [Times: user=0.02 sys=0.00, real=0.01 secs] 
2023-01-17T04:30:32.626+0800: 42.534: [CMS-concurrent-mark-start]
2023-01-17T04:30:32.695+0800: 42.603: [CMS-concurrent-mark: 0.069/0.069 secs] [Times: user=0.22 sys=0.02, real=0.07 secs] 
2023-01-17T04:30:32.695+0800: 42.603: [CMS-concurrent-preclean-start]
2023-01-17T04:30:32.697+0800: 42.604: [CMS-concurrent-preclean: 0.002/0.002 secs] [Times: user=0.01 sys=0.00, real=0.00 secs] 
2023-01-17T04:30:32.697+0800: 42.605: [CMS-concurrent-abortable-preclean-start]
{Heap before GC invocations=31 (full 23):
 par new generation   total 115200K, used 115200K [0x00000000f0000000, 0x00000000f7d00000, 0x00000000f7d00000)
  eden space 102400K, 100% used [0x00000000f0000000, 0x00000000f6400000, 0x00000000f6400000)
  from space 12800K, 100% used [0x00000000f7080000, 0x00000000f7d00000, 0x00000000f7d00000)
  to   space 12800K,   0% used [0x00000000f6400000, 0x00000000f6400000, 0x00000000f7080000)
 concurrent mark-sweep generation total 134144K, used 122914K [0x00000000f7d00000, 0x0000000100000000, 0x0000000100000000)
 Metaspace       used 51993K, capacity 54972K, committed 55680K, reserved 1097728K
  class space    used 6355K, capacity 6892K, committed 7040K, reserved 1048576K
2023-01-17T04:30:33.188+0800: 43.096: [GC (Allocation Failure) 2023-01-17T04:30:33.188+0800: 43.096: [ParNew: 115200K->12800K(115200K), 0.0409559 secs] 238114K->142748K(249344K), 0.0413937 secs] [Times: user=0.09 sys=0.00, real=0.05 secs] 
Heap after GC invocations=32 (full 23):
 par new generation   total 115200K, used 12800K [0x00000000f0000000, 0x00000000f7d00000, 0x00000000f7d00000)
  eden space 102400K,   0% used [0x00000000f0000000, 0x00000000f0000000, 0x00000000f6400000)
  from space 12800K, 100% used [0x00000000f6400000, 0x00000000f7080000, 0x00000000f7080000)
  to   space 12800K,   0% used [0x00000000f7080000, 0x00000000f7080000, 0x00000000f7d00000)
 concurrent mark-sweep generation total 134144K, used 129948K [0x00000000f7d00000, 0x0000000100000000, 0x0000000100000000)
 Metaspace       used 51993K, capacity 54972K, committed 55680K, reserved 1097728K
  class space    used 6355K, capacity 6892K, committed 7040K, reserved 1048576K
}
2023-01-17T04:30:33.252+0800: 43.160: [CMS-concurrent-abortable-preclean: 0.410/0.556 secs] [Times: user=1.51 sys=0.10, real=0.56 secs] 
2023-01-17T04:30:33.273+0800: 43.181: [GC (CMS Final Remark) [YG occupancy: 15356 K (115200 K)]2023-01-17T04:30:33.273+0800: 43.181: [Rescan (parallel) , 0.0141621 secs]2023-01-17T04:30:33.287+0800: 43.195: [weak refs processing, 0.0000642 secs]2023-01-17T04:30:33.287+0800: 43.195: [class unloading, 0.0158499 secs]2023-01-17T04:30:33.303+0800: 43.211: [scrub symbol table, 0.0052403 secs]2023-01-17T04:30:33.309+0800: 43.216: [scrub string table, 0.0008907 secs][1 CMS-remark: 129948K(134144K)] 145305K(249344K), 0.0363822 secs] [Times: user=0.05 sys=0.00, real=0.04 secs] 
2023-01-17T04:30:33.310+0800: 43.218: [CMS-concurrent-sweep-start]
2023-01-17T04:30:33.335+0800: 43.243: [CMS-concurrent-sweep: 0.025/0.025 secs] [Times: user=0.07 sys=0.00, real=0.02 secs] 
2023-01-17T04:30:33.335+0800: 43.243: [CMS-concurrent-reset-start]
2023-01-17T04:30:33.335+0800: 43.243: [CMS-concurrent-reset: 0.000/0.000 secs] [Times: user=0.00 sys=0.00, real=0.00 secs] 
{Heap before GC invocations=32 (full 23):
 par new generation   total 115200K, used 115200K [0x00000000f0000000, 0x00000000f7d00000, 0x00000000f7d00000)
  eden space 102400K, 100% used [0x00000000f0000000, 0x00000000f6400000, 0x00000000f6400000)
  from space 12800K, 100% used [0x00000000f6400000, 0x00000000f7080000, 0x00000000f7080000)
  to   space 12800K,   0% used [0x00000000f7080000, 0x00000000f7080000, 0x00000000f7d00000)
 concurrent mark-sweep generation total 134144K, used 122836K [0x00000000f7d00000, 0x0000000100000000, 0x0000000100000000)
 Metaspace       used 52002K, capacity 54972K, committed 55680K, reserved 1097728K
  class space    used 6357K, capacity 6892K, committed 7040K, reserved 1048576K
2023-01-17T04:30:33.850+0800: 43.758: [GC (Allocation Failure) 2023-01-17T04:30:33.850+0800: 43.758: [ParNew: 115200K->115200K(115200K), 0.0000268 secs]2023-01-17T04:30:33.850+0800: 43.758: [CMS: 122836K->127091K(134144K), 0.2569285 secs] 238036K->127091K(249344K), [Metaspace: 52002K->52002K(1097728K)], 0.2574488 secs] [Times: user=0.51 sys=0.01, real=0.25 secs] 
Heap after GC invocations=33 (full 24):
 par new generation   total 115200K, used 0K [0x00000000f0000000, 0x00000000f7d00000, 0x00000000f7d00000)
  eden space 102400K,   0% used [0x00000000f0000000, 0x00000000f0000000, 0x00000000f6400000)
  from space 12800K,   0% used [0x00000000f6400000, 0x00000000f6400000, 0x00000000f7080000)
  to   space 12800K,   0% used [0x00000000f7080000, 0x00000000f7080000, 0x00000000f7d00000)
 concurrent mark-sweep generation total 134144K, used 127091K [0x00000000f7d00000, 0x0000000100000000, 0x0000000100000000)
 Metaspace       used 52002K, capacity 54972K, committed 55680K, reserved 1097728K
  class space    used 6357K, capacity 6892K, committed 7040K, reserved 1048576K
}
2023-01-17T04:30:34.117+0800: 44.025: [GC (CMS Initial Mark) [1 CMS-initial-mark: 127091K(134144K)] 127400K(249344K), 0.0059344 secs] [Times: user=0.03 sys=0.00, real=0.01 secs] 
2023-01-17T04:30:34.124+0800: 44.032: [CMS-concurrent-mark-start]
2023-01-17T04:30:34.198+0800: 44.106: [CMS-concurrent-mark: 0.074/0.074 secs] [Times: user=0.25 sys=0.01, real=0.07 secs] 
2023-01-17T04:30:34.198+0800: 44.106: [CMS-concurrent-preclean-start]
2023-01-17T04:30:34.209+0800: 44.117: [CMS-concurrent-preclean: 0.010/0.011 secs] [Times: user=0.03 sys=0.00, real=0.01 secs] 
2023-01-17T04:30:34.209+0800: 44.117: [CMS-concurrent-abortable-preclean-start]
2023-01-17T04:30:34.209+0800: 44.117: [CMS-concurrent-abortable-preclean: 0.000/0.000 secs] [Times: user=0.00 sys=0.00, real=0.00 secs] 
2023-01-17T04:30:34.214+0800: 44.121: [GC (CMS Final Remark) [YG occupancy: 24536 K (115200 K)]2023-01-17T04:30:34.214+0800: 44.121: [Rescan (parallel) , 0.0088453 secs]2023-01-17T04:30:34.223+0800: 44.130: [weak refs processing, 0.0000393 secs]2023-01-17T04:30:34.223+0800: 44.130: [class unloading, 0.0128443 secs]2023-01-17T04:30:34.235+0800: 44.143: [scrub symbol table, 0.0051865 secs]2023-01-17T04:30:34.241+0800: 44.148: [scrub string table, 0.0008751 secs][1 CMS-remark: 127091K(134144K)] 151627K(249344K), 0.0279897 secs] [Times: user=0.05 sys=0.00, real=0.03 secs] 
2023-01-17T04:30:34.242+0800: 44.150: [CMS-concurrent-sweep-start]
2023-01-17T04:30:34.268+0800: 44.176: [CMS-concurrent-sweep: 0.020/0.026 secs] [Times: user=0.07 sys=0.01, real=0.02 secs] 
2023-01-17T04:30:34.268+0800: 44.176: [CMS-concurrent-reset-start]
2023-01-17T04:30:34.269+0800: 44.176: [CMS-concurrent-reset: 0.000/0.000 secs] [Times: user=0.00 sys=0.00, real=0.00 secs] 
{Heap before GC invocations=33 (full 25):
 par new generation   total 115200K, used 102400K [0x00000000f0000000, 0x00000000f7d00000, 0x00000000f7d00000)
  eden space 102400K, 100% used [0x00000000f0000000, 0x00000000f6400000, 0x00000000f6400000)
  from space 12800K,   0% used [0x00000000f6400000, 0x00000000f6400000, 0x00000000f7080000)
  to   space 12800K,   0% used [0x00000000f7080000, 0x00000000f7080000, 0x00000000f7d00000)
 concurrent mark-sweep generation total 134144K, used 126469K [0x00000000f7d00000, 0x0000000100000000, 0x0000000100000000)
 Metaspace       used 52002K, capacity 54972K, committed 55680K, reserved 1097728K
  class space    used 6357K, capacity 6892K, committed 7040K, reserved 1048576K
2023-01-17T04:30:34.525+0800: 44.432: [GC (Allocation Failure) 2023-01-17T04:30:34.525+0800: 44.433: [ParNew: 102400K->102400K(115200K), 0.0000331 secs]2023-01-17T04:30:34.525+0800: 44.433: [CMS: 126469K->121208K(134144K), 0.2559161 secs] 228869K->121208K(249344K), [Metaspace: 52002K->52002K(1097728K)], 0.2564386 secs] [Times: user=0.42 sys=0.00, real=0.26 secs] 
Heap after GC invocations=34 (full 26):
 par new generation   total 115200K, used 0K [0x00000000f0000000, 0x00000000f7d00000, 0x00000000f7d00000)
  eden space 102400K,   0% used [0x00000000f0000000, 0x00000000f0000000, 0x00000000f6400000)
  from space 12800K,   0% used [0x00000000f6400000, 0x00000000f6400000, 0x00000000f7080000)
  to   space 12800K,   0% used [0x00000000f7080000, 0x00000000f7080000, 0x00000000f7d00000)
 concurrent mark-sweep generation total 134144K, used 121208K [0x00000000f7d00000, 0x0000000100000000, 0x0000000100000000)
 Metaspace       used 52002K, capacity 54972K, committed 55680K, reserved 1097728K
  class space    used 6357K, capacity 6892K, committed 7040K, reserved 1048576K
}
{Heap before GC invocations=34 (full 26):
 par new generation   total 115200K, used 102399K [0x00000000f0000000, 0x00000000f7d00000, 0x00000000f7d00000)
  eden space 102400K,  99% used [0x00000000f0000000, 0x00000000f63fffd0, 0x00000000f6400000)
  from space 12800K,   0% used [0x00000000f6400000, 0x00000000f6400000, 0x00000000f7080000)
  to   space 12800K,   0% used [0x00000000f7080000, 0x00000000f7080000, 0x00000000f7d00000)
 concurrent mark-sweep generation total 134144K, used 121208K [0x00000000f7d00000, 0x0000000100000000, 0x0000000100000000)
 Metaspace       used 52005K, capacity 54972K, committed 55680K, reserved 1097728K
  class space    used 6358K, capacity 6892K, committed 7040K, reserved 1048576K
2023-01-17T04:30:34.956+0800: 44.863: [GC (Allocation Failure) 2023-01-17T04:30:34.956+0800: 44.864: [ParNew: 102399K->12800K(115200K), 0.0222145 secs] 223608K->142029K(249344K), 0.0225642 secs] [Times: user=0.08 sys=0.00, real=0.02 secs] 
Heap after GC invocations=35 (full 26):
 par new generation   total 115200K, used 12800K [0x00000000f0000000, 0x00000000f7d00000, 0x00000000f7d00000)
  eden space 102400K,   0% used [0x00000000f0000000, 0x00000000f0000000, 0x00000000f6400000)
  from space 12800K, 100% used [0x00000000f7080000, 0x00000000f7d00000, 0x00000000f7d00000)
  to   space 12800K,   0% used [0x00000000f6400000, 0x00000000f6400000, 0x00000000f7080000)
 concurrent mark-sweep generation total 134144K, used 129229K [0x00000000f7d00000, 0x0000000100000000, 0x0000000100000000)
 Metaspace       used 52005K, capacity 54972K, committed 55680K, reserved 1097728K
  class space    used 6358K, capacity 6892K, committed 7040K, reserved 1048576K
}
2023-01-17T04:30:34.984+0800: 44.892: [GC (CMS Initial Mark) [1 CMS-initial-mark: 129229K(134144K)] 142331K(249344K), 0.0055392 secs] [Times: user=0.02 sys=0.00, real=0.01 secs] 
2023-01-17T04:30:34.990+0800: 44.898: [CMS-concurrent-mark-start]
2023-01-17T04:30:35.059+0800: 44.967: [CMS-concurrent-mark: 0.069/0.069 secs] [Times: user=0.23 sys=0.02, real=0.06 secs] 
2023-01-17T04:30:35.059+0800: 44.967: [CMS-concurrent-preclean-start]
2023-01-17T04:30:35.062+0800: 44.970: [CMS-concurrent-preclean: 0.003/0.003 secs] [Times: user=0.01 sys=0.00, real=0.01 secs] 
2023-01-17T04:30:35.062+0800: 44.970: [CMS-concurrent-abortable-preclean-start]
2023-01-17T04:30:35.062+0800: 44.970: [CMS-concurrent-abortable-preclean: 0.000/0.000 secs] [Times: user=0.00 sys=0.00, real=0.00 secs] 
2023-01-17T04:30:35.071+0800: 44.978: [GC (CMS Final Remark) [YG occupancy: 29996 K (115200 K)]2023-01-17T04:30:35.071+0800: 44.979: [Rescan (parallel) , 0.0137495 secs]2023-01-17T04:30:35.085+0800: 44.992: [weak refs processing, 0.0000423 secs]2023-01-17T04:30:35.085+0800: 44.992: [class unloading, 0.0143465 secs]2023-01-17T04:30:35.099+0800: 45.007: [scrub symbol table, 0.0049406 secs]2023-01-17T04:30:35.104+0800: 45.012: [scrub string table, 0.0008864 secs][1 CMS-remark: 129229K(134144K)] 159226K(249344K), 0.0341141 secs] [Times: user=0.09 sys=0.00, real=0.03 secs] 
2023-01-17T04:30:35.105+0800: 45.013: [CMS-concurrent-sweep-start]
2023-01-17T04:30:35.124+0800: 45.032: [CMS-concurrent-sweep: 0.019/0.019 secs] [Times: user=0.06 sys=0.00, real=0.02 secs] 
2023-01-17T04:30:35.124+0800: 45.032: [CMS-concurrent-reset-start]
2023-01-17T04:30:35.124+0800: 45.032: [CMS-concurrent-reset: 0.000/0.000 secs] [Times: user=0.00 sys=0.00, real=0.00 secs] 
{Heap before GC invocations=35 (full 27):
 par new generation   total 115200K, used 115200K [0x00000000f0000000, 0x00000000f7d00000, 0x00000000f7d00000)
  eden space 102400K, 100% used [0x00000000f0000000, 0x00000000f6400000, 0x00000000f6400000)
  from space 12800K, 100% used [0x00000000f7080000, 0x00000000f7d00000, 0x00000000f7d00000)
  to   space 12800K,   0% used [0x00000000f6400000, 0x00000000f6400000, 0x00000000f7080000)
 concurrent mark-sweep generation total 134144K, used 112806K [0x00000000f7d00000, 0x0000000100000000, 0x0000000100000000)
 Metaspace       used 52008K, capacity 55036K, committed 55680K, reserved 1097728K
  class space    used 6358K, capacity 6892K, committed 7040K, reserved 1048576K
2023-01-17T04:30:35.483+0800: 45.391: [GC (Allocation Failure) 2023-01-17T04:30:35.483+0800: 45.391: [ParNew: 115200K->12800K(115200K), 0.0484937 secs] 228006K->135487K(249344K), 0.0490171 secs] [Times: user=0.14 sys=0.00, real=0.05 secs] 
Heap after GC invocations=36 (full 27):
 par new generation   total 115200K, used 12800K [0x00000000f0000000, 0x00000000f7d00000, 0x00000000f7d00000)
  eden space 102400K,   0% used [0x00000000f0000000, 0x00000000f0000000, 0x00000000f6400000)
  from space 12800K, 100% used [0x00000000f6400000, 0x00000000f7080000, 0x00000000f7080000)
  to   space 12800K,   0% used [0x00000000f7080000, 0x00000000f7080000, 0x00000000f7d00000)
 concurrent mark-sweep generation total 134144K, used 122687K [0x00000000f7d00000, 0x0000000100000000, 0x0000000100000000)
 Metaspace       used 52008K, capacity 55036K, committed 55680K, reserved 1097728K
  class space    used 6358K, capacity 6892K, committed 7040K, reserved 1048576K
}
2023-01-17T04:30:35.540+0800: 45.448: [GC (CMS Initial Mark) [1 CMS-initial-mark: 122687K(134144K)] 135544K(249344K), 0.0093470 secs] [Times: user=0.03 sys=0.00, real=0.01 secs] 
2023-01-17T04:30:35.550+0800: 45.458: [CMS-concurrent-mark-start]
2023-01-17T04:30:35.633+0800: 45.541: [CMS-concurrent-mark: 0.083/0.083 secs] [Times: user=0.21 sys=0.02, real=0.08 secs] 
2023-01-17T04:30:35.633+0800: 45.541: [CMS-concurrent-preclean-start]
2023-01-17T04:30:35.638+0800: 45.546: [CMS-concurrent-preclean: 0.005/0.005 secs] [Times: user=0.01 sys=0.01, real=0.00 secs] 
2023-01-17T04:30:35.638+0800: 45.546: [CMS-concurrent-abortable-preclean-start]
2023-01-17T04:30:35.638+0800: 45.546: [CMS-concurrent-abortable-preclean: 0.000/0.000 secs] [Times: user=0.00 sys=0.00, real=0.00 secs] 
2023-01-17T04:30:35.646+0800: 45.554: [GC (CMS Final Remark) [YG occupancy: 31505 K (115200 K)]2023-01-17T04:30:35.646+0800: 45.554: [Rescan (parallel) , 0.0123864 secs]2023-01-17T04:30:35.659+0800: 45.566: [weak refs processing, 0.0000610 secs]2023-01-17T04:30:35.659+0800: 45.566: [class unloading, 0.0207682 secs]2023-01-17T04:30:35.679+0800: 45.587: [scrub symbol table, 0.0077092 secs]2023-01-17T04:30:35.687+0800: 45.595: [scrub string table, 0.0009328 secs][1 CMS-remark: 122687K(134144K)] 154193K(249344K), 0.0420417 secs] [Times: user=0.07 sys=0.00, real=0.04 secs] 
2023-01-17T04:30:35.689+0800: 45.597: [CMS-concurrent-sweep-start]
2023-01-17T04:30:35.714+0800: 45.622: [CMS-concurrent-sweep: 0.025/0.025 secs] [Times: user=0.07 sys=0.00, real=0.03 secs] 
2023-01-17T04:30:35.715+0800: 45.622: [CMS-concurrent-reset-start]
2023-01-17T04:30:35.715+0800: 45.623: [CMS-concurrent-reset: 0.000/0.000 secs] [Times: user=0.00 sys=0.00, real=0.00 secs] 
{Heap before GC invocations=36 (full 28):
 par new generation   total 115200K, used 115200K [0x00000000f0000000, 0x00000000f7d00000, 0x00000000f7d00000)
  eden space 102400K, 100% used [0x00000000f0000000, 0x00000000f6400000, 0x00000000f6400000)
  from space 12800K, 100% used [0x00000000f6400000, 0x00000000f7080000, 0x00000000f7080000)
  to   space 12800K,   0% used [0x00000000f7080000, 0x00000000f7080000, 0x00000000f7d00000)
 concurrent mark-sweep generation total 134144K, used 118892K [0x00000000f7d00000, 0x0000000100000000, 0x0000000100000000)
 Metaspace       used 52009K, capacity 55036K, committed 55680K, reserved 1097728K
  class space    used 6358K, capacity 6892K, committed 7040K, reserved 1048576K
2023-01-17T04:30:36.080+0800: 45.988: [GC (Allocation Failure) 2023-01-17T04:30:36.081+0800: 45.989: [ParNew: 115200K->115200K(115200K), 0.0000319 secs]2023-01-17T04:30:36.081+0800: 45.989: [CMS: 118892K->128374K(134144K), 0.2424994 secs] 234092K->128374K(249344K), [Metaspace: 52009K->52009K(1097728K)], 0.2430349 secs] [Times: user=0.28 sys=0.00, real=0.24 secs] 
Heap after GC invocations=37 (full 29):
 par new generation   total 115200K, used 0K [0x00000000f0000000, 0x00000000f7d00000, 0x00000000f7d00000)
  eden space 102400K,   0% used [0x00000000f0000000, 0x00000000f0000000, 0x00000000f6400000)
  from space 12800K,   0% used [0x00000000f6400000, 0x00000000f6400000, 0x00000000f7080000)
  to   space 12800K,   0% used [0x00000000f7080000, 0x00000000f7080000, 0x00000000f7d00000)
 concurrent mark-sweep generation total 134144K, used 128374K [0x00000000f7d00000, 0x0000000100000000, 0x0000000100000000)
 Metaspace       used 52009K, capacity 55036K, committed 55680K, reserved 1097728K
  class space    used 6358K, capacity 6892K, committed 7040K, reserved 1048576K
}
2023-01-17T04:30:36.331+0800: 46.239: [GC (CMS Initial Mark) [1 CMS-initial-mark: 128374K(134144K)] 128949K(249344K), 0.0048267 secs] [Times: user=0.02 sys=0.00, real=0.00 secs] 
2023-01-17T04:30:36.336+0800: 46.244: [CMS-concurrent-mark-start]
2023-01-17T04:30:36.479+0800: 46.387: [CMS-concurrent-mark: 0.143/0.143 secs] [Times: user=0.44 sys=0.05, real=0.14 secs] 
2023-01-17T04:30:36.479+0800: 46.387: [CMS-concurrent-preclean-start]
2023-01-17T04:30:36.518+0800: 46.426: [CMS-concurrent-preclean: 0.036/0.039 secs] [Times: user=0.14 sys=0.01, real=0.04 secs] 
2023-01-17T04:30:36.519+0800: 46.426: [CMS-concurrent-abortable-preclean-start]
2023-01-17T04:30:36.519+0800: 46.426: [CMS-concurrent-abortable-preclean: 0.000/0.000 secs] [Times: user=0.00 sys=0.00, real=0.00 secs] 
2023-01-17T04:30:36.576+0800: 46.483: [GC (CMS Final Remark) [YG occupancy: 86022 K (115200 K)]2023-01-17T04:30:36.576+0800: 46.483: [Rescan (parallel) , 0.0303037 secs]2023-01-17T04:30:36.606+0800: 46.514: [weak refs processing, 0.0000560 secs]2023-01-17T04:30:36.606+0800: 46.514: [class unloading, 0.0148957 secs]2023-01-17T04:30:36.621+0800: 46.529: [scrub symbol table, 0.0052489 secs]2023-01-17T04:30:36.626+0800: 46.534: [scrub string table, 0.0009299 secs][1 CMS-remark: 128374K(134144K)] 214396K(249344K), 0.0516816 secs] [Times: user=0.16 sys=0.00, real=0.05 secs] 
2023-01-17T04:30:36.628+0800: 46.536: [CMS-concurrent-sweep-start]
2023-01-17T04:30:36.663+0800: 46.570: [CMS-concurrent-sweep: 0.034/0.034 secs] [Times: user=0.12 sys=0.01, real=0.04 secs] 
2023-01-17T04:30:36.663+0800: 46.571: [CMS-concurrent-reset-start]
2023-01-17T04:30:36.663+0800: 46.571: [CMS-concurrent-reset: 0.000/0.000 secs] [Times: user=0.00 sys=0.00, real=0.00 secs] 
{Heap before GC invocations=37 (full 30):
 par new generation   total 115200K, used 102400K [0x00000000f0000000, 0x00000000f7d00000, 0x00000000f7d00000)
  eden space 102400K, 100% used [0x00000000f0000000, 0x00000000f6400000, 0x00000000f6400000)
  from space 12800K,   0% used [0x00000000f6400000, 0x00000000f6400000, 0x00000000f7080000)
  to   space 12800K,   0% used [0x00000000f7080000, 0x00000000f7080000, 0x00000000f7d00000)
 concurrent mark-sweep generation total 134144K, used 127719K [0x00000000f7d00000, 0x0000000100000000, 0x0000000100000000)
 Metaspace       used 52016K, capacity 55036K, committed 55680K, reserved 1097728K
  class space    used 6358K, capacity 6892K, committed 7040K, reserved 1048576K
2023-01-17T04:30:36.678+0800: 46.586: [GC (Allocation Failure) 2023-01-17T04:30:36.678+0800: 46.586: [ParNew: 102400K->102400K(115200K), 0.0000259 secs]2023-01-17T04:30:36.678+0800: 46.586: [CMS: 127719K->121080K(134144K), 0.2905450 secs] 230119K->121080K(249344K), [Metaspace: 52016K->52016K(1097728K)], 0.2910316 secs] [Times: user=0.29 sys=0.00, real=0.29 secs] 
Heap after GC invocations=38 (full 31):
 par new generation   total 115200K, used 0K [0x00000000f0000000, 0x00000000f7d00000, 0x00000000f7d00000)
  eden space 102400K,   0% used [0x00000000f0000000, 0x00000000f0000000, 0x00000000f6400000)
  from space 12800K,   0% used [0x00000000f6400000, 0x00000000f6400000, 0x00000000f7080000)
  to   space 12800K,   0% used [0x00000000f7080000, 0x00000000f7080000, 0x00000000f7d00000)
 concurrent mark-sweep generation total 134144K, used 121080K [0x00000000f7d00000, 0x0000000100000000, 0x0000000100000000)
 Metaspace       used 51837K, capacity 54726K, committed 55680K, reserved 1097728K
  class space    used 6329K, capacity 6839K, committed 7040K, reserved 1048576K
}
2023-01-17T04:30:36.974+0800: 46.882: [GC (CMS Initial Mark) [1 CMS-initial-mark: 121080K(134144K)] 121088K(249344K), 0.0040919 secs] [Times: user=0.01 sys=0.00, real=0.00 secs] 
2023-01-17T04:30:36.979+0800: 46.887: [CMS-concurrent-mark-start]
2023-01-17T04:30:37.049+0800: 46.956: [CMS-concurrent-mark: 0.070/0.070 secs] [Times: user=0.24 sys=0.01, real=0.07 secs] 
2023-01-17T04:30:37.049+0800: 46.957: [CMS-concurrent-preclean-start]
2023-01-17T04:30:37.060+0800: 46.967: [CMS-concurrent-preclean: 0.010/0.011 secs] [Times: user=0.04 sys=0.00, real=0.02 secs] 
2023-01-17T04:30:37.060+0800: 46.968: [CMS-concurrent-abortable-preclean-start]
{Heap before GC invocations=38 (full 32):
 par new generation   total 115200K, used 102400K [0x00000000f0000000, 0x00000000f7d00000, 0x00000000f7d00000)
  eden space 102400K, 100% used [0x00000000f0000000, 0x00000000f6400000, 0x00000000f6400000)
  from space 12800K,   0% used [0x00000000f6400000, 0x00000000f6400000, 0x00000000f7080000)
  to   space 12800K,   0% used [0x00000000f7080000, 0x00000000f7080000, 0x00000000f7d00000)
 concurrent mark-sweep generation total 134144K, used 121080K [0x00000000f7d00000, 0x0000000100000000, 0x0000000100000000)
 Metaspace       used 51838K, capacity 54726K, committed 55680K, reserved 1097728K
  class space    used 6329K, capacity 6839K, committed 7040K, reserved 1048576K
2023-01-17T04:30:37.243+0800: 47.150: [GC (Allocation Failure) 2023-01-17T04:30:37.243+0800: 47.151: [ParNew: 102400K->12800K(115200K), 0.0286121 secs] 223480K->136840K(249344K), 0.0290096 secs] [Times: user=0.11 sys=0.00, real=0.03 secs] 
Heap after GC invocations=39 (full 32):
 par new generation   total 115200K, used 12800K [0x00000000f0000000, 0x00000000f7d00000, 0x00000000f7d00000)
  eden space 102400K,   0% used [0x00000000f0000000, 0x00000000f0000000, 0x00000000f6400000)
  from space 12800K, 100% used [0x00000000f7080000, 0x00000000f7d00000, 0x00000000f7d00000)
  to   space 12800K,   0% used [0x00000000f6400000, 0x00000000f6400000, 0x00000000f7080000)
 concurrent mark-sweep generation total 134144K, used 124040K [0x00000000f7d00000, 0x0000000100000000, 0x0000000100000000)
 Metaspace       used 51838K, capacity 54726K, committed 55680K, reserved 1097728K
  class space    used 6329K, capacity 6839K, committed 7040K, reserved 1048576K
}
2023-01-17T04:30:37.825+0800: 47.733: [CMS-concurrent-abortable-preclean: 0.483/0.766 secs] [Times: user=2.35 sys=0.17, real=0.76 secs] 
2023-01-17T04:30:37.849+0800: 47.757: [GC (CMS Final Remark) [YG occupancy: 115200 K (115200 K)]2023-01-17T04:30:37.849+0800: 47.757: [Rescan (parallel) , 0.0280842 secs]2023-01-17T04:30:37.877+0800: 47.785: [weak refs processing, 0.0000469 secs]2023-01-17T04:30:37.877+0800: 47.785: [class unloading, 0.0150792 secs]2023-01-17T04:30:37.892+0800: 47.800: [scrub symbol table, 0.0050768 secs]2023-01-17T04:30:37.897+0800: 47.805: [scrub string table, 0.0008505 secs][1 CMS-remark: 124040K(134144K)] 239240K(249344K), 0.0494065 secs] [Times: user=0.14 sys=0.00, real=0.05 secs] 
{Heap before GC invocations=39 (full 32):
 par new generation   total 115200K, used 115200K [0x00000000f0000000, 0x00000000f7d00000, 0x00000000f7d00000)
  eden space 102400K, 100% used [0x00000000f0000000, 0x00000000f6400000, 0x00000000f6400000)
  from space 12800K, 100% used [0x00000000f7080000, 0x00000000f7d00000, 0x00000000f7d00000)
  to   space 12800K,   0% used [0x00000000f6400000, 0x00000000f6400000, 0x00000000f7080000)
 concurrent mark-sweep generation total 134144K, used 124040K [0x00000000f7d00000, 0x0000000100000000, 0x0000000100000000)
 Metaspace       used 51838K, capacity 54726K, committed 55680K, reserved 1097728K
  class space    used 6329K, capacity 6839K, committed 7040K, reserved 1048576K
2023-01-17T04:30:37.904+0800: 47.811: [GC (Allocation Failure) 2023-01-17T04:30:37.904+0800: 47.812: [ParNew: 115200K->11188K(115200K), 0.0165107 secs] 239240K->142389K(249344K), 0.0167942 secs] [Times: user=0.07 sys=0.00, real=0.02 secs] 
Heap after GC invocations=40 (full 32):
 par new generation   total 115200K, used 11188K [0x00000000f0000000, 0x00000000f7d00000, 0x00000000f7d00000)
  eden space 102400K,   0% used [0x00000000f0000000, 0x00000000f0000000, 0x00000000f6400000)
  from space 12800K,  87% used [0x00000000f6400000, 0x00000000f6eed020, 0x00000000f7080000)
  to   space 12800K,   0% used [0x00000000f7080000, 0x00000000f7080000, 0x00000000f7d00000)
 concurrent mark-sweep generation total 134144K, used 131201K [0x00000000f7d00000, 0x0000000100000000, 0x0000000100000000)
 Metaspace       used 51838K, capacity 54726K, committed 55680K, reserved 1097728K
  class space    used 6329K, capacity 6839K, committed 7040K, reserved 1048576K
}
2023-01-17T04:30:37.921+0800: 47.828: [CMS-concurrent-sweep-start]
2023-01-17T04:30:37.945+0800: 47.853: [CMS-concurrent-sweep: 0.024/0.024 secs] [Times: user=0.07 sys=0.01, real=0.02 secs] 
2023-01-17T04:30:37.945+0800: 47.853: [CMS-concurrent-reset-start]
2023-01-17T04:30:37.946+0800: 47.853: [CMS-concurrent-reset: 0.000/0.000 secs] [Times: user=0.00 sys=0.00, real=0.00 secs] 
{Heap before GC invocations=40 (full 32):
 par new generation   total 115200K, used 113588K [0x00000000f0000000, 0x00000000f7d00000, 0x00000000f7d00000)
  eden space 102400K,  99% used [0x00000000f0000000, 0x00000000f63ffff8, 0x00000000f6400000)
  from space 12800K,  87% used [0x00000000f6400000, 0x00000000f6eed020, 0x00000000f7080000)
  to   space 12800K,   0% used [0x00000000f7080000, 0x00000000f7080000, 0x00000000f7d00000)
 concurrent mark-sweep generation total 134144K, used 129501K [0x00000000f7d00000, 0x0000000100000000, 0x0000000100000000)
 Metaspace       used 51838K, capacity 54726K, committed 55680K, reserved 1097728K
  class space    used 6329K, capacity 6839K, committed 7040K, reserved 1048576K
2023-01-17T04:30:38.451+0800: 48.359: [GC (Allocation Failure) 2023-01-17T04:30:38.451+0800: 48.359: [ParNew: 113588K->113588K(115200K), 0.0000261 secs]2023-01-17T04:30:38.451+0800: 48.359: [CMS: 129501K->126911K(134144K), 0.2229903 secs] 243089K->126911K(249344K), [Metaspace: 51838K->51838K(1097728K)], 0.2234430 secs] [Times: user=0.23 sys=0.00, real=0.22 secs] 
Heap after GC invocations=41 (full 33):
 par new generation   total 115200K, used 0K [0x00000000f0000000, 0x00000000f7d00000, 0x00000000f7d00000)
  eden space 102400K,   0% used [0x00000000f0000000, 0x00000000f0000000, 0x00000000f6400000)
  from space 12800K,   0% used [0x00000000f6400000, 0x00000000f6400000, 0x00000000f7080000)
  to   space 12800K,   0% used [0x00000000f7080000, 0x00000000f7080000, 0x00000000f7d00000)
 concurrent mark-sweep generation total 134144K, used 126911K [0x00000000f7d00000, 0x0000000100000000, 0x0000000100000000)
 Metaspace       used 51838K, capacity 54726K, committed 55680K, reserved 1097728K
  class space    used 6329K, capacity 6839K, committed 7040K, reserved 1048576K
}
2023-01-17T04:30:38.680+0800: 48.588: [GC (CMS Initial Mark) [1 CMS-initial-mark: 126911K(134144K)] 127036K(249344K), 0.0041112 secs] [Times: user=0.01 sys=0.00, real=0.00 secs] 
2023-01-17T04:30:38.685+0800: 48.593: [CMS-concurrent-mark-start]
2023-01-17T04:30:38.766+0800: 48.674: [CMS-concurrent-mark: 0.081/0.081 secs] [Times: user=0.24 sys=0.01, real=0.08 secs] 
2023-01-17T04:30:38.766+0800: 48.674: [CMS-concurrent-preclean-start]
2023-01-17T04:30:38.798+0800: 48.706: [CMS-concurrent-preclean: 0.031/0.032 secs] [Times: user=0.12 sys=0.01, real=0.03 secs] 
2023-01-17T04:30:38.799+0800: 48.706: [CMS-concurrent-abortable-preclean-start]
2023-01-17T04:30:38.799+0800: 48.706: [CMS-concurrent-abortable-preclean: 0.000/0.000 secs] [Times: user=0.00 sys=0.00, real=0.00 secs] 
2023-01-17T04:30:38.805+0800: 48.712: [GC (CMS Final Remark) [YG occupancy: 53393 K (115200 K)]2023-01-17T04:30:38.805+0800: 48.712: [Rescan (parallel) , 0.0173367 secs]2023-01-17T04:30:38.822+0800: 48.730: [weak refs processing, 0.0000439 secs]2023-01-17T04:30:38.822+0800: 48.730: [class unloading, 0.0153365 secs]2023-01-17T04:30:38.837+0800: 48.745: [scrub symbol table, 0.0051884 secs]2023-01-17T04:30:38.843+0800: 48.750: [scrub string table, 0.0008502 secs][1 CMS-remark: 126911K(134144K)] 180305K(249344K), 0.0389713 secs] [Times: user=0.09 sys=0.01, real=0.04 secs] 
2023-01-17T04:30:38.844+0800: 48.752: [CMS-concurrent-sweep-start]
2023-01-17T04:30:38.885+0800: 48.792: [CMS-concurrent-sweep: 0.041/0.041 secs] [Times: user=0.14 sys=0.01, real=0.04 secs] 
2023-01-17T04:30:38.885+0800: 48.793: [CMS-concurrent-reset-start]
2023-01-17T04:30:38.885+0800: 48.793: [CMS-concurrent-reset: 0.000/0.000 secs] [Times: user=0.00 sys=0.00, real=0.00 secs] 
{Heap before GC invocations=41 (full 34):
 par new generation   total 115200K, used 102400K [0x00000000f0000000, 0x00000000f7d00000, 0x00000000f7d00000)
  eden space 102400K, 100% used [0x00000000f0000000, 0x00000000f6400000, 0x00000000f6400000)
  from space 12800K,   0% used [0x00000000f6400000, 0x00000000f6400000, 0x00000000f7080000)
  to   space 12800K,   0% used [0x00000000f7080000, 0x00000000f7080000, 0x00000000f7d00000)
 concurrent mark-sweep generation total 134144K, used 126379K [0x00000000f7d00000, 0x0000000100000000, 0x0000000100000000)
 Metaspace       used 51838K, capacity 54726K, committed 55680K, reserved 1097728K
  class space    used 6329K, capacity 6839K, committed 7040K, reserved 1048576K
2023-01-17T04:30:38.983+0800: 48.890: [GC (Allocation Failure) 2023-01-17T04:30:38.983+0800: 48.891: [ParNew: 102400K->102400K(115200K), 0.0000350 secs]2023-01-17T04:30:38.983+0800: 48.891: [CMS: 126379K->126865K(134144K), 0.2311820 secs] 228779K->126865K(249344K), [Metaspace: 51838K->51838K(1097728K)], 0.2317218 secs] [Times: user=0.29 sys=0.00, real=0.23 secs] 
Heap after GC invocations=42 (full 35):
 par new generation   total 115200K, used 0K [0x00000000f0000000, 0x00000000f7d00000, 0x00000000f7d00000)
  eden space 102400K,   0% used [0x00000000f0000000, 0x00000000f0000000, 0x00000000f6400000)
  from space 12800K,   0% used [0x00000000f6400000, 0x00000000f6400000, 0x00000000f7080000)
  to   space 12800K,   0% used [0x00000000f7080000, 0x00000000f7080000, 0x00000000f7d00000)
 concurrent mark-sweep generation total 134144K, used 126865K [0x00000000f7d00000, 0x0000000100000000, 0x0000000100000000)
 Metaspace       used 51838K, capacity 54726K, committed 55680K, reserved 1097728K
  class space    used 6329K, capacity 6839K, committed 7040K, reserved 1048576K
}
2023-01-17T04:30:39.220+0800: 49.128: [GC (CMS Initial Mark) [1 CMS-initial-mark: 126865K(134144K)] 126953K(249344K), 0.0059165 secs] [Times: user=0.02 sys=0.00, real=0.00 secs] 
2023-01-17T04:30:39.226+0800: 49.134: [CMS-concurrent-mark-start]
2023-01-17T04:30:39.311+0800: 49.219: [CMS-concurrent-mark: 0.085/0.085 secs] [Times: user=0.29 sys=0.02, real=0.09 secs] 
2023-01-17T04:30:39.311+0800: 49.219: [CMS-concurrent-preclean-start]
2023-01-17T04:30:39.321+0800: 49.229: [CMS-concurrent-preclean: 0.009/0.010 secs] [Times: user=0.03 sys=0.01, real=0.01 secs] 
2023-01-17T04:30:39.321+0800: 49.229: [CMS-concurrent-abortable-preclean-start]
2023-01-17T04:30:39.321+0800: 49.229: [CMS-concurrent-abortable-preclean: 0.000/0.000 secs] [Times: user=0.00 sys=0.00, real=0.00 secs] 
2023-01-17T04:30:39.327+0800: 49.235: [GC (CMS Final Remark) [YG occupancy: 27444 K (115200 K)]2023-01-17T04:30:39.327+0800: 49.235: [Rescan (parallel) , 0.0136455 secs]2023-01-17T04:30:39.341+0800: 49.249: [weak refs processing, 0.0000423 secs]2023-01-17T04:30:39.341+0800: 49.249: [class unloading, 0.0146230 secs]2023-01-17T04:30:39.355+0800: 49.263: [scrub symbol table, 0.0053966 secs]2023-01-17T04:30:39.361+0800: 49.269: [scrub string table, 0.0009023 secs][1 CMS-remark: 126865K(134144K)] 154310K(249344K), 0.0347616 secs] [Times: user=0.06 sys=0.00, real=0.04 secs] 
2023-01-17T04:30:39.362+0800: 49.270: [CMS-concurrent-sweep-start]
2023-01-17T04:30:39.391+0800: 49.299: [CMS-concurrent-sweep: 0.029/0.029 secs] [Times: user=0.08 sys=0.00, real=0.03 secs] 
2023-01-17T04:30:39.391+0800: 49.299: [CMS-concurrent-reset-start]
2023-01-17T04:30:39.391+0800: 49.299: [CMS-concurrent-reset: 0.000/0.000 secs] [Times: user=0.00 sys=0.00, real=0.00 secs] 
{Heap before GC invocations=42 (full 36):
 par new generation   total 115200K, used 102400K [0x00000000f0000000, 0x00000000f7d00000, 0x00000000f7d00000)
  eden space 102400K, 100% used [0x00000000f0000000, 0x00000000f6400000, 0x00000000f6400000)
  from space 12800K,   0% used [0x00000000f6400000, 0x00000000f6400000, 0x00000000f7080000)
  to   space 12800K,   0% used [0x00000000f7080000, 0x00000000f7080000, 0x00000000f7d00000)
 concurrent mark-sweep generation total 134144K, used 126565K [0x00000000f7d00000, 0x0000000100000000, 0x0000000100000000)
 Metaspace       used 51839K, capacity 54726K, committed 55680K, reserved 1097728K
  class space    used 6329K, capacity 6839K, committed 7040K, reserved 1048576K
2023-01-17T04:30:39.735+0800: 49.643: [GC (Allocation Failure) 2023-01-17T04:30:39.736+0800: 49.643: [ParNew: 102400K->11493K(115200K), 0.0177254 secs] 228965K->138058K(249344K), 0.0181104 secs] [Times: user=0.06 sys=0.00, real=0.02 secs] 
Heap after GC invocations=43 (full 36):
 par new generation   total 115200K, used 11493K [0x00000000f0000000, 0x00000000f7d00000, 0x00000000f7d00000)
  eden space 102400K,   0% used [0x00000000f0000000, 0x00000000f0000000, 0x00000000f6400000)
  from space 12800K,  89% used [0x00000000f7080000, 0x00000000f7bb94d8, 0x00000000f7d00000)
  to   space 12800K,   0% used [0x00000000f6400000, 0x00000000f6400000, 0x00000000f7080000)
 concurrent mark-sweep generation total 134144K, used 126565K [0x00000000f7d00000, 0x0000000100000000, 0x0000000100000000)
 Metaspace       used 51839K, capacity 54726K, committed 55680K, reserved 1097728K
  class space    used 6329K, capacity 6839K, committed 7040K, reserved 1048576K
}
2023-01-17T04:30:39.761+0800: 49.669: [GC (CMS Initial Mark) [1 CMS-initial-mark: 126565K(134144K)] 139049K(249344K), 0.0102348 secs] [Times: user=0.02 sys=0.00, real=0.01 secs] 
2023-01-17T04:30:39.771+0800: 49.679: [CMS-concurrent-mark-start]
2023-01-17T04:30:39.848+0800: 49.756: [CMS-concurrent-mark: 0.077/0.077 secs] [Times: user=0.20 sys=0.02, real=0.07 secs] 
2023-01-17T04:30:39.848+0800: 49.756: [CMS-concurrent-preclean-start]
2023-01-17T04:30:39.858+0800: 49.766: [CMS-concurrent-preclean: 0.009/0.009 secs] [Times: user=0.03 sys=0.01, real=0.01 secs] 
2023-01-17T04:30:39.858+0800: 49.766: [CMS-concurrent-abortable-preclean-start]
{Heap before GC invocations=43 (full 37):
 par new generation   total 115200K, used 113893K [0x00000000f0000000, 0x00000000f7d00000, 0x00000000f7d00000)
  eden space 102400K, 100% used [0x00000000f0000000, 0x00000000f6400000, 0x00000000f6400000)
  from space 12800K,  89% used [0x00000000f7080000, 0x00000000f7bb94d8, 0x00000000f7d00000)
  to   space 12800K,   0% used [0x00000000f6400000, 0x00000000f6400000, 0x00000000f7080000)
 concurrent mark-sweep generation total 134144K, used 126565K [0x00000000f7d00000, 0x0000000100000000, 0x0000000100000000)
 Metaspace       used 51856K, capacity 54790K, committed 55680K, reserved 1097728K
  class space    used 6333K, capacity 6839K, committed 7040K, reserved 1048576K
2023-01-17T04:30:40.099+0800: 50.006: [GC (Allocation Failure) 2023-01-17T04:30:40.099+0800: 50.007: [ParNew: 113893K->11267K(115200K), 0.0213473 secs] 240458K->138081K(249344K), 0.0217283 secs] [Times: user=0.07 sys=0.00, real=0.03 secs] 
Heap after GC invocations=44 (full 37):
 par new generation   total 115200K, used 11267K [0x00000000f0000000, 0x00000000f7d00000, 0x00000000f7d00000)
  eden space 102400K,   0% used [0x00000000f0000000, 0x00000000f0000000, 0x00000000f6400000)
  from space 12800K,  88% used [0x00000000f6400000, 0x00000000f6f00ed8, 0x00000000f7080000)
  to   space 12800K,   0% used [0x00000000f7080000, 0x00000000f7080000, 0x00000000f7d00000)
 concurrent mark-sweep generation total 134144K, used 126813K [0x00000000f7d00000, 0x0000000100000000, 0x0000000100000000)
 Metaspace       used 51856K, capacity 54790K, committed 55680K, reserved 1097728K
  class space    used 6333K, capacity 6839K, committed 7040K, reserved 1048576K
}
2023-01-17T04:30:40.473+0800: 50.380: [CMS-concurrent-abortable-preclean: 0.483/0.615 secs] [Times: user=1.54 sys=0.14, real=0.62 secs] 
2023-01-17T04:30:40.480+0800: 50.388: [GC (CMS Final Remark) [YG occupancy: 64594 K (115200 K)]2023-01-17T04:30:40.481+0800: 50.388: [Rescan (parallel) , 0.0273142 secs]2023-01-17T04:30:40.508+0800: 50.416: [weak refs processing, 0.0000523 secs]2023-01-17T04:30:40.508+0800: 50.416: [class unloading, 0.0153727 secs]2023-01-17T04:30:40.523+0800: 50.431: [scrub symbol table, 0.0052857 secs]2023-01-17T04:30:40.529+0800: 50.436: [scrub string table, 0.0008837 secs][1 CMS-remark: 126813K(134144K)] 191407K(249344K), 0.0491650 secs] [Times: user=0.09 sys=0.00, real=0.05 secs] 
2023-01-17T04:30:40.534+0800: 50.441: [CMS-concurrent-sweep-start]
2023-01-17T04:30:40.584+0800: 50.492: [CMS-concurrent-sweep: 0.050/0.050 secs] [Times: user=0.12 sys=0.02, real=0.05 secs] 
2023-01-17T04:30:40.585+0800: 50.493: [CMS-concurrent-reset-start]
2023-01-17T04:30:40.586+0800: 50.493: [CMS-concurrent-reset: 0.001/0.001 secs] [Times: user=0.00 sys=0.00, real=0.00 secs] 
{Heap before GC invocations=44 (full 37):
 par new generation   total 115200K, used 113667K [0x00000000f0000000, 0x00000000f7d00000, 0x00000000f7d00000)
  eden space 102400K, 100% used [0x00000000f0000000, 0x00000000f6400000, 0x00000000f6400000)
  from space 12800K,  88% used [0x00000000f6400000, 0x00000000f6f00ed8, 0x00000000f7080000)
  to   space 12800K,   0% used [0x00000000f7080000, 0x00000000f7080000, 0x00000000f7d00000)
 concurrent mark-sweep generation total 134144K, used 120330K [0x00000000f7d00000, 0x0000000100000000, 0x0000000100000000)
 Metaspace       used 51857K, capacity 54790K, committed 55680K, reserved 1097728K
  class space    used 6334K, capacity 6839K, committed 7040K, reserved 1048576K
2023-01-17T04:30:40.654+0800: 50.561: [GC (Allocation Failure) 2023-01-17T04:30:40.654+0800: 50.562: [ParNew: 113667K->10684K(115200K), 0.0194031 secs] 233997K->131035K(249344K), 0.0197073 secs] [Times: user=0.06 sys=0.00, real=0.02 secs] 
Heap after GC invocations=45 (full 37):
 par new generation   total 115200K, used 10684K [0x00000000f0000000, 0x00000000f7d00000, 0x00000000f7d00000)
  eden space 102400K,   0% used [0x00000000f0000000, 0x00000000f0000000, 0x00000000f6400000)
  from space 12800K,  83% used [0x00000000f7080000, 0x00000000f7aef1a0, 0x00000000f7d00000)
  to   space 12800K,   0% used [0x00000000f6400000, 0x00000000f6400000, 0x00000000f7080000)
 concurrent mark-sweep generation total 134144K, used 120350K [0x00000000f7d00000, 0x0000000100000000, 0x0000000100000000)
 Metaspace       used 51857K, capacity 54790K, committed 55680K, reserved 1097728K
  class space    used 6334K, capacity 6839K, committed 7040K, reserved 1048576K
}
{Heap before GC invocations=45 (full 37):
 par new generation   total 115200K, used 113084K [0x00000000f0000000, 0x00000000f7d00000, 0x00000000f7d00000)
  eden space 102400K, 100% used [0x00000000f0000000, 0x00000000f6400000, 0x00000000f6400000)
  from space 12800K,  83% used [0x00000000f7080000, 0x00000000f7aef1a0, 0x00000000f7d00000)
  to   space 12800K,   0% used [0x00000000f6400000, 0x00000000f6400000, 0x00000000f7080000)
 concurrent mark-sweep generation total 134144K, used 120350K [0x00000000f7d00000, 0x0000000100000000, 0x0000000100000000)
 Metaspace       used 51857K, capacity 54790K, committed 55680K, reserved 1097728K
  class space    used 6334K, capacity 6839K, committed 7040K, reserved 1048576K
2023-01-17T04:30:41.212+0800: 51.119: [GC (Allocation Failure) 2023-01-17T04:30:41.212+0800: 51.120: [ParNew: 113084K->12079K(115200K), 0.0194634 secs] 233435K->132965K(249344K), 0.0198761 secs] [Times: user=0.05 sys=0.00, real=0.02 secs] 
Heap after GC invocations=46 (full 37):
 par new generation   total 115200K, used 12079K [0x00000000f0000000, 0x00000000f7d00000, 0x00000000f7d00000)
  eden space 102400K,   0% used [0x00000000f0000000, 0x00000000f0000000, 0x00000000f6400000)
  from space 12800K,  94% used [0x00000000f6400000, 0x00000000f6fcbf78, 0x00000000f7080000)
  to   space 12800K,   0% used [0x00000000f7080000, 0x00000000f7080000, 0x00000000f7d00000)
 concurrent mark-sweep generation total 134144K, used 120885K [0x00000000f7d00000, 0x0000000100000000, 0x0000000100000000)
 Metaspace       used 51857K, capacity 54790K, committed 55680K, reserved 1097728K
  class space    used 6334K, capacity 6839K, committed 7040K, reserved 1048576K
}
{Heap before GC invocations=46 (full 37):
 par new generation   total 115200K, used 114479K [0x00000000f0000000, 0x00000000f7d00000, 0x00000000f7d00000)
  eden space 102400K, 100% used [0x00000000f0000000, 0x00000000f6400000, 0x00000000f6400000)
  from space 12800K,  94% used [0x00000000f6400000, 0x00000000f6fcbf78, 0x00000000f7080000)
  to   space 12800K,   0% used [0x00000000f7080000, 0x00000000f7080000, 0x00000000f7d00000)
 concurrent mark-sweep generation total 134144K, used 120885K [0x00000000f7d00000, 0x0000000100000000, 0x0000000100000000)
 Metaspace       used 51857K, capacity 54790K, committed 55680K, reserved 1097728K
  class space    used 6334K, capacity 6839K, committed 7040K, reserved 1048576K
2023-01-17T04:30:41.696+0800: 51.604: [GC (Allocation Failure) 2023-01-17T04:30:41.696+0800: 51.604: [ParNew: 114479K->8448K(115200K), 0.0131314 secs] 235365K->129698K(249344K), 0.0134733 secs] [Times: user=0.06 sys=0.00, real=0.02 secs] 
Heap after GC invocations=47 (full 37):
 par new generation   total 115200K, used 8448K [0x00000000f0000000, 0x00000000f7d00000, 0x00000000f7d00000)
  eden space 102400K,   0% used [0x00000000f0000000, 0x00000000f0000000, 0x00000000f6400000)
  from space 12800K,  66% used [0x00000000f7080000, 0x00000000f78c0340, 0x00000000f7d00000)
  to   space 12800K,   0% used [0x00000000f6400000, 0x00000000f6400000, 0x00000000f7080000)
 concurrent mark-sweep generation total 134144K, used 121249K [0x00000000f7d00000, 0x0000000100000000, 0x0000000100000000)
 Metaspace       used 51857K, capacity 54790K, committed 55680K, reserved 1097728K
  class space    used 6334K, capacity 6839K, committed 7040K, reserved 1048576K
}
{Heap before GC invocations=47 (full 37):
 par new generation   total 115200K, used 110848K [0x00000000f0000000, 0x00000000f7d00000, 0x00000000f7d00000)
  eden space 102400K, 100% used [0x00000000f0000000, 0x00000000f6400000, 0x00000000f6400000)
  from space 12800K,  66% used [0x00000000f7080000, 0x00000000f78c0340, 0x00000000f7d00000)
  to   space 12800K,   0% used [0x00000000f6400000, 0x00000000f6400000, 0x00000000f7080000)
 concurrent mark-sweep generation total 134144K, used 121249K [0x00000000f7d00000, 0x0000000100000000, 0x0000000100000000)
 Metaspace       used 51858K, capacity 54790K, committed 55680K, reserved 1097728K
  class space    used 6334K, capacity 6839K, committed 7040K, reserved 1048576K
2023-01-17T04:30:42.188+0800: 52.096: [GC (Allocation Failure) 2023-01-17T04:30:42.188+0800: 52.096: [ParNew: 110848K->10841K(115200K), 0.0132557 secs] 232098K->132442K(249344K), 0.0136031 secs] [Times: user=0.05 sys=0.00, real=0.02 secs] 
Heap after GC invocations=48 (full 37):
 par new generation   total 115200K, used 10841K [0x00000000f0000000, 0x00000000f7d00000, 0x00000000f7d00000)
  eden space 102400K,   0% used [0x00000000f0000000, 0x00000000f0000000, 0x00000000f6400000)
  from space 12800K,  84% used [0x00000000f6400000, 0x00000000f6e96788, 0x00000000f7080000)
  to   space 12800K,   0% used [0x00000000f7080000, 0x00000000f7080000, 0x00000000f7d00000)
 concurrent mark-sweep generation total 134144K, used 121600K [0x00000000f7d00000, 0x0000000100000000, 0x0000000100000000)
 Metaspace       used 51858K, capacity 54790K, committed 55680K, reserved 1097728K
  class space    used 6334K, capacity 6839K, committed 7040K, reserved 1048576K
}
{Heap before GC invocations=48 (full 37):
 par new generation   total 115200K, used 113241K [0x00000000f0000000, 0x00000000f7d00000, 0x00000000f7d00000)
  eden space 102400K, 100% used [0x00000000f0000000, 0x00000000f6400000, 0x00000000f6400000)
  from space 12800K,  84% used [0x00000000f6400000, 0x00000000f6e96788, 0x00000000f7080000)
  to   space 12800K,   0% used [0x00000000f7080000, 0x00000000f7080000, 0x00000000f7d00000)
 concurrent mark-sweep generation total 134144K, used 121600K [0x00000000f7d00000, 0x0000000100000000, 0x0000000100000000)
 Metaspace       used 51858K, capacity 54790K, committed 55680K, reserved 1097728K
  class space    used 6334K, capacity 6839K, committed 7040K, reserved 1048576K
2023-01-17T04:30:42.697+0800: 52.605: [GC (Allocation Failure) 2023-01-17T04:30:42.697+0800: 52.605: [ParNew: 113241K->11727K(115200K), 0.0179624 secs] 234842K->133575K(249344K), 0.0182878 secs] [Times: user=0.05 sys=0.00, real=0.02 secs] 
Heap after GC invocations=49 (full 37):
 par new generation   total 115200K, used 11727K [0x00000000f0000000, 0x00000000f7d00000, 0x00000000f7d00000)
  eden space 102400K,   0% used [0x00000000f0000000, 0x00000000f0000000, 0x00000000f6400000)
  from space 12800K,  91% used [0x00000000f7080000, 0x00000000f7bf3e48, 0x00000000f7d00000)
  to   space 12800K,   0% used [0x00000000f6400000, 0x00000000f6400000, 0x00000000f7080000)
 concurrent mark-sweep generation total 134144K, used 121847K [0x00000000f7d00000, 0x0000000100000000, 0x0000000100000000)
 Metaspace       used 51858K, capacity 54790K, committed 55680K, reserved 1097728K
  class space    used 6334K, capacity 6839K, committed 7040K, reserved 1048576K
}
{Heap before GC invocations=49 (full 37):
 par new generation   total 115200K, used 114127K [0x00000000f0000000, 0x00000000f7d00000, 0x00000000f7d00000)
  eden space 102400K, 100% used [0x00000000f0000000, 0x00000000f6400000, 0x00000000f6400000)
  from space 12800K,  91% used [0x00000000f7080000, 0x00000000f7bf3e48, 0x00000000f7d00000)
  to   space 12800K,   0% used [0x00000000f6400000, 0x00000000f6400000, 0x00000000f7080000)
 concurrent mark-sweep generation total 134144K, used 121847K [0x00000000f7d00000, 0x0000000100000000, 0x0000000100000000)
 Metaspace       used 51861K, capacity 54790K, committed 55680K, reserved 1097728K
  class space    used 6335K, capacity 6839K, committed 7040K, reserved 1048576K
2023-01-17T04:30:43.178+0800: 53.085: [GC (Allocation Failure) 2023-01-17T04:30:43.178+0800: 53.086: [ParNew: 114127K->8540K(115200K), 0.0177968 secs] 235975K->130728K(249344K), 0.0182241 secs] [Times: user=0.06 sys=0.00, real=0.02 secs] 
Heap after GC invocations=50 (full 37):
 par new generation   total 115200K, used 8540K [0x00000000f0000000, 0x00000000f7d00000, 0x00000000f7d00000)
  eden space 102400K,   0% used [0x00000000f0000000, 0x00000000f0000000, 0x00000000f6400000)
  from space 12800K,  66% used [0x00000000f6400000, 0x00000000f6c57050, 0x00000000f7080000)
  to   space 12800K,   0% used [0x00000000f7080000, 0x00000000f7080000, 0x00000000f7d00000)
 concurrent mark-sweep generation total 134144K, used 122188K [0x00000000f7d00000, 0x0000000100000000, 0x0000000100000000)
 Metaspace       used 51861K, capacity 54790K, committed 55680K, reserved 1097728K
  class space    used 6335K, capacity 6839K, committed 7040K, reserved 1048576K
}
{Heap before GC invocations=50 (full 37):
 par new generation   total 115200K, used 110940K [0x00000000f0000000, 0x00000000f7d00000, 0x00000000f7d00000)
  eden space 102400K, 100% used [0x00000000f0000000, 0x00000000f6400000, 0x00000000f6400000)
  from space 12800K,  66% used [0x00000000f6400000, 0x00000000f6c57050, 0x00000000f7080000)
  to   space 12800K,   0% used [0x00000000f7080000, 0x00000000f7080000, 0x00000000f7d00000)
 concurrent mark-sweep generation total 134144K, used 122188K [0x00000000f7d00000, 0x0000000100000000, 0x0000000100000000)
 Metaspace       used 51863K, capacity 54790K, committed 55680K, reserved 1097728K
  class space    used 6335K, capacity 6839K, committed 7040K, reserved 1048576K
2023-01-17T04:30:43.657+0800: 53.565: [GC (Allocation Failure) 2023-01-17T04:30:43.657+0800: 53.565: [ParNew: 110940K->10904K(115200K), 0.0125771 secs] 233128K->133559K(249344K), 0.0129021 secs] [Times: user=0.05 sys=0.00, real=0.02 secs] 
Heap after GC invocations=51 (full 37):
 par new generation   total 115200K, used 10904K [0x00000000f0000000, 0x00000000f7d00000, 0x00000000f7d00000)
  eden space 102400K,   0% used [0x00000000f0000000, 0x00000000f0000000, 0x00000000f6400000)
  from space 12800K,  85% used [0x00000000f7080000, 0x00000000f7b26318, 0x00000000f7d00000)
  to   space 12800K,   0% used [0x00000000f6400000, 0x00000000f6400000, 0x00000000f7080000)
 concurrent mark-sweep generation total 134144K, used 122654K [0x00000000f7d00000, 0x0000000100000000, 0x0000000100000000)
 Metaspace       used 51863K, capacity 54790K, committed 55680K, reserved 1097728K
  class space    used 6335K, capacity 6839K, committed 7040K, reserved 1048576K
}
{Heap before GC invocations=51 (full 37):
 par new generation   total 115200K, used 113304K [0x00000000f0000000, 0x00000000f7d00000, 0x00000000f7d00000)
  eden space 102400K, 100% used [0x00000000f0000000, 0x00000000f6400000, 0x00000000f6400000)
  from space 12800K,  85% used [0x00000000f7080000, 0x00000000f7b26318, 0x00000000f7d00000)
  to   space 12800K,   0% used [0x00000000f6400000, 0x00000000f6400000, 0x00000000f7080000)
 concurrent mark-sweep generation total 134144K, used 122654K [0x00000000f7d00000, 0x0000000100000000, 0x0000000100000000)
 Metaspace       used 51878K, capacity 54790K, committed 55680K, reserved 1097728K
  class space    used 6336K, capacity 6839K, committed 7040K, reserved 1048576K
2023-01-17T04:30:44.122+0800: 54.030: [GC (Allocation Failure) 2023-01-17T04:30:44.122+0800: 54.030: [ParNew: 113304K->8294K(115200K), 0.0354354 secs] 235959K->131336K(249344K), 0.0359527 secs] [Times: user=0.10 sys=0.00, real=0.03 secs] 
Heap after GC invocations=52 (full 37):
 par new generation   total 115200K, used 8294K [0x00000000f0000000, 0x00000000f7d00000, 0x00000000f7d00000)
  eden space 102400K,   0% used [0x00000000f0000000, 0x00000000f0000000, 0x00000000f6400000)
  from space 12800K,  64% used [0x00000000f6400000, 0x00000000f6c199c0, 0x00000000f7080000)
  to   space 12800K,   0% used [0x00000000f7080000, 0x00000000f7080000, 0x00000000f7d00000)
 concurrent mark-sweep generation total 134144K, used 123041K [0x00000000f7d00000, 0x0000000100000000, 0x0000000100000000)
 Metaspace       used 51878K, capacity 54790K, committed 55680K, reserved 1097728K
  class space    used 6336K, capacity 6839K, committed 7040K, reserved 1048576K
}
{Heap before GC invocations=52 (full 37):
 par new generation   total 115200K, used 110694K [0x00000000f0000000, 0x00000000f7d00000, 0x00000000f7d00000)
  eden space 102400K, 100% used [0x00000000f0000000, 0x00000000f6400000, 0x00000000f6400000)
  from space 12800K,  64% used [0x00000000f6400000, 0x00000000f6c199c0, 0x00000000f7080000)
  to   space 12800K,   0% used [0x00000000f7080000, 0x00000000f7080000, 0x00000000f7d00000)
 concurrent mark-sweep generation total 134144K, used 123041K [0x00000000f7d00000, 0x0000000100000000, 0x0000000100000000)
 Metaspace       used 51878K, capacity 54790K, committed 55680K, reserved 1097728K
  class space    used 6336K, capacity 6839K, committed 7040K, reserved 1048576K
2023-01-17T04:30:44.563+0800: 54.471: [GC (Allocation Failure) 2023-01-17T04:30:44.563+0800: 54.471: [ParNew: 110694K->11881K(115200K), 0.0140570 secs] 233736K->135316K(249344K), 0.0144878 secs] [Times: user=0.05 sys=0.00, real=0.01 secs] 
Heap after GC invocations=53 (full 37):
 par new generation   total 115200K, used 11881K [0x00000000f0000000, 0x00000000f7d00000, 0x00000000f7d00000)
  eden space 102400K,   0% used [0x00000000f0000000, 0x00000000f0000000, 0x00000000f6400000)
  from space 12800K,  92% used [0x00000000f7080000, 0x00000000f7c1a438, 0x00000000f7d00000)
  to   space 12800K,   0% used [0x00000000f6400000, 0x00000000f6400000, 0x00000000f7080000)
 concurrent mark-sweep generation total 134144K, used 123435K [0x00000000f7d00000, 0x0000000100000000, 0x0000000100000000)
 Metaspace       used 51878K, capacity 54790K, committed 55680K, reserved 1097728K
  class space    used 6336K, capacity 6839K, committed 7040K, reserved 1048576K
}
2023-01-17T04:30:44.581+0800: 54.489: [GC (CMS Initial Mark) [1 CMS-initial-mark: 123435K(134144K)] 135467K(249344K), 0.0045799 secs] [Times: user=0.01 sys=0.00, real=0.00 secs] 
2023-01-17T04:30:44.586+0800: 54.494: [CMS-concurrent-mark-start]
2023-01-17T04:30:44.637+0800: 54.545: [CMS-concurrent-mark: 0.051/0.051 secs] [Times: user=0.12 sys=0.00, real=0.05 secs] 
2023-01-17T04:30:44.638+0800: 54.545: [CMS-concurrent-preclean-start]
2023-01-17T04:30:44.640+0800: 54.548: [CMS-concurrent-preclean: 0.002/0.002 secs] [Times: user=0.00 sys=0.00, real=0.01 secs] 
2023-01-17T04:30:44.640+0800: 54.548: [CMS-concurrent-abortable-preclean-start]
2023-01-17T04:30:44.863+0800: 54.771: [CMS-concurrent-abortable-preclean: 0.222/0.223 secs] [Times: user=0.39 sys=0.04, real=0.22 secs] 
2023-01-17T04:30:44.867+0800: 54.775: [GC (CMS Final Remark) [YG occupancy: 67455 K (115200 K)]2023-01-17T04:30:44.868+0800: 54.775: [Rescan (parallel) , 0.0250677 secs]2023-01-17T04:30:44.893+0800: 54.800: [weak refs processing, 0.0000534 secs]2023-01-17T04:30:44.893+0800: 54.801: [class unloading, 0.0135170 secs]2023-01-17T04:30:44.906+0800: 54.814: [scrub symbol table, 0.0052133 secs]2023-01-17T04:30:44.912+0800: 54.819: [scrub string table, 0.0008969 secs][1 CMS-remark: 123435K(134144K)] 190891K(249344K), 0.0449581 secs] [Times: user=0.08 sys=0.00, real=0.05 secs] 
2023-01-17T04:30:44.913+0800: 54.821: [CMS-concurrent-sweep-start]
2023-01-17T04:30:44.936+0800: 54.844: [CMS-concurrent-sweep: 0.024/0.024 secs] [Times: user=0.08 sys=0.00, real=0.02 secs] 
2023-01-17T04:30:44.937+0800: 54.845: [CMS-concurrent-reset-start]
2023-01-17T04:30:44.937+0800: 54.845: [CMS-concurrent-reset: 0.000/0.000 secs] [Times: user=0.00 sys=0.00, real=0.00 secs] 
{Heap before GC invocations=53 (full 38):
 par new generation   total 115200K, used 114281K [0x00000000f0000000, 0x00000000f7d00000, 0x00000000f7d00000)
  eden space 102400K, 100% used [0x00000000f0000000, 0x00000000f6400000, 0x00000000f6400000)
  from space 12800K,  92% used [0x00000000f7080000, 0x00000000f7c1a438, 0x00000000f7d00000)
  to   space 12800K,   0% used [0x00000000f6400000, 0x00000000f6400000, 0x00000000f7080000)
 concurrent mark-sweep generation total 134144K, used 119992K [0x00000000f7d00000, 0x0000000100000000, 0x0000000100000000)
 Metaspace       used 51879K, capacity 54790K, committed 55680K, reserved 1097728K
  class space    used 6336K, capacity 6839K, committed 7040K, reserved 1048576K
2023-01-17T04:30:45.003+0800: 54.911: [GC (Allocation Failure) 2023-01-17T04:30:45.003+0800: 54.911: [ParNew: 114281K->9586K(115200K), 0.0156670 secs] 234273K->129950K(249344K), 0.0159632 secs] [Times: user=0.05 sys=0.00, real=0.01 secs] 
Heap after GC invocations=54 (full 38):
 par new generation   total 115200K, used 9586K [0x00000000f0000000, 0x00000000f7d00000, 0x00000000f7d00000)
  eden space 102400K,   0% used [0x00000000f0000000, 0x00000000f0000000, 0x00000000f6400000)
  from space 12800K,  74% used [0x00000000f6400000, 0x00000000f6d5c958, 0x00000000f7080000)
  to   space 12800K,   0% used [0x00000000f7080000, 0x00000000f7080000, 0x00000000f7d00000)
 concurrent mark-sweep generation total 134144K, used 120364K [0x00000000f7d00000, 0x0000000100000000, 0x0000000100000000)
 Metaspace       used 51879K, capacity 54790K, committed 55680K, reserved 1097728K
  class space    used 6336K, capacity 6839K, committed 7040K, reserved 1048576K
}
{Heap before GC invocations=54 (full 38):
 par new generation   total 115200K, used 111986K [0x00000000f0000000, 0x00000000f7d00000, 0x00000000f7d00000)
  eden space 102400K, 100% used [0x00000000f0000000, 0x00000000f6400000, 0x00000000f6400000)
  from space 12800K,  74% used [0x00000000f6400000, 0x00000000f6d5c958, 0x00000000f7080000)
  to   space 12800K,   0% used [0x00000000f7080000, 0x00000000f7080000, 0x00000000f7d00000)
 concurrent mark-sweep generation total 134144K, used 120364K [0x00000000f7d00000, 0x0000000100000000, 0x0000000100000000)
 Metaspace       used 51880K, capacity 54790K, committed 55680K, reserved 1097728K
  class space    used 6336K, capacity 6839K, committed 7040K, reserved 1048576K
2023-01-17T04:30:45.503+0800: 55.410: [GC (Allocation Failure) 2023-01-17T04:30:45.503+0800: 55.411: [ParNew: 111986K->10850K(115200K), 0.0281451 secs] 232350K->131305K(249344K), 0.0286054 secs] [Times: user=0.05 sys=0.00, real=0.03 secs] 
Heap after GC invocations=55 (full 38):
 par new generation   total 115200K, used 10850K [0x00000000f0000000, 0x00000000f7d00000, 0x00000000f7d00000)
  eden space 102400K,   0% used [0x00000000f0000000, 0x00000000f0000000, 0x00000000f6400000)
  from space 12800K,  84% used [0x00000000f7080000, 0x00000000f7b18b10, 0x00000000f7d00000)
  to   space 12800K,   0% used [0x00000000f6400000, 0x00000000f6400000, 0x00000000f7080000)
 concurrent mark-sweep generation total 134144K, used 120454K [0x00000000f7d00000, 0x0000000100000000, 0x0000000100000000)
 Metaspace       used 51880K, capacity 54790K, committed 55680K, reserved 1097728K
  class space    used 6336K, capacity 6839K, committed 7040K, reserved 1048576K
}
{Heap before GC invocations=55 (full 38):
 par new generation   total 115200K, used 113250K [0x00000000f0000000, 0x00000000f7d00000, 0x00000000f7d00000)
  eden space 102400K, 100% used [0x00000000f0000000, 0x00000000f6400000, 0x00000000f6400000)
  from space 12800K,  84% used [0x00000000f7080000, 0x00000000f7b18b10, 0x00000000f7d00000)
  to   space 12800K,   0% used [0x00000000f6400000, 0x00000000f6400000, 0x00000000f7080000)
 concurrent mark-sweep generation total 134144K, used 120454K [0x00000000f7d00000, 0x0000000100000000, 0x0000000100000000)
 Metaspace       used 51882K, capacity 54790K, committed 55680K, reserved 1097728K
  class space    used 6336K, capacity 6839K, committed 7040K, reserved 1048576K
2023-01-17T04:30:46.036+0800: 55.944: [GC (Allocation Failure) 2023-01-17T04:30:46.037+0800: 55.944: [ParNew: 113250K->11888K(115200K), 0.0127351 secs] 233705K->132655K(249344K), 0.0130440 secs] [Times: user=0.05 sys=0.00, real=0.02 secs] 
Heap after GC invocations=56 (full 38):
 par new generation   total 115200K, used 11888K [0x00000000f0000000, 0x00000000f7d00000, 0x00000000f7d00000)
  eden space 102400K,   0% used [0x00000000f0000000, 0x00000000f0000000, 0x00000000f6400000)
  from space 12800K,  92% used [0x00000000f6400000, 0x00000000f6f9c3d0, 0x00000000f7080000)
  to   space 12800K,   0% used [0x00000000f7080000, 0x00000000f7080000, 0x00000000f7d00000)
 concurrent mark-sweep generation total 134144K, used 120766K [0x00000000f7d00000, 0x0000000100000000, 0x0000000100000000)
 Metaspace       used 51882K, capacity 54790K, committed 55680K, reserved 1097728K
  class space    used 6336K, capacity 6839K, committed 7040K, reserved 1048576K
}
{Heap before GC invocations=56 (full 38):
 par new generation   total 115200K, used 114288K [0x00000000f0000000, 0x00000000f7d00000, 0x00000000f7d00000)
  eden space 102400K, 100% used [0x00000000f0000000, 0x00000000f6400000, 0x00000000f6400000)
  from space 12800K,  92% used [0x00000000f6400000, 0x00000000f6f9c3d0, 0x00000000f7080000)
  to   space 12800K,   0% used [0x00000000f7080000, 0x00000000f7080000, 0x00000000f7d00000)
 concurrent mark-sweep generation total 134144K, used 120766K [0x00000000f7d00000, 0x0000000100000000, 0x0000000100000000)
 Metaspace       used 51883K, capacity 54790K, committed 55680K, reserved 1097728K
  class space    used 6336K, capacity 6839K, committed 7040K, reserved 1048576K
2023-01-17T04:30:46.505+0800: 56.413: [GC (Allocation Failure) 2023-01-17T04:30:46.506+0800: 56.413: [ParNew: 114288K->8571K(115200K), 0.0122374 secs] 235055K->129641K(249344K), 0.0125430 secs] [Times: user=0.04 sys=0.00, real=0.01 secs] 
Heap after GC invocations=57 (full 38):
 par new generation   total 115200K, used 8571K [0x00000000f0000000, 0x00000000f7d00000, 0x00000000f7d00000)
  eden space 102400K,   0% used [0x00000000f0000000, 0x00000000f0000000, 0x00000000f6400000)
  from space 12800K,  66% used [0x00000000f7080000, 0x00000000f78ded80, 0x00000000f7d00000)
  to   space 12800K,   0% used [0x00000000f6400000, 0x00000000f6400000, 0x00000000f7080000)
 concurrent mark-sweep generation total 134144K, used 121070K [0x00000000f7d00000, 0x0000000100000000, 0x0000000100000000)
 Metaspace       used 51883K, capacity 54790K, committed 55680K, reserved 1097728K
  class space    used 6336K, capacity 6839K, committed 7040K, reserved 1048576K
}
{Heap before GC invocations=57 (full 38):
 par new generation   total 115200K, used 110971K [0x00000000f0000000, 0x00000000f7d00000, 0x00000000f7d00000)
  eden space 102400K, 100% used [0x00000000f0000000, 0x00000000f6400000, 0x00000000f6400000)
  from space 12800K,  66% used [0x00000000f7080000, 0x00000000f78ded80, 0x00000000f7d00000)
  to   space 12800K,   0% used [0x00000000f6400000, 0x00000000f6400000, 0x00000000f7080000)
 concurrent mark-sweep generation total 134144K, used 121070K [0x00000000f7d00000, 0x0000000100000000, 0x0000000100000000)
 Metaspace       used 51884K, capacity 54790K, committed 55680K, reserved 1097728K
  class space    used 6336K, capacity 6839K, committed 7040K, reserved 1048576K
2023-01-17T04:30:46.998+0800: 56.906: [GC (Allocation Failure) 2023-01-17T04:30:46.999+0800: 56.906: [ParNew: 110971K->10975K(115200K), 0.0188984 secs] 232041K->132391K(249344K), 0.0193357 secs] [Times: user=0.06 sys=0.00, real=0.02 secs] 
Heap after GC invocations=58 (full 38):
 par new generation   total 115200K, used 10975K [0x00000000f0000000, 0x00000000f7d00000, 0x00000000f7d00000)
  eden space 102400K,   0% used [0x00000000f0000000, 0x00000000f0000000, 0x00000000f6400000)
  from space 12800K,  85% used [0x00000000f6400000, 0x00000000f6eb7c10, 0x00000000f7080000)
  to   space 12800K,   0% used [0x00000000f7080000, 0x00000000f7080000, 0x00000000f7d00000)
 concurrent mark-sweep generation total 134144K, used 121416K [0x00000000f7d00000, 0x0000000100000000, 0x0000000100000000)
 Metaspace       used 51884K, capacity 54790K, committed 55680K, reserved 1097728K
  class space    used 6336K, capacity 6839K, committed 7040K, reserved 1048576K
}
{Heap before GC invocations=58 (full 38):
 par new generation   total 115200K, used 113375K [0x00000000f0000000, 0x00000000f7d00000, 0x00000000f7d00000)
  eden space 102400K, 100% used [0x00000000f0000000, 0x00000000f6400000, 0x00000000f6400000)
  from space 12800K,  85% used [0x00000000f6400000, 0x00000000f6eb7c10, 0x00000000f7080000)
  to   space 12800K,   0% used [0x00000000f7080000, 0x00000000f7080000, 0x00000000f7d00000)
 concurrent mark-sweep generation total 134144K, used 121416K [0x00000000f7d00000, 0x0000000100000000, 0x0000000100000000)
 Metaspace       used 51884K, capacity 54790K, committed 55680K, reserved 1097728K
  class space    used 6336K, capacity 6839K, committed 7040K, reserved 1048576K
2023-01-17T04:30:47.485+0800: 57.393: [GC (Allocation Failure) 2023-01-17T04:30:47.486+0800: 57.394: [ParNew: 113375K->11803K(115200K), 0.0123676 secs] 234791K->133573K(249344K), 0.0126746 secs] [Times: user=0.05 sys=0.00, real=0.01 secs] 
Heap after GC invocations=59 (full 38):
 par new generation   total 115200K, used 11803K [0x00000000f0000000, 0x00000000f7d00000, 0x00000000f7d00000)
  eden space 102400K,   0% used [0x00000000f0000000, 0x00000000f0000000, 0x00000000f6400000)
  from space 12800K,  92% used [0x00000000f7080000, 0x00000000f7c06de8, 0x00000000f7d00000)
  to   space 12800K,   0% used [0x00000000f6400000, 0x00000000f6400000, 0x00000000f7080000)
 concurrent mark-sweep generation total 134144K, used 121770K [0x00000000f7d00000, 0x0000000100000000, 0x0000000100000000)
 Metaspace       used 51884K, capacity 54790K, committed 55680K, reserved 1097728K
  class space    used 6336K, capacity 6839K, committed 7040K, reserved 1048576K
}
{Heap before GC invocations=59 (full 38):
 par new generation   total 115200K, used 114203K [0x00000000f0000000, 0x00000000f7d00000, 0x00000000f7d00000)
  eden space 102400K, 100% used [0x00000000f0000000, 0x00000000f6400000, 0x00000000f6400000)
  from space 12800K,  92% used [0x00000000f7080000, 0x00000000f7c06de8, 0x00000000f7d00000)
  to   space 12800K,   0% used [0x00000000f6400000, 0x00000000f6400000, 0x00000000f7080000)
 concurrent mark-sweep generation total 134144K, used 121770K [0x00000000f7d00000, 0x0000000100000000, 0x0000000100000000)
 Metaspace       used 51884K, capacity 54790K, committed 55680K, reserved 1097728K
  class space    used 6336K, capacity 6839K, committed 7040K, reserved 1048576K
2023-01-17T04:30:47.979+0800: 57.887: [GC (Allocation Failure) 2023-01-17T04:30:47.979+0800: 57.887: [ParNew: 114203K->9585K(115200K), 0.0172704 secs] 235973K->131709K(249344K), 0.0177144 secs] [Times: user=0.05 sys=0.00, real=0.02 secs] 
Heap after GC invocations=60 (full 38):
 par new generation   total 115200K, used 9585K [0x00000000f0000000, 0x00000000f7d00000, 0x00000000f7d00000)
  eden space 102400K,   0% used [0x00000000f0000000, 0x00000000f0000000, 0x00000000f6400000)
  from space 12800K,  74% used [0x00000000f6400000, 0x00000000f6d5c400, 0x00000000f7080000)
  to   space 12800K,   0% used [0x00000000f7080000, 0x00000000f7080000, 0x00000000f7d00000)
 concurrent mark-sweep generation total 134144K, used 122124K [0x00000000f7d00000, 0x0000000100000000, 0x0000000100000000)
 Metaspace       used 51884K, capacity 54790K, committed 55680K, reserved 1097728K
  class space    used 6336K, capacity 6839K, committed 7040K, reserved 1048576K
}
{Heap before GC invocations=60 (full 38):
 par new generation   total 115200K, used 111985K [0x00000000f0000000, 0x00000000f7d00000, 0x00000000f7d00000)
  eden space 102400K, 100% used [0x00000000f0000000, 0x00000000f6400000, 0x00000000f6400000)
  from space 12800K,  74% used [0x00000000f6400000, 0x00000000f6d5c400, 0x00000000f7080000)
  to   space 12800K,   0% used [0x00000000f7080000, 0x00000000f7080000, 0x00000000f7d00000)
 concurrent mark-sweep generation total 134144K, used 122124K [0x00000000f7d00000, 0x0000000100000000, 0x0000000100000000)
 Metaspace       used 51884K, capacity 54790K, committed 55680K, reserved 1097728K
  class space    used 6336K, capacity 6839K, committed 7040K, reserved 1048576K
2023-01-17T04:30:48.470+0800: 58.378: [GC (Allocation Failure) 2023-01-17T04:30:48.470+0800: 58.378: [ParNew: 111985K->10858K(115200K), 0.0164291 secs] 234109K->133333K(249344K), 0.0167599 secs] [Times: user=0.05 sys=0.00, real=0.01 secs] 
Heap after GC invocations=61 (full 38):
 par new generation   total 115200K, used 10858K [0x00000000f0000000, 0x00000000f7d00000, 0x00000000f7d00000)
  eden space 102400K,   0% used [0x00000000f0000000, 0x00000000f0000000, 0x00000000f6400000)
  from space 12800K,  84% used [0x00000000f7080000, 0x00000000f7b1a9e8, 0x00000000f7d00000)
  to   space 12800K,   0% used [0x00000000f6400000, 0x00000000f6400000, 0x00000000f7080000)
 concurrent mark-sweep generation total 134144K, used 122475K [0x00000000f7d00000, 0x0000000100000000, 0x0000000100000000)
 Metaspace       used 51884K, capacity 54790K, committed 55680K, reserved 1097728K
  class space    used 6336K, capacity 6839K, committed 7040K, reserved 1048576K
}
{Heap before GC invocations=61 (full 38):
 par new generation   total 115200K, used 113258K [0x00000000f0000000, 0x00000000f7d00000, 0x00000000f7d00000)
  eden space 102400K, 100% used [0x00000000f0000000, 0x00000000f6400000, 0x00000000f6400000)
  from space 12800K,  84% used [0x00000000f7080000, 0x00000000f7b1a9e8, 0x00000000f7d00000)
  to   space 12800K,   0% used [0x00000000f6400000, 0x00000000f6400000, 0x00000000f7080000)
 concurrent mark-sweep generation total 134144K, used 122475K [0x00000000f7d00000, 0x0000000100000000, 0x0000000100000000)
 Metaspace       used 51884K, capacity 54790K, committed 55680K, reserved 1097728K
  class space    used 6336K, capacity 6839K, committed 7040K, reserved 1048576K
2023-01-17T04:30:48.963+0800: 58.871: [GC (Allocation Failure) 2023-01-17T04:30:48.963+0800: 58.871: [ParNew: 113258K->11741K(115200K), 0.0176800 secs] 235733K->134554K(249344K), 0.0181040 secs] [Times: user=0.05 sys=0.01, real=0.02 secs] 
Heap after GC invocations=62 (full 38):
 par new generation   total 115200K, used 11741K [0x00000000f0000000, 0x00000000f7d00000, 0x00000000f7d00000)
  eden space 102400K,   0% used [0x00000000f0000000, 0x00000000f0000000, 0x00000000f6400000)
  from space 12800K,  91% used [0x00000000f6400000, 0x00000000f6f77450, 0x00000000f7080000)
  to   space 12800K,   0% used [0x00000000f7080000, 0x00000000f7080000, 0x00000000f7d00000)
 concurrent mark-sweep generation total 134144K, used 122813K [0x00000000f7d00000, 0x0000000100000000, 0x0000000100000000)
 Metaspace       used 51884K, capacity 54790K, committed 55680K, reserved 1097728K
  class space    used 6336K, capacity 6839K, committed 7040K, reserved 1048576K
}
{Heap before GC invocations=62 (full 38):
 par new generation   total 115200K, used 114141K [0x00000000f0000000, 0x00000000f7d00000, 0x00000000f7d00000)
  eden space 102400K,  99% used [0x00000000f0000000, 0x00000000f63ffff8, 0x00000000f6400000)
  from space 12800K,  91% used [0x00000000f6400000, 0x00000000f6f77450, 0x00000000f7080000)
  to   space 12800K,   0% used [0x00000000f7080000, 0x00000000f7080000, 0x00000000f7d00000)
 concurrent mark-sweep generation total 134144K, used 122813K [0x00000000f7d00000, 0x0000000100000000, 0x0000000100000000)
 Metaspace       used 51884K, capacity 54790K, committed 55680K, reserved 1097728K
  class space    used 6336K, capacity 6839K, committed 7040K, reserved 1048576K
2023-01-17T04:30:49.374+0800: 59.282: [GC (Allocation Failure) 2023-01-17T04:30:49.374+0800: 59.282: [ParNew: 114141K->8511K(115200K), 0.0124762 secs] 236954K->131694K(249344K), 0.0128115 secs] [Times: user=0.05 sys=0.00, real=0.01 secs] 
Heap after GC invocations=63 (full 38):
 par new generation   total 115200K, used 8511K [0x00000000f0000000, 0x00000000f7d00000, 0x00000000f7d00000)
  eden space 102400K,   0% used [0x00000000f0000000, 0x00000000f0000000, 0x00000000f6400000)
  from space 12800K,  66% used [0x00000000f7080000, 0x00000000f78cfea8, 0x00000000f7d00000)
  to   space 12800K,   0% used [0x00000000f6400000, 0x00000000f6400000, 0x00000000f7080000)
 concurrent mark-sweep generation total 134144K, used 123182K [0x00000000f7d00000, 0x0000000100000000, 0x0000000100000000)
 Metaspace       used 51884K, capacity 54790K, committed 55680K, reserved 1097728K
  class space    used 6336K, capacity 6839K, committed 7040K, reserved 1048576K
}
{Heap before GC invocations=63 (full 38):
 par new generation   total 115200K, used 110911K [0x00000000f0000000, 0x00000000f7d00000, 0x00000000f7d00000)
  eden space 102400K, 100% used [0x00000000f0000000, 0x00000000f6400000, 0x00000000f6400000)
  from space 12800K,  66% used [0x00000000f7080000, 0x00000000f78cfea8, 0x00000000f7d00000)
  to   space 12800K,   0% used [0x00000000f6400000, 0x00000000f6400000, 0x00000000f7080000)
 concurrent mark-sweep generation total 134144K, used 123182K [0x00000000f7d00000, 0x0000000100000000, 0x0000000100000000)
 Metaspace       used 51884K, capacity 54790K, committed 55680K, reserved 1097728K
  class space    used 6336K, capacity 6839K, committed 7040K, reserved 1048576K
2023-01-17T04:30:49.850+0800: 59.758: [GC (Allocation Failure) 2023-01-17T04:30:49.850+0800: 59.758: [ParNew: 110911K->12415K(115200K), 0.0234591 secs] 234094K->135948K(249344K), 0.0238190 secs] [Times: user=0.09 sys=0.00, real=0.02 secs] 
Heap after GC invocations=64 (full 38):
 par new generation   total 115200K, used 12415K [0x00000000f0000000, 0x00000000f7d00000, 0x00000000f7d00000)
  eden space 102400K,   0% used [0x00000000f0000000, 0x00000000f0000000, 0x00000000f6400000)
  from space 12800K,  96% used [0x00000000f6400000, 0x00000000f701fe40, 0x00000000f7080000)
  to   space 12800K,   0% used [0x00000000f7080000, 0x00000000f7080000, 0x00000000f7d00000)
 concurrent mark-sweep generation total 134144K, used 123532K [0x00000000f7d00000, 0x0000000100000000, 0x0000000100000000)
 Metaspace       used 51884K, capacity 54790K, committed 55680K, reserved 1097728K
  class space    used 6336K, capacity 6839K, committed 7040K, reserved 1048576K
}
2023-01-17T04:30:49.878+0800: 59.786: [GC (CMS Initial Mark) [1 CMS-initial-mark: 123532K(134144K)] 135975K(249344K), 0.0066498 secs] [Times: user=0.01 sys=0.00, real=0.01 secs] 
2023-01-17T04:30:49.885+0800: 59.792: [CMS-concurrent-mark-start]
2023-01-17T04:30:49.936+0800: 59.844: [CMS-concurrent-mark: 0.052/0.052 secs] [Times: user=0.09 sys=0.01, real=0.05 secs] 
2023-01-17T04:30:49.937+0800: 59.844: [CMS-concurrent-preclean-start]
2023-01-17T04:30:49.940+0800: 59.847: [CMS-concurrent-preclean: 0.003/0.003 secs] [Times: user=0.00 sys=0.00, real=0.01 secs] 
2023-01-17T04:30:49.940+0800: 59.848: [CMS-concurrent-abortable-preclean-start]
2023-01-17T04:30:50.095+0800: 60.003: [CMS-concurrent-abortable-preclean: 0.154/0.155 secs] [Times: user=0.31 sys=0.04, real=0.15 secs] 
2023-01-17T04:30:50.099+0800: 60.007: [GC (CMS Final Remark) [YG occupancy: 68857 K (115200 K)]2023-01-17T04:30:50.099+0800: 60.007: [Rescan (parallel) , 0.0173071 secs]2023-01-17T04:30:50.116+0800: 60.024: [weak refs processing, 0.0000432 secs]2023-01-17T04:30:50.116+0800: 60.024: [class unloading, 0.0131362 secs]2023-01-17T04:30:50.129+0800: 60.037: [scrub symbol table, 0.0051007 secs]2023-01-17T04:30:50.135+0800: 60.042: [scrub string table, 0.0008511 secs][1 CMS-remark: 123532K(134144K)] 192390K(249344K), 0.0366103 secs] [Times: user=0.08 sys=0.01, real=0.04 secs] 
2023-01-17T04:30:50.136+0800: 60.044: [CMS-concurrent-sweep-start]
2023-01-17T04:30:50.156+0800: 60.063: [CMS-concurrent-sweep: 0.020/0.020 secs] [Times: user=0.05 sys=0.00, real=0.02 secs] 
2023-01-17T04:30:50.156+0800: 60.064: [CMS-concurrent-reset-start]
2023-01-17T04:30:50.156+0800: 60.064: [CMS-concurrent-reset: 0.000/0.000 secs] [Times: user=0.00 sys=0.00, real=0.00 secs] 
{Heap before GC invocations=64 (full 39):
 par new generation   total 115200K, used 114815K [0x00000000f0000000, 0x00000000f7d00000, 0x00000000f7d00000)
  eden space 102400K, 100% used [0x00000000f0000000, 0x00000000f6400000, 0x00000000f6400000)
  from space 12800K,  96% used [0x00000000f6400000, 0x00000000f701fe40, 0x00000000f7080000)
  to   space 12800K,   0% used [0x00000000f7080000, 0x00000000f7080000, 0x00000000f7d00000)
 concurrent mark-sweep generation total 134144K, used 119971K [0x00000000f7d00000, 0x0000000100000000, 0x0000000100000000)
 Metaspace       used 51884K, capacity 54790K, committed 55680K, reserved 1097728K
  class space    used 6336K, capacity 6839K, committed 7040K, reserved 1048576K
2023-01-17T04:30:50.332+0800: 60.239: [GC (Allocation Failure) 2023-01-17T04:30:50.332+0800: 60.240: [ParNew: 114815K->9283K(115200K), 0.0141417 secs] 234787K->129602K(249344K), 0.0144793 secs] [Times: user=0.04 sys=0.00, real=0.01 secs] 
Heap after GC invocations=65 (full 39):
 par new generation   total 115200K, used 9283K [0x00000000f0000000, 0x00000000f7d00000, 0x00000000f7d00000)
  eden space 102400K,   0% used [0x00000000f0000000, 0x00000000f0000000, 0x00000000f6400000)
  from space 12800K,  72% used [0x00000000f7080000, 0x00000000f7990c08, 0x00000000f7d00000)
  to   space 12800K,   0% used [0x00000000f6400000, 0x00000000f6400000, 0x00000000f7080000)
 concurrent mark-sweep generation total 134144K, used 120319K [0x00000000f7d00000, 0x0000000100000000, 0x0000000100000000)
 Metaspace       used 51884K, capacity 54790K, committed 55680K, reserved 1097728K
  class space    used 6336K, capacity 6839K, committed 7040K, reserved 1048576K
}
{Heap before GC invocations=65 (full 39):
 par new generation   total 115200K, used 111683K [0x00000000f0000000, 0x00000000f7d00000, 0x00000000f7d00000)
  eden space 102400K, 100% used [0x00000000f0000000, 0x00000000f6400000, 0x00000000f6400000)
  from space 12800K,  72% used [0x00000000f7080000, 0x00000000f7990c08, 0x00000000f7d00000)
  to   space 12800K,   0% used [0x00000000f6400000, 0x00000000f6400000, 0x00000000f7080000)
 concurrent mark-sweep generation total 134144K, used 120319K [0x00000000f7d00000, 0x0000000100000000, 0x0000000100000000)
 Metaspace       used 51885K, capacity 54790K, committed 55680K, reserved 1097728K
  class space    used 6336K, capacity 6839K, committed 7040K, reserved 1048576K
2023-01-17T04:30:50.817+0800: 60.725: [GC (Allocation Failure) 2023-01-17T04:30:50.817+0800: 60.725: [ParNew: 111683K->10816K(115200K), 0.0125721 secs] 232002K->131494K(249344K), 0.0129179 secs] [Times: user=0.05 sys=0.00, real=0.02 secs] 
Heap after GC invocations=66 (full 39):
 par new generation   total 115200K, used 10816K [0x00000000f0000000, 0x00000000f7d00000, 0x00000000f7d00000)
  eden space 102400K,   0% used [0x00000000f0000000, 0x00000000f0000000, 0x00000000f6400000)
  from space 12800K,  84% used [0x00000000f6400000, 0x00000000f6e90028, 0x00000000f7080000)
  to   space 12800K,   0% used [0x00000000f7080000, 0x00000000f7080000, 0x00000000f7d00000)
 concurrent mark-sweep generation total 134144K, used 120678K [0x00000000f7d00000, 0x0000000100000000, 0x0000000100000000)
 Metaspace       used 51885K, capacity 54790K, committed 55680K, reserved 1097728K
  class space    used 6336K, capacity 6839K, committed 7040K, reserved 1048576K
}
{Heap before GC invocations=66 (full 39):
 par new generation   total 115200K, used 113216K [0x00000000f0000000, 0x00000000f7d00000, 0x00000000f7d00000)
  eden space 102400K, 100% used [0x00000000f0000000, 0x00000000f6400000, 0x00000000f6400000)
  from space 12800K,  84% used [0x00000000f6400000, 0x00000000f6e90028, 0x00000000f7080000)
  to   space 12800K,   0% used [0x00000000f7080000, 0x00000000f7080000, 0x00000000f7d00000)
 concurrent mark-sweep generation total 134144K, used 120678K [0x00000000f7d00000, 0x0000000100000000, 0x0000000100000000)
 Metaspace       used 51885K, capacity 54790K, committed 55680K, reserved 1097728K
  class space    used 6336K, capacity 6839K, committed 7040K, reserved 1048576K
2023-01-17T04:30:51.294+0800: 61.202: [GC (Allocation Failure) 2023-01-17T04:30:51.294+0800: 61.202: [ParNew: 113216K->11705K(115200K), 0.0122520 secs] 233894K->132747K(249344K), 0.0125569 secs] [Times: user=0.05 sys=0.00, real=0.01 secs] 
Heap after GC invocations=67 (full 39):
 par new generation   total 115200K, used 11705K [0x00000000f0000000, 0x00000000f7d00000, 0x00000000f7d00000)
  eden space 102400K,   0% used [0x00000000f0000000, 0x00000000f0000000, 0x00000000f6400000)
  from space 12800K,  91% used [0x00000000f7080000, 0x00000000f7bee460, 0x00000000f7d00000)
  to   space 12800K,   0% used [0x00000000f6400000, 0x00000000f6400000, 0x00000000f7080000)
 concurrent mark-sweep generation total 134144K, used 121042K [0x00000000f7d00000, 0x0000000100000000, 0x0000000100000000)
 Metaspace       used 51885K, capacity 54790K, committed 55680K, reserved 1097728K
  class space    used 6336K, capacity 6839K, committed 7040K, reserved 1048576K
}
{Heap before GC invocations=67 (full 39):
 par new generation   total 115200K, used 114105K [0x00000000f0000000, 0x00000000f7d00000, 0x00000000f7d00000)
  eden space 102400K, 100% used [0x00000000f0000000, 0x00000000f6400000, 0x00000000f6400000)
  from space 12800K,  91% used [0x00000000f7080000, 0x00000000f7bee460, 0x00000000f7d00000)
  to   space 12800K,   0% used [0x00000000f6400000, 0x00000000f6400000, 0x00000000f7080000)
 concurrent mark-sweep generation total 134144K, used 121042K [0x00000000f7d00000, 0x0000000100000000, 0x0000000100000000)
 Metaspace       used 51885K, capacity 54790K, committed 55680K, reserved 1097728K
  class space    used 6336K, capacity 6839K, committed 7040K, reserved 1048576K
2023-01-17T04:30:51.776+0800: 61.684: [GC (Allocation Failure) 2023-01-17T04:30:51.776+0800: 61.684: [ParNew: 114105K->8504K(115200K), 0.0247522 secs] 235147K->129892K(249344K), 0.0251000 secs] [Times: user=0.07 sys=0.01, real=0.03 secs] 
Heap after GC invocations=68 (full 39):
 par new generation   total 115200K, used 8504K [0x00000000f0000000, 0x00000000f7d00000, 0x00000000f7d00000)
  eden space 102400K,   0% used [0x00000000f0000000, 0x00000000f0000000, 0x00000000f6400000)
  from space 12800K,  66% used [0x00000000f6400000, 0x00000000f6c4e200, 0x00000000f7080000)
  to   space 12800K,   0% used [0x00000000f7080000, 0x00000000f7080000, 0x00000000f7d00000)
 concurrent mark-sweep generation total 134144K, used 121388K [0x00000000f7d00000, 0x0000000100000000, 0x0000000100000000)
 Metaspace       used 51885K, capacity 54790K, committed 55680K, reserved 1097728K
  class space    used 6336K, capacity 6839K, committed 7040K, reserved 1048576K
}
{Heap before GC invocations=68 (full 39):
 par new generation   total 115200K, used 110904K [0x00000000f0000000, 0x00000000f7d00000, 0x00000000f7d00000)
  eden space 102400K, 100% used [0x00000000f0000000, 0x00000000f6400000, 0x00000000f6400000)
  from space 12800K,  66% used [0x00000000f6400000, 0x00000000f6c4e200, 0x00000000f7080000)
  to   space 12800K,   0% used [0x00000000f7080000, 0x00000000f7080000, 0x00000000f7d00000)
 concurrent mark-sweep generation total 134144K, used 121388K [0x00000000f7d00000, 0x0000000100000000, 0x0000000100000000)
 Metaspace       used 51887K, capacity 54790K, committed 55680K, reserved 1097728K
  class space    used 6336K, capacity 6839K, committed 7040K, reserved 1048576K
2023-01-17T04:30:52.250+0800: 62.158: [GC (Allocation Failure) 2023-01-17T04:30:52.250+0800: 62.158: [ParNew: 110904K->10870K(115200K), 0.0121756 secs] 232292K->132622K(249344K), 0.0125122 secs] [Times: user=0.04 sys=0.00, real=0.01 secs] 
Heap after GC invocations=69 (full 39):
 par new generation   total 115200K, used 10870K [0x00000000f0000000, 0x00000000f7d00000, 0x00000000f7d00000)
  eden space 102400K,   0% used [0x00000000f0000000, 0x00000000f0000000, 0x00000000f6400000)
  from space 12800K,  84% used [0x00000000f7080000, 0x00000000f7b1db90, 0x00000000f7d00000)
  to   space 12800K,   0% used [0x00000000f6400000, 0x00000000f6400000, 0x00000000f7080000)
 concurrent mark-sweep generation total 134144K, used 121751K [0x00000000f7d00000, 0x0000000100000000, 0x0000000100000000)
 Metaspace       used 51887K, capacity 54790K, committed 55680K, reserved 1097728K
  class space    used 6336K, capacity 6839K, committed 7040K, reserved 1048576K
}
{Heap before GC invocations=69 (full 39):
 par new generation   total 115200K, used 113270K [0x00000000f0000000, 0x00000000f7d00000, 0x00000000f7d00000)
  eden space 102400K, 100% used [0x00000000f0000000, 0x00000000f6400000, 0x00000000f6400000)
  from space 12800K,  84% used [0x00000000f7080000, 0x00000000f7b1db90, 0x00000000f7d00000)
  to   space 12800K,   0% used [0x00000000f6400000, 0x00000000f6400000, 0x00000000f7080000)
 concurrent mark-sweep generation total 134144K, used 121751K [0x00000000f7d00000, 0x0000000100000000, 0x0000000100000000)
 Metaspace       used 51888K, capacity 54790K, committed 55680K, reserved 1097728K
  class space    used 6336K, capacity 6839K, committed 7040K, reserved 1048576K
2023-01-17T04:30:52.719+0800: 62.627: [GC (Allocation Failure) 2023-01-17T04:30:52.720+0800: 62.627: [ParNew: 113270K->10052K(115200K), 0.0170261 secs] 235022K->132140K(249344K), 0.0173714 secs] [Times: user=0.05 sys=0.00, real=0.02 secs] 
Heap after GC invocations=70 (full 39):
 par new generation   total 115200K, used 10052K [0x00000000f0000000, 0x00000000f7d00000, 0x00000000f7d00000)
  eden space 102400K,   0% used [0x00000000f0000000, 0x00000000f0000000, 0x00000000f6400000)
  from space 12800K,  78% used [0x00000000f6400000, 0x00000000f6dd1280, 0x00000000f7080000)
  to   space 12800K,   0% used [0x00000000f7080000, 0x00000000f7080000, 0x00000000f7d00000)
 concurrent mark-sweep generation total 134144K, used 122088K [0x00000000f7d00000, 0x0000000100000000, 0x0000000100000000)
 Metaspace       used 51888K, capacity 54790K, committed 55680K, reserved 1097728K
  class space    used 6336K, capacity 6839K, committed 7040K, reserved 1048576K
}
{Heap before GC invocations=70 (full 39):
 par new generation   total 115200K, used 112452K [0x00000000f0000000, 0x00000000f7d00000, 0x00000000f7d00000)
  eden space 102400K, 100% used [0x00000000f0000000, 0x00000000f6400000, 0x00000000f6400000)
  from space 12800K,  78% used [0x00000000f6400000, 0x00000000f6dd1280, 0x00000000f7080000)
  to   space 12800K,   0% used [0x00000000f7080000, 0x00000000f7080000, 0x00000000f7d00000)
 concurrent mark-sweep generation total 134144K, used 122088K [0x00000000f7d00000, 0x0000000100000000, 0x0000000100000000)
 Metaspace       used 51888K, capacity 54790K, committed 55680K, reserved 1097728K
  class space    used 6336K, capacity 6839K, committed 7040K, reserved 1048576K
2023-01-17T04:30:53.205+0800: 63.112: [GC (Allocation Failure) 2023-01-17T04:30:53.205+0800: 63.113: [ParNew: 112452K->11957K(115200K), 0.0184992 secs] 234540K->134393K(249344K), 0.0188781 secs] [Times: user=0.05 sys=0.00, real=0.02 secs] 
Heap after GC invocations=71 (full 39):
 par new generation   total 115200K, used 11957K [0x00000000f0000000, 0x00000000f7d00000, 0x00000000f7d00000)
  eden space 102400K,   0% used [0x00000000f0000000, 0x00000000f0000000, 0x00000000f6400000)
  from space 12800K,  93% used [0x00000000f7080000, 0x00000000f7c2d508, 0x00000000f7d00000)
  to   space 12800K,   0% used [0x00000000f6400000, 0x00000000f6400000, 0x00000000f7080000)
 concurrent mark-sweep generation total 134144K, used 122435K [0x00000000f7d00000, 0x0000000100000000, 0x0000000100000000)
 Metaspace       used 51888K, capacity 54790K, committed 55680K, reserved 1097728K
  class space    used 6336K, capacity 6839K, committed 7040K, reserved 1048576K
}
{Heap before GC invocations=71 (full 39):
 par new generation   total 115200K, used 114357K [0x00000000f0000000, 0x00000000f7d00000, 0x00000000f7d00000)
  eden space 102400K, 100% used [0x00000000f0000000, 0x00000000f6400000, 0x00000000f6400000)
  from space 12800K,  93% used [0x00000000f7080000, 0x00000000f7c2d508, 0x00000000f7d00000)
  to   space 12800K,   0% used [0x00000000f6400000, 0x00000000f6400000, 0x00000000f7080000)
 concurrent mark-sweep generation total 134144K, used 122435K [0x00000000f7d00000, 0x0000000100000000, 0x0000000100000000)
 Metaspace       used 51888K, capacity 54790K, committed 55680K, reserved 1097728K
  class space    used 6336K, capacity 6839K, committed 7040K, reserved 1048576K
2023-01-17T04:30:53.681+0800: 63.589: [GC (Allocation Failure) 2023-01-17T04:30:53.682+0800: 63.589: [ParNew: 114357K->9655K(115200K), 0.0195700 secs] 236793K->132420K(249344K), 0.0199577 secs] [Times: user=0.05 sys=0.00, real=0.02 secs] 
Heap after GC invocations=72 (full 39):
 par new generation   total 115200K, used 9655K [0x00000000f0000000, 0x00000000f7d00000, 0x00000000f7d00000)
  eden space 102400K,   0% used [0x00000000f0000000, 0x00000000f0000000, 0x00000000f6400000)
  from space 12800K,  75% used [0x00000000f6400000, 0x00000000f6d6dc68, 0x00000000f7080000)
  to   space 12800K,   0% used [0x00000000f7080000, 0x00000000f7080000, 0x00000000f7d00000)
 concurrent mark-sweep generation total 134144K, used 122765K [0x00000000f7d00000, 0x0000000100000000, 0x0000000100000000)
 Metaspace       used 51888K, capacity 54790K, committed 55680K, reserved 1097728K
  class space    used 6336K, capacity 6839K, committed 7040K, reserved 1048576K
}
{Heap before GC invocations=72 (full 39):
 par new generation   total 115200K, used 112055K [0x00000000f0000000, 0x00000000f7d00000, 0x00000000f7d00000)
  eden space 102400K, 100% used [0x00000000f0000000, 0x00000000f6400000, 0x00000000f6400000)
  from space 12800K,  75% used [0x00000000f6400000, 0x00000000f6d6dc68, 0x00000000f7080000)
  to   space 12800K,   0% used [0x00000000f7080000, 0x00000000f7080000, 0x00000000f7d00000)
 concurrent mark-sweep generation total 134144K, used 122765K [0x00000000f7d00000, 0x0000000100000000, 0x0000000100000000)
 Metaspace       used 51888K, capacity 54790K, committed 55680K, reserved 1097728K
  class space    used 6336K, capacity 6839K, committed 7040K, reserved 1048576K
2023-01-17T04:30:54.165+0800: 64.073: [GC (Allocation Failure) 2023-01-17T04:30:54.165+0800: 64.073: [ParNew: 112055K->10906K(115200K), 0.0165653 secs] 234820K->134007K(249344K), 0.0169027 secs] [Times: user=0.05 sys=0.00, real=0.02 secs] 
Heap after GC invocations=73 (full 39):
 par new generation   total 115200K, used 10906K [0x00000000f0000000, 0x00000000f7d00000, 0x00000000f7d00000)
  eden space 102400K,   0% used [0x00000000f0000000, 0x00000000f0000000, 0x00000000f6400000)
  from space 12800K,  85% used [0x00000000f7080000, 0x00000000f7b26ad8, 0x00000000f7d00000)
  to   space 12800K,   0% used [0x00000000f6400000, 0x00000000f6400000, 0x00000000f7080000)
 concurrent mark-sweep generation total 134144K, used 123100K [0x00000000f7d00000, 0x0000000100000000, 0x0000000100000000)
 Metaspace       used 51888K, capacity 54790K, committed 55680K, reserved 1097728K
  class space    used 6336K, capacity 6839K, committed 7040K, reserved 1048576K
}
{Heap before GC invocations=73 (full 39):
 par new generation   total 115200K, used 113306K [0x00000000f0000000, 0x00000000f7d00000, 0x00000000f7d00000)
  eden space 102400K, 100% used [0x00000000f0000000, 0x00000000f6400000, 0x00000000f6400000)
  from space 12800K,  85% used [0x00000000f7080000, 0x00000000f7b26ad8, 0x00000000f7d00000)
  to   space 12800K,   0% used [0x00000000f6400000, 0x00000000f6400000, 0x00000000f7080000)
 concurrent mark-sweep generation total 134144K, used 123100K [0x00000000f7d00000, 0x0000000100000000, 0x0000000100000000)
 Metaspace       used 51888K, capacity 54790K, committed 55680K, reserved 1097728K
  class space    used 6336K, capacity 6839K, committed 7040K, reserved 1048576K
2023-01-17T04:30:54.605+0800: 64.513: [GC (Allocation Failure) 2023-01-17T04:30:54.605+0800: 64.513: [ParNew: 113306K->11762K(115200K), 0.0171295 secs] 236407K->135222K(249344K), 0.0175193 secs] [Times: user=0.06 sys=0.00, real=0.02 secs] 
Heap after GC invocations=74 (full 39):
 par new generation   total 115200K, used 11762K [0x00000000f0000000, 0x00000000f7d00000, 0x00000000f7d00000)
  eden space 102400K,   0% used [0x00000000f0000000, 0x00000000f0000000, 0x00000000f6400000)
  from space 12800K,  91% used [0x00000000f6400000, 0x00000000f6f7c838, 0x00000000f7080000)
  to   space 12800K,   0% used [0x00000000f7080000, 0x00000000f7080000, 0x00000000f7d00000)
 concurrent mark-sweep generation total 134144K, used 123460K [0x00000000f7d00000, 0x0000000100000000, 0x0000000100000000)
 Metaspace       used 51888K, capacity 54790K, committed 55680K, reserved 1097728K
  class space    used 6336K, capacity 6839K, committed 7040K, reserved 1048576K
}
2023-01-17T04:30:54.626+0800: 64.534: [GC (CMS Initial Mark) [1 CMS-initial-mark: 123460K(134144K)] 135234K(249344K), 0.0081861 secs] [Times: user=0.01 sys=0.00, real=0.01 secs] 
2023-01-17T04:30:54.634+0800: 64.542: [CMS-concurrent-mark-start]
2023-01-17T04:30:54.687+0800: 64.594: [CMS-concurrent-mark: 0.052/0.052 secs] [Times: user=0.08 sys=0.00, real=0.05 secs] 
2023-01-17T04:30:54.687+0800: 64.595: [CMS-concurrent-preclean-start]
2023-01-17T04:30:54.691+0800: 64.599: [CMS-concurrent-preclean: 0.004/0.004 secs] [Times: user=0.01 sys=0.01, real=0.01 secs] 
2023-01-17T04:30:54.691+0800: 64.599: [CMS-concurrent-abortable-preclean-start]
2023-01-17T04:30:54.887+0800: 64.795: [CMS-concurrent-abortable-preclean: 0.194/0.196 secs] [Times: user=0.34 sys=0.06, real=0.19 secs] 
2023-01-17T04:30:54.891+0800: 64.798: [GC (CMS Final Remark) [YG occupancy: 65125 K (115200 K)]2023-01-17T04:30:54.891+0800: 64.799: [Rescan (parallel) , 0.0169461 secs]2023-01-17T04:30:54.908+0800: 64.816: [weak refs processing, 0.0000577 secs]2023-01-17T04:30:54.908+0800: 64.816: [class unloading, 0.0133820 secs]2023-01-17T04:30:54.921+0800: 64.829: [scrub symbol table, 0.0051236 secs]2023-01-17T04:30:54.926+0800: 64.834: [scrub string table, 0.0008718 secs][1 CMS-remark: 123460K(134144K)] 188585K(249344K), 0.0365853 secs] [Times: user=0.09 sys=0.00, real=0.03 secs] 
2023-01-17T04:30:54.928+0800: 64.836: [CMS-concurrent-sweep-start]
2023-01-17T04:30:54.948+0800: 64.856: [CMS-concurrent-sweep: 0.020/0.020 secs] [Times: user=0.05 sys=0.01, real=0.02 secs] 
2023-01-17T04:30:54.948+0800: 64.856: [CMS-concurrent-reset-start]
2023-01-17T04:30:54.948+0800: 64.856: [CMS-concurrent-reset: 0.000/0.000 secs] [Times: user=0.00 sys=0.00, real=0.00 secs] 
{Heap before GC invocations=74 (full 40):
 par new generation   total 115200K, used 114162K [0x00000000f0000000, 0x00000000f7d00000, 0x00000000f7d00000)
  eden space 102400K, 100% used [0x00000000f0000000, 0x00000000f6400000, 0x00000000f6400000)
  from space 12800K,  91% used [0x00000000f6400000, 0x00000000f6f7c838, 0x00000000f7080000)
  to   space 12800K,   0% used [0x00000000f7080000, 0x00000000f7080000, 0x00000000f7d00000)
 concurrent mark-sweep generation total 134144K, used 119980K [0x00000000f7d00000, 0x0000000100000000, 0x0000000100000000)
 Metaspace       used 51889K, capacity 54790K, committed 55680K, reserved 1097728K
  class space    used 6336K, capacity 6839K, committed 7040K, reserved 1048576K
2023-01-17T04:30:55.096+0800: 65.004: [GC (Allocation Failure) 2023-01-17T04:30:55.096+0800: 65.004: [ParNew: 114162K->8502K(115200K), 0.0172091 secs] 234143K->128812K(249344K), 0.0175295 secs] [Times: user=0.05 sys=0.00, real=0.02 secs] 
Heap after GC invocations=75 (full 40):
 par new generation   total 115200K, used 8502K [0x00000000f0000000, 0x00000000f7d00000, 0x00000000f7d00000)
  eden space 102400K,   0% used [0x00000000f0000000, 0x00000000f0000000, 0x00000000f6400000)
  from space 12800K,  66% used [0x00000000f7080000, 0x00000000f78cd880, 0x00000000f7d00000)
  to   space 12800K,   0% used [0x00000000f6400000, 0x00000000f6400000, 0x00000000f7080000)
 concurrent mark-sweep generation total 134144K, used 120310K [0x00000000f7d00000, 0x0000000100000000, 0x0000000100000000)
 Metaspace       used 51889K, capacity 54790K, committed 55680K, reserved 1097728K
  class space    used 6336K, capacity 6839K, committed 7040K, reserved 1048576K
}
{Heap before GC invocations=75 (full 40):
 par new generation   total 115200K, used 110902K [0x00000000f0000000, 0x00000000f7d00000, 0x00000000f7d00000)
  eden space 102400K, 100% used [0x00000000f0000000, 0x00000000f6400000, 0x00000000f6400000)
  from space 12800K,  66% used [0x00000000f7080000, 0x00000000f78cd880, 0x00000000f7d00000)
  to   space 12800K,   0% used [0x00000000f6400000, 0x00000000f6400000, 0x00000000f7080000)
 concurrent mark-sweep generation total 134144K, used 120310K [0x00000000f7d00000, 0x0000000100000000, 0x0000000100000000)
 Metaspace       used 51889K, capacity 54790K, committed 55680K, reserved 1097728K
  class space    used 6336K, capacity 6839K, committed 7040K, reserved 1048576K
2023-01-17T04:30:55.582+0800: 65.490: [GC (Allocation Failure) 2023-01-17T04:30:55.582+0800: 65.490: [ParNew: 110902K->10883K(115200K), 0.0122527 secs] 231212K->131542K(249344K), 0.0125856 secs] [Times: user=0.05 sys=0.00, real=0.01 secs] 
Heap after GC invocations=76 (full 40):
 par new generation   total 115200K, used 10883K [0x00000000f0000000, 0x00000000f7d00000, 0x00000000f7d00000)
  eden space 102400K,   0% used [0x00000000f0000000, 0x00000000f0000000, 0x00000000f6400000)
  from space 12800K,  85% used [0x00000000f6400000, 0x00000000f6ea0cc8, 0x00000000f7080000)
  to   space 12800K,   0% used [0x00000000f7080000, 0x00000000f7080000, 0x00000000f7d00000)
 concurrent mark-sweep generation total 134144K, used 120659K [0x00000000f7d00000, 0x0000000100000000, 0x0000000100000000)
 Metaspace       used 51889K, capacity 54790K, committed 55680K, reserved 1097728K
  class space    used 6336K, capacity 6839K, committed 7040K, reserved 1048576K
}
{Heap before GC invocations=76 (full 40):
 par new generation   total 115200K, used 113283K [0x00000000f0000000, 0x00000000f7d00000, 0x00000000f7d00000)
  eden space 102400K, 100% used [0x00000000f0000000, 0x00000000f6400000, 0x00000000f6400000)
  from space 12800K,  85% used [0x00000000f6400000, 0x00000000f6ea0cc8, 0x00000000f7080000)
  to   space 12800K,   0% used [0x00000000f7080000, 0x00000000f7080000, 0x00000000f7d00000)
 concurrent mark-sweep generation total 134144K, used 120659K [0x00000000f7d00000, 0x0000000100000000, 0x0000000100000000)
 Metaspace       used 51889K, capacity 54790K, committed 55680K, reserved 1097728K
  class space    used 6336K, capacity 6839K, committed 7040K, reserved 1048576K
2023-01-17T04:30:56.073+0800: 65.980: [GC (Allocation Failure) 2023-01-17T04:30:56.073+0800: 65.981: [ParNew: 113283K->11738K(115200K), 0.0216599 secs] 233942K->132739K(249344K), 0.0220778 secs] [Times: user=0.06 sys=0.00, real=0.02 secs] 
Heap after GC invocations=77 (full 40):
 par new generation   total 115200K, used 11738K [0x00000000f0000000, 0x00000000f7d00000, 0x00000000f7d00000)
  eden space 102400K,   0% used [0x00000000f0000000, 0x00000000f0000000, 0x00000000f6400000)
  from space 12800K,  91% used [0x00000000f7080000, 0x00000000f7bf6bc8, 0x00000000f7d00000)
  to   space 12800K,   0% used [0x00000000f6400000, 0x00000000f6400000, 0x00000000f7080000)
 concurrent mark-sweep generation total 134144K, used 121000K [0x00000000f7d00000, 0x0000000100000000, 0x0000000100000000)
 Metaspace       used 51889K, capacity 54790K, committed 55680K, reserved 1097728K
  class space    used 6336K, capacity 6839K, committed 7040K, reserved 1048576K
}
{Heap before GC invocations=77 (full 40):
 par new generation   total 115200K, used 114138K [0x00000000f0000000, 0x00000000f7d00000, 0x00000000f7d00000)
  eden space 102400K, 100% used [0x00000000f0000000, 0x00000000f6400000, 0x00000000f6400000)
  from space 12800K,  91% used [0x00000000f7080000, 0x00000000f7bf6bc8, 0x00000000f7d00000)
  to   space 12800K,   0% used [0x00000000f6400000, 0x00000000f6400000, 0x00000000f7080000)
 concurrent mark-sweep generation total 134144K, used 121000K [0x00000000f7d00000, 0x0000000100000000, 0x0000000100000000)
 Metaspace       used 51889K, capacity 54790K, committed 55680K, reserved 1097728K
  class space    used 6336K, capacity 6839K, committed 7040K, reserved 1048576K
2023-01-17T04:30:56.562+0800: 66.470: [GC (Allocation Failure) 2023-01-17T04:30:56.562+0800: 66.470: [ParNew: 114138K->9576K(115200K), 0.0162644 secs] 235139K->130899K(249344K), 0.0165962 secs] [Times: user=0.05 sys=0.00, real=0.01 secs] 
Heap after GC invocations=78 (full 40):
 par new generation   total 115200K, used 9576K [0x00000000f0000000, 0x00000000f7d00000, 0x00000000f7d00000)
  eden space 102400K,   0% used [0x00000000f0000000, 0x00000000f0000000, 0x00000000f6400000)
  from space 12800K,  74% used [0x00000000f6400000, 0x00000000f6d5a1f8, 0x00000000f7080000)
  to   space 12800K,   0% used [0x00000000f7080000, 0x00000000f7080000, 0x00000000f7d00000)
 concurrent mark-sweep generation total 134144K, used 121323K [0x00000000f7d00000, 0x0000000100000000, 0x0000000100000000)
 Metaspace       used 51889K, capacity 54790K, committed 55680K, reserved 1097728K
  class space    used 6336K, capacity 6839K, committed 7040K, reserved 1048576K
}
{Heap before GC invocations=78 (full 40):
 par new generation   total 115200K, used 111976K [0x00000000f0000000, 0x00000000f7d00000, 0x00000000f7d00000)
  eden space 102400K, 100% used [0x00000000f0000000, 0x00000000f6400000, 0x00000000f6400000)
  from space 12800K,  74% used [0x00000000f6400000, 0x00000000f6d5a1f8, 0x00000000f7080000)
  to   space 12800K,   0% used [0x00000000f7080000, 0x00000000f7080000, 0x00000000f7d00000)
 concurrent mark-sweep generation total 134144K, used 121323K [0x00000000f7d00000, 0x0000000100000000, 0x0000000100000000)
 Metaspace       used 51889K, capacity 54790K, committed 55680K, reserved 1097728K
  class space    used 6336K, capacity 6839K, committed 7040K, reserved 1048576K
2023-01-17T04:30:57.051+0800: 66.959: [GC (Allocation Failure) 2023-01-17T04:30:57.051+0800: 66.959: [ParNew: 111976K->10879K(115200K), 0.0122675 secs] 233299K->132548K(249344K), 0.0126091 secs] [Times: user=0.05 sys=0.00, real=0.01 secs] 
Heap after GC invocations=79 (full 40):
 par new generation   total 115200K, used 10879K [0x00000000f0000000, 0x00000000f7d00000, 0x00000000f7d00000)
  eden space 102400K,   0% used [0x00000000f0000000, 0x00000000f0000000, 0x00000000f6400000)
  from space 12800K,  84% used [0x00000000f7080000, 0x00000000f7b1fde8, 0x00000000f7d00000)
  to   space 12800K,   0% used [0x00000000f6400000, 0x00000000f6400000, 0x00000000f7080000)
 concurrent mark-sweep generation total 134144K, used 121669K [0x00000000f7d00000, 0x0000000100000000, 0x0000000100000000)
 Metaspace       used 51889K, capacity 54790K, committed 55680K, reserved 1097728K
  class space    used 6336K, capacity 6839K, committed 7040K, reserved 1048576K
}
{Heap before GC invocations=79 (full 40):
 par new generation   total 115200K, used 113279K [0x00000000f0000000, 0x00000000f7d00000, 0x00000000f7d00000)
  eden space 102400K, 100% used [0x00000000f0000000, 0x00000000f6400000, 0x00000000f6400000)
  from space 12800K,  84% used [0x00000000f7080000, 0x00000000f7b1fde8, 0x00000000f7d00000)
  to   space 12800K,   0% used [0x00000000f6400000, 0x00000000f6400000, 0x00000000f7080000)
 concurrent mark-sweep generation total 134144K, used 121669K [0x00000000f7d00000, 0x0000000100000000, 0x0000000100000000)
 Metaspace       used 51889K, capacity 54790K, committed 55680K, reserved 1097728K
  class space    used 6336K, capacity 6839K, committed 7040K, reserved 1048576K
2023-01-17T04:30:57.538+0800: 67.446: [GC (Allocation Failure) 2023-01-17T04:30:57.538+0800: 67.446: [ParNew: 113279K->10058K(115200K), 0.0264381 secs] 234948K->132080K(249344K), 0.0267634 secs] [Times: user=0.05 sys=0.00, real=0.03 secs] 
Heap after GC invocations=80 (full 40):
 par new generation   total 115200K, used 10058K [0x00000000f0000000, 0x00000000f7d00000, 0x00000000f7d00000)
  eden space 102400K,   0% used [0x00000000f0000000, 0x00000000f0000000, 0x00000000f6400000)
  from space 12800K,  78% used [0x00000000f6400000, 0x00000000f6dd2b40, 0x00000000f7080000)
  to   space 12800K,   0% used [0x00000000f7080000, 0x00000000f7080000, 0x00000000f7d00000)
 concurrent mark-sweep generation total 134144K, used 122021K [0x00000000f7d00000, 0x0000000100000000, 0x0000000100000000)
 Metaspace       used 51889K, capacity 54790K, committed 55680K, reserved 1097728K
  class space    used 6336K, capacity 6839K, committed 7040K, reserved 1048576K
}
{Heap before GC invocations=80 (full 40):
 par new generation   total 115200K, used 112458K [0x00000000f0000000, 0x00000000f7d00000, 0x00000000f7d00000)
  eden space 102400K, 100% used [0x00000000f0000000, 0x00000000f6400000, 0x00000000f6400000)
  from space 12800K,  78% used [0x00000000f6400000, 0x00000000f6dd2b40, 0x00000000f7080000)
  to   space 12800K,   0% used [0x00000000f7080000, 0x00000000f7080000, 0x00000000f7d00000)
 concurrent mark-sweep generation total 134144K, used 122021K [0x00000000f7d00000, 0x0000000100000000, 0x0000000100000000)
 Metaspace       used 51889K, capacity 54790K, committed 55680K, reserved 1097728K
  class space    used 6336K, capacity 6839K, committed 7040K, reserved 1048576K
2023-01-17T04:30:58.023+0800: 67.931: [GC (Allocation Failure) 2023-01-17T04:30:58.023+0800: 67.931: [ParNew: 112458K->11939K(115200K), 0.0122549 secs] 234480K->134318K(249344K), 0.0125624 secs] [Times: user=0.05 sys=0.00, real=0.01 secs] 
Heap after GC invocations=81 (full 40):
 par new generation   total 115200K, used 11939K [0x00000000f0000000, 0x00000000f7d00000, 0x00000000f7d00000)
  eden space 102400K,   0% used [0x00000000f0000000, 0x00000000f0000000, 0x00000000f6400000)
  from space 12800K,  93% used [0x00000000f7080000, 0x00000000f7c28f78, 0x00000000f7d00000)
  to   space 12800K,   0% used [0x00000000f6400000, 0x00000000f6400000, 0x00000000f7080000)
 concurrent mark-sweep generation total 134144K, used 122378K [0x00000000f7d00000, 0x0000000100000000, 0x0000000100000000)
 Metaspace       used 51889K, capacity 54790K, committed 55680K, reserved 1097728K
  class space    used 6336K, capacity 6839K, committed 7040K, reserved 1048576K
}
{Heap before GC invocations=81 (full 40):
 par new generation   total 115200K, used 114339K [0x00000000f0000000, 0x00000000f7d00000, 0x00000000f7d00000)
  eden space 102400K, 100% used [0x00000000f0000000, 0x00000000f6400000, 0x00000000f6400000)
  from space 12800K,  93% used [0x00000000f7080000, 0x00000000f7c28f78, 0x00000000f7d00000)
  to   space 12800K,   0% used [0x00000000f6400000, 0x00000000f6400000, 0x00000000f7080000)
 concurrent mark-sweep generation total 134144K, used 122378K [0x00000000f7d00000, 0x0000000100000000, 0x0000000100000000)
 Metaspace       used 51901K, capacity 54790K, committed 55680K, reserved 1097728K
  class space    used 6336K, capacity 6839K, committed 7040K, reserved 1048576K
2023-01-17T04:30:58.463+0800: 68.371: [GC (Allocation Failure) 2023-01-17T04:30:58.464+0800: 68.372: [ParNew: 114339K->9632K(115200K), 0.0148047 secs] 236718K->132437K(249344K), 0.0151045 secs] [Times: user=0.05 sys=0.00, real=0.01 secs] 
Heap after GC invocations=82 (full 40):
 par new generation   total 115200K, used 9632K [0x00000000f0000000, 0x00000000f7d00000, 0x00000000f7d00000)
  eden space 102400K,   0% used [0x00000000f0000000, 0x00000000f0000000, 0x00000000f6400000)
  from space 12800K,  75% used [0x00000000f6400000, 0x00000000f6d68220, 0x00000000f7080000)
  to   space 12800K,   0% used [0x00000000f7080000, 0x00000000f7080000, 0x00000000f7d00000)
 concurrent mark-sweep generation total 134144K, used 122805K [0x00000000f7d00000, 0x0000000100000000, 0x0000000100000000)
 Metaspace       used 51901K, capacity 54790K, committed 55680K, reserved 1097728K
  class space    used 6336K, capacity 6839K, committed 7040K, reserved 1048576K
}
{Heap before GC invocations=82 (full 40):
 par new generation   total 115200K, used 112032K [0x00000000f0000000, 0x00000000f7d00000, 0x00000000f7d00000)
  eden space 102400K, 100% used [0x00000000f0000000, 0x00000000f6400000, 0x00000000f6400000)
  from space 12800K,  75% used [0x00000000f6400000, 0x00000000f6d68220, 0x00000000f7080000)
  to   space 12800K,   0% used [0x00000000f7080000, 0x00000000f7080000, 0x00000000f7d00000)
 concurrent mark-sweep generation total 134144K, used 122805K [0x00000000f7d00000, 0x0000000100000000, 0x0000000100000000)
 Metaspace       used 51901K, capacity 54790K, committed 55680K, reserved 1097728K
  class space    used 6336K, capacity 6839K, committed 7040K, reserved 1048576K
2023-01-17T04:30:58.955+0800: 68.863: [GC (Allocation Failure) 2023-01-17T04:30:58.956+0800: 68.863: [ParNew: 112032K->10796K(115200K), 0.0175316 secs] 234837K->133922K(249344K), 0.0178797 secs] [Times: user=0.05 sys=0.00, real=0.02 secs] 
Heap after GC invocations=83 (full 40):
 par new generation   total 115200K, used 10796K [0x00000000f0000000, 0x00000000f7d00000, 0x00000000f7d00000)
  eden space 102400K,   0% used [0x00000000f0000000, 0x00000000f0000000, 0x00000000f6400000)
  from space 12800K,  84% used [0x00000000f7080000, 0x00000000f7b0b088, 0x00000000f7d00000)
  to   space 12800K,   0% used [0x00000000f6400000, 0x00000000f6400000, 0x00000000f7080000)
 concurrent mark-sweep generation total 134144K, used 123125K [0x00000000f7d00000, 0x0000000100000000, 0x0000000100000000)
 Metaspace       used 51901K, capacity 54790K, committed 55680K, reserved 1097728K
  class space    used 6336K, capacity 6839K, committed 7040K, reserved 1048576K
}
{Heap before GC invocations=83 (full 40):
 par new generation   total 115200K, used 113196K [0x00000000f0000000, 0x00000000f7d00000, 0x00000000f7d00000)
  eden space 102400K, 100% used [0x00000000f0000000, 0x00000000f6400000, 0x00000000f6400000)
  from space 12800K,  84% used [0x00000000f7080000, 0x00000000f7b0b088, 0x00000000f7d00000)
  to   space 12800K,   0% used [0x00000000f6400000, 0x00000000f6400000, 0x00000000f7080000)
 concurrent mark-sweep generation total 134144K, used 123125K [0x00000000f7d00000, 0x0000000100000000, 0x0000000100000000)
 Metaspace       used 51901K, capacity 54790K, committed 55680K, reserved 1097728K
  class space    used 6336K, capacity 6839K, committed 7040K, reserved 1048576K
2023-01-17T04:30:59.388+0800: 69.296: [GC (Allocation Failure) 2023-01-17T04:30:59.388+0800: 69.296: [ParNew: 113196K->11737K(115200K), 0.0131906 secs] 236322K->135196K(249344K), 0.0134844 secs] [Times: user=0.04 sys=0.00, real=0.02 secs] 
Heap after GC invocations=84 (full 40):
 par new generation   total 115200K, used 11737K [0x00000000f0000000, 0x00000000f7d00000, 0x00000000f7d00000)
  eden space 102400K,   0% used [0x00000000f0000000, 0x00000000f0000000, 0x00000000f6400000)
  from space 12800K,  91% used [0x00000000f6400000, 0x00000000f6f76408, 0x00000000f7080000)
  to   space 12800K,   0% used [0x00000000f7080000, 0x00000000f7080000, 0x00000000f7d00000)
 concurrent mark-sweep generation total 134144K, used 123459K [0x00000000f7d00000, 0x0000000100000000, 0x0000000100000000)
 Metaspace       used 51901K, capacity 54790K, committed 55680K, reserved 1097728K
  class space    used 6336K, capacity 6839K, committed 7040K, reserved 1048576K
}
2023-01-17T04:30:59.405+0800: 69.313: [GC (CMS Initial Mark) [1 CMS-initial-mark: 123459K(134144K)] 135388K(249344K), 0.0045786 secs] [Times: user=0.01 sys=0.00, real=0.01 secs] 
2023-01-17T04:30:59.410+0800: 69.318: [CMS-concurrent-mark-start]
2023-01-17T04:30:59.460+0800: 69.367: [CMS-concurrent-mark: 0.050/0.050 secs] [Times: user=0.07 sys=0.00, real=0.05 secs] 
2023-01-17T04:30:59.460+0800: 69.368: [CMS-concurrent-preclean-start]
2023-01-17T04:30:59.462+0800: 69.369: [CMS-concurrent-preclean: 0.002/0.002 secs] [Times: user=0.00 sys=0.00, real=0.00 secs] 
2023-01-17T04:30:59.462+0800: 69.370: [CMS-concurrent-abortable-preclean-start]
2023-01-17T04:30:59.681+0800: 69.589: [CMS-concurrent-abortable-preclean: 0.218/0.219 secs] [Times: user=0.40 sys=0.09, real=0.22 secs] 
2023-01-17T04:30:59.685+0800: 69.593: [GC (CMS Final Remark) [YG occupancy: 72144 K (115200 K)]2023-01-17T04:30:59.685+0800: 69.593: [Rescan (parallel) , 0.0219413 secs]2023-01-17T04:30:59.707+0800: 69.615: [weak refs processing, 0.0000471 secs]2023-01-17T04:30:59.707+0800: 69.615: [class unloading, 0.0131508 secs]2023-01-17T04:30:59.720+0800: 69.628: [scrub symbol table, 0.0051198 secs]2023-01-17T04:30:59.725+0800: 69.633: [scrub string table, 0.0008980 secs][1 CMS-remark: 123459K(134144K)] 195604K(249344K), 0.0413575 secs] [Times: user=0.09 sys=0.00, real=0.04 secs] 
2023-01-17T04:30:59.727+0800: 69.635: [CMS-concurrent-sweep-start]
2023-01-17T04:30:59.749+0800: 69.657: [CMS-concurrent-sweep: 0.022/0.022 secs] [Times: user=0.06 sys=0.00, real=0.03 secs] 
2023-01-17T04:30:59.750+0800: 69.657: [CMS-concurrent-reset-start]
2023-01-17T04:30:59.750+0800: 69.658: [CMS-concurrent-reset: 0.000/0.000 secs] [Times: user=0.00 sys=0.00, real=0.00 secs] 
{Heap before GC invocations=84 (full 41):
 par new generation   total 115200K, used 114137K [0x00000000f0000000, 0x00000000f7d00000, 0x00000000f7d00000)
  eden space 102400K, 100% used [0x00000000f0000000, 0x00000000f6400000, 0x00000000f6400000)
  from space 12800K,  91% used [0x00000000f6400000, 0x00000000f6f76408, 0x00000000f7080000)
  to   space 12800K,   0% used [0x00000000f7080000, 0x00000000f7080000, 0x00000000f7d00000)
 concurrent mark-sweep generation total 134144K, used 119976K [0x00000000f7d00000, 0x0000000100000000, 0x0000000100000000)
 Metaspace       used 51901K, capacity 54790K, committed 55680K, reserved 1097728K
  class space    used 6336K, capacity 6839K, committed 7040K, reserved 1048576K
2023-01-17T04:30:59.871+0800: 69.779: [GC (Allocation Failure) 2023-01-17T04:30:59.872+0800: 69.779: [ParNew: 114137K->8516K(115200K), 0.0166367 secs] 234113K->128833K(249344K), 0.0169954 secs] [Times: user=0.05 sys=0.00, real=0.01 secs] 
Heap after GC invocations=85 (full 41):
 par new generation   total 115200K, used 8516K [0x00000000f0000000, 0x00000000f7d00000, 0x00000000f7d00000)
  eden space 102400K,   0% used [0x00000000f0000000, 0x00000000f0000000, 0x00000000f6400000)
  from space 12800K,  66% used [0x00000000f7080000, 0x00000000f78d12c0, 0x00000000f7d00000)
  to   space 12800K,   0% used [0x00000000f6400000, 0x00000000f6400000, 0x00000000f7080000)
 concurrent mark-sweep generation total 134144K, used 120316K [0x00000000f7d00000, 0x0000000100000000, 0x0000000100000000)
 Metaspace       used 51901K, capacity 54790K, committed 55680K, reserved 1097728K
  class space    used 6336K, capacity 6839K, committed 7040K, reserved 1048576K
}
{Heap before GC invocations=85 (full 41):
 par new generation   total 115200K, used 110916K [0x00000000f0000000, 0x00000000f7d00000, 0x00000000f7d00000)
  eden space 102400K, 100% used [0x00000000f0000000, 0x00000000f6400000, 0x00000000f6400000)
  from space 12800K,  66% used [0x00000000f7080000, 0x00000000f78d12c0, 0x00000000f7d00000)
  to   space 12800K,   0% used [0x00000000f6400000, 0x00000000f6400000, 0x00000000f7080000)
 concurrent mark-sweep generation total 134144K, used 120316K [0x00000000f7d00000, 0x0000000100000000, 0x0000000100000000)
 Metaspace       used 51901K, capacity 54790K, committed 55680K, reserved 1097728K
  class space    used 6336K, capacity 6839K, committed 7040K, reserved 1048576K
2023-01-17T04:31:00.357+0800: 70.265: [GC (Allocation Failure) 2023-01-17T04:31:00.358+0800: 70.265: [ParNew: 110916K->10882K(115200K), 0.0174791 secs] 231233K->131551K(249344K), 0.0178384 secs] [Times: user=0.04 sys=0.00, real=0.02 secs] 
Heap after GC invocations=86 (full 41):
 par new generation   total 115200K, used 10882K [0x00000000f0000000, 0x00000000f7d00000, 0x00000000f7d00000)
  eden space 102400K,   0% used [0x00000000f0000000, 0x00000000f0000000, 0x00000000f6400000)
  from space 12800K,  85% used [0x00000000f6400000, 0x00000000f6ea0be8, 0x00000000f7080000)
  to   space 12800K,   0% used [0x00000000f7080000, 0x00000000f7080000, 0x00000000f7d00000)
 concurrent mark-sweep generation total 134144K, used 120668K [0x00000000f7d00000, 0x0000000100000000, 0x0000000100000000)
 Metaspace       used 51901K, capacity 54790K, committed 55680K, reserved 1097728K
  class space    used 6336K, capacity 6839K, committed 7040K, reserved 1048576K
}
{Heap before GC invocations=86 (full 41):
 par new generation   total 115200K, used 113282K [0x00000000f0000000, 0x00000000f7d00000, 0x00000000f7d00000)
  eden space 102400K, 100% used [0x00000000f0000000, 0x00000000f6400000, 0x00000000f6400000)
  from space 12800K,  85% used [0x00000000f6400000, 0x00000000f6ea0be8, 0x00000000f7080000)
  to   space 12800K,   0% used [0x00000000f7080000, 0x00000000f7080000, 0x00000000f7d00000)
 concurrent mark-sweep generation total 134144K, used 120668K [0x00000000f7d00000, 0x0000000100000000, 0x0000000100000000)
 Metaspace       used 51901K, capacity 54790K, committed 55680K, reserved 1097728K
  class space    used 6336K, capacity 6839K, committed 7040K, reserved 1048576K
2023-01-17T04:31:00.842+0800: 70.750: [GC (Allocation Failure) 2023-01-17T04:31:00.843+0800: 70.750: [ParNew: 113282K->11735K(115200K), 0.0155618 secs] 233951K->132762K(249344K), 0.0159168 secs] [Times: user=0.05 sys=0.00, real=0.01 secs] 
Heap after GC invocations=87 (full 41):
 par new generation   total 115200K, used 11735K [0x00000000f0000000, 0x00000000f7d00000, 0x00000000f7d00000)
  eden space 102400K,   0% used [0x00000000f0000000, 0x00000000f0000000, 0x00000000f6400000)
  from space 12800K,  91% used [0x00000000f7080000, 0x00000000f7bf5dc8, 0x00000000f7d00000)
  to   space 12800K,   0% used [0x00000000f6400000, 0x00000000f6400000, 0x00000000f7080000)
 concurrent mark-sweep generation total 134144K, used 121026K [0x00000000f7d00000, 0x0000000100000000, 0x0000000100000000)
 Metaspace       used 51901K, capacity 54790K, committed 55680K, reserved 1097728K
  class space    used 6336K, capacity 6839K, committed 7040K, reserved 1048576K
}
{Heap before GC invocations=87 (full 41):
 par new generation   total 115200K, used 114135K [0x00000000f0000000, 0x00000000f7d00000, 0x00000000f7d00000)
  eden space 102400K, 100% used [0x00000000f0000000, 0x00000000f6400000, 0x00000000f6400000)
  from space 12800K,  91% used [0x00000000f7080000, 0x00000000f7bf5dc8, 0x00000000f7d00000)
  to   space 12800K,   0% used [0x00000000f6400000, 0x00000000f6400000, 0x00000000f7080000)
 concurrent mark-sweep generation total 134144K, used 121026K [0x00000000f7d00000, 0x0000000100000000, 0x0000000100000000)
 Metaspace       used 51901K, capacity 54790K, committed 55680K, reserved 1097728K
  class space    used 6336K, capacity 6839K, committed 7040K, reserved 1048576K
2023-01-17T04:31:01.302+0800: 71.210: [GC (Allocation Failure) 2023-01-17T04:31:01.303+0800: 71.210: [ParNew: 114135K->8494K(115200K), 0.0131596 secs] 235162K->129871K(249344K), 0.0135026 secs] [Times: user=0.05 sys=0.00, real=0.01 secs] 
Heap after GC invocations=88 (full 41):
 par new generation   total 115200K, used 8494K [0x00000000f0000000, 0x00000000f7d00000, 0x00000000f7d00000)
  eden space 102400K,   0% used [0x00000000f0000000, 0x00000000f0000000, 0x00000000f6400000)
  from space 12800K,  66% used [0x00000000f6400000, 0x00000000f6c4bbc0, 0x00000000f7080000)
  to   space 12800K,   0% used [0x00000000f7080000, 0x00000000f7080000, 0x00000000f7d00000)
 concurrent mark-sweep generation total 134144K, used 121376K [0x00000000f7d00000, 0x0000000100000000, 0x0000000100000000)
 Metaspace       used 51901K, capacity 54790K, committed 55680K, reserved 1097728K
  class space    used 6336K, capacity 6839K, committed 7040K, reserved 1048576K
}
{Heap before GC invocations=88 (full 41):
 par new generation   total 115200K, used 110894K [0x00000000f0000000, 0x00000000f7d00000, 0x00000000f7d00000)
  eden space 102400K, 100% used [0x00000000f0000000, 0x00000000f6400000, 0x00000000f6400000)
  from space 12800K,  66% used [0x00000000f6400000, 0x00000000f6c4bbc0, 0x00000000f7080000)
  to   space 12800K,   0% used [0x00000000f7080000, 0x00000000f7080000, 0x00000000f7d00000)
 concurrent mark-sweep generation total 134144K, used 121376K [0x00000000f7d00000, 0x0000000100000000, 0x0000000100000000)
 Metaspace       used 51902K, capacity 54790K, committed 55680K, reserved 1097728K
  class space    used 6336K, capacity 6839K, committed 7040K, reserved 1048576K
2023-01-17T04:31:01.781+0800: 71.688: [GC (Allocation Failure) 2023-01-17T04:31:01.781+0800: 71.689: [ParNew: 110894K->10883K(115200K), 0.0161097 secs] 232271K->132596K(249344K), 0.0164780 secs] [Times: user=0.05 sys=0.00, real=0.01 secs] 
Heap after GC invocations=89 (full 41):
 par new generation   total 115200K, used 10883K [0x00000000f0000000, 0x00000000f7d00000, 0x00000000f7d00000)
  eden space 102400K,   0% used [0x00000000f0000000, 0x00000000f0000000, 0x00000000f6400000)
  from space 12800K,  85% used [0x00000000f7080000, 0x00000000f7b20cc8, 0x00000000f7d00000)
  to   space 12800K,   0% used [0x00000000f6400000, 0x00000000f6400000, 0x00000000f7080000)
 concurrent mark-sweep generation total 134144K, used 121713K [0x00000000f7d00000, 0x0000000100000000, 0x0000000100000000)
 Metaspace       used 51902K, capacity 54790K, committed 55680K, reserved 1097728K
  class space    used 6336K, capacity 6839K, committed 7040K, reserved 1048576K
}
{Heap before GC invocations=89 (full 41):
 par new generation   total 115200K, used 113283K [0x00000000f0000000, 0x00000000f7d00000, 0x00000000f7d00000)
  eden space 102400K, 100% used [0x00000000f0000000, 0x00000000f6400000, 0x00000000f6400000)
  from space 12800K,  85% used [0x00000000f7080000, 0x00000000f7b20cc8, 0x00000000f7d00000)
  to   space 12800K,   0% used [0x00000000f6400000, 0x00000000f6400000, 0x00000000f7080000)
 concurrent mark-sweep generation total 134144K, used 121713K [0x00000000f7d00000, 0x0000000100000000, 0x0000000100000000)
 Metaspace       used 51902K, capacity 54790K, committed 55680K, reserved 1097728K
  class space    used 6336K, capacity 6839K, committed 7040K, reserved 1048576K
2023-01-17T04:31:02.271+0800: 72.179: [GC (Allocation Failure) 2023-01-17T04:31:02.272+0800: 72.180: [ParNew: 113283K->11757K(115200K), 0.0141198 secs] 234996K->133811K(249344K), 0.0144892 secs] [Times: user=0.04 sys=0.00, real=0.01 secs] 
Heap after GC invocations=90 (full 41):
 par new generation   total 115200K, used 11757K [0x00000000f0000000, 0x00000000f7d00000, 0x00000000f7d00000)
  eden space 102400K,   0% used [0x00000000f0000000, 0x00000000f0000000, 0x00000000f6400000)
  from space 12800K,  91% used [0x00000000f6400000, 0x00000000f6f7b5f0, 0x00000000f7080000)
  to   space 12800K,   0% used [0x00000000f7080000, 0x00000000f7080000, 0x00000000f7d00000)
 concurrent mark-sweep generation total 134144K, used 122054K [0x00000000f7d00000, 0x0000000100000000, 0x0000000100000000)
 Metaspace       used 51902K, capacity 54790K, committed 55680K, reserved 1097728K
  class space    used 6336K, capacity 6839K, committed 7040K, reserved 1048576K
}
{Heap before GC invocations=90 (full 41):
 par new generation   total 115200K, used 114157K [0x00000000f0000000, 0x00000000f7d00000, 0x00000000f7d00000)
  eden space 102400K, 100% used [0x00000000f0000000, 0x00000000f6400000, 0x00000000f6400000)
  from space 12800K,  91% used [0x00000000f6400000, 0x00000000f6f7b5f0, 0x00000000f7080000)
  to   space 12800K,   0% used [0x00000000f7080000, 0x00000000f7080000, 0x00000000f7d00000)
 concurrent mark-sweep generation total 134144K, used 122054K [0x00000000f7d00000, 0x0000000100000000, 0x0000000100000000)
 Metaspace       used 51902K, capacity 54790K, committed 55680K, reserved 1097728K
  class space    used 6336K, capacity 6839K, committed 7040K, reserved 1048576K
2023-01-17T04:31:02.766+0800: 72.674: [GC (Allocation Failure) 2023-01-17T04:31:02.767+0800: 72.674: [ParNew: 114157K->8518K(115200K), 0.0123734 secs] 236211K->130928K(249344K), 0.0127115 secs] [Times: user=0.05 sys=0.00, real=0.01 secs] 
Heap after GC invocations=91 (full 41):
 par new generation   total 115200K, used 8518K [0x00000000f0000000, 0x00000000f7d00000, 0x00000000f7d00000)
  eden space 102400K,   0% used [0x00000000f0000000, 0x00000000f0000000, 0x00000000f6400000)
  from space 12800K,  66% used [0x00000000f7080000, 0x00000000f78d1a80, 0x00000000f7d00000)
  to   space 12800K,   0% used [0x00000000f6400000, 0x00000000f6400000, 0x00000000f7080000)
 concurrent mark-sweep generation total 134144K, used 122410K [0x00000000f7d00000, 0x0000000100000000, 0x0000000100000000)
 Metaspace       used 51902K, capacity 54790K, committed 55680K, reserved 1097728K
  class space    used 6336K, capacity 6839K, committed 7040K, reserved 1048576K
}
{Heap before GC invocations=91 (full 41):
 par new generation   total 115200K, used 110918K [0x00000000f0000000, 0x00000000f7d00000, 0x00000000f7d00000)
  eden space 102400K, 100% used [0x00000000f0000000, 0x00000000f6400000, 0x00000000f6400000)
  from space 12800K,  66% used [0x00000000f7080000, 0x00000000f78d1a80, 0x00000000f7d00000)
  to   space 12800K,   0% used [0x00000000f6400000, 0x00000000f6400000, 0x00000000f7080000)
 concurrent mark-sweep generation total 134144K, used 122410K [0x00000000f7d00000, 0x0000000100000000, 0x0000000100000000)
 Metaspace       used 51902K, capacity 54790K, committed 55680K, reserved 1097728K
  class space    used 6336K, capacity 6839K, committed 7040K, reserved 1048576K
2023-01-17T04:31:03.249+0800: 73.157: [GC (Allocation Failure) 2023-01-17T04:31:03.250+0800: 73.157: [ParNew: 110918K->10911K(115200K), 0.0123327 secs] 233328K->133649K(249344K), 0.0126752 secs] [Times: user=0.05 sys=0.00, real=0.02 secs] 
Heap after GC invocations=92 (full 41):
 par new generation   total 115200K, used 10911K [0x00000000f0000000, 0x00000000f7d00000, 0x00000000f7d00000)
  eden space 102400K,   0% used [0x00000000f0000000, 0x00000000f0000000, 0x00000000f6400000)
  from space 12800K,  85% used [0x00000000f6400000, 0x00000000f6ea7f68, 0x00000000f7080000)
  to   space 12800K,   0% used [0x00000000f7080000, 0x00000000f7080000, 0x00000000f7d00000)
 concurrent mark-sweep generation total 134144K, used 122738K [0x00000000f7d00000, 0x0000000100000000, 0x0000000100000000)
 Metaspace       used 51902K, capacity 54790K, committed 55680K, reserved 1097728K
  class space    used 6336K, capacity 6839K, committed 7040K, reserved 1048576K
}
{Heap before GC invocations=92 (full 41):
 par new generation   total 115200K, used 113311K [0x00000000f0000000, 0x00000000f7d00000, 0x00000000f7d00000)
  eden space 102400K, 100% used [0x00000000f0000000, 0x00000000f6400000, 0x00000000f6400000)
  from space 12800K,  85% used [0x00000000f6400000, 0x00000000f6ea7f68, 0x00000000f7080000)
  to   space 12800K,   0% used [0x00000000f7080000, 0x00000000f7080000, 0x00000000f7d00000)
 concurrent mark-sweep generation total 134144K, used 122738K [0x00000000f7d00000, 0x0000000100000000, 0x0000000100000000)
 Metaspace       used 51902K, capacity 54790K, committed 55680K, reserved 1097728K
  class space    used 6336K, capacity 6839K, committed 7040K, reserved 1048576K
2023-01-17T04:31:03.687+0800: 73.594: [GC (Allocation Failure) 2023-01-17T04:31:03.687+0800: 73.595: [ParNew: 113311K->11754K(115200K), 0.0122648 secs] 236049K->134849K(249344K), 0.0126032 secs] [Times: user=0.05 sys=0.00, real=0.01 secs] 
Heap after GC invocations=93 (full 41):
 par new generation   total 115200K, used 11754K [0x00000000f0000000, 0x00000000f7d00000, 0x00000000f7d00000)
  eden space 102400K,   0% used [0x00000000f0000000, 0x00000000f0000000, 0x00000000f6400000)
  from space 12800K,  91% used [0x00000000f7080000, 0x00000000f7bfa9b0, 0x00000000f7d00000)
  to   space 12800K,   0% used [0x00000000f6400000, 0x00000000f6400000, 0x00000000f7080000)
 concurrent mark-sweep generation total 134144K, used 123095K [0x00000000f7d00000, 0x0000000100000000, 0x0000000100000000)
 Metaspace       used 51902K, capacity 54790K, committed 55680K, reserved 1097728K
  class space    used 6336K, capacity 6839K, committed 7040K, reserved 1048576K
}
{Heap before GC invocations=93 (full 41):
 par new generation   total 115200K, used 114154K [0x00000000f0000000, 0x00000000f7d00000, 0x00000000f7d00000)
  eden space 102400K, 100% used [0x00000000f0000000, 0x00000000f6400000, 0x00000000f6400000)
  from space 12800K,  91% used [0x00000000f7080000, 0x00000000f7bfa9b0, 0x00000000f7d00000)
  to   space 12800K,   0% used [0x00000000f6400000, 0x00000000f6400000, 0x00000000f7080000)
 concurrent mark-sweep generation total 134144K, used 123095K [0x00000000f7d00000, 0x0000000100000000, 0x0000000100000000)
 Metaspace       used 51903K, capacity 54790K, committed 55680K, reserved 1097728K
  class space    used 6336K, capacity 6839K, committed 7040K, reserved 1048576K
2023-01-17T04:31:04.168+0800: 74.076: [GC (Allocation Failure) 2023-01-17T04:31:04.168+0800: 74.076: [ParNew: 114154K->9576K(115200K), 0.0146700 secs] 237249K->133030K(249344K), 0.0150088 secs] [Times: user=0.05 sys=0.00, real=0.02 secs] 
Heap after GC invocations=94 (full 41):
 par new generation   total 115200K, used 9576K [0x00000000f0000000, 0x00000000f7d00000, 0x00000000f7d00000)
  eden space 102400K,   0% used [0x00000000f0000000, 0x00000000f0000000, 0x00000000f6400000)
  from space 12800K,  74% used [0x00000000f6400000, 0x00000000f6d5a090, 0x00000000f7080000)
  to   space 12800K,   0% used [0x00000000f7080000, 0x00000000f7080000, 0x00000000f7d00000)
 concurrent mark-sweep generation total 134144K, used 123454K [0x00000000f7d00000, 0x0000000100000000, 0x0000000100000000)
 Metaspace       used 51903K, capacity 54790K, committed 55680K, reserved 1097728K
  class space    used 6336K, capacity 6839K, committed 7040K, reserved 1048576K
}
2023-01-17T04:31:04.187+0800: 74.094: [GC (CMS Initial Mark) [1 CMS-initial-mark: 123454K(134144K)] 133102K(249344K), 0.0047568 secs] [Times: user=0.02 sys=0.00, real=0.01 secs] 
2023-01-17T04:31:04.192+0800: 74.099: [CMS-concurrent-mark-start]
2023-01-17T04:31:04.241+0800: 74.149: [CMS-concurrent-mark: 0.050/0.050 secs] [Times: user=0.07 sys=0.01, real=0.05 secs] 
2023-01-17T04:31:04.242+0800: 74.149: [CMS-concurrent-preclean-start]
2023-01-17T04:31:04.244+0800: 74.152: [CMS-concurrent-preclean: 0.002/0.003 secs] [Times: user=0.00 sys=0.00, real=0.00 secs] 
2023-01-17T04:31:04.244+0800: 74.152: [CMS-concurrent-abortable-preclean-start]
2023-01-17T04:31:04.437+0800: 74.345: [CMS-concurrent-abortable-preclean: 0.191/0.193 secs] [Times: user=0.34 sys=0.05, real=0.19 secs] 
2023-01-17T04:31:04.441+0800: 74.348: [GC (CMS Final Remark) [YG occupancy: 64392 K (115200 K)]2023-01-17T04:31:04.441+0800: 74.349: [Rescan (parallel) , 0.0237457 secs]2023-01-17T04:31:04.465+0800: 74.372: [weak refs processing, 0.0000458 secs]2023-01-17T04:31:04.465+0800: 74.372: [class unloading, 0.0131572 secs]2023-01-17T04:31:04.478+0800: 74.386: [scrub symbol table, 0.0051659 secs]2023-01-17T04:31:04.483+0800: 74.391: [scrub string table, 0.0009194 secs][1 CMS-remark: 123454K(134144K)] 187847K(249344K), 0.0432209 secs] [Times: user=0.08 sys=0.00, real=0.04 secs] 
2023-01-17T04:31:04.484+0800: 74.392: [CMS-concurrent-sweep-start]
2023-01-17T04:31:04.504+0800: 74.412: [CMS-concurrent-sweep: 0.020/0.020 secs] [Times: user=0.05 sys=0.00, real=0.02 secs] 
2023-01-17T04:31:04.504+0800: 74.412: [CMS-concurrent-reset-start]
2023-01-17T04:31:04.504+0800: 74.412: [CMS-concurrent-reset: 0.000/0.000 secs] [Times: user=0.00 sys=0.00, real=0.00 secs] 
{Heap before GC invocations=94 (full 42):
 par new generation   total 115200K, used 111976K [0x00000000f0000000, 0x00000000f7d00000, 0x00000000f7d00000)
  eden space 102400K, 100% used [0x00000000f0000000, 0x00000000f6400000, 0x00000000f6400000)
  from space 12800K,  74% used [0x00000000f6400000, 0x00000000f6d5a090, 0x00000000f7080000)
  to   space 12800K,   0% used [0x00000000f7080000, 0x00000000f7080000, 0x00000000f7d00000)
 concurrent mark-sweep generation total 134144K, used 119979K [0x00000000f7d00000, 0x0000000100000000, 0x0000000100000000)
 Metaspace       used 51904K, capacity 54790K, committed 55680K, reserved 1097728K
  class space    used 6336K, capacity 6839K, committed 7040K, reserved 1048576K
2023-01-17T04:31:04.655+0800: 74.563: [GC (Allocation Failure) 2023-01-17T04:31:04.656+0800: 74.563: [ParNew: 111976K->10867K(115200K), 0.0132281 secs] 231956K->131197K(249344K), 0.0135460 secs] [Times: user=0.05 sys=0.00, real=0.01 secs] 
Heap after GC invocations=95 (full 42):
 par new generation   total 115200K, used 10867K [0x00000000f0000000, 0x00000000f7d00000, 0x00000000f7d00000)
  eden space 102400K,   0% used [0x00000000f0000000, 0x00000000f0000000, 0x00000000f6400000)
  from space 12800K,  84% used [0x00000000f7080000, 0x00000000f7b1cd40, 0x00000000f7d00000)
  to   space 12800K,   0% used [0x00000000f6400000, 0x00000000f6400000, 0x00000000f7080000)
 concurrent mark-sweep generation total 134144K, used 120329K [0x00000000f7d00000, 0x0000000100000000, 0x0000000100000000)
 Metaspace       used 51904K, capacity 54790K, committed 55680K, reserved 1097728K
  class space    used 6336K, capacity 6839K, committed 7040K, reserved 1048576K
}
{Heap before GC invocations=95 (full 42):
 par new generation   total 115200K, used 113267K [0x00000000f0000000, 0x00000000f7d00000, 0x00000000f7d00000)
  eden space 102400K, 100% used [0x00000000f0000000, 0x00000000f6400000, 0x00000000f6400000)
  from space 12800K,  84% used [0x00000000f7080000, 0x00000000f7b1cd40, 0x00000000f7d00000)
  to   space 12800K,   0% used [0x00000000f6400000, 0x00000000f6400000, 0x00000000f7080000)
 concurrent mark-sweep generation total 134144K, used 120329K [0x00000000f7d00000, 0x0000000100000000, 0x0000000100000000)
 Metaspace       used 51904K, capacity 54790K, committed 55680K, reserved 1097728K
  class space    used 6336K, capacity 6839K, committed 7040K, reserved 1048576K
2023-01-17T04:31:05.147+0800: 75.055: [GC (Allocation Failure) 2023-01-17T04:31:05.147+0800: 75.055: [ParNew: 113267K->11744K(115200K), 0.0183291 secs] 233597K->132432K(249344K), 0.0186728 secs] [Times: user=0.05 sys=0.00, real=0.02 secs] 
Heap after GC invocations=96 (full 42):
 par new generation   total 115200K, used 11744K [0x00000000f0000000, 0x00000000f7d00000, 0x00000000f7d00000)
  eden space 102400K,   0% used [0x00000000f0000000, 0x00000000f0000000, 0x00000000f6400000)
  from space 12800K,  91% used [0x00000000f6400000, 0x00000000f6f783d8, 0x00000000f7080000)
  to   space 12800K,   0% used [0x00000000f7080000, 0x00000000f7080000, 0x00000000f7d00000)
 concurrent mark-sweep generation total 134144K, used 120687K [0x00000000f7d00000, 0x0000000100000000, 0x0000000100000000)
 Metaspace       used 51904K, capacity 54790K, committed 55680K, reserved 1097728K
  class space    used 6336K, capacity 6839K, committed 7040K, reserved 1048576K
}
{Heap before GC invocations=96 (full 42):
 par new generation   total 115200K, used 114144K [0x00000000f0000000, 0x00000000f7d00000, 0x00000000f7d00000)
  eden space 102400K, 100% used [0x00000000f0000000, 0x00000000f6400000, 0x00000000f6400000)
  from space 12800K,  91% used [0x00000000f6400000, 0x00000000f6f783d8, 0x00000000f7080000)
  to   space 12800K,   0% used [0x00000000f7080000, 0x00000000f7080000, 0x00000000f7d00000)
 concurrent mark-sweep generation total 134144K, used 120687K [0x00000000f7d00000, 0x0000000100000000, 0x0000000100000000)
 Metaspace       used 51904K, capacity 54790K, committed 55680K, reserved 1097728K
  class space    used 6336K, capacity 6839K, committed 7040K, reserved 1048576K
2023-01-17T04:31:05.635+0800: 75.543: [GC (Allocation Failure) 2023-01-17T04:31:05.635+0800: 75.543: [ParNew: 114144K->8514K(115200K), 0.0124896 secs] 234832K->129560K(249344K), 0.0128183 secs] [Times: user=0.05 sys=0.00, real=0.01 secs] 
Heap after GC invocations=97 (full 42):
 par new generation   total 115200K, used 8514K [0x00000000f0000000, 0x00000000f7d00000, 0x00000000f7d00000)
  eden space 102400K,   0% used [0x00000000f0000000, 0x00000000f0000000, 0x00000000f6400000)
  from space 12800K,  66% used [0x00000000f7080000, 0x00000000f78d0840, 0x00000000f7d00000)
  to   space 12800K,   0% used [0x00000000f6400000, 0x00000000f6400000, 0x00000000f7080000)
 concurrent mark-sweep generation total 134144K, used 121046K [0x00000000f7d00000, 0x0000000100000000, 0x0000000100000000)
 Metaspace       used 51904K, capacity 54790K, committed 55680K, reserved 1097728K
  class space    used 6336K, capacity 6839K, committed 7040K, reserved 1048576K
}
{Heap before GC invocations=97 (full 42):
 par new generation   total 115200K, used 110914K [0x00000000f0000000, 0x00000000f7d00000, 0x00000000f7d00000)
  eden space 102400K, 100% used [0x00000000f0000000, 0x00000000f6400000, 0x00000000f6400000)
  from space 12800K,  66% used [0x00000000f7080000, 0x00000000f78d0840, 0x00000000f7d00000)
  to   space 12800K,   0% used [0x00000000f6400000, 0x00000000f6400000, 0x00000000f7080000)
 concurrent mark-sweep generation total 134144K, used 121046K [0x00000000f7d00000, 0x0000000100000000, 0x0000000100000000)
 Metaspace       used 51904K, capacity 54790K, committed 55680K, reserved 1097728K
  class space    used 6336K, capacity 6839K, committed 7040K, reserved 1048576K
2023-01-17T04:31:06.127+0800: 76.035: [GC (Allocation Failure) 2023-01-17T04:31:06.128+0800: 76.036: [ParNew: 110914K->10864K(115200K), 0.0156792 secs] 231960K->132270K(249344K), 0.0160298 secs] [Times: user=0.05 sys=0.00, real=0.02 secs] 
Heap after GC invocations=98 (full 42):
 par new generation   total 115200K, used 10864K [0x00000000f0000000, 0x00000000f7d00000, 0x00000000f7d00000)
  eden space 102400K,   0% used [0x00000000f0000000, 0x00000000f0000000, 0x00000000f6400000)
  from space 12800K,  84% used [0x00000000f6400000, 0x00000000f6e9c150, 0x00000000f7080000)
  to   space 12800K,   0% used [0x00000000f7080000, 0x00000000f7080000, 0x00000000f7d00000)
 concurrent mark-sweep generation total 134144K, used 121406K [0x00000000f7d00000, 0x0000000100000000, 0x0000000100000000)
 Metaspace       used 51904K, capacity 54790K, committed 55680K, reserved 1097728K
  class space    used 6336K, capacity 6839K, committed 7040K, reserved 1048576K
}
{Heap before GC invocations=98 (full 42):
 par new generation   total 115200K, used 113264K [0x00000000f0000000, 0x00000000f7d00000, 0x00000000f7d00000)
  eden space 102400K, 100% used [0x00000000f0000000, 0x00000000f6400000, 0x00000000f6400000)
  from space 12800K,  84% used [0x00000000f6400000, 0x00000000f6e9c150, 0x00000000f7080000)
  to   space 12800K,   0% used [0x00000000f7080000, 0x00000000f7080000, 0x00000000f7d00000)
 concurrent mark-sweep generation total 134144K, used 121406K [0x00000000f7d00000, 0x0000000100000000, 0x0000000100000000)
 Metaspace       used 51904K, capacity 54790K, committed 55680K, reserved 1097728K
  class space    used 6336K, capacity 6839K, committed 7040K, reserved 1048576K
2023-01-17T04:31:06.609+0800: 76.517: [GC (Allocation Failure) 2023-01-17T04:31:06.609+0800: 76.517: [ParNew: 113264K->11720K(115200K), 0.0185187 secs] 234670K->133476K(249344K), 0.0189342 secs] [Times: user=0.05 sys=0.00, real=0.02 secs] 
Heap after GC invocations=99 (full 42):
 par new generation   total 115200K, used 11720K [0x00000000f0000000, 0x00000000f7d00000, 0x00000000f7d00000)
  eden space 102400K,   0% used [0x00000000f0000000, 0x00000000f0000000, 0x00000000f6400000)
  from space 12800K,  91% used [0x00000000f7080000, 0x00000000f7bf2050, 0x00000000f7d00000)
  to   space 12800K,   0% used [0x00000000f6400000, 0x00000000f6400000, 0x00000000f7080000)
 concurrent mark-sweep generation total 134144K, used 121756K [0x00000000f7d00000, 0x0000000100000000, 0x0000000100000000)
 Metaspace       used 51904K, capacity 54790K, committed 55680K, reserved 1097728K
  class space    used 6336K, capacity 6839K, committed 7040K, reserved 1048576K
}
{Heap before GC invocations=99 (full 42):
 par new generation   total 115200K, used 114120K [0x00000000f0000000, 0x00000000f7d00000, 0x00000000f7d00000)
  eden space 102400K, 100% used [0x00000000f0000000, 0x00000000f6400000, 0x00000000f6400000)
  from space 12800K,  91% used [0x00000000f7080000, 0x00000000f7bf2050, 0x00000000f7d00000)
  to   space 12800K,   0% used [0x00000000f6400000, 0x00000000f6400000, 0x00000000f7080000)
 concurrent mark-sweep generation total 134144K, used 121756K [0x00000000f7d00000, 0x0000000100000000, 0x0000000100000000)
 Metaspace       used 51904K, capacity 54790K, committed 55680K, reserved 1097728K
  class space    used 6336K, capacity 6839K, committed 7040K, reserved 1048576K
2023-01-17T04:31:07.077+0800: 76.985: [GC (Allocation Failure) 2023-01-17T04:31:07.078+0800: 76.985: [ParNew: 114120K->8496K(115200K), 0.0172707 secs] 235876K->130616K(249344K), 0.0176509 secs] [Times: user=0.05 sys=0.00, real=0.02 secs] 
Heap after GC invocations=100 (full 42):
 par new generation   total 115200K, used 8496K [0x00000000f0000000, 0x00000000f7d00000, 0x00000000f7d00000)
  eden space 102400K,   0% used [0x00000000f0000000, 0x00000000f0000000, 0x00000000f6400000)
  from space 12800K,  66% used [0x00000000f6400000, 0x00000000f6c4c2c0, 0x00000000f7080000)
  to   space 12800K,   0% used [0x00000000f7080000, 0x00000000f7080000, 0x00000000f7d00000)
 concurrent mark-sweep generation total 134144K, used 122120K [0x00000000f7d00000, 0x0000000100000000, 0x0000000100000000)
 Metaspace       used 51904K, capacity 54790K, committed 55680K, reserved 1097728K
  class space    used 6336K, capacity 6839K, committed 7040K, reserved 1048576K
}
{Heap before GC invocations=100 (full 42):
 par new generation   total 115200K, used 110896K [0x00000000f0000000, 0x00000000f7d00000, 0x00000000f7d00000)
  eden space 102400K, 100% used [0x00000000f0000000, 0x00000000f6400000, 0x00000000f6400000)
  from space 12800K,  66% used [0x00000000f6400000, 0x00000000f6c4c2c0, 0x00000000f7080000)
  to   space 12800K,   0% used [0x00000000f7080000, 0x00000000f7080000, 0x00000000f7d00000)
 concurrent mark-sweep generation total 134144K, used 122120K [0x00000000f7d00000, 0x0000000100000000, 0x0000000100000000)
 Metaspace       used 51904K, capacity 54790K, committed 55680K, reserved 1097728K
  class space    used 6336K, capacity 6839K, committed 7040K, reserved 1048576K
2023-01-17T04:31:07.541+0800: 77.449: [GC (Allocation Failure) 2023-01-17T04:31:07.541+0800: 77.449: [ParNew: 110896K->12414K(115200K), 0.0122494 secs] 233016K->134899K(249344K), 0.0125890 secs] [Times: user=0.05 sys=0.00, real=0.01 secs] 
Heap after GC invocations=101 (full 42):
 par new generation   total 115200K, used 12414K [0x00000000f0000000, 0x00000000f7d00000, 0x00000000f7d00000)
  eden space 102400K,   0% used [0x00000000f0000000, 0x00000000f0000000, 0x00000000f6400000)
  from space 12800K,  96% used [0x00000000f7080000, 0x00000000f7c9fb80, 0x00000000f7d00000)
  to   space 12800K,   0% used [0x00000000f6400000, 0x00000000f6400000, 0x00000000f7080000)
 concurrent mark-sweep generation total 134144K, used 122484K [0x00000000f7d00000, 0x0000000100000000, 0x0000000100000000)
 Metaspace       used 51904K, capacity 54790K, committed 55680K, reserved 1097728K
  class space    used 6336K, capacity 6839K, committed 7040K, reserved 1048576K
}
{Heap before GC invocations=101 (full 42):
 par new generation   total 115200K, used 114814K [0x00000000f0000000, 0x00000000f7d00000, 0x00000000f7d00000)
  eden space 102400K, 100% used [0x00000000f0000000, 0x00000000f6400000, 0x00000000f6400000)
  from space 12800K,  96% used [0x00000000f7080000, 0x00000000f7c9fb80, 0x00000000f7d00000)
  to   space 12800K,   0% used [0x00000000f6400000, 0x00000000f6400000, 0x00000000f7080000)
 concurrent mark-sweep generation total 134144K, used 122484K [0x00000000f7d00000, 0x0000000100000000, 0x0000000100000000)
 Metaspace       used 51904K, capacity 54790K, committed 55680K, reserved 1097728K
  class space    used 6336K, capacity 6839K, committed 7040K, reserved 1048576K
2023-01-17T04:31:08.024+0800: 77.932: [GC (Allocation Failure) 2023-01-17T04:31:08.025+0800: 77.932: [ParNew: 114814K->9272K(115200K), 0.0172686 secs] 237299K->132118K(249344K), 0.0176541 secs] [Times: user=0.05 sys=0.00, real=0.02 secs] 
Heap after GC invocations=102 (full 42):
 par new generation   total 115200K, used 9272K [0x00000000f0000000, 0x00000000f7d00000, 0x00000000f7d00000)
  eden space 102400K,   0% used [0x00000000f0000000, 0x00000000f0000000, 0x00000000f6400000)
  from space 12800K,  72% used [0x00000000f6400000, 0x00000000f6d0e2f8, 0x00000000f7080000)
  to   space 12800K,   0% used [0x00000000f7080000, 0x00000000f7080000, 0x00000000f7d00000)
 concurrent mark-sweep generation total 134144K, used 122845K [0x00000000f7d00000, 0x0000000100000000, 0x0000000100000000)
 Metaspace       used 51904K, capacity 54790K, committed 55680K, reserved 1097728K
  class space    used 6336K, capacity 6839K, committed 7040K, reserved 1048576K
}
{Heap before GC invocations=102 (full 42):
 par new generation   total 115200K, used 111672K [0x00000000f0000000, 0x00000000f7d00000, 0x00000000f7d00000)
  eden space 102400K, 100% used [0x00000000f0000000, 0x00000000f6400000, 0x00000000f6400000)
  from space 12800K,  72% used [0x00000000f6400000, 0x00000000f6d0e2f8, 0x00000000f7080000)
  to   space 12800K,   0% used [0x00000000f7080000, 0x00000000f7080000, 0x00000000f7d00000)
 concurrent mark-sweep generation total 134144K, used 122845K [0x00000000f7d00000, 0x0000000100000000, 0x0000000100000000)
 Metaspace       used 51904K, capacity 54790K, committed 55680K, reserved 1097728K
  class space    used 6336K, capacity 6839K, committed 7040K, reserved 1048576K
2023-01-17T04:31:08.509+0800: 78.417: [GC (Allocation Failure) 2023-01-17T04:31:08.509+0800: 78.417: [ParNew: 111672K->10797K(115200K), 0.0155132 secs] 234518K->133989K(249344K), 0.0158423 secs] [Times: user=0.04 sys=0.00, real=0.02 secs] 
Heap after GC invocations=103 (full 42):
 par new generation   total 115200K, used 10797K [0x00000000f0000000, 0x00000000f7d00000, 0x00000000f7d00000)
  eden space 102400K,   0% used [0x00000000f0000000, 0x00000000f0000000, 0x00000000f6400000)
  from space 12800K,  84% used [0x00000000f7080000, 0x00000000f7b0b638, 0x00000000f7d00000)
  to   space 12800K,   0% used [0x00000000f6400000, 0x00000000f6400000, 0x00000000f7080000)
 concurrent mark-sweep generation total 134144K, used 123192K [0x00000000f7d00000, 0x0000000100000000, 0x0000000100000000)
 Metaspace       used 51904K, capacity 54790K, committed 55680K, reserved 1097728K
  class space    used 6336K, capacity 6839K, committed 7040K, reserved 1048576K
}
{Heap before GC invocations=103 (full 42):
 par new generation   total 115200K, used 113197K [0x00000000f0000000, 0x00000000f7d00000, 0x00000000f7d00000)
  eden space 102400K, 100% used [0x00000000f0000000, 0x00000000f6400000, 0x00000000f6400000)
  from space 12800K,  84% used [0x00000000f7080000, 0x00000000f7b0b638, 0x00000000f7d00000)
  to   space 12800K,   0% used [0x00000000f6400000, 0x00000000f6400000, 0x00000000f7080000)
 concurrent mark-sweep generation total 134144K, used 123192K [0x00000000f7d00000, 0x0000000100000000, 0x0000000100000000)
 Metaspace       used 51904K, capacity 54790K, committed 55680K, reserved 1097728K
  class space    used 6336K, capacity 6839K, committed 7040K, reserved 1048576K
2023-01-17T04:31:08.931+0800: 78.839: [GC (Allocation Failure) 2023-01-17T04:31:08.931+0800: 78.839: [ParNew: 113197K->11717K(115200K), 0.0124742 secs] 236389K->135272K(249344K), 0.0128475 secs] [Times: user=0.05 sys=0.00, real=0.01 secs] 
Heap after GC invocations=104 (full 42):
 par new generation   total 115200K, used 11717K [0x00000000f0000000, 0x00000000f7d00000, 0x00000000f7d00000)
  eden space 102400K,   0% used [0x00000000f0000000, 0x00000000f0000000, 0x00000000f6400000)
  from space 12800K,  91% used [0x00000000f6400000, 0x00000000f6f717c8, 0x00000000f7080000)
  to   space 12800K,   0% used [0x00000000f7080000, 0x00000000f7080000, 0x00000000f7d00000)
 concurrent mark-sweep generation total 134144K, used 123554K [0x00000000f7d00000, 0x0000000100000000, 0x0000000100000000)
 Metaspace       used 51904K, capacity 54790K, committed 55680K, reserved 1097728K
  class space    used 6336K, capacity 6839K, committed 7040K, reserved 1048576K
}
2023-01-17T04:31:08.948+0800: 78.856: [GC (CMS Initial Mark) [1 CMS-initial-mark: 123554K(134144K)] 135580K(249344K), 0.0047202 secs] [Times: user=0.02 sys=0.00, real=0.01 secs] 
2023-01-17T04:31:08.953+0800: 78.861: [CMS-concurrent-mark-start]
2023-01-17T04:31:09.003+0800: 78.911: [CMS-concurrent-mark: 0.049/0.049 secs] [Times: user=0.06 sys=0.01, real=0.05 secs] 
2023-01-17T04:31:09.003+0800: 78.911: [CMS-concurrent-preclean-start]
2023-01-17T04:31:09.006+0800: 78.913: [CMS-concurrent-preclean: 0.002/0.003 secs] [Times: user=0.00 sys=0.00, real=0.00 secs] 
2023-01-17T04:31:09.006+0800: 78.914: [CMS-concurrent-abortable-preclean-start]
2023-01-17T04:31:09.229+0800: 79.136: [CMS-concurrent-abortable-preclean: 0.221/0.223 secs] [Times: user=0.40 sys=0.05, real=0.22 secs] 
2023-01-17T04:31:09.232+0800: 79.140: [GC (CMS Final Remark) [YG occupancy: 72685 K (115200 K)]2023-01-17T04:31:09.232+0800: 79.140: [Rescan (parallel) , 0.0184187 secs]2023-01-17T04:31:09.251+0800: 79.159: [weak refs processing, 0.0000497 secs]2023-01-17T04:31:09.251+0800: 79.159: [class unloading, 0.0132090 secs]2023-01-17T04:31:09.264+0800: 79.172: [scrub symbol table, 0.0052798 secs]2023-01-17T04:31:09.269+0800: 79.177: [scrub string table, 0.0008790 secs][1 CMS-remark: 123554K(134144K)] 196239K(249344K), 0.0380393 secs] [Times: user=0.09 sys=0.00, real=0.04 secs] 
2023-01-17T04:31:09.271+0800: 79.179: [CMS-concurrent-sweep-start]
2023-01-17T04:31:09.296+0800: 79.204: [CMS-concurrent-sweep: 0.025/0.025 secs] [Times: user=0.05 sys=0.00, real=0.02 secs] 
2023-01-17T04:31:09.296+0800: 79.204: [CMS-concurrent-reset-start]
2023-01-17T04:31:09.296+0800: 79.204: [CMS-concurrent-reset: 0.000/0.000 secs] [Times: user=0.00 sys=0.00, real=0.00 secs] 
{Heap before GC invocations=104 (full 43):
 par new generation   total 115200K, used 114117K [0x00000000f0000000, 0x00000000f7d00000, 0x00000000f7d00000)
  eden space 102400K, 100% used [0x00000000f0000000, 0x00000000f6400000, 0x00000000f6400000)
  from space 12800K,  91% used [0x00000000f6400000, 0x00000000f6f717c8, 0x00000000f7080000)
  to   space 12800K,   0% used [0x00000000f7080000, 0x00000000f7080000, 0x00000000f7d00000)
 concurrent mark-sweep generation total 134144K, used 120018K [0x00000000f7d00000, 0x0000000100000000, 0x0000000100000000)
 Metaspace       used 51904K, capacity 54790K, committed 55680K, reserved 1097728K
  class space    used 6336K, capacity 6839K, committed 7040K, reserved 1048576K
2023-01-17T04:31:09.416+0800: 79.324: [GC (Allocation Failure) 2023-01-17T04:31:09.417+0800: 79.324: [ParNew: 114117K->9561K(115200K), 0.0444975 secs] 234136K->129926K(249344K), 0.0449484 secs] [Times: user=0.09 sys=0.00, real=0.05 secs] 
Heap after GC invocations=105 (full 43):
 par new generation   total 115200K, used 9561K [0x00000000f0000000, 0x00000000f7d00000, 0x00000000f7d00000)
  eden space 102400K,   0% used [0x00000000f0000000, 0x00000000f0000000, 0x00000000f6400000)
  from space 12800K,  74% used [0x00000000f7080000, 0x00000000f79d6770, 0x00000000f7d00000)
  to   space 12800K,   0% used [0x00000000f6400000, 0x00000000f6400000, 0x00000000f7080000)
 concurrent mark-sweep generation total 134144K, used 120364K [0x00000000f7d00000, 0x0000000100000000, 0x0000000100000000)
 Metaspace       used 51904K, capacity 54790K, committed 55680K, reserved 1097728K
  class space    used 6336K, capacity 6839K, committed 7040K, reserved 1048576K
}
{Heap before GC invocations=105 (full 43):
 par new generation   total 115200K, used 111961K [0x00000000f0000000, 0x00000000f7d00000, 0x00000000f7d00000)
  eden space 102400K, 100% used [0x00000000f0000000, 0x00000000f6400000, 0x00000000f6400000)
  from space 12800K,  74% used [0x00000000f7080000, 0x00000000f79d6770, 0x00000000f7d00000)
  to   space 12800K,   0% used [0x00000000f6400000, 0x00000000f6400000, 0x00000000f7080000)
 concurrent mark-sweep generation total 134144K, used 120364K [0x00000000f7d00000, 0x0000000100000000, 0x0000000100000000)
 Metaspace       used 51904K, capacity 54790K, committed 55680K, reserved 1097728K
  class space    used 6336K, capacity 6839K, committed 7040K, reserved 1048576K
2023-01-17T04:31:09.898+0800: 79.805: [GC (Allocation Failure) 2023-01-17T04:31:09.898+0800: 79.806: [ParNew: 111961K->10883K(115200K), 0.0162223 secs] 232326K->131584K(249344K), 0.0165761 secs] [Times: user=0.05 sys=0.00, real=0.02 secs] 
Heap after GC invocations=106 (full 43):
 par new generation   total 115200K, used 10883K [0x00000000f0000000, 0x00000000f7d00000, 0x00000000f7d00000)
  eden space 102400K,   0% used [0x00000000f0000000, 0x00000000f0000000, 0x00000000f6400000)
  from space 12800K,  85% used [0x00000000f6400000, 0x00000000f6ea0d70, 0x00000000f7080000)
  to   space 12800K,   0% used [0x00000000f7080000, 0x00000000f7080000, 0x00000000f7d00000)
 concurrent mark-sweep generation total 134144K, used 120701K [0x00000000f7d00000, 0x0000000100000000, 0x0000000100000000)
 Metaspace       used 51904K, capacity 54790K, committed 55680K, reserved 1097728K
  class space    used 6336K, capacity 6839K, committed 7040K, reserved 1048576K
}
{Heap before GC invocations=106 (full 43):
 par new generation   total 115200K, used 113276K [0x00000000f0000000, 0x00000000f7d00000, 0x00000000f7d00000)
  eden space 102400K,  99% used [0x00000000f0000000, 0x00000000f63fe360, 0x00000000f6400000)
  from space 12800K,  85% used [0x00000000f6400000, 0x00000000f6ea0d70, 0x00000000f7080000)
  to   space 12800K,   0% used [0x00000000f7080000, 0x00000000f7080000, 0x00000000f7d00000)
 concurrent mark-sweep generation total 134144K, used 120701K [0x00000000f7d00000, 0x0000000100000000, 0x0000000100000000)
 Metaspace       used 51904K, capacity 54790K, committed 55680K, reserved 1097728K
  class space    used 6336K, capacity 6839K, committed 7040K, reserved 1048576K
2023-01-17T04:31:10.363+0800: 80.271: [GC (Allocation Failure) 2023-01-17T04:31:10.363+0800: 80.271: [ParNew: 113276K->11751K(115200K), 0.0122412 secs] 233977K->132815K(249344K), 0.0125863 secs] [Times: user=0.05 sys=0.00, real=0.01 secs] 
Heap after GC invocations=107 (full 43):
 par new generation   total 115200K, used 11751K [0x00000000f0000000, 0x00000000f7d00000, 0x00000000f7d00000)
  eden space 102400K,   0% used [0x00000000f0000000, 0x00000000f0000000, 0x00000000f6400000)
  from space 12800K,  91% used [0x00000000f7080000, 0x00000000f7bf9fa0, 0x00000000f7d00000)
  to   space 12800K,   0% used [0x00000000f6400000, 0x00000000f6400000, 0x00000000f7080000)
 concurrent mark-sweep generation total 134144K, used 121063K [0x00000000f7d00000, 0x0000000100000000, 0x0000000100000000)
 Metaspace       used 51904K, capacity 54790K, committed 55680K, reserved 1097728K
  class space    used 6336K, capacity 6839K, committed 7040K, reserved 1048576K
}
{Heap before GC invocations=107 (full 43):
 par new generation   total 115200K, used 114148K [0x00000000f0000000, 0x00000000f7d00000, 0x00000000f7d00000)
  eden space 102400K,  99% used [0x00000000f0000000, 0x00000000f63ff238, 0x00000000f6400000)
  from space 12800K,  91% used [0x00000000f7080000, 0x00000000f7bf9fa0, 0x00000000f7d00000)
  to   space 12800K,   0% used [0x00000000f6400000, 0x00000000f6400000, 0x00000000f7080000)
 concurrent mark-sweep generation total 134144K, used 121063K [0x00000000f7d00000, 0x0000000100000000, 0x0000000100000000)
 Metaspace       used 51904K, capacity 54790K, committed 55680K, reserved 1097728K
  class space    used 6336K, capacity 6839K, committed 7040K, reserved 1048576K
2023-01-17T04:31:10.855+0800: 80.763: [GC (Allocation Failure) 2023-01-17T04:31:10.855+0800: 80.763: [ParNew: 114148K->8511K(115200K), 0.0124009 secs] 235211K->129938K(249344K), 0.0127372 secs] [Times: user=0.05 sys=0.00, real=0.01 secs] 
Heap after GC invocations=108 (full 43):
 par new generation   total 115200K, used 8511K [0x00000000f0000000, 0x00000000f7d00000, 0x00000000f7d00000)
  eden space 102400K,   0% used [0x00000000f0000000, 0x00000000f0000000, 0x00000000f6400000)
  from space 12800K,  66% used [0x00000000f6400000, 0x00000000f6c4fc80, 0x00000000f7080000)
  to   space 12800K,   0% used [0x00000000f7080000, 0x00000000f7080000, 0x00000000f7d00000)
 concurrent mark-sweep generation total 134144K, used 121427K [0x00000000f7d00000, 0x0000000100000000, 0x0000000100000000)
 Metaspace       used 51904K, capacity 54790K, committed 55680K, reserved 1097728K
  class space    used 6336K, capacity 6839K, committed 7040K, reserved 1048576K
}
{Heap before GC invocations=108 (full 43):
 par new generation   total 115200K, used 110911K [0x00000000f0000000, 0x00000000f7d00000, 0x00000000f7d00000)
  eden space 102400K, 100% used [0x00000000f0000000, 0x00000000f6400000, 0x00000000f6400000)
  from space 12800K,  66% used [0x00000000f6400000, 0x00000000f6c4fc80, 0x00000000f7080000)
  to   space 12800K,   0% used [0x00000000f7080000, 0x00000000f7080000, 0x00000000f7d00000)
 concurrent mark-sweep generation total 134144K, used 121427K [0x00000000f7d00000, 0x0000000100000000, 0x0000000100000000)
 Metaspace       used 51904K, capacity 54790K, committed 55680K, reserved 1097728K
  class space    used 6336K, capacity 6839K, committed 7040K, reserved 1048576K
2023-01-17T04:31:11.333+0800: 81.241: [GC (Allocation Failure) 2023-01-17T04:31:11.333+0800: 81.241: [ParNew: 110911K->10853K(115200K), 0.0130563 secs] 232338K->132641K(249344K), 0.0133847 secs] [Times: user=0.05 sys=0.00, real=0.01 secs] 
Heap after GC invocations=109 (full 43):
 par new generation   total 115200K, used 10853K [0x00000000f0000000, 0x00000000f7d00000, 0x00000000f7d00000)
  eden space 102400K,   0% used [0x00000000f0000000, 0x00000000f0000000, 0x00000000f6400000)
  from space 12800K,  84% used [0x00000000f7080000, 0x00000000f7b197c0, 0x00000000f7d00000)
  to   space 12800K,   0% used [0x00000000f6400000, 0x00000000f6400000, 0x00000000f7080000)
 concurrent mark-sweep generation total 134144K, used 121787K [0x00000000f7d00000, 0x0000000100000000, 0x0000000100000000)
 Metaspace       used 51904K, capacity 54790K, committed 55680K, reserved 1097728K
  class space    used 6336K, capacity 6839K, committed 7040K, reserved 1048576K
}
{Heap before GC invocations=109 (full 43):
 par new generation   total 115200K, used 113253K [0x00000000f0000000, 0x00000000f7d00000, 0x00000000f7d00000)
  eden space 102400K, 100% used [0x00000000f0000000, 0x00000000f6400000, 0x00000000f6400000)
  from space 12800K,  84% used [0x00000000f7080000, 0x00000000f7b197c0, 0x00000000f7d00000)
  to   space 12800K,   0% used [0x00000000f6400000, 0x00000000f6400000, 0x00000000f7080000)
 concurrent mark-sweep generation total 134144K, used 121787K [0x00000000f7d00000, 0x0000000100000000, 0x0000000100000000)
 Metaspace       used 51904K, capacity 54790K, committed 55680K, reserved 1097728K
  class space    used 6336K, capacity 6839K, committed 7040K, reserved 1048576K
2023-01-17T04:31:11.818+0800: 81.726: [GC (Allocation Failure) 2023-01-17T04:31:11.818+0800: 81.726: [ParNew: 113253K->11734K(115200K), 0.0175260 secs] 235041K->133873K(249344K), 0.0178447 secs] [Times: user=0.05 sys=0.00, real=0.02 secs] 
Heap after GC invocations=110 (full 43):
 par new generation   total 115200K, used 11734K [0x00000000f0000000, 0x00000000f7d00000, 0x00000000f7d00000)
  eden space 102400K,   0% used [0x00000000f0000000, 0x00000000f0000000, 0x00000000f6400000)
  from space 12800K,  91% used [0x00000000f6400000, 0x00000000f6f759d8, 0x00000000f7080000)
  to   space 12800K,   0% used [0x00000000f7080000, 0x00000000f7080000, 0x00000000f7d00000)
 concurrent mark-sweep generation total 134144K, used 122138K [0x00000000f7d00000, 0x0000000100000000, 0x0000000100000000)
 Metaspace       used 51904K, capacity 54790K, committed 55680K, reserved 1097728K
  class space    used 6336K, capacity 6839K, committed 7040K, reserved 1048576K
}
{Heap before GC invocations=110 (full 43):
 par new generation   total 115200K, used 114134K [0x00000000f0000000, 0x00000000f7d00000, 0x00000000f7d00000)
  eden space 102400K, 100% used [0x00000000f0000000, 0x00000000f6400000, 0x00000000f6400000)
  from space 12800K,  91% used [0x00000000f6400000, 0x00000000f6f759d8, 0x00000000f7080000)
  to   space 12800K,   0% used [0x00000000f7080000, 0x00000000f7080000, 0x00000000f7d00000)
 concurrent mark-sweep generation total 134144K, used 122138K [0x00000000f7d00000, 0x0000000100000000, 0x0000000100000000)
 Metaspace       used 51904K, capacity 54790K, committed 55680K, reserved 1097728K
  class space    used 6336K, capacity 6839K, committed 7040K, reserved 1048576K
2023-01-17T04:31:12.303+0800: 82.211: [GC (Allocation Failure) 2023-01-17T04:31:12.304+0800: 82.211: [ParNew: 114134K->8519K(115200K), 0.0125289 secs] 236273K->131018K(249344K), 0.0128412 secs] [Times: user=0.05 sys=0.00, real=0.01 secs] 
Heap after GC invocations=111 (full 43):
 par new generation   total 115200K, used 8519K [0x00000000f0000000, 0x00000000f7d00000, 0x00000000f7d00000)
  eden space 102400K,   0% used [0x00000000f0000000, 0x00000000f0000000, 0x00000000f6400000)
  from space 12800K,  66% used [0x00000000f7080000, 0x00000000f78d1c80, 0x00000000f7d00000)
  to   space 12800K,   0% used [0x00000000f6400000, 0x00000000f6400000, 0x00000000f7080000)
 concurrent mark-sweep generation total 134144K, used 122499K [0x00000000f7d00000, 0x0000000100000000, 0x0000000100000000)
 Metaspace       used 51904K, capacity 54790K, committed 55680K, reserved 1097728K
  class space    used 6336K, capacity 6839K, committed 7040K, reserved 1048576K
}
{Heap before GC invocations=111 (full 43):
 par new generation   total 115200K, used 110919K [0x00000000f0000000, 0x00000000f7d00000, 0x00000000f7d00000)
  eden space 102400K, 100% used [0x00000000f0000000, 0x00000000f6400000, 0x00000000f6400000)
  from space 12800K,  66% used [0x00000000f7080000, 0x00000000f78d1c80, 0x00000000f7d00000)
  to   space 12800K,   0% used [0x00000000f6400000, 0x00000000f6400000, 0x00000000f7080000)
 concurrent mark-sweep generation total 134144K, used 122499K [0x00000000f7d00000, 0x0000000100000000, 0x0000000100000000)
 Metaspace       used 51904K, capacity 54790K, committed 55680K, reserved 1097728K
  class space    used 6336K, capacity 6839K, committed 7040K, reserved 1048576K
2023-01-17T04:31:12.792+0800: 82.700: [GC (Allocation Failure) 2023-01-17T04:31:12.793+0800: 82.700: [ParNew: 110919K->10879K(115200K), 0.0185676 secs] 233418K->133745K(249344K), 0.0189777 secs] [Times: user=0.05 sys=0.00, real=0.02 secs] 
Heap after GC invocations=112 (full 43):
 par new generation   total 115200K, used 10879K [0x00000000f0000000, 0x00000000f7d00000, 0x00000000f7d00000)
  eden space 102400K,   0% used [0x00000000f0000000, 0x00000000f0000000, 0x00000000f6400000)
  from space 12800K,  84% used [0x00000000f6400000, 0x00000000f6e9ff70, 0x00000000f7080000)
  to   space 12800K,   0% used [0x00000000f7080000, 0x00000000f7080000, 0x00000000f7d00000)
 concurrent mark-sweep generation total 134144K, used 122866K [0x00000000f7d00000, 0x0000000100000000, 0x0000000100000000)
 Metaspace       used 51904K, capacity 54790K, committed 55680K, reserved 1097728K
  class space    used 6336K, capacity 6839K, committed 7040K, reserved 1048576K
}
{Heap before GC invocations=112 (full 43):
 par new generation   total 115200K, used 113279K [0x00000000f0000000, 0x00000000f7d00000, 0x00000000f7d00000)
  eden space 102400K, 100% used [0x00000000f0000000, 0x00000000f6400000, 0x00000000f6400000)
  from space 12800K,  84% used [0x00000000f6400000, 0x00000000f6e9ff70, 0x00000000f7080000)
  to   space 12800K,   0% used [0x00000000f7080000, 0x00000000f7080000, 0x00000000f7d00000)
 concurrent mark-sweep generation total 134144K, used 122866K [0x00000000f7d00000, 0x0000000100000000, 0x0000000100000000)
 Metaspace       used 51906K, capacity 54790K, committed 55680K, reserved 1097728K
  class space    used 6336K, capacity 6839K, committed 7040K, reserved 1048576K
2023-01-17T04:31:13.234+0800: 83.142: [GC (Allocation Failure) 2023-01-17T04:31:13.235+0800: 83.142: [ParNew: 113279K->11735K(115200K), 0.0121843 secs] 236145K->134971K(249344K), 0.0124578 secs] [Times: user=0.04 sys=0.01, real=0.01 secs] 
Heap after GC invocations=113 (full 43):
 par new generation   total 115200K, used 11735K [0x00000000f0000000, 0x00000000f7d00000, 0x00000000f7d00000)
  eden space 102400K,   0% used [0x00000000f0000000, 0x00000000f0000000, 0x00000000f6400000)
  from space 12800K,  91% used [0x00000000f7080000, 0x00000000f7bf5ff8, 0x00000000f7d00000)
  to   space 12800K,   0% used [0x00000000f6400000, 0x00000000f6400000, 0x00000000f7080000)
 concurrent mark-sweep generation total 134144K, used 123235K [0x00000000f7d00000, 0x0000000100000000, 0x0000000100000000)
 Metaspace       used 51906K, capacity 54790K, committed 55680K, reserved 1097728K
  class space    used 6336K, capacity 6839K, committed 7040K, reserved 1048576K
}
{Heap before GC invocations=113 (full 43):
 par new generation   total 115200K, used 114135K [0x00000000f0000000, 0x00000000f7d00000, 0x00000000f7d00000)
  eden space 102400K, 100% used [0x00000000f0000000, 0x00000000f6400000, 0x00000000f6400000)
  from space 12800K,  91% used [0x00000000f7080000, 0x00000000f7bf5ff8, 0x00000000f7d00000)
  to   space 12800K,   0% used [0x00000000f6400000, 0x00000000f6400000, 0x00000000f7080000)
 concurrent mark-sweep generation total 134144K, used 123235K [0x00000000f7d00000, 0x0000000100000000, 0x0000000100000000)
 Metaspace       used 51911K, capacity 54790K, committed 55680K, reserved 1097728K
  class space    used 6336K, capacity 6839K, committed 7040K, reserved 1048576K
2023-01-17T04:31:13.721+0800: 83.629: [GC (Allocation Failure) 2023-01-17T04:31:13.722+0800: 83.630: [ParNew: 114135K->9568K(115200K), 0.0157070 secs] 237371K->133160K(249344K), 0.0160315 secs] [Times: user=0.05 sys=0.00, real=0.01 secs] 
Heap after GC invocations=114 (full 43):
 par new generation   total 115200K, used 9568K [0x00000000f0000000, 0x00000000f7d00000, 0x00000000f7d00000)
  eden space 102400K,   0% used [0x00000000f0000000, 0x00000000f0000000, 0x00000000f6400000)
  from space 12800K,  74% used [0x00000000f6400000, 0x00000000f6d58230, 0x00000000f7080000)
  to   space 12800K,   0% used [0x00000000f7080000, 0x00000000f7080000, 0x00000000f7d00000)
 concurrent mark-sweep generation total 134144K, used 123592K [0x00000000f7d00000, 0x0000000100000000, 0x0000000100000000)
 Metaspace       used 51911K, capacity 54790K, committed 55680K, reserved 1097728K
  class space    used 6336K, capacity 6839K, committed 7040K, reserved 1048576K
}
2023-01-17T04:31:13.741+0800: 83.649: [GC (CMS Initial Mark) [1 CMS-initial-mark: 123592K(134144K)] 133244K(249344K), 0.0045732 secs] [Times: user=0.02 sys=0.00, real=0.00 secs] 
2023-01-17T04:31:13.746+0800: 83.654: [CMS-concurrent-mark-start]
2023-01-17T04:31:13.801+0800: 83.709: [CMS-concurrent-mark: 0.055/0.055 secs] [Times: user=0.09 sys=0.01, real=0.06 secs] 
2023-01-17T04:31:13.801+0800: 83.709: [CMS-concurrent-preclean-start]
2023-01-17T04:31:13.804+0800: 83.712: [CMS-concurrent-preclean: 0.003/0.003 secs] [Times: user=0.00 sys=0.00, real=0.00 secs] 
2023-01-17T04:31:13.804+0800: 83.712: [CMS-concurrent-abortable-preclean-start]
{Heap before GC invocations=114 (full 44):
 par new generation   total 115200K, used 111968K [0x00000000f0000000, 0x00000000f7d00000, 0x00000000f7d00000)
  eden space 102400K, 100% used [0x00000000f0000000, 0x00000000f6400000, 0x00000000f6400000)
  from space 12800K,  74% used [0x00000000f6400000, 0x00000000f6d58230, 0x00000000f7080000)
  to   space 12800K,   0% used [0x00000000f7080000, 0x00000000f7080000, 0x00000000f7d00000)
 concurrent mark-sweep generation total 134144K, used 123592K [0x00000000f7d00000, 0x0000000100000000, 0x0000000100000000)
 Metaspace       used 51915K, capacity 54790K, committed 55680K, reserved 1097728K
  class space    used 6336K, capacity 6839K, committed 7040K, reserved 1048576K
2023-01-17T04:31:14.213+0800: 84.121: [GC (Allocation Failure) 2023-01-17T04:31:14.214+0800: 84.122: [ParNew: 111968K->10884K(115200K), 0.0301930 secs] 235560K->134785K(249344K), 0.0306385 secs] [Times: user=0.05 sys=0.00, real=0.03 secs] 
Heap after GC invocations=115 (full 44):
 par new generation   total 115200K, used 10884K [0x00000000f0000000, 0x00000000f7d00000, 0x00000000f7d00000)
  eden space 102400K,   0% used [0x00000000f0000000, 0x00000000f0000000, 0x00000000f6400000)
  from space 12800K,  85% used [0x00000000f7080000, 0x00000000f7b21198, 0x00000000f7d00000)
  to   space 12800K,   0% used [0x00000000f6400000, 0x00000000f6400000, 0x00000000f7080000)
 concurrent mark-sweep generation total 134144K, used 123901K [0x00000000f7d00000, 0x0000000100000000, 0x0000000100000000)
 Metaspace       used 51915K, capacity 54790K, committed 55680K, reserved 1097728K
  class space    used 6336K, capacity 6839K, committed 7040K, reserved 1048576K
}
2023-01-17T04:31:14.434+0800: 84.342: [CMS-concurrent-abortable-preclean: 0.589/0.630 secs] [Times: user=1.11 sys=0.13, real=0.63 secs] 
2023-01-17T04:31:14.439+0800: 84.346: [GC (CMS Final Remark) [YG occupancy: 63763 K (115200 K)]2023-01-17T04:31:14.439+0800: 84.346: [Rescan (parallel) , 0.0164930 secs]2023-01-17T04:31:14.455+0800: 84.363: [weak refs processing, 0.0000455 secs]2023-01-17T04:31:14.455+0800: 84.363: [class unloading, 0.0128525 secs]2023-01-17T04:31:14.468+0800: 84.376: [scrub symbol table, 0.0050766 secs]2023-01-17T04:31:14.473+0800: 84.381: [scrub string table, 0.0009011 secs][1 CMS-remark: 123901K(134144K)] 187664K(249344K), 0.0355744 secs] [Times: user=0.09 sys=0.00, real=0.04 secs] 
2023-01-17T04:31:14.475+0800: 84.382: [CMS-concurrent-sweep-start]
2023-01-17T04:31:14.494+0800: 84.402: [CMS-concurrent-sweep: 0.020/0.020 secs] [Times: user=0.04 sys=0.01, real=0.02 secs] 
2023-01-17T04:31:14.495+0800: 84.402: [CMS-concurrent-reset-start]
2023-01-17T04:31:14.495+0800: 84.403: [CMS-concurrent-reset: 0.000/0.000 secs] [Times: user=0.00 sys=0.00, real=0.00 secs] 
{Heap before GC invocations=115 (full 44):
 par new generation   total 115200K, used 113284K [0x00000000f0000000, 0x00000000f7d00000, 0x00000000f7d00000)
  eden space 102400K, 100% used [0x00000000f0000000, 0x00000000f6400000, 0x00000000f6400000)
  from space 12800K,  85% used [0x00000000f7080000, 0x00000000f7b21198, 0x00000000f7d00000)
  to   space 12800K,   0% used [0x00000000f6400000, 0x00000000f6400000, 0x00000000f7080000)
 concurrent mark-sweep generation total 134144K, used 120264K [0x00000000f7d00000, 0x0000000100000000, 0x0000000100000000)
 Metaspace       used 51915K, capacity 54790K, committed 55680K, reserved 1097728K
  class space    used 6336K, capacity 6839K, committed 7040K, reserved 1048576K
2023-01-17T04:31:14.705+0800: 84.613: [GC (Allocation Failure) 2023-01-17T04:31:14.706+0800: 84.613: [ParNew: 113284K->11790K(115200K), 0.0145661 secs] 233549K->132420K(249344K), 0.0149321 secs] [Times: user=0.05 sys=0.00, real=0.02 secs] 
Heap after GC invocations=116 (full 44):
 par new generation   total 115200K, used 11790K [0x00000000f0000000, 0x00000000f7d00000, 0x00000000f7d00000)
  eden space 102400K,   0% used [0x00000000f0000000, 0x00000000f0000000, 0x00000000f6400000)
  from space 12800K,  92% used [0x00000000f6400000, 0x00000000f6f83918, 0x00000000f7080000)
  to   space 12800K,   0% used [0x00000000f7080000, 0x00000000f7080000, 0x00000000f7d00000)
 concurrent mark-sweep generation total 134144K, used 120630K [0x00000000f7d00000, 0x0000000100000000, 0x0000000100000000)
 Metaspace       used 51915K, capacity 54790K, committed 55680K, reserved 1097728K
  class space    used 6336K, capacity 6839K, committed 7040K, reserved 1048576K
}
{Heap before GC invocations=116 (full 44):
 par new generation   total 115200K, used 114190K [0x00000000f0000000, 0x00000000f7d00000, 0x00000000f7d00000)
  eden space 102400K, 100% used [0x00000000f0000000, 0x00000000f6400000, 0x00000000f6400000)
  from space 12800K,  92% used [0x00000000f6400000, 0x00000000f6f83918, 0x00000000f7080000)
  to   space 12800K,   0% used [0x00000000f7080000, 0x00000000f7080000, 0x00000000f7d00000)
 concurrent mark-sweep generation total 134144K, used 120630K [0x00000000f7d00000, 0x0000000100000000, 0x0000000100000000)
 Metaspace       used 51915K, capacity 54790K, committed 55680K, reserved 1097728K
  class space    used 6336K, capacity 6839K, committed 7040K, reserved 1048576K
2023-01-17T04:31:15.189+0800: 85.096: [GC (Allocation Failure) 2023-01-17T04:31:15.189+0800: 85.097: [ParNew: 114190K->8518K(115200K), 0.0124237 secs] 234820K->129500K(249344K), 0.0127692 secs] [Times: user=0.05 sys=0.00, real=0.02 secs] 
Heap after GC invocations=117 (full 44):
 par new generation   total 115200K, used 8518K [0x00000000f0000000, 0x00000000f7d00000, 0x00000000f7d00000)
  eden space 102400K,   0% used [0x00000000f0000000, 0x00000000f0000000, 0x00000000f6400000)
  from space 12800K,  66% used [0x00000000f7080000, 0x00000000f78d1b40, 0x00000000f7d00000)
  to   space 12800K,   0% used [0x00000000f6400000, 0x00000000f6400000, 0x00000000f7080000)
 concurrent mark-sweep generation total 134144K, used 120981K [0x00000000f7d00000, 0x0000000100000000, 0x0000000100000000)
 Metaspace       used 51915K, capacity 54790K, committed 55680K, reserved 1097728K
  class space    used 6336K, capacity 6839K, committed 7040K, reserved 1048576K
}
{Heap before GC invocations=117 (full 44):
 par new generation   total 115200K, used 110918K [0x00000000f0000000, 0x00000000f7d00000, 0x00000000f7d00000)
  eden space 102400K, 100% used [0x00000000f0000000, 0x00000000f6400000, 0x00000000f6400000)
  from space 12800K,  66% used [0x00000000f7080000, 0x00000000f78d1b40, 0x00000000f7d00000)
  to   space 12800K,   0% used [0x00000000f6400000, 0x00000000f6400000, 0x00000000f7080000)
 concurrent mark-sweep generation total 134144K, used 120981K [0x00000000f7d00000, 0x0000000100000000, 0x0000000100000000)
 Metaspace       used 51915K, capacity 54790K, committed 55680K, reserved 1097728K
  class space    used 6336K, capacity 6839K, committed 7040K, reserved 1048576K
2023-01-17T04:31:15.667+0800: 85.574: [GC (Allocation Failure) 2023-01-17T04:31:15.667+0800: 85.575: [ParNew: 110918K->10875K(115200K), 0.0189949 secs] 231900K->132214K(249344K), 0.0194592 secs] [Times: user=0.06 sys=0.00, real=0.02 secs] 
Heap after GC invocations=118 (full 44):
 par new generation   total 115200K, used 10875K [0x00000000f0000000, 0x00000000f7d00000, 0x00000000f7d00000)
  eden space 102400K,   0% used [0x00000000f0000000, 0x00000000f0000000, 0x00000000f6400000)
  from space 12800K,  84% used [0x00000000f6400000, 0x00000000f6e9ee60, 0x00000000f7080000)
  to   space 12800K,   0% used [0x00000000f7080000, 0x00000000f7080000, 0x00000000f7d00000)
 concurrent mark-sweep generation total 134144K, used 121338K [0x00000000f7d00000, 0x0000000100000000, 0x0000000100000000)
 Metaspace       used 51915K, capacity 54790K, committed 55680K, reserved 1097728K
  class space    used 6336K, capacity 6839K, committed 7040K, reserved 1048576K
}
{Heap before GC invocations=118 (full 44):
 par new generation   total 115200K, used 113275K [0x00000000f0000000, 0x00000000f7d00000, 0x00000000f7d00000)
  eden space 102400K, 100% used [0x00000000f0000000, 0x00000000f6400000, 0x00000000f6400000)
  from space 12800K,  84% used [0x00000000f6400000, 0x00000000f6e9ee60, 0x00000000f7080000)
  to   space 12800K,   0% used [0x00000000f7080000, 0x00000000f7080000, 0x00000000f7d00000)
 concurrent mark-sweep generation total 134144K, used 121338K [0x00000000f7d00000, 0x0000000100000000, 0x0000000100000000)
 Metaspace       used 51915K, capacity 54790K, committed 55680K, reserved 1097728K
  class space    used 6336K, capacity 6839K, committed 7040K, reserved 1048576K
2023-01-17T04:31:16.132+0800: 86.040: [GC (Allocation Failure) 2023-01-17T04:31:16.133+0800: 86.040: [ParNew: 113275K->10065K(115200K), 0.0125852 secs] 234614K->131761K(249344K), 0.0129436 secs] [Times: user=0.04 sys=0.00, real=0.01 secs] 
Heap after GC invocations=119 (full 44):
 par new generation   total 115200K, used 10065K [0x00000000f0000000, 0x00000000f7d00000, 0x00000000f7d00000)
  eden space 102400K,   0% used [0x00000000f0000000, 0x00000000f0000000, 0x00000000f6400000)
  from space 12800K,  78% used [0x00000000f7080000, 0x00000000f7a54640, 0x00000000f7d00000)
  to   space 12800K,   0% used [0x00000000f6400000, 0x00000000f6400000, 0x00000000f7080000)
 concurrent mark-sweep generation total 134144K, used 121695K [0x00000000f7d00000, 0x0000000100000000, 0x0000000100000000)
 Metaspace       used 51915K, capacity 54790K, committed 55680K, reserved 1097728K
  class space    used 6336K, capacity 6839K, committed 7040K, reserved 1048576K
}
{Heap before GC invocations=119 (full 44):
 par new generation   total 115200K, used 112465K [0x00000000f0000000, 0x00000000f7d00000, 0x00000000f7d00000)
  eden space 102400K, 100% used [0x00000000f0000000, 0x00000000f6400000, 0x00000000f6400000)
  from space 12800K,  78% used [0x00000000f7080000, 0x00000000f7a54640, 0x00000000f7d00000)
  to   space 12800K,   0% used [0x00000000f6400000, 0x00000000f6400000, 0x00000000f7080000)
 concurrent mark-sweep generation total 134144K, used 121695K [0x00000000f7d00000, 0x0000000100000000, 0x0000000100000000)
 Metaspace       used 51915K, capacity 54790K, committed 55680K, reserved 1097728K
  class space    used 6336K, capacity 6839K, committed 7040K, reserved 1048576K
2023-01-17T04:31:16.594+0800: 86.502: [GC (Allocation Failure) 2023-01-17T04:31:16.595+0800: 86.502: [ParNew: 112465K->11946K(115200K), 0.0229061 secs] 234161K->133983K(249344K), 0.0232920 secs] [Times: user=0.07 sys=0.01, real=0.02 secs] 
Heap after GC invocations=120 (full 44):
 par new generation   total 115200K, used 11946K [0x00000000f0000000, 0x00000000f7d00000, 0x00000000f7d00000)
  eden space 102400K,   0% used [0x00000000f0000000, 0x00000000f0000000, 0x00000000f6400000)
  from space 12800K,  93% used [0x00000000f6400000, 0x00000000f6faa9b8, 0x00000000f7080000)
  to   space 12800K,   0% used [0x00000000f7080000, 0x00000000f7080000, 0x00000000f7d00000)
 concurrent mark-sweep generation total 134144K, used 122037K [0x00000000f7d00000, 0x0000000100000000, 0x0000000100000000)
 Metaspace       used 51915K, capacity 54790K, committed 55680K, reserved 1097728K
  class space    used 6336K, capacity 6839K, committed 7040K, reserved 1048576K
}
{Heap before GC invocations=120 (full 44):
 par new generation   total 115200K, used 114346K [0x00000000f0000000, 0x00000000f7d00000, 0x00000000f7d00000)
  eden space 102400K, 100% used [0x00000000f0000000, 0x00000000f6400000, 0x00000000f6400000)
  from space 12800K,  93% used [0x00000000f6400000, 0x00000000f6faa9b8, 0x00000000f7080000)
  to   space 12800K,   0% used [0x00000000f7080000, 0x00000000f7080000, 0x00000000f7d00000)
 concurrent mark-sweep generation total 134144K, used 122037K [0x00000000f7d00000, 0x0000000100000000, 0x0000000100000000)
 Metaspace       used 51915K, capacity 54790K, committed 55680K, reserved 1097728K
  class space    used 6336K, capacity 6839K, committed 7040K, reserved 1048576K
2023-01-17T04:31:17.083+0800: 86.991: [GC (Allocation Failure) 2023-01-17T04:31:17.084+0800: 86.991: [ParNew: 114346K->9645K(115200K), 0.0180699 secs] 236383K->132026K(249344K), 0.0184216 secs] [Times: user=0.06 sys=0.00, real=0.02 secs] 
Heap after GC invocations=121 (full 44):
 par new generation   total 115200K, used 9645K [0x00000000f0000000, 0x00000000f7d00000, 0x00000000f7d00000)
  eden space 102400K,   0% used [0x00000000f0000000, 0x00000000f0000000, 0x00000000f6400000)
  from space 12800K,  75% used [0x00000000f7080000, 0x00000000f79eb670, 0x00000000f7d00000)
  to   space 12800K,   0% used [0x00000000f6400000, 0x00000000f6400000, 0x00000000f7080000)
 concurrent mark-sweep generation total 134144K, used 122380K [0x00000000f7d00000, 0x0000000100000000, 0x0000000100000000)
 Metaspace       used 51915K, capacity 54790K, committed 55680K, reserved 1097728K
  class space    used 6336K, capacity 6839K, committed 7040K, reserved 1048576K
}
{Heap before GC invocations=121 (full 44):
 par new generation   total 115200K, used 112045K [0x00000000f0000000, 0x00000000f7d00000, 0x00000000f7d00000)
  eden space 102400K, 100% used [0x00000000f0000000, 0x00000000f6400000, 0x00000000f6400000)
  from space 12800K,  75% used [0x00000000f7080000, 0x00000000f79eb670, 0x00000000f7d00000)
  to   space 12800K,   0% used [0x00000000f6400000, 0x00000000f6400000, 0x00000000f7080000)
 concurrent mark-sweep generation total 134144K, used 122380K [0x00000000f7d00000, 0x0000000100000000, 0x0000000100000000)
 Metaspace       used 51918K, capacity 54790K, committed 55680K, reserved 1097728K
  class space    used 6336K, capacity 6839K, committed 7040K, reserved 1048576K
2023-01-17T04:31:17.565+0800: 87.473: [GC (Allocation Failure) 2023-01-17T04:31:17.565+0800: 87.473: [ParNew: 112045K->10896K(115200K), 0.0123932 secs] 234426K->133643K(249344K), 0.0126936 secs] [Times: user=0.05 sys=0.00, real=0.01 secs] 
Heap after GC invocations=122 (full 44):
 par new generation   total 115200K, used 10896K [0x00000000f0000000, 0x00000000f7d00000, 0x00000000f7d00000)
  eden space 102400K,   0% used [0x00000000f0000000, 0x00000000f0000000, 0x00000000f6400000)
  from space 12800K,  85% used [0x00000000f6400000, 0x00000000f6ea4148, 0x00000000f7080000)
  to   space 12800K,   0% used [0x00000000f7080000, 0x00000000f7080000, 0x00000000f7d00000)
 concurrent mark-sweep generation total 134144K, used 122747K [0x00000000f7d00000, 0x0000000100000000, 0x0000000100000000)
 Metaspace       used 51918K, capacity 54790K, committed 55680K, reserved 1097728K
  class space    used 6336K, capacity 6839K, committed 7040K, reserved 1048576K
}
{Heap before GC invocations=122 (full 44):
 par new generation   total 115200K, used 113296K [0x00000000f0000000, 0x00000000f7d00000, 0x00000000f7d00000)
  eden space 102400K, 100% used [0x00000000f0000000, 0x00000000f6400000, 0x00000000f6400000)
  from space 12800K,  85% used [0x00000000f6400000, 0x00000000f6ea4148, 0x00000000f7080000)
  to   space 12800K,   0% used [0x00000000f7080000, 0x00000000f7080000, 0x00000000f7d00000)
 concurrent mark-sweep generation total 134144K, used 122747K [0x00000000f7d00000, 0x0000000100000000, 0x0000000100000000)
 Metaspace       used 51918K, capacity 54790K, committed 55680K, reserved 1097728K
  class space    used 6336K, capacity 6839K, committed 7040K, reserved 1048576K
2023-01-17T04:31:18.030+0800: 87.938: [GC (Allocation Failure) 2023-01-17T04:31:18.031+0800: 87.938: [ParNew: 113296K->11743K(115200K), 0.0149854 secs] 236043K->134850K(249344K), 0.0153224 secs] [Times: user=0.05 sys=0.00, real=0.01 secs] 
Heap after GC invocations=123 (full 44):
 par new generation   total 115200K, used 11743K [0x00000000f0000000, 0x00000000f7d00000, 0x00000000f7d00000)
  eden space 102400K,   0% used [0x00000000f0000000, 0x00000000f0000000, 0x00000000f6400000)
  from space 12800K,  91% used [0x00000000f7080000, 0x00000000f7bf7ed0, 0x00000000f7d00000)
  to   space 12800K,   0% used [0x00000000f6400000, 0x00000000f6400000, 0x00000000f7080000)
 concurrent mark-sweep generation total 134144K, used 123106K [0x00000000f7d00000, 0x0000000100000000, 0x0000000100000000)
 Metaspace       used 51918K, capacity 54790K, committed 55680K, reserved 1097728K
  class space    used 6336K, capacity 6839K, committed 7040K, reserved 1048576K
}
{Heap before GC invocations=123 (full 44):
 par new generation   total 115200K, used 114143K [0x00000000f0000000, 0x00000000f7d00000, 0x00000000f7d00000)
  eden space 102400K, 100% used [0x00000000f0000000, 0x00000000f6400000, 0x00000000f6400000)
  from space 12800K,  91% used [0x00000000f7080000, 0x00000000f7bf7ed0, 0x00000000f7d00000)
  to   space 12800K,   0% used [0x00000000f6400000, 0x00000000f6400000, 0x00000000f7080000)
 concurrent mark-sweep generation total 134144K, used 123106K [0x00000000f7d00000, 0x0000000100000000, 0x0000000100000000)
 Metaspace       used 51918K, capacity 54790K, committed 55680K, reserved 1097728K
  class space    used 6336K, capacity 6839K, committed 7040K, reserved 1048576K
2023-01-17T04:31:18.512+0800: 88.420: [GC (Allocation Failure) 2023-01-17T04:31:18.512+0800: 88.420: [ParNew: 114143K->9575K(115200K), 0.0197179 secs] 237250K->133040K(249344K), 0.0200548 secs] [Times: user=0.05 sys=0.00, real=0.02 secs] 
Heap after GC invocations=124 (full 44):
 par new generation   total 115200K, used 9575K [0x00000000f0000000, 0x00000000f7d00000, 0x00000000f7d00000)
  eden space 102400K,   0% used [0x00000000f0000000, 0x00000000f0000000, 0x00000000f6400000)
  from space 12800K,  74% used [0x00000000f6400000, 0x00000000f6d59ee0, 0x00000000f7080000)
  to   space 12800K,   0% used [0x00000000f7080000, 0x00000000f7080000, 0x00000000f7d00000)
 concurrent mark-sweep generation total 134144K, used 123464K [0x00000000f7d00000, 0x0000000100000000, 0x0000000100000000)
 Metaspace       used 51918K, capacity 54790K, committed 55680K, reserved 1097728K
  class space    used 6336K, capacity 6839K, committed 7040K, reserved 1048576K
}
2023-01-17T04:31:18.536+0800: 88.444: [GC (CMS Initial Mark) [1 CMS-initial-mark: 123464K(134144K)] 133070K(249344K), 0.0058988 secs] [Times: user=0.02 sys=0.00, real=0.01 secs] 
2023-01-17T04:31:18.542+0800: 88.450: [CMS-concurrent-mark-start]
2023-01-17T04:31:18.600+0800: 88.508: [CMS-concurrent-mark: 0.058/0.058 secs] [Times: user=0.11 sys=0.01, real=0.06 secs] 
2023-01-17T04:31:18.600+0800: 88.508: [CMS-concurrent-preclean-start]
2023-01-17T04:31:18.605+0800: 88.512: [CMS-concurrent-preclean: 0.004/0.004 secs] [Times: user=0.00 sys=0.00, real=0.00 secs] 
2023-01-17T04:31:18.605+0800: 88.512: [CMS-concurrent-abortable-preclean-start]
{Heap before GC invocations=124 (full 45):
 par new generation   total 115200K, used 111975K [0x00000000f0000000, 0x00000000f7d00000, 0x00000000f7d00000)
  eden space 102400K, 100% used [0x00000000f0000000, 0x00000000f6400000, 0x00000000f6400000)
  from space 12800K,  74% used [0x00000000f6400000, 0x00000000f6d59ee0, 0x00000000f7080000)
  to   space 12800K,   0% used [0x00000000f7080000, 0x00000000f7080000, 0x00000000f7d00000)
 concurrent mark-sweep generation total 134144K, used 123464K [0x00000000f7d00000, 0x0000000100000000, 0x0000000100000000)
 Metaspace       used 51924K, capacity 54790K, committed 55680K, reserved 1097728K
  class space    used 6336K, capacity 6839K, committed 7040K, reserved 1048576K
2023-01-17T04:31:18.994+0800: 88.902: [GC (Allocation Failure) 2023-01-17T04:31:18.995+0800: 88.902: [ParNew: 111975K->10875K(115200K), 0.0169717 secs] 235440K->134686K(249344K), 0.0173731 secs] [Times: user=0.05 sys=0.00, real=0.02 secs] 
Heap after GC invocations=125 (full 45):
 par new generation   total 115200K, used 10875K [0x00000000f0000000, 0x00000000f7d00000, 0x00000000f7d00000)
  eden space 102400K,   0% used [0x00000000f0000000, 0x00000000f0000000, 0x00000000f6400000)
  from space 12800K,  84% used [0x00000000f7080000, 0x00000000f7b1ecd8, 0x00000000f7d00000)
  to   space 12800K,   0% used [0x00000000f6400000, 0x00000000f6400000, 0x00000000f7080000)
 concurrent mark-sweep generation total 134144K, used 123811K [0x00000000f7d00000, 0x0000000100000000, 0x0000000100000000)
 Metaspace       used 51924K, capacity 54790K, committed 55680K, reserved 1097728K
  class space    used 6336K, capacity 6839K, committed 7040K, reserved 1048576K
}
2023-01-17T04:31:19.252+0800: 89.160: [CMS-concurrent-abortable-preclean: 0.622/0.648 secs] [Times: user=1.12 sys=0.11, real=0.65 secs] 
2023-01-17T04:31:19.258+0800: 89.165: [GC (CMS Final Remark) [YG occupancy: 62384 K (115200 K)]2023-01-17T04:31:19.258+0800: 89.166: [Rescan (parallel) , 0.0230794 secs]2023-01-17T04:31:19.281+0800: 89.189: [weak refs processing, 0.0000682 secs]2023-01-17T04:31:19.281+0800: 89.189: [class unloading, 0.0136683 secs]2023-01-17T04:31:19.295+0800: 89.202: [scrub symbol table, 0.0051186 secs]2023-01-17T04:31:19.300+0800: 89.208: [scrub string table, 0.0009251 secs][1 CMS-remark: 123811K(134144K)] 186195K(249344K), 0.0431018 secs] [Times: user=0.09 sys=0.00, real=0.05 secs] 
2023-01-17T04:31:19.301+0800: 89.209: [CMS-concurrent-sweep-start]
2023-01-17T04:31:19.323+0800: 89.231: [CMS-concurrent-sweep: 0.022/0.022 secs] [Times: user=0.07 sys=0.02, real=0.02 secs] 
2023-01-17T04:31:19.324+0800: 89.232: [CMS-concurrent-reset-start]
2023-01-17T04:31:19.324+0800: 89.232: [CMS-concurrent-reset: 0.000/0.000 secs] [Times: user=0.00 sys=0.00, real=0.00 secs] 
{Heap before GC invocations=125 (full 45):
 par new generation   total 115200K, used 113275K [0x00000000f0000000, 0x00000000f7d00000, 0x00000000f7d00000)
  eden space 102400K, 100% used [0x00000000f0000000, 0x00000000f6400000, 0x00000000f6400000)
  from space 12800K,  84% used [0x00000000f7080000, 0x00000000f7b1ecd8, 0x00000000f7d00000)
  to   space 12800K,   0% used [0x00000000f6400000, 0x00000000f6400000, 0x00000000f7080000)
 concurrent mark-sweep generation total 134144K, used 120312K [0x00000000f7d00000, 0x0000000100000000, 0x0000000100000000)
 Metaspace       used 51924K, capacity 54790K, committed 55680K, reserved 1097728K
  class space    used 6336K, capacity 6839K, committed 7040K, reserved 1048576K
2023-01-17T04:31:19.424+0800: 89.332: [GC (Allocation Failure) 2023-01-17T04:31:19.425+0800: 89.332: [ParNew: 113275K->10060K(115200K), 0.0126041 secs] 233587K->130728K(249344K), 0.0129307 secs] [Times: user=0.05 sys=0.00, real=0.01 secs] 
Heap after GC invocations=126 (full 45):
 par new generation   total 115200K, used 10060K [0x00000000f0000000, 0x00000000f7d00000, 0x00000000f7d00000)
  eden space 102400K,   0% used [0x00000000f0000000, 0x00000000f0000000, 0x00000000f6400000)
  from space 12800K,  78% used [0x00000000f6400000, 0x00000000f6dd3018, 0x00000000f7080000)
  to   space 12800K,   0% used [0x00000000f7080000, 0x00000000f7080000, 0x00000000f7d00000)
 concurrent mark-sweep generation total 134144K, used 120668K [0x00000000f7d00000, 0x0000000100000000, 0x0000000100000000)
 Metaspace       used 51924K, capacity 54790K, committed 55680K, reserved 1097728K
  class space    used 6336K, capacity 6839K, committed 7040K, reserved 1048576K
}
{Heap before GC invocations=126 (full 45):
 par new generation   total 115200K, used 112460K [0x00000000f0000000, 0x00000000f7d00000, 0x00000000f7d00000)
  eden space 102400K, 100% used [0x00000000f0000000, 0x00000000f6400000, 0x00000000f6400000)
  from space 12800K,  78% used [0x00000000f6400000, 0x00000000f6dd3018, 0x00000000f7080000)
  to   space 12800K,   0% used [0x00000000f7080000, 0x00000000f7080000, 0x00000000f7d00000)
 concurrent mark-sweep generation total 134144K, used 120668K [0x00000000f7d00000, 0x0000000100000000, 0x0000000100000000)
 Metaspace       used 51924K, capacity 54790K, committed 55680K, reserved 1097728K
  class space    used 6336K, capacity 6839K, committed 7040K, reserved 1048576K
2023-01-17T04:31:19.914+0800: 89.822: [GC (Allocation Failure) 2023-01-17T04:31:19.915+0800: 89.822: [ParNew: 112460K->11970K(115200K), 0.0183618 secs] 233128K->132968K(249344K), 0.0187713 secs] [Times: user=0.05 sys=0.00, real=0.02 secs] 
Heap after GC invocations=127 (full 45):
 par new generation   total 115200K, used 11970K [0x00000000f0000000, 0x00000000f7d00000, 0x00000000f7d00000)
  eden space 102400K,   0% used [0x00000000f0000000, 0x00000000f0000000, 0x00000000f6400000)
  from space 12800K,  93% used [0x00000000f7080000, 0x00000000f7c30bb8, 0x00000000f7d00000)
  to   space 12800K,   0% used [0x00000000f6400000, 0x00000000f6400000, 0x00000000f7080000)
 concurrent mark-sweep generation total 134144K, used 120997K [0x00000000f7d00000, 0x0000000100000000, 0x0000000100000000)
 Metaspace       used 51924K, capacity 54790K, committed 55680K, reserved 1097728K
  class space    used 6336K, capacity 6839K, committed 7040K, reserved 1048576K
}
{Heap before GC invocations=127 (full 45):
 par new generation   total 115200K, used 114370K [0x00000000f0000000, 0x00000000f7d00000, 0x00000000f7d00000)
  eden space 102400K, 100% used [0x00000000f0000000, 0x00000000f6400000, 0x00000000f6400000)
  from space 12800K,  93% used [0x00000000f7080000, 0x00000000f7c30bb8, 0x00000000f7d00000)
  to   space 12800K,   0% used [0x00000000f6400000, 0x00000000f6400000, 0x00000000f7080000)
 concurrent mark-sweep generation total 134144K, used 120997K [0x00000000f7d00000, 0x0000000100000000, 0x0000000100000000)
 Metaspace       used 51924K, capacity 54790K, committed 55680K, reserved 1097728K
  class space    used 6336K, capacity 6839K, committed 7040K, reserved 1048576K
2023-01-17T04:31:20.403+0800: 90.311: [GC (Allocation Failure) 2023-01-17T04:31:20.404+0800: 90.311: [ParNew: 114370K->9662K(115200K), 0.0166982 secs] 235368K->131002K(249344K), 0.0170313 secs] [Times: user=0.05 sys=0.00, real=0.02 secs] 
Heap after GC invocations=128 (full 45):
 par new generation   total 115200K, used 9662K [0x00000000f0000000, 0x00000000f7d00000, 0x00000000f7d00000)
  eden space 102400K,   0% used [0x00000000f0000000, 0x00000000f0000000, 0x00000000f6400000)
  from space 12800K,  75% used [0x00000000f6400000, 0x00000000f6d6f9a8, 0x00000000f7080000)
  to   space 12800K,   0% used [0x00000000f7080000, 0x00000000f7080000, 0x00000000f7d00000)
 concurrent mark-sweep generation total 134144K, used 121340K [0x00000000f7d00000, 0x0000000100000000, 0x0000000100000000)
 Metaspace       used 51924K, capacity 54790K, committed 55680K, reserved 1097728K
  class space    used 6336K, capacity 6839K, committed 7040K, reserved 1048576K
}
{Heap before GC invocations=128 (full 45):
 par new generation   total 115200K, used 112062K [0x00000000f0000000, 0x00000000f7d00000, 0x00000000f7d00000)
  eden space 102400K, 100% used [0x00000000f0000000, 0x00000000f6400000, 0x00000000f6400000)
  from space 12800K,  75% used [0x00000000f6400000, 0x00000000f6d6f9a8, 0x00000000f7080000)
  to   space 12800K,   0% used [0x00000000f7080000, 0x00000000f7080000, 0x00000000f7d00000)
 concurrent mark-sweep generation total 134144K, used 121340K [0x00000000f7d00000, 0x0000000100000000, 0x0000000100000000)
 Metaspace       used 51924K, capacity 54790K, committed 55680K, reserved 1097728K
  class space    used 6336K, capacity 6839K, committed 7040K, reserved 1048576K
2023-01-17T04:31:20.890+0800: 90.798: [GC (Allocation Failure) 2023-01-17T04:31:20.891+0800: 90.798: [ParNew: 112062K->10922K(115200K), 0.0125406 secs] 233402K->132616K(249344K), 0.0128943 secs] [Times: user=0.05 sys=0.00, real=0.01 secs] 
Heap after GC invocations=129 (full 45):
 par new generation   total 115200K, used 10922K [0x00000000f0000000, 0x00000000f7d00000, 0x00000000f7d00000)
  eden space 102400K,   0% used [0x00000000f0000000, 0x00000000f0000000, 0x00000000f6400000)
  from space 12800K,  85% used [0x00000000f7080000, 0x00000000f7b2aaf0, 0x00000000f7d00000)
  to   space 12800K,   0% used [0x00000000f6400000, 0x00000000f6400000, 0x00000000f7080000)
 concurrent mark-sweep generation total 134144K, used 121693K [0x00000000f7d00000, 0x0000000100000000, 0x0000000100000000)
 Metaspace       used 51924K, capacity 54790K, committed 55680K, reserved 1097728K
  class space    used 6336K, capacity 6839K, committed 7040K, reserved 1048576K
}
{Heap before GC invocations=129 (full 45):
 par new generation   total 115200K, used 113322K [0x00000000f0000000, 0x00000000f7d00000, 0x00000000f7d00000)
  eden space 102400K, 100% used [0x00000000f0000000, 0x00000000f6400000, 0x00000000f6400000)
  from space 12800K,  85% used [0x00000000f7080000, 0x00000000f7b2aaf0, 0x00000000f7d00000)
  to   space 12800K,   0% used [0x00000000f6400000, 0x00000000f6400000, 0x00000000f7080000)
 concurrent mark-sweep generation total 134144K, used 121693K [0x00000000f7d00000, 0x0000000100000000, 0x0000000100000000)
 Metaspace       used 51924K, capacity 54790K, committed 55680K, reserved 1097728K
  class space    used 6336K, capacity 6839K, committed 7040K, reserved 1048576K
2023-01-17T04:31:21.375+0800: 91.282: [GC (Allocation Failure) 2023-01-17T04:31:21.375+0800: 91.283: [ParNew: 113322K->11746K(115200K), 0.0122213 secs] 235016K->133784K(249344K), 0.0125343 secs] [Times: user=0.05 sys=0.00, real=0.01 secs] 
Heap after GC invocations=130 (full 45):
 par new generation   total 115200K, used 11746K [0x00000000f0000000, 0x00000000f7d00000, 0x00000000f7d00000)
  eden space 102400K,   0% used [0x00000000f0000000, 0x00000000f0000000, 0x00000000f6400000)
  from space 12800K,  91% used [0x00000000f6400000, 0x00000000f6f78b48, 0x00000000f7080000)
  to   space 12800K,   0% used [0x00000000f7080000, 0x00000000f7080000, 0x00000000f7d00000)
 concurrent mark-sweep generation total 134144K, used 122037K [0x00000000f7d00000, 0x0000000100000000, 0x0000000100000000)
 Metaspace       used 51924K, capacity 54790K, committed 55680K, reserved 1097728K
  class space    used 6336K, capacity 6839K, committed 7040K, reserved 1048576K
}
{Heap before GC invocations=130 (full 45):
 par new generation   total 115200K, used 114146K [0x00000000f0000000, 0x00000000f7d00000, 0x00000000f7d00000)
  eden space 102400K, 100% used [0x00000000f0000000, 0x00000000f6400000, 0x00000000f6400000)
  from space 12800K,  91% used [0x00000000f6400000, 0x00000000f6f78b48, 0x00000000f7080000)
  to   space 12800K,   0% used [0x00000000f7080000, 0x00000000f7080000, 0x00000000f7d00000)
 concurrent mark-sweep generation total 134144K, used 122037K [0x00000000f7d00000, 0x0000000100000000, 0x0000000100000000)
 Metaspace       used 51924K, capacity 54790K, committed 55680K, reserved 1097728K
  class space    used 6336K, capacity 6839K, committed 7040K, reserved 1048576K
2023-01-17T04:31:21.860+0800: 91.768: [GC (Allocation Failure) 2023-01-17T04:31:21.861+0800: 91.769: [ParNew: 114146K->8506K(115200K), 0.0179420 secs] 236184K->130872K(249344K), 0.0183082 secs] [Times: user=0.05 sys=0.00, real=0.01 secs] 
Heap after GC invocations=131 (full 45):
 par new generation   total 115200K, used 8506K [0x00000000f0000000, 0x00000000f7d00000, 0x00000000f7d00000)
  eden space 102400K,   0% used [0x00000000f0000000, 0x00000000f0000000, 0x00000000f6400000)
  from space 12800K,  66% used [0x00000000f7080000, 0x00000000f78cebc0, 0x00000000f7d00000)
  to   space 12800K,   0% used [0x00000000f6400000, 0x00000000f6400000, 0x00000000f7080000)
 concurrent mark-sweep generation total 134144K, used 122365K [0x00000000f7d00000, 0x0000000100000000, 0x0000000100000000)
 Metaspace       used 51924K, capacity 54790K, committed 55680K, reserved 1097728K
  class space    used 6336K, capacity 6839K, committed 7040K, reserved 1048576K
}
{Heap before GC invocations=131 (full 45):
 par new generation   total 115200K, used 110906K [0x00000000f0000000, 0x00000000f7d00000, 0x00000000f7d00000)
  eden space 102400K, 100% used [0x00000000f0000000, 0x00000000f6400000, 0x00000000f6400000)
  from space 12800K,  66% used [0x00000000f7080000, 0x00000000f78cebc0, 0x00000000f7d00000)
  to   space 12800K,   0% used [0x00000000f6400000, 0x00000000f6400000, 0x00000000f7080000)
 concurrent mark-sweep generation total 134144K, used 122365K [0x00000000f7d00000, 0x0000000100000000, 0x0000000100000000)
 Metaspace       used 51924K, capacity 54790K, committed 55680K, reserved 1097728K
  class space    used 6336K, capacity 6839K, committed 7040K, reserved 1048576K
2023-01-17T04:31:22.349+0800: 92.257: [GC (Allocation Failure) 2023-01-17T04:31:22.349+0800: 92.257: [ParNew: 110906K->10891K(115200K), 0.0123015 secs] 233272K->133589K(249344K), 0.0126143 secs] [Times: user=0.05 sys=0.00, real=0.02 secs] 
Heap after GC invocations=132 (full 45):
 par new generation   total 115200K, used 10891K [0x00000000f0000000, 0x00000000f7d00000, 0x00000000f7d00000)
  eden space 102400K,   0% used [0x00000000f0000000, 0x00000000f0000000, 0x00000000f6400000)
  from space 12800K,  85% used [0x00000000f6400000, 0x00000000f6ea2f58, 0x00000000f7080000)
  to   space 12800K,   0% used [0x00000000f7080000, 0x00000000f7080000, 0x00000000f7d00000)
 concurrent mark-sweep generation total 134144K, used 122697K [0x00000000f7d00000, 0x0000000100000000, 0x0000000100000000)
 Metaspace       used 51924K, capacity 54790K, committed 55680K, reserved 1097728K
  class space    used 6336K, capacity 6839K, committed 7040K, reserved 1048576K
}
{Heap before GC invocations=132 (full 45):
 par new generation   total 115200K, used 113291K [0x00000000f0000000, 0x00000000f7d00000, 0x00000000f7d00000)
  eden space 102400K, 100% used [0x00000000f0000000, 0x00000000f6400000, 0x00000000f6400000)
  from space 12800K,  85% used [0x00000000f6400000, 0x00000000f6ea2f58, 0x00000000f7080000)
  to   space 12800K,   0% used [0x00000000f7080000, 0x00000000f7080000, 0x00000000f7d00000)
 concurrent mark-sweep generation total 134144K, used 122697K [0x00000000f7d00000, 0x0000000100000000, 0x0000000100000000)
 Metaspace       used 51924K, capacity 54790K, committed 55680K, reserved 1097728K
  class space    used 6336K, capacity 6839K, committed 7040K, reserved 1048576K
2023-01-17T04:31:22.842+0800: 92.750: [GC (Allocation Failure) 2023-01-17T04:31:22.843+0800: 92.750: [ParNew: 113291K->11749K(115200K), 0.0122856 secs] 235989K->134790K(249344K), 0.0126213 secs] [Times: user=0.05 sys=0.00, real=0.01 secs] 
Heap after GC invocations=133 (full 45):
 par new generation   total 115200K, used 11749K [0x00000000f0000000, 0x00000000f7d00000, 0x00000000f7d00000)
  eden space 102400K,   0% used [0x00000000f0000000, 0x00000000f0000000, 0x00000000f6400000)
  from space 12800K,  91% used [0x00000000f7080000, 0x00000000f7bf95c8, 0x00000000f7d00000)
  to   space 12800K,   0% used [0x00000000f6400000, 0x00000000f6400000, 0x00000000f7080000)
 concurrent mark-sweep generation total 134144K, used 123040K [0x00000000f7d00000, 0x0000000100000000, 0x0000000100000000)
 Metaspace       used 51924K, capacity 54790K, committed 55680K, reserved 1097728K
  class space    used 6336K, capacity 6839K, committed 7040K, reserved 1048576K
}
{Heap before GC invocations=133 (full 45):
 par new generation   total 115200K, used 114149K [0x00000000f0000000, 0x00000000f7d00000, 0x00000000f7d00000)
  eden space 102400K, 100% used [0x00000000f0000000, 0x00000000f6400000, 0x00000000f6400000)
  from space 12800K,  91% used [0x00000000f7080000, 0x00000000f7bf95c8, 0x00000000f7d00000)
  to   space 12800K,   0% used [0x00000000f6400000, 0x00000000f6400000, 0x00000000f7080000)
 concurrent mark-sweep generation total 134144K, used 123040K [0x00000000f7d00000, 0x0000000100000000, 0x0000000100000000)
 Metaspace       used 51925K, capacity 54790K, committed 55680K, reserved 1097728K
  class space    used 6336K, capacity 6839K, committed 7040K, reserved 1048576K
2023-01-17T04:31:23.334+0800: 93.242: [GC (Allocation Failure) 2023-01-17T04:31:23.334+0800: 93.242: [ParNew: 114149K->9572K(115200K), 0.0168977 secs] 237190K->132963K(249344K), 0.0172224 secs] [Times: user=0.05 sys=0.00, real=0.02 secs] 
Heap after GC invocations=134 (full 45):
 par new generation   total 115200K, used 9572K [0x00000000f0000000, 0x00000000f7d00000, 0x00000000f7d00000)
  eden space 102400K,   0% used [0x00000000f0000000, 0x00000000f0000000, 0x00000000f6400000)
  from space 12800K,  74% used [0x00000000f6400000, 0x00000000f6d591f0, 0x00000000f7080000)
  to   space 12800K,   0% used [0x00000000f7080000, 0x00000000f7080000, 0x00000000f7d00000)
 concurrent mark-sweep generation total 134144K, used 123390K [0x00000000f7d00000, 0x0000000100000000, 0x0000000100000000)
 Metaspace       used 51925K, capacity 54790K, committed 55680K, reserved 1097728K
  class space    used 6336K, capacity 6839K, committed 7040K, reserved 1048576K
}
{Heap before GC invocations=134 (full 45):
 par new generation   total 115200K, used 111972K [0x00000000f0000000, 0x00000000f7d00000, 0x00000000f7d00000)
  eden space 102400K, 100% used [0x00000000f0000000, 0x00000000f6400000, 0x00000000f6400000)
  from space 12800K,  74% used [0x00000000f6400000, 0x00000000f6d591f0, 0x00000000f7080000)
  to   space 12800K,   0% used [0x00000000f7080000, 0x00000000f7080000, 0x00000000f7d00000)
 concurrent mark-sweep generation total 134144K, used 123390K [0x00000000f7d00000, 0x0000000100000000, 0x0000000100000000)
 Metaspace       used 51930K, capacity 54790K, committed 55680K, reserved 1097728K
  class space    used 6336K, capacity 6839K, committed 7040K, reserved 1048576K
2023-01-17T04:31:23.824+0800: 93.732: [GC (Allocation Failure) 2023-01-17T04:31:23.824+0800: 93.732: [ParNew: 111972K->10869K(115200K), 0.0337907 secs] 235363K->134615K(249344K), 0.0342112 secs] [Times: user=0.11 sys=0.00, real=0.03 secs] 
Heap after GC invocations=135 (full 45):
 par new generation   total 115200K, used 10869K [0x00000000f0000000, 0x00000000f7d00000, 0x00000000f7d00000)
  eden space 102400K,   0% used [0x00000000f0000000, 0x00000000f0000000, 0x00000000f6400000)
  from space 12800K,  84% used [0x00000000f7080000, 0x00000000f7b1d570, 0x00000000f7d00000)
  to   space 12800K,   0% used [0x00000000f6400000, 0x00000000f6400000, 0x00000000f7080000)
 concurrent mark-sweep generation total 134144K, used 123745K [0x00000000f7d00000, 0x0000000100000000, 0x0000000100000000)
 Metaspace       used 51930K, capacity 54790K, committed 55680K, reserved 1097728K
  class space    used 6336K, capacity 6839K, committed 7040K, reserved 1048576K
}
2023-01-17T04:31:23.865+0800: 93.772: [GC (CMS Initial Mark) [1 CMS-initial-mark: 123745K(134144K)] 134911K(249344K), 0.0070460 secs] [Times: user=0.01 sys=0.00, real=0.01 secs] 
2023-01-17T04:31:23.872+0800: 93.780: [CMS-concurrent-mark-start]
2023-01-17T04:31:23.981+0800: 93.889: [CMS-concurrent-mark: 0.109/0.109 secs] [Times: user=0.26 sys=0.07, real=0.11 secs] 
2023-01-17T04:31:23.981+0800: 93.889: [CMS-concurrent-preclean-start]
2023-01-17T04:31:23.994+0800: 93.902: [CMS-concurrent-preclean: 0.012/0.013 secs] [Times: user=0.01 sys=0.00, real=0.01 secs] 
2023-01-17T04:31:23.994+0800: 93.902: [CMS-concurrent-abortable-preclean-start]
{Heap before GC invocations=135 (full 46):
 par new generation   total 115200K, used 113269K [0x00000000f0000000, 0x00000000f7d00000, 0x00000000f7d00000)
  eden space 102400K, 100% used [0x00000000f0000000, 0x00000000f6400000, 0x00000000f6400000)
  from space 12800K,  84% used [0x00000000f7080000, 0x00000000f7b1d570, 0x00000000f7d00000)
  to   space 12800K,   0% used [0x00000000f6400000, 0x00000000f6400000, 0x00000000f7080000)
 concurrent mark-sweep generation total 134144K, used 123745K [0x00000000f7d00000, 0x0000000100000000, 0x0000000100000000)
 Metaspace       used 51930K, capacity 54790K, committed 55680K, reserved 1097728K
  class space    used 6336K, capacity 6839K, committed 7040K, reserved 1048576K
2023-01-17T04:31:24.251+0800: 94.159: [GC (Allocation Failure) 2023-01-17T04:31:24.252+0800: 94.159: [ParNew: 113269K->10056K(115200K), 0.0127549 secs] 237015K->134167K(249344K), 0.0130959 secs] [Times: user=0.05 sys=0.00, real=0.01 secs] 
Heap after GC invocations=136 (full 46):
 par new generation   total 115200K, used 10056K [0x00000000f0000000, 0x00000000f7d00000, 0x00000000f7d00000)
  eden space 102400K,   0% used [0x00000000f0000000, 0x00000000f0000000, 0x00000000f6400000)
  from space 12800K,  78% used [0x00000000f6400000, 0x00000000f6dd2270, 0x00000000f7080000)
  to   space 12800K,   0% used [0x00000000f7080000, 0x00000000f7080000, 0x00000000f7d00000)
 concurrent mark-sweep generation total 134144K, used 124110K [0x00000000f7d00000, 0x0000000100000000, 0x0000000100000000)
 Metaspace       used 51930K, capacity 54790K, committed 55680K, reserved 1097728K
  class space    used 6336K, capacity 6839K, committed 7040K, reserved 1048576K
}
2023-01-17T04:31:24.501+0800: 94.409: [CMS-concurrent-abortable-preclean: 0.385/0.507 secs] [Times: user=0.80 sys=0.09, real=0.51 secs] 
2023-01-17T04:31:24.505+0800: 94.413: [GC (CMS Final Remark) [YG occupancy: 69240 K (115200 K)]2023-01-17T04:31:24.505+0800: 94.413: [Rescan (parallel) , 0.0178168 secs]2023-01-17T04:31:24.523+0800: 94.430: [weak refs processing, 0.0001384 secs]2023-01-17T04:31:24.523+0800: 94.431: [class unloading, 0.0166580 secs]2023-01-17T04:31:24.539+0800: 94.447: [scrub symbol table, 0.0050663 secs]2023-01-17T04:31:24.545+0800: 94.452: [scrub string table, 0.0008692 secs][1 CMS-remark: 124110K(134144K)] 193351K(249344K), 0.0407361 secs] [Times: user=0.09 sys=0.00, real=0.04 secs] 
2023-01-17T04:31:24.546+0800: 94.454: [CMS-concurrent-sweep-start]
2023-01-17T04:31:24.566+0800: 94.474: [CMS-concurrent-sweep: 0.020/0.020 secs] [Times: user=0.05 sys=0.01, real=0.02 secs] 
2023-01-17T04:31:24.566+0800: 94.474: [CMS-concurrent-reset-start]
2023-01-17T04:31:24.567+0800: 94.474: [CMS-concurrent-reset: 0.000/0.000 secs] [Times: user=0.00 sys=0.00, real=0.00 secs] 
{Heap before GC invocations=136 (full 46):
 par new generation   total 115200K, used 112456K [0x00000000f0000000, 0x00000000f7d00000, 0x00000000f7d00000)
  eden space 102400K, 100% used [0x00000000f0000000, 0x00000000f6400000, 0x00000000f6400000)
  from space 12800K,  78% used [0x00000000f6400000, 0x00000000f6dd2270, 0x00000000f7080000)
  to   space 12800K,   0% used [0x00000000f7080000, 0x00000000f7080000, 0x00000000f7d00000)
 concurrent mark-sweep generation total 134144K, used 119998K [0x00000000f7d00000, 0x0000000100000000, 0x0000000100000000)
 Metaspace       used 51905K, capacity 54812K, committed 55680K, reserved 1097728K
  class space    used 6333K, capacity 6832K, committed 7040K, reserved 1048576K
2023-01-17T04:31:24.728+0800: 94.636: [GC (Allocation Failure) 2023-01-17T04:31:24.728+0800: 94.636: [ParNew: 112456K->11929K(115200K), 0.0173512 secs] 232455K->132316K(249344K), 0.0176874 secs] [Times: user=0.05 sys=0.00, real=0.02 secs] 
Heap after GC invocations=137 (full 46):
 par new generation   total 115200K, used 11929K [0x00000000f0000000, 0x00000000f7d00000, 0x00000000f7d00000)
  eden space 102400K,   0% used [0x00000000f0000000, 0x00000000f0000000, 0x00000000f6400000)
  from space 12800K,  93% used [0x00000000f7080000, 0x00000000f7c264f0, 0x00000000f7d00000)
  to   space 12800K,   0% used [0x00000000f6400000, 0x00000000f6400000, 0x00000000f7080000)
 concurrent mark-sweep generation total 134144K, used 120386K [0x00000000f7d00000, 0x0000000100000000, 0x0000000100000000)
 Metaspace       used 51905K, capacity 54812K, committed 55680K, reserved 1097728K
  class space    used 6333K, capacity 6832K, committed 7040K, reserved 1048576K
}
{Heap before GC invocations=137 (full 46):
 par new generation   total 115200K, used 114329K [0x00000000f0000000, 0x00000000f7d00000, 0x00000000f7d00000)
  eden space 102400K, 100% used [0x00000000f0000000, 0x00000000f6400000, 0x00000000f6400000)
  from space 12800K,  93% used [0x00000000f7080000, 0x00000000f7c264f0, 0x00000000f7d00000)
  to   space 12800K,   0% used [0x00000000f6400000, 0x00000000f6400000, 0x00000000f7080000)
 concurrent mark-sweep generation total 134144K, used 120386K [0x00000000f7d00000, 0x0000000100000000, 0x0000000100000000)
 Metaspace       used 51905K, capacity 54812K, committed 55680K, reserved 1097728K
  class space    used 6333K, capacity 6832K, committed 7040K, reserved 1048576K
2023-01-17T04:31:25.191+0800: 95.098: [GC (Allocation Failure) 2023-01-17T04:31:25.191+0800: 95.099: [ParNew: 114329K->9595K(115200K), 0.0174670 secs] 234716K->130332K(249344K), 0.0178492 secs] [Times: user=0.05 sys=0.00, real=0.01 secs] 
Heap after GC invocations=138 (full 46):
 par new generation   total 115200K, used 9595K [0x00000000f0000000, 0x00000000f7d00000, 0x00000000f7d00000)
  eden space 102400K,   0% used [0x00000000f0000000, 0x00000000f0000000, 0x00000000f6400000)
  from space 12800K,  74% used [0x00000000f6400000, 0x00000000f6d5ec80, 0x00000000f7080000)
  to   space 12800K,   0% used [0x00000000f7080000, 0x00000000f7080000, 0x00000000f7d00000)
 concurrent mark-sweep generation total 134144K, used 120737K [0x00000000f7d00000, 0x0000000100000000, 0x0000000100000000)
 Metaspace       used 51905K, capacity 54812K, committed 55680K, reserved 1097728K
  class space    used 6333K, capacity 6832K, committed 7040K, reserved 1048576K
}
{Heap before GC invocations=138 (full 46):
 par new generation   total 115200K, used 111995K [0x00000000f0000000, 0x00000000f7d00000, 0x00000000f7d00000)
  eden space 102400K, 100% used [0x00000000f0000000, 0x00000000f6400000, 0x00000000f6400000)
  from space 12800K,  74% used [0x00000000f6400000, 0x00000000f6d5ec80, 0x00000000f7080000)
  to   space 12800K,   0% used [0x00000000f7080000, 0x00000000f7080000, 0x00000000f7d00000)
 concurrent mark-sweep generation total 134144K, used 120737K [0x00000000f7d00000, 0x0000000100000000, 0x0000000100000000)
 Metaspace       used 51905K, capacity 54812K, committed 55680K, reserved 1097728K
  class space    used 6333K, capacity 6832K, committed 7040K, reserved 1048576K
2023-01-17T04:31:25.666+0800: 95.574: [GC (Allocation Failure) 2023-01-17T04:31:25.666+0800: 95.574: [ParNew: 111995K->10877K(115200K), 0.0123334 secs] 232732K->131970K(249344K), 0.0126723 secs] [Times: user=0.05 sys=0.00, real=0.01 secs] 
Heap after GC invocations=139 (full 46):
 par new generation   total 115200K, used 10877K [0x00000000f0000000, 0x00000000f7d00000, 0x00000000f7d00000)
  eden space 102400K,   0% used [0x00000000f0000000, 0x00000000f0000000, 0x00000000f6400000)
  from space 12800K,  84% used [0x00000000f7080000, 0x00000000f7b1f640, 0x00000000f7d00000)
  to   space 12800K,   0% used [0x00000000f6400000, 0x00000000f6400000, 0x00000000f7080000)
 concurrent mark-sweep generation total 134144K, used 121093K [0x00000000f7d00000, 0x0000000100000000, 0x0000000100000000)
 Metaspace       used 51905K, capacity 54812K, committed 55680K, reserved 1097728K
  class space    used 6333K, capacity 6832K, committed 7040K, reserved 1048576K
}
{Heap before GC invocations=139 (full 46):
 par new generation   total 115200K, used 113277K [0x00000000f0000000, 0x00000000f7d00000, 0x00000000f7d00000)
  eden space 102400K, 100% used [0x00000000f0000000, 0x00000000f6400000, 0x00000000f6400000)
  from space 12800K,  84% used [0x00000000f7080000, 0x00000000f7b1f640, 0x00000000f7d00000)
  to   space 12800K,   0% used [0x00000000f6400000, 0x00000000f6400000, 0x00000000f7080000)
 concurrent mark-sweep generation total 134144K, used 121093K [0x00000000f7d00000, 0x0000000100000000, 0x0000000100000000)
 Metaspace       used 51905K, capacity 54812K, committed 55680K, reserved 1097728K
  class space    used 6333K, capacity 6832K, committed 7040K, reserved 1048576K
2023-01-17T04:31:26.146+0800: 96.054: [GC (Allocation Failure) 2023-01-17T04:31:26.146+0800: 96.054: [ParNew: 113277K->10041K(115200K), 0.0168491 secs] 234370K->131495K(249344K), 0.0172568 secs] [Times: user=0.05 sys=0.00, real=0.02 secs] 
Heap after GC invocations=140 (full 46):
 par new generation   total 115200K, used 10041K [0x00000000f0000000, 0x00000000f7d00000, 0x00000000f7d00000)
  eden space 102400K,   0% used [0x00000000f0000000, 0x00000000f0000000, 0x00000000f6400000)
  from space 12800K,  78% used [0x00000000f6400000, 0x00000000f6dce670, 0x00000000f7080000)
  to   space 12800K,   0% used [0x00000000f7080000, 0x00000000f7080000, 0x00000000f7d00000)
 concurrent mark-sweep generation total 134144K, used 121454K [0x00000000f7d00000, 0x0000000100000000, 0x0000000100000000)
 Metaspace       used 51905K, capacity 54812K, committed 55680K, reserved 1097728K
  class space    used 6333K, capacity 6832K, committed 7040K, reserved 1048576K
}
{Heap before GC invocations=140 (full 46):
 par new generation   total 115200K, used 112441K [0x00000000f0000000, 0x00000000f7d00000, 0x00000000f7d00000)
  eden space 102400K, 100% used [0x00000000f0000000, 0x00000000f6400000, 0x00000000f6400000)
  from space 12800K,  78% used [0x00000000f6400000, 0x00000000f6dce670, 0x00000000f7080000)
  to   space 12800K,   0% used [0x00000000f7080000, 0x00000000f7080000, 0x00000000f7d00000)
 concurrent mark-sweep generation total 134144K, used 121454K [0x00000000f7d00000, 0x0000000100000000, 0x0000000100000000)
 Metaspace       used 51905K, capacity 54812K, committed 55680K, reserved 1097728K
  class space    used 6333K, capacity 6832K, committed 7040K, reserved 1048576K
2023-01-17T04:31:26.629+0800: 96.536: [GC (Allocation Failure) 2023-01-17T04:31:26.629+0800: 96.537: [ParNew: 112441K->10236K(115200K), 0.0125202 secs] 233895K->132009K(249344K), 0.0128124 secs] [Times: user=0.05 sys=0.00, real=0.02 secs] 
Heap after GC invocations=141 (full 46):
 par new generation   total 115200K, used 10236K [0x00000000f0000000, 0x00000000f7d00000, 0x00000000f7d00000)
  eden space 102400K,   0% used [0x00000000f0000000, 0x00000000f0000000, 0x00000000f6400000)
  from space 12800K,  79% used [0x00000000f7080000, 0x00000000f7a7f060, 0x00000000f7d00000)
  to   space 12800K,   0% used [0x00000000f6400000, 0x00000000f6400000, 0x00000000f7080000)
 concurrent mark-sweep generation total 134144K, used 121773K [0x00000000f7d00000, 0x0000000100000000, 0x0000000100000000)
 Metaspace       used 51905K, capacity 54812K, committed 55680K, reserved 1097728K
  class space    used 6333K, capacity 6832K, committed 7040K, reserved 1048576K
}
{Heap before GC invocations=141 (full 46):
 par new generation   total 115200K, used 112636K [0x00000000f0000000, 0x00000000f7d00000, 0x00000000f7d00000)
  eden space 102400K, 100% used [0x00000000f0000000, 0x00000000f6400000, 0x00000000f6400000)
  from space 12800K,  79% used [0x00000000f7080000, 0x00000000f7a7f060, 0x00000000f7d00000)
  to   space 12800K,   0% used [0x00000000f6400000, 0x00000000f6400000, 0x00000000f7080000)
 concurrent mark-sweep generation total 134144K, used 121773K [0x00000000f7d00000, 0x0000000100000000, 0x0000000100000000)
 Metaspace       used 51905K, capacity 54812K, committed 55680K, reserved 1097728K
  class space    used 6333K, capacity 6832K, committed 7040K, reserved 1048576K
2023-01-17T04:31:27.106+0800: 97.013: [GC (Allocation Failure) 2023-01-17T04:31:27.106+0800: 97.014: [ParNew: 112636K->12016K(115200K), 0.0122985 secs] 234409K->134125K(249344K), 0.0126331 secs] [Times: user=0.05 sys=0.00, real=0.01 secs] 
Heap after GC invocations=142 (full 46):
 par new generation   total 115200K, used 12016K [0x00000000f0000000, 0x00000000f7d00000, 0x00000000f7d00000)
  eden space 102400K,   0% used [0x00000000f0000000, 0x00000000f0000000, 0x00000000f6400000)
  from space 12800K,  93% used [0x00000000f6400000, 0x00000000f6fbc260, 0x00000000f7080000)
  to   space 12800K,   0% used [0x00000000f7080000, 0x00000000f7080000, 0x00000000f7d00000)
 concurrent mark-sweep generation total 134144K, used 122108K [0x00000000f7d00000, 0x0000000100000000, 0x0000000100000000)
 Metaspace       used 51905K, capacity 54812K, committed 55680K, reserved 1097728K
  class space    used 6333K, capacity 6832K, committed 7040K, reserved 1048576K
}
{Heap before GC invocations=142 (full 46):
 par new generation   total 115200K, used 114416K [0x00000000f0000000, 0x00000000f7d00000, 0x00000000f7d00000)
  eden space 102400K, 100% used [0x00000000f0000000, 0x00000000f6400000, 0x00000000f6400000)
  from space 12800K,  93% used [0x00000000f6400000, 0x00000000f6fbc260, 0x00000000f7080000)
  to   space 12800K,   0% used [0x00000000f7080000, 0x00000000f7080000, 0x00000000f7d00000)
 concurrent mark-sweep generation total 134144K, used 122108K [0x00000000f7d00000, 0x0000000100000000, 0x0000000100000000)
 Metaspace       used 51905K, capacity 54812K, committed 55680K, reserved 1097728K
  class space    used 6333K, capacity 6832K, committed 7040K, reserved 1048576K
2023-01-17T04:31:27.587+0800: 97.494: [GC (Allocation Failure) 2023-01-17T04:31:27.587+0800: 97.495: [ParNew: 114416K->8592K(115200K), 0.0331380 secs] 236525K->131047K(249344K), 0.0336297 secs] [Times: user=0.06 sys=0.00, real=0.04 secs] 
Heap after GC invocations=143 (full 46):
 par new generation   total 115200K, used 8592K [0x00000000f0000000, 0x00000000f7d00000, 0x00000000f7d00000)
  eden space 102400K,   0% used [0x00000000f0000000, 0x00000000f0000000, 0x00000000f6400000)
  from space 12800K,  67% used [0x00000000f7080000, 0x00000000f78e4240, 0x00000000f7d00000)
  to   space 12800K,   0% used [0x00000000f6400000, 0x00000000f6400000, 0x00000000f7080000)
 concurrent mark-sweep generation total 134144K, used 122455K [0x00000000f7d00000, 0x0000000100000000, 0x0000000100000000)
 Metaspace       used 51905K, capacity 54812K, committed 55680K, reserved 1097728K
  class space    used 6333K, capacity 6832K, committed 7040K, reserved 1048576K
}
{Heap before GC invocations=143 (full 46):
 par new generation   total 115200K, used 110992K [0x00000000f0000000, 0x00000000f7d00000, 0x00000000f7d00000)
  eden space 102400K, 100% used [0x00000000f0000000, 0x00000000f6400000, 0x00000000f6400000)
  from space 12800K,  67% used [0x00000000f7080000, 0x00000000f78e4240, 0x00000000f7d00000)
  to   space 12800K,   0% used [0x00000000f6400000, 0x00000000f6400000, 0x00000000f7080000)
 concurrent mark-sweep generation total 134144K, used 122455K [0x00000000f7d00000, 0x0000000100000000, 0x0000000100000000)
 Metaspace       used 51905K, capacity 54812K, committed 55680K, reserved 1097728K
  class space    used 6333K, capacity 6832K, committed 7040K, reserved 1048576K
2023-01-17T04:31:28.072+0800: 97.980: [GC (Allocation Failure) 2023-01-17T04:31:28.073+0800: 97.980: [ParNew: 110992K->10902K(115200K), 0.0148500 secs] 233447K->133712K(249344K), 0.0151598 secs] [Times: user=0.05 sys=0.00, real=0.01 secs] 
Heap after GC invocations=144 (full 46):
 par new generation   total 115200K, used 10902K [0x00000000f0000000, 0x00000000f7d00000, 0x00000000f7d00000)
  eden space 102400K,   0% used [0x00000000f0000000, 0x00000000f0000000, 0x00000000f6400000)
  from space 12800K,  85% used [0x00000000f6400000, 0x00000000f6ea5958, 0x00000000f7080000)
  to   space 12800K,   0% used [0x00000000f7080000, 0x00000000f7080000, 0x00000000f7d00000)
 concurrent mark-sweep generation total 134144K, used 122810K [0x00000000f7d00000, 0x0000000100000000, 0x0000000100000000)
 Metaspace       used 51905K, capacity 54812K, committed 55680K, reserved 1097728K
  class space    used 6333K, capacity 6832K, committed 7040K, reserved 1048576K
}
{Heap before GC invocations=144 (full 46):
 par new generation   total 115200K, used 113302K [0x00000000f0000000, 0x00000000f7d00000, 0x00000000f7d00000)
  eden space 102400K,  99% used [0x00000000f0000000, 0x00000000f63ffff8, 0x00000000f6400000)
  from space 12800K,  85% used [0x00000000f6400000, 0x00000000f6ea5958, 0x00000000f7080000)
  to   space 12800K,   0% used [0x00000000f7080000, 0x00000000f7080000, 0x00000000f7d00000)
 concurrent mark-sweep generation total 134144K, used 122810K [0x00000000f7d00000, 0x0000000100000000, 0x0000000100000000)
 Metaspace       used 51918K, capacity 54812K, committed 55680K, reserved 1097728K
  class space    used 6333K, capacity 6832K, committed 7040K, reserved 1048576K
2023-01-17T04:31:28.521+0800: 98.429: [GC (Allocation Failure) 2023-01-17T04:31:28.522+0800: 98.429: [ParNew: 113302K->11749K(115200K), 0.0121529 secs] 236112K->134943K(249344K), 0.0124703 secs] [Times: user=0.05 sys=0.00, real=0.01 secs] 
Heap after GC invocations=145 (full 46):
 par new generation   total 115200K, used 11749K [0x00000000f0000000, 0x00000000f7d00000, 0x00000000f7d00000)
  eden space 102400K,   0% used [0x00000000f0000000, 0x00000000f0000000, 0x00000000f6400000)
  from space 12800K,  91% used [0x00000000f7080000, 0x00000000f7bf9600, 0x00000000f7d00000)
  to   space 12800K,   0% used [0x00000000f6400000, 0x00000000f6400000, 0x00000000f7080000)
 concurrent mark-sweep generation total 134144K, used 123194K [0x00000000f7d00000, 0x0000000100000000, 0x0000000100000000)
 Metaspace       used 51918K, capacity 54812K, committed 55680K, reserved 1097728K
  class space    used 6333K, capacity 6832K, committed 7040K, reserved 1048576K
}
{Heap before GC invocations=145 (full 46):
 par new generation   total 115200K, used 114149K [0x00000000f0000000, 0x00000000f7d00000, 0x00000000f7d00000)
  eden space 102400K, 100% used [0x00000000f0000000, 0x00000000f6400000, 0x00000000f6400000)
  from space 12800K,  91% used [0x00000000f7080000, 0x00000000f7bf9600, 0x00000000f7d00000)
  to   space 12800K,   0% used [0x00000000f6400000, 0x00000000f6400000, 0x00000000f7080000)
 concurrent mark-sweep generation total 134144K, used 123194K [0x00000000f7d00000, 0x0000000100000000, 0x0000000100000000)
 Metaspace       used 51918K, capacity 54812K, committed 55680K, reserved 1097728K
  class space    used 6333K, capacity 6832K, committed 7040K, reserved 1048576K
2023-01-17T04:31:29.014+0800: 98.921: [GC (Allocation Failure) 2023-01-17T04:31:29.014+0800: 98.922: [ParNew: 114149K->9533K(115200K), 0.0225656 secs] 237343K->132896K(249344K), 0.0229865 secs] [Times: user=0.06 sys=0.00, real=0.02 secs] 
Heap after GC invocations=146 (full 46):
 par new generation   total 115200K, used 9533K [0x00000000f0000000, 0x00000000f7d00000, 0x00000000f7d00000)
  eden space 102400K,   0% used [0x00000000f0000000, 0x00000000f0000000, 0x00000000f6400000)
  from space 12800K,  74% used [0x00000000f6400000, 0x00000000f6d4f6f8, 0x00000000f7080000)
  to   space 12800K,   0% used [0x00000000f7080000, 0x00000000f7080000, 0x00000000f7d00000)
 concurrent mark-sweep generation total 134144K, used 123362K [0x00000000f7d00000, 0x0000000100000000, 0x0000000100000000)
 Metaspace       used 51918K, capacity 54812K, committed 55680K, reserved 1097728K
  class space    used 6333K, capacity 6832K, committed 7040K, reserved 1048576K
}
{Heap before GC invocations=146 (full 46):
 par new generation   total 115200K, used 111930K [0x00000000f0000000, 0x00000000f7d00000, 0x00000000f7d00000)
  eden space 102400K,  99% used [0x00000000f0000000, 0x00000000f63ff448, 0x00000000f6400000)
  from space 12800K,  74% used [0x00000000f6400000, 0x00000000f6d4f6f8, 0x00000000f7080000)
  to   space 12800K,   0% used [0x00000000f7080000, 0x00000000f7080000, 0x00000000f7d00000)
 concurrent mark-sweep generation total 134144K, used 123362K [0x00000000f7d00000, 0x0000000100000000, 0x0000000100000000)
 Metaspace       used 51918K, capacity 54812K, committed 55680K, reserved 1097728K
  class space    used 6333K, capacity 6832K, committed 7040K, reserved 1048576K
2023-01-17T04:31:29.503+0800: 99.411: [GC (Allocation Failure) 2023-01-17T04:31:29.504+0800: 99.411: [ParNew: 111930K->11006K(115200K), 0.0147354 secs] 235293K->134695K(249344K), 0.0150696 secs] [Times: user=0.04 sys=0.00, real=0.01 secs] 
Heap after GC invocations=147 (full 46):
 par new generation   total 115200K, used 11006K [0x00000000f0000000, 0x00000000f7d00000, 0x00000000f7d00000)
  eden space 102400K,   0% used [0x00000000f0000000, 0x00000000f0000000, 0x00000000f6400000)
  from space 12800K,  85% used [0x00000000f7080000, 0x00000000f7b3fa68, 0x00000000f7d00000)
  to   space 12800K,   0% used [0x00000000f6400000, 0x00000000f6400000, 0x00000000f7080000)
 concurrent mark-sweep generation total 134144K, used 123688K [0x00000000f7d00000, 0x0000000100000000, 0x0000000100000000)
 Metaspace       used 51918K, capacity 54812K, committed 55680K, reserved 1097728K
  class space    used 6333K, capacity 6832K, committed 7040K, reserved 1048576K
}
2023-01-17T04:31:29.522+0800: 99.430: [GC (CMS Initial Mark) [1 CMS-initial-mark: 123688K(134144K)] 134931K(249344K), 0.0046276 secs] [Times: user=0.02 sys=0.00, real=0.00 secs] 
2023-01-17T04:31:29.527+0800: 99.435: [CMS-concurrent-mark-start]
2023-01-17T04:31:29.592+0800: 99.500: [CMS-concurrent-mark: 0.065/0.065 secs] [Times: user=0.12 sys=0.00, real=0.07 secs] 
2023-01-17T04:31:29.592+0800: 99.500: [CMS-concurrent-preclean-start]
2023-01-17T04:31:29.600+0800: 99.508: [CMS-concurrent-preclean: 0.007/0.008 secs] [Times: user=0.01 sys=0.01, real=0.01 secs] 
2023-01-17T04:31:29.600+0800: 99.508: [CMS-concurrent-abortable-preclean-start]
{Heap before GC invocations=147 (full 47):
 par new generation   total 115200K, used 113406K [0x00000000f0000000, 0x00000000f7d00000, 0x00000000f7d00000)
  eden space 102400K, 100% used [0x00000000f0000000, 0x00000000f6400000, 0x00000000f6400000)
  from space 12800K,  85% used [0x00000000f7080000, 0x00000000f7b3fa68, 0x00000000f7d00000)
  to   space 12800K,   0% used [0x00000000f6400000, 0x00000000f6400000, 0x00000000f7080000)
 concurrent mark-sweep generation total 134144K, used 123688K [0x00000000f7d00000, 0x0000000100000000, 0x0000000100000000)
 Metaspace       used 51918K, capacity 54812K, committed 55680K, reserved 1097728K
  class space    used 6333K, capacity 6832K, committed 7040K, reserved 1048576K
2023-01-17T04:31:29.993+0800: 99.901: [GC (Allocation Failure) 2023-01-17T04:31:29.993+0800: 99.901: [ParNew: 113406K->10133K(115200K), 0.0215373 secs] 237095K->134124K(249344K), 0.0220313 secs] [Times: user=0.05 sys=0.00, real=0.02 secs] 
Heap after GC invocations=148 (full 47):
 par new generation   total 115200K, used 10133K [0x00000000f0000000, 0x00000000f7d00000, 0x00000000f7d00000)
  eden space 102400K,   0% used [0x00000000f0000000, 0x00000000f0000000, 0x00000000f6400000)
  from space 12800K,  79% used [0x00000000f6400000, 0x00000000f6de5680, 0x00000000f7080000)
  to   space 12800K,   0% used [0x00000000f7080000, 0x00000000f7080000, 0x00000000f7d00000)
 concurrent mark-sweep generation total 134144K, used 123991K [0x00000000f7d00000, 0x0000000100000000, 0x0000000100000000)
 Metaspace       used 51918K, capacity 54812K, committed 55680K, reserved 1097728K
  class space    used 6333K, capacity 6832K, committed 7040K, reserved 1048576K
}
2023-01-17T04:31:30.224+0800: 100.132: [CMS-concurrent-abortable-preclean: 0.492/0.624 secs] [Times: user=1.03 sys=0.14, real=0.62 secs] 
2023-01-17T04:31:30.228+0800: 100.136: [GC (CMS Final Remark) [YG occupancy: 64241 K (115200 K)]2023-01-17T04:31:30.228+0800: 100.136: [Rescan (parallel) , 0.0170724 secs]2023-01-17T04:31:30.245+0800: 100.153: [weak refs processing, 0.0000559 secs]2023-01-17T04:31:30.245+0800: 100.153: [class unloading, 0.0174194 secs]2023-01-17T04:31:30.263+0800: 100.170: [scrub symbol table, 0.0053849 secs]2023-01-17T04:31:30.268+0800: 100.176: [scrub string table, 0.0008972 secs][1 CMS-remark: 123991K(134144K)] 188232K(249344K), 0.0410433 secs] [Times: user=0.09 sys=0.00, real=0.04 secs] 
2023-01-17T04:31:30.270+0800: 100.178: [CMS-concurrent-sweep-start]
2023-01-17T04:31:30.304+0800: 100.211: [CMS-concurrent-sweep: 0.033/0.033 secs] [Times: user=0.09 sys=0.02, real=0.03 secs] 
2023-01-17T04:31:30.304+0800: 100.212: [CMS-concurrent-reset-start]
2023-01-17T04:31:30.304+0800: 100.212: [CMS-concurrent-reset: 0.000/0.000 secs] [Times: user=0.00 sys=0.00, real=0.00 secs] 
{Heap before GC invocations=148 (full 47):
 par new generation   total 115200K, used 112533K [0x00000000f0000000, 0x00000000f7d00000, 0x00000000f7d00000)
  eden space 102400K, 100% used [0x00000000f0000000, 0x00000000f6400000, 0x00000000f6400000)
  from space 12800K,  79% used [0x00000000f6400000, 0x00000000f6de5680, 0x00000000f7080000)
  to   space 12800K,   0% used [0x00000000f7080000, 0x00000000f7080000, 0x00000000f7d00000)
 concurrent mark-sweep generation total 134144K, used 119727K [0x00000000f7d00000, 0x0000000100000000, 0x0000000100000000)
 Metaspace       used 51894K, capacity 54770K, committed 55680K, reserved 1097728K
  class space    used 6329K, capacity 6825K, committed 7040K, reserved 1048576K
2023-01-17T04:31:30.482+0800: 100.390: [GC (Allocation Failure) 2023-01-17T04:31:30.482+0800: 100.390: [ParNew: 112533K->12052K(115200K), 0.0125599 secs] 232261K->132129K(249344K), 0.0129038 secs] [Times: user=0.04 sys=0.00, real=0.01 secs] 
Heap after GC invocations=149 (full 47):
 par new generation   total 115200K, used 12052K [0x00000000f0000000, 0x00000000f7d00000, 0x00000000f7d00000)
  eden space 102400K,   0% used [0x00000000f0000000, 0x00000000f0000000, 0x00000000f6400000)
  from space 12800K,  94% used [0x00000000f7080000, 0x00000000f7c45250, 0x00000000f7d00000)
  to   space 12800K,   0% used [0x00000000f6400000, 0x00000000f6400000, 0x00000000f7080000)
 concurrent mark-sweep generation total 134144K, used 120077K [0x00000000f7d00000, 0x0000000100000000, 0x0000000100000000)
 Metaspace       used 51894K, capacity 54770K, committed 55680K, reserved 1097728K
  class space    used 6329K, capacity 6825K, committed 7040K, reserved 1048576K
}
{Heap before GC invocations=149 (full 47):
 par new generation   total 115200K, used 114452K [0x00000000f0000000, 0x00000000f7d00000, 0x00000000f7d00000)
  eden space 102400K, 100% used [0x00000000f0000000, 0x00000000f6400000, 0x00000000f6400000)
  from space 12800K,  94% used [0x00000000f7080000, 0x00000000f7c45250, 0x00000000f7d00000)
  to   space 12800K,   0% used [0x00000000f6400000, 0x00000000f6400000, 0x00000000f7080000)
 concurrent mark-sweep generation total 134144K, used 120077K [0x00000000f7d00000, 0x0000000100000000, 0x0000000100000000)
 Metaspace       used 51895K, capacity 54770K, committed 55680K, reserved 1097728K
  class space    used 6329K, capacity 6825K, committed 7040K, reserved 1048576K
2023-01-17T04:31:30.973+0800: 100.880: [GC (Allocation Failure) 2023-01-17T04:31:30.973+0800: 100.881: [ParNew: 114452K->9691K(115200K), 0.0184160 secs] 234529K->130105K(249344K), 0.0187518 secs] [Times: user=0.05 sys=0.00, real=0.02 secs] 
Heap after GC invocations=150 (full 47):
 par new generation   total 115200K, used 9691K [0x00000000f0000000, 0x00000000f7d00000, 0x00000000f7d00000)
  eden space 102400K,   0% used [0x00000000f0000000, 0x00000000f0000000, 0x00000000f6400000)
  from space 12800K,  75% used [0x00000000f6400000, 0x00000000f6d76c20, 0x00000000f7080000)
  to   space 12800K,   0% used [0x00000000f7080000, 0x00000000f7080000, 0x00000000f7d00000)
 concurrent mark-sweep generation total 134144K, used 120414K [0x00000000f7d00000, 0x0000000100000000, 0x0000000100000000)
 Metaspace       used 51895K, capacity 54770K, committed 55680K, reserved 1097728K
  class space    used 6329K, capacity 6825K, committed 7040K, reserved 1048576K
}
{Heap before GC invocations=150 (full 47):
 par new generation   total 115200K, used 112091K [0x00000000f0000000, 0x00000000f7d00000, 0x00000000f7d00000)
  eden space 102400K, 100% used [0x00000000f0000000, 0x00000000f6400000, 0x00000000f6400000)
  from space 12800K,  75% used [0x00000000f6400000, 0x00000000f6d76c20, 0x00000000f7080000)
  to   space 12800K,   0% used [0x00000000f7080000, 0x00000000f7080000, 0x00000000f7d00000)
 concurrent mark-sweep generation total 134144K, used 120414K [0x00000000f7d00000, 0x0000000100000000, 0x0000000100000000)
 Metaspace       used 51908K, capacity 54770K, committed 55680K, reserved 1097728K
  class space    used 6329K, capacity 6825K, committed 7040K, reserved 1048576K
2023-01-17T04:31:31.526+0800: 101.434: [GC (Allocation Failure) 2023-01-17T04:31:31.526+0800: 101.434: [ParNew: 112091K->9394K(115200K), 0.0110822 secs] 232505K->129843K(249344K), 0.0114195 secs] [Times: user=0.04 sys=0.00, real=0.01 secs] 
Heap after GC invocations=151 (full 47):
 par new generation   total 115200K, used 9394K [0x00000000f0000000, 0x00000000f7d00000, 0x00000000f7d00000)
  eden space 102400K,   0% used [0x00000000f0000000, 0x00000000f0000000, 0x00000000f6400000)
  from space 12800K,  73% used [0x00000000f7080000, 0x00000000f79ac880, 0x00000000f7d00000)
  to   space 12800K,   0% used [0x00000000f6400000, 0x00000000f6400000, 0x00000000f7080000)
 concurrent mark-sweep generation total 134144K, used 120449K [0x00000000f7d00000, 0x0000000100000000, 0x0000000100000000)
 Metaspace       used 51908K, capacity 54770K, committed 55680K, reserved 1097728K
  class space    used 6329K, capacity 6825K, committed 7040K, reserved 1048576K
}
{Heap before GC invocations=151 (full 47):
 par new generation   total 115200K, used 111789K [0x00000000f0000000, 0x00000000f7d00000, 0x00000000f7d00000)
  eden space 102400K,  99% used [0x00000000f0000000, 0x00000000f63feec0, 0x00000000f6400000)
  from space 12800K,  73% used [0x00000000f7080000, 0x00000000f79ac880, 0x00000000f7d00000)
  to   space 12800K,   0% used [0x00000000f6400000, 0x00000000f6400000, 0x00000000f7080000)
 concurrent mark-sweep generation total 134144K, used 120449K [0x00000000f7d00000, 0x0000000100000000, 0x0000000100000000)
 Metaspace       used 51909K, capacity 54770K, committed 55680K, reserved 1097728K
  class space    used 6329K, capacity 6825K, committed 7040K, reserved 1048576K
2023-01-17T04:31:33.660+0800: 103.568: [GC (Allocation Failure) 2023-01-17T04:31:33.660+0800: 103.568: [ParNew: 111789K->10426K(115200K), 0.0126786 secs] 232239K->130876K(249344K), 0.0129984 secs] [Times: user=0.04 sys=0.00, real=0.01 secs] 
Heap after GC invocations=152 (full 47):
 par new generation   total 115200K, used 10426K [0x00000000f0000000, 0x00000000f7d00000, 0x00000000f7d00000)
  eden space 102400K,   0% used [0x00000000f0000000, 0x00000000f0000000, 0x00000000f6400000)
  from space 12800K,  81% used [0x00000000f6400000, 0x00000000f6e2ebc0, 0x00000000f7080000)
  to   space 12800K,   0% used [0x00000000f7080000, 0x00000000f7080000, 0x00000000f7d00000)
 concurrent mark-sweep generation total 134144K, used 120449K [0x00000000f7d00000, 0x0000000100000000, 0x0000000100000000)
 Metaspace       used 51909K, capacity 54770K, committed 55680K, reserved 1097728K
  class space    used 6329K, capacity 6825K, committed 7040K, reserved 1048576K
}
{Heap before GC invocations=152 (full 47):
 par new generation   total 115200K, used 112826K [0x00000000f0000000, 0x00000000f7d00000, 0x00000000f7d00000)
  eden space 102400K, 100% used [0x00000000f0000000, 0x00000000f6400000, 0x00000000f6400000)
  from space 12800K,  81% used [0x00000000f6400000, 0x00000000f6e2ebc0, 0x00000000f7080000)
  to   space 12800K,   0% used [0x00000000f7080000, 0x00000000f7080000, 0x00000000f7d00000)
 concurrent mark-sweep generation total 134144K, used 120449K [0x00000000f7d00000, 0x0000000100000000, 0x0000000100000000)
 Metaspace       used 51909K, capacity 54770K, committed 55680K, reserved 1097728K
  class space    used 6329K, capacity 6825K, committed 7040K, reserved 1048576K
2023-01-17T04:31:34.081+0800: 103.988: [GC (Allocation Failure) 2023-01-17T04:31:34.081+0800: 103.989: [ParNew (promotion failed): 112826K->115200K(115200K), 0.0579978 secs]2023-01-17T04:31:34.139+0800: 104.047: [CMS: 132476K->102984K(134144K), 0.1923408 secs] 233276K->102984K(249344K), [Metaspace: 51909K->51909K(1097728K)], 0.2507401 secs] [Times: user=0.33 sys=0.00, real=0.25 secs] 
Heap after GC invocations=153 (full 48):
 par new generation   total 115200K, used 0K [0x00000000f0000000, 0x00000000f7d00000, 0x00000000f7d00000)
  eden space 102400K,   0% used [0x00000000f0000000, 0x00000000f0000000, 0x00000000f6400000)
  from space 12800K,   0% used [0x00000000f7080000, 0x00000000f7080000, 0x00000000f7d00000)
  to   space 12800K,   0% used [0x00000000f6400000, 0x00000000f6400000, 0x00000000f7080000)
 concurrent mark-sweep generation total 134144K, used 102984K [0x00000000f7d00000, 0x0000000100000000, 0x0000000100000000)
 Metaspace       used 51909K, capacity 54770K, committed 55680K, reserved 1097728K
  class space    used 6329K, capacity 6825K, committed 7040K, reserved 1048576K
}
{Heap before GC invocations=153 (full 48):
 par new generation   total 115200K, used 102400K [0x00000000f0000000, 0x00000000f7d00000, 0x00000000f7d00000)
  eden space 102400K, 100% used [0x00000000f0000000, 0x00000000f6400000, 0x00000000f6400000)
  from space 12800K,   0% used [0x00000000f7080000, 0x00000000f7080000, 0x00000000f7d00000)
  to   space 12800K,   0% used [0x00000000f6400000, 0x00000000f6400000, 0x00000000f7080000)
 concurrent mark-sweep generation total 134144K, used 102984K [0x00000000f7d00000, 0x0000000100000000, 0x0000000100000000)
 Metaspace       used 51914K, capacity 54770K, committed 55680K, reserved 1097728K
  class space    used 6329K, capacity 6825K, committed 7040K, reserved 1048576K
2023-01-17T04:31:34.547+0800: 104.455: [GC (Allocation Failure) 2023-01-17T04:31:34.548+0800: 104.455: [ParNew: 102400K->12800K(115200K), 0.0448617 secs] 205384K->124669K(249344K), 0.0454197 secs] [Times: user=0.12 sys=0.00, real=0.05 secs] 
Heap after GC invocations=154 (full 48):
 par new generation   total 115200K, used 12800K [0x00000000f0000000, 0x00000000f7d00000, 0x00000000f7d00000)
  eden space 102400K,   0% used [0x00000000f0000000, 0x00000000f0000000, 0x00000000f6400000)
  from space 12800K, 100% used [0x00000000f6400000, 0x00000000f7080000, 0x00000000f7080000)
  to   space 12800K,   0% used [0x00000000f7080000, 0x00000000f7080000, 0x00000000f7d00000)
 concurrent mark-sweep generation total 134144K, used 111869K [0x00000000f7d00000, 0x0000000100000000, 0x0000000100000000)
 Metaspace       used 51914K, capacity 54770K, committed 55680K, reserved 1097728K
  class space    used 6329K, capacity 6825K, committed 7040K, reserved 1048576K
}
2023-01-17T04:31:34.603+0800: 104.510: [GC (CMS Initial Mark) [1 CMS-initial-mark: 111869K(134144K)] 126034K(249344K), 0.0169559 secs] [Times: user=0.03 sys=0.00, real=0.02 secs] 
2023-01-17T04:31:34.620+0800: 104.528: [CMS-concurrent-mark-start]
2023-01-17T04:31:34.699+0800: 104.607: [CMS-concurrent-mark: 0.079/0.079 secs] [Times: user=0.13 sys=0.01, real=0.08 secs] 
2023-01-17T04:31:34.700+0800: 104.608: [CMS-concurrent-preclean-start]
2023-01-17T04:31:34.705+0800: 104.613: [CMS-concurrent-preclean: 0.004/0.005 secs] [Times: user=0.01 sys=0.00, real=0.00 secs] 
2023-01-17T04:31:34.705+0800: 104.613: [CMS-concurrent-abortable-preclean-start]
{Heap before GC invocations=154 (full 49):
 par new generation   total 115200K, used 115200K [0x00000000f0000000, 0x00000000f7d00000, 0x00000000f7d00000)
  eden space 102400K, 100% used [0x00000000f0000000, 0x00000000f6400000, 0x00000000f6400000)
  from space 12800K, 100% used [0x00000000f6400000, 0x00000000f7080000, 0x00000000f7080000)
  to   space 12800K,   0% used [0x00000000f7080000, 0x00000000f7080000, 0x00000000f7d00000)
 concurrent mark-sweep generation total 134144K, used 111869K [0x00000000f7d00000, 0x0000000100000000, 0x0000000100000000)
 Metaspace       used 51921K, capacity 54770K, committed 55680K, reserved 1097728K
  class space    used 6329K, capacity 6825K, committed 7040K, reserved 1048576K
2023-01-17T04:31:35.016+0800: 104.924: [GC (Allocation Failure) 2023-01-17T04:31:35.016+0800: 104.924: [ParNew: 115200K->12800K(115200K), 0.0270289 secs] 227069K->140878K(249344K), 0.0274218 secs] [Times: user=0.08 sys=0.01, real=0.03 secs] 
Heap after GC invocations=155 (full 49):
 par new generation   total 115200K, used 12800K [0x00000000f0000000, 0x00000000f7d00000, 0x00000000f7d00000)
  eden space 102400K,   0% used [0x00000000f0000000, 0x00000000f0000000, 0x00000000f6400000)
  from space 12800K, 100% used [0x00000000f7080000, 0x00000000f7d00000, 0x00000000f7d00000)
  to   space 12800K,   0% used [0x00000000f6400000, 0x00000000f6400000, 0x00000000f7080000)
 concurrent mark-sweep generation total 134144K, used 128078K [0x00000000f7d00000, 0x0000000100000000, 0x0000000100000000)
 Metaspace       used 51921K, capacity 54770K, committed 55680K, reserved 1097728K
  class space    used 6329K, capacity 6825K, committed 7040K, reserved 1048576K
}
2023-01-17T04:31:35.044+0800: 104.952: [CMS-concurrent-abortable-preclean: 0.206/0.339 secs] [Times: user=0.54 sys=0.07, real=0.34 secs] 
2023-01-17T04:31:35.048+0800: 104.956: [GC (CMS Final Remark) [YG occupancy: 12862 K (115200 K)]2023-01-17T04:31:35.048+0800: 104.956: [Rescan (parallel) , 0.0093650 secs]2023-01-17T04:31:35.057+0800: 104.965: [weak refs processing, 0.0000507 secs]2023-01-17T04:31:35.057+0800: 104.965: [class unloading, 0.0145795 secs]2023-01-17T04:31:35.072+0800: 104.980: [scrub symbol table, 0.0053657 secs]2023-01-17T04:31:35.077+0800: 104.985: [scrub string table, 0.0009390 secs][1 CMS-remark: 128078K(134144K)] 140941K(249344K), 0.0304359 secs] [Times: user=0.05 sys=0.00, real=0.03 secs] 
2023-01-17T04:31:35.080+0800: 104.987: [CMS-concurrent-sweep-start]
2023-01-17T04:31:35.106+0800: 105.014: [CMS-concurrent-sweep: 0.026/0.026 secs] [Times: user=0.09 sys=0.01, real=0.02 secs] 
2023-01-17T04:31:35.106+0800: 105.014: [CMS-concurrent-reset-start]
2023-01-17T04:31:35.106+0800: 105.014: [CMS-concurrent-reset: 0.000/0.000 secs] [Times: user=0.00 sys=0.00, real=0.00 secs] 
{Heap before GC invocations=155 (full 49):
 par new generation   total 115200K, used 115200K [0x00000000f0000000, 0x00000000f7d00000, 0x00000000f7d00000)
  eden space 102400K, 100% used [0x00000000f0000000, 0x00000000f6400000, 0x00000000f6400000)
  from space 12800K, 100% used [0x00000000f7080000, 0x00000000f7d00000, 0x00000000f7d00000)
  to   space 12800K,   0% used [0x00000000f6400000, 0x00000000f6400000, 0x00000000f7080000)
 concurrent mark-sweep generation total 134144K, used 119864K [0x00000000f7d00000, 0x0000000100000000, 0x0000000100000000)
 Metaspace       used 51922K, capacity 54770K, committed 55680K, reserved 1097728K
  class space    used 6329K, capacity 6825K, committed 7040K, reserved 1048576K
2023-01-17T04:31:35.491+0800: 105.399: [GC (Allocation Failure) 2023-01-17T04:31:35.491+0800: 105.399: [ParNew: 115200K->115200K(115200K), 0.0000280 secs] 235064K->235064K(249344K), 0.0003193 secs] [Times: user=0.00 sys=0.00, real=0.00 secs] 
Heap after GC invocations=156 (full 49):
 par new generation   total 115200K, used 115200K [0x00000000f0000000, 0x00000000f7d00000, 0x00000000f7d00000)
  eden space 102400K, 100% used [0x00000000f0000000, 0x00000000f6400000, 0x00000000f6400000)
  from space 12800K, 100% used [0x00000000f7080000, 0x00000000f7d00000, 0x00000000f7d00000)
  to   space 12800K,   0% used [0x00000000f6400000, 0x00000000f6400000, 0x00000000f7080000)
 concurrent mark-sweep generation total 134144K, used 119864K [0x00000000f7d00000, 0x0000000100000000, 0x0000000100000000)
 Metaspace       used 51922K, capacity 54770K, committed 55680K, reserved 1097728K
  class space    used 6329K, capacity 6825K, committed 7040K, reserved 1048576K
}
{Heap before GC invocations=156 (full 49):
 par new generation   total 115200K, used 115200K [0x00000000f0000000, 0x00000000f7d00000, 0x00000000f7d00000)
  eden space 102400K, 100% used [0x00000000f0000000, 0x00000000f6400000, 0x00000000f6400000)
  from space 12800K, 100% used [0x00000000f7080000, 0x00000000f7d00000, 0x00000000f7d00000)
  to   space 12800K,   0% used [0x00000000f6400000, 0x00000000f6400000, 0x00000000f7080000)
 concurrent mark-sweep generation total 134144K, used 119864K [0x00000000f7d00000, 0x0000000100000000, 0x0000000100000000)
 Metaspace       used 51922K, capacity 54770K, committed 55680K, reserved 1097728K
  class space    used 6329K, capacity 6825K, committed 7040K, reserved 1048576K
2023-01-17T04:31:35.492+0800: 105.399: [Full GC (Allocation Failure) 2023-01-17T04:31:35.492+0800: 105.399: [CMS: 119864K->134140K(134144K), 0.2228166 secs] 235064K->139239K(249344K), [Metaspace: 51922K->51922K(1097728K)], 0.2230351 secs] [Times: user=0.22 sys=0.00, real=0.22 secs] 
Heap after GC invocations=157 (full 50):
 par new generation   total 115200K, used 5098K [0x00000000f0000000, 0x00000000f7d00000, 0x00000000f7d00000)
  eden space 102400K,   4% used [0x00000000f0000000, 0x00000000f04fabe0, 0x00000000f6400000)
  from space 12800K,   0% used [0x00000000f7080000, 0x00000000f7080000, 0x00000000f7d00000)
  to   space 12800K,   0% used [0x00000000f6400000, 0x00000000f6400000, 0x00000000f7080000)
 concurrent mark-sweep generation total 134144K, used 134140K [0x00000000f7d00000, 0x0000000100000000, 0x0000000100000000)
 Metaspace       used 51913K, capacity 54758K, committed 55680K, reserved 1097728K
  class space    used 6328K, capacity 6823K, committed 7040K, reserved 1048576K
}
2023-01-17T04:31:35.719+0800: 105.627: [GC (CMS Initial Mark) [1 CMS-initial-mark: 134140K(134144K)] 139263K(249344K), 0.0040848 secs] [Times: user=0.01 sys=0.00, real=0.01 secs] 
2023-01-17T04:31:35.723+0800: 105.631: [CMS-concurrent-mark-start]
2023-01-17T04:31:35.794+0800: 105.701: [CMS-concurrent-mark: 0.070/0.070 secs] [Times: user=0.21 sys=0.03, real=0.07 secs] 
2023-01-17T04:31:35.794+0800: 105.702: [CMS-concurrent-preclean-start]
2023-01-17T04:31:35.847+0800: 105.754: [CMS-concurrent-preclean: 0.053/0.053 secs] [Times: user=0.17 sys=0.00, real=0.05 secs] 
2023-01-17T04:31:35.847+0800: 105.755: [CMS-concurrent-abortable-preclean-start]
2023-01-17T04:31:35.847+0800: 105.755: [CMS-concurrent-abortable-preclean: 0.000/0.000 secs] [Times: user=0.00 sys=0.00, real=0.00 secs] 
2023-01-17T04:31:35.854+0800: 105.762: [GC (CMS Final Remark) [YG occupancy: 31569 K (115200 K)]2023-01-17T04:31:35.854+0800: 105.762: [Rescan (parallel) , 0.0214902 secs]2023-01-17T04:31:35.876+0800: 105.783: [weak refs processing, 0.0000694 secs]2023-01-17T04:31:35.876+0800: 105.784: [class unloading, 0.0143289 secs]2023-01-17T04:31:35.890+0800: 105.798: [scrub symbol table, 0.0054566 secs]2023-01-17T04:31:35.896+0800: 105.803: [scrub string table, 0.0009265 secs][1 CMS-remark: 134140K(134144K)] 165710K(249344K), 0.0425182 secs] [Times: user=0.09 sys=0.00, real=0.04 secs] 
2023-01-17T04:31:35.898+0800: 105.806: [CMS-concurrent-sweep-start]
2023-01-17T04:31:35.935+0800: 105.843: [CMS-concurrent-sweep: 0.031/0.037 secs] [Times: user=0.09 sys=0.01, real=0.04 secs] 
2023-01-17T04:31:35.935+0800: 105.843: [CMS-concurrent-reset-start]
2023-01-17T04:31:35.936+0800: 105.843: [CMS-concurrent-reset: 0.000/0.000 secs] [Times: user=0.00 sys=0.00, real=0.00 secs] 
{Heap before GC invocations=157 (full 51):
 par new generation   total 115200K, used 115199K [0x00000000f0000000, 0x00000000f7d00000, 0x00000000f7d00000)
  eden space 102400K, 100% used [0x00000000f0000000, 0x00000000f6400000, 0x00000000f6400000)
  from space 12800K,  99% used [0x00000000f7080000, 0x00000000f7cffff0, 0x00000000f7d00000)
  to   space 12800K,   0% used [0x00000000f6400000, 0x00000000f6400000, 0x00000000f7080000)
 concurrent mark-sweep generation total 134144K, used 133898K [0x00000000f7d00000, 0x0000000100000000, 0x0000000100000000)
 Metaspace       used 51964K, capacity 54836K, committed 55680K, reserved 1097728K
  class space    used 6335K, capacity 6836K, committed 7040K, reserved 1048576K
2023-01-17T04:31:36.262+0800: 106.170: [GC (Allocation Failure) 2023-01-17T04:31:36.263+0800: 106.171: [ParNew: 115199K->115199K(115200K), 0.0000376 secs]2023-01-17T04:31:36.263+0800: 106.171: [CMS: 133898K->134144K(134144K), 0.2252965 secs] 249098K->140473K(249344K), [Metaspace: 51964K->51964K(1097728K)], 0.2259130 secs] [Times: user=0.23 sys=0.00, real=0.22 secs] 
Heap after GC invocations=158 (full 52):
 par new generation   total 115200K, used 6329K [0x00000000f0000000, 0x00000000f7d00000, 0x00000000f7d00000)
  eden space 102400K,   6% used [0x00000000f0000000, 0x00000000f062e728, 0x00000000f6400000)
  from space 12800K,   0% used [0x00000000f7080000, 0x00000000f7080000, 0x00000000f7d00000)
  to   space 12800K,   0% used [0x00000000f6400000, 0x00000000f6400000, 0x00000000f7080000)
 concurrent mark-sweep generation total 134144K, used 134144K [0x00000000f7d00000, 0x0000000100000000, 0x0000000100000000)
 Metaspace       used 51941K, capacity 54800K, committed 55680K, reserved 1097728K
  class space    used 6332K, capacity 6830K, committed 7040K, reserved 1048576K
}
2023-01-17T04:31:36.492+0800: 106.400: [GC (CMS Initial Mark) [1 CMS-initial-mark: 134144K(134144K)] 140541K(249344K), 0.0047595 secs] [Times: user=0.01 sys=0.00, real=0.00 secs] 
2023-01-17T04:31:36.497+0800: 106.405: [CMS-concurrent-mark-start]
2023-01-17T04:31:36.574+0800: 106.482: [CMS-concurrent-mark: 0.077/0.077 secs] [Times: user=0.28 sys=0.02, real=0.08 secs] 
2023-01-17T04:31:36.574+0800: 106.482: [CMS-concurrent-preclean-start]
2023-01-17T04:31:36.628+0800: 106.536: [CMS-concurrent-preclean: 0.054/0.054 secs] [Times: user=0.19 sys=0.02, real=0.05 secs] 
2023-01-17T04:31:36.628+0800: 106.536: [CMS-concurrent-abortable-preclean-start]
2023-01-17T04:31:36.628+0800: 106.536: [CMS-concurrent-abortable-preclean: 0.000/0.000 secs] [Times: user=0.00 sys=0.00, real=0.00 secs] 
2023-01-17T04:31:36.633+0800: 106.541: [GC (CMS Final Remark) [YG occupancy: 80634 K (115200 K)]2023-01-17T04:31:36.633+0800: 106.541: [Rescan (parallel) , 0.0220588 secs]2023-01-17T04:31:36.655+0800: 106.563: [weak refs processing, 0.0000548 secs]2023-01-17T04:31:36.655+0800: 106.563: [class unloading, 0.0137068 secs]2023-01-17T04:31:36.669+0800: 106.577: [scrub symbol table, 0.0051772 secs]2023-01-17T04:31:36.674+0800: 106.582: [scrub string table, 0.0008792 secs][1 CMS-remark: 134144K(134144K)] 214778K(249344K), 0.0420949 secs] [Times: user=0.11 sys=0.00, real=0.04 secs] 
2023-01-17T04:31:36.676+0800: 106.584: [CMS-concurrent-sweep-start]
2023-01-17T04:31:36.698+0800: 106.606: [CMS-concurrent-sweep: 0.022/0.022 secs] [Times: user=0.06 sys=0.00, real=0.02 secs] 
2023-01-17T04:31:36.698+0800: 106.606: [CMS-concurrent-reset-start]
2023-01-17T04:31:36.699+0800: 106.606: [CMS-concurrent-reset: 0.000/0.000 secs] [Times: user=0.00 sys=0.00, real=0.00 secs] 
{Heap before GC invocations=158 (full 53):
 par new generation   total 115200K, used 115199K [0x00000000f0000000, 0x00000000f7d00000, 0x00000000f7d00000)
  eden space 102400K, 100% used [0x00000000f0000000, 0x00000000f6400000, 0x00000000f6400000)
  from space 12800K,  99% used [0x00000000f7080000, 0x00000000f7cfffe8, 0x00000000f7d00000)
  to   space 12800K,   0% used [0x00000000f6400000, 0x00000000f6400000, 0x00000000f7080000)
 concurrent mark-sweep generation total 134144K, used 133993K [0x00000000f7d00000, 0x0000000100000000, 0x0000000100000000)
 Metaspace       used 51941K, capacity 54800K, committed 55680K, reserved 1097728K
  class space    used 6332K, capacity 6830K, committed 7040K, reserved 1048576K
2023-01-17T04:31:37.014+0800: 106.922: [GC (Allocation Failure) 2023-01-17T04:31:37.014+0800: 106.922: [ParNew: 115199K->115199K(115200K), 0.0000288 secs]2023-01-17T04:31:37.014+0800: 106.922: [CMS: 133993K->134143K(134144K), 0.2301380 secs] 249193K->140493K(249344K), [Metaspace: 51941K->51941K(1097728K)], 0.2305750 secs] [Times: user=0.24 sys=0.00, real=0.23 secs] 
Heap after GC invocations=159 (full 54):
 par new generation   total 115200K, used 6349K [0x00000000f0000000, 0x00000000f7d00000, 0x00000000f7d00000)
  eden space 102400K,   6% used [0x00000000f0000000, 0x00000000f0633490, 0x00000000f6400000)
  from space 12800K,   0% used [0x00000000f7080000, 0x00000000f7080000, 0x00000000f7d00000)
  to   space 12800K,   0% used [0x00000000f6400000, 0x00000000f6400000, 0x00000000f7080000)
 concurrent mark-sweep generation total 134144K, used 134143K [0x00000000f7d00000, 0x0000000100000000, 0x0000000100000000)
 Metaspace       used 51941K, capacity 54800K, committed 55680K, reserved 1097728K
  class space    used 6332K, capacity 6830K, committed 7040K, reserved 1048576K
}
2023-01-17T04:31:37.252+0800: 107.159: [GC (CMS Initial Mark) [1 CMS-initial-mark: 134143K(134144K)] 141599K(249344K), 0.0069342 secs] [Times: user=0.02 sys=0.00, real=0.00 secs] 
2023-01-17T04:31:37.259+0800: 107.167: [CMS-concurrent-mark-start]
2023-01-17T04:31:37.355+0800: 107.263: [CMS-concurrent-mark: 0.096/0.096 secs] [Times: user=0.20 sys=0.05, real=0.10 secs] 
2023-01-17T04:31:37.355+0800: 107.263: [CMS-concurrent-preclean-start]
2023-01-17T04:31:37.409+0800: 107.317: [CMS-concurrent-preclean: 0.054/0.054 secs] [Times: user=0.15 sys=0.02, real=0.05 secs] 
2023-01-17T04:31:37.409+0800: 107.317: [CMS-concurrent-abortable-preclean-start]
2023-01-17T04:31:37.409+0800: 107.317: [CMS-concurrent-abortable-preclean: 0.000/0.000 secs] [Times: user=0.00 sys=0.00, real=0.00 secs] 
2023-01-17T04:31:37.413+0800: 107.321: [GC (CMS Final Remark) [YG occupancy: 63168 K (115200 K)]2023-01-17T04:31:37.413+0800: 107.321: [Rescan (parallel) , 0.0208720 secs]2023-01-17T04:31:37.434+0800: 107.342: [weak refs processing, 0.0000465 secs]2023-01-17T04:31:37.434+0800: 107.342: [class unloading, 0.0136251 secs]2023-01-17T04:31:37.448+0800: 107.356: [scrub symbol table, 0.0053072 secs]2023-01-17T04:31:37.453+0800: 107.361: [scrub string table, 0.0008999 secs][1 CMS-remark: 134143K(134144K)] 197312K(249344K), 0.0409493 secs] [Times: user=0.10 sys=0.01, real=0.04 secs] 
2023-01-17T04:31:37.455+0800: 107.362: [CMS-concurrent-sweep-start]
2023-01-17T04:31:37.471+0800: 107.379: [CMS-concurrent-sweep: 0.016/0.016 secs] [Times: user=0.05 sys=0.00, real=0.02 secs] 
2023-01-17T04:31:37.471+0800: 107.379: [CMS-concurrent-reset-start]
2023-01-17T04:31:37.471+0800: 107.379: [CMS-concurrent-reset: 0.000/0.000 secs] [Times: user=0.00 sys=0.00, real=0.00 secs] 
{Heap before GC invocations=159 (full 55):
 par new generation   total 115200K, used 115200K [0x00000000f0000000, 0x00000000f7d00000, 0x00000000f7d00000)
  eden space 102400K, 100% used [0x00000000f0000000, 0x00000000f6400000, 0x00000000f6400000)
  from space 12800K, 100% used [0x00000000f7080000, 0x00000000f7d00000, 0x00000000f7d00000)
  to   space 12800K,   0% used [0x00000000f6400000, 0x00000000f6400000, 0x00000000f7080000)
 concurrent mark-sweep generation total 134144K, used 134113K [0x00000000f7d00000, 0x0000000100000000, 0x0000000100000000)
 Metaspace       used 51941K, capacity 54800K, committed 55680K, reserved 1097728K
  class space    used 6332K, capacity 6830K, committed 7040K, reserved 1048576K
2023-01-17T04:31:37.781+0800: 107.689: [GC (Allocation Failure) 2023-01-17T04:31:37.782+0800: 107.689: [ParNew: 115200K->115200K(115200K), 0.0000288 secs]2023-01-17T04:31:37.782+0800: 107.689: [CMS: 134113K->134143K(134144K), 0.2108978 secs] 249313K->140435K(249344K), [Metaspace: 51941K->51941K(1097728K)], 0.2113333 secs] [Times: user=0.21 sys=0.00, real=0.21 secs] 
Heap after GC invocations=160 (full 56):
 par new generation   total 115200K, used 6291K [0x00000000f0000000, 0x00000000f7d00000, 0x00000000f7d00000)
  eden space 102400K,   6% used [0x00000000f0000000, 0x00000000f0624f08, 0x00000000f6400000)
  from space 12800K,   0% used [0x00000000f7080000, 0x00000000f7080000, 0x00000000f7d00000)
  to   space 12800K,   0% used [0x00000000f6400000, 0x00000000f6400000, 0x00000000f7080000)
 concurrent mark-sweep generation total 134144K, used 134143K [0x00000000f7d00000, 0x0000000100000000, 0x0000000100000000)
 Metaspace       used 51941K, capacity 54800K, committed 55680K, reserved 1097728K
  class space    used 6332K, capacity 6830K, committed 7040K, reserved 1048576K
}
2023-01-17T04:31:37.998+0800: 107.906: [GC (CMS Initial Mark) [1 CMS-initial-mark: 134143K(134144K)] 141418K(249344K), 0.0049325 secs] [Times: user=0.02 sys=0.00, real=0.01 secs] 
2023-01-17T04:31:38.004+0800: 107.911: [CMS-concurrent-mark-start]
2023-01-17T04:31:38.114+0800: 108.022: [CMS-concurrent-mark: 0.111/0.111 secs] [Times: user=0.34 sys=0.05, real=0.11 secs] 
2023-01-17T04:31:38.115+0800: 108.022: [CMS-concurrent-preclean-start]
2023-01-17T04:31:38.155+0800: 108.063: [CMS-concurrent-preclean: 0.041/0.041 secs] [Times: user=0.12 sys=0.01, real=0.04 secs] 
2023-01-17T04:31:38.155+0800: 108.063: [CMS-concurrent-abortable-preclean-start]
2023-01-17T04:31:38.155+0800: 108.063: [CMS-concurrent-abortable-preclean: 0.000/0.000 secs] [Times: user=0.00 sys=0.00, real=0.00 secs] 
2023-01-17T04:31:38.198+0800: 108.106: [GC (CMS Final Remark) [YG occupancy: 97891 K (115200 K)]2023-01-17T04:31:38.198+0800: 108.106: [Rescan (parallel) , 0.0265957 secs]2023-01-17T04:31:38.225+0800: 108.132: [weak refs processing, 0.0000486 secs]2023-01-17T04:31:38.225+0800: 108.132: [class unloading, 0.0134200 secs]2023-01-17T04:31:38.238+0800: 108.146: [scrub symbol table, 0.0051118 secs]2023-01-17T04:31:38.243+0800: 108.151: [scrub string table, 0.0008862 secs][1 CMS-remark: 134143K(134144K)] 232035K(249344K), 0.0463229 secs] [Times: user=0.13 sys=0.00, real=0.05 secs] 
2023-01-17T04:31:38.245+0800: 108.152: [CMS-concurrent-sweep-start]
2023-01-17T04:31:38.264+0800: 108.172: [CMS-concurrent-sweep: 0.020/0.020 secs] [Times: user=0.06 sys=0.01, real=0.02 secs] 
2023-01-17T04:31:38.265+0800: 108.172: [CMS-concurrent-reset-start]
2023-01-17T04:31:38.265+0800: 108.173: [CMS-concurrent-reset: 0.000/0.000 secs] [Times: user=0.00 sys=0.00, real=0.00 secs] 
{Heap before GC invocations=160 (full 57):
 par new generation   total 115200K, used 115200K [0x00000000f0000000, 0x00000000f7d00000, 0x00000000f7d00000)
  eden space 102400K, 100% used [0x00000000f0000000, 0x00000000f6400000, 0x00000000f6400000)
  from space 12800K, 100% used [0x00000000f7080000, 0x00000000f7d00000, 0x00000000f7d00000)
  to   space 12800K,   0% used [0x00000000f6400000, 0x00000000f6400000, 0x00000000f7080000)
 concurrent mark-sweep generation total 134144K, used 134075K [0x00000000f7d00000, 0x0000000100000000, 0x0000000100000000)
 Metaspace       used 51941K, capacity 54800K, committed 55680K, reserved 1097728K
  class space    used 6332K, capacity 6830K, committed 7040K, reserved 1048576K
2023-01-17T04:31:38.529+0800: 108.437: [GC (Allocation Failure) 2023-01-17T04:31:38.529+0800: 108.437: [ParNew: 115200K->115200K(115200K), 0.0000281 secs]2023-01-17T04:31:38.529+0800: 108.437: [CMS: 134075K->134143K(134144K), 0.2115032 secs] 249275K->140516K(249344K), [Metaspace: 51941K->51941K(1097728K)], 0.2119515 secs] [Times: user=0.21 sys=0.00, real=0.22 secs] 
Heap after GC invocations=161 (full 58):
 par new generation   total 115200K, used 6373K [0x00000000f0000000, 0x00000000f7d00000, 0x00000000f7d00000)
  eden space 102400K,   6% used [0x00000000f0000000, 0x00000000f0639408, 0x00000000f6400000)
  from space 12800K,   0% used [0x00000000f7080000, 0x00000000f7080000, 0x00000000f7d00000)
  to   space 12800K,   0% used [0x00000000f6400000, 0x00000000f6400000, 0x00000000f7080000)
 concurrent mark-sweep generation total 134144K, used 134143K [0x00000000f7d00000, 0x0000000100000000, 0x0000000100000000)
 Metaspace       used 51941K, capacity 54800K, committed 55680K, reserved 1097728K
  class space    used 6332K, capacity 6830K, committed 7040K, reserved 1048576K
}
2023-01-17T04:31:38.745+0800: 108.653: [GC (CMS Initial Mark) [1 CMS-initial-mark: 134143K(134144K)] 140531K(249344K), 0.0046918 secs] [Times: user=0.01 sys=0.00, real=0.01 secs] 
2023-01-17T04:31:38.750+0800: 108.658: [CMS-concurrent-mark-start]
2023-01-17T04:31:38.832+0800: 108.740: [CMS-concurrent-mark: 0.082/0.082 secs] [Times: user=0.27 sys=0.05, real=0.08 secs] 
2023-01-17T04:31:38.832+0800: 108.740: [CMS-concurrent-preclean-start]
2023-01-17T04:31:38.893+0800: 108.801: [CMS-concurrent-preclean: 0.061/0.061 secs] [Times: user=0.17 sys=0.02, real=0.06 secs] 
2023-01-17T04:31:38.894+0800: 108.801: [CMS-concurrent-abortable-preclean-start]
2023-01-17T04:31:38.894+0800: 108.801: [CMS-concurrent-abortable-preclean: 0.000/0.000 secs] [Times: user=0.00 sys=0.00, real=0.00 secs] 
2023-01-17T04:31:38.927+0800: 108.835: [GC (CMS Final Remark) [YG occupancy: 107644 K (115200 K)]2023-01-17T04:31:38.927+0800: 108.835: [Rescan (parallel) , 0.0297735 secs]2023-01-17T04:31:38.957+0800: 108.865: [weak refs processing, 0.0000475 secs]2023-01-17T04:31:38.957+0800: 108.865: [class unloading, 0.0134734 secs]2023-01-17T04:31:38.971+0800: 108.879: [scrub symbol table, 0.0052425 secs]2023-01-17T04:31:38.976+0800: 108.884: [scrub string table, 0.0008919 secs][1 CMS-remark: 134143K(134144K)] 241788K(249344K), 0.0496674 secs] [Times: user=0.14 sys=0.00, real=0.05 secs] 
2023-01-17T04:31:38.977+0800: 108.885: [CMS-concurrent-sweep-start]
2023-01-17T04:31:38.995+0800: 108.903: [CMS-concurrent-sweep: 0.018/0.018 secs] [Times: user=0.06 sys=0.01, real=0.02 secs] 
2023-01-17T04:31:38.995+0800: 108.903: [CMS-concurrent-reset-start]
2023-01-17T04:31:38.996+0800: 108.903: [CMS-concurrent-reset: 0.000/0.000 secs] [Times: user=0.00 sys=0.00, real=0.00 secs] 
{Heap before GC invocations=161 (full 59):
 par new generation   total 115200K, used 115199K [0x00000000f0000000, 0x00000000f7d00000, 0x00000000f7d00000)
  eden space 102400K, 100% used [0x00000000f0000000, 0x00000000f6400000, 0x00000000f6400000)
  from space 12800K,  99% used [0x00000000f7080000, 0x00000000f7cffff8, 0x00000000f7d00000)
  to   space 12800K,   0% used [0x00000000f6400000, 0x00000000f6400000, 0x00000000f7080000)
 concurrent mark-sweep generation total 134144K, used 134018K [0x00000000f7d00000, 0x0000000100000000, 0x0000000100000000)
 Metaspace       used 51941K, capacity 54800K, committed 55680K, reserved 1097728K
  class space    used 6332K, capacity 6830K, committed 7040K, reserved 1048576K
2023-01-17T04:31:39.267+0800: 109.175: [GC (Allocation Failure) 2023-01-17T04:31:39.267+0800: 109.175: [ParNew: 115199K->115199K(115200K), 0.0000296 secs]2023-01-17T04:31:39.267+0800: 109.175: [CMS: 134018K->134144K(134144K), 0.2074343 secs] 249218K->140499K(249344K), [Metaspace: 51941K->51941K(1097728K)], 0.2078809 secs] [Times: user=0.21 sys=0.00, real=0.21 secs] 
Heap after GC invocations=162 (full 60):
 par new generation   total 115200K, used 6355K [0x00000000f0000000, 0x00000000f7d00000, 0x00000000f7d00000)
  eden space 102400K,   6% used [0x00000000f0000000, 0x00000000f0634c98, 0x00000000f6400000)
  from space 12800K,   0% used [0x00000000f7080000, 0x00000000f7080000, 0x00000000f7d00000)
  to   space 12800K,   0% used [0x00000000f6400000, 0x00000000f6400000, 0x00000000f7080000)
 concurrent mark-sweep generation total 134144K, used 134144K [0x00000000f7d00000, 0x0000000100000000, 0x0000000100000000)
 Metaspace       used 51941K, capacity 54800K, committed 55680K, reserved 1097728K
  class space    used 6332K, capacity 6830K, committed 7040K, reserved 1048576K
}
2023-01-17T04:31:39.480+0800: 109.388: [GC (CMS Initial Mark) [1 CMS-initial-mark: 134144K(134144K)] 141028K(249344K), 0.0047863 secs] [Times: user=0.02 sys=0.00, real=0.00 secs] 
2023-01-17T04:31:39.485+0800: 109.393: [CMS-concurrent-mark-start]
2023-01-17T04:31:39.558+0800: 109.465: [CMS-concurrent-mark: 0.073/0.073 secs] [Times: user=0.24 sys=0.03, real=0.07 secs] 
2023-01-17T04:31:39.558+0800: 109.466: [CMS-concurrent-preclean-start]
2023-01-17T04:31:39.601+0800: 109.509: [CMS-concurrent-preclean: 0.043/0.043 secs] [Times: user=0.13 sys=0.01, real=0.05 secs] 
2023-01-17T04:31:39.601+0800: 109.509: [CMS-concurrent-abortable-preclean-start]
2023-01-17T04:31:39.601+0800: 109.509: [CMS-concurrent-abortable-preclean: 0.000/0.000 secs] [Times: user=0.00 sys=0.00, real=0.00 secs] 
2023-01-17T04:31:39.605+0800: 109.513: [GC (CMS Final Remark) [YG occupancy: 74252 K (115200 K)]2023-01-17T04:31:39.605+0800: 109.513: [Rescan (parallel) , 0.0224307 secs]2023-01-17T04:31:39.628+0800: 109.536: [weak refs processing, 0.0000440 secs]2023-01-17T04:31:39.628+0800: 109.536: [class unloading, 0.0136483 secs]2023-01-17T04:31:39.642+0800: 109.549: [scrub symbol table, 0.0052289 secs]2023-01-17T04:31:39.647+0800: 109.555: [scrub string table, 0.0008739 secs][1 CMS-remark: 134144K(134144K)] 208396K(249344K), 0.0424449 secs] [Times: user=0.10 sys=0.01, real=0.04 secs] 
2023-01-17T04:31:39.649+0800: 109.556: [CMS-concurrent-sweep-start]
2023-01-17T04:31:39.670+0800: 109.578: [CMS-concurrent-sweep: 0.021/0.021 secs] [Times: user=0.04 sys=0.00, real=0.03 secs] 
2023-01-17T04:31:39.670+0800: 109.578: [CMS-concurrent-reset-start]
2023-01-17T04:31:39.670+0800: 109.578: [CMS-concurrent-reset: 0.000/0.000 secs] [Times: user=0.00 sys=0.00, real=0.00 secs] 
{Heap before GC invocations=162 (full 61):
 par new generation   total 115200K, used 115199K [0x00000000f0000000, 0x00000000f7d00000, 0x00000000f7d00000)
  eden space 102400K, 100% used [0x00000000f0000000, 0x00000000f6400000, 0x00000000f6400000)
  from space 12800K,  99% used [0x00000000f7080000, 0x00000000f7cffff8, 0x00000000f7d00000)
  to   space 12800K,   0% used [0x00000000f6400000, 0x00000000f6400000, 0x00000000f7080000)
 concurrent mark-sweep generation total 134144K, used 134106K [0x00000000f7d00000, 0x0000000100000000, 0x0000000100000000)
 Metaspace       used 51942K, capacity 54800K, committed 55680K, reserved 1097728K
  class space    used 6332K, capacity 6830K, committed 7040K, reserved 1048576K
2023-01-17T04:31:40.007+0800: 109.914: [GC (Allocation Failure) 2023-01-17T04:31:40.007+0800: 109.915: [ParNew: 115199K->115199K(115200K), 0.0000290 secs]2023-01-17T04:31:40.007+0800: 109.915: [CMS: 134106K->134143K(134144K), 0.2092544 secs] 249306K->140512K(249344K), [Metaspace: 51942K->51942K(1097728K)], 0.2096750 secs] [Times: user=0.22 sys=0.00, real=0.21 secs] 
Heap after GC invocations=163 (full 62):
 par new generation   total 115200K, used 6368K [0x00000000f0000000, 0x00000000f7d00000, 0x00000000f7d00000)
  eden space 102400K,   6% used [0x00000000f0000000, 0x00000000f0638240, 0x00000000f6400000)
  from space 12800K,   0% used [0x00000000f7080000, 0x00000000f7080000, 0x00000000f7d00000)
  to   space 12800K,   0% used [0x00000000f6400000, 0x00000000f6400000, 0x00000000f7080000)
 concurrent mark-sweep generation total 134144K, used 134143K [0x00000000f7d00000, 0x0000000100000000, 0x0000000100000000)
 Metaspace       used 51942K, capacity 54800K, committed 55680K, reserved 1097728K
  class space    used 6332K, capacity 6830K, committed 7040K, reserved 1048576K
}
2023-01-17T04:31:40.221+0800: 110.129: [GC (CMS Initial Mark) [1 CMS-initial-mark: 134143K(134144K)] 141090K(249344K), 0.0048461 secs] [Times: user=0.02 sys=0.00, real=0.00 secs] 
2023-01-17T04:31:40.226+0800: 110.134: [CMS-concurrent-mark-start]
2023-01-17T04:31:40.297+0800: 110.205: [CMS-concurrent-mark: 0.070/0.070 secs] [Times: user=0.17 sys=0.02, real=0.07 secs] 
2023-01-17T04:31:40.297+0800: 110.205: [CMS-concurrent-preclean-start]
2023-01-17T04:31:40.349+0800: 110.256: [CMS-concurrent-preclean: 0.052/0.052 secs] [Times: user=0.14 sys=0.01, real=0.05 secs] 
2023-01-17T04:31:40.349+0800: 110.257: [CMS-concurrent-abortable-preclean-start]
2023-01-17T04:31:40.349+0800: 110.257: [CMS-concurrent-abortable-preclean: 0.000/0.000 secs] [Times: user=0.00 sys=0.00, real=0.00 secs] 
2023-01-17T04:31:40.353+0800: 110.261: [GC (CMS Final Remark) [YG occupancy: 66088 K (115200 K)]2023-01-17T04:31:40.354+0800: 110.261: [Rescan (parallel) , 0.0208122 secs]2023-01-17T04:31:40.374+0800: 110.282: [weak refs processing, 0.0000491 secs]2023-01-17T04:31:40.375+0800: 110.282: [class unloading, 0.0145346 secs]2023-01-17T04:31:40.389+0800: 110.297: [scrub symbol table, 0.0052692 secs]2023-01-17T04:31:40.394+0800: 110.302: [scrub string table, 0.0008932 secs][1 CMS-remark: 134143K(134144K)] 200232K(249344K), 0.0418388 secs] [Times: user=0.10 sys=0.00, real=0.04 secs] 
2023-01-17T04:31:40.396+0800: 110.304: [CMS-concurrent-sweep-start]
2023-01-17T04:31:40.415+0800: 110.323: [CMS-concurrent-sweep: 0.019/0.019 secs] [Times: user=0.06 sys=0.01, real=0.02 secs] 
2023-01-17T04:31:40.415+0800: 110.323: [CMS-concurrent-reset-start]
2023-01-17T04:31:40.415+0800: 110.323: [CMS-concurrent-reset: 0.000/0.000 secs] [Times: user=0.00 sys=0.00, real=0.00 secs] 
{Heap before GC invocations=163 (full 63):
 par new generation   total 115200K, used 115200K [0x00000000f0000000, 0x00000000f7d00000, 0x00000000f7d00000)
  eden space 102400K, 100% used [0x00000000f0000000, 0x00000000f6400000, 0x00000000f6400000)
  from space 12800K, 100% used [0x00000000f7080000, 0x00000000f7d00000, 0x00000000f7d00000)
  to   space 12800K,   0% used [0x00000000f6400000, 0x00000000f6400000, 0x00000000f7080000)
 concurrent mark-sweep generation total 134144K, used 134083K [0x00000000f7d00000, 0x0000000100000000, 0x0000000100000000)
 Metaspace       used 51942K, capacity 54800K, committed 55680K, reserved 1097728K
  class space    used 6332K, capacity 6830K, committed 7040K, reserved 1048576K
2023-01-17T04:31:40.759+0800: 110.667: [GC (Allocation Failure) 2023-01-17T04:31:40.759+0800: 110.667: [ParNew: 115200K->115200K(115200K), 0.0000521 secs]2023-01-17T04:31:40.759+0800: 110.667: [CMS: 134083K->134143K(134144K), 0.2239749 secs] 249283K->140439K(249344K), [Metaspace: 51942K->51942K(1097728K)], 0.2245579 secs] [Times: user=0.23 sys=0.00, real=0.23 secs] 
Heap after GC invocations=164 (full 64):
 par new generation   total 115200K, used 6295K [0x00000000f0000000, 0x00000000f7d00000, 0x00000000f7d00000)
  eden space 102400K,   6% used [0x00000000f0000000, 0x00000000f0625ed0, 0x00000000f6400000)
  from space 12800K,   0% used [0x00000000f7080000, 0x00000000f7080000, 0x00000000f7d00000)
  to   space 12800K,   0% used [0x00000000f6400000, 0x00000000f6400000, 0x00000000f7080000)
 concurrent mark-sweep generation total 134144K, used 134143K [0x00000000f7d00000, 0x0000000100000000, 0x0000000100000000)
 Metaspace       used 51942K, capacity 54800K, committed 55680K, reserved 1097728K
  class space    used 6332K, capacity 6830K, committed 7040K, reserved 1048576K
}
2023-01-17T04:31:40.993+0800: 110.901: [GC (CMS Initial Mark) [1 CMS-initial-mark: 134143K(134144K)] 141358K(249344K), 0.0053857 secs] [Times: user=0.02 sys=0.00, real=0.00 secs] 
2023-01-17T04:31:40.999+0800: 110.907: [CMS-concurrent-mark-start]
2023-01-17T04:31:41.121+0800: 111.028: [CMS-concurrent-mark: 0.122/0.122 secs] [Times: user=0.25 sys=0.13, real=0.13 secs] 
2023-01-17T04:31:41.121+0800: 111.029: [CMS-concurrent-preclean-start]
2023-01-17T04:31:41.168+0800: 111.076: [CMS-concurrent-preclean: 0.047/0.047 secs] [Times: user=0.10 sys=0.04, real=0.04 secs] 
2023-01-17T04:31:41.168+0800: 111.076: [CMS-concurrent-abortable-preclean-start]
2023-01-17T04:31:41.168+0800: 111.076: [CMS-concurrent-abortable-preclean: 0.000/0.000 secs] [Times: user=0.00 sys=0.00, real=0.00 secs] 
2023-01-17T04:31:41.172+0800: 111.080: [GC (CMS Final Remark) [YG occupancy: 50092 K (115200 K)]2023-01-17T04:31:41.172+0800: 111.080: [Rescan (parallel) , 0.0149760 secs]2023-01-17T04:31:41.187+0800: 111.095: [weak refs processing, 0.0000572 secs]2023-01-17T04:31:41.187+0800: 111.095: [class unloading, 0.0131245 secs]2023-01-17T04:31:41.200+0800: 111.108: [scrub symbol table, 0.0051950 secs]2023-01-17T04:31:41.205+0800: 111.113: [scrub string table, 0.0008879 secs][1 CMS-remark: 134143K(134144K)] 184236K(249344K), 0.0344182 secs] [Times: user=0.08 sys=0.00, real=0.03 secs] 
2023-01-17T04:31:41.207+0800: 111.114: [CMS-concurrent-sweep-start]
2023-01-17T04:31:41.225+0800: 111.133: [CMS-concurrent-sweep: 0.019/0.019 secs] [Times: user=0.05 sys=0.01, real=0.02 secs] 
2023-01-17T04:31:41.226+0800: 111.133: [CMS-concurrent-reset-start]
2023-01-17T04:31:41.226+0800: 111.134: [CMS-concurrent-reset: 0.000/0.000 secs] [Times: user=0.00 sys=0.00, real=0.00 secs] 
{Heap before GC invocations=164 (full 65):
 par new generation   total 115200K, used 115200K [0x00000000f0000000, 0x00000000f7d00000, 0x00000000f7d00000)
  eden space 102400K, 100% used [0x00000000f0000000, 0x00000000f6400000, 0x00000000f6400000)
  from space 12800K, 100% used [0x00000000f7080000, 0x00000000f7d00000, 0x00000000f7d00000)
  to   space 12800K,   0% used [0x00000000f6400000, 0x00000000f6400000, 0x00000000f7080000)
 concurrent mark-sweep generation total 134144K, used 134082K [0x00000000f7d00000, 0x0000000100000000, 0x0000000100000000)
 Metaspace       used 51942K, capacity 54800K, committed 55680K, reserved 1097728K
  class space    used 6332K, capacity 6830K, committed 7040K, reserved 1048576K
2023-01-17T04:31:41.532+0800: 111.440: [GC (Allocation Failure) 2023-01-17T04:31:41.533+0800: 111.440: [ParNew: 115200K->115200K(115200K), 0.0000311 secs]2023-01-17T04:31:41.533+0800: 111.441: [CMS: 134082K->134143K(134144K), 0.2083365 secs] 249282K->140465K(249344K), [Metaspace: 51942K->51942K(1097728K)], 0.2087582 secs] [Times: user=0.21 sys=0.00, real=0.21 secs] 
Heap after GC invocations=165 (full 66):
 par new generation   total 115200K, used 6321K [0x00000000f0000000, 0x00000000f7d00000, 0x00000000f7d00000)
  eden space 102400K,   6% used [0x00000000f0000000, 0x00000000f062c678, 0x00000000f6400000)
  from space 12800K,   0% used [0x00000000f7080000, 0x00000000f7080000, 0x00000000f7d00000)
  to   space 12800K,   0% used [0x00000000f6400000, 0x00000000f6400000, 0x00000000f7080000)
 concurrent mark-sweep generation total 134144K, used 134143K [0x00000000f7d00000, 0x0000000100000000, 0x0000000100000000)
 Metaspace       used 51942K, capacity 54800K, committed 55680K, reserved 1097728K
  class space    used 6332K, capacity 6830K, committed 7040K, reserved 1048576K
}
2023-01-17T04:31:41.746+0800: 111.654: [GC (CMS Initial Mark) [1 CMS-initial-mark: 134143K(134144K)] 141168K(249344K), 0.0049286 secs] [Times: user=0.02 sys=0.00, real=0.01 secs] 
2023-01-17T04:31:41.752+0800: 111.659: [CMS-concurrent-mark-start]
2023-01-17T04:31:41.853+0800: 111.760: [CMS-concurrent-mark: 0.101/0.101 secs] [Times: user=0.32 sys=0.05, real=0.10 secs] 
2023-01-17T04:31:41.853+0800: 111.761: [CMS-concurrent-preclean-start]
2023-01-17T04:31:41.900+0800: 111.808: [CMS-concurrent-preclean: 0.047/0.047 secs] [Times: user=0.14 sys=0.02, real=0.05 secs] 
2023-01-17T04:31:41.900+0800: 111.808: [CMS-concurrent-abortable-preclean-start]
2023-01-17T04:31:41.900+0800: 111.808: [CMS-concurrent-abortable-preclean: 0.000/0.000 secs] [Times: user=0.01 sys=0.00, real=0.00 secs] 
2023-01-17T04:31:41.904+0800: 111.812: [GC (CMS Final Remark) [YG occupancy: 105667 K (115200 K)]2023-01-17T04:31:41.905+0800: 111.812: [Rescan (parallel) , 0.0272502 secs]2023-01-17T04:31:41.932+0800: 111.840: [weak refs processing, 0.0000492 secs]2023-01-17T04:31:41.932+0800: 111.840: [class unloading, 0.0135716 secs]2023-01-17T04:31:41.946+0800: 111.853: [scrub symbol table, 0.0051473 secs]2023-01-17T04:31:41.951+0800: 111.859: [scrub string table, 0.0008807 secs][1 CMS-remark: 134143K(134144K)] 239810K(249344K), 0.0471369 secs] [Times: user=0.13 sys=0.00, real=0.05 secs] 
2023-01-17T04:31:41.952+0800: 111.860: [CMS-concurrent-sweep-start]
2023-01-17T04:31:41.969+0800: 111.877: [CMS-concurrent-sweep: 0.017/0.017 secs] [Times: user=0.05 sys=0.00, real=0.01 secs] 
2023-01-17T04:31:41.970+0800: 111.877: [CMS-concurrent-reset-start]
2023-01-17T04:31:41.970+0800: 111.878: [CMS-concurrent-reset: 0.000/0.000 secs] [Times: user=0.00 sys=0.00, real=0.00 secs] 
{Heap before GC invocations=165 (full 67):
 par new generation   total 115200K, used 115199K [0x00000000f0000000, 0x00000000f7d00000, 0x00000000f7d00000)
  eden space 102400K, 100% used [0x00000000f0000000, 0x00000000f6400000, 0x00000000f6400000)
  from space 12800K,  99% used [0x00000000f7080000, 0x00000000f7cffff0, 0x00000000f7d00000)
  to   space 12800K,   0% used [0x00000000f6400000, 0x00000000f6400000, 0x00000000f7080000)
 concurrent mark-sweep generation total 134144K, used 133986K [0x00000000f7d00000, 0x0000000100000000, 0x0000000100000000)
 Metaspace       used 51942K, capacity 54800K, committed 55680K, reserved 1097728K
  class space    used 6332K, capacity 6830K, committed 7040K, reserved 1048576K
2023-01-17T04:31:42.316+0800: 112.224: [GC (Allocation Failure) 2023-01-17T04:31:42.317+0800: 112.224: [ParNew: 115199K->115199K(115200K), 0.0000356 secs]2023-01-17T04:31:42.317+0800: 112.224: [CMS: 133986K->134143K(134144K), 0.2034388 secs] 249186K->140497K(249344K), [Metaspace: 51942K->51942K(1097728K)], 0.2039990 secs] [Times: user=0.21 sys=0.00, real=0.21 secs] 
Heap after GC invocations=166 (full 68):
 par new generation   total 115200K, used 6353K [0x00000000f0000000, 0x00000000f7d00000, 0x00000000f7d00000)
  eden space 102400K,   6% used [0x00000000f0000000, 0x00000000f0634730, 0x00000000f6400000)
  from space 12800K,   0% used [0x00000000f7080000, 0x00000000f7080000, 0x00000000f7d00000)
  to   space 12800K,   0% used [0x00000000f6400000, 0x00000000f6400000, 0x00000000f7080000)
 concurrent mark-sweep generation total 134144K, used 134143K [0x00000000f7d00000, 0x0000000100000000, 0x0000000100000000)
 Metaspace       used 51942K, capacity 54800K, committed 55680K, reserved 1097728K
  class space    used 6332K, capacity 6830K, committed 7040K, reserved 1048576K
}
2023-01-17T04:31:42.526+0800: 112.434: [GC (CMS Initial Mark) [1 CMS-initial-mark: 134143K(134144K)] 141717K(249344K), 0.0048081 secs] [Times: user=0.01 sys=0.00, real=0.01 secs] 
2023-01-17T04:31:42.531+0800: 112.439: [CMS-concurrent-mark-start]
2023-01-17T04:31:42.594+0800: 112.501: [CMS-concurrent-mark: 0.062/0.062 secs] [Times: user=0.16 sys=0.01, real=0.06 secs] 
2023-01-17T04:31:42.594+0800: 112.502: [CMS-concurrent-preclean-start]
2023-01-17T04:31:42.636+0800: 112.544: [CMS-concurrent-preclean: 0.042/0.042 secs] [Times: user=0.12 sys=0.01, real=0.04 secs] 
2023-01-17T04:31:42.636+0800: 112.544: [CMS-concurrent-abortable-preclean-start]
2023-01-17T04:31:42.636+0800: 112.544: [CMS-concurrent-abortable-preclean: 0.000/0.000 secs] [Times: user=0.00 sys=0.00, real=0.00 secs] 
2023-01-17T04:31:42.640+0800: 112.548: [GC (CMS Final Remark) [YG occupancy: 58157 K (115200 K)]2023-01-17T04:31:42.640+0800: 112.548: [Rescan (parallel) , 0.0177317 secs]2023-01-17T04:31:42.658+0800: 112.566: [weak refs processing, 0.0000425 secs]2023-01-17T04:31:42.658+0800: 112.566: [class unloading, 0.0132143 secs]2023-01-17T04:31:42.671+0800: 112.579: [scrub symbol table, 0.0051917 secs]2023-01-17T04:31:42.677+0800: 112.584: [scrub string table, 0.0008572 secs][1 CMS-remark: 134143K(134144K)] 192301K(249344K), 0.0372141 secs] [Times: user=0.09 sys=0.00, real=0.03 secs] 
2023-01-17T04:31:42.678+0800: 112.586: [CMS-concurrent-sweep-start]
2023-01-17T04:31:42.694+0800: 112.602: [CMS-concurrent-sweep: 0.016/0.016 secs] [Times: user=0.05 sys=0.01, real=0.02 secs] 
2023-01-17T04:31:42.694+0800: 112.602: [CMS-concurrent-reset-start]
2023-01-17T04:31:42.695+0800: 112.602: [CMS-concurrent-reset: 0.000/0.000 secs] [Times: user=0.00 sys=0.00, real=0.00 secs] 
{Heap before GC invocations=166 (full 69):
 par new generation   total 115200K, used 115200K [0x00000000f0000000, 0x00000000f7d00000, 0x00000000f7d00000)
  eden space 102400K, 100% used [0x00000000f0000000, 0x00000000f6400000, 0x00000000f6400000)
  from space 12800K, 100% used [0x00000000f7080000, 0x00000000f7d00000, 0x00000000f7d00000)
  to   space 12800K,   0% used [0x00000000f6400000, 0x00000000f6400000, 0x00000000f7080000)
 concurrent mark-sweep generation total 134144K, used 134044K [0x00000000f7d00000, 0x0000000100000000, 0x0000000100000000)
 Metaspace       used 51943K, capacity 54800K, committed 55680K, reserved 1097728K
  class space    used 6332K, capacity 6830K, committed 7040K, reserved 1048576K
2023-01-17T04:31:43.058+0800: 112.966: [GC (Allocation Failure) 2023-01-17T04:31:43.058+0800: 112.966: [ParNew: 115200K->115200K(115200K), 0.0000290 secs]2023-01-17T04:31:43.058+0800: 112.966: [CMS: 134044K->134143K(134144K), 0.2094098 secs] 249244K->140517K(249344K), [Metaspace: 51943K->51943K(1097728K)], 0.2098426 secs] [Times: user=0.21 sys=0.01, real=0.21 secs] 
Heap after GC invocations=167 (full 70):
 par new generation   total 115200K, used 6374K [0x00000000f0000000, 0x00000000f7d00000, 0x00000000f7d00000)
  eden space 102400K,   6% used [0x00000000f0000000, 0x00000000f0639880, 0x00000000f6400000)
  from space 12800K,   0% used [0x00000000f7080000, 0x00000000f7080000, 0x00000000f7d00000)
  to   space 12800K,   0% used [0x00000000f6400000, 0x00000000f6400000, 0x00000000f7080000)
 concurrent mark-sweep generation total 134144K, used 134143K [0x00000000f7d00000, 0x0000000100000000, 0x0000000100000000)
 Metaspace       used 51943K, capacity 54800K, committed 55680K, reserved 1097728K
  class space    used 6332K, capacity 6830K, committed 7040K, reserved 1048576K
}
2023-01-17T04:31:43.275+0800: 113.183: [GC (CMS Initial Mark) [1 CMS-initial-mark: 134143K(134144K)] 143071K(249344K), 0.0056552 secs] [Times: user=0.02 sys=0.00, real=0.01 secs] 
2023-01-17T04:31:43.281+0800: 113.189: [CMS-concurrent-mark-start]
2023-01-17T04:31:43.347+0800: 113.255: [CMS-concurrent-mark: 0.066/0.066 secs] [Times: user=0.19 sys=0.02, real=0.06 secs] 
2023-01-17T04:31:43.347+0800: 113.255: [CMS-concurrent-preclean-start]
2023-01-17T04:31:43.389+0800: 113.297: [CMS-concurrent-preclean: 0.042/0.042 secs] [Times: user=0.09 sys=0.01, real=0.04 secs] 
2023-01-17T04:31:43.389+0800: 113.297: [CMS-concurrent-abortable-preclean-start]
2023-01-17T04:31:43.389+0800: 113.297: [CMS-concurrent-abortable-preclean: 0.000/0.000 secs] [Times: user=0.00 sys=0.00, real=0.00 secs] 
2023-01-17T04:31:43.396+0800: 113.304: [GC (CMS Final Remark) [YG occupancy: 57506 K (115200 K)]2023-01-17T04:31:43.396+0800: 113.304: [Rescan (parallel) , 0.0232507 secs]2023-01-17T04:31:43.419+0800: 113.327: [weak refs processing, 0.0000465 secs]2023-01-17T04:31:43.419+0800: 113.327: [class unloading, 0.0136650 secs]2023-01-17T04:31:43.433+0800: 113.341: [scrub symbol table, 0.0053854 secs]2023-01-17T04:31:43.438+0800: 113.346: [scrub string table, 0.0008926 secs][1 CMS-remark: 134143K(134144K)] 191650K(249344K), 0.0434310 secs] [Times: user=0.08 sys=0.00, real=0.04 secs] 
2023-01-17T04:31:43.440+0800: 113.347: [CMS-concurrent-sweep-start]
2023-01-17T04:31:43.456+0800: 113.364: [CMS-concurrent-sweep: 0.016/0.016 secs] [Times: user=0.04 sys=0.00, real=0.01 secs] 
2023-01-17T04:31:43.456+0800: 113.364: [CMS-concurrent-reset-start]
2023-01-17T04:31:43.456+0800: 113.364: [CMS-concurrent-reset: 0.000/0.000 secs] [Times: user=0.00 sys=0.00, real=0.00 secs] 
{Heap before GC invocations=167 (full 71):
 par new generation   total 115200K, used 115199K [0x00000000f0000000, 0x00000000f7d00000, 0x00000000f7d00000)
  eden space 102400K, 100% used [0x00000000f0000000, 0x00000000f6400000, 0x00000000f6400000)
  from space 12800K,  99% used [0x00000000f7080000, 0x00000000f7cfffe0, 0x00000000f7d00000)
  to   space 12800K,   0% used [0x00000000f6400000, 0x00000000f6400000, 0x00000000f7080000)
 concurrent mark-sweep generation total 134144K, used 134076K [0x00000000f7d00000, 0x0000000100000000, 0x0000000100000000)
 Metaspace       used 51943K, capacity 54800K, committed 55680K, reserved 1097728K
  class space    used 6332K, capacity 6830K, committed 7040K, reserved 1048576K
2023-01-17T04:31:43.798+0800: 113.706: [GC (Allocation Failure) 2023-01-17T04:31:43.798+0800: 113.706: [ParNew: 115199K->115199K(115200K), 0.0000349 secs]2023-01-17T04:31:43.798+0800: 113.706: [CMS: 134076K->134143K(134144K), 0.2058930 secs] 249276K->140573K(249344K), [Metaspace: 51943K->51943K(1097728K)], 0.2063884 secs] [Times: user=0.21 sys=0.00, real=0.21 secs] 
Heap after GC invocations=168 (full 72):
 par new generation   total 115200K, used 6429K [0x00000000f0000000, 0x00000000f7d00000, 0x00000000f7d00000)
  eden space 102400K,   6% used [0x00000000f0000000, 0x00000000f06474e8, 0x00000000f6400000)
  from space 12800K,   0% used [0x00000000f7080000, 0x00000000f7080000, 0x00000000f7d00000)
  to   space 12800K,   0% used [0x00000000f6400000, 0x00000000f6400000, 0x00000000f7080000)
 concurrent mark-sweep generation total 134144K, used 134143K [0x00000000f7d00000, 0x0000000100000000, 0x0000000100000000)
 Metaspace       used 51943K, capacity 54800K, committed 55680K, reserved 1097728K
  class space    used 6332K, capacity 6830K, committed 7040K, reserved 1048576K
}
2023-01-17T04:31:44.009+0800: 113.917: [GC (CMS Initial Mark) [1 CMS-initial-mark: 134143K(134144K)] 141320K(249344K), 0.0050447 secs] [Times: user=0.02 sys=0.00, real=0.01 secs] 
2023-01-17T04:31:44.015+0800: 113.922: [CMS-concurrent-mark-start]
2023-01-17T04:31:44.089+0800: 113.997: [CMS-concurrent-mark: 0.075/0.075 secs] [Times: user=0.23 sys=0.02, real=0.07 secs] 
2023-01-17T04:31:44.089+0800: 113.997: [CMS-concurrent-preclean-start]
2023-01-17T04:31:44.135+0800: 114.042: [CMS-concurrent-preclean: 0.045/0.045 secs] [Times: user=0.13 sys=0.01, real=0.05 secs] 
2023-01-17T04:31:44.135+0800: 114.043: [CMS-concurrent-abortable-preclean-start]
2023-01-17T04:31:44.135+0800: 114.043: [CMS-concurrent-abortable-preclean: 0.000/0.000 secs] [Times: user=0.00 sys=0.00, real=0.00 secs] 
2023-01-17T04:31:44.172+0800: 114.080: [GC (CMS Final Remark) [YG occupancy: 73104 K (115200 K)]2023-01-17T04:31:44.172+0800: 114.080: [Rescan (parallel) , 0.0217362 secs]2023-01-17T04:31:44.194+0800: 114.102: [weak refs processing, 0.0000428 secs]2023-01-17T04:31:44.194+0800: 114.102: [class unloading, 0.0137863 secs]2023-01-17T04:31:44.208+0800: 114.116: [scrub symbol table, 0.0052191 secs]2023-01-17T04:31:44.213+0800: 114.121: [scrub string table, 0.0008698 secs][1 CMS-remark: 134143K(134144K)] 207248K(249344K), 0.0418972 secs] [Times: user=0.10 sys=0.00, real=0.04 secs] 
2023-01-17T04:31:44.214+0800: 114.122: [CMS-concurrent-sweep-start]
2023-01-17T04:31:44.238+0800: 114.146: [CMS-concurrent-sweep: 0.023/0.023 secs] [Times: user=0.08 sys=0.02, real=0.02 secs] 
2023-01-17T04:31:44.238+0800: 114.146: [CMS-concurrent-reset-start]
2023-01-17T04:31:44.238+0800: 114.146: [CMS-concurrent-reset: 0.000/0.000 secs] [Times: user=0.00 sys=0.00, real=0.00 secs] 
{Heap before GC invocations=168 (full 73):
 par new generation   total 115200K, used 115195K [0x00000000f0000000, 0x00000000f7d00000, 0x00000000f7d00000)
  eden space 102400K, 100% used [0x00000000f0000000, 0x00000000f6400000, 0x00000000f6400000)
  from space 12800K,  99% used [0x00000000f7080000, 0x00000000f7cfecb8, 0x00000000f7d00000)
  to   space 12800K,   0% used [0x00000000f6400000, 0x00000000f6400000, 0x00000000f7080000)
 concurrent mark-sweep generation total 134144K, used 133972K [0x00000000f7d00000, 0x0000000100000000, 0x0000000100000000)
 Metaspace       used 51951K, capacity 54800K, committed 55680K, reserved 1097728K
  class space    used 6332K, capacity 6830K, committed 7040K, reserved 1048576K
2023-01-17T04:31:44.532+0800: 114.440: [GC (Allocation Failure) 2023-01-17T04:31:44.532+0800: 114.440: [ParNew: 115195K->115195K(115200K), 0.0000336 secs]2023-01-17T04:31:44.532+0800: 114.440: [CMS: 133972K->134144K(134144K), 0.2468523 secs] 249167K->140458K(249344K), [Metaspace: 51951K->51951K(1097728K)], 0.2473856 secs] [Times: user=0.35 sys=0.00, real=0.24 secs] 
Heap after GC invocations=169 (full 74):
 par new generation   total 115200K, used 6314K [0x00000000f0000000, 0x00000000f7d00000, 0x00000000f7d00000)
  eden space 102400K,   6% used [0x00000000f0000000, 0x00000000f062a9f8, 0x00000000f6400000)
  from space 12800K,   0% used [0x00000000f7080000, 0x00000000f7080000, 0x00000000f7d00000)
  to   space 12800K,   0% used [0x00000000f6400000, 0x00000000f6400000, 0x00000000f7080000)
 concurrent mark-sweep generation total 134144K, used 134144K [0x00000000f7d00000, 0x0000000100000000, 0x0000000100000000)
 Metaspace       used 51951K, capacity 54800K, committed 55680K, reserved 1097728K
  class space    used 6332K, capacity 6830K, committed 7040K, reserved 1048576K
}
2023-01-17T04:31:44.784+0800: 114.692: [GC (CMS Initial Mark) [1 CMS-initial-mark: 134144K(134144K)] 140680K(249344K), 0.0057010 secs] [Times: user=0.01 sys=0.00, real=0.01 secs] 
2023-01-17T04:31:44.790+0800: 114.698: [CMS-concurrent-mark-start]
2023-01-17T04:31:44.880+0800: 114.788: [CMS-concurrent-mark: 0.090/0.090 secs] [Times: user=0.26 sys=0.04, real=0.09 secs] 
2023-01-17T04:31:44.880+0800: 114.788: [CMS-concurrent-preclean-start]
2023-01-17T04:31:44.925+0800: 114.833: [CMS-concurrent-preclean: 0.045/0.045 secs] [Times: user=0.12 sys=0.02, real=0.04 secs] 
2023-01-17T04:31:44.925+0800: 114.833: [CMS-concurrent-abortable-preclean-start]
2023-01-17T04:31:44.925+0800: 114.833: [CMS-concurrent-abortable-preclean: 0.000/0.000 secs] [Times: user=0.00 sys=0.00, real=0.00 secs] 
2023-01-17T04:31:44.929+0800: 114.837: [GC (CMS Final Remark) [YG occupancy: 78545 K (115200 K)]2023-01-17T04:31:44.929+0800: 114.837: [Rescan (parallel) , 0.0216090 secs]2023-01-17T04:31:44.951+0800: 114.859: [weak refs processing, 0.0000452 secs]2023-01-17T04:31:44.951+0800: 114.859: [class unloading, 0.0133821 secs]2023-01-17T04:31:44.964+0800: 114.872: [scrub symbol table, 0.0050557 secs]2023-01-17T04:31:44.969+0800: 114.877: [scrub string table, 0.0008618 secs][1 CMS-remark: 134144K(134144K)] 212689K(249344K), 0.0411582 secs] [Times: user=0.11 sys=0.00, real=0.05 secs] 
2023-01-17T04:31:44.971+0800: 114.879: [CMS-concurrent-sweep-start]
2023-01-17T04:31:44.986+0800: 114.894: [CMS-concurrent-sweep: 0.015/0.015 secs] [Times: user=0.04 sys=0.00, real=0.01 secs] 
2023-01-17T04:31:44.986+0800: 114.894: [CMS-concurrent-reset-start]
2023-01-17T04:31:44.986+0800: 114.894: [CMS-concurrent-reset: 0.000/0.000 secs] [Times: user=0.01 sys=0.00, real=0.00 secs] 
{Heap before GC invocations=169 (full 75):
 par new generation   total 115200K, used 115199K [0x00000000f0000000, 0x00000000f7d00000, 0x00000000f7d00000)
  eden space 102400K, 100% used [0x00000000f0000000, 0x00000000f6400000, 0x00000000f6400000)
  from space 12800K,  99% used [0x00000000f7080000, 0x00000000f7cffff8, 0x00000000f7d00000)
  to   space 12800K,   0% used [0x00000000f6400000, 0x00000000f6400000, 0x00000000f7080000)
 concurrent mark-sweep generation total 134144K, used 134050K [0x00000000f7d00000, 0x0000000100000000, 0x0000000100000000)
 Metaspace       used 51951K, capacity 54800K, committed 55680K, reserved 1097728K
  class space    used 6332K, capacity 6830K, committed 7040K, reserved 1048576K
2023-01-17T04:31:45.305+0800: 115.213: [GC (Allocation Failure) 2023-01-17T04:31:45.305+0800: 115.213: [ParNew: 115199K->115199K(115200K), 0.0000281 secs]2023-01-17T04:31:45.305+0800: 115.213: [CMS: 134050K->134144K(134144K), 0.1975227 secs] 249250K->140440K(249344K), [Metaspace: 51951K->51951K(1097728K)], 0.1979120 secs] [Times: user=0.20 sys=0.00, real=0.20 secs] 
Heap after GC invocations=170 (full 76):
 par new generation   total 115200K, used 6296K [0x00000000f0000000, 0x00000000f7d00000, 0x00000000f7d00000)
  eden space 102400K,   6% used [0x00000000f0000000, 0x00000000f06262d0, 0x00000000f6400000)
  from space 12800K,   0% used [0x00000000f7080000, 0x00000000f7080000, 0x00000000f7d00000)
  to   space 12800K,   0% used [0x00000000f6400000, 0x00000000f6400000, 0x00000000f7080000)
 concurrent mark-sweep generation total 134144K, used 134144K [0x00000000f7d00000, 0x0000000100000000, 0x0000000100000000)
 Metaspace       used 51951K, capacity 54800K, committed 55680K, reserved 1097728K
  class space    used 6332K, capacity 6830K, committed 7040K, reserved 1048576K
}
2023-01-17T04:31:45.507+0800: 115.415: [GC (CMS Initial Mark) [1 CMS-initial-mark: 134144K(134144K)] 140731K(249344K), 0.0050369 secs] [Times: user=0.01 sys=0.00, real=0.01 secs] 
2023-01-17T04:31:45.513+0800: 115.420: [CMS-concurrent-mark-start]
2023-01-17T04:31:45.591+0800: 115.499: [CMS-concurrent-mark: 0.078/0.078 secs] [Times: user=0.26 sys=0.04, real=0.08 secs] 
2023-01-17T04:31:45.591+0800: 115.499: [CMS-concurrent-preclean-start]
2023-01-17T04:31:45.633+0800: 115.541: [CMS-concurrent-preclean: 0.042/0.042 secs] [Times: user=0.11 sys=0.01, real=0.04 secs] 
2023-01-17T04:31:45.633+0800: 115.541: [CMS-concurrent-abortable-preclean-start]
2023-01-17T04:31:45.633+0800: 115.541: [CMS-concurrent-abortable-preclean: 0.000/0.000 secs] [Times: user=0.00 sys=0.00, real=0.00 secs] 
2023-01-17T04:31:45.640+0800: 115.548: [GC (CMS Final Remark) [YG occupancy: 78170 K (115200 K)]2023-01-17T04:31:45.641+0800: 115.548: [Rescan (parallel) , 0.0228232 secs]2023-01-17T04:31:45.663+0800: 115.571: [weak refs processing, 0.0000475 secs]2023-01-17T04:31:45.664+0800: 115.571: [class unloading, 0.0135354 secs]2023-01-17T04:31:45.677+0800: 115.585: [scrub symbol table, 0.0051167 secs]2023-01-17T04:31:45.682+0800: 115.590: [scrub string table, 0.0008666 secs][1 CMS-remark: 134144K(134144K)] 212314K(249344K), 0.0426083 secs] [Times: user=0.11 sys=0.00, real=0.04 secs] 
2023-01-17T04:31:45.683+0800: 115.591: [CMS-concurrent-sweep-start]
2023-01-17T04:31:45.701+0800: 115.609: [CMS-concurrent-sweep: 0.018/0.018 secs] [Times: user=0.05 sys=0.01, real=0.02 secs] 
2023-01-17T04:31:45.701+0800: 115.609: [CMS-concurrent-reset-start]
2023-01-17T04:31:45.702+0800: 115.609: [CMS-concurrent-reset: 0.000/0.000 secs] [Times: user=0.00 sys=0.00, real=0.00 secs] 
{Heap before GC invocations=170 (full 77):
 par new generation   total 115200K, used 115199K [0x00000000f0000000, 0x00000000f7d00000, 0x00000000f7d00000)
  eden space 102400K, 100% used [0x00000000f0000000, 0x00000000f6400000, 0x00000000f6400000)
  from space 12800K,  99% used [0x00000000f7080000, 0x00000000f7cffff0, 0x00000000f7d00000)
  to   space 12800K,   0% used [0x00000000f6400000, 0x00000000f6400000, 0x00000000f7080000)
 concurrent mark-sweep generation total 134144K, used 134077K [0x00000000f7d00000, 0x0000000100000000, 0x0000000100000000)
 Metaspace       used 51951K, capacity 54800K, committed 55680K, reserved 1097728K
  class space    used 6332K, capacity 6830K, committed 7040K, reserved 1048576K
2023-01-17T04:31:46.043+0800: 115.951: [GC (Allocation Failure) 2023-01-17T04:31:46.043+0800: 115.951: [ParNew: 115199K->115199K(115200K), 0.0000362 secs]2023-01-17T04:31:46.043+0800: 115.951: [CMS: 134077K->134144K(134144K), 0.2028811 secs] 249277K->140366K(249344K), [Metaspace: 51951K->51951K(1097728K)], 0.2034047 secs] [Times: user=0.21 sys=0.00, real=0.20 secs] 
Heap after GC invocations=171 (full 78):
 par new generation   total 115200K, used 6222K [0x00000000f0000000, 0x00000000f7d00000, 0x00000000f7d00000)
  eden space 102400K,   6% used [0x00000000f0000000, 0x00000000f06138c8, 0x00000000f6400000)
  from space 12800K,   0% used [0x00000000f7080000, 0x00000000f7080000, 0x00000000f7d00000)
  to   space 12800K,   0% used [0x00000000f6400000, 0x00000000f6400000, 0x00000000f7080000)
 concurrent mark-sweep generation total 134144K, used 134144K [0x00000000f7d00000, 0x0000000100000000, 0x0000000100000000)
 Metaspace       used 51951K, capacity 54800K, committed 55680K, reserved 1097728K
  class space    used 6332K, capacity 6830K, committed 7040K, reserved 1048576K
}
2023-01-17T04:31:46.251+0800: 116.159: [GC (CMS Initial Mark) [1 CMS-initial-mark: 134144K(134144K)] 140932K(249344K), 0.0050457 secs] [Times: user=0.01 sys=0.00, real=0.00 secs] 
2023-01-17T04:31:46.257+0800: 116.164: [CMS-concurrent-mark-start]
2023-01-17T04:31:46.340+0800: 116.248: [CMS-concurrent-mark: 0.083/0.083 secs] [Times: user=0.25 sys=0.06, real=0.09 secs] 
2023-01-17T04:31:46.340+0800: 116.248: [CMS-concurrent-preclean-start]
2023-01-17T04:31:46.390+0800: 116.298: [CMS-concurrent-preclean: 0.050/0.050 secs] [Times: user=0.17 sys=0.01, real=0.05 secs] 
2023-01-17T04:31:46.391+0800: 116.298: [CMS-concurrent-abortable-preclean-start]
2023-01-17T04:31:46.391+0800: 116.298: [CMS-concurrent-abortable-preclean: 0.000/0.000 secs] [Times: user=0.00 sys=0.00, real=0.00 secs] 
2023-01-17T04:31:46.394+0800: 116.302: [GC (CMS Final Remark) [YG occupancy: 96904 K (115200 K)]2023-01-17T04:31:46.394+0800: 116.302: [Rescan (parallel) , 0.0261783 secs]2023-01-17T04:31:46.421+0800: 116.328: [weak refs processing, 0.0000597 secs]2023-01-17T04:31:46.421+0800: 116.328: [class unloading, 0.0133123 secs]2023-01-17T04:31:46.434+0800: 116.342: [scrub symbol table, 0.0050721 secs]2023-01-17T04:31:46.439+0800: 116.347: [scrub string table, 0.0008729 secs][1 CMS-remark: 134144K(134144K)] 231048K(249344K), 0.0456978 secs] [Times: user=0.12 sys=0.00, real=0.05 secs] 
2023-01-17T04:31:46.440+0800: 116.348: [CMS-concurrent-sweep-start]
2023-01-17T04:31:46.460+0800: 116.368: [CMS-concurrent-sweep: 0.020/0.020 secs] [Times: user=0.07 sys=0.00, real=0.02 secs] 
2023-01-17T04:31:46.464+0800: 116.372: [CMS-concurrent-reset-start]
2023-01-17T04:31:46.465+0800: 116.372: [CMS-concurrent-reset: 0.001/0.001 secs] [Times: user=0.00 sys=0.00, real=0.00 secs] 
{Heap before GC invocations=171 (full 79):
 par new generation   total 115200K, used 115200K [0x00000000f0000000, 0x00000000f7d00000, 0x00000000f7d00000)
  eden space 102400K, 100% used [0x00000000f0000000, 0x00000000f6400000, 0x00000000f6400000)
  from space 12800K, 100% used [0x00000000f7080000, 0x00000000f7d00000, 0x00000000f7d00000)
  to   space 12800K,   0% used [0x00000000f6400000, 0x00000000f6400000, 0x00000000f7080000)
 concurrent mark-sweep generation total 134144K, used 134011K [0x00000000f7d00000, 0x0000000100000000, 0x0000000100000000)
 Metaspace       used 51951K, capacity 54800K, committed 55680K, reserved 1097728K
  class space    used 6332K, capacity 6830K, committed 7040K, reserved 1048576K
2023-01-17T04:31:46.802+0800: 116.710: [GC (Allocation Failure) 2023-01-17T04:31:46.802+0800: 116.710: [ParNew: 115200K->115200K(115200K), 0.0000264 secs]2023-01-17T04:31:46.802+0800: 116.710: [CMS: 134011K->134143K(134144K), 0.1941041 secs] 249211K->140395K(249344K), [Metaspace: 51951K->51951K(1097728K)], 0.1945198 secs] [Times: user=0.19 sys=0.00, real=0.19 secs] 
Heap after GC invocations=172 (full 80):
 par new generation   total 115200K, used 6251K [0x00000000f0000000, 0x00000000f7d00000, 0x00000000f7d00000)
  eden space 102400K,   6% used [0x00000000f0000000, 0x00000000f061ad28, 0x00000000f6400000)
  from space 12800K,   0% used [0x00000000f7080000, 0x00000000f7080000, 0x00000000f7d00000)
  to   space 12800K,   0% used [0x00000000f6400000, 0x00000000f6400000, 0x00000000f7080000)
 concurrent mark-sweep generation total 134144K, used 134143K [0x00000000f7d00000, 0x0000000100000000, 0x0000000100000000)
 Metaspace       used 51951K, capacity 54800K, committed 55680K, reserved 1097728K
  class space    used 6332K, capacity 6830K, committed 7040K, reserved 1048576K
}
2023-01-17T04:31:47.003+0800: 116.911: [GC (CMS Initial Mark) [1 CMS-initial-mark: 134143K(134144K)] 142800K(249344K), 0.0051047 secs] [Times: user=0.02 sys=0.00, real=0.00 secs] 
2023-01-17T04:31:47.009+0800: 116.916: [CMS-concurrent-mark-start]
2023-01-17T04:31:47.069+0800: 116.977: [CMS-concurrent-mark: 0.060/0.060 secs] [Times: user=0.14 sys=0.03, real=0.06 secs] 
2023-01-17T04:31:47.069+0800: 116.977: [CMS-concurrent-preclean-start]
2023-01-17T04:31:47.108+0800: 117.016: [CMS-concurrent-preclean: 0.038/0.038 secs] [Times: user=0.06 sys=0.01, real=0.04 secs] 
2023-01-17T04:31:47.108+0800: 117.016: [CMS-concurrent-abortable-preclean-start]
2023-01-17T04:31:47.108+0800: 117.016: [CMS-concurrent-abortable-preclean: 0.000/0.000 secs] [Times: user=0.00 sys=0.00, real=0.00 secs] 
2023-01-17T04:31:47.114+0800: 117.022: [GC (CMS Final Remark) [YG occupancy: 38725 K (115200 K)]2023-01-17T04:31:47.114+0800: 117.022: [Rescan (parallel) , 0.0162316 secs]2023-01-17T04:31:47.131+0800: 117.038: [weak refs processing, 0.0000429 secs]2023-01-17T04:31:47.131+0800: 117.038: [class unloading, 0.0133109 secs]2023-01-17T04:31:47.144+0800: 117.052: [scrub symbol table, 0.0051345 secs]2023-01-17T04:31:47.149+0800: 117.057: [scrub string table, 0.0008708 secs][1 CMS-remark: 134143K(134144K)] 172869K(249344K), 0.0357610 secs] [Times: user=0.07 sys=0.00, real=0.04 secs] 
2023-01-17T04:31:47.150+0800: 117.058: [CMS-concurrent-sweep-start]
2023-01-17T04:31:47.166+0800: 117.074: [CMS-concurrent-sweep: 0.016/0.016 secs] [Times: user=0.03 sys=0.00, real=0.01 secs] 
2023-01-17T04:31:47.166+0800: 117.074: [CMS-concurrent-reset-start]
2023-01-17T04:31:47.167+0800: 117.074: [CMS-concurrent-reset: 0.000/0.000 secs] [Times: user=0.00 sys=0.00, real=0.00 secs] 
{Heap before GC invocations=172 (full 81):
 par new generation   total 115200K, used 115199K [0x00000000f0000000, 0x00000000f7d00000, 0x00000000f7d00000)
  eden space 102400K, 100% used [0x00000000f0000000, 0x00000000f6400000, 0x00000000f6400000)
  from space 12800K,  99% used [0x00000000f7080000, 0x00000000f7cfffe0, 0x00000000f7d00000)
  to   space 12800K,   0% used [0x00000000f6400000, 0x00000000f6400000, 0x00000000f7080000)
 concurrent mark-sweep generation total 134144K, used 134056K [0x00000000f7d00000, 0x0000000100000000, 0x0000000100000000)
 Metaspace       used 51951K, capacity 54800K, committed 55680K, reserved 1097728K
  class space    used 6332K, capacity 6830K, committed 7040K, reserved 1048576K
2023-01-17T04:31:47.539+0800: 117.446: [GC (Allocation Failure) 2023-01-17T04:31:47.539+0800: 117.447: [ParNew: 115199K->115199K(115200K), 0.0000339 secs]2023-01-17T04:31:47.539+0800: 117.447: [CMS: 134056K->134143K(134144K), 0.2348096 secs] 249256K->140296K(249344K), [Metaspace: 51951K->51951K(1097728K)], 0.2353403 secs] [Times: user=0.23 sys=0.00, real=0.24 secs] 
Heap after GC invocations=173 (full 82):
 par new generation   total 115200K, used 6152K [0x00000000f0000000, 0x00000000f7d00000, 0x00000000f7d00000)
  eden space 102400K,   6% used [0x00000000f0000000, 0x00000000f06023f8, 0x00000000f6400000)
  from space 12800K,   0% used [0x00000000f7080000, 0x00000000f7080000, 0x00000000f7d00000)
  to   space 12800K,   0% used [0x00000000f6400000, 0x00000000f6400000, 0x00000000f7080000)
 concurrent mark-sweep generation total 134144K, used 134143K [0x00000000f7d00000, 0x0000000100000000, 0x0000000100000000)
 Metaspace       used 51951K, capacity 54800K, committed 55680K, reserved 1097728K
  class space    used 6332K, capacity 6830K, committed 7040K, reserved 1048576K
}
2023-01-17T04:31:47.780+0800: 117.688: [GC (CMS Initial Mark) [1 CMS-initial-mark: 134143K(134144K)] 141483K(249344K), 0.0051864 secs] [Times: user=0.02 sys=0.00, real=0.00 secs] 
2023-01-17T04:31:47.785+0800: 117.693: [CMS-concurrent-mark-start]
2023-01-17T04:31:47.856+0800: 117.764: [CMS-concurrent-mark: 0.071/0.071 secs] [Times: user=0.21 sys=0.02, real=0.07 secs] 
2023-01-17T04:31:47.856+0800: 117.764: [CMS-concurrent-preclean-start]
2023-01-17T04:31:47.897+0800: 117.805: [CMS-concurrent-preclean: 0.041/0.041 secs] [Times: user=0.09 sys=0.01, real=0.04 secs] 
2023-01-17T04:31:47.898+0800: 117.805: [CMS-concurrent-abortable-preclean-start]
2023-01-17T04:31:47.898+0800: 117.805: [CMS-concurrent-abortable-preclean: 0.000/0.000 secs] [Times: user=0.00 sys=0.00, real=0.00 secs] 
2023-01-17T04:31:47.904+0800: 117.812: [GC (CMS Final Remark) [YG occupancy: 60853 K (115200 K)]2023-01-17T04:31:47.904+0800: 117.812: [Rescan (parallel) , 0.0188797 secs]2023-01-17T04:31:47.923+0800: 117.831: [weak refs processing, 0.0000494 secs]2023-01-17T04:31:47.923+0800: 117.831: [class unloading, 0.0151943 secs]2023-01-17T04:31:47.938+0800: 117.846: [scrub symbol table, 0.0051048 secs]2023-01-17T04:31:47.943+0800: 117.851: [scrub string table, 0.0008983 secs][1 CMS-remark: 134143K(134144K)] 194997K(249344K), 0.0403569 secs] [Times: user=0.10 sys=0.00, real=0.04 secs] 
2023-01-17T04:31:47.945+0800: 117.853: [CMS-concurrent-sweep-start]
2023-01-17T04:31:47.964+0800: 117.871: [CMS-concurrent-sweep: 0.019/0.019 secs] [Times: user=0.06 sys=0.00, real=0.02 secs] 
2023-01-17T04:31:47.964+0800: 117.872: [CMS-concurrent-reset-start]
2023-01-17T04:31:47.964+0800: 117.872: [CMS-concurrent-reset: 0.000/0.000 secs] [Times: user=0.00 sys=0.00, real=0.00 secs] 
{Heap before GC invocations=173 (full 83):
 par new generation   total 115200K, used 115200K [0x00000000f0000000, 0x00000000f7d00000, 0x00000000f7d00000)
  eden space 102400K, 100% used [0x00000000f0000000, 0x00000000f6400000, 0x00000000f6400000)
  from space 12800K, 100% used [0x00000000f7080000, 0x00000000f7d00000, 0x00000000f7d00000)
  to   space 12800K,   0% used [0x00000000f6400000, 0x00000000f6400000, 0x00000000f7080000)
 concurrent mark-sweep generation total 134144K, used 134079K [0x00000000f7d00000, 0x0000000100000000, 0x0000000100000000)
 Metaspace       used 51951K, capacity 54800K, committed 55680K, reserved 1097728K
  class space    used 6332K, capacity 6830K, committed 7040K, reserved 1048576K
2023-01-17T04:31:48.360+0800: 118.268: [GC (Allocation Failure) 2023-01-17T04:31:48.360+0800: 118.268: [ParNew: 115200K->115200K(115200K), 0.0000265 secs]2023-01-17T04:31:48.360+0800: 118.268: [CMS: 134079K->134143K(134144K), 0.2087194 secs] 249279K->140449K(249344K), [Metaspace: 51951K->51951K(1097728K)], 0.2091471 secs] [Times: user=0.21 sys=0.00, real=0.20 secs] 
Heap after GC invocations=174 (full 84):
 par new generation   total 115200K, used 6305K [0x00000000f0000000, 0x00000000f7d00000, 0x00000000f7d00000)
  eden space 102400K,   6% used [0x00000000f0000000, 0x00000000f0628770, 0x00000000f6400000)
  from space 12800K,   0% used [0x00000000f7080000, 0x00000000f7080000, 0x00000000f7d00000)
  to   space 12800K,   0% used [0x00000000f6400000, 0x00000000f6400000, 0x00000000f7080000)
 concurrent mark-sweep generation total 134144K, used 134143K [0x00000000f7d00000, 0x0000000100000000, 0x0000000100000000)
 Metaspace       used 51951K, capacity 54800K, committed 55680K, reserved 1097728K
  class space    used 6332K, capacity 6830K, committed 7040K, reserved 1048576K
}
2023-01-17T04:31:48.573+0800: 118.481: [GC (CMS Initial Mark) [1 CMS-initial-mark: 134143K(134144K)] 140459K(249344K), 0.0044433 secs] [Times: user=0.01 sys=0.00, real=0.00 secs] 
2023-01-17T04:31:48.578+0800: 118.485: [CMS-concurrent-mark-start]
2023-01-17T04:31:48.645+0800: 118.553: [CMS-concurrent-mark: 0.067/0.067 secs] [Times: user=0.17 sys=0.03, real=0.07 secs] 
2023-01-17T04:31:48.645+0800: 118.553: [CMS-concurrent-preclean-start]
2023-01-17T04:31:48.687+0800: 118.595: [CMS-concurrent-preclean: 0.042/0.042 secs] [Times: user=0.09 sys=0.01, real=0.04 secs] 
2023-01-17T04:31:48.688+0800: 118.595: [CMS-concurrent-abortable-preclean-start]
2023-01-17T04:31:48.688+0800: 118.595: [CMS-concurrent-abortable-preclean: 0.000/0.000 secs] [Times: user=0.00 sys=0.00, real=0.00 secs] 
2023-01-17T04:31:48.777+0800: 118.684: [GC (CMS Final Remark) [YG occupancy: 107224 K (115200 K)]2023-01-17T04:31:48.777+0800: 118.685: [Rescan (parallel) , 0.0313384 secs]2023-01-17T04:31:48.808+0800: 118.716: [weak refs processing, 0.0000504 secs]2023-01-17T04:31:48.808+0800: 118.716: [class unloading, 0.0138043 secs]2023-01-17T04:31:48.822+0800: 118.730: [scrub symbol table, 0.0051659 secs]2023-01-17T04:31:48.827+0800: 118.735: [scrub string table, 0.0008723 secs][1 CMS-remark: 134143K(134144K)] 241368K(249344K), 0.0514905 secs] [Times: user=0.15 sys=0.00, real=0.05 secs] 
2023-01-17T04:31:48.830+0800: 118.737: [CMS-concurrent-sweep-start]
2023-01-17T04:31:48.859+0800: 118.767: [CMS-concurrent-sweep: 0.029/0.029 secs] [Times: user=0.09 sys=0.01, real=0.02 secs] 
2023-01-17T04:31:48.859+0800: 118.767: [CMS-concurrent-reset-start]
2023-01-17T04:31:48.859+0800: 118.767: [CMS-concurrent-reset: 0.000/0.000 secs] [Times: user=0.00 sys=0.00, real=0.00 secs] 
{Heap before GC invocations=174 (full 85):
 par new generation   total 115200K, used 115200K [0x00000000f0000000, 0x00000000f7d00000, 0x00000000f7d00000)
  eden space 102400K, 100% used [0x00000000f0000000, 0x00000000f6400000, 0x00000000f6400000)
  from space 12800K, 100% used [0x00000000f7080000, 0x00000000f7d00000, 0x00000000f7d00000)
  to   space 12800K,   0% used [0x00000000f6400000, 0x00000000f6400000, 0x00000000f7080000)
 concurrent mark-sweep generation total 134144K, used 134063K [0x00000000f7d00000, 0x0000000100000000, 0x0000000100000000)
 Metaspace       used 51951K, capacity 54800K, committed 55680K, reserved 1097728K
  class space    used 6332K, capacity 6830K, committed 7040K, reserved 1048576K
2023-01-17T04:31:49.092+0800: 119.000: [GC (Allocation Failure) 2023-01-17T04:31:49.093+0800: 119.000: [ParNew: 115200K->115200K(115200K), 0.0000301 secs]2023-01-17T04:31:49.093+0800: 119.000: [CMS: 134063K->134144K(134144K), 0.1996119 secs] 249263K->140425K(249344K), [Metaspace: 51951K->51951K(1097728K)], 0.2000261 secs] [Times: user=0.20 sys=0.00, real=0.20 secs] 
Heap after GC invocations=175 (full 86):
 par new generation   total 115200K, used 6281K [0x00000000f0000000, 0x00000000f7d00000, 0x00000000f7d00000)
  eden space 102400K,   6% used [0x00000000f0000000, 0x00000000f06224f8, 0x00000000f6400000)
  from space 12800K,   0% used [0x00000000f7080000, 0x00000000f7080000, 0x00000000f7d00000)
  to   space 12800K,   0% used [0x00000000f6400000, 0x00000000f6400000, 0x00000000f7080000)
 concurrent mark-sweep generation total 134144K, used 134144K [0x00000000f7d00000, 0x0000000100000000, 0x0000000100000000)
 Metaspace       used 51951K, capacity 54800K, committed 55680K, reserved 1097728K
  class space    used 6332K, capacity 6830K, committed 7040K, reserved 1048576K
}
2023-01-17T04:31:49.297+0800: 119.205: [GC (CMS Initial Mark) [1 CMS-initial-mark: 134144K(134144K)] 141121K(249344K), 0.0052265 secs] [Times: user=0.02 sys=0.00, real=0.01 secs] 
2023-01-17T04:31:49.303+0800: 119.211: [CMS-concurrent-mark-start]
2023-01-17T04:31:49.368+0800: 119.276: [CMS-concurrent-mark: 0.065/0.065 secs] [Times: user=0.16 sys=0.03, real=0.06 secs] 
2023-01-17T04:31:49.368+0800: 119.276: [CMS-concurrent-preclean-start]
2023-01-17T04:31:49.410+0800: 119.318: [CMS-concurrent-preclean: 0.042/0.042 secs] [Times: user=0.10 sys=0.01, real=0.05 secs] 
2023-01-17T04:31:49.410+0800: 119.318: [CMS-concurrent-abortable-preclean-start]
2023-01-17T04:31:49.410+0800: 119.318: [CMS-concurrent-abortable-preclean: 0.000/0.000 secs] [Times: user=0.00 sys=0.00, real=0.00 secs] 
2023-01-17T04:31:49.415+0800: 119.322: [GC (CMS Final Remark) [YG occupancy: 55947 K (115200 K)]2023-01-17T04:31:49.415+0800: 119.323: [Rescan (parallel) , 0.0176869 secs]2023-01-17T04:31:49.432+0800: 119.340: [weak refs processing, 0.0000407 secs]2023-01-17T04:31:49.432+0800: 119.340: [class unloading, 0.0138696 secs]2023-01-17T04:31:49.446+0800: 119.354: [scrub symbol table, 0.0051810 secs]2023-01-17T04:31:49.452+0800: 119.359: [scrub string table, 0.0008578 secs][1 CMS-remark: 134144K(134144K)] 190091K(249344K), 0.0378601 secs] [Times: user=0.08 sys=0.00, real=0.04 secs] 
2023-01-17T04:31:49.453+0800: 119.361: [CMS-concurrent-sweep-start]
2023-01-17T04:31:49.473+0800: 119.381: [CMS-concurrent-sweep: 0.021/0.021 secs] [Times: user=0.06 sys=0.01, real=0.02 secs] 
2023-01-17T04:31:49.474+0800: 119.382: [CMS-concurrent-reset-start]
2023-01-17T04:31:49.475+0800: 119.382: [CMS-concurrent-reset: 0.000/0.000 secs] [Times: user=0.01 sys=0.00, real=0.00 secs] 
{Heap before GC invocations=175 (full 87):
 par new generation   total 115200K, used 115196K [0x00000000f0000000, 0x00000000f7d00000, 0x00000000f7d00000)
  eden space 102400K, 100% used [0x00000000f0000000, 0x00000000f6400000, 0x00000000f6400000)
  from space 12800K,  99% used [0x00000000f7080000, 0x00000000f7cff0d8, 0x00000000f7d00000)
  to   space 12800K,   0% used [0x00000000f6400000, 0x00000000f6400000, 0x00000000f7080000)
 concurrent mark-sweep generation total 134144K, used 134096K [0x00000000f7d00000, 0x0000000100000000, 0x0000000100000000)
 Metaspace       used 51952K, capacity 54800K, committed 55680K, reserved 1097728K
  class space    used 6332K, capacity 6830K, committed 7040K, reserved 1048576K
2023-01-17T04:31:49.830+0800: 119.737: [GC (Allocation Failure) 2023-01-17T04:31:49.830+0800: 119.738: [ParNew: 115196K->115196K(115200K), 0.0000359 secs]2023-01-17T04:31:49.830+0800: 119.738: [CMS: 134096K->134143K(134144K), 0.2047183 secs] 249293K->140447K(249344K), [Metaspace: 51952K->51952K(1097728K)], 0.2051522 secs] [Times: user=0.21 sys=0.00, real=0.20 secs] 
Heap after GC invocations=176 (full 88):
 par new generation   total 115200K, used 6303K [0x00000000f0000000, 0x00000000f7d00000, 0x00000000f7d00000)
  eden space 102400K,   6% used [0x00000000f0000000, 0x00000000f0627d08, 0x00000000f6400000)
  from space 12800K,   0% used [0x00000000f7080000, 0x00000000f7080000, 0x00000000f7d00000)
  to   space 12800K,   0% used [0x00000000f6400000, 0x00000000f6400000, 0x00000000f7080000)
 concurrent mark-sweep generation total 134144K, used 134143K [0x00000000f7d00000, 0x0000000100000000, 0x0000000100000000)
 Metaspace       used 51952K, capacity 54800K, committed 55680K, reserved 1097728K
  class space    used 6332K, capacity 6830K, committed 7040K, reserved 1048576K
}
2023-01-17T04:31:50.040+0800: 119.947: [GC (CMS Initial Mark) [1 CMS-initial-mark: 134143K(134144K)] 140914K(249344K), 0.0048538 secs] [Times: user=0.01 sys=0.00, real=0.00 secs] 
2023-01-17T04:31:50.045+0800: 119.952: [CMS-concurrent-mark-start]
2023-01-17T04:31:50.121+0800: 120.029: [CMS-concurrent-mark: 0.076/0.076 secs] [Times: user=0.25 sys=0.05, real=0.08 secs] 
2023-01-17T04:31:50.121+0800: 120.029: [CMS-concurrent-preclean-start]
2023-01-17T04:31:50.168+0800: 120.076: [CMS-concurrent-preclean: 0.046/0.046 secs] [Times: user=0.14 sys=0.03, real=0.04 secs] 
2023-01-17T04:31:50.168+0800: 120.076: [CMS-concurrent-abortable-preclean-start]
2023-01-17T04:31:50.168+0800: 120.076: [CMS-concurrent-abortable-preclean: 0.000/0.000 secs] [Times: user=0.00 sys=0.00, real=0.00 secs] 
2023-01-17T04:31:50.172+0800: 120.080: [GC (CMS Final Remark) [YG occupancy: 89861 K (115200 K)]2023-01-17T04:31:50.172+0800: 120.080: [Rescan (parallel) , 0.0269261 secs]2023-01-17T04:31:50.199+0800: 120.107: [weak refs processing, 0.0000456 secs]2023-01-17T04:31:50.199+0800: 120.107: [class unloading, 0.0135342 secs]2023-01-17T04:31:50.213+0800: 120.121: [scrub symbol table, 0.0050850 secs]2023-01-17T04:31:50.218+0800: 120.126: [scrub string table, 0.0008824 secs][1 CMS-remark: 134143K(134144K)] 224004K(249344K), 0.0467014 secs] [Times: user=0.11 sys=0.00, real=0.04 secs] 
2023-01-17T04:31:50.220+0800: 120.127: [CMS-concurrent-sweep-start]
2023-01-17T04:31:50.238+0800: 120.146: [CMS-concurrent-sweep: 0.018/0.018 secs] [Times: user=0.05 sys=0.01, real=0.01 secs] 
2023-01-17T04:31:50.238+0800: 120.146: [CMS-concurrent-reset-start]
2023-01-17T04:31:50.238+0800: 120.146: [CMS-concurrent-reset: 0.000/0.000 secs] [Times: user=0.00 sys=0.00, real=0.00 secs] 
{Heap before GC invocations=176 (full 89):
 par new generation   total 115200K, used 115199K [0x00000000f0000000, 0x00000000f7d00000, 0x00000000f7d00000)
  eden space 102400K, 100% used [0x00000000f0000000, 0x00000000f6400000, 0x00000000f6400000)
  from space 12800K,  99% used [0x00000000f7080000, 0x00000000f7cffff0, 0x00000000f7d00000)
  to   space 12800K,   0% used [0x00000000f6400000, 0x00000000f6400000, 0x00000000f7080000)
 concurrent mark-sweep generation total 134144K, used 134041K [0x00000000f7d00000, 0x0000000100000000, 0x0000000100000000)
 Metaspace       used 51961K, capacity 54800K, committed 55680K, reserved 1097728K
  class space    used 6332K, capacity 6830K, committed 7040K, reserved 1048576K
2023-01-17T04:31:50.568+0800: 120.476: [GC (Allocation Failure) 2023-01-17T04:31:50.568+0800: 120.476: [ParNew: 115199K->115199K(115200K), 0.0000338 secs]2023-01-17T04:31:50.568+0800: 120.476: [CMS: 134041K->134144K(134144K), 0.2050062 secs] 249241K->140394K(249344K), [Metaspace: 51961K->51961K(1097728K)], 0.2055041 secs] [Times: user=0.22 sys=0.00, real=0.21 secs] 
Heap after GC invocations=177 (full 90):
 par new generation   total 115200K, used 6250K [0x00000000f0000000, 0x00000000f7d00000, 0x00000000f7d00000)
  eden space 102400K,   6% used [0x00000000f0000000, 0x00000000f061a970, 0x00000000f6400000)
  from space 12800K,   0% used [0x00000000f7080000, 0x00000000f7080000, 0x00000000f7d00000)
  to   space 12800K,   0% used [0x00000000f6400000, 0x00000000f6400000, 0x00000000f7080000)
 concurrent mark-sweep generation total 134144K, used 134144K [0x00000000f7d00000, 0x0000000100000000, 0x0000000100000000)
 Metaspace       used 51961K, capacity 54800K, committed 55680K, reserved 1097728K
  class space    used 6332K, capacity 6830K, committed 7040K, reserved 1048576K
}
2023-01-17T04:31:50.780+0800: 120.688: [GC (CMS Initial Mark) [1 CMS-initial-mark: 134144K(134144K)] 140665K(249344K), 0.0058323 secs] [Times: user=0.02 sys=0.00, real=0.00 secs] 
2023-01-17T04:31:50.786+0800: 120.694: [CMS-concurrent-mark-start]
2023-01-17T04:31:50.863+0800: 120.771: [CMS-concurrent-mark: 0.077/0.077 secs] [Times: user=0.16 sys=0.02, real=0.08 secs] 
2023-01-17T04:31:50.863+0800: 120.771: [CMS-concurrent-preclean-start]
2023-01-17T04:31:50.921+0800: 120.829: [CMS-concurrent-preclean: 0.058/0.058 secs] [Times: user=0.15 sys=0.02, real=0.06 secs] 
2023-01-17T04:31:50.921+0800: 120.829: [CMS-concurrent-abortable-preclean-start]
2023-01-17T04:31:50.921+0800: 120.829: [CMS-concurrent-abortable-preclean: 0.000/0.000 secs] [Times: user=0.00 sys=0.00, real=0.00 secs] 
2023-01-17T04:31:50.926+0800: 120.834: [GC (CMS Final Remark) [YG occupancy: 61080 K (115200 K)]2023-01-17T04:31:50.926+0800: 120.834: [Rescan (parallel) , 0.0235209 secs]2023-01-17T04:31:50.950+0800: 120.858: [weak refs processing, 0.0000480 secs]2023-01-17T04:31:50.950+0800: 120.858: [class unloading, 0.0127717 secs]2023-01-17T04:31:50.963+0800: 120.870: [scrub symbol table, 0.0052199 secs]2023-01-17T04:31:50.968+0800: 120.876: [scrub string table, 0.0009558 secs][1 CMS-remark: 134144K(134144K)] 195224K(249344K), 0.0427706 secs] [Times: user=0.09 sys=0.00, real=0.04 secs] 
2023-01-17T04:31:50.969+0800: 120.877: [CMS-concurrent-sweep-start]
2023-01-17T04:31:50.993+0800: 120.901: [CMS-concurrent-sweep: 0.024/0.024 secs] [Times: user=0.05 sys=0.02, real=0.03 secs] 
2023-01-17T04:31:50.993+0800: 120.901: [CMS-concurrent-reset-start]
2023-01-17T04:31:50.993+0800: 120.901: [CMS-concurrent-reset: 0.000/0.000 secs] [Times: user=0.00 sys=0.00, real=0.00 secs] 
{Heap before GC invocations=177 (full 91):
 par new generation   total 115200K, used 115199K [0x00000000f0000000, 0x00000000f7d00000, 0x00000000f7d00000)
  eden space 102400K, 100% used [0x00000000f0000000, 0x00000000f6400000, 0x00000000f6400000)
  from space 12800K,  99% used [0x00000000f7080000, 0x00000000f7cfffe8, 0x00000000f7d00000)
  to   space 12800K,   0% used [0x00000000f6400000, 0x00000000f6400000, 0x00000000f7080000)
 concurrent mark-sweep generation total 134144K, used 134022K [0x00000000f7d00000, 0x0000000100000000, 0x0000000100000000)
 Metaspace       used 51961K, capacity 54800K, committed 55680K, reserved 1097728K
  class space    used 6332K, capacity 6830K, committed 7040K, reserved 1048576K
2023-01-17T04:31:51.320+0800: 121.228: [GC (Allocation Failure) 2023-01-17T04:31:51.321+0800: 121.228: [ParNew: 115199K->115199K(115200K), 0.0000279 secs]2023-01-17T04:31:51.321+0800: 121.228: [CMS: 134022K->134143K(134144K), 0.2124167 secs] 249222K->140439K(249344K), [Metaspace: 51961K->51961K(1097728K)], 0.2128476 secs] [Times: user=0.22 sys=0.00, real=0.21 secs] 
Heap after GC invocations=178 (full 92):
 par new generation   total 115200K, used 6295K [0x00000000f0000000, 0x00000000f7d00000, 0x00000000f7d00000)
  eden space 102400K,   6% used [0x00000000f0000000, 0x00000000f0625dc0, 0x00000000f6400000)
  from space 12800K,   0% used [0x00000000f7080000, 0x00000000f7080000, 0x00000000f7d00000)
  to   space 12800K,   0% used [0x00000000f6400000, 0x00000000f6400000, 0x00000000f7080000)
 concurrent mark-sweep generation total 134144K, used 134143K [0x00000000f7d00000, 0x0000000100000000, 0x0000000100000000)
 Metaspace       used 51961K, capacity 54800K, committed 55680K, reserved 1097728K
  class space    used 6332K, capacity 6830K, committed 7040K, reserved 1048576K
}
2023-01-17T04:31:51.539+0800: 121.447: [GC (CMS Initial Mark) [1 CMS-initial-mark: 134143K(134144K)] 141575K(249344K), 0.0048152 secs] [Times: user=0.02 sys=0.00, real=0.01 secs] 
2023-01-17T04:31:51.544+0800: 121.452: [CMS-concurrent-mark-start]
2023-01-17T04:31:51.611+0800: 121.519: [CMS-concurrent-mark: 0.067/0.067 secs] [Times: user=0.19 sys=0.02, real=0.07 secs] 
2023-01-17T04:31:51.612+0800: 121.519: [CMS-concurrent-preclean-start]
2023-01-17T04:31:51.649+0800: 121.557: [CMS-concurrent-preclean: 0.037/0.037 secs] [Times: user=0.11 sys=0.01, real=0.03 secs] 
2023-01-17T04:31:51.649+0800: 121.557: [CMS-concurrent-abortable-preclean-start]
2023-01-17T04:31:51.649+0800: 121.557: [CMS-concurrent-abortable-preclean: 0.000/0.000 secs] [Times: user=0.00 sys=0.00, real=0.00 secs] 
2023-01-17T04:31:51.653+0800: 121.561: [GC (CMS Final Remark) [YG occupancy: 67345 K (115200 K)]2023-01-17T04:31:51.654+0800: 121.561: [Rescan (parallel) , 0.0205630 secs]2023-01-17T04:31:51.674+0800: 121.582: [weak refs processing, 0.0000459 secs]2023-01-17T04:31:51.674+0800: 121.582: [class unloading, 0.0137411 secs]2023-01-17T04:31:51.688+0800: 121.596: [scrub symbol table, 0.0050114 secs]2023-01-17T04:31:51.693+0800: 121.601: [scrub string table, 0.0008686 secs][1 CMS-remark: 134143K(134144K)] 201489K(249344K), 0.0404479 secs] [Times: user=0.10 sys=0.00, real=0.04 secs] 
2023-01-17T04:31:51.695+0800: 121.603: [CMS-concurrent-sweep-start]
2023-01-17T04:31:51.715+0800: 121.622: [CMS-concurrent-sweep: 0.020/0.020 secs] [Times: user=0.06 sys=0.01, real=0.02 secs] 
2023-01-17T04:31:51.715+0800: 121.623: [CMS-concurrent-reset-start]
2023-01-17T04:31:51.715+0800: 121.623: [CMS-concurrent-reset: 0.000/0.000 secs] [Times: user=0.00 sys=0.00, real=0.00 secs] 
{Heap before GC invocations=178 (full 93):
 par new generation   total 115200K, used 115197K [0x00000000f0000000, 0x00000000f7d00000, 0x00000000f7d00000)
  eden space 102400K, 100% used [0x00000000f0000000, 0x00000000f6400000, 0x00000000f6400000)
  from space 12800K,  99% used [0x00000000f7080000, 0x00000000f7cff4f8, 0x00000000f7d00000)
  to   space 12800K,   0% used [0x00000000f6400000, 0x00000000f6400000, 0x00000000f7080000)
 concurrent mark-sweep generation total 134144K, used 133928K [0x00000000f7d00000, 0x0000000100000000, 0x0000000100000000)
 Metaspace       used 51961K, capacity 54800K, committed 55680K, reserved 1097728K
  class space    used 6332K, capacity 6830K, committed 7040K, reserved 1048576K
2023-01-17T04:31:52.067+0800: 121.975: [GC (Allocation Failure) 2023-01-17T04:31:52.067+0800: 121.975: [ParNew: 115197K->115197K(115200K), 0.0000354 secs]2023-01-17T04:31:52.067+0800: 121.975: [CMS: 133928K->134143K(134144K), 0.2212500 secs] 249126K->140420K(249344K), [Metaspace: 51961K->51961K(1097728K)], 0.2217708 secs] [Times: user=0.23 sys=0.00, real=0.22 secs] 
Heap after GC invocations=179 (full 94):
 par new generation   total 115200K, used 6276K [0x00000000f0000000, 0x00000000f7d00000, 0x00000000f7d00000)
  eden space 102400K,   6% used [0x00000000f0000000, 0x00000000f06213f8, 0x00000000f6400000)
  from space 12800K,   0% used [0x00000000f7080000, 0x00000000f7080000, 0x00000000f7d00000)
  to   space 12800K,   0% used [0x00000000f6400000, 0x00000000f6400000, 0x00000000f7080000)
 concurrent mark-sweep generation total 134144K, used 134143K [0x00000000f7d00000, 0x0000000100000000, 0x0000000100000000)
 Metaspace       used 51961K, capacity 54800K, committed 55680K, reserved 1097728K
  class space    used 6332K, capacity 6830K, committed 7040K, reserved 1048576K
}
2023-01-17T04:31:52.295+0800: 122.203: [GC (CMS Initial Mark) [1 CMS-initial-mark: 134143K(134144K)] 142202K(249344K), 0.0048072 secs] [Times: user=0.02 sys=0.00, real=0.01 secs] 
2023-01-17T04:31:52.300+0800: 122.208: [CMS-concurrent-mark-start]
2023-01-17T04:31:52.378+0800: 122.285: [CMS-concurrent-mark: 0.078/0.078 secs] [Times: user=0.23 sys=0.04, real=0.07 secs] 
2023-01-17T04:31:52.378+0800: 122.286: [CMS-concurrent-preclean-start]
2023-01-17T04:31:52.425+0800: 122.332: [CMS-concurrent-preclean: 0.047/0.047 secs] [Times: user=0.14 sys=0.03, real=0.05 secs] 
2023-01-17T04:31:52.425+0800: 122.333: [CMS-concurrent-abortable-preclean-start]
2023-01-17T04:31:52.425+0800: 122.333: [CMS-concurrent-abortable-preclean: 0.000/0.000 secs] [Times: user=0.01 sys=0.00, real=0.00 secs] 
2023-01-17T04:31:52.432+0800: 122.340: [GC (CMS Final Remark) [YG occupancy: 87357 K (115200 K)]2023-01-17T04:31:52.432+0800: 122.340: [Rescan (parallel) , 0.0259918 secs]2023-01-17T04:31:52.458+0800: 122.366: [weak refs processing, 0.0000455 secs]2023-01-17T04:31:52.458+0800: 122.366: [class unloading, 0.0149152 secs]2023-01-17T04:31:52.473+0800: 122.381: [scrub symbol table, 0.0051034 secs]2023-01-17T04:31:52.478+0800: 122.386: [scrub string table, 0.0008944 secs][1 CMS-remark: 134143K(134144K)] 221501K(249344K), 0.0472271 secs] [Times: user=0.12 sys=0.00, real=0.04 secs] 
2023-01-17T04:31:52.480+0800: 122.388: [CMS-concurrent-sweep-start]
2023-01-17T04:31:52.499+0800: 122.407: [CMS-concurrent-sweep: 0.018/0.018 secs] [Times: user=0.06 sys=0.01, real=0.01 secs] 
2023-01-17T04:31:52.499+0800: 122.407: [CMS-concurrent-reset-start]
2023-01-17T04:31:52.499+0800: 122.407: [CMS-concurrent-reset: 0.000/0.000 secs] [Times: user=0.00 sys=0.00, real=0.00 secs] 
{Heap before GC invocations=179 (full 95):
 par new generation   total 115200K, used 115199K [0x00000000f0000000, 0x00000000f7d00000, 0x00000000f7d00000)
  eden space 102400K, 100% used [0x00000000f0000000, 0x00000000f6400000, 0x00000000f6400000)
  from space 12800K,  99% used [0x00000000f7080000, 0x00000000f7cffff8, 0x00000000f7d00000)
  to   space 12800K,   0% used [0x00000000f6400000, 0x00000000f6400000, 0x00000000f7080000)
 concurrent mark-sweep generation total 134144K, used 134047K [0x00000000f7d00000, 0x0000000100000000, 0x0000000100000000)
 Metaspace       used 51961K, capacity 54800K, committed 55680K, reserved 1097728K
  class space    used 6332K, capacity 6830K, committed 7040K, reserved 1048576K
2023-01-17T04:31:52.829+0800: 122.736: [GC (Allocation Failure) 2023-01-17T04:31:52.829+0800: 122.737: [ParNew: 115199K->115199K(115200K), 0.0000318 secs]2023-01-17T04:31:52.829+0800: 122.737: [CMS: 134047K->134143K(134144K), 0.1955163 secs] 249247K->140382K(249344K), [Metaspace: 51961K->51961K(1097728K)], 0.1959534 secs] [Times: user=0.20 sys=0.00, real=0.20 secs] 
Heap after GC invocations=180 (full 96):
 par new generation   total 115200K, used 6238K [0x00000000f0000000, 0x00000000f7d00000, 0x00000000f7d00000)
  eden space 102400K,   6% used [0x00000000f0000000, 0x00000000f0617a08, 0x00000000f6400000)
  from space 12800K,   0% used [0x00000000f7080000, 0x00000000f7080000, 0x00000000f7d00000)
  to   space 12800K,   0% used [0x00000000f6400000, 0x00000000f6400000, 0x00000000f7080000)
 concurrent mark-sweep generation total 134144K, used 134143K [0x00000000f7d00000, 0x0000000100000000, 0x0000000100000000)
 Metaspace       used 51961K, capacity 54800K, committed 55680K, reserved 1097728K
  class space    used 6332K, capacity 6830K, committed 7040K, reserved 1048576K
}
2023-01-17T04:31:53.040+0800: 122.947: [GC (CMS Initial Mark) [1 CMS-initial-mark: 134143K(134144K)] 148951K(249344K), 0.0068670 secs] [Times: user=0.03 sys=0.00, real=0.00 secs] 
2023-01-17T04:31:53.047+0800: 122.955: [CMS-concurrent-mark-start]
2023-01-17T04:31:53.118+0800: 123.026: [CMS-concurrent-mark: 0.072/0.072 secs] [Times: user=0.19 sys=0.04, real=0.07 secs] 
2023-01-17T04:31:53.119+0800: 123.027: [CMS-concurrent-preclean-start]
2023-01-17T04:31:53.158+0800: 123.066: [CMS-concurrent-preclean: 0.039/0.039 secs] [Times: user=0.10 sys=0.02, real=0.04 secs] 
2023-01-17T04:31:53.158+0800: 123.066: [CMS-concurrent-abortable-preclean-start]
2023-01-17T04:31:53.158+0800: 123.066: [CMS-concurrent-abortable-preclean: 0.000/0.000 secs] [Times: user=0.00 sys=0.00, real=0.00 secs] 
2023-01-17T04:31:53.162+0800: 123.070: [GC (CMS Final Remark) [YG occupancy: 79363 K (115200 K)]2023-01-17T04:31:53.162+0800: 123.070: [Rescan (parallel) , 0.0215854 secs]2023-01-17T04:31:53.184+0800: 123.092: [weak refs processing, 0.0000393 secs]2023-01-17T04:31:53.184+0800: 123.092: [class unloading, 0.0130337 secs]2023-01-17T04:31:53.197+0800: 123.105: [scrub symbol table, 0.0050692 secs]2023-01-17T04:31:53.202+0800: 123.110: [scrub string table, 0.0008742 secs][1 CMS-remark: 134143K(134144K)] 213507K(249344K), 0.0408014 secs] [Times: user=0.11 sys=0.00, real=0.04 secs] 
2023-01-17T04:31:53.204+0800: 123.111: [CMS-concurrent-sweep-start]
2023-01-17T04:31:53.223+0800: 123.130: [CMS-concurrent-sweep: 0.019/0.019 secs] [Times: user=0.06 sys=0.00, real=0.02 secs] 
2023-01-17T04:31:53.223+0800: 123.130: [CMS-concurrent-reset-start]
2023-01-17T04:31:53.223+0800: 123.131: [CMS-concurrent-reset: 0.000/0.000 secs] [Times: user=0.00 sys=0.00, real=0.00 secs] 
{Heap before GC invocations=180 (full 97):
 par new generation   total 115200K, used 115200K [0x00000000f0000000, 0x00000000f7d00000, 0x00000000f7d00000)
  eden space 102400K, 100% used [0x00000000f0000000, 0x00000000f6400000, 0x00000000f6400000)
  from space 12800K, 100% used [0x00000000f7080000, 0x00000000f7d00000, 0x00000000f7d00000)
  to   space 12800K,   0% used [0x00000000f6400000, 0x00000000f6400000, 0x00000000f7080000)
 concurrent mark-sweep generation total 134144K, used 133916K [0x00000000f7d00000, 0x0000000100000000, 0x0000000100000000)
 Metaspace       used 51961K, capacity 54800K, committed 55680K, reserved 1097728K
  class space    used 6332K, capacity 6830K, committed 7040K, reserved 1048576K
2023-01-17T04:31:53.580+0800: 123.488: [GC (Allocation Failure) 2023-01-17T04:31:53.580+0800: 123.488: [ParNew: 115200K->115200K(115200K), 0.0000328 secs]2023-01-17T04:31:53.581+0800: 123.488: [CMS: 133916K->134143K(134144K), 0.2033597 secs] 249116K->140359K(249344K), [Metaspace: 51961K->51961K(1097728K)], 0.2037892 secs] [Times: user=0.21 sys=0.00, real=0.20 secs] 
Heap after GC invocations=181 (full 98):
 par new generation   total 115200K, used 6215K [0x00000000f0000000, 0x00000000f7d00000, 0x00000000f7d00000)
  eden space 102400K,   6% used [0x00000000f0000000, 0x00000000f0611fe0, 0x00000000f6400000)
  from space 12800K,   0% used [0x00000000f7080000, 0x00000000f7080000, 0x00000000f7d00000)
  to   space 12800K,   0% used [0x00000000f6400000, 0x00000000f6400000, 0x00000000f7080000)
 concurrent mark-sweep generation total 134144K, used 134143K [0x00000000f7d00000, 0x0000000100000000, 0x0000000100000000)
 Metaspace       used 51961K, capacity 54800K, committed 55680K, reserved 1097728K
  class space    used 6332K, capacity 6830K, committed 7040K, reserved 1048576K
}
2023-01-17T04:31:53.789+0800: 123.697: [GC (CMS Initial Mark) [1 CMS-initial-mark: 134143K(134144K)] 140660K(249344K), 0.0047580 secs] [Times: user=0.01 sys=0.00, real=0.01 secs] 
2023-01-17T04:31:53.794+0800: 123.702: [CMS-concurrent-mark-start]
2023-01-17T04:31:53.863+0800: 123.770: [CMS-concurrent-mark: 0.069/0.069 secs] [Times: user=0.20 sys=0.03, real=0.07 secs] 
2023-01-17T04:31:53.863+0800: 123.771: [CMS-concurrent-preclean-start]
2023-01-17T04:31:53.906+0800: 123.814: [CMS-concurrent-preclean: 0.044/0.044 secs] [Times: user=0.11 sys=0.02, real=0.04 secs] 
2023-01-17T04:31:53.907+0800: 123.814: [CMS-concurrent-abortable-preclean-start]
2023-01-17T04:31:53.907+0800: 123.814: [CMS-concurrent-abortable-preclean: 0.000/0.000 secs] [Times: user=0.00 sys=0.00, real=0.00 secs] 
2023-01-17T04:31:53.911+0800: 123.818: [GC (CMS Final Remark) [YG occupancy: 71003 K (115200 K)]2023-01-17T04:31:53.911+0800: 123.819: [Rescan (parallel) , 0.0202305 secs]2023-01-17T04:31:53.931+0800: 123.839: [weak refs processing, 0.0000515 secs]2023-01-17T04:31:53.931+0800: 123.839: [class unloading, 0.0137339 secs]2023-01-17T04:31:53.945+0800: 123.853: [scrub symbol table, 0.0052115 secs]2023-01-17T04:31:53.950+0800: 123.858: [scrub string table, 0.0009079 secs][1 CMS-remark: 134143K(134144K)] 205147K(249344K), 0.0403630 secs] [Times: user=0.09 sys=0.00, real=0.04 secs] 
2023-01-17T04:31:53.952+0800: 123.859: [CMS-concurrent-sweep-start]
2023-01-17T04:31:53.970+0800: 123.877: [CMS-concurrent-sweep: 0.018/0.018 secs] [Times: user=0.06 sys=0.01, real=0.02 secs] 
2023-01-17T04:31:53.970+0800: 123.878: [CMS-concurrent-reset-start]
2023-01-17T04:31:53.970+0800: 123.878: [CMS-concurrent-reset: 0.000/0.000 secs] [Times: user=0.00 sys=0.00, real=0.00 secs] 
{Heap before GC invocations=181 (full 99):
 par new generation   total 115200K, used 115199K [0x00000000f0000000, 0x00000000f7d00000, 0x00000000f7d00000)
  eden space 102400K, 100% used [0x00000000f0000000, 0x00000000f6400000, 0x00000000f6400000)
  from space 12800K,  99% used [0x00000000f7080000, 0x00000000f7cffff8, 0x00000000f7d00000)
  to   space 12800K,   0% used [0x00000000f6400000, 0x00000000f6400000, 0x00000000f7080000)
 concurrent mark-sweep generation total 134144K, used 133992K [0x00000000f7d00000, 0x0000000100000000, 0x0000000100000000)
 Metaspace       used 51961K, capacity 54800K, committed 55680K, reserved 1097728K
  class space    used 6332K, capacity 6830K, committed 7040K, reserved 1048576K
2023-01-17T04:31:54.361+0800: 124.269: [GC (Allocation Failure) 2023-01-17T04:31:54.362+0800: 124.269: [ParNew: 115199K->115199K(115200K), 0.0000365 secs]2023-01-17T04:31:54.362+0800: 124.269: [CMS: 133992K->134143K(134144K), 0.2201323 secs] 249192K->140277K(249344K), [Metaspace: 51961K->51961K(1097728K)], 0.2206754 secs] [Times: user=0.23 sys=0.00, real=0.22 secs] 
Heap after GC invocations=182 (full 100):
 par new generation   total 115200K, used 6133K [0x00000000f0000000, 0x00000000f7d00000, 0x00000000f7d00000)
  eden space 102400K,   5% used [0x00000000f0000000, 0x00000000f05fd778, 0x00000000f6400000)
  from space 12800K,   0% used [0x00000000f7080000, 0x00000000f7080000, 0x00000000f7d00000)
  to   space 12800K,   0% used [0x00000000f6400000, 0x00000000f6400000, 0x00000000f7080000)
 concurrent mark-sweep generation total 134144K, used 134143K [0x00000000f7d00000, 0x0000000100000000, 0x0000000100000000)
 Metaspace       used 51961K, capacity 54800K, committed 55680K, reserved 1097728K
  class space    used 6332K, capacity 6830K, committed 7040K, reserved 1048576K
}
2023-01-17T04:31:54.588+0800: 124.496: [GC (CMS Initial Mark) [1 CMS-initial-mark: 134143K(134144K)] 140433K(249344K), 0.0076388 secs] [Times: user=0.01 sys=0.00, real=0.01 secs] 
2023-01-17T04:31:54.596+0800: 124.504: [CMS-concurrent-mark-start]
2023-01-17T04:31:54.673+0800: 124.581: [CMS-concurrent-mark: 0.077/0.077 secs] [Times: user=0.21 sys=0.02, real=0.08 secs] 
2023-01-17T04:31:54.673+0800: 124.581: [CMS-concurrent-preclean-start]
2023-01-17T04:31:54.728+0800: 124.635: [CMS-concurrent-preclean: 0.054/0.054 secs] [Times: user=0.14 sys=0.04, real=0.05 secs] 
2023-01-17T04:31:54.728+0800: 124.636: [CMS-concurrent-abortable-preclean-start]
2023-01-17T04:31:54.728+0800: 124.636: [CMS-concurrent-abortable-preclean: 0.000/0.000 secs] [Times: user=0.00 sys=0.00, real=0.00 secs] 
2023-01-17T04:31:54.733+0800: 124.641: [GC (CMS Final Remark) [YG occupancy: 66863 K (115200 K)]2023-01-17T04:31:54.733+0800: 124.641: [Rescan (parallel) , 0.0187849 secs]2023-01-17T04:31:54.752+0800: 124.660: [weak refs processing, 0.0000450 secs]2023-01-17T04:31:54.752+0800: 124.660: [class unloading, 0.0130427 secs]2023-01-17T04:31:54.765+0800: 124.673: [scrub symbol table, 0.0051691 secs]2023-01-17T04:31:54.771+0800: 124.678: [scrub string table, 0.0008628 secs][1 CMS-remark: 134143K(134144K)] 201007K(249344K), 0.0380942 secs] [Times: user=0.09 sys=0.00, real=0.04 secs] 
2023-01-17T04:31:54.773+0800: 124.680: [CMS-concurrent-sweep-start]
2023-01-17T04:31:54.789+0800: 124.696: [CMS-concurrent-sweep: 0.016/0.016 secs] [Times: user=0.05 sys=0.00, real=0.01 secs] 
2023-01-17T04:31:54.789+0800: 124.697: [CMS-concurrent-reset-start]
2023-01-17T04:31:54.789+0800: 124.697: [CMS-concurrent-reset: 0.000/0.000 secs] [Times: user=0.01 sys=0.00, real=0.00 secs] 
{Heap before GC invocations=182 (full 101):
 par new generation   total 115200K, used 115199K [0x00000000f0000000, 0x00000000f7d00000, 0x00000000f7d00000)
  eden space 102400K, 100% used [0x00000000f0000000, 0x00000000f6400000, 0x00000000f6400000)
  from space 12800K,  99% used [0x00000000f7080000, 0x00000000f7cffff8, 0x00000000f7d00000)
  to   space 12800K,   0% used [0x00000000f6400000, 0x00000000f6400000, 0x00000000f7080000)
 concurrent mark-sweep generation total 134144K, used 134083K [0x00000000f7d00000, 0x0000000100000000, 0x0000000100000000)
 Metaspace       used 51962K, capacity 54800K, committed 55680K, reserved 1097728K
  class space    used 6332K, capacity 6830K, committed 7040K, reserved 1048576K
2023-01-17T04:31:55.140+0800: 125.047: [GC (Allocation Failure) 2023-01-17T04:31:55.140+0800: 125.048: [ParNew: 115199K->115199K(115200K), 0.0000282 secs]2023-01-17T04:31:55.140+0800: 125.048: [CMS: 134083K->134144K(134144K), 0.2089943 secs] 249283K->140353K(249344K), [Metaspace: 51962K->51962K(1097728K)], 0.2094375 secs] [Times: user=0.21 sys=0.00, real=0.20 secs] 
Heap after GC invocations=183 (full 102):
 par new generation   total 115200K, used 6209K [0x00000000f0000000, 0x00000000f7d00000, 0x00000000f7d00000)
  eden space 102400K,   6% used [0x00000000f0000000, 0x00000000f06105b8, 0x00000000f6400000)
  from space 12800K,   0% used [0x00000000f7080000, 0x00000000f7080000, 0x00000000f7d00000)
  to   space 12800K,   0% used [0x00000000f6400000, 0x00000000f6400000, 0x00000000f7080000)
 concurrent mark-sweep generation total 134144K, used 134144K [0x00000000f7d00000, 0x0000000100000000, 0x0000000100000000)
 Metaspace       used 51962K, capacity 54800K, committed 55680K, reserved 1097728K
  class space    used 6332K, capacity 6830K, committed 7040K, reserved 1048576K
}
2023-01-17T04:31:55.356+0800: 125.264: [GC (CMS Initial Mark) [1 CMS-initial-mark: 134144K(134144K)] 142703K(249344K), 0.0057189 secs] [Times: user=0.01 sys=0.00, real=0.01 secs] 
2023-01-17T04:31:55.362+0800: 125.270: [CMS-concurrent-mark-start]
2023-01-17T04:31:55.424+0800: 125.332: [CMS-concurrent-mark: 0.062/0.062 secs] [Times: user=0.15 sys=0.01, real=0.06 secs] 
2023-01-17T04:31:55.424+0800: 125.332: [CMS-concurrent-preclean-start]
2023-01-17T04:31:55.462+0800: 125.369: [CMS-concurrent-preclean: 0.037/0.037 secs] [Times: user=0.07 sys=0.00, real=0.04 secs] 
2023-01-17T04:31:55.462+0800: 125.370: [CMS-concurrent-abortable-preclean-start]
2023-01-17T04:31:55.462+0800: 125.370: [CMS-concurrent-abortable-preclean: 0.000/0.000 secs] [Times: user=0.00 sys=0.00, real=0.00 secs] 
2023-01-17T04:31:55.466+0800: 125.373: [GC (CMS Final Remark) [YG occupancy: 45223 K (115200 K)]2023-01-17T04:31:55.466+0800: 125.374: [Rescan (parallel) , 0.0140100 secs]2023-01-17T04:31:55.480+0800: 125.388: [weak refs processing, 0.0000528 secs]2023-01-17T04:31:55.480+0800: 125.388: [class unloading, 0.0131774 secs]2023-01-17T04:31:55.493+0800: 125.401: [scrub symbol table, 0.0053201 secs]2023-01-17T04:31:55.498+0800: 125.406: [scrub string table, 0.0008663 secs][1 CMS-remark: 134144K(134144K)] 179367K(249344K), 0.0335997 secs] [Times: user=0.07 sys=0.00, real=0.03 secs] 
2023-01-17T04:31:55.500+0800: 125.408: [CMS-concurrent-sweep-start]
2023-01-17T04:31:55.521+0800: 125.429: [CMS-concurrent-sweep: 0.021/0.021 secs] [Times: user=0.08 sys=0.01, real=0.02 secs] 
2023-01-17T04:31:55.521+0800: 125.429: [CMS-concurrent-reset-start]
2023-01-17T04:31:55.521+0800: 125.429: [CMS-concurrent-reset: 0.000/0.000 secs] [Times: user=0.00 sys=0.00, real=0.00 secs] 
{Heap before GC invocations=183 (full 103):
 par new generation   total 115200K, used 115199K [0x00000000f0000000, 0x00000000f7d00000, 0x00000000f7d00000)
  eden space 102400K, 100% used [0x00000000f0000000, 0x00000000f6400000, 0x00000000f6400000)
  from space 12800K,  99% used [0x00000000f7080000, 0x00000000f7cffff8, 0x00000000f7d00000)
  to   space 12800K,   0% used [0x00000000f6400000, 0x00000000f6400000, 0x00000000f7080000)
 concurrent mark-sweep generation total 134144K, used 134093K [0x00000000f7d00000, 0x0000000100000000, 0x0000000100000000)
 Metaspace       used 51962K, capacity 54800K, committed 55680K, reserved 1097728K
  class space    used 6332K, capacity 6830K, committed 7040K, reserved 1048576K
2023-01-17T04:31:55.904+0800: 125.812: [GC (Allocation Failure) 2023-01-17T04:31:55.904+0800: 125.812: [ParNew: 115199K->115199K(115200K), 0.0000367 secs]2023-01-17T04:31:55.904+0800: 125.812: [CMS: 134093K->134143K(134144K), 0.2239312 secs] 249293K->140408K(249344K), [Metaspace: 51962K->51962K(1097728K)], 0.2244565 secs] [Times: user=0.23 sys=0.00, real=0.22 secs] 
Heap after GC invocations=184 (full 104):
 par new generation   total 115200K, used 6264K [0x00000000f0000000, 0x00000000f7d00000, 0x00000000f7d00000)
  eden space 102400K,   6% used [0x00000000f0000000, 0x00000000f061e288, 0x00000000f6400000)
  from space 12800K,   0% used [0x00000000f7080000, 0x00000000f7080000, 0x00000000f7d00000)
  to   space 12800K,   0% used [0x00000000f6400000, 0x00000000f6400000, 0x00000000f7080000)
 concurrent mark-sweep generation total 134144K, used 134143K [0x00000000f7d00000, 0x0000000100000000, 0x0000000100000000)
 Metaspace       used 51962K, capacity 54800K, committed 55680K, reserved 1097728K
  class space    used 6332K, capacity 6830K, committed 7040K, reserved 1048576K
}
2023-01-17T04:31:56.135+0800: 126.043: [GC (CMS Initial Mark) [1 CMS-initial-mark: 134143K(134144K)] 142363K(249344K), 0.0049540 secs] [Times: user=0.02 sys=0.00, real=0.01 secs] 
2023-01-17T04:31:56.140+0800: 126.048: [CMS-concurrent-mark-start]
2023-01-17T04:31:56.210+0800: 126.118: [CMS-concurrent-mark: 0.070/0.070 secs] [Times: user=0.20 sys=0.03, real=0.07 secs] 
2023-01-17T04:31:56.211+0800: 126.118: [CMS-concurrent-preclean-start]
2023-01-17T04:31:56.256+0800: 126.164: [CMS-concurrent-preclean: 0.046/0.046 secs] [Times: user=0.12 sys=0.02, real=0.04 secs] 
2023-01-17T04:31:56.257+0800: 126.164: [CMS-concurrent-abortable-preclean-start]
2023-01-17T04:31:56.257+0800: 126.164: [CMS-concurrent-abortable-preclean: 0.000/0.000 secs] [Times: user=0.00 sys=0.00, real=0.00 secs] 
2023-01-17T04:31:56.261+0800: 126.169: [GC (CMS Final Remark) [YG occupancy: 75012 K (115200 K)]2023-01-17T04:31:56.261+0800: 126.169: [Rescan (parallel) , 0.0209159 secs]2023-01-17T04:31:56.282+0800: 126.190: [weak refs processing, 0.0000629 secs]2023-01-17T04:31:56.282+0800: 126.190: [class unloading, 0.0156447 secs]2023-01-17T04:31:56.298+0800: 126.205: [scrub symbol table, 0.0052957 secs]2023-01-17T04:31:56.303+0800: 126.211: [scrub string table, 0.0008763 secs][1 CMS-remark: 134143K(134144K)] 209156K(249344K), 0.0430123 secs] [Times: user=0.10 sys=0.00, real=0.04 secs] 
2023-01-17T04:31:56.305+0800: 126.213: [CMS-concurrent-sweep-start]
2023-01-17T04:31:56.323+0800: 126.231: [CMS-concurrent-sweep: 0.019/0.019 secs] [Times: user=0.04 sys=0.00, real=0.02 secs] 
2023-01-17T04:31:56.324+0800: 126.231: [CMS-concurrent-reset-start]
2023-01-17T04:31:56.324+0800: 126.231: [CMS-concurrent-reset: 0.000/0.000 secs] [Times: user=0.00 sys=0.00, real=0.00 secs] 
{Heap before GC invocations=184 (full 105):
 par new generation   total 115200K, used 115199K [0x00000000f0000000, 0x00000000f7d00000, 0x00000000f7d00000)
  eden space 102400K, 100% used [0x00000000f0000000, 0x00000000f6400000, 0x00000000f6400000)
  from space 12800K,  99% used [0x00000000f7080000, 0x00000000f7cffff0, 0x00000000f7d00000)
  to   space 12800K,   0% used [0x00000000f6400000, 0x00000000f6400000, 0x00000000f7080000)
 concurrent mark-sweep generation total 134144K, used 134028K [0x00000000f7d00000, 0x0000000100000000, 0x0000000100000000)
 Metaspace       used 51962K, capacity 54800K, committed 55680K, reserved 1097728K
  class space    used 6332K, capacity 6830K, committed 7040K, reserved 1048576K
2023-01-17T04:31:56.671+0800: 126.579: [GC (Allocation Failure) 2023-01-17T04:31:56.672+0800: 126.580: [ParNew: 115199K->115199K(115200K), 0.0000275 secs]2023-01-17T04:31:56.672+0800: 126.580: [CMS: 134028K->134143K(134144K), 0.2103414 secs] 249228K->140324K(249344K), [Metaspace: 51962K->51962K(1097728K)], 0.2107557 secs] [Times: user=0.22 sys=0.00, real=0.21 secs] 
Heap after GC invocations=185 (full 106):
 par new generation   total 115200K, used 6180K [0x00000000f0000000, 0x00000000f7d00000, 0x00000000f7d00000)
  eden space 102400K,   6% used [0x00000000f0000000, 0x00000000f0609388, 0x00000000f6400000)
  from space 12800K,   0% used [0x00000000f7080000, 0x00000000f7080000, 0x00000000f7d00000)
  to   space 12800K,   0% used [0x00000000f6400000, 0x00000000f6400000, 0x00000000f7080000)
 concurrent mark-sweep generation total 134144K, used 134143K [0x00000000f7d00000, 0x0000000100000000, 0x0000000100000000)
 Metaspace       used 51962K, capacity 54800K, committed 55680K, reserved 1097728K
  class space    used 6332K, capacity 6830K, committed 7040K, reserved 1048576K
}
2023-01-17T04:31:56.887+0800: 126.795: [GC (CMS Initial Mark) [1 CMS-initial-mark: 134143K(134144K)] 140587K(249344K), 0.0049690 secs] [Times: user=0.02 sys=0.00, real=0.01 secs] 
2023-01-17T04:31:56.892+0800: 126.800: [CMS-concurrent-mark-start]
2023-01-17T04:31:56.957+0800: 126.865: [CMS-concurrent-mark: 0.064/0.064 secs] [Times: user=0.18 sys=0.01, real=0.06 secs] 
2023-01-17T04:31:56.957+0800: 126.865: [CMS-concurrent-preclean-start]
2023-01-17T04:31:57.006+0800: 126.914: [CMS-concurrent-preclean: 0.049/0.049 secs] [Times: user=0.11 sys=0.01, real=0.05 secs] 
2023-01-17T04:31:57.006+0800: 126.914: [CMS-concurrent-abortable-preclean-start]
2023-01-17T04:31:57.006+0800: 126.914: [CMS-concurrent-abortable-preclean: 0.000/0.000 secs] [Times: user=0.00 sys=0.00, real=0.00 secs] 
2023-01-17T04:31:57.011+0800: 126.919: [GC (CMS Final Remark) [YG occupancy: 54350 K (115200 K)]2023-01-17T04:31:57.011+0800: 126.919: [Rescan (parallel) , 0.0244587 secs]2023-01-17T04:31:57.036+0800: 126.944: [weak refs processing, 0.0000548 secs]2023-01-17T04:31:57.036+0800: 126.944: [class unloading, 0.0139070 secs]2023-01-17T04:31:57.050+0800: 126.958: [scrub symbol table, 0.0052315 secs]2023-01-17T04:31:57.055+0800: 126.963: [scrub string table, 0.0008813 secs][1 CMS-remark: 134143K(134144K)] 188494K(249344K), 0.0447139 secs] [Times: user=0.08 sys=0.00, real=0.04 secs] 
2023-01-17T04:31:57.056+0800: 126.964: [CMS-concurrent-sweep-start]
2023-01-17T04:31:57.073+0800: 126.981: [CMS-concurrent-sweep: 0.017/0.017 secs] [Times: user=0.04 sys=0.00, real=0.02 secs] 
2023-01-17T04:31:57.073+0800: 126.981: [CMS-concurrent-reset-start]
2023-01-17T04:31:57.073+0800: 126.981: [CMS-concurrent-reset: 0.000/0.000 secs] [Times: user=0.00 sys=0.00, real=0.00 secs] 
{Heap before GC invocations=185 (full 107):
 par new generation   total 115200K, used 115198K [0x00000000f0000000, 0x00000000f7d00000, 0x00000000f7d00000)
  eden space 102400K, 100% used [0x00000000f0000000, 0x00000000f6400000, 0x00000000f6400000)
  from space 12800K,  99% used [0x00000000f7080000, 0x00000000f7cff960, 0x00000000f7d00000)
  to   space 12800K,   0% used [0x00000000f6400000, 0x00000000f6400000, 0x00000000f7080000)
 concurrent mark-sweep generation total 134144K, used 134076K [0x00000000f7d00000, 0x0000000100000000, 0x0000000100000000)
 Metaspace       used 51962K, capacity 54800K, committed 55680K, reserved 1097728K
  class space    used 6332K, capacity 6830K, committed 7040K, reserved 1048576K
2023-01-17T04:31:57.439+0800: 127.347: [GC (Allocation Failure) 2023-01-17T04:31:57.439+0800: 127.347: [ParNew: 115198K->115198K(115200K), 0.0000284 secs]2023-01-17T04:31:57.439+0800: 127.347: [CMS: 134076K->134143K(134144K), 0.2070063 secs] 249274K->140459K(249344K), [Metaspace: 51962K->51962K(1097728K)], 0.2074398 secs] [Times: user=0.21 sys=0.00, real=0.21 secs] 
Heap after GC invocations=186 (full 108):
 par new generation   total 115200K, used 6315K [0x00000000f0000000, 0x00000000f7d00000, 0x00000000f7d00000)
  eden space 102400K,   6% used [0x00000000f0000000, 0x00000000f062ad68, 0x00000000f6400000)
  from space 12800K,   0% used [0x00000000f7080000, 0x00000000f7080000, 0x00000000f7d00000)
  to   space 12800K,   0% used [0x00000000f6400000, 0x00000000f6400000, 0x00000000f7080000)
 concurrent mark-sweep generation total 134144K, used 134143K [0x00000000f7d00000, 0x0000000100000000, 0x0000000100000000)
 Metaspace       used 51962K, capacity 54800K, committed 55680K, reserved 1097728K
  class space    used 6332K, capacity 6830K, committed 7040K, reserved 1048576K
}
2023-01-17T04:31:57.652+0800: 127.560: [GC (CMS Initial Mark) [1 CMS-initial-mark: 134143K(134144K)] 141147K(249344K), 0.0046943 secs] [Times: user=0.02 sys=0.00, real=0.00 secs] 
2023-01-17T04:31:57.657+0800: 127.565: [CMS-concurrent-mark-start]
2023-01-17T04:31:57.736+0800: 127.644: [CMS-concurrent-mark: 0.079/0.079 secs] [Times: user=0.20 sys=0.07, real=0.08 secs] 
2023-01-17T04:31:57.736+0800: 127.644: [CMS-concurrent-preclean-start]
2023-01-17T04:31:57.789+0800: 127.696: [CMS-concurrent-preclean: 0.052/0.052 secs] [Times: user=0.11 sys=0.07, real=0.05 secs] 
2023-01-17T04:31:57.789+0800: 127.697: [CMS-concurrent-abortable-preclean-start]
2023-01-17T04:31:57.789+0800: 127.697: [CMS-concurrent-abortable-preclean: 0.000/0.000 secs] [Times: user=0.00 sys=0.00, real=0.00 secs] 
2023-01-17T04:31:57.793+0800: 127.701: [GC (CMS Final Remark) [YG occupancy: 50626 K (115200 K)]2023-01-17T04:31:57.794+0800: 127.701: [Rescan (parallel) , 0.0148075 secs]2023-01-17T04:31:57.808+0800: 127.716: [weak refs processing, 0.0000422 secs]2023-01-17T04:31:57.808+0800: 127.716: [class unloading, 0.0131285 secs]2023-01-17T04:31:57.822+0800: 127.729: [scrub symbol table, 0.0051943 secs]2023-01-17T04:31:57.827+0800: 127.735: [scrub string table, 0.0008865 secs][1 CMS-remark: 134143K(134144K)] 184770K(249344K), 0.0342339 secs] [Times: user=0.08 sys=0.00, real=0.03 secs] 
2023-01-17T04:31:57.828+0800: 127.736: [CMS-concurrent-sweep-start]
2023-01-17T04:31:57.849+0800: 127.757: [CMS-concurrent-sweep: 0.021/0.021 secs] [Times: user=0.07 sys=0.00, real=0.02 secs] 
2023-01-17T04:31:57.849+0800: 127.757: [CMS-concurrent-reset-start]
2023-01-17T04:31:57.850+0800: 127.757: [CMS-concurrent-reset: 0.000/0.000 secs] [Times: user=0.00 sys=0.00, real=0.01 secs] 
{Heap before GC invocations=186 (full 109):
 par new generation   total 115200K, used 115199K [0x00000000f0000000, 0x00000000f7d00000, 0x00000000f7d00000)
  eden space 102400K, 100% used [0x00000000f0000000, 0x00000000f6400000, 0x00000000f6400000)
  from space 12800K,  99% used [0x00000000f7080000, 0x00000000f7cffff0, 0x00000000f7d00000)
  to   space 12800K,   0% used [0x00000000f6400000, 0x00000000f6400000, 0x00000000f7080000)
 concurrent mark-sweep generation total 134144K, used 134098K [0x00000000f7d00000, 0x0000000100000000, 0x0000000100000000)
 Metaspace       used 51962K, capacity 54800K, committed 55680K, reserved 1097728K
  class space    used 6332K, capacity 6830K, committed 7040K, reserved 1048576K
2023-01-17T04:31:58.182+0800: 128.090: [GC (Allocation Failure) 2023-01-17T04:31:58.183+0800: 128.090: [ParNew: 115199K->115199K(115200K), 0.0000267 secs]2023-01-17T04:31:58.183+0800: 128.091: [CMS: 134098K->134144K(134144K), 0.2125724 secs] 249298K->140413K(249344K), [Metaspace: 51962K->51962K(1097728K)], 0.2130244 secs] [Times: user=0.21 sys=0.00, real=0.21 secs] 
Heap after GC invocations=187 (full 110):
 par new generation   total 115200K, used 6269K [0x00000000f0000000, 0x00000000f7d00000, 0x00000000f7d00000)
  eden space 102400K,   6% used [0x00000000f0000000, 0x00000000f061f548, 0x00000000f6400000)
  from space 12800K,   0% used [0x00000000f7080000, 0x00000000f7080000, 0x00000000f7d00000)
  to   space 12800K,   0% used [0x00000000f6400000, 0x00000000f6400000, 0x00000000f7080000)
 concurrent mark-sweep generation total 134144K, used 134144K [0x00000000f7d00000, 0x0000000100000000, 0x0000000100000000)
 Metaspace       used 51962K, capacity 54800K, committed 55680K, reserved 1097728K
  class space    used 6332K, capacity 6830K, committed 7040K, reserved 1048576K
}
2023-01-17T04:31:58.413+0800: 128.321: [GC (CMS Initial Mark) [1 CMS-initial-mark: 134144K(134144K)] 147425K(249344K), 0.0085388 secs] [Times: user=0.03 sys=0.00, real=0.01 secs] 
2023-01-17T04:31:58.422+0800: 128.329: [CMS-concurrent-mark-start]
2023-01-17T04:31:58.492+0800: 128.400: [CMS-concurrent-mark: 0.071/0.071 secs] [Times: user=0.19 sys=0.02, real=0.07 secs] 
2023-01-17T04:31:58.492+0800: 128.400: [CMS-concurrent-preclean-start]
2023-01-17T04:31:58.530+0800: 128.437: [CMS-concurrent-preclean: 0.037/0.037 secs] [Times: user=0.07 sys=0.01, real=0.04 secs] 
2023-01-17T04:31:58.530+0800: 128.438: [CMS-concurrent-abortable-preclean-start]
2023-01-17T04:31:58.530+0800: 128.438: [CMS-concurrent-abortable-preclean: 0.000/0.000 secs] [Times: user=0.00 sys=0.00, real=0.00 secs] 
2023-01-17T04:31:58.535+0800: 128.443: [GC (CMS Final Remark) [YG occupancy: 60472 K (115200 K)]2023-01-17T04:31:58.535+0800: 128.443: [Rescan (parallel) , 0.0193856 secs]2023-01-17T04:31:58.554+0800: 128.462: [weak refs processing, 0.0000452 secs]2023-01-17T04:31:58.554+0800: 128.462: [class unloading, 0.0136850 secs]2023-01-17T04:31:58.568+0800: 128.476: [scrub symbol table, 0.0051059 secs]2023-01-17T04:31:58.573+0800: 128.481: [scrub string table, 0.0008930 secs][1 CMS-remark: 134144K(134144K)] 194616K(249344K), 0.0393113 secs] [Times: user=0.09 sys=0.00, real=0.04 secs] 
2023-01-17T04:31:58.575+0800: 128.482: [CMS-concurrent-sweep-start]
2023-01-17T04:31:58.591+0800: 128.499: [CMS-concurrent-sweep: 0.016/0.016 secs] [Times: user=0.03 sys=0.00, real=0.02 secs] 
2023-01-17T04:31:58.591+0800: 128.499: [CMS-concurrent-reset-start]
2023-01-17T04:31:58.591+0800: 128.499: [CMS-concurrent-reset: 0.000/0.000 secs] [Times: user=0.00 sys=0.00, real=0.00 secs] 
{Heap before GC invocations=187 (full 111):
 par new generation   total 115200K, used 115199K [0x00000000f0000000, 0x00000000f7d00000, 0x00000000f7d00000)
  eden space 102400K, 100% used [0x00000000f0000000, 0x00000000f6400000, 0x00000000f6400000)
  from space 12800K,  99% used [0x00000000f7080000, 0x00000000f7cffc50, 0x00000000f7d00000)
  to   space 12800K,   0% used [0x00000000f6400000, 0x00000000f6400000, 0x00000000f7080000)
 concurrent mark-sweep generation total 134144K, used 134084K [0x00000000f7d00000, 0x0000000100000000, 0x0000000100000000)
 Metaspace       used 51962K, capacity 54800K, committed 55680K, reserved 1097728K
  class space    used 6332K, capacity 6830K, committed 7040K, reserved 1048576K
2023-01-17T04:31:58.957+0800: 128.865: [GC (Allocation Failure) 2023-01-17T04:31:58.957+0800: 128.865: [ParNew: 115199K->115199K(115200K), 0.0000292 secs]2023-01-17T04:31:58.957+0800: 128.865: [CMS: 134084K->134143K(134144K), 0.1892467 secs] 249283K->140480K(249344K), [Metaspace: 51962K->51962K(1097728K)], 0.1896407 secs] [Times: user=0.19 sys=0.01, real=0.19 secs] 
Heap after GC invocations=188 (full 112):
 par new generation   total 115200K, used 6336K [0x00000000f0000000, 0x00000000f7d00000, 0x00000000f7d00000)
  eden space 102400K,   6% used [0x00000000f0000000, 0x00000000f0630318, 0x00000000f6400000)
  from space 12800K,   0% used [0x00000000f7080000, 0x00000000f7080000, 0x00000000f7d00000)
  to   space 12800K,   0% used [0x00000000f6400000, 0x00000000f6400000, 0x00000000f7080000)
 concurrent mark-sweep generation total 134144K, used 134143K [0x00000000f7d00000, 0x0000000100000000, 0x0000000100000000)
 Metaspace       used 51962K, capacity 54800K, committed 55680K, reserved 1097728K
  class space    used 6332K, capacity 6830K, committed 7040K, reserved 1048576K
}
2023-01-17T04:31:59.151+0800: 129.059: [GC (CMS Initial Mark) [1 CMS-initial-mark: 134143K(134144K)] 140533K(249344K), 0.0051285 secs] [Times: user=0.01 sys=0.00, real=0.00 secs] 
2023-01-17T04:31:59.157+0800: 129.064: [CMS-concurrent-mark-start]
2023-01-17T04:31:59.240+0800: 129.148: [CMS-concurrent-mark: 0.084/0.084 secs] [Times: user=0.24 sys=0.03, real=0.09 secs] 
2023-01-17T04:31:59.240+0800: 129.148: [CMS-concurrent-preclean-start]
2023-01-17T04:31:59.273+0800: 129.181: [CMS-concurrent-preclean: 0.032/0.032 secs] [Times: user=0.07 sys=0.00, real=0.03 secs] 
2023-01-17T04:31:59.273+0800: 129.181: [CMS-concurrent-abortable-preclean-start]
2023-01-17T04:31:59.273+0800: 129.181: [CMS-concurrent-abortable-preclean: 0.000/0.000 secs] [Times: user=0.00 sys=0.00, real=0.00 secs] 
2023-01-17T04:31:59.361+0800: 129.269: [GC (CMS Final Remark) [YG occupancy: 105850 K (115200 K)]2023-01-17T04:31:59.361+0800: 129.269: [Rescan (parallel) , 0.0300011 secs]2023-01-17T04:31:59.391+0800: 129.299: [weak refs processing, 0.0000486 secs]2023-01-17T04:31:59.391+0800: 129.299: [class unloading, 0.0138471 secs]2023-01-17T04:31:59.405+0800: 129.313: [scrub symbol table, 0.0050539 secs]2023-01-17T04:31:59.410+0800: 129.318: [scrub string table, 0.0009031 secs][1 CMS-remark: 134143K(134144K)] 239994K(249344K), 0.0501306 secs] [Times: user=0.14 sys=0.00, real=0.05 secs] 
2023-01-17T04:31:59.413+0800: 129.320: [CMS-concurrent-sweep-start]
2023-01-17T04:31:59.429+0800: 129.337: [CMS-concurrent-sweep: 0.016/0.016 secs] [Times: user=0.04 sys=0.00, real=0.01 secs] 
2023-01-17T04:31:59.429+0800: 129.337: [CMS-concurrent-reset-start]
2023-01-17T04:31:59.429+0800: 129.337: [CMS-concurrent-reset: 0.000/0.000 secs] [Times: user=0.00 sys=0.00, real=0.00 secs] 
{Heap before GC invocations=188 (full 113):
 par new generation   total 115200K, used 115199K [0x00000000f0000000, 0x00000000f7d00000, 0x00000000f7d00000)
  eden space 102400K, 100% used [0x00000000f0000000, 0x00000000f6400000, 0x00000000f6400000)
  from space 12800K,  99% used [0x00000000f7080000, 0x00000000f7cfff98, 0x00000000f7d00000)
  to   space 12800K,   0% used [0x00000000f6400000, 0x00000000f6400000, 0x00000000f7080000)
 concurrent mark-sweep generation total 134144K, used 134041K [0x00000000f7d00000, 0x0000000100000000, 0x0000000100000000)
 Metaspace       used 51965K, capacity 54800K, committed 55680K, reserved 1097728K
  class space    used 6332K, capacity 6830K, committed 7040K, reserved 1048576K
2023-01-17T04:31:59.700+0800: 129.607: [GC (Allocation Failure) 2023-01-17T04:31:59.700+0800: 129.608: [ParNew: 115199K->115199K(115200K), 0.0000266 secs]2023-01-17T04:31:59.700+0800: 129.608: [CMS: 134041K->134143K(134144K), 0.2144457 secs] 249240K->140506K(249344K), [Metaspace: 51965K->51965K(1097728K)], 0.2148624 secs] [Times: user=0.22 sys=0.00, real=0.21 secs] 
Heap after GC invocations=189 (full 114):
 par new generation   total 115200K, used 6362K [0x00000000f0000000, 0x00000000f7d00000, 0x00000000f7d00000)
  eden space 102400K,   6% used [0x00000000f0000000, 0x00000000f0636be0, 0x00000000f6400000)
  from space 12800K,   0% used [0x00000000f7080000, 0x00000000f7080000, 0x00000000f7d00000)
  to   space 12800K,   0% used [0x00000000f6400000, 0x00000000f6400000, 0x00000000f7080000)
 concurrent mark-sweep generation total 134144K, used 134143K [0x00000000f7d00000, 0x0000000100000000, 0x0000000100000000)
 Metaspace       used 51963K, capacity 54794K, committed 55680K, reserved 1097728K
  class space    used 6332K, capacity 6829K, committed 7040K, reserved 1048576K
}
2023-01-17T04:31:59.919+0800: 129.827: [GC (CMS Initial Mark) [1 CMS-initial-mark: 134143K(134144K)] 140560K(249344K), 0.0049897 secs] [Times: user=0.01 sys=0.00, real=0.01 secs] 
2023-01-17T04:31:59.924+0800: 129.832: [CMS-concurrent-mark-start]
2023-01-17T04:31:59.986+0800: 129.894: [CMS-concurrent-mark: 0.062/0.062 secs] [Times: user=0.13 sys=0.00, real=0.06 secs] 
2023-01-17T04:31:59.986+0800: 129.894: [CMS-concurrent-preclean-start]
2023-01-17T04:32:00.024+0800: 129.932: [CMS-concurrent-preclean: 0.038/0.038 secs] [Times: user=0.07 sys=0.01, real=0.04 secs] 
2023-01-17T04:32:00.024+0800: 129.932: [CMS-concurrent-abortable-preclean-start]
2023-01-17T04:32:00.024+0800: 129.932: [CMS-concurrent-abortable-preclean: 0.000/0.000 secs] [Times: user=0.00 sys=0.00, real=0.00 secs] 
2023-01-17T04:32:00.028+0800: 129.936: [GC (CMS Final Remark) [YG occupancy: 37852 K (115200 K)]2023-01-17T04:32:00.029+0800: 129.936: [Rescan (parallel) , 0.0122638 secs]2023-01-17T04:32:00.041+0800: 129.949: [weak refs processing, 0.0000468 secs]2023-01-17T04:32:00.041+0800: 129.949: [class unloading, 0.0140450 secs]2023-01-17T04:32:00.055+0800: 129.963: [scrub symbol table, 0.0050441 secs]2023-01-17T04:32:00.060+0800: 129.968: [scrub string table, 0.0008692 secs][1 CMS-remark: 134143K(134144K)] 171996K(249344K), 0.0325262 secs] [Times: user=0.07 sys=0.00, real=0.04 secs] 
2023-01-17T04:32:00.062+0800: 129.970: [CMS-concurrent-sweep-start]
2023-01-17T04:32:00.081+0800: 129.989: [CMS-concurrent-sweep: 0.019/0.019 secs] [Times: user=0.06 sys=0.02, real=0.02 secs] 
2023-01-17T04:32:00.081+0800: 129.989: [CMS-concurrent-reset-start]
2023-01-17T04:32:00.081+0800: 129.989: [CMS-concurrent-reset: 0.000/0.000 secs] [Times: user=0.00 sys=0.00, real=0.00 secs] 
{Heap before GC invocations=189 (full 115):
 par new generation   total 115200K, used 115200K [0x00000000f0000000, 0x00000000f7d00000, 0x00000000f7d00000)
  eden space 102400K, 100% used [0x00000000f0000000, 0x00000000f6400000, 0x00000000f6400000)
  from space 12800K, 100% used [0x00000000f7080000, 0x00000000f7d00000, 0x00000000f7d00000)
  to   space 12800K,   0% used [0x00000000f6400000, 0x00000000f6400000, 0x00000000f7080000)
 concurrent mark-sweep generation total 134144K, used 134101K [0x00000000f7d00000, 0x0000000100000000, 0x0000000100000000)
 Metaspace       used 51963K, capacity 54794K, committed 55680K, reserved 1097728K
  class space    used 6332K, capacity 6829K, committed 7040K, reserved 1048576K
2023-01-17T04:32:00.484+0800: 130.392: [GC (Allocation Failure) 2023-01-17T04:32:00.484+0800: 130.392: [ParNew: 115200K->115200K(115200K), 0.0000273 secs]2023-01-17T04:32:00.484+0800: 130.392: [CMS: 134101K->134143K(134144K), 0.1938398 secs] 249301K->140396K(249344K), [Metaspace: 51963K->51963K(1097728K)], 0.1942489 secs] [Times: user=0.20 sys=0.00, real=0.19 secs] 
Heap after GC invocations=190 (full 116):
 par new generation   total 115200K, used 6252K [0x00000000f0000000, 0x00000000f7d00000, 0x00000000f7d00000)
  eden space 102400K,   6% used [0x00000000f0000000, 0x00000000f061b088, 0x00000000f6400000)
  from space 12800K,   0% used [0x00000000f7080000, 0x00000000f7080000, 0x00000000f7d00000)
  to   space 12800K,   0% used [0x00000000f6400000, 0x00000000f6400000, 0x00000000f7080000)
 concurrent mark-sweep generation total 134144K, used 134143K [0x00000000f7d00000, 0x0000000100000000, 0x0000000100000000)
 Metaspace       used 51963K, capacity 54794K, committed 55680K, reserved 1097728K
  class space    used 6332K, capacity 6829K, committed 7040K, reserved 1048576K
}
2023-01-17T04:32:00.685+0800: 130.593: [GC (CMS Initial Mark) [1 CMS-initial-mark: 134143K(134144K)] 141469K(249344K), 0.0063728 secs] [Times: user=0.01 sys=0.00, real=0.01 secs] 
2023-01-17T04:32:00.692+0800: 130.600: [CMS-concurrent-mark-start]
2023-01-17T04:32:00.754+0800: 130.662: [CMS-concurrent-mark: 0.062/0.062 secs] [Times: user=0.14 sys=0.02, real=0.06 secs] 
2023-01-17T04:32:00.755+0800: 130.662: [CMS-concurrent-preclean-start]
2023-01-17T04:32:00.805+0800: 130.713: [CMS-concurrent-preclean: 0.050/0.050 secs] [Times: user=0.10 sys=0.05, real=0.05 secs] 
2023-01-17T04:32:00.805+0800: 130.713: [CMS-concurrent-abortable-preclean-start]
2023-01-17T04:32:00.805+0800: 130.713: [CMS-concurrent-abortable-preclean: 0.000/0.000 secs] [Times: user=0.00 sys=0.00, real=0.00 secs] 
2023-01-17T04:32:00.810+0800: 130.718: [GC (CMS Final Remark) [YG occupancy: 41835 K (115200 K)]2023-01-17T04:32:00.810+0800: 130.718: [Rescan (parallel) , 0.0175576 secs]2023-01-17T04:32:00.828+0800: 130.736: [weak refs processing, 0.0000426 secs]2023-01-17T04:32:00.828+0800: 130.736: [class unloading, 0.0134938 secs]2023-01-17T04:32:00.841+0800: 130.749: [scrub symbol table, 0.0052964 secs]2023-01-17T04:32:00.847+0800: 130.754: [scrub string table, 0.0009465 secs][1 CMS-remark: 134143K(134144K)] 175979K(249344K), 0.0375065 secs] [Times: user=0.07 sys=0.00, real=0.03 secs] 
2023-01-17T04:32:00.848+0800: 130.756: [CMS-concurrent-sweep-start]
2023-01-17T04:32:00.864+0800: 130.771: [CMS-concurrent-sweep: 0.016/0.016 secs] [Times: user=0.04 sys=0.00, real=0.02 secs] 
2023-01-17T04:32:00.864+0800: 130.772: [CMS-concurrent-reset-start]
2023-01-17T04:32:00.864+0800: 130.772: [CMS-concurrent-reset: 0.000/0.000 secs] [Times: user=0.00 sys=0.00, real=0.00 secs] 
{Heap before GC invocations=190 (full 117):
 par new generation   total 115200K, used 115199K [0x00000000f0000000, 0x00000000f7d00000, 0x00000000f7d00000)
  eden space 102400K, 100% used [0x00000000f0000000, 0x00000000f6400000, 0x00000000f6400000)
  from space 12800K,  99% used [0x00000000f7080000, 0x00000000f7cffff0, 0x00000000f7d00000)
  to   space 12800K,   0% used [0x00000000f6400000, 0x00000000f6400000, 0x00000000f7080000)
 concurrent mark-sweep generation total 134144K, used 134039K [0x00000000f7d00000, 0x0000000100000000, 0x0000000100000000)
 Metaspace       used 51963K, capacity 54794K, committed 55680K, reserved 1097728K
  class space    used 6332K, capacity 6829K, committed 7040K, reserved 1048576K
2023-01-17T04:32:01.241+0800: 131.149: [GC (Allocation Failure) 2023-01-17T04:32:01.242+0800: 131.149: [ParNew: 115199K->115199K(115200K), 0.0000332 secs]2023-01-17T04:32:01.242+0800: 131.149: [CMS: 134039K->134143K(134144K), 0.2210308 secs] 249239K->140278K(249344K), [Metaspace: 51963K->51963K(1097728K)], 0.2215335 secs] [Times: user=0.24 sys=0.00, real=0.22 secs] 
Heap after GC invocations=191 (full 118):
 par new generation   total 115200K, used 6134K [0x00000000f0000000, 0x00000000f7d00000, 0x00000000f7d00000)
  eden space 102400K,   5% used [0x00000000f0000000, 0x00000000f05fda40, 0x00000000f6400000)
  from space 12800K,   0% used [0x00000000f7080000, 0x00000000f7080000, 0x00000000f7d00000)
  to   space 12800K,   0% used [0x00000000f6400000, 0x00000000f6400000, 0x00000000f7080000)
 concurrent mark-sweep generation total 134144K, used 134143K [0x00000000f7d00000, 0x0000000100000000, 0x0000000100000000)
 Metaspace       used 51963K, capacity 54794K, committed 55680K, reserved 1097728K
  class space    used 6332K, capacity 6829K, committed 7040K, reserved 1048576K
}
2023-01-17T04:32:01.468+0800: 131.375: [GC (CMS Initial Mark) [1 CMS-initial-mark: 134143K(134144K)] 140586K(249344K), 0.0048574 secs] [Times: user=0.01 sys=0.00, real=0.01 secs] 
2023-01-17T04:32:01.473+0800: 131.381: [CMS-concurrent-mark-start]
2023-01-17T04:32:01.553+0800: 131.461: [CMS-concurrent-mark: 0.080/0.080 secs] [Times: user=0.23 sys=0.04, real=0.08 secs] 
2023-01-17T04:32:01.553+0800: 131.461: [CMS-concurrent-preclean-start]
2023-01-17T04:32:01.594+0800: 131.502: [CMS-concurrent-preclean: 0.041/0.041 secs] [Times: user=0.09 sys=0.01, real=0.04 secs] 
2023-01-17T04:32:01.594+0800: 131.502: [CMS-concurrent-abortable-preclean-start]
2023-01-17T04:32:01.594+0800: 131.502: [CMS-concurrent-abortable-preclean: 0.000/0.000 secs] [Times: user=0.00 sys=0.00, real=0.00 secs] 
2023-01-17T04:32:01.599+0800: 131.507: [GC (CMS Final Remark) [YG occupancy: 72102 K (115200 K)]2023-01-17T04:32:01.599+0800: 131.507: [Rescan (parallel) , 0.0201738 secs]2023-01-17T04:32:01.619+0800: 131.527: [weak refs processing, 0.0000473 secs]2023-01-17T04:32:01.619+0800: 131.527: [class unloading, 0.0138711 secs]2023-01-17T04:32:01.633+0800: 131.541: [scrub symbol table, 0.0053547 secs]2023-01-17T04:32:01.638+0800: 131.546: [scrub string table, 0.0009185 secs][1 CMS-remark: 134143K(134144K)] 206246K(249344K), 0.0405818 secs] [Times: user=0.10 sys=0.00, real=0.04 secs] 
2023-01-17T04:32:01.640+0800: 131.548: [CMS-concurrent-sweep-start]
2023-01-17T04:32:01.655+0800: 131.563: [CMS-concurrent-sweep: 0.015/0.015 secs] [Times: user=0.04 sys=0.00, real=0.01 secs] 
2023-01-17T04:32:01.655+0800: 131.563: [CMS-concurrent-reset-start]
2023-01-17T04:32:01.656+0800: 131.563: [CMS-concurrent-reset: 0.000/0.000 secs] [Times: user=0.01 sys=0.00, real=0.00 secs] 
{Heap before GC invocations=191 (full 119):
 par new generation   total 115200K, used 115200K [0x00000000f0000000, 0x00000000f7d00000, 0x00000000f7d00000)
  eden space 102400K, 100% used [0x00000000f0000000, 0x00000000f6400000, 0x00000000f6400000)
  from space 12800K, 100% used [0x00000000f7080000, 0x00000000f7d00000, 0x00000000f7d00000)
  to   space 12800K,   0% used [0x00000000f6400000, 0x00000000f6400000, 0x00000000f7080000)
 concurrent mark-sweep generation total 134144K, used 134036K [0x00000000f7d00000, 0x0000000100000000, 0x0000000100000000)
 Metaspace       used 51964K, capacity 54794K, committed 55680K, reserved 1097728K
  class space    used 6332K, capacity 6829K, committed 7040K, reserved 1048576K
2023-01-17T04:32:02.046+0800: 131.953: [GC (Allocation Failure) 2023-01-17T04:32:02.046+0800: 131.954: [ParNew: 115200K->115200K(115200K), 0.0000274 secs]2023-01-17T04:32:02.046+0800: 131.954: [CMS: 134036K->134143K(134144K), 0.2074803 secs] 249236K->140243K(249344K), [Metaspace: 51964K->51964K(1097728K)], 0.2079244 secs] [Times: user=0.21 sys=0.00, real=0.21 secs] 
Heap after GC invocations=192 (full 120):
 par new generation   total 115200K, used 6099K [0x00000000f0000000, 0x00000000f7d00000, 0x00000000f7d00000)
  eden space 102400K,   5% used [0x00000000f0000000, 0x00000000f05f4c68, 0x00000000f6400000)
  from space 12800K,   0% used [0x00000000f7080000, 0x00000000f7080000, 0x00000000f7d00000)
  to   space 12800K,   0% used [0x00000000f6400000, 0x00000000f6400000, 0x00000000f7080000)
 concurrent mark-sweep generation total 134144K, used 134143K [0x00000000f7d00000, 0x0000000100000000, 0x0000000100000000)
 Metaspace       used 51964K, capacity 54794K, committed 55680K, reserved 1097728K
  class space    used 6332K, capacity 6829K, committed 7040K, reserved 1048576K
}
2023-01-17T04:32:02.259+0800: 132.166: [GC (CMS Initial Mark) [1 CMS-initial-mark: 134143K(134144K)] 140869K(249344K), 0.0045354 secs] [Times: user=0.01 sys=0.00, real=0.01 secs] 
2023-01-17T04:32:02.263+0800: 132.171: [CMS-concurrent-mark-start]
2023-01-17T04:32:02.324+0800: 132.232: [CMS-concurrent-mark: 0.061/0.061 secs] [Times: user=0.14 sys=0.02, real=0.06 secs] 
2023-01-17T04:32:02.324+0800: 132.232: [CMS-concurrent-preclean-start]
2023-01-17T04:32:02.362+0800: 132.270: [CMS-concurrent-preclean: 0.038/0.038 secs] [Times: user=0.07 sys=0.01, real=0.04 secs] 
2023-01-17T04:32:02.363+0800: 132.270: [CMS-concurrent-abortable-preclean-start]
2023-01-17T04:32:02.363+0800: 132.270: [CMS-concurrent-abortable-preclean: 0.000/0.000 secs] [Times: user=0.00 sys=0.00, real=0.00 secs] 
2023-01-17T04:32:02.367+0800: 132.275: [GC (CMS Final Remark) [YG occupancy: 44071 K (115200 K)]2023-01-17T04:32:02.367+0800: 132.275: [Rescan (parallel) , 0.0133049 secs]2023-01-17T04:32:02.380+0800: 132.288: [weak refs processing, 0.0000403 secs]2023-01-17T04:32:02.380+0800: 132.288: [class unloading, 0.0131894 secs]2023-01-17T04:32:02.394+0800: 132.301: [scrub symbol table, 0.0051846 secs]2023-01-17T04:32:02.399+0800: 132.307: [scrub string table, 0.0008670 secs][1 CMS-remark: 134143K(134144K)] 178215K(249344K), 0.0327574 secs] [Times: user=0.08 sys=0.00, real=0.04 secs] 
2023-01-17T04:32:02.401+0800: 132.308: [CMS-concurrent-sweep-start]
2023-01-17T04:32:02.418+0800: 132.326: [CMS-concurrent-sweep: 0.017/0.017 secs] [Times: user=0.04 sys=0.00, real=0.01 secs] 
2023-01-17T04:32:02.418+0800: 132.326: [CMS-concurrent-reset-start]
2023-01-17T04:32:02.418+0800: 132.326: [CMS-concurrent-reset: 0.000/0.000 secs] [Times: user=0.00 sys=0.00, real=0.00 secs] 
{Heap before GC invocations=192 (full 121):
 par new generation   total 115200K, used 115199K [0x00000000f0000000, 0x00000000f7d00000, 0x00000000f7d00000)
  eden space 102400K, 100% used [0x00000000f0000000, 0x00000000f6400000, 0x00000000f6400000)
  from space 12800K,  99% used [0x00000000f7080000, 0x00000000f7cffff0, 0x00000000f7d00000)
  to   space 12800K,   0% used [0x00000000f6400000, 0x00000000f6400000, 0x00000000f7080000)
 concurrent mark-sweep generation total 134144K, used 134068K [0x00000000f7d00000, 0x0000000100000000, 0x0000000100000000)
 Metaspace       used 51964K, capacity 54794K, committed 55680K, reserved 1097728K
  class space    used 6332K, capacity 6829K, committed 7040K, reserved 1048576K
2023-01-17T04:32:02.808+0800: 132.715: [GC (Allocation Failure) 2023-01-17T04:32:02.808+0800: 132.716: [ParNew: 115199K->115199K(115200K), 0.0000272 secs]2023-01-17T04:32:02.808+0800: 132.716: [CMS: 134068K->134143K(134144K), 0.1932071 secs] 249268K->140259K(249344K), [Metaspace: 51964K->51964K(1097728K)], 0.1936333 secs] [Times: user=0.19 sys=0.00, real=0.20 secs] 
Heap after GC invocations=193 (full 122):
 par new generation   total 115200K, used 6115K [0x00000000f0000000, 0x00000000f7d00000, 0x00000000f7d00000)
  eden space 102400K,   5% used [0x00000000f0000000, 0x00000000f05f8ca8, 0x00000000f6400000)
  from space 12800K,   0% used [0x00000000f7080000, 0x00000000f7080000, 0x00000000f7d00000)
  to   space 12800K,   0% used [0x00000000f6400000, 0x00000000f6400000, 0x00000000f7080000)
 concurrent mark-sweep generation total 134144K, used 134143K [0x00000000f7d00000, 0x0000000100000000, 0x0000000100000000)
 Metaspace       used 51964K, capacity 54794K, committed 55680K, reserved 1097728K
  class space    used 6332K, capacity 6829K, committed 7040K, reserved 1048576K
}
2023-01-17T04:32:03.006+0800: 132.914: [GC (CMS Initial Mark) [1 CMS-initial-mark: 134143K(134144K)] 140848K(249344K), 0.0048070 secs] [Times: user=0.02 sys=0.00, real=0.01 secs] 
2023-01-17T04:32:03.012+0800: 132.919: [CMS-concurrent-mark-start]
2023-01-17T04:32:03.078+0800: 132.986: [CMS-concurrent-mark: 0.067/0.067 secs] [Times: user=0.19 sys=0.02, real=0.06 secs] 
2023-01-17T04:32:03.078+0800: 132.986: [CMS-concurrent-preclean-start]
2023-01-17T04:32:03.127+0800: 133.035: [CMS-concurrent-preclean: 0.049/0.049 secs] [Times: user=0.16 sys=0.03, real=0.05 secs] 
2023-01-17T04:32:03.127+0800: 133.035: [CMS-concurrent-abortable-preclean-start]
2023-01-17T04:32:03.127+0800: 133.035: [CMS-concurrent-abortable-preclean: 0.000/0.000 secs] [Times: user=0.00 sys=0.00, real=0.00 secs] 
2023-01-17T04:32:03.131+0800: 133.039: [GC (CMS Final Remark) [YG occupancy: 74211 K (115200 K)]2023-01-17T04:32:03.131+0800: 133.039: [Rescan (parallel) , 0.0216199 secs]2023-01-17T04:32:03.153+0800: 133.061: [weak refs processing, 0.0000597 secs]2023-01-17T04:32:03.153+0800: 133.061: [class unloading, 0.0136218 secs]2023-01-17T04:32:03.167+0800: 133.075: [scrub symbol table, 0.0052239 secs]2023-01-17T04:32:03.172+0800: 133.080: [scrub string table, 0.0008999 secs][1 CMS-remark: 134143K(134144K)] 208355K(249344K), 0.0416372 secs] [Times: user=0.10 sys=0.00, real=0.04 secs] 
2023-01-17T04:32:03.173+0800: 133.081: [CMS-concurrent-sweep-start]
2023-01-17T04:32:03.192+0800: 133.100: [CMS-concurrent-sweep: 0.019/0.019 secs] [Times: user=0.04 sys=0.01, real=0.02 secs] 
2023-01-17T04:32:03.192+0800: 133.100: [CMS-concurrent-reset-start]
2023-01-17T04:32:03.193+0800: 133.100: [CMS-concurrent-reset: 0.000/0.000 secs] [Times: user=0.00 sys=0.00, real=0.00 secs] 
{Heap before GC invocations=193 (full 123):
 par new generation   total 115200K, used 115200K [0x00000000f0000000, 0x00000000f7d00000, 0x00000000f7d00000)
  eden space 102400K, 100% used [0x00000000f0000000, 0x00000000f6400000, 0x00000000f6400000)
  from space 12800K, 100% used [0x00000000f7080000, 0x00000000f7d00000, 0x00000000f7d00000)
  to   space 12800K,   0% used [0x00000000f6400000, 0x00000000f6400000, 0x00000000f7080000)
 concurrent mark-sweep generation total 134144K, used 134087K [0x00000000f7d00000, 0x0000000100000000, 0x0000000100000000)
 Metaspace       used 51964K, capacity 54794K, committed 55680K, reserved 1097728K
  class space    used 6332K, capacity 6829K, committed 7040K, reserved 1048576K
2023-01-17T04:32:03.572+0800: 133.480: [GC (Allocation Failure) 2023-01-17T04:32:03.572+0800: 133.480: [ParNew: 115200K->115200K(115200K), 0.0000270 secs]2023-01-17T04:32:03.572+0800: 133.480: [CMS: 134087K->134143K(134144K), 0.1866536 secs] 249287K->140309K(249344K), [Metaspace: 51964K->51964K(1097728K)], 0.1870762 secs] [Times: user=0.19 sys=0.00, real=0.18 secs] 
Heap after GC invocations=194 (full 124):
 par new generation   total 115200K, used 6165K [0x00000000f0000000, 0x00000000f7d00000, 0x00000000f7d00000)
  eden space 102400K,   6% used [0x00000000f0000000, 0x00000000f06055c8, 0x00000000f6400000)
  from space 12800K,   0% used [0x00000000f7080000, 0x00000000f7080000, 0x00000000f7d00000)
  to   space 12800K,   0% used [0x00000000f6400000, 0x00000000f6400000, 0x00000000f7080000)
 concurrent mark-sweep generation total 134144K, used 134143K [0x00000000f7d00000, 0x0000000100000000, 0x0000000100000000)
 Metaspace       used 51964K, capacity 54794K, committed 55680K, reserved 1097728K
  class space    used 6332K, capacity 6829K, committed 7040K, reserved 1048576K
}
2023-01-17T04:32:03.765+0800: 133.673: [GC (CMS Initial Mark) [1 CMS-initial-mark: 134143K(134144K)] 141795K(249344K), 0.0047996 secs] [Times: user=0.02 sys=0.00, real=0.01 secs] 
2023-01-17T04:32:03.770+0800: 133.678: [CMS-concurrent-mark-start]
2023-01-17T04:32:03.840+0800: 133.748: [CMS-concurrent-mark: 0.070/0.070 secs] [Times: user=0.19 sys=0.03, real=0.07 secs] 
2023-01-17T04:32:03.840+0800: 133.748: [CMS-concurrent-preclean-start]
2023-01-17T04:32:03.882+0800: 133.790: [CMS-concurrent-preclean: 0.042/0.042 secs] [Times: user=0.09 sys=0.01, real=0.04 secs] 
2023-01-17T04:32:03.882+0800: 133.790: [CMS-concurrent-abortable-preclean-start]
2023-01-17T04:32:03.882+0800: 133.790: [CMS-concurrent-abortable-preclean: 0.000/0.000 secs] [Times: user=0.00 sys=0.00, real=0.00 secs] 
2023-01-17T04:32:03.887+0800: 133.794: [GC (CMS Final Remark) [YG occupancy: 58336 K (115200 K)]2023-01-17T04:32:03.887+0800: 133.795: [Rescan (parallel) , 0.0170297 secs]2023-01-17T04:32:03.904+0800: 133.812: [weak refs processing, 0.0000448 secs]2023-01-17T04:32:03.904+0800: 133.812: [class unloading, 0.0135032 secs]2023-01-17T04:32:03.917+0800: 133.825: [scrub symbol table, 0.0049805 secs]2023-01-17T04:32:03.922+0800: 133.830: [scrub string table, 0.0009126 secs][1 CMS-remark: 134143K(134144K)] 192480K(249344K), 0.0366699 secs] [Times: user=0.09 sys=0.00, real=0.04 secs] 
2023-01-17T04:32:03.924+0800: 133.832: [CMS-concurrent-sweep-start]
2023-01-17T04:32:03.944+0800: 133.852: [CMS-concurrent-sweep: 0.020/0.020 secs] [Times: user=0.05 sys=0.01, real=0.02 secs] 
2023-01-17T04:32:03.944+0800: 133.852: [CMS-concurrent-reset-start]
2023-01-17T04:32:03.944+0800: 133.852: [CMS-concurrent-reset: 0.000/0.000 secs] [Times: user=0.00 sys=0.00, real=0.00 secs] 
{Heap before GC invocations=194 (full 125):
 par new generation   total 115200K, used 115193K [0x00000000f0000000, 0x00000000f7d00000, 0x00000000f7d00000)
  eden space 102400K, 100% used [0x00000000f0000000, 0x00000000f6400000, 0x00000000f6400000)
  from space 12800K,  99% used [0x00000000f7080000, 0x00000000f7cfe620, 0x00000000f7d00000)
  to   space 12800K,   0% used [0x00000000f6400000, 0x00000000f6400000, 0x00000000f7080000)
 concurrent mark-sweep generation total 134144K, used 134036K [0x00000000f7d00000, 0x0000000100000000, 0x0000000100000000)
 Metaspace       used 51964K, capacity 54794K, committed 55680K, reserved 1097728K
  class space    used 6332K, capacity 6829K, committed 7040K, reserved 1048576K
2023-01-17T04:32:04.299+0800: 134.207: [GC (Allocation Failure) 2023-01-17T04:32:04.300+0800: 134.207: [ParNew: 115193K->115193K(115200K), 0.0000276 secs]2023-01-17T04:32:04.300+0800: 134.208: [CMS: 134036K->134143K(134144K), 0.2019620 secs] 249229K->140248K(249344K), [Metaspace: 51964K->51964K(1097728K)], 0.2023807 secs] [Times: user=0.20 sys=0.00, real=0.21 secs] 
Heap after GC invocations=195 (full 126):
 par new generation   total 115200K, used 6104K [0x00000000f0000000, 0x00000000f7d00000, 0x00000000f7d00000)
  eden space 102400K,   5% used [0x00000000f0000000, 0x00000000f05f6260, 0x00000000f6400000)
  from space 12800K,   0% used [0x00000000f7080000, 0x00000000f7080000, 0x00000000f7d00000)
  to   space 12800K,   0% used [0x00000000f6400000, 0x00000000f6400000, 0x00000000f7080000)
 concurrent mark-sweep generation total 134144K, used 134143K [0x00000000f7d00000, 0x0000000100000000, 0x0000000100000000)
 Metaspace       used 51964K, capacity 54794K, committed 55680K, reserved 1097728K
  class space    used 6332K, capacity 6829K, committed 7040K, reserved 1048576K
}
2023-01-17T04:32:04.512+0800: 134.420: [GC (CMS Initial Mark) [1 CMS-initial-mark: 134143K(134144K)] 144219K(249344K), 0.0088405 secs] [Times: user=0.02 sys=0.00, real=0.01 secs] 
2023-01-17T04:32:04.521+0800: 134.429: [CMS-concurrent-mark-start]
2023-01-17T04:32:04.588+0800: 134.496: [CMS-concurrent-mark: 0.067/0.067 secs] [Times: user=0.15 sys=0.02, real=0.06 secs] 
2023-01-17T04:32:04.588+0800: 134.496: [CMS-concurrent-preclean-start]
2023-01-17T04:32:04.630+0800: 134.538: [CMS-concurrent-preclean: 0.042/0.042 secs] [Times: user=0.08 sys=0.01, real=0.05 secs] 
2023-01-17T04:32:04.630+0800: 134.538: [CMS-concurrent-abortable-preclean-start]
2023-01-17T04:32:04.630+0800: 134.538: [CMS-concurrent-abortable-preclean: 0.000/0.000 secs] [Times: user=0.00 sys=0.00, real=0.00 secs] 
2023-01-17T04:32:04.636+0800: 134.544: [GC (CMS Final Remark) [YG occupancy: 49171 K (115200 K)]2023-01-17T04:32:04.636+0800: 134.544: [Rescan (parallel) , 0.0188619 secs]2023-01-17T04:32:04.655+0800: 134.563: [weak refs processing, 0.0000434 secs]2023-01-17T04:32:04.655+0800: 134.563: [class unloading, 0.0129613 secs]2023-01-17T04:32:04.668+0800: 134.576: [scrub symbol table, 0.0050676 secs]2023-01-17T04:32:04.673+0800: 134.581: [scrub string table, 0.0008626 secs][1 CMS-remark: 134143K(134144K)] 183315K(249344K), 0.0379574 secs] [Times: user=0.07 sys=0.00, real=0.04 secs] 
2023-01-17T04:32:04.675+0800: 134.583: [CMS-concurrent-sweep-start]
2023-01-17T04:32:04.692+0800: 134.600: [CMS-concurrent-sweep: 0.018/0.018 secs] [Times: user=0.05 sys=0.00, real=0.02 secs] 
2023-01-17T04:32:04.693+0800: 134.600: [CMS-concurrent-reset-start]
2023-01-17T04:32:04.693+0800: 134.601: [CMS-concurrent-reset: 0.000/0.000 secs] [Times: user=0.00 sys=0.00, real=0.00 secs] 
{Heap before GC invocations=195 (full 127):
 par new generation   total 115200K, used 115193K [0x00000000f0000000, 0x00000000f7d00000, 0x00000000f7d00000)
  eden space 102400K, 100% used [0x00000000f0000000, 0x00000000f6400000, 0x00000000f6400000)
  from space 12800K,  99% used [0x00000000f7080000, 0x00000000f7cfe6f8, 0x00000000f7d00000)
  to   space 12800K,   0% used [0x00000000f6400000, 0x00000000f6400000, 0x00000000f7080000)
 concurrent mark-sweep generation total 134144K, used 134062K [0x00000000f7d00000, 0x0000000100000000, 0x0000000100000000)
 Metaspace       used 51964K, capacity 54794K, committed 55680K, reserved 1097728K
  class space    used 6332K, capacity 6829K, committed 7040K, reserved 1048576K
2023-01-17T04:32:05.064+0800: 134.972: [GC (Allocation Failure) 2023-01-17T04:32:05.064+0800: 134.972: [ParNew: 115193K->115193K(115200K), 0.0000268 secs]2023-01-17T04:32:05.064+0800: 134.972: [CMS: 134062K->134143K(134144K), 0.2103301 secs] 249255K->140321K(249344K), [Metaspace: 51964K->51964K(1097728K)], 0.2107466 secs] [Times: user=0.21 sys=0.00, real=0.21 secs] 
Heap after GC invocations=196 (full 128):
 par new generation   total 115200K, used 6177K [0x00000000f0000000, 0x00000000f7d00000, 0x00000000f7d00000)
  eden space 102400K,   6% used [0x00000000f0000000, 0x00000000f06084e8, 0x00000000f6400000)
  from space 12800K,   0% used [0x00000000f7080000, 0x00000000f7080000, 0x00000000f7d00000)
  to   space 12800K,   0% used [0x00000000f6400000, 0x00000000f6400000, 0x00000000f7080000)
 concurrent mark-sweep generation total 134144K, used 134143K [0x00000000f7d00000, 0x0000000100000000, 0x0000000100000000)
 Metaspace       used 51964K, capacity 54794K, committed 55680K, reserved 1097728K
  class space    used 6332K, capacity 6829K, committed 7040K, reserved 1048576K
}
2023-01-17T04:32:05.282+0800: 135.190: [GC (CMS Initial Mark) [1 CMS-initial-mark: 134143K(134144K)] 142535K(249344K), 0.0051318 secs] [Times: user=0.01 sys=0.00, real=0.00 secs] 
2023-01-17T04:32:05.287+0800: 135.195: [CMS-concurrent-mark-start]
2023-01-17T04:32:05.368+0800: 135.276: [CMS-concurrent-mark: 0.081/0.081 secs] [Times: user=0.26 sys=0.04, real=0.08 secs] 
2023-01-17T04:32:05.368+0800: 135.276: [CMS-concurrent-preclean-start]
2023-01-17T04:32:05.422+0800: 135.329: [CMS-concurrent-preclean: 0.053/0.053 secs] [Times: user=0.16 sys=0.04, real=0.06 secs] 
2023-01-17T04:32:05.422+0800: 135.330: [CMS-concurrent-abortable-preclean-start]
2023-01-17T04:32:05.422+0800: 135.330: [CMS-concurrent-abortable-preclean: 0.000/0.000 secs] [Times: user=0.00 sys=0.00, real=0.00 secs] 
2023-01-17T04:32:05.426+0800: 135.333: [GC (CMS Final Remark) [YG occupancy: 102534 K (115200 K)]2023-01-17T04:32:05.426+0800: 135.333: [Rescan (parallel) , 0.0282702 secs]2023-01-17T04:32:05.454+0800: 135.362: [weak refs processing, 0.0000444 secs]2023-01-17T04:32:05.454+0800: 135.362: [class unloading, 0.0132874 secs]2023-01-17T04:32:05.467+0800: 135.375: [scrub symbol table, 0.0051377 secs]2023-01-17T04:32:05.472+0800: 135.380: [scrub string table, 0.0008682 secs][1 CMS-remark: 134143K(134144K)] 236678K(249344K), 0.0478235 secs] [Times: user=0.13 sys=0.00, real=0.05 secs] 
2023-01-17T04:32:05.474+0800: 135.382: [CMS-concurrent-sweep-start]
2023-01-17T04:32:05.492+0800: 135.400: [CMS-concurrent-sweep: 0.018/0.018 secs] [Times: user=0.07 sys=0.01, real=0.02 secs] 
2023-01-17T04:32:05.493+0800: 135.400: [CMS-concurrent-reset-start]
2023-01-17T04:32:05.493+0800: 135.401: [CMS-concurrent-reset: 0.000/0.000 secs] [Times: user=0.00 sys=0.00, real=0.00 secs] 
{Heap before GC invocations=196 (full 129):
 par new generation   total 115200K, used 115199K [0x00000000f0000000, 0x00000000f7d00000, 0x00000000f7d00000)
  eden space 102400K, 100% used [0x00000000f0000000, 0x00000000f6400000, 0x00000000f6400000)
  from space 12800K,  99% used [0x00000000f7080000, 0x00000000f7cffff0, 0x00000000f7d00000)
  to   space 12800K,   0% used [0x00000000f6400000, 0x00000000f6400000, 0x00000000f7080000)
 concurrent mark-sweep generation total 134144K, used 134078K [0x00000000f7d00000, 0x0000000100000000, 0x0000000100000000)
 Metaspace       used 51964K, capacity 54794K, committed 55680K, reserved 1097728K
  class space    used 6332K, capacity 6829K, committed 7040K, reserved 1048576K
2023-01-17T04:32:05.813+0800: 135.721: [GC (Allocation Failure) 2023-01-17T04:32:05.814+0800: 135.722: [ParNew: 115199K->115199K(115200K), 0.0000434 secs]2023-01-17T04:32:05.814+0800: 135.722: [CMS: 134078K->134143K(134144K), 0.2324798 secs] 249278K->140254K(249344K), [Metaspace: 51964K->51964K(1097728K)], 0.2330330 secs] [Times: user=0.24 sys=0.01, real=0.23 secs] 
Heap after GC invocations=197 (full 130):
 par new generation   total 115200K, used 6110K [0x00000000f0000000, 0x00000000f7d00000, 0x00000000f7d00000)
  eden space 102400K,   5% used [0x00000000f0000000, 0x00000000f05f7860, 0x00000000f6400000)
  from space 12800K,   0% used [0x00000000f7080000, 0x00000000f7080000, 0x00000000f7d00000)
  to   space 12800K,   0% used [0x00000000f6400000, 0x00000000f6400000, 0x00000000f7080000)
 concurrent mark-sweep generation total 134144K, used 134143K [0x00000000f7d00000, 0x0000000100000000, 0x0000000100000000)
 Metaspace       used 51964K, capacity 54794K, committed 55680K, reserved 1097728K
  class space    used 6332K, capacity 6829K, committed 7040K, reserved 1048576K
}
2023-01-17T04:32:06.052+0800: 135.959: [GC (CMS Initial Mark) [1 CMS-initial-mark: 134143K(134144K)] 140782K(249344K), 0.0048806 secs] [Times: user=0.02 sys=0.00, real=0.00 secs] 
2023-01-17T04:32:06.057+0800: 135.965: [CMS-concurrent-mark-start]
2023-01-17T04:32:06.131+0800: 136.038: [CMS-concurrent-mark: 0.074/0.074 secs] [Times: user=0.21 sys=0.04, real=0.08 secs] 
2023-01-17T04:32:06.131+0800: 136.039: [CMS-concurrent-preclean-start]
2023-01-17T04:32:06.181+0800: 136.089: [CMS-concurrent-preclean: 0.050/0.050 secs] [Times: user=0.14 sys=0.01, real=0.05 secs] 
2023-01-17T04:32:06.181+0800: 136.089: [CMS-concurrent-abortable-preclean-start]
2023-01-17T04:32:06.181+0800: 136.089: [CMS-concurrent-abortable-preclean: 0.000/0.000 secs] [Times: user=0.00 sys=0.00, real=0.00 secs] 
2023-01-17T04:32:06.186+0800: 136.094: [GC (CMS Final Remark) [YG occupancy: 71944 K (115200 K)]2023-01-17T04:32:06.186+0800: 136.094: [Rescan (parallel) , 0.0205279 secs]2023-01-17T04:32:06.207+0800: 136.115: [weak refs processing, 0.0000513 secs]2023-01-17T04:32:06.207+0800: 136.115: [class unloading, 0.0134206 secs]2023-01-17T04:32:06.220+0800: 136.128: [scrub symbol table, 0.0051733 secs]2023-01-17T04:32:06.226+0800: 136.133: [scrub string table, 0.0009051 secs][1 CMS-remark: 134143K(134144K)] 206088K(249344K), 0.0402807 secs] [Times: user=0.10 sys=0.00, real=0.04 secs] 
2023-01-17T04:32:06.227+0800: 136.135: [CMS-concurrent-sweep-start]
2023-01-17T04:32:06.245+0800: 136.153: [CMS-concurrent-sweep: 0.018/0.018 secs] [Times: user=0.05 sys=0.01, real=0.02 secs] 
2023-01-17T04:32:06.246+0800: 136.153: [CMS-concurrent-reset-start]
2023-01-17T04:32:06.246+0800: 136.154: [CMS-concurrent-reset: 0.000/0.000 secs] [Times: user=0.00 sys=0.00, real=0.00 secs] 
{Heap before GC invocations=197 (full 131):
 par new generation   total 115200K, used 115200K [0x00000000f0000000, 0x00000000f7d00000, 0x00000000f7d00000)
  eden space 102400K, 100% used [0x00000000f0000000, 0x00000000f6400000, 0x00000000f6400000)
  from space 12800K, 100% used [0x00000000f7080000, 0x00000000f7d00000, 0x00000000f7d00000)
  to   space 12800K,   0% used [0x00000000f6400000, 0x00000000f6400000, 0x00000000f7080000)
 concurrent mark-sweep generation total 134144K, used 134087K [0x00000000f7d00000, 0x0000000100000000, 0x0000000100000000)
 Metaspace       used 51964K, capacity 54794K, committed 55680K, reserved 1097728K
  class space    used 6332K, capacity 6829K, committed 7040K, reserved 1048576K
2023-01-17T04:32:06.592+0800: 136.500: [GC (Allocation Failure) 2023-01-17T04:32:06.592+0800: 136.500: [ParNew: 115200K->115200K(115200K), 0.0000271 secs]2023-01-17T04:32:06.592+0800: 136.500: [CMS: 134087K->134143K(134144K), 0.1854571 secs] 249287K->140165K(249344K), [Metaspace: 51964K->51964K(1097728K)], 0.1858747 secs] [Times: user=0.18 sys=0.00, real=0.18 secs] 
Heap after GC invocations=198 (full 132):
 par new generation   total 115200K, used 6021K [0x00000000f0000000, 0x00000000f7d00000, 0x00000000f7d00000)
  eden space 102400K,   5% used [0x00000000f0000000, 0x00000000f05e1480, 0x00000000f6400000)
  from space 12800K,   0% used [0x00000000f7080000, 0x00000000f7080000, 0x00000000f7d00000)
  to   space 12800K,   0% used [0x00000000f6400000, 0x00000000f6400000, 0x00000000f7080000)
 concurrent mark-sweep generation total 134144K, used 134143K [0x00000000f7d00000, 0x0000000100000000, 0x0000000100000000)
 Metaspace       used 51964K, capacity 54794K, committed 55680K, reserved 1097728K
  class space    used 6332K, capacity 6829K, committed 7040K, reserved 1048576K
}
2023-01-17T04:32:06.784+0800: 136.691: [GC (CMS Initial Mark) [1 CMS-initial-mark: 134143K(134144K)] 141431K(249344K), 0.0054833 secs] [Times: user=0.01 sys=0.00, real=0.00 secs] 
2023-01-17T04:32:06.789+0800: 136.697: [CMS-concurrent-mark-start]
2023-01-17T04:32:06.869+0800: 136.777: [CMS-concurrent-mark: 0.079/0.079 secs] [Times: user=0.23 sys=0.03, real=0.08 secs] 
2023-01-17T04:32:06.869+0800: 136.777: [CMS-concurrent-preclean-start]
2023-01-17T04:32:06.911+0800: 136.818: [CMS-concurrent-preclean: 0.041/0.041 secs] [Times: user=0.07 sys=0.02, real=0.05 secs] 
2023-01-17T04:32:06.911+0800: 136.819: [CMS-concurrent-abortable-preclean-start]
2023-01-17T04:32:06.911+0800: 136.819: [CMS-concurrent-abortable-preclean: 0.000/0.000 secs] [Times: user=0.00 sys=0.00, real=0.00 secs] 
2023-01-17T04:32:07.009+0800: 136.917: [GC (CMS Final Remark) [YG occupancy: 105544 K (115200 K)]2023-01-17T04:32:07.009+0800: 136.917: [Rescan (parallel) , 0.0432946 secs]2023-01-17T04:32:07.053+0800: 136.960: [weak refs processing, 0.0000638 secs]2023-01-17T04:32:07.053+0800: 136.960: [class unloading, 0.0191551 secs]2023-01-17T04:32:07.072+0800: 136.980: [scrub symbol table, 0.0084186 secs]2023-01-17T04:32:07.080+0800: 136.988: [scrub string table, 0.0013076 secs][1 CMS-remark: 134143K(134144K)] 239688K(249344K), 0.0725151 secs] [Times: user=0.15 sys=0.00, real=0.08 secs] 
2023-01-17T04:32:07.083+0800: 136.991: [CMS-concurrent-sweep-start]
2023-01-17T04:32:07.106+0800: 137.014: [CMS-concurrent-sweep: 0.023/0.023 secs] [Times: user=0.04 sys=0.00, real=0.02 secs] 
2023-01-17T04:32:07.107+0800: 137.015: [CMS-concurrent-reset-start]
2023-01-17T04:32:07.107+0800: 137.015: [CMS-concurrent-reset: 0.000/0.000 secs] [Times: user=0.01 sys=0.00, real=0.00 secs] 
{Heap before GC invocations=198 (full 133):
 par new generation   total 115200K, used 115196K [0x00000000f0000000, 0x00000000f7d00000, 0x00000000f7d00000)
  eden space 102400K, 100% used [0x00000000f0000000, 0x00000000f6400000, 0x00000000f6400000)
  from space 12800K,  99% used [0x00000000f7080000, 0x00000000f7cff138, 0x00000000f7d00000)
  to   space 12800K,   0% used [0x00000000f6400000, 0x00000000f6400000, 0x00000000f7080000)
 concurrent mark-sweep generation total 134144K, used 134060K [0x00000000f7d00000, 0x0000000100000000, 0x0000000100000000)
 Metaspace       used 51964K, capacity 54794K, committed 55680K, reserved 1097728K
  class space    used 6332K, capacity 6829K, committed 7040K, reserved 1048576K
2023-01-17T04:32:07.338+0800: 137.246: [GC (Allocation Failure) 2023-01-17T04:32:07.339+0800: 137.246: [ParNew: 115196K->115196K(115200K), 0.0000270 secs]2023-01-17T04:32:07.339+0800: 137.246: [CMS: 134060K->134143K(134144K), 0.2081184 secs] 249257K->140112K(249344K), [Metaspace: 51964K->51964K(1097728K)], 0.2085635 secs] [Times: user=0.21 sys=0.00, real=0.21 secs] 
Heap after GC invocations=199 (full 134):
 par new generation   total 115200K, used 5968K [0x00000000f0000000, 0x00000000f7d00000, 0x00000000f7d00000)
  eden space 102400K,   5% used [0x00000000f0000000, 0x00000000f05d4268, 0x00000000f6400000)
  from space 12800K,   0% used [0x00000000f7080000, 0x00000000f7080000, 0x00000000f7d00000)
  to   space 12800K,   0% used [0x00000000f6400000, 0x00000000f6400000, 0x00000000f7080000)
 concurrent mark-sweep generation total 134144K, used 134143K [0x00000000f7d00000, 0x0000000100000000, 0x0000000100000000)
 Metaspace       used 51964K, capacity 54794K, committed 55680K, reserved 1097728K
  class space    used 6332K, capacity 6829K, committed 7040K, reserved 1048576K
}
2023-01-17T04:32:07.553+0800: 137.461: [GC (CMS Initial Mark) [1 CMS-initial-mark: 134143K(134144K)] 141932K(249344K), 0.0049506 secs] [Times: user=0.02 sys=0.00, real=0.00 secs] 
2023-01-17T04:32:07.559+0800: 137.466: [CMS-concurrent-mark-start]
2023-01-17T04:32:07.620+0800: 137.528: [CMS-concurrent-mark: 0.062/0.062 secs] [Times: user=0.19 sys=0.03, real=0.07 secs] 
2023-01-17T04:32:07.621+0800: 137.528: [CMS-concurrent-preclean-start]
2023-01-17T04:32:07.658+0800: 137.565: [CMS-concurrent-preclean: 0.037/0.037 secs] [Times: user=0.09 sys=0.01, real=0.03 secs] 
2023-01-17T04:32:07.658+0800: 137.566: [CMS-concurrent-abortable-preclean-start]
2023-01-17T04:32:07.658+0800: 137.566: [CMS-concurrent-abortable-preclean: 0.000/0.000 secs] [Times: user=0.00 sys=0.00, real=0.00 secs] 
2023-01-17T04:32:07.663+0800: 137.570: [GC (CMS Final Remark) [YG occupancy: 61018 K (115200 K)]2023-01-17T04:32:07.663+0800: 137.571: [Rescan (parallel) , 0.0187344 secs]2023-01-17T04:32:07.681+0800: 137.589: [weak refs processing, 0.0000515 secs]2023-01-17T04:32:07.682+0800: 137.589: [class unloading, 0.0134850 secs]2023-01-17T04:32:07.695+0800: 137.603: [scrub symbol table, 0.0051325 secs]2023-01-17T04:32:07.700+0800: 137.608: [scrub string table, 0.0008709 secs][1 CMS-remark: 134143K(134144K)] 195162K(249344K), 0.0384858 secs] [Times: user=0.10 sys=0.00, real=0.04 secs] 
2023-01-17T04:32:07.702+0800: 137.610: [CMS-concurrent-sweep-start]
2023-01-17T04:32:07.721+0800: 137.629: [CMS-concurrent-sweep: 0.019/0.019 secs] [Times: user=0.06 sys=0.01, real=0.02 secs] 
2023-01-17T04:32:07.721+0800: 137.629: [CMS-concurrent-reset-start]
2023-01-17T04:32:07.721+0800: 137.629: [CMS-concurrent-reset: 0.000/0.000 secs] [Times: user=0.00 sys=0.00, real=0.00 secs] 
{Heap before GC invocations=199 (full 135):
 par new generation   total 115200K, used 115200K [0x00000000f0000000, 0x00000000f7d00000, 0x00000000f7d00000)
  eden space 102400K, 100% used [0x00000000f0000000, 0x00000000f6400000, 0x00000000f6400000)
  from space 12800K, 100% used [0x00000000f7080000, 0x00000000f7d00000, 0x00000000f7d00000)
  to   space 12800K,   0% used [0x00000000f6400000, 0x00000000f6400000, 0x00000000f7080000)
 concurrent mark-sweep generation total 134144K, used 134025K [0x00000000f7d00000, 0x0000000100000000, 0x0000000100000000)
 Metaspace       used 51964K, capacity 54794K, committed 55680K, reserved 1097728K
  class space    used 6332K, capacity 6829K, committed 7040K, reserved 1048576K
2023-01-17T04:32:08.112+0800: 138.020: [GC (Allocation Failure) 2023-01-17T04:32:08.112+0800: 138.020: [ParNew: 115200K->115200K(115200K), 0.0000264 secs]2023-01-17T04:32:08.112+0800: 138.020: [CMS: 134025K->134143K(134144K), 0.2372709 secs] 249225K->140139K(249344K), [Metaspace: 51964K->51964K(1097728K)], 0.2376850 secs] [Times: user=0.24 sys=0.00, real=0.24 secs] 
Heap after GC invocations=200 (full 136):
 par new generation   total 115200K, used 5996K [0x00000000f0000000, 0x00000000f7d00000, 0x00000000f7d00000)
  eden space 102400K,   5% used [0x00000000f0000000, 0x00000000f05db030, 0x00000000f6400000)
  from space 12800K,   0% used [0x00000000f7080000, 0x00000000f7080000, 0x00000000f7d00000)
  to   space 12800K,   0% used [0x00000000f6400000, 0x00000000f6400000, 0x00000000f7080000)
 concurrent mark-sweep generation total 134144K, used 134143K [0x00000000f7d00000, 0x0000000100000000, 0x0000000100000000)
 Metaspace       used 51964K, capacity 54794K, committed 55680K, reserved 1097728K
  class space    used 6332K, capacity 6829K, committed 7040K, reserved 1048576K
}
2023-01-17T04:32:08.357+0800: 138.265: [GC (CMS Initial Mark) [1 CMS-initial-mark: 134143K(134144K)] 141834K(249344K), 0.0064136 secs] [Times: user=0.02 sys=0.01, real=0.01 secs] 
2023-01-17T04:32:08.364+0800: 138.272: [CMS-concurrent-mark-start]
2023-01-17T04:32:08.441+0800: 138.349: [CMS-concurrent-mark: 0.077/0.077 secs] [Times: user=0.21 sys=0.04, real=0.08 secs] 
2023-01-17T04:32:08.442+0800: 138.349: [CMS-concurrent-preclean-start]
2023-01-17T04:32:08.483+0800: 138.391: [CMS-concurrent-preclean: 0.042/0.042 secs] [Times: user=0.11 sys=0.02, real=0.04 secs] 
2023-01-17T04:32:08.483+0800: 138.391: [CMS-concurrent-abortable-preclean-start]
2023-01-17T04:32:08.483+0800: 138.391: [CMS-concurrent-abortable-preclean: 0.000/0.000 secs] [Times: user=0.00 sys=0.00, real=0.00 secs] 
2023-01-17T04:32:08.487+0800: 138.395: [GC (CMS Final Remark) [YG occupancy: 72225 K (115200 K)]2023-01-17T04:32:08.488+0800: 138.395: [Rescan (parallel) , 0.0223399 secs]2023-01-17T04:32:08.510+0800: 138.418: [weak refs processing, 0.0000545 secs]2023-01-17T04:32:08.510+0800: 138.418: [class unloading, 0.0133317 secs]2023-01-17T04:32:08.523+0800: 138.431: [scrub symbol table, 0.0050442 secs]2023-01-17T04:32:08.528+0800: 138.436: [scrub string table, 0.0008724 secs][1 CMS-remark: 134143K(134144K)] 206369K(249344K), 0.0418566 secs] [Times: user=0.09 sys=0.00, real=0.04 secs] 
2023-01-17T04:32:08.530+0800: 138.437: [CMS-concurrent-sweep-start]
2023-01-17T04:32:08.549+0800: 138.457: [CMS-concurrent-sweep: 0.019/0.019 secs] [Times: user=0.05 sys=0.01, real=0.01 secs] 
2023-01-17T04:32:08.549+0800: 138.457: [CMS-concurrent-reset-start]
2023-01-17T04:32:08.550+0800: 138.458: [CMS-concurrent-reset: 0.001/0.001 secs] [Times: user=0.01 sys=0.00, real=0.01 secs] 
{Heap before GC invocations=200 (full 137):
 par new generation   total 115200K, used 115200K [0x00000000f0000000, 0x00000000f7d00000, 0x00000000f7d00000)
  eden space 102400K, 100% used [0x00000000f0000000, 0x00000000f6400000, 0x00000000f6400000)
  from space 12800K, 100% used [0x00000000f7080000, 0x00000000f7d00000, 0x00000000f7d00000)
  to   space 12800K,   0% used [0x00000000f6400000, 0x00000000f6400000, 0x00000000f7080000)
 concurrent mark-sweep generation total 134144K, used 134007K [0x00000000f7d00000, 0x0000000100000000, 0x0000000100000000)
 Metaspace       used 51964K, capacity 54794K, committed 55680K, reserved 1097728K
  class space    used 6332K, capacity 6829K, committed 7040K, reserved 1048576K
2023-01-17T04:32:08.913+0800: 138.821: [GC (Allocation Failure) 2023-01-17T04:32:08.913+0800: 138.821: [ParNew: 115200K->115200K(115200K), 0.0000283 secs]2023-01-17T04:32:08.913+0800: 138.821: [CMS: 134007K->134144K(134144K), 0.2005116 secs] 249207K->140038K(249344K), [Metaspace: 51964K->51964K(1097728K)], 0.2009370 secs] [Times: user=0.21 sys=0.00, real=0.20 secs] 
Heap after GC invocations=201 (full 138):
 par new generation   total 115200K, used 5894K [0x00000000f0000000, 0x00000000f7d00000, 0x00000000f7d00000)
  eden space 102400K,   5% used [0x00000000f0000000, 0x00000000f05c1a08, 0x00000000f6400000)
  from space 12800K,   0% used [0x00000000f7080000, 0x00000000f7080000, 0x00000000f7d00000)
  to   space 12800K,   0% used [0x00000000f6400000, 0x00000000f6400000, 0x00000000f7080000)
 concurrent mark-sweep generation total 134144K, used 134144K [0x00000000f7d00000, 0x0000000100000000, 0x0000000100000000)
 Metaspace       used 51964K, capacity 54794K, committed 55680K, reserved 1097728K
  class space    used 6332K, capacity 6829K, committed 7040K, reserved 1048576K
}
2023-01-17T04:32:09.120+0800: 139.027: [GC (CMS Initial Mark) [1 CMS-initial-mark: 134144K(134144K)] 141128K(249344K), 0.0049949 secs] [Times: user=0.02 sys=0.00, real=0.00 secs] 
2023-01-17T04:32:09.125+0800: 139.033: [CMS-concurrent-mark-start]
2023-01-17T04:32:09.188+0800: 139.096: [CMS-concurrent-mark: 0.063/0.063 secs] [Times: user=0.16 sys=0.01, real=0.06 secs] 
2023-01-17T04:32:09.188+0800: 139.096: [CMS-concurrent-preclean-start]
2023-01-17T04:32:09.227+0800: 139.135: [CMS-concurrent-preclean: 0.039/0.039 secs] [Times: user=0.08 sys=0.01, real=0.04 secs] 
2023-01-17T04:32:09.227+0800: 139.135: [CMS-concurrent-abortable-preclean-start]
2023-01-17T04:32:09.227+0800: 139.135: [CMS-concurrent-abortable-preclean: 0.000/0.000 secs] [Times: user=0.00 sys=0.00, real=0.00 secs] 
2023-01-17T04:32:09.232+0800: 139.140: [GC (CMS Final Remark) [YG occupancy: 47936 K (115200 K)]2023-01-17T04:32:09.232+0800: 139.140: [Rescan (parallel) , 0.0146852 secs]2023-01-17T04:32:09.247+0800: 139.155: [weak refs processing, 0.0000404 secs]2023-01-17T04:32:09.247+0800: 139.155: [class unloading, 0.0133826 secs]2023-01-17T04:32:09.260+0800: 139.168: [scrub symbol table, 0.0051003 secs]2023-01-17T04:32:09.265+0800: 139.173: [scrub string table, 0.0008735 secs][1 CMS-remark: 134144K(134144K)] 182080K(249344K), 0.0342760 secs] [Times: user=0.08 sys=0.00, real=0.03 secs] 
2023-01-17T04:32:09.267+0800: 139.174: [CMS-concurrent-sweep-start]
2023-01-17T04:32:09.286+0800: 139.194: [CMS-concurrent-sweep: 0.020/0.020 secs] [Times: user=0.06 sys=0.01, real=0.02 secs] 
2023-01-17T04:32:09.286+0800: 139.194: [CMS-concurrent-reset-start]
2023-01-17T04:32:09.287+0800: 139.194: [CMS-concurrent-reset: 0.000/0.000 secs] [Times: user=0.00 sys=0.00, real=0.00 secs] 
{Heap before GC invocations=201 (full 139):
 par new generation   total 115200K, used 115200K [0x00000000f0000000, 0x00000000f7d00000, 0x00000000f7d00000)
  eden space 102400K, 100% used [0x00000000f0000000, 0x00000000f6400000, 0x00000000f6400000)
  from space 12800K, 100% used [0x00000000f7080000, 0x00000000f7d00000, 0x00000000f7d00000)
  to   space 12800K,   0% used [0x00000000f6400000, 0x00000000f6400000, 0x00000000f7080000)
 concurrent mark-sweep generation total 134144K, used 133987K [0x00000000f7d00000, 0x0000000100000000, 0x0000000100000000)
 Metaspace       used 51964K, capacity 54794K, committed 55680K, reserved 1097728K
  class space    used 6332K, capacity 6829K, committed 7040K, reserved 1048576K
2023-01-17T04:32:09.716+0800: 139.624: [GC (Allocation Failure) 2023-01-17T04:32:09.717+0800: 139.624: [ParNew: 115200K->115200K(115200K), 0.0000277 secs]2023-01-17T04:32:09.717+0800: 139.624: [CMS: 133987K->134143K(134144K), 0.2024091 secs] 249187K->140198K(249344K), [Metaspace: 51964K->51964K(1097728K)], 0.2028516 secs] [Times: user=0.20 sys=0.00, real=0.20 secs] 
Heap after GC invocations=202 (full 140):
 par new generation   total 115200K, used 6054K [0x00000000f0000000, 0x00000000f7d00000, 0x00000000f7d00000)
  eden space 102400K,   5% used [0x00000000f0000000, 0x00000000f05e9858, 0x00000000f6400000)
  from space 12800K,   0% used [0x00000000f7080000, 0x00000000f7080000, 0x00000000f7d00000)
  to   space 12800K,   0% used [0x00000000f6400000, 0x00000000f6400000, 0x00000000f7080000)
 concurrent mark-sweep generation total 134144K, used 134143K [0x00000000f7d00000, 0x0000000100000000, 0x0000000100000000)
 Metaspace       used 51964K, capacity 54794K, committed 55680K, reserved 1097728K
  class space    used 6332K, capacity 6829K, committed 7040K, reserved 1048576K
}
2023-01-17T04:32:09.925+0800: 139.833: [GC (CMS Initial Mark) [1 CMS-initial-mark: 134143K(134144K)] 141444K(249344K), 0.0047356 secs] [Times: user=0.02 sys=0.00, real=0.01 secs] 
2023-01-17T04:32:09.930+0800: 139.838: [CMS-concurrent-mark-start]
2023-01-17T04:32:10.019+0800: 139.927: [CMS-concurrent-mark: 0.089/0.089 secs] [Times: user=0.21 sys=0.11, real=0.08 secs] 
2023-01-17T04:32:10.019+0800: 139.927: [CMS-concurrent-preclean-start]
2023-01-17T04:32:10.085+0800: 139.993: [CMS-concurrent-preclean: 0.065/0.065 secs] [Times: user=0.13 sys=0.08, real=0.06 secs] 
2023-01-17T04:32:10.085+0800: 139.993: [CMS-concurrent-abortable-preclean-start]
2023-01-17T04:32:10.085+0800: 139.993: [CMS-concurrent-abortable-preclean: 0.000/0.000 secs] [Times: user=0.00 sys=0.00, real=0.00 secs] 
2023-01-17T04:32:10.093+0800: 140.001: [GC (CMS Final Remark) [YG occupancy: 38706 K (115200 K)]2023-01-17T04:32:10.093+0800: 140.001: [Rescan (parallel) , 0.0221100 secs]2023-01-17T04:32:10.116+0800: 140.023: [weak refs processing, 0.0000474 secs]2023-01-17T04:32:10.116+0800: 140.023: [class unloading, 0.0133839 secs]2023-01-17T04:32:10.129+0800: 140.037: [scrub symbol table, 0.0051087 secs]2023-01-17T04:32:10.134+0800: 140.042: [scrub string table, 0.0008861 secs][1 CMS-remark: 134143K(134144K)] 172850K(249344K), 0.0417137 secs] [Times: user=0.10 sys=0.00, real=0.04 secs] 
2023-01-17T04:32:10.135+0800: 140.043: [CMS-concurrent-sweep-start]
2023-01-17T04:32:10.160+0800: 140.067: [CMS-concurrent-sweep: 0.024/0.024 secs] [Times: user=0.06 sys=0.01, real=0.03 secs] 
2023-01-17T04:32:10.160+0800: 140.068: [CMS-concurrent-reset-start]
2023-01-17T04:32:10.160+0800: 140.068: [CMS-concurrent-reset: 0.000/0.000 secs] [Times: user=0.00 sys=0.00, real=0.00 secs] 
{Heap before GC invocations=202 (full 141):
 par new generation   total 115200K, used 115200K [0x00000000f0000000, 0x00000000f7d00000, 0x00000000f7d00000)
  eden space 102400K, 100% used [0x00000000f0000000, 0x00000000f6400000, 0x00000000f6400000)
  from space 12800K, 100% used [0x00000000f7080000, 0x00000000f7d00000, 0x00000000f7d00000)
  to   space 12800K,   0% used [0x00000000f6400000, 0x00000000f6400000, 0x00000000f7080000)
 concurrent mark-sweep generation total 134144K, used 134089K [0x00000000f7d00000, 0x0000000100000000, 0x0000000100000000)
 Metaspace       used 51964K, capacity 54794K, committed 55680K, reserved 1097728K
  class space    used 6332K, capacity 6829K, committed 7040K, reserved 1048576K
2023-01-17T04:32:10.478+0800: 140.386: [GC (Allocation Failure) 2023-01-17T04:32:10.478+0800: 140.386: [ParNew: 115200K->115200K(115200K), 0.0000273 secs]2023-01-17T04:32:10.478+0800: 140.386: [CMS: 134089K->134143K(134144K), 0.2019207 secs] 249289K->140091K(249344K), [Metaspace: 51964K->51964K(1097728K)], 0.2023075 secs] [Times: user=0.20 sys=0.00, real=0.21 secs] 
Heap after GC invocations=203 (full 142):
 par new generation   total 115200K, used 5947K [0x00000000f0000000, 0x00000000f7d00000, 0x00000000f7d00000)
  eden space 102400K,   5% used [0x00000000f0000000, 0x00000000f05cecb0, 0x00000000f6400000)
  from space 12800K,   0% used [0x00000000f7080000, 0x00000000f7080000, 0x00000000f7d00000)
  to   space 12800K,   0% used [0x00000000f6400000, 0x00000000f6400000, 0x00000000f7080000)
 concurrent mark-sweep generation total 134144K, used 134143K [0x00000000f7d00000, 0x0000000100000000, 0x0000000100000000)
 Metaspace       used 51964K, capacity 54794K, committed 55680K, reserved 1097728K
  class space    used 6332K, capacity 6829K, committed 7040K, reserved 1048576K
}
2023-01-17T04:32:10.707+0800: 140.615: [GC (CMS Initial Mark) [1 CMS-initial-mark: 134143K(134144K)] 153842K(249344K), 0.0084709 secs] [Times: user=0.03 sys=0.00, real=0.01 secs] 
2023-01-17T04:32:10.716+0800: 140.624: [CMS-concurrent-mark-start]
2023-01-17T04:32:10.797+0800: 140.704: [CMS-concurrent-mark: 0.081/0.081 secs] [Times: user=0.28 sys=0.03, real=0.08 secs] 
2023-01-17T04:32:10.797+0800: 140.705: [CMS-concurrent-preclean-start]
2023-01-17T04:32:10.860+0800: 140.768: [CMS-concurrent-preclean: 0.064/0.064 secs] [Times: user=0.13 sys=0.03, real=0.07 secs] 
2023-01-17T04:32:10.861+0800: 140.768: [CMS-concurrent-abortable-preclean-start]
2023-01-17T04:32:10.861+0800: 140.768: [CMS-concurrent-abortable-preclean: 0.000/0.000 secs] [Times: user=0.00 sys=0.00, real=0.00 secs] 
2023-01-17T04:32:10.866+0800: 140.774: [GC (CMS Final Remark) [YG occupancy: 105038 K (115200 K)]2023-01-17T04:32:10.866+0800: 140.774: [Rescan (parallel) , 0.0525009 secs]2023-01-17T04:32:10.919+0800: 140.826: [weak refs processing, 0.0000611 secs]2023-01-17T04:32:10.919+0800: 140.826: [class unloading, 0.0144450 secs]2023-01-17T04:32:10.933+0800: 140.841: [scrub symbol table, 0.0052880 secs]2023-01-17T04:32:10.938+0800: 140.846: [scrub string table, 0.0009128 secs][1 CMS-remark: 134143K(134144K)] 239182K(249344K), 0.0734712 secs] [Times: user=0.14 sys=0.00, real=0.07 secs] 
2023-01-17T04:32:10.940+0800: 140.848: [CMS-concurrent-sweep-start]
2023-01-17T04:32:10.963+0800: 140.870: [CMS-concurrent-sweep: 0.023/0.023 secs] [Times: user=0.03 sys=0.00, real=0.02 secs] 
2023-01-17T04:32:10.963+0800: 140.871: [CMS-concurrent-reset-start]
2023-01-17T04:32:10.963+0800: 140.871: [CMS-concurrent-reset: 0.000/0.000 secs] [Times: user=0.00 sys=0.00, real=0.00 secs] 
{Heap before GC invocations=203 (full 143):
 par new generation   total 115200K, used 115197K [0x00000000f0000000, 0x00000000f7d00000, 0x00000000f7d00000)
  eden space 102400K, 100% used [0x00000000f0000000, 0x00000000f6400000, 0x00000000f6400000)
  from space 12800K,  99% used [0x00000000f7080000, 0x00000000f7cff570, 0x00000000f7d00000)
  to   space 12800K,   0% used [0x00000000f6400000, 0x00000000f6400000, 0x00000000f7080000)
 concurrent mark-sweep generation total 134144K, used 133732K [0x00000000f7d00000, 0x0000000100000000, 0x0000000100000000)
 Metaspace       used 51964K, capacity 54794K, committed 55680K, reserved 1097728K
  class space    used 6332K, capacity 6829K, committed 7040K, reserved 1048576K
2023-01-17T04:32:11.269+0800: 141.176: [GC (Allocation Failure) 2023-01-17T04:32:11.269+0800: 141.177: [ParNew: 115197K->115197K(115200K), 0.0002821 secs]2023-01-17T04:32:11.269+0800: 141.177: [CMS: 133732K->134144K(134144K), 0.1900733 secs] 248929K->140388K(249344K), [Metaspace: 51964K->51964K(1097728K)], 0.1907658 secs] [Times: user=0.19 sys=0.00, real=0.19 secs] 
Heap after GC invocations=204 (full 144):
 par new generation   total 115200K, used 6244K [0x00000000f0000000, 0x00000000f7d00000, 0x00000000f7d00000)
  eden space 102400K,   6% used [0x00000000f0000000, 0x00000000f06190b0, 0x00000000f6400000)
  from space 12800K,   0% used [0x00000000f7080000, 0x00000000f7080000, 0x00000000f7d00000)
  to   space 12800K,   0% used [0x00000000f6400000, 0x00000000f6400000, 0x00000000f7080000)
 concurrent mark-sweep generation total 134144K, used 134144K [0x00000000f7d00000, 0x0000000100000000, 0x0000000100000000)
 Metaspace       used 51964K, capacity 54794K, committed 55680K, reserved 1097728K
  class space    used 6332K, capacity 6829K, committed 7040K, reserved 1048576K
}
2023-01-17T04:32:11.464+0800: 141.372: [GC (CMS Initial Mark) [1 CMS-initial-mark: 134144K(134144K)] 140615K(249344K), 0.0043912 secs] [Times: user=0.02 sys=0.00, real=0.00 secs] 
2023-01-17T04:32:11.468+0800: 141.376: [CMS-concurrent-mark-start]
2023-01-17T04:32:11.538+0800: 141.446: [CMS-concurrent-mark: 0.070/0.070 secs] [Times: user=0.23 sys=0.03, real=0.07 secs] 
2023-01-17T04:32:11.539+0800: 141.446: [CMS-concurrent-preclean-start]
2023-01-17T04:32:11.584+0800: 141.492: [CMS-concurrent-preclean: 0.045/0.045 secs] [Times: user=0.14 sys=0.03, real=0.05 secs] 
2023-01-17T04:32:11.584+0800: 141.492: [CMS-concurrent-abortable-preclean-start]
2023-01-17T04:32:11.584+0800: 141.492: [CMS-concurrent-abortable-preclean: 0.000/0.000 secs] [Times: user=0.00 sys=0.00, real=0.00 secs] 
2023-01-17T04:32:11.588+0800: 141.496: [GC (CMS Final Remark) [YG occupancy: 81438 K (115200 K)]2023-01-17T04:32:11.588+0800: 141.496: [Rescan (parallel) , 0.0227434 secs]2023-01-17T04:32:11.611+0800: 141.519: [weak refs processing, 0.0000420 secs]2023-01-17T04:32:11.611+0800: 141.519: [class unloading, 0.0169730 secs]2023-01-17T04:32:11.628+0800: 141.536: [scrub symbol table, 0.0081716 secs]2023-01-17T04:32:11.636+0800: 141.544: [scrub string table, 0.0012698 secs][1 CMS-remark: 134144K(134144K)] 215582K(249344K), 0.0494115 secs] [Times: user=0.12 sys=0.00, real=0.05 secs] 
2023-01-17T04:32:11.638+0800: 141.545: [CMS-concurrent-sweep-start]
2023-01-17T04:32:11.658+0800: 141.566: [CMS-concurrent-sweep: 0.020/0.020 secs] [Times: user=0.05 sys=0.00, real=0.02 secs] 
2023-01-17T04:32:11.658+0800: 141.566: [CMS-concurrent-reset-start]
2023-01-17T04:32:11.658+0800: 141.566: [CMS-concurrent-reset: 0.000/0.000 secs] [Times: user=0.00 sys=0.00, real=0.00 secs] 
{Heap before GC invocations=204 (full 145):
 par new generation   total 115200K, used 115199K [0x00000000f0000000, 0x00000000f7d00000, 0x00000000f7d00000)
  eden space 102400K, 100% used [0x00000000f0000000, 0x00000000f6400000, 0x00000000f6400000)
  from space 12800K,  99% used [0x00000000f7080000, 0x00000000f7cffff8, 0x00000000f7d00000)
  to   space 12800K,   0% used [0x00000000f6400000, 0x00000000f6400000, 0x00000000f7080000)
 concurrent mark-sweep generation total 134144K, used 134016K [0x00000000f7d00000, 0x0000000100000000, 0x0000000100000000)
 Metaspace       used 51964K, capacity 54794K, committed 55680K, reserved 1097728K
  class space    used 6332K, capacity 6829K, committed 7040K, reserved 1048576K
2023-01-17T04:32:11.988+0800: 141.896: [GC (Allocation Failure) 2023-01-17T04:32:11.988+0800: 141.896: [ParNew: 115199K->115199K(115200K), 0.0000312 secs]2023-01-17T04:32:11.988+0800: 141.896: [CMS: 134016K->134143K(134144K), 0.2625182 secs] 249216K->140333K(249344K), [Metaspace: 51964K->51964K(1097728K)], 0.2630457 secs] [Times: user=0.27 sys=0.00, real=0.27 secs] 
Heap after GC invocations=205 (full 146):
 par new generation   total 115200K, used 6189K [0x00000000f0000000, 0x00000000f7d00000, 0x00000000f7d00000)
  eden space 102400K,   6% used [0x00000000f0000000, 0x00000000f060b7b0, 0x00000000f6400000)
  from space 12800K,   0% used [0x00000000f7080000, 0x00000000f7080000, 0x00000000f7d00000)
  to   space 12800K,   0% used [0x00000000f6400000, 0x00000000f6400000, 0x00000000f7080000)
 concurrent mark-sweep generation total 134144K, used 134143K [0x00000000f7d00000, 0x0000000100000000, 0x0000000100000000)
 Metaspace       used 51964K, capacity 54794K, committed 55680K, reserved 1097728K
  class space    used 6332K, capacity 6829K, committed 7040K, reserved 1048576K
}
2023-01-17T04:32:12.257+0800: 142.164: [GC (CMS Initial Mark) [1 CMS-initial-mark: 134143K(134144K)] 141528K(249344K), 0.0050050 secs] [Times: user=0.02 sys=0.00, real=0.01 secs] 
2023-01-17T04:32:12.262+0800: 142.170: [CMS-concurrent-mark-start]
2023-01-17T04:32:12.337+0800: 142.245: [CMS-concurrent-mark: 0.075/0.075 secs] [Times: user=0.24 sys=0.04, real=0.07 secs] 
2023-01-17T04:32:12.337+0800: 142.245: [CMS-concurrent-preclean-start]
2023-01-17T04:32:12.385+0800: 142.293: [CMS-concurrent-preclean: 0.048/0.048 secs] [Times: user=0.14 sys=0.04, real=0.05 secs] 
2023-01-17T04:32:12.386+0800: 142.293: [CMS-concurrent-abortable-preclean-start]
2023-01-17T04:32:12.386+0800: 142.293: [CMS-concurrent-abortable-preclean: 0.000/0.000 secs] [Times: user=0.00 sys=0.01, real=0.00 secs] 
2023-01-17T04:32:12.389+0800: 142.297: [GC (CMS Final Remark) [YG occupancy: 79140 K (115200 K)]2023-01-17T04:32:12.390+0800: 142.297: [Rescan (parallel) , 0.0259259 secs]2023-01-17T04:32:12.416+0800: 142.323: [weak refs processing, 0.0000516 secs]2023-01-17T04:32:12.416+0800: 142.323: [class unloading, 0.0138990 secs]2023-01-17T04:32:12.430+0800: 142.337: [scrub symbol table, 0.0051545 secs]2023-01-17T04:32:12.435+0800: 142.343: [scrub string table, 0.0008785 secs][1 CMS-remark: 134143K(134144K)] 213284K(249344K), 0.0461485 secs] [Times: user=0.10 sys=0.00, real=0.05 secs] 
2023-01-17T04:32:12.437+0800: 142.344: [CMS-concurrent-sweep-start]
2023-01-17T04:32:12.459+0800: 142.366: [CMS-concurrent-sweep: 0.022/0.022 secs] [Times: user=0.06 sys=0.00, real=0.02 secs] 
2023-01-17T04:32:12.459+0800: 142.367: [CMS-concurrent-reset-start]
2023-01-17T04:32:12.459+0800: 142.367: [CMS-concurrent-reset: 0.000/0.000 secs] [Times: user=0.00 sys=0.00, real=0.00 secs] 
{Heap before GC invocations=205 (full 147):
 par new generation   total 115200K, used 115199K [0x00000000f0000000, 0x00000000f7d00000, 0x00000000f7d00000)
  eden space 102400K, 100% used [0x00000000f0000000, 0x00000000f6400000, 0x00000000f6400000)
  from space 12800K,  99% used [0x00000000f7080000, 0x00000000f7cffff0, 0x00000000f7d00000)
  to   space 12800K,   0% used [0x00000000f6400000, 0x00000000f6400000, 0x00000000f7080000)
 concurrent mark-sweep generation total 134144K, used 134079K [0x00000000f7d00000, 0x0000000100000000, 0x0000000100000000)
 Metaspace       used 51964K, capacity 54794K, committed 55680K, reserved 1097728K
  class space    used 6332K, capacity 6829K, committed 7040K, reserved 1048576K
2023-01-17T04:32:12.786+0800: 142.693: [GC (Allocation Failure) 2023-01-17T04:32:12.786+0800: 142.694: [ParNew: 115199K->115199K(115200K), 0.0000268 secs]2023-01-17T04:32:12.786+0800: 142.694: [CMS: 134079K->134143K(134144K), 0.1893934 secs] 249279K->140288K(249344K), [Metaspace: 51964K->51964K(1097728K)], 0.1898159 secs] [Times: user=0.19 sys=0.00, real=0.19 secs] 
Heap after GC invocations=206 (full 148):
 par new generation   total 115200K, used 6144K [0x00000000f0000000, 0x00000000f7d00000, 0x00000000f7d00000)
  eden space 102400K,   6% used [0x00000000f0000000, 0x00000000f0600148, 0x00000000f6400000)
  from space 12800K,   0% used [0x00000000f7080000, 0x00000000f7080000, 0x00000000f7d00000)
  to   space 12800K,   0% used [0x00000000f6400000, 0x00000000f6400000, 0x00000000f7080000)
 concurrent mark-sweep generation total 134144K, used 134143K [0x00000000f7d00000, 0x0000000100000000, 0x0000000100000000)
 Metaspace       used 51964K, capacity 54794K, committed 55680K, reserved 1097728K
  class space    used 6332K, capacity 6829K, committed 7040K, reserved 1048576K
}
2023-01-17T04:32:12.985+0800: 142.892: [GC (CMS Initial Mark) [1 CMS-initial-mark: 134143K(134144K)] 144288K(249344K), 0.0065505 secs] [Times: user=0.02 sys=0.00, real=0.01 secs] 
2023-01-17T04:32:12.991+0800: 142.899: [CMS-concurrent-mark-start]
2023-01-17T04:32:13.077+0800: 142.985: [CMS-concurrent-mark: 0.085/0.085 secs] [Times: user=0.21 sys=0.05, real=0.08 secs] 
2023-01-17T04:32:13.077+0800: 142.985: [CMS-concurrent-preclean-start]
2023-01-17T04:32:13.114+0800: 143.022: [CMS-concurrent-preclean: 0.037/0.037 secs] [Times: user=0.07 sys=0.00, real=0.04 secs] 
2023-01-17T04:32:13.114+0800: 143.022: [CMS-concurrent-abortable-preclean-start]
2023-01-17T04:32:13.114+0800: 143.022: [CMS-concurrent-abortable-preclean: 0.000/0.000 secs] [Times: user=0.00 sys=0.00, real=0.00 secs] 
2023-01-17T04:32:13.118+0800: 143.026: [GC (CMS Final Remark) [YG occupancy: 68453 K (115200 K)]2023-01-17T04:32:13.118+0800: 143.026: [Rescan (parallel) , 0.0186689 secs]2023-01-17T04:32:13.137+0800: 143.045: [weak refs processing, 0.0000440 secs]2023-01-17T04:32:13.137+0800: 143.045: [class unloading, 0.0134086 secs]2023-01-17T04:32:13.150+0800: 143.058: [scrub symbol table, 0.0052993 secs]2023-01-17T04:32:13.156+0800: 143.063: [scrub string table, 0.0008913 secs][1 CMS-remark: 134143K(134144K)] 202597K(249344K), 0.0385024 secs] [Times: user=0.10 sys=0.00, real=0.04 secs] 
2023-01-17T04:32:13.157+0800: 143.065: [CMS-concurrent-sweep-start]
2023-01-17T04:32:13.177+0800: 143.085: [CMS-concurrent-sweep: 0.020/0.020 secs] [Times: user=0.04 sys=0.01, real=0.02 secs] 
2023-01-17T04:32:13.177+0800: 143.085: [CMS-concurrent-reset-start]
2023-01-17T04:32:13.178+0800: 143.085: [CMS-concurrent-reset: 0.000/0.000 secs] [Times: user=0.00 sys=0.00, real=0.00 secs] 
{Heap before GC invocations=206 (full 149):
 par new generation   total 115200K, used 115199K [0x00000000f0000000, 0x00000000f7d00000, 0x00000000f7d00000)
  eden space 102400K, 100% used [0x00000000f0000000, 0x00000000f6400000, 0x00000000f6400000)
  from space 12800K,  99% used [0x00000000f7080000, 0x00000000f7cffff8, 0x00000000f7d00000)
  to   space 12800K,   0% used [0x00000000f6400000, 0x00000000f6400000, 0x00000000f7080000)
 concurrent mark-sweep generation total 134144K, used 134056K [0x00000000f7d00000, 0x0000000100000000, 0x0000000100000000)
 Metaspace       used 51964K, capacity 54794K, committed 55680K, reserved 1097728K
  class space    used 6332K, capacity 6829K, committed 7040K, reserved 1048576K
2023-01-17T04:32:13.521+0800: 143.429: [GC (Allocation Failure) 2023-01-17T04:32:13.522+0800: 143.429: [ParNew: 115199K->115199K(115200K), 0.0000268 secs]2023-01-17T04:32:13.522+0800: 143.429: [CMS: 134056K->134144K(134144K), 0.1924922 secs] 249256K->140169K(249344K), [Metaspace: 51964K->51964K(1097728K)], 0.1929260 secs] [Times: user=0.20 sys=0.00, real=0.19 secs] 
Heap after GC invocations=207 (full 150):
 par new generation   total 115200K, used 6025K [0x00000000f0000000, 0x00000000f7d00000, 0x00000000f7d00000)
  eden space 102400K,   5% used [0x00000000f0000000, 0x00000000f05e2790, 0x00000000f6400000)
  from space 12800K,   0% used [0x00000000f7080000, 0x00000000f7080000, 0x00000000f7d00000)
  to   space 12800K,   0% used [0x00000000f6400000, 0x00000000f6400000, 0x00000000f7080000)
 concurrent mark-sweep generation total 134144K, used 134144K [0x00000000f7d00000, 0x0000000100000000, 0x0000000100000000)
 Metaspace       used 51964K, capacity 54794K, committed 55680K, reserved 1097728K
  class space    used 6332K, capacity 6829K, committed 7040K, reserved 1048576K
}
2023-01-17T04:32:13.719+0800: 143.627: [GC (CMS Initial Mark) [1 CMS-initial-mark: 134144K(134144K)] 140526K(249344K), 0.0046346 secs] [Times: user=0.02 sys=0.00, real=0.01 secs] 
2023-01-17T04:32:13.724+0800: 143.632: [CMS-concurrent-mark-start]
2023-01-17T04:32:13.811+0800: 143.719: [CMS-concurrent-mark: 0.087/0.087 secs] [Times: user=0.28 sys=0.05, real=0.09 secs] 
2023-01-17T04:32:13.811+0800: 143.719: [CMS-concurrent-preclean-start]
2023-01-17T04:32:13.865+0800: 143.772: [CMS-concurrent-preclean: 0.053/0.053 secs] [Times: user=0.19 sys=0.03, real=0.05 secs] 
2023-01-17T04:32:13.865+0800: 143.773: [CMS-concurrent-abortable-preclean-start]
2023-01-17T04:32:13.865+0800: 143.773: [CMS-concurrent-abortable-preclean: 0.000/0.000 secs] [Times: user=0.00 sys=0.00, real=0.00 secs] 
2023-01-17T04:32:13.869+0800: 143.777: [GC (CMS Final Remark) [YG occupancy: 104825 K (115200 K)]2023-01-17T04:32:13.869+0800: 143.777: [Rescan (parallel) , 0.0281998 secs]2023-01-17T04:32:13.897+0800: 143.805: [weak refs processing, 0.0000463 secs]2023-01-17T04:32:13.897+0800: 143.805: [class unloading, 0.0133056 secs]2023-01-17T04:32:13.911+0800: 143.818: [scrub symbol table, 0.0050847 secs]2023-01-17T04:32:13.916+0800: 143.824: [scrub string table, 0.0008600 secs][1 CMS-remark: 134144K(134144K)] 238969K(249344K), 0.0476988 secs] [Times: user=0.14 sys=0.00, real=0.05 secs] 
2023-01-17T04:32:13.917+0800: 143.825: [CMS-concurrent-sweep-start]
2023-01-17T04:32:13.935+0800: 143.843: [CMS-concurrent-sweep: 0.018/0.018 secs] [Times: user=0.06 sys=0.00, real=0.02 secs] 
2023-01-17T04:32:13.936+0800: 143.843: [CMS-concurrent-reset-start]
2023-01-17T04:32:13.936+0800: 143.844: [CMS-concurrent-reset: 0.000/0.000 secs] [Times: user=0.00 sys=0.00, real=0.00 secs] 
{Heap before GC invocations=207 (full 151):
 par new generation   total 115200K, used 115200K [0x00000000f0000000, 0x00000000f7d00000, 0x00000000f7d00000)
  eden space 102400K, 100% used [0x00000000f0000000, 0x00000000f6400000, 0x00000000f6400000)
  from space 12800K, 100% used [0x00000000f7080000, 0x00000000f7d00000, 0x00000000f7d00000)
  to   space 12800K,   0% used [0x00000000f6400000, 0x00000000f6400000, 0x00000000f7080000)
 concurrent mark-sweep generation total 134144K, used 134052K [0x00000000f7d00000, 0x0000000100000000, 0x0000000100000000)
 Metaspace       used 51964K, capacity 54794K, committed 55680K, reserved 1097728K
  class space    used 6332K, capacity 6829K, committed 7040K, reserved 1048576K
2023-01-17T04:32:14.265+0800: 144.173: [GC (Allocation Failure) 2023-01-17T04:32:14.265+0800: 144.173: [ParNew: 115200K->115200K(115200K), 0.0000277 secs]2023-01-17T04:32:14.265+0800: 144.173: [CMS: 134052K->134143K(134144K), 0.2193763 secs] 249252K->140184K(249344K), [Metaspace: 51964K->51964K(1097728K)], 0.2198756 secs] [Times: user=0.22 sys=0.00, real=0.22 secs] 
Heap after GC invocations=208 (full 152):
 par new generation   total 115200K, used 6040K [0x00000000f0000000, 0x00000000f7d00000, 0x00000000f7d00000)
  eden space 102400K,   5% used [0x00000000f0000000, 0x00000000f05e6210, 0x00000000f6400000)
  from space 12800K,   0% used [0x00000000f7080000, 0x00000000f7080000, 0x00000000f7d00000)
  to   space 12800K,   0% used [0x00000000f6400000, 0x00000000f6400000, 0x00000000f7080000)
 concurrent mark-sweep generation total 134144K, used 134143K [0x00000000f7d00000, 0x0000000100000000, 0x0000000100000000)
 Metaspace       used 51964K, capacity 54794K, committed 55680K, reserved 1097728K
  class space    used 6332K, capacity 6829K, committed 7040K, reserved 1048576K
}
2023-01-17T04:32:14.490+0800: 144.398: [GC (CMS Initial Mark) [1 CMS-initial-mark: 134143K(134144K)] 140266K(249344K), 0.0102011 secs] [Times: user=0.01 sys=0.00, real=0.01 secs] 
2023-01-17T04:32:14.501+0800: 144.409: [CMS-concurrent-mark-start]
2023-01-17T04:32:14.579+0800: 144.486: [CMS-concurrent-mark: 0.078/0.078 secs] [Times: user=0.20 sys=0.03, real=0.07 secs] 
2023-01-17T04:32:14.579+0800: 144.487: [CMS-concurrent-preclean-start]
2023-01-17T04:32:14.624+0800: 144.532: [CMS-concurrent-preclean: 0.045/0.045 secs] [Times: user=0.10 sys=0.03, real=0.05 secs] 
2023-01-17T04:32:14.624+0800: 144.532: [CMS-concurrent-abortable-preclean-start]
2023-01-17T04:32:14.624+0800: 144.532: [CMS-concurrent-abortable-preclean: 0.000/0.000 secs] [Times: user=0.00 sys=0.00, real=0.00 secs] 
2023-01-17T04:32:14.725+0800: 144.633: [GC (CMS Final Remark) [YG occupancy: 108031 K (115200 K)]2023-01-17T04:32:14.725+0800: 144.633: [Rescan (parallel) , 0.0402914 secs]2023-01-17T04:32:14.765+0800: 144.673: [weak refs processing, 0.0000555 secs]2023-01-17T04:32:14.766+0800: 144.673: [class unloading, 0.0135569 secs]2023-01-17T04:32:14.779+0800: 144.687: [scrub symbol table, 0.0051202 secs]2023-01-17T04:32:14.784+0800: 144.692: [scrub string table, 0.0008843 secs][1 CMS-remark: 134143K(134144K)] 242174K(249344K), 0.0601520 secs] [Times: user=0.14 sys=0.00, real=0.06 secs] 
2023-01-17T04:32:14.787+0800: 144.695: [CMS-concurrent-sweep-start]
2023-01-17T04:32:14.804+0800: 144.711: [CMS-concurrent-sweep: 0.016/0.016 secs] [Times: user=0.04 sys=0.00, real=0.02 secs] 
2023-01-17T04:32:14.804+0800: 144.712: [CMS-concurrent-reset-start]
2023-01-17T04:32:14.804+0800: 144.712: [CMS-concurrent-reset: 0.000/0.000 secs] [Times: user=0.00 sys=0.00, real=0.00 secs] 
{Heap before GC invocations=208 (full 153):
 par new generation   total 115200K, used 115199K [0x00000000f0000000, 0x00000000f7d00000, 0x00000000f7d00000)
  eden space 102400K, 100% used [0x00000000f0000000, 0x00000000f6400000, 0x00000000f6400000)
  from space 12800K,  99% used [0x00000000f7080000, 0x00000000f7cffcf8, 0x00000000f7d00000)
  to   space 12800K,   0% used [0x00000000f6400000, 0x00000000f6400000, 0x00000000f7080000)
 concurrent mark-sweep generation total 134144K, used 134077K [0x00000000f7d00000, 0x0000000100000000, 0x0000000100000000)
 Metaspace       used 51964K, capacity 54794K, committed 55680K, reserved 1097728K
  class space    used 6332K, capacity 6829K, committed 7040K, reserved 1048576K
2023-01-17T04:32:15.048+0800: 144.956: [GC (Allocation Failure) 2023-01-17T04:32:15.048+0800: 144.956: [ParNew: 115199K->115199K(115200K), 0.0000278 secs]2023-01-17T04:32:15.048+0800: 144.956: [CMS: 134077K->134143K(134144K), 0.1968392 secs] 249277K->140366K(249344K), [Metaspace: 51964K->51964K(1097728K)], 0.1972675 secs] [Times: user=0.20 sys=0.00, real=0.20 secs] 
Heap after GC invocations=209 (full 154):
 par new generation   total 115200K, used 6223K [0x00000000f0000000, 0x00000000f7d00000, 0x00000000f7d00000)
  eden space 102400K,   6% used [0x00000000f0000000, 0x00000000f0613c20, 0x00000000f6400000)
  from space 12800K,   0% used [0x00000000f7080000, 0x00000000f7080000, 0x00000000f7d00000)
  to   space 12800K,   0% used [0x00000000f6400000, 0x00000000f6400000, 0x00000000f7080000)
 concurrent mark-sweep generation total 134144K, used 134143K [0x00000000f7d00000, 0x0000000100000000, 0x0000000100000000)
 Metaspace       used 51964K, capacity 54794K, committed 55680K, reserved 1097728K
  class space    used 6332K, capacity 6829K, committed 7040K, reserved 1048576K
}
2023-01-17T04:32:15.250+0800: 145.158: [GC (CMS Initial Mark) [1 CMS-initial-mark: 134143K(134144K)] 140561K(249344K), 0.0045991 secs] [Times: user=0.02 sys=0.00, real=0.00 secs] 
2023-01-17T04:32:15.255+0800: 145.162: [CMS-concurrent-mark-start]
2023-01-17T04:32:15.327+0800: 145.235: [CMS-concurrent-mark: 0.072/0.072 secs] [Times: user=0.22 sys=0.04, real=0.07 secs] 
2023-01-17T04:32:15.327+0800: 145.235: [CMS-concurrent-preclean-start]
2023-01-17T04:32:15.372+0800: 145.280: [CMS-concurrent-preclean: 0.045/0.045 secs] [Times: user=0.13 sys=0.01, real=0.05 secs] 
2023-01-17T04:32:15.372+0800: 145.280: [CMS-concurrent-abortable-preclean-start]
2023-01-17T04:32:15.372+0800: 145.280: [CMS-concurrent-abortable-preclean: 0.000/0.000 secs] [Times: user=0.00 sys=0.00, real=0.00 secs] 
2023-01-17T04:32:15.377+0800: 145.284: [GC (CMS Final Remark) [YG occupancy: 75816 K (115200 K)]2023-01-17T04:32:15.377+0800: 145.284: [Rescan (parallel) , 0.0212622 secs]2023-01-17T04:32:15.398+0800: 145.306: [weak refs processing, 0.0000437 secs]2023-01-17T04:32:15.398+0800: 145.306: [class unloading, 0.0132527 secs]2023-01-17T04:32:15.411+0800: 145.319: [scrub symbol table, 0.0051670 secs]2023-01-17T04:32:15.416+0800: 145.324: [scrub string table, 0.0008709 secs][1 CMS-remark: 134143K(134144K)] 209960K(249344K), 0.0407904 secs] [Times: user=0.10 sys=0.00, real=0.04 secs] 
2023-01-17T04:32:15.418+0800: 145.326: [CMS-concurrent-sweep-start]
2023-01-17T04:32:15.433+0800: 145.341: [CMS-concurrent-sweep: 0.015/0.015 secs] [Times: user=0.04 sys=0.01, real=0.02 secs] 
2023-01-17T04:32:15.433+0800: 145.341: [CMS-concurrent-reset-start]
2023-01-17T04:32:15.433+0800: 145.341: [CMS-concurrent-reset: 0.000/0.000 secs] [Times: user=0.00 sys=0.00, real=0.00 secs] 
{Heap before GC invocations=209 (full 155):
 par new generation   total 115200K, used 115199K [0x00000000f0000000, 0x00000000f7d00000, 0x00000000f7d00000)
  eden space 102400K, 100% used [0x00000000f0000000, 0x00000000f6400000, 0x00000000f6400000)
  from space 12800K,  99% used [0x00000000f7080000, 0x00000000f7cffe10, 0x00000000f7d00000)
  to   space 12800K,   0% used [0x00000000f6400000, 0x00000000f6400000, 0x00000000f7080000)
 concurrent mark-sweep generation total 134144K, used 134118K [0x00000000f7d00000, 0x0000000100000000, 0x0000000100000000)
 Metaspace       used 51964K, capacity 54794K, committed 55680K, reserved 1097728K
  class space    used 6332K, capacity 6829K, committed 7040K, reserved 1048576K
2023-01-17T04:32:15.773+0800: 145.681: [GC (Allocation Failure) 2023-01-17T04:32:15.773+0800: 145.681: [ParNew: 115199K->115199K(115200K), 0.0000369 secs]2023-01-17T04:32:15.773+0800: 145.681: [CMS: 134118K->134143K(134144K), 0.2363480 secs] 249318K->140318K(249344K), [Metaspace: 51964K->51964K(1097728K)], 0.2368508 secs] [Times: user=0.24 sys=0.00, real=0.24 secs] 
Heap after GC invocations=210 (full 156):
 par new generation   total 115200K, used 6174K [0x00000000f0000000, 0x00000000f7d00000, 0x00000000f7d00000)
  eden space 102400K,   6% used [0x00000000f0000000, 0x00000000f0607a98, 0x00000000f6400000)
  from space 12800K,   0% used [0x00000000f7080000, 0x00000000f7080000, 0x00000000f7d00000)
  to   space 12800K,   0% used [0x00000000f6400000, 0x00000000f6400000, 0x00000000f7080000)
 concurrent mark-sweep generation total 134144K, used 134143K [0x00000000f7d00000, 0x0000000100000000, 0x0000000100000000)
 Metaspace       used 51964K, capacity 54794K, committed 55680K, reserved 1097728K
  class space    used 6332K, capacity 6829K, committed 7040K, reserved 1048576K
}
2023-01-17T04:32:16.015+0800: 145.923: [GC (CMS Initial Mark) [1 CMS-initial-mark: 134143K(134144K)] 140991K(249344K), 0.0049651 secs] [Times: user=0.02 sys=0.00, real=0.01 secs] 
2023-01-17T04:32:16.020+0800: 145.928: [CMS-concurrent-mark-start]
2023-01-17T04:32:16.092+0800: 146.000: [CMS-concurrent-mark: 0.072/0.072 secs] [Times: user=0.19 sys=0.03, real=0.07 secs] 
2023-01-17T04:32:16.092+0800: 146.000: [CMS-concurrent-preclean-start]
2023-01-17T04:32:16.141+0800: 146.049: [CMS-concurrent-preclean: 0.049/0.049 secs] [Times: user=0.13 sys=0.02, real=0.05 secs] 
2023-01-17T04:32:16.142+0800: 146.050: [CMS-concurrent-abortable-preclean-start]
2023-01-17T04:32:16.142+0800: 146.050: [CMS-concurrent-abortable-preclean: 0.000/0.000 secs] [Times: user=0.00 sys=0.00, real=0.00 secs] 
2023-01-17T04:32:16.146+0800: 146.054: [GC (CMS Final Remark) [YG occupancy: 69747 K (115200 K)]2023-01-17T04:32:16.146+0800: 146.054: [Rescan (parallel) , 0.0213288 secs]2023-01-17T04:32:16.168+0800: 146.076: [weak refs processing, 0.0000442 secs]2023-01-17T04:32:16.168+0800: 146.076: [class unloading, 0.0141614 secs]2023-01-17T04:32:16.182+0800: 146.090: [scrub symbol table, 0.0051599 secs]2023-01-17T04:32:16.187+0800: 146.095: [scrub string table, 0.0008935 secs][1 CMS-remark: 134143K(134144K)] 203891K(249344K), 0.0418084 secs] [Times: user=0.11 sys=0.00, real=0.04 secs] 
2023-01-17T04:32:16.189+0800: 146.096: [CMS-concurrent-sweep-start]
2023-01-17T04:32:16.209+0800: 146.117: [CMS-concurrent-sweep: 0.020/0.020 secs] [Times: user=0.05 sys=0.01, real=0.02 secs] 
2023-01-17T04:32:16.209+0800: 146.117: [CMS-concurrent-reset-start]
2023-01-17T04:32:16.209+0800: 146.117: [CMS-concurrent-reset: 0.000/0.000 secs] [Times: user=0.01 sys=0.00, real=0.00 secs] 
{Heap before GC invocations=210 (full 157):
 par new generation   total 115200K, used 115199K [0x00000000f0000000, 0x00000000f7d00000, 0x00000000f7d00000)
  eden space 102400K, 100% used [0x00000000f0000000, 0x00000000f6400000, 0x00000000f6400000)
  from space 12800K,  99% used [0x00000000f7080000, 0x00000000f7cffff8, 0x00000000f7d00000)
  to   space 12800K,   0% used [0x00000000f6400000, 0x00000000f6400000, 0x00000000f7080000)
 concurrent mark-sweep generation total 134144K, used 134092K [0x00000000f7d00000, 0x0000000100000000, 0x0000000100000000)
 Metaspace       used 51964K, capacity 54794K, committed 55680K, reserved 1097728K
  class space    used 6332K, capacity 6829K, committed 7040K, reserved 1048576K
2023-01-17T04:32:16.550+0800: 146.458: [GC (Allocation Failure) 2023-01-17T04:32:16.551+0800: 146.458: [ParNew: 115199K->115199K(115200K), 0.0000302 secs]2023-01-17T04:32:16.551+0800: 146.458: [CMS: 134092K->134144K(134144K), 0.2040266 secs] 249292K->140371K(249344K), [Metaspace: 51964K->51964K(1097728K)], 0.2044572 secs] [Times: user=0.21 sys=0.00, real=0.20 secs] 
Heap after GC invocations=211 (full 158):
 par new generation   total 115200K, used 6227K [0x00000000f0000000, 0x00000000f7d00000, 0x00000000f7d00000)
  eden space 102400K,   6% used [0x00000000f0000000, 0x00000000f0614d88, 0x00000000f6400000)
  from space 12800K,   0% used [0x00000000f7080000, 0x00000000f7080000, 0x00000000f7d00000)
  to   space 12800K,   0% used [0x00000000f6400000, 0x00000000f6400000, 0x00000000f7080000)
 concurrent mark-sweep generation total 134144K, used 134144K [0x00000000f7d00000, 0x0000000100000000, 0x0000000100000000)
 Metaspace       used 51964K, capacity 54794K, committed 55680K, reserved 1097728K
  class space    used 6332K, capacity 6829K, committed 7040K, reserved 1048576K
}
2023-01-17T04:32:16.759+0800: 146.667: [GC (CMS Initial Mark) [1 CMS-initial-mark: 134144K(134144K)] 140803K(249344K), 0.0044901 secs] [Times: user=0.02 sys=0.00, real=0.01 secs] 
2023-01-17T04:32:16.764+0800: 146.672: [CMS-concurrent-mark-start]
2023-01-17T04:32:16.831+0800: 146.739: [CMS-concurrent-mark: 0.067/0.067 secs] [Times: user=0.20 sys=0.02, real=0.07 secs] 
2023-01-17T04:32:16.831+0800: 146.739: [CMS-concurrent-preclean-start]
2023-01-17T04:32:16.874+0800: 146.782: [CMS-concurrent-preclean: 0.043/0.043 secs] [Times: user=0.13 sys=0.02, real=0.04 secs] 
2023-01-17T04:32:16.874+0800: 146.782: [CMS-concurrent-abortable-preclean-start]
2023-01-17T04:32:16.874+0800: 146.782: [CMS-concurrent-abortable-preclean: 0.000/0.000 secs] [Times: user=0.00 sys=0.00, real=0.00 secs] 
2023-01-17T04:32:16.879+0800: 146.787: [GC (CMS Final Remark) [YG occupancy: 71119 K (115200 K)]2023-01-17T04:32:16.879+0800: 146.787: [Rescan (parallel) , 0.0216840 secs]2023-01-17T04:32:16.901+0800: 146.808: [weak refs processing, 0.0000496 secs]2023-01-17T04:32:16.901+0800: 146.808: [class unloading, 0.0139725 secs]2023-01-17T04:32:16.915+0800: 146.822: [scrub symbol table, 0.0051761 secs]2023-01-17T04:32:16.920+0800: 146.828: [scrub string table, 0.0010052 secs][1 CMS-remark: 134144K(134144K)] 205263K(249344K), 0.0421429 secs] [Times: user=0.10 sys=0.00, real=0.05 secs] 
2023-01-17T04:32:16.922+0800: 146.829: [CMS-concurrent-sweep-start]
2023-01-17T04:32:16.938+0800: 146.846: [CMS-concurrent-sweep: 0.017/0.017 secs] [Times: user=0.03 sys=0.00, real=0.01 secs] 
2023-01-17T04:32:16.939+0800: 146.846: [CMS-concurrent-reset-start]
2023-01-17T04:32:16.939+0800: 146.847: [CMS-concurrent-reset: 0.000/0.000 secs] [Times: user=0.00 sys=0.00, real=0.00 secs] 
{Heap before GC invocations=211 (full 159):
 par new generation   total 115200K, used 115200K [0x00000000f0000000, 0x00000000f7d00000, 0x00000000f7d00000)
  eden space 102400K, 100% used [0x00000000f0000000, 0x00000000f6400000, 0x00000000f6400000)
  from space 12800K, 100% used [0x00000000f7080000, 0x00000000f7d00000, 0x00000000f7d00000)
  to   space 12800K,   0% used [0x00000000f6400000, 0x00000000f6400000, 0x00000000f7080000)
 concurrent mark-sweep generation total 134144K, used 133981K [0x00000000f7d00000, 0x0000000100000000, 0x0000000100000000)
 Metaspace       used 51964K, capacity 54794K, committed 55680K, reserved 1097728K
  class space    used 6332K, capacity 6829K, committed 7040K, reserved 1048576K
2023-01-17T04:32:17.282+0800: 147.190: [GC (Allocation Failure) 2023-01-17T04:32:17.282+0800: 147.190: [ParNew: 115200K->115200K(115200K), 0.0000269 secs]2023-01-17T04:32:17.282+0800: 147.190: [CMS: 133981K->134143K(134144K), 0.2073541 secs] 249181K->140378K(249344K), [Metaspace: 51964K->51964K(1097728K)], 0.2077724 secs] [Times: user=0.21 sys=0.01, real=0.21 secs] 
Heap after GC invocations=212 (full 160):
 par new generation   total 115200K, used 6234K [0x00000000f0000000, 0x00000000f7d00000, 0x00000000f7d00000)
  eden space 102400K,   6% used [0x00000000f0000000, 0x00000000f0616998, 0x00000000f6400000)
  from space 12800K,   0% used [0x00000000f7080000, 0x00000000f7080000, 0x00000000f7d00000)
  to   space 12800K,   0% used [0x00000000f6400000, 0x00000000f6400000, 0x00000000f7080000)
 concurrent mark-sweep generation total 134144K, used 134143K [0x00000000f7d00000, 0x0000000100000000, 0x0000000100000000)
 Metaspace       used 51964K, capacity 54794K, committed 55680K, reserved 1097728K
  class space    used 6332K, capacity 6829K, committed 7040K, reserved 1048576K
}
2023-01-17T04:32:17.494+0800: 147.401: [GC (CMS Initial Mark) [1 CMS-initial-mark: 134143K(134144K)] 140387K(249344K), 0.0046858 secs] [Times: user=0.02 sys=0.00, real=0.00 secs] 
2023-01-17T04:32:17.499+0800: 147.406: [CMS-concurrent-mark-start]
2023-01-17T04:32:17.560+0800: 147.468: [CMS-concurrent-mark: 0.061/0.061 secs] [Times: user=0.14 sys=0.01, real=0.07 secs] 
2023-01-17T04:32:17.560+0800: 147.468: [CMS-concurrent-preclean-start]
2023-01-17T04:32:17.606+0800: 147.513: [CMS-concurrent-preclean: 0.045/0.045 secs] [Times: user=0.09 sys=0.04, real=0.04 secs] 
2023-01-17T04:32:17.606+0800: 147.514: [CMS-concurrent-abortable-preclean-start]
2023-01-17T04:32:17.606+0800: 147.514: [CMS-concurrent-abortable-preclean: 0.000/0.000 secs] [Times: user=0.00 sys=0.00, real=0.00 secs] 
2023-01-17T04:32:17.718+0800: 147.625: [GC (CMS Final Remark) [YG occupancy: 107721 K (115200 K)]2023-01-17T04:32:17.718+0800: 147.626: [Rescan (parallel) , 0.0315669 secs]2023-01-17T04:32:17.749+0800: 147.657: [weak refs processing, 0.0000559 secs]2023-01-17T04:32:17.750+0800: 147.657: [class unloading, 0.0136574 secs]2023-01-17T04:32:17.763+0800: 147.671: [scrub symbol table, 0.0051892 secs]2023-01-17T04:32:17.768+0800: 147.676: [scrub string table, 0.0008765 secs][1 CMS-remark: 134143K(134144K)] 241865K(249344K), 0.0516095 secs] [Times: user=0.14 sys=0.00, real=0.05 secs] 
2023-01-17T04:32:17.771+0800: 147.679: [CMS-concurrent-sweep-start]
2023-01-17T04:32:17.790+0800: 147.698: [CMS-concurrent-sweep: 0.019/0.019 secs] [Times: user=0.05 sys=0.00, real=0.02 secs] 
2023-01-17T04:32:17.791+0800: 147.699: [CMS-concurrent-reset-start]
2023-01-17T04:32:17.791+0800: 147.699: [CMS-concurrent-reset: 0.000/0.000 secs] [Times: user=0.00 sys=0.00, real=0.00 secs] 
{Heap before GC invocations=212 (full 161):
 par new generation   total 115200K, used 115199K [0x00000000f0000000, 0x00000000f7d00000, 0x00000000f7d00000)
  eden space 102400K, 100% used [0x00000000f0000000, 0x00000000f6400000, 0x00000000f6400000)
  from space 12800K,  99% used [0x00000000f7080000, 0x00000000f7cfffe8, 0x00000000f7d00000)
  to   space 12800K,   0% used [0x00000000f6400000, 0x00000000f6400000, 0x00000000f7080000)
 concurrent mark-sweep generation total 134144K, used 134103K [0x00000000f7d00000, 0x0000000100000000, 0x0000000100000000)
 Metaspace       used 51964K, capacity 54794K, committed 55680K, reserved 1097728K
  class space    used 6332K, capacity 6829K, committed 7040K, reserved 1048576K
2023-01-17T04:32:18.016+0800: 147.923: [GC (Allocation Failure) 2023-01-17T04:32:18.016+0800: 147.924: [ParNew: 115199K->115199K(115200K), 0.0000281 secs]2023-01-17T04:32:18.016+0800: 147.924: [CMS: 134103K->134143K(134144K), 0.2050384 secs] 249303K->140403K(249344K), [Metaspace: 51964K->51964K(1097728K)], 0.2054807 secs] [Times: user=0.20 sys=0.00, real=0.21 secs] 
Heap after GC invocations=213 (full 162):
 par new generation   total 115200K, used 6259K [0x00000000f0000000, 0x00000000f7d00000, 0x00000000f7d00000)
  eden space 102400K,   6% used [0x00000000f0000000, 0x00000000f061cd38, 0x00000000f6400000)
  from space 12800K,   0% used [0x00000000f7080000, 0x00000000f7080000, 0x00000000f7d00000)
  to   space 12800K,   0% used [0x00000000f6400000, 0x00000000f6400000, 0x00000000f7080000)
 concurrent mark-sweep generation total 134144K, used 134143K [0x00000000f7d00000, 0x0000000100000000, 0x0000000100000000)
 Metaspace       used 51964K, capacity 54794K, committed 55680K, reserved 1097728K
  class space    used 6332K, capacity 6829K, committed 7040K, reserved 1048576K
}
2023-01-17T04:32:18.227+0800: 148.134: [GC (CMS Initial Mark) [1 CMS-initial-mark: 134143K(134144K)] 141066K(249344K), 0.0060450 secs] [Times: user=0.02 sys=0.00, real=0.01 secs] 
2023-01-17T04:32:18.233+0800: 148.141: [CMS-concurrent-mark-start]
2023-01-17T04:32:18.301+0800: 148.209: [CMS-concurrent-mark: 0.068/0.068 secs] [Times: user=0.17 sys=0.01, real=0.07 secs] 
2023-01-17T04:32:18.301+0800: 148.209: [CMS-concurrent-preclean-start]
2023-01-17T04:32:18.346+0800: 148.254: [CMS-concurrent-preclean: 0.045/0.045 secs] [Times: user=0.10 sys=0.02, real=0.04 secs] 
2023-01-17T04:32:18.346+0800: 148.254: [CMS-concurrent-abortable-preclean-start]
2023-01-17T04:32:18.346+0800: 148.254: [CMS-concurrent-abortable-preclean: 0.000/0.000 secs] [Times: user=0.00 sys=0.00, real=0.00 secs] 
2023-01-17T04:32:18.352+0800: 148.259: [GC (CMS Final Remark) [YG occupancy: 55162 K (115200 K)]2023-01-17T04:32:18.352+0800: 148.260: [Rescan (parallel) , 0.0227268 secs]2023-01-17T04:32:18.375+0800: 148.282: [weak refs processing, 0.0000444 secs]2023-01-17T04:32:18.375+0800: 148.282: [class unloading, 0.0134954 secs]2023-01-17T04:32:18.388+0800: 148.296: [scrub symbol table, 0.0052530 secs]2023-01-17T04:32:18.393+0800: 148.301: [scrub string table, 0.0008879 secs][1 CMS-remark: 134143K(134144K)] 189306K(249344K), 0.0426271 secs] [Times: user=0.08 sys=0.00, real=0.04 secs] 
2023-01-17T04:32:18.395+0800: 148.302: [CMS-concurrent-sweep-start]
2023-01-17T04:32:18.414+0800: 148.322: [CMS-concurrent-sweep: 0.020/0.020 secs] [Times: user=0.06 sys=0.00, real=0.02 secs] 
2023-01-17T04:32:18.415+0800: 148.322: [CMS-concurrent-reset-start]
2023-01-17T04:32:18.415+0800: 148.323: [CMS-concurrent-reset: 0.000/0.000 secs] [Times: user=0.00 sys=0.00, real=0.00 secs] 
{Heap before GC invocations=213 (full 163):
 par new generation   total 115200K, used 115200K [0x00000000f0000000, 0x00000000f7d00000, 0x00000000f7d00000)
  eden space 102400K, 100% used [0x00000000f0000000, 0x00000000f6400000, 0x00000000f6400000)
  from space 12800K, 100% used [0x00000000f7080000, 0x00000000f7d00000, 0x00000000f7d00000)
  to   space 12800K,   0% used [0x00000000f6400000, 0x00000000f6400000, 0x00000000f7080000)
 concurrent mark-sweep generation total 134144K, used 134108K [0x00000000f7d00000, 0x0000000100000000, 0x0000000100000000)
 Metaspace       used 51964K, capacity 54794K, committed 55680K, reserved 1097728K
  class space    used 6332K, capacity 6829K, committed 7040K, reserved 1048576K
2023-01-17T04:32:18.758+0800: 148.666: [GC (Allocation Failure) 2023-01-17T04:32:18.759+0800: 148.667: [ParNew: 115200K->115200K(115200K), 0.0000409 secs]2023-01-17T04:32:18.759+0800: 148.667: [CMS: 134108K->134143K(134144K), 0.2052638 secs] 249308K->140299K(249344K), [Metaspace: 51964K->51964K(1097728K)], 0.2057919 secs] [Times: user=0.21 sys=0.00, real=0.21 secs] 
Heap after GC invocations=214 (full 164):
 par new generation   total 115200K, used 6155K [0x00000000f0000000, 0x00000000f7d00000, 0x00000000f7d00000)
  eden space 102400K,   6% used [0x00000000f0000000, 0x00000000f0602f00, 0x00000000f6400000)
  from space 12800K,   0% used [0x00000000f7080000, 0x00000000f7080000, 0x00000000f7d00000)
  to   space 12800K,   0% used [0x00000000f6400000, 0x00000000f6400000, 0x00000000f7080000)
 concurrent mark-sweep generation total 134144K, used 134143K [0x00000000f7d00000, 0x0000000100000000, 0x0000000100000000)
 Metaspace       used 51964K, capacity 54794K, committed 55680K, reserved 1097728K
  class space    used 6332K, capacity 6829K, committed 7040K, reserved 1048576K
}
2023-01-17T04:32:18.974+0800: 148.881: [GC (CMS Initial Mark) [1 CMS-initial-mark: 134143K(134144K)] 145054K(249344K), 0.0056173 secs] [Times: user=0.02 sys=0.00, real=0.00 secs] 
2023-01-17T04:32:18.980+0800: 148.887: [CMS-concurrent-mark-start]
2023-01-17T04:32:19.046+0800: 148.954: [CMS-concurrent-mark: 0.067/0.067 secs] [Times: user=0.17 sys=0.03, real=0.06 secs] 
2023-01-17T04:32:19.047+0800: 148.955: [CMS-concurrent-preclean-start]
2023-01-17T04:32:19.083+0800: 148.991: [CMS-concurrent-preclean: 0.036/0.036 secs] [Times: user=0.06 sys=0.00, real=0.04 secs] 
2023-01-17T04:32:19.083+0800: 148.991: [CMS-concurrent-abortable-preclean-start]
2023-01-17T04:32:19.083+0800: 148.991: [CMS-concurrent-abortable-preclean: 0.000/0.000 secs] [Times: user=0.00 sys=0.00, real=0.00 secs] 
2023-01-17T04:32:19.087+0800: 148.995: [GC (CMS Final Remark) [YG occupancy: 49736 K (115200 K)]2023-01-17T04:32:19.087+0800: 148.995: [Rescan (parallel) , 0.0150717 secs]2023-01-17T04:32:19.102+0800: 149.010: [weak refs processing, 0.0000399 secs]2023-01-17T04:32:19.102+0800: 149.010: [class unloading, 0.0133240 secs]2023-01-17T04:32:19.116+0800: 149.024: [scrub symbol table, 0.0051685 secs]2023-01-17T04:32:19.121+0800: 149.029: [scrub string table, 0.0008965 secs][1 CMS-remark: 134143K(134144K)] 183880K(249344K), 0.0346794 secs] [Times: user=0.08 sys=0.00, real=0.04 secs] 
2023-01-17T04:32:19.123+0800: 149.031: [CMS-concurrent-sweep-start]
2023-01-17T04:32:19.143+0800: 149.051: [CMS-concurrent-sweep: 0.020/0.020 secs] [Times: user=0.06 sys=0.01, real=0.02 secs] 
2023-01-17T04:32:19.143+0800: 149.051: [CMS-concurrent-reset-start]
2023-01-17T04:32:19.144+0800: 149.051: [CMS-concurrent-reset: 0.000/0.000 secs] [Times: user=0.01 sys=0.00, real=0.00 secs] 
{Heap before GC invocations=214 (full 165):
 par new generation   total 115200K, used 115199K [0x00000000f0000000, 0x00000000f7d00000, 0x00000000f7d00000)
  eden space 102400K, 100% used [0x00000000f0000000, 0x00000000f6400000, 0x00000000f6400000)
  from space 12800K,  99% used [0x00000000f7080000, 0x00000000f7cfffe8, 0x00000000f7d00000)
  to   space 12800K,   0% used [0x00000000f6400000, 0x00000000f6400000, 0x00000000f7080000)
 concurrent mark-sweep generation total 134144K, used 134096K [0x00000000f7d00000, 0x0000000100000000, 0x0000000100000000)
 Metaspace       used 51964K, capacity 54794K, committed 55680K, reserved 1097728K
  class space    used 6332K, capacity 6829K, committed 7040K, reserved 1048576K
2023-01-17T04:32:19.500+0800: 149.408: [GC (Allocation Failure) 2023-01-17T04:32:19.501+0800: 149.408: [ParNew: 115199K->115199K(115200K), 0.0000334 secs]2023-01-17T04:32:19.501+0800: 149.408: [CMS: 134096K->134143K(134144K), 0.2270543 secs] 249296K->140331K(249344K), [Metaspace: 51964K->51964K(1097728K)], 0.2275796 secs] [Times: user=0.23 sys=0.00, real=0.22 secs] 
Heap after GC invocations=215 (full 166):
 par new generation   total 115200K, used 6187K [0x00000000f0000000, 0x00000000f7d00000, 0x00000000f7d00000)
  eden space 102400K,   6% used [0x00000000f0000000, 0x00000000f060af68, 0x00000000f6400000)
  from space 12800K,   0% used [0x00000000f7080000, 0x00000000f7080000, 0x00000000f7d00000)
  to   space 12800K,   0% used [0x00000000f6400000, 0x00000000f6400000, 0x00000000f7080000)
 concurrent mark-sweep generation total 134144K, used 134143K [0x00000000f7d00000, 0x0000000100000000, 0x0000000100000000)
 Metaspace       used 51964K, capacity 54794K, committed 55680K, reserved 1097728K
  class space    used 6332K, capacity 6829K, committed 7040K, reserved 1048576K
}
2023-01-17T04:32:19.733+0800: 149.641: [GC (CMS Initial Mark) [1 CMS-initial-mark: 134143K(134144K)] 140870K(249344K), 0.0047533 secs] [Times: user=0.02 sys=0.00, real=0.00 secs] 
2023-01-17T04:32:19.738+0800: 149.646: [CMS-concurrent-mark-start]
2023-01-17T04:32:19.811+0800: 149.718: [CMS-concurrent-mark: 0.073/0.073 secs] [Times: user=0.18 sys=0.05, real=0.08 secs] 
2023-01-17T04:32:19.811+0800: 149.719: [CMS-concurrent-preclean-start]
2023-01-17T04:32:19.852+0800: 149.760: [CMS-concurrent-preclean: 0.041/0.041 secs] [Times: user=0.10 sys=0.01, real=0.04 secs] 
2023-01-17T04:32:19.853+0800: 149.760: [CMS-concurrent-abortable-preclean-start]
2023-01-17T04:32:19.853+0800: 149.760: [CMS-concurrent-abortable-preclean: 0.000/0.000 secs] [Times: user=0.00 sys=0.00, real=0.00 secs] 
2023-01-17T04:32:19.857+0800: 149.764: [GC (CMS Final Remark) [YG occupancy: 50216 K (115200 K)]2023-01-17T04:32:19.857+0800: 149.765: [Rescan (parallel) , 0.0151592 secs]2023-01-17T04:32:19.872+0800: 149.780: [weak refs processing, 0.0000433 secs]2023-01-17T04:32:19.872+0800: 149.780: [class unloading, 0.0132980 secs]2023-01-17T04:32:19.885+0800: 149.793: [scrub symbol table, 0.0051800 secs]2023-01-17T04:32:19.891+0800: 149.798: [scrub string table, 0.0008639 secs][1 CMS-remark: 134143K(134144K)] 184359K(249344K), 0.0347306 secs] [Times: user=0.08 sys=0.00, real=0.04 secs] 
2023-01-17T04:32:19.892+0800: 149.800: [CMS-concurrent-sweep-start]
2023-01-17T04:32:19.911+0800: 149.819: [CMS-concurrent-sweep: 0.019/0.019 secs] [Times: user=0.06 sys=0.01, real=0.02 secs] 
2023-01-17T04:32:19.911+0800: 149.819: [CMS-concurrent-reset-start]
2023-01-17T04:32:19.912+0800: 149.819: [CMS-concurrent-reset: 0.000/0.000 secs] [Times: user=0.00 sys=0.00, real=0.00 secs] 
{Heap before GC invocations=215 (full 167):
 par new generation   total 115200K, used 115200K [0x00000000f0000000, 0x00000000f7d00000, 0x00000000f7d00000)
  eden space 102400K, 100% used [0x00000000f0000000, 0x00000000f6400000, 0x00000000f6400000)
  from space 12800K, 100% used [0x00000000f7080000, 0x00000000f7d00000, 0x00000000f7d00000)
  to   space 12800K,   0% used [0x00000000f6400000, 0x00000000f6400000, 0x00000000f7080000)
 concurrent mark-sweep generation total 134144K, used 134099K [0x00000000f7d00000, 0x0000000100000000, 0x0000000100000000)
 Metaspace       used 51964K, capacity 54794K, committed 55680K, reserved 1097728K
  class space    used 6332K, capacity 6829K, committed 7040K, reserved 1048576K
2023-01-17T04:32:20.261+0800: 150.169: [GC (Allocation Failure) 2023-01-17T04:32:20.261+0800: 150.169: [ParNew: 115200K->115200K(115200K), 0.0000264 secs]2023-01-17T04:32:20.261+0800: 150.169: [CMS: 134099K->134143K(134144K), 0.2058039 secs] 249299K->140229K(249344K), [Metaspace: 51964K->51964K(1097728K)], 0.2062262 secs] [Times: user=0.21 sys=0.00, real=0.20 secs] 
Heap after GC invocations=216 (full 168):
 par new generation   total 115200K, used 6085K [0x00000000f0000000, 0x00000000f7d00000, 0x00000000f7d00000)
  eden space 102400K,   5% used [0x00000000f0000000, 0x00000000f05f1698, 0x00000000f6400000)
  from space 12800K,   0% used [0x00000000f7080000, 0x00000000f7080000, 0x00000000f7d00000)
  to   space 12800K,   0% used [0x00000000f6400000, 0x00000000f6400000, 0x00000000f7080000)
 concurrent mark-sweep generation total 134144K, used 134143K [0x00000000f7d00000, 0x0000000100000000, 0x0000000100000000)
 Metaspace       used 51964K, capacity 54794K, committed 55680K, reserved 1097728K
  class space    used 6332K, capacity 6829K, committed 7040K, reserved 1048576K
}
2023-01-17T04:32:20.473+0800: 150.381: [GC (CMS Initial Mark) [1 CMS-initial-mark: 134143K(134144K)] 142087K(249344K), 0.0050189 secs] [Times: user=0.02 sys=0.00, real=0.00 secs] 
2023-01-17T04:32:20.479+0800: 150.386: [CMS-concurrent-mark-start]
2023-01-17T04:32:20.560+0800: 150.468: [CMS-concurrent-mark: 0.082/0.082 secs] [Times: user=0.25 sys=0.05, real=0.09 secs] 
2023-01-17T04:32:20.560+0800: 150.468: [CMS-concurrent-preclean-start]
2023-01-17T04:32:20.607+0800: 150.515: [CMS-concurrent-preclean: 0.047/0.047 secs] [Times: user=0.16 sys=0.02, real=0.04 secs] 
2023-01-17T04:32:20.607+0800: 150.515: [CMS-concurrent-abortable-preclean-start]
2023-01-17T04:32:20.607+0800: 150.515: [CMS-concurrent-abortable-preclean: 0.000/0.000 secs] [Times: user=0.00 sys=0.00, real=0.00 secs] 
2023-01-17T04:32:20.611+0800: 150.519: [GC (CMS Final Remark) [YG occupancy: 95676 K (115200 K)]2023-01-17T04:32:20.611+0800: 150.519: [Rescan (parallel) , 0.0435688 secs]2023-01-17T04:32:20.655+0800: 150.563: [weak refs processing, 0.0000431 secs]2023-01-17T04:32:20.655+0800: 150.563: [class unloading, 0.0134523 secs]2023-01-17T04:32:20.668+0800: 150.576: [scrub symbol table, 0.0051466 secs]2023-01-17T04:32:20.674+0800: 150.581: [scrub string table, 0.0008695 secs][1 CMS-remark: 134143K(134144K)] 229820K(249344K), 0.0632829 secs] [Times: user=0.17 sys=0.00, real=0.06 secs] 
2023-01-17T04:32:20.675+0800: 150.583: [CMS-concurrent-sweep-start]
2023-01-17T04:32:20.694+0800: 150.601: [CMS-concurrent-sweep: 0.019/0.019 secs] [Times: user=0.05 sys=0.01, real=0.02 secs] 
2023-01-17T04:32:20.694+0800: 150.602: [CMS-concurrent-reset-start]
2023-01-17T04:32:20.694+0800: 150.602: [CMS-concurrent-reset: 0.000/0.000 secs] [Times: user=0.00 sys=0.00, real=0.00 secs] 
{Heap before GC invocations=216 (full 169):
 par new generation   total 115200K, used 115200K [0x00000000f0000000, 0x00000000f7d00000, 0x00000000f7d00000)
  eden space 102400K, 100% used [0x00000000f0000000, 0x00000000f6400000, 0x00000000f6400000)
  from space 12800K, 100% used [0x00000000f7080000, 0x00000000f7d00000, 0x00000000f7d00000)
  to   space 12800K,   0% used [0x00000000f6400000, 0x00000000f6400000, 0x00000000f7080000)
 concurrent mark-sweep generation total 134144K, used 134062K [0x00000000f7d00000, 0x0000000100000000, 0x0000000100000000)
 Metaspace       used 51964K, capacity 54794K, committed 55680K, reserved 1097728K
  class space    used 6332K, capacity 6829K, committed 7040K, reserved 1048576K
2023-01-17T04:32:21.015+0800: 150.923: [GC (Allocation Failure) 2023-01-17T04:32:21.015+0800: 150.923: [ParNew: 115200K->115200K(115200K), 0.0000279 secs]2023-01-17T04:32:21.015+0800: 150.923: [CMS: 134062K->134143K(134144K), 0.1909790 secs] 249262K->140169K(249344K), [Metaspace: 51964K->51964K(1097728K)], 0.1913970 secs] [Times: user=0.20 sys=0.00, real=0.19 secs] 
Heap after GC invocations=217 (full 170):
 par new generation   total 115200K, used 6026K [0x00000000f0000000, 0x00000000f7d00000, 0x00000000f7d00000)
  eden space 102400K,   5% used [0x00000000f0000000, 0x00000000f05e2800, 0x00000000f6400000)
  from space 12800K,   0% used [0x00000000f7080000, 0x00000000f7080000, 0x00000000f7d00000)
  to   space 12800K,   0% used [0x00000000f6400000, 0x00000000f6400000, 0x00000000f7080000)
 concurrent mark-sweep generation total 134144K, used 134143K [0x00000000f7d00000, 0x0000000100000000, 0x0000000100000000)
 Metaspace       used 51964K, capacity 54794K, committed 55680K, reserved 1097728K
  class space    used 6332K, capacity 6829K, committed 7040K, reserved 1048576K
}
2023-01-17T04:32:21.220+0800: 151.128: [GC (CMS Initial Mark) [1 CMS-initial-mark: 134143K(134144K)] 148131K(249344K), 0.0066041 secs] [Times: user=0.02 sys=0.00, real=0.00 secs] 
2023-01-17T04:32:21.227+0800: 151.135: [CMS-concurrent-mark-start]
2023-01-17T04:32:21.289+0800: 151.197: [CMS-concurrent-mark: 0.062/0.062 secs] [Times: user=0.14 sys=0.02, real=0.06 secs] 
2023-01-17T04:32:21.289+0800: 151.197: [CMS-concurrent-preclean-start]
2023-01-17T04:32:21.335+0800: 151.243: [CMS-concurrent-preclean: 0.046/0.046 secs] [Times: user=0.11 sys=0.01, real=0.05 secs] 
2023-01-17T04:32:21.335+0800: 151.243: [CMS-concurrent-abortable-preclean-start]
2023-01-17T04:32:21.335+0800: 151.243: [CMS-concurrent-abortable-preclean: 0.000/0.000 secs] [Times: user=0.00 sys=0.00, real=0.00 secs] 
2023-01-17T04:32:21.341+0800: 151.248: [GC (CMS Final Remark) [YG occupancy: 60592 K (115200 K)]2023-01-17T04:32:21.341+0800: 151.249: [Rescan (parallel) , 0.0183716 secs]2023-01-17T04:32:21.359+0800: 151.267: [weak refs processing, 0.0000488 secs]2023-01-17T04:32:21.359+0800: 151.267: [class unloading, 0.0138006 secs]2023-01-17T04:32:21.373+0800: 151.281: [scrub symbol table, 0.0053442 secs]2023-01-17T04:32:21.378+0800: 151.286: [scrub string table, 0.0008989 secs][1 CMS-remark: 134143K(134144K)] 194736K(249344K), 0.0386940 secs] [Times: user=0.09 sys=0.00, real=0.03 secs] 
2023-01-17T04:32:21.380+0800: 151.288: [CMS-concurrent-sweep-start]
2023-01-17T04:32:21.402+0800: 151.310: [CMS-concurrent-sweep: 0.021/0.021 secs] [Times: user=0.07 sys=0.01, real=0.02 secs] 
2023-01-17T04:32:21.402+0800: 151.310: [CMS-concurrent-reset-start]
2023-01-17T04:32:21.402+0800: 151.310: [CMS-concurrent-reset: 0.000/0.000 secs] [Times: user=0.00 sys=0.00, real=0.00 secs] 
{Heap before GC invocations=217 (full 171):
 par new generation   total 115200K, used 115198K [0x00000000f0000000, 0x00000000f7d00000, 0x00000000f7d00000)
  eden space 102400K, 100% used [0x00000000f0000000, 0x00000000f6400000, 0x00000000f6400000)
  from space 12800K,  99% used [0x00000000f7080000, 0x00000000f7cffa48, 0x00000000f7d00000)
  to   space 12800K,   0% used [0x00000000f6400000, 0x00000000f6400000, 0x00000000f7080000)
 concurrent mark-sweep generation total 134144K, used 134003K [0x00000000f7d00000, 0x0000000100000000, 0x0000000100000000)
 Metaspace       used 51964K, capacity 54794K, committed 55680K, reserved 1097728K
  class space    used 6332K, capacity 6829K, committed 7040K, reserved 1048576K
2023-01-17T04:32:21.749+0800: 151.657: [GC (Allocation Failure) 2023-01-17T04:32:21.749+0800: 151.657: [ParNew: 115198K->115198K(115200K), 0.0000290 secs]2023-01-17T04:32:21.749+0800: 151.657: [CMS: 134003K->134143K(134144K), 0.2066516 secs] 249202K->140347K(249344K), [Metaspace: 51964K->51964K(1097728K)], 0.2070777 secs] [Times: user=0.21 sys=0.00, real=0.21 secs] 
Heap after GC invocations=218 (full 172):
 par new generation   total 115200K, used 6204K [0x00000000f0000000, 0x00000000f7d00000, 0x00000000f7d00000)
  eden space 102400K,   6% used [0x00000000f0000000, 0x00000000f060f008, 0x00000000f6400000)
  from space 12800K,   0% used [0x00000000f7080000, 0x00000000f7080000, 0x00000000f7d00000)
  to   space 12800K,   0% used [0x00000000f6400000, 0x00000000f6400000, 0x00000000f7080000)
 concurrent mark-sweep generation total 134144K, used 134143K [0x00000000f7d00000, 0x0000000100000000, 0x0000000100000000)
 Metaspace       used 51964K, capacity 54794K, committed 55680K, reserved 1097728K
  class space    used 6332K, capacity 6829K, committed 7040K, reserved 1048576K
}
2023-01-17T04:32:21.965+0800: 151.873: [GC (CMS Initial Mark) [1 CMS-initial-mark: 134143K(134144K)] 143696K(249344K), 0.0069656 secs] [Times: user=0.02 sys=0.00, real=0.01 secs] 
2023-01-17T04:32:21.972+0800: 151.880: [CMS-concurrent-mark-start]
2023-01-17T04:32:22.064+0800: 151.972: [CMS-concurrent-mark: 0.092/0.092 secs] [Times: user=0.21 sys=0.02, real=0.09 secs] 
2023-01-17T04:32:22.065+0800: 151.972: [CMS-concurrent-preclean-start]
2023-01-17T04:32:22.108+0800: 152.016: [CMS-concurrent-preclean: 0.044/0.044 secs] [Times: user=0.09 sys=0.01, real=0.04 secs] 
2023-01-17T04:32:22.108+0800: 152.016: [CMS-concurrent-abortable-preclean-start]
2023-01-17T04:32:22.108+0800: 152.016: [CMS-concurrent-abortable-preclean: 0.000/0.000 secs] [Times: user=0.00 sys=0.00, real=0.00 secs] 
2023-01-17T04:32:22.113+0800: 152.021: [GC (CMS Final Remark) [YG occupancy: 66050 K (115200 K)]2023-01-17T04:32:22.113+0800: 152.021: [Rescan (parallel) , 0.0188814 secs]2023-01-17T04:32:22.132+0800: 152.040: [weak refs processing, 0.0000482 secs]2023-01-17T04:32:22.132+0800: 152.040: [class unloading, 0.0134663 secs]2023-01-17T04:32:22.145+0800: 152.053: [scrub symbol table, 0.0052249 secs]2023-01-17T04:32:22.151+0800: 152.058: [scrub string table, 0.0008693 secs][1 CMS-remark: 134143K(134144K)] 200194K(249344K), 0.0387024 secs] [Times: user=0.09 sys=0.00, real=0.04 secs] 
2023-01-17T04:32:22.152+0800: 152.060: [CMS-concurrent-sweep-start]
2023-01-17T04:32:22.174+0800: 152.081: [CMS-concurrent-sweep: 0.022/0.022 secs] [Times: user=0.07 sys=0.01, real=0.02 secs] 
2023-01-17T04:32:22.174+0800: 152.082: [CMS-concurrent-reset-start]
2023-01-17T04:32:22.174+0800: 152.082: [CMS-concurrent-reset: 0.000/0.000 secs] [Times: user=0.00 sys=0.00, real=0.00 secs] 
{Heap before GC invocations=218 (full 173):
 par new generation   total 115200K, used 115199K [0x00000000f0000000, 0x00000000f7d00000, 0x00000000f7d00000)
  eden space 102400K, 100% used [0x00000000f0000000, 0x00000000f6400000, 0x00000000f6400000)
  from space 12800K,  99% used [0x00000000f7080000, 0x00000000f7cffff8, 0x00000000f7d00000)
  to   space 12800K,   0% used [0x00000000f6400000, 0x00000000f6400000, 0x00000000f7080000)
 concurrent mark-sweep generation total 134144K, used 134092K [0x00000000f7d00000, 0x0000000100000000, 0x0000000100000000)
 Metaspace       used 51964K, capacity 54794K, committed 55680K, reserved 1097728K
  class space    used 6332K, capacity 6829K, committed 7040K, reserved 1048576K
2023-01-17T04:32:22.495+0800: 152.402: [GC (Allocation Failure) 2023-01-17T04:32:22.495+0800: 152.403: [ParNew: 115199K->115199K(115200K), 0.0000347 secs]2023-01-17T04:32:22.495+0800: 152.403: [CMS: 134092K->134143K(134144K), 0.2088339 secs] 249292K->140318K(249344K), [Metaspace: 51964K->51964K(1097728K)], 0.2093690 secs] [Times: user=0.21 sys=0.00, real=0.21 secs] 
Heap after GC invocations=219 (full 174):
 par new generation   total 115200K, used 6174K [0x00000000f0000000, 0x00000000f7d00000, 0x00000000f7d00000)
  eden space 102400K,   6% used [0x00000000f0000000, 0x00000000f06078c8, 0x00000000f6400000)
  from space 12800K,   0% used [0x00000000f7080000, 0x00000000f7080000, 0x00000000f7d00000)
  to   space 12800K,   0% used [0x00000000f6400000, 0x00000000f6400000, 0x00000000f7080000)
 concurrent mark-sweep generation total 134144K, used 134143K [0x00000000f7d00000, 0x0000000100000000, 0x0000000100000000)
 Metaspace       used 51964K, capacity 54794K, committed 55680K, reserved 1097728K
  class space    used 6332K, capacity 6829K, committed 7040K, reserved 1048576K
}
2023-01-17T04:32:22.709+0800: 152.617: [GC (CMS Initial Mark) [1 CMS-initial-mark: 134143K(134144K)] 140613K(249344K), 0.0048690 secs] [Times: user=0.01 sys=0.00, real=0.01 secs] 
2023-01-17T04:32:22.714+0800: 152.622: [CMS-concurrent-mark-start]
2023-01-17T04:32:22.793+0800: 152.701: [CMS-concurrent-mark: 0.079/0.079 secs] [Times: user=0.26 sys=0.04, real=0.08 secs] 
2023-01-17T04:32:22.794+0800: 152.701: [CMS-concurrent-preclean-start]
2023-01-17T04:32:22.840+0800: 152.747: [CMS-concurrent-preclean: 0.046/0.046 secs] [Times: user=0.15 sys=0.03, real=0.05 secs] 
2023-01-17T04:32:22.840+0800: 152.748: [CMS-concurrent-abortable-preclean-start]
2023-01-17T04:32:22.840+0800: 152.748: [CMS-concurrent-abortable-preclean: 0.000/0.000 secs] [Times: user=0.00 sys=0.00, real=0.00 secs] 
2023-01-17T04:32:22.874+0800: 152.781: [GC (CMS Final Remark) [YG occupancy: 105917 K (115200 K)]2023-01-17T04:32:22.874+0800: 152.782: [Rescan (parallel) , 0.0292470 secs]2023-01-17T04:32:22.903+0800: 152.811: [weak refs processing, 0.0000491 secs]2023-01-17T04:32:22.903+0800: 152.811: [class unloading, 0.0135330 secs]2023-01-17T04:32:22.917+0800: 152.825: [scrub symbol table, 0.0050946 secs]2023-01-17T04:32:22.922+0800: 152.830: [scrub string table, 0.0008740 secs][1 CMS-remark: 134143K(134144K)] 240061K(249344K), 0.0490339 secs] [Times: user=0.13 sys=0.00, real=0.05 secs] 
2023-01-17T04:32:22.923+0800: 152.831: [CMS-concurrent-sweep-start]
2023-01-17T04:32:22.942+0800: 152.849: [CMS-concurrent-sweep: 0.019/0.019 secs] [Times: user=0.06 sys=0.01, real=0.02 secs] 
2023-01-17T04:32:22.942+0800: 152.850: [CMS-concurrent-reset-start]
2023-01-17T04:32:22.942+0800: 152.850: [CMS-concurrent-reset: 0.000/0.000 secs] [Times: user=0.00 sys=0.00, real=0.00 secs] 
{Heap before GC invocations=219 (full 175):
 par new generation   total 115200K, used 115199K [0x00000000f0000000, 0x00000000f7d00000, 0x00000000f7d00000)
  eden space 102400K, 100% used [0x00000000f0000000, 0x00000000f6400000, 0x00000000f6400000)
  from space 12800K,  99% used [0x00000000f7080000, 0x00000000f7cffff8, 0x00000000f7d00000)
  to   space 12800K,   0% used [0x00000000f6400000, 0x00000000f6400000, 0x00000000f7080000)
 concurrent mark-sweep generation total 134144K, used 134072K [0x00000000f7d00000, 0x0000000100000000, 0x0000000100000000)
 Metaspace       used 51968K, capacity 54794K, committed 55680K, reserved 1097728K
  class space    used 6332K, capacity 6829K, committed 7040K, reserved 1048576K
2023-01-17T04:32:23.253+0800: 153.161: [GC (Allocation Failure) 2023-01-17T04:32:23.253+0800: 153.161: [ParNew: 115199K->115199K(115200K), 0.0000328 secs]2023-01-17T04:32:23.253+0800: 153.161: [CMS: 134072K->134143K(134144K), 0.1985627 secs] 249272K->140338K(249344K), [Metaspace: 51968K->51968K(1097728K)], 0.1990366 secs] [Times: user=0.20 sys=0.00, real=0.20 secs] 
Heap after GC invocations=220 (full 176):
 par new generation   total 115200K, used 6194K [0x00000000f0000000, 0x00000000f7d00000, 0x00000000f7d00000)
  eden space 102400K,   6% used [0x00000000f0000000, 0x00000000f060c928, 0x00000000f6400000)
  from space 12800K,   0% used [0x00000000f7080000, 0x00000000f7080000, 0x00000000f7d00000)
  to   space 12800K,   0% used [0x00000000f6400000, 0x00000000f6400000, 0x00000000f7080000)
 concurrent mark-sweep generation total 134144K, used 134143K [0x00000000f7d00000, 0x0000000100000000, 0x0000000100000000)
 Metaspace       used 51968K, capacity 54794K, committed 55680K, reserved 1097728K
  class space    used 6332K, capacity 6829K, committed 7040K, reserved 1048576K
}
2023-01-17T04:32:23.456+0800: 153.364: [GC (CMS Initial Mark) [1 CMS-initial-mark: 134143K(134144K)] 140594K(249344K), 0.0046145 secs] [Times: user=0.01 sys=0.00, real=0.01 secs] 
2023-01-17T04:32:23.461+0800: 153.369: [CMS-concurrent-mark-start]
2023-01-17T04:32:23.530+0800: 153.438: [CMS-concurrent-mark: 0.069/0.069 secs] [Times: user=0.20 sys=0.02, real=0.07 secs] 
2023-01-17T04:32:23.531+0800: 153.438: [CMS-concurrent-preclean-start]
2023-01-17T04:32:23.573+0800: 153.481: [CMS-concurrent-preclean: 0.043/0.043 secs] [Times: user=0.12 sys=0.03, real=0.04 secs] 
2023-01-17T04:32:23.573+0800: 153.481: [CMS-concurrent-abortable-preclean-start]
2023-01-17T04:32:23.573+0800: 153.481: [CMS-concurrent-abortable-preclean: 0.000/0.000 secs] [Times: user=0.00 sys=0.00, real=0.00 secs] 
2023-01-17T04:32:23.578+0800: 153.485: [GC (CMS Final Remark) [YG occupancy: 73533 K (115200 K)]2023-01-17T04:32:23.578+0800: 153.486: [Rescan (parallel) , 0.0209139 secs]2023-01-17T04:32:23.599+0800: 153.507: [weak refs processing, 0.0000418 secs]2023-01-17T04:32:23.599+0800: 153.507: [class unloading, 0.0136578 secs]2023-01-17T04:32:23.612+0800: 153.520: [scrub symbol table, 0.0050958 secs]2023-01-17T04:32:23.618+0800: 153.525: [scrub string table, 0.0008634 secs][1 CMS-remark: 134143K(134144K)] 207677K(249344K), 0.0407864 secs] [Times: user=0.11 sys=0.00, real=0.04 secs] 
2023-01-17T04:32:23.619+0800: 153.527: [CMS-concurrent-sweep-start]
2023-01-17T04:32:23.637+0800: 153.545: [CMS-concurrent-sweep: 0.018/0.018 secs] [Times: user=0.04 sys=0.01, real=0.02 secs] 
2023-01-17T04:32:23.637+0800: 153.545: [CMS-concurrent-reset-start]
2023-01-17T04:32:23.638+0800: 153.545: [CMS-concurrent-reset: 0.000/0.000 secs] [Times: user=0.01 sys=0.00, real=0.00 secs] 
{Heap before GC invocations=220 (full 177):
 par new generation   total 115200K, used 115200K [0x00000000f0000000, 0x00000000f7d00000, 0x00000000f7d00000)
  eden space 102400K, 100% used [0x00000000f0000000, 0x00000000f6400000, 0x00000000f6400000)
  from space 12800K, 100% used [0x00000000f7080000, 0x00000000f7d00000, 0x00000000f7d00000)
  to   space 12800K,   0% used [0x00000000f6400000, 0x00000000f6400000, 0x00000000f7080000)
 concurrent mark-sweep generation total 134144K, used 134004K [0x00000000f7d00000, 0x0000000100000000, 0x0000000100000000)
 Metaspace       used 51968K, capacity 54794K, committed 55680K, reserved 1097728K
  class space    used 6332K, capacity 6829K, committed 7040K, reserved 1048576K
2023-01-17T04:32:24.077+0800: 153.985: [GC (Allocation Failure) 2023-01-17T04:32:24.077+0800: 153.985: [ParNew: 115200K->115200K(115200K), 0.0000281 secs]2023-01-17T04:32:24.077+0800: 153.985: [CMS: 134004K->134144K(134144K), 0.2156488 secs] 249204K->140245K(249344K), [Metaspace: 51968K->51968K(1097728K)], 0.2160679 secs] [Times: user=0.22 sys=0.00, real=0.22 secs] 
Heap after GC invocations=221 (full 178):
 par new generation   total 115200K, used 6101K [0x00000000f0000000, 0x00000000f7d00000, 0x00000000f7d00000)
  eden space 102400K,   5% used [0x00000000f0000000, 0x00000000f05f5588, 0x00000000f6400000)
  from space 12800K,   0% used [0x00000000f7080000, 0x00000000f7080000, 0x00000000f7d00000)
  to   space 12800K,   0% used [0x00000000f6400000, 0x00000000f6400000, 0x00000000f7080000)
 concurrent mark-sweep generation total 134144K, used 134144K [0x00000000f7d00000, 0x0000000100000000, 0x0000000100000000)
 Metaspace       used 51968K, capacity 54794K, committed 55680K, reserved 1097728K
  class space    used 6332K, capacity 6829K, committed 7040K, reserved 1048576K
}
2023-01-17T04:32:24.297+0800: 154.205: [GC (CMS Initial Mark) [1 CMS-initial-mark: 134144K(134144K)] 140361K(249344K), 0.0048632 secs] [Times: user=0.01 sys=0.00, real=0.01 secs] 
2023-01-17T04:32:24.303+0800: 154.210: [CMS-concurrent-mark-start]
2023-01-17T04:32:24.381+0800: 154.289: [CMS-concurrent-mark: 0.079/0.079 secs] [Times: user=0.23 sys=0.03, real=0.08 secs] 
2023-01-17T04:32:24.382+0800: 154.289: [CMS-concurrent-preclean-start]
2023-01-17T04:32:24.421+0800: 154.329: [CMS-concurrent-preclean: 0.040/0.040 secs] [Times: user=0.08 sys=0.00, real=0.04 secs] 
2023-01-17T04:32:24.422+0800: 154.329: [CMS-concurrent-abortable-preclean-start]
2023-01-17T04:32:24.422+0800: 154.329: [CMS-concurrent-abortable-preclean: 0.000/0.000 secs] [Times: user=0.00 sys=0.00, real=0.00 secs] 
2023-01-17T04:32:24.601+0800: 154.509: [GC (CMS Final Remark) [YG occupancy: 109581 K (115200 K)]2023-01-17T04:32:24.602+0800: 154.509: [Rescan (parallel) , 0.0414317 secs]2023-01-17T04:32:24.643+0800: 154.551: [weak refs processing, 0.0000486 secs]2023-01-17T04:32:24.643+0800: 154.551: [class unloading, 0.0135737 secs]2023-01-17T04:32:24.657+0800: 154.564: [scrub symbol table, 0.0050701 secs]2023-01-17T04:32:24.662+0800: 154.570: [scrub string table, 0.0008945 secs][1 CMS-remark: 134144K(134144K)] 243725K(249344K), 0.0612767 secs] [Times: user=0.14 sys=0.00, real=0.06 secs] 
2023-01-17T04:32:24.663+0800: 154.571: [CMS-concurrent-sweep-start]
2023-01-17T04:32:24.678+0800: 154.586: [CMS-concurrent-sweep: 0.015/0.015 secs] [Times: user=0.03 sys=0.00, real=0.01 secs] 
2023-01-17T04:32:24.678+0800: 154.586: [CMS-concurrent-reset-start]
2023-01-17T04:32:24.679+0800: 154.586: [CMS-concurrent-reset: 0.000/0.000 secs] [Times: user=0.00 sys=0.00, real=0.00 secs] 
{Heap before GC invocations=221 (full 179):
 par new generation   total 115200K, used 115200K [0x00000000f0000000, 0x00000000f7d00000, 0x00000000f7d00000)
  eden space 102400K, 100% used [0x00000000f0000000, 0x00000000f6400000, 0x00000000f6400000)
  from space 12800K, 100% used [0x00000000f7080000, 0x00000000f7d00000, 0x00000000f7d00000)
  to   space 12800K,   0% used [0x00000000f6400000, 0x00000000f6400000, 0x00000000f7080000)
 concurrent mark-sweep generation total 134144K, used 133959K [0x00000000f7d00000, 0x0000000100000000, 0x0000000100000000)
 Metaspace       used 51972K, capacity 54794K, committed 55680K, reserved 1097728K
  class space    used 6332K, capacity 6829K, committed 7040K, reserved 1048576K
2023-01-17T04:32:24.837+0800: 154.745: [GC (Allocation Failure) 2023-01-17T04:32:24.837+0800: 154.745: [ParNew: 115200K->115200K(115200K), 0.0000270 secs]2023-01-17T04:32:24.837+0800: 154.745: [CMS: 133959K->134143K(134144K), 0.1886160 secs] 249159K->140281K(249344K), [Metaspace: 51972K->51972K(1097728K)], 0.1890374 secs] [Times: user=0.19 sys=0.00, real=0.19 secs] 
Heap after GC invocations=222 (full 180):
 par new generation   total 115200K, used 6137K [0x00000000f0000000, 0x00000000f7d00000, 0x00000000f7d00000)
  eden space 102400K,   5% used [0x00000000f0000000, 0x00000000f05fe6f8, 0x00000000f6400000)
  from space 12800K,   0% used [0x00000000f7080000, 0x00000000f7080000, 0x00000000f7d00000)
  to   space 12800K,   0% used [0x00000000f6400000, 0x00000000f6400000, 0x00000000f7080000)
 concurrent mark-sweep generation total 134144K, used 134143K [0x00000000f7d00000, 0x0000000100000000, 0x0000000100000000)
 Metaspace       used 51972K, capacity 54794K, committed 55680K, reserved 1097728K
  class space    used 6332K, capacity 6829K, committed 7040K, reserved 1048576K
}
2023-01-17T04:32:25.039+0800: 154.946: [GC (CMS Initial Mark) [1 CMS-initial-mark: 134143K(134144K)] 147290K(249344K), 0.0068746 secs] [Times: user=0.03 sys=0.00, real=0.01 secs] 
2023-01-17T04:32:25.046+0800: 154.954: [CMS-concurrent-mark-start]
2023-01-17T04:32:25.111+0800: 155.019: [CMS-concurrent-mark: 0.065/0.065 secs] [Times: user=0.18 sys=0.02, real=0.07 secs] 
2023-01-17T04:32:25.111+0800: 155.019: [CMS-concurrent-preclean-start]
2023-01-17T04:32:25.151+0800: 155.059: [CMS-concurrent-preclean: 0.040/0.040 secs] [Times: user=0.11 sys=0.01, real=0.04 secs] 
2023-01-17T04:32:25.151+0800: 155.059: [CMS-concurrent-abortable-preclean-start]
2023-01-17T04:32:25.151+0800: 155.059: [CMS-concurrent-abortable-preclean: 0.000/0.000 secs] [Times: user=0.00 sys=0.00, real=0.00 secs] 
2023-01-17T04:32:25.156+0800: 155.063: [GC (CMS Final Remark) [YG occupancy: 69743 K (115200 K)]2023-01-17T04:32:25.156+0800: 155.064: [Rescan (parallel) , 0.0205957 secs]2023-01-17T04:32:25.176+0800: 155.084: [weak refs processing, 0.0000509 secs]2023-01-17T04:32:25.177+0800: 155.084: [class unloading, 0.0136089 secs]2023-01-17T04:32:25.190+0800: 155.098: [scrub symbol table, 0.0052141 secs]2023-01-17T04:32:25.195+0800: 155.103: [scrub string table, 0.0008780 secs][1 CMS-remark: 134143K(134144K)] 203887K(249344K), 0.0405513 secs] [Times: user=0.10 sys=0.00, real=0.04 secs] 
2023-01-17T04:32:25.197+0800: 155.105: [CMS-concurrent-sweep-start]
2023-01-17T04:32:25.215+0800: 155.123: [CMS-concurrent-sweep: 0.018/0.018 secs] [Times: user=0.05 sys=0.02, real=0.02 secs] 
2023-01-17T04:32:25.215+0800: 155.123: [CMS-concurrent-reset-start]
2023-01-17T04:32:25.216+0800: 155.123: [CMS-concurrent-reset: 0.000/0.000 secs] [Times: user=0.00 sys=0.00, real=0.00 secs] 
{Heap before GC invocations=222 (full 181):
 par new generation   total 115200K, used 115199K [0x00000000f0000000, 0x00000000f7d00000, 0x00000000f7d00000)
  eden space 102400K, 100% used [0x00000000f0000000, 0x00000000f6400000, 0x00000000f6400000)
  from space 12800K,  99% used [0x00000000f7080000, 0x00000000f7cfffd8, 0x00000000f7d00000)
  to   space 12800K,   0% used [0x00000000f6400000, 0x00000000f6400000, 0x00000000f7080000)
 concurrent mark-sweep generation total 134144K, used 134038K [0x00000000f7d00000, 0x0000000100000000, 0x0000000100000000)
 Metaspace       used 51972K, capacity 54794K, committed 55680K, reserved 1097728K
  class space    used 6332K, capacity 6829K, committed 7040K, reserved 1048576K
2023-01-17T04:32:25.642+0800: 155.550: [GC (Allocation Failure) 2023-01-17T04:32:25.643+0800: 155.550: [ParNew: 115199K->115199K(115200K), 0.0000386 secs]2023-01-17T04:32:25.643+0800: 155.550: [CMS: 134038K->134143K(134144K), 0.1961956 secs] 249238K->140389K(249344K), [Metaspace: 51972K->51972K(1097728K)], 0.1966818 secs] [Times: user=0.20 sys=0.00, real=0.19 secs] 
Heap after GC invocations=223 (full 182):
 par new generation   total 115200K, used 6245K [0x00000000f0000000, 0x00000000f7d00000, 0x00000000f7d00000)
  eden space 102400K,   6% used [0x00000000f0000000, 0x00000000f0619490, 0x00000000f6400000)
  from space 12800K,   0% used [0x00000000f7080000, 0x00000000f7080000, 0x00000000f7d00000)
  to   space 12800K,   0% used [0x00000000f6400000, 0x00000000f6400000, 0x00000000f7080000)
 concurrent mark-sweep generation total 134144K, used 134143K [0x00000000f7d00000, 0x0000000100000000, 0x0000000100000000)
 Metaspace       used 51972K, capacity 54794K, committed 55680K, reserved 1097728K
  class space    used 6332K, capacity 6829K, committed 7040K, reserved 1048576K
}
2023-01-17T04:32:25.844+0800: 155.751: [GC (CMS Initial Mark) [1 CMS-initial-mark: 134143K(134144K)] 140695K(249344K), 0.0044748 secs] [Times: user=0.01 sys=0.00, real=0.00 secs] 
2023-01-17T04:32:25.849+0800: 155.756: [CMS-concurrent-mark-start]
2023-01-17T04:32:25.916+0800: 155.824: [CMS-concurrent-mark: 0.068/0.068 secs] [Times: user=0.16 sys=0.02, real=0.07 secs] 
2023-01-17T04:32:25.917+0800: 155.825: [CMS-concurrent-preclean-start]
2023-01-17T04:32:25.960+0800: 155.867: [CMS-concurrent-preclean: 0.043/0.043 secs] [Times: user=0.10 sys=0.02, real=0.05 secs] 
2023-01-17T04:32:25.960+0800: 155.868: [CMS-concurrent-abortable-preclean-start]
2023-01-17T04:32:25.960+0800: 155.868: [CMS-concurrent-abortable-preclean: 0.000/0.000 secs] [Times: user=0.00 sys=0.00, real=0.00 secs] 
2023-01-17T04:32:25.964+0800: 155.872: [GC (CMS Final Remark) [YG occupancy: 48071 K (115200 K)]2023-01-17T04:32:25.964+0800: 155.872: [Rescan (parallel) , 0.0144527 secs]2023-01-17T04:32:25.979+0800: 155.886: [weak refs processing, 0.0000494 secs]2023-01-17T04:32:25.979+0800: 155.886: [class unloading, 0.0131631 secs]2023-01-17T04:32:25.992+0800: 155.900: [scrub symbol table, 0.0051202 secs]2023-01-17T04:32:25.997+0800: 155.905: [scrub string table, 0.0008741 secs][1 CMS-remark: 134143K(134144K)] 182215K(249344K), 0.0338331 secs] [Times: user=0.08 sys=0.00, real=0.03 secs] 
2023-01-17T04:32:25.998+0800: 155.906: [CMS-concurrent-sweep-start]
2023-01-17T04:32:26.016+0800: 155.924: [CMS-concurrent-sweep: 0.018/0.018 secs] [Times: user=0.05 sys=0.01, real=0.02 secs] 
2023-01-17T04:32:26.016+0800: 155.924: [CMS-concurrent-reset-start]
2023-01-17T04:32:26.016+0800: 155.924: [CMS-concurrent-reset: 0.000/0.000 secs] [Times: user=0.00 sys=0.00, real=0.00 secs] 
{Heap before GC invocations=223 (full 183):
 par new generation   total 115200K, used 115200K [0x00000000f0000000, 0x00000000f7d00000, 0x00000000f7d00000)
  eden space 102400K, 100% used [0x00000000f0000000, 0x00000000f6400000, 0x00000000f6400000)
  from space 12800K, 100% used [0x00000000f7080000, 0x00000000f7d00000, 0x00000000f7d00000)
  to   space 12800K,   0% used [0x00000000f6400000, 0x00000000f6400000, 0x00000000f7080000)
 concurrent mark-sweep generation total 134144K, used 134090K [0x00000000f7d00000, 0x0000000100000000, 0x0000000100000000)
 Metaspace       used 51972K, capacity 54794K, committed 55680K, reserved 1097728K
  class space    used 6332K, capacity 6829K, committed 7040K, reserved 1048576K
2023-01-17T04:32:26.364+0800: 156.272: [GC (Allocation Failure) 2023-01-17T04:32:26.364+0800: 156.272: [ParNew: 115200K->115200K(115200K), 0.0000293 secs]2023-01-17T04:32:26.364+0800: 156.272: [CMS: 134090K->134143K(134144K), 0.1897950 secs] 249290K->140361K(249344K), [Metaspace: 51972K->51972K(1097728K)], 0.1902285 secs] [Times: user=0.19 sys=0.00, real=0.19 secs] 
Heap after GC invocations=224 (full 184):
 par new generation   total 115200K, used 6217K [0x00000000f0000000, 0x00000000f7d00000, 0x00000000f7d00000)
  eden space 102400K,   6% used [0x00000000f0000000, 0x00000000f06127b8, 0x00000000f6400000)
  from space 12800K,   0% used [0x00000000f7080000, 0x00000000f7080000, 0x00000000f7d00000)
  to   space 12800K,   0% used [0x00000000f6400000, 0x00000000f6400000, 0x00000000f7080000)
 concurrent mark-sweep generation total 134144K, used 134143K [0x00000000f7d00000, 0x0000000100000000, 0x0000000100000000)
 Metaspace       used 51972K, capacity 54794K, committed 55680K, reserved 1097728K
  class space    used 6332K, capacity 6829K, committed 7040K, reserved 1048576K
}
2023-01-17T04:32:26.559+0800: 156.467: [GC (CMS Initial Mark) [1 CMS-initial-mark: 134143K(134144K)] 140736K(249344K), 0.0048342 secs] [Times: user=0.02 sys=0.00, real=0.01 secs] 
2023-01-17T04:32:26.564+0800: 156.472: [CMS-concurrent-mark-start]
2023-01-17T04:32:26.654+0800: 156.562: [CMS-concurrent-mark: 0.090/0.090 secs] [Times: user=0.31 sys=0.03, real=0.09 secs] 
2023-01-17T04:32:26.654+0800: 156.562: [CMS-concurrent-preclean-start]
2023-01-17T04:32:26.699+0800: 156.607: [CMS-concurrent-preclean: 0.045/0.045 secs] [Times: user=0.13 sys=0.03, real=0.04 secs] 
2023-01-17T04:32:26.700+0800: 156.607: [CMS-concurrent-abortable-preclean-start]
2023-01-17T04:32:26.700+0800: 156.607: [CMS-concurrent-abortable-preclean: 0.000/0.000 secs] [Times: user=0.00 sys=0.00, real=0.00 secs] 
2023-01-17T04:32:26.703+0800: 156.611: [GC (CMS Final Remark) [YG occupancy: 101183 K (115200 K)]2023-01-17T04:32:26.704+0800: 156.611: [Rescan (parallel) , 0.0257574 secs]2023-01-17T04:32:26.729+0800: 156.637: [weak refs processing, 0.0000451 secs]2023-01-17T04:32:26.729+0800: 156.637: [class unloading, 0.0135829 secs]2023-01-17T04:32:26.743+0800: 156.651: [scrub symbol table, 0.0051110 secs]2023-01-17T04:32:26.748+0800: 156.656: [scrub string table, 0.0008809 secs][1 CMS-remark: 134143K(134144K)] 235327K(249344K), 0.0456182 secs] [Times: user=0.13 sys=0.00, real=0.04 secs] 
2023-01-17T04:32:26.750+0800: 156.657: [CMS-concurrent-sweep-start]
2023-01-17T04:32:26.768+0800: 156.675: [CMS-concurrent-sweep: 0.018/0.018 secs] [Times: user=0.05 sys=0.01, real=0.01 secs] 
2023-01-17T04:32:26.768+0800: 156.676: [CMS-concurrent-reset-start]
2023-01-17T04:32:26.768+0800: 156.676: [CMS-concurrent-reset: 0.000/0.000 secs] [Times: user=0.00 sys=0.00, real=0.00 secs] 
{Heap before GC invocations=224 (full 185):
 par new generation   total 115200K, used 115200K [0x00000000f0000000, 0x00000000f7d00000, 0x00000000f7d00000)
  eden space 102400K, 100% used [0x00000000f0000000, 0x00000000f6400000, 0x00000000f6400000)
  from space 12800K, 100% used [0x00000000f7080000, 0x00000000f7d00000, 0x00000000f7d00000)
  to   space 12800K,   0% used [0x00000000f6400000, 0x00000000f6400000, 0x00000000f7080000)
 concurrent mark-sweep generation total 134144K, used 134043K [0x00000000f7d00000, 0x0000000100000000, 0x0000000100000000)
 Metaspace       used 51972K, capacity 54794K, committed 55680K, reserved 1097728K
  class space    used 6332K, capacity 6829K, committed 7040K, reserved 1048576K
2023-01-17T04:32:27.107+0800: 157.015: [GC (Allocation Failure) 2023-01-17T04:32:27.107+0800: 157.015: [ParNew: 115200K->115200K(115200K), 0.0000283 secs]2023-01-17T04:32:27.107+0800: 157.015: [CMS: 134043K->134143K(134144K), 0.1897831 secs] 249243K->140369K(249344K), [Metaspace: 51972K->51972K(1097728K)], 0.1901977 secs] [Times: user=0.19 sys=0.00, real=0.19 secs] 
Heap after GC invocations=225 (full 186):
 par new generation   total 115200K, used 6225K [0x00000000f0000000, 0x00000000f7d00000, 0x00000000f7d00000)
  eden space 102400K,   6% used [0x00000000f0000000, 0x00000000f0614778, 0x00000000f6400000)
  from space 12800K,   0% used [0x00000000f7080000, 0x00000000f7080000, 0x00000000f7d00000)
  to   space 12800K,   0% used [0x00000000f6400000, 0x00000000f6400000, 0x00000000f7080000)
 concurrent mark-sweep generation total 134144K, used 134143K [0x00000000f7d00000, 0x0000000100000000, 0x0000000100000000)
 Metaspace       used 51972K, capacity 54794K, committed 55680K, reserved 1097728K
  class space    used 6332K, capacity 6829K, committed 7040K, reserved 1048576K
}
2023-01-17T04:32:27.304+0800: 157.212: [GC (CMS Initial Mark) [1 CMS-initial-mark: 134143K(134144K)] 142872K(249344K), 0.0049654 secs] [Times: user=0.02 sys=0.00, real=0.00 secs] 
2023-01-17T04:32:27.310+0800: 157.218: [CMS-concurrent-mark-start]
2023-01-17T04:32:27.377+0800: 157.285: [CMS-concurrent-mark: 0.067/0.067 secs] [Times: user=0.18 sys=0.02, real=0.06 secs] 
2023-01-17T04:32:27.377+0800: 157.285: [CMS-concurrent-preclean-start]
2023-01-17T04:32:27.422+0800: 157.330: [CMS-concurrent-preclean: 0.045/0.045 secs] [Times: user=0.13 sys=0.01, real=0.05 secs] 
2023-01-17T04:32:27.422+0800: 157.330: [CMS-concurrent-abortable-preclean-start]
2023-01-17T04:32:27.422+0800: 157.330: [CMS-concurrent-abortable-preclean: 0.000/0.000 secs] [Times: user=0.00 sys=0.00, real=0.00 secs] 
2023-01-17T04:32:27.427+0800: 157.335: [GC (CMS Final Remark) [YG occupancy: 62323 K (115200 K)]2023-01-17T04:32:27.427+0800: 157.335: [Rescan (parallel) , 0.0209687 secs]2023-01-17T04:32:27.448+0800: 157.356: [weak refs processing, 0.0000460 secs]2023-01-17T04:32:27.448+0800: 157.356: [class unloading, 0.0139590 secs]2023-01-17T04:32:27.462+0800: 157.370: [scrub symbol table, 0.0051932 secs]2023-01-17T04:32:27.467+0800: 157.375: [scrub string table, 0.0008794 secs][1 CMS-remark: 134143K(134144K)] 196467K(249344K), 0.0412697 secs] [Times: user=0.09 sys=0.00, real=0.04 secs] 
2023-01-17T04:32:27.469+0800: 157.376: [CMS-concurrent-sweep-start]
2023-01-17T04:32:27.487+0800: 157.395: [CMS-concurrent-sweep: 0.019/0.019 secs] [Times: user=0.05 sys=0.02, real=0.02 secs] 
2023-01-17T04:32:27.487+0800: 157.395: [CMS-concurrent-reset-start]
2023-01-17T04:32:27.488+0800: 157.395: [CMS-concurrent-reset: 0.000/0.000 secs] [Times: user=0.01 sys=0.00, real=0.00 secs] 
{Heap before GC invocations=225 (full 187):
 par new generation   total 115200K, used 115199K [0x00000000f0000000, 0x00000000f7d00000, 0x00000000f7d00000)
  eden space 102400K, 100% used [0x00000000f0000000, 0x00000000f6400000, 0x00000000f6400000)
  from space 12800K,  99% used [0x00000000f7080000, 0x00000000f7cfffe0, 0x00000000f7d00000)
  to   space 12800K,   0% used [0x00000000f6400000, 0x00000000f6400000, 0x00000000f7080000)
 concurrent mark-sweep generation total 134144K, used 133962K [0x00000000f7d00000, 0x0000000100000000, 0x0000000100000000)
 Metaspace       used 51972K, capacity 54794K, committed 55680K, reserved 1097728K
  class space    used 6332K, capacity 6829K, committed 7040K, reserved 1048576K
2023-01-17T04:32:27.978+0800: 157.885: [GC (Allocation Failure) 2023-01-17T04:32:27.978+0800: 157.886: [ParNew: 115199K->115199K(115200K), 0.0000271 secs]2023-01-17T04:32:27.978+0800: 157.886: [CMS: 133962K->134143K(134144K), 0.2560665 secs] 249162K->140359K(249344K), [Metaspace: 51972K->51972K(1097728K)], 0.2565773 secs] [Times: user=0.26 sys=0.00, real=0.26 secs] 
Heap after GC invocations=226 (full 188):
 par new generation   total 115200K, used 6215K [0x00000000f0000000, 0x00000000f7d00000, 0x00000000f7d00000)
  eden space 102400K,   6% used [0x00000000f0000000, 0x00000000f0611fc0, 0x00000000f6400000)
  from space 12800K,   0% used [0x00000000f7080000, 0x00000000f7080000, 0x00000000f7d00000)
  to   space 12800K,   0% used [0x00000000f6400000, 0x00000000f6400000, 0x00000000f7080000)
 concurrent mark-sweep generation total 134144K, used 134143K [0x00000000f7d00000, 0x0000000100000000, 0x0000000100000000)
 Metaspace       used 51972K, capacity 54794K, committed 55680K, reserved 1097728K
  class space    used 6332K, capacity 6829K, committed 7040K, reserved 1048576K
}
2023-01-17T04:32:28.242+0800: 158.150: [GC (CMS Initial Mark) [1 CMS-initial-mark: 134143K(134144K)] 142745K(249344K), 0.0068573 secs] [Times: user=0.02 sys=0.00, real=0.00 secs] 
2023-01-17T04:32:28.249+0800: 158.157: [CMS-concurrent-mark-start]
2023-01-17T04:32:28.344+0800: 158.251: [CMS-concurrent-mark: 0.094/0.094 secs] [Times: user=0.20 sys=0.05, real=0.09 secs] 
2023-01-17T04:32:28.344+0800: 158.252: [CMS-concurrent-preclean-start]
2023-01-17T04:32:28.396+0800: 158.304: [CMS-concurrent-preclean: 0.053/0.053 secs] [Times: user=0.08 sys=0.04, real=0.05 secs] 
2023-01-17T04:32:28.397+0800: 158.304: [CMS-concurrent-abortable-preclean-start]
2023-01-17T04:32:28.397+0800: 158.304: [CMS-concurrent-abortable-preclean: 0.000/0.000 secs] [Times: user=0.00 sys=0.00, real=0.00 secs] 
2023-01-17T04:32:28.401+0800: 158.308: [GC (CMS Final Remark) [YG occupancy: 39103 K (115200 K)]2023-01-17T04:32:28.401+0800: 158.308: [Rescan (parallel) , 0.0161734 secs]2023-01-17T04:32:28.417+0800: 158.325: [weak refs processing, 0.0000441 secs]2023-01-17T04:32:28.417+0800: 158.325: [class unloading, 0.0134197 secs]2023-01-17T04:32:28.430+0800: 158.338: [scrub symbol table, 0.0050651 secs]2023-01-17T04:32:28.435+0800: 158.343: [scrub string table, 0.0008625 secs][1 CMS-remark: 134143K(134144K)] 173247K(249344K), 0.0357244 secs] [Times: user=0.07 sys=0.00, real=0.03 secs] 
2023-01-17T04:32:28.437+0800: 158.345: [CMS-concurrent-sweep-start]
2023-01-17T04:32:28.454+0800: 158.362: [CMS-concurrent-sweep: 0.017/0.017 secs] [Times: user=0.03 sys=0.00, real=0.02 secs] 
2023-01-17T04:32:28.454+0800: 158.362: [CMS-concurrent-reset-start]
2023-01-17T04:32:28.455+0800: 158.362: [CMS-concurrent-reset: 0.000/0.000 secs] [Times: user=0.00 sys=0.00, real=0.00 secs] 
{Heap before GC invocations=226 (full 189):
 par new generation   total 115200K, used 115194K [0x00000000f0000000, 0x00000000f7d00000, 0x00000000f7d00000)
  eden space 102400K, 100% used [0x00000000f0000000, 0x00000000f6400000, 0x00000000f6400000)
  from space 12800K,  99% used [0x00000000f7080000, 0x00000000f7cfeb08, 0x00000000f7d00000)
  to   space 12800K,   0% used [0x00000000f6400000, 0x00000000f6400000, 0x00000000f7080000)
 concurrent mark-sweep generation total 134144K, used 134049K [0x00000000f7d00000, 0x0000000100000000, 0x0000000100000000)
 Metaspace       used 51972K, capacity 54794K, committed 55680K, reserved 1097728K
  class space    used 6332K, capacity 6829K, committed 7040K, reserved 1048576K
2023-01-17T04:32:28.763+0800: 158.670: [GC (Allocation Failure) 2023-01-17T04:32:28.763+0800: 158.671: [ParNew: 115194K->115194K(115200K), 0.0000278 secs]2023-01-17T04:32:28.763+0800: 158.671: [CMS: 134049K->134143K(134144K), 0.1877768 secs] 249244K->140352K(249344K), [Metaspace: 51972K->51972K(1097728K)], 0.1881950 secs] [Times: user=0.19 sys=0.00, real=0.19 secs] 
Heap after GC invocations=227 (full 190):
 par new generation   total 115200K, used 6208K [0x00000000f0000000, 0x00000000f7d00000, 0x00000000f7d00000)
  eden space 102400K,   6% used [0x00000000f0000000, 0x00000000f0610118, 0x00000000f6400000)
  from space 12800K,   0% used [0x00000000f7080000, 0x00000000f7080000, 0x00000000f7d00000)
  to   space 12800K,   0% used [0x00000000f6400000, 0x00000000f6400000, 0x00000000f7080000)
 concurrent mark-sweep generation total 134144K, used 134143K [0x00000000f7d00000, 0x0000000100000000, 0x0000000100000000)
 Metaspace       used 51972K, capacity 54794K, committed 55680K, reserved 1097728K
  class space    used 6332K, capacity 6829K, committed 7040K, reserved 1048576K
}
2023-01-17T04:32:28.956+0800: 158.864: [GC (CMS Initial Mark) [1 CMS-initial-mark: 134143K(134144K)] 140863K(249344K), 0.0047492 secs] [Times: user=0.02 sys=0.00, real=0.01 secs] 
2023-01-17T04:32:28.961+0800: 158.869: [CMS-concurrent-mark-start]
2023-01-17T04:32:29.087+0800: 158.995: [CMS-concurrent-mark: 0.126/0.126 secs] [Times: user=0.37 sys=0.06, real=0.12 secs] 
2023-01-17T04:32:29.087+0800: 158.995: [CMS-concurrent-preclean-start]
2023-01-17T04:32:29.143+0800: 159.051: [CMS-concurrent-preclean: 0.056/0.056 secs] [Times: user=0.18 sys=0.01, real=0.06 secs] 
2023-01-17T04:32:29.143+0800: 159.051: [CMS-concurrent-abortable-preclean-start]
2023-01-17T04:32:29.143+0800: 159.051: [CMS-concurrent-abortable-preclean: 0.000/0.000 secs] [Times: user=0.00 sys=0.00, real=0.00 secs] 
2023-01-17T04:32:29.147+0800: 159.055: [GC (CMS Final Remark) [YG occupancy: 107391 K (115200 K)]2023-01-17T04:32:29.147+0800: 159.055: [Rescan (parallel) , 0.0371750 secs]2023-01-17T04:32:29.184+0800: 159.092: [weak refs processing, 0.0000566 secs]2023-01-17T04:32:29.185+0800: 159.092: [class unloading, 0.0135964 secs]2023-01-17T04:32:29.198+0800: 159.106: [scrub symbol table, 0.0050999 secs]2023-01-17T04:32:29.203+0800: 159.111: [scrub string table, 0.0008720 secs][1 CMS-remark: 134143K(134144K)] 241535K(249344K), 0.0570288 secs] [Times: user=0.13 sys=0.00, real=0.06 secs] 
2023-01-17T04:32:29.205+0800: 159.113: [CMS-concurrent-sweep-start]
2023-01-17T04:32:29.224+0800: 159.132: [CMS-concurrent-sweep: 0.019/0.019 secs] [Times: user=0.06 sys=0.00, real=0.02 secs] 
2023-01-17T04:32:29.224+0800: 159.132: [CMS-concurrent-reset-start]
2023-01-17T04:32:29.225+0800: 159.132: [CMS-concurrent-reset: 0.000/0.000 secs] [Times: user=0.00 sys=0.00, real=0.00 secs] 
{Heap before GC invocations=227 (full 191):
 par new generation   total 115200K, used 115199K [0x00000000f0000000, 0x00000000f7d00000, 0x00000000f7d00000)
  eden space 102400K, 100% used [0x00000000f0000000, 0x00000000f6400000, 0x00000000f6400000)
  from space 12800K,  99% used [0x00000000f7080000, 0x00000000f7cfffd0, 0x00000000f7d00000)
  to   space 12800K,   0% used [0x00000000f6400000, 0x00000000f6400000, 0x00000000f7080000)
 concurrent mark-sweep generation total 134144K, used 133947K [0x00000000f7d00000, 0x0000000100000000, 0x0000000100000000)
 Metaspace       used 51972K, capacity 54794K, committed 55680K, reserved 1097728K
  class space    used 6332K, capacity 6829K, committed 7040K, reserved 1048576K
2023-01-17T04:32:29.475+0800: 159.383: [GC (Allocation Failure) 2023-01-17T04:32:29.476+0800: 159.383: [ParNew: 115199K->115199K(115200K), 0.0000295 secs]2023-01-17T04:32:29.476+0800: 159.383: [CMS: 133947K->134143K(134144K), 0.2053138 secs] 249147K->140374K(249344K), [Metaspace: 51972K->51972K(1097728K)], 0.2057537 secs] [Times: user=0.21 sys=0.00, real=0.21 secs] 
Heap after GC invocations=228 (full 192):
 par new generation   total 115200K, used 6230K [0x00000000f0000000, 0x00000000f7d00000, 0x00000000f7d00000)
  eden space 102400K,   6% used [0x00000000f0000000, 0x00000000f0615aa0, 0x00000000f6400000)
  from space 12800K,   0% used [0x00000000f7080000, 0x00000000f7080000, 0x00000000f7d00000)
  to   space 12800K,   0% used [0x00000000f6400000, 0x00000000f6400000, 0x00000000f7080000)
 concurrent mark-sweep generation total 134144K, used 134143K [0x00000000f7d00000, 0x0000000100000000, 0x0000000100000000)
 Metaspace       used 51972K, capacity 54794K, committed 55680K, reserved 1097728K
  class space    used 6332K, capacity 6829K, committed 7040K, reserved 1048576K
}
2023-01-17T04:32:29.686+0800: 159.593: [GC (CMS Initial Mark) [1 CMS-initial-mark: 134143K(134144K)] 140603K(249344K), 0.0044953 secs] [Times: user=0.02 sys=0.00, real=0.01 secs] 
2023-01-17T04:32:29.690+0800: 159.598: [CMS-concurrent-mark-start]
2023-01-17T04:32:29.768+0800: 159.675: [CMS-concurrent-mark: 0.077/0.077 secs] [Times: user=0.20 sys=0.05, real=0.07 secs] 
2023-01-17T04:32:29.768+0800: 159.676: [CMS-concurrent-preclean-start]
2023-01-17T04:32:29.811+0800: 159.719: [CMS-concurrent-preclean: 0.043/0.043 secs] [Times: user=0.12 sys=0.01, real=0.05 secs] 
2023-01-17T04:32:29.812+0800: 159.719: [CMS-concurrent-abortable-preclean-start]
2023-01-17T04:32:29.812+0800: 159.719: [CMS-concurrent-abortable-preclean: 0.000/0.000 secs] [Times: user=0.00 sys=0.00, real=0.00 secs] 
2023-01-17T04:32:29.816+0800: 159.724: [GC (CMS Final Remark) [YG occupancy: 65555 K (115200 K)]2023-01-17T04:32:29.816+0800: 159.724: [Rescan (parallel) , 0.0187212 secs]2023-01-17T04:32:29.835+0800: 159.743: [weak refs processing, 0.0000499 secs]2023-01-17T04:32:29.835+0800: 159.743: [class unloading, 0.0137702 secs]2023-01-17T04:32:29.849+0800: 159.756: [scrub symbol table, 0.0052729 secs]2023-01-17T04:32:29.854+0800: 159.762: [scrub string table, 0.0009117 secs][1 CMS-remark: 134143K(134144K)] 199699K(249344K), 0.0389554 secs] [Times: user=0.10 sys=0.00, real=0.04 secs] 
2023-01-17T04:32:29.856+0800: 159.764: [CMS-concurrent-sweep-start]
2023-01-17T04:32:29.872+0800: 159.779: [CMS-concurrent-sweep: 0.016/0.016 secs] [Times: user=0.04 sys=0.01, real=0.02 secs] 
2023-01-17T04:32:29.872+0800: 159.780: [CMS-concurrent-reset-start]
2023-01-17T04:32:29.872+0800: 159.780: [CMS-concurrent-reset: 0.000/0.000 secs] [Times: user=0.01 sys=0.00, real=0.00 secs] 
{Heap before GC invocations=228 (full 193):
 par new generation   total 115200K, used 115194K [0x00000000f0000000, 0x00000000f7d00000, 0x00000000f7d00000)
  eden space 102400K, 100% used [0x00000000f0000000, 0x00000000f6400000, 0x00000000f6400000)
  from space 12800K,  99% used [0x00000000f7080000, 0x00000000f7cfeab8, 0x00000000f7d00000)
  to   space 12800K,   0% used [0x00000000f6400000, 0x00000000f6400000, 0x00000000f7080000)
 concurrent mark-sweep generation total 134144K, used 134130K [0x00000000f7d00000, 0x0000000100000000, 0x0000000100000000)
 Metaspace       used 51972K, capacity 54794K, committed 55680K, reserved 1097728K
  class space    used 6332K, capacity 6829K, committed 7040K, reserved 1048576K
2023-01-17T04:32:30.205+0800: 160.113: [GC (Allocation Failure) 2023-01-17T04:32:30.205+0800: 160.113: [ParNew: 115194K->115194K(115200K), 0.0000271 secs]2023-01-17T04:32:30.205+0800: 160.113: [CMS: 134130K->134143K(134144K), 0.2048328 secs] 249325K->140400K(249344K), [Metaspace: 51972K->51972K(1097728K)], 0.2052716 secs] [Times: user=0.21 sys=0.00, real=0.21 secs] 
Heap after GC invocations=229 (full 194):
 par new generation   total 115200K, used 6256K [0x00000000f0000000, 0x00000000f7d00000, 0x00000000f7d00000)
  eden space 102400K,   6% used [0x00000000f0000000, 0x00000000f061c278, 0x00000000f6400000)
  from space 12800K,   0% used [0x00000000f7080000, 0x00000000f7080000, 0x00000000f7d00000)
  to   space 12800K,   0% used [0x00000000f6400000, 0x00000000f6400000, 0x00000000f7080000)
 concurrent mark-sweep generation total 134144K, used 134143K [0x00000000f7d00000, 0x0000000100000000, 0x0000000100000000)
 Metaspace       used 51972K, capacity 54794K, committed 55680K, reserved 1097728K
  class space    used 6332K, capacity 6829K, committed 7040K, reserved 1048576K
}
2023-01-17T04:32:30.415+0800: 160.323: [GC (CMS Initial Mark) [1 CMS-initial-mark: 134143K(134144K)] 140723K(249344K), 0.0052441 secs] [Times: user=0.01 sys=0.00, real=0.01 secs] 
2023-01-17T04:32:30.421+0800: 160.329: [CMS-concurrent-mark-start]
2023-01-17T04:32:30.492+0800: 160.400: [CMS-concurrent-mark: 0.072/0.072 secs] [Times: user=0.23 sys=0.03, real=0.07 secs] 
2023-01-17T04:32:30.493+0800: 160.400: [CMS-concurrent-preclean-start]
2023-01-17T04:32:30.535+0800: 160.443: [CMS-concurrent-preclean: 0.042/0.042 secs] [Times: user=0.06 sys=0.02, real=0.04 secs] 
2023-01-17T04:32:30.535+0800: 160.443: [CMS-concurrent-abortable-preclean-start]
2023-01-17T04:32:30.535+0800: 160.443: [CMS-concurrent-abortable-preclean: 0.000/0.000 secs] [Times: user=0.00 sys=0.00, real=0.00 secs] 
2023-01-17T04:32:30.540+0800: 160.447: [GC (CMS Final Remark) [YG occupancy: 62521 K (115200 K)]2023-01-17T04:32:30.540+0800: 160.447: [Rescan (parallel) , 0.0219811 secs]2023-01-17T04:32:30.562+0800: 160.469: [weak refs processing, 0.0000391 secs]2023-01-17T04:32:30.562+0800: 160.469: [class unloading, 0.0129948 secs]2023-01-17T04:32:30.575+0800: 160.482: [scrub symbol table, 0.0051078 secs]2023-01-17T04:32:30.580+0800: 160.488: [scrub string table, 0.0009323 secs][1 CMS-remark: 134143K(134144K)] 196665K(249344K), 0.0412360 secs] [Times: user=0.09 sys=0.00, real=0.04 secs] 
2023-01-17T04:32:30.581+0800: 160.489: [CMS-concurrent-sweep-start]
2023-01-17T04:32:30.600+0800: 160.508: [CMS-concurrent-sweep: 0.019/0.019 secs] [Times: user=0.04 sys=0.01, real=0.02 secs] 
2023-01-17T04:32:30.600+0800: 160.508: [CMS-concurrent-reset-start]
2023-01-17T04:32:30.600+0800: 160.508: [CMS-concurrent-reset: 0.000/0.000 secs] [Times: user=0.01 sys=0.00, real=0.00 secs] 
{Heap before GC invocations=229 (full 195):
 par new generation   total 115200K, used 115200K [0x00000000f0000000, 0x00000000f7d00000, 0x00000000f7d00000)
  eden space 102400K, 100% used [0x00000000f0000000, 0x00000000f6400000, 0x00000000f6400000)
  from space 12800K, 100% used [0x00000000f7080000, 0x00000000f7d00000, 0x00000000f7d00000)
  to   space 12800K,   0% used [0x00000000f6400000, 0x00000000f6400000, 0x00000000f7080000)
 concurrent mark-sweep generation total 134144K, used 134078K [0x00000000f7d00000, 0x0000000100000000, 0x0000000100000000)
 Metaspace       used 51972K, capacity 54794K, committed 55680K, reserved 1097728K
  class space    used 6332K, capacity 6829K, committed 7040K, reserved 1048576K
2023-01-17T04:32:30.946+0800: 160.854: [GC (Allocation Failure) 2023-01-17T04:32:30.946+0800: 160.854: [ParNew: 115200K->115200K(115200K), 0.0000335 secs]2023-01-17T04:32:30.946+0800: 160.854: [CMS: 134078K->134143K(134144K), 0.2112309 secs] 249278K->140161K(249344K), [Metaspace: 51972K->51972K(1097728K)], 0.2116900 secs] [Times: user=0.22 sys=0.00, real=0.21 secs] 
Heap after GC invocations=230 (full 196):
 par new generation   total 115200K, used 6017K [0x00000000f0000000, 0x00000000f7d00000, 0x00000000f7d00000)
  eden space 102400K,   5% used [0x00000000f0000000, 0x00000000f05e04e0, 0x00000000f6400000)
  from space 12800K,   0% used [0x00000000f7080000, 0x00000000f7080000, 0x00000000f7d00000)
  to   space 12800K,   0% used [0x00000000f6400000, 0x00000000f6400000, 0x00000000f7080000)
 concurrent mark-sweep generation total 134144K, used 134143K [0x00000000f7d00000, 0x0000000100000000, 0x0000000100000000)
 Metaspace       used 51972K, capacity 54794K, committed 55680K, reserved 1097728K
  class space    used 6332K, capacity 6829K, committed 7040K, reserved 1048576K
}
2023-01-17T04:32:31.163+0800: 161.070: [GC (CMS Initial Mark) [1 CMS-initial-mark: 134143K(134144K)] 140807K(249344K), 0.0045641 secs] [Times: user=0.01 sys=0.00, real=0.00 secs] 
2023-01-17T04:32:31.167+0800: 161.075: [CMS-concurrent-mark-start]
2023-01-17T04:32:31.239+0800: 161.147: [CMS-concurrent-mark: 0.072/0.072 secs] [Times: user=0.22 sys=0.03, real=0.08 secs] 
2023-01-17T04:32:31.240+0800: 161.147: [CMS-concurrent-preclean-start]
2023-01-17T04:32:31.281+0800: 161.189: [CMS-concurrent-preclean: 0.041/0.041 secs] [Times: user=0.09 sys=0.01, real=0.04 secs] 
2023-01-17T04:32:31.281+0800: 161.189: [CMS-concurrent-abortable-preclean-start]
2023-01-17T04:32:31.281+0800: 161.189: [CMS-concurrent-abortable-preclean: 0.000/0.000 secs] [Times: user=0.00 sys=0.00, real=0.00 secs] 
2023-01-17T04:32:31.322+0800: 161.230: [GC (CMS Final Remark) [YG occupancy: 92098 K (115200 K)]2023-01-17T04:32:31.322+0800: 161.230: [Rescan (parallel) , 0.0337553 secs]2023-01-17T04:32:31.356+0800: 161.264: [weak refs processing, 0.0000477 secs]2023-01-17T04:32:31.356+0800: 161.264: [class unloading, 0.0135515 secs]2023-01-17T04:32:31.370+0800: 161.278: [scrub symbol table, 0.0051871 secs]2023-01-17T04:32:31.375+0800: 161.283: [scrub string table, 0.0008955 secs][1 CMS-remark: 134143K(134144K)] 226242K(249344K), 0.0537547 secs] [Times: user=0.11 sys=0.00, real=0.05 secs] 
2023-01-17T04:32:31.376+0800: 161.284: [CMS-concurrent-sweep-start]
2023-01-17T04:32:31.396+0800: 161.304: [CMS-concurrent-sweep: 0.019/0.019 secs] [Times: user=0.05 sys=0.02, real=0.02 secs] 
2023-01-17T04:32:31.396+0800: 161.304: [CMS-concurrent-reset-start]
2023-01-17T04:32:31.396+0800: 161.304: [CMS-concurrent-reset: 0.000/0.000 secs] [Times: user=0.00 sys=0.00, real=0.00 secs] 
{Heap before GC invocations=230 (full 197):
 par new generation   total 115200K, used 115200K [0x00000000f0000000, 0x00000000f7d00000, 0x00000000f7d00000)
  eden space 102400K, 100% used [0x00000000f0000000, 0x00000000f6400000, 0x00000000f6400000)
  from space 12800K, 100% used [0x00000000f7080000, 0x00000000f7d00000, 0x00000000f7d00000)
  to   space 12800K,   0% used [0x00000000f6400000, 0x00000000f6400000, 0x00000000f7080000)
 concurrent mark-sweep generation total 134144K, used 134108K [0x00000000f7d00000, 0x0000000100000000, 0x0000000100000000)
 Metaspace       used 51972K, capacity 54794K, committed 55680K, reserved 1097728K
  class space    used 6332K, capacity 6829K, committed 7040K, reserved 1048576K
2023-01-17T04:32:31.695+0800: 161.603: [GC (Allocation Failure) 2023-01-17T04:32:31.695+0800: 161.603: [ParNew: 115200K->115200K(115200K), 0.0000268 secs]2023-01-17T04:32:31.695+0800: 161.603: [CMS: 134108K->134143K(134144K), 0.2624708 secs] 249308K->140160K(249344K), [Metaspace: 51972K->51972K(1097728K)], 0.2629688 secs] [Times: user=0.26 sys=0.00, real=0.26 secs] 
Heap after GC invocations=231 (full 198):
 par new generation   total 115200K, used 6016K [0x00000000f0000000, 0x00000000f7d00000, 0x00000000f7d00000)
  eden space 102400K,   5% used [0x00000000f0000000, 0x00000000f05e0250, 0x00000000f6400000)
  from space 12800K,   0% used [0x00000000f7080000, 0x00000000f7080000, 0x00000000f7d00000)
  to   space 12800K,   0% used [0x00000000f6400000, 0x00000000f6400000, 0x00000000f7080000)
 concurrent mark-sweep generation total 134144K, used 134143K [0x00000000f7d00000, 0x0000000100000000, 0x0000000100000000)
 Metaspace       used 51972K, capacity 54794K, committed 55680K, reserved 1097728K
  class space    used 6332K, capacity 6829K, committed 7040K, reserved 1048576K
}
2023-01-17T04:32:31.964+0800: 161.872: [GC (CMS Initial Mark) [1 CMS-initial-mark: 134143K(134144K)] 140237K(249344K), 0.0057456 secs] [Times: user=0.02 sys=0.00, real=0.01 secs] 
2023-01-17T04:32:31.970+0800: 161.878: [CMS-concurrent-mark-start]
2023-01-17T04:32:32.043+0800: 161.951: [CMS-concurrent-mark: 0.073/0.073 secs] [Times: user=0.22 sys=0.04, real=0.07 secs] 
2023-01-17T04:32:32.043+0800: 161.951: [CMS-concurrent-preclean-start]
2023-01-17T04:32:32.091+0800: 161.999: [CMS-concurrent-preclean: 0.048/0.048 secs] [Times: user=0.17 sys=0.02, real=0.05 secs] 
2023-01-17T04:32:32.091+0800: 161.999: [CMS-concurrent-abortable-preclean-start]
2023-01-17T04:32:32.091+0800: 161.999: [CMS-concurrent-abortable-preclean: 0.000/0.000 secs] [Times: user=0.00 sys=0.00, real=0.00 secs] 
2023-01-17T04:32:32.137+0800: 162.045: [GC (CMS Final Remark) [YG occupancy: 106691 K (115200 K)]2023-01-17T04:32:32.137+0800: 162.045: [Rescan (parallel) , 0.0390681 secs]2023-01-17T04:32:32.176+0800: 162.084: [weak refs processing, 0.0000621 secs]2023-01-17T04:32:32.176+0800: 162.084: [class unloading, 0.0179145 secs]2023-01-17T04:32:32.194+0800: 162.102: [scrub symbol table, 0.0052568 secs]2023-01-17T04:32:32.200+0800: 162.107: [scrub string table, 0.0009094 secs][1 CMS-remark: 134143K(134144K)] 240835K(249344K), 0.0634591 secs] [Times: user=0.14 sys=0.00, real=0.07 secs] 
2023-01-17T04:32:32.203+0800: 162.111: [CMS-concurrent-sweep-start]
2023-01-17T04:32:32.222+0800: 162.130: [CMS-concurrent-sweep: 0.019/0.019 secs] [Times: user=0.06 sys=0.00, real=0.02 secs] 
2023-01-17T04:32:32.222+0800: 162.130: [CMS-concurrent-reset-start]
2023-01-17T04:32:32.223+0800: 162.130: [CMS-concurrent-reset: 0.000/0.000 secs] [Times: user=0.00 sys=0.00, real=0.00 secs] 
{Heap before GC invocations=231 (full 199):
 par new generation   total 115200K, used 115199K [0x00000000f0000000, 0x00000000f7d00000, 0x00000000f7d00000)
  eden space 102400K, 100% used [0x00000000f0000000, 0x00000000f6400000, 0x00000000f6400000)
  from space 12800K,  99% used [0x00000000f7080000, 0x00000000f7cfffe8, 0x00000000f7d00000)
  to   space 12800K,   0% used [0x00000000f6400000, 0x00000000f6400000, 0x00000000f7080000)
 concurrent mark-sweep generation total 134144K, used 134102K [0x00000000f7d00000, 0x0000000100000000, 0x0000000100000000)
 Metaspace       used 51972K, capacity 54794K, committed 55680K, reserved 1097728K
  class space    used 6332K, capacity 6829K, committed 7040K, reserved 1048576K
2023-01-17T04:32:32.494+0800: 162.402: [GC (Allocation Failure) 2023-01-17T04:32:32.495+0800: 162.403: [ParNew: 115199K->115199K(115200K), 0.0000291 secs]2023-01-17T04:32:32.495+0800: 162.403: [CMS: 134102K->134143K(134144K), 0.1925006 secs] 249302K->140118K(249344K), [Metaspace: 51972K->51972K(1097728K)], 0.1929655 secs] [Times: user=0.20 sys=0.01, real=0.19 secs] 
Heap after GC invocations=232 (full 200):
 par new generation   total 115200K, used 5974K [0x00000000f0000000, 0x00000000f7d00000, 0x00000000f7d00000)
  eden space 102400K,   5% used [0x00000000f0000000, 0x00000000f05d5970, 0x00000000f6400000)
  from space 12800K,   0% used [0x00000000f7080000, 0x00000000f7080000, 0x00000000f7d00000)
  to   space 12800K,   0% used [0x00000000f6400000, 0x00000000f6400000, 0x00000000f7080000)
 concurrent mark-sweep generation total 134144K, used 134143K [0x00000000f7d00000, 0x0000000100000000, 0x0000000100000000)
 Metaspace       used 51972K, capacity 54794K, committed 55680K, reserved 1097728K
  class space    used 6332K, capacity 6829K, committed 7040K, reserved 1048576K
}
2023-01-17T04:32:32.692+0800: 162.600: [GC (CMS Initial Mark) [1 CMS-initial-mark: 134143K(134144K)] 140441K(249344K), 0.0046948 secs] [Times: user=0.02 sys=0.00, real=0.00 secs] 
2023-01-17T04:32:32.697+0800: 162.605: [CMS-concurrent-mark-start]
2023-01-17T04:32:32.768+0800: 162.676: [CMS-concurrent-mark: 0.071/0.071 secs] [Times: user=0.23 sys=0.03, real=0.07 secs] 
2023-01-17T04:32:32.769+0800: 162.676: [CMS-concurrent-preclean-start]
2023-01-17T04:32:32.812+0800: 162.720: [CMS-concurrent-preclean: 0.044/0.044 secs] [Times: user=0.13 sys=0.01, real=0.05 secs] 
2023-01-17T04:32:32.813+0800: 162.720: [CMS-concurrent-abortable-preclean-start]
2023-01-17T04:32:32.813+0800: 162.720: [CMS-concurrent-abortable-preclean: 0.000/0.000 secs] [Times: user=0.00 sys=0.00, real=0.00 secs] 
2023-01-17T04:32:32.817+0800: 162.725: [GC (CMS Final Remark) [YG occupancy: 75630 K (115200 K)]2023-01-17T04:32:32.817+0800: 162.725: [Rescan (parallel) , 0.0229234 secs]2023-01-17T04:32:32.840+0800: 162.748: [weak refs processing, 0.0000418 secs]2023-01-17T04:32:32.840+0800: 162.748: [class unloading, 0.0138612 secs]2023-01-17T04:32:32.854+0800: 162.762: [scrub symbol table, 0.0051991 secs]2023-01-17T04:32:32.859+0800: 162.767: [scrub string table, 0.0008755 secs][1 CMS-remark: 134143K(134144K)] 209774K(249344K), 0.0431288 secs] [Times: user=0.11 sys=0.00, real=0.05 secs] 
2023-01-17T04:32:32.861+0800: 162.768: [CMS-concurrent-sweep-start]
2023-01-17T04:32:32.879+0800: 162.787: [CMS-concurrent-sweep: 0.018/0.018 secs] [Times: user=0.06 sys=0.01, real=0.01 secs] 
2023-01-17T04:32:32.879+0800: 162.787: [CMS-concurrent-reset-start]
2023-01-17T04:32:32.879+0800: 162.787: [CMS-concurrent-reset: 0.000/0.000 secs] [Times: user=0.00 sys=0.00, real=0.01 secs] 
{Heap before GC invocations=232 (full 201):
 par new generation   total 115200K, used 115200K [0x00000000f0000000, 0x00000000f7d00000, 0x00000000f7d00000)
  eden space 102400K, 100% used [0x00000000f0000000, 0x00000000f6400000, 0x00000000f6400000)
  from space 12800K, 100% used [0x00000000f7080000, 0x00000000f7d00000, 0x00000000f7d00000)
  to   space 12800K,   0% used [0x00000000f6400000, 0x00000000f6400000, 0x00000000f7080000)
 concurrent mark-sweep generation total 134144K, used 134098K [0x00000000f7d00000, 0x0000000100000000, 0x0000000100000000)
 Metaspace       used 51972K, capacity 54794K, committed 55680K, reserved 1097728K
  class space    used 6332K, capacity 6829K, committed 7040K, reserved 1048576K
2023-01-17T04:32:33.224+0800: 163.132: [GC (Allocation Failure) 2023-01-17T04:32:33.224+0800: 163.132: [ParNew: 115200K->115200K(115200K), 0.0000260 secs]2023-01-17T04:32:33.224+0800: 163.132: [CMS: 134098K->134143K(134144K), 0.2041703 secs] 249298K->140169K(249344K), [Metaspace: 51972K->51972K(1097728K)], 0.2046112 secs] [Times: user=0.21 sys=0.00, real=0.20 secs] 
Heap after GC invocations=233 (full 202):
 par new generation   total 115200K, used 6026K [0x00000000f0000000, 0x00000000f7d00000, 0x00000000f7d00000)
  eden space 102400K,   5% used [0x00000000f0000000, 0x00000000f05e2800, 0x00000000f6400000)
  from space 12800K,   0% used [0x00000000f7080000, 0x00000000f7080000, 0x00000000f7d00000)
  to   space 12800K,   0% used [0x00000000f6400000, 0x00000000f6400000, 0x00000000f7080000)
 concurrent mark-sweep generation total 134144K, used 134143K [0x00000000f7d00000, 0x0000000100000000, 0x0000000100000000)
 Metaspace       used 51972K, capacity 54794K, committed 55680K, reserved 1097728K
  class space    used 6332K, capacity 6829K, committed 7040K, reserved 1048576K
}
2023-01-17T04:32:33.433+0800: 163.340: [GC (CMS Initial Mark) [1 CMS-initial-mark: 134143K(134144K)] 140207K(249344K), 0.0046719 secs] [Times: user=0.02 sys=0.00, real=0.00 secs] 
2023-01-17T04:32:33.438+0800: 163.345: [CMS-concurrent-mark-start]
2023-01-17T04:32:33.511+0800: 163.419: [CMS-concurrent-mark: 0.074/0.074 secs] [Times: user=0.23 sys=0.05, real=0.08 secs] 
2023-01-17T04:32:33.512+0800: 163.420: [CMS-concurrent-preclean-start]
2023-01-17T04:32:33.558+0800: 163.466: [CMS-concurrent-preclean: 0.046/0.046 secs] [Times: user=0.16 sys=0.01, real=0.04 secs] 
2023-01-17T04:32:33.558+0800: 163.466: [CMS-concurrent-abortable-preclean-start]
2023-01-17T04:32:33.558+0800: 163.466: [CMS-concurrent-abortable-preclean: 0.000/0.000 secs] [Times: user=0.00 sys=0.01, real=0.00 secs] 
2023-01-17T04:32:33.604+0800: 163.512: [GC (CMS Final Remark) [YG occupancy: 106794 K (115200 K)]2023-01-17T04:32:33.604+0800: 163.512: [Rescan (parallel) , 0.0299654 secs]2023-01-17T04:32:33.634+0800: 163.542: [weak refs processing, 0.0000517 secs]2023-01-17T04:32:33.634+0800: 163.542: [class unloading, 0.0140570 secs]2023-01-17T04:32:33.648+0800: 163.556: [scrub symbol table, 0.0051120 secs]2023-01-17T04:32:33.653+0800: 163.561: [scrub string table, 0.0009119 secs][1 CMS-remark: 134143K(134144K)] 240938K(249344K), 0.0503527 secs] [Times: user=0.14 sys=0.00, real=0.05 secs] 
2023-01-17T04:32:33.655+0800: 163.562: [CMS-concurrent-sweep-start]
2023-01-17T04:32:33.675+0800: 163.583: [CMS-concurrent-sweep: 0.021/0.021 secs] [Times: user=0.05 sys=0.01, real=0.02 secs] 
2023-01-17T04:32:33.679+0800: 163.587: [CMS-concurrent-reset-start]
2023-01-17T04:32:33.679+0800: 163.587: [CMS-concurrent-reset: 0.000/0.000 secs] [Times: user=0.00 sys=0.00, real=0.00 secs] 
{Heap before GC invocations=233 (full 203):
 par new generation   total 115200K, used 115199K [0x00000000f0000000, 0x00000000f7d00000, 0x00000000f7d00000)
  eden space 102400K, 100% used [0x00000000f0000000, 0x00000000f6400000, 0x00000000f6400000)
  from space 12800K,  99% used [0x00000000f7080000, 0x00000000f7cffdc8, 0x00000000f7d00000)
  to   space 12800K,   0% used [0x00000000f6400000, 0x00000000f6400000, 0x00000000f7080000)
 concurrent mark-sweep generation total 134144K, used 134042K [0x00000000f7d00000, 0x0000000100000000, 0x0000000100000000)
 Metaspace       used 51972K, capacity 54794K, committed 55680K, reserved 1097728K
  class space    used 6332K, capacity 6829K, committed 7040K, reserved 1048576K
2023-01-17T04:32:33.963+0800: 163.871: [GC (Allocation Failure) 2023-01-17T04:32:33.963+0800: 163.871: [ParNew: 115199K->115199K(115200K), 0.0000290 secs]2023-01-17T04:32:33.963+0800: 163.871: [CMS: 134042K->134144K(134144K), 0.1941106 secs] 249242K->140062K(249344K), [Metaspace: 51972K->51972K(1097728K)], 0.1945492 secs] [Times: user=0.20 sys=0.00, real=0.19 secs] 
Heap after GC invocations=234 (full 204):
 par new generation   total 115200K, used 5918K [0x00000000f0000000, 0x00000000f7d00000, 0x00000000f7d00000)
  eden space 102400K,   5% used [0x00000000f0000000, 0x00000000f05c7bd8, 0x00000000f6400000)
  from space 12800K,   0% used [0x00000000f7080000, 0x00000000f7080000, 0x00000000f7d00000)
  to   space 12800K,   0% used [0x00000000f6400000, 0x00000000f6400000, 0x00000000f7080000)
 concurrent mark-sweep generation total 134144K, used 134144K [0x00000000f7d00000, 0x0000000100000000, 0x0000000100000000)
 Metaspace       used 51972K, capacity 54794K, committed 55680K, reserved 1097728K
  class space    used 6332K, capacity 6829K, committed 7040K, reserved 1048576K
}
2023-01-17T04:32:34.168+0800: 164.075: [GC (CMS Initial Mark) [1 CMS-initial-mark: 134144K(134144K)] 145124K(249344K), 0.0057749 secs] [Times: user=0.02 sys=0.00, real=0.01 secs] 
2023-01-17T04:32:34.174+0800: 164.082: [CMS-concurrent-mark-start]
2023-01-17T04:32:34.236+0800: 164.144: [CMS-concurrent-mark: 0.062/0.062 secs] [Times: user=0.14 sys=0.01, real=0.06 secs] 
2023-01-17T04:32:34.236+0800: 164.144: [CMS-concurrent-preclean-start]
2023-01-17T04:32:34.277+0800: 164.184: [CMS-concurrent-preclean: 0.040/0.040 secs] [Times: user=0.07 sys=0.01, real=0.04 secs] 
2023-01-17T04:32:34.277+0800: 164.185: [CMS-concurrent-abortable-preclean-start]
2023-01-17T04:32:34.277+0800: 164.185: [CMS-concurrent-abortable-preclean: 0.000/0.000 secs] [Times: user=0.00 sys=0.00, real=0.00 secs] 
2023-01-17T04:32:34.281+0800: 164.189: [GC (CMS Final Remark) [YG occupancy: 41131 K (115200 K)]2023-01-17T04:32:34.281+0800: 164.189: [Rescan (parallel) , 0.0179803 secs]2023-01-17T04:32:34.299+0800: 164.207: [weak refs processing, 0.0000434 secs]2023-01-17T04:32:34.299+0800: 164.207: [class unloading, 0.0138494 secs]2023-01-17T04:32:34.313+0800: 164.221: [scrub symbol table, 0.0051711 secs]2023-01-17T04:32:34.318+0800: 164.226: [scrub string table, 0.0009141 secs][1 CMS-remark: 134144K(134144K)] 175275K(249344K), 0.0381404 secs] [Times: user=0.07 sys=0.00, real=0.03 secs] 
2023-01-17T04:32:34.320+0800: 164.227: [CMS-concurrent-sweep-start]
2023-01-17T04:32:34.337+0800: 164.245: [CMS-concurrent-sweep: 0.017/0.017 secs] [Times: user=0.04 sys=0.00, real=0.01 secs] 
2023-01-17T04:32:34.337+0800: 164.245: [CMS-concurrent-reset-start]
2023-01-17T04:32:34.337+0800: 164.245: [CMS-concurrent-reset: 0.000/0.000 secs] [Times: user=0.00 sys=0.00, real=0.00 secs] 
{Heap before GC invocations=234 (full 205):
 par new generation   total 115200K, used 115199K [0x00000000f0000000, 0x00000000f7d00000, 0x00000000f7d00000)
  eden space 102400K, 100% used [0x00000000f0000000, 0x00000000f6400000, 0x00000000f6400000)
  from space 12800K,  99% used [0x00000000f7080000, 0x00000000f7cfffd0, 0x00000000f7d00000)
  to   space 12800K,   0% used [0x00000000f6400000, 0x00000000f6400000, 0x00000000f7080000)
 concurrent mark-sweep generation total 134144K, used 134055K [0x00000000f7d00000, 0x0000000100000000, 0x0000000100000000)
 Metaspace       used 51972K, capacity 54794K, committed 55680K, reserved 1097728K
  class space    used 6332K, capacity 6829K, committed 7040K, reserved 1048576K
2023-01-17T04:32:34.713+0800: 164.621: [GC (Allocation Failure) 2023-01-17T04:32:34.713+0800: 164.621: [ParNew: 115199K->115199K(115200K), 0.0000262 secs]2023-01-17T04:32:34.713+0800: 164.621: [CMS: 134055K->134144K(134144K), 0.1954071 secs] 249255K->140219K(249344K), [Metaspace: 51972K->51972K(1097728K)], 0.1958549 secs] [Times: user=0.20 sys=0.00, real=0.19 secs] 
Heap after GC invocations=235 (full 206):
 par new generation   total 115200K, used 6075K [0x00000000f0000000, 0x00000000f7d00000, 0x00000000f7d00000)
  eden space 102400K,   5% used [0x00000000f0000000, 0x00000000f05eeee8, 0x00000000f6400000)
  from space 12800K,   0% used [0x00000000f7080000, 0x00000000f7080000, 0x00000000f7d00000)
  to   space 12800K,   0% used [0x00000000f6400000, 0x00000000f6400000, 0x00000000f7080000)
 concurrent mark-sweep generation total 134144K, used 134144K [0x00000000f7d00000, 0x0000000100000000, 0x0000000100000000)
 Metaspace       used 51972K, capacity 54794K, committed 55680K, reserved 1097728K
  class space    used 6332K, capacity 6829K, committed 7040K, reserved 1048576K
}
2023-01-17T04:32:34.913+0800: 164.820: [GC (CMS Initial Mark) [1 CMS-initial-mark: 134144K(134144K)] 140286K(249344K), 0.0050744 secs] [Times: user=0.02 sys=0.00, real=0.00 secs] 
2023-01-17T04:32:34.918+0800: 164.826: [CMS-concurrent-mark-start]
2023-01-17T04:32:34.998+0800: 164.906: [CMS-concurrent-mark: 0.080/0.080 secs] [Times: user=0.25 sys=0.06, real=0.08 secs] 
2023-01-17T04:32:34.998+0800: 164.906: [CMS-concurrent-preclean-start]
2023-01-17T04:32:35.040+0800: 164.948: [CMS-concurrent-preclean: 0.042/0.042 secs] [Times: user=0.11 sys=0.01, real=0.05 secs] 
2023-01-17T04:32:35.041+0800: 164.948: [CMS-concurrent-abortable-preclean-start]
2023-01-17T04:32:35.041+0800: 164.948: [CMS-concurrent-abortable-preclean: 0.000/0.000 secs] [Times: user=0.00 sys=0.00, real=0.00 secs] 
2023-01-17T04:32:35.044+0800: 164.952: [GC (CMS Final Remark) [YG occupancy: 82981 K (115200 K)]2023-01-17T04:32:35.045+0800: 164.952: [Rescan (parallel) , 0.0229385 secs]2023-01-17T04:32:35.067+0800: 164.975: [weak refs processing, 0.0000488 secs]2023-01-17T04:32:35.068+0800: 164.975: [class unloading, 0.0131351 secs]2023-01-17T04:32:35.081+0800: 164.988: [scrub symbol table, 0.0051694 secs]2023-01-17T04:32:35.086+0800: 164.994: [scrub string table, 0.0008869 secs][1 CMS-remark: 134144K(134144K)] 217125K(249344K), 0.0423892 secs] [Times: user=0.11 sys=0.00, real=0.04 secs] 
2023-01-17T04:32:35.088+0800: 164.995: [CMS-concurrent-sweep-start]
2023-01-17T04:32:35.108+0800: 165.016: [CMS-concurrent-sweep: 0.021/0.021 secs] [Times: user=0.07 sys=0.02, real=0.02 secs] 
2023-01-17T04:32:35.109+0800: 165.016: [CMS-concurrent-reset-start]
2023-01-17T04:32:35.109+0800: 165.017: [CMS-concurrent-reset: 0.000/0.000 secs] [Times: user=0.00 sys=0.00, real=0.00 secs] 
{Heap before GC invocations=235 (full 207):
 par new generation   total 115200K, used 115199K [0x00000000f0000000, 0x00000000f7d00000, 0x00000000f7d00000)
  eden space 102400K, 100% used [0x00000000f0000000, 0x00000000f6400000, 0x00000000f6400000)
  from space 12800K,  99% used [0x00000000f7080000, 0x00000000f7cfffe8, 0x00000000f7d00000)
  to   space 12800K,   0% used [0x00000000f6400000, 0x00000000f6400000, 0x00000000f7080000)
 concurrent mark-sweep generation total 134144K, used 133953K [0x00000000f7d00000, 0x0000000100000000, 0x0000000100000000)
 Metaspace       used 51972K, capacity 54794K, committed 55680K, reserved 1097728K
  class space    used 6332K, capacity 6829K, committed 7040K, reserved 1048576K
2023-01-17T04:32:35.434+0800: 165.341: [GC (Allocation Failure) 2023-01-17T04:32:35.434+0800: 165.342: [ParNew: 115199K->115199K(115200K), 0.0000267 secs]2023-01-17T04:32:35.434+0800: 165.342: [CMS: 133953K->134143K(134144K), 0.1971967 secs] 249153K->140207K(249344K), [Metaspace: 51972K->51972K(1097728K)], 0.1976405 secs] [Times: user=0.20 sys=0.00, real=0.20 secs] 
Heap after GC invocations=236 (full 208):
 par new generation   total 115200K, used 6063K [0x00000000f0000000, 0x00000000f7d00000, 0x00000000f7d00000)
  eden space 102400K,   5% used [0x00000000f0000000, 0x00000000f05ebe40, 0x00000000f6400000)
  from space 12800K,   0% used [0x00000000f7080000, 0x00000000f7080000, 0x00000000f7d00000)
  to   space 12800K,   0% used [0x00000000f6400000, 0x00000000f6400000, 0x00000000f7080000)
 concurrent mark-sweep generation total 134144K, used 134143K [0x00000000f7d00000, 0x0000000100000000, 0x0000000100000000)
 Metaspace       used 51972K, capacity 54794K, committed 55680K, reserved 1097728K
  class space    used 6332K, capacity 6829K, committed 7040K, reserved 1048576K
}
2023-01-17T04:32:35.636+0800: 165.544: [GC (CMS Initial Mark) [1 CMS-initial-mark: 134143K(134144K)] 140495K(249344K), 0.0060611 secs] [Times: user=0.02 sys=0.00, real=0.01 secs] 
2023-01-17T04:32:35.642+0800: 165.550: [CMS-concurrent-mark-start]
2023-01-17T04:32:35.715+0800: 165.623: [CMS-concurrent-mark: 0.073/0.073 secs] [Times: user=0.19 sys=0.02, real=0.07 secs] 
2023-01-17T04:32:35.716+0800: 165.623: [CMS-concurrent-preclean-start]
2023-01-17T04:32:35.755+0800: 165.663: [CMS-concurrent-preclean: 0.039/0.039 secs] [Times: user=0.07 sys=0.01, real=0.04 secs] 
2023-01-17T04:32:35.755+0800: 165.663: [CMS-concurrent-abortable-preclean-start]
2023-01-17T04:32:35.755+0800: 165.663: [CMS-concurrent-abortable-preclean: 0.000/0.000 secs] [Times: user=0.00 sys=0.00, real=0.00 secs] 
2023-01-17T04:32:35.759+0800: 165.667: [GC (CMS Final Remark) [YG occupancy: 53849 K (115200 K)]2023-01-17T04:32:35.759+0800: 165.667: [Rescan (parallel) , 0.0154953 secs]2023-01-17T04:32:35.775+0800: 165.683: [weak refs processing, 0.0000554 secs]2023-01-17T04:32:35.775+0800: 165.683: [class unloading, 0.0132948 secs]2023-01-17T04:32:35.788+0800: 165.696: [scrub symbol table, 0.0050967 secs]2023-01-17T04:32:35.793+0800: 165.701: [scrub string table, 0.0008855 secs][1 CMS-remark: 134143K(134144K)] 187993K(249344K), 0.0350211 secs] [Times: user=0.08 sys=0.00, real=0.04 secs] 
2023-01-17T04:32:35.795+0800: 165.703: [CMS-concurrent-sweep-start]
2023-01-17T04:32:35.812+0800: 165.719: [CMS-concurrent-sweep: 0.016/0.016 secs] [Times: user=0.04 sys=0.00, real=0.02 secs] 
2023-01-17T04:32:35.812+0800: 165.720: [CMS-concurrent-reset-start]
2023-01-17T04:32:35.812+0800: 165.720: [CMS-concurrent-reset: 0.000/0.000 secs] [Times: user=0.00 sys=0.00, real=0.00 secs] 
{Heap before GC invocations=236 (full 209):
 par new generation   total 115200K, used 115193K [0x00000000f0000000, 0x00000000f7d00000, 0x00000000f7d00000)
  eden space 102400K, 100% used [0x00000000f0000000, 0x00000000f6400000, 0x00000000f6400000)
  from space 12800K,  99% used [0x00000000f7080000, 0x00000000f7cfe410, 0x00000000f7d00000)
  to   space 12800K,   0% used [0x00000000f6400000, 0x00000000f6400000, 0x00000000f7080000)
 concurrent mark-sweep generation total 134144K, used 134111K [0x00000000f7d00000, 0x0000000100000000, 0x0000000100000000)
 Metaspace       used 51972K, capacity 54794K, committed 55680K, reserved 1097728K
  class space    used 6332K, capacity 6829K, committed 7040K, reserved 1048576K
2023-01-17T04:32:36.165+0800: 166.073: [GC (Allocation Failure) 2023-01-17T04:32:36.166+0800: 166.074: [ParNew: 115193K->115193K(115200K), 0.0000279 secs]2023-01-17T04:32:36.166+0800: 166.074: [CMS: 134111K->134143K(134144K), 0.1929762 secs] 249304K->140126K(249344K), [Metaspace: 51972K->51972K(1097728K)], 0.1934184 secs] [Times: user=0.19 sys=0.00, real=0.19 secs] 
Heap after GC invocations=237 (full 210):
 par new generation   total 115200K, used 5982K [0x00000000f0000000, 0x00000000f7d00000, 0x00000000f7d00000)
  eden space 102400K,   5% used [0x00000000f0000000, 0x00000000f05d79e0, 0x00000000f6400000)
  from space 12800K,   0% used [0x00000000f7080000, 0x00000000f7080000, 0x00000000f7d00000)
  to   space 12800K,   0% used [0x00000000f6400000, 0x00000000f6400000, 0x00000000f7080000)
 concurrent mark-sweep generation total 134144K, used 134143K [0x00000000f7d00000, 0x0000000100000000, 0x0000000100000000)
 Metaspace       used 51972K, capacity 54794K, committed 55680K, reserved 1097728K
  class space    used 6332K, capacity 6829K, committed 7040K, reserved 1048576K
}
2023-01-17T04:32:36.364+0800: 166.272: [GC (CMS Initial Mark) [1 CMS-initial-mark: 134143K(134144K)] 140630K(249344K), 0.0048144 secs] [Times: user=0.02 sys=0.00, real=0.00 secs] 
2023-01-17T04:32:36.369+0800: 166.277: [CMS-concurrent-mark-start]
2023-01-17T04:32:36.443+0800: 166.351: [CMS-concurrent-mark: 0.074/0.074 secs] [Times: user=0.23 sys=0.03, real=0.08 secs] 
2023-01-17T04:32:36.443+0800: 166.351: [CMS-concurrent-preclean-start]
2023-01-17T04:32:36.485+0800: 166.392: [CMS-concurrent-preclean: 0.041/0.041 secs] [Times: user=0.09 sys=0.01, real=0.04 secs] 
2023-01-17T04:32:36.485+0800: 166.393: [CMS-concurrent-abortable-preclean-start]
2023-01-17T04:32:36.485+0800: 166.393: [CMS-concurrent-abortable-preclean: 0.000/0.000 secs] [Times: user=0.00 sys=0.00, real=0.00 secs] 
2023-01-17T04:32:36.490+0800: 166.397: [GC (CMS Final Remark) [YG occupancy: 70905 K (115200 K)]2023-01-17T04:32:36.490+0800: 166.397: [Rescan (parallel) , 0.0202862 secs]2023-01-17T04:32:36.510+0800: 166.418: [weak refs processing, 0.0000467 secs]2023-01-17T04:32:36.510+0800: 166.418: [class unloading, 0.0138366 secs]2023-01-17T04:32:36.524+0800: 166.432: [scrub symbol table, 0.0051842 secs]2023-01-17T04:32:36.529+0800: 166.437: [scrub string table, 0.0008995 secs][1 CMS-remark: 134143K(134144K)] 205049K(249344K), 0.0404929 secs] [Times: user=0.10 sys=0.00, real=0.04 secs] 
2023-01-17T04:32:36.530+0800: 166.438: [CMS-concurrent-sweep-start]
2023-01-17T04:32:36.550+0800: 166.458: [CMS-concurrent-sweep: 0.020/0.020 secs] [Times: user=0.07 sys=0.00, real=0.02 secs] 
2023-01-17T04:32:36.550+0800: 166.458: [CMS-concurrent-reset-start]
2023-01-17T04:32:36.551+0800: 166.458: [CMS-concurrent-reset: 0.000/0.000 secs] [Times: user=0.00 sys=0.01, real=0.00 secs] 
{Heap before GC invocations=237 (full 211):
 par new generation   total 115200K, used 115200K [0x00000000f0000000, 0x00000000f7d00000, 0x00000000f7d00000)
  eden space 102400K, 100% used [0x00000000f0000000, 0x00000000f6400000, 0x00000000f6400000)
  from space 12800K, 100% used [0x00000000f7080000, 0x00000000f7d00000, 0x00000000f7d00000)
  to   space 12800K,   0% used [0x00000000f6400000, 0x00000000f6400000, 0x00000000f7080000)
 concurrent mark-sweep generation total 134144K, used 134069K [0x00000000f7d00000, 0x0000000100000000, 0x0000000100000000)
 Metaspace       used 51972K, capacity 54794K, committed 55680K, reserved 1097728K
  class space    used 6332K, capacity 6829K, committed 7040K, reserved 1048576K
2023-01-17T04:32:36.912+0800: 166.820: [GC (Allocation Failure) 2023-01-17T04:32:36.912+0800: 166.820: [ParNew: 115200K->115200K(115200K), 0.0000326 secs]2023-01-17T04:32:36.913+0800: 166.820: [CMS: 134069K->134143K(134144K), 0.1907732 secs] 249269K->140120K(249344K), [Metaspace: 51972K->51972K(1097728K)], 0.1911819 secs] [Times: user=0.19 sys=0.00, real=0.19 secs] 
Heap after GC invocations=238 (full 212):
 par new generation   total 115200K, used 5976K [0x00000000f0000000, 0x00000000f7d00000, 0x00000000f7d00000)
  eden space 102400K,   5% used [0x00000000f0000000, 0x00000000f05d61d8, 0x00000000f6400000)
  from space 12800K,   0% used [0x00000000f7080000, 0x00000000f7080000, 0x00000000f7d00000)
  to   space 12800K,   0% used [0x00000000f6400000, 0x00000000f6400000, 0x00000000f7080000)
 concurrent mark-sweep generation total 134144K, used 134143K [0x00000000f7d00000, 0x0000000100000000, 0x0000000100000000)
 Metaspace       used 51972K, capacity 54794K, committed 55680K, reserved 1097728K
  class space    used 6332K, capacity 6829K, committed 7040K, reserved 1048576K
}
2023-01-17T04:32:37.109+0800: 167.017: [GC (CMS Initial Mark) [1 CMS-initial-mark: 134143K(134144K)] 141007K(249344K), 0.0051967 secs] [Times: user=0.02 sys=0.00, real=0.01 secs] 
2023-01-17T04:32:37.114+0800: 167.022: [CMS-concurrent-mark-start]
2023-01-17T04:32:37.177+0800: 167.085: [CMS-concurrent-mark: 0.063/0.063 secs] [Times: user=0.13 sys=0.03, real=0.06 secs] 
2023-01-17T04:32:37.178+0800: 167.086: [CMS-concurrent-preclean-start]
2023-01-17T04:32:37.227+0800: 167.135: [CMS-concurrent-preclean: 0.049/0.049 secs] [Times: user=0.13 sys=0.02, real=0.05 secs] 
2023-01-17T04:32:37.228+0800: 167.136: [CMS-concurrent-abortable-preclean-start]
2023-01-17T04:32:37.228+0800: 167.136: [CMS-concurrent-abortable-preclean: 0.000/0.000 secs] [Times: user=0.00 sys=0.00, real=0.00 secs] 
2023-01-17T04:32:37.233+0800: 167.141: [GC (CMS Final Remark) [YG occupancy: 54489 K (115200 K)]2023-01-17T04:32:37.233+0800: 167.141: [Rescan (parallel) , 0.0162231 secs]2023-01-17T04:32:37.249+0800: 167.157: [weak refs processing, 0.0000467 secs]2023-01-17T04:32:37.249+0800: 167.157: [class unloading, 0.0130125 secs]2023-01-17T04:32:37.262+0800: 167.170: [scrub symbol table, 0.0051127 secs]2023-01-17T04:32:37.267+0800: 167.175: [scrub string table, 0.0008565 secs][1 CMS-remark: 134143K(134144K)] 188633K(249344K), 0.0354229 secs] [Times: user=0.08 sys=0.00, real=0.03 secs] 
2023-01-17T04:32:37.269+0800: 167.177: [CMS-concurrent-sweep-start]
2023-01-17T04:32:37.290+0800: 167.198: [CMS-concurrent-sweep: 0.021/0.021 secs] [Times: user=0.07 sys=0.00, real=0.03 secs] 
2023-01-17T04:32:37.290+0800: 167.198: [CMS-concurrent-reset-start]
2023-01-17T04:32:37.291+0800: 167.198: [CMS-concurrent-reset: 0.000/0.000 secs] [Times: user=0.00 sys=0.00, real=0.00 secs] 
{Heap before GC invocations=238 (full 213):
 par new generation   total 115200K, used 115199K [0x00000000f0000000, 0x00000000f7d00000, 0x00000000f7d00000)
  eden space 102400K, 100% used [0x00000000f0000000, 0x00000000f6400000, 0x00000000f6400000)
  from space 12800K,  99% used [0x00000000f7080000, 0x00000000f7cfffe0, 0x00000000f7d00000)
  to   space 12800K,   0% used [0x00000000f6400000, 0x00000000f6400000, 0x00000000f7080000)
 concurrent mark-sweep generation total 134144K, used 134094K [0x00000000f7d00000, 0x0000000100000000, 0x0000000100000000)
 Metaspace       used 51972K, capacity 54794K, committed 55680K, reserved 1097728K
  class space    used 6332K, capacity 6829K, committed 7040K, reserved 1048576K
2023-01-17T04:32:37.649+0800: 167.557: [GC (Allocation Failure) 2023-01-17T04:32:37.649+0800: 167.557: [ParNew: 115199K->115199K(115200K), 0.0000333 secs]2023-01-17T04:32:37.649+0800: 167.557: [CMS: 134094K->134143K(134144K), 0.2058527 secs] 249294K->140046K(249344K), [Metaspace: 51972K->51972K(1097728K)], 0.2063484 secs] [Times: user=0.21 sys=0.00, real=0.21 secs] 
Heap after GC invocations=239 (full 214):
 par new generation   total 115200K, used 5902K [0x00000000f0000000, 0x00000000f7d00000, 0x00000000f7d00000)
  eden space 102400K,   5% used [0x00000000f0000000, 0x00000000f05c3a68, 0x00000000f6400000)
  from space 12800K,   0% used [0x00000000f7080000, 0x00000000f7080000, 0x00000000f7d00000)
  to   space 12800K,   0% used [0x00000000f6400000, 0x00000000f6400000, 0x00000000f7080000)
 concurrent mark-sweep generation total 134144K, used 134143K [0x00000000f7d00000, 0x0000000100000000, 0x0000000100000000)
 Metaspace       used 51972K, capacity 54794K, committed 55680K, reserved 1097728K
  class space    used 6332K, capacity 6829K, committed 7040K, reserved 1048576K
}
2023-01-17T04:32:37.867+0800: 167.775: [GC (CMS Initial Mark) [1 CMS-initial-mark: 134143K(134144K)] 144436K(249344K), 0.0076053 secs] [Times: user=0.02 sys=0.00, real=0.01 secs] 
2023-01-17T04:32:37.875+0800: 167.783: [CMS-concurrent-mark-start]
2023-01-17T04:32:37.936+0800: 167.844: [CMS-concurrent-mark: 0.061/0.061 secs] [Times: user=0.13 sys=0.01, real=0.06 secs] 
2023-01-17T04:32:37.936+0800: 167.844: [CMS-concurrent-preclean-start]
2023-01-17T04:32:37.976+0800: 167.884: [CMS-concurrent-preclean: 0.039/0.039 secs] [Times: user=0.07 sys=0.01, real=0.04 secs] 
2023-01-17T04:32:37.976+0800: 167.884: [CMS-concurrent-abortable-preclean-start]
2023-01-17T04:32:37.976+0800: 167.884: [CMS-concurrent-abortable-preclean: 0.000/0.000 secs] [Times: user=0.00 sys=0.00, real=0.00 secs] 
2023-01-17T04:32:37.980+0800: 167.888: [GC (CMS Final Remark) [YG occupancy: 40082 K (115200 K)]2023-01-17T04:32:37.980+0800: 167.888: [Rescan (parallel) , 0.0172095 secs]2023-01-17T04:32:37.997+0800: 167.905: [weak refs processing, 0.0000442 secs]2023-01-17T04:32:37.997+0800: 167.905: [class unloading, 0.0134610 secs]2023-01-17T04:32:38.011+0800: 167.919: [scrub symbol table, 0.0053021 secs]2023-01-17T04:32:38.016+0800: 167.924: [scrub string table, 0.0008663 secs][1 CMS-remark: 134143K(134144K)] 174226K(249344K), 0.0370634 secs] [Times: user=0.07 sys=0.00, real=0.03 secs] 
2023-01-17T04:32:38.018+0800: 167.926: [CMS-concurrent-sweep-start]
2023-01-17T04:32:38.035+0800: 167.943: [CMS-concurrent-sweep: 0.017/0.017 secs] [Times: user=0.03 sys=0.00, real=0.02 secs] 
2023-01-17T04:32:38.036+0800: 167.943: [CMS-concurrent-reset-start]
2023-01-17T04:32:38.036+0800: 167.944: [CMS-concurrent-reset: 0.000/0.000 secs] [Times: user=0.00 sys=0.00, real=0.00 secs] 
{Heap before GC invocations=239 (full 215):
 par new generation   total 115200K, used 115196K [0x00000000f0000000, 0x00000000f7d00000, 0x00000000f7d00000)
  eden space 102400K, 100% used [0x00000000f0000000, 0x00000000f6400000, 0x00000000f6400000)
  from space 12800K,  99% used [0x00000000f7080000, 0x00000000f7cff210, 0x00000000f7d00000)
  to   space 12800K,   0% used [0x00000000f6400000, 0x00000000f6400000, 0x00000000f7080000)
 concurrent mark-sweep generation total 134144K, used 134012K [0x00000000f7d00000, 0x0000000100000000, 0x0000000100000000)
 Metaspace       used 51972K, capacity 54794K, committed 55680K, reserved 1097728K
  class space    used 6332K, capacity 6829K, committed 7040K, reserved 1048576K
2023-01-17T04:32:38.442+0800: 168.349: [GC (Allocation Failure) 2023-01-17T04:32:38.442+0800: 168.350: [ParNew: 115196K->115196K(115200K), 0.0000292 secs]2023-01-17T04:32:38.442+0800: 168.350: [CMS: 134012K->134143K(134144K), 0.2018712 secs] 249208K->140160K(249344K), [Metaspace: 51972K->51972K(1097728K)], 0.2022827 secs] [Times: user=0.20 sys=0.00, real=0.20 secs] 
Heap after GC invocations=240 (full 216):
 par new generation   total 115200K, used 6016K [0x00000000f0000000, 0x00000000f7d00000, 0x00000000f7d00000)
  eden space 102400K,   5% used [0x00000000f0000000, 0x00000000f05e0368, 0x00000000f6400000)
  from space 12800K,   0% used [0x00000000f7080000, 0x00000000f7080000, 0x00000000f7d00000)
  to   space 12800K,   0% used [0x00000000f6400000, 0x00000000f6400000, 0x00000000f7080000)
 concurrent mark-sweep generation total 134144K, used 134143K [0x00000000f7d00000, 0x0000000100000000, 0x0000000100000000)
 Metaspace       used 51972K, capacity 54794K, committed 55680K, reserved 1097728K
  class space    used 6332K, capacity 6829K, committed 7040K, reserved 1048576K
}
2023-01-17T04:32:38.649+0800: 168.557: [GC (CMS Initial Mark) [1 CMS-initial-mark: 134143K(134144K)] 140886K(249344K), 0.0044351 secs] [Times: user=0.02 sys=0.00, real=0.01 secs] 
2023-01-17T04:32:38.654+0800: 168.561: [CMS-concurrent-mark-start]
2023-01-17T04:32:38.721+0800: 168.629: [CMS-concurrent-mark: 0.067/0.067 secs] [Times: user=0.20 sys=0.03, real=0.07 secs] 
2023-01-17T04:32:38.721+0800: 168.629: [CMS-concurrent-preclean-start]
2023-01-17T04:32:38.763+0800: 168.671: [CMS-concurrent-preclean: 0.042/0.042 secs] [Times: user=0.12 sys=0.02, real=0.04 secs] 
2023-01-17T04:32:38.764+0800: 168.671: [CMS-concurrent-abortable-preclean-start]
2023-01-17T04:32:38.764+0800: 168.671: [CMS-concurrent-abortable-preclean: 0.000/0.000 secs] [Times: user=0.00 sys=0.00, real=0.00 secs] 
2023-01-17T04:32:38.768+0800: 168.676: [GC (CMS Final Remark) [YG occupancy: 72952 K (115200 K)]2023-01-17T04:32:38.768+0800: 168.676: [Rescan (parallel) , 0.0214898 secs]2023-01-17T04:32:38.790+0800: 168.698: [weak refs processing, 0.0000418 secs]2023-01-17T04:32:38.790+0800: 168.698: [class unloading, 0.0132479 secs]2023-01-17T04:32:38.803+0800: 168.711: [scrub symbol table, 0.0051637 secs]2023-01-17T04:32:38.808+0800: 168.716: [scrub string table, 0.0008680 secs][1 CMS-remark: 134143K(134144K)] 207095K(249344K), 0.0410192 secs] [Times: user=0.10 sys=0.00, real=0.04 secs] 
2023-01-17T04:32:38.810+0800: 168.717: [CMS-concurrent-sweep-start]
2023-01-17T04:32:38.826+0800: 168.734: [CMS-concurrent-sweep: 0.017/0.017 secs] [Times: user=0.06 sys=0.00, real=0.01 secs] 
2023-01-17T04:32:38.826+0800: 168.734: [CMS-concurrent-reset-start]
2023-01-17T04:32:38.827+0800: 168.734: [CMS-concurrent-reset: 0.000/0.000 secs] [Times: user=0.00 sys=0.00, real=0.00 secs] 
{Heap before GC invocations=240 (full 217):
 par new generation   total 115200K, used 115200K [0x00000000f0000000, 0x00000000f7d00000, 0x00000000f7d00000)
  eden space 102400K, 100% used [0x00000000f0000000, 0x00000000f6400000, 0x00000000f6400000)
  from space 12800K, 100% used [0x00000000f7080000, 0x00000000f7d00000, 0x00000000f7d00000)
  to   space 12800K,   0% used [0x00000000f6400000, 0x00000000f6400000, 0x00000000f7080000)
 concurrent mark-sweep generation total 134144K, used 134012K [0x00000000f7d00000, 0x0000000100000000, 0x0000000100000000)
 Metaspace       used 51972K, capacity 54794K, committed 55680K, reserved 1097728K
  class space    used 6332K, capacity 6829K, committed 7040K, reserved 1048576K
2023-01-17T04:32:39.179+0800: 169.087: [GC (Allocation Failure) 2023-01-17T04:32:39.179+0800: 169.087: [ParNew: 115200K->115200K(115200K), 0.0000274 secs]2023-01-17T04:32:39.179+0800: 169.087: [CMS: 134012K->134143K(134144K), 0.2089017 secs] 249212K->140150K(249344K), [Metaspace: 51972K->51972K(1097728K)], 0.2093444 secs] [Times: user=0.22 sys=0.00, real=0.21 secs] 
Heap after GC invocations=241 (full 218):
 par new generation   total 115200K, used 6006K [0x00000000f0000000, 0x00000000f7d00000, 0x00000000f7d00000)
  eden space 102400K,   5% used [0x00000000f0000000, 0x00000000f05dd900, 0x00000000f6400000)
  from space 12800K,   0% used [0x00000000f7080000, 0x00000000f7080000, 0x00000000f7d00000)
  to   space 12800K,   0% used [0x00000000f6400000, 0x00000000f6400000, 0x00000000f7080000)
 concurrent mark-sweep generation total 134144K, used 134143K [0x00000000f7d00000, 0x0000000100000000, 0x0000000100000000)
 Metaspace       used 51972K, capacity 54794K, committed 55680K, reserved 1097728K
  class space    used 6332K, capacity 6829K, committed 7040K, reserved 1048576K
}
2023-01-17T04:32:39.393+0800: 169.301: [GC (CMS Initial Mark) [1 CMS-initial-mark: 134143K(134144K)] 140475K(249344K), 0.0045561 secs] [Times: user=0.02 sys=0.00, real=0.00 secs] 
2023-01-17T04:32:39.398+0800: 169.306: [CMS-concurrent-mark-start]
2023-01-17T04:32:39.467+0800: 169.374: [CMS-concurrent-mark: 0.068/0.068 secs] [Times: user=0.20 sys=0.04, real=0.07 secs] 
2023-01-17T04:32:39.467+0800: 169.374: [CMS-concurrent-preclean-start]
2023-01-17T04:32:39.514+0800: 169.422: [CMS-concurrent-preclean: 0.048/0.048 secs] [Times: user=0.15 sys=0.01, real=0.05 secs] 
2023-01-17T04:32:39.515+0800: 169.422: [CMS-concurrent-abortable-preclean-start]
2023-01-17T04:32:39.515+0800: 169.422: [CMS-concurrent-abortable-preclean: 0.000/0.000 secs] [Times: user=0.00 sys=0.00, real=0.00 secs] 
2023-01-17T04:32:39.519+0800: 169.427: [GC (CMS Final Remark) [YG occupancy: 80281 K (115200 K)]2023-01-17T04:32:39.519+0800: 169.427: [Rescan (parallel) , 0.0222615 secs]2023-01-17T04:32:39.541+0800: 169.449: [weak refs processing, 0.0000435 secs]2023-01-17T04:32:39.541+0800: 169.449: [class unloading, 0.0129652 secs]2023-01-17T04:32:39.554+0800: 169.462: [scrub symbol table, 0.0051742 secs]2023-01-17T04:32:39.560+0800: 169.467: [scrub string table, 0.0009348 secs][1 CMS-remark: 134143K(134144K)] 214425K(249344K), 0.0415738 secs] [Times: user=0.11 sys=0.00, real=0.05 secs] 
2023-01-17T04:32:39.561+0800: 169.469: [CMS-concurrent-sweep-start]
2023-01-17T04:32:39.582+0800: 169.489: [CMS-concurrent-sweep: 0.020/0.020 secs] [Times: user=0.06 sys=0.00, real=0.02 secs] 
2023-01-17T04:32:39.582+0800: 169.490: [CMS-concurrent-reset-start]
2023-01-17T04:32:39.582+0800: 169.490: [CMS-concurrent-reset: 0.000/0.000 secs] [Times: user=0.00 sys=0.00, real=0.00 secs] 
{Heap before GC invocations=241 (full 219):
 par new generation   total 115200K, used 115200K [0x00000000f0000000, 0x00000000f7d00000, 0x00000000f7d00000)
  eden space 102400K, 100% used [0x00000000f0000000, 0x00000000f6400000, 0x00000000f6400000)
  from space 12800K, 100% used [0x00000000f7080000, 0x00000000f7d00000, 0x00000000f7d00000)
  to   space 12800K,   0% used [0x00000000f6400000, 0x00000000f6400000, 0x00000000f7080000)
 concurrent mark-sweep generation total 134144K, used 134081K [0x00000000f7d00000, 0x0000000100000000, 0x0000000100000000)
 Metaspace       used 51972K, capacity 54794K, committed 55680K, reserved 1097728K
  class space    used 6332K, capacity 6829K, committed 7040K, reserved 1048576K
2023-01-17T04:32:39.929+0800: 169.836: [GC (Allocation Failure) 2023-01-17T04:32:39.929+0800: 169.837: [ParNew: 115200K->115200K(115200K), 0.0000259 secs]2023-01-17T04:32:39.929+0800: 169.837: [CMS: 134081K->134143K(134144K), 0.1866967 secs] 249281K->139940K(249344K), [Metaspace: 51972K->51972K(1097728K)], 0.1870971 secs] [Times: user=0.19 sys=0.00, real=0.19 secs] 
Heap after GC invocations=242 (full 220):
 par new generation   total 115200K, used 5796K [0x00000000f0000000, 0x00000000f7d00000, 0x00000000f7d00000)
  eden space 102400K,   5% used [0x00000000f0000000, 0x00000000f05a9250, 0x00000000f6400000)
  from space 12800K,   0% used [0x00000000f7080000, 0x00000000f7080000, 0x00000000f7d00000)
  to   space 12800K,   0% used [0x00000000f6400000, 0x00000000f6400000, 0x00000000f7080000)
 concurrent mark-sweep generation total 134144K, used 134143K [0x00000000f7d00000, 0x0000000100000000, 0x0000000100000000)
 Metaspace       used 51972K, capacity 54794K, committed 55680K, reserved 1097728K
  class space    used 6332K, capacity 6829K, committed 7040K, reserved 1048576K
}
2023-01-17T04:32:40.131+0800: 170.039: [GC (CMS Initial Mark) [1 CMS-initial-mark: 134143K(134144K)] 150203K(249344K), 0.0071365 secs] [Times: user=0.03 sys=0.00, real=0.00 secs] 
2023-01-17T04:32:40.139+0800: 170.046: [CMS-concurrent-mark-start]
2023-01-17T04:32:40.206+0800: 170.114: [CMS-concurrent-mark: 0.067/0.067 secs] [Times: user=0.20 sys=0.02, real=0.07 secs] 
2023-01-17T04:32:40.206+0800: 170.114: [CMS-concurrent-preclean-start]
2023-01-17T04:32:40.247+0800: 170.155: [CMS-concurrent-preclean: 0.041/0.041 secs] [Times: user=0.10 sys=0.01, real=0.04 secs] 
2023-01-17T04:32:40.248+0800: 170.155: [CMS-concurrent-abortable-preclean-start]
2023-01-17T04:32:40.248+0800: 170.155: [CMS-concurrent-abortable-preclean: 0.000/0.000 secs] [Times: user=0.00 sys=0.00, real=0.00 secs] 
2023-01-17T04:32:40.252+0800: 170.160: [GC (CMS Final Remark) [YG occupancy: 71479 K (115200 K)]2023-01-17T04:32:40.252+0800: 170.160: [Rescan (parallel) , 0.0210367 secs]2023-01-17T04:32:40.273+0800: 170.181: [weak refs processing, 0.0000419 secs]2023-01-17T04:32:40.273+0800: 170.181: [class unloading, 0.0135918 secs]2023-01-17T04:32:40.287+0800: 170.194: [scrub symbol table, 0.0050679 secs]2023-01-17T04:32:40.292+0800: 170.200: [scrub string table, 0.0008768 secs][1 CMS-remark: 134143K(134144K)] 205623K(249344K), 0.0408381 secs] [Times: user=0.11 sys=0.00, real=0.04 secs] 
2023-01-17T04:32:40.293+0800: 170.201: [CMS-concurrent-sweep-start]
2023-01-17T04:32:40.314+0800: 170.222: [CMS-concurrent-sweep: 0.021/0.021 secs] [Times: user=0.05 sys=0.01, real=0.02 secs] 
2023-01-17T04:32:40.314+0800: 170.222: [CMS-concurrent-reset-start]
2023-01-17T04:32:40.314+0800: 170.222: [CMS-concurrent-reset: 0.000/0.000 secs] [Times: user=0.00 sys=0.00, real=0.00 secs] 
{Heap before GC invocations=242 (full 221):
 par new generation   total 115200K, used 115199K [0x00000000f0000000, 0x00000000f7d00000, 0x00000000f7d00000)
  eden space 102400K, 100% used [0x00000000f0000000, 0x00000000f6400000, 0x00000000f6400000)
  from space 12800K,  99% used [0x00000000f7080000, 0x00000000f7cffff8, 0x00000000f7d00000)
  to   space 12800K,   0% used [0x00000000f6400000, 0x00000000f6400000, 0x00000000f7080000)
 concurrent mark-sweep generation total 134144K, used 133969K [0x00000000f7d00000, 0x0000000100000000, 0x0000000100000000)
 Metaspace       used 51972K, capacity 54794K, committed 55680K, reserved 1097728K
  class space    used 6332K, capacity 6829K, committed 7040K, reserved 1048576K
2023-01-17T04:32:40.694+0800: 170.602: [GC (Allocation Failure) 2023-01-17T04:32:40.694+0800: 170.602: [ParNew: 115199K->115199K(115200K), 0.0000268 secs]2023-01-17T04:32:40.694+0800: 170.602: [CMS: 133969K->134143K(134144K), 0.2003448 secs] 249169K->140196K(249344K), [Metaspace: 51972K->51972K(1097728K)], 0.2007843 secs] [Times: user=0.21 sys=0.00, real=0.20 secs] 
Heap after GC invocations=243 (full 222):
 par new generation   total 115200K, used 6052K [0x00000000f0000000, 0x00000000f7d00000, 0x00000000f7d00000)
  eden space 102400K,   5% used [0x00000000f0000000, 0x00000000f05e9210, 0x00000000f6400000)
  from space 12800K,   0% used [0x00000000f7080000, 0x00000000f7080000, 0x00000000f7d00000)
  to   space 12800K,   0% used [0x00000000f6400000, 0x00000000f6400000, 0x00000000f7080000)
 concurrent mark-sweep generation total 134144K, used 134143K [0x00000000f7d00000, 0x0000000100000000, 0x0000000100000000)
 Metaspace       used 51972K, capacity 54794K, committed 55680K, reserved 1097728K
  class space    used 6332K, capacity 6829K, committed 7040K, reserved 1048576K
}
2023-01-17T04:32:40.899+0800: 170.806: [GC (CMS Initial Mark) [1 CMS-initial-mark: 134143K(134144K)] 140202K(249344K), 0.0042151 secs] [Times: user=0.02 sys=0.00, real=0.01 secs] 
2023-01-17T04:32:40.903+0800: 170.811: [CMS-concurrent-mark-start]
2023-01-17T04:32:40.979+0800: 170.887: [CMS-concurrent-mark: 0.076/0.076 secs] [Times: user=0.23 sys=0.03, real=0.07 secs] 
2023-01-17T04:32:40.979+0800: 170.887: [CMS-concurrent-preclean-start]
2023-01-17T04:32:41.023+0800: 170.931: [CMS-concurrent-preclean: 0.044/0.044 secs] [Times: user=0.11 sys=0.01, real=0.05 secs] 
2023-01-17T04:32:41.023+0800: 170.931: [CMS-concurrent-abortable-preclean-start]
2023-01-17T04:32:41.023+0800: 170.931: [CMS-concurrent-abortable-preclean: 0.000/0.000 secs] [Times: user=0.00 sys=0.00, real=0.00 secs] 
2023-01-17T04:32:41.028+0800: 170.935: [GC (CMS Final Remark) [YG occupancy: 73265 K (115200 K)]2023-01-17T04:32:41.028+0800: 170.936: [Rescan (parallel) , 0.0203973 secs]2023-01-17T04:32:41.048+0800: 170.956: [weak refs processing, 0.0000421 secs]2023-01-17T04:32:41.048+0800: 170.956: [class unloading, 0.0133169 secs]2023-01-17T04:32:41.062+0800: 170.969: [scrub symbol table, 0.0051551 secs]2023-01-17T04:32:41.067+0800: 170.974: [scrub string table, 0.0008812 secs][1 CMS-remark: 134143K(134144K)] 207409K(249344K), 0.0399898 secs] [Times: user=0.10 sys=0.00, real=0.04 secs] 
2023-01-17T04:32:41.068+0800: 170.976: [CMS-concurrent-sweep-start]
2023-01-17T04:32:41.088+0800: 170.995: [CMS-concurrent-sweep: 0.020/0.020 secs] [Times: user=0.06 sys=0.00, real=0.02 secs] 
2023-01-17T04:32:41.088+0800: 170.996: [CMS-concurrent-reset-start]
2023-01-17T04:32:41.088+0800: 170.996: [CMS-concurrent-reset: 0.000/0.000 secs] [Times: user=0.00 sys=0.00, real=0.00 secs] 
{Heap before GC invocations=243 (full 223):
 par new generation   total 115200K, used 115199K [0x00000000f0000000, 0x00000000f7d00000, 0x00000000f7d00000)
  eden space 102400K, 100% used [0x00000000f0000000, 0x00000000f6400000, 0x00000000f6400000)
  from space 12800K,  99% used [0x00000000f7080000, 0x00000000f7cffff0, 0x00000000f7d00000)
  to   space 12800K,   0% used [0x00000000f6400000, 0x00000000f6400000, 0x00000000f7080000)
 concurrent mark-sweep generation total 134144K, used 133976K [0x00000000f7d00000, 0x0000000100000000, 0x0000000100000000)
 Metaspace       used 51972K, capacity 54794K, committed 55680K, reserved 1097728K
  class space    used 6332K, capacity 6829K, committed 7040K, reserved 1048576K
2023-01-17T04:32:41.419+0800: 171.326: [GC (Allocation Failure) 2023-01-17T04:32:41.419+0800: 171.327: [ParNew: 115199K->115199K(115200K), 0.0000260 secs]2023-01-17T04:32:41.419+0800: 171.327: [CMS: 133976K->134143K(134144K), 0.1943761 secs] 249176K->140192K(249344K), [Metaspace: 51972K->51972K(1097728K)], 0.1948156 secs] [Times: user=0.20 sys=0.00, real=0.20 secs] 
Heap after GC invocations=244 (full 224):
 par new generation   total 115200K, used 6048K [0x00000000f0000000, 0x00000000f7d00000, 0x00000000f7d00000)
  eden space 102400K,   5% used [0x00000000f0000000, 0x00000000f05e8380, 0x00000000f6400000)
  from space 12800K,   0% used [0x00000000f7080000, 0x00000000f7080000, 0x00000000f7d00000)
  to   space 12800K,   0% used [0x00000000f6400000, 0x00000000f6400000, 0x00000000f7080000)
 concurrent mark-sweep generation total 134144K, used 134143K [0x00000000f7d00000, 0x0000000100000000, 0x0000000100000000)
 Metaspace       used 51972K, capacity 54794K, committed 55680K, reserved 1097728K
  class space    used 6332K, capacity 6829K, committed 7040K, reserved 1048576K
}
2023-01-17T04:32:41.620+0800: 171.528: [GC (CMS Initial Mark) [1 CMS-initial-mark: 134143K(134144K)] 142113K(249344K), 0.0072956 secs] [Times: user=0.02 sys=0.00, real=0.00 secs] 
2023-01-17T04:32:41.628+0800: 171.535: [CMS-concurrent-mark-start]
2023-01-17T04:32:41.697+0800: 171.605: [CMS-concurrent-mark: 0.070/0.070 secs] [Times: user=0.19 sys=0.01, real=0.07 secs] 
2023-01-17T04:32:41.697+0800: 171.605: [CMS-concurrent-preclean-start]
2023-01-17T04:32:41.743+0800: 171.650: [CMS-concurrent-preclean: 0.045/0.045 secs] [Times: user=0.10 sys=0.02, real=0.05 secs] 
2023-01-17T04:32:41.743+0800: 171.651: [CMS-concurrent-abortable-preclean-start]
2023-01-17T04:32:41.743+0800: 171.651: [CMS-concurrent-abortable-preclean: 0.000/0.000 secs] [Times: user=0.00 sys=0.00, real=0.00 secs] 
2023-01-17T04:32:41.747+0800: 171.655: [GC (CMS Final Remark) [YG occupancy: 62610 K (115200 K)]2023-01-17T04:32:41.747+0800: 171.655: [Rescan (parallel) , 0.0235984 secs]2023-01-17T04:32:41.771+0800: 171.678: [weak refs processing, 0.0000488 secs]2023-01-17T04:32:41.771+0800: 171.678: [class unloading, 0.0137483 secs]2023-01-17T04:32:41.784+0800: 171.692: [scrub symbol table, 0.0052162 secs]2023-01-17T04:32:41.790+0800: 171.697: [scrub string table, 0.0009044 secs][1 CMS-remark: 134143K(134144K)] 196754K(249344K), 0.0437300 secs] [Times: user=0.09 sys=0.00, real=0.05 secs] 
2023-01-17T04:32:41.792+0800: 171.699: [CMS-concurrent-sweep-start]
2023-01-17T04:32:41.808+0800: 171.716: [CMS-concurrent-sweep: 0.017/0.017 secs] [Times: user=0.06 sys=0.00, real=0.01 secs] 
2023-01-17T04:32:41.809+0800: 171.716: [CMS-concurrent-reset-start]
2023-01-17T04:32:41.809+0800: 171.717: [CMS-concurrent-reset: 0.000/0.000 secs] [Times: user=0.00 sys=0.00, real=0.00 secs] 
{Heap before GC invocations=244 (full 225):
 par new generation   total 115200K, used 115199K [0x00000000f0000000, 0x00000000f7d00000, 0x00000000f7d00000)
  eden space 102400K, 100% used [0x00000000f0000000, 0x00000000f6400000, 0x00000000f6400000)
  from space 12800K,  99% used [0x00000000f7080000, 0x00000000f7cfffe0, 0x00000000f7d00000)
  to   space 12800K,   0% used [0x00000000f6400000, 0x00000000f6400000, 0x00000000f7080000)
 concurrent mark-sweep generation total 134144K, used 134080K [0x00000000f7d00000, 0x0000000100000000, 0x0000000100000000)
 Metaspace       used 51972K, capacity 54794K, committed 55680K, reserved 1097728K
  class space    used 6332K, capacity 6829K, committed 7040K, reserved 1048576K
2023-01-17T04:32:42.178+0800: 172.086: [GC (Allocation Failure) 2023-01-17T04:32:42.178+0800: 172.086: [ParNew: 115199K->115199K(115200K), 0.0000270 secs]2023-01-17T04:32:42.178+0800: 172.086: [CMS: 134080K->134144K(134144K), 0.1921424 secs] 249280K->140211K(249344K), [Metaspace: 51972K->51972K(1097728K)], 0.1925785 secs] [Times: user=0.20 sys=0.00, real=0.20 secs] 
Heap after GC invocations=245 (full 226):
 par new generation   total 115200K, used 6067K [0x00000000f0000000, 0x00000000f7d00000, 0x00000000f7d00000)
  eden space 102400K,   5% used [0x00000000f0000000, 0x00000000f05ecc80, 0x00000000f6400000)
  from space 12800K,   0% used [0x00000000f7080000, 0x00000000f7080000, 0x00000000f7d00000)
  to   space 12800K,   0% used [0x00000000f6400000, 0x00000000f6400000, 0x00000000f7080000)
 concurrent mark-sweep generation total 134144K, used 134144K [0x00000000f7d00000, 0x0000000100000000, 0x0000000100000000)
 Metaspace       used 51972K, capacity 54794K, committed 55680K, reserved 1097728K
  class space    used 6332K, capacity 6829K, committed 7040K, reserved 1048576K
}
2023-01-17T04:32:42.376+0800: 172.284: [GC (CMS Initial Mark) [1 CMS-initial-mark: 134144K(134144K)] 140827K(249344K), 0.0050452 secs] [Times: user=0.02 sys=0.00, real=0.01 secs] 
2023-01-17T04:32:42.381+0800: 172.289: [CMS-concurrent-mark-start]
2023-01-17T04:32:42.452+0800: 172.360: [CMS-concurrent-mark: 0.071/0.071 secs] [Times: user=0.20 sys=0.03, real=0.07 secs] 
2023-01-17T04:32:42.452+0800: 172.360: [CMS-concurrent-preclean-start]
2023-01-17T04:32:42.499+0800: 172.407: [CMS-concurrent-preclean: 0.047/0.047 secs] [Times: user=0.13 sys=0.01, real=0.04 secs] 
2023-01-17T04:32:42.499+0800: 172.407: [CMS-concurrent-abortable-preclean-start]
2023-01-17T04:32:42.499+0800: 172.407: [CMS-concurrent-abortable-preclean: 0.000/0.000 secs] [Times: user=0.00 sys=0.00, real=0.00 secs] 
2023-01-17T04:32:42.504+0800: 172.411: [GC (CMS Final Remark) [YG occupancy: 66826 K (115200 K)]2023-01-17T04:32:42.504+0800: 172.412: [Rescan (parallel) , 0.0218085 secs]2023-01-17T04:32:42.526+0800: 172.433: [weak refs processing, 0.0000468 secs]2023-01-17T04:32:42.526+0800: 172.434: [class unloading, 0.0139110 secs]2023-01-17T04:32:42.540+0800: 172.447: [scrub symbol table, 0.0051182 secs]2023-01-17T04:32:42.545+0800: 172.453: [scrub string table, 0.0008697 secs][1 CMS-remark: 134144K(134144K)] 200970K(249344K), 0.0419834 secs] [Times: user=0.10 sys=0.00, real=0.04 secs] 
2023-01-17T04:32:42.547+0800: 172.454: [CMS-concurrent-sweep-start]
2023-01-17T04:32:42.564+0800: 172.472: [CMS-concurrent-sweep: 0.018/0.018 secs] [Times: user=0.04 sys=0.01, real=0.02 secs] 
2023-01-17T04:32:42.564+0800: 172.472: [CMS-concurrent-reset-start]
2023-01-17T04:32:42.565+0800: 172.473: [CMS-concurrent-reset: 0.000/0.000 secs] [Times: user=0.00 sys=0.00, real=0.00 secs] 
{Heap before GC invocations=245 (full 227):
 par new generation   total 115200K, used 115199K [0x00000000f0000000, 0x00000000f7d00000, 0x00000000f7d00000)
  eden space 102400K, 100% used [0x00000000f0000000, 0x00000000f6400000, 0x00000000f6400000)
  from space 12800K,  99% used [0x00000000f7080000, 0x00000000f7cfffd8, 0x00000000f7d00000)
  to   space 12800K,   0% used [0x00000000f6400000, 0x00000000f6400000, 0x00000000f7080000)
 concurrent mark-sweep generation total 134144K, used 134087K [0x00000000f7d00000, 0x0000000100000000, 0x0000000100000000)
 Metaspace       used 51972K, capacity 54794K, committed 55680K, reserved 1097728K
  class space    used 6332K, capacity 6829K, committed 7040K, reserved 1048576K
2023-01-17T04:32:42.915+0800: 172.823: [GC (Allocation Failure) 2023-01-17T04:32:42.915+0800: 172.823: [ParNew: 115199K->115199K(115200K), 0.0000274 secs]2023-01-17T04:32:42.915+0800: 172.823: [CMS: 134087K->134143K(134144K), 0.2032459 secs] 249287K->140211K(249344K), [Metaspace: 51972K->51972K(1097728K)], 0.2036648 secs] [Times: user=0.21 sys=0.00, real=0.20 secs] 
Heap after GC invocations=246 (full 228):
 par new generation   total 115200K, used 6067K [0x00000000f0000000, 0x00000000f7d00000, 0x00000000f7d00000)
  eden space 102400K,   5% used [0x00000000f0000000, 0x00000000f05ecf20, 0x00000000f6400000)
  from space 12800K,   0% used [0x00000000f7080000, 0x00000000f7080000, 0x00000000f7d00000)
  to   space 12800K,   0% used [0x00000000f6400000, 0x00000000f6400000, 0x00000000f7080000)
 concurrent mark-sweep generation total 134144K, used 134143K [0x00000000f7d00000, 0x0000000100000000, 0x0000000100000000)
 Metaspace       used 51972K, capacity 54794K, committed 55680K, reserved 1097728K
  class space    used 6332K, capacity 6829K, committed 7040K, reserved 1048576K
}
2023-01-17T04:32:43.123+0800: 173.031: [GC (CMS Initial Mark) [1 CMS-initial-mark: 134143K(134144K)] 140406K(249344K), 0.0043708 secs] [Times: user=0.01 sys=0.00, real=0.00 secs] 
2023-01-17T04:32:43.128+0800: 173.036: [CMS-concurrent-mark-start]
2023-01-17T04:32:43.198+0800: 173.106: [CMS-concurrent-mark: 0.070/0.070 secs] [Times: user=0.23 sys=0.05, real=0.07 secs] 
2023-01-17T04:32:43.198+0800: 173.106: [CMS-concurrent-preclean-start]
2023-01-17T04:32:43.240+0800: 173.148: [CMS-concurrent-preclean: 0.042/0.042 secs] [Times: user=0.14 sys=0.01, real=0.05 secs] 
2023-01-17T04:32:43.240+0800: 173.148: [CMS-concurrent-abortable-preclean-start]
2023-01-17T04:32:43.240+0800: 173.148: [CMS-concurrent-abortable-preclean: 0.000/0.000 secs] [Times: user=0.00 sys=0.00, real=0.00 secs] 
2023-01-17T04:32:43.303+0800: 173.211: [GC (CMS Final Remark) [YG occupancy: 109251 K (115200 K)]2023-01-17T04:32:43.304+0800: 173.211: [Rescan (parallel) , 0.0336402 secs]2023-01-17T04:32:43.337+0800: 173.245: [weak refs processing, 0.0000468 secs]2023-01-17T04:32:43.337+0800: 173.245: [class unloading, 0.0132816 secs]2023-01-17T04:32:43.351+0800: 173.258: [scrub symbol table, 0.0051348 secs]2023-01-17T04:32:43.356+0800: 173.264: [scrub string table, 0.0008883 secs][1 CMS-remark: 134143K(134144K)] 243394K(249344K), 0.0532451 secs] [Times: user=0.14 sys=0.00, real=0.05 secs] 
2023-01-17T04:32:43.357+0800: 173.265: [CMS-concurrent-sweep-start]
2023-01-17T04:32:43.376+0800: 173.283: [CMS-concurrent-sweep: 0.018/0.018 secs] [Times: user=0.04 sys=0.01, real=0.02 secs] 
2023-01-17T04:32:43.376+0800: 173.284: [CMS-concurrent-reset-start]
2023-01-17T04:32:43.376+0800: 173.284: [CMS-concurrent-reset: 0.000/0.000 secs] [Times: user=0.00 sys=0.00, real=0.00 secs] 
{Heap before GC invocations=246 (full 229):
 par new generation   total 115200K, used 115195K [0x00000000f0000000, 0x00000000f7d00000, 0x00000000f7d00000)
  eden space 102400K, 100% used [0x00000000f0000000, 0x00000000f6400000, 0x00000000f6400000)
  from space 12800K,  99% used [0x00000000f7080000, 0x00000000f7cfed40, 0x00000000f7d00000)
  to   space 12800K,   0% used [0x00000000f6400000, 0x00000000f6400000, 0x00000000f7080000)
 concurrent mark-sweep generation total 134144K, used 134027K [0x00000000f7d00000, 0x0000000100000000, 0x0000000100000000)
 Metaspace       used 51972K, capacity 54794K, committed 55680K, reserved 1097728K
  class space    used 6332K, capacity 6829K, committed 7040K, reserved 1048576K
2023-01-17T04:32:43.642+0800: 173.550: [GC (Allocation Failure) 2023-01-17T04:32:43.643+0800: 173.551: [ParNew: 115195K->115195K(115200K), 0.0000276 secs]2023-01-17T04:32:43.643+0800: 173.551: [CMS: 134027K->134143K(134144K), 0.1937236 secs] 249223K->140217K(249344K), [Metaspace: 51972K->51972K(1097728K)], 0.1941786 secs] [Times: user=0.19 sys=0.00, real=0.19 secs] 
Heap after GC invocations=247 (full 230):
 par new generation   total 115200K, used 6073K [0x00000000f0000000, 0x00000000f7d00000, 0x00000000f7d00000)
  eden space 102400K,   5% used [0x00000000f0000000, 0x00000000f05ee478, 0x00000000f6400000)
  from space 12800K,   0% used [0x00000000f7080000, 0x00000000f7080000, 0x00000000f7d00000)
  to   space 12800K,   0% used [0x00000000f6400000, 0x00000000f6400000, 0x00000000f7080000)
 concurrent mark-sweep generation total 134144K, used 134143K [0x00000000f7d00000, 0x0000000100000000, 0x0000000100000000)
 Metaspace       used 51972K, capacity 54794K, committed 55680K, reserved 1097728K
  class space    used 6332K, capacity 6829K, committed 7040K, reserved 1048576K
}
2023-01-17T04:32:43.842+0800: 173.750: [GC (CMS Initial Mark) [1 CMS-initial-mark: 134143K(134144K)] 141084K(249344K), 0.0047344 secs] [Times: user=0.02 sys=0.00, real=0.00 secs] 
2023-01-17T04:32:43.847+0800: 173.755: [CMS-concurrent-mark-start]
2023-01-17T04:32:43.915+0800: 173.823: [CMS-concurrent-mark: 0.068/0.068 secs] [Times: user=0.19 sys=0.04, real=0.07 secs] 
2023-01-17T04:32:43.916+0800: 173.823: [CMS-concurrent-preclean-start]
2023-01-17T04:32:43.959+0800: 173.867: [CMS-concurrent-preclean: 0.044/0.044 secs] [Times: user=0.09 sys=0.03, real=0.05 secs] 
2023-01-17T04:32:43.960+0800: 173.867: [CMS-concurrent-abortable-preclean-start]
2023-01-17T04:32:43.960+0800: 173.867: [CMS-concurrent-abortable-preclean: 0.000/0.000 secs] [Times: user=0.00 sys=0.00, real=0.00 secs] 
2023-01-17T04:32:43.963+0800: 173.871: [GC (CMS Final Remark) [YG occupancy: 62155 K (115200 K)]2023-01-17T04:32:43.964+0800: 173.871: [Rescan (parallel) , 0.0174300 secs]2023-01-17T04:32:43.981+0800: 173.889: [weak refs processing, 0.0000577 secs]2023-01-17T04:32:43.981+0800: 173.889: [class unloading, 0.0131218 secs]2023-01-17T04:32:43.994+0800: 173.902: [scrub symbol table, 0.0052236 secs]2023-01-17T04:32:43.999+0800: 173.907: [scrub string table, 0.0008790 secs][1 CMS-remark: 134143K(134144K)] 196299K(249344K), 0.0369119 secs] [Times: user=0.08 sys=0.00, real=0.04 secs] 
2023-01-17T04:32:44.002+0800: 173.910: [CMS-concurrent-sweep-start]
2023-01-17T04:32:44.020+0800: 173.928: [CMS-concurrent-sweep: 0.019/0.019 secs] [Times: user=0.04 sys=0.00, real=0.02 secs] 
2023-01-17T04:32:44.020+0800: 173.928: [CMS-concurrent-reset-start]
2023-01-17T04:32:44.021+0800: 173.928: [CMS-concurrent-reset: 0.000/0.000 secs] [Times: user=0.00 sys=0.00, real=0.00 secs] 
{Heap before GC invocations=247 (full 231):
 par new generation   total 115200K, used 115199K [0x00000000f0000000, 0x00000000f7d00000, 0x00000000f7d00000)
  eden space 102400K, 100% used [0x00000000f0000000, 0x00000000f6400000, 0x00000000f6400000)
  from space 12800K,  99% used [0x00000000f7080000, 0x00000000f7cfff20, 0x00000000f7d00000)
  to   space 12800K,   0% used [0x00000000f6400000, 0x00000000f6400000, 0x00000000f7080000)
 concurrent mark-sweep generation total 134144K, used 134074K [0x00000000f7d00000, 0x0000000100000000, 0x0000000100000000)
 Metaspace       used 51972K, capacity 54794K, committed 55680K, reserved 1097728K
  class space    used 6332K, capacity 6829K, committed 7040K, reserved 1048576K
2023-01-17T04:32:44.371+0800: 174.279: [GC (Allocation Failure) 2023-01-17T04:32:44.372+0800: 174.279: [ParNew: 115199K->115199K(115200K), 0.0000291 secs]2023-01-17T04:32:44.372+0800: 174.279: [CMS: 134074K->134143K(134144K), 0.1892559 secs] 249274K->140187K(249344K), [Metaspace: 51972K->51972K(1097728K)], 0.1897063 secs] [Times: user=0.19 sys=0.00, real=0.19 secs] 
Heap after GC invocations=248 (full 232):
 par new generation   total 115200K, used 6043K [0x00000000f0000000, 0x00000000f7d00000, 0x00000000f7d00000)
  eden space 102400K,   5% used [0x00000000f0000000, 0x00000000f05e6fc0, 0x00000000f6400000)
  from space 12800K,   0% used [0x00000000f7080000, 0x00000000f7080000, 0x00000000f7d00000)
  to   space 12800K,   0% used [0x00000000f6400000, 0x00000000f6400000, 0x00000000f7080000)
 concurrent mark-sweep generation total 134144K, used 134143K [0x00000000f7d00000, 0x0000000100000000, 0x0000000100000000)
 Metaspace       used 51972K, capacity 54794K, committed 55680K, reserved 1097728K
  class space    used 6332K, capacity 6829K, committed 7040K, reserved 1048576K
}
2023-01-17T04:32:44.745+0800: 174.653: [GC (CMS Initial Mark) [1 CMS-initial-mark: 134143K(134144K)] 236543K(249344K), 0.0300369 secs] [Times: user=0.10 sys=0.00, real=0.03 secs] 
2023-01-17T04:32:44.776+0800: 174.683: [CMS-concurrent-mark-start]
2023-01-17T04:32:44.846+0800: 174.754: [CMS-concurrent-mark: 0.070/0.070 secs] [Times: user=0.20 sys=0.01, real=0.07 secs] 
2023-01-17T04:32:44.846+0800: 174.754: [CMS-concurrent-preclean-start]
2023-01-17T04:32:44.911+0800: 174.819: [CMS-concurrent-preclean: 0.064/0.064 secs] [Times: user=0.16 sys=0.01, real=0.07 secs] 
2023-01-17T04:32:44.911+0800: 174.819: [CMS-concurrent-abortable-preclean-start]
2023-01-17T04:32:44.911+0800: 174.819: [CMS-concurrent-abortable-preclean: 0.000/0.000 secs] [Times: user=0.00 sys=0.00, real=0.00 secs] 
2023-01-17T04:32:44.917+0800: 174.825: [GC (CMS Final Remark) [YG occupancy: 111681 K (115200 K)]2023-01-17T04:32:44.917+0800: 174.825: [Rescan (parallel) , 0.0635378 secs]2023-01-17T04:32:44.981+0800: 174.888: [weak refs processing, 0.0000658 secs]2023-01-17T04:32:44.981+0800: 174.888: [class unloading, 0.0191318 secs]2023-01-17T04:32:45.000+0800: 174.908: [scrub symbol table, 0.0090175 secs]2023-01-17T04:32:45.009+0800: 174.917: [scrub string table, 0.0013336 secs][1 CMS-remark: 134143K(134144K)] 245824K(249344K), 0.0933784 secs] [Times: user=0.26 sys=0.00, real=0.10 secs] 
2023-01-17T04:32:45.011+0800: 174.918: [CMS-concurrent-sweep-start]
2023-01-17T04:32:45.033+0800: 174.941: [CMS-concurrent-sweep: 0.023/0.023 secs] [Times: user=0.04 sys=0.00, real=0.02 secs] 
2023-01-17T04:32:45.034+0800: 174.941: [CMS-concurrent-reset-start]
2023-01-17T04:32:45.034+0800: 174.942: [CMS-concurrent-reset: 0.000/0.000 secs] [Times: user=0.00 sys=0.00, real=0.00 secs] 
{Heap before GC invocations=248 (full 233):
 par new generation   total 115200K, used 115199K [0x00000000f0000000, 0x00000000f7d00000, 0x00000000f7d00000)
  eden space 102400K, 100% used [0x00000000f0000000, 0x00000000f6400000, 0x00000000f6400000)
  from space 12800K,  99% used [0x00000000f7080000, 0x00000000f7cffff8, 0x00000000f7d00000)
  to   space 12800K,   0% used [0x00000000f6400000, 0x00000000f6400000, 0x00000000f7080000)
 concurrent mark-sweep generation total 134144K, used 133712K [0x00000000f7d00000, 0x0000000100000000, 0x0000000100000000)
 Metaspace       used 51972K, capacity 54794K, committed 55680K, reserved 1097728K
  class space    used 6332K, capacity 6829K, committed 7040K, reserved 1048576K
2023-01-17T04:32:45.097+0800: 175.005: [GC (Allocation Failure) 2023-01-17T04:32:45.098+0800: 175.005: [ParNew: 115199K->115199K(115200K), 0.0000282 secs]2023-01-17T04:32:45.098+0800: 175.005: [CMS: 133712K->134143K(134144K), 0.2061051 secs] 248912K->140172K(249344K), [Metaspace: 51972K->51972K(1097728K)], 0.2065634 secs] [Times: user=0.21 sys=0.00, real=0.21 secs] 
Heap after GC invocations=249 (full 234):
 par new generation   total 115200K, used 6028K [0x00000000f0000000, 0x00000000f7d00000, 0x00000000f7d00000)
  eden space 102400K,   5% used [0x00000000f0000000, 0x00000000f05e30f0, 0x00000000f6400000)
  from space 12800K,   0% used [0x00000000f7080000, 0x00000000f7080000, 0x00000000f7d00000)
  to   space 12800K,   0% used [0x00000000f6400000, 0x00000000f6400000, 0x00000000f7080000)
 concurrent mark-sweep generation total 134144K, used 134143K [0x00000000f7d00000, 0x0000000100000000, 0x0000000100000000)
 Metaspace       used 51972K, capacity 54794K, committed 55680K, reserved 1097728K
  class space    used 6332K, capacity 6829K, committed 7040K, reserved 1048576K
}
2023-01-17T04:32:45.309+0800: 175.216: [GC (CMS Initial Mark) [1 CMS-initial-mark: 134143K(134144K)] 140401K(249344K), 0.0058585 secs] [Times: user=0.01 sys=0.00, real=0.01 secs] 
2023-01-17T04:32:45.315+0800: 175.223: [CMS-concurrent-mark-start]
2023-01-17T04:32:45.393+0800: 175.301: [CMS-concurrent-mark: 0.078/0.078 secs] [Times: user=0.19 sys=0.03, real=0.08 secs] 
2023-01-17T04:32:45.393+0800: 175.301: [CMS-concurrent-preclean-start]
2023-01-17T04:32:45.446+0800: 175.354: [CMS-concurrent-preclean: 0.052/0.052 secs] [Times: user=0.09 sys=0.01, real=0.05 secs] 
2023-01-17T04:32:45.446+0800: 175.354: [CMS-concurrent-abortable-preclean-start]
2023-01-17T04:32:45.446+0800: 175.354: [CMS-concurrent-abortable-preclean: 0.000/0.000 secs] [Times: user=0.01 sys=0.00, real=0.00 secs] 
2023-01-17T04:32:45.476+0800: 175.384: [GC (CMS Final Remark) [YG occupancy: 71789 K (115200 K)]2023-01-17T04:32:45.476+0800: 175.384: [Rescan (parallel) , 0.0233690 secs]2023-01-17T04:32:45.500+0800: 175.407: [weak refs processing, 0.0000452 secs]2023-01-17T04:32:45.500+0800: 175.407: [class unloading, 0.0139360 secs]2023-01-17T04:32:45.514+0800: 175.421: [scrub symbol table, 0.0053406 secs]2023-01-17T04:32:45.519+0800: 175.427: [scrub string table, 0.0008973 secs][1 CMS-remark: 134143K(134144K)] 205933K(249344K), 0.0438280 secs] [Times: user=0.11 sys=0.00, real=0.05 secs] 
2023-01-17T04:32:45.520+0800: 175.428: [CMS-concurrent-sweep-start]
2023-01-17T04:32:45.538+0800: 175.445: [CMS-concurrent-sweep: 0.017/0.017 secs] [Times: user=0.05 sys=0.01, real=0.01 secs] 
2023-01-17T04:32:45.538+0800: 175.446: [CMS-concurrent-reset-start]
2023-01-17T04:32:45.538+0800: 175.446: [CMS-concurrent-reset: 0.000/0.000 secs] [Times: user=0.00 sys=0.00, real=0.00 secs] 
{Heap before GC invocations=249 (full 235):
 par new generation   total 115200K, used 115200K [0x00000000f0000000, 0x00000000f7d00000, 0x00000000f7d00000)
  eden space 102400K, 100% used [0x00000000f0000000, 0x00000000f6400000, 0x00000000f6400000)
  from space 12800K, 100% used [0x00000000f7080000, 0x00000000f7d00000, 0x00000000f7d00000)
  to   space 12800K,   0% used [0x00000000f6400000, 0x00000000f6400000, 0x00000000f7080000)
 concurrent mark-sweep generation total 134144K, used 134061K [0x00000000f7d00000, 0x0000000100000000, 0x0000000100000000)
 Metaspace       used 51972K, capacity 54794K, committed 55680K, reserved 1097728K
  class space    used 6332K, capacity 6829K, committed 7040K, reserved 1048576K
2023-01-17T04:32:45.849+0800: 175.757: [GC (Allocation Failure) 2023-01-17T04:32:45.849+0800: 175.757: [ParNew: 115200K->115200K(115200K), 0.0000297 secs]2023-01-17T04:32:45.849+0800: 175.757: [CMS: 134061K->134143K(134144K), 0.1867737 secs] 249261K->140175K(249344K), [Metaspace: 51972K->51972K(1097728K)], 0.1872034 secs] [Times: user=0.19 sys=0.00, real=0.19 secs] 
Heap after GC invocations=250 (full 236):
 par new generation   total 115200K, used 6031K [0x00000000f0000000, 0x00000000f7d00000, 0x00000000f7d00000)
  eden space 102400K,   5% used [0x00000000f0000000, 0x00000000f05e3f80, 0x00000000f6400000)
  from space 12800K,   0% used [0x00000000f7080000, 0x00000000f7080000, 0x00000000f7d00000)
  to   space 12800K,   0% used [0x00000000f6400000, 0x00000000f6400000, 0x00000000f7080000)
 concurrent mark-sweep generation total 134144K, used 134143K [0x00000000f7d00000, 0x0000000100000000, 0x0000000100000000)
 Metaspace       used 51972K, capacity 54794K, committed 55680K, reserved 1097728K
  class space    used 6332K, capacity 6829K, committed 7040K, reserved 1048576K
}
2023-01-17T04:32:46.044+0800: 175.952: [GC (CMS Initial Mark) [1 CMS-initial-mark: 134143K(134144K)] 143116K(249344K), 0.0050656 secs] [Times: user=0.02 sys=0.00, real=0.00 secs] 
2023-01-17T04:32:46.051+0800: 175.958: [CMS-concurrent-mark-start]
2023-01-17T04:32:46.145+0800: 176.053: [CMS-concurrent-mark: 0.094/0.094 secs] [Times: user=0.29 sys=0.03, real=0.09 secs] 
2023-01-17T04:32:46.145+0800: 176.053: [CMS-concurrent-preclean-start]
2023-01-17T04:32:46.204+0800: 176.111: [CMS-concurrent-preclean: 0.058/0.058 secs] [Times: user=0.17 sys=0.03, real=0.06 secs] 
2023-01-17T04:32:46.204+0800: 176.112: [CMS-concurrent-abortable-preclean-start]
2023-01-17T04:32:46.204+0800: 176.112: [CMS-concurrent-abortable-preclean: 0.000/0.000 secs] [Times: user=0.00 sys=0.00, real=0.00 secs] 
2023-01-17T04:32:46.209+0800: 176.116: [GC (CMS Final Remark) [YG occupancy: 105998 K (115200 K)]2023-01-17T04:32:46.209+0800: 176.116: [Rescan (parallel) , 0.0275547 secs]2023-01-17T04:32:46.236+0800: 176.144: [weak refs processing, 0.0000483 secs]2023-01-17T04:32:46.236+0800: 176.144: [class unloading, 0.0136802 secs]2023-01-17T04:32:46.250+0800: 176.158: [scrub symbol table, 0.0052623 secs]2023-01-17T04:32:46.255+0800: 176.163: [scrub string table, 0.0008851 secs][1 CMS-remark: 134143K(134144K)] 240142K(249344K), 0.0476780 secs] [Times: user=0.13 sys=0.00, real=0.05 secs] 
2023-01-17T04:32:46.257+0800: 176.164: [CMS-concurrent-sweep-start]
2023-01-17T04:32:46.275+0800: 176.183: [CMS-concurrent-sweep: 0.019/0.019 secs] [Times: user=0.07 sys=0.01, real=0.02 secs] 
2023-01-17T04:32:46.276+0800: 176.183: [CMS-concurrent-reset-start]
2023-01-17T04:32:46.276+0800: 176.184: [CMS-concurrent-reset: 0.000/0.000 secs] [Times: user=0.00 sys=0.00, real=0.00 secs] 
{Heap before GC invocations=250 (full 237):
 par new generation   total 115200K, used 115196K [0x00000000f0000000, 0x00000000f7d00000, 0x00000000f7d00000)
  eden space 102400K, 100% used [0x00000000f0000000, 0x00000000f6400000, 0x00000000f6400000)
  from space 12800K,  99% used [0x00000000f7080000, 0x00000000f7cff180, 0x00000000f7d00000)
  to   space 12800K,   0% used [0x00000000f6400000, 0x00000000f6400000, 0x00000000f7080000)
 concurrent mark-sweep generation total 134144K, used 133905K [0x00000000f7d00000, 0x0000000100000000, 0x0000000100000000)
 Metaspace       used 51972K, capacity 54794K, committed 55680K, reserved 1097728K
  class space    used 6332K, capacity 6829K, committed 7040K, reserved 1048576K
2023-01-17T04:32:46.591+0800: 176.499: [GC (Allocation Failure) 2023-01-17T04:32:46.591+0800: 176.499: [ParNew: 115196K->115196K(115200K), 0.0000343 secs]2023-01-17T04:32:46.591+0800: 176.499: [CMS: 133905K->134143K(134144K), 0.2364061 secs] 249102K->140194K(249344K), [Metaspace: 51972K->51972K(1097728K)], 0.2369173 secs] [Times: user=0.24 sys=0.00, real=0.23 secs] 
Heap after GC invocations=251 (full 238):
 par new generation   total 115200K, used 6050K [0x00000000f0000000, 0x00000000f7d00000, 0x00000000f7d00000)
  eden space 102400K,   5% used [0x00000000f0000000, 0x00000000f05e8990, 0x00000000f6400000)
  from space 12800K,   0% used [0x00000000f7080000, 0x00000000f7080000, 0x00000000f7d00000)
  to   space 12800K,   0% used [0x00000000f6400000, 0x00000000f6400000, 0x00000000f7080000)
 concurrent mark-sweep generation total 134144K, used 134143K [0x00000000f7d00000, 0x0000000100000000, 0x0000000100000000)
 Metaspace       used 51972K, capacity 54794K, committed 55680K, reserved 1097728K
  class space    used 6332K, capacity 6829K, committed 7040K, reserved 1048576K
}
2023-01-17T04:32:46.835+0800: 176.743: [GC (CMS Initial Mark) [1 CMS-initial-mark: 134143K(134144K)] 142634K(249344K), 0.0051456 secs] [Times: user=0.02 sys=0.00, real=0.01 secs] 
2023-01-17T04:32:46.841+0800: 176.748: [CMS-concurrent-mark-start]
2023-01-17T04:32:46.908+0800: 176.816: [CMS-concurrent-mark: 0.067/0.067 secs] [Times: user=0.17 sys=0.02, real=0.06 secs] 
2023-01-17T04:32:46.908+0800: 176.816: [CMS-concurrent-preclean-start]
2023-01-17T04:32:46.958+0800: 176.866: [CMS-concurrent-preclean: 0.050/0.050 secs] [Times: user=0.11 sys=0.04, real=0.05 secs] 
2023-01-17T04:32:46.958+0800: 176.866: [CMS-concurrent-abortable-preclean-start]
2023-01-17T04:32:46.959+0800: 176.866: [CMS-concurrent-abortable-preclean: 0.000/0.000 secs] [Times: user=0.00 sys=0.00, real=0.00 secs] 
2023-01-17T04:32:46.963+0800: 176.871: [GC (CMS Final Remark) [YG occupancy: 48158 K (115200 K)]2023-01-17T04:32:46.963+0800: 176.871: [Rescan (parallel) , 0.0144020 secs]2023-01-17T04:32:46.977+0800: 176.885: [weak refs processing, 0.0000484 secs]2023-01-17T04:32:46.977+0800: 176.885: [class unloading, 0.0140122 secs]2023-01-17T04:32:46.991+0800: 176.899: [scrub symbol table, 0.0051763 secs]2023-01-17T04:32:46.997+0800: 176.904: [scrub string table, 0.0008976 secs][1 CMS-remark: 134143K(134144K)] 182302K(249344K), 0.0347118 secs] [Times: user=0.08 sys=0.00, real=0.03 secs] 
2023-01-17T04:32:46.998+0800: 176.906: [CMS-concurrent-sweep-start]
2023-01-17T04:32:47.017+0800: 176.924: [CMS-concurrent-sweep: 0.019/0.019 secs] [Times: user=0.05 sys=0.00, real=0.02 secs] 
2023-01-17T04:32:47.017+0800: 176.925: [CMS-concurrent-reset-start]
2023-01-17T04:32:47.017+0800: 176.925: [CMS-concurrent-reset: 0.000/0.000 secs] [Times: user=0.00 sys=0.00, real=0.00 secs] 
{Heap before GC invocations=251 (full 239):
 par new generation   total 115200K, used 115195K [0x00000000f0000000, 0x00000000f7d00000, 0x00000000f7d00000)
  eden space 102400K, 100% used [0x00000000f0000000, 0x00000000f6400000, 0x00000000f6400000)
  from space 12800K,  99% used [0x00000000f7080000, 0x00000000f7cfecf0, 0x00000000f7d00000)
  to   space 12800K,   0% used [0x00000000f6400000, 0x00000000f6400000, 0x00000000f7080000)
 concurrent mark-sweep generation total 134144K, used 134076K [0x00000000f7d00000, 0x0000000100000000, 0x0000000100000000)
 Metaspace       used 51972K, capacity 54794K, committed 55680K, reserved 1097728K
  class space    used 6332K, capacity 6829K, committed 7040K, reserved 1048576K
2023-01-17T04:32:47.363+0800: 177.270: [GC (Allocation Failure) 2023-01-17T04:32:47.363+0800: 177.271: [ParNew: 115195K->115195K(115200K), 0.0000276 secs]2023-01-17T04:32:47.363+0800: 177.271: [CMS: 134076K->134143K(134144K), 0.2085672 secs] 249271K->140188K(249344K), [Metaspace: 51972K->51972K(1097728K)], 0.2089842 secs] [Times: user=0.21 sys=0.00, real=0.21 secs] 
Heap after GC invocations=252 (full 240):
 par new generation   total 115200K, used 6045K [0x00000000f0000000, 0x00000000f7d00000, 0x00000000f7d00000)
  eden space 102400K,   5% used [0x00000000f0000000, 0x00000000f05e7420, 0x00000000f6400000)
  from space 12800K,   0% used [0x00000000f7080000, 0x00000000f7080000, 0x00000000f7d00000)
  to   space 12800K,   0% used [0x00000000f6400000, 0x00000000f6400000, 0x00000000f7080000)
 concurrent mark-sweep generation total 134144K, used 134143K [0x00000000f7d00000, 0x0000000100000000, 0x0000000100000000)
 Metaspace       used 51972K, capacity 54794K, committed 55680K, reserved 1097728K
  class space    used 6332K, capacity 6829K, committed 7040K, reserved 1048576K
}
2023-01-17T04:32:47.576+0800: 177.484: [GC (CMS Initial Mark) [1 CMS-initial-mark: 134143K(134144K)] 140263K(249344K), 0.0046196 secs] [Times: user=0.01 sys=0.00, real=0.01 secs] 
2023-01-17T04:32:47.581+0800: 177.488: [CMS-concurrent-mark-start]
2023-01-17T04:32:47.686+0800: 177.594: [CMS-concurrent-mark: 0.106/0.106 secs] [Times: user=0.33 sys=0.07, real=0.10 secs] 
2023-01-17T04:32:47.686+0800: 177.594: [CMS-concurrent-preclean-start]
2023-01-17T04:32:47.735+0800: 177.643: [CMS-concurrent-preclean: 0.049/0.049 secs] [Times: user=0.11 sys=0.03, real=0.05 secs] 
2023-01-17T04:32:47.735+0800: 177.643: [CMS-concurrent-abortable-preclean-start]
2023-01-17T04:32:47.735+0800: 177.643: [CMS-concurrent-abortable-preclean: 0.000/0.000 secs] [Times: user=0.00 sys=0.00, real=0.00 secs] 
2023-01-17T04:32:47.741+0800: 177.648: [GC (CMS Final Remark) [YG occupancy: 102284 K (115200 K)]2023-01-17T04:32:47.741+0800: 177.649: [Rescan (parallel) , 0.0297872 secs]2023-01-17T04:32:47.771+0800: 177.678: [weak refs processing, 0.0000544 secs]2023-01-17T04:32:47.771+0800: 177.678: [class unloading, 0.0134064 secs]2023-01-17T04:32:47.784+0800: 177.692: [scrub symbol table, 0.0053492 secs]2023-01-17T04:32:47.789+0800: 177.697: [scrub string table, 0.0008850 secs][1 CMS-remark: 134143K(134144K)] 236428K(249344K), 0.0497488 secs] [Times: user=0.12 sys=0.00, real=0.05 secs] 
2023-01-17T04:32:47.793+0800: 177.700: [CMS-concurrent-sweep-start]
2023-01-17T04:32:47.810+0800: 177.718: [CMS-concurrent-sweep: 0.017/0.017 secs] [Times: user=0.04 sys=0.00, real=0.02 secs] 
2023-01-17T04:32:47.810+0800: 177.718: [CMS-concurrent-reset-start]
2023-01-17T04:32:47.810+0800: 177.718: [CMS-concurrent-reset: 0.000/0.000 secs] [Times: user=0.01 sys=0.00, real=0.00 secs] 
{Heap before GC invocations=252 (full 241):
 par new generation   total 115200K, used 115193K [0x00000000f0000000, 0x00000000f7d00000, 0x00000000f7d00000)
  eden space 102400K, 100% used [0x00000000f0000000, 0x00000000f6400000, 0x00000000f6400000)
  from space 12800K,  99% used [0x00000000f7080000, 0x00000000f7cfe568, 0x00000000f7d00000)
  to   space 12800K,   0% used [0x00000000f6400000, 0x00000000f6400000, 0x00000000f7080000)
 concurrent mark-sweep generation total 134144K, used 134084K [0x00000000f7d00000, 0x0000000100000000, 0x0000000100000000)
 Metaspace       used 51972K, capacity 54794K, committed 55680K, reserved 1097728K
  class space    used 6332K, capacity 6829K, committed 7040K, reserved 1048576K
2023-01-17T04:32:48.109+0800: 178.017: [GC (Allocation Failure) 2023-01-17T04:32:48.109+0800: 178.017: [ParNew: 115193K->115193K(115200K), 0.0000277 secs]2023-01-17T04:32:48.109+0800: 178.017: [CMS: 134084K->134143K(134144K), 0.1975227 secs] 249278K->140143K(249344K), [Metaspace: 51972K->51972K(1097728K)], 0.1979649 secs] [Times: user=0.20 sys=0.00, real=0.20 secs] 
Heap after GC invocations=253 (full 242):
 par new generation   total 115200K, used 5999K [0x00000000f0000000, 0x00000000f7d00000, 0x00000000f7d00000)
  eden space 102400K,   5% used [0x00000000f0000000, 0x00000000f05dbf20, 0x00000000f6400000)
  from space 12800K,   0% used [0x00000000f7080000, 0x00000000f7080000, 0x00000000f7d00000)
  to   space 12800K,   0% used [0x00000000f6400000, 0x00000000f6400000, 0x00000000f7080000)
 concurrent mark-sweep generation total 134144K, used 134143K [0x00000000f7d00000, 0x0000000100000000, 0x0000000100000000)
 Metaspace       used 51972K, capacity 54794K, committed 55680K, reserved 1097728K
  class space    used 6332K, capacity 6829K, committed 7040K, reserved 1048576K
}
2023-01-17T04:32:48.312+0800: 178.220: [GC (CMS Initial Mark) [1 CMS-initial-mark: 134143K(134144K)] 140431K(249344K), 0.0049908 secs] [Times: user=0.01 sys=0.00, real=0.00 secs] 
2023-01-17T04:32:48.317+0800: 178.225: [CMS-concurrent-mark-start]
2023-01-17T04:32:48.382+0800: 178.290: [CMS-concurrent-mark: 0.065/0.065 secs] [Times: user=0.18 sys=0.02, real=0.07 secs] 
2023-01-17T04:32:48.382+0800: 178.290: [CMS-concurrent-preclean-start]
2023-01-17T04:32:48.421+0800: 178.329: [CMS-concurrent-preclean: 0.039/0.039 secs] [Times: user=0.08 sys=0.01, real=0.04 secs] 
2023-01-17T04:32:48.421+0800: 178.329: [CMS-concurrent-abortable-preclean-start]
2023-01-17T04:32:48.421+0800: 178.329: [CMS-concurrent-abortable-preclean: 0.000/0.000 secs] [Times: user=0.00 sys=0.00, real=0.00 secs] 
2023-01-17T04:32:48.425+0800: 178.333: [GC (CMS Final Remark) [YG occupancy: 55568 K (115200 K)]2023-01-17T04:32:48.425+0800: 178.333: [Rescan (parallel) , 0.0165893 secs]2023-01-17T04:32:48.442+0800: 178.350: [weak refs processing, 0.0000578 secs]2023-01-17T04:32:48.442+0800: 178.350: [class unloading, 0.0139734 secs]2023-01-17T04:32:48.456+0800: 178.364: [scrub symbol table, 0.0052032 secs]2023-01-17T04:32:48.461+0800: 178.369: [scrub string table, 0.0009071 secs][1 CMS-remark: 134143K(134144K)] 189711K(249344K), 0.0369490 secs] [Times: user=0.08 sys=0.00, real=0.04 secs] 
2023-01-17T04:32:48.463+0800: 178.371: [CMS-concurrent-sweep-start]
2023-01-17T04:32:48.482+0800: 178.390: [CMS-concurrent-sweep: 0.019/0.019 secs] [Times: user=0.07 sys=0.01, real=0.02 secs] 
2023-01-17T04:32:48.482+0800: 178.390: [CMS-concurrent-reset-start]
2023-01-17T04:32:48.483+0800: 178.390: [CMS-concurrent-reset: 0.000/0.000 secs] [Times: user=0.00 sys=0.00, real=0.00 secs] 
{Heap before GC invocations=253 (full 243):
 par new generation   total 115200K, used 115196K [0x00000000f0000000, 0x00000000f7d00000, 0x00000000f7d00000)
  eden space 102400K, 100% used [0x00000000f0000000, 0x00000000f6400000, 0x00000000f6400000)
  from space 12800K,  99% used [0x00000000f7080000, 0x00000000f7cff250, 0x00000000f7d00000)
  to   space 12800K,   0% used [0x00000000f6400000, 0x00000000f6400000, 0x00000000f7080000)
 concurrent mark-sweep generation total 134144K, used 134059K [0x00000000f7d00000, 0x0000000100000000, 0x0000000100000000)
 Metaspace       used 51972K, capacity 54794K, committed 55680K, reserved 1097728K
  class space    used 6332K, capacity 6829K, committed 7040K, reserved 1048576K
2023-01-17T04:32:48.849+0800: 178.757: [GC (Allocation Failure) 2023-01-17T04:32:48.849+0800: 178.757: [ParNew: 115196K->115196K(115200K), 0.0000270 secs]2023-01-17T04:32:48.849+0800: 178.757: [CMS: 134059K->134143K(134144K), 0.2056956 secs] 249256K->140101K(249344K), [Metaspace: 51972K->51972K(1097728K)], 0.2060961 secs] [Times: user=0.21 sys=0.00, real=0.21 secs] 
Heap after GC invocations=254 (full 244):
 par new generation   total 115200K, used 5957K [0x00000000f0000000, 0x00000000f7d00000, 0x00000000f7d00000)
  eden space 102400K,   5% used [0x00000000f0000000, 0x00000000f05d17c0, 0x00000000f6400000)
  from space 12800K,   0% used [0x00000000f7080000, 0x00000000f7080000, 0x00000000f7d00000)
  to   space 12800K,   0% used [0x00000000f6400000, 0x00000000f6400000, 0x00000000f7080000)
 concurrent mark-sweep generation total 134144K, used 134143K [0x00000000f7d00000, 0x0000000100000000, 0x0000000100000000)
 Metaspace       used 51972K, capacity 54794K, committed 55680K, reserved 1097728K
  class space    used 6332K, capacity 6829K, committed 7040K, reserved 1048576K
}
2023-01-17T04:32:49.064+0800: 178.972: [GC (CMS Initial Mark) [1 CMS-initial-mark: 134143K(134144K)] 143471K(249344K), 0.0083807 secs] [Times: user=0.02 sys=0.00, real=0.01 secs] 
2023-01-17T04:32:49.073+0800: 178.981: [CMS-concurrent-mark-start]
2023-01-17T04:32:49.145+0800: 179.053: [CMS-concurrent-mark: 0.072/0.072 secs] [Times: user=0.18 sys=0.02, real=0.07 secs] 
2023-01-17T04:32:49.145+0800: 179.053: [CMS-concurrent-preclean-start]
2023-01-17T04:32:49.190+0800: 179.098: [CMS-concurrent-preclean: 0.044/0.044 secs] [Times: user=0.13 sys=0.02, real=0.05 secs] 
2023-01-17T04:32:49.190+0800: 179.098: [CMS-concurrent-abortable-preclean-start]
2023-01-17T04:32:49.190+0800: 179.098: [CMS-concurrent-abortable-preclean: 0.000/0.000 secs] [Times: user=0.00 sys=0.00, real=0.00 secs] 
2023-01-17T04:32:49.194+0800: 179.102: [GC (CMS Final Remark) [YG occupancy: 66497 K (115200 K)]2023-01-17T04:32:49.194+0800: 179.102: [Rescan (parallel) , 0.0199003 secs]2023-01-17T04:32:49.214+0800: 179.122: [weak refs processing, 0.0000434 secs]2023-01-17T04:32:49.214+0800: 179.122: [class unloading, 0.0134625 secs]2023-01-17T04:32:49.228+0800: 179.135: [scrub symbol table, 0.0050894 secs]2023-01-17T04:32:49.233+0800: 179.140: [scrub string table, 0.0008767 secs][1 CMS-remark: 134143K(134144K)] 200641K(249344K), 0.0395591 secs] [Times: user=0.10 sys=0.00, real=0.04 secs] 
2023-01-17T04:32:49.234+0800: 179.142: [CMS-concurrent-sweep-start]
2023-01-17T04:32:49.250+0800: 179.158: [CMS-concurrent-sweep: 0.015/0.015 secs] [Times: user=0.05 sys=0.00, real=0.02 secs] 
2023-01-17T04:32:49.250+0800: 179.158: [CMS-concurrent-reset-start]
2023-01-17T04:32:49.250+0800: 179.158: [CMS-concurrent-reset: 0.000/0.000 secs] [Times: user=0.00 sys=0.00, real=0.00 secs] 
{Heap before GC invocations=254 (full 245):
 par new generation   total 115200K, used 115199K [0x00000000f0000000, 0x00000000f7d00000, 0x00000000f7d00000)
  eden space 102400K, 100% used [0x00000000f0000000, 0x00000000f6400000, 0x00000000f6400000)
  from space 12800K,  99% used [0x00000000f7080000, 0x00000000f7cfffe8, 0x00000000f7d00000)
  to   space 12800K,   0% used [0x00000000f6400000, 0x00000000f6400000, 0x00000000f7080000)
 concurrent mark-sweep generation total 134144K, used 133997K [0x00000000f7d00000, 0x0000000100000000, 0x0000000100000000)
 Metaspace       used 51972K, capacity 54794K, committed 55680K, reserved 1097728K
  class space    used 6332K, capacity 6829K, committed 7040K, reserved 1048576K
2023-01-17T04:32:49.626+0800: 179.534: [GC (Allocation Failure) 2023-01-17T04:32:49.627+0800: 179.534: [ParNew: 115199K->115199K(115200K), 0.0000270 secs]2023-01-17T04:32:49.627+0800: 179.534: [CMS: 133997K->134143K(134144K), 0.2082146 secs] 249197K->140158K(249344K), [Metaspace: 51972K->51972K(1097728K)], 0.2086581 secs] [Times: user=0.22 sys=0.00, real=0.21 secs] 
Heap after GC invocations=255 (full 246):
 par new generation   total 115200K, used 6014K [0x00000000f0000000, 0x00000000f7d00000, 0x00000000f7d00000)
  eden space 102400K,   5% used [0x00000000f0000000, 0x00000000f05dfbd8, 0x00000000f6400000)
  from space 12800K,   0% used [0x00000000f7080000, 0x00000000f7080000, 0x00000000f7d00000)
  to   space 12800K,   0% used [0x00000000f6400000, 0x00000000f6400000, 0x00000000f7080000)
 concurrent mark-sweep generation total 134144K, used 134143K [0x00000000f7d00000, 0x0000000100000000, 0x0000000100000000)
 Metaspace       used 51972K, capacity 54794K, committed 55680K, reserved 1097728K
  class space    used 6332K, capacity 6829K, committed 7040K, reserved 1048576K
}
2023-01-17T04:32:49.840+0800: 179.747: [GC (CMS Initial Mark) [1 CMS-initial-mark: 134143K(134144K)] 140457K(249344K), 0.0045384 secs] [Times: user=0.02 sys=0.00, real=0.00 secs] 
2023-01-17T04:32:49.845+0800: 179.752: [CMS-concurrent-mark-start]
2023-01-17T04:32:49.915+0800: 179.823: [CMS-concurrent-mark: 0.070/0.070 secs] [Times: user=0.22 sys=0.03, real=0.07 secs] 
2023-01-17T04:32:49.915+0800: 179.823: [CMS-concurrent-preclean-start]
2023-01-17T04:32:49.957+0800: 179.864: [CMS-concurrent-preclean: 0.041/0.041 secs] [Times: user=0.12 sys=0.02, real=0.04 secs] 
2023-01-17T04:32:49.957+0800: 179.865: [CMS-concurrent-abortable-preclean-start]
2023-01-17T04:32:49.957+0800: 179.865: [CMS-concurrent-abortable-preclean: 0.000/0.000 secs] [Times: user=0.00 sys=0.00, real=0.00 secs] 
2023-01-17T04:32:49.979+0800: 179.887: [GC (CMS Final Remark) [YG occupancy: 81622 K (115200 K)]2023-01-17T04:32:49.979+0800: 179.887: [Rescan (parallel) , 0.0243016 secs]2023-01-17T04:32:50.003+0800: 179.911: [weak refs processing, 0.0000476 secs]2023-01-17T04:32:50.003+0800: 179.911: [class unloading, 0.0136475 secs]2023-01-17T04:32:50.017+0800: 179.925: [scrub symbol table, 0.0051235 secs]2023-01-17T04:32:50.022+0800: 179.930: [scrub string table, 0.0008633 secs][1 CMS-remark: 134143K(134144K)] 215766K(249344K), 0.0442437 secs] [Times: user=0.12 sys=0.00, real=0.05 secs] 
2023-01-17T04:32:50.024+0800: 179.931: [CMS-concurrent-sweep-start]
2023-01-17T04:32:50.041+0800: 179.949: [CMS-concurrent-sweep: 0.017/0.017 secs] [Times: user=0.04 sys=0.01, real=0.02 secs] 
2023-01-17T04:32:50.041+0800: 179.949: [CMS-concurrent-reset-start]
2023-01-17T04:32:50.042+0800: 179.949: [CMS-concurrent-reset: 0.000/0.000 secs] [Times: user=0.01 sys=0.00, real=0.00 secs] 
{Heap before GC invocations=255 (full 247):
 par new generation   total 115200K, used 115199K [0x00000000f0000000, 0x00000000f7d00000, 0x00000000f7d00000)
  eden space 102400K, 100% used [0x00000000f0000000, 0x00000000f6400000, 0x00000000f6400000)
  from space 12800K,  99% used [0x00000000f7080000, 0x00000000f7cfffc0, 0x00000000f7d00000)
  to   space 12800K,   0% used [0x00000000f6400000, 0x00000000f6400000, 0x00000000f7080000)
 concurrent mark-sweep generation total 134144K, used 134015K [0x00000000f7d00000, 0x0000000100000000, 0x0000000100000000)
 Metaspace       used 51973K, capacity 54794K, committed 55680K, reserved 1097728K
  class space    used 6332K, capacity 6829K, committed 7040K, reserved 1048576K
2023-01-17T04:32:50.366+0800: 180.274: [GC (Allocation Failure) 2023-01-17T04:32:50.366+0800: 180.274: [ParNew: 115199K->115199K(115200K), 0.0000277 secs]2023-01-17T04:32:50.366+0800: 180.274: [CMS: 134015K->134143K(134144K), 0.1882560 secs] 249214K->140174K(249344K), [Metaspace: 51973K->51973K(1097728K)], 0.1886572 secs] [Times: user=0.19 sys=0.00, real=0.19 secs] 
Heap after GC invocations=256 (full 248):
 par new generation   total 115200K, used 6031K [0x00000000f0000000, 0x00000000f7d00000, 0x00000000f7d00000)
  eden space 102400K,   5% used [0x00000000f0000000, 0x00000000f05e3c10, 0x00000000f6400000)
  from space 12800K,   0% used [0x00000000f7080000, 0x00000000f7080000, 0x00000000f7d00000)
  to   space 12800K,   0% used [0x00000000f6400000, 0x00000000f6400000, 0x00000000f7080000)
 concurrent mark-sweep generation total 134144K, used 134143K [0x00000000f7d00000, 0x0000000100000000, 0x0000000100000000)
 Metaspace       used 51973K, capacity 54794K, committed 55680K, reserved 1097728K
  class space    used 6332K, capacity 6829K, committed 7040K, reserved 1048576K
}
2023-01-17T04:32:50.559+0800: 180.467: [GC (CMS Initial Mark) [1 CMS-initial-mark: 134143K(134144K)] 140504K(249344K), 0.0045066 secs] [Times: user=0.01 sys=0.00, real=0.01 secs] 
2023-01-17T04:32:50.564+0800: 180.472: [CMS-concurrent-mark-start]
2023-01-17T04:32:50.634+0800: 180.542: [CMS-concurrent-mark: 0.070/0.070 secs] [Times: user=0.21 sys=0.03, real=0.07 secs] 
2023-01-17T04:32:50.635+0800: 180.542: [CMS-concurrent-preclean-start]
2023-01-17T04:32:50.678+0800: 180.586: [CMS-concurrent-preclean: 0.043/0.043 secs] [Times: user=0.12 sys=0.02, real=0.04 secs] 
2023-01-17T04:32:50.678+0800: 180.586: [CMS-concurrent-abortable-preclean-start]
2023-01-17T04:32:50.678+0800: 180.586: [CMS-concurrent-abortable-preclean: 0.000/0.000 secs] [Times: user=0.00 sys=0.00, real=0.00 secs] 
2023-01-17T04:32:50.682+0800: 180.590: [GC (CMS Final Remark) [YG occupancy: 74753 K (115200 K)]2023-01-17T04:32:50.682+0800: 180.590: [Rescan (parallel) , 0.0209961 secs]2023-01-17T04:32:50.703+0800: 180.611: [weak refs processing, 0.0000455 secs]2023-01-17T04:32:50.703+0800: 180.611: [class unloading, 0.0132867 secs]2023-01-17T04:32:50.716+0800: 180.624: [scrub symbol table, 0.0051496 secs]2023-01-17T04:32:50.722+0800: 180.629: [scrub string table, 0.0008566 secs][1 CMS-remark: 134143K(134144K)] 208897K(249344K), 0.0405581 secs] [Times: user=0.10 sys=0.00, real=0.04 secs] 
2023-01-17T04:32:50.723+0800: 180.631: [CMS-concurrent-sweep-start]
2023-01-17T04:32:50.743+0800: 180.651: [CMS-concurrent-sweep: 0.020/0.020 secs] [Times: user=0.07 sys=0.01, real=0.02 secs] 
2023-01-17T04:32:50.743+0800: 180.651: [CMS-concurrent-reset-start]
2023-01-17T04:32:50.744+0800: 180.651: [CMS-concurrent-reset: 0.000/0.000 secs] [Times: user=0.00 sys=0.00, real=0.00 secs] 
{Heap before GC invocations=256 (full 249):
 par new generation   total 115200K, used 115199K [0x00000000f0000000, 0x00000000f7d00000, 0x00000000f7d00000)
  eden space 102400K, 100% used [0x00000000f0000000, 0x00000000f6400000, 0x00000000f6400000)
  from space 12800K,  99% used [0x00000000f7080000, 0x00000000f7cffff8, 0x00000000f7d00000)
  to   space 12800K,   0% used [0x00000000f6400000, 0x00000000f6400000, 0x00000000f7080000)
 concurrent mark-sweep generation total 134144K, used 134078K [0x00000000f7d00000, 0x0000000100000000, 0x0000000100000000)
 Metaspace       used 51973K, capacity 54794K, committed 55680K, reserved 1097728K
  class space    used 6332K, capacity 6829K, committed 7040K, reserved 1048576K
2023-01-17T04:32:51.088+0800: 180.996: [GC (Allocation Failure) 2023-01-17T04:32:51.088+0800: 180.996: [ParNew: 115199K->115199K(115200K), 0.0000317 secs]2023-01-17T04:32:51.088+0800: 180.996: [CMS: 134078K->134143K(134144K), 0.1923045 secs] 249278K->140107K(249344K), [Metaspace: 51973K->51973K(1097728K)], 0.1927581 secs] [Times: user=0.20 sys=0.00, real=0.20 secs] 
Heap after GC invocations=257 (full 250):
 par new generation   total 115200K, used 5963K [0x00000000f0000000, 0x00000000f7d00000, 0x00000000f7d00000)
  eden space 102400K,   5% used [0x00000000f0000000, 0x00000000f05d2d88, 0x00000000f6400000)
  from space 12800K,   0% used [0x00000000f7080000, 0x00000000f7080000, 0x00000000f7d00000)
  to   space 12800K,   0% used [0x00000000f6400000, 0x00000000f6400000, 0x00000000f7080000)
 concurrent mark-sweep generation total 134144K, used 134143K [0x00000000f7d00000, 0x0000000100000000, 0x0000000100000000)
 Metaspace       used 51973K, capacity 54794K, committed 55680K, reserved 1097728K
  class space    used 6332K, capacity 6829K, committed 7040K, reserved 1048576K
}
2023-01-17T04:32:51.287+0800: 181.195: [GC (CMS Initial Mark) [1 CMS-initial-mark: 134143K(134144K)] 142165K(249344K), 0.0050648 secs] [Times: user=0.02 sys=0.00, real=0.01 secs] 
2023-01-17T04:32:51.293+0800: 181.200: [CMS-concurrent-mark-start]
2023-01-17T04:32:51.363+0800: 181.271: [CMS-concurrent-mark: 0.070/0.070 secs] [Times: user=0.17 sys=0.02, real=0.07 secs] 
2023-01-17T04:32:51.363+0800: 181.271: [CMS-concurrent-preclean-start]
2023-01-17T04:32:51.409+0800: 181.317: [CMS-concurrent-preclean: 0.046/0.046 secs] [Times: user=0.09 sys=0.01, real=0.04 secs] 
2023-01-17T04:32:51.409+0800: 181.317: [CMS-concurrent-abortable-preclean-start]
2023-01-17T04:32:51.409+0800: 181.317: [CMS-concurrent-abortable-preclean: 0.000/0.000 secs] [Times: user=0.00 sys=0.00, real=0.00 secs] 
2023-01-17T04:32:51.413+0800: 181.321: [GC (CMS Final Remark) [YG occupancy: 51302 K (115200 K)]2023-01-17T04:32:51.413+0800: 181.321: [Rescan (parallel) , 0.0231677 secs]2023-01-17T04:32:51.437+0800: 181.344: [weak refs processing, 0.0000511 secs]2023-01-17T04:32:51.437+0800: 181.344: [class unloading, 0.0140209 secs]2023-01-17T04:32:51.451+0800: 181.359: [scrub symbol table, 0.0052189 secs]2023-01-17T04:32:51.456+0800: 181.364: [scrub string table, 0.0009042 secs][1 CMS-remark: 134143K(134144K)] 185446K(249344K), 0.0435632 secs] [Times: user=0.10 sys=0.00, real=0.04 secs] 
2023-01-17T04:32:51.458+0800: 181.366: [CMS-concurrent-sweep-start]
2023-01-17T04:32:51.482+0800: 181.390: [CMS-concurrent-sweep: 0.024/0.024 secs] [Times: user=0.05 sys=0.01, real=0.03 secs] 
2023-01-17T04:32:51.482+0800: 181.390: [CMS-concurrent-reset-start]
2023-01-17T04:32:51.482+0800: 181.390: [CMS-concurrent-reset: 0.000/0.000 secs] [Times: user=0.01 sys=0.00, real=0.00 secs] 
{Heap before GC invocations=257 (full 251):
 par new generation   total 115200K, used 115199K [0x00000000f0000000, 0x00000000f7d00000, 0x00000000f7d00000)
  eden space 102400K, 100% used [0x00000000f0000000, 0x00000000f6400000, 0x00000000f6400000)
  from space 12800K,  99% used [0x00000000f7080000, 0x00000000f7cffff8, 0x00000000f7d00000)
  to   space 12800K,   0% used [0x00000000f6400000, 0x00000000f6400000, 0x00000000f7080000)
 concurrent mark-sweep generation total 134144K, used 134098K [0x00000000f7d00000, 0x0000000100000000, 0x0000000100000000)
 Metaspace       used 51973K, capacity 54794K, committed 55680K, reserved 1097728K
  class space    used 6332K, capacity 6829K, committed 7040K, reserved 1048576K
2023-01-17T04:32:51.817+0800: 181.725: [GC (Allocation Failure) 2023-01-17T04:32:51.818+0800: 181.726: [ParNew: 115199K->115199K(115200K), 0.0000300 secs]2023-01-17T04:32:51.818+0800: 181.726: [CMS: 134098K->134143K(134144K), 0.1912392 secs] 249298K->140195K(249344K), [Metaspace: 51973K->51973K(1097728K)], 0.1916656 secs] [Times: user=0.20 sys=0.00, real=0.19 secs] 
Heap after GC invocations=258 (full 252):
 par new generation   total 115200K, used 6051K [0x00000000f0000000, 0x00000000f7d00000, 0x00000000f7d00000)
  eden space 102400K,   5% used [0x00000000f0000000, 0x00000000f05e8d30, 0x00000000f6400000)
  from space 12800K,   0% used [0x00000000f7080000, 0x00000000f7080000, 0x00000000f7d00000)
  to   space 12800K,   0% used [0x00000000f6400000, 0x00000000f6400000, 0x00000000f7080000)
 concurrent mark-sweep generation total 134144K, used 134143K [0x00000000f7d00000, 0x0000000100000000, 0x0000000100000000)
 Metaspace       used 51973K, capacity 54794K, committed 55680K, reserved 1097728K
  class space    used 6332K, capacity 6829K, committed 7040K, reserved 1048576K
}
2023-01-17T04:32:52.015+0800: 181.923: [GC (CMS Initial Mark) [1 CMS-initial-mark: 134143K(134144K)] 141440K(249344K), 0.0049053 secs] [Times: user=0.02 sys=0.00, real=0.01 secs] 
2023-01-17T04:32:52.020+0800: 181.928: [CMS-concurrent-mark-start]
2023-01-17T04:32:52.105+0800: 182.013: [CMS-concurrent-mark: 0.085/0.085 secs] [Times: user=0.28 sys=0.03, real=0.08 secs] 
2023-01-17T04:32:52.106+0800: 182.013: [CMS-concurrent-preclean-start]
2023-01-17T04:32:52.151+0800: 182.059: [CMS-concurrent-preclean: 0.046/0.046 secs] [Times: user=0.13 sys=0.03, real=0.05 secs] 
2023-01-17T04:32:52.151+0800: 182.059: [CMS-concurrent-abortable-preclean-start]
2023-01-17T04:32:52.151+0800: 182.059: [CMS-concurrent-abortable-preclean: 0.000/0.000 secs] [Times: user=0.01 sys=0.00, real=0.00 secs] 
2023-01-17T04:32:52.155+0800: 182.063: [GC (CMS Final Remark) [YG occupancy: 95056 K (115200 K)]2023-01-17T04:32:52.155+0800: 182.063: [Rescan (parallel) , 0.0251178 secs]2023-01-17T04:32:52.181+0800: 182.088: [weak refs processing, 0.0000431 secs]2023-01-17T04:32:52.181+0800: 182.088: [class unloading, 0.0132935 secs]2023-01-17T04:32:52.194+0800: 182.102: [scrub symbol table, 0.0049935 secs]2023-01-17T04:32:52.199+0800: 182.107: [scrub string table, 0.0008870 secs][1 CMS-remark: 134143K(134144K)] 229200K(249344K), 0.0445208 secs] [Times: user=0.12 sys=0.00, real=0.05 secs] 
2023-01-17T04:32:52.200+0800: 182.108: [CMS-concurrent-sweep-start]
2023-01-17T04:32:52.218+0800: 182.126: [CMS-concurrent-sweep: 0.018/0.018 secs] [Times: user=0.05 sys=0.01, real=0.01 secs] 
2023-01-17T04:32:52.218+0800: 182.126: [CMS-concurrent-reset-start]
2023-01-17T04:32:52.219+0800: 182.126: [CMS-concurrent-reset: 0.000/0.000 secs] [Times: user=0.01 sys=0.00, real=0.00 secs] 
{Heap before GC invocations=258 (full 253):
 par new generation   total 115200K, used 115199K [0x00000000f0000000, 0x00000000f7d00000, 0x00000000f7d00000)
  eden space 102400K, 100% used [0x00000000f0000000, 0x00000000f6400000, 0x00000000f6400000)
  from space 12800K,  99% used [0x00000000f7080000, 0x00000000f7cffff0, 0x00000000f7d00000)
  to   space 12800K,   0% used [0x00000000f6400000, 0x00000000f6400000, 0x00000000f7080000)
 concurrent mark-sweep generation total 134144K, used 133980K [0x00000000f7d00000, 0x0000000100000000, 0x0000000100000000)
 Metaspace       used 51973K, capacity 54794K, committed 55680K, reserved 1097728K
  class space    used 6332K, capacity 6829K, committed 7040K, reserved 1048576K
2023-01-17T04:32:52.561+0800: 182.469: [GC (Allocation Failure) 2023-01-17T04:32:52.561+0800: 182.469: [ParNew: 115199K->115199K(115200K), 0.0000293 secs]2023-01-17T04:32:52.561+0800: 182.469: [CMS: 133980K->134144K(134144K), 0.2393784 secs] 249180K->140180K(249344K), [Metaspace: 51973K->51973K(1097728K)], 0.2398226 secs] [Times: user=0.24 sys=0.00, real=0.24 secs] 
Heap after GC invocations=259 (full 254):
 par new generation   total 115200K, used 6036K [0x00000000f0000000, 0x00000000f7d00000, 0x00000000f7d00000)
  eden space 102400K,   5% used [0x00000000f0000000, 0x00000000f05e5300, 0x00000000f6400000)
  from space 12800K,   0% used [0x00000000f7080000, 0x00000000f7080000, 0x00000000f7d00000)
  to   space 12800K,   0% used [0x00000000f6400000, 0x00000000f6400000, 0x00000000f7080000)
 concurrent mark-sweep generation total 134144K, used 134144K [0x00000000f7d00000, 0x0000000100000000, 0x0000000100000000)
 Metaspace       used 51973K, capacity 54794K, committed 55680K, reserved 1097728K
  class space    used 6332K, capacity 6829K, committed 7040K, reserved 1048576K
}
2023-01-17T04:32:52.806+0800: 182.713: [GC (CMS Initial Mark) [1 CMS-initial-mark: 134144K(134144K)] 140489K(249344K), 0.0063798 secs] [Times: user=0.01 sys=0.00, real=0.01 secs] 
2023-01-17T04:32:52.812+0800: 182.720: [CMS-concurrent-mark-start]
2023-01-17T04:32:52.872+0800: 182.779: [CMS-concurrent-mark: 0.059/0.059 secs] [Times: user=0.12 sys=0.01, real=0.06 secs] 
2023-01-17T04:32:52.872+0800: 182.780: [CMS-concurrent-preclean-start]
2023-01-17T04:32:52.908+0800: 182.816: [CMS-concurrent-preclean: 0.036/0.036 secs] [Times: user=0.10 sys=0.02, real=0.03 secs] 
2023-01-17T04:32:52.908+0800: 182.816: [CMS-concurrent-abortable-preclean-start]
2023-01-17T04:32:52.908+0800: 182.816: [CMS-concurrent-abortable-preclean: 0.000/0.000 secs] [Times: user=0.00 sys=0.00, real=0.00 secs] 
2023-01-17T04:32:52.913+0800: 182.820: [GC (CMS Final Remark) [YG occupancy: 40404 K (115200 K)]2023-01-17T04:32:52.913+0800: 182.821: [Rescan (parallel) , 0.0132238 secs]2023-01-17T04:32:52.926+0800: 182.834: [weak refs processing, 0.0000450 secs]2023-01-17T04:32:52.926+0800: 182.834: [class unloading, 0.0133554 secs]2023-01-17T04:32:52.939+0800: 182.847: [scrub symbol table, 0.0050944 secs]2023-01-17T04:32:52.944+0800: 182.852: [scrub string table, 0.0008703 secs][1 CMS-remark: 134144K(134144K)] 174548K(249344K), 0.0327505 secs] [Times: user=0.07 sys=0.00, real=0.03 secs] 
2023-01-17T04:32:52.946+0800: 182.853: [CMS-concurrent-sweep-start]
2023-01-17T04:32:52.963+0800: 182.871: [CMS-concurrent-sweep: 0.017/0.017 secs] [Times: user=0.05 sys=0.00, real=0.02 secs] 
2023-01-17T04:32:52.963+0800: 182.871: [CMS-concurrent-reset-start]
2023-01-17T04:32:52.963+0800: 182.871: [CMS-concurrent-reset: 0.000/0.000 secs] [Times: user=0.00 sys=0.00, real=0.00 secs] 
{Heap before GC invocations=259 (full 255):
 par new generation   total 115200K, used 115199K [0x00000000f0000000, 0x00000000f7d00000, 0x00000000f7d00000)
  eden space 102400K, 100% used [0x00000000f0000000, 0x00000000f6400000, 0x00000000f6400000)
  from space 12800K,  99% used [0x00000000f7080000, 0x00000000f7cffff8, 0x00000000f7d00000)
  to   space 12800K,   0% used [0x00000000f6400000, 0x00000000f6400000, 0x00000000f7080000)
 concurrent mark-sweep generation total 134144K, used 134105K [0x00000000f7d00000, 0x0000000100000000, 0x0000000100000000)
 Metaspace       used 51973K, capacity 54794K, committed 55680K, reserved 1097728K
  class space    used 6332K, capacity 6829K, committed 7040K, reserved 1048576K
2023-01-17T04:32:53.334+0800: 183.242: [GC (Allocation Failure) 2023-01-17T04:32:53.334+0800: 183.242: [ParNew: 115199K->115199K(115200K), 0.0000278 secs]2023-01-17T04:32:53.334+0800: 183.242: [CMS: 134105K->134143K(134144K), 0.2015290 secs] 249305K->140211K(249344K), [Metaspace: 51973K->51973K(1097728K)], 0.2019571 secs] [Times: user=0.21 sys=0.00, real=0.20 secs] 
Heap after GC invocations=260 (full 256):
 par new generation   total 115200K, used 6067K [0x00000000f0000000, 0x00000000f7d00000, 0x00000000f7d00000)
  eden space 102400K,   5% used [0x00000000f0000000, 0x00000000f05ece58, 0x00000000f6400000)
  from space 12800K,   0% used [0x00000000f7080000, 0x00000000f7080000, 0x00000000f7d00000)
  to   space 12800K,   0% used [0x00000000f6400000, 0x00000000f6400000, 0x00000000f7080000)
 concurrent mark-sweep generation total 134144K, used 134143K [0x00000000f7d00000, 0x0000000100000000, 0x0000000100000000)
 Metaspace       used 51973K, capacity 54794K, committed 55680K, reserved 1097728K
  class space    used 6332K, capacity 6829K, committed 7040K, reserved 1048576K
}
2023-01-17T04:32:53.547+0800: 183.455: [GC (CMS Initial Mark) [1 CMS-initial-mark: 134143K(134144K)] 146081K(249344K), 0.0059501 secs] [Times: user=0.02 sys=0.00, real=0.01 secs] 
2023-01-17T04:32:53.553+0800: 183.461: [CMS-concurrent-mark-start]
2023-01-17T04:32:53.619+0800: 183.527: [CMS-concurrent-mark: 0.066/0.066 secs] [Times: user=0.16 sys=0.01, real=0.06 secs] 
2023-01-17T04:32:53.619+0800: 183.527: [CMS-concurrent-preclean-start]
2023-01-17T04:32:53.657+0800: 183.565: [CMS-concurrent-preclean: 0.038/0.038 secs] [Times: user=0.08 sys=0.01, real=0.04 secs] 
2023-01-17T04:32:53.658+0800: 183.565: [CMS-concurrent-abortable-preclean-start]
2023-01-17T04:32:53.658+0800: 183.565: [CMS-concurrent-abortable-preclean: 0.000/0.000 secs] [Times: user=0.00 sys=0.00, real=0.00 secs] 
2023-01-17T04:32:53.662+0800: 183.570: [GC (CMS Final Remark) [YG occupancy: 53537 K (115200 K)]2023-01-17T04:32:53.662+0800: 183.570: [Rescan (parallel) , 0.0164938 secs]2023-01-17T04:32:53.679+0800: 183.587: [weak refs processing, 0.0000392 secs]2023-01-17T04:32:53.679+0800: 183.587: [class unloading, 0.0136322 secs]2023-01-17T04:32:53.693+0800: 183.600: [scrub symbol table, 0.0051548 secs]2023-01-17T04:32:53.698+0800: 183.606: [scrub string table, 0.0008677 secs][1 CMS-remark: 134143K(134144K)] 187681K(249344K), 0.0363772 secs] [Times: user=0.08 sys=0.00, real=0.03 secs] 
2023-01-17T04:32:53.699+0800: 183.607: [CMS-concurrent-sweep-start]
2023-01-17T04:32:53.718+0800: 183.626: [CMS-concurrent-sweep: 0.018/0.018 secs] [Times: user=0.05 sys=0.01, real=0.02 secs] 
2023-01-17T04:32:53.718+0800: 183.626: [CMS-concurrent-reset-start]
2023-01-17T04:32:53.718+0800: 183.626: [CMS-concurrent-reset: 0.000/0.000 secs] [Times: user=0.00 sys=0.00, real=0.00 secs] 
{Heap before GC invocations=260 (full 257):
 par new generation   total 115200K, used 115200K [0x00000000f0000000, 0x00000000f7d00000, 0x00000000f7d00000)
  eden space 102400K, 100% used [0x00000000f0000000, 0x00000000f6400000, 0x00000000f6400000)
  from space 12800K, 100% used [0x00000000f7080000, 0x00000000f7d00000, 0x00000000f7d00000)
  to   space 12800K,   0% used [0x00000000f6400000, 0x00000000f6400000, 0x00000000f7080000)
 concurrent mark-sweep generation total 134144K, used 134096K [0x00000000f7d00000, 0x0000000100000000, 0x0000000100000000)
 Metaspace       used 51974K, capacity 54794K, committed 55680K, reserved 1097728K
  class space    used 6332K, capacity 6829K, committed 7040K, reserved 1048576K
2023-01-17T04:32:54.060+0800: 183.968: [GC (Allocation Failure) 2023-01-17T04:32:54.060+0800: 183.968: [ParNew: 115200K->115200K(115200K), 0.0000329 secs]2023-01-17T04:32:54.060+0800: 183.968: [CMS: 134096K->134143K(134144K), 0.2152004 secs] 249296K->140228K(249344K), [Metaspace: 51974K->51974K(1097728K)], 0.2157131 secs] [Times: user=0.22 sys=0.00, real=0.21 secs] 
Heap after GC invocations=261 (full 258):
 par new generation   total 115200K, used 6084K [0x00000000f0000000, 0x00000000f7d00000, 0x00000000f7d00000)
  eden space 102400K,   5% used [0x00000000f0000000, 0x00000000f05f1280, 0x00000000f6400000)
  from space 12800K,   0% used [0x00000000f7080000, 0x00000000f7080000, 0x00000000f7d00000)
  to   space 12800K,   0% used [0x00000000f6400000, 0x00000000f6400000, 0x00000000f7080000)
 concurrent mark-sweep generation total 134144K, used 134143K [0x00000000f7d00000, 0x0000000100000000, 0x0000000100000000)
 Metaspace       used 51974K, capacity 54794K, committed 55680K, reserved 1097728K
  class space    used 6332K, capacity 6829K, committed 7040K, reserved 1048576K
}
2023-01-17T04:32:54.280+0800: 184.188: [GC (CMS Initial Mark) [1 CMS-initial-mark: 134143K(134144K)] 140237K(249344K), 0.0049226 secs] [Times: user=0.01 sys=0.00, real=0.00 secs] 
2023-01-17T04:32:54.285+0800: 184.193: [CMS-concurrent-mark-start]
2023-01-17T04:32:54.358+0800: 184.266: [CMS-concurrent-mark: 0.073/0.073 secs] [Times: user=0.17 sys=0.03, real=0.07 secs] 
2023-01-17T04:32:54.358+0800: 184.266: [CMS-concurrent-preclean-start]
2023-01-17T04:32:54.398+0800: 184.306: [CMS-concurrent-preclean: 0.040/0.040 secs] [Times: user=0.08 sys=0.01, real=0.04 secs] 
2023-01-17T04:32:54.399+0800: 184.306: [CMS-concurrent-abortable-preclean-start]
2023-01-17T04:32:54.399+0800: 184.306: [CMS-concurrent-abortable-preclean: 0.000/0.000 secs] [Times: user=0.00 sys=0.00, real=0.00 secs] 
2023-01-17T04:32:54.492+0800: 184.399: [GC (CMS Final Remark) [YG occupancy: 107388 K (115200 K)]2023-01-17T04:32:54.492+0800: 184.399: [Rescan (parallel) , 0.0420672 secs]2023-01-17T04:32:54.534+0800: 184.442: [weak refs processing, 0.0000636 secs]2023-01-17T04:32:54.534+0800: 184.442: [class unloading, 0.0193254 secs]2023-01-17T04:32:54.553+0800: 184.461: [scrub symbol table, 0.0082654 secs]2023-01-17T04:32:54.561+0800: 184.469: [scrub string table, 0.0013461 secs][1 CMS-remark: 134143K(134144K)] 241532K(249344K), 0.0713465 secs] [Times: user=0.18 sys=0.00, real=0.07 secs] 
2023-01-17T04:32:54.564+0800: 184.471: [CMS-concurrent-sweep-start]
2023-01-17T04:32:54.582+0800: 184.490: [CMS-concurrent-sweep: 0.019/0.019 secs] [Times: user=0.05 sys=0.00, real=0.02 secs] 
2023-01-17T04:32:54.582+0800: 184.490: [CMS-concurrent-reset-start]
2023-01-17T04:32:54.583+0800: 184.490: [CMS-concurrent-reset: 0.000/0.000 secs] [Times: user=0.00 sys=0.00, real=0.00 secs] 
{Heap before GC invocations=261 (full 259):
 par new generation   total 115200K, used 115199K [0x00000000f0000000, 0x00000000f7d00000, 0x00000000f7d00000)
  eden space 102400K, 100% used [0x00000000f0000000, 0x00000000f6400000, 0x00000000f6400000)
  from space 12800K,  99% used [0x00000000f7080000, 0x00000000f7cfffe8, 0x00000000f7d00000)
  to   space 12800K,   0% used [0x00000000f6400000, 0x00000000f6400000, 0x00000000f7080000)
 concurrent mark-sweep generation total 134144K, used 134058K [0x00000000f7d00000, 0x0000000100000000, 0x0000000100000000)
 Metaspace       used 51974K, capacity 54794K, committed 55680K, reserved 1097728K
  class space    used 6332K, capacity 6829K, committed 7040K, reserved 1048576K
2023-01-17T04:32:54.802+0800: 184.710: [GC (Allocation Failure) 2023-01-17T04:32:54.802+0800: 184.710: [ParNew: 115199K->115199K(115200K), 0.0000270 secs]2023-01-17T04:32:54.802+0800: 184.710: [CMS: 134058K->134144K(134144K), 0.1904729 secs] 249258K->140188K(249344K), [Metaspace: 51974K->51974K(1097728K)], 0.1909038 secs] [Times: user=0.20 sys=0.00, real=0.19 secs] 
Heap after GC invocations=262 (full 260):
 par new generation   total 115200K, used 6044K [0x00000000f0000000, 0x00000000f7d00000, 0x00000000f7d00000)
  eden space 102400K,   5% used [0x00000000f0000000, 0x00000000f05e7038, 0x00000000f6400000)
  from space 12800K,   0% used [0x00000000f7080000, 0x00000000f7080000, 0x00000000f7d00000)
  to   space 12800K,   0% used [0x00000000f6400000, 0x00000000f6400000, 0x00000000f7080000)
 concurrent mark-sweep generation total 134144K, used 134144K [0x00000000f7d00000, 0x0000000100000000, 0x0000000100000000)
 Metaspace       used 51974K, capacity 54794K, committed 55680K, reserved 1097728K
  class space    used 6332K, capacity 6829K, committed 7040K, reserved 1048576K
}
2023-01-17T04:32:55.004+0800: 184.912: [GC (CMS Initial Mark) [1 CMS-initial-mark: 134144K(134144K)] 145842K(249344K), 0.0068796 secs] [Times: user=0.02 sys=0.00, real=0.01 secs] 
2023-01-17T04:32:55.011+0800: 184.919: [CMS-concurrent-mark-start]
2023-01-17T04:32:55.076+0800: 184.984: [CMS-concurrent-mark: 0.065/0.065 secs] [Times: user=0.18 sys=0.02, real=0.06 secs] 
2023-01-17T04:32:55.077+0800: 184.984: [CMS-concurrent-preclean-start]
2023-01-17T04:32:55.130+0800: 185.037: [CMS-concurrent-preclean: 0.053/0.053 secs] [Times: user=0.11 sys=0.01, real=0.06 secs] 
2023-01-17T04:32:55.130+0800: 185.038: [CMS-concurrent-abortable-preclean-start]
2023-01-17T04:32:55.130+0800: 185.038: [CMS-concurrent-abortable-preclean: 0.000/0.000 secs] [Times: user=0.00 sys=0.00, real=0.00 secs] 
2023-01-17T04:32:55.136+0800: 185.044: [GC (CMS Final Remark) [YG occupancy: 66243 K (115200 K)]2023-01-17T04:32:55.136+0800: 185.044: [Rescan (parallel) , 0.0255539 secs]2023-01-17T04:32:55.161+0800: 185.069: [weak refs processing, 0.0000705 secs]2023-01-17T04:32:55.162+0800: 185.069: [class unloading, 0.0192200 secs]2023-01-17T04:32:55.181+0800: 185.089: [scrub symbol table, 0.0076587 secs]2023-01-17T04:32:55.188+0800: 185.096: [scrub string table, 0.0012659 secs][1 CMS-remark: 134144K(134144K)] 200387K(249344K), 0.0539834 secs] [Times: user=0.11 sys=0.00, real=0.06 secs] 
2023-01-17T04:32:55.191+0800: 185.098: [CMS-concurrent-sweep-start]
2023-01-17T04:32:55.214+0800: 185.121: [CMS-concurrent-sweep: 0.023/0.023 secs] [Times: user=0.05 sys=0.01, real=0.02 secs] 
2023-01-17T04:32:55.214+0800: 185.122: [CMS-concurrent-reset-start]
2023-01-17T04:32:55.214+0800: 185.122: [CMS-concurrent-reset: 0.000/0.000 secs] [Times: user=0.00 sys=0.00, real=0.00 secs] 
{Heap before GC invocations=262 (full 261):
 par new generation   total 115200K, used 115200K [0x00000000f0000000, 0x00000000f7d00000, 0x00000000f7d00000)
  eden space 102400K, 100% used [0x00000000f0000000, 0x00000000f6400000, 0x00000000f6400000)
  from space 12800K, 100% used [0x00000000f7080000, 0x00000000f7d00000, 0x00000000f7d00000)
  to   space 12800K,   0% used [0x00000000f6400000, 0x00000000f6400000, 0x00000000f7080000)
 concurrent mark-sweep generation total 134144K, used 133975K [0x00000000f7d00000, 0x0000000100000000, 0x0000000100000000)
 Metaspace       used 51992K, capacity 54858K, committed 55936K, reserved 1097728K
  class space    used 6332K, capacity 6829K, committed 7040K, reserved 1048576K
2023-01-17T04:32:55.524+0800: 185.432: [GC (Allocation Failure) 2023-01-17T04:32:55.524+0800: 185.432: [ParNew: 115200K->115200K(115200K), 0.0000279 secs]2023-01-17T04:32:55.524+0800: 185.432: [CMS: 133975K->134143K(134144K), 0.1918421 secs] 249175K->140244K(249344K), [Metaspace: 51992K->51992K(1097728K)], 0.1924200 secs] [Times: user=0.20 sys=0.00, real=0.19 secs] 
Heap after GC invocations=263 (full 262):
 par new generation   total 115200K, used 6100K [0x00000000f0000000, 0x00000000f7d00000, 0x00000000f7d00000)
  eden space 102400K,   5% used [0x00000000f0000000, 0x00000000f05f5358, 0x00000000f6400000)
  from space 12800K,   0% used [0x00000000f7080000, 0x00000000f7080000, 0x00000000f7d00000)
  to   space 12800K,   0% used [0x00000000f6400000, 0x00000000f6400000, 0x00000000f7080000)
 concurrent mark-sweep generation total 134144K, used 134143K [0x00000000f7d00000, 0x0000000100000000, 0x0000000100000000)
 Metaspace       used 51992K, capacity 54858K, committed 55936K, reserved 1097728K
  class space    used 6332K, capacity 6829K, committed 7040K, reserved 1048576K
}
2023-01-17T04:32:55.722+0800: 185.629: [GC (CMS Initial Mark) [1 CMS-initial-mark: 134143K(134144K)] 140993K(249344K), 0.0052168 secs] [Times: user=0.01 sys=0.00, real=0.00 secs] 
2023-01-17T04:32:55.727+0800: 185.635: [CMS-concurrent-mark-start]
2023-01-17T04:32:55.791+0800: 185.699: [CMS-concurrent-mark: 0.064/0.064 secs] [Times: user=0.20 sys=0.03, real=0.07 secs] 
2023-01-17T04:32:55.792+0800: 185.699: [CMS-concurrent-preclean-start]
2023-01-17T04:32:55.840+0800: 185.748: [CMS-concurrent-preclean: 0.048/0.048 secs] [Times: user=0.14 sys=0.03, real=0.05 secs] 
2023-01-17T04:32:55.840+0800: 185.748: [CMS-concurrent-abortable-preclean-start]
2023-01-17T04:32:55.840+0800: 185.748: [CMS-concurrent-abortable-preclean: 0.000/0.000 secs] [Times: user=0.00 sys=0.00, real=0.00 secs] 
2023-01-17T04:32:55.844+0800: 185.752: [GC (CMS Final Remark) [YG occupancy: 80328 K (115200 K)]2023-01-17T04:32:55.844+0800: 185.752: [Rescan (parallel) , 0.0226032 secs]2023-01-17T04:32:55.867+0800: 185.775: [weak refs processing, 0.0000628 secs]2023-01-17T04:32:55.867+0800: 185.775: [class unloading, 0.0136841 secs]2023-01-17T04:32:55.881+0800: 185.789: [scrub symbol table, 0.0053341 secs]2023-01-17T04:32:55.886+0800: 185.794: [scrub string table, 0.0008698 secs][1 CMS-remark: 134143K(134144K)] 214472K(249344K), 0.0427675 secs] [Times: user=0.11 sys=0.00, real=0.04 secs] 
2023-01-17T04:32:55.887+0800: 185.795: [CMS-concurrent-sweep-start]
2023-01-17T04:32:55.904+0800: 185.812: [CMS-concurrent-sweep: 0.017/0.017 secs] [Times: user=0.04 sys=0.01, real=0.02 secs] 
2023-01-17T04:32:55.904+0800: 185.812: [CMS-concurrent-reset-start]
2023-01-17T04:32:55.905+0800: 185.812: [CMS-concurrent-reset: 0.000/0.000 secs] [Times: user=0.00 sys=0.00, real=0.00 secs] 
{Heap before GC invocations=263 (full 263):
 par new generation   total 115200K, used 115199K [0x00000000f0000000, 0x00000000f7d00000, 0x00000000f7d00000)
  eden space 102400K, 100% used [0x00000000f0000000, 0x00000000f6400000, 0x00000000f6400000)
  from space 12800K,  99% used [0x00000000f7080000, 0x00000000f7cffff0, 0x00000000f7d00000)
  to   space 12800K,   0% used [0x00000000f6400000, 0x00000000f6400000, 0x00000000f7080000)
 concurrent mark-sweep generation total 134144K, used 134017K [0x00000000f7d00000, 0x0000000100000000, 0x0000000100000000)
 Metaspace       used 51992K, capacity 54858K, committed 55936K, reserved 1097728K
  class space    used 6332K, capacity 6829K, committed 7040K, reserved 1048576K
2023-01-17T04:32:56.253+0800: 186.161: [GC (Allocation Failure) 2023-01-17T04:32:56.253+0800: 186.161: [ParNew: 115199K->115199K(115200K), 0.0000320 secs]2023-01-17T04:32:56.253+0800: 186.161: [CMS: 134017K->134144K(134144K), 0.2405483 secs] 249217K->140205K(249344K), [Metaspace: 51992K->51992K(1097728K)], 0.2409938 secs] [Times: user=0.25 sys=0.00, real=0.24 secs] 
Heap after GC invocations=264 (full 264):
 par new generation   total 115200K, used 6061K [0x00000000f0000000, 0x00000000f7d00000, 0x00000000f7d00000)
  eden space 102400K,   5% used [0x00000000f0000000, 0x00000000f05eb4e8, 0x00000000f6400000)
  from space 12800K,   0% used [0x00000000f7080000, 0x00000000f7080000, 0x00000000f7d00000)
  to   space 12800K,   0% used [0x00000000f6400000, 0x00000000f6400000, 0x00000000f7080000)
 concurrent mark-sweep generation total 134144K, used 134144K [0x00000000f7d00000, 0x0000000100000000, 0x0000000100000000)
 Metaspace       used 51992K, capacity 54858K, committed 55936K, reserved 1097728K
  class space    used 6332K, capacity 6829K, committed 7040K, reserved 1048576K
}
2023-01-17T04:32:56.498+0800: 186.406: [GC (CMS Initial Mark) [1 CMS-initial-mark: 134144K(134144K)] 140222K(249344K), 0.0063906 secs] [Times: user=0.02 sys=0.00, real=0.01 secs] 
2023-01-17T04:32:56.505+0800: 186.412: [CMS-concurrent-mark-start]
2023-01-17T04:32:56.573+0800: 186.481: [CMS-concurrent-mark: 0.069/0.069 secs] [Times: user=0.16 sys=0.02, real=0.07 secs] 
2023-01-17T04:32:56.574+0800: 186.482: [CMS-concurrent-preclean-start]
2023-01-17T04:32:56.609+0800: 186.516: [CMS-concurrent-preclean: 0.035/0.035 secs] [Times: user=0.07 sys=0.00, real=0.03 secs] 
2023-01-17T04:32:56.609+0800: 186.517: [CMS-concurrent-abortable-preclean-start]
2023-01-17T04:32:56.609+0800: 186.517: [CMS-concurrent-abortable-preclean: 0.000/0.000 secs] [Times: user=0.00 sys=0.00, real=0.00 secs] 
2023-01-17T04:32:56.715+0800: 186.623: [GC (CMS Final Remark) [YG occupancy: 107572 K (115200 K)]2023-01-17T04:32:56.715+0800: 186.623: [Rescan (parallel) , 0.0312310 secs]2023-01-17T04:32:56.747+0800: 186.654: [weak refs processing, 0.0000498 secs]2023-01-17T04:32:56.747+0800: 186.654: [class unloading, 0.0138018 secs]2023-01-17T04:32:56.761+0800: 186.668: [scrub symbol table, 0.0050741 secs]2023-01-17T04:32:56.766+0800: 186.673: [scrub string table, 0.0009075 secs][1 CMS-remark: 134144K(134144K)] 241716K(249344K), 0.0513045 secs] [Times: user=0.14 sys=0.00, real=0.05 secs] 
2023-01-17T04:32:56.768+0800: 186.676: [CMS-concurrent-sweep-start]
2023-01-17T04:32:56.785+0800: 186.693: [CMS-concurrent-sweep: 0.017/0.017 secs] [Times: user=0.05 sys=0.00, real=0.02 secs] 
2023-01-17T04:32:56.785+0800: 186.693: [CMS-concurrent-reset-start]
2023-01-17T04:32:56.786+0800: 186.693: [CMS-concurrent-reset: 0.000/0.000 secs] [Times: user=0.00 sys=0.00, real=0.00 secs] 
{Heap before GC invocations=264 (full 265):
 par new generation   total 115200K, used 115200K [0x00000000f0000000, 0x00000000f7d00000, 0x00000000f7d00000)
  eden space 102400K, 100% used [0x00000000f0000000, 0x00000000f6400000, 0x00000000f6400000)
  from space 12800K, 100% used [0x00000000f7080000, 0x00000000f7d00000, 0x00000000f7d00000)
  to   space 12800K,   0% used [0x00000000f6400000, 0x00000000f6400000, 0x00000000f7080000)
 concurrent mark-sweep generation total 134144K, used 134070K [0x00000000f7d00000, 0x0000000100000000, 0x0000000100000000)
 Metaspace       used 51992K, capacity 54858K, committed 55936K, reserved 1097728K
  class space    used 6332K, capacity 6829K, committed 7040K, reserved 1048576K
2023-01-17T04:32:57.021+0800: 186.929: [GC (Allocation Failure) 2023-01-17T04:32:57.021+0800: 186.929: [ParNew: 115200K->115200K(115200K), 0.0000265 secs]2023-01-17T04:32:57.021+0800: 186.929: [CMS: 134070K->134143K(134144K), 0.1937090 secs] 249270K->140117K(249344K), [Metaspace: 51992K->51992K(1097728K)], 0.1941672 secs] [Times: user=0.20 sys=0.00, real=0.19 secs] 
Heap after GC invocations=265 (full 266):
 par new generation   total 115200K, used 5973K [0x00000000f0000000, 0x00000000f7d00000, 0x00000000f7d00000)
  eden space 102400K,   5% used [0x00000000f0000000, 0x00000000f05d5570, 0x00000000f6400000)
  from space 12800K,   0% used [0x00000000f7080000, 0x00000000f7080000, 0x00000000f7d00000)
  to   space 12800K,   0% used [0x00000000f6400000, 0x00000000f6400000, 0x00000000f7080000)
 concurrent mark-sweep generation total 134144K, used 134143K [0x00000000f7d00000, 0x0000000100000000, 0x0000000100000000)
 Metaspace       used 51992K, capacity 54858K, committed 55936K, reserved 1097728K
  class space    used 6332K, capacity 6829K, committed 7040K, reserved 1048576K
}
2023-01-17T04:32:57.225+0800: 187.132: [GC (CMS Initial Mark) [1 CMS-initial-mark: 134143K(134144K)] 144275K(249344K), 0.0055125 secs] [Times: user=0.02 sys=0.00, real=0.01 secs] 
2023-01-17T04:32:57.230+0800: 187.138: [CMS-concurrent-mark-start]
2023-01-17T04:32:57.301+0800: 187.209: [CMS-concurrent-mark: 0.070/0.070 secs] [Times: user=0.18 sys=0.05, real=0.07 secs] 
2023-01-17T04:32:57.301+0800: 187.209: [CMS-concurrent-preclean-start]
2023-01-17T04:32:57.343+0800: 187.251: [CMS-concurrent-preclean: 0.042/0.042 secs] [Times: user=0.11 sys=0.01, real=0.04 secs] 
2023-01-17T04:32:57.343+0800: 187.251: [CMS-concurrent-abortable-preclean-start]
2023-01-17T04:32:57.343+0800: 187.251: [CMS-concurrent-abortable-preclean: 0.000/0.000 secs] [Times: user=0.00 sys=0.00, real=0.00 secs] 
2023-01-17T04:32:57.347+0800: 187.255: [GC (CMS Final Remark) [YG occupancy: 50062 K (115200 K)]2023-01-17T04:32:57.348+0800: 187.255: [Rescan (parallel) , 0.0155723 secs]2023-01-17T04:32:57.363+0800: 187.271: [weak refs processing, 0.0000402 secs]2023-01-17T04:32:57.363+0800: 187.271: [class unloading, 0.0128967 secs]2023-01-17T04:32:57.376+0800: 187.284: [scrub symbol table, 0.0051340 secs]2023-01-17T04:32:57.381+0800: 187.289: [scrub string table, 0.0008701 secs][1 CMS-remark: 134143K(134144K)] 184206K(249344K), 0.0346972 secs] [Times: user=0.07 sys=0.00, real=0.04 secs] 
2023-01-17T04:32:57.383+0800: 187.291: [CMS-concurrent-sweep-start]
2023-01-17T04:32:57.401+0800: 187.309: [CMS-concurrent-sweep: 0.018/0.018 secs] [Times: user=0.05 sys=0.00, real=0.02 secs] 
2023-01-17T04:32:57.401+0800: 187.309: [CMS-concurrent-reset-start]
2023-01-17T04:32:57.402+0800: 187.309: [CMS-concurrent-reset: 0.000/0.000 secs] [Times: user=0.00 sys=0.00, real=0.00 secs] 
{Heap before GC invocations=265 (full 267):
 par new generation   total 115200K, used 115199K [0x00000000f0000000, 0x00000000f7d00000, 0x00000000f7d00000)
  eden space 102400K, 100% used [0x00000000f0000000, 0x00000000f6400000, 0x00000000f6400000)
  from space 12800K,  99% used [0x00000000f7080000, 0x00000000f7cffff8, 0x00000000f7d00000)
  to   space 12800K,   0% used [0x00000000f6400000, 0x00000000f6400000, 0x00000000f7080000)
 concurrent mark-sweep generation total 134144K, used 134085K [0x00000000f7d00000, 0x0000000100000000, 0x0000000100000000)
 Metaspace       used 51992K, capacity 54858K, committed 55936K, reserved 1097728K
  class space    used 6332K, capacity 6829K, committed 7040K, reserved 1048576K
2023-01-17T04:32:57.750+0800: 187.658: [GC (Allocation Failure) 2023-01-17T04:32:57.751+0800: 187.659: [ParNew: 115199K->115199K(115200K), 0.0000334 secs]2023-01-17T04:32:57.751+0800: 187.659: [CMS: 134085K->134143K(134144K), 0.2003914 secs] 249285K->140161K(249344K), [Metaspace: 51992K->51992K(1097728K)], 0.2009052 secs] [Times: user=0.20 sys=0.00, real=0.20 secs] 
Heap after GC invocations=266 (full 268):
 par new generation   total 115200K, used 6017K [0x00000000f0000000, 0x00000000f7d00000, 0x00000000f7d00000)
  eden space 102400K,   5% used [0x00000000f0000000, 0x00000000f05e06c8, 0x00000000f6400000)
  from space 12800K,   0% used [0x00000000f7080000, 0x00000000f7080000, 0x00000000f7d00000)
  to   space 12800K,   0% used [0x00000000f6400000, 0x00000000f6400000, 0x00000000f7080000)
 concurrent mark-sweep generation total 134144K, used 134143K [0x00000000f7d00000, 0x0000000100000000, 0x0000000100000000)
 Metaspace       used 51992K, capacity 54858K, committed 55936K, reserved 1097728K
  class space    used 6332K, capacity 6829K, committed 7040K, reserved 1048576K
}
2023-01-17T04:32:57.958+0800: 187.865: [GC (CMS Initial Mark) [1 CMS-initial-mark: 134143K(134144K)] 142115K(249344K), 0.0050020 secs] [Times: user=0.02 sys=0.00, real=0.01 secs] 
2023-01-17T04:32:57.963+0800: 187.871: [CMS-concurrent-mark-start]
2023-01-17T04:32:58.032+0800: 187.940: [CMS-concurrent-mark: 0.069/0.069 secs] [Times: user=0.19 sys=0.02, real=0.07 secs] 
2023-01-17T04:32:58.033+0800: 187.940: [CMS-concurrent-preclean-start]
2023-01-17T04:32:58.069+0800: 187.977: [CMS-concurrent-preclean: 0.036/0.036 secs] [Times: user=0.07 sys=0.01, real=0.03 secs] 
2023-01-17T04:32:58.069+0800: 187.977: [CMS-concurrent-abortable-preclean-start]
2023-01-17T04:32:58.069+0800: 187.977: [CMS-concurrent-abortable-preclean: 0.000/0.000 secs] [Times: user=0.00 sys=0.00, real=0.00 secs] 
2023-01-17T04:32:58.102+0800: 188.010: [GC (CMS Final Remark) [YG occupancy: 75995 K (115200 K)]2023-01-17T04:32:58.102+0800: 188.010: [Rescan (parallel) , 0.0228554 secs]2023-01-17T04:32:58.125+0800: 188.033: [weak refs processing, 0.0000447 secs]2023-01-17T04:32:58.125+0800: 188.033: [class unloading, 0.0138708 secs]2023-01-17T04:32:58.139+0800: 188.047: [scrub symbol table, 0.0051994 secs]2023-01-17T04:32:58.144+0800: 188.052: [scrub string table, 0.0008873 secs][1 CMS-remark: 134143K(134144K)] 210139K(249344K), 0.0431010 secs] [Times: user=0.12 sys=0.00, real=0.04 secs] 
2023-01-17T04:32:58.146+0800: 188.054: [CMS-concurrent-sweep-start]
2023-01-17T04:32:58.163+0800: 188.070: [CMS-concurrent-sweep: 0.017/0.017 secs] [Times: user=0.04 sys=0.01, real=0.02 secs] 
2023-01-17T04:32:58.163+0800: 188.071: [CMS-concurrent-reset-start]
2023-01-17T04:32:58.163+0800: 188.071: [CMS-concurrent-reset: 0.000/0.000 secs] [Times: user=0.00 sys=0.00, real=0.00 secs] 
{Heap before GC invocations=266 (full 269):
 par new generation   total 115200K, used 115200K [0x00000000f0000000, 0x00000000f7d00000, 0x00000000f7d00000)
  eden space 102400K, 100% used [0x00000000f0000000, 0x00000000f6400000, 0x00000000f6400000)
  from space 12800K, 100% used [0x00000000f7080000, 0x00000000f7d00000, 0x00000000f7d00000)
  to   space 12800K,   0% used [0x00000000f6400000, 0x00000000f6400000, 0x00000000f7080000)
 concurrent mark-sweep generation total 134144K, used 134109K [0x00000000f7d00000, 0x0000000100000000, 0x0000000100000000)
 Metaspace       used 51992K, capacity 54858K, committed 55936K, reserved 1097728K
  class space    used 6332K, capacity 6829K, committed 7040K, reserved 1048576K
2023-01-17T04:32:58.508+0800: 188.416: [GC (Allocation Failure) 2023-01-17T04:32:58.508+0800: 188.416: [ParNew: 115200K->115200K(115200K), 0.0000264 secs]2023-01-17T04:32:58.508+0800: 188.416: [CMS: 134109K->134143K(134144K), 0.1928372 secs] 249309K->140159K(249344K), [Metaspace: 51992K->51992K(1097728K)], 0.1932652 secs] [Times: user=0.20 sys=0.00, real=0.20 secs] 
Heap after GC invocations=267 (full 270):
 par new generation   total 115200K, used 6015K [0x00000000f0000000, 0x00000000f7d00000, 0x00000000f7d00000)
  eden space 102400K,   5% used [0x00000000f0000000, 0x00000000f05dfe78, 0x00000000f6400000)
  from space 12800K,   0% used [0x00000000f7080000, 0x00000000f7080000, 0x00000000f7d00000)
  to   space 12800K,   0% used [0x00000000f6400000, 0x00000000f6400000, 0x00000000f7080000)
 concurrent mark-sweep generation total 134144K, used 134143K [0x00000000f7d00000, 0x0000000100000000, 0x0000000100000000)
 Metaspace       used 51992K, capacity 54858K, committed 55936K, reserved 1097728K
  class space    used 6332K, capacity 6829K, committed 7040K, reserved 1048576K
}
2023-01-17T04:32:58.709+0800: 188.617: [GC (CMS Initial Mark) [1 CMS-initial-mark: 134143K(134144K)] 143224K(249344K), 0.0051800 secs] [Times: user=0.02 sys=0.00, real=0.01 secs] 
2023-01-17T04:32:58.714+0800: 188.622: [CMS-concurrent-mark-start]
2023-01-17T04:32:58.788+0800: 188.696: [CMS-concurrent-mark: 0.073/0.073 secs] [Times: user=0.23 sys=0.03, real=0.07 secs] 
2023-01-17T04:32:58.788+0800: 188.696: [CMS-concurrent-preclean-start]
2023-01-17T04:32:58.832+0800: 188.740: [CMS-concurrent-preclean: 0.044/0.044 secs] [Times: user=0.12 sys=0.02, real=0.05 secs] 
2023-01-17T04:32:58.832+0800: 188.740: [CMS-concurrent-abortable-preclean-start]
2023-01-17T04:32:58.832+0800: 188.740: [CMS-concurrent-abortable-preclean: 0.000/0.000 secs] [Times: user=0.00 sys=0.00, real=0.00 secs] 
2023-01-17T04:32:58.837+0800: 188.744: [GC (CMS Final Remark) [YG occupancy: 76932 K (115200 K)]2023-01-17T04:32:58.837+0800: 188.745: [Rescan (parallel) , 0.0299831 secs]2023-01-17T04:32:58.867+0800: 188.775: [weak refs processing, 0.0000545 secs]2023-01-17T04:32:58.867+0800: 188.775: [class unloading, 0.0139441 secs]2023-01-17T04:32:58.881+0800: 188.789: [scrub symbol table, 0.0052517 secs]2023-01-17T04:32:58.886+0800: 188.794: [scrub string table, 0.0008802 secs][1 CMS-remark: 134143K(134144K)] 211076K(249344K), 0.0503522 secs] [Times: user=0.11 sys=0.00, real=0.05 secs] 
2023-01-17T04:32:58.888+0800: 188.796: [CMS-concurrent-sweep-start]
2023-01-17T04:32:58.907+0800: 188.815: [CMS-concurrent-sweep: 0.019/0.019 secs] [Times: user=0.04 sys=0.01, real=0.02 secs] 
2023-01-17T04:32:58.907+0800: 188.815: [CMS-concurrent-reset-start]
2023-01-17T04:32:58.908+0800: 188.815: [CMS-concurrent-reset: 0.000/0.000 secs] [Times: user=0.01 sys=0.00, real=0.00 secs] 
{Heap before GC invocations=267 (full 271):
 par new generation   total 115200K, used 115199K [0x00000000f0000000, 0x00000000f7d00000, 0x00000000f7d00000)
  eden space 102400K, 100% used [0x00000000f0000000, 0x00000000f6400000, 0x00000000f6400000)
  from space 12800K,  99% used [0x00000000f7080000, 0x00000000f7cffff8, 0x00000000f7d00000)
  to   space 12800K,   0% used [0x00000000f6400000, 0x00000000f6400000, 0x00000000f7080000)
 concurrent mark-sweep generation total 134144K, used 133973K [0x00000000f7d00000, 0x0000000100000000, 0x0000000100000000)
 Metaspace       used 51992K, capacity 54858K, committed 55936K, reserved 1097728K
  class space    used 6332K, capacity 6829K, committed 7040K, reserved 1048576K
2023-01-17T04:32:59.232+0800: 189.139: [GC (Allocation Failure) 2023-01-17T04:32:59.232+0800: 189.140: [ParNew: 115199K->115199K(115200K), 0.0000268 secs]2023-01-17T04:32:59.232+0800: 189.140: [CMS: 133973K->134143K(134144K), 0.1921349 secs] 249173K->140195K(249344K), [Metaspace: 51992K->51992K(1097728K)], 0.1925572 secs] [Times: user=0.19 sys=0.00, real=0.19 secs] 
Heap after GC invocations=268 (full 272):
 par new generation   total 115200K, used 6051K [0x00000000f0000000, 0x00000000f7d00000, 0x00000000f7d00000)
  eden space 102400K,   5% used [0x00000000f0000000, 0x00000000f05e8d28, 0x00000000f6400000)
  from space 12800K,   0% used [0x00000000f7080000, 0x00000000f7080000, 0x00000000f7d00000)
  to   space 12800K,   0% used [0x00000000f6400000, 0x00000000f6400000, 0x00000000f7080000)
 concurrent mark-sweep generation total 134144K, used 134143K [0x00000000f7d00000, 0x0000000100000000, 0x0000000100000000)
 Metaspace       used 51992K, capacity 54858K, committed 55936K, reserved 1097728K
  class space    used 6332K, capacity 6829K, committed 7040K, reserved 1048576K
}
2023-01-17T04:32:59.435+0800: 189.342: [GC (CMS Initial Mark) [1 CMS-initial-mark: 134143K(134144K)] 145391K(249344K), 0.0057354 secs] [Times: user=0.02 sys=0.00, real=0.01 secs] 
2023-01-17T04:32:59.441+0800: 189.348: [CMS-concurrent-mark-start]
2023-01-17T04:32:59.508+0800: 189.415: [CMS-concurrent-mark: 0.067/0.067 secs] [Times: user=0.17 sys=0.03, real=0.06 secs] 
2023-01-17T04:32:59.508+0800: 189.416: [CMS-concurrent-preclean-start]
2023-01-17T04:32:59.546+0800: 189.454: [CMS-concurrent-preclean: 0.038/0.038 secs] [Times: user=0.08 sys=0.00, real=0.04 secs] 
2023-01-17T04:32:59.546+0800: 189.454: [CMS-concurrent-abortable-preclean-start]
2023-01-17T04:32:59.546+0800: 189.454: [CMS-concurrent-abortable-preclean: 0.000/0.000 secs] [Times: user=0.00 sys=0.00, real=0.00 secs] 
2023-01-17T04:32:59.550+0800: 189.458: [GC (CMS Final Remark) [YG occupancy: 47206 K (115200 K)]2023-01-17T04:32:59.550+0800: 189.458: [Rescan (parallel) , 0.0141773 secs]2023-01-17T04:32:59.565+0800: 189.472: [weak refs processing, 0.0000455 secs]2023-01-17T04:32:59.565+0800: 189.472: [class unloading, 0.0133661 secs]2023-01-17T04:32:59.578+0800: 189.486: [scrub symbol table, 0.0052143 secs]2023-01-17T04:32:59.583+0800: 189.491: [scrub string table, 0.0009087 secs][1 CMS-remark: 134143K(134144K)] 181350K(249344K), 0.0338921 secs] [Times: user=0.08 sys=0.00, real=0.03 secs] 
2023-01-17T04:32:59.585+0800: 189.493: [CMS-concurrent-sweep-start]
2023-01-17T04:32:59.603+0800: 189.511: [CMS-concurrent-sweep: 0.018/0.018 secs] [Times: user=0.05 sys=0.01, real=0.02 secs] 
2023-01-17T04:32:59.603+0800: 189.511: [CMS-concurrent-reset-start]
2023-01-17T04:32:59.603+0800: 189.511: [CMS-concurrent-reset: 0.000/0.000 secs] [Times: user=0.00 sys=0.00, real=0.00 secs] 
{Heap before GC invocations=268 (full 273):
 par new generation   total 115200K, used 115199K [0x00000000f0000000, 0x00000000f7d00000, 0x00000000f7d00000)
  eden space 102400K, 100% used [0x00000000f0000000, 0x00000000f6400000, 0x00000000f6400000)
  from space 12800K,  99% used [0x00000000f7080000, 0x00000000f7cffff8, 0x00000000f7d00000)
  to   space 12800K,   0% used [0x00000000f6400000, 0x00000000f6400000, 0x00000000f7080000)
 concurrent mark-sweep generation total 134144K, used 133998K [0x00000000f7d00000, 0x0000000100000000, 0x0000000100000000)
 Metaspace       used 51993K, capacity 54858K, committed 55936K, reserved 1097728K
  class space    used 6332K, capacity 6829K, committed 7040K, reserved 1048576K
2023-01-17T04:32:59.950+0800: 189.858: [GC (Allocation Failure) 2023-01-17T04:32:59.951+0800: 189.858: [ParNew: 115199K->115199K(115200K), 0.0000291 secs]2023-01-17T04:32:59.951+0800: 189.859: [CMS: 133998K->134144K(134144K), 0.2054617 secs] 249198K->140202K(249344K), [Metaspace: 51993K->51993K(1097728K)], 0.2059208 secs] [Times: user=0.21 sys=0.00, real=0.20 secs] 
Heap after GC invocations=269 (full 274):
 par new generation   total 115200K, used 6058K [0x00000000f0000000, 0x00000000f7d00000, 0x00000000f7d00000)
  eden space 102400K,   5% used [0x00000000f0000000, 0x00000000f05ea950, 0x00000000f6400000)
  from space 12800K,   0% used [0x00000000f7080000, 0x00000000f7080000, 0x00000000f7d00000)
  to   space 12800K,   0% used [0x00000000f6400000, 0x00000000f6400000, 0x00000000f7080000)
 concurrent mark-sweep generation total 134144K, used 134144K [0x00000000f7d00000, 0x0000000100000000, 0x0000000100000000)
 Metaspace       used 51993K, capacity 54858K, committed 55936K, reserved 1097728K
  class space    used 6332K, capacity 6829K, committed 7040K, reserved 1048576K
}
2023-01-17T04:33:00.186+0800: 190.094: [GC (CMS Initial Mark) [1 CMS-initial-mark: 134144K(134144K)] 159892K(249344K), 0.0125883 secs] [Times: user=0.03 sys=0.00, real=0.01 secs] 
2023-01-17T04:33:00.199+0800: 190.107: [CMS-concurrent-mark-start]
2023-01-17T04:33:00.282+0800: 190.190: [CMS-concurrent-mark: 0.084/0.084 secs] [Times: user=0.19 sys=0.02, real=0.09 secs] 
2023-01-17T04:33:00.283+0800: 190.190: [CMS-concurrent-preclean-start]
2023-01-17T04:33:00.327+0800: 190.235: [CMS-concurrent-preclean: 0.044/0.044 secs] [Times: user=0.11 sys=0.01, real=0.04 secs] 
2023-01-17T04:33:00.327+0800: 190.235: [CMS-concurrent-abortable-preclean-start]
2023-01-17T04:33:00.327+0800: 190.235: [CMS-concurrent-abortable-preclean: 0.000/0.000 secs] [Times: user=0.00 sys=0.00, real=0.00 secs] 
2023-01-17T04:33:00.332+0800: 190.239: [GC (CMS Final Remark) [YG occupancy: 79629 K (115200 K)]2023-01-17T04:33:00.332+0800: 190.239: [Rescan (parallel) , 0.0247994 secs]2023-01-17T04:33:00.356+0800: 190.264: [weak refs processing, 0.0000508 secs]2023-01-17T04:33:00.357+0800: 190.264: [class unloading, 0.0139788 secs]2023-01-17T04:33:00.371+0800: 190.278: [scrub symbol table, 0.0050528 secs]2023-01-17T04:33:00.376+0800: 190.283: [scrub string table, 0.0008896 secs][1 CMS-remark: 134144K(134144K)] 213773K(249344K), 0.0450005 secs] [Times: user=0.10 sys=0.00, real=0.04 secs] 
2023-01-17T04:33:00.377+0800: 190.285: [CMS-concurrent-sweep-start]
2023-01-17T04:33:00.395+0800: 190.302: [CMS-concurrent-sweep: 0.018/0.018 secs] [Times: user=0.05 sys=0.01, real=0.02 secs] 
2023-01-17T04:33:00.395+0800: 190.303: [CMS-concurrent-reset-start]
2023-01-17T04:33:00.395+0800: 190.303: [CMS-concurrent-reset: 0.000/0.000 secs] [Times: user=0.00 sys=0.01, real=0.00 secs] 
{Heap before GC invocations=269 (full 275):
 par new generation   total 115200K, used 115199K [0x00000000f0000000, 0x00000000f7d00000, 0x00000000f7d00000)
  eden space 102400K, 100% used [0x00000000f0000000, 0x00000000f6400000, 0x00000000f6400000)
  from space 12800K,  99% used [0x00000000f7080000, 0x00000000f7cffff0, 0x00000000f7d00000)
  to   space 12800K,   0% used [0x00000000f6400000, 0x00000000f6400000, 0x00000000f7080000)
 concurrent mark-sweep generation total 134144K, used 134005K [0x00000000f7d00000, 0x0000000100000000, 0x0000000100000000)
 Metaspace       used 51995K, capacity 54858K, committed 55936K, reserved 1097728K
  class space    used 6332K, capacity 6829K, committed 7040K, reserved 1048576K
2023-01-17T04:33:00.680+0800: 190.588: [GC (Allocation Failure) 2023-01-17T04:33:00.681+0800: 190.589: [ParNew: 115199K->115199K(115200K), 0.0000271 secs]2023-01-17T04:33:00.681+0800: 190.589: [CMS: 134005K->134144K(134144K), 0.1879429 secs] 249205K->140202K(249344K), [Metaspace: 51995K->51995K(1097728K)], 0.1883713 secs] [Times: user=0.19 sys=0.01, real=0.18 secs] 
Heap after GC invocations=270 (full 276):
 par new generation   total 115200K, used 6058K [0x00000000f0000000, 0x00000000f7d00000, 0x00000000f7d00000)
  eden space 102400K,   5% used [0x00000000f0000000, 0x00000000f05ea958, 0x00000000f6400000)
  from space 12800K,   0% used [0x00000000f7080000, 0x00000000f7080000, 0x00000000f7d00000)
  to   space 12800K,   0% used [0x00000000f6400000, 0x00000000f6400000, 0x00000000f7080000)
 concurrent mark-sweep generation total 134144K, used 134144K [0x00000000f7d00000, 0x0000000100000000, 0x0000000100000000)
 Metaspace       used 51995K, capacity 54858K, committed 55936K, reserved 1097728K
  class space    used 6332K, capacity 6829K, committed 7040K, reserved 1048576K
}
2023-01-17T04:33:00.875+0800: 190.783: [GC (CMS Initial Mark) [1 CMS-initial-mark: 134144K(134144K)] 142004K(249344K), 0.0049956 secs] [Times: user=0.01 sys=0.00, real=0.01 secs] 
2023-01-17T04:33:00.880+0800: 190.788: [CMS-concurrent-mark-start]
2023-01-17T04:33:00.981+0800: 190.889: [CMS-concurrent-mark: 0.100/0.100 secs] [Times: user=0.32 sys=0.05, real=0.10 secs] 
2023-01-17T04:33:00.981+0800: 190.889: [CMS-concurrent-preclean-start]
2023-01-17T04:33:01.025+0800: 190.932: [CMS-concurrent-preclean: 0.044/0.044 secs] [Times: user=0.14 sys=0.02, real=0.04 secs] 
2023-01-17T04:33:01.025+0800: 190.933: [CMS-concurrent-abortable-preclean-start]
2023-01-17T04:33:01.025+0800: 190.933: [CMS-concurrent-abortable-preclean: 0.000/0.000 secs] [Times: user=0.00 sys=0.00, real=0.00 secs] 
2023-01-17T04:33:01.029+0800: 190.936: [GC (CMS Final Remark) [YG occupancy: 105391 K (115200 K)]2023-01-17T04:33:01.029+0800: 190.937: [Rescan (parallel) , 0.0270046 secs]2023-01-17T04:33:01.056+0800: 190.964: [weak refs processing, 0.0000495 secs]2023-01-17T04:33:01.056+0800: 190.964: [class unloading, 0.0138993 secs]2023-01-17T04:33:01.070+0800: 190.978: [scrub symbol table, 0.0055484 secs]2023-01-17T04:33:01.075+0800: 190.983: [scrub string table, 0.0009049 secs][1 CMS-remark: 134144K(134144K)] 239535K(249344K), 0.0476546 secs] [Times: user=0.12 sys=0.00, real=0.05 secs] 
2023-01-17T04:33:01.077+0800: 190.985: [CMS-concurrent-sweep-start]
2023-01-17T04:33:01.095+0800: 191.003: [CMS-concurrent-sweep: 0.018/0.018 secs] [Times: user=0.07 sys=0.00, real=0.02 secs] 
2023-01-17T04:33:01.095+0800: 191.003: [CMS-concurrent-reset-start]
2023-01-17T04:33:01.096+0800: 191.003: [CMS-concurrent-reset: 0.000/0.000 secs] [Times: user=0.00 sys=0.00, real=0.00 secs] 
{Heap before GC invocations=270 (full 277):
 par new generation   total 115200K, used 115199K [0x00000000f0000000, 0x00000000f7d00000, 0x00000000f7d00000)
  eden space 102400K, 100% used [0x00000000f0000000, 0x00000000f6400000, 0x00000000f6400000)
  from space 12800K,  99% used [0x00000000f7080000, 0x00000000f7cffff8, 0x00000000f7d00000)
  to   space 12800K,   0% used [0x00000000f6400000, 0x00000000f6400000, 0x00000000f7080000)
 concurrent mark-sweep generation total 134144K, used 133769K [0x00000000f7d00000, 0x0000000100000000, 0x0000000100000000)
 Metaspace       used 51995K, capacity 54858K, committed 55936K, reserved 1097728K
  class space    used 6332K, capacity 6829K, committed 7040K, reserved 1048576K
2023-01-17T04:33:01.432+0800: 191.340: [GC (Allocation Failure) 2023-01-17T04:33:01.432+0800: 191.340: [ParNew: 115199K->115199K(115200K), 0.0000352 secs]2023-01-17T04:33:01.432+0800: 191.340: [CMS: 133769K->134143K(134144K), 0.1948553 secs] 248969K->140127K(249344K), [Metaspace: 51995K->51995K(1097728K)], 0.1952831 secs] [Times: user=0.20 sys=0.00, real=0.19 secs] 
Heap after GC invocations=271 (full 278):
 par new generation   total 115200K, used 5983K [0x00000000f0000000, 0x00000000f7d00000, 0x00000000f7d00000)
  eden space 102400K,   5% used [0x00000000f0000000, 0x00000000f05d7ef0, 0x00000000f6400000)
  from space 12800K,   0% used [0x00000000f7080000, 0x00000000f7080000, 0x00000000f7d00000)
  to   space 12800K,   0% used [0x00000000f6400000, 0x00000000f6400000, 0x00000000f7080000)
 concurrent mark-sweep generation total 134144K, used 134143K [0x00000000f7d00000, 0x0000000100000000, 0x0000000100000000)
 Metaspace       used 51995K, capacity 54858K, committed 55936K, reserved 1097728K
  class space    used 6332K, capacity 6829K, committed 7040K, reserved 1048576K
}
2023-01-17T04:33:01.633+0800: 191.541: [GC (CMS Initial Mark) [1 CMS-initial-mark: 134143K(134144K)] 141137K(249344K), 0.0044380 secs] [Times: user=0.02 sys=0.00, real=0.00 secs] 
2023-01-17T04:33:01.638+0800: 191.545: [CMS-concurrent-mark-start]
2023-01-17T04:33:01.709+0800: 191.617: [CMS-concurrent-mark: 0.072/0.072 secs] [Times: user=0.22 sys=0.04, real=0.08 secs] 
2023-01-17T04:33:01.710+0800: 191.618: [CMS-concurrent-preclean-start]
2023-01-17T04:33:01.756+0800: 191.664: [CMS-concurrent-preclean: 0.046/0.046 secs] [Times: user=0.14 sys=0.01, real=0.04 secs] 
2023-01-17T04:33:01.756+0800: 191.664: [CMS-concurrent-abortable-preclean-start]
2023-01-17T04:33:01.756+0800: 191.664: [CMS-concurrent-abortable-preclean: 0.000/0.000 secs] [Times: user=0.00 sys=0.00, real=0.00 secs] 
2023-01-17T04:33:01.761+0800: 191.668: [GC (CMS Final Remark) [YG occupancy: 77627 K (115200 K)]2023-01-17T04:33:01.761+0800: 191.669: [Rescan (parallel) , 0.0226673 secs]2023-01-17T04:33:01.783+0800: 191.691: [weak refs processing, 0.0000430 secs]2023-01-17T04:33:01.783+0800: 191.691: [class unloading, 0.0139955 secs]2023-01-17T04:33:01.797+0800: 191.705: [scrub symbol table, 0.0051826 secs]2023-01-17T04:33:01.803+0800: 191.710: [scrub string table, 0.0008920 secs][1 CMS-remark: 134143K(134144K)] 211771K(249344K), 0.0430212 secs] [Times: user=0.11 sys=0.00, real=0.04 secs] 
2023-01-17T04:33:01.804+0800: 191.712: [CMS-concurrent-sweep-start]
2023-01-17T04:33:01.823+0800: 191.731: [CMS-concurrent-sweep: 0.019/0.019 secs] [Times: user=0.06 sys=0.01, real=0.02 secs] 
2023-01-17T04:33:01.823+0800: 191.731: [CMS-concurrent-reset-start]
2023-01-17T04:33:01.824+0800: 191.731: [CMS-concurrent-reset: 0.000/0.000 secs] [Times: user=0.00 sys=0.00, real=0.00 secs] 
{Heap before GC invocations=271 (full 279):
 par new generation   total 115200K, used 115200K [0x00000000f0000000, 0x00000000f7d00000, 0x00000000f7d00000)
  eden space 102400K, 100% used [0x00000000f0000000, 0x00000000f6400000, 0x00000000f6400000)
  from space 12800K, 100% used [0x00000000f7080000, 0x00000000f7d00000, 0x00000000f7d00000)
  to   space 12800K,   0% used [0x00000000f6400000, 0x00000000f6400000, 0x00000000f7080000)
 concurrent mark-sweep generation total 134144K, used 133946K [0x00000000f7d00000, 0x0000000100000000, 0x0000000100000000)
 Metaspace       used 51995K, capacity 54858K, committed 55936K, reserved 1097728K
  class space    used 6332K, capacity 6829K, committed 7040K, reserved 1048576K
2023-01-17T04:33:02.169+0800: 192.076: [GC (Allocation Failure) 2023-01-17T04:33:02.169+0800: 192.077: [ParNew: 115200K->115200K(115200K), 0.0000263 secs]2023-01-17T04:33:02.169+0800: 192.077: [CMS: 133946K->134143K(134144K), 0.1902742 secs] 249146K->140158K(249344K), [Metaspace: 51995K->51995K(1097728K)], 0.1906833 secs] [Times: user=0.19 sys=0.00, real=0.19 secs] 
Heap after GC invocations=272 (full 280):
 par new generation   total 115200K, used 6014K [0x00000000f0000000, 0x00000000f7d00000, 0x00000000f7d00000)
  eden space 102400K,   5% used [0x00000000f0000000, 0x00000000f05df920, 0x00000000f6400000)
  from space 12800K,   0% used [0x00000000f7080000, 0x00000000f7080000, 0x00000000f7d00000)
  to   space 12800K,   0% used [0x00000000f6400000, 0x00000000f6400000, 0x00000000f7080000)
 concurrent mark-sweep generation total 134144K, used 134143K [0x00000000f7d00000, 0x0000000100000000, 0x0000000100000000)
 Metaspace       used 51995K, capacity 54858K, committed 55936K, reserved 1097728K
  class space    used 6332K, capacity 6829K, committed 7040K, reserved 1048576K
}
2023-01-17T04:33:02.363+0800: 192.271: [GC (CMS Initial Mark) [1 CMS-initial-mark: 134143K(134144K)] 140194K(249344K), 0.0047297 secs] [Times: user=0.01 sys=0.00, real=0.00 secs] 
2023-01-17T04:33:02.368+0800: 192.276: [CMS-concurrent-mark-start]
2023-01-17T04:33:02.456+0800: 192.363: [CMS-concurrent-mark: 0.087/0.087 secs] [Times: user=0.21 sys=0.09, real=0.09 secs] 
2023-01-17T04:33:02.456+0800: 192.364: [CMS-concurrent-preclean-start]
2023-01-17T04:33:02.520+0800: 192.428: [CMS-concurrent-preclean: 0.064/0.064 secs] [Times: user=0.14 sys=0.09, real=0.07 secs] 
2023-01-17T04:33:02.520+0800: 192.428: [CMS-concurrent-abortable-preclean-start]
2023-01-17T04:33:02.520+0800: 192.428: [CMS-concurrent-abortable-preclean: 0.000/0.000 secs] [Times: user=0.00 sys=0.00, real=0.00 secs] 
2023-01-17T04:33:02.526+0800: 192.434: [GC (CMS Final Remark) [YG occupancy: 56078 K (115200 K)]2023-01-17T04:33:02.526+0800: 192.434: [Rescan (parallel) , 0.0214345 secs]2023-01-17T04:33:02.548+0800: 192.456: [weak refs processing, 0.0000514 secs]2023-01-17T04:33:02.548+0800: 192.456: [class unloading, 0.0138819 secs]2023-01-17T04:33:02.562+0800: 192.470: [scrub symbol table, 0.0052695 secs]2023-01-17T04:33:02.567+0800: 192.475: [scrub string table, 0.0009118 secs][1 CMS-remark: 134143K(134144K)] 190222K(249344K), 0.0417672 secs] [Times: user=0.08 sys=0.00, real=0.04 secs] 
2023-01-17T04:33:02.570+0800: 192.478: [CMS-concurrent-sweep-start]
2023-01-17T04:33:02.585+0800: 192.493: [CMS-concurrent-sweep: 0.015/0.015 secs] [Times: user=0.03 sys=0.01, real=0.01 secs] 
2023-01-17T04:33:02.585+0800: 192.493: [CMS-concurrent-reset-start]
2023-01-17T04:33:02.585+0800: 192.493: [CMS-concurrent-reset: 0.000/0.000 secs] [Times: user=0.00 sys=0.00, real=0.00 secs] 
{Heap before GC invocations=272 (full 281):
 par new generation   total 115200K, used 115194K [0x00000000f0000000, 0x00000000f7d00000, 0x00000000f7d00000)
  eden space 102400K, 100% used [0x00000000f0000000, 0x00000000f6400000, 0x00000000f6400000)
  from space 12800K,  99% used [0x00000000f7080000, 0x00000000f7cfeac0, 0x00000000f7d00000)
  to   space 12800K,   0% used [0x00000000f6400000, 0x00000000f6400000, 0x00000000f7080000)
 concurrent mark-sweep generation total 134144K, used 134084K [0x00000000f7d00000, 0x0000000100000000, 0x0000000100000000)
 Metaspace       used 51995K, capacity 54858K, committed 55936K, reserved 1097728K
  class space    used 6332K, capacity 6829K, committed 7040K, reserved 1048576K
2023-01-17T04:33:02.914+0800: 192.822: [GC (Allocation Failure) 2023-01-17T04:33:02.914+0800: 192.822: [ParNew: 115194K->115194K(115200K), 0.0000268 secs]2023-01-17T04:33:02.914+0800: 192.822: [CMS: 134084K->134143K(134144K), 0.1919041 secs] 249279K->139997K(249344K), [Metaspace: 51995K->51995K(1097728K)], 0.1923307 secs] [Times: user=0.20 sys=0.00, real=0.19 secs] 
Heap after GC invocations=273 (full 282):
 par new generation   total 115200K, used 5853K [0x00000000f0000000, 0x00000000f7d00000, 0x00000000f7d00000)
  eden space 102400K,   5% used [0x00000000f0000000, 0x00000000f05b75e8, 0x00000000f6400000)
  from space 12800K,   0% used [0x00000000f7080000, 0x00000000f7080000, 0x00000000f7d00000)
  to   space 12800K,   0% used [0x00000000f6400000, 0x00000000f6400000, 0x00000000f7080000)
 concurrent mark-sweep generation total 134144K, used 134143K [0x00000000f7d00000, 0x0000000100000000, 0x0000000100000000)
 Metaspace       used 51995K, capacity 54858K, committed 55936K, reserved 1097728K
  class space    used 6332K, capacity 6829K, committed 7040K, reserved 1048576K
}
2023-01-17T04:33:03.112+0800: 193.020: [GC (CMS Initial Mark) [1 CMS-initial-mark: 134143K(134144K)] 140723K(249344K), 0.0047904 secs] [Times: user=0.02 sys=0.00, real=0.00 secs] 
2023-01-17T04:33:03.117+0800: 193.025: [CMS-concurrent-mark-start]
2023-01-17T04:33:03.202+0800: 193.110: [CMS-concurrent-mark: 0.085/0.085 secs] [Times: user=0.29 sys=0.04, real=0.09 secs] 
2023-01-17T04:33:03.202+0800: 193.110: [CMS-concurrent-preclean-start]
2023-01-17T04:33:03.249+0800: 193.157: [CMS-concurrent-preclean: 0.047/0.047 secs] [Times: user=0.14 sys=0.02, real=0.04 secs] 
2023-01-17T04:33:03.249+0800: 193.157: [CMS-concurrent-abortable-preclean-start]
2023-01-17T04:33:03.249+0800: 193.157: [CMS-concurrent-abortable-preclean: 0.000/0.000 secs] [Times: user=0.00 sys=0.00, real=0.00 secs] 
2023-01-17T04:33:03.253+0800: 193.161: [GC (CMS Final Remark) [YG occupancy: 102000 K (115200 K)]2023-01-17T04:33:03.253+0800: 193.161: [Rescan (parallel) , 0.0257989 secs]2023-01-17T04:33:03.279+0800: 193.187: [weak refs processing, 0.0000430 secs]2023-01-17T04:33:03.279+0800: 193.187: [class unloading, 0.0134351 secs]2023-01-17T04:33:03.292+0800: 193.200: [scrub symbol table, 0.0052673 secs]2023-01-17T04:33:03.298+0800: 193.205: [scrub string table, 0.0008908 secs][1 CMS-remark: 134143K(134144K)] 236144K(249344K), 0.0456490 secs] [Times: user=0.13 sys=0.00, real=0.04 secs] 
2023-01-17T04:33:03.299+0800: 193.207: [CMS-concurrent-sweep-start]
2023-01-17T04:33:03.317+0800: 193.225: [CMS-concurrent-sweep: 0.019/0.019 secs] [Times: user=0.06 sys=0.00, real=0.02 secs] 
2023-01-17T04:33:03.318+0800: 193.226: [CMS-concurrent-reset-start]
2023-01-17T04:33:03.318+0800: 193.226: [CMS-concurrent-reset: 0.000/0.000 secs] [Times: user=0.00 sys=0.00, real=0.00 secs] 
{Heap before GC invocations=273 (full 283):
 par new generation   total 115200K, used 115200K [0x00000000f0000000, 0x00000000f7d00000, 0x00000000f7d00000)
  eden space 102400K, 100% used [0x00000000f0000000, 0x00000000f6400000, 0x00000000f6400000)
  from space 12800K, 100% used [0x00000000f7080000, 0x00000000f7d00000, 0x00000000f7d00000)
  to   space 12800K,   0% used [0x00000000f6400000, 0x00000000f6400000, 0x00000000f7080000)
 concurrent mark-sweep generation total 134144K, used 133964K [0x00000000f7d00000, 0x0000000100000000, 0x0000000100000000)
 Metaspace       used 51996K, capacity 54858K, committed 55936K, reserved 1097728K
  class space    used 6332K, capacity 6829K, committed 7040K, reserved 1048576K
2023-01-17T04:33:03.687+0800: 193.595: [GC (Allocation Failure) 2023-01-17T04:33:03.687+0800: 193.595: [ParNew: 115200K->115200K(115200K), 0.0000267 secs]2023-01-17T04:33:03.687+0800: 193.595: [CMS: 133964K->134143K(134144K), 0.1921143 secs] 249164K->140121K(249344K), [Metaspace: 51996K->51996K(1097728K)], 0.1925412 secs] [Times: user=0.20 sys=0.00, real=0.20 secs] 
Heap after GC invocations=274 (full 284):
 par new generation   total 115200K, used 5977K [0x00000000f0000000, 0x00000000f7d00000, 0x00000000f7d00000)
  eden space 102400K,   5% used [0x00000000f0000000, 0x00000000f05d66c8, 0x00000000f6400000)
  from space 12800K,   0% used [0x00000000f7080000, 0x00000000f7080000, 0x00000000f7d00000)
  to   space 12800K,   0% used [0x00000000f6400000, 0x00000000f6400000, 0x00000000f7080000)
 concurrent mark-sweep generation total 134144K, used 134143K [0x00000000f7d00000, 0x0000000100000000, 0x0000000100000000)
 Metaspace       used 51996K, capacity 54858K, committed 55936K, reserved 1097728K
  class space    used 6332K, capacity 6829K, committed 7040K, reserved 1048576K
}
2023-01-17T04:33:03.885+0800: 193.793: [GC (CMS Initial Mark) [1 CMS-initial-mark: 134143K(134144K)] 140496K(249344K), 0.0057944 secs] [Times: user=0.01 sys=0.00, real=0.01 secs] 
2023-01-17T04:33:03.892+0800: 193.799: [CMS-concurrent-mark-start]
2023-01-17T04:33:03.969+0800: 193.877: [CMS-concurrent-mark: 0.078/0.078 secs] [Times: user=0.17 sys=0.07, real=0.07 secs] 
2023-01-17T04:33:03.969+0800: 193.877: [CMS-concurrent-preclean-start]
2023-01-17T04:33:04.021+0800: 193.929: [CMS-concurrent-preclean: 0.052/0.052 secs] [Times: user=0.15 sys=0.03, real=0.06 secs] 
2023-01-17T04:33:04.021+0800: 193.929: [CMS-concurrent-abortable-preclean-start]
2023-01-17T04:33:04.021+0800: 193.929: [CMS-concurrent-abortable-preclean: 0.000/0.000 secs] [Times: user=0.00 sys=0.00, real=0.00 secs] 
2023-01-17T04:33:04.025+0800: 193.933: [GC (CMS Final Remark) [YG occupancy: 62405 K (115200 K)]2023-01-17T04:33:04.025+0800: 193.933: [Rescan (parallel) , 0.0184600 secs]2023-01-17T04:33:04.044+0800: 193.952: [weak refs processing, 0.0000449 secs]2023-01-17T04:33:04.044+0800: 193.952: [class unloading, 0.0132053 secs]2023-01-17T04:33:04.057+0800: 193.965: [scrub symbol table, 0.0050172 secs]2023-01-17T04:33:04.062+0800: 193.970: [scrub string table, 0.0008588 secs][1 CMS-remark: 134143K(134144K)] 196549K(249344K), 0.0377718 secs] [Times: user=0.09 sys=0.00, real=0.04 secs] 
2023-01-17T04:33:04.063+0800: 193.971: [CMS-concurrent-sweep-start]
2023-01-17T04:33:04.082+0800: 193.990: [CMS-concurrent-sweep: 0.019/0.019 secs] [Times: user=0.06 sys=0.01, real=0.02 secs] 
2023-01-17T04:33:04.083+0800: 193.990: [CMS-concurrent-reset-start]
2023-01-17T04:33:04.083+0800: 193.991: [CMS-concurrent-reset: 0.000/0.000 secs] [Times: user=0.00 sys=0.00, real=0.00 secs] 
{Heap before GC invocations=274 (full 285):
 par new generation   total 115200K, used 115200K [0x00000000f0000000, 0x00000000f7d00000, 0x00000000f7d00000)
  eden space 102400K, 100% used [0x00000000f0000000, 0x00000000f6400000, 0x00000000f6400000)
  from space 12800K, 100% used [0x00000000f7080000, 0x00000000f7d00000, 0x00000000f7d00000)
  to   space 12800K,   0% used [0x00000000f6400000, 0x00000000f6400000, 0x00000000f7080000)
 concurrent mark-sweep generation total 134144K, used 134059K [0x00000000f7d00000, 0x0000000100000000, 0x0000000100000000)
 Metaspace       used 51996K, capacity 54858K, committed 55936K, reserved 1097728K
  class space    used 6332K, capacity 6829K, committed 7040K, reserved 1048576K
2023-01-17T04:33:04.421+0800: 194.328: [GC (Allocation Failure) 2023-01-17T04:33:04.421+0800: 194.329: [ParNew: 115200K->115200K(115200K), 0.0000254 secs]2023-01-17T04:33:04.421+0800: 194.329: [CMS: 134059K->134143K(134144K), 0.1904058 secs] 249259K->140145K(249344K), [Metaspace: 51996K->51996K(1097728K)], 0.1908433 secs] [Times: user=0.19 sys=0.00, real=0.19 secs] 
Heap after GC invocations=275 (full 286):
 par new generation   total 115200K, used 6001K [0x00000000f0000000, 0x00000000f7d00000, 0x00000000f7d00000)
  eden space 102400K,   5% used [0x00000000f0000000, 0x00000000f05dc710, 0x00000000f6400000)
  from space 12800K,   0% used [0x00000000f7080000, 0x00000000f7080000, 0x00000000f7d00000)
  to   space 12800K,   0% used [0x00000000f6400000, 0x00000000f6400000, 0x00000000f7080000)
 concurrent mark-sweep generation total 134144K, used 134143K [0x00000000f7d00000, 0x0000000100000000, 0x0000000100000000)
 Metaspace       used 51996K, capacity 54858K, committed 55936K, reserved 1097728K
  class space    used 6332K, capacity 6829K, committed 7040K, reserved 1048576K
}
2023-01-17T04:33:04.617+0800: 194.525: [GC (CMS Initial Mark) [1 CMS-initial-mark: 134143K(134144K)] 141622K(249344K), 0.0054868 secs] [Times: user=0.01 sys=0.00, real=0.01 secs] 
2023-01-17T04:33:04.623+0800: 194.531: [CMS-concurrent-mark-start]
2023-01-17T04:33:04.697+0800: 194.605: [CMS-concurrent-mark: 0.074/0.074 secs] [Times: user=0.21 sys=0.04, real=0.07 secs] 
2023-01-17T04:33:04.697+0800: 194.605: [CMS-concurrent-preclean-start]
2023-01-17T04:33:04.738+0800: 194.646: [CMS-concurrent-preclean: 0.041/0.041 secs] [Times: user=0.12 sys=0.01, real=0.04 secs] 
2023-01-17T04:33:04.738+0800: 194.646: [CMS-concurrent-abortable-preclean-start]
2023-01-17T04:33:04.738+0800: 194.646: [CMS-concurrent-abortable-preclean: 0.000/0.000 secs] [Times: user=0.00 sys=0.00, real=0.00 secs] 
2023-01-17T04:33:04.742+0800: 194.650: [GC (CMS Final Remark) [YG occupancy: 74703 K (115200 K)]2023-01-17T04:33:04.742+0800: 194.650: [Rescan (parallel) , 0.0215055 secs]2023-01-17T04:33:04.764+0800: 194.671: [weak refs processing, 0.0000421 secs]2023-01-17T04:33:04.764+0800: 194.671: [class unloading, 0.0133591 secs]2023-01-17T04:33:04.777+0800: 194.685: [scrub symbol table, 0.0063181 secs]2023-01-17T04:33:04.783+0800: 194.691: [scrub string table, 0.0013684 secs][1 CMS-remark: 134143K(134144K)] 208847K(249344K), 0.0428131 secs] [Times: user=0.11 sys=0.00, real=0.04 secs] 
2023-01-17T04:33:04.785+0800: 194.693: [CMS-concurrent-sweep-start]
2023-01-17T04:33:04.806+0800: 194.714: [CMS-concurrent-sweep: 0.021/0.021 secs] [Times: user=0.05 sys=0.01, real=0.02 secs] 
2023-01-17T04:33:04.807+0800: 194.715: [CMS-concurrent-reset-start]
2023-01-17T04:33:04.807+0800: 194.715: [CMS-concurrent-reset: 0.000/0.000 secs] [Times: user=0.00 sys=0.00, real=0.00 secs] 
{Heap before GC invocations=275 (full 287):
 par new generation   total 115200K, used 115199K [0x00000000f0000000, 0x00000000f7d00000, 0x00000000f7d00000)
  eden space 102400K, 100% used [0x00000000f0000000, 0x00000000f6400000, 0x00000000f6400000)
  from space 12800K,  99% used [0x00000000f7080000, 0x00000000f7cfffe8, 0x00000000f7d00000)
  to   space 12800K,   0% used [0x00000000f6400000, 0x00000000f6400000, 0x00000000f7080000)
 concurrent mark-sweep generation total 134144K, used 134047K [0x00000000f7d00000, 0x0000000100000000, 0x0000000100000000)
 Metaspace       used 51996K, capacity 54858K, committed 55936K, reserved 1097728K
  class space    used 6332K, capacity 6829K, committed 7040K, reserved 1048576K
2023-01-17T04:33:05.164+0800: 195.072: [GC (Allocation Failure) 2023-01-17T04:33:05.165+0800: 195.073: [ParNew: 115199K->115199K(115200K), 0.0000329 secs]2023-01-17T04:33:05.165+0800: 195.073: [CMS: 134047K->134143K(134144K), 0.1956773 secs] 249247K->139955K(249344K), [Metaspace: 51996K->51996K(1097728K)], 0.1962050 secs] [Times: user=0.20 sys=0.01, real=0.20 secs] 
Heap after GC invocations=276 (full 288):
 par new generation   total 115200K, used 5811K [0x00000000f0000000, 0x00000000f7d00000, 0x00000000f7d00000)
  eden space 102400K,   5% used [0x00000000f0000000, 0x00000000f05acd88, 0x00000000f6400000)
  from space 12800K,   0% used [0x00000000f7080000, 0x00000000f7080000, 0x00000000f7d00000)
  to   space 12800K,   0% used [0x00000000f6400000, 0x00000000f6400000, 0x00000000f7080000)
 concurrent mark-sweep generation total 134144K, used 134143K [0x00000000f7d00000, 0x0000000100000000, 0x0000000100000000)
 Metaspace       used 51996K, capacity 54858K, committed 55936K, reserved 1097728K
  class space    used 6332K, capacity 6829K, committed 7040K, reserved 1048576K
}
2023-01-17T04:33:05.367+0800: 195.275: [GC (CMS Initial Mark) [1 CMS-initial-mark: 134143K(134144K)] 141613K(249344K), 0.0047678 secs] [Times: user=0.02 sys=0.00, real=0.01 secs] 
2023-01-17T04:33:05.372+0800: 195.280: [CMS-concurrent-mark-start]
2023-01-17T04:33:05.439+0800: 195.346: [CMS-concurrent-mark: 0.066/0.066 secs] [Times: user=0.17 sys=0.02, real=0.06 secs] 
2023-01-17T04:33:05.439+0800: 195.347: [CMS-concurrent-preclean-start]
2023-01-17T04:33:05.478+0800: 195.386: [CMS-concurrent-preclean: 0.040/0.040 secs] [Times: user=0.10 sys=0.01, real=0.04 secs] 
2023-01-17T04:33:05.479+0800: 195.387: [CMS-concurrent-abortable-preclean-start]
2023-01-17T04:33:05.479+0800: 195.387: [CMS-concurrent-abortable-preclean: 0.000/0.000 secs] [Times: user=0.00 sys=0.00, real=0.00 secs] 
2023-01-17T04:33:05.484+0800: 195.391: [GC (CMS Final Remark) [YG occupancy: 58440 K (115200 K)]2023-01-17T04:33:05.484+0800: 195.391: [Rescan (parallel) , 0.0183524 secs]2023-01-17T04:33:05.502+0800: 195.410: [weak refs processing, 0.0000456 secs]2023-01-17T04:33:05.502+0800: 195.410: [class unloading, 0.0140459 secs]2023-01-17T04:33:05.516+0800: 195.424: [scrub symbol table, 0.0050865 secs]2023-01-17T04:33:05.521+0800: 195.429: [scrub string table, 0.0008726 secs][1 CMS-remark: 134143K(134144K)] 192584K(249344K), 0.0386325 secs] [Times: user=0.09 sys=0.00, real=0.04 secs] 
2023-01-17T04:33:05.523+0800: 195.431: [CMS-concurrent-sweep-start]
2023-01-17T04:33:05.539+0800: 195.447: [CMS-concurrent-sweep: 0.016/0.016 secs] [Times: user=0.05 sys=0.00, real=0.02 secs] 
2023-01-17T04:33:05.540+0800: 195.447: [CMS-concurrent-reset-start]
2023-01-17T04:33:05.540+0800: 195.448: [CMS-concurrent-reset: 0.000/0.000 secs] [Times: user=0.00 sys=0.00, real=0.00 secs] 
{Heap before GC invocations=276 (full 289):
 par new generation   total 115200K, used 115199K [0x00000000f0000000, 0x00000000f7d00000, 0x00000000f7d00000)
  eden space 102400K, 100% used [0x00000000f0000000, 0x00000000f6400000, 0x00000000f6400000)
  from space 12800K,  99% used [0x00000000f7080000, 0x00000000f7cffff8, 0x00000000f7d00000)
  to   space 12800K,   0% used [0x00000000f6400000, 0x00000000f6400000, 0x00000000f7080000)
 concurrent mark-sweep generation total 134144K, used 134037K [0x00000000f7d00000, 0x0000000100000000, 0x0000000100000000)
 Metaspace       used 51996K, capacity 54858K, committed 55936K, reserved 1097728K
  class space    used 6332K, capacity 6829K, committed 7040K, reserved 1048576K
2023-01-17T04:33:05.948+0800: 195.856: [GC (Allocation Failure) 2023-01-17T04:33:05.948+0800: 195.856: [ParNew: 115199K->115199K(115200K), 0.0000353 secs]2023-01-17T04:33:05.948+0800: 195.856: [CMS: 134037K->134143K(134144K), 0.2025150 secs] 249237K->140210K(249344K), [Metaspace: 51996K->51996K(1097728K)], 0.2029727 secs] [Times: user=0.21 sys=0.00, real=0.21 secs] 
Heap after GC invocations=277 (full 290):
 par new generation   total 115200K, used 6066K [0x00000000f0000000, 0x00000000f7d00000, 0x00000000f7d00000)
  eden space 102400K,   5% used [0x00000000f0000000, 0x00000000f05ecae0, 0x00000000f6400000)
  from space 12800K,   0% used [0x00000000f7080000, 0x00000000f7080000, 0x00000000f7d00000)
  to   space 12800K,   0% used [0x00000000f6400000, 0x00000000f6400000, 0x00000000f7080000)
 concurrent mark-sweep generation total 134144K, used 134143K [0x00000000f7d00000, 0x0000000100000000, 0x0000000100000000)
 Metaspace       used 51996K, capacity 54858K, committed 55936K, reserved 1097728K
  class space    used 6332K, capacity 6829K, committed 7040K, reserved 1048576K
}
2023-01-17T04:33:06.155+0800: 196.063: [GC (CMS Initial Mark) [1 CMS-initial-mark: 134143K(134144K)] 140339K(249344K), 0.0046949 secs] [Times: user=0.02 sys=0.00, real=0.01 secs] 
2023-01-17T04:33:06.160+0800: 196.068: [CMS-concurrent-mark-start]
2023-01-17T04:33:06.236+0800: 196.144: [CMS-concurrent-mark: 0.076/0.076 secs] [Times: user=0.19 sys=0.03, real=0.07 secs] 
2023-01-17T04:33:06.237+0800: 196.144: [CMS-concurrent-preclean-start]
2023-01-17T04:33:06.292+0800: 196.199: [CMS-concurrent-preclean: 0.055/0.055 secs] [Times: user=0.11 sys=0.03, real=0.06 secs] 
2023-01-17T04:33:06.292+0800: 196.200: [CMS-concurrent-abortable-preclean-start]
2023-01-17T04:33:06.292+0800: 196.200: [CMS-concurrent-abortable-preclean: 0.000/0.000 secs] [Times: user=0.00 sys=0.00, real=0.00 secs] 
2023-01-17T04:33:06.296+0800: 196.203: [GC (CMS Final Remark) [YG occupancy: 57735 K (115200 K)]2023-01-17T04:33:06.296+0800: 196.203: [Rescan (parallel) , 0.0221407 secs]2023-01-17T04:33:06.318+0800: 196.226: [weak refs processing, 0.0000440 secs]2023-01-17T04:33:06.318+0800: 196.226: [class unloading, 0.0131131 secs]2023-01-17T04:33:06.331+0800: 196.239: [scrub symbol table, 0.0050910 secs]2023-01-17T04:33:06.336+0800: 196.244: [scrub string table, 0.0008931 secs][1 CMS-remark: 134143K(134144K)] 191879K(249344K), 0.0414667 secs] [Times: user=0.09 sys=0.00, real=0.04 secs] 
2023-01-17T04:33:06.338+0800: 196.246: [CMS-concurrent-sweep-start]
2023-01-17T04:33:06.361+0800: 196.269: [CMS-concurrent-sweep: 0.023/0.023 secs] [Times: user=0.06 sys=0.01, real=0.03 secs] 
2023-01-17T04:33:06.361+0800: 196.269: [CMS-concurrent-reset-start]
2023-01-17T04:33:06.362+0800: 196.269: [CMS-concurrent-reset: 0.000/0.000 secs] [Times: user=0.00 sys=0.00, real=0.00 secs] 
{Heap before GC invocations=277 (full 291):
 par new generation   total 115200K, used 115199K [0x00000000f0000000, 0x00000000f7d00000, 0x00000000f7d00000)
  eden space 102400K,  99% used [0x00000000f0000000, 0x00000000f63ffff8, 0x00000000f6400000)
  from space 12800K,  99% used [0x00000000f7080000, 0x00000000f7cffff8, 0x00000000f7d00000)
  to   space 12800K,   0% used [0x00000000f6400000, 0x00000000f6400000, 0x00000000f7080000)
 concurrent mark-sweep generation total 134144K, used 134050K [0x00000000f7d00000, 0x0000000100000000, 0x0000000100000000)
 Metaspace       used 51997K, capacity 54858K, committed 55936K, reserved 1097728K
  class space    used 6332K, capacity 6829K, committed 7040K, reserved 1048576K
2023-01-17T04:33:06.677+0800: 196.584: [GC (Allocation Failure) 2023-01-17T04:33:06.677+0800: 196.585: [ParNew: 115199K->115199K(115200K), 0.0000269 secs]2023-01-17T04:33:06.677+0800: 196.585: [CMS: 134050K->134143K(134144K), 0.1923341 secs] 249250K->140219K(249344K), [Metaspace: 51997K->51997K(1097728K)], 0.1927813 secs] [Times: user=0.20 sys=0.00, real=0.20 secs] 
Heap after GC invocations=278 (full 292):
 par new generation   total 115200K, used 6076K [0x00000000f0000000, 0x00000000f7d00000, 0x00000000f7d00000)
  eden space 102400K,   5% used [0x00000000f0000000, 0x00000000f05ef010, 0x00000000f6400000)
  from space 12800K,   0% used [0x00000000f7080000, 0x00000000f7080000, 0x00000000f7d00000)
  to   space 12800K,   0% used [0x00000000f6400000, 0x00000000f6400000, 0x00000000f7080000)
 concurrent mark-sweep generation total 134144K, used 134143K [0x00000000f7d00000, 0x0000000100000000, 0x0000000100000000)
 Metaspace       used 51997K, capacity 54858K, committed 55936K, reserved 1097728K
  class space    used 6332K, capacity 6829K, committed 7040K, reserved 1048576K
}
2023-01-17T04:33:06.875+0800: 196.783: [GC (CMS Initial Mark) [1 CMS-initial-mark: 134143K(134144K)] 141402K(249344K), 0.0055718 secs] [Times: user=0.01 sys=0.00, real=0.01 secs] 
2023-01-17T04:33:06.881+0800: 196.789: [CMS-concurrent-mark-start]
2023-01-17T04:33:06.952+0800: 196.860: [CMS-concurrent-mark: 0.071/0.071 secs] [Times: user=0.20 sys=0.04, real=0.07 secs] 
2023-01-17T04:33:06.952+0800: 196.860: [CMS-concurrent-preclean-start]
2023-01-17T04:33:07.004+0800: 196.912: [CMS-concurrent-preclean: 0.052/0.052 secs] [Times: user=0.13 sys=0.04, real=0.05 secs] 
2023-01-17T04:33:07.004+0800: 196.912: [CMS-concurrent-abortable-preclean-start]
2023-01-17T04:33:07.004+0800: 196.912: [CMS-concurrent-abortable-preclean: 0.000/0.000 secs] [Times: user=0.00 sys=0.00, real=0.00 secs] 
2023-01-17T04:33:07.008+0800: 196.916: [GC (CMS Final Remark) [YG occupancy: 69932 K (115200 K)]2023-01-17T04:33:07.008+0800: 196.916: [Rescan (parallel) , 0.0192147 secs]2023-01-17T04:33:07.028+0800: 196.935: [weak refs processing, 0.0000579 secs]2023-01-17T04:33:07.028+0800: 196.935: [class unloading, 0.0130032 secs]2023-01-17T04:33:07.041+0800: 196.948: [scrub symbol table, 0.0050846 secs]2023-01-17T04:33:07.046+0800: 196.953: [scrub string table, 0.0008505 secs][1 CMS-remark: 134143K(134144K)] 204076K(249344K), 0.0384037 secs] [Times: user=0.09 sys=0.00, real=0.04 secs] 
2023-01-17T04:33:07.047+0800: 196.955: [CMS-concurrent-sweep-start]
2023-01-17T04:33:07.063+0800: 196.971: [CMS-concurrent-sweep: 0.016/0.016 secs] [Times: user=0.05 sys=0.00, real=0.02 secs] 
2023-01-17T04:33:07.063+0800: 196.971: [CMS-concurrent-reset-start]
2023-01-17T04:33:07.064+0800: 196.971: [CMS-concurrent-reset: 0.000/0.000 secs] [Times: user=0.00 sys=0.00, real=0.00 secs] 
{Heap before GC invocations=278 (full 293):
 par new generation   total 115200K, used 115199K [0x00000000f0000000, 0x00000000f7d00000, 0x00000000f7d00000)
  eden space 102400K,  99% used [0x00000000f0000000, 0x00000000f63ffff8, 0x00000000f6400000)
  from space 12800K,  99% used [0x00000000f7080000, 0x00000000f7cffff0, 0x00000000f7d00000)
  to   space 12800K,   0% used [0x00000000f6400000, 0x00000000f6400000, 0x00000000f7080000)
 concurrent mark-sweep generation total 134144K, used 134078K [0x00000000f7d00000, 0x0000000100000000, 0x0000000100000000)
 Metaspace       used 51997K, capacity 54858K, committed 55936K, reserved 1097728K
  class space    used 6332K, capacity 6829K, committed 7040K, reserved 1048576K
2023-01-17T04:33:07.406+0800: 197.314: [GC (Allocation Failure) 2023-01-17T04:33:07.406+0800: 197.314: [ParNew: 115199K->115199K(115200K), 0.0000372 secs]2023-01-17T04:33:07.407+0800: 197.314: [CMS: 134078K->134143K(134144K), 0.2059457 secs] 249278K->140186K(249344K), [Metaspace: 51997K->51997K(1097728K)], 0.2064078 secs] [Times: user=0.21 sys=0.00, real=0.21 secs] 
Heap after GC invocations=279 (full 294):
 par new generation   total 115200K, used 6042K [0x00000000f0000000, 0x00000000f7d00000, 0x00000000f7d00000)
  eden space 102400K,   5% used [0x00000000f0000000, 0x00000000f05e6b88, 0x00000000f6400000)
  from space 12800K,   0% used [0x00000000f7080000, 0x00000000f7080000, 0x00000000f7d00000)
  to   space 12800K,   0% used [0x00000000f6400000, 0x00000000f6400000, 0x00000000f7080000)
 concurrent mark-sweep generation total 134144K, used 134143K [0x00000000f7d00000, 0x0000000100000000, 0x0000000100000000)
 Metaspace       used 51997K, capacity 54858K, committed 55936K, reserved 1097728K
  class space    used 6332K, capacity 6829K, committed 7040K, reserved 1048576K
}
2023-01-17T04:33:07.627+0800: 197.535: [GC (CMS Initial Mark) [1 CMS-initial-mark: 134143K(134144K)] 147232K(249344K), 0.0084596 secs] [Times: user=0.03 sys=0.00, real=0.01 secs] 
2023-01-17T04:33:07.636+0800: 197.544: [CMS-concurrent-mark-start]
2023-01-17T04:33:07.706+0800: 197.614: [CMS-concurrent-mark: 0.070/0.070 secs] [Times: user=0.21 sys=0.02, real=0.07 secs] 
2023-01-17T04:33:07.706+0800: 197.614: [CMS-concurrent-preclean-start]
2023-01-17T04:33:07.743+0800: 197.651: [CMS-concurrent-preclean: 0.037/0.037 secs] [Times: user=0.10 sys=0.02, real=0.04 secs] 
2023-01-17T04:33:07.744+0800: 197.651: [CMS-concurrent-abortable-preclean-start]
2023-01-17T04:33:07.744+0800: 197.651: [CMS-concurrent-abortable-preclean: 0.000/0.000 secs] [Times: user=0.00 sys=0.00, real=0.00 secs] 
2023-01-17T04:33:07.748+0800: 197.656: [GC (CMS Final Remark) [YG occupancy: 70730 K (115200 K)]2023-01-17T04:33:07.748+0800: 197.656: [Rescan (parallel) , 0.0210221 secs]2023-01-17T04:33:07.769+0800: 197.677: [weak refs processing, 0.0000415 secs]2023-01-17T04:33:07.769+0800: 197.677: [class unloading, 0.0137833 secs]2023-01-17T04:33:07.783+0800: 197.691: [scrub symbol table, 0.0051144 secs]2023-01-17T04:33:07.788+0800: 197.696: [scrub string table, 0.0008645 secs][1 CMS-remark: 134143K(134144K)] 204874K(249344K), 0.0410759 secs] [Times: user=0.11 sys=0.00, real=0.04 secs] 
2023-01-17T04:33:07.790+0800: 197.698: [CMS-concurrent-sweep-start]
2023-01-17T04:33:07.809+0800: 197.716: [CMS-concurrent-sweep: 0.018/0.018 secs] [Times: user=0.05 sys=0.01, real=0.01 secs] 
2023-01-17T04:33:07.809+0800: 197.717: [CMS-concurrent-reset-start]
2023-01-17T04:33:07.809+0800: 197.717: [CMS-concurrent-reset: 0.000/0.000 secs] [Times: user=0.00 sys=0.00, real=0.00 secs] 
{Heap before GC invocations=279 (full 295):
 par new generation   total 115200K, used 115193K [0x00000000f0000000, 0x00000000f7d00000, 0x00000000f7d00000)
  eden space 102400K, 100% used [0x00000000f0000000, 0x00000000f6400000, 0x00000000f6400000)
  from space 12800K,  99% used [0x00000000f7080000, 0x00000000f7cfe628, 0x00000000f7d00000)
  to   space 12800K,   0% used [0x00000000f6400000, 0x00000000f6400000, 0x00000000f7080000)
 concurrent mark-sweep generation total 134144K, used 134042K [0x00000000f7d00000, 0x0000000100000000, 0x0000000100000000)
 Metaspace       used 51997K, capacity 54858K, committed 55936K, reserved 1097728K
  class space    used 6332K, capacity 6829K, committed 7040K, reserved 1048576K
2023-01-17T04:33:08.154+0800: 198.062: [GC (Allocation Failure) 2023-01-17T04:33:08.155+0800: 198.063: [ParNew: 115193K->115193K(115200K), 0.0000283 secs]2023-01-17T04:33:08.155+0800: 198.063: [CMS: 134042K->134143K(134144K), 0.1882179 secs] 249235K->140205K(249344K), [Metaspace: 51997K->51997K(1097728K)], 0.1886621 secs] [Times: user=0.19 sys=0.00, real=0.19 secs] 
Heap after GC invocations=280 (full 296):
 par new generation   total 115200K, used 6061K [0x00000000f0000000, 0x00000000f7d00000, 0x00000000f7d00000)
  eden space 102400K,   5% used [0x00000000f0000000, 0x00000000f05eb6a0, 0x00000000f6400000)
  from space 12800K,   0% used [0x00000000f7080000, 0x00000000f7080000, 0x00000000f7d00000)
  to   space 12800K,   0% used [0x00000000f6400000, 0x00000000f6400000, 0x00000000f7080000)
 concurrent mark-sweep generation total 134144K, used 134143K [0x00000000f7d00000, 0x0000000100000000, 0x0000000100000000)
 Metaspace       used 51997K, capacity 54858K, committed 55936K, reserved 1097728K
  class space    used 6332K, capacity 6829K, committed 7040K, reserved 1048576K
}
2023-01-17T04:33:08.348+0800: 198.256: [GC (CMS Initial Mark) [1 CMS-initial-mark: 134143K(134144K)] 140787K(249344K), 0.0049113 secs] [Times: user=0.01 sys=0.00, real=0.01 secs] 
2023-01-17T04:33:08.354+0800: 198.262: [CMS-concurrent-mark-start]
2023-01-17T04:33:08.424+0800: 198.332: [CMS-concurrent-mark: 0.070/0.070 secs] [Times: user=0.16 sys=0.03, real=0.07 secs] 
2023-01-17T04:33:08.424+0800: 198.332: [CMS-concurrent-preclean-start]
2023-01-17T04:33:08.464+0800: 198.372: [CMS-concurrent-preclean: 0.040/0.040 secs] [Times: user=0.08 sys=0.01, real=0.04 secs] 
2023-01-17T04:33:08.464+0800: 198.372: [CMS-concurrent-abortable-preclean-start]
2023-01-17T04:33:08.464+0800: 198.372: [CMS-concurrent-abortable-preclean: 0.000/0.000 secs] [Times: user=0.00 sys=0.00, real=0.00 secs] 
2023-01-17T04:33:08.468+0800: 198.376: [GC (CMS Final Remark) [YG occupancy: 52582 K (115200 K)]2023-01-17T04:33:08.468+0800: 198.376: [Rescan (parallel) , 0.0153262 secs]2023-01-17T04:33:08.484+0800: 198.392: [weak refs processing, 0.0000421 secs]2023-01-17T04:33:08.484+0800: 198.392: [class unloading, 0.0133539 secs]2023-01-17T04:33:08.497+0800: 198.405: [scrub symbol table, 0.0050869 secs]2023-01-17T04:33:08.502+0800: 198.410: [scrub string table, 0.0008595 secs][1 CMS-remark: 134143K(134144K)] 186726K(249344K), 0.0348478 secs] [Times: user=0.08 sys=0.00, real=0.04 secs] 
2023-01-17T04:33:08.504+0800: 198.412: [CMS-concurrent-sweep-start]
2023-01-17T04:33:08.525+0800: 198.433: [CMS-concurrent-sweep: 0.021/0.021 secs] [Times: user=0.07 sys=0.00, real=0.02 secs] 
2023-01-17T04:33:08.525+0800: 198.433: [CMS-concurrent-reset-start]
2023-01-17T04:33:08.525+0800: 198.433: [CMS-concurrent-reset: 0.000/0.000 secs] [Times: user=0.00 sys=0.00, real=0.00 secs] 
{Heap before GC invocations=280 (full 297):
 par new generation   total 115200K, used 115200K [0x00000000f0000000, 0x00000000f7d00000, 0x00000000f7d00000)
  eden space 102400K, 100% used [0x00000000f0000000, 0x00000000f6400000, 0x00000000f6400000)
  from space 12800K, 100% used [0x00000000f7080000, 0x00000000f7d00000, 0x00000000f7d00000)
  to   space 12800K,   0% used [0x00000000f6400000, 0x00000000f6400000, 0x00000000f7080000)
 concurrent mark-sweep generation total 134144K, used 134029K [0x00000000f7d00000, 0x0000000100000000, 0x0000000100000000)
 Metaspace       used 51997K, capacity 54858K, committed 55936K, reserved 1097728K
  class space    used 6332K, capacity 6829K, committed 7040K, reserved 1048576K
2023-01-17T04:33:08.883+0800: 198.791: [GC (Allocation Failure) 2023-01-17T04:33:08.883+0800: 198.791: [ParNew: 115200K->115200K(115200K), 0.0000273 secs]2023-01-17T04:33:08.883+0800: 198.791: [CMS: 134029K->134143K(134144K), 0.1881366 secs] 249229K->140215K(249344K), [Metaspace: 51997K->51997K(1097728K)], 0.1885623 secs] [Times: user=0.19 sys=0.00, real=0.19 secs] 
Heap after GC invocations=281 (full 298):
 par new generation   total 115200K, used 6071K [0x00000000f0000000, 0x00000000f7d00000, 0x00000000f7d00000)
  eden space 102400K,   5% used [0x00000000f0000000, 0x00000000f05edce8, 0x00000000f6400000)
  from space 12800K,   0% used [0x00000000f7080000, 0x00000000f7080000, 0x00000000f7d00000)
  to   space 12800K,   0% used [0x00000000f6400000, 0x00000000f6400000, 0x00000000f7080000)
 concurrent mark-sweep generation total 134144K, used 134143K [0x00000000f7d00000, 0x0000000100000000, 0x0000000100000000)
 Metaspace       used 51997K, capacity 54858K, committed 55936K, reserved 1097728K
  class space    used 6332K, capacity 6829K, committed 7040K, reserved 1048576K
}
2023-01-17T04:33:09.076+0800: 198.984: [GC (CMS Initial Mark) [1 CMS-initial-mark: 134143K(134144K)] 140554K(249344K), 0.0047790 secs] [Times: user=0.01 sys=0.00, real=0.01 secs] 
2023-01-17T04:33:09.081+0800: 198.989: [CMS-concurrent-mark-start]
2023-01-17T04:33:09.170+0800: 199.078: [CMS-concurrent-mark: 0.089/0.089 secs] [Times: user=0.26 sys=0.04, real=0.09 secs] 
2023-01-17T04:33:09.171+0800: 199.078: [CMS-concurrent-preclean-start]
2023-01-17T04:33:09.214+0800: 199.122: [CMS-concurrent-preclean: 0.043/0.043 secs] [Times: user=0.11 sys=0.02, real=0.04 secs] 
2023-01-17T04:33:09.214+0800: 199.122: [CMS-concurrent-abortable-preclean-start]
2023-01-17T04:33:09.214+0800: 199.122: [CMS-concurrent-abortable-preclean: 0.000/0.000 secs] [Times: user=0.00 sys=0.00, real=0.00 secs] 
2023-01-17T04:33:09.218+0800: 199.126: [GC (CMS Final Remark) [YG occupancy: 86678 K (115200 K)]2023-01-17T04:33:09.218+0800: 199.126: [Rescan (parallel) , 0.0235519 secs]2023-01-17T04:33:09.242+0800: 199.150: [weak refs processing, 0.0000436 secs]2023-01-17T04:33:09.242+0800: 199.150: [class unloading, 0.0133784 secs]2023-01-17T04:33:09.255+0800: 199.163: [scrub symbol table, 0.0052842 secs]2023-01-17T04:33:09.261+0800: 199.168: [scrub string table, 0.0008974 secs][1 CMS-remark: 134143K(134144K)] 220822K(249344K), 0.0433664 secs] [Times: user=0.11 sys=0.00, real=0.05 secs] 
2023-01-17T04:33:09.262+0800: 199.170: [CMS-concurrent-sweep-start]
2023-01-17T04:33:09.283+0800: 199.191: [CMS-concurrent-sweep: 0.021/0.021 secs] [Times: user=0.06 sys=0.01, real=0.02 secs] 
2023-01-17T04:33:09.283+0800: 199.191: [CMS-concurrent-reset-start]
2023-01-17T04:33:09.283+0800: 199.191: [CMS-concurrent-reset: 0.000/0.000 secs] [Times: user=0.00 sys=0.00, real=0.00 secs] 
{Heap before GC invocations=281 (full 299):
 par new generation   total 115200K, used 115200K [0x00000000f0000000, 0x00000000f7d00000, 0x00000000f7d00000)
  eden space 102400K, 100% used [0x00000000f0000000, 0x00000000f6400000, 0x00000000f6400000)
  from space 12800K, 100% used [0x00000000f7080000, 0x00000000f7d00000, 0x00000000f7d00000)
  to   space 12800K,   0% used [0x00000000f6400000, 0x00000000f6400000, 0x00000000f7080000)
 concurrent mark-sweep generation total 134144K, used 134085K [0x00000000f7d00000, 0x0000000100000000, 0x0000000100000000)
 Metaspace       used 51997K, capacity 54858K, committed 55936K, reserved 1097728K
  class space    used 6332K, capacity 6829K, committed 7040K, reserved 1048576K
2023-01-17T04:33:09.599+0800: 199.506: [GC (Allocation Failure) 2023-01-17T04:33:09.599+0800: 199.507: [ParNew: 115200K->115200K(115200K), 0.0000277 secs]2023-01-17T04:33:09.599+0800: 199.507: [CMS: 134085K->134144K(134144K), 0.1915057 secs] 249285K->140109K(249344K), [Metaspace: 51997K->51997K(1097728K)], 0.1919365 secs] [Times: user=0.20 sys=0.00, real=0.20 secs] 
Heap after GC invocations=282 (full 300):
 par new generation   total 115200K, used 5965K [0x00000000f0000000, 0x00000000f7d00000, 0x00000000f7d00000)
  eden space 102400K,   5% used [0x00000000f0000000, 0x00000000f05d3470, 0x00000000f6400000)
  from space 12800K,   0% used [0x00000000f7080000, 0x00000000f7080000, 0x00000000f7d00000)
  to   space 12800K,   0% used [0x00000000f6400000, 0x00000000f6400000, 0x00000000f7080000)
 concurrent mark-sweep generation total 134144K, used 134144K [0x00000000f7d00000, 0x0000000100000000, 0x0000000100000000)
 Metaspace       used 51997K, capacity 54858K, committed 55936K, reserved 1097728K
  class space    used 6332K, capacity 6829K, committed 7040K, reserved 1048576K
}
2023-01-17T04:33:09.796+0800: 199.704: [GC (CMS Initial Mark) [1 CMS-initial-mark: 134144K(134144K)] 140743K(249344K), 0.0046285 secs] [Times: user=0.02 sys=0.00, real=0.01 secs] 
2023-01-17T04:33:09.801+0800: 199.709: [CMS-concurrent-mark-start]
2023-01-17T04:33:09.866+0800: 199.774: [CMS-concurrent-mark: 0.065/0.065 secs] [Times: user=0.16 sys=0.02, real=0.06 secs] 
2023-01-17T04:33:09.866+0800: 199.774: [CMS-concurrent-preclean-start]
2023-01-17T04:33:09.903+0800: 199.811: [CMS-concurrent-preclean: 0.037/0.037 secs] [Times: user=0.05 sys=0.00, real=0.04 secs] 
2023-01-17T04:33:09.903+0800: 199.811: [CMS-concurrent-abortable-preclean-start]
2023-01-17T04:33:09.903+0800: 199.811: [CMS-concurrent-abortable-preclean: 0.000/0.000 secs] [Times: user=0.00 sys=0.00, real=0.00 secs] 
2023-01-17T04:33:09.908+0800: 199.815: [GC (CMS Final Remark) [YG occupancy: 40681 K (115200 K)]2023-01-17T04:33:09.908+0800: 199.815: [Rescan (parallel) , 0.0169058 secs]2023-01-17T04:33:09.925+0800: 199.832: [weak refs processing, 0.0000469 secs]2023-01-17T04:33:09.925+0800: 199.832: [class unloading, 0.0137292 secs]2023-01-17T04:33:09.938+0800: 199.846: [scrub symbol table, 0.0052838 secs]2023-01-17T04:33:09.944+0800: 199.851: [scrub string table, 0.0009186 secs][1 CMS-remark: 134144K(134144K)] 174825K(249344K), 0.0370736 secs] [Times: user=0.07 sys=0.00, real=0.04 secs] 
2023-01-17T04:33:09.946+0800: 199.854: [CMS-concurrent-sweep-start]
2023-01-17T04:33:09.963+0800: 199.871: [CMS-concurrent-sweep: 0.017/0.017 secs] [Times: user=0.04 sys=0.00, real=0.02 secs] 
2023-01-17T04:33:09.963+0800: 199.871: [CMS-concurrent-reset-start]
2023-01-17T04:33:09.964+0800: 199.871: [CMS-concurrent-reset: 0.000/0.000 secs] [Times: user=0.00 sys=0.00, real=0.00 secs] 
{Heap before GC invocations=282 (full 301):
 par new generation   total 115200K, used 115198K [0x00000000f0000000, 0x00000000f7d00000, 0x00000000f7d00000)
  eden space 102400K, 100% used [0x00000000f0000000, 0x00000000f6400000, 0x00000000f6400000)
  from space 12800K,  99% used [0x00000000f7080000, 0x00000000f7cff8a8, 0x00000000f7d00000)
  to   space 12800K,   0% used [0x00000000f6400000, 0x00000000f6400000, 0x00000000f7080000)
 concurrent mark-sweep generation total 134144K, used 134072K [0x00000000f7d00000, 0x0000000100000000, 0x0000000100000000)
 Metaspace       used 51997K, capacity 54858K, committed 55936K, reserved 1097728K
  class space    used 6332K, capacity 6829K, committed 7040K, reserved 1048576K
2023-01-17T04:33:10.331+0800: 200.239: [GC (Allocation Failure) 2023-01-17T04:33:10.331+0800: 200.239: [ParNew: 115198K->115198K(115200K), 0.0000276 secs]2023-01-17T04:33:10.331+0800: 200.239: [CMS: 134072K->134143K(134144K), 0.1888427 secs] 249270K->140169K(249344K), [Metaspace: 51997K->51997K(1097728K)], 0.1892930 secs] [Times: user=0.19 sys=0.00, real=0.19 secs] 
Heap after GC invocations=283 (full 302):
 par new generation   total 115200K, used 6025K [0x00000000f0000000, 0x00000000f7d00000, 0x00000000f7d00000)
  eden space 102400K,   5% used [0x00000000f0000000, 0x00000000f05e2468, 0x00000000f6400000)
  from space 12800K,   0% used [0x00000000f7080000, 0x00000000f7080000, 0x00000000f7d00000)
  to   space 12800K,   0% used [0x00000000f6400000, 0x00000000f6400000, 0x00000000f7080000)
 concurrent mark-sweep generation total 134144K, used 134143K [0x00000000f7d00000, 0x0000000100000000, 0x0000000100000000)
 Metaspace       used 51997K, capacity 54858K, committed 55936K, reserved 1097728K
  class space    used 6332K, capacity 6829K, committed 7040K, reserved 1048576K
}
2023-01-17T04:33:10.530+0800: 200.437: [GC (CMS Initial Mark) [1 CMS-initial-mark: 134143K(134144K)] 144007K(249344K), 0.0063840 secs] [Times: user=0.02 sys=0.00, real=0.00 secs] 
2023-01-17T04:33:10.536+0800: 200.444: [CMS-concurrent-mark-start]
2023-01-17T04:33:10.641+0800: 200.548: [CMS-concurrent-mark: 0.104/0.104 secs] [Times: user=0.33 sys=0.05, real=0.11 secs] 
2023-01-17T04:33:10.641+0800: 200.549: [CMS-concurrent-preclean-start]
2023-01-17T04:33:10.684+0800: 200.592: [CMS-concurrent-preclean: 0.043/0.043 secs] [Times: user=0.14 sys=0.02, real=0.04 secs] 
2023-01-17T04:33:10.685+0800: 200.593: [CMS-concurrent-abortable-preclean-start]
2023-01-17T04:33:10.685+0800: 200.593: [CMS-concurrent-abortable-preclean: 0.000/0.000 secs] [Times: user=0.00 sys=0.00, real=0.00 secs] 
2023-01-17T04:33:10.689+0800: 200.597: [GC (CMS Final Remark) [YG occupancy: 107258 K (115200 K)]2023-01-17T04:33:10.689+0800: 200.597: [Rescan (parallel) , 0.0266901 secs]2023-01-17T04:33:10.716+0800: 200.624: [weak refs processing, 0.0000491 secs]2023-01-17T04:33:10.716+0800: 200.624: [class unloading, 0.0136295 secs]2023-01-17T04:33:10.730+0800: 200.637: [scrub symbol table, 0.0051672 secs]2023-01-17T04:33:10.735+0800: 200.643: [scrub string table, 0.0009109 secs][1 CMS-remark: 134143K(134144K)] 241402K(249344K), 0.0466913 secs] [Times: user=0.13 sys=0.00, real=0.05 secs] 
2023-01-17T04:33:10.736+0800: 200.644: [CMS-concurrent-sweep-start]
2023-01-17T04:33:10.752+0800: 200.660: [CMS-concurrent-sweep: 0.016/0.016 secs] [Times: user=0.04 sys=0.00, real=0.02 secs] 
2023-01-17T04:33:10.752+0800: 200.660: [CMS-concurrent-reset-start]
2023-01-17T04:33:10.753+0800: 200.660: [CMS-concurrent-reset: 0.000/0.000 secs] [Times: user=0.00 sys=0.00, real=0.00 secs] 
{Heap before GC invocations=283 (full 303):
 par new generation   total 115200K, used 115196K [0x00000000f0000000, 0x00000000f7d00000, 0x00000000f7d00000)
  eden space 102400K, 100% used [0x00000000f0000000, 0x00000000f6400000, 0x00000000f6400000)
  from space 12800K,  99% used [0x00000000f7080000, 0x00000000f7cff0f0, 0x00000000f7d00000)
  to   space 12800K,   0% used [0x00000000f6400000, 0x00000000f6400000, 0x00000000f7080000)
 concurrent mark-sweep generation total 134144K, used 133699K [0x00000000f7d00000, 0x0000000100000000, 0x0000000100000000)
 Metaspace       used 51997K, capacity 54858K, committed 55936K, reserved 1097728K
  class space    used 6332K, capacity 6829K, committed 7040K, reserved 1048576K
2023-01-17T04:33:11.091+0800: 200.999: [GC (Allocation Failure) 2023-01-17T04:33:11.092+0800: 200.999: [ParNew: 115196K->115196K(115200K), 0.0000426 secs]2023-01-17T04:33:11.092+0800: 200.999: [CMS: 133699K->134144K(134144K), 0.2444002 secs] 248895K->140146K(249344K), [Metaspace: 51997K->51997K(1097728K)], 0.2449508 secs] [Times: user=0.25 sys=0.00, real=0.24 secs] 
Heap after GC invocations=284 (full 304):
 par new generation   total 115200K, used 6002K [0x00000000f0000000, 0x00000000f7d00000, 0x00000000f7d00000)
  eden space 102400K,   5% used [0x00000000f0000000, 0x00000000f05dcbc0, 0x00000000f6400000)
  from space 12800K,   0% used [0x00000000f7080000, 0x00000000f7080000, 0x00000000f7d00000)
  to   space 12800K,   0% used [0x00000000f6400000, 0x00000000f6400000, 0x00000000f7080000)
 concurrent mark-sweep generation total 134144K, used 134144K [0x00000000f7d00000, 0x0000000100000000, 0x0000000100000000)
 Metaspace       used 51997K, capacity 54858K, committed 55936K, reserved 1097728K
  class space    used 6332K, capacity 6829K, committed 7040K, reserved 1048576K
}
2023-01-17T04:33:11.344+0800: 201.251: [GC (CMS Initial Mark) [1 CMS-initial-mark: 134144K(134144K)] 142760K(249344K), 0.0049847 secs] [Times: user=0.02 sys=0.00, real=0.00 secs] 
2023-01-17T04:33:11.349+0800: 201.257: [CMS-concurrent-mark-start]
2023-01-17T04:33:11.412+0800: 201.320: [CMS-concurrent-mark: 0.063/0.063 secs] [Times: user=0.12 sys=0.01, real=0.07 secs] 
2023-01-17T04:33:11.412+0800: 201.320: [CMS-concurrent-preclean-start]
2023-01-17T04:33:11.455+0800: 201.363: [CMS-concurrent-preclean: 0.042/0.042 secs] [Times: user=0.09 sys=0.00, real=0.04 secs] 
2023-01-17T04:33:11.455+0800: 201.363: [CMS-concurrent-abortable-preclean-start]
2023-01-17T04:33:11.455+0800: 201.363: [CMS-concurrent-abortable-preclean: 0.000/0.000 secs] [Times: user=0.00 sys=0.00, real=0.00 secs] 
2023-01-17T04:33:11.460+0800: 201.367: [GC (CMS Final Remark) [YG occupancy: 43108 K (115200 K)]2023-01-17T04:33:11.460+0800: 201.368: [Rescan (parallel) , 0.0141204 secs]2023-01-17T04:33:11.474+0800: 201.382: [weak refs processing, 0.0000420 secs]2023-01-17T04:33:11.474+0800: 201.382: [class unloading, 0.0134712 secs]2023-01-17T04:33:11.487+0800: 201.395: [scrub symbol table, 0.0050702 secs]2023-01-17T04:33:11.493+0800: 201.400: [scrub string table, 0.0008591 secs][1 CMS-remark: 134144K(134144K)] 177252K(249344K), 0.0337451 secs] [Times: user=0.08 sys=0.00, real=0.03 secs] 
2023-01-17T04:33:11.494+0800: 201.402: [CMS-concurrent-sweep-start]
2023-01-17T04:33:11.514+0800: 201.422: [CMS-concurrent-sweep: 0.020/0.020 secs] [Times: user=0.07 sys=0.00, real=0.02 secs] 
2023-01-17T04:33:11.514+0800: 201.422: [CMS-concurrent-reset-start]
2023-01-17T04:33:11.515+0800: 201.422: [CMS-concurrent-reset: 0.000/0.000 secs] [Times: user=0.01 sys=0.00, real=0.00 secs] 
{Heap before GC invocations=284 (full 305):
 par new generation   total 115200K, used 115199K [0x00000000f0000000, 0x00000000f7d00000, 0x00000000f7d00000)
  eden space 102400K, 100% used [0x00000000f0000000, 0x00000000f6400000, 0x00000000f6400000)
  from space 12800K,  99% used [0x00000000f7080000, 0x00000000f7cfffe8, 0x00000000f7d00000)
  to   space 12800K,   0% used [0x00000000f6400000, 0x00000000f6400000, 0x00000000f7080000)
 concurrent mark-sweep generation total 134144K, used 134066K [0x00000000f7d00000, 0x0000000100000000, 0x0000000100000000)
 Metaspace       used 51997K, capacity 54858K, committed 55936K, reserved 1097728K
  class space    used 6332K, capacity 6829K, committed 7040K, reserved 1048576K
2023-01-17T04:33:11.866+0800: 201.774: [GC (Allocation Failure) 2023-01-17T04:33:11.866+0800: 201.774: [ParNew: 115199K->115199K(115200K), 0.0000281 secs]2023-01-17T04:33:11.866+0800: 201.774: [CMS: 134066K->134143K(134144K), 0.1868891 secs] 249266K->140159K(249344K), [Metaspace: 51997K->51997K(1097728K)], 0.1873335 secs] [Times: user=0.19 sys=0.00, real=0.19 secs] 
Heap after GC invocations=285 (full 306):
 par new generation   total 115200K, used 6015K [0x00000000f0000000, 0x00000000f7d00000, 0x00000000f7d00000)
  eden space 102400K,   5% used [0x00000000f0000000, 0x00000000f05dff20, 0x00000000f6400000)
  from space 12800K,   0% used [0x00000000f7080000, 0x00000000f7080000, 0x00000000f7d00000)
  to   space 12800K,   0% used [0x00000000f6400000, 0x00000000f6400000, 0x00000000f7080000)
 concurrent mark-sweep generation total 134144K, used 134143K [0x00000000f7d00000, 0x0000000100000000, 0x0000000100000000)
 Metaspace       used 51997K, capacity 54858K, committed 55936K, reserved 1097728K
  class space    used 6332K, capacity 6829K, committed 7040K, reserved 1048576K
}
2023-01-17T04:33:12.062+0800: 201.970: [GC (CMS Initial Mark) [1 CMS-initial-mark: 134143K(134144K)] 144042K(249344K), 0.0061944 secs] [Times: user=0.02 sys=0.00, real=0.00 secs] 
2023-01-17T04:33:12.069+0800: 201.977: [CMS-concurrent-mark-start]
2023-01-17T04:33:12.145+0800: 202.053: [CMS-concurrent-mark: 0.076/0.076 secs] [Times: user=0.21 sys=0.03, real=0.08 secs] 
2023-01-17T04:33:12.145+0800: 202.053: [CMS-concurrent-preclean-start]
2023-01-17T04:33:12.188+0800: 202.096: [CMS-concurrent-preclean: 0.043/0.043 secs] [Times: user=0.12 sys=0.02, real=0.04 secs] 
2023-01-17T04:33:12.189+0800: 202.096: [CMS-concurrent-abortable-preclean-start]
2023-01-17T04:33:12.189+0800: 202.096: [CMS-concurrent-abortable-preclean: 0.000/0.000 secs] [Times: user=0.00 sys=0.00, real=0.00 secs] 
2023-01-17T04:33:12.193+0800: 202.101: [GC (CMS Final Remark) [YG occupancy: 77525 K (115200 K)]2023-01-17T04:33:12.193+0800: 202.101: [Rescan (parallel) , 0.0215828 secs]2023-01-17T04:33:12.215+0800: 202.123: [weak refs processing, 0.0000498 secs]2023-01-17T04:33:12.215+0800: 202.123: [class unloading, 0.0139039 secs]2023-01-17T04:33:12.229+0800: 202.137: [scrub symbol table, 0.0051963 secs]2023-01-17T04:33:12.234+0800: 202.142: [scrub string table, 0.0008975 secs][1 CMS-remark: 134143K(134144K)] 211669K(249344K), 0.0418760 secs] [Times: user=0.10 sys=0.00, real=0.04 secs] 
2023-01-17T04:33:12.236+0800: 202.143: [CMS-concurrent-sweep-start]
2023-01-17T04:33:12.253+0800: 202.161: [CMS-concurrent-sweep: 0.018/0.018 secs] [Times: user=0.05 sys=0.01, real=0.02 secs] 
2023-01-17T04:33:12.254+0800: 202.161: [CMS-concurrent-reset-start]
2023-01-17T04:33:12.254+0800: 202.162: [CMS-concurrent-reset: 0.000/0.000 secs] [Times: user=0.00 sys=0.00, real=0.00 secs] 
{Heap before GC invocations=285 (full 307):
 par new generation   total 115200K, used 115200K [0x00000000f0000000, 0x00000000f7d00000, 0x00000000f7d00000)
  eden space 102400K, 100% used [0x00000000f0000000, 0x00000000f6400000, 0x00000000f6400000)
  from space 12800K, 100% used [0x00000000f7080000, 0x00000000f7d00000, 0x00000000f7d00000)
  to   space 12800K,   0% used [0x00000000f6400000, 0x00000000f6400000, 0x00000000f7080000)
 concurrent mark-sweep generation total 134144K, used 133894K [0x00000000f7d00000, 0x0000000100000000, 0x0000000100000000)
 Metaspace       used 51998K, capacity 54858K, committed 55936K, reserved 1097728K
  class space    used 6332K, capacity 6829K, committed 7040K, reserved 1048576K
2023-01-17T04:33:12.657+0800: 202.565: [GC (Allocation Failure) 2023-01-17T04:33:12.658+0800: 202.565: [ParNew: 115200K->115200K(115200K), 0.0000292 secs]2023-01-17T04:33:12.658+0800: 202.565: [CMS: 133894K->134143K(134144K), 0.2054463 secs] 249094K->140205K(249344K), [Metaspace: 51998K->51998K(1097728K)], 0.2059028 secs] [Times: user=0.21 sys=0.00, real=0.21 secs] 
Heap after GC invocations=286 (full 308):
 par new generation   total 115200K, used 6061K [0x00000000f0000000, 0x00000000f7d00000, 0x00000000f7d00000)
  eden space 102400K,   5% used [0x00000000f0000000, 0x00000000f05eb7f0, 0x00000000f6400000)
  from space 12800K,   0% used [0x00000000f7080000, 0x00000000f7080000, 0x00000000f7d00000)
  to   space 12800K,   0% used [0x00000000f6400000, 0x00000000f6400000, 0x00000000f7080000)
 concurrent mark-sweep generation total 134144K, used 134143K [0x00000000f7d00000, 0x0000000100000000, 0x0000000100000000)
 Metaspace       used 51998K, capacity 54858K, committed 55936K, reserved 1097728K
  class space    used 6332K, capacity 6829K, committed 7040K, reserved 1048576K
}
2023-01-17T04:33:12.867+0800: 202.775: [GC (CMS Initial Mark) [1 CMS-initial-mark: 134143K(134144K)] 140212K(249344K), 0.0041928 secs] [Times: user=0.02 sys=0.00, real=0.01 secs] 
2023-01-17T04:33:12.871+0800: 202.779: [CMS-concurrent-mark-start]
2023-01-17T04:33:12.938+0800: 202.845: [CMS-concurrent-mark: 0.066/0.066 secs] [Times: user=0.15 sys=0.02, real=0.06 secs] 
2023-01-17T04:33:12.938+0800: 202.846: [CMS-concurrent-preclean-start]
2023-01-17T04:33:12.981+0800: 202.888: [CMS-concurrent-preclean: 0.043/0.043 secs] [Times: user=0.10 sys=0.00, real=0.05 secs] 
2023-01-17T04:33:12.981+0800: 202.889: [CMS-concurrent-abortable-preclean-start]
2023-01-17T04:33:12.981+0800: 202.889: [CMS-concurrent-abortable-preclean: 0.000/0.000 secs] [Times: user=0.00 sys=0.00, real=0.00 secs] 
2023-01-17T04:33:12.985+0800: 202.893: [GC (CMS Final Remark) [YG occupancy: 47364 K (115200 K)]2023-01-17T04:33:12.985+0800: 202.893: [Rescan (parallel) , 0.0140725 secs]2023-01-17T04:33:12.999+0800: 202.907: [weak refs processing, 0.0000430 secs]2023-01-17T04:33:12.999+0800: 202.907: [class unloading, 0.0131222 secs]2023-01-17T04:33:13.012+0800: 202.920: [scrub symbol table, 0.0051354 secs]2023-01-17T04:33:13.018+0800: 202.925: [scrub string table, 0.0008874 secs][1 CMS-remark: 134143K(134144K)] 181508K(249344K), 0.0334487 secs] [Times: user=0.08 sys=0.00, real=0.03 secs] 
2023-01-17T04:33:13.019+0800: 202.927: [CMS-concurrent-sweep-start]
2023-01-17T04:33:13.037+0800: 202.945: [CMS-concurrent-sweep: 0.019/0.019 secs] [Times: user=0.05 sys=0.01, real=0.02 secs] 
2023-01-17T04:33:13.038+0800: 202.945: [CMS-concurrent-reset-start]
2023-01-17T04:33:13.038+0800: 202.946: [CMS-concurrent-reset: 0.000/0.000 secs] [Times: user=0.00 sys=0.00, real=0.00 secs] 
{Heap before GC invocations=286 (full 309):
 par new generation   total 115200K, used 115199K [0x00000000f0000000, 0x00000000f7d00000, 0x00000000f7d00000)
  eden space 102400K, 100% used [0x00000000f0000000, 0x00000000f6400000, 0x00000000f6400000)
  from space 12800K,  99% used [0x00000000f7080000, 0x00000000f7cffff8, 0x00000000f7d00000)
  to   space 12800K,   0% used [0x00000000f6400000, 0x00000000f6400000, 0x00000000f7080000)
 concurrent mark-sweep generation total 134144K, used 134079K [0x00000000f7d00000, 0x0000000100000000, 0x0000000100000000)
 Metaspace       used 51998K, capacity 54858K, committed 55936K, reserved 1097728K
  class space    used 6332K, capacity 6829K, committed 7040K, reserved 1048576K
2023-01-17T04:33:13.388+0800: 203.296: [GC (Allocation Failure) 2023-01-17T04:33:13.389+0800: 203.296: [ParNew: 115199K->115199K(115200K), 0.0000281 secs]2023-01-17T04:33:13.389+0800: 203.296: [CMS: 134079K->134143K(134144K), 0.1873013 secs] 249279K->140108K(249344K), [Metaspace: 51998K->51998K(1097728K)], 0.1877374 secs] [Times: user=0.19 sys=0.00, real=0.19 secs] 
Heap after GC invocations=287 (full 310):
 par new generation   total 115200K, used 5964K [0x00000000f0000000, 0x00000000f7d00000, 0x00000000f7d00000)
  eden space 102400K,   5% used [0x00000000f0000000, 0x00000000f05d3358, 0x00000000f6400000)
  from space 12800K,   0% used [0x00000000f7080000, 0x00000000f7080000, 0x00000000f7d00000)
  to   space 12800K,   0% used [0x00000000f6400000, 0x00000000f6400000, 0x00000000f7080000)
 concurrent mark-sweep generation total 134144K, used 134143K [0x00000000f7d00000, 0x0000000100000000, 0x0000000100000000)
 Metaspace       used 51998K, capacity 54858K, committed 55936K, reserved 1097728K
  class space    used 6332K, capacity 6829K, committed 7040K, reserved 1048576K
}
2023-01-17T04:33:13.586+0800: 203.494: [GC (CMS Initial Mark) [1 CMS-initial-mark: 134143K(134144K)] 143423K(249344K), 0.0070739 secs] [Times: user=0.02 sys=0.00, real=0.01 secs] 
2023-01-17T04:33:13.593+0800: 203.501: [CMS-concurrent-mark-start]
2023-01-17T04:33:13.694+0800: 203.601: [CMS-concurrent-mark: 0.100/0.100 secs] [Times: user=0.23 sys=0.04, real=0.10 secs] 
2023-01-17T04:33:13.694+0800: 203.602: [CMS-concurrent-preclean-start]
2023-01-17T04:33:13.751+0800: 203.658: [CMS-concurrent-preclean: 0.057/0.057 secs] [Times: user=0.09 sys=0.01, real=0.06 secs] 
2023-01-17T04:33:13.751+0800: 203.659: [CMS-concurrent-abortable-preclean-start]
2023-01-17T04:33:13.751+0800: 203.659: [CMS-concurrent-abortable-preclean: 0.000/0.000 secs] [Times: user=0.00 sys=0.00, real=0.00 secs] 
2023-01-17T04:33:13.755+0800: 203.663: [GC (CMS Final Remark) [YG occupancy: 72258 K (115200 K)]2023-01-17T04:33:13.755+0800: 203.663: [Rescan (parallel) , 0.0234098 secs]2023-01-17T04:33:13.778+0800: 203.686: [weak refs processing, 0.0000465 secs]2023-01-17T04:33:13.778+0800: 203.686: [class unloading, 0.0135614 secs]2023-01-17T04:33:13.792+0800: 203.700: [scrub symbol table, 0.0052313 secs]2023-01-17T04:33:13.797+0800: 203.705: [scrub string table, 0.0008986 secs][1 CMS-remark: 134143K(134144K)] 206402K(249344K), 0.0433755 secs] [Times: user=0.10 sys=0.00, real=0.04 secs] 
2023-01-17T04:33:13.799+0800: 203.707: [CMS-concurrent-sweep-start]
2023-01-17T04:33:13.816+0800: 203.724: [CMS-concurrent-sweep: 0.017/0.017 secs] [Times: user=0.04 sys=0.00, real=0.02 secs] 
2023-01-17T04:33:13.816+0800: 203.724: [CMS-concurrent-reset-start]
2023-01-17T04:33:13.817+0800: 203.724: [CMS-concurrent-reset: 0.000/0.000 secs] [Times: user=0.00 sys=0.00, real=0.00 secs] 
{Heap before GC invocations=287 (full 311):
 par new generation   total 115200K, used 115199K [0x00000000f0000000, 0x00000000f7d00000, 0x00000000f7d00000)
  eden space 102400K, 100% used [0x00000000f0000000, 0x00000000f6400000, 0x00000000f6400000)
  from space 12800K,  99% used [0x00000000f7080000, 0x00000000f7cffff0, 0x00000000f7d00000)
  to   space 12800K,   0% used [0x00000000f6400000, 0x00000000f6400000, 0x00000000f7080000)
 concurrent mark-sweep generation total 134144K, used 134026K [0x00000000f7d00000, 0x0000000100000000, 0x0000000100000000)
 Metaspace       used 52003K, capacity 54858K, committed 55936K, reserved 1097728K
  class space    used 6332K, capacity 6829K, committed 7040K, reserved 1048576K
2023-01-17T04:33:14.133+0800: 204.041: [GC (Allocation Failure) 2023-01-17T04:33:14.133+0800: 204.041: [ParNew: 115199K->115199K(115200K), 0.0000322 secs]2023-01-17T04:33:14.133+0800: 204.041: [CMS: 134026K->134144K(134144K), 0.1866277 secs] 249226K->140210K(249344K), [Metaspace: 52003K->52003K(1097728K)], 0.1870715 secs] [Times: user=0.19 sys=0.00, real=0.19 secs] 
Heap after GC invocations=288 (full 312):
 par new generation   total 115200K, used 6066K [0x00000000f0000000, 0x00000000f7d00000, 0x00000000f7d00000)
  eden space 102400K,   5% used [0x00000000f0000000, 0x00000000f05ec840, 0x00000000f6400000)
  from space 12800K,   0% used [0x00000000f7080000, 0x00000000f7080000, 0x00000000f7d00000)
  to   space 12800K,   0% used [0x00000000f6400000, 0x00000000f6400000, 0x00000000f7080000)
 concurrent mark-sweep generation total 134144K, used 134144K [0x00000000f7d00000, 0x0000000100000000, 0x0000000100000000)
 Metaspace       used 52003K, capacity 54858K, committed 55936K, reserved 1097728K
  class space    used 6332K, capacity 6829K, committed 7040K, reserved 1048576K
}
2023-01-17T04:33:14.326+0800: 204.234: [GC (CMS Initial Mark) [1 CMS-initial-mark: 134144K(134144K)] 141407K(249344K), 0.0046749 secs] [Times: user=0.02 sys=0.00, real=0.01 secs] 
2023-01-17T04:33:14.331+0800: 204.239: [CMS-concurrent-mark-start]
2023-01-17T04:33:14.393+0800: 204.301: [CMS-concurrent-mark: 0.062/0.062 secs] [Times: user=0.19 sys=0.01, real=0.06 secs] 
2023-01-17T04:33:14.393+0800: 204.301: [CMS-concurrent-preclean-start]
2023-01-17T04:33:14.429+0800: 204.337: [CMS-concurrent-preclean: 0.036/0.036 secs] [Times: user=0.10 sys=0.01, real=0.03 secs] 
2023-01-17T04:33:14.429+0800: 204.337: [CMS-concurrent-abortable-preclean-start]
2023-01-17T04:33:14.429+0800: 204.337: [CMS-concurrent-abortable-preclean: 0.000/0.000 secs] [Times: user=0.00 sys=0.00, real=0.00 secs] 
2023-01-17T04:33:14.433+0800: 204.341: [GC (CMS Final Remark) [YG occupancy: 53652 K (115200 K)]2023-01-17T04:33:14.434+0800: 204.341: [Rescan (parallel) , 0.0159090 secs]2023-01-17T04:33:14.449+0800: 204.357: [weak refs processing, 0.0000645 secs]2023-01-17T04:33:14.450+0800: 204.357: [class unloading, 0.0137038 secs]2023-01-17T04:33:14.463+0800: 204.371: [scrub symbol table, 0.0051711 secs]2023-01-17T04:33:14.468+0800: 204.376: [scrub string table, 0.0008659 secs][1 CMS-remark: 134144K(134144K)] 187796K(249344K), 0.0359199 secs] [Times: user=0.08 sys=0.00, real=0.03 secs] 
2023-01-17T04:33:14.470+0800: 204.377: [CMS-concurrent-sweep-start]
2023-01-17T04:33:14.488+0800: 204.396: [CMS-concurrent-sweep: 0.018/0.018 secs] [Times: user=0.05 sys=0.00, real=0.01 secs] 
2023-01-17T04:33:14.488+0800: 204.396: [CMS-concurrent-reset-start]
2023-01-17T04:33:14.488+0800: 204.396: [CMS-concurrent-reset: 0.000/0.000 secs] [Times: user=0.01 sys=0.00, real=0.00 secs] 
{Heap before GC invocations=288 (full 313):
 par new generation   total 115200K, used 115199K [0x00000000f0000000, 0x00000000f7d00000, 0x00000000f7d00000)
  eden space 102400K, 100% used [0x00000000f0000000, 0x00000000f6400000, 0x00000000f6400000)
  from space 12800K,  99% used [0x00000000f7080000, 0x00000000f7cffff8, 0x00000000f7d00000)
  to   space 12800K,   0% used [0x00000000f6400000, 0x00000000f6400000, 0x00000000f7080000)
 concurrent mark-sweep generation total 134144K, used 133945K [0x00000000f7d00000, 0x0000000100000000, 0x0000000100000000)
 Metaspace       used 52003K, capacity 54858K, committed 55936K, reserved 1097728K
  class space    used 6332K, capacity 6829K, committed 7040K, reserved 1048576K
2023-01-17T04:33:14.844+0800: 204.751: [GC (Allocation Failure) 2023-01-17T04:33:14.844+0800: 204.752: [ParNew: 115199K->115199K(115200K), 0.0000274 secs]2023-01-17T04:33:14.844+0800: 204.752: [CMS: 133945K->134143K(134144K), 0.2046028 secs] 249145K->140196K(249344K), [Metaspace: 52003K->52003K(1097728K)], 0.2050218 secs] [Times: user=0.21 sys=0.00, real=0.20 secs] 
Heap after GC invocations=289 (full 314):
 par new generation   total 115200K, used 6052K [0x00000000f0000000, 0x00000000f7d00000, 0x00000000f7d00000)
  eden space 102400K,   5% used [0x00000000f0000000, 0x00000000f05e9120, 0x00000000f6400000)
  from space 12800K,   0% used [0x00000000f7080000, 0x00000000f7080000, 0x00000000f7d00000)
  to   space 12800K,   0% used [0x00000000f6400000, 0x00000000f6400000, 0x00000000f7080000)
 concurrent mark-sweep generation total 134144K, used 134143K [0x00000000f7d00000, 0x0000000100000000, 0x0000000100000000)
 Metaspace       used 52003K, capacity 54858K, committed 55936K, reserved 1097728K
  class space    used 6332K, capacity 6829K, committed 7040K, reserved 1048576K
}
2023-01-17T04:33:15.054+0800: 204.962: [GC (CMS Initial Mark) [1 CMS-initial-mark: 134143K(134144K)] 141096K(249344K), 0.0043750 secs] [Times: user=0.01 sys=0.00, real=0.00 secs] 
2023-01-17T04:33:15.058+0800: 204.966: [CMS-concurrent-mark-start]
2023-01-17T04:33:15.128+0800: 205.036: [CMS-concurrent-mark: 0.070/0.070 secs] [Times: user=0.21 sys=0.03, real=0.07 secs] 
2023-01-17T04:33:15.129+0800: 205.036: [CMS-concurrent-preclean-start]
2023-01-17T04:33:15.171+0800: 205.079: [CMS-concurrent-preclean: 0.042/0.042 secs] [Times: user=0.09 sys=0.02, real=0.05 secs] 
2023-01-17T04:33:15.171+0800: 205.079: [CMS-concurrent-abortable-preclean-start]
2023-01-17T04:33:15.171+0800: 205.079: [CMS-concurrent-abortable-preclean: 0.000/0.000 secs] [Times: user=0.00 sys=0.00, real=0.00 secs] 
2023-01-17T04:33:15.176+0800: 205.084: [GC (CMS Final Remark) [YG occupancy: 68626 K (115200 K)]2023-01-17T04:33:15.176+0800: 205.084: [Rescan (parallel) , 0.0187762 secs]2023-01-17T04:33:15.195+0800: 205.102: [weak refs processing, 0.0000587 secs]2023-01-17T04:33:15.195+0800: 205.103: [class unloading, 0.0132763 secs]2023-01-17T04:33:15.208+0800: 205.116: [scrub symbol table, 0.0051549 secs]2023-01-17T04:33:15.213+0800: 205.121: [scrub string table, 0.0008663 secs][1 CMS-remark: 134143K(134144K)] 202770K(249344K), 0.0383192 secs] [Times: user=0.10 sys=0.00, real=0.04 secs] 
2023-01-17T04:33:15.215+0800: 205.122: [CMS-concurrent-sweep-start]
2023-01-17T04:33:15.234+0800: 205.142: [CMS-concurrent-sweep: 0.019/0.019 secs] [Times: user=0.05 sys=0.00, real=0.02 secs] 
2023-01-17T04:33:15.234+0800: 205.142: [CMS-concurrent-reset-start]
2023-01-17T04:33:15.234+0800: 205.142: [CMS-concurrent-reset: 0.000/0.000 secs] [Times: user=0.01 sys=0.00, real=0.00 secs] 
{Heap before GC invocations=289 (full 315):
 par new generation   total 115200K, used 115199K [0x00000000f0000000, 0x00000000f7d00000, 0x00000000f7d00000)
  eden space 102400K, 100% used [0x00000000f0000000, 0x00000000f6400000, 0x00000000f6400000)
  from space 12800K,  99% used [0x00000000f7080000, 0x00000000f7cffff0, 0x00000000f7d00000)
  to   space 12800K,   0% used [0x00000000f6400000, 0x00000000f6400000, 0x00000000f7080000)
 concurrent mark-sweep generation total 134144K, used 134004K [0x00000000f7d00000, 0x0000000100000000, 0x0000000100000000)
 Metaspace       used 52003K, capacity 54858K, committed 55936K, reserved 1097728K
  class space    used 6332K, capacity 6829K, committed 7040K, reserved 1048576K
2023-01-17T04:33:15.581+0800: 205.489: [GC (Allocation Failure) 2023-01-17T04:33:15.581+0800: 205.489: [ParNew: 115199K->115199K(115200K), 0.0000311 secs]2023-01-17T04:33:15.581+0800: 205.489: [CMS: 134004K->134143K(134144K), 0.1880623 secs] 249204K->140222K(249344K), [Metaspace: 52003K->52003K(1097728K)], 0.1884838 secs] [Times: user=0.20 sys=0.00, real=0.18 secs] 
Heap after GC invocations=290 (full 316):
 par new generation   total 115200K, used 6078K [0x00000000f0000000, 0x00000000f7d00000, 0x00000000f7d00000)
  eden space 102400K,   5% used [0x00000000f0000000, 0x00000000f05efa30, 0x00000000f6400000)
  from space 12800K,   0% used [0x00000000f7080000, 0x00000000f7080000, 0x00000000f7d00000)
  to   space 12800K,   0% used [0x00000000f6400000, 0x00000000f6400000, 0x00000000f7080000)
 concurrent mark-sweep generation total 134144K, used 134143K [0x00000000f7d00000, 0x0000000100000000, 0x0000000100000000)
 Metaspace       used 52003K, capacity 54858K, committed 55936K, reserved 1097728K
  class space    used 6332K, capacity 6829K, committed 7040K, reserved 1048576K
}
2023-01-17T04:33:15.776+0800: 205.683: [GC (CMS Initial Mark) [1 CMS-initial-mark: 134143K(134144K)] 141810K(249344K), 0.0053932 secs] [Times: user=0.01 sys=0.00, real=0.01 secs] 
2023-01-17T04:33:15.781+0800: 205.689: [CMS-concurrent-mark-start]
2023-01-17T04:33:15.849+0800: 205.757: [CMS-concurrent-mark: 0.068/0.068 secs] [Times: user=0.21 sys=0.02, real=0.06 secs] 
2023-01-17T04:33:15.849+0800: 205.757: [CMS-concurrent-preclean-start]
2023-01-17T04:33:15.892+0800: 205.800: [CMS-concurrent-preclean: 0.043/0.043 secs] [Times: user=0.12 sys=0.02, real=0.05 secs] 
2023-01-17T04:33:15.892+0800: 205.800: [CMS-concurrent-abortable-preclean-start]
2023-01-17T04:33:15.892+0800: 205.800: [CMS-concurrent-abortable-preclean: 0.000/0.000 secs] [Times: user=0.00 sys=0.00, real=0.00 secs] 
2023-01-17T04:33:15.897+0800: 205.804: [GC (CMS Final Remark) [YG occupancy: 73318 K (115200 K)]2023-01-17T04:33:15.897+0800: 205.805: [Rescan (parallel) , 0.0208720 secs]2023-01-17T04:33:15.918+0800: 205.825: [weak refs processing, 0.0000608 secs]2023-01-17T04:33:15.918+0800: 205.825: [class unloading, 0.0139220 secs]2023-01-17T04:33:15.932+0800: 205.839: [scrub symbol table, 0.0051397 secs]2023-01-17T04:33:15.937+0800: 205.845: [scrub string table, 0.0008751 secs][1 CMS-remark: 134143K(134144K)] 207462K(249344K), 0.0411054 secs] [Times: user=0.11 sys=0.00, real=0.04 secs] 
2023-01-17T04:33:15.938+0800: 205.846: [CMS-concurrent-sweep-start]
2023-01-17T04:33:15.959+0800: 205.867: [CMS-concurrent-sweep: 0.020/0.020 secs] [Times: user=0.05 sys=0.02, real=0.02 secs] 
2023-01-17T04:33:15.959+0800: 205.867: [CMS-concurrent-reset-start]
2023-01-17T04:33:15.959+0800: 205.867: [CMS-concurrent-reset: 0.000/0.000 secs] [Times: user=0.00 sys=0.00, real=0.00 secs] 
{Heap before GC invocations=290 (full 317):
 par new generation   total 115200K, used 115194K [0x00000000f0000000, 0x00000000f7d00000, 0x00000000f7d00000)
  eden space 102400K, 100% used [0x00000000f0000000, 0x00000000f6400000, 0x00000000f6400000)
  from space 12800K,  99% used [0x00000000f7080000, 0x00000000f7cfe9d0, 0x00000000f7d00000)
  to   space 12800K,   0% used [0x00000000f6400000, 0x00000000f6400000, 0x00000000f7080000)
 concurrent mark-sweep generation total 134144K, used 134035K [0x00000000f7d00000, 0x0000000100000000, 0x0000000100000000)
 Metaspace       used 52003K, capacity 54858K, committed 55936K, reserved 1097728K
  class space    used 6332K, capacity 6829K, committed 7040K, reserved 1048576K
2023-01-17T04:33:16.386+0800: 206.294: [GC (Allocation Failure) 2023-01-17T04:33:16.387+0800: 206.295: [ParNew: 115194K->115194K(115200K), 0.0003458 secs]2023-01-17T04:33:16.387+0800: 206.295: [CMS: 134035K->134143K(134144K), 0.2060049 secs] 249230K->140207K(249344K), [Metaspace: 52003K->52003K(1097728K)], 0.2067731 secs] [Times: user=0.21 sys=0.00, real=0.21 secs] 
Heap after GC invocations=291 (full 318):
 par new generation   total 115200K, used 6064K [0x00000000f0000000, 0x00000000f7d00000, 0x00000000f7d00000)
  eden space 102400K,   5% used [0x00000000f0000000, 0x00000000f05ec000, 0x00000000f6400000)
  from space 12800K,   0% used [0x00000000f7080000, 0x00000000f7080000, 0x00000000f7d00000)
  to   space 12800K,   0% used [0x00000000f6400000, 0x00000000f6400000, 0x00000000f7080000)
 concurrent mark-sweep generation total 134144K, used 134143K [0x00000000f7d00000, 0x0000000100000000, 0x0000000100000000)
 Metaspace       used 52003K, capacity 54858K, committed 55936K, reserved 1097728K
  class space    used 6332K, capacity 6829K, committed 7040K, reserved 1048576K
}
2023-01-17T04:33:16.598+0800: 206.506: [GC (CMS Initial Mark) [1 CMS-initial-mark: 134143K(134144K)] 140407K(249344K), 0.0044341 secs] [Times: user=0.01 sys=0.00, real=0.01 secs] 
2023-01-17T04:33:16.603+0800: 206.510: [CMS-concurrent-mark-start]
2023-01-17T04:33:16.671+0800: 206.579: [CMS-concurrent-mark: 0.069/0.069 secs] [Times: user=0.17 sys=0.03, real=0.07 secs] 
2023-01-17T04:33:16.672+0800: 206.579: [CMS-concurrent-preclean-start]
2023-01-17T04:33:16.722+0800: 206.630: [CMS-concurrent-preclean: 0.050/0.050 secs] [Times: user=0.14 sys=0.03, real=0.05 secs] 
2023-01-17T04:33:16.722+0800: 206.630: [CMS-concurrent-abortable-preclean-start]
2023-01-17T04:33:16.722+0800: 206.630: [CMS-concurrent-abortable-preclean: 0.000/0.000 secs] [Times: user=0.00 sys=0.00, real=0.00 secs] 
2023-01-17T04:33:16.726+0800: 206.634: [GC (CMS Final Remark) [YG occupancy: 63771 K (115200 K)]2023-01-17T04:33:16.726+0800: 206.634: [Rescan (parallel) , 0.0190680 secs]2023-01-17T04:33:16.746+0800: 206.653: [weak refs processing, 0.0000486 secs]2023-01-17T04:33:16.746+0800: 206.653: [class unloading, 0.0135441 secs]2023-01-17T04:33:16.759+0800: 206.667: [scrub symbol table, 0.0052043 secs]2023-01-17T04:33:16.764+0800: 206.672: [scrub string table, 0.0008981 secs][1 CMS-remark: 134143K(134144K)] 197915K(249344K), 0.0389754 secs] [Times: user=0.10 sys=0.00, real=0.04 secs] 
2023-01-17T04:33:16.766+0800: 206.674: [CMS-concurrent-sweep-start]
2023-01-17T04:33:16.787+0800: 206.695: [CMS-concurrent-sweep: 0.021/0.021 secs] [Times: user=0.05 sys=0.01, real=0.02 secs] 
2023-01-17T04:33:16.787+0800: 206.695: [CMS-concurrent-reset-start]
2023-01-17T04:33:16.788+0800: 206.696: [CMS-concurrent-reset: 0.001/0.001 secs] [Times: user=0.01 sys=0.00, real=0.00 secs] 
{Heap before GC invocations=291 (full 319):
 par new generation   total 115200K, used 115199K [0x00000000f0000000, 0x00000000f7d00000, 0x00000000f7d00000)
  eden space 102400K, 100% used [0x00000000f0000000, 0x00000000f6400000, 0x00000000f6400000)
  from space 12800K,  99% used [0x00000000f7080000, 0x00000000f7cffff8, 0x00000000f7d00000)
  to   space 12800K,   0% used [0x00000000f6400000, 0x00000000f6400000, 0x00000000f7080000)
 concurrent mark-sweep generation total 134144K, used 134080K [0x00000000f7d00000, 0x0000000100000000, 0x0000000100000000)
 Metaspace       used 52007K, capacity 54858K, committed 55936K, reserved 1097728K
  class space    used 6332K, capacity 6829K, committed 7040K, reserved 1048576K
2023-01-17T04:33:17.124+0800: 207.032: [GC (Allocation Failure) 2023-01-17T04:33:17.125+0800: 207.032: [ParNew: 115199K->115199K(115200K), 0.0000291 secs]2023-01-17T04:33:17.125+0800: 207.032: [CMS: 134080K->134143K(134144K), 0.1880088 secs] 249280K->140152K(249344K), [Metaspace: 52007K->52007K(1097728K)], 0.1884682 secs] [Times: user=0.19 sys=0.00, real=0.19 secs] 
Heap after GC invocations=292 (full 320):
 par new generation   total 115200K, used 6008K [0x00000000f0000000, 0x00000000f7d00000, 0x00000000f7d00000)
  eden space 102400K,   5% used [0x00000000f0000000, 0x00000000f05de210, 0x00000000f6400000)
  from space 12800K,   0% used [0x00000000f7080000, 0x00000000f7080000, 0x00000000f7d00000)
  to   space 12800K,   0% used [0x00000000f6400000, 0x00000000f6400000, 0x00000000f7080000)
 concurrent mark-sweep generation total 134144K, used 134143K [0x00000000f7d00000, 0x0000000100000000, 0x0000000100000000)
 Metaspace       used 52007K, capacity 54858K, committed 55936K, reserved 1097728K
  class space    used 6332K, capacity 6829K, committed 7040K, reserved 1048576K
}
2023-01-17T04:33:17.329+0800: 207.237: [GC (CMS Initial Mark) [1 CMS-initial-mark: 134143K(134144K)] 147820K(249344K), 0.0088063 secs] [Times: user=0.02 sys=0.00, real=0.01 secs] 
2023-01-17T04:33:17.338+0800: 207.246: [CMS-concurrent-mark-start]
2023-01-17T04:33:17.419+0800: 207.327: [CMS-concurrent-mark: 0.081/0.081 secs] [Times: user=0.19 sys=0.03, real=0.08 secs] 
2023-01-17T04:33:17.419+0800: 207.327: [CMS-concurrent-preclean-start]
2023-01-17T04:33:17.455+0800: 207.363: [CMS-concurrent-preclean: 0.036/0.036 secs] [Times: user=0.10 sys=0.01, real=0.04 secs] 
2023-01-17T04:33:17.456+0800: 207.363: [CMS-concurrent-abortable-preclean-start]
2023-01-17T04:33:17.456+0800: 207.363: [CMS-concurrent-abortable-preclean: 0.000/0.000 secs] [Times: user=0.00 sys=0.00, real=0.00 secs] 
2023-01-17T04:33:17.460+0800: 207.368: [GC (CMS Final Remark) [YG occupancy: 69806 K (115200 K)]2023-01-17T04:33:17.460+0800: 207.368: [Rescan (parallel) , 0.0205532 secs]2023-01-17T04:33:17.481+0800: 207.388: [weak refs processing, 0.0000438 secs]2023-01-17T04:33:17.481+0800: 207.389: [class unloading, 0.0137908 secs]2023-01-17T04:33:17.495+0800: 207.402: [scrub symbol table, 0.0051525 secs]2023-01-17T04:33:17.500+0800: 207.407: [scrub string table, 0.0008742 secs][1 CMS-remark: 134143K(134144K)] 203950K(249344K), 0.0406463 secs] [Times: user=0.11 sys=0.00, real=0.04 secs] 
2023-01-17T04:33:17.501+0800: 207.409: [CMS-concurrent-sweep-start]
2023-01-17T04:33:17.518+0800: 207.426: [CMS-concurrent-sweep: 0.017/0.017 secs] [Times: user=0.04 sys=0.00, real=0.01 secs] 
2023-01-17T04:33:17.519+0800: 207.426: [CMS-concurrent-reset-start]
2023-01-17T04:33:17.519+0800: 207.427: [CMS-concurrent-reset: 0.000/0.000 secs] [Times: user=0.00 sys=0.00, real=0.00 secs] 
{Heap before GC invocations=292 (full 321):
 par new generation   total 115200K, used 115199K [0x00000000f0000000, 0x00000000f7d00000, 0x00000000f7d00000)
  eden space 102400K, 100% used [0x00000000f0000000, 0x00000000f6400000, 0x00000000f6400000)
  from space 12800K,  99% used [0x00000000f7080000, 0x00000000f7cffff0, 0x00000000f7d00000)
  to   space 12800K,   0% used [0x00000000f6400000, 0x00000000f6400000, 0x00000000f7080000)
 concurrent mark-sweep generation total 134144K, used 134098K [0x00000000f7d00000, 0x0000000100000000, 0x0000000100000000)
 Metaspace       used 52007K, capacity 54858K, committed 55936K, reserved 1097728K
  class space    used 6332K, capacity 6829K, committed 7040K, reserved 1048576K
2023-01-17T04:33:17.840+0800: 207.748: [GC (Allocation Failure) 2023-01-17T04:33:17.841+0800: 207.748: [ParNew: 115199K->115199K(115200K), 0.0000272 secs]2023-01-17T04:33:17.841+0800: 207.748: [CMS: 134098K->134144K(134144K), 0.1872946 secs] 249298K->140219K(249344K), [Metaspace: 52007K->52007K(1097728K)], 0.1877452 secs] [Times: user=0.19 sys=0.00, real=0.18 secs] 
Heap after GC invocations=293 (full 322):
 par new generation   total 115200K, used 6075K [0x00000000f0000000, 0x00000000f7d00000, 0x00000000f7d00000)
  eden space 102400K,   5% used [0x00000000f0000000, 0x00000000f05eeca8, 0x00000000f6400000)
  from space 12800K,   0% used [0x00000000f7080000, 0x00000000f7080000, 0x00000000f7d00000)
  to   space 12800K,   0% used [0x00000000f6400000, 0x00000000f6400000, 0x00000000f7080000)
 concurrent mark-sweep generation total 134144K, used 134144K [0x00000000f7d00000, 0x0000000100000000, 0x0000000100000000)
 Metaspace       used 52007K, capacity 54858K, committed 55936K, reserved 1097728K
  class space    used 6332K, capacity 6829K, committed 7040K, reserved 1048576K
}
2023-01-17T04:33:18.035+0800: 207.943: [GC (CMS Initial Mark) [1 CMS-initial-mark: 134144K(134144K)] 143174K(249344K), 0.0052120 secs] [Times: user=0.02 sys=0.00, real=0.01 secs] 
2023-01-17T04:33:18.041+0800: 207.949: [CMS-concurrent-mark-start]
2023-01-17T04:33:18.111+0800: 208.019: [CMS-concurrent-mark: 0.070/0.070 secs] [Times: user=0.19 sys=0.03, real=0.07 secs] 
2023-01-17T04:33:18.112+0800: 208.019: [CMS-concurrent-preclean-start]
2023-01-17T04:33:18.156+0800: 208.064: [CMS-concurrent-preclean: 0.045/0.045 secs] [Times: user=0.10 sys=0.01, real=0.04 secs] 
2023-01-17T04:33:18.157+0800: 208.064: [CMS-concurrent-abortable-preclean-start]
2023-01-17T04:33:18.157+0800: 208.064: [CMS-concurrent-abortable-preclean: 0.000/0.000 secs] [Times: user=0.00 sys=0.00, real=0.00 secs] 
2023-01-17T04:33:18.164+0800: 208.072: [GC (CMS Final Remark) [YG occupancy: 67279 K (115200 K)]2023-01-17T04:33:18.165+0800: 208.072: [Rescan (parallel) , 0.0206019 secs]2023-01-17T04:33:18.185+0800: 208.093: [weak refs processing, 0.0000454 secs]2023-01-17T04:33:18.185+0800: 208.093: [class unloading, 0.0139335 secs]2023-01-17T04:33:18.199+0800: 208.107: [scrub symbol table, 0.0050546 secs]2023-01-17T04:33:18.204+0800: 208.112: [scrub string table, 0.0008537 secs][1 CMS-remark: 134144K(134144K)] 201423K(249344K), 0.0407357 secs] [Times: user=0.11 sys=0.00, real=0.04 secs] 
2023-01-17T04:33:18.206+0800: 208.113: [CMS-concurrent-sweep-start]
2023-01-17T04:33:18.224+0800: 208.131: [CMS-concurrent-sweep: 0.018/0.018 secs] [Times: user=0.04 sys=0.01, real=0.02 secs] 
2023-01-17T04:33:18.224+0800: 208.132: [CMS-concurrent-reset-start]
2023-01-17T04:33:18.224+0800: 208.132: [CMS-concurrent-reset: 0.000/0.000 secs] [Times: user=0.00 sys=0.00, real=0.00 secs] 
{Heap before GC invocations=293 (full 323):
 par new generation   total 115200K, used 115199K [0x00000000f0000000, 0x00000000f7d00000, 0x00000000f7d00000)
  eden space 102400K, 100% used [0x00000000f0000000, 0x00000000f6400000, 0x00000000f6400000)
  from space 12800K,  99% used [0x00000000f7080000, 0x00000000f7cfffe8, 0x00000000f7d00000)
  to   space 12800K,   0% used [0x00000000f6400000, 0x00000000f6400000, 0x00000000f7080000)
 concurrent mark-sweep generation total 134144K, used 133869K [0x00000000f7d00000, 0x0000000100000000, 0x0000000100000000)
 Metaspace       used 52007K, capacity 54858K, committed 55936K, reserved 1097728K
  class space    used 6332K, capacity 6829K, committed 7040K, reserved 1048576K
2023-01-17T04:33:18.585+0800: 208.493: [GC (Allocation Failure) 2023-01-17T04:33:18.585+0800: 208.493: [ParNew: 115199K->115199K(115200K), 0.0000291 secs]2023-01-17T04:33:18.585+0800: 208.493: [CMS: 133869K->134143K(134144K), 0.2087767 secs] 249069K->140226K(249344K), [Metaspace: 52007K->52007K(1097728K)], 0.2092149 secs] [Times: user=0.21 sys=0.00, real=0.21 secs] 
Heap after GC invocations=294 (full 324):
 par new generation   total 115200K, used 6082K [0x00000000f0000000, 0x00000000f7d00000, 0x00000000f7d00000)
  eden space 102400K,   5% used [0x00000000f0000000, 0x00000000f05f0a58, 0x00000000f6400000)
  from space 12800K,   0% used [0x00000000f7080000, 0x00000000f7080000, 0x00000000f7d00000)
  to   space 12800K,   0% used [0x00000000f6400000, 0x00000000f6400000, 0x00000000f7080000)
 concurrent mark-sweep generation total 134144K, used 134143K [0x00000000f7d00000, 0x0000000100000000, 0x0000000100000000)
 Metaspace       used 52007K, capacity 54858K, committed 55936K, reserved 1097728K
  class space    used 6332K, capacity 6829K, committed 7040K, reserved 1048576K
}
2023-01-17T04:33:18.799+0800: 208.706: [GC (CMS Initial Mark) [1 CMS-initial-mark: 134143K(134144K)] 140563K(249344K), 0.0043092 secs] [Times: user=0.01 sys=0.00, real=0.01 secs] 
2023-01-17T04:33:18.803+0800: 208.711: [CMS-concurrent-mark-start]
2023-01-17T04:33:18.882+0800: 208.790: [CMS-concurrent-mark: 0.079/0.079 secs] [Times: user=0.26 sys=0.03, real=0.08 secs] 
2023-01-17T04:33:18.883+0800: 208.790: [CMS-concurrent-preclean-start]
2023-01-17T04:33:18.930+0800: 208.838: [CMS-concurrent-preclean: 0.047/0.047 secs] [Times: user=0.16 sys=0.02, real=0.05 secs] 
2023-01-17T04:33:18.930+0800: 208.838: [CMS-concurrent-abortable-preclean-start]
2023-01-17T04:33:18.930+0800: 208.838: [CMS-concurrent-abortable-preclean: 0.000/0.000 secs] [Times: user=0.00 sys=0.00, real=0.00 secs] 
2023-01-17T04:33:18.934+0800: 208.842: [GC (CMS Final Remark) [YG occupancy: 90861 K (115200 K)]2023-01-17T04:33:18.934+0800: 208.842: [Rescan (parallel) , 0.0255468 secs]2023-01-17T04:33:18.960+0800: 208.868: [weak refs processing, 0.0000456 secs]2023-01-17T04:33:18.960+0800: 208.868: [class unloading, 0.0135329 secs]2023-01-17T04:33:18.974+0800: 208.881: [scrub symbol table, 0.0052536 secs]2023-01-17T04:33:18.979+0800: 208.887: [scrub string table, 0.0009236 secs][1 CMS-remark: 134143K(134144K)] 225005K(249344K), 0.0455328 secs] [Times: user=0.12 sys=0.00, real=0.05 secs] 
2023-01-17T04:33:18.980+0800: 208.888: [CMS-concurrent-sweep-start]
2023-01-17T04:33:18.997+0800: 208.905: [CMS-concurrent-sweep: 0.017/0.017 secs] [Times: user=0.05 sys=0.02, real=0.01 secs] 
2023-01-17T04:33:18.997+0800: 208.905: [CMS-concurrent-reset-start]
2023-01-17T04:33:18.997+0800: 208.905: [CMS-concurrent-reset: 0.000/0.000 secs] [Times: user=0.00 sys=0.00, real=0.00 secs] 
{Heap before GC invocations=294 (full 325):
 par new generation   total 115200K, used 115195K [0x00000000f0000000, 0x00000000f7d00000, 0x00000000f7d00000)
  eden space 102400K, 100% used [0x00000000f0000000, 0x00000000f6400000, 0x00000000f6400000)
  from space 12800K,  99% used [0x00000000f7080000, 0x00000000f7cfec88, 0x00000000f7d00000)
  to   space 12800K,   0% used [0x00000000f6400000, 0x00000000f6400000, 0x00000000f7080000)
 concurrent mark-sweep generation total 134144K, used 134009K [0x00000000f7d00000, 0x0000000100000000, 0x0000000100000000)
 Metaspace       used 52008K, capacity 54858K, committed 55936K, reserved 1097728K
  class space    used 6332K, capacity 6829K, committed 7040K, reserved 1048576K
2023-01-17T04:33:19.320+0800: 209.228: [GC (Allocation Failure) 2023-01-17T04:33:19.320+0800: 209.228: [ParNew: 115195K->115195K(115200K), 0.0000297 secs]2023-01-17T04:33:19.320+0800: 209.228: [CMS: 134009K->134144K(134144K), 0.1869434 secs] 249204K->140182K(249344K), [Metaspace: 52008K->52008K(1097728K)], 0.1873627 secs] [Times: user=0.19 sys=0.00, real=0.18 secs] 
Heap after GC invocations=295 (full 326):
 par new generation   total 115200K, used 6038K [0x00000000f0000000, 0x00000000f7d00000, 0x00000000f7d00000)
  eden space 102400K,   5% used [0x00000000f0000000, 0x00000000f05e5a90, 0x00000000f6400000)
  from space 12800K,   0% used [0x00000000f7080000, 0x00000000f7080000, 0x00000000f7d00000)
  to   space 12800K,   0% used [0x00000000f6400000, 0x00000000f6400000, 0x00000000f7080000)
 concurrent mark-sweep generation total 134144K, used 134144K [0x00000000f7d00000, 0x0000000100000000, 0x0000000100000000)
 Metaspace       used 52008K, capacity 54858K, committed 55936K, reserved 1097728K
  class space    used 6332K, capacity 6829K, committed 7040K, reserved 1048576K
}
2023-01-17T04:33:19.521+0800: 209.429: [GC (CMS Initial Mark) [1 CMS-initial-mark: 134144K(134144K)] 148844K(249344K), 0.0065688 secs] [Times: user=0.03 sys=0.00, real=0.00 secs] 
2023-01-17T04:33:19.528+0800: 209.436: [CMS-concurrent-mark-start]
2023-01-17T04:33:19.588+0800: 209.496: [CMS-concurrent-mark: 0.061/0.061 secs] [Times: user=0.12 sys=0.01, real=0.06 secs] 
2023-01-17T04:33:19.589+0800: 209.496: [CMS-concurrent-preclean-start]
2023-01-17T04:33:19.627+0800: 209.534: [CMS-concurrent-preclean: 0.038/0.038 secs] [Times: user=0.08 sys=0.01, real=0.04 secs] 
2023-01-17T04:33:19.627+0800: 209.534: [CMS-concurrent-abortable-preclean-start]
2023-01-17T04:33:19.627+0800: 209.534: [CMS-concurrent-abortable-preclean: 0.000/0.000 secs] [Times: user=0.00 sys=0.00, real=0.00 secs] 
2023-01-17T04:33:19.631+0800: 209.538: [GC (CMS Final Remark) [YG occupancy: 46667 K (115200 K)]2023-01-17T04:33:19.631+0800: 209.539: [Rescan (parallel) , 0.0227111 secs]2023-01-17T04:33:19.654+0800: 209.561: [weak refs processing, 0.0000410 secs]2023-01-17T04:33:19.654+0800: 209.561: [class unloading, 0.0134621 secs]2023-01-17T04:33:19.667+0800: 209.575: [scrub symbol table, 0.0053853 secs]2023-01-17T04:33:19.672+0800: 209.580: [scrub string table, 0.0009069 secs][1 CMS-remark: 134144K(134144K)] 180811K(249344K), 0.0426878 secs] [Times: user=0.09 sys=0.00, real=0.04 secs] 
2023-01-17T04:33:19.674+0800: 209.582: [CMS-concurrent-sweep-start]
2023-01-17T04:33:19.695+0800: 209.603: [CMS-concurrent-sweep: 0.022/0.022 secs] [Times: user=0.06 sys=0.00, real=0.02 secs] 
2023-01-17T04:33:19.696+0800: 209.603: [CMS-concurrent-reset-start]
2023-01-17T04:33:19.696+0800: 209.604: [CMS-concurrent-reset: 0.000/0.000 secs] [Times: user=0.00 sys=0.00, real=0.00 secs] 
{Heap before GC invocations=295 (full 327):
 par new generation   total 115200K, used 115199K [0x00000000f0000000, 0x00000000f7d00000, 0x00000000f7d00000)
  eden space 102400K, 100% used [0x00000000f0000000, 0x00000000f6400000, 0x00000000f6400000)
  from space 12800K,  99% used [0x00000000f7080000, 0x00000000f7cfffe8, 0x00000000f7d00000)
  to   space 12800K,   0% used [0x00000000f6400000, 0x00000000f6400000, 0x00000000f7080000)
 concurrent mark-sweep generation total 134144K, used 133988K [0x00000000f7d00000, 0x0000000100000000, 0x0000000100000000)
 Metaspace       used 52008K, capacity 54858K, committed 55936K, reserved 1097728K
  class space    used 6332K, capacity 6829K, committed 7040K, reserved 1048576K
2023-01-17T04:33:20.034+0800: 209.941: [GC (Allocation Failure) 2023-01-17T04:33:20.034+0800: 209.942: [ParNew: 115199K->115199K(115200K), 0.0000274 secs]2023-01-17T04:33:20.034+0800: 209.942: [CMS: 133988K->134143K(134144K), 0.1867087 secs] 249188K->140200K(249344K), [Metaspace: 52008K->52008K(1097728K)], 0.1871443 secs] [Times: user=0.19 sys=0.00, real=0.19 secs] 
Heap after GC invocations=296 (full 328):
 par new generation   total 115200K, used 6056K [0x00000000f0000000, 0x00000000f7d00000, 0x00000000f7d00000)
  eden space 102400K,   5% used [0x00000000f0000000, 0x00000000f05ea0e0, 0x00000000f6400000)
  from space 12800K,   0% used [0x00000000f7080000, 0x00000000f7080000, 0x00000000f7d00000)
  to   space 12800K,   0% used [0x00000000f6400000, 0x00000000f6400000, 0x00000000f7080000)
 concurrent mark-sweep generation total 134144K, used 134143K [0x00000000f7d00000, 0x0000000100000000, 0x0000000100000000)
 Metaspace       used 52008K, capacity 54858K, committed 55936K, reserved 1097728K
  class space    used 6332K, capacity 6829K, committed 7040K, reserved 1048576K
}
2023-01-17T04:33:20.225+0800: 210.133: [GC (CMS Initial Mark) [1 CMS-initial-mark: 134143K(134144K)] 140334K(249344K), 0.0048308 secs] [Times: user=0.02 sys=0.00, real=0.01 secs] 
2023-01-17T04:33:20.230+0800: 210.138: [CMS-concurrent-mark-start]
2023-01-17T04:33:20.368+0800: 210.275: [CMS-concurrent-mark: 0.137/0.137 secs] [Times: user=0.45 sys=0.06, real=0.13 secs] 
2023-01-17T04:33:20.368+0800: 210.276: [CMS-concurrent-preclean-start]
2023-01-17T04:33:20.405+0800: 210.313: [CMS-concurrent-preclean: 0.037/0.037 secs] [Times: user=0.08 sys=0.01, real=0.04 secs] 
2023-01-17T04:33:20.405+0800: 210.313: [CMS-concurrent-abortable-preclean-start]
2023-01-17T04:33:20.405+0800: 210.313: [CMS-concurrent-abortable-preclean: 0.000/0.000 secs] [Times: user=0.00 sys=0.00, real=0.00 secs] 
2023-01-17T04:33:20.409+0800: 210.317: [GC (CMS Final Remark) [YG occupancy: 109490 K (115200 K)]2023-01-17T04:33:20.409+0800: 210.317: [Rescan (parallel) , 0.0278954 secs]2023-01-17T04:33:20.437+0800: 210.345: [weak refs processing, 0.0000494 secs]2023-01-17T04:33:20.437+0800: 210.345: [class unloading, 0.0132031 secs]2023-01-17T04:33:20.450+0800: 210.358: [scrub symbol table, 0.0050999 secs]2023-01-17T04:33:20.455+0800: 210.363: [scrub string table, 0.0008755 secs][1 CMS-remark: 134143K(134144K)] 243634K(249344K), 0.0473511 secs] [Times: user=0.13 sys=0.00, real=0.05 secs] 
2023-01-17T04:33:20.457+0800: 210.364: [CMS-concurrent-sweep-start]
2023-01-17T04:33:20.470+0800: 210.378: [CMS-concurrent-sweep: 0.014/0.014 secs] [Times: user=0.01 sys=0.00, real=0.02 secs] 
2023-01-17T04:33:20.471+0800: 210.378: [CMS-concurrent-reset-start]
2023-01-17T04:33:20.471+0800: 210.379: [CMS-concurrent-reset: 0.000/0.000 secs] [Times: user=0.00 sys=0.00, real=0.00 secs] 
{Heap before GC invocations=296 (full 329):
 par new generation   total 115200K, used 115196K [0x00000000f0000000, 0x00000000f7d00000, 0x00000000f7d00000)
  eden space 102400K, 100% used [0x00000000f0000000, 0x00000000f6400000, 0x00000000f6400000)
  from space 12800K,  99% used [0x00000000f7080000, 0x00000000f7cff1d8, 0x00000000f7d00000)
  to   space 12800K,   0% used [0x00000000f6400000, 0x00000000f6400000, 0x00000000f7080000)
 concurrent mark-sweep generation total 134144K, used 133756K [0x00000000f7d00000, 0x0000000100000000, 0x0000000100000000)
 Metaspace       used 52008K, capacity 54858K, committed 55936K, reserved 1097728K
  class space    used 6332K, capacity 6829K, committed 7040K, reserved 1048576K
2023-01-17T04:33:20.748+0800: 210.656: [GC (Allocation Failure) 2023-01-17T04:33:20.748+0800: 210.656: [ParNew: 115196K->115196K(115200K), 0.0000270 secs]2023-01-17T04:33:20.748+0800: 210.656: [CMS: 133756K->134144K(134144K), 0.2063742 secs] 248952K->140189K(249344K), [Metaspace: 52008K->52008K(1097728K)], 0.2067979 secs] [Times: user=0.21 sys=0.00, real=0.21 secs] 
Heap after GC invocations=297 (full 330):
 par new generation   total 115200K, used 6045K [0x00000000f0000000, 0x00000000f7d00000, 0x00000000f7d00000)
  eden space 102400K,   5% used [0x00000000f0000000, 0x00000000f05e7750, 0x00000000f6400000)
  from space 12800K,   0% used [0x00000000f7080000, 0x00000000f7080000, 0x00000000f7d00000)
  to   space 12800K,   0% used [0x00000000f6400000, 0x00000000f6400000, 0x00000000f7080000)
 concurrent mark-sweep generation total 134144K, used 134144K [0x00000000f7d00000, 0x0000000100000000, 0x0000000100000000)
 Metaspace       used 52008K, capacity 54858K, committed 55936K, reserved 1097728K
  class space    used 6332K, capacity 6829K, committed 7040K, reserved 1048576K
}
2023-01-17T04:33:20.961+0800: 210.869: [GC (CMS Initial Mark) [1 CMS-initial-mark: 134144K(134144K)] 140913K(249344K), 0.0058955 secs] [Times: user=0.02 sys=0.00, real=0.00 secs] 
2023-01-17T04:33:20.968+0800: 210.875: [CMS-concurrent-mark-start]
2023-01-17T04:33:21.046+0800: 210.954: [CMS-concurrent-mark: 0.078/0.078 secs] [Times: user=0.14 sys=0.04, real=0.08 secs] 
2023-01-17T04:33:21.046+0800: 210.954: [CMS-concurrent-preclean-start]
2023-01-17T04:33:21.104+0800: 211.011: [CMS-concurrent-preclean: 0.057/0.057 secs] [Times: user=0.12 sys=0.01, real=0.06 secs] 
2023-01-17T04:33:21.104+0800: 211.012: [CMS-concurrent-abortable-preclean-start]
2023-01-17T04:33:21.104+0800: 211.012: [CMS-concurrent-abortable-preclean: 0.000/0.000 secs] [Times: user=0.00 sys=0.00, real=0.00 secs] 
2023-01-17T04:33:21.109+0800: 211.017: [GC (CMS Final Remark) [YG occupancy: 49873 K (115200 K)]2023-01-17T04:33:21.109+0800: 211.017: [Rescan (parallel) , 0.0157738 secs]2023-01-17T04:33:21.125+0800: 211.033: [weak refs processing, 0.0000465 secs]2023-01-17T04:33:21.125+0800: 211.033: [class unloading, 0.0137106 secs]2023-01-17T04:33:21.139+0800: 211.047: [scrub symbol table, 0.0049995 secs]2023-01-17T04:33:21.144+0800: 211.052: [scrub string table, 0.0008836 secs][1 CMS-remark: 134144K(134144K)] 184017K(249344K), 0.0356026 secs] [Times: user=0.08 sys=0.00, real=0.04 secs] 
2023-01-17T04:33:21.145+0800: 211.053: [CMS-concurrent-sweep-start]
2023-01-17T04:33:21.164+0800: 211.071: [CMS-concurrent-sweep: 0.018/0.018 secs] [Times: user=0.05 sys=0.02, real=0.02 secs] 
2023-01-17T04:33:21.164+0800: 211.072: [CMS-concurrent-reset-start]
2023-01-17T04:33:21.164+0800: 211.072: [CMS-concurrent-reset: 0.000/0.000 secs] [Times: user=0.00 sys=0.00, real=0.00 secs] 
{Heap before GC invocations=297 (full 331):
 par new generation   total 115200K, used 115200K [0x00000000f0000000, 0x00000000f7d00000, 0x00000000f7d00000)
  eden space 102400K, 100% used [0x00000000f0000000, 0x00000000f6400000, 0x00000000f6400000)
  from space 12800K, 100% used [0x00000000f7080000, 0x00000000f7d00000, 0x00000000f7d00000)
  to   space 12800K,   0% used [0x00000000f6400000, 0x00000000f6400000, 0x00000000f7080000)
 concurrent mark-sweep generation total 134144K, used 134068K [0x00000000f7d00000, 0x0000000100000000, 0x0000000100000000)
 Metaspace       used 52008K, capacity 54858K, committed 55936K, reserved 1097728K
  class space    used 6332K, capacity 6829K, committed 7040K, reserved 1048576K
2023-01-17T04:33:21.501+0800: 211.408: [GC (Allocation Failure) 2023-01-17T04:33:21.501+0800: 211.409: [ParNew: 115200K->115200K(115200K), 0.0000272 secs]2023-01-17T04:33:21.501+0800: 211.409: [CMS: 134068K->134143K(134144K), 0.1933011 secs] 249268K->140171K(249344K), [Metaspace: 52008K->52008K(1097728K)], 0.1937109 secs] [Times: user=0.20 sys=0.00, real=0.19 secs] 
Heap after GC invocations=298 (full 332):
 par new generation   total 115200K, used 6028K [0x00000000f0000000, 0x00000000f7d00000, 0x00000000f7d00000)
  eden space 102400K,   5% used [0x00000000f0000000, 0x00000000f05e3008, 0x00000000f6400000)
  from space 12800K,   0% used [0x00000000f7080000, 0x00000000f7080000, 0x00000000f7d00000)
  to   space 12800K,   0% used [0x00000000f6400000, 0x00000000f6400000, 0x00000000f7080000)
 concurrent mark-sweep generation total 134144K, used 134143K [0x00000000f7d00000, 0x0000000100000000, 0x0000000100000000)
 Metaspace       used 52008K, capacity 54858K, committed 55936K, reserved 1097728K
  class space    used 6332K, capacity 6829K, committed 7040K, reserved 1048576K
}
2023-01-17T04:33:21.703+0800: 211.610: [GC (CMS Initial Mark) [1 CMS-initial-mark: 134143K(134144K)] 143579K(249344K), 0.0053443 secs] [Times: user=0.02 sys=0.00, real=0.00 secs] 
2023-01-17T04:33:21.709+0800: 211.616: [CMS-concurrent-mark-start]
2023-01-17T04:33:21.794+0800: 211.702: [CMS-concurrent-mark: 0.086/0.086 secs] [Times: user=0.26 sys=0.03, real=0.09 secs] 
2023-01-17T04:33:21.795+0800: 211.703: [CMS-concurrent-preclean-start]
2023-01-17T04:33:21.836+0800: 211.744: [CMS-concurrent-preclean: 0.042/0.042 secs] [Times: user=0.10 sys=0.04, real=0.04 secs] 
2023-01-17T04:33:21.837+0800: 211.744: [CMS-concurrent-abortable-preclean-start]
2023-01-17T04:33:21.837+0800: 211.744: [CMS-concurrent-abortable-preclean: 0.000/0.000 secs] [Times: user=0.00 sys=0.00, real=0.00 secs] 
2023-01-17T04:33:21.841+0800: 211.748: [GC (CMS Final Remark) [YG occupancy: 94462 K (115200 K)]2023-01-17T04:33:21.841+0800: 211.749: [Rescan (parallel) , 0.0243450 secs]2023-01-17T04:33:21.865+0800: 211.773: [weak refs processing, 0.0000470 secs]2023-01-17T04:33:21.865+0800: 211.773: [class unloading, 0.0136367 secs]2023-01-17T04:33:21.879+0800: 211.787: [scrub symbol table, 0.0051516 secs]2023-01-17T04:33:21.884+0800: 211.792: [scrub string table, 0.0009044 secs][1 CMS-remark: 134143K(134144K)] 228606K(249344K), 0.0442898 secs] [Times: user=0.12 sys=0.00, real=0.04 secs] 
2023-01-17T04:33:21.885+0800: 211.793: [CMS-concurrent-sweep-start]
2023-01-17T04:33:21.903+0800: 211.811: [CMS-concurrent-sweep: 0.018/0.018 secs] [Times: user=0.05 sys=0.01, real=0.02 secs] 
2023-01-17T04:33:21.903+0800: 211.811: [CMS-concurrent-reset-start]
2023-01-17T04:33:21.903+0800: 211.811: [CMS-concurrent-reset: 0.000/0.000 secs] [Times: user=0.00 sys=0.00, real=0.00 secs] 
{Heap before GC invocations=298 (full 333):
 par new generation   total 115200K, used 115199K [0x00000000f0000000, 0x00000000f7d00000, 0x00000000f7d00000)
  eden space 102400K, 100% used [0x00000000f0000000, 0x00000000f6400000, 0x00000000f6400000)
  from space 12800K,  99% used [0x00000000f7080000, 0x00000000f7cffff0, 0x00000000f7d00000)
  to   space 12800K,   0% used [0x00000000f6400000, 0x00000000f6400000, 0x00000000f7080000)
 concurrent mark-sweep generation total 134144K, used 133904K [0x00000000f7d00000, 0x0000000100000000, 0x0000000100000000)
 Metaspace       used 52008K, capacity 54858K, committed 55936K, reserved 1097728K
  class space    used 6332K, capacity 6829K, committed 7040K, reserved 1048576K
2023-01-17T04:33:22.248+0800: 212.156: [GC (Allocation Failure) 2023-01-17T04:33:22.248+0800: 212.156: [ParNew: 115199K->115199K(115200K), 0.0000285 secs]2023-01-17T04:33:22.248+0800: 212.156: [CMS: 133904K->134143K(134144K), 0.2012646 secs] 249104K->140161K(249344K), [Metaspace: 52008K->52008K(1097728K)], 0.2016599 secs] [Times: user=0.21 sys=0.00, real=0.21 secs] 
Heap after GC invocations=299 (full 334):
 par new generation   total 115200K, used 6018K [0x00000000f0000000, 0x00000000f7d00000, 0x00000000f7d00000)
  eden space 102400K,   5% used [0x00000000f0000000, 0x00000000f05e0828, 0x00000000f6400000)
  from space 12800K,   0% used [0x00000000f7080000, 0x00000000f7080000, 0x00000000f7d00000)
  to   space 12800K,   0% used [0x00000000f6400000, 0x00000000f6400000, 0x00000000f7080000)
 concurrent mark-sweep generation total 134144K, used 134143K [0x00000000f7d00000, 0x0000000100000000, 0x0000000100000000)
 Metaspace       used 52008K, capacity 54858K, committed 55936K, reserved 1097728K
  class space    used 6332K, capacity 6829K, committed 7040K, reserved 1048576K
}
2023-01-17T04:33:22.455+0800: 212.362: [GC (CMS Initial Mark) [1 CMS-initial-mark: 134143K(134144K)] 140838K(249344K), 0.0044233 secs] [Times: user=0.01 sys=0.00, real=0.00 secs] 
2023-01-17T04:33:22.459+0800: 212.367: [CMS-concurrent-mark-start]
2023-01-17T04:33:22.529+0800: 212.437: [CMS-concurrent-mark: 0.069/0.069 secs] [Times: user=0.17 sys=0.03, real=0.07 secs] 
2023-01-17T04:33:22.529+0800: 212.437: [CMS-concurrent-preclean-start]
2023-01-17T04:33:22.568+0800: 212.476: [CMS-concurrent-preclean: 0.039/0.039 secs] [Times: user=0.07 sys=0.01, real=0.04 secs] 
2023-01-17T04:33:22.568+0800: 212.476: [CMS-concurrent-abortable-preclean-start]
2023-01-17T04:33:22.568+0800: 212.476: [CMS-concurrent-abortable-preclean: 0.000/0.000 secs] [Times: user=0.00 sys=0.00, real=0.00 secs] 
2023-01-17T04:33:22.572+0800: 212.480: [GC (CMS Final Remark) [YG occupancy: 44938 K (115200 K)]2023-01-17T04:33:22.572+0800: 212.480: [Rescan (parallel) , 0.0132678 secs]2023-01-17T04:33:22.585+0800: 212.493: [weak refs processing, 0.0000499 secs]2023-01-17T04:33:22.586+0800: 212.493: [class unloading, 0.0131742 secs]2023-01-17T04:33:22.599+0800: 212.506: [scrub symbol table, 0.0050254 secs]2023-01-17T04:33:22.604+0800: 212.512: [scrub string table, 0.0008759 secs][1 CMS-remark: 134143K(134144K)] 179082K(249344K), 0.0325570 secs] [Times: user=0.07 sys=0.00, real=0.03 secs] 
2023-01-17T04:33:22.605+0800: 212.513: [CMS-concurrent-sweep-start]
2023-01-17T04:33:22.622+0800: 212.530: [CMS-concurrent-sweep: 0.017/0.017 secs] [Times: user=0.05 sys=0.00, real=0.02 secs] 
2023-01-17T04:33:22.622+0800: 212.530: [CMS-concurrent-reset-start]
2023-01-17T04:33:22.622+0800: 212.530: [CMS-concurrent-reset: 0.000/0.000 secs] [Times: user=0.00 sys=0.00, real=0.00 secs] 
{Heap before GC invocations=299 (full 335):
 par new generation   total 115200K, used 115200K [0x00000000f0000000, 0x00000000f7d00000, 0x00000000f7d00000)
  eden space 102400K, 100% used [0x00000000f0000000, 0x00000000f6400000, 0x00000000f6400000)
  from space 12800K, 100% used [0x00000000f7080000, 0x00000000f7d00000, 0x00000000f7d00000)
  to   space 12800K,   0% used [0x00000000f6400000, 0x00000000f6400000, 0x00000000f7080000)
 concurrent mark-sweep generation total 134144K, used 134045K [0x00000000f7d00000, 0x0000000100000000, 0x0000000100000000)
 Metaspace       used 52008K, capacity 54858K, committed 55936K, reserved 1097728K
  class space    used 6332K, capacity 6829K, committed 7040K, reserved 1048576K
2023-01-17T04:33:22.985+0800: 212.892: [GC (Allocation Failure) 2023-01-17T04:33:22.985+0800: 212.893: [ParNew: 115200K->115200K(115200K), 0.0000266 secs]2023-01-17T04:33:22.985+0800: 212.893: [CMS: 134045K->134143K(134144K), 0.1831365 secs] 249245K->140088K(249344K), [Metaspace: 52008K->52008K(1097728K)], 0.1835465 secs] [Times: user=0.19 sys=0.00, real=0.18 secs] 
Heap after GC invocations=300 (full 336):
 par new generation   total 115200K, used 5944K [0x00000000f0000000, 0x00000000f7d00000, 0x00000000f7d00000)
  eden space 102400K,   5% used [0x00000000f0000000, 0x00000000f05ce3c0, 0x00000000f6400000)
  from space 12800K,   0% used [0x00000000f7080000, 0x00000000f7080000, 0x00000000f7d00000)
  to   space 12800K,   0% used [0x00000000f6400000, 0x00000000f6400000, 0x00000000f7080000)
 concurrent mark-sweep generation total 134144K, used 134143K [0x00000000f7d00000, 0x0000000100000000, 0x0000000100000000)
 Metaspace       used 52008K, capacity 54858K, committed 55936K, reserved 1097728K
  class space    used 6332K, capacity 6829K, committed 7040K, reserved 1048576K
}
2023-01-17T04:33:23.179+0800: 213.087: [GC (CMS Initial Mark) [1 CMS-initial-mark: 134143K(134144K)] 146298K(249344K), 0.0061633 secs] [Times: user=0.03 sys=0.00, real=0.01 secs] 
2023-01-17T04:33:23.186+0800: 213.094: [CMS-concurrent-mark-start]
2023-01-17T04:33:23.274+0800: 213.182: [CMS-concurrent-mark: 0.089/0.089 secs] [Times: user=0.26 sys=0.05, real=0.09 secs] 
2023-01-17T04:33:23.275+0800: 213.182: [CMS-concurrent-preclean-start]
2023-01-17T04:33:23.314+0800: 213.222: [CMS-concurrent-preclean: 0.040/0.040 secs] [Times: user=0.09 sys=0.01, real=0.04 secs] 
2023-01-17T04:33:23.315+0800: 213.223: [CMS-concurrent-abortable-preclean-start]
2023-01-17T04:33:23.315+0800: 213.223: [CMS-concurrent-abortable-preclean: 0.000/0.000 secs] [Times: user=0.01 sys=0.00, real=0.00 secs] 
2023-01-17T04:33:23.320+0800: 213.228: [GC (CMS Final Remark) [YG occupancy: 94771 K (115200 K)]2023-01-17T04:33:23.320+0800: 213.228: [Rescan (parallel) , 0.0283618 secs]2023-01-17T04:33:23.349+0800: 213.256: [weak refs processing, 0.0000440 secs]2023-01-17T04:33:23.349+0800: 213.256: [class unloading, 0.0133348 secs]2023-01-17T04:33:23.362+0800: 213.270: [scrub symbol table, 0.0053316 secs]2023-01-17T04:33:23.367+0800: 213.275: [scrub string table, 0.0008984 secs][1 CMS-remark: 134143K(134144K)] 228915K(249344K), 0.0481869 secs] [Times: user=0.12 sys=0.01, real=0.04 secs] 
2023-01-17T04:33:23.369+0800: 213.276: [CMS-concurrent-sweep-start]
2023-01-17T04:33:23.391+0800: 213.299: [CMS-concurrent-sweep: 0.023/0.023 secs] [Times: user=0.04 sys=0.00, real=0.03 secs] 
2023-01-17T04:33:23.392+0800: 213.299: [CMS-concurrent-reset-start]
2023-01-17T04:33:23.392+0800: 213.300: [CMS-concurrent-reset: 0.000/0.000 secs] [Times: user=0.00 sys=0.00, real=0.00 secs] 
{Heap before GC invocations=300 (full 337):
 par new generation   total 115200K, used 115197K [0x00000000f0000000, 0x00000000f7d00000, 0x00000000f7d00000)
  eden space 102400K, 100% used [0x00000000f0000000, 0x00000000f6400000, 0x00000000f6400000)
  from space 12800K,  99% used [0x00000000f7080000, 0x00000000f7cff648, 0x00000000f7d00000)
  to   space 12800K,   0% used [0x00000000f6400000, 0x00000000f6400000, 0x00000000f7080000)
 concurrent mark-sweep generation total 134144K, used 133984K [0x00000000f7d00000, 0x0000000100000000, 0x0000000100000000)
 Metaspace       used 52008K, capacity 54858K, committed 55936K, reserved 1097728K
  class space    used 6332K, capacity 6829K, committed 7040K, reserved 1048576K
2023-01-17T04:33:23.730+0800: 213.638: [GC (Allocation Failure) 2023-01-17T04:33:23.731+0800: 213.638: [ParNew: 115197K->115197K(115200K), 0.0000275 secs]2023-01-17T04:33:23.731+0800: 213.638: [CMS: 133984K->134143K(134144K), 0.1900999 secs] 249182K->139971K(249344K), [Metaspace: 52008K->52008K(1097728K)], 0.1905442 secs] [Times: user=0.19 sys=0.00, real=0.19 secs] 
Heap after GC invocations=301 (full 338):
 par new generation   total 115200K, used 5827K [0x00000000f0000000, 0x00000000f7d00000, 0x00000000f7d00000)
  eden space 102400K,   5% used [0x00000000f0000000, 0x00000000f05b0f08, 0x00000000f6400000)
  from space 12800K,   0% used [0x00000000f7080000, 0x00000000f7080000, 0x00000000f7d00000)
  to   space 12800K,   0% used [0x00000000f6400000, 0x00000000f6400000, 0x00000000f7080000)
 concurrent mark-sweep generation total 134144K, used 134143K [0x00000000f7d00000, 0x0000000100000000, 0x0000000100000000)
 Metaspace       used 52008K, capacity 54858K, committed 55936K, reserved 1097728K
  class space    used 6332K, capacity 6829K, committed 7040K, reserved 1048576K
}
2023-01-17T04:33:23.928+0800: 213.836: [GC (CMS Initial Mark) [1 CMS-initial-mark: 134143K(134144K)] 142566K(249344K), 0.0049693 secs] [Times: user=0.01 sys=0.00, real=0.01 secs] 
2023-01-17T04:33:23.933+0800: 213.841: [CMS-concurrent-mark-start]
2023-01-17T04:33:24.004+0800: 213.912: [CMS-concurrent-mark: 0.071/0.071 secs] [Times: user=0.17 sys=0.02, real=0.07 secs] 
2023-01-17T04:33:24.005+0800: 213.912: [CMS-concurrent-preclean-start]
2023-01-17T04:33:24.048+0800: 213.956: [CMS-concurrent-preclean: 0.043/0.043 secs] [Times: user=0.08 sys=0.02, real=0.04 secs] 
2023-01-17T04:33:24.048+0800: 213.956: [CMS-concurrent-abortable-preclean-start]
2023-01-17T04:33:24.048+0800: 213.956: [CMS-concurrent-abortable-preclean: 0.000/0.000 secs] [Times: user=0.00 sys=0.00, real=0.00 secs] 
2023-01-17T04:33:24.052+0800: 213.960: [GC (CMS Final Remark) [YG occupancy: 45539 K (115200 K)]2023-01-17T04:33:24.052+0800: 213.960: [Rescan (parallel) , 0.0137430 secs]2023-01-17T04:33:24.066+0800: 213.973: [weak refs processing, 0.0000443 secs]2023-01-17T04:33:24.066+0800: 213.974: [class unloading, 0.0132955 secs]2023-01-17T04:33:24.079+0800: 213.987: [scrub symbol table, 0.0051947 secs]2023-01-17T04:33:24.084+0800: 213.992: [scrub string table, 0.0008680 secs][1 CMS-remark: 134143K(134144K)] 179683K(249344K), 0.0333124 secs] [Times: user=0.08 sys=0.00, real=0.03 secs] 
2023-01-17T04:33:24.086+0800: 213.993: [CMS-concurrent-sweep-start]
2023-01-17T04:33:24.104+0800: 214.012: [CMS-concurrent-sweep: 0.018/0.018 secs] [Times: user=0.06 sys=0.01, real=0.02 secs] 
2023-01-17T04:33:24.104+0800: 214.012: [CMS-concurrent-reset-start]
2023-01-17T04:33:24.104+0800: 214.012: [CMS-concurrent-reset: 0.000/0.000 secs] [Times: user=0.00 sys=0.00, real=0.00 secs] 
{Heap before GC invocations=301 (full 339):
 par new generation   total 115200K, used 115199K [0x00000000f0000000, 0x00000000f7d00000, 0x00000000f7d00000)
  eden space 102400K, 100% used [0x00000000f0000000, 0x00000000f6400000, 0x00000000f6400000)
  from space 12800K,  99% used [0x00000000f7080000, 0x00000000f7cffff8, 0x00000000f7d00000)
  to   space 12800K,   0% used [0x00000000f6400000, 0x00000000f6400000, 0x00000000f7080000)
 concurrent mark-sweep generation total 134144K, used 134043K [0x00000000f7d00000, 0x0000000100000000, 0x0000000100000000)
 Metaspace       used 52008K, capacity 54858K, committed 55936K, reserved 1097728K
  class space    used 6332K, capacity 6829K, committed 7040K, reserved 1048576K
2023-01-17T04:33:24.479+0800: 214.386: [GC (Allocation Failure) 2023-01-17T04:33:24.479+0800: 214.387: [ParNew: 115199K->115199K(115200K), 0.0000268 secs]2023-01-17T04:33:24.479+0800: 214.387: [CMS: 134043K->134143K(134144K), 0.1871182 secs] 249243K->140020K(249344K), [Metaspace: 52008K->52008K(1097728K)], 0.1875281 secs] [Times: user=0.19 sys=0.00, real=0.19 secs] 
Heap after GC invocations=302 (full 340):
 par new generation   total 115200K, used 5877K [0x00000000f0000000, 0x00000000f7d00000, 0x00000000f7d00000)
  eden space 102400K,   5% used [0x00000000f0000000, 0x00000000f05bd428, 0x00000000f6400000)
  from space 12800K,   0% used [0x00000000f7080000, 0x00000000f7080000, 0x00000000f7d00000)
  to   space 12800K,   0% used [0x00000000f6400000, 0x00000000f6400000, 0x00000000f7080000)
 concurrent mark-sweep generation total 134144K, used 134143K [0x00000000f7d00000, 0x0000000100000000, 0x0000000100000000)
 Metaspace       used 52008K, capacity 54858K, committed 55936K, reserved 1097728K
  class space    used 6332K, capacity 6829K, committed 7040K, reserved 1048576K
}
2023-01-17T04:33:24.707+0800: 214.614: [GC (CMS Initial Mark) [1 CMS-initial-mark: 134143K(134144K)] 168472K(249344K), 0.0151404 secs] [Times: user=0.04 sys=0.00, real=0.02 secs] 
2023-01-17T04:33:24.722+0800: 214.630: [CMS-concurrent-mark-start]
2023-01-17T04:33:24.795+0800: 214.703: [CMS-concurrent-mark: 0.073/0.073 secs] [Times: user=0.17 sys=0.01, real=0.07 secs] 
2023-01-17T04:33:24.795+0800: 214.703: [CMS-concurrent-preclean-start]
2023-01-17T04:33:24.837+0800: 214.745: [CMS-concurrent-preclean: 0.042/0.042 secs] [Times: user=0.10 sys=0.02, real=0.04 secs] 
2023-01-17T04:33:24.837+0800: 214.745: [CMS-concurrent-abortable-preclean-start]
2023-01-17T04:33:24.837+0800: 214.745: [CMS-concurrent-abortable-preclean: 0.000/0.000 secs] [Times: user=0.00 sys=0.00, real=0.00 secs] 
2023-01-17T04:33:24.841+0800: 214.749: [GC (CMS Final Remark) [YG occupancy: 83591 K (115200 K)]2023-01-17T04:33:24.841+0800: 214.749: [Rescan (parallel) , 0.0219071 secs]2023-01-17T04:33:24.863+0800: 214.771: [weak refs processing, 0.0000433 secs]2023-01-17T04:33:24.863+0800: 214.771: [class unloading, 0.0137668 secs]2023-01-17T04:33:24.877+0800: 214.785: [scrub symbol table, 0.0051346 secs]2023-01-17T04:33:24.882+0800: 214.790: [scrub string table, 0.0008744 secs][1 CMS-remark: 134143K(134144K)] 217735K(249344K), 0.0419274 secs] [Times: user=0.11 sys=0.00, real=0.04 secs] 
2023-01-17T04:33:24.884+0800: 214.791: [CMS-concurrent-sweep-start]
2023-01-17T04:33:24.900+0800: 214.808: [CMS-concurrent-sweep: 0.017/0.017 secs] [Times: user=0.05 sys=0.01, real=0.02 secs] 
2023-01-17T04:33:24.901+0800: 214.808: [CMS-concurrent-reset-start]
2023-01-17T04:33:24.901+0800: 214.809: [CMS-concurrent-reset: 0.000/0.000 secs] [Times: user=0.00 sys=0.00, real=0.00 secs] 
{Heap before GC invocations=302 (full 341):
 par new generation   total 115200K, used 115195K [0x00000000f0000000, 0x00000000f7d00000, 0x00000000f7d00000)
  eden space 102400K, 100% used [0x00000000f0000000, 0x00000000f6400000, 0x00000000f6400000)
  from space 12800K,  99% used [0x00000000f7080000, 0x00000000f7cfee08, 0x00000000f7d00000)
  to   space 12800K,   0% used [0x00000000f6400000, 0x00000000f6400000, 0x00000000f7080000)
 concurrent mark-sweep generation total 134144K, used 133800K [0x00000000f7d00000, 0x0000000100000000, 0x0000000100000000)
 Metaspace       used 52008K, capacity 54858K, committed 55936K, reserved 1097728K
  class space    used 6332K, capacity 6829K, committed 7040K, reserved 1048576K
2023-01-17T04:33:25.209+0800: 215.117: [GC (Allocation Failure) 2023-01-17T04:33:25.209+0800: 215.117: [ParNew: 115195K->115195K(115200K), 0.0000271 secs]2023-01-17T04:33:25.209+0800: 215.117: [CMS: 133800K->134143K(134144K), 0.1909809 secs] 248996K->140123K(249344K), [Metaspace: 52008K->52008K(1097728K)], 0.1913980 secs] [Times: user=0.19 sys=0.00, real=0.20 secs] 
Heap after GC invocations=303 (full 342):
 par new generation   total 115200K, used 5979K [0x00000000f0000000, 0x00000000f7d00000, 0x00000000f7d00000)
  eden space 102400K,   5% used [0x00000000f0000000, 0x00000000f05d6fa8, 0x00000000f6400000)
  from space 12800K,   0% used [0x00000000f7080000, 0x00000000f7080000, 0x00000000f7d00000)
  to   space 12800K,   0% used [0x00000000f6400000, 0x00000000f6400000, 0x00000000f7080000)
 concurrent mark-sweep generation total 134144K, used 134143K [0x00000000f7d00000, 0x0000000100000000, 0x0000000100000000)
 Metaspace       used 52008K, capacity 54858K, committed 55936K, reserved 1097728K
  class space    used 6332K, capacity 6829K, committed 7040K, reserved 1048576K
}
2023-01-17T04:33:25.417+0800: 215.325: [GC (CMS Initial Mark) [1 CMS-initial-mark: 134143K(134144K)] 152037K(249344K), 0.0074520 secs] [Times: user=0.03 sys=0.00, real=0.01 secs] 
2023-01-17T04:33:25.425+0800: 215.333: [CMS-concurrent-mark-start]
2023-01-17T04:33:25.492+0800: 215.400: [CMS-concurrent-mark: 0.067/0.067 secs] [Times: user=0.19 sys=0.04, real=0.07 secs] 
2023-01-17T04:33:25.492+0800: 215.400: [CMS-concurrent-preclean-start]
2023-01-17T04:33:25.536+0800: 215.444: [CMS-concurrent-preclean: 0.044/0.044 secs] [Times: user=0.12 sys=0.02, real=0.04 secs] 
2023-01-17T04:33:25.537+0800: 215.444: [CMS-concurrent-abortable-preclean-start]
2023-01-17T04:33:25.537+0800: 215.444: [CMS-concurrent-abortable-preclean: 0.000/0.000 secs] [Times: user=0.00 sys=0.00, real=0.00 secs] 
2023-01-17T04:33:25.541+0800: 215.449: [GC (CMS Final Remark) [YG occupancy: 84054 K (115200 K)]2023-01-17T04:33:25.541+0800: 215.449: [Rescan (parallel) , 0.0221959 secs]2023-01-17T04:33:25.563+0800: 215.471: [weak refs processing, 0.0000467 secs]2023-01-17T04:33:25.563+0800: 215.471: [class unloading, 0.0136852 secs]2023-01-17T04:33:25.577+0800: 215.485: [scrub symbol table, 0.0050699 secs]2023-01-17T04:33:25.582+0800: 215.490: [scrub string table, 0.0008802 secs][1 CMS-remark: 134143K(134144K)] 218198K(249344K), 0.0420942 secs] [Times: user=0.11 sys=0.00, real=0.04 secs] 
2023-01-17T04:33:25.583+0800: 215.491: [CMS-concurrent-sweep-start]
2023-01-17T04:33:25.602+0800: 215.510: [CMS-concurrent-sweep: 0.019/0.019 secs] [Times: user=0.05 sys=0.01, real=0.02 secs] 
2023-01-17T04:33:25.603+0800: 215.510: [CMS-concurrent-reset-start]
2023-01-17T04:33:25.603+0800: 215.511: [CMS-concurrent-reset: 0.000/0.000 secs] [Times: user=0.00 sys=0.00, real=0.00 secs] 
{Heap before GC invocations=303 (full 343):
 par new generation   total 115200K, used 115200K [0x00000000f0000000, 0x00000000f7d00000, 0x00000000f7d00000)
  eden space 102400K, 100% used [0x00000000f0000000, 0x00000000f6400000, 0x00000000f6400000)
  from space 12800K, 100% used [0x00000000f7080000, 0x00000000f7d00000, 0x00000000f7d00000)
  to   space 12800K,   0% used [0x00000000f6400000, 0x00000000f6400000, 0x00000000f7080000)
 concurrent mark-sweep generation total 134144K, used 133717K [0x00000000f7d00000, 0x0000000100000000, 0x0000000100000000)
 Metaspace       used 52008K, capacity 54858K, committed 55936K, reserved 1097728K
  class space    used 6332K, capacity 6829K, committed 7040K, reserved 1048576K
2023-01-17T04:33:25.965+0800: 215.873: [GC (Allocation Failure) 2023-01-17T04:33:25.965+0800: 215.873: [ParNew: 115200K->115200K(115200K), 0.0000318 secs]2023-01-17T04:33:25.965+0800: 215.873: [CMS: 133717K->134143K(134144K), 0.1853065 secs] 248917K->140187K(249344K), [Metaspace: 52008K->52008K(1097728K)], 0.1857228 secs] [Times: user=0.19 sys=0.00, real=0.19 secs] 
Heap after GC invocations=304 (full 344):
 par new generation   total 115200K, used 6043K [0x00000000f0000000, 0x00000000f7d00000, 0x00000000f7d00000)
  eden space 102400K,   5% used [0x00000000f0000000, 0x00000000f05e6ff8, 0x00000000f6400000)
  from space 12800K,   0% used [0x00000000f7080000, 0x00000000f7080000, 0x00000000f7d00000)
  to   space 12800K,   0% used [0x00000000f6400000, 0x00000000f6400000, 0x00000000f7080000)
 concurrent mark-sweep generation total 134144K, used 134143K [0x00000000f7d00000, 0x0000000100000000, 0x0000000100000000)
 Metaspace       used 52008K, capacity 54858K, committed 55936K, reserved 1097728K
  class space    used 6332K, capacity 6829K, committed 7040K, reserved 1048576K
}
2023-01-17T04:33:26.156+0800: 216.063: [GC (CMS Initial Mark) [1 CMS-initial-mark: 134143K(134144K)] 140723K(249344K), 0.0042755 secs] [Times: user=0.01 sys=0.00, real=0.01 secs] 
2023-01-17T04:33:26.160+0800: 216.068: [CMS-concurrent-mark-start]
2023-01-17T04:33:26.219+0800: 216.127: [CMS-concurrent-mark: 0.059/0.059 secs] [Times: user=0.18 sys=0.01, real=0.05 secs] 
2023-01-17T04:33:26.219+0800: 216.127: [CMS-concurrent-preclean-start]
2023-01-17T04:33:26.252+0800: 216.160: [CMS-concurrent-preclean: 0.033/0.033 secs] [Times: user=0.09 sys=0.01, real=0.04 secs] 
2023-01-17T04:33:26.253+0800: 216.160: [CMS-concurrent-abortable-preclean-start]
2023-01-17T04:33:26.253+0800: 216.160: [CMS-concurrent-abortable-preclean: 0.000/0.000 secs] [Times: user=0.00 sys=0.00, real=0.00 secs] 
2023-01-17T04:33:26.257+0800: 216.165: [GC (CMS Final Remark) [YG occupancy: 54360 K (115200 K)]2023-01-17T04:33:26.257+0800: 216.165: [Rescan (parallel) , 0.0172335 secs]2023-01-17T04:33:26.274+0800: 216.182: [weak refs processing, 0.0000461 secs]2023-01-17T04:33:26.274+0800: 216.182: [class unloading, 0.0137438 secs]2023-01-17T04:33:26.288+0800: 216.196: [scrub symbol table, 0.0052078 secs]2023-01-17T04:33:26.293+0800: 216.201: [scrub string table, 0.0008865 secs][1 CMS-remark: 134143K(134144K)] 188504K(249344K), 0.0373401 secs] [Times: user=0.09 sys=0.00, real=0.04 secs] 
2023-01-17T04:33:26.295+0800: 216.203: [CMS-concurrent-sweep-start]
2023-01-17T04:33:26.310+0800: 216.218: [CMS-concurrent-sweep: 0.015/0.015 secs] [Times: user=0.04 sys=0.01, real=0.02 secs] 
2023-01-17T04:33:26.311+0800: 216.218: [CMS-concurrent-reset-start]
2023-01-17T04:33:26.311+0800: 216.219: [CMS-concurrent-reset: 0.000/0.000 secs] [Times: user=0.00 sys=0.00, real=0.00 secs] 
{Heap before GC invocations=304 (full 345):
 par new generation   total 115200K, used 115199K [0x00000000f0000000, 0x00000000f7d00000, 0x00000000f7d00000)
  eden space 102400K, 100% used [0x00000000f0000000, 0x00000000f6400000, 0x00000000f6400000)
  from space 12800K,  99% used [0x00000000f7080000, 0x00000000f7cfffe8, 0x00000000f7d00000)
  to   space 12800K,   0% used [0x00000000f6400000, 0x00000000f6400000, 0x00000000f7080000)
 concurrent mark-sweep generation total 134144K, used 133987K [0x00000000f7d00000, 0x0000000100000000, 0x0000000100000000)
 Metaspace       used 52009K, capacity 54858K, committed 55936K, reserved 1097728K
  class space    used 6332K, capacity 6829K, committed 7040K, reserved 1048576K
2023-01-17T04:33:26.692+0800: 216.600: [GC (Allocation Failure) 2023-01-17T04:33:26.692+0800: 216.600: [ParNew: 115199K->115199K(115200K), 0.0000259 secs]2023-01-17T04:33:26.692+0800: 216.600: [CMS: 133987K->134143K(134144K), 0.1895422 secs] 249187K->140218K(249344K), [Metaspace: 52009K->52009K(1097728K)], 0.1899766 secs] [Times: user=0.19 sys=0.00, real=0.19 secs] 
Heap after GC invocations=305 (full 346):
 par new generation   total 115200K, used 6074K [0x00000000f0000000, 0x00000000f7d00000, 0x00000000f7d00000)
  eden space 102400K,   5% used [0x00000000f0000000, 0x00000000f05eeb10, 0x00000000f6400000)
  from space 12800K,   0% used [0x00000000f7080000, 0x00000000f7080000, 0x00000000f7d00000)
  to   space 12800K,   0% used [0x00000000f6400000, 0x00000000f6400000, 0x00000000f7080000)
 concurrent mark-sweep generation total 134144K, used 134143K [0x00000000f7d00000, 0x0000000100000000, 0x0000000100000000)
 Metaspace       used 52009K, capacity 54858K, committed 55936K, reserved 1097728K
  class space    used 6332K, capacity 6829K, committed 7040K, reserved 1048576K
}
2023-01-17T04:33:26.886+0800: 216.794: [GC (CMS Initial Mark) [1 CMS-initial-mark: 134143K(134144K)] 140329K(249344K), 0.0046818 secs] [Times: user=0.01 sys=0.00, real=0.01 secs] 
2023-01-17T04:33:26.891+0800: 216.799: [CMS-concurrent-mark-start]
2023-01-17T04:33:26.954+0800: 216.861: [CMS-concurrent-mark: 0.063/0.063 secs] [Times: user=0.15 sys=0.01, real=0.06 secs] 
2023-01-17T04:33:26.954+0800: 216.862: [CMS-concurrent-preclean-start]
2023-01-17T04:33:26.998+0800: 216.905: [CMS-concurrent-preclean: 0.044/0.044 secs] [Times: user=0.10 sys=0.01, real=0.04 secs] 
2023-01-17T04:33:26.998+0800: 216.906: [CMS-concurrent-abortable-preclean-start]
2023-01-17T04:33:26.998+0800: 216.906: [CMS-concurrent-abortable-preclean: 0.000/0.000 secs] [Times: user=0.00 sys=0.00, real=0.00 secs] 
2023-01-17T04:33:27.122+0800: 217.029: [GC (CMS Final Remark) [YG occupancy: 109465 K (115200 K)]2023-01-17T04:33:27.122+0800: 217.030: [Rescan (parallel) , 0.0497359 secs]2023-01-17T04:33:27.172+0800: 217.079: [weak refs processing, 0.0000490 secs]2023-01-17T04:33:27.172+0800: 217.079: [class unloading, 0.0136470 secs]2023-01-17T04:33:27.185+0800: 217.093: [scrub symbol table, 0.0051732 secs]2023-01-17T04:33:27.191+0800: 217.098: [scrub string table, 0.0008992 secs][1 CMS-remark: 134143K(134144K)] 243609K(249344K), 0.0697786 secs] [Times: user=0.14 sys=0.01, real=0.07 secs] 
2023-01-17T04:33:27.193+0800: 217.101: [CMS-concurrent-sweep-start]
2023-01-17T04:33:27.215+0800: 217.123: [CMS-concurrent-sweep: 0.022/0.022 secs] [Times: user=0.05 sys=0.00, real=0.02 secs] 
2023-01-17T04:33:27.216+0800: 217.123: [CMS-concurrent-reset-start]
2023-01-17T04:33:27.216+0800: 217.124: [CMS-concurrent-reset: 0.001/0.001 secs] [Times: user=0.00 sys=0.00, real=0.00 secs] 
{Heap before GC invocations=305 (full 347):
 par new generation   total 115200K, used 115199K [0x00000000f0000000, 0x00000000f7d00000, 0x00000000f7d00000)
  eden space 102400K, 100% used [0x00000000f0000000, 0x00000000f6400000, 0x00000000f6400000)
  from space 12800K,  99% used [0x00000000f7080000, 0x00000000f7cffff0, 0x00000000f7d00000)
  to   space 12800K,   0% used [0x00000000f6400000, 0x00000000f6400000, 0x00000000f7080000)
 concurrent mark-sweep generation total 134144K, used 134100K [0x00000000f7d00000, 0x0000000100000000, 0x0000000100000000)
 Metaspace       used 52009K, capacity 54858K, committed 55936K, reserved 1097728K
  class space    used 6332K, capacity 6829K, committed 7040K, reserved 1048576K
2023-01-17T04:33:27.408+0800: 217.316: [GC (Allocation Failure) 2023-01-17T04:33:27.408+0800: 217.316: [ParNew: 115199K->115199K(115200K), 0.0000272 secs]2023-01-17T04:33:27.408+0800: 217.316: [CMS: 134100K->134143K(134144K), 0.1846906 secs] 249300K->140203K(249344K), [Metaspace: 52009K->52009K(1097728K)], 0.1851074 secs] [Times: user=0.19 sys=0.00, real=0.19 secs] 
Heap after GC invocations=306 (full 348):
 par new generation   total 115200K, used 6059K [0x00000000f0000000, 0x00000000f7d00000, 0x00000000f7d00000)
  eden space 102400K,   5% used [0x00000000f0000000, 0x00000000f05eaeb0, 0x00000000f6400000)
  from space 12800K,   0% used [0x00000000f7080000, 0x00000000f7080000, 0x00000000f7d00000)
  to   space 12800K,   0% used [0x00000000f6400000, 0x00000000f6400000, 0x00000000f7080000)
 concurrent mark-sweep generation total 134144K, used 134143K [0x00000000f7d00000, 0x0000000100000000, 0x0000000100000000)
 Metaspace       used 52009K, capacity 54858K, committed 55936K, reserved 1097728K
  class space    used 6332K, capacity 6829K, committed 7040K, reserved 1048576K
}
2023-01-17T04:33:27.597+0800: 217.505: [GC (CMS Initial Mark) [1 CMS-initial-mark: 134143K(134144K)] 140517K(249344K), 0.0046184 secs] [Times: user=0.02 sys=0.00, real=0.01 secs] 
2023-01-17T04:33:27.602+0800: 217.510: [CMS-concurrent-mark-start]
2023-01-17T04:33:27.672+0800: 217.580: [CMS-concurrent-mark: 0.070/0.070 secs] [Times: user=0.18 sys=0.03, real=0.07 secs] 
2023-01-17T04:33:27.672+0800: 217.580: [CMS-concurrent-preclean-start]
2023-01-17T04:33:27.718+0800: 217.626: [CMS-concurrent-preclean: 0.046/0.046 secs] [Times: user=0.13 sys=0.02, real=0.04 secs] 
2023-01-17T04:33:27.718+0800: 217.626: [CMS-concurrent-abortable-preclean-start]
2023-01-17T04:33:27.718+0800: 217.626: [CMS-concurrent-abortable-preclean: 0.000/0.000 secs] [Times: user=0.00 sys=0.00, real=0.00 secs] 
2023-01-17T04:33:27.723+0800: 217.631: [GC (CMS Final Remark) [YG occupancy: 74115 K (115200 K)]2023-01-17T04:33:27.724+0800: 217.631: [Rescan (parallel) , 0.0216017 secs]2023-01-17T04:33:27.745+0800: 217.653: [weak refs processing, 0.0000456 secs]2023-01-17T04:33:27.745+0800: 217.653: [class unloading, 0.0137930 secs]2023-01-17T04:33:27.759+0800: 217.667: [scrub symbol table, 0.0052832 secs]2023-01-17T04:33:27.764+0800: 217.672: [scrub string table, 0.0008986 secs][1 CMS-remark: 134143K(134144K)] 208259K(249344K), 0.0418570 secs] [Times: user=0.11 sys=0.00, real=0.04 secs] 
2023-01-17T04:33:27.766+0800: 217.673: [CMS-concurrent-sweep-start]
2023-01-17T04:33:27.782+0800: 217.690: [CMS-concurrent-sweep: 0.017/0.017 secs] [Times: user=0.04 sys=0.02, real=0.02 secs] 
2023-01-17T04:33:27.783+0800: 217.690: [CMS-concurrent-reset-start]
2023-01-17T04:33:27.783+0800: 217.690: [CMS-concurrent-reset: 0.000/0.000 secs] [Times: user=0.00 sys=0.00, real=0.00 secs] 
{Heap before GC invocations=306 (full 349):
 par new generation   total 115200K, used 115199K [0x00000000f0000000, 0x00000000f7d00000, 0x00000000f7d00000)
  eden space 102400K, 100% used [0x00000000f0000000, 0x00000000f6400000, 0x00000000f6400000)
  from space 12800K,  99% used [0x00000000f7080000, 0x00000000f7cffc20, 0x00000000f7d00000)
  to   space 12800K,   0% used [0x00000000f6400000, 0x00000000f6400000, 0x00000000f7080000)
 concurrent mark-sweep generation total 134144K, used 134112K [0x00000000f7d00000, 0x0000000100000000, 0x0000000100000000)
 Metaspace       used 52009K, capacity 54858K, committed 55936K, reserved 1097728K
  class space    used 6332K, capacity 6829K, committed 7040K, reserved 1048576K
2023-01-17T04:33:28.138+0800: 218.046: [GC (Allocation Failure) 2023-01-17T04:33:28.139+0800: 218.046: [ParNew: 115199K->115199K(115200K), 0.0000369 secs]2023-01-17T04:33:28.139+0800: 218.046: [CMS: 134112K->134143K(134144K), 0.1888988 secs] 249311K->140212K(249344K), [Metaspace: 52009K->52009K(1097728K)], 0.1894338 secs] [Times: user=0.19 sys=0.00, real=0.19 secs] 
Heap after GC invocations=307 (full 350):
 par new generation   total 115200K, used 6069K [0x00000000f0000000, 0x00000000f7d00000, 0x00000000f7d00000)
  eden space 102400K,   5% used [0x00000000f0000000, 0x00000000f05ed410, 0x00000000f6400000)
  from space 12800K,   0% used [0x00000000f7080000, 0x00000000f7080000, 0x00000000f7d00000)
  to   space 12800K,   0% used [0x00000000f6400000, 0x00000000f6400000, 0x00000000f7080000)
 concurrent mark-sweep generation total 134144K, used 134143K [0x00000000f7d00000, 0x0000000100000000, 0x0000000100000000)
 Metaspace       used 52009K, capacity 54858K, committed 55936K, reserved 1097728K
  class space    used 6332K, capacity 6829K, committed 7040K, reserved 1048576K
}
2023-01-17T04:33:28.332+0800: 218.240: [GC (CMS Initial Mark) [1 CMS-initial-mark: 134143K(134144K)] 140500K(249344K), 0.0061228 secs] [Times: user=0.02 sys=0.01, real=0.00 secs] 
2023-01-17T04:33:28.339+0800: 218.247: [CMS-concurrent-mark-start]
2023-01-17T04:33:28.405+0800: 218.313: [CMS-concurrent-mark: 0.066/0.066 secs] [Times: user=0.13 sys=0.01, real=0.07 secs] 
2023-01-17T04:33:28.405+0800: 218.313: [CMS-concurrent-preclean-start]
2023-01-17T04:33:28.455+0800: 218.363: [CMS-concurrent-preclean: 0.049/0.049 secs] [Times: user=0.12 sys=0.01, real=0.05 secs] 
2023-01-17T04:33:28.455+0800: 218.363: [CMS-concurrent-abortable-preclean-start]
2023-01-17T04:33:28.455+0800: 218.363: [CMS-concurrent-abortable-preclean: 0.000/0.000 secs] [Times: user=0.00 sys=0.00, real=0.00 secs] 
2023-01-17T04:33:28.459+0800: 218.367: [GC (CMS Final Remark) [YG occupancy: 46443 K (115200 K)]2023-01-17T04:33:28.459+0800: 218.367: [Rescan (parallel) , 0.0148783 secs]2023-01-17T04:33:28.474+0800: 218.382: [weak refs processing, 0.0000428 secs]2023-01-17T04:33:28.474+0800: 218.382: [class unloading, 0.0130581 secs]2023-01-17T04:33:28.487+0800: 218.395: [scrub symbol table, 0.0050135 secs]2023-01-17T04:33:28.492+0800: 218.400: [scrub string table, 0.0008703 secs][1 CMS-remark: 134143K(134144K)] 180587K(249344K), 0.0340252 secs] [Times: user=0.08 sys=0.00, real=0.04 secs] 
2023-01-17T04:33:28.493+0800: 218.401: [CMS-concurrent-sweep-start]
2023-01-17T04:33:28.514+0800: 218.421: [CMS-concurrent-sweep: 0.020/0.020 secs] [Times: user=0.06 sys=0.01, real=0.02 secs] 
2023-01-17T04:33:28.514+0800: 218.422: [CMS-concurrent-reset-start]
2023-01-17T04:33:28.514+0800: 218.422: [CMS-concurrent-reset: 0.000/0.000 secs] [Times: user=0.01 sys=0.00, real=0.00 secs] 
{Heap before GC invocations=307 (full 351):
 par new generation   total 115200K, used 115199K [0x00000000f0000000, 0x00000000f7d00000, 0x00000000f7d00000)
  eden space 102400K, 100% used [0x00000000f0000000, 0x00000000f6400000, 0x00000000f6400000)
  from space 12800K,  99% used [0x00000000f7080000, 0x00000000f7cffff0, 0x00000000f7d00000)
  to   space 12800K,   0% used [0x00000000f6400000, 0x00000000f6400000, 0x00000000f7080000)
 concurrent mark-sweep generation total 134144K, used 134123K [0x00000000f7d00000, 0x0000000100000000, 0x0000000100000000)
 Metaspace       used 52012K, capacity 54858K, committed 55936K, reserved 1097728K
  class space    used 6332K, capacity 6829K, committed 7040K, reserved 1048576K
2023-01-17T04:33:28.860+0800: 218.768: [GC (Allocation Failure) 2023-01-17T04:33:28.860+0800: 218.768: [ParNew: 115199K->115199K(115200K), 0.0000364 secs]2023-01-17T04:33:28.860+0800: 218.768: [CMS: 134123K->134143K(134144K), 0.2037124 secs] 249323K->140194K(249344K), [Metaspace: 52012K->52012K(1097728K)], 0.2042594 secs] [Times: user=0.21 sys=0.00, real=0.20 secs] 
Heap after GC invocations=308 (full 352):
 par new generation   total 115200K, used 6050K [0x00000000f0000000, 0x00000000f7d00000, 0x00000000f7d00000)
  eden space 102400K,   5% used [0x00000000f0000000, 0x00000000f05e8870, 0x00000000f6400000)
  from space 12800K,   0% used [0x00000000f7080000, 0x00000000f7080000, 0x00000000f7d00000)
  to   space 12800K,   0% used [0x00000000f6400000, 0x00000000f6400000, 0x00000000f7080000)
 concurrent mark-sweep generation total 134144K, used 134143K [0x00000000f7d00000, 0x0000000100000000, 0x0000000100000000)
 Metaspace       used 52012K, capacity 54858K, committed 55936K, reserved 1097728K
  class space    used 6332K, capacity 6829K, committed 7040K, reserved 1048576K
}
2023-01-17T04:33:29.074+0800: 218.982: [GC (CMS Initial Mark) [1 CMS-initial-mark: 134143K(134144K)] 146029K(249344K), 0.0058826 secs] [Times: user=0.02 sys=0.00, real=0.01 secs] 
2023-01-17T04:33:29.081+0800: 218.988: [CMS-concurrent-mark-start]
2023-01-17T04:33:29.162+0800: 219.070: [CMS-concurrent-mark: 0.082/0.082 secs] [Times: user=0.24 sys=0.05, real=0.08 secs] 
2023-01-17T04:33:29.162+0800: 219.070: [CMS-concurrent-preclean-start]
2023-01-17T04:33:29.208+0800: 219.116: [CMS-concurrent-preclean: 0.046/0.046 secs] [Times: user=0.14 sys=0.03, real=0.04 secs] 
2023-01-17T04:33:29.208+0800: 219.116: [CMS-concurrent-abortable-preclean-start]
2023-01-17T04:33:29.208+0800: 219.116: [CMS-concurrent-abortable-preclean: 0.000/0.000 secs] [Times: user=0.00 sys=0.00, real=0.00 secs] 
2023-01-17T04:33:29.213+0800: 219.120: [GC (CMS Final Remark) [YG occupancy: 74323 K (115200 K)]2023-01-17T04:33:29.213+0800: 219.121: [Rescan (parallel) , 0.0208996 secs]2023-01-17T04:33:29.234+0800: 219.141: [weak refs processing, 0.0000457 secs]2023-01-17T04:33:29.234+0800: 219.142: [class unloading, 0.0136981 secs]2023-01-17T04:33:29.247+0800: 219.155: [scrub symbol table, 0.0051514 secs]2023-01-17T04:33:29.253+0800: 219.160: [scrub string table, 0.0008779 secs][1 CMS-remark: 134143K(134144K)] 208467K(249344K), 0.0408798 secs] [Times: user=0.10 sys=0.00, real=0.04 secs] 
2023-01-17T04:33:29.254+0800: 219.162: [CMS-concurrent-sweep-start]
2023-01-17T04:33:29.276+0800: 219.184: [CMS-concurrent-sweep: 0.022/0.022 secs] [Times: user=0.07 sys=0.00, real=0.02 secs] 
2023-01-17T04:33:29.276+0800: 219.184: [CMS-concurrent-reset-start]
2023-01-17T04:33:29.277+0800: 219.184: [CMS-concurrent-reset: 0.000/0.000 secs] [Times: user=0.00 sys=0.00, real=0.00 secs] 
{Heap before GC invocations=308 (full 353):
 par new generation   total 115200K, used 115199K [0x00000000f0000000, 0x00000000f7d00000, 0x00000000f7d00000)
  eden space 102400K,  99% used [0x00000000f0000000, 0x00000000f63ffff8, 0x00000000f6400000)
  from space 12800K,  99% used [0x00000000f7080000, 0x00000000f7cffff8, 0x00000000f7d00000)
  to   space 12800K,   0% used [0x00000000f6400000, 0x00000000f6400000, 0x00000000f7080000)
 concurrent mark-sweep generation total 134144K, used 134078K [0x00000000f7d00000, 0x0000000100000000, 0x0000000100000000)
 Metaspace       used 52014K, capacity 54858K, committed 55936K, reserved 1097728K
  class space    used 6332K, capacity 6829K, committed 7040K, reserved 1048576K
2023-01-17T04:33:29.620+0800: 219.528: [GC (Allocation Failure) 2023-01-17T04:33:29.620+0800: 219.528: [ParNew: 115199K->115199K(115200K), 0.0000279 secs]2023-01-17T04:33:29.620+0800: 219.528: [CMS: 134078K->134143K(134144K), 0.2052631 secs] 249278K->140164K(249344K), [Metaspace: 52014K->52014K(1097728K)], 0.2057114 secs] [Times: user=0.21 sys=0.00, real=0.20 secs] 
Heap after GC invocations=309 (full 354):
 par new generation   total 115200K, used 6020K [0x00000000f0000000, 0x00000000f7d00000, 0x00000000f7d00000)
  eden space 102400K,   5% used [0x00000000f0000000, 0x00000000f05e1370, 0x00000000f6400000)
  from space 12800K,   0% used [0x00000000f7080000, 0x00000000f7080000, 0x00000000f7d00000)
  to   space 12800K,   0% used [0x00000000f6400000, 0x00000000f6400000, 0x00000000f7080000)
 concurrent mark-sweep generation total 134144K, used 134143K [0x00000000f7d00000, 0x0000000100000000, 0x0000000100000000)
 Metaspace       used 52014K, capacity 54858K, committed 55936K, reserved 1097728K
  class space    used 6332K, capacity 6829K, committed 7040K, reserved 1048576K
}
2023-01-17T04:33:29.831+0800: 219.739: [GC (CMS Initial Mark) [1 CMS-initial-mark: 134143K(134144K)] 141478K(249344K), 0.0046948 secs] [Times: user=0.02 sys=0.00, real=0.00 secs] 
2023-01-17T04:33:29.836+0800: 219.744: [CMS-concurrent-mark-start]
2023-01-17T04:33:29.901+0800: 219.809: [CMS-concurrent-mark: 0.064/0.064 secs] [Times: user=0.16 sys=0.02, real=0.07 secs] 
2023-01-17T04:33:29.901+0800: 219.809: [CMS-concurrent-preclean-start]
2023-01-17T04:33:29.938+0800: 219.846: [CMS-concurrent-preclean: 0.037/0.037 secs] [Times: user=0.07 sys=0.01, real=0.03 secs] 
2023-01-17T04:33:29.938+0800: 219.846: [CMS-concurrent-abortable-preclean-start]
2023-01-17T04:33:29.938+0800: 219.846: [CMS-concurrent-abortable-preclean: 0.000/0.000 secs] [Times: user=0.00 sys=0.00, real=0.00 secs] 
2023-01-17T04:33:29.943+0800: 219.851: [GC (CMS Final Remark) [YG occupancy: 48306 K (115200 K)]2023-01-17T04:33:29.943+0800: 219.851: [Rescan (parallel) , 0.0141041 secs]2023-01-17T04:33:29.957+0800: 219.865: [weak refs processing, 0.0000413 secs]2023-01-17T04:33:29.957+0800: 219.865: [class unloading, 0.0131830 secs]2023-01-17T04:33:29.970+0800: 219.878: [scrub symbol table, 0.0051296 secs]2023-01-17T04:33:29.975+0800: 219.883: [scrub string table, 0.0008686 secs][1 CMS-remark: 134143K(134144K)] 182450K(249344K), 0.0334869 secs] [Times: user=0.07 sys=0.00, real=0.03 secs] 
2023-01-17T04:33:29.977+0800: 219.885: [CMS-concurrent-sweep-start]
2023-01-17T04:33:29.995+0800: 219.903: [CMS-concurrent-sweep: 0.018/0.018 secs] [Times: user=0.05 sys=0.00, real=0.02 secs] 
2023-01-17T04:33:29.995+0800: 219.903: [CMS-concurrent-reset-start]
2023-01-17T04:33:29.995+0800: 219.903: [CMS-concurrent-reset: 0.000/0.000 secs] [Times: user=0.00 sys=0.00, real=0.00 secs] 
{Heap before GC invocations=309 (full 355):
 par new generation   total 115200K, used 115199K [0x00000000f0000000, 0x00000000f7d00000, 0x00000000f7d00000)
  eden space 102400K, 100% used [0x00000000f0000000, 0x00000000f6400000, 0x00000000f6400000)
  from space 12800K,  99% used [0x00000000f7080000, 0x00000000f7cffff8, 0x00000000f7d00000)
  to   space 12800K,   0% used [0x00000000f6400000, 0x00000000f6400000, 0x00000000f7080000)
 concurrent mark-sweep generation total 134144K, used 134045K [0x00000000f7d00000, 0x0000000100000000, 0x0000000100000000)
 Metaspace       used 52018K, capacity 54858K, committed 55936K, reserved 1097728K
  class space    used 6332K, capacity 6829K, committed 7040K, reserved 1048576K
2023-01-17T04:33:30.355+0800: 220.263: [GC (Allocation Failure) 2023-01-17T04:33:30.356+0800: 220.263: [ParNew: 115199K->115199K(115200K), 0.0000260 secs]2023-01-17T04:33:30.356+0800: 220.264: [CMS: 134045K->134144K(134144K), 0.1860555 secs] 249245K->140199K(249344K), [Metaspace: 52018K->52018K(1097728K)], 0.1864656 secs] [Times: user=0.19 sys=0.00, real=0.19 secs] 
Heap after GC invocations=310 (full 356):
 par new generation   total 115200K, used 6055K [0x00000000f0000000, 0x00000000f7d00000, 0x00000000f7d00000)
  eden space 102400K,   5% used [0x00000000f0000000, 0x00000000f05e9c50, 0x00000000f6400000)
  from space 12800K,   0% used [0x00000000f7080000, 0x00000000f7080000, 0x00000000f7d00000)
  to   space 12800K,   0% used [0x00000000f6400000, 0x00000000f6400000, 0x00000000f7080000)
 concurrent mark-sweep generation total 134144K, used 134144K [0x00000000f7d00000, 0x0000000100000000, 0x0000000100000000)
 Metaspace       used 52018K, capacity 54858K, committed 55936K, reserved 1097728K
  class space    used 6332K, capacity 6829K, committed 7040K, reserved 1048576K
}
2023-01-17T04:33:30.550+0800: 220.458: [GC (CMS Initial Mark) [1 CMS-initial-mark: 134144K(134144K)] 143714K(249344K), 0.0061689 secs] [Times: user=0.02 sys=0.00, real=0.00 secs] 
2023-01-17T04:33:30.557+0800: 220.464: [CMS-concurrent-mark-start]
2023-01-17T04:33:30.629+0800: 220.536: [CMS-concurrent-mark: 0.072/0.072 secs] [Times: user=0.19 sys=0.02, real=0.07 secs] 
2023-01-17T04:33:30.629+0800: 220.537: [CMS-concurrent-preclean-start]
2023-01-17T04:33:30.674+0800: 220.582: [CMS-concurrent-preclean: 0.045/0.045 secs] [Times: user=0.12 sys=0.01, real=0.05 secs] 
2023-01-17T04:33:30.674+0800: 220.582: [CMS-concurrent-abortable-preclean-start]
2023-01-17T04:33:30.674+0800: 220.582: [CMS-concurrent-abortable-preclean: 0.000/0.000 secs] [Times: user=0.00 sys=0.00, real=0.00 secs] 
2023-01-17T04:33:30.679+0800: 220.586: [GC (CMS Final Remark) [YG occupancy: 68880 K (115200 K)]2023-01-17T04:33:30.679+0800: 220.587: [Rescan (parallel) , 0.0274135 secs]2023-01-17T04:33:30.706+0800: 220.614: [weak refs processing, 0.0000501 secs]2023-01-17T04:33:30.706+0800: 220.614: [class unloading, 0.0143538 secs]2023-01-17T04:33:30.721+0800: 220.628: [scrub symbol table, 0.0051029 secs]2023-01-17T04:33:30.726+0800: 220.634: [scrub string table, 0.0008906 secs][1 CMS-remark: 134144K(134144K)] 203024K(249344K), 0.0480581 secs] [Times: user=0.10 sys=0.00, real=0.05 secs] 
2023-01-17T04:33:30.727+0800: 220.635: [CMS-concurrent-sweep-start]
2023-01-17T04:33:30.746+0800: 220.654: [CMS-concurrent-sweep: 0.019/0.019 secs] [Times: user=0.05 sys=0.01, real=0.02 secs] 
2023-01-17T04:33:30.747+0800: 220.654: [CMS-concurrent-reset-start]
2023-01-17T04:33:30.747+0800: 220.655: [CMS-concurrent-reset: 0.000/0.000 secs] [Times: user=0.00 sys=0.00, real=0.00 secs] 
{Heap before GC invocations=310 (full 357):
 par new generation   total 115200K, used 115199K [0x00000000f0000000, 0x00000000f7d00000, 0x00000000f7d00000)
  eden space 102400K, 100% used [0x00000000f0000000, 0x00000000f6400000, 0x00000000f6400000)
  from space 12800K,  99% used [0x00000000f7080000, 0x00000000f7cffff8, 0x00000000f7d00000)
  to   space 12800K,   0% used [0x00000000f6400000, 0x00000000f6400000, 0x00000000f7080000)
 concurrent mark-sweep generation total 134144K, used 134089K [0x00000000f7d00000, 0x0000000100000000, 0x0000000100000000)
 Metaspace       used 52018K, capacity 54858K, committed 55936K, reserved 1097728K
  class space    used 6332K, capacity 6829K, committed 7040K, reserved 1048576K
2023-01-17T04:33:31.073+0800: 220.981: [GC (Allocation Failure) 2023-01-17T04:33:31.073+0800: 220.981: [ParNew: 115199K->115199K(115200K), 0.0000372 secs]2023-01-17T04:33:31.073+0800: 220.981: [CMS: 134089K->134143K(134144K), 0.1988627 secs] 249289K->140187K(249344K), [Metaspace: 52018K->52018K(1097728K)], 0.1992634 secs] [Times: user=0.20 sys=0.00, real=0.20 secs] 
Heap after GC invocations=311 (full 358):
 par new generation   total 115200K, used 6043K [0x00000000f0000000, 0x00000000f7d00000, 0x00000000f7d00000)
  eden space 102400K,   5% used [0x00000000f0000000, 0x00000000f05e6cf0, 0x00000000f6400000)
  from space 12800K,   0% used [0x00000000f7080000, 0x00000000f7080000, 0x00000000f7d00000)
  to   space 12800K,   0% used [0x00000000f6400000, 0x00000000f6400000, 0x00000000f7080000)
 concurrent mark-sweep generation total 134144K, used 134143K [0x00000000f7d00000, 0x0000000100000000, 0x0000000100000000)
 Metaspace       used 52018K, capacity 54858K, committed 55936K, reserved 1097728K
  class space    used 6332K, capacity 6829K, committed 7040K, reserved 1048576K
}
2023-01-17T04:33:31.284+0800: 221.192: [GC (CMS Initial Mark) [1 CMS-initial-mark: 134143K(134144K)] 147227K(249344K), 0.0061045 secs] [Times: user=0.02 sys=0.00, real=0.01 secs] 
2023-01-17T04:33:31.291+0800: 221.199: [CMS-concurrent-mark-start]
2023-01-17T04:33:31.364+0800: 221.272: [CMS-concurrent-mark: 0.073/0.073 secs] [Times: user=0.21 sys=0.03, real=0.07 secs] 
2023-01-17T04:33:31.364+0800: 221.272: [CMS-concurrent-preclean-start]
2023-01-17T04:33:31.400+0800: 221.308: [CMS-concurrent-preclean: 0.036/0.036 secs] [Times: user=0.10 sys=0.01, real=0.04 secs] 
2023-01-17T04:33:31.400+0800: 221.308: [CMS-concurrent-abortable-preclean-start]
2023-01-17T04:33:31.400+0800: 221.308: [CMS-concurrent-abortable-preclean: 0.000/0.000 secs] [Times: user=0.00 sys=0.00, real=0.00 secs] 
2023-01-17T04:33:31.405+0800: 221.313: [GC (CMS Final Remark) [YG occupancy: 73662 K (115200 K)]2023-01-17T04:33:31.405+0800: 221.313: [Rescan (parallel) , 0.0271788 secs]2023-01-17T04:33:31.432+0800: 221.340: [weak refs processing, 0.0000431 secs]2023-01-17T04:33:31.432+0800: 221.340: [class unloading, 0.0136152 secs]2023-01-17T04:33:31.446+0800: 221.354: [scrub symbol table, 0.0051528 secs]2023-01-17T04:33:31.451+0800: 221.359: [scrub string table, 0.0008601 secs][1 CMS-remark: 134143K(134144K)] 207806K(249344K), 0.0470612 secs] [Times: user=0.11 sys=0.00, real=0.05 secs] 
2023-01-17T04:33:31.452+0800: 221.360: [CMS-concurrent-sweep-start]
2023-01-17T04:33:31.469+0800: 221.377: [CMS-concurrent-sweep: 0.017/0.017 secs] [Times: user=0.04 sys=0.01, real=0.01 secs] 
2023-01-17T04:33:31.469+0800: 221.377: [CMS-concurrent-reset-start]
2023-01-17T04:33:31.470+0800: 221.377: [CMS-concurrent-reset: 0.000/0.000 secs] [Times: user=0.00 sys=0.00, real=0.01 secs] 
{Heap before GC invocations=311 (full 359):
 par new generation   total 115200K, used 115199K [0x00000000f0000000, 0x00000000f7d00000, 0x00000000f7d00000)
  eden space 102400K, 100% used [0x00000000f0000000, 0x00000000f6400000, 0x00000000f6400000)
  from space 12800K,  99% used [0x00000000f7080000, 0x00000000f7cffd38, 0x00000000f7d00000)
  to   space 12800K,   0% used [0x00000000f6400000, 0x00000000f6400000, 0x00000000f7080000)
 concurrent mark-sweep generation total 134144K, used 133814K [0x00000000f7d00000, 0x0000000100000000, 0x0000000100000000)
 Metaspace       used 52020K, capacity 54858K, committed 55936K, reserved 1097728K
  class space    used 6332K, capacity 6829K, committed 7040K, reserved 1048576K
2023-01-17T04:33:31.807+0800: 221.715: [GC (Allocation Failure) 2023-01-17T04:33:31.807+0800: 221.715: [ParNew: 115199K->115199K(115200K), 0.0000268 secs]2023-01-17T04:33:31.808+0800: 221.715: [CMS: 133814K->134143K(134144K), 0.2323790 secs] 249014K->140213K(249344K), [Metaspace: 52020K->52020K(1097728K)], 0.2328267 secs] [Times: user=0.24 sys=0.00, real=0.24 secs] 
Heap after GC invocations=312 (full 360):
 par new generation   total 115200K, used 6069K [0x00000000f0000000, 0x00000000f7d00000, 0x00000000f7d00000)
  eden space 102400K,   5% used [0x00000000f0000000, 0x00000000f05ed720, 0x00000000f6400000)
  from space 12800K,   0% used [0x00000000f7080000, 0x00000000f7080000, 0x00000000f7d00000)
  to   space 12800K,   0% used [0x00000000f6400000, 0x00000000f6400000, 0x00000000f7080000)
 concurrent mark-sweep generation total 134144K, used 134143K [0x00000000f7d00000, 0x0000000100000000, 0x0000000100000000)
 Metaspace       used 52020K, capacity 54858K, committed 55936K, reserved 1097728K
  class space    used 6332K, capacity 6829K, committed 7040K, reserved 1048576K
}
2023-01-17T04:33:32.051+0800: 221.959: [GC (CMS Initial Mark) [1 CMS-initial-mark: 134143K(134144K)] 143232K(249344K), 0.0052354 secs] [Times: user=0.01 sys=0.00, real=0.00 secs] 
2023-01-17T04:33:32.057+0800: 221.964: [CMS-concurrent-mark-start]
2023-01-17T04:33:32.136+0800: 222.044: [CMS-concurrent-mark: 0.079/0.079 secs] [Times: user=0.20 sys=0.02, real=0.08 secs] 
2023-01-17T04:33:32.136+0800: 222.044: [CMS-concurrent-preclean-start]
2023-01-17T04:33:32.176+0800: 222.084: [CMS-concurrent-preclean: 0.040/0.040 secs] [Times: user=0.11 sys=0.01, real=0.04 secs] 
2023-01-17T04:33:32.177+0800: 222.084: [CMS-concurrent-abortable-preclean-start]
2023-01-17T04:33:32.177+0800: 222.084: [CMS-concurrent-abortable-preclean: 0.000/0.000 secs] [Times: user=0.00 sys=0.00, real=0.00 secs] 
2023-01-17T04:33:32.181+0800: 222.089: [GC (CMS Final Remark) [YG occupancy: 63161 K (115200 K)]2023-01-17T04:33:32.181+0800: 222.089: [Rescan (parallel) , 0.0189962 secs]2023-01-17T04:33:32.200+0800: 222.108: [weak refs processing, 0.0000494 secs]2023-01-17T04:33:32.200+0800: 222.108: [class unloading, 0.0140668 secs]2023-01-17T04:33:32.214+0800: 222.122: [scrub symbol table, 0.0052854 secs]2023-01-17T04:33:32.219+0800: 222.127: [scrub string table, 0.0008938 secs][1 CMS-remark: 134143K(134144K)] 197305K(249344K), 0.0395191 secs] [Times: user=0.09 sys=0.00, real=0.04 secs] 
2023-01-17T04:33:32.221+0800: 222.128: [CMS-concurrent-sweep-start]
2023-01-17T04:33:32.237+0800: 222.145: [CMS-concurrent-sweep: 0.016/0.016 secs] [Times: user=0.05 sys=0.01, real=0.01 secs] 
2023-01-17T04:33:32.237+0800: 222.145: [CMS-concurrent-reset-start]
2023-01-17T04:33:32.237+0800: 222.145: [CMS-concurrent-reset: 0.000/0.000 secs] [Times: user=0.00 sys=0.00, real=0.00 secs] 
{Heap before GC invocations=312 (full 361):
 par new generation   total 115200K, used 115195K [0x00000000f0000000, 0x00000000f7d00000, 0x00000000f7d00000)
  eden space 102400K, 100% used [0x00000000f0000000, 0x00000000f6400000, 0x00000000f6400000)
  from space 12800K,  99% used [0x00000000f7080000, 0x00000000f7cfecd8, 0x00000000f7d00000)
  to   space 12800K,   0% used [0x00000000f6400000, 0x00000000f6400000, 0x00000000f7080000)
 concurrent mark-sweep generation total 134144K, used 134038K [0x00000000f7d00000, 0x0000000100000000, 0x0000000100000000)
 Metaspace       used 52020K, capacity 54858K, committed 55936K, reserved 1097728K
  class space    used 6332K, capacity 6829K, committed 7040K, reserved 1048576K
2023-01-17T04:33:32.568+0800: 222.476: [GC (Allocation Failure) 2023-01-17T04:33:32.569+0800: 222.476: [ParNew: 115195K->115195K(115200K), 0.0000288 secs]2023-01-17T04:33:32.569+0800: 222.476: [CMS: 134038K->134143K(134144K), 0.1888523 secs] 249234K->140206K(249344K), [Metaspace: 52020K->52020K(1097728K)], 0.1892947 secs] [Times: user=0.19 sys=0.00, real=0.19 secs] 
Heap after GC invocations=313 (full 362):
 par new generation   total 115200K, used 6062K [0x00000000f0000000, 0x00000000f7d00000, 0x00000000f7d00000)
  eden space 102400K,   5% used [0x00000000f0000000, 0x00000000f05eb8a0, 0x00000000f6400000)
  from space 12800K,   0% used [0x00000000f7080000, 0x00000000f7080000, 0x00000000f7d00000)
  to   space 12800K,   0% used [0x00000000f6400000, 0x00000000f6400000, 0x00000000f7080000)
 concurrent mark-sweep generation total 134144K, used 134143K [0x00000000f7d00000, 0x0000000100000000, 0x0000000100000000)
 Metaspace       used 52020K, capacity 54858K, committed 55936K, reserved 1097728K
  class space    used 6332K, capacity 6829K, committed 7040K, reserved 1048576K
}
2023-01-17T04:33:32.763+0800: 222.671: [GC (CMS Initial Mark) [1 CMS-initial-mark: 134143K(134144K)] 141116K(249344K), 0.0045743 secs] [Times: user=0.02 sys=0.00, real=0.00 secs] 
2023-01-17T04:33:32.768+0800: 222.675: [CMS-concurrent-mark-start]
2023-01-17T04:33:32.845+0800: 222.753: [CMS-concurrent-mark: 0.077/0.077 secs] [Times: user=0.23 sys=0.02, real=0.08 secs] 
2023-01-17T04:33:32.845+0800: 222.753: [CMS-concurrent-preclean-start]
2023-01-17T04:33:32.885+0800: 222.793: [CMS-concurrent-preclean: 0.039/0.039 secs] [Times: user=0.11 sys=0.02, real=0.04 secs] 
2023-01-17T04:33:32.885+0800: 222.793: [CMS-concurrent-abortable-preclean-start]
2023-01-17T04:33:32.885+0800: 222.793: [CMS-concurrent-abortable-preclean: 0.000/0.000 secs] [Times: user=0.00 sys=0.00, real=0.00 secs] 
2023-01-17T04:33:32.889+0800: 222.797: [GC (CMS Final Remark) [YG occupancy: 78480 K (115200 K)]2023-01-17T04:33:32.890+0800: 222.797: [Rescan (parallel) , 0.0219233 secs]2023-01-17T04:33:32.911+0800: 222.819: [weak refs processing, 0.0000539 secs]2023-01-17T04:33:32.912+0800: 222.819: [class unloading, 0.0139751 secs]2023-01-17T04:33:32.926+0800: 222.833: [scrub symbol table, 0.0050748 secs]2023-01-17T04:33:32.931+0800: 222.838: [scrub string table, 0.0008840 secs][1 CMS-remark: 134143K(134144K)] 212624K(249344K), 0.0421459 secs] [Times: user=0.10 sys=0.00, real=0.05 secs] 
2023-01-17T04:33:32.932+0800: 222.840: [CMS-concurrent-sweep-start]
2023-01-17T04:33:32.949+0800: 222.857: [CMS-concurrent-sweep: 0.017/0.017 secs] [Times: user=0.05 sys=0.01, real=0.01 secs] 
2023-01-17T04:33:32.949+0800: 222.857: [CMS-concurrent-reset-start]
2023-01-17T04:33:32.950+0800: 222.857: [CMS-concurrent-reset: 0.000/0.000 secs] [Times: user=0.00 sys=0.00, real=0.01 secs] 
{Heap before GC invocations=313 (full 363):
 par new generation   total 115200K, used 115192K [0x00000000f0000000, 0x00000000f7d00000, 0x00000000f7d00000)
  eden space 102400K, 100% used [0x00000000f0000000, 0x00000000f6400000, 0x00000000f6400000)
  from space 12800K,  99% used [0x00000000f7080000, 0x00000000f7cfe340, 0x00000000f7d00000)
  to   space 12800K,   0% used [0x00000000f6400000, 0x00000000f6400000, 0x00000000f7080000)
 concurrent mark-sweep generation total 134144K, used 133965K [0x00000000f7d00000, 0x0000000100000000, 0x0000000100000000)
 Metaspace       used 52020K, capacity 54858K, committed 55936K, reserved 1097728K
  class space    used 6332K, capacity 6829K, committed 7040K, reserved 1048576K
2023-01-17T04:33:33.304+0800: 223.212: [GC (Allocation Failure) 2023-01-17T04:33:33.304+0800: 223.212: [ParNew: 115192K->115192K(115200K), 0.0000261 secs]2023-01-17T04:33:33.304+0800: 223.212: [CMS: 133965K->134143K(134144K), 0.1903058 secs] 249157K->140217K(249344K), [Metaspace: 52020K->52020K(1097728K)], 0.1907135 secs] [Times: user=0.20 sys=0.00, real=0.19 secs] 
Heap after GC invocations=314 (full 364):
 par new generation   total 115200K, used 6073K [0x00000000f0000000, 0x00000000f7d00000, 0x00000000f7d00000)
  eden space 102400K,   5% used [0x00000000f0000000, 0x00000000f05ee5c0, 0x00000000f6400000)
  from space 12800K,   0% used [0x00000000f7080000, 0x00000000f7080000, 0x00000000f7d00000)
  to   space 12800K,   0% used [0x00000000f6400000, 0x00000000f6400000, 0x00000000f7080000)
 concurrent mark-sweep generation total 134144K, used 134143K [0x00000000f7d00000, 0x0000000100000000, 0x0000000100000000)
 Metaspace       used 52020K, capacity 54858K, committed 55936K, reserved 1097728K
  class space    used 6332K, capacity 6829K, committed 7040K, reserved 1048576K
}
2023-01-17T04:33:33.500+0800: 223.407: [GC (CMS Initial Mark) [1 CMS-initial-mark: 134143K(134144K)] 140657K(249344K), 0.0047648 secs] [Times: user=0.02 sys=0.00, real=0.00 secs] 
2023-01-17T04:33:33.505+0800: 223.413: [CMS-concurrent-mark-start]
2023-01-17T04:33:33.574+0800: 223.481: [CMS-concurrent-mark: 0.069/0.069 secs] [Times: user=0.20 sys=0.04, real=0.07 secs] 
2023-01-17T04:33:33.574+0800: 223.482: [CMS-concurrent-preclean-start]
2023-01-17T04:33:33.615+0800: 223.523: [CMS-concurrent-preclean: 0.041/0.041 secs] [Times: user=0.12 sys=0.02, real=0.04 secs] 
2023-01-17T04:33:33.616+0800: 223.523: [CMS-concurrent-abortable-preclean-start]
2023-01-17T04:33:33.616+0800: 223.523: [CMS-concurrent-abortable-preclean: 0.000/0.000 secs] [Times: user=0.00 sys=0.00, real=0.00 secs] 
2023-01-17T04:33:33.621+0800: 223.528: [GC (CMS Final Remark) [YG occupancy: 74190 K (115200 K)]2023-01-17T04:33:33.621+0800: 223.528: [Rescan (parallel) , 0.0217897 secs]2023-01-17T04:33:33.642+0800: 223.550: [weak refs processing, 0.0000514 secs]2023-01-17T04:33:33.643+0800: 223.550: [class unloading, 0.0141909 secs]2023-01-17T04:33:33.657+0800: 223.565: [scrub symbol table, 0.0052329 secs]2023-01-17T04:33:33.662+0800: 223.570: [scrub string table, 0.0009359 secs][1 CMS-remark: 134143K(134144K)] 208334K(249344K), 0.0424312 secs] [Times: user=0.11 sys=0.00, real=0.04 secs] 
2023-01-17T04:33:33.663+0800: 223.571: [CMS-concurrent-sweep-start]
2023-01-17T04:33:33.680+0800: 223.588: [CMS-concurrent-sweep: 0.017/0.017 secs] [Times: user=0.05 sys=0.01, real=0.02 secs] 
2023-01-17T04:33:33.681+0800: 223.589: [CMS-concurrent-reset-start]
2023-01-17T04:33:33.681+0800: 223.589: [CMS-concurrent-reset: 0.000/0.000 secs] [Times: user=0.00 sys=0.00, real=0.00 secs] 
{Heap before GC invocations=314 (full 365):
 par new generation   total 115200K, used 115199K [0x00000000f0000000, 0x00000000f7d00000, 0x00000000f7d00000)
  eden space 102400K, 100% used [0x00000000f0000000, 0x00000000f6400000, 0x00000000f6400000)
  from space 12800K,  99% used [0x00000000f7080000, 0x00000000f7cffff8, 0x00000000f7d00000)
  to   space 12800K,   0% used [0x00000000f6400000, 0x00000000f6400000, 0x00000000f7080000)
 concurrent mark-sweep generation total 134144K, used 133962K [0x00000000f7d00000, 0x0000000100000000, 0x0000000100000000)
 Metaspace       used 52020K, capacity 54858K, committed 55936K, reserved 1097728K
  class space    used 6332K, capacity 6829K, committed 7040K, reserved 1048576K
2023-01-17T04:33:34.022+0800: 223.930: [GC (Allocation Failure) 2023-01-17T04:33:34.023+0800: 223.930: [ParNew: 115199K->115199K(115200K), 0.0000273 secs]2023-01-17T04:33:34.023+0800: 223.931: [CMS: 133962K->134143K(134144K), 0.1826529 secs] 249162K->140122K(249344K), [Metaspace: 52020K->52020K(1097728K)], 0.1830776 secs] [Times: user=0.19 sys=0.00, real=0.18 secs] 
Heap after GC invocations=315 (full 366):
 par new generation   total 115200K, used 5978K [0x00000000f0000000, 0x00000000f7d00000, 0x00000000f7d00000)
  eden space 102400K,   5% used [0x00000000f0000000, 0x00000000f05d68d0, 0x00000000f6400000)
  from space 12800K,   0% used [0x00000000f7080000, 0x00000000f7080000, 0x00000000f7d00000)
  to   space 12800K,   0% used [0x00000000f6400000, 0x00000000f6400000, 0x00000000f7080000)
 concurrent mark-sweep generation total 134144K, used 134143K [0x00000000f7d00000, 0x0000000100000000, 0x0000000100000000)
 Metaspace       used 52020K, capacity 54858K, committed 55936K, reserved 1097728K
  class space    used 6332K, capacity 6829K, committed 7040K, reserved 1048576K
}
2023-01-17T04:33:34.211+0800: 224.119: [GC (CMS Initial Mark) [1 CMS-initial-mark: 134143K(134144K)] 141612K(249344K), 0.0045856 secs] [Times: user=0.02 sys=0.00, real=0.00 secs] 
2023-01-17T04:33:34.216+0800: 224.124: [CMS-concurrent-mark-start]
2023-01-17T04:33:34.308+0800: 224.216: [CMS-concurrent-mark: 0.092/0.092 secs] [Times: user=0.26 sys=0.05, real=0.09 secs] 
2023-01-17T04:33:34.309+0800: 224.216: [CMS-concurrent-preclean-start]
2023-01-17T04:33:34.351+0800: 224.259: [CMS-concurrent-preclean: 0.042/0.042 secs] [Times: user=0.11 sys=0.02, real=0.05 secs] 
2023-01-17T04:33:34.351+0800: 224.259: [CMS-concurrent-abortable-preclean-start]
2023-01-17T04:33:34.351+0800: 224.259: [CMS-concurrent-abortable-preclean: 0.000/0.000 secs] [Times: user=0.01 sys=0.00, real=0.00 secs] 
2023-01-17T04:33:34.355+0800: 224.263: [GC (CMS Final Remark) [YG occupancy: 96537 K (115200 K)]2023-01-17T04:33:34.355+0800: 224.263: [Rescan (parallel) , 0.0339670 secs]2023-01-17T04:33:34.389+0800: 224.297: [weak refs processing, 0.0000414 secs]2023-01-17T04:33:34.389+0800: 224.297: [class unloading, 0.0130630 secs]2023-01-17T04:33:34.402+0800: 224.310: [scrub symbol table, 0.0051730 secs]2023-01-17T04:33:34.407+0800: 224.315: [scrub string table, 0.0008913 secs][1 CMS-remark: 134143K(134144K)] 230681K(249344K), 0.0533549 secs] [Times: user=0.12 sys=0.00, real=0.05 secs] 
2023-01-17T04:33:34.409+0800: 224.316: [CMS-concurrent-sweep-start]
2023-01-17T04:33:34.426+0800: 224.334: [CMS-concurrent-sweep: 0.018/0.018 secs] [Times: user=0.04 sys=0.00, real=0.02 secs] 
2023-01-17T04:33:34.426+0800: 224.334: [CMS-concurrent-reset-start]
2023-01-17T04:33:34.427+0800: 224.334: [CMS-concurrent-reset: 0.000/0.000 secs] [Times: user=0.00 sys=0.00, real=0.00 secs] 
{Heap before GC invocations=315 (full 367):
 par new generation   total 115200K, used 115199K [0x00000000f0000000, 0x00000000f7d00000, 0x00000000f7d00000)
  eden space 102400K, 100% used [0x00000000f0000000, 0x00000000f6400000, 0x00000000f6400000)
  from space 12800K,  99% used [0x00000000f7080000, 0x00000000f7cffff8, 0x00000000f7d00000)
  to   space 12800K,   0% used [0x00000000f6400000, 0x00000000f6400000, 0x00000000f7080000)
 concurrent mark-sweep generation total 134144K, used 134032K [0x00000000f7d00000, 0x0000000100000000, 0x0000000100000000)
 Metaspace       used 52020K, capacity 54858K, committed 55936K, reserved 1097728K
  class space    used 6332K, capacity 6829K, committed 7040K, reserved 1048576K
2023-01-17T04:33:34.755+0800: 224.663: [GC (Allocation Failure) 2023-01-17T04:33:34.756+0800: 224.663: [ParNew: 115199K->115199K(115200K), 0.0000295 secs]2023-01-17T04:33:34.756+0800: 224.663: [CMS: 134032K->134144K(134144K), 0.1907137 secs] 249232K->140109K(249344K), [Metaspace: 52020K->52020K(1097728K)], 0.1911677 secs] [Times: user=0.20 sys=0.00, real=0.19 secs] 
Heap after GC invocations=316 (full 368):
 par new generation   total 115200K, used 5965K [0x00000000f0000000, 0x00000000f7d00000, 0x00000000f7d00000)
  eden space 102400K,   5% used [0x00000000f0000000, 0x00000000f05d34e0, 0x00000000f6400000)
  from space 12800K,   0% used [0x00000000f7080000, 0x00000000f7080000, 0x00000000f7d00000)
  to   space 12800K,   0% used [0x00000000f6400000, 0x00000000f6400000, 0x00000000f7080000)
 concurrent mark-sweep generation total 134144K, used 134144K [0x00000000f7d00000, 0x0000000100000000, 0x0000000100000000)
 Metaspace       used 52020K, capacity 54858K, committed 55936K, reserved 1097728K
  class space    used 6332K, capacity 6829K, committed 7040K, reserved 1048576K
}
2023-01-17T04:33:34.951+0800: 224.859: [GC (CMS Initial Mark) [1 CMS-initial-mark: 134144K(134144K)] 140487K(249344K), 0.0045415 secs] [Times: user=0.01 sys=0.00, real=0.00 secs] 
2023-01-17T04:33:34.956+0800: 224.864: [CMS-concurrent-mark-start]
2023-01-17T04:33:35.028+0800: 224.936: [CMS-concurrent-mark: 0.072/0.072 secs] [Times: user=0.23 sys=0.03, real=0.07 secs] 
2023-01-17T04:33:35.028+0800: 224.936: [CMS-concurrent-preclean-start]
2023-01-17T04:33:35.075+0800: 224.982: [CMS-concurrent-preclean: 0.046/0.046 secs] [Times: user=0.16 sys=0.01, real=0.05 secs] 
2023-01-17T04:33:35.075+0800: 224.983: [CMS-concurrent-abortable-preclean-start]
2023-01-17T04:33:35.075+0800: 224.983: [CMS-concurrent-abortable-preclean: 0.000/0.000 secs] [Times: user=0.00 sys=0.00, real=0.00 secs] 
2023-01-17T04:33:35.083+0800: 224.991: [GC (CMS Final Remark) [YG occupancy: 84096 K (115200 K)]2023-01-17T04:33:35.083+0800: 224.991: [Rescan (parallel) , 0.0244100 secs]2023-01-17T04:33:35.108+0800: 225.015: [weak refs processing, 0.0000451 secs]2023-01-17T04:33:35.108+0800: 225.015: [class unloading, 0.0139632 secs]2023-01-17T04:33:35.122+0800: 225.029: [scrub symbol table, 0.0051926 secs]2023-01-17T04:33:35.127+0800: 225.035: [scrub string table, 0.0008890 secs][1 CMS-remark: 134144K(134144K)] 218240K(249344K), 0.0447393 secs] [Times: user=0.12 sys=0.00, real=0.04 secs] 
2023-01-17T04:33:35.128+0800: 225.036: [CMS-concurrent-sweep-start]
2023-01-17T04:33:35.146+0800: 225.054: [CMS-concurrent-sweep: 0.018/0.018 secs] [Times: user=0.05 sys=0.01, real=0.02 secs] 
2023-01-17T04:33:35.147+0800: 225.054: [CMS-concurrent-reset-start]
2023-01-17T04:33:35.147+0800: 225.055: [CMS-concurrent-reset: 0.000/0.000 secs] [Times: user=0.00 sys=0.00, real=0.00 secs] 
{Heap before GC invocations=316 (full 369):
 par new generation   total 115200K, used 115194K [0x00000000f0000000, 0x00000000f7d00000, 0x00000000f7d00000)
  eden space 102400K, 100% used [0x00000000f0000000, 0x00000000f6400000, 0x00000000f6400000)
  from space 12800K,  99% used [0x00000000f7080000, 0x00000000f7cfea30, 0x00000000f7d00000)
  to   space 12800K,   0% used [0x00000000f6400000, 0x00000000f6400000, 0x00000000f7080000)
 concurrent mark-sweep generation total 134144K, used 134058K [0x00000000f7d00000, 0x0000000100000000, 0x0000000100000000)
 Metaspace       used 52020K, capacity 54858K, committed 55936K, reserved 1097728K
  class space    used 6332K, capacity 6829K, committed 7040K, reserved 1048576K
2023-01-17T04:33:35.495+0800: 225.403: [GC (Allocation Failure) 2023-01-17T04:33:35.496+0800: 225.403: [ParNew: 115194K->115194K(115200K), 0.0000262 secs]2023-01-17T04:33:35.496+0800: 225.404: [CMS: 134058K->134143K(134144K), 0.1854882 secs] 249253K->140171K(249344K), [Metaspace: 52020K->52020K(1097728K)], 0.1859037 secs] [Times: user=0.19 sys=0.00, real=0.19 secs] 
Heap after GC invocations=317 (full 370):
 par new generation   total 115200K, used 6027K [0x00000000f0000000, 0x00000000f7d00000, 0x00000000f7d00000)
  eden space 102400K,   5% used [0x00000000f0000000, 0x00000000f05e2d20, 0x00000000f6400000)
  from space 12800K,   0% used [0x00000000f7080000, 0x00000000f7080000, 0x00000000f7d00000)
  to   space 12800K,   0% used [0x00000000f6400000, 0x00000000f6400000, 0x00000000f7080000)
 concurrent mark-sweep generation total 134144K, used 134143K [0x00000000f7d00000, 0x0000000100000000, 0x0000000100000000)
 Metaspace       used 52020K, capacity 54858K, committed 55936K, reserved 1097728K
  class space    used 6332K, capacity 6829K, committed 7040K, reserved 1048576K
}
2023-01-17T04:33:35.689+0800: 225.596: [GC (CMS Initial Mark) [1 CMS-initial-mark: 134143K(134144K)] 142172K(249344K), 0.0061091 secs] [Times: user=0.02 sys=0.00, real=0.01 secs] 
2023-01-17T04:33:35.695+0800: 225.603: [CMS-concurrent-mark-start]
2023-01-17T04:33:35.763+0800: 225.671: [CMS-concurrent-mark: 0.068/0.068 secs] [Times: user=0.15 sys=0.01, real=0.07 secs] 
2023-01-17T04:33:35.763+0800: 225.671: [CMS-concurrent-preclean-start]
2023-01-17T04:33:35.811+0800: 225.719: [CMS-concurrent-preclean: 0.047/0.047 secs] [Times: user=0.12 sys=0.01, real=0.05 secs] 
2023-01-17T04:33:35.811+0800: 225.719: [CMS-concurrent-abortable-preclean-start]
2023-01-17T04:33:35.811+0800: 225.719: [CMS-concurrent-abortable-preclean: 0.000/0.000 secs] [Times: user=0.01 sys=0.00, real=0.00 secs] 
2023-01-17T04:33:35.815+0800: 225.723: [GC (CMS Final Remark) [YG occupancy: 55109 K (115200 K)]2023-01-17T04:33:35.815+0800: 225.723: [Rescan (parallel) , 0.0167702 secs]2023-01-17T04:33:35.832+0800: 225.740: [weak refs processing, 0.0000436 secs]2023-01-17T04:33:35.832+0800: 225.740: [class unloading, 0.0138267 secs]2023-01-17T04:33:35.846+0800: 225.754: [scrub symbol table, 0.0050467 secs]2023-01-17T04:33:35.851+0800: 225.759: [scrub string table, 0.0008857 secs][1 CMS-remark: 134143K(134144K)] 189253K(249344K), 0.0367561 secs] [Times: user=0.09 sys=0.00, real=0.04 secs] 
2023-01-17T04:33:35.852+0800: 225.760: [CMS-concurrent-sweep-start]
2023-01-17T04:33:35.867+0800: 225.775: [CMS-concurrent-sweep: 0.015/0.015 secs] [Times: user=0.04 sys=0.00, real=0.01 secs] 
2023-01-17T04:33:35.868+0800: 225.775: [CMS-concurrent-reset-start]
2023-01-17T04:33:35.868+0800: 225.776: [CMS-concurrent-reset: 0.000/0.000 secs] [Times: user=0.00 sys=0.00, real=0.00 secs] 
{Heap before GC invocations=317 (full 371):
 par new generation   total 115200K, used 115200K [0x00000000f0000000, 0x00000000f7d00000, 0x00000000f7d00000)
  eden space 102400K, 100% used [0x00000000f0000000, 0x00000000f6400000, 0x00000000f6400000)
  from space 12800K, 100% used [0x00000000f7080000, 0x00000000f7d00000, 0x00000000f7d00000)
  to   space 12800K,   0% used [0x00000000f6400000, 0x00000000f6400000, 0x00000000f7080000)
 concurrent mark-sweep generation total 134144K, used 134064K [0x00000000f7d00000, 0x0000000100000000, 0x0000000100000000)
 Metaspace       used 52020K, capacity 54858K, committed 55936K, reserved 1097728K
  class space    used 6332K, capacity 6829K, committed 7040K, reserved 1048576K
2023-01-17T04:33:36.222+0800: 226.130: [GC (Allocation Failure) 2023-01-17T04:33:36.222+0800: 226.130: [ParNew: 115200K->115200K(115200K), 0.0000388 secs]2023-01-17T04:33:36.222+0800: 226.130: [CMS: 134064K->134143K(134144K), 0.1999271 secs] 249264K->140110K(249344K), [Metaspace: 52020K->52020K(1097728K)], 0.2005621 secs] [Times: user=0.20 sys=0.00, real=0.20 secs] 
Heap after GC invocations=318 (full 372):
 par new generation   total 115200K, used 5966K [0x00000000f0000000, 0x00000000f7d00000, 0x00000000f7d00000)
  eden space 102400K,   5% used [0x00000000f0000000, 0x00000000f05d3948, 0x00000000f6400000)
  from space 12800K,   0% used [0x00000000f7080000, 0x00000000f7080000, 0x00000000f7d00000)
  to   space 12800K,   0% used [0x00000000f6400000, 0x00000000f6400000, 0x00000000f7080000)
 concurrent mark-sweep generation total 134144K, used 134143K [0x00000000f7d00000, 0x0000000100000000, 0x0000000100000000)
 Metaspace       used 52020K, capacity 54858K, committed 55936K, reserved 1097728K
  class space    used 6332K, capacity 6829K, committed 7040K, reserved 1048576K
}
2023-01-17T04:33:36.428+0800: 226.336: [GC (CMS Initial Mark) [1 CMS-initial-mark: 134143K(134144K)] 140923K(249344K), 0.0046924 secs] [Times: user=0.02 sys=0.00, real=0.01 secs] 
2023-01-17T04:33:36.434+0800: 226.342: [CMS-concurrent-mark-start]
2023-01-17T04:33:36.507+0800: 226.415: [CMS-concurrent-mark: 0.073/0.073 secs] [Times: user=0.22 sys=0.04, real=0.07 secs] 
2023-01-17T04:33:36.507+0800: 226.415: [CMS-concurrent-preclean-start]
2023-01-17T04:33:36.541+0800: 226.449: [CMS-concurrent-preclean: 0.034/0.034 secs] [Times: user=0.08 sys=0.01, real=0.04 secs] 
2023-01-17T04:33:36.541+0800: 226.449: [CMS-concurrent-abortable-preclean-start]
2023-01-17T04:33:36.541+0800: 226.449: [CMS-concurrent-abortable-preclean: 0.000/0.000 secs] [Times: user=0.00 sys=0.00, real=0.00 secs] 
2023-01-17T04:33:36.546+0800: 226.454: [GC (CMS Final Remark) [YG occupancy: 67383 K (115200 K)]2023-01-17T04:33:36.546+0800: 226.454: [Rescan (parallel) , 0.0200322 secs]2023-01-17T04:33:36.566+0800: 226.474: [weak refs processing, 0.0000450 secs]2023-01-17T04:33:36.566+0800: 226.474: [class unloading, 0.0137203 secs]2023-01-17T04:33:36.580+0800: 226.488: [scrub symbol table, 0.0050258 secs]2023-01-17T04:33:36.585+0800: 226.493: [scrub string table, 0.0008749 secs][1 CMS-remark: 134143K(134144K)] 201526K(249344K), 0.0399184 secs] [Times: user=0.10 sys=0.00, real=0.04 secs] 
2023-01-17T04:33:36.587+0800: 226.494: [CMS-concurrent-sweep-start]
2023-01-17T04:33:36.606+0800: 226.514: [CMS-concurrent-sweep: 0.020/0.020 secs] [Times: user=0.06 sys=0.00, real=0.02 secs] 
2023-01-17T04:33:36.607+0800: 226.514: [CMS-concurrent-reset-start]
2023-01-17T04:33:36.607+0800: 226.515: [CMS-concurrent-reset: 0.000/0.000 secs] [Times: user=0.00 sys=0.00, real=0.00 secs] 
{Heap before GC invocations=318 (full 373):
 par new generation   total 115200K, used 115199K [0x00000000f0000000, 0x00000000f7d00000, 0x00000000f7d00000)
  eden space 102400K, 100% used [0x00000000f0000000, 0x00000000f6400000, 0x00000000f6400000)
  from space 12800K,  99% used [0x00000000f7080000, 0x00000000f7cffc58, 0x00000000f7d00000)
  to   space 12800K,   0% used [0x00000000f6400000, 0x00000000f6400000, 0x00000000f7080000)
 concurrent mark-sweep generation total 134144K, used 134105K [0x00000000f7d00000, 0x0000000100000000, 0x0000000100000000)
 Metaspace       used 52020K, capacity 54858K, committed 55936K, reserved 1097728K
  class space    used 6332K, capacity 6829K, committed 7040K, reserved 1048576K
2023-01-17T04:33:36.987+0800: 226.895: [GC (Allocation Failure) 2023-01-17T04:33:36.988+0800: 226.895: [ParNew: 115199K->115199K(115200K), 0.0000353 secs]2023-01-17T04:33:36.988+0800: 226.895: [CMS: 134105K->134143K(134144K), 0.2049234 secs] 249304K->140116K(249344K), [Metaspace: 52020K->52020K(1097728K)], 0.2054268 secs] [Times: user=0.21 sys=0.00, real=0.21 secs] 
Heap after GC invocations=319 (full 374):
 par new generation   total 115200K, used 5972K [0x00000000f0000000, 0x00000000f7d00000, 0x00000000f7d00000)
  eden space 102400K,   5% used [0x00000000f0000000, 0x00000000f05d51f0, 0x00000000f6400000)
  from space 12800K,   0% used [0x00000000f7080000, 0x00000000f7080000, 0x00000000f7d00000)
  to   space 12800K,   0% used [0x00000000f6400000, 0x00000000f6400000, 0x00000000f7080000)
 concurrent mark-sweep generation total 134144K, used 134143K [0x00000000f7d00000, 0x0000000100000000, 0x0000000100000000)
 Metaspace       used 52020K, capacity 54858K, committed 55936K, reserved 1097728K
  class space    used 6332K, capacity 6829K, committed 7040K, reserved 1048576K
}
2023-01-17T04:33:37.200+0800: 227.108: [GC (CMS Initial Mark) [1 CMS-initial-mark: 134143K(134144K)] 142520K(249344K), 0.0050141 secs] [Times: user=0.02 sys=0.00, real=0.00 secs] 
2023-01-17T04:33:37.205+0800: 227.113: [CMS-concurrent-mark-start]
2023-01-17T04:33:37.273+0800: 227.181: [CMS-concurrent-mark: 0.068/0.068 secs] [Times: user=0.21 sys=0.04, real=0.07 secs] 
2023-01-17T04:33:37.274+0800: 227.181: [CMS-concurrent-preclean-start]
2023-01-17T04:33:37.317+0800: 227.225: [CMS-concurrent-preclean: 0.043/0.043 secs] [Times: user=0.13 sys=0.02, real=0.04 secs] 
2023-01-17T04:33:37.317+0800: 227.225: [CMS-concurrent-abortable-preclean-start]
2023-01-17T04:33:37.317+0800: 227.225: [CMS-concurrent-abortable-preclean: 0.000/0.000 secs] [Times: user=0.00 sys=0.00, real=0.00 secs] 
2023-01-17T04:33:37.321+0800: 227.229: [GC (CMS Final Remark) [YG occupancy: 75613 K (115200 K)]2023-01-17T04:33:37.321+0800: 227.229: [Rescan (parallel) , 0.0221555 secs]2023-01-17T04:33:37.344+0800: 227.251: [weak refs processing, 0.0000441 secs]2023-01-17T04:33:37.344+0800: 227.251: [class unloading, 0.0135745 secs]2023-01-17T04:33:37.357+0800: 227.265: [scrub symbol table, 0.0051393 secs]2023-01-17T04:33:37.362+0800: 227.270: [scrub string table, 0.0008748 secs][1 CMS-remark: 134143K(134144K)] 209757K(249344K), 0.0420114 secs] [Times: user=0.11 sys=0.00, real=0.04 secs] 
2023-01-17T04:33:37.364+0800: 227.271: [CMS-concurrent-sweep-start]
2023-01-17T04:33:37.383+0800: 227.291: [CMS-concurrent-sweep: 0.019/0.019 secs] [Times: user=0.06 sys=0.01, real=0.02 secs] 
2023-01-17T04:33:37.383+0800: 227.291: [CMS-concurrent-reset-start]
2023-01-17T04:33:37.383+0800: 227.291: [CMS-concurrent-reset: 0.000/0.000 secs] [Times: user=0.00 sys=0.00, real=0.00 secs] 
{Heap before GC invocations=319 (full 375):
 par new generation   total 115200K, used 115198K [0x00000000f0000000, 0x00000000f7d00000, 0x00000000f7d00000)
  eden space 102400K, 100% used [0x00000000f0000000, 0x00000000f6400000, 0x00000000f6400000)
  from space 12800K,  99% used [0x00000000f7080000, 0x00000000f7cffb00, 0x00000000f7d00000)
  to   space 12800K,   0% used [0x00000000f6400000, 0x00000000f6400000, 0x00000000f7080000)
 concurrent mark-sweep generation total 134144K, used 133905K [0x00000000f7d00000, 0x0000000100000000, 0x0000000100000000)
 Metaspace       used 52020K, capacity 54858K, committed 55936K, reserved 1097728K
  class space    used 6332K, capacity 6829K, committed 7040K, reserved 1048576K
2023-01-17T04:33:37.742+0800: 227.649: [GC (Allocation Failure) 2023-01-17T04:33:37.742+0800: 227.650: [ParNew: 115198K->115198K(115200K), 0.0000275 secs]2023-01-17T04:33:37.742+0800: 227.650: [CMS: 133905K->134143K(134144K), 0.1909848 secs] 249104K->140122K(249344K), [Metaspace: 52020K->52020K(1097728K)], 0.1914077 secs] [Times: user=0.20 sys=0.00, real=0.19 secs] 
Heap after GC invocations=320 (full 376):
 par new generation   total 115200K, used 5978K [0x00000000f0000000, 0x00000000f7d00000, 0x00000000f7d00000)
  eden space 102400K,   5% used [0x00000000f0000000, 0x00000000f05d6b58, 0x00000000f6400000)
  from space 12800K,   0% used [0x00000000f7080000, 0x00000000f7080000, 0x00000000f7d00000)
  to   space 12800K,   0% used [0x00000000f6400000, 0x00000000f6400000, 0x00000000f7080000)
 concurrent mark-sweep generation total 134144K, used 134143K [0x00000000f7d00000, 0x0000000100000000, 0x0000000100000000)
 Metaspace       used 52020K, capacity 54858K, committed 55936K, reserved 1097728K
  class space    used 6332K, capacity 6829K, committed 7040K, reserved 1048576K
}
2023-01-17T04:33:37.940+0800: 227.848: [GC (CMS Initial Mark) [1 CMS-initial-mark: 134143K(134144K)] 142626K(249344K), 0.0050042 secs] [Times: user=0.02 sys=0.00, real=0.00 secs] 
2023-01-17T04:33:37.945+0800: 227.853: [CMS-concurrent-mark-start]
2023-01-17T04:33:38.016+0800: 227.924: [CMS-concurrent-mark: 0.071/0.071 secs] [Times: user=0.19 sys=0.02, real=0.07 secs] 
2023-01-17T04:33:38.017+0800: 227.924: [CMS-concurrent-preclean-start]
2023-01-17T04:33:38.062+0800: 227.970: [CMS-concurrent-preclean: 0.046/0.046 secs] [Times: user=0.10 sys=0.02, real=0.05 secs] 
2023-01-17T04:33:38.063+0800: 227.970: [CMS-concurrent-abortable-preclean-start]
2023-01-17T04:33:38.063+0800: 227.970: [CMS-concurrent-abortable-preclean: 0.000/0.000 secs] [Times: user=0.00 sys=0.00, real=0.00 secs] 
2023-01-17T04:33:38.070+0800: 227.977: [GC (CMS Final Remark) [YG occupancy: 64041 K (115200 K)]2023-01-17T04:33:38.070+0800: 227.978: [Rescan (parallel) , 0.0207140 secs]2023-01-17T04:33:38.091+0800: 227.998: [weak refs processing, 0.0000570 secs]2023-01-17T04:33:38.091+0800: 227.998: [class unloading, 0.0199595 secs]2023-01-17T04:33:38.111+0800: 228.018: [scrub symbol table, 0.0086040 secs]2023-01-17T04:33:38.119+0800: 228.027: [scrub string table, 0.0012475 secs][1 CMS-remark: 134143K(134144K)] 198185K(249344K), 0.0508335 secs] [Times: user=0.11 sys=0.00, real=0.05 secs] 
2023-01-17T04:33:38.121+0800: 228.029: [CMS-concurrent-sweep-start]
2023-01-17T04:33:38.144+0800: 228.051: [CMS-concurrent-sweep: 0.023/0.023 secs] [Times: user=0.05 sys=0.01, real=0.02 secs] 
2023-01-17T04:33:38.144+0800: 228.052: [CMS-concurrent-reset-start]
2023-01-17T04:33:38.144+0800: 228.052: [CMS-concurrent-reset: 0.000/0.000 secs] [Times: user=0.00 sys=0.00, real=0.00 secs] 
{Heap before GC invocations=320 (full 377):
 par new generation   total 115200K, used 115199K [0x00000000f0000000, 0x00000000f7d00000, 0x00000000f7d00000)
  eden space 102400K, 100% used [0x00000000f0000000, 0x00000000f6400000, 0x00000000f6400000)
  from space 12800K,  99% used [0x00000000f7080000, 0x00000000f7cffff0, 0x00000000f7d00000)
  to   space 12800K,   0% used [0x00000000f6400000, 0x00000000f6400000, 0x00000000f7080000)
 concurrent mark-sweep generation total 134144K, used 133963K [0x00000000f7d00000, 0x0000000100000000, 0x0000000100000000)
 Metaspace       used 52020K, capacity 54858K, committed 55936K, reserved 1097728K
  class space    used 6332K, capacity 6829K, committed 7040K, reserved 1048576K
2023-01-17T04:33:38.577+0800: 228.485: [GC (Allocation Failure) 2023-01-17T04:33:38.577+0800: 228.485: [ParNew: 115199K->115199K(115200K), 0.0000264 secs]2023-01-17T04:33:38.577+0800: 228.485: [CMS: 133963K->134144K(134144K), 0.1843940 secs] 249163K->140091K(249344K), [Metaspace: 52020K->52020K(1097728K)], 0.1848098 secs] [Times: user=0.19 sys=0.00, real=0.19 secs] 
Heap after GC invocations=321 (full 378):
 par new generation   total 115200K, used 5947K [0x00000000f0000000, 0x00000000f7d00000, 0x00000000f7d00000)
  eden space 102400K,   5% used [0x00000000f0000000, 0x00000000f05cee10, 0x00000000f6400000)
  from space 12800K,   0% used [0x00000000f7080000, 0x00000000f7080000, 0x00000000f7d00000)
  to   space 12800K,   0% used [0x00000000f6400000, 0x00000000f6400000, 0x00000000f7080000)
 concurrent mark-sweep generation total 134144K, used 134144K [0x00000000f7d00000, 0x0000000100000000, 0x0000000100000000)
 Metaspace       used 52020K, capacity 54858K, committed 55936K, reserved 1097728K
  class space    used 6332K, capacity 6829K, committed 7040K, reserved 1048576K
}
2023-01-17T04:33:38.770+0800: 228.678: [GC (CMS Initial Mark) [1 CMS-initial-mark: 134144K(134144K)] 144145K(249344K), 0.0059592 secs] [Times: user=0.02 sys=0.00, real=0.00 secs] 
2023-01-17T04:33:38.776+0800: 228.684: [CMS-concurrent-mark-start]
2023-01-17T04:33:38.847+0800: 228.755: [CMS-concurrent-mark: 0.071/0.071 secs] [Times: user=0.24 sys=0.05, real=0.07 secs] 
2023-01-17T04:33:38.848+0800: 228.755: [CMS-concurrent-preclean-start]
2023-01-17T04:33:38.892+0800: 228.800: [CMS-concurrent-preclean: 0.045/0.045 secs] [Times: user=0.14 sys=0.02, real=0.05 secs] 
2023-01-17T04:33:38.893+0800: 228.800: [CMS-concurrent-abortable-preclean-start]
2023-01-17T04:33:38.893+0800: 228.800: [CMS-concurrent-abortable-preclean: 0.000/0.000 secs] [Times: user=0.00 sys=0.00, real=0.00 secs] 
2023-01-17T04:33:38.896+0800: 228.804: [GC (CMS Final Remark) [YG occupancy: 93138 K (115200 K)]2023-01-17T04:33:38.897+0800: 228.804: [Rescan (parallel) , 0.0251134 secs]2023-01-17T04:33:38.922+0800: 228.829: [weak refs processing, 0.0000470 secs]2023-01-17T04:33:38.922+0800: 228.830: [class unloading, 0.0133848 secs]2023-01-17T04:33:38.935+0800: 228.843: [scrub symbol table, 0.0051516 secs]2023-01-17T04:33:38.940+0800: 228.848: [scrub string table, 0.0009026 secs][1 CMS-remark: 134144K(134144K)] 227282K(249344K), 0.0448340 secs] [Times: user=0.12 sys=0.00, real=0.05 secs] 
2023-01-17T04:33:38.942+0800: 228.850: [CMS-concurrent-sweep-start]
2023-01-17T04:33:38.959+0800: 228.867: [CMS-concurrent-sweep: 0.017/0.017 secs] [Times: user=0.05 sys=0.00, real=0.01 secs] 
2023-01-17T04:33:38.959+0800: 228.867: [CMS-concurrent-reset-start]
2023-01-17T04:33:38.960+0800: 228.867: [CMS-concurrent-reset: 0.000/0.000 secs] [Times: user=0.00 sys=0.01, real=0.01 secs] 
{Heap before GC invocations=321 (full 379):
 par new generation   total 115200K, used 115200K [0x00000000f0000000, 0x00000000f7d00000, 0x00000000f7d00000)
  eden space 102400K, 100% used [0x00000000f0000000, 0x00000000f6400000, 0x00000000f6400000)
  from space 12800K, 100% used [0x00000000f7080000, 0x00000000f7d00000, 0x00000000f7d00000)
  to   space 12800K,   0% used [0x00000000f6400000, 0x00000000f6400000, 0x00000000f7080000)
 concurrent mark-sweep generation total 134144K, used 133938K [0x00000000f7d00000, 0x0000000100000000, 0x0000000100000000)
 Metaspace       used 52020K, capacity 54858K, committed 55936K, reserved 1097728K
  class space    used 6332K, capacity 6829K, committed 7040K, reserved 1048576K
2023-01-17T04:33:39.307+0800: 229.214: [GC (Allocation Failure) 2023-01-17T04:33:39.307+0800: 229.215: [ParNew: 115200K->115200K(115200K), 0.0000372 secs]2023-01-17T04:33:39.307+0800: 229.215: [CMS: 133938K->134143K(134144K), 0.2548454 secs] 249138K->140005K(249344K), [Metaspace: 52020K->52020K(1097728K)], 0.2553724 secs] [Times: user=0.26 sys=0.00, real=0.26 secs] 
Heap after GC invocations=322 (full 380):
 par new generation   total 115200K, used 5861K [0x00000000f0000000, 0x00000000f7d00000, 0x00000000f7d00000)
  eden space 102400K,   5% used [0x00000000f0000000, 0x00000000f05b9700, 0x00000000f6400000)
  from space 12800K,   0% used [0x00000000f7080000, 0x00000000f7080000, 0x00000000f7d00000)
  to   space 12800K,   0% used [0x00000000f6400000, 0x00000000f6400000, 0x00000000f7080000)
 concurrent mark-sweep generation total 134144K, used 134143K [0x00000000f7d00000, 0x0000000100000000, 0x0000000100000000)
 Metaspace       used 52020K, capacity 54858K, committed 55936K, reserved 1097728K
  class space    used 6332K, capacity 6829K, committed 7040K, reserved 1048576K
}
2023-01-17T04:33:39.566+0800: 229.474: [GC (CMS Initial Mark) [1 CMS-initial-mark: 134143K(134144K)] 140131K(249344K), 0.0044799 secs] [Times: user=0.02 sys=0.00, real=0.01 secs] 
2023-01-17T04:33:39.571+0800: 229.479: [CMS-concurrent-mark-start]
2023-01-17T04:33:39.641+0800: 229.549: [CMS-concurrent-mark: 0.070/0.070 secs] [Times: user=0.22 sys=0.03, real=0.07 secs] 
2023-01-17T04:33:39.642+0800: 229.549: [CMS-concurrent-preclean-start]
2023-01-17T04:33:39.689+0800: 229.597: [CMS-concurrent-preclean: 0.047/0.047 secs] [Times: user=0.13 sys=0.03, real=0.04 secs] 
2023-01-17T04:33:39.689+0800: 229.597: [CMS-concurrent-abortable-preclean-start]
2023-01-17T04:33:39.689+0800: 229.597: [CMS-concurrent-abortable-preclean: 0.000/0.000 secs] [Times: user=0.00 sys=0.00, real=0.00 secs] 
2023-01-17T04:33:39.693+0800: 229.600: [GC (CMS Final Remark) [YG occupancy: 85646 K (115200 K)]2023-01-17T04:33:39.693+0800: 229.601: [Rescan (parallel) , 0.0290346 secs]2023-01-17T04:33:39.722+0800: 229.630: [weak refs processing, 0.0000490 secs]2023-01-17T04:33:39.722+0800: 229.630: [class unloading, 0.0133260 secs]2023-01-17T04:33:39.735+0800: 229.643: [scrub symbol table, 0.0051752 secs]2023-01-17T04:33:39.740+0800: 229.648: [scrub string table, 0.0008883 secs][1 CMS-remark: 134143K(134144K)] 219790K(249344K), 0.0486675 secs] [Times: user=0.12 sys=0.00, real=0.05 secs] 
2023-01-17T04:33:39.742+0800: 229.649: [CMS-concurrent-sweep-start]
2023-01-17T04:33:39.757+0800: 229.665: [CMS-concurrent-sweep: 0.015/0.015 secs] [Times: user=0.04 sys=0.01, real=0.01 secs] 
2023-01-17T04:33:39.757+0800: 229.665: [CMS-concurrent-reset-start]
2023-01-17T04:33:39.757+0800: 229.665: [CMS-concurrent-reset: 0.000/0.000 secs] [Times: user=0.00 sys=0.00, real=0.00 secs] 
{Heap before GC invocations=322 (full 381):
 par new generation   total 115200K, used 115200K [0x00000000f0000000, 0x00000000f7d00000, 0x00000000f7d00000)
  eden space 102400K, 100% used [0x00000000f0000000, 0x00000000f6400000, 0x00000000f6400000)
  from space 12800K, 100% used [0x00000000f7080000, 0x00000000f7d00000, 0x00000000f7d00000)
  to   space 12800K,   0% used [0x00000000f6400000, 0x00000000f6400000, 0x00000000f7080000)
 concurrent mark-sweep generation total 134144K, used 134035K [0x00000000f7d00000, 0x0000000100000000, 0x0000000100000000)
 Metaspace       used 52020K, capacity 54858K, committed 55936K, reserved 1097728K
  class space    used 6332K, capacity 6829K, committed 7040K, reserved 1048576K
2023-01-17T04:33:40.110+0800: 230.018: [GC (Allocation Failure) 2023-01-17T04:33:40.111+0800: 230.018: [ParNew: 115200K->115200K(115200K), 0.0000325 secs]2023-01-17T04:33:40.111+0800: 230.018: [CMS: 134035K->134143K(134144K), 0.2035247 secs] 249235K->140196K(249344K), [Metaspace: 52020K->52020K(1097728K)], 0.2039751 secs] [Times: user=0.20 sys=0.00, real=0.20 secs] 
Heap after GC invocations=323 (full 382):
 par new generation   total 115200K, used 6052K [0x00000000f0000000, 0x00000000f7d00000, 0x00000000f7d00000)
  eden space 102400K,   5% used [0x00000000f0000000, 0x00000000f05e90a8, 0x00000000f6400000)
  from space 12800K,   0% used [0x00000000f7080000, 0x00000000f7080000, 0x00000000f7d00000)
  to   space 12800K,   0% used [0x00000000f6400000, 0x00000000f6400000, 0x00000000f7080000)
 concurrent mark-sweep generation total 134144K, used 134143K [0x00000000f7d00000, 0x0000000100000000, 0x0000000100000000)
 Metaspace       used 52020K, capacity 54858K, committed 55936K, reserved 1097728K
  class space    used 6332K, capacity 6829K, committed 7040K, reserved 1048576K
}
2023-01-17T04:33:40.320+0800: 230.228: [GC (CMS Initial Mark) [1 CMS-initial-mark: 134143K(134144K)] 140982K(249344K), 0.0046223 secs] [Times: user=0.02 sys=0.00, real=0.00 secs] 
2023-01-17T04:33:40.325+0800: 230.233: [CMS-concurrent-mark-start]
2023-01-17T04:33:40.424+0800: 230.332: [CMS-concurrent-mark: 0.099/0.099 secs] [Times: user=0.21 sys=0.16, real=0.10 secs] 
2023-01-17T04:33:40.424+0800: 230.332: [CMS-concurrent-preclean-start]
2023-01-17T04:33:40.485+0800: 230.392: [CMS-concurrent-preclean: 0.060/0.060 secs] [Times: user=0.12 sys=0.08, real=0.06 secs] 
2023-01-17T04:33:40.485+0800: 230.393: [CMS-concurrent-abortable-preclean-start]
2023-01-17T04:33:40.485+0800: 230.393: [CMS-concurrent-abortable-preclean: 0.000/0.000 secs] [Times: user=0.00 sys=0.00, real=0.00 secs] 
2023-01-17T04:33:40.491+0800: 230.399: [GC (CMS Final Remark) [YG occupancy: 32818 K (115200 K)]2023-01-17T04:33:40.491+0800: 230.399: [Rescan (parallel) , 0.0128531 secs]2023-01-17T04:33:40.504+0800: 230.412: [weak refs processing, 0.0000580 secs]2023-01-17T04:33:40.504+0800: 230.412: [class unloading, 0.0185082 secs]2023-01-17T04:33:40.523+0800: 230.430: [scrub symbol table, 0.0076774 secs]2023-01-17T04:33:40.530+0800: 230.438: [scrub string table, 0.0012931 secs][1 CMS-remark: 134143K(134144K)] 166961K(249344K), 0.0405733 secs] [Times: user=0.07 sys=0.00, real=0.04 secs] 
2023-01-17T04:33:40.535+0800: 230.443: [CMS-concurrent-sweep-start]
2023-01-17T04:33:40.558+0800: 230.465: [CMS-concurrent-sweep: 0.023/0.023 secs] [Times: user=0.04 sys=0.00, real=0.02 secs] 
2023-01-17T04:33:40.558+0800: 230.466: [CMS-concurrent-reset-start]
2023-01-17T04:33:40.558+0800: 230.466: [CMS-concurrent-reset: 0.000/0.000 secs] [Times: user=0.00 sys=0.00, real=0.00 secs] 
{Heap before GC invocations=323 (full 383):
 par new generation   total 115200K, used 115200K [0x00000000f0000000, 0x00000000f7d00000, 0x00000000f7d00000)
  eden space 102400K, 100% used [0x00000000f0000000, 0x00000000f6400000, 0x00000000f6400000)
  from space 12800K, 100% used [0x00000000f7080000, 0x00000000f7d00000, 0x00000000f7d00000)
  to   space 12800K,   0% used [0x00000000f6400000, 0x00000000f6400000, 0x00000000f7080000)
 concurrent mark-sweep generation total 134144K, used 134105K [0x00000000f7d00000, 0x0000000100000000, 0x0000000100000000)
 Metaspace       used 52020K, capacity 54858K, committed 55936K, reserved 1097728K
  class space    used 6332K, capacity 6829K, committed 7040K, reserved 1048576K
2023-01-17T04:33:40.849+0800: 230.757: [GC (Allocation Failure) 2023-01-17T04:33:40.849+0800: 230.757: [ParNew: 115200K->115200K(115200K), 0.0000272 secs]2023-01-17T04:33:40.849+0800: 230.757: [CMS: 134105K->134143K(134144K), 0.2003624 secs] 249305K->140129K(249344K), [Metaspace: 52020K->52020K(1097728K)], 0.2007754 secs] [Times: user=0.21 sys=0.00, real=0.21 secs] 
Heap after GC invocations=324 (full 384):
 par new generation   total 115200K, used 5985K [0x00000000f0000000, 0x00000000f7d00000, 0x00000000f7d00000)
  eden space 102400K,   5% used [0x00000000f0000000, 0x00000000f05d84e0, 0x00000000f6400000)
  from space 12800K,   0% used [0x00000000f7080000, 0x00000000f7080000, 0x00000000f7d00000)
  to   space 12800K,   0% used [0x00000000f6400000, 0x00000000f6400000, 0x00000000f7080000)
 concurrent mark-sweep generation total 134144K, used 134143K [0x00000000f7d00000, 0x0000000100000000, 0x0000000100000000)
 Metaspace       used 52020K, capacity 54858K, committed 55936K, reserved 1097728K
  class space    used 6332K, capacity 6829K, committed 7040K, reserved 1048576K
}
2023-01-17T04:33:41.058+0800: 230.965: [GC (CMS Initial Mark) [1 CMS-initial-mark: 134143K(134144K)] 143572K(249344K), 0.0055810 secs] [Times: user=0.02 sys=0.00, real=0.01 secs] 
2023-01-17T04:33:41.064+0800: 230.971: [CMS-concurrent-mark-start]
2023-01-17T04:33:41.134+0800: 231.042: [CMS-concurrent-mark: 0.070/0.070 secs] [Times: user=0.17 sys=0.03, real=0.07 secs] 
2023-01-17T04:33:41.134+0800: 231.042: [CMS-concurrent-preclean-start]
2023-01-17T04:33:41.164+0800: 231.072: [CMS-concurrent-preclean: 0.030/0.030 secs] [Times: user=0.03 sys=0.00, real=0.03 secs] 
2023-01-17T04:33:41.164+0800: 231.072: [CMS-concurrent-abortable-preclean-start]
2023-01-17T04:33:41.164+0800: 231.072: [CMS-concurrent-abortable-preclean: 0.000/0.000 secs] [Times: user=0.00 sys=0.00, real=0.00 secs] 
2023-01-17T04:33:41.168+0800: 231.076: [GC (CMS Final Remark) [YG occupancy: 44222 K (115200 K)]2023-01-17T04:33:41.168+0800: 231.076: [Rescan (parallel) , 0.0129925 secs]2023-01-17T04:33:41.181+0800: 231.089: [weak refs processing, 0.0000402 secs]2023-01-17T04:33:41.181+0800: 231.089: [class unloading, 0.0130668 secs]2023-01-17T04:33:41.194+0800: 231.102: [scrub symbol table, 0.0050076 secs]2023-01-17T04:33:41.199+0800: 231.107: [scrub string table, 0.0008864 secs][1 CMS-remark: 134143K(134144K)] 178366K(249344K), 0.0321684 secs] [Times: user=0.08 sys=0.00, real=0.04 secs] 
2023-01-17T04:33:41.201+0800: 231.108: [CMS-concurrent-sweep-start]
2023-01-17T04:33:41.214+0800: 231.122: [CMS-concurrent-sweep: 0.014/0.014 secs] [Times: user=0.01 sys=0.00, real=0.01 secs] 
2023-01-17T04:33:41.214+0800: 231.122: [CMS-concurrent-reset-start]
2023-01-17T04:33:41.215+0800: 231.122: [CMS-concurrent-reset: 0.000/0.000 secs] [Times: user=0.00 sys=0.00, real=0.00 secs] 
{Heap before GC invocations=324 (full 385):
 par new generation   total 115200K, used 115199K [0x00000000f0000000, 0x00000000f7d00000, 0x00000000f7d00000)
  eden space 102400K, 100% used [0x00000000f0000000, 0x00000000f6400000, 0x00000000f6400000)
  from space 12800K,  99% used [0x00000000f7080000, 0x00000000f7cffff8, 0x00000000f7d00000)
  to   space 12800K,   0% used [0x00000000f6400000, 0x00000000f6400000, 0x00000000f7080000)
 concurrent mark-sweep generation total 134144K, used 133856K [0x00000000f7d00000, 0x0000000100000000, 0x0000000100000000)
 Metaspace       used 52020K, capacity 54858K, committed 55936K, reserved 1097728K
  class space    used 6332K, capacity 6829K, committed 7040K, reserved 1048576K
2023-01-17T04:33:41.592+0800: 231.500: [GC (Allocation Failure) 2023-01-17T04:33:41.593+0800: 231.500: [ParNew: 115199K->115199K(115200K), 0.0000349 secs]2023-01-17T04:33:41.593+0800: 231.500: [CMS: 133856K->134143K(134144K), 0.1905341 secs] 249056K->140110K(249344K), [Metaspace: 52020K->52020K(1097728K)], 0.1909610 secs] [Times: user=0.20 sys=0.00, real=0.19 secs] 
Heap after GC invocations=325 (full 386):
 par new generation   total 115200K, used 5966K [0x00000000f0000000, 0x00000000f7d00000, 0x00000000f7d00000)
  eden space 102400K,   5% used [0x00000000f0000000, 0x00000000f05d3870, 0x00000000f6400000)
  from space 12800K,   0% used [0x00000000f7080000, 0x00000000f7080000, 0x00000000f7d00000)
  to   space 12800K,   0% used [0x00000000f6400000, 0x00000000f6400000, 0x00000000f7080000)
 concurrent mark-sweep generation total 134144K, used 134143K [0x00000000f7d00000, 0x0000000100000000, 0x0000000100000000)
 Metaspace       used 52020K, capacity 54858K, committed 55936K, reserved 1097728K
  class space    used 6332K, capacity 6829K, committed 7040K, reserved 1048576K
}
2023-01-17T04:33:41.790+0800: 231.698: [GC (CMS Initial Mark) [1 CMS-initial-mark: 134143K(134144K)] 142020K(249344K), 0.0094548 secs] [Times: user=0.02 sys=0.00, real=0.01 secs] 
2023-01-17T04:33:41.800+0800: 231.708: [CMS-concurrent-mark-start]
2023-01-17T04:33:41.880+0800: 231.787: [CMS-concurrent-mark: 0.079/0.079 secs] [Times: user=0.22 sys=0.03, real=0.08 secs] 
2023-01-17T04:33:41.880+0800: 231.788: [CMS-concurrent-preclean-start]
2023-01-17T04:33:41.931+0800: 231.839: [CMS-concurrent-preclean: 0.052/0.052 secs] [Times: user=0.12 sys=0.04, real=0.05 secs] 
2023-01-17T04:33:41.932+0800: 231.840: [CMS-concurrent-abortable-preclean-start]
2023-01-17T04:33:41.932+0800: 231.840: [CMS-concurrent-abortable-preclean: 0.000/0.000 secs] [Times: user=0.00 sys=0.00, real=0.00 secs] 
2023-01-17T04:33:42.109+0800: 232.016: [GC (CMS Final Remark) [YG occupancy: 107658 K (115200 K)]2023-01-17T04:33:42.109+0800: 232.017: [Rescan (parallel) , 0.0437417 secs]2023-01-17T04:33:42.153+0800: 232.060: [weak refs processing, 0.0000669 secs]2023-01-17T04:33:42.153+0800: 232.060: [class unloading, 0.0188939 secs]2023-01-17T04:33:42.172+0800: 232.079: [scrub symbol table, 0.0082503 secs]2023-01-17T04:33:42.180+0800: 232.088: [scrub string table, 0.0012902 secs][1 CMS-remark: 134143K(134144K)] 241802K(249344K), 0.0725273 secs] [Times: user=0.14 sys=0.00, real=0.08 secs] 
2023-01-17T04:33:42.182+0800: 232.089: [CMS-concurrent-sweep-start]
2023-01-17T04:33:42.197+0800: 232.105: [CMS-concurrent-sweep: 0.016/0.016 secs] [Times: user=0.03 sys=0.01, real=0.01 secs] 
2023-01-17T04:33:42.198+0800: 232.105: [CMS-concurrent-reset-start]
2023-01-17T04:33:42.198+0800: 232.106: [CMS-concurrent-reset: 0.000/0.000 secs] [Times: user=0.00 sys=0.00, real=0.00 secs] 
{Heap before GC invocations=325 (full 387):
 par new generation   total 115200K, used 115199K [0x00000000f0000000, 0x00000000f7d00000, 0x00000000f7d00000)
  eden space 102400K, 100% used [0x00000000f0000000, 0x00000000f6400000, 0x00000000f6400000)
  from space 12800K,  99% used [0x00000000f7080000, 0x00000000f7cffd18, 0x00000000f7d00000)
  to   space 12800K,   0% used [0x00000000f6400000, 0x00000000f6400000, 0x00000000f7080000)
 concurrent mark-sweep generation total 134144K, used 134037K [0x00000000f7d00000, 0x0000000100000000, 0x0000000100000000)
 Metaspace       used 52020K, capacity 54858K, committed 55936K, reserved 1097728K
  class space    used 6332K, capacity 6829K, committed 7040K, reserved 1048576K
2023-01-17T04:33:42.348+0800: 232.256: [GC (Allocation Failure) 2023-01-17T04:33:42.348+0800: 232.256: [ParNew: 115199K->115199K(115200K), 0.0000261 secs]2023-01-17T04:33:42.348+0800: 232.256: [CMS: 134037K->134143K(134144K), 0.1851596 secs] 249236K->140203K(249344K), [Metaspace: 52020K->52020K(1097728K)], 0.1855684 secs] [Times: user=0.19 sys=0.00, real=0.19 secs] 
Heap after GC invocations=326 (full 388):
 par new generation   total 115200K, used 6059K [0x00000000f0000000, 0x00000000f7d00000, 0x00000000f7d00000)
  eden space 102400K,   5% used [0x00000000f0000000, 0x00000000f05eacc0, 0x00000000f6400000)
  from space 12800K,   0% used [0x00000000f7080000, 0x00000000f7080000, 0x00000000f7d00000)
  to   space 12800K,   0% used [0x00000000f6400000, 0x00000000f6400000, 0x00000000f7080000)
 concurrent mark-sweep generation total 134144K, used 134143K [0x00000000f7d00000, 0x0000000100000000, 0x0000000100000000)
 Metaspace       used 52020K, capacity 54858K, committed 55936K, reserved 1097728K
  class space    used 6332K, capacity 6829K, committed 7040K, reserved 1048576K
}
2023-01-17T04:33:42.538+0800: 232.446: [GC (CMS Initial Mark) [1 CMS-initial-mark: 134143K(134144K)] 140304K(249344K), 0.0043950 secs] [Times: user=0.01 sys=0.00, real=0.01 secs] 
2023-01-17T04:33:42.542+0800: 232.450: [CMS-concurrent-mark-start]
2023-01-17T04:33:42.614+0800: 232.522: [CMS-concurrent-mark: 0.071/0.071 secs] [Times: user=0.19 sys=0.03, real=0.07 secs] 
2023-01-17T04:33:42.614+0800: 232.522: [CMS-concurrent-preclean-start]
2023-01-17T04:33:42.657+0800: 232.565: [CMS-concurrent-preclean: 0.043/0.043 secs] [Times: user=0.11 sys=0.02, real=0.04 secs] 
2023-01-17T04:33:42.657+0800: 232.565: [CMS-concurrent-abortable-preclean-start]
2023-01-17T04:33:42.657+0800: 232.565: [CMS-concurrent-abortable-preclean: 0.000/0.000 secs] [Times: user=0.00 sys=0.00, real=0.00 secs] 
2023-01-17T04:33:42.661+0800: 232.569: [GC (CMS Final Remark) [YG occupancy: 64713 K (115200 K)]2023-01-17T04:33:42.661+0800: 232.569: [Rescan (parallel) , 0.0193474 secs]2023-01-17T04:33:42.681+0800: 232.588: [weak refs processing, 0.0000400 secs]2023-01-17T04:33:42.681+0800: 232.589: [class unloading, 0.0132012 secs]2023-01-17T04:33:42.694+0800: 232.602: [scrub symbol table, 0.0049568 secs]2023-01-17T04:33:42.699+0800: 232.607: [scrub string table, 0.0008706 secs][1 CMS-remark: 134143K(134144K)] 198857K(249344K), 0.0386056 secs] [Times: user=0.09 sys=0.00, real=0.04 secs] 
2023-01-17T04:33:42.700+0800: 232.608: [CMS-concurrent-sweep-start]
2023-01-17T04:33:42.717+0800: 232.625: [CMS-concurrent-sweep: 0.017/0.017 secs] [Times: user=0.05 sys=0.00, real=0.01 secs] 
2023-01-17T04:33:42.717+0800: 232.625: [CMS-concurrent-reset-start]
2023-01-17T04:33:42.717+0800: 232.625: [CMS-concurrent-reset: 0.000/0.000 secs] [Times: user=0.00 sys=0.00, real=0.00 secs] 
{Heap before GC invocations=326 (full 389):
 par new generation   total 115200K, used 115200K [0x00000000f0000000, 0x00000000f7d00000, 0x00000000f7d00000)
  eden space 102400K, 100% used [0x00000000f0000000, 0x00000000f6400000, 0x00000000f6400000)
  from space 12800K, 100% used [0x00000000f7080000, 0x00000000f7d00000, 0x00000000f7d00000)
  to   space 12800K,   0% used [0x00000000f6400000, 0x00000000f6400000, 0x00000000f7080000)
 concurrent mark-sweep generation total 134144K, used 134112K [0x00000000f7d00000, 0x0000000100000000, 0x0000000100000000)
 Metaspace       used 52020K, capacity 54858K, committed 55936K, reserved 1097728K
  class space    used 6332K, capacity 6829K, committed 7040K, reserved 1048576K
2023-01-17T04:33:43.067+0800: 232.975: [GC (Allocation Failure) 2023-01-17T04:33:43.067+0800: 232.975: [ParNew: 115200K->115200K(115200K), 0.0000323 secs]2023-01-17T04:33:43.068+0800: 232.975: [CMS: 134112K->134143K(134144K), 0.1945540 secs] 249312K->140140K(249344K), [Metaspace: 52020K->52020K(1097728K)], 0.1949703 secs] [Times: user=0.20 sys=0.00, real=0.20 secs] 
Heap after GC invocations=327 (full 390):
 par new generation   total 115200K, used 5996K [0x00000000f0000000, 0x00000000f7d00000, 0x00000000f7d00000)
  eden space 102400K,   5% used [0x00000000f0000000, 0x00000000f05db2d8, 0x00000000f6400000)
  from space 12800K,   0% used [0x00000000f7080000, 0x00000000f7080000, 0x00000000f7d00000)
  to   space 12800K,   0% used [0x00000000f6400000, 0x00000000f6400000, 0x00000000f7080000)
 concurrent mark-sweep generation total 134144K, used 134143K [0x00000000f7d00000, 0x0000000100000000, 0x0000000100000000)
 Metaspace       used 52020K, capacity 54858K, committed 55936K, reserved 1097728K
  class space    used 6332K, capacity 6829K, committed 7040K, reserved 1048576K
}
2023-01-17T04:33:43.269+0800: 233.176: [GC (CMS Initial Mark) [1 CMS-initial-mark: 134143K(134144K)] 141341K(249344K), 0.0070411 secs] [Times: user=0.02 sys=0.00, real=0.01 secs] 
2023-01-17T04:33:43.276+0800: 233.184: [CMS-concurrent-mark-start]
2023-01-17T04:33:43.357+0800: 233.265: [CMS-concurrent-mark: 0.082/0.082 secs] [Times: user=0.16 sys=0.03, real=0.08 secs] 
2023-01-17T04:33:43.358+0800: 233.265: [CMS-concurrent-preclean-start]
2023-01-17T04:33:43.398+0800: 233.306: [CMS-concurrent-preclean: 0.040/0.040 secs] [Times: user=0.09 sys=0.01, real=0.04 secs] 
2023-01-17T04:33:43.398+0800: 233.306: [CMS-concurrent-abortable-preclean-start]
2023-01-17T04:33:43.398+0800: 233.306: [CMS-concurrent-abortable-preclean: 0.000/0.000 secs] [Times: user=0.00 sys=0.00, real=0.00 secs] 
2023-01-17T04:33:43.482+0800: 233.390: [GC (CMS Final Remark) [YG occupancy: 106352 K (115200 K)]2023-01-17T04:33:43.483+0800: 233.390: [Rescan (parallel) , 0.0322651 secs]2023-01-17T04:33:43.515+0800: 233.423: [weak refs processing, 0.0000524 secs]2023-01-17T04:33:43.515+0800: 233.423: [class unloading, 0.0134407 secs]2023-01-17T04:33:43.528+0800: 233.436: [scrub symbol table, 0.0049105 secs]2023-01-17T04:33:43.533+0800: 233.441: [scrub string table, 0.0008705 secs][1 CMS-remark: 134143K(134144K)] 240496K(249344K), 0.0517929 secs] [Times: user=0.14 sys=0.00, real=0.05 secs] 
2023-01-17T04:33:43.537+0800: 233.445: [CMS-concurrent-sweep-start]
2023-01-17T04:33:43.557+0800: 233.464: [CMS-concurrent-sweep: 0.020/0.020 secs] [Times: user=0.06 sys=0.00, real=0.02 secs] 
2023-01-17T04:33:43.557+0800: 233.465: [CMS-concurrent-reset-start]
2023-01-17T04:33:43.557+0800: 233.465: [CMS-concurrent-reset: 0.000/0.000 secs] [Times: user=0.00 sys=0.00, real=0.00 secs] 
{Heap before GC invocations=327 (full 391):
 par new generation   total 115200K, used 115199K [0x00000000f0000000, 0x00000000f7d00000, 0x00000000f7d00000)
  eden space 102400K, 100% used [0x00000000f0000000, 0x00000000f6400000, 0x00000000f6400000)
  from space 12800K,  99% used [0x00000000f7080000, 0x00000000f7cffff8, 0x00000000f7d00000)
  to   space 12800K,   0% used [0x00000000f6400000, 0x00000000f6400000, 0x00000000f7080000)
 concurrent mark-sweep generation total 134144K, used 134030K [0x00000000f7d00000, 0x0000000100000000, 0x0000000100000000)
 Metaspace       used 52020K, capacity 54858K, committed 55936K, reserved 1097728K
  class space    used 6332K, capacity 6829K, committed 7040K, reserved 1048576K
2023-01-17T04:33:43.823+0800: 233.731: [GC (Allocation Failure) 2023-01-17T04:33:43.823+0800: 233.731: [ParNew: 115199K->115199K(115200K), 0.0000271 secs]2023-01-17T04:33:43.823+0800: 233.731: [CMS: 134030K->134143K(134144K), 0.1884491 secs] 249230K->140008K(249344K), [Metaspace: 52020K->52020K(1097728K)], 0.1888948 secs] [Times: user=0.19 sys=0.00, real=0.19 secs] 
Heap after GC invocations=328 (full 392):
 par new generation   total 115200K, used 5864K [0x00000000f0000000, 0x00000000f7d00000, 0x00000000f7d00000)
  eden space 102400K,   5% used [0x00000000f0000000, 0x00000000f05ba280, 0x00000000f6400000)
  from space 12800K,   0% used [0x00000000f7080000, 0x00000000f7080000, 0x00000000f7d00000)
  to   space 12800K,   0% used [0x00000000f6400000, 0x00000000f6400000, 0x00000000f7080000)
 concurrent mark-sweep generation total 134144K, used 134143K [0x00000000f7d00000, 0x0000000100000000, 0x0000000100000000)
 Metaspace       used 52020K, capacity 54858K, committed 55936K, reserved 1097728K
  class space    used 6332K, capacity 6829K, committed 7040K, reserved 1048576K
}
2023-01-17T04:33:44.020+0800: 233.928: [GC (CMS Initial Mark) [1 CMS-initial-mark: 134143K(134144K)] 143941K(249344K), 0.0054202 secs] [Times: user=0.02 sys=0.00, real=0.00 secs] 
2023-01-17T04:33:44.026+0800: 233.934: [CMS-concurrent-mark-start]
2023-01-17T04:33:44.106+0800: 234.014: [CMS-concurrent-mark: 0.080/0.080 secs] [Times: user=0.25 sys=0.06, real=0.08 secs] 
2023-01-17T04:33:44.106+0800: 234.014: [CMS-concurrent-preclean-start]
2023-01-17T04:33:44.164+0800: 234.072: [CMS-concurrent-preclean: 0.058/0.058 secs] [Times: user=0.13 sys=0.09, real=0.06 secs] 
2023-01-17T04:33:44.164+0800: 234.072: [CMS-concurrent-abortable-preclean-start]
2023-01-17T04:33:44.165+0800: 234.073: [CMS-concurrent-abortable-preclean: 0.000/0.000 secs] [Times: user=0.01 sys=0.00, real=0.00 secs] 
2023-01-17T04:33:44.169+0800: 234.077: [GC (CMS Final Remark) [YG occupancy: 63807 K (115200 K)]2023-01-17T04:33:44.169+0800: 234.077: [Rescan (parallel) , 0.0171941 secs]2023-01-17T04:33:44.186+0800: 234.094: [weak refs processing, 0.0000385 secs]2023-01-17T04:33:44.186+0800: 234.094: [class unloading, 0.0129084 secs]2023-01-17T04:33:44.199+0800: 234.107: [scrub symbol table, 0.0049502 secs]2023-01-17T04:33:44.204+0800: 234.112: [scrub string table, 0.0008750 secs][1 CMS-remark: 134143K(134144K)] 197951K(249344K), 0.0361215 secs] [Times: user=0.09 sys=0.00, real=0.04 secs] 
2023-01-17T04:33:44.205+0800: 234.113: [CMS-concurrent-sweep-start]
2023-01-17T04:33:44.226+0800: 234.134: [CMS-concurrent-sweep: 0.021/0.021 secs] [Times: user=0.07 sys=0.01, real=0.02 secs] 
2023-01-17T04:33:44.227+0800: 234.134: [CMS-concurrent-reset-start]
2023-01-17T04:33:44.227+0800: 234.135: [CMS-concurrent-reset: 0.000/0.000 secs] [Times: user=0.00 sys=0.00, real=0.00 secs] 
{Heap before GC invocations=328 (full 393):
 par new generation   total 115200K, used 115199K [0x00000000f0000000, 0x00000000f7d00000, 0x00000000f7d00000)
  eden space 102400K, 100% used [0x00000000f0000000, 0x00000000f6400000, 0x00000000f6400000)
  from space 12800K,  99% used [0x00000000f7080000, 0x00000000f7cffff8, 0x00000000f7d00000)
  to   space 12800K,   0% used [0x00000000f6400000, 0x00000000f6400000, 0x00000000f7080000)
 concurrent mark-sweep generation total 134144K, used 133958K [0x00000000f7d00000, 0x0000000100000000, 0x0000000100000000)
 Metaspace       used 52039K, capacity 54894K, committed 55936K, reserved 1097728K
  class space    used 6335K, capacity 6835K, committed 7040K, reserved 1048576K
2023-01-17T04:33:44.569+0800: 234.477: [GC (Allocation Failure) 2023-01-17T04:33:44.569+0800: 234.477: [ParNew: 115199K->115199K(115200K), 0.0000296 secs]2023-01-17T04:33:44.569+0800: 234.477: [CMS: 133958K->134143K(134144K), 0.2122578 secs] 249158K->139971K(249344K), [Metaspace: 52039K->52039K(1097728K)], 0.2126968 secs] [Times: user=0.22 sys=0.00, real=0.22 secs] 
Heap after GC invocations=329 (full 394):
 par new generation   total 115200K, used 5827K [0x00000000f0000000, 0x00000000f7d00000, 0x00000000f7d00000)
  eden space 102400K,   5% used [0x00000000f0000000, 0x00000000f05b0fb8, 0x00000000f6400000)
  from space 12800K,   0% used [0x00000000f7080000, 0x00000000f7080000, 0x00000000f7d00000)
  to   space 12800K,   0% used [0x00000000f6400000, 0x00000000f6400000, 0x00000000f7080000)
 concurrent mark-sweep generation total 134144K, used 134143K [0x00000000f7d00000, 0x0000000100000000, 0x0000000100000000)
 Metaspace       used 52039K, capacity 54894K, committed 55936K, reserved 1097728K
  class space    used 6335K, capacity 6835K, committed 7040K, reserved 1048576K
}
2023-01-17T04:33:44.789+0800: 234.696: [GC (CMS Initial Mark) [1 CMS-initial-mark: 134143K(134144K)] 142404K(249344K), 0.0052594 secs] [Times: user=0.02 sys=0.00, real=0.01 secs] 
2023-01-17T04:33:44.794+0800: 234.702: [CMS-concurrent-mark-start]
2023-01-17T04:33:44.860+0800: 234.768: [CMS-concurrent-mark: 0.066/0.066 secs] [Times: user=0.18 sys=0.01, real=0.07 secs] 
2023-01-17T04:33:44.860+0800: 234.768: [CMS-concurrent-preclean-start]
2023-01-17T04:33:44.898+0800: 234.806: [CMS-concurrent-preclean: 0.038/0.038 secs] [Times: user=0.07 sys=0.01, real=0.03 secs] 
2023-01-17T04:33:44.898+0800: 234.806: [CMS-concurrent-abortable-preclean-start]
2023-01-17T04:33:44.898+0800: 234.806: [CMS-concurrent-abortable-preclean: 0.000/0.000 secs] [Times: user=0.00 sys=0.00, real=0.00 secs] 
2023-01-17T04:33:44.903+0800: 234.810: [GC (CMS Final Remark) [YG occupancy: 51306 K (115200 K)]2023-01-17T04:33:44.903+0800: 234.811: [Rescan (parallel) , 0.0152780 secs]2023-01-17T04:33:44.918+0800: 234.826: [weak refs processing, 0.0000458 secs]2023-01-17T04:33:44.918+0800: 234.826: [class unloading, 0.0135913 secs]2023-01-17T04:33:44.932+0800: 234.839: [scrub symbol table, 0.0050928 secs]2023-01-17T04:33:44.937+0800: 234.845: [scrub string table, 0.0009003 secs][1 CMS-remark: 134143K(134144K)] 185450K(249344K), 0.0351050 secs] [Times: user=0.09 sys=0.00, real=0.03 secs] 
2023-01-17T04:33:44.939+0800: 234.846: [CMS-concurrent-sweep-start]
2023-01-17T04:33:44.958+0800: 234.866: [CMS-concurrent-sweep: 0.019/0.019 secs] [Times: user=0.06 sys=0.01, real=0.02 secs] 
2023-01-17T04:33:44.958+0800: 234.866: [CMS-concurrent-reset-start]
2023-01-17T04:33:44.959+0800: 234.866: [CMS-concurrent-reset: 0.000/0.000 secs] [Times: user=0.00 sys=0.00, real=0.00 secs] 
{Heap before GC invocations=329 (full 395):
 par new generation   total 115200K, used 115199K [0x00000000f0000000, 0x00000000f7d00000, 0x00000000f7d00000)
  eden space 102400K, 100% used [0x00000000f0000000, 0x00000000f6400000, 0x00000000f6400000)
  from space 12800K,  99% used [0x00000000f7080000, 0x00000000f7cffff8, 0x00000000f7d00000)
  to   space 12800K,   0% used [0x00000000f6400000, 0x00000000f6400000, 0x00000000f7080000)
 concurrent mark-sweep generation total 134144K, used 134030K [0x00000000f7d00000, 0x0000000100000000, 0x0000000100000000)
 Metaspace       used 52039K, capacity 54894K, committed 55936K, reserved 1097728K
  class space    used 6335K, capacity 6835K, committed 7040K, reserved 1048576K
2023-01-17T04:33:45.337+0800: 235.245: [GC (Allocation Failure) 2023-01-17T04:33:45.338+0800: 235.245: [ParNew: 115199K->115199K(115200K), 0.0000287 secs]2023-01-17T04:33:45.338+0800: 235.245: [CMS: 134030K->134143K(134144K), 0.1940187 secs] 249230K->140210K(249344K), [Metaspace: 52039K->52039K(1097728K)], 0.1944488 secs] [Times: user=0.20 sys=0.00, real=0.20 secs] 
Heap after GC invocations=330 (full 396):
 par new generation   total 115200K, used 6066K [0x00000000f0000000, 0x00000000f7d00000, 0x00000000f7d00000)
  eden space 102400K,   5% used [0x00000000f0000000, 0x00000000f05ec850, 0x00000000f6400000)
  from space 12800K,   0% used [0x00000000f7080000, 0x00000000f7080000, 0x00000000f7d00000)
  to   space 12800K,   0% used [0x00000000f6400000, 0x00000000f6400000, 0x00000000f7080000)
 concurrent mark-sweep generation total 134144K, used 134143K [0x00000000f7d00000, 0x0000000100000000, 0x0000000100000000)
 Metaspace       used 52039K, capacity 54894K, committed 55936K, reserved 1097728K
  class space    used 6335K, capacity 6835K, committed 7040K, reserved 1048576K
}
2023-01-17T04:33:45.537+0800: 235.445: [GC (CMS Initial Mark) [1 CMS-initial-mark: 134143K(134144K)] 141040K(249344K), 0.0046855 secs] [Times: user=0.01 sys=0.00, real=0.01 secs] 
2023-01-17T04:33:45.542+0800: 235.450: [CMS-concurrent-mark-start]
2023-01-17T04:33:45.617+0800: 235.525: [CMS-concurrent-mark: 0.075/0.075 secs] [Times: user=0.15 sys=0.05, real=0.07 secs] 
2023-01-17T04:33:45.617+0800: 235.525: [CMS-concurrent-preclean-start]
2023-01-17T04:33:45.664+0800: 235.571: [CMS-concurrent-preclean: 0.046/0.046 secs] [Times: user=0.09 sys=0.01, real=0.05 secs] 
2023-01-17T04:33:45.664+0800: 235.572: [CMS-concurrent-abortable-preclean-start]
2023-01-17T04:33:45.664+0800: 235.572: [CMS-concurrent-abortable-preclean: 0.000/0.000 secs] [Times: user=0.00 sys=0.00, real=0.00 secs] 
2023-01-17T04:33:45.668+0800: 235.576: [GC (CMS Final Remark) [YG occupancy: 36512 K (115200 K)]2023-01-17T04:33:45.668+0800: 235.576: [Rescan (parallel) , 0.0130111 secs]2023-01-17T04:33:45.681+0800: 235.589: [weak refs processing, 0.0000594 secs]2023-01-17T04:33:45.681+0800: 235.589: [class unloading, 0.0132479 secs]2023-01-17T04:33:45.694+0800: 235.602: [scrub symbol table, 0.0051437 secs]2023-01-17T04:33:45.699+0800: 235.607: [scrub string table, 0.0008957 secs][1 CMS-remark: 134143K(134144K)] 170656K(249344K), 0.0325170 secs] [Times: user=0.06 sys=0.00, real=0.04 secs] 
2023-01-17T04:33:45.701+0800: 235.609: [CMS-concurrent-sweep-start]
2023-01-17T04:33:45.718+0800: 235.626: [CMS-concurrent-sweep: 0.017/0.017 secs] [Times: user=0.05 sys=0.00, real=0.01 secs] 
2023-01-17T04:33:45.719+0800: 235.626: [CMS-concurrent-reset-start]
2023-01-17T04:33:45.719+0800: 235.627: [CMS-concurrent-reset: 0.000/0.000 secs] [Times: user=0.00 sys=0.00, real=0.00 secs] 
{Heap before GC invocations=330 (full 397):
 par new generation   total 115200K, used 115199K [0x00000000f0000000, 0x00000000f7d00000, 0x00000000f7d00000)
  eden space 102400K, 100% used [0x00000000f0000000, 0x00000000f6400000, 0x00000000f6400000)
  from space 12800K,  99% used [0x00000000f7080000, 0x00000000f7cffff8, 0x00000000f7d00000)
  to   space 12800K,   0% used [0x00000000f6400000, 0x00000000f6400000, 0x00000000f7080000)
 concurrent mark-sweep generation total 134144K, used 134126K [0x00000000f7d00000, 0x0000000100000000, 0x0000000100000000)
 Metaspace       used 52039K, capacity 54894K, committed 55936K, reserved 1097728K
  class space    used 6335K, capacity 6835K, committed 7040K, reserved 1048576K
2023-01-17T04:33:46.067+0800: 235.975: [GC (Allocation Failure) 2023-01-17T04:33:46.067+0800: 235.975: [ParNew: 115199K->115199K(115200K), 0.0000304 secs]2023-01-17T04:33:46.067+0800: 235.975: [CMS: 134126K->134143K(134144K), 0.2019472 secs] 249326K->140203K(249344K), [Metaspace: 52039K->52039K(1097728K)], 0.2023831 secs] [Times: user=0.20 sys=0.00, real=0.21 secs] 
Heap after GC invocations=331 (full 398):
 par new generation   total 115200K, used 6059K [0x00000000f0000000, 0x00000000f7d00000, 0x00000000f7d00000)
  eden space 102400K,   5% used [0x00000000f0000000, 0x00000000f05ead88, 0x00000000f6400000)
  from space 12800K,   0% used [0x00000000f7080000, 0x00000000f7080000, 0x00000000f7d00000)
  to   space 12800K,   0% used [0x00000000f6400000, 0x00000000f6400000, 0x00000000f7080000)
 concurrent mark-sweep generation total 134144K, used 134143K [0x00000000f7d00000, 0x0000000100000000, 0x0000000100000000)
 Metaspace       used 52039K, capacity 54894K, committed 55936K, reserved 1097728K
  class space    used 6335K, capacity 6835K, committed 7040K, reserved 1048576K
}
2023-01-17T04:33:46.323+0800: 236.231: [GC (CMS Initial Mark) [1 CMS-initial-mark: 134143K(134144K)] 187111K(249344K), 0.0169440 secs] [Times: user=0.06 sys=0.00, real=0.02 secs] 
2023-01-17T04:33:46.341+0800: 236.248: [CMS-concurrent-mark-start]
2023-01-17T04:33:46.402+0800: 236.310: [CMS-concurrent-mark: 0.062/0.062 secs] [Times: user=0.14 sys=0.02, real=0.06 secs] 
2023-01-17T04:33:46.403+0800: 236.310: [CMS-concurrent-preclean-start]
2023-01-17T04:33:46.449+0800: 236.357: [CMS-concurrent-preclean: 0.046/0.046 secs] [Times: user=0.14 sys=0.01, real=0.04 secs] 
2023-01-17T04:33:46.449+0800: 236.357: [CMS-concurrent-abortable-preclean-start]
2023-01-17T04:33:46.449+0800: 236.357: [CMS-concurrent-abortable-preclean: 0.000/0.000 secs] [Times: user=0.00 sys=0.00, real=0.00 secs] 
2023-01-17T04:33:46.454+0800: 236.362: [GC (CMS Final Remark) [YG occupancy: 104980 K (115200 K)]2023-01-17T04:33:46.455+0800: 236.362: [Rescan (parallel) , 0.0267329 secs]2023-01-17T04:33:46.481+0800: 236.389: [weak refs processing, 0.0000497 secs]2023-01-17T04:33:46.481+0800: 236.389: [class unloading, 0.0133913 secs]2023-01-17T04:33:46.495+0800: 236.403: [scrub symbol table, 0.0049857 secs]2023-01-17T04:33:46.500+0800: 236.408: [scrub string table, 0.0008872 secs][1 CMS-remark: 134143K(134144K)] 239124K(249344K), 0.0462870 secs] [Times: user=0.12 sys=0.00, real=0.05 secs] 
2023-01-17T04:33:46.502+0800: 236.410: [CMS-concurrent-sweep-start]
2023-01-17T04:33:46.521+0800: 236.429: [CMS-concurrent-sweep: 0.019/0.019 secs] [Times: user=0.06 sys=0.01, real=0.02 secs] 
2023-01-17T04:33:46.521+0800: 236.429: [CMS-concurrent-reset-start]
2023-01-17T04:33:46.521+0800: 236.429: [CMS-concurrent-reset: 0.000/0.000 secs] [Times: user=0.01 sys=0.00, real=0.00 secs] 
{Heap before GC invocations=331 (full 399):
 par new generation   total 115200K, used 115199K [0x00000000f0000000, 0x00000000f7d00000, 0x00000000f7d00000)
  eden space 102400K, 100% used [0x00000000f0000000, 0x00000000f6400000, 0x00000000f6400000)
  from space 12800K,  99% used [0x00000000f7080000, 0x00000000f7cfffe8, 0x00000000f7d00000)
  to   space 12800K,   0% used [0x00000000f6400000, 0x00000000f6400000, 0x00000000f7080000)
 concurrent mark-sweep generation total 134144K, used 133842K [0x00000000f7d00000, 0x0000000100000000, 0x0000000100000000)
 Metaspace       used 52039K, capacity 54894K, committed 55936K, reserved 1097728K
  class space    used 6335K, capacity 6835K, committed 7040K, reserved 1048576K
2023-01-17T04:33:46.789+0800: 236.697: [GC (Allocation Failure) 2023-01-17T04:33:46.789+0800: 236.697: [ParNew: 115199K->115199K(115200K), 0.0000263 secs]2023-01-17T04:33:46.789+0800: 236.697: [CMS: 133842K->134143K(134144K), 0.2515376 secs] 249042K->140109K(249344K), [Metaspace: 52039K->52039K(1097728K)], 0.2520385 secs] [Times: user=0.26 sys=0.00, real=0.26 secs] 
Heap after GC invocations=332 (full 400):
 par new generation   total 115200K, used 5966K [0x00000000f0000000, 0x00000000f7d00000, 0x00000000f7d00000)
  eden space 102400K,   5% used [0x00000000f0000000, 0x00000000f05d3860, 0x00000000f6400000)
  from space 12800K,   0% used [0x00000000f7080000, 0x00000000f7080000, 0x00000000f7d00000)
  to   space 12800K,   0% used [0x00000000f6400000, 0x00000000f6400000, 0x00000000f7080000)
 concurrent mark-sweep generation total 134144K, used 134143K [0x00000000f7d00000, 0x0000000100000000, 0x0000000100000000)
 Metaspace       used 52039K, capacity 54894K, committed 55936K, reserved 1097728K
  class space    used 6335K, capacity 6835K, committed 7040K, reserved 1048576K
}
2023-01-17T04:33:47.048+0800: 236.956: [GC (CMS Initial Mark) [1 CMS-initial-mark: 134143K(134144K)] 140751K(249344K), 0.0057545 secs] [Times: user=0.01 sys=0.00, real=0.01 secs] 
2023-01-17T04:33:47.054+0800: 236.962: [CMS-concurrent-mark-start]
2023-01-17T04:33:47.108+0800: 237.015: [CMS-concurrent-mark: 0.054/0.054 secs] [Times: user=0.15 sys=0.01, real=0.05 secs] 
2023-01-17T04:33:47.108+0800: 237.016: [CMS-concurrent-preclean-start]
2023-01-17T04:33:47.140+0800: 237.048: [CMS-concurrent-preclean: 0.032/0.032 secs] [Times: user=0.08 sys=0.02, real=0.04 secs] 
2023-01-17T04:33:47.140+0800: 237.048: [CMS-concurrent-abortable-preclean-start]
2023-01-17T04:33:47.140+0800: 237.048: [CMS-concurrent-abortable-preclean: 0.000/0.000 secs] [Times: user=0.00 sys=0.00, real=0.00 secs] 
2023-01-17T04:33:47.145+0800: 237.052: [GC (CMS Final Remark) [YG occupancy: 49472 K (115200 K)]2023-01-17T04:33:47.145+0800: 237.052: [Rescan (parallel) , 0.0156225 secs]2023-01-17T04:33:47.160+0800: 237.068: [weak refs processing, 0.0000388 secs]2023-01-17T04:33:47.160+0800: 237.068: [class unloading, 0.0135593 secs]2023-01-17T04:33:47.174+0800: 237.082: [scrub symbol table, 0.0050115 secs]2023-01-17T04:33:47.179+0800: 237.087: [scrub string table, 0.0008717 secs][1 CMS-remark: 134143K(134144K)] 183616K(249344K), 0.0352853 secs] [Times: user=0.09 sys=0.00, real=0.04 secs] 
2023-01-17T04:33:47.181+0800: 237.088: [CMS-concurrent-sweep-start]
2023-01-17T04:33:47.196+0800: 237.104: [CMS-concurrent-sweep: 0.015/0.015 secs] [Times: user=0.04 sys=0.00, real=0.01 secs] 
2023-01-17T04:33:47.196+0800: 237.104: [CMS-concurrent-reset-start]
2023-01-17T04:33:47.196+0800: 237.104: [CMS-concurrent-reset: 0.000/0.000 secs] [Times: user=0.00 sys=0.00, real=0.00 secs] 
{Heap before GC invocations=332 (full 401):
 par new generation   total 115200K, used 115199K [0x00000000f0000000, 0x00000000f7d00000, 0x00000000f7d00000)
  eden space 102400K, 100% used [0x00000000f0000000, 0x00000000f6400000, 0x00000000f6400000)
  from space 12800K,  99% used [0x00000000f7080000, 0x00000000f7cffec8, 0x00000000f7d00000)
  to   space 12800K,   0% used [0x00000000f6400000, 0x00000000f6400000, 0x00000000f7080000)
 concurrent mark-sweep generation total 134144K, used 134027K [0x00000000f7d00000, 0x0000000100000000, 0x0000000100000000)
 Metaspace       used 52039K, capacity 54894K, committed 55936K, reserved 1097728K
  class space    used 6335K, capacity 6835K, committed 7040K, reserved 1048576K
2023-01-17T04:33:47.723+0800: 237.631: [GC (Allocation Failure) 2023-01-17T04:33:47.723+0800: 237.631: [ParNew: 115199K->115199K(115200K), 0.0000246 secs]2023-01-17T04:33:47.723+0800: 237.631: [CMS: 134027K->134143K(134144K), 0.2008963 secs] 249227K->140087K(249344K), [Metaspace: 52039K->52039K(1097728K)], 0.2013045 secs] [Times: user=0.21 sys=0.00, real=0.20 secs] 
Heap after GC invocations=333 (full 402):
 par new generation   total 115200K, used 5943K [0x00000000f0000000, 0x00000000f7d00000, 0x00000000f7d00000)
  eden space 102400K,   5% used [0x00000000f0000000, 0x00000000f05cdfe0, 0x00000000f6400000)
  from space 12800K,   0% used [0x00000000f7080000, 0x00000000f7080000, 0x00000000f7d00000)
  to   space 12800K,   0% used [0x00000000f6400000, 0x00000000f6400000, 0x00000000f7080000)
 concurrent mark-sweep generation total 134144K, used 134143K [0x00000000f7d00000, 0x0000000100000000, 0x0000000100000000)
 Metaspace       used 52039K, capacity 54894K, committed 55936K, reserved 1097728K
  class space    used 6335K, capacity 6835K, committed 7040K, reserved 1048576K
}
2023-01-17T04:33:47.929+0800: 237.837: [GC (CMS Initial Mark) [1 CMS-initial-mark: 134143K(134144K)] 140711K(249344K), 0.0044992 secs] [Times: user=0.02 sys=0.00, real=0.01 secs] 
2023-01-17T04:33:47.934+0800: 237.842: [CMS-concurrent-mark-start]
2023-01-17T04:33:48.004+0800: 237.912: [CMS-concurrent-mark: 0.070/0.070 secs] [Times: user=0.20 sys=0.03, real=0.07 secs] 
2023-01-17T04:33:48.004+0800: 237.912: [CMS-concurrent-preclean-start]
2023-01-17T04:33:48.050+0800: 237.958: [CMS-concurrent-preclean: 0.046/0.046 secs] [Times: user=0.09 sys=0.01, real=0.05 secs] 
2023-01-17T04:33:48.051+0800: 237.958: [CMS-concurrent-abortable-preclean-start]
2023-01-17T04:33:48.051+0800: 237.958: [CMS-concurrent-abortable-preclean: 0.000/0.000 secs] [Times: user=0.00 sys=0.00, real=0.00 secs] 
2023-01-17T04:33:48.056+0800: 237.964: [GC (CMS Final Remark) [YG occupancy: 64760 K (115200 K)]2023-01-17T04:33:48.056+0800: 237.964: [Rescan (parallel) , 0.0396639 secs]2023-01-17T04:33:48.096+0800: 238.003: [weak refs processing, 0.0000614 secs]2023-01-17T04:33:48.096+0800: 238.003: [class unloading, 0.0186886 secs]2023-01-17T04:33:48.114+0800: 238.022: [scrub symbol table, 0.0080198 secs]2023-01-17T04:33:48.122+0800: 238.030: [scrub string table, 0.0013115 secs][1 CMS-remark: 134143K(134144K)] 198904K(249344K), 0.0679664 secs] [Times: user=0.12 sys=0.00, real=0.07 secs] 
2023-01-17T04:33:48.124+0800: 238.032: [CMS-concurrent-sweep-start]
2023-01-17T04:33:48.148+0800: 238.055: [CMS-concurrent-sweep: 0.023/0.023 secs] [Times: user=0.03 sys=0.00, real=0.02 secs] 
2023-01-17T04:33:48.148+0800: 238.056: [CMS-concurrent-reset-start]
2023-01-17T04:33:48.148+0800: 238.056: [CMS-concurrent-reset: 0.000/0.000 secs] [Times: user=0.00 sys=0.00, real=0.00 secs] 
{Heap before GC invocations=333 (full 403):
 par new generation   total 115200K, used 115200K [0x00000000f0000000, 0x00000000f7d00000, 0x00000000f7d00000)
  eden space 102400K, 100% used [0x00000000f0000000, 0x00000000f6400000, 0x00000000f6400000)
  from space 12800K, 100% used [0x00000000f7080000, 0x00000000f7d00000, 0x00000000f7d00000)
  to   space 12800K,   0% used [0x00000000f6400000, 0x00000000f6400000, 0x00000000f7080000)
 concurrent mark-sweep generation total 134144K, used 133907K [0x00000000f7d00000, 0x0000000100000000, 0x0000000100000000)
 Metaspace       used 52039K, capacity 54894K, committed 55936K, reserved 1097728K
  class space    used 6335K, capacity 6835K, committed 7040K, reserved 1048576K
2023-01-17T04:33:48.470+0800: 238.378: [GC (Allocation Failure) 2023-01-17T04:33:48.471+0800: 238.378: [ParNew: 115200K->115200K(115200K), 0.0000255 secs]2023-01-17T04:33:48.471+0800: 238.378: [CMS: 133907K->134143K(134144K), 0.1893189 secs] 249107K->140046K(249344K), [Metaspace: 52039K->52039K(1097728K)], 0.1897290 secs] [Times: user=0.19 sys=0.00, real=0.19 secs] 
Heap after GC invocations=334 (full 404):
 par new generation   total 115200K, used 5902K [0x00000000f0000000, 0x00000000f7d00000, 0x00000000f7d00000)
  eden space 102400K,   5% used [0x00000000f0000000, 0x00000000f05c3a98, 0x00000000f6400000)
  from space 12800K,   0% used [0x00000000f7080000, 0x00000000f7080000, 0x00000000f7d00000)
  to   space 12800K,   0% used [0x00000000f6400000, 0x00000000f6400000, 0x00000000f7080000)
 concurrent mark-sweep generation total 134144K, used 134143K [0x00000000f7d00000, 0x0000000100000000, 0x0000000100000000)
 Metaspace       used 52039K, capacity 54894K, committed 55936K, reserved 1097728K
  class space    used 6335K, capacity 6835K, committed 7040K, reserved 1048576K
}
2023-01-17T04:33:48.667+0800: 238.575: [GC (CMS Initial Mark) [1 CMS-initial-mark: 134143K(134144K)] 142379K(249344K), 0.0059700 secs] [Times: user=0.01 sys=0.00, real=0.01 secs] 
2023-01-17T04:33:48.674+0800: 238.582: [CMS-concurrent-mark-start]
2023-01-17T04:33:48.750+0800: 238.658: [CMS-concurrent-mark: 0.076/0.076 secs] [Times: user=0.22 sys=0.03, real=0.08 secs] 
2023-01-17T04:33:48.750+0800: 238.658: [CMS-concurrent-preclean-start]
2023-01-17T04:33:48.811+0800: 238.719: [CMS-concurrent-preclean: 0.061/0.061 secs] [Times: user=0.15 sys=0.02, real=0.06 secs] 
2023-01-17T04:33:48.812+0800: 238.720: [CMS-concurrent-abortable-preclean-start]
2023-01-17T04:33:48.812+0800: 238.720: [CMS-concurrent-abortable-preclean: 0.000/0.000 secs] [Times: user=0.00 sys=0.00, real=0.00 secs] 
2023-01-17T04:33:48.818+0800: 238.726: [GC (CMS Final Remark) [YG occupancy: 85642 K (115200 K)]2023-01-17T04:33:48.819+0800: 238.726: [Rescan (parallel) , 0.0326858 secs]2023-01-17T04:33:48.851+0800: 238.759: [weak refs processing, 0.0000503 secs]2023-01-17T04:33:48.851+0800: 238.759: [class unloading, 0.0142432 secs]2023-01-17T04:33:48.866+0800: 238.773: [scrub symbol table, 0.0053323 secs]2023-01-17T04:33:48.871+0800: 238.779: [scrub string table, 0.0009294 secs][1 CMS-remark: 134143K(134144K)] 219786K(249344K), 0.0535038 secs] [Times: user=0.11 sys=0.00, real=0.06 secs] 
2023-01-17T04:33:48.874+0800: 238.781: [CMS-concurrent-sweep-start]
2023-01-17T04:33:48.896+0800: 238.804: [CMS-concurrent-sweep: 0.023/0.023 secs] [Times: user=0.04 sys=0.01, real=0.02 secs] 
2023-01-17T04:33:48.896+0800: 238.804: [CMS-concurrent-reset-start]
2023-01-17T04:33:48.897+0800: 238.804: [CMS-concurrent-reset: 0.000/0.000 secs] [Times: user=0.00 sys=0.00, real=0.00 secs] 
{Heap before GC invocations=334 (full 405):
 par new generation   total 115200K, used 115199K [0x00000000f0000000, 0x00000000f7d00000, 0x00000000f7d00000)
  eden space 102400K,  99% used [0x00000000f0000000, 0x00000000f63ffff8, 0x00000000f6400000)
  from space 12800K,  99% used [0x00000000f7080000, 0x00000000f7cfffe8, 0x00000000f7d00000)
  to   space 12800K,   0% used [0x00000000f6400000, 0x00000000f6400000, 0x00000000f7080000)
 concurrent mark-sweep generation total 134144K, used 133966K [0x00000000f7d00000, 0x0000000100000000, 0x0000000100000000)
 Metaspace       used 52039K, capacity 54894K, committed 55936K, reserved 1097728K
  class space    used 6335K, capacity 6835K, committed 7040K, reserved 1048576K
2023-01-17T04:33:49.222+0800: 239.129: [GC (Allocation Failure) 2023-01-17T04:33:49.222+0800: 239.130: [ParNew: 115199K->115199K(115200K), 0.0000255 secs]2023-01-17T04:33:49.222+0800: 239.130: [CMS: 133966K->134144K(134144K), 0.1857011 secs] 249166K->140132K(249344K), [Metaspace: 52039K->52039K(1097728K)], 0.1861023 secs] [Times: user=0.19 sys=0.01, real=0.18 secs] 
Heap after GC invocations=335 (full 406):
 par new generation   total 115200K, used 5988K [0x00000000f0000000, 0x00000000f7d00000, 0x00000000f7d00000)
  eden space 102400K,   5% used [0x00000000f0000000, 0x00000000f05d9168, 0x00000000f6400000)
  from space 12800K,   0% used [0x00000000f7080000, 0x00000000f7080000, 0x00000000f7d00000)
  to   space 12800K,   0% used [0x00000000f6400000, 0x00000000f6400000, 0x00000000f7080000)
 concurrent mark-sweep generation total 134144K, used 134144K [0x00000000f7d00000, 0x0000000100000000, 0x0000000100000000)
 Metaspace       used 52039K, capacity 54894K, committed 55936K, reserved 1097728K
  class space    used 6335K, capacity 6835K, committed 7040K, reserved 1048576K
}
2023-01-17T04:33:49.427+0800: 239.335: [GC (CMS Initial Mark) [1 CMS-initial-mark: 134144K(134144K)] 145479K(249344K), 0.0093383 secs] [Times: user=0.02 sys=0.00, real=0.01 secs] 
2023-01-17T04:33:49.437+0800: 239.345: [CMS-concurrent-mark-start]
2023-01-17T04:33:49.497+0800: 239.405: [CMS-concurrent-mark: 0.060/0.060 secs] [Times: user=0.13 sys=0.01, real=0.06 secs] 
2023-01-17T04:33:49.497+0800: 239.405: [CMS-concurrent-preclean-start]
2023-01-17T04:33:49.533+0800: 239.441: [CMS-concurrent-preclean: 0.036/0.036 secs] [Times: user=0.07 sys=0.01, real=0.04 secs] 
2023-01-17T04:33:49.533+0800: 239.441: [CMS-concurrent-abortable-preclean-start]
2023-01-17T04:33:49.533+0800: 239.441: [CMS-concurrent-abortable-preclean: 0.000/0.000 secs] [Times: user=0.00 sys=0.00, real=0.00 secs] 
2023-01-17T04:33:49.539+0800: 239.446: [GC (CMS Final Remark) [YG occupancy: 46219 K (115200 K)]2023-01-17T04:33:49.539+0800: 239.446: [Rescan (parallel) , 0.0371076 secs]2023-01-17T04:33:49.576+0800: 239.484: [weak refs processing, 0.0000463 secs]2023-01-17T04:33:49.576+0800: 239.484: [class unloading, 0.0132485 secs]2023-01-17T04:33:49.589+0800: 239.497: [scrub symbol table, 0.0051373 secs]2023-01-17T04:33:49.594+0800: 239.502: [scrub string table, 0.0008918 secs][1 CMS-remark: 134144K(134144K)] 180363K(249344K), 0.0566372 secs] [Times: user=0.14 sys=0.00, real=0.06 secs] 
2023-01-17T04:33:49.596+0800: 239.503: [CMS-concurrent-sweep-start]
2023-01-17T04:33:49.618+0800: 239.526: [CMS-concurrent-sweep: 0.022/0.022 secs] [Times: user=0.05 sys=0.00, real=0.02 secs] 
2023-01-17T04:33:49.618+0800: 239.526: [CMS-concurrent-reset-start]
2023-01-17T04:33:49.618+0800: 239.526: [CMS-concurrent-reset: 0.000/0.000 secs] [Times: user=0.01 sys=0.00, real=0.00 secs] 
{Heap before GC invocations=335 (full 407):
 par new generation   total 115200K, used 115199K [0x00000000f0000000, 0x00000000f7d00000, 0x00000000f7d00000)
  eden space 102400K,  99% used [0x00000000f0000000, 0x00000000f63ffff8, 0x00000000f6400000)
  from space 12800K,  99% used [0x00000000f7080000, 0x00000000f7cffff8, 0x00000000f7d00000)
  to   space 12800K,   0% used [0x00000000f6400000, 0x00000000f6400000, 0x00000000f7080000)
 concurrent mark-sweep generation total 134144K, used 133993K [0x00000000f7d00000, 0x0000000100000000, 0x0000000100000000)
 Metaspace       used 52039K, capacity 54894K, committed 55936K, reserved 1097728K
  class space    used 6335K, capacity 6835K, committed 7040K, reserved 1048576K
2023-01-17T04:33:49.972+0800: 239.879: [GC (Allocation Failure) 2023-01-17T04:33:49.972+0800: 239.880: [ParNew: 115199K->115199K(115200K), 0.0000255 secs]2023-01-17T04:33:49.972+0800: 239.880: [CMS: 133993K->134143K(134144K), 0.1913257 secs] 249193K->140073K(249344K), [Metaspace: 52039K->52039K(1097728K)], 0.1917298 secs] [Times: user=0.19 sys=0.00, real=0.19 secs] 
Heap after GC invocations=336 (full 408):
 par new generation   total 115200K, used 5929K [0x00000000f0000000, 0x00000000f7d00000, 0x00000000f7d00000)
  eden space 102400K,   5% used [0x00000000f0000000, 0x00000000f05ca510, 0x00000000f6400000)
  from space 12800K,   0% used [0x00000000f7080000, 0x00000000f7080000, 0x00000000f7d00000)
  to   space 12800K,   0% used [0x00000000f6400000, 0x00000000f6400000, 0x00000000f7080000)
 concurrent mark-sweep generation total 134144K, used 134143K [0x00000000f7d00000, 0x0000000100000000, 0x0000000100000000)
 Metaspace       used 52039K, capacity 54894K, committed 55936K, reserved 1097728K
  class space    used 6335K, capacity 6835K, committed 7040K, reserved 1048576K
}
2023-01-17T04:33:50.171+0800: 240.079: [GC (CMS Initial Mark) [1 CMS-initial-mark: 134143K(134144K)] 143333K(249344K), 0.0052742 secs] [Times: user=0.02 sys=0.00, real=0.00 secs] 
2023-01-17T04:33:50.177+0800: 240.085: [CMS-concurrent-mark-start]
2023-01-17T04:33:50.263+0800: 240.170: [CMS-concurrent-mark: 0.086/0.086 secs] [Times: user=0.26 sys=0.04, real=0.09 secs] 
2023-01-17T04:33:50.263+0800: 240.171: [CMS-concurrent-preclean-start]
2023-01-17T04:33:50.323+0800: 240.231: [CMS-concurrent-preclean: 0.060/0.060 secs] [Times: user=0.17 sys=0.03, real=0.06 secs] 
2023-01-17T04:33:50.323+0800: 240.231: [CMS-concurrent-abortable-preclean-start]
2023-01-17T04:33:50.323+0800: 240.231: [CMS-concurrent-abortable-preclean: 0.000/0.000 secs] [Times: user=0.00 sys=0.00, real=0.00 secs] 
2023-01-17T04:33:50.328+0800: 240.236: [GC (CMS Final Remark) [YG occupancy: 104463 K (115200 K)]2023-01-17T04:33:50.329+0800: 240.236: [Rescan (parallel) , 0.0299460 secs]2023-01-17T04:33:50.359+0800: 240.266: [weak refs processing, 0.0000603 secs]2023-01-17T04:33:50.359+0800: 240.266: [class unloading, 0.0188233 secs]2023-01-17T04:33:50.377+0800: 240.285: [scrub symbol table, 0.0049701 secs]2023-01-17T04:33:50.382+0800: 240.290: [scrub string table, 0.0009094 secs][1 CMS-remark: 134143K(134144K)] 238607K(249344K), 0.0549469 secs] [Times: user=0.13 sys=0.00, real=0.06 secs] 
2023-01-17T04:33:50.385+0800: 240.293: [CMS-concurrent-sweep-start]
2023-01-17T04:33:50.404+0800: 240.312: [CMS-concurrent-sweep: 0.019/0.019 secs] [Times: user=0.06 sys=0.01, real=0.02 secs] 
2023-01-17T04:33:50.405+0800: 240.312: [CMS-concurrent-reset-start]
2023-01-17T04:33:50.405+0800: 240.313: [CMS-concurrent-reset: 0.000/0.000 secs] [Times: user=0.00 sys=0.00, real=0.00 secs] 
{Heap before GC invocations=336 (full 409):
 par new generation   total 115200K, used 115199K [0x00000000f0000000, 0x00000000f7d00000, 0x00000000f7d00000)
  eden space 102400K,  99% used [0x00000000f0000000, 0x00000000f63ffff8, 0x00000000f6400000)
  from space 12800K,  99% used [0x00000000f7080000, 0x00000000f7cfffd8, 0x00000000f7d00000)
  to   space 12800K,   0% used [0x00000000f6400000, 0x00000000f6400000, 0x00000000f7080000)
 concurrent mark-sweep generation total 134144K, used 133965K [0x00000000f7d00000, 0x0000000100000000, 0x0000000100000000)
 Metaspace       used 52039K, capacity 54894K, committed 55936K, reserved 1097728K
  class space    used 6335K, capacity 6835K, committed 7040K, reserved 1048576K
2023-01-17T04:33:50.726+0800: 240.634: [GC (Allocation Failure) 2023-01-17T04:33:50.726+0800: 240.634: [ParNew: 115199K->115199K(115200K), 0.0000313 secs]2023-01-17T04:33:50.726+0800: 240.634: [CMS: 133965K->134143K(134144K), 0.2033311 secs] 249165K->140106K(249344K), [Metaspace: 52039K->52039K(1097728K)], 0.2038201 secs] [Times: user=0.21 sys=0.00, real=0.21 secs] 
Heap after GC invocations=337 (full 410):
 par new generation   total 115200K, used 5962K [0x00000000f0000000, 0x00000000f7d00000, 0x00000000f7d00000)
  eden space 102400K,   5% used [0x00000000f0000000, 0x00000000f05d2b38, 0x00000000f6400000)
  from space 12800K,   0% used [0x00000000f7080000, 0x00000000f7080000, 0x00000000f7d00000)
  to   space 12800K,   0% used [0x00000000f6400000, 0x00000000f6400000, 0x00000000f7080000)
 concurrent mark-sweep generation total 134144K, used 134143K [0x00000000f7d00000, 0x0000000100000000, 0x0000000100000000)
 Metaspace       used 52039K, capacity 54894K, committed 55936K, reserved 1097728K
  class space    used 6335K, capacity 6835K, committed 7040K, reserved 1048576K
}
2023-01-17T04:33:50.935+0800: 240.843: [GC (CMS Initial Mark) [1 CMS-initial-mark: 134143K(134144K)] 141113K(249344K), 0.0046170 secs] [Times: user=0.02 sys=0.00, real=0.01 secs] 
2023-01-17T04:33:50.940+0800: 240.848: [CMS-concurrent-mark-start]
2023-01-17T04:33:51.001+0800: 240.909: [CMS-concurrent-mark: 0.061/0.061 secs] [Times: user=0.18 sys=0.02, real=0.06 secs] 
2023-01-17T04:33:51.001+0800: 240.909: [CMS-concurrent-preclean-start]
2023-01-17T04:33:51.037+0800: 240.944: [CMS-concurrent-preclean: 0.036/0.036 secs] [Times: user=0.11 sys=0.01, real=0.03 secs] 
2023-01-17T04:33:51.037+0800: 240.945: [CMS-concurrent-abortable-preclean-start]
2023-01-17T04:33:51.037+0800: 240.945: [CMS-concurrent-abortable-preclean: 0.000/0.000 secs] [Times: user=0.00 sys=0.00, real=0.00 secs] 
2023-01-17T04:33:51.041+0800: 240.949: [GC (CMS Final Remark) [YG occupancy: 64653 K (115200 K)]2023-01-17T04:33:51.041+0800: 240.949: [Rescan (parallel) , 0.0197875 secs]2023-01-17T04:33:51.061+0800: 240.969: [weak refs processing, 0.0000469 secs]2023-01-17T04:33:51.061+0800: 240.969: [class unloading, 0.0137835 secs]2023-01-17T04:33:51.075+0800: 240.983: [scrub symbol table, 0.0048713 secs]2023-01-17T04:33:51.080+0800: 240.988: [scrub string table, 0.0008802 secs][1 CMS-remark: 134143K(134144K)] 198797K(249344K), 0.0395889 secs] [Times: user=0.10 sys=0.00, real=0.04 secs] 
2023-01-17T04:33:51.081+0800: 240.989: [CMS-concurrent-sweep-start]
2023-01-17T04:33:51.100+0800: 241.008: [CMS-concurrent-sweep: 0.019/0.019 secs] [Times: user=0.04 sys=0.01, real=0.02 secs] 
2023-01-17T04:33:51.101+0800: 241.008: [CMS-concurrent-reset-start]
2023-01-17T04:33:51.101+0800: 241.009: [CMS-concurrent-reset: 0.000/0.000 secs] [Times: user=0.00 sys=0.00, real=0.00 secs] 
{Heap before GC invocations=337 (full 411):
 par new generation   total 115200K, used 115192K [0x00000000f0000000, 0x00000000f7d00000, 0x00000000f7d00000)
  eden space 102400K, 100% used [0x00000000f0000000, 0x00000000f6400000, 0x00000000f6400000)
  from space 12800K,  99% used [0x00000000f7080000, 0x00000000f7cfe1c8, 0x00000000f7d00000)
  to   space 12800K,   0% used [0x00000000f6400000, 0x00000000f6400000, 0x00000000f7080000)
 concurrent mark-sweep generation total 134144K, used 133995K [0x00000000f7d00000, 0x0000000100000000, 0x0000000100000000)
 Metaspace       used 52039K, capacity 54894K, committed 55936K, reserved 1097728K
  class space    used 6335K, capacity 6835K, committed 7040K, reserved 1048576K
2023-01-17T04:33:51.485+0800: 241.393: [GC (Allocation Failure) 2023-01-17T04:33:51.486+0800: 241.393: [ParNew: 115192K->115192K(115200K), 0.0000266 secs]2023-01-17T04:33:51.486+0800: 241.394: [CMS: 133995K->134144K(134144K), 0.2059420 secs] 249187K->140060K(249344K), [Metaspace: 52039K->52039K(1097728K)], 0.2063414 secs] [Times: user=0.22 sys=0.00, real=0.21 secs] 
Heap after GC invocations=338 (full 412):
 par new generation   total 115200K, used 5916K [0x00000000f0000000, 0x00000000f7d00000, 0x00000000f7d00000)
  eden space 102400K,   5% used [0x00000000f0000000, 0x00000000f05c7250, 0x00000000f6400000)
  from space 12800K,   0% used [0x00000000f7080000, 0x00000000f7080000, 0x00000000f7d00000)
  to   space 12800K,   0% used [0x00000000f6400000, 0x00000000f6400000, 0x00000000f7080000)
 concurrent mark-sweep generation total 134144K, used 134144K [0x00000000f7d00000, 0x0000000100000000, 0x0000000100000000)
 Metaspace       used 52039K, capacity 54894K, committed 55936K, reserved 1097728K
  class space    used 6335K, capacity 6835K, committed 7040K, reserved 1048576K
}
2023-01-17T04:33:51.698+0800: 241.606: [GC (CMS Initial Mark) [1 CMS-initial-mark: 134144K(134144K)] 142150K(249344K), 0.0049987 secs] [Times: user=0.02 sys=0.00, real=0.01 secs] 
2023-01-17T04:33:51.704+0800: 241.611: [CMS-concurrent-mark-start]
2023-01-17T04:33:51.777+0800: 241.684: [CMS-concurrent-mark: 0.073/0.073 secs] [Times: user=0.22 sys=0.04, real=0.07 secs] 
2023-01-17T04:33:51.777+0800: 241.685: [CMS-concurrent-preclean-start]
2023-01-17T04:33:51.852+0800: 241.760: [CMS-concurrent-preclean: 0.076/0.076 secs] [Times: user=0.17 sys=0.03, real=0.08 secs] 
2023-01-17T04:33:51.853+0800: 241.761: [CMS-concurrent-abortable-preclean-start]
2023-01-17T04:33:51.853+0800: 241.761: [CMS-concurrent-abortable-preclean: 0.000/0.000 secs] [Times: user=0.00 sys=0.00, real=0.00 secs] 
2023-01-17T04:33:51.869+0800: 241.777: [GC (CMS Final Remark) [YG occupancy: 99534 K (115200 K)]2023-01-17T04:33:51.869+0800: 241.777: [Rescan (parallel) , 0.0473521 secs]2023-01-17T04:33:51.917+0800: 241.824: [weak refs processing, 0.0000684 secs]2023-01-17T04:33:51.917+0800: 241.825: [class unloading, 0.0195587 secs]2023-01-17T04:33:51.936+0800: 241.844: [scrub symbol table, 0.0083704 secs]2023-01-17T04:33:51.945+0800: 241.853: [scrub string table, 0.0013350 secs][1 CMS-remark: 134144K(134144K)] 233678K(249344K), 0.0770242 secs] [Times: user=0.16 sys=0.00, real=0.08 secs] 
2023-01-17T04:33:51.947+0800: 241.855: [CMS-concurrent-sweep-start]
2023-01-17T04:33:51.976+0800: 241.884: [CMS-concurrent-sweep: 0.028/0.028 secs] [Times: user=0.06 sys=0.01, real=0.03 secs] 
2023-01-17T04:33:51.976+0800: 241.884: [CMS-concurrent-reset-start]
2023-01-17T04:33:51.976+0800: 241.884: [CMS-concurrent-reset: 0.000/0.000 secs] [Times: user=0.00 sys=0.00, real=0.00 secs] 
{Heap before GC invocations=338 (full 413):
 par new generation   total 115200K, used 115199K [0x00000000f0000000, 0x00000000f7d00000, 0x00000000f7d00000)
  eden space 102400K, 100% used [0x00000000f0000000, 0x00000000f6400000, 0x00000000f6400000)
  from space 12800K,  99% used [0x00000000f7080000, 0x00000000f7cffff0, 0x00000000f7d00000)
  to   space 12800K,   0% used [0x00000000f6400000, 0x00000000f6400000, 0x00000000f7080000)
 concurrent mark-sweep generation total 134144K, used 133961K [0x00000000f7d00000, 0x0000000100000000, 0x0000000100000000)
 Metaspace       used 52039K, capacity 54894K, committed 55936K, reserved 1097728K
  class space    used 6335K, capacity 6835K, committed 7040K, reserved 1048576K
2023-01-17T04:33:52.240+0800: 242.148: [GC (Allocation Failure) 2023-01-17T04:33:52.240+0800: 242.148: [ParNew: 115199K->115199K(115200K), 0.0000264 secs]2023-01-17T04:33:52.240+0800: 242.148: [CMS: 133961K->134144K(134144K), 0.1836251 secs] 249161K->139905K(249344K), [Metaspace: 52039K->52039K(1097728K)], 0.1840206 secs] [Times: user=0.19 sys=0.00, real=0.18 secs] 
Heap after GC invocations=339 (full 414):
 par new generation   total 115200K, used 5761K [0x00000000f0000000, 0x00000000f7d00000, 0x00000000f7d00000)
  eden space 102400K,   5% used [0x00000000f0000000, 0x00000000f05a06a8, 0x00000000f6400000)
  from space 12800K,   0% used [0x00000000f7080000, 0x00000000f7080000, 0x00000000f7d00000)
  to   space 12800K,   0% used [0x00000000f6400000, 0x00000000f6400000, 0x00000000f7080000)
 concurrent mark-sweep generation total 134144K, used 134144K [0x00000000f7d00000, 0x0000000100000000, 0x0000000100000000)
 Metaspace       used 52039K, capacity 54894K, committed 55936K, reserved 1097728K
  class space    used 6335K, capacity 6835K, committed 7040K, reserved 1048576K
}
2023-01-17T04:33:52.434+0800: 242.342: [GC (CMS Initial Mark) [1 CMS-initial-mark: 134144K(134144K)] 145054K(249344K), 0.0065107 secs] [Times: user=0.01 sys=0.00, real=0.01 secs] 
2023-01-17T04:33:52.441+0800: 242.349: [CMS-concurrent-mark-start]
2023-01-17T04:33:52.513+0800: 242.421: [CMS-concurrent-mark: 0.072/0.072 secs] [Times: user=0.22 sys=0.03, real=0.07 secs] 
2023-01-17T04:33:52.513+0800: 242.421: [CMS-concurrent-preclean-start]
2023-01-17T04:33:52.558+0800: 242.466: [CMS-concurrent-preclean: 0.045/0.045 secs] [Times: user=0.13 sys=0.02, real=0.04 secs] 
2023-01-17T04:33:52.558+0800: 242.466: [CMS-concurrent-abortable-preclean-start]
2023-01-17T04:33:52.558+0800: 242.466: [CMS-concurrent-abortable-preclean: 0.000/0.000 secs] [Times: user=0.00 sys=0.00, real=0.00 secs] 
2023-01-17T04:33:52.562+0800: 242.470: [GC (CMS Final Remark) [YG occupancy: 80972 K (115200 K)]2023-01-17T04:33:52.563+0800: 242.470: [Rescan (parallel) , 0.0225578 secs]2023-01-17T04:33:52.585+0800: 242.493: [weak refs processing, 0.0000437 secs]2023-01-17T04:33:52.585+0800: 242.493: [class unloading, 0.0132956 secs]2023-01-17T04:33:52.598+0800: 242.506: [scrub symbol table, 0.0047848 secs]2023-01-17T04:33:52.603+0800: 242.511: [scrub string table, 0.0008669 secs][1 CMS-remark: 134144K(134144K)] 215116K(249344K), 0.0417459 secs] [Times: user=0.11 sys=0.00, real=0.04 secs] 
2023-01-17T04:33:52.605+0800: 242.512: [CMS-concurrent-sweep-start]
2023-01-17T04:33:52.623+0800: 242.531: [CMS-concurrent-sweep: 0.019/0.019 secs] [Times: user=0.05 sys=0.01, real=0.02 secs] 
2023-01-17T04:33:52.624+0800: 242.531: [CMS-concurrent-reset-start]
2023-01-17T04:33:52.624+0800: 242.532: [CMS-concurrent-reset: 0.000/0.000 secs] [Times: user=0.00 sys=0.00, real=0.00 secs] 
{Heap before GC invocations=339 (full 415):
 par new generation   total 115200K, used 115200K [0x00000000f0000000, 0x00000000f7d00000, 0x00000000f7d00000)
  eden space 102400K, 100% used [0x00000000f0000000, 0x00000000f6400000, 0x00000000f6400000)
  from space 12800K, 100% used [0x00000000f7080000, 0x00000000f7d00000, 0x00000000f7d00000)
  to   space 12800K,   0% used [0x00000000f6400000, 0x00000000f6400000, 0x00000000f7080000)
 concurrent mark-sweep generation total 134144K, used 133889K [0x00000000f7d00000, 0x0000000100000000, 0x0000000100000000)
 Metaspace       used 52039K, capacity 54894K, committed 55936K, reserved 1097728K
  class space    used 6335K, capacity 6835K, committed 7040K, reserved 1048576K
2023-01-17T04:33:53.014+0800: 242.922: [GC (Allocation Failure) 2023-01-17T04:33:53.015+0800: 242.922: [ParNew: 115200K->115200K(115200K), 0.0000281 secs]2023-01-17T04:33:53.015+0800: 242.922: [CMS: 133889K->134143K(134144K), 0.1937441 secs] 249089K->140193K(249344K), [Metaspace: 52039K->52039K(1097728K)], 0.1942001 secs] [Times: user=0.20 sys=0.00, real=0.19 secs] 
Heap after GC invocations=340 (full 416):
 par new generation   total 115200K, used 6049K [0x00000000f0000000, 0x00000000f7d00000, 0x00000000f7d00000)
  eden space 102400K,   5% used [0x00000000f0000000, 0x00000000f05e84d0, 0x00000000f6400000)
  from space 12800K,   0% used [0x00000000f7080000, 0x00000000f7080000, 0x00000000f7d00000)
  to   space 12800K,   0% used [0x00000000f6400000, 0x00000000f6400000, 0x00000000f7080000)
 concurrent mark-sweep generation total 134144K, used 134143K [0x00000000f7d00000, 0x0000000100000000, 0x0000000100000000)
 Metaspace       used 52039K, capacity 54894K, committed 55936K, reserved 1097728K
  class space    used 6335K, capacity 6835K, committed 7040K, reserved 1048576K
}
2023-01-17T04:33:53.217+0800: 243.124: [GC (CMS Initial Mark) [1 CMS-initial-mark: 134143K(134144K)] 142799K(249344K), 0.0067348 secs] [Times: user=0.02 sys=0.00, real=0.01 secs] 
2023-01-17T04:33:53.224+0800: 243.132: [CMS-concurrent-mark-start]
2023-01-17T04:33:53.295+0800: 243.203: [CMS-concurrent-mark: 0.071/0.071 secs] [Times: user=0.19 sys=0.02, real=0.07 secs] 
2023-01-17T04:33:53.295+0800: 243.203: [CMS-concurrent-preclean-start]
2023-01-17T04:33:53.332+0800: 243.240: [CMS-concurrent-preclean: 0.037/0.037 secs] [Times: user=0.07 sys=0.00, real=0.04 secs] 
2023-01-17T04:33:53.332+0800: 243.240: [CMS-concurrent-abortable-preclean-start]
2023-01-17T04:33:53.333+0800: 243.240: [CMS-concurrent-abortable-preclean: 0.000/0.000 secs] [Times: user=0.00 sys=0.00, real=0.00 secs] 
2023-01-17T04:33:53.337+0800: 243.245: [GC (CMS Final Remark) [YG occupancy: 53791 K (115200 K)]2023-01-17T04:33:53.337+0800: 243.245: [Rescan (parallel) , 0.0162131 secs]2023-01-17T04:33:53.354+0800: 243.261: [weak refs processing, 0.0000389 secs]2023-01-17T04:33:53.354+0800: 243.261: [class unloading, 0.0166847 secs]2023-01-17T04:33:53.370+0800: 243.278: [scrub symbol table, 0.0075855 secs]2023-01-17T04:33:53.378+0800: 243.286: [scrub string table, 0.0012878 secs][1 CMS-remark: 134143K(134144K)] 187935K(249344K), 0.0420294 secs] [Times: user=0.09 sys=0.00, real=0.04 secs] 
2023-01-17T04:33:53.381+0800: 243.288: [CMS-concurrent-sweep-start]
2023-01-17T04:33:53.403+0800: 243.311: [CMS-concurrent-sweep: 0.022/0.022 secs] [Times: user=0.05 sys=0.01, real=0.02 secs] 
2023-01-17T04:33:53.403+0800: 243.311: [CMS-concurrent-reset-start]
2023-01-17T04:33:53.403+0800: 243.311: [CMS-concurrent-reset: 0.000/0.000 secs] [Times: user=0.00 sys=0.00, real=0.00 secs] 
{Heap before GC invocations=340 (full 417):
 par new generation   total 115200K, used 115199K [0x00000000f0000000, 0x00000000f7d00000, 0x00000000f7d00000)
  eden space 102400K, 100% used [0x00000000f0000000, 0x00000000f6400000, 0x00000000f6400000)
  from space 12800K,  99% used [0x00000000f7080000, 0x00000000f7cffff0, 0x00000000f7d00000)
  to   space 12800K,   0% used [0x00000000f6400000, 0x00000000f6400000, 0x00000000f7080000)
 concurrent mark-sweep generation total 134144K, used 133899K [0x00000000f7d00000, 0x0000000100000000, 0x0000000100000000)
 Metaspace       used 52039K, capacity 54894K, committed 55936K, reserved 1097728K
  class space    used 6335K, capacity 6835K, committed 7040K, reserved 1048576K
2023-01-17T04:33:53.905+0800: 243.813: [GC (Allocation Failure) 2023-01-17T04:33:53.905+0800: 243.813: [ParNew: 115199K->115199K(115200K), 0.0000262 secs]2023-01-17T04:33:53.905+0800: 243.813: [CMS: 133899K->134143K(134144K), 0.1858238 secs] 249099K->140207K(249344K), [Metaspace: 52039K->52039K(1097728K)], 0.1862463 secs] [Times: user=0.19 sys=0.00, real=0.19 secs] 
Heap after GC invocations=341 (full 418):
 par new generation   total 115200K, used 6063K [0x00000000f0000000, 0x00000000f7d00000, 0x00000000f7d00000)
  eden space 102400K,   5% used [0x00000000f0000000, 0x00000000f05ebe00, 0x00000000f6400000)
  from space 12800K,   0% used [0x00000000f7080000, 0x00000000f7080000, 0x00000000f7d00000)
  to   space 12800K,   0% used [0x00000000f6400000, 0x00000000f6400000, 0x00000000f7080000)
 concurrent mark-sweep generation total 134144K, used 134143K [0x00000000f7d00000, 0x0000000100000000, 0x0000000100000000)
 Metaspace       used 52039K, capacity 54894K, committed 55936K, reserved 1097728K
  class space    used 6335K, capacity 6835K, committed 7040K, reserved 1048576K
}
2023-01-17T04:33:54.096+0800: 244.004: [GC (CMS Initial Mark) [1 CMS-initial-mark: 134143K(134144K)] 140546K(249344K), 0.0043343 secs] [Times: user=0.02 sys=0.00, real=0.01 secs] 
2023-01-17T04:33:54.101+0800: 244.008: [CMS-concurrent-mark-start]
2023-01-17T04:33:54.171+0800: 244.079: [CMS-concurrent-mark: 0.071/0.071 secs] [Times: user=0.18 sys=0.01, real=0.07 secs] 
2023-01-17T04:33:54.171+0800: 244.079: [CMS-concurrent-preclean-start]
2023-01-17T04:33:54.224+0800: 244.132: [CMS-concurrent-preclean: 0.053/0.053 secs] [Times: user=0.12 sys=0.01, real=0.05 secs] 
2023-01-17T04:33:54.224+0800: 244.132: [CMS-concurrent-abortable-preclean-start]
2023-01-17T04:33:54.224+0800: 244.132: [CMS-concurrent-abortable-preclean: 0.000/0.000 secs] [Times: user=0.00 sys=0.00, real=0.00 secs] 
2023-01-17T04:33:54.234+0800: 244.142: [GC (CMS Final Remark) [YG occupancy: 59146 K (115200 K)]2023-01-17T04:33:54.234+0800: 244.142: [Rescan (parallel) , 0.0336671 secs]2023-01-17T04:33:54.268+0800: 244.175: [weak refs processing, 0.0000555 secs]2023-01-17T04:33:54.268+0800: 244.176: [class unloading, 0.0198688 secs]2023-01-17T04:33:54.288+0800: 244.195: [scrub symbol table, 0.0075313 secs]2023-01-17T04:33:54.295+0800: 244.203: [scrub string table, 0.0012668 secs][1 CMS-remark: 134143K(134144K)] 193290K(249344K), 0.0626513 secs] [Times: user=0.14 sys=0.00, real=0.06 secs] 
2023-01-17T04:33:54.297+0800: 244.205: [CMS-concurrent-sweep-start]
2023-01-17T04:33:54.319+0800: 244.227: [CMS-concurrent-sweep: 0.022/0.022 secs] [Times: user=0.03 sys=0.01, real=0.02 secs] 
2023-01-17T04:33:54.319+0800: 244.227: [CMS-concurrent-reset-start]
2023-01-17T04:33:54.320+0800: 244.227: [CMS-concurrent-reset: 0.000/0.000 secs] [Times: user=0.00 sys=0.00, real=0.01 secs] 
{Heap before GC invocations=341 (full 419):
 par new generation   total 115200K, used 115199K [0x00000000f0000000, 0x00000000f7d00000, 0x00000000f7d00000)
  eden space 102400K, 100% used [0x00000000f0000000, 0x00000000f6400000, 0x00000000f6400000)
  from space 12800K,  99% used [0x00000000f7080000, 0x00000000f7cffff8, 0x00000000f7d00000)
  to   space 12800K,   0% used [0x00000000f6400000, 0x00000000f6400000, 0x00000000f7080000)
 concurrent mark-sweep generation total 134144K, used 133987K [0x00000000f7d00000, 0x0000000100000000, 0x0000000100000000)
 Metaspace       used 52039K, capacity 54894K, committed 55936K, reserved 1097728K
  class space    used 6335K, capacity 6835K, committed 7040K, reserved 1048576K
2023-01-17T04:33:54.627+0800: 244.535: [GC (Allocation Failure) 2023-01-17T04:33:54.628+0800: 244.535: [ParNew: 115199K->115199K(115200K), 0.0000280 secs]2023-01-17T04:33:54.628+0800: 244.535: [CMS: 133987K->134143K(134144K), 0.1865534 secs] 249187K->140216K(249344K), [Metaspace: 52039K->52039K(1097728K)], 0.1869710 secs] [Times: user=0.19 sys=0.00, real=0.19 secs] 
Heap after GC invocations=342 (full 420):
 par new generation   total 115200K, used 6072K [0x00000000f0000000, 0x00000000f7d00000, 0x00000000f7d00000)
  eden space 102400K,   5% used [0x00000000f0000000, 0x00000000f05ee288, 0x00000000f6400000)
  from space 12800K,   0% used [0x00000000f7080000, 0x00000000f7080000, 0x00000000f7d00000)
  to   space 12800K,   0% used [0x00000000f6400000, 0x00000000f6400000, 0x00000000f7080000)
 concurrent mark-sweep generation total 134144K, used 134143K [0x00000000f7d00000, 0x0000000100000000, 0x0000000100000000)
 Metaspace       used 52039K, capacity 54894K, committed 55936K, reserved 1097728K
  class space    used 6335K, capacity 6835K, committed 7040K, reserved 1048576K
}
2023-01-17T04:33:54.818+0800: 244.726: [GC (CMS Initial Mark) [1 CMS-initial-mark: 134143K(134144K)] 140230K(249344K), 0.0042417 secs] [Times: user=0.02 sys=0.00, real=0.01 secs] 
2023-01-17T04:33:54.823+0800: 244.731: [CMS-concurrent-mark-start]
2023-01-17T04:33:54.893+0800: 244.801: [CMS-concurrent-mark: 0.070/0.070 secs] [Times: user=0.21 sys=0.03, real=0.07 secs] 
2023-01-17T04:33:54.893+0800: 244.801: [CMS-concurrent-preclean-start]
2023-01-17T04:33:54.946+0800: 244.854: [CMS-concurrent-preclean: 0.052/0.052 secs] [Times: user=0.15 sys=0.03, real=0.05 secs] 
2023-01-17T04:33:54.946+0800: 244.854: [CMS-concurrent-abortable-preclean-start]
2023-01-17T04:33:54.946+0800: 244.854: [CMS-concurrent-abortable-preclean: 0.000/0.000 secs] [Times: user=0.00 sys=0.00, real=0.00 secs] 
2023-01-17T04:33:54.951+0800: 244.859: [GC (CMS Final Remark) [YG occupancy: 82938 K (115200 K)]2023-01-17T04:33:54.951+0800: 244.859: [Rescan (parallel) , 0.0255680 secs]2023-01-17T04:33:54.977+0800: 244.885: [weak refs processing, 0.0000541 secs]2023-01-17T04:33:54.977+0800: 244.885: [class unloading, 0.0192460 secs]2023-01-17T04:33:54.996+0800: 244.904: [scrub symbol table, 0.0075546 secs]2023-01-17T04:33:55.004+0800: 244.911: [scrub string table, 0.0012986 secs][1 CMS-remark: 134143K(134144K)] 217082K(249344K), 0.0539442 secs] [Times: user=0.12 sys=0.00, real=0.05 secs] 
2023-01-17T04:33:55.005+0800: 244.913: [CMS-concurrent-sweep-start]
2023-01-17T04:33:55.028+0800: 244.936: [CMS-concurrent-sweep: 0.023/0.023 secs] [Times: user=0.06 sys=0.01, real=0.02 secs] 
2023-01-17T04:33:55.028+0800: 244.936: [CMS-concurrent-reset-start]
2023-01-17T04:33:55.028+0800: 244.936: [CMS-concurrent-reset: 0.000/0.000 secs] [Times: user=0.00 sys=0.00, real=0.00 secs] 
{Heap before GC invocations=342 (full 421):
 par new generation   total 115200K, used 115198K [0x00000000f0000000, 0x00000000f7d00000, 0x00000000f7d00000)
  eden space 102400K, 100% used [0x00000000f0000000, 0x00000000f6400000, 0x00000000f6400000)
  from space 12800K,  99% used [0x00000000f7080000, 0x00000000f7cffaf8, 0x00000000f7d00000)
  to   space 12800K,   0% used [0x00000000f6400000, 0x00000000f6400000, 0x00000000f7080000)
 concurrent mark-sweep generation total 134144K, used 133909K [0x00000000f7d00000, 0x0000000100000000, 0x0000000100000000)
 Metaspace       used 52039K, capacity 54894K, committed 55936K, reserved 1097728K
  class space    used 6335K, capacity 6835K, committed 7040K, reserved 1048576K
2023-01-17T04:33:55.342+0800: 245.249: [GC (Allocation Failure) 2023-01-17T04:33:55.342+0800: 245.250: [ParNew: 115198K->115198K(115200K), 0.0000285 secs]2023-01-17T04:33:55.342+0800: 245.250: [CMS: 133909K->134143K(134144K), 0.1920717 secs] 249108K->140239K(249344K), [Metaspace: 52039K->52039K(1097728K)], 0.1925647 secs] [Times: user=0.20 sys=0.00, real=0.19 secs] 
Heap after GC invocations=343 (full 422):
 par new generation   total 115200K, used 6095K [0x00000000f0000000, 0x00000000f7d00000, 0x00000000f7d00000)
  eden space 102400K,   5% used [0x00000000f0000000, 0x00000000f05f3e60, 0x00000000f6400000)
  from space 12800K,   0% used [0x00000000f7080000, 0x00000000f7080000, 0x00000000f7d00000)
  to   space 12800K,   0% used [0x00000000f6400000, 0x00000000f6400000, 0x00000000f7080000)
 concurrent mark-sweep generation total 134144K, used 134143K [0x00000000f7d00000, 0x0000000100000000, 0x0000000100000000)
 Metaspace       used 52039K, capacity 54894K, committed 55936K, reserved 1097728K
  class space    used 6335K, capacity 6835K, committed 7040K, reserved 1048576K
}
2023-01-17T04:33:55.540+0800: 245.447: [GC (CMS Initial Mark) [1 CMS-initial-mark: 134143K(134144K)] 140292K(249344K), 0.0082089 secs] [Times: user=0.02 sys=0.00, real=0.00 secs] 
2023-01-17T04:33:55.548+0800: 245.456: [CMS-concurrent-mark-start]
2023-01-17T04:33:55.631+0800: 245.539: [CMS-concurrent-mark: 0.083/0.083 secs] [Times: user=0.22 sys=0.03, real=0.09 secs] 
2023-01-17T04:33:55.631+0800: 245.539: [CMS-concurrent-preclean-start]
2023-01-17T04:33:55.686+0800: 245.593: [CMS-concurrent-preclean: 0.055/0.055 secs] [Times: user=0.11 sys=0.03, real=0.05 secs] 
2023-01-17T04:33:55.687+0800: 245.594: [CMS-concurrent-abortable-preclean-start]
2023-01-17T04:33:55.687+0800: 245.594: [CMS-concurrent-abortable-preclean: 0.000/0.000 secs] [Times: user=0.00 sys=0.00, real=0.00 secs] 
2023-01-17T04:33:55.692+0800: 245.600: [GC (CMS Final Remark) [YG occupancy: 70671 K (115200 K)]2023-01-17T04:33:55.692+0800: 245.600: [Rescan (parallel) , 0.0295029 secs]2023-01-17T04:33:55.722+0800: 245.629: [weak refs processing, 0.0000469 secs]2023-01-17T04:33:55.722+0800: 245.629: [class unloading, 0.0134225 secs]2023-01-17T04:33:55.735+0800: 245.643: [scrub symbol table, 0.0051454 secs]2023-01-17T04:33:55.740+0800: 245.648: [scrub string table, 0.0009142 secs][1 CMS-remark: 134143K(134144K)] 204815K(249344K), 0.0492562 secs] [Times: user=0.09 sys=0.00, real=0.05 secs] 
2023-01-17T04:33:55.742+0800: 245.649: [CMS-concurrent-sweep-start]
2023-01-17T04:33:55.757+0800: 245.665: [CMS-concurrent-sweep: 0.015/0.015 secs] [Times: user=0.02 sys=0.01, real=0.01 secs] 
2023-01-17T04:33:55.757+0800: 245.665: [CMS-concurrent-reset-start]
2023-01-17T04:33:55.758+0800: 245.665: [CMS-concurrent-reset: 0.000/0.000 secs] [Times: user=0.00 sys=0.00, real=0.00 secs] 
{Heap before GC invocations=343 (full 423):
 par new generation   total 115200K, used 115199K [0x00000000f0000000, 0x00000000f7d00000, 0x00000000f7d00000)
  eden space 102400K, 100% used [0x00000000f0000000, 0x00000000f6400000, 0x00000000f6400000)
  from space 12800K,  99% used [0x00000000f7080000, 0x00000000f7cfff60, 0x00000000f7d00000)
  to   space 12800K,   0% used [0x00000000f6400000, 0x00000000f6400000, 0x00000000f7080000)
 concurrent mark-sweep generation total 134144K, used 134064K [0x00000000f7d00000, 0x0000000100000000, 0x0000000100000000)
 Metaspace       used 52039K, capacity 54894K, committed 55936K, reserved 1097728K
  class space    used 6335K, capacity 6835K, committed 7040K, reserved 1048576K
2023-01-17T04:33:56.102+0800: 246.010: [GC (Allocation Failure) 2023-01-17T04:33:56.103+0800: 246.010: [ParNew: 115199K->115199K(115200K), 0.0000307 secs]2023-01-17T04:33:56.103+0800: 246.010: [CMS: 134064K->134143K(134144K), 0.1867540 secs] 249264K->140232K(249344K), [Metaspace: 52039K->52039K(1097728K)], 0.1871906 secs] [Times: user=0.19 sys=0.00, real=0.19 secs] 
Heap after GC invocations=344 (full 424):
 par new generation   total 115200K, used 6088K [0x00000000f0000000, 0x00000000f7d00000, 0x00000000f7d00000)
  eden space 102400K,   5% used [0x00000000f0000000, 0x00000000f05f22a0, 0x00000000f6400000)
  from space 12800K,   0% used [0x00000000f7080000, 0x00000000f7080000, 0x00000000f7d00000)
  to   space 12800K,   0% used [0x00000000f6400000, 0x00000000f6400000, 0x00000000f7080000)
 concurrent mark-sweep generation total 134144K, used 134143K [0x00000000f7d00000, 0x0000000100000000, 0x0000000100000000)
 Metaspace       used 52039K, capacity 54894K, committed 55936K, reserved 1097728K
  class space    used 6335K, capacity 6835K, committed 7040K, reserved 1048576K
}
2023-01-17T04:33:56.296+0800: 246.204: [GC (CMS Initial Mark) [1 CMS-initial-mark: 134143K(134144K)] 142038K(249344K), 0.0055580 secs] [Times: user=0.02 sys=0.00, real=0.01 secs] 
2023-01-17T04:33:56.302+0800: 246.210: [CMS-concurrent-mark-start]
2023-01-17T04:33:56.362+0800: 246.270: [CMS-concurrent-mark: 0.060/0.060 secs] [Times: user=0.15 sys=0.01, real=0.06 secs] 
2023-01-17T04:33:56.362+0800: 246.270: [CMS-concurrent-preclean-start]
2023-01-17T04:33:56.400+0800: 246.308: [CMS-concurrent-preclean: 0.038/0.038 secs] [Times: user=0.08 sys=0.01, real=0.04 secs] 
2023-01-17T04:33:56.400+0800: 246.308: [CMS-concurrent-abortable-preclean-start]
2023-01-17T04:33:56.400+0800: 246.308: [CMS-concurrent-abortable-preclean: 0.000/0.000 secs] [Times: user=0.00 sys=0.00, real=0.00 secs] 
2023-01-17T04:33:56.404+0800: 246.312: [GC (CMS Final Remark) [YG occupancy: 47600 K (115200 K)]2023-01-17T04:33:56.405+0800: 246.312: [Rescan (parallel) , 0.0140597 secs]2023-01-17T04:33:56.419+0800: 246.326: [weak refs processing, 0.0000407 secs]2023-01-17T04:33:56.419+0800: 246.326: [class unloading, 0.0127979 secs]2023-01-17T04:33:56.431+0800: 246.339: [scrub symbol table, 0.0049818 secs]2023-01-17T04:33:56.436+0800: 246.344: [scrub string table, 0.0008782 secs][1 CMS-remark: 134143K(134144K)] 181743K(249344K), 0.0329193 secs] [Times: user=0.08 sys=0.00, real=0.03 secs] 
2023-01-17T04:33:56.438+0800: 246.346: [CMS-concurrent-sweep-start]
2023-01-17T04:33:56.458+0800: 246.366: [CMS-concurrent-sweep: 0.020/0.020 secs] [Times: user=0.05 sys=0.01, real=0.02 secs] 
2023-01-17T04:33:56.459+0800: 246.366: [CMS-concurrent-reset-start]
2023-01-17T04:33:56.459+0800: 246.367: [CMS-concurrent-reset: 0.000/0.000 secs] [Times: user=0.00 sys=0.00, real=0.00 secs] 
{Heap before GC invocations=344 (full 425):
 par new generation   total 115200K, used 115199K [0x00000000f0000000, 0x00000000f7d00000, 0x00000000f7d00000)
  eden space 102400K, 100% used [0x00000000f0000000, 0x00000000f6400000, 0x00000000f6400000)
  from space 12800K,  99% used [0x00000000f7080000, 0x00000000f7cfffe8, 0x00000000f7d00000)
  to   space 12800K,   0% used [0x00000000f6400000, 0x00000000f6400000, 0x00000000f7080000)
 concurrent mark-sweep generation total 134144K, used 134110K [0x00000000f7d00000, 0x0000000100000000, 0x0000000100000000)
 Metaspace       used 52039K, capacity 54894K, committed 55936K, reserved 1097728K
  class space    used 6335K, capacity 6835K, committed 7040K, reserved 1048576K
2023-01-17T04:33:56.825+0800: 246.733: [GC (Allocation Failure) 2023-01-17T04:33:56.825+0800: 246.733: [ParNew: 115199K->115199K(115200K), 0.0000268 secs]2023-01-17T04:33:56.825+0800: 246.733: [CMS: 134110K->134143K(134144K), 0.1871040 secs] 249310K->140215K(249344K), [Metaspace: 52039K->52039K(1097728K)], 0.1875509 secs] [Times: user=0.19 sys=0.00, real=0.19 secs] 
Heap after GC invocations=345 (full 426):
 par new generation   total 115200K, used 6071K [0x00000000f0000000, 0x00000000f7d00000, 0x00000000f7d00000)
  eden space 102400K,   5% used [0x00000000f0000000, 0x00000000f05edf10, 0x00000000f6400000)
  from space 12800K,   0% used [0x00000000f7080000, 0x00000000f7080000, 0x00000000f7d00000)
  to   space 12800K,   0% used [0x00000000f6400000, 0x00000000f6400000, 0x00000000f7080000)
 concurrent mark-sweep generation total 134144K, used 134143K [0x00000000f7d00000, 0x0000000100000000, 0x0000000100000000)
 Metaspace       used 52039K, capacity 54894K, committed 55936K, reserved 1097728K
  class space    used 6335K, capacity 6835K, committed 7040K, reserved 1048576K
}
2023-01-17T04:33:57.024+0800: 246.932: [GC (CMS Initial Mark) [1 CMS-initial-mark: 134143K(134144K)] 147066K(249344K), 0.0061057 secs] [Times: user=0.02 sys=0.00, real=0.01 secs] 
2023-01-17T04:33:57.031+0800: 246.938: [CMS-concurrent-mark-start]
2023-01-17T04:33:57.090+0800: 246.998: [CMS-concurrent-mark: 0.059/0.059 secs] [Times: user=0.14 sys=0.02, real=0.06 secs] 
2023-01-17T04:33:57.090+0800: 246.998: [CMS-concurrent-preclean-start]
2023-01-17T04:33:57.126+0800: 247.034: [CMS-concurrent-preclean: 0.036/0.036 secs] [Times: user=0.09 sys=0.00, real=0.03 secs] 
2023-01-17T04:33:57.126+0800: 247.034: [CMS-concurrent-abortable-preclean-start]
2023-01-17T04:33:57.126+0800: 247.034: [CMS-concurrent-abortable-preclean: 0.000/0.000 secs] [Times: user=0.00 sys=0.00, real=0.00 secs] 
2023-01-17T04:33:57.147+0800: 247.055: [GC (CMS Final Remark) [YG occupancy: 63423 K (115200 K)]2023-01-17T04:33:57.148+0800: 247.055: [Rescan (parallel) , 0.0199887 secs]2023-01-17T04:33:57.168+0800: 247.075: [weak refs processing, 0.0000495 secs]2023-01-17T04:33:57.168+0800: 247.075: [class unloading, 0.0138872 secs]2023-01-17T04:33:57.182+0800: 247.089: [scrub symbol table, 0.0049997 secs]2023-01-17T04:33:57.187+0800: 247.094: [scrub string table, 0.0008578 secs][1 CMS-remark: 134143K(134144K)] 197567K(249344K), 0.0400434 secs] [Times: user=0.10 sys=0.00, real=0.04 secs] 
2023-01-17T04:33:57.188+0800: 247.096: [CMS-concurrent-sweep-start]
2023-01-17T04:33:57.206+0800: 247.114: [CMS-concurrent-sweep: 0.018/0.018 secs] [Times: user=0.05 sys=0.01, real=0.02 secs] 
2023-01-17T04:33:57.207+0800: 247.114: [CMS-concurrent-reset-start]
2023-01-17T04:33:57.207+0800: 247.115: [CMS-concurrent-reset: 0.000/0.000 secs] [Times: user=0.00 sys=0.01, real=0.00 secs] 
{Heap before GC invocations=345 (full 427):
 par new generation   total 115200K, used 115199K [0x00000000f0000000, 0x00000000f7d00000, 0x00000000f7d00000)
  eden space 102400K, 100% used [0x00000000f0000000, 0x00000000f6400000, 0x00000000f6400000)
  from space 12800K,  99% used [0x00000000f7080000, 0x00000000f7cffff0, 0x00000000f7d00000)
  to   space 12800K,   0% used [0x00000000f6400000, 0x00000000f6400000, 0x00000000f7080000)
 concurrent mark-sweep generation total 134144K, used 134093K [0x00000000f7d00000, 0x0000000100000000, 0x0000000100000000)
 Metaspace       used 52039K, capacity 54894K, committed 55936K, reserved 1097728K
  class space    used 6335K, capacity 6835K, committed 7040K, reserved 1048576K
2023-01-17T04:33:57.646+0800: 247.554: [GC (Allocation Failure) 2023-01-17T04:33:57.646+0800: 247.554: [ParNew: 115199K->115199K(115200K), 0.0000268 secs]2023-01-17T04:33:57.646+0800: 247.554: [CMS: 134093K->134143K(134144K), 0.1951590 secs] 249293K->140210K(249344K), [Metaspace: 52039K->52039K(1097728K)], 0.1955707 secs] [Times: user=0.20 sys=0.00, real=0.20 secs] 
Heap after GC invocations=346 (full 428):
 par new generation   total 115200K, used 6066K [0x00000000f0000000, 0x00000000f7d00000, 0x00000000f7d00000)
  eden space 102400K,   5% used [0x00000000f0000000, 0x00000000f05ec820, 0x00000000f6400000)
  from space 12800K,   0% used [0x00000000f7080000, 0x00000000f7080000, 0x00000000f7d00000)
  to   space 12800K,   0% used [0x00000000f6400000, 0x00000000f6400000, 0x00000000f7080000)
 concurrent mark-sweep generation total 134144K, used 134143K [0x00000000f7d00000, 0x0000000100000000, 0x0000000100000000)
 Metaspace       used 52039K, capacity 54894K, committed 55936K, reserved 1097728K
  class space    used 6335K, capacity 6835K, committed 7040K, reserved 1048576K
}
2023-01-17T04:33:57.846+0800: 247.754: [GC (CMS Initial Mark) [1 CMS-initial-mark: 134143K(134144K)] 140726K(249344K), 0.0043420 secs] [Times: user=0.02 sys=0.00, real=0.01 secs] 
2023-01-17T04:33:57.851+0800: 247.759: [CMS-concurrent-mark-start]
2023-01-17T04:33:57.923+0800: 247.831: [CMS-concurrent-mark: 0.072/0.072 secs] [Times: user=0.22 sys=0.02, real=0.07 secs] 
2023-01-17T04:33:57.923+0800: 247.831: [CMS-concurrent-preclean-start]
2023-01-17T04:33:57.976+0800: 247.884: [CMS-concurrent-preclean: 0.053/0.053 secs] [Times: user=0.14 sys=0.01, real=0.05 secs] 
2023-01-17T04:33:57.977+0800: 247.884: [CMS-concurrent-abortable-preclean-start]
2023-01-17T04:33:57.977+0800: 247.884: [CMS-concurrent-abortable-preclean: 0.000/0.000 secs] [Times: user=0.00 sys=0.00, real=0.00 secs] 
2023-01-17T04:33:57.987+0800: 247.895: [GC (CMS Final Remark) [YG occupancy: 72797 K (115200 K)]2023-01-17T04:33:57.987+0800: 247.895: [Rescan (parallel) , 0.0414745 secs]2023-01-17T04:33:58.029+0800: 247.936: [weak refs processing, 0.0000538 secs]2023-01-17T04:33:58.029+0800: 247.936: [class unloading, 0.0198075 secs]2023-01-17T04:33:58.048+0800: 247.956: [scrub symbol table, 0.0076622 secs]2023-01-17T04:33:58.056+0800: 247.964: [scrub string table, 0.0012575 secs][1 CMS-remark: 134143K(134144K)] 206941K(249344K), 0.0705059 secs] [Times: user=0.14 sys=0.00, real=0.07 secs] 
2023-01-17T04:33:58.059+0800: 247.966: [CMS-concurrent-sweep-start]
2023-01-17T04:33:58.093+0800: 248.000: [CMS-concurrent-sweep: 0.034/0.034 secs] [Times: user=0.06 sys=0.01, real=0.04 secs] 
2023-01-17T04:33:58.093+0800: 248.001: [CMS-concurrent-reset-start]
2023-01-17T04:33:58.093+0800: 248.001: [CMS-concurrent-reset: 0.000/0.000 secs] [Times: user=0.00 sys=0.00, real=0.00 secs] 
{Heap before GC invocations=346 (full 429):
 par new generation   total 115200K, used 115199K [0x00000000f0000000, 0x00000000f7d00000, 0x00000000f7d00000)
  eden space 102400K, 100% used [0x00000000f0000000, 0x00000000f6400000, 0x00000000f6400000)
  from space 12800K,  99% used [0x00000000f7080000, 0x00000000f7cffff8, 0x00000000f7d00000)
  to   space 12800K,   0% used [0x00000000f6400000, 0x00000000f6400000, 0x00000000f7080000)
 concurrent mark-sweep generation total 134144K, used 133988K [0x00000000f7d00000, 0x0000000100000000, 0x0000000100000000)
 Metaspace       used 52039K, capacity 54894K, committed 55936K, reserved 1097728K
  class space    used 6335K, capacity 6835K, committed 7040K, reserved 1048576K
2023-01-17T04:33:58.370+0800: 248.278: [GC (Allocation Failure) 2023-01-17T04:33:58.370+0800: 248.278: [ParNew: 115199K->115199K(115200K), 0.0000287 secs]2023-01-17T04:33:58.370+0800: 248.278: [CMS: 133988K->134143K(134144K), 0.1866889 secs] 249188K->140195K(249344K), [Metaspace: 52039K->52039K(1097728K)], 0.1871323 secs] [Times: user=0.19 sys=0.00, real=0.18 secs] 
Heap after GC invocations=347 (full 430):
 par new generation   total 115200K, used 6051K [0x00000000f0000000, 0x00000000f7d00000, 0x00000000f7d00000)
  eden space 102400K,   5% used [0x00000000f0000000, 0x00000000f05e8d40, 0x00000000f6400000)
  from space 12800K,   0% used [0x00000000f7080000, 0x00000000f7080000, 0x00000000f7d00000)
  to   space 12800K,   0% used [0x00000000f6400000, 0x00000000f6400000, 0x00000000f7080000)
 concurrent mark-sweep generation total 134144K, used 134143K [0x00000000f7d00000, 0x0000000100000000, 0x0000000100000000)
 Metaspace       used 52039K, capacity 54894K, committed 55936K, reserved 1097728K
  class space    used 6335K, capacity 6835K, committed 7040K, reserved 1048576K
}
2023-01-17T04:33:58.587+0800: 248.495: [GC (CMS Initial Mark) [1 CMS-initial-mark: 134143K(134144K)] 162389K(249344K), 0.0098200 secs] [Times: user=0.04 sys=0.00, real=0.01 secs] 
2023-01-17T04:33:58.600+0800: 248.508: [CMS-concurrent-mark-start]
2023-01-17T04:33:58.690+0800: 248.598: [CMS-concurrent-mark: 0.090/0.090 secs] [Times: user=0.29 sys=0.05, real=0.09 secs] 
2023-01-17T04:33:58.690+0800: 248.598: [CMS-concurrent-preclean-start]
2023-01-17T04:33:58.732+0800: 248.640: [CMS-concurrent-preclean: 0.042/0.042 secs] [Times: user=0.14 sys=0.01, real=0.04 secs] 
2023-01-17T04:33:58.733+0800: 248.640: [CMS-concurrent-abortable-preclean-start]
2023-01-17T04:33:58.733+0800: 248.640: [CMS-concurrent-abortable-preclean: 0.000/0.000 secs] [Times: user=0.00 sys=0.00, real=0.00 secs] 
2023-01-17T04:33:58.736+0800: 248.644: [GC (CMS Final Remark) [YG occupancy: 108575 K (115200 K)]2023-01-17T04:33:58.737+0800: 248.644: [Rescan (parallel) , 0.0312650 secs]2023-01-17T04:33:58.768+0800: 248.676: [weak refs processing, 0.0000525 secs]2023-01-17T04:33:58.768+0800: 248.676: [class unloading, 0.0188582 secs]2023-01-17T04:33:58.787+0800: 248.695: [scrub symbol table, 0.0077180 secs]2023-01-17T04:33:58.794+0800: 248.702: [scrub string table, 0.0013024 secs][1 CMS-remark: 134143K(134144K)] 242719K(249344K), 0.0594429 secs] [Times: user=0.14 sys=0.00, real=0.06 secs] 
2023-01-17T04:33:58.796+0800: 248.704: [CMS-concurrent-sweep-start]
2023-01-17T04:33:58.818+0800: 248.725: [CMS-concurrent-sweep: 0.021/0.021 secs] [Times: user=0.04 sys=0.01, real=0.02 secs] 
2023-01-17T04:33:58.818+0800: 248.726: [CMS-concurrent-reset-start]
2023-01-17T04:33:58.818+0800: 248.726: [CMS-concurrent-reset: 0.000/0.000 secs] [Times: user=0.00 sys=0.00, real=0.00 secs] 
{Heap before GC invocations=347 (full 431):
 par new generation   total 115200K, used 115200K [0x00000000f0000000, 0x00000000f7d00000, 0x00000000f7d00000)
  eden space 102400K, 100% used [0x00000000f0000000, 0x00000000f6400000, 0x00000000f6400000)
  from space 12800K, 100% used [0x00000000f7080000, 0x00000000f7d00000, 0x00000000f7d00000)
  to   space 12800K,   0% used [0x00000000f6400000, 0x00000000f6400000, 0x00000000f7080000)
 concurrent mark-sweep generation total 134144K, used 133622K [0x00000000f7d00000, 0x0000000100000000, 0x0000000100000000)
 Metaspace       used 52039K, capacity 54894K, committed 55936K, reserved 1097728K
  class space    used 6335K, capacity 6835K, committed 7040K, reserved 1048576K
2023-01-17T04:33:59.081+0800: 248.989: [GC (Allocation Failure) 2023-01-17T04:33:59.081+0800: 248.989: [ParNew: 115200K->115200K(115200K), 0.0000258 secs]2023-01-17T04:33:59.081+0800: 248.989: [CMS: 133622K->134143K(134144K), 0.2056813 secs] 248822K->140207K(249344K), [Metaspace: 52039K->52039K(1097728K)], 0.2060905 secs] [Times: user=0.21 sys=0.00, real=0.20 secs] 
Heap after GC invocations=348 (full 432):
 par new generation   total 115200K, used 6063K [0x00000000f0000000, 0x00000000f7d00000, 0x00000000f7d00000)
  eden space 102400K,   5% used [0x00000000f0000000, 0x00000000f05ebea8, 0x00000000f6400000)
  from space 12800K,   0% used [0x00000000f7080000, 0x00000000f7080000, 0x00000000f7d00000)
  to   space 12800K,   0% used [0x00000000f6400000, 0x00000000f6400000, 0x00000000f7080000)
 concurrent mark-sweep generation total 134144K, used 134143K [0x00000000f7d00000, 0x0000000100000000, 0x0000000100000000)
 Metaspace       used 52039K, capacity 54894K, committed 55936K, reserved 1097728K
  class space    used 6335K, capacity 6835K, committed 7040K, reserved 1048576K
}
2023-01-17T04:33:59.292+0800: 249.200: [GC (CMS Initial Mark) [1 CMS-initial-mark: 134143K(134144K)] 140529K(249344K), 0.0060652 secs] [Times: user=0.01 sys=0.00, real=0.00 secs] 
2023-01-17T04:33:59.298+0800: 249.206: [CMS-concurrent-mark-start]
2023-01-17T04:33:59.362+0800: 249.270: [CMS-concurrent-mark: 0.064/0.064 secs] [Times: user=0.15 sys=0.02, real=0.07 secs] 
2023-01-17T04:33:59.363+0800: 249.270: [CMS-concurrent-preclean-start]
2023-01-17T04:33:59.405+0800: 249.312: [CMS-concurrent-preclean: 0.042/0.042 secs] [Times: user=0.10 sys=0.01, real=0.04 secs] 
2023-01-17T04:33:59.405+0800: 249.313: [CMS-concurrent-abortable-preclean-start]
2023-01-17T04:33:59.405+0800: 249.313: [CMS-concurrent-abortable-preclean: 0.000/0.000 secs] [Times: user=0.00 sys=0.00, real=0.00 secs] 
2023-01-17T04:33:59.527+0800: 249.435: [GC (CMS Final Remark) [YG occupancy: 104451 K (115200 K)]2023-01-17T04:33:59.528+0800: 249.435: [Rescan (parallel) , 0.0411786 secs]2023-01-17T04:33:59.569+0800: 249.477: [weak refs processing, 0.0000553 secs]2023-01-17T04:33:59.569+0800: 249.477: [class unloading, 0.0137125 secs]2023-01-17T04:33:59.583+0800: 249.490: [scrub symbol table, 0.0048174 secs]2023-01-17T04:33:59.587+0800: 249.495: [scrub string table, 0.0009001 secs][1 CMS-remark: 134143K(134144K)] 238595K(249344K), 0.0609031 secs] [Times: user=0.14 sys=0.00, real=0.06 secs] 
2023-01-17T04:33:59.589+0800: 249.497: [CMS-concurrent-sweep-start]
2023-01-17T04:33:59.612+0800: 249.520: [CMS-concurrent-sweep: 0.023/0.023 secs] [Times: user=0.07 sys=0.00, real=0.03 secs] 
2023-01-17T04:33:59.612+0800: 249.520: [CMS-concurrent-reset-start]
2023-01-17T04:33:59.612+0800: 249.520: [CMS-concurrent-reset: 0.000/0.000 secs] [Times: user=0.00 sys=0.00, real=0.00 secs] 
{Heap before GC invocations=348 (full 433):
 par new generation   total 115200K, used 115193K [0x00000000f0000000, 0x00000000f7d00000, 0x00000000f7d00000)
  eden space 102400K, 100% used [0x00000000f0000000, 0x00000000f6400000, 0x00000000f6400000)
  from space 12800K,  99% used [0x00000000f7080000, 0x00000000f7cfe658, 0x00000000f7d00000)
  to   space 12800K,   0% used [0x00000000f6400000, 0x00000000f6400000, 0x00000000f7080000)
 concurrent mark-sweep generation total 134144K, used 134053K [0x00000000f7d00000, 0x0000000100000000, 0x0000000100000000)
 Metaspace       used 52042K, capacity 54894K, committed 55936K, reserved 1097728K
  class space    used 6335K, capacity 6835K, committed 7040K, reserved 1048576K
2023-01-17T04:33:59.820+0800: 249.728: [GC (Allocation Failure) 2023-01-17T04:33:59.820+0800: 249.728: [ParNew: 115193K->115193K(115200K), 0.0000276 secs]2023-01-17T04:33:59.820+0800: 249.728: [CMS: 134053K->134143K(134144K), 0.2065068 secs] 249246K->140197K(249344K), [Metaspace: 52042K->52042K(1097728K)], 0.2069110 secs] [Times: user=0.21 sys=0.00, real=0.20 secs] 
Heap after GC invocations=349 (full 434):
 par new generation   total 115200K, used 6054K [0x00000000f0000000, 0x00000000f7d00000, 0x00000000f7d00000)
  eden space 102400K,   5% used [0x00000000f0000000, 0x00000000f05e9818, 0x00000000f6400000)
  from space 12800K,   0% used [0x00000000f7080000, 0x00000000f7080000, 0x00000000f7d00000)
  to   space 12800K,   0% used [0x00000000f6400000, 0x00000000f6400000, 0x00000000f7080000)
 concurrent mark-sweep generation total 134144K, used 134143K [0x00000000f7d00000, 0x0000000100000000, 0x0000000100000000)
 Metaspace       used 52042K, capacity 54894K, committed 55936K, reserved 1097728K
  class space    used 6335K, capacity 6835K, committed 7040K, reserved 1048576K
}
2023-01-17T04:34:00.032+0800: 249.939: [GC (CMS Initial Mark) [1 CMS-initial-mark: 134143K(134144K)] 140540K(249344K), 0.0044055 secs] [Times: user=0.01 sys=0.00, real=0.00 secs] 
2023-01-17T04:34:00.036+0800: 249.944: [CMS-concurrent-mark-start]
2023-01-17T04:34:00.097+0800: 250.005: [CMS-concurrent-mark: 0.061/0.061 secs] [Times: user=0.14 sys=0.01, real=0.06 secs] 
2023-01-17T04:34:00.098+0800: 250.005: [CMS-concurrent-preclean-start]
2023-01-17T04:34:00.139+0800: 250.047: [CMS-concurrent-preclean: 0.042/0.042 secs] [Times: user=0.10 sys=0.02, real=0.04 secs] 
2023-01-17T04:34:00.139+0800: 250.047: [CMS-concurrent-abortable-preclean-start]
2023-01-17T04:34:00.139+0800: 250.047: [CMS-concurrent-abortable-preclean: 0.000/0.000 secs] [Times: user=0.00 sys=0.00, real=0.00 secs] 
2023-01-17T04:34:00.143+0800: 250.051: [GC (CMS Final Remark) [YG occupancy: 45447 K (115200 K)]2023-01-17T04:34:00.143+0800: 250.051: [Rescan (parallel) , 0.0145981 secs]2023-01-17T04:34:00.158+0800: 250.066: [weak refs processing, 0.0000409 secs]2023-01-17T04:34:00.158+0800: 250.066: [class unloading, 0.0132790 secs]2023-01-17T04:34:00.171+0800: 250.079: [scrub symbol table, 0.0049376 secs]2023-01-17T04:34:00.176+0800: 250.084: [scrub string table, 0.0008882 secs][1 CMS-remark: 134143K(134144K)] 179591K(249344K), 0.0339071 secs] [Times: user=0.08 sys=0.00, real=0.03 secs] 
2023-01-17T04:34:00.178+0800: 250.085: [CMS-concurrent-sweep-start]
2023-01-17T04:34:00.193+0800: 250.101: [CMS-concurrent-sweep: 0.016/0.016 secs] [Times: user=0.05 sys=0.01, real=0.02 secs] 
2023-01-17T04:34:00.194+0800: 250.101: [CMS-concurrent-reset-start]
2023-01-17T04:34:00.194+0800: 250.102: [CMS-concurrent-reset: 0.000/0.000 secs] [Times: user=0.00 sys=0.00, real=0.00 secs] 
{Heap before GC invocations=349 (full 435):
 par new generation   total 115200K, used 115199K [0x00000000f0000000, 0x00000000f7d00000, 0x00000000f7d00000)
  eden space 102400K, 100% used [0x00000000f0000000, 0x00000000f6400000, 0x00000000f6400000)
  from space 12800K,  99% used [0x00000000f7080000, 0x00000000f7cfffd8, 0x00000000f7d00000)
  to   space 12800K,   0% used [0x00000000f6400000, 0x00000000f6400000, 0x00000000f7080000)
 concurrent mark-sweep generation total 134144K, used 134110K [0x00000000f7d00000, 0x0000000100000000, 0x0000000100000000)
 Metaspace       used 52042K, capacity 54894K, committed 55936K, reserved 1097728K
  class space    used 6335K, capacity 6835K, committed 7040K, reserved 1048576K
2023-01-17T04:34:00.568+0800: 250.476: [GC (Allocation Failure) 2023-01-17T04:34:00.568+0800: 250.476: [ParNew: 115199K->115199K(115200K), 0.0000283 secs]2023-01-17T04:34:00.568+0800: 250.476: [CMS: 134110K->134144K(134144K), 0.1839298 secs] 249310K->140219K(249344K), [Metaspace: 52042K->52042K(1097728K)], 0.1843506 secs] [Times: user=0.19 sys=0.00, real=0.19 secs] 
Heap after GC invocations=350 (full 436):
 par new generation   total 115200K, used 6075K [0x00000000f0000000, 0x00000000f7d00000, 0x00000000f7d00000)
  eden space 102400K,   5% used [0x00000000f0000000, 0x00000000f05eec38, 0x00000000f6400000)
  from space 12800K,   0% used [0x00000000f7080000, 0x00000000f7080000, 0x00000000f7d00000)
  to   space 12800K,   0% used [0x00000000f6400000, 0x00000000f6400000, 0x00000000f7080000)
 concurrent mark-sweep generation total 134144K, used 134144K [0x00000000f7d00000, 0x0000000100000000, 0x0000000100000000)
 Metaspace       used 52042K, capacity 54894K, committed 55936K, reserved 1097728K
  class space    used 6335K, capacity 6835K, committed 7040K, reserved 1048576K
}
2023-01-17T04:34:00.763+0800: 250.671: [GC (CMS Initial Mark) [1 CMS-initial-mark: 134144K(134144K)] 146394K(249344K), 0.0057836 secs] [Times: user=0.02 sys=0.00, real=0.00 secs] 
2023-01-17T04:34:00.769+0800: 250.677: [CMS-concurrent-mark-start]
2023-01-17T04:34:00.845+0800: 250.752: [CMS-concurrent-mark: 0.075/0.075 secs] [Times: user=0.18 sys=0.02, real=0.08 secs] 
2023-01-17T04:34:00.845+0800: 250.753: [CMS-concurrent-preclean-start]
2023-01-17T04:34:00.888+0800: 250.795: [CMS-concurrent-preclean: 0.043/0.043 secs] [Times: user=0.11 sys=0.02, real=0.04 secs] 
2023-01-17T04:34:00.888+0800: 250.796: [CMS-concurrent-abortable-preclean-start]
2023-01-17T04:34:00.888+0800: 250.796: [CMS-concurrent-abortable-preclean: 0.000/0.000 secs] [Times: user=0.01 sys=0.00, real=0.00 secs] 
2023-01-17T04:34:00.892+0800: 250.800: [GC (CMS Final Remark) [YG occupancy: 75824 K (115200 K)]2023-01-17T04:34:00.892+0800: 250.800: [Rescan (parallel) , 0.0210394 secs]2023-01-17T04:34:00.913+0800: 250.821: [weak refs processing, 0.0000464 secs]2023-01-17T04:34:00.913+0800: 250.821: [class unloading, 0.0138942 secs]2023-01-17T04:34:00.927+0800: 250.835: [scrub symbol table, 0.0050467 secs]2023-01-17T04:34:00.932+0800: 250.840: [scrub string table, 0.0009244 secs][1 CMS-remark: 134144K(134144K)] 209968K(249344K), 0.0411658 secs] [Times: user=0.10 sys=0.00, real=0.04 secs] 
2023-01-17T04:34:00.934+0800: 250.841: [CMS-concurrent-sweep-start]
2023-01-17T04:34:00.952+0800: 250.860: [CMS-concurrent-sweep: 0.018/0.018 secs] [Times: user=0.05 sys=0.02, real=0.02 secs] 
2023-01-17T04:34:00.952+0800: 250.860: [CMS-concurrent-reset-start]
2023-01-17T04:34:00.952+0800: 250.860: [CMS-concurrent-reset: 0.000/0.000 secs] [Times: user=0.00 sys=0.00, real=0.00 secs] 
{Heap before GC invocations=350 (full 437):
 par new generation   total 115200K, used 115199K [0x00000000f0000000, 0x00000000f7d00000, 0x00000000f7d00000)
  eden space 102400K, 100% used [0x00000000f0000000, 0x00000000f6400000, 0x00000000f6400000)
  from space 12800K,  99% used [0x00000000f7080000, 0x00000000f7cffff0, 0x00000000f7d00000)
  to   space 12800K,   0% used [0x00000000f6400000, 0x00000000f6400000, 0x00000000f7080000)
 concurrent mark-sweep generation total 134144K, used 134045K [0x00000000f7d00000, 0x0000000100000000, 0x0000000100000000)
 Metaspace       used 52042K, capacity 54894K, committed 55936K, reserved 1097728K
  class space    used 6335K, capacity 6835K, committed 7040K, reserved 1048576K
2023-01-17T04:34:01.375+0800: 251.283: [GC (Allocation Failure) 2023-01-17T04:34:01.375+0800: 251.283: [ParNew: 115199K->115199K(115200K), 0.0000308 secs]2023-01-17T04:34:01.375+0800: 251.283: [CMS: 134045K->134143K(134144K), 0.1913999 secs] 249245K->140217K(249344K), [Metaspace: 52042K->52042K(1097728K)], 0.1918170 secs] [Times: user=0.20 sys=0.00, real=0.19 secs] 
Heap after GC invocations=351 (full 438):
 par new generation   total 115200K, used 6073K [0x00000000f0000000, 0x00000000f7d00000, 0x00000000f7d00000)
  eden space 102400K,   5% used [0x00000000f0000000, 0x00000000f05ee520, 0x00000000f6400000)
  from space 12800K,   0% used [0x00000000f7080000, 0x00000000f7080000, 0x00000000f7d00000)
  to   space 12800K,   0% used [0x00000000f6400000, 0x00000000f6400000, 0x00000000f7080000)
 concurrent mark-sweep generation total 134144K, used 134143K [0x00000000f7d00000, 0x0000000100000000, 0x0000000100000000)
 Metaspace       used 52042K, capacity 54894K, committed 55936K, reserved 1097728K
  class space    used 6335K, capacity 6835K, committed 7040K, reserved 1048576K
}
2023-01-17T04:34:01.572+0800: 251.480: [GC (CMS Initial Mark) [1 CMS-initial-mark: 134143K(134144K)] 140686K(249344K), 0.0050468 secs] [Times: user=0.02 sys=0.00, real=0.00 secs] 
2023-01-17T04:34:01.577+0800: 251.485: [CMS-concurrent-mark-start]
2023-01-17T04:34:01.639+0800: 251.547: [CMS-concurrent-mark: 0.062/0.062 secs] [Times: user=0.14 sys=0.02, real=0.07 secs] 
2023-01-17T04:34:01.640+0800: 251.548: [CMS-concurrent-preclean-start]
2023-01-17T04:34:01.680+0800: 251.588: [CMS-concurrent-preclean: 0.040/0.040 secs] [Times: user=0.08 sys=0.01, real=0.04 secs] 
2023-01-17T04:34:01.680+0800: 251.588: [CMS-concurrent-abortable-preclean-start]
2023-01-17T04:34:01.680+0800: 251.588: [CMS-concurrent-abortable-preclean: 0.000/0.000 secs] [Times: user=0.00 sys=0.00, real=0.00 secs] 
2023-01-17T04:34:01.686+0800: 251.594: [GC (CMS Final Remark) [YG occupancy: 40574 K (115200 K)]2023-01-17T04:34:01.686+0800: 251.594: [Rescan (parallel) , 0.0208102 secs]2023-01-17T04:34:01.707+0800: 251.614: [weak refs processing, 0.0000507 secs]2023-01-17T04:34:01.707+0800: 251.615: [class unloading, 0.0135084 secs]2023-01-17T04:34:01.720+0800: 251.628: [scrub symbol table, 0.0050953 secs]2023-01-17T04:34:01.725+0800: 251.633: [scrub string table, 0.0008955 secs][1 CMS-remark: 134143K(134144K)] 174718K(249344K), 0.0405658 secs] [Times: user=0.09 sys=0.00, real=0.04 secs] 
2023-01-17T04:34:01.727+0800: 251.634: [CMS-concurrent-sweep-start]
2023-01-17T04:34:01.752+0800: 251.660: [CMS-concurrent-sweep: 0.025/0.025 secs] [Times: user=0.06 sys=0.00, real=0.03 secs] 
2023-01-17T04:34:01.752+0800: 251.660: [CMS-concurrent-reset-start]
2023-01-17T04:34:01.752+0800: 251.660: [CMS-concurrent-reset: 0.000/0.000 secs] [Times: user=0.00 sys=0.00, real=0.00 secs] 
{Heap before GC invocations=351 (full 439):
 par new generation   total 115200K, used 115199K [0x00000000f0000000, 0x00000000f7d00000, 0x00000000f7d00000)
  eden space 102400K, 100% used [0x00000000f0000000, 0x00000000f6400000, 0x00000000f6400000)
  from space 12800K,  99% used [0x00000000f7080000, 0x00000000f7cffff8, 0x00000000f7d00000)
  to   space 12800K,   0% used [0x00000000f6400000, 0x00000000f6400000, 0x00000000f7080000)
 concurrent mark-sweep generation total 134144K, used 134070K [0x00000000f7d00000, 0x0000000100000000, 0x0000000100000000)
 Metaspace       used 52042K, capacity 54894K, committed 55936K, reserved 1097728K
  class space    used 6335K, capacity 6835K, committed 7040K, reserved 1048576K
2023-01-17T04:34:02.097+0800: 252.005: [GC (Allocation Failure) 2023-01-17T04:34:02.098+0800: 252.006: [ParNew: 115199K->115199K(115200K), 0.0000273 secs]2023-01-17T04:34:02.098+0800: 252.006: [CMS: 134070K->134143K(134144K), 0.1925521 secs] 249270K->140205K(249344K), [Metaspace: 52042K->52042K(1097728K)], 0.1929577 secs] [Times: user=0.19 sys=0.00, real=0.20 secs] 
Heap after GC invocations=352 (full 440):
 par new generation   total 115200K, used 6061K [0x00000000f0000000, 0x00000000f7d00000, 0x00000000f7d00000)
  eden space 102400K,   5% used [0x00000000f0000000, 0x00000000f05eb790, 0x00000000f6400000)
  from space 12800K,   0% used [0x00000000f7080000, 0x00000000f7080000, 0x00000000f7d00000)
  to   space 12800K,   0% used [0x00000000f6400000, 0x00000000f6400000, 0x00000000f7080000)
 concurrent mark-sweep generation total 134144K, used 134143K [0x00000000f7d00000, 0x0000000100000000, 0x0000000100000000)
 Metaspace       used 52042K, capacity 54894K, committed 55936K, reserved 1097728K
  class space    used 6335K, capacity 6835K, committed 7040K, reserved 1048576K
}
2023-01-17T04:34:02.295+0800: 252.202: [GC (CMS Initial Mark) [1 CMS-initial-mark: 134143K(134144K)] 140280K(249344K), 0.0045695 secs] [Times: user=0.02 sys=0.00, real=0.00 secs] 
2023-01-17T04:34:02.299+0800: 252.207: [CMS-concurrent-mark-start]
2023-01-17T04:34:02.372+0800: 252.279: [CMS-concurrent-mark: 0.072/0.072 secs] [Times: user=0.23 sys=0.03, real=0.08 secs] 
2023-01-17T04:34:02.372+0800: 252.280: [CMS-concurrent-preclean-start]
2023-01-17T04:34:02.419+0800: 252.326: [CMS-concurrent-preclean: 0.047/0.047 secs] [Times: user=0.14 sys=0.04, real=0.04 secs] 
2023-01-17T04:34:02.419+0800: 252.327: [CMS-concurrent-abortable-preclean-start]
2023-01-17T04:34:02.419+0800: 252.327: [CMS-concurrent-abortable-preclean: 0.000/0.000 secs] [Times: user=0.00 sys=0.00, real=0.00 secs] 
2023-01-17T04:34:02.423+0800: 252.331: [GC (CMS Final Remark) [YG occupancy: 89107 K (115200 K)]2023-01-17T04:34:02.423+0800: 252.331: [Rescan (parallel) , 0.0239417 secs]2023-01-17T04:34:02.447+0800: 252.355: [weak refs processing, 0.0000463 secs]2023-01-17T04:34:02.447+0800: 252.355: [class unloading, 0.0138689 secs]2023-01-17T04:34:02.461+0800: 252.369: [scrub symbol table, 0.0050070 secs]2023-01-17T04:34:02.466+0800: 252.374: [scrub string table, 0.0009203 secs][1 CMS-remark: 134143K(134144K)] 223251K(249344K), 0.0440095 secs] [Times: user=0.12 sys=0.00, real=0.04 secs] 
2023-01-17T04:34:02.467+0800: 252.375: [CMS-concurrent-sweep-start]
2023-01-17T04:34:02.485+0800: 252.392: [CMS-concurrent-sweep: 0.017/0.017 secs] [Times: user=0.05 sys=0.00, real=0.02 secs] 
2023-01-17T04:34:02.485+0800: 252.393: [CMS-concurrent-reset-start]
2023-01-17T04:34:02.485+0800: 252.393: [CMS-concurrent-reset: 0.000/0.000 secs] [Times: user=0.00 sys=0.00, real=0.00 secs] 
{Heap before GC invocations=352 (full 441):
 par new generation   total 115200K, used 115193K [0x00000000f0000000, 0x00000000f7d00000, 0x00000000f7d00000)
  eden space 102400K, 100% used [0x00000000f0000000, 0x00000000f6400000, 0x00000000f6400000)
  from space 12800K,  99% used [0x00000000f7080000, 0x00000000f7cfe7e0, 0x00000000f7d00000)
  to   space 12800K,   0% used [0x00000000f6400000, 0x00000000f6400000, 0x00000000f7080000)
 concurrent mark-sweep generation total 134144K, used 133949K [0x00000000f7d00000, 0x0000000100000000, 0x0000000100000000)
 Metaspace       used 52042K, capacity 54894K, committed 55936K, reserved 1097728K
  class space    used 6335K, capacity 6835K, committed 7040K, reserved 1048576K
2023-01-17T04:34:02.824+0800: 252.732: [GC (Allocation Failure) 2023-01-17T04:34:02.824+0800: 252.732: [ParNew: 115193K->115193K(115200K), 0.0000252 secs]2023-01-17T04:34:02.824+0800: 252.732: [CMS: 133949K->134144K(134144K), 0.1878312 secs] 249143K->140182K(249344K), [Metaspace: 52042K->52042K(1097728K)], 0.1882405 secs] [Times: user=0.20 sys=0.00, real=0.19 secs] 
Heap after GC invocations=353 (full 442):
 par new generation   total 115200K, used 6038K [0x00000000f0000000, 0x00000000f7d00000, 0x00000000f7d00000)
  eden space 102400K,   5% used [0x00000000f0000000, 0x00000000f05e5b10, 0x00000000f6400000)
  from space 12800K,   0% used [0x00000000f7080000, 0x00000000f7080000, 0x00000000f7d00000)
  to   space 12800K,   0% used [0x00000000f6400000, 0x00000000f6400000, 0x00000000f7080000)
 concurrent mark-sweep generation total 134144K, used 134144K [0x00000000f7d00000, 0x0000000100000000, 0x0000000100000000)
 Metaspace       used 52042K, capacity 54894K, committed 55936K, reserved 1097728K
  class space    used 6335K, capacity 6835K, committed 7040K, reserved 1048576K
}
2023-01-17T04:34:03.018+0800: 252.926: [GC (CMS Initial Mark) [1 CMS-initial-mark: 134144K(134144K)] 140694K(249344K), 0.0056385 secs] [Times: user=0.02 sys=0.00, real=0.01 secs] 
2023-01-17T04:34:03.024+0800: 252.932: [CMS-concurrent-mark-start]
2023-01-17T04:34:03.087+0800: 252.995: [CMS-concurrent-mark: 0.063/0.063 secs] [Times: user=0.13 sys=0.03, real=0.06 secs] 
2023-01-17T04:34:03.087+0800: 252.995: [CMS-concurrent-preclean-start]
2023-01-17T04:34:03.126+0800: 253.033: [CMS-concurrent-preclean: 0.038/0.038 secs] [Times: user=0.09 sys=0.01, real=0.04 secs] 
2023-01-17T04:34:03.126+0800: 253.034: [CMS-concurrent-abortable-preclean-start]
2023-01-17T04:34:03.126+0800: 253.034: [CMS-concurrent-abortable-preclean: 0.000/0.000 secs] [Times: user=0.00 sys=0.00, real=0.00 secs] 
2023-01-17T04:34:03.129+0800: 253.037: [GC (CMS Final Remark) [YG occupancy: 47071 K (115200 K)]2023-01-17T04:34:03.130+0800: 253.037: [Rescan (parallel) , 0.0191841 secs]2023-01-17T04:34:03.149+0800: 253.057: [weak refs processing, 0.0000399 secs]2023-01-17T04:34:03.149+0800: 253.057: [class unloading, 0.0129330 secs]2023-01-17T04:34:03.162+0800: 253.070: [scrub symbol table, 0.0049060 secs]2023-01-17T04:34:03.167+0800: 253.074: [scrub string table, 0.0008843 secs][1 CMS-remark: 134144K(134144K)] 181215K(249344K), 0.0381075 secs] [Times: user=0.07 sys=0.00, real=0.04 secs] 
2023-01-17T04:34:03.168+0800: 253.076: [CMS-concurrent-sweep-start]
2023-01-17T04:34:03.187+0800: 253.095: [CMS-concurrent-sweep: 0.018/0.018 secs] [Times: user=0.06 sys=0.01, real=0.02 secs] 
2023-01-17T04:34:03.187+0800: 253.095: [CMS-concurrent-reset-start]
2023-01-17T04:34:03.187+0800: 253.095: [CMS-concurrent-reset: 0.000/0.000 secs] [Times: user=0.00 sys=0.00, real=0.00 secs] 
{Heap before GC invocations=353 (full 443):
 par new generation   total 115200K, used 115200K [0x00000000f0000000, 0x00000000f7d00000, 0x00000000f7d00000)
  eden space 102400K, 100% used [0x00000000f0000000, 0x00000000f6400000, 0x00000000f6400000)
  from space 12800K, 100% used [0x00000000f7080000, 0x00000000f7d00000, 0x00000000f7d00000)
  to   space 12800K,   0% used [0x00000000f6400000, 0x00000000f6400000, 0x00000000f7080000)
 concurrent mark-sweep generation total 134144K, used 134062K [0x00000000f7d00000, 0x0000000100000000, 0x0000000100000000)
 Metaspace       used 52042K, capacity 54894K, committed 55936K, reserved 1097728K
  class space    used 6335K, capacity 6835K, committed 7040K, reserved 1048576K
2023-01-17T04:34:03.553+0800: 253.461: [GC (Allocation Failure) 2023-01-17T04:34:03.554+0800: 253.461: [ParNew: 115200K->115200K(115200K), 0.0000283 secs]2023-01-17T04:34:03.554+0800: 253.461: [CMS: 134062K->134143K(134144K), 0.2037040 secs] 249262K->140188K(249344K), [Metaspace: 52042K->52042K(1097728K)], 0.2041301 secs] [Times: user=0.21 sys=0.00, real=0.20 secs] 
Heap after GC invocations=354 (full 444):
 par new generation   total 115200K, used 6044K [0x00000000f0000000, 0x00000000f7d00000, 0x00000000f7d00000)
  eden space 102400K,   5% used [0x00000000f0000000, 0x00000000f05e7240, 0x00000000f6400000)
  from space 12800K,   0% used [0x00000000f7080000, 0x00000000f7080000, 0x00000000f7d00000)
  to   space 12800K,   0% used [0x00000000f6400000, 0x00000000f6400000, 0x00000000f7080000)
 concurrent mark-sweep generation total 134144K, used 134143K [0x00000000f7d00000, 0x0000000100000000, 0x0000000100000000)
 Metaspace       used 52042K, capacity 54894K, committed 55936K, reserved 1097728K
  class space    used 6335K, capacity 6835K, committed 7040K, reserved 1048576K
}
2023-01-17T04:34:03.762+0800: 253.670: [GC (CMS Initial Mark) [1 CMS-initial-mark: 134143K(134144K)] 140649K(249344K), 0.0046285 secs] [Times: user=0.02 sys=0.00, real=0.00 secs] 
2023-01-17T04:34:03.767+0800: 253.675: [CMS-concurrent-mark-start]
2023-01-17T04:34:03.841+0800: 253.749: [CMS-concurrent-mark: 0.074/0.074 secs] [Times: user=0.25 sys=0.04, real=0.08 secs] 
2023-01-17T04:34:03.842+0800: 253.749: [CMS-concurrent-preclean-start]
2023-01-17T04:34:03.889+0800: 253.797: [CMS-concurrent-preclean: 0.047/0.047 secs] [Times: user=0.15 sys=0.03, real=0.04 secs] 
2023-01-17T04:34:03.889+0800: 253.797: [CMS-concurrent-abortable-preclean-start]
2023-01-17T04:34:03.889+0800: 253.797: [CMS-concurrent-abortable-preclean: 0.000/0.000 secs] [Times: user=0.00 sys=0.00, real=0.00 secs] 
2023-01-17T04:34:03.893+0800: 253.801: [GC (CMS Final Remark) [YG occupancy: 94130 K (115200 K)]2023-01-17T04:34:03.893+0800: 253.801: [Rescan (parallel) , 0.0258159 secs]2023-01-17T04:34:03.919+0800: 253.827: [weak refs processing, 0.0000466 secs]2023-01-17T04:34:03.919+0800: 253.827: [class unloading, 0.0134949 secs]2023-01-17T04:34:03.933+0800: 253.841: [scrub symbol table, 0.0049143 secs]2023-01-17T04:34:03.938+0800: 253.845: [scrub string table, 0.0008944 secs][1 CMS-remark: 134143K(134144K)] 228274K(249344K), 0.0454047 secs] [Times: user=0.12 sys=0.00, real=0.04 secs] 
2023-01-17T04:34:03.939+0800: 253.847: [CMS-concurrent-sweep-start]
2023-01-17T04:34:03.957+0800: 253.865: [CMS-concurrent-sweep: 0.018/0.018 secs] [Times: user=0.06 sys=0.01, real=0.02 secs] 
2023-01-17T04:34:03.957+0800: 253.865: [CMS-concurrent-reset-start]
2023-01-17T04:34:03.958+0800: 253.865: [CMS-concurrent-reset: 0.000/0.000 secs] [Times: user=0.00 sys=0.00, real=0.00 secs] 
{Heap before GC invocations=354 (full 445):
 par new generation   total 115200K, used 115199K [0x00000000f0000000, 0x00000000f7d00000, 0x00000000f7d00000)
  eden space 102400K, 100% used [0x00000000f0000000, 0x00000000f6400000, 0x00000000f6400000)
  from space 12800K,  99% used [0x00000000f7080000, 0x00000000f7cffff8, 0x00000000f7d00000)
  to   space 12800K,   0% used [0x00000000f6400000, 0x00000000f6400000, 0x00000000f7080000)
 concurrent mark-sweep generation total 134144K, used 134040K [0x00000000f7d00000, 0x0000000100000000, 0x0000000100000000)
 Metaspace       used 52042K, capacity 54894K, committed 55936K, reserved 1097728K
  class space    used 6335K, capacity 6835K, committed 7040K, reserved 1048576K
2023-01-17T04:34:04.308+0800: 254.216: [GC (Allocation Failure) 2023-01-17T04:34:04.308+0800: 254.216: [ParNew: 115199K->115199K(115200K), 0.0000309 secs]2023-01-17T04:34:04.308+0800: 254.216: [CMS: 134040K->134143K(134144K), 0.2054549 secs] 249240K->140186K(249344K), [Metaspace: 52042K->52042K(1097728K)], 0.2059357 secs] [Times: user=0.21 sys=0.00, real=0.21 secs] 
Heap after GC invocations=355 (full 446):
 par new generation   total 115200K, used 6042K [0x00000000f0000000, 0x00000000f7d00000, 0x00000000f7d00000)
  eden space 102400K,   5% used [0x00000000f0000000, 0x00000000f05e6a78, 0x00000000f6400000)
  from space 12800K,   0% used [0x00000000f7080000, 0x00000000f7080000, 0x00000000f7d00000)
  to   space 12800K,   0% used [0x00000000f6400000, 0x00000000f6400000, 0x00000000f7080000)
 concurrent mark-sweep generation total 134144K, used 134143K [0x00000000f7d00000, 0x0000000100000000, 0x0000000100000000)
 Metaspace       used 52042K, capacity 54894K, committed 55936K, reserved 1097728K
  class space    used 6335K, capacity 6835K, committed 7040K, reserved 1048576K
}
2023-01-17T04:34:04.518+0800: 254.426: [GC (CMS Initial Mark) [1 CMS-initial-mark: 134143K(134144K)] 140192K(249344K), 0.0049020 secs] [Times: user=0.01 sys=0.00, real=0.01 secs] 
2023-01-17T04:34:04.523+0800: 254.431: [CMS-concurrent-mark-start]
2023-01-17T04:34:04.591+0800: 254.499: [CMS-concurrent-mark: 0.068/0.068 secs] [Times: user=0.16 sys=0.02, real=0.07 secs] 
2023-01-17T04:34:04.591+0800: 254.499: [CMS-concurrent-preclean-start]
2023-01-17T04:34:04.635+0800: 254.542: [CMS-concurrent-preclean: 0.043/0.043 secs] [Times: user=0.09 sys=0.03, real=0.04 secs] 
2023-01-17T04:34:04.635+0800: 254.543: [CMS-concurrent-abortable-preclean-start]
2023-01-17T04:34:04.635+0800: 254.543: [CMS-concurrent-abortable-preclean: 0.000/0.000 secs] [Times: user=0.00 sys=0.00, real=0.00 secs] 
2023-01-17T04:34:04.639+0800: 254.547: [GC (CMS Final Remark) [YG occupancy: 49447 K (115200 K)]2023-01-17T04:34:04.639+0800: 254.547: [Rescan (parallel) , 0.0145145 secs]2023-01-17T04:34:04.654+0800: 254.561: [weak refs processing, 0.0000489 secs]2023-01-17T04:34:04.654+0800: 254.561: [class unloading, 0.0134142 secs]2023-01-17T04:34:04.667+0800: 254.575: [scrub symbol table, 0.0050226 secs]2023-01-17T04:34:04.672+0800: 254.580: [scrub string table, 0.0009119 secs][1 CMS-remark: 134143K(134144K)] 183591K(249344K), 0.0340941 secs] [Times: user=0.08 sys=0.00, real=0.04 secs] 
2023-01-17T04:34:04.674+0800: 254.582: [CMS-concurrent-sweep-start]
2023-01-17T04:34:04.690+0800: 254.598: [CMS-concurrent-sweep: 0.016/0.016 secs] [Times: user=0.05 sys=0.00, real=0.02 secs] 
2023-01-17T04:34:04.691+0800: 254.598: [CMS-concurrent-reset-start]
2023-01-17T04:34:04.691+0800: 254.599: [CMS-concurrent-reset: 0.000/0.000 secs] [Times: user=0.00 sys=0.00, real=0.00 secs] 
{Heap before GC invocations=355 (full 447):
 par new generation   total 115200K, used 115199K [0x00000000f0000000, 0x00000000f7d00000, 0x00000000f7d00000)
  eden space 102400K, 100% used [0x00000000f0000000, 0x00000000f6400000, 0x00000000f6400000)
  from space 12800K,  99% used [0x00000000f7080000, 0x00000000f7cffff8, 0x00000000f7d00000)
  to   space 12800K,   0% used [0x00000000f6400000, 0x00000000f6400000, 0x00000000f7080000)
 concurrent mark-sweep generation total 134144K, used 134040K [0x00000000f7d00000, 0x0000000100000000, 0x0000000100000000)
 Metaspace       used 52042K, capacity 54894K, committed 55936K, reserved 1097728K
  class space    used 6335K, capacity 6835K, committed 7040K, reserved 1048576K
2023-01-17T04:34:05.065+0800: 254.973: [GC (Allocation Failure) 2023-01-17T04:34:05.065+0800: 254.973: [ParNew: 115199K->115199K(115200K), 0.0000285 secs]2023-01-17T04:34:05.065+0800: 254.973: [CMS: 134040K->134143K(134144K), 0.1927313 secs] 249240K->140203K(249344K), [Metaspace: 52042K->52042K(1097728K)], 0.1931548 secs] [Times: user=0.19 sys=0.00, real=0.19 secs] 
Heap after GC invocations=356 (full 448):
 par new generation   total 115200K, used 6059K [0x00000000f0000000, 0x00000000f7d00000, 0x00000000f7d00000)
  eden space 102400K,   5% used [0x00000000f0000000, 0x00000000f05eaf38, 0x00000000f6400000)
  from space 12800K,   0% used [0x00000000f7080000, 0x00000000f7080000, 0x00000000f7d00000)
  to   space 12800K,   0% used [0x00000000f6400000, 0x00000000f6400000, 0x00000000f7080000)
 concurrent mark-sweep generation total 134144K, used 134143K [0x00000000f7d00000, 0x0000000100000000, 0x0000000100000000)
 Metaspace       used 52042K, capacity 54894K, committed 55936K, reserved 1097728K
  class space    used 6335K, capacity 6835K, committed 7040K, reserved 1048576K
}
2023-01-17T04:34:05.263+0800: 255.171: [GC (CMS Initial Mark) [1 CMS-initial-mark: 134143K(134144K)] 141227K(249344K), 0.0049186 secs] [Times: user=0.02 sys=0.00, real=0.00 secs] 
2023-01-17T04:34:05.269+0800: 255.176: [CMS-concurrent-mark-start]
2023-01-17T04:34:05.344+0800: 255.251: [CMS-concurrent-mark: 0.075/0.075 secs] [Times: user=0.22 sys=0.03, real=0.08 secs] 
2023-01-17T04:34:05.344+0800: 255.252: [CMS-concurrent-preclean-start]
2023-01-17T04:34:05.382+0800: 255.289: [CMS-concurrent-preclean: 0.038/0.038 secs] [Times: user=0.07 sys=0.01, real=0.04 secs] 
2023-01-17T04:34:05.382+0800: 255.290: [CMS-concurrent-abortable-preclean-start]
2023-01-17T04:34:05.382+0800: 255.290: [CMS-concurrent-abortable-preclean: 0.000/0.000 secs] [Times: user=0.00 sys=0.00, real=0.00 secs] 
2023-01-17T04:34:05.494+0800: 255.401: [GC (CMS Final Remark) [YG occupancy: 106963 K (115200 K)]2023-01-17T04:34:05.494+0800: 255.402: [Rescan (parallel) , 0.0486660 secs]2023-01-17T04:34:05.543+0800: 255.450: [weak refs processing, 0.0000658 secs]2023-01-17T04:34:05.543+0800: 255.450: [class unloading, 0.0192405 secs]2023-01-17T04:34:05.562+0800: 255.470: [scrub symbol table, 0.0080536 secs]2023-01-17T04:34:05.570+0800: 255.478: [scrub string table, 0.0013379 secs][1 CMS-remark: 134143K(134144K)] 241107K(249344K), 0.0776562 secs] [Times: user=0.15 sys=0.00, real=0.08 secs] 
2023-01-17T04:34:05.572+0800: 255.480: [CMS-concurrent-sweep-start]
2023-01-17T04:34:05.594+0800: 255.502: [CMS-concurrent-sweep: 0.022/0.022 secs] [Times: user=0.03 sys=0.00, real=0.02 secs] 
2023-01-17T04:34:05.594+0800: 255.502: [CMS-concurrent-reset-start]
2023-01-17T04:34:05.595+0800: 255.502: [CMS-concurrent-reset: 0.000/0.000 secs] [Times: user=0.00 sys=0.00, real=0.00 secs] 
{Heap before GC invocations=356 (full 449):
 par new generation   total 115200K, used 115199K [0x00000000f0000000, 0x00000000f7d00000, 0x00000000f7d00000)
  eden space 102400K, 100% used [0x00000000f0000000, 0x00000000f6400000, 0x00000000f6400000)
  from space 12800K,  99% used [0x00000000f7080000, 0x00000000f7cffff0, 0x00000000f7d00000)
  to   space 12800K,   0% used [0x00000000f6400000, 0x00000000f6400000, 0x00000000f7080000)
 concurrent mark-sweep generation total 134144K, used 133929K [0x00000000f7d00000, 0x0000000100000000, 0x0000000100000000)
 Metaspace       used 52042K, capacity 54894K, committed 55936K, reserved 1097728K
  class space    used 6335K, capacity 6835K, committed 7040K, reserved 1048576K
2023-01-17T04:34:05.823+0800: 255.731: [GC (Allocation Failure) 2023-01-17T04:34:05.824+0800: 255.732: [ParNew: 115199K->115199K(115200K), 0.0000269 secs]2023-01-17T04:34:05.824+0800: 255.732: [CMS: 133929K->134143K(134144K), 0.1922468 secs] 249129K->140233K(249344K), [Metaspace: 52042K->52042K(1097728K)], 0.1926658 secs] [Times: user=0.20 sys=0.00, real=0.19 secs] 
Heap after GC invocations=357 (full 450):
 par new generation   total 115200K, used 6089K [0x00000000f0000000, 0x00000000f7d00000, 0x00000000f7d00000)
  eden space 102400K,   5% used [0x00000000f0000000, 0x00000000f05f2638, 0x00000000f6400000)
  from space 12800K,   0% used [0x00000000f7080000, 0x00000000f7080000, 0x00000000f7d00000)
  to   space 12800K,   0% used [0x00000000f6400000, 0x00000000f6400000, 0x00000000f7080000)
 concurrent mark-sweep generation total 134144K, used 134143K [0x00000000f7d00000, 0x0000000100000000, 0x0000000100000000)
 Metaspace       used 52042K, capacity 54894K, committed 55936K, reserved 1097728K
  class space    used 6335K, capacity 6835K, committed 7040K, reserved 1048576K
}
2023-01-17T04:34:06.021+0800: 255.929: [GC (CMS Initial Mark) [1 CMS-initial-mark: 134143K(134144K)] 140856K(249344K), 0.0047422 secs] [Times: user=0.01 sys=0.00, real=0.00 secs] 
2023-01-17T04:34:06.026+0800: 255.934: [CMS-concurrent-mark-start]
2023-01-17T04:34:06.097+0800: 256.005: [CMS-concurrent-mark: 0.071/0.071 secs] [Times: user=0.20 sys=0.06, real=0.07 secs] 
2023-01-17T04:34:06.098+0800: 256.005: [CMS-concurrent-preclean-start]
2023-01-17T04:34:06.153+0800: 256.061: [CMS-concurrent-preclean: 0.055/0.055 secs] [Times: user=0.13 sys=0.07, real=0.06 secs] 
2023-01-17T04:34:06.153+0800: 256.061: [CMS-concurrent-abortable-preclean-start]
2023-01-17T04:34:06.153+0800: 256.061: [CMS-concurrent-abortable-preclean: 0.000/0.000 secs] [Times: user=0.00 sys=0.00, real=0.00 secs] 
2023-01-17T04:34:06.159+0800: 256.067: [GC (CMS Final Remark) [YG occupancy: 66824 K (115200 K)]2023-01-17T04:34:06.160+0800: 256.067: [Rescan (parallel) , 0.0185614 secs]2023-01-17T04:34:06.178+0800: 256.086: [weak refs processing, 0.0000557 secs]2023-01-17T04:34:06.178+0800: 256.086: [class unloading, 0.0130467 secs]2023-01-17T04:34:06.191+0800: 256.099: [scrub symbol table, 0.0048047 secs]2023-01-17T04:34:06.196+0800: 256.104: [scrub string table, 0.0008843 secs][1 CMS-remark: 134143K(134144K)] 200968K(249344K), 0.0375473 secs] [Times: user=0.09 sys=0.00, real=0.04 secs] 
2023-01-17T04:34:06.198+0800: 256.106: [CMS-concurrent-sweep-start]
2023-01-17T04:34:06.219+0800: 256.127: [CMS-concurrent-sweep: 0.021/0.021 secs] [Times: user=0.06 sys=0.01, real=0.02 secs] 
2023-01-17T04:34:06.220+0800: 256.128: [CMS-concurrent-reset-start]
2023-01-17T04:34:06.220+0800: 256.128: [CMS-concurrent-reset: 0.000/0.000 secs] [Times: user=0.00 sys=0.00, real=0.00 secs] 
{Heap before GC invocations=357 (full 451):
 par new generation   total 115200K, used 115199K [0x00000000f0000000, 0x00000000f7d00000, 0x00000000f7d00000)
  eden space 102400K, 100% used [0x00000000f0000000, 0x00000000f6400000, 0x00000000f6400000)
  from space 12800K,  99% used [0x00000000f7080000, 0x00000000f7cffff8, 0x00000000f7d00000)
  to   space 12800K,   0% used [0x00000000f6400000, 0x00000000f6400000, 0x00000000f7080000)
 concurrent mark-sweep generation total 134144K, used 134035K [0x00000000f7d00000, 0x0000000100000000, 0x0000000100000000)
 Metaspace       used 52042K, capacity 54894K, committed 55936K, reserved 1097728K
  class space    used 6335K, capacity 6835K, committed 7040K, reserved 1048576K
2023-01-17T04:34:06.557+0800: 256.465: [GC (Allocation Failure) 2023-01-17T04:34:06.557+0800: 256.465: [ParNew: 115199K->115199K(115200K), 0.0000278 secs]2023-01-17T04:34:06.557+0800: 256.465: [CMS: 134035K->134143K(134144K), 0.2061210 secs] 249235K->140154K(249344K), [Metaspace: 52042K->52042K(1097728K)], 0.2065360 secs] [Times: user=0.21 sys=0.00, real=0.21 secs] 
Heap after GC invocations=358 (full 452):
 par new generation   total 115200K, used 6010K [0x00000000f0000000, 0x00000000f7d00000, 0x00000000f7d00000)
  eden space 102400K,   5% used [0x00000000f0000000, 0x00000000f05deb78, 0x00000000f6400000)
  from space 12800K,   0% used [0x00000000f7080000, 0x00000000f7080000, 0x00000000f7d00000)
  to   space 12800K,   0% used [0x00000000f6400000, 0x00000000f6400000, 0x00000000f7080000)
 concurrent mark-sweep generation total 134144K, used 134143K [0x00000000f7d00000, 0x0000000100000000, 0x0000000100000000)
 Metaspace       used 52042K, capacity 54894K, committed 55936K, reserved 1097728K
  class space    used 6335K, capacity 6835K, committed 7040K, reserved 1048576K
}
2023-01-17T04:34:06.783+0800: 256.690: [GC (CMS Initial Mark) [1 CMS-initial-mark: 134143K(134144K)] 148630K(249344K), 0.0089093 secs] [Times: user=0.02 sys=0.00, real=0.01 secs] 
2023-01-17T04:34:06.792+0800: 256.700: [CMS-concurrent-mark-start]
2023-01-17T04:34:06.873+0800: 256.781: [CMS-concurrent-mark: 0.081/0.081 secs] [Times: user=0.19 sys=0.08, real=0.08 secs] 
2023-01-17T04:34:06.873+0800: 256.781: [CMS-concurrent-preclean-start]
2023-01-17T04:34:06.936+0800: 256.843: [CMS-concurrent-preclean: 0.063/0.063 secs] [Times: user=0.14 sys=0.10, real=0.06 secs] 
2023-01-17T04:34:06.936+0800: 256.844: [CMS-concurrent-abortable-preclean-start]
2023-01-17T04:34:06.936+0800: 256.844: [CMS-concurrent-abortable-preclean: 0.000/0.000 secs] [Times: user=0.00 sys=0.00, real=0.00 secs] 
2023-01-17T04:34:06.940+0800: 256.848: [GC (CMS Final Remark) [YG occupancy: 51938 K (115200 K)]2023-01-17T04:34:06.940+0800: 256.848: [Rescan (parallel) , 0.0152347 secs]2023-01-17T04:34:06.955+0800: 256.863: [weak refs processing, 0.0000457 secs]2023-01-17T04:34:06.955+0800: 256.863: [class unloading, 0.0133998 secs]2023-01-17T04:34:06.969+0800: 256.876: [scrub symbol table, 0.0074225 secs]2023-01-17T04:34:06.976+0800: 256.884: [scrub string table, 0.0013183 secs][1 CMS-remark: 134143K(134144K)] 186082K(249344K), 0.0376042 secs] [Times: user=0.09 sys=0.00, real=0.03 secs] 
2023-01-17T04:34:06.978+0800: 256.886: [CMS-concurrent-sweep-start]
2023-01-17T04:34:06.999+0800: 256.907: [CMS-concurrent-sweep: 0.021/0.021 secs] [Times: user=0.05 sys=0.01, real=0.03 secs] 
2023-01-17T04:34:07.000+0800: 256.907: [CMS-concurrent-reset-start]
2023-01-17T04:34:07.000+0800: 256.908: [CMS-concurrent-reset: 0.000/0.000 secs] [Times: user=0.00 sys=0.00, real=0.00 secs] 
{Heap before GC invocations=358 (full 453):
 par new generation   total 115200K, used 115194K [0x00000000f0000000, 0x00000000f7d00000, 0x00000000f7d00000)
  eden space 102400K, 100% used [0x00000000f0000000, 0x00000000f6400000, 0x00000000f6400000)
  from space 12800K,  99% used [0x00000000f7080000, 0x00000000f7cfeac8, 0x00000000f7d00000)
  to   space 12800K,   0% used [0x00000000f6400000, 0x00000000f6400000, 0x00000000f7080000)
 concurrent mark-sweep generation total 134144K, used 134015K [0x00000000f7d00000, 0x0000000100000000, 0x0000000100000000)
 Metaspace       used 52042K, capacity 54894K, committed 55936K, reserved 1097728K
  class space    used 6335K, capacity 6835K, committed 7040K, reserved 1048576K
2023-01-17T04:34:07.319+0800: 257.227: [GC (Allocation Failure) 2023-01-17T04:34:07.320+0800: 257.227: [ParNew: 115194K->115194K(115200K), 0.0000286 secs]2023-01-17T04:34:07.320+0800: 257.227: [CMS: 134015K->134143K(134144K), 0.1877641 secs] 249210K->140250K(249344K), [Metaspace: 52042K->52042K(1097728K)], 0.1881929 secs] [Times: user=0.19 sys=0.00, real=0.19 secs] 
Heap after GC invocations=359 (full 454):
 par new generation   total 115200K, used 6106K [0x00000000f0000000, 0x00000000f7d00000, 0x00000000f7d00000)
  eden space 102400K,   5% used [0x00000000f0000000, 0x00000000f05f6b08, 0x00000000f6400000)
  from space 12800K,   0% used [0x00000000f7080000, 0x00000000f7080000, 0x00000000f7d00000)
  to   space 12800K,   0% used [0x00000000f6400000, 0x00000000f6400000, 0x00000000f7080000)
 concurrent mark-sweep generation total 134144K, used 134143K [0x00000000f7d00000, 0x0000000100000000, 0x0000000100000000)
 Metaspace       used 52042K, capacity 54894K, committed 55936K, reserved 1097728K
  class space    used 6335K, capacity 6835K, committed 7040K, reserved 1048576K
}
2023-01-17T04:34:07.516+0800: 257.424: [GC (CMS Initial Mark) [1 CMS-initial-mark: 134143K(134144K)] 143689K(249344K), 0.0053840 secs] [Times: user=0.02 sys=0.00, real=0.01 secs] 
2023-01-17T04:34:07.522+0800: 257.430: [CMS-concurrent-mark-start]
2023-01-17T04:34:07.612+0800: 257.520: [CMS-concurrent-mark: 0.090/0.090 secs] [Times: user=0.29 sys=0.04, real=0.09 secs] 
2023-01-17T04:34:07.612+0800: 257.520: [CMS-concurrent-preclean-start]
2023-01-17T04:34:07.662+0800: 257.569: [CMS-concurrent-preclean: 0.049/0.049 secs] [Times: user=0.15 sys=0.02, real=0.05 secs] 
2023-01-17T04:34:07.662+0800: 257.570: [CMS-concurrent-abortable-preclean-start]
2023-01-17T04:34:07.662+0800: 257.570: [CMS-concurrent-abortable-preclean: 0.000/0.000 secs] [Times: user=0.00 sys=0.00, real=0.00 secs] 
2023-01-17T04:34:07.665+0800: 257.573: [GC (CMS Final Remark) [YG occupancy: 104075 K (115200 K)]2023-01-17T04:34:07.666+0800: 257.573: [Rescan (parallel) , 0.0281252 secs]2023-01-17T04:34:07.694+0800: 257.602: [weak refs processing, 0.0000439 secs]2023-01-17T04:34:07.694+0800: 257.602: [class unloading, 0.0133067 secs]2023-01-17T04:34:07.707+0800: 257.615: [scrub symbol table, 0.0049435 secs]2023-01-17T04:34:07.712+0800: 257.620: [scrub string table, 0.0008848 secs][1 CMS-remark: 134143K(134144K)] 238219K(249344K), 0.0475273 secs] [Times: user=0.12 sys=0.00, real=0.05 secs] 
2023-01-17T04:34:07.714+0800: 257.622: [CMS-concurrent-sweep-start]
2023-01-17T04:34:07.732+0800: 257.639: [CMS-concurrent-sweep: 0.018/0.018 secs] [Times: user=0.07 sys=0.00, real=0.02 secs] 
2023-01-17T04:34:07.732+0800: 257.640: [CMS-concurrent-reset-start]
2023-01-17T04:34:07.732+0800: 257.640: [CMS-concurrent-reset: 0.000/0.000 secs] [Times: user=0.00 sys=0.00, real=0.00 secs] 
{Heap before GC invocations=359 (full 455):
 par new generation   total 115200K, used 115199K [0x00000000f0000000, 0x00000000f7d00000, 0x00000000f7d00000)
  eden space 102400K, 100% used [0x00000000f0000000, 0x00000000f6400000, 0x00000000f6400000)
  from space 12800K,  99% used [0x00000000f7080000, 0x00000000f7cfffe8, 0x00000000f7d00000)
  to   space 12800K,   0% used [0x00000000f6400000, 0x00000000f6400000, 0x00000000f7080000)
 concurrent mark-sweep generation total 134144K, used 133745K [0x00000000f7d00000, 0x0000000100000000, 0x0000000100000000)
 Metaspace       used 52042K, capacity 54894K, committed 55936K, reserved 1097728K
  class space    used 6335K, capacity 6835K, committed 7040K, reserved 1048576K
2023-01-17T04:34:08.076+0800: 257.983: [GC (Allocation Failure) 2023-01-17T04:34:08.076+0800: 257.984: [ParNew: 115199K->115199K(115200K), 0.0000269 secs]2023-01-17T04:34:08.076+0800: 257.984: [CMS: 133745K->134143K(134144K), 0.1852737 secs] 248945K->140225K(249344K), [Metaspace: 52042K->52042K(1097728K)], 0.1856906 secs] [Times: user=0.19 sys=0.01, real=0.19 secs] 
Heap after GC invocations=360 (full 456):
 par new generation   total 115200K, used 6081K [0x00000000f0000000, 0x00000000f7d00000, 0x00000000f7d00000)
  eden space 102400K,   5% used [0x00000000f0000000, 0x00000000f05f05b8, 0x00000000f6400000)
  from space 12800K,   0% used [0x00000000f7080000, 0x00000000f7080000, 0x00000000f7d00000)
  to   space 12800K,   0% used [0x00000000f6400000, 0x00000000f6400000, 0x00000000f7080000)
 concurrent mark-sweep generation total 134144K, used 134143K [0x00000000f7d00000, 0x0000000100000000, 0x0000000100000000)
 Metaspace       used 52042K, capacity 54894K, committed 55936K, reserved 1097728K
  class space    used 6335K, capacity 6835K, committed 7040K, reserved 1048576K
}
2023-01-17T04:34:08.266+0800: 258.174: [GC (CMS Initial Mark) [1 CMS-initial-mark: 134143K(134144K)] 140556K(249344K), 0.0042958 secs] [Times: user=0.01 sys=0.00, real=0.01 secs] 
2023-01-17T04:34:08.270+0800: 258.178: [CMS-concurrent-mark-start]
2023-01-17T04:34:08.332+0800: 258.240: [CMS-concurrent-mark: 0.062/0.062 secs] [Times: user=0.15 sys=0.01, real=0.06 secs] 
2023-01-17T04:34:08.332+0800: 258.240: [CMS-concurrent-preclean-start]
2023-01-17T04:34:08.371+0800: 258.278: [CMS-concurrent-preclean: 0.038/0.038 secs] [Times: user=0.07 sys=0.01, real=0.04 secs] 
2023-01-17T04:34:08.371+0800: 258.279: [CMS-concurrent-abortable-preclean-start]
2023-01-17T04:34:08.371+0800: 258.279: [CMS-concurrent-abortable-preclean: 0.000/0.000 secs] [Times: user=0.00 sys=0.00, real=0.00 secs] 
2023-01-17T04:34:08.439+0800: 258.347: [GC (CMS Final Remark) [YG occupancy: 91965 K (115200 K)]2023-01-17T04:34:08.440+0800: 258.347: [Rescan (parallel) , 0.0279763 secs]2023-01-17T04:34:08.468+0800: 258.375: [weak refs processing, 0.0000506 secs]2023-01-17T04:34:08.468+0800: 258.375: [class unloading, 0.0139931 secs]2023-01-17T04:34:08.482+0800: 258.389: [scrub symbol table, 0.0050146 secs]2023-01-17T04:34:08.487+0800: 258.394: [scrub string table, 0.0009003 secs][1 CMS-remark: 134143K(134144K)] 226109K(249344K), 0.0482001 secs] [Times: user=0.13 sys=0.00, real=0.05 secs] 
2023-01-17T04:34:08.488+0800: 258.396: [CMS-concurrent-sweep-start]
2023-01-17T04:34:08.508+0800: 258.416: [CMS-concurrent-sweep: 0.020/0.020 secs] [Times: user=0.05 sys=0.00, real=0.02 secs] 
2023-01-17T04:34:08.509+0800: 258.416: [CMS-concurrent-reset-start]
2023-01-17T04:34:08.509+0800: 258.417: [CMS-concurrent-reset: 0.000/0.000 secs] [Times: user=0.00 sys=0.00, real=0.00 secs] 
{Heap before GC invocations=360 (full 457):
 par new generation   total 115200K, used 115200K [0x00000000f0000000, 0x00000000f7d00000, 0x00000000f7d00000)
  eden space 102400K, 100% used [0x00000000f0000000, 0x00000000f6400000, 0x00000000f6400000)
  from space 12800K, 100% used [0x00000000f7080000, 0x00000000f7d00000, 0x00000000f7d00000)
  to   space 12800K,   0% used [0x00000000f6400000, 0x00000000f6400000, 0x00000000f7080000)
 concurrent mark-sweep generation total 134144K, used 134065K [0x00000000f7d00000, 0x0000000100000000, 0x0000000100000000)
 Metaspace       used 52042K, capacity 54894K, committed 55936K, reserved 1097728K
  class space    used 6335K, capacity 6835K, committed 7040K, reserved 1048576K
2023-01-17T04:34:08.790+0800: 258.698: [GC (Allocation Failure) 2023-01-17T04:34:08.790+0800: 258.698: [ParNew: 115200K->115200K(115200K), 0.0000270 secs]2023-01-17T04:34:08.790+0800: 258.698: [CMS: 134065K->134143K(134144K), 0.2015944 secs] 249265K->140218K(249344K), [Metaspace: 52042K->52042K(1097728K)], 0.2020133 secs] [Times: user=0.20 sys=0.00, real=0.20 secs] 
Heap after GC invocations=361 (full 458):
 par new generation   total 115200K, used 6074K [0x00000000f0000000, 0x00000000f7d00000, 0x00000000f7d00000)
  eden space 102400K,   5% used [0x00000000f0000000, 0x00000000f05eeb20, 0x00000000f6400000)
  from space 12800K,   0% used [0x00000000f7080000, 0x00000000f7080000, 0x00000000f7d00000)
  to   space 12800K,   0% used [0x00000000f6400000, 0x00000000f6400000, 0x00000000f7080000)
 concurrent mark-sweep generation total 134144K, used 134143K [0x00000000f7d00000, 0x0000000100000000, 0x0000000100000000)
 Metaspace       used 52042K, capacity 54894K, committed 55936K, reserved 1097728K
  class space    used 6335K, capacity 6835K, committed 7040K, reserved 1048576K
}
2023-01-17T04:34:09.020+0800: 258.928: [GC (CMS Initial Mark) [1 CMS-initial-mark: 134143K(134144K)] 161353K(249344K), 0.0096422 secs] [Times: user=0.04 sys=0.00, real=0.01 secs] 
2023-01-17T04:34:09.030+0800: 258.938: [CMS-concurrent-mark-start]
2023-01-17T04:34:09.096+0800: 259.004: [CMS-concurrent-mark: 0.066/0.066 secs] [Times: user=0.15 sys=0.01, real=0.06 secs] 
2023-01-17T04:34:09.097+0800: 259.004: [CMS-concurrent-preclean-start]
2023-01-17T04:34:09.137+0800: 259.045: [CMS-concurrent-preclean: 0.040/0.040 secs] [Times: user=0.07 sys=0.01, real=0.04 secs] 
2023-01-17T04:34:09.137+0800: 259.045: [CMS-concurrent-abortable-preclean-start]
2023-01-17T04:34:09.137+0800: 259.045: [CMS-concurrent-abortable-preclean: 0.000/0.000 secs] [Times: user=0.00 sys=0.00, real=0.00 secs] 
2023-01-17T04:34:09.256+0800: 259.164: [GC (CMS Final Remark) [YG occupancy: 102693 K (115200 K)]2023-01-17T04:34:09.256+0800: 259.164: [Rescan (parallel) , 0.0455569 secs]2023-01-17T04:34:09.302+0800: 259.209: [weak refs processing, 0.0000482 secs]2023-01-17T04:34:09.302+0800: 259.209: [class unloading, 0.0133666 secs]2023-01-17T04:34:09.315+0800: 259.223: [scrub symbol table, 0.0049686 secs]2023-01-17T04:34:09.320+0800: 259.228: [scrub string table, 0.0009029 secs][1 CMS-remark: 134143K(134144K)] 236837K(249344K), 0.0651126 secs] [Times: user=0.13 sys=0.00, real=0.07 secs] 
2023-01-17T04:34:09.321+0800: 259.229: [CMS-concurrent-sweep-start]
2023-01-17T04:34:09.344+0800: 259.251: [CMS-concurrent-sweep: 0.022/0.022 secs] [Times: user=0.07 sys=0.01, real=0.02 secs] 
2023-01-17T04:34:09.344+0800: 259.252: [CMS-concurrent-reset-start]
2023-01-17T04:34:09.344+0800: 259.252: [CMS-concurrent-reset: 0.000/0.000 secs] [Times: user=0.00 sys=0.00, real=0.00 secs] 
{Heap before GC invocations=361 (full 459):
 par new generation   total 115200K, used 115199K [0x00000000f0000000, 0x00000000f7d00000, 0x00000000f7d00000)
  eden space 102400K, 100% used [0x00000000f0000000, 0x00000000f6400000, 0x00000000f6400000)
  from space 12800K,  99% used [0x00000000f7080000, 0x00000000f7cffff0, 0x00000000f7d00000)
  to   space 12800K,   0% used [0x00000000f6400000, 0x00000000f6400000, 0x00000000f7080000)
 concurrent mark-sweep generation total 134144K, used 134078K [0x00000000f7d00000, 0x0000000100000000, 0x0000000100000000)
 Metaspace       used 52042K, capacity 54894K, committed 55936K, reserved 1097728K
  class space    used 6335K, capacity 6835K, committed 7040K, reserved 1048576K
2023-01-17T04:34:09.519+0800: 259.427: [GC (Allocation Failure) 2023-01-17T04:34:09.519+0800: 259.427: [ParNew: 115199K->115199K(115200K), 0.0000284 secs]2023-01-17T04:34:09.519+0800: 259.427: [CMS: 134078K->134143K(134144K), 0.1989156 secs] 249278K->140242K(249344K), [Metaspace: 52042K->52042K(1097728K)], 0.1993443 secs] [Times: user=0.20 sys=0.00, real=0.20 secs] 
Heap after GC invocations=362 (full 460):
 par new generation   total 115200K, used 6098K [0x00000000f0000000, 0x00000000f7d00000, 0x00000000f7d00000)
  eden space 102400K,   5% used [0x00000000f0000000, 0x00000000f05f4850, 0x00000000f6400000)
  from space 12800K,   0% used [0x00000000f7080000, 0x00000000f7080000, 0x00000000f7d00000)
  to   space 12800K,   0% used [0x00000000f6400000, 0x00000000f6400000, 0x00000000f7080000)
 concurrent mark-sweep generation total 134144K, used 134143K [0x00000000f7d00000, 0x0000000100000000, 0x0000000100000000)
 Metaspace       used 52042K, capacity 54894K, committed 55936K, reserved 1097728K
  class space    used 6335K, capacity 6835K, committed 7040K, reserved 1048576K
}
2023-01-17T04:34:09.724+0800: 259.632: [GC (CMS Initial Mark) [1 CMS-initial-mark: 134143K(134144K)] 141407K(249344K), 0.0045530 secs] [Times: user=0.01 sys=0.00, real=0.00 secs] 
2023-01-17T04:34:09.729+0800: 259.637: [CMS-concurrent-mark-start]
2023-01-17T04:34:09.787+0800: 259.695: [CMS-concurrent-mark: 0.058/0.058 secs] [Times: user=0.17 sys=0.02, real=0.06 secs] 
2023-01-17T04:34:09.787+0800: 259.695: [CMS-concurrent-preclean-start]
2023-01-17T04:34:09.826+0800: 259.734: [CMS-concurrent-preclean: 0.039/0.039 secs] [Times: user=0.10 sys=0.02, real=0.04 secs] 
2023-01-17T04:34:09.826+0800: 259.734: [CMS-concurrent-abortable-preclean-start]
2023-01-17T04:34:09.826+0800: 259.734: [CMS-concurrent-abortable-preclean: 0.000/0.000 secs] [Times: user=0.00 sys=0.00, real=0.00 secs] 
2023-01-17T04:34:09.830+0800: 259.738: [GC (CMS Final Remark) [YG occupancy: 58814 K (115200 K)]2023-01-17T04:34:09.831+0800: 259.738: [Rescan (parallel) , 0.0178078 secs]2023-01-17T04:34:09.848+0800: 259.756: [weak refs processing, 0.0000412 secs]2023-01-17T04:34:09.848+0800: 259.756: [class unloading, 0.0137282 secs]2023-01-17T04:34:09.862+0800: 259.770: [scrub symbol table, 0.0049349 secs]2023-01-17T04:34:09.867+0800: 259.775: [scrub string table, 0.0008958 secs][1 CMS-remark: 134143K(134144K)] 192958K(249344K), 0.0376069 secs] [Times: user=0.09 sys=0.00, real=0.03 secs] 
2023-01-17T04:34:09.868+0800: 259.776: [CMS-concurrent-sweep-start]
2023-01-17T04:34:09.885+0800: 259.793: [CMS-concurrent-sweep: 0.016/0.016 secs] [Times: user=0.05 sys=0.01, real=0.02 secs] 
2023-01-17T04:34:09.885+0800: 259.793: [CMS-concurrent-reset-start]
2023-01-17T04:34:09.885+0800: 259.793: [CMS-concurrent-reset: 0.000/0.000 secs] [Times: user=0.00 sys=0.00, real=0.00 secs] 
{Heap before GC invocations=362 (full 461):
 par new generation   total 115200K, used 115195K [0x00000000f0000000, 0x00000000f7d00000, 0x00000000f7d00000)
  eden space 102400K, 100% used [0x00000000f0000000, 0x00000000f6400000, 0x00000000f6400000)
  from space 12800K,  99% used [0x00000000f7080000, 0x00000000f7cfec20, 0x00000000f7d00000)
  to   space 12800K,   0% used [0x00000000f6400000, 0x00000000f6400000, 0x00000000f7080000)
 concurrent mark-sweep generation total 134144K, used 133956K [0x00000000f7d00000, 0x0000000100000000, 0x0000000100000000)
 Metaspace       used 52042K, capacity 54894K, committed 55936K, reserved 1097728K
  class space    used 6335K, capacity 6835K, committed 7040K, reserved 1048576K
2023-01-17T04:34:10.255+0800: 260.163: [GC (Allocation Failure) 2023-01-17T04:34:10.256+0800: 260.163: [ParNew: 115195K->115195K(115200K), 0.0000325 secs]2023-01-17T04:34:10.256+0800: 260.164: [CMS: 133956K->134143K(134144K), 0.1996366 secs] 249151K->140265K(249344K), [Metaspace: 52042K->52042K(1097728K)], 0.2000741 secs] [Times: user=0.20 sys=0.00, real=0.20 secs] 
Heap after GC invocations=363 (full 462):
 par new generation   total 115200K, used 6121K [0x00000000f0000000, 0x00000000f7d00000, 0x00000000f7d00000)
  eden space 102400K,   5% used [0x00000000f0000000, 0x00000000f05fa460, 0x00000000f6400000)
  from space 12800K,   0% used [0x00000000f7080000, 0x00000000f7080000, 0x00000000f7d00000)
  to   space 12800K,   0% used [0x00000000f6400000, 0x00000000f6400000, 0x00000000f7080000)
 concurrent mark-sweep generation total 134144K, used 134143K [0x00000000f7d00000, 0x0000000100000000, 0x0000000100000000)
 Metaspace       used 52042K, capacity 54894K, committed 55936K, reserved 1097728K
  class space    used 6335K, capacity 6835K, committed 7040K, reserved 1048576K
}
2023-01-17T04:34:10.462+0800: 260.370: [GC (CMS Initial Mark) [1 CMS-initial-mark: 134143K(134144K)] 141840K(249344K), 0.0086062 secs] [Times: user=0.02 sys=0.00, real=0.01 secs] 
2023-01-17T04:34:10.471+0800: 260.379: [CMS-concurrent-mark-start]
2023-01-17T04:34:10.535+0800: 260.442: [CMS-concurrent-mark: 0.063/0.063 secs] [Times: user=0.14 sys=0.01, real=0.06 secs] 
2023-01-17T04:34:10.535+0800: 260.443: [CMS-concurrent-preclean-start]
2023-01-17T04:34:10.585+0800: 260.493: [CMS-concurrent-preclean: 0.050/0.050 secs] [Times: user=0.13 sys=0.01, real=0.05 secs] 
2023-01-17T04:34:10.585+0800: 260.493: [CMS-concurrent-abortable-preclean-start]
2023-01-17T04:34:10.585+0800: 260.493: [CMS-concurrent-abortable-preclean: 0.000/0.000 secs] [Times: user=0.00 sys=0.00, real=0.00 secs] 
2023-01-17T04:34:10.590+0800: 260.498: [GC (CMS Final Remark) [YG occupancy: 60733 K (115200 K)]2023-01-17T04:34:10.590+0800: 260.498: [Rescan (parallel) , 0.0193235 secs]2023-01-17T04:34:10.609+0800: 260.517: [weak refs processing, 0.0000450 secs]2023-01-17T04:34:10.609+0800: 260.517: [class unloading, 0.0143154 secs]2023-01-17T04:34:10.624+0800: 260.532: [scrub symbol table, 0.0050053 secs]2023-01-17T04:34:10.629+0800: 260.537: [scrub string table, 0.0009012 secs][1 CMS-remark: 134143K(134144K)] 194876K(249344K), 0.0398190 secs] [Times: user=0.10 sys=0.00, real=0.04 secs] 
2023-01-17T04:34:10.631+0800: 260.538: [CMS-concurrent-sweep-start]
2023-01-17T04:34:10.651+0800: 260.559: [CMS-concurrent-sweep: 0.020/0.020 secs] [Times: user=0.05 sys=0.02, real=0.02 secs] 
2023-01-17T04:34:10.651+0800: 260.559: [CMS-concurrent-reset-start]
2023-01-17T04:34:10.651+0800: 260.559: [CMS-concurrent-reset: 0.000/0.000 secs] [Times: user=0.00 sys=0.00, real=0.00 secs] 
{Heap before GC invocations=363 (full 463):
 par new generation   total 115200K, used 115199K [0x00000000f0000000, 0x00000000f7d00000, 0x00000000f7d00000)
  eden space 102400K, 100% used [0x00000000f0000000, 0x00000000f6400000, 0x00000000f6400000)
  from space 12800K,  99% used [0x00000000f7080000, 0x00000000f7cffff8, 0x00000000f7d00000)
  to   space 12800K,   0% used [0x00000000f6400000, 0x00000000f6400000, 0x00000000f7080000)
 concurrent mark-sweep generation total 134144K, used 134027K [0x00000000f7d00000, 0x0000000100000000, 0x0000000100000000)
 Metaspace       used 52042K, capacity 54894K, committed 55936K, reserved 1097728K
  class space    used 6335K, capacity 6835K, committed 7040K, reserved 1048576K
2023-01-17T04:34:10.995+0800: 260.903: [GC (Allocation Failure) 2023-01-17T04:34:10.995+0800: 260.903: [ParNew: 115199K->115199K(115200K), 0.0000307 secs]2023-01-17T04:34:10.995+0800: 260.903: [CMS: 134027K->134143K(134144K), 0.2004555 secs] 249227K->140247K(249344K), [Metaspace: 52042K->52042K(1097728K)], 0.2008789 secs] [Times: user=0.21 sys=0.00, real=0.20 secs] 
Heap after GC invocations=364 (full 464):
 par new generation   total 115200K, used 6103K [0x00000000f0000000, 0x00000000f7d00000, 0x00000000f7d00000)
  eden space 102400K,   5% used [0x00000000f0000000, 0x00000000f05f5f00, 0x00000000f6400000)
  from space 12800K,   0% used [0x00000000f7080000, 0x00000000f7080000, 0x00000000f7d00000)
  to   space 12800K,   0% used [0x00000000f6400000, 0x00000000f6400000, 0x00000000f7080000)
 concurrent mark-sweep generation total 134144K, used 134143K [0x00000000f7d00000, 0x0000000100000000, 0x0000000100000000)
 Metaspace       used 52042K, capacity 54894K, committed 55936K, reserved 1097728K
  class space    used 6335K, capacity 6835K, committed 7040K, reserved 1048576K
}
2023-01-17T04:34:11.202+0800: 261.110: [GC (CMS Initial Mark) [1 CMS-initial-mark: 134143K(134144K)] 141564K(249344K), 0.0046676 secs] [Times: user=0.01 sys=0.00, real=0.00 secs] 
2023-01-17T04:34:11.207+0800: 261.115: [CMS-concurrent-mark-start]
2023-01-17T04:34:11.278+0800: 261.186: [CMS-concurrent-mark: 0.071/0.071 secs] [Times: user=0.18 sys=0.02, real=0.07 secs] 
2023-01-17T04:34:11.278+0800: 261.186: [CMS-concurrent-preclean-start]
2023-01-17T04:34:11.318+0800: 261.226: [CMS-concurrent-preclean: 0.040/0.040 secs] [Times: user=0.08 sys=0.01, real=0.04 secs] 
2023-01-17T04:34:11.319+0800: 261.226: [CMS-concurrent-abortable-preclean-start]
2023-01-17T04:34:11.319+0800: 261.226: [CMS-concurrent-abortable-preclean: 0.000/0.000 secs] [Times: user=0.00 sys=0.00, real=0.00 secs] 
2023-01-17T04:34:11.323+0800: 261.231: [GC (CMS Final Remark) [YG occupancy: 50970 K (115200 K)]2023-01-17T04:34:11.323+0800: 261.231: [Rescan (parallel) , 0.0153862 secs]2023-01-17T04:34:11.338+0800: 261.246: [weak refs processing, 0.0000477 secs]2023-01-17T04:34:11.339+0800: 261.246: [class unloading, 0.0137318 secs]2023-01-17T04:34:11.352+0800: 261.260: [scrub symbol table, 0.0051036 secs]2023-01-17T04:34:11.357+0800: 261.265: [scrub string table, 0.0008911 secs][1 CMS-remark: 134143K(134144K)] 185114K(249344K), 0.0353545 secs] [Times: user=0.08 sys=0.00, real=0.03 secs] 
2023-01-17T04:34:11.359+0800: 261.267: [CMS-concurrent-sweep-start]
2023-01-17T04:34:11.377+0800: 261.285: [CMS-concurrent-sweep: 0.018/0.018 secs] [Times: user=0.04 sys=0.01, real=0.02 secs] 
2023-01-17T04:34:11.378+0800: 261.285: [CMS-concurrent-reset-start]
2023-01-17T04:34:11.378+0800: 261.286: [CMS-concurrent-reset: 0.000/0.000 secs] [Times: user=0.00 sys=0.00, real=0.00 secs] 
{Heap before GC invocations=364 (full 465):
 par new generation   total 115200K, used 115199K [0x00000000f0000000, 0x00000000f7d00000, 0x00000000f7d00000)
  eden space 102400K, 100% used [0x00000000f0000000, 0x00000000f6400000, 0x00000000f6400000)
  from space 12800K,  99% used [0x00000000f7080000, 0x00000000f7cffff8, 0x00000000f7d00000)
  to   space 12800K,   0% used [0x00000000f6400000, 0x00000000f6400000, 0x00000000f7080000)
 concurrent mark-sweep generation total 134144K, used 133976K [0x00000000f7d00000, 0x0000000100000000, 0x0000000100000000)
 Metaspace       used 52043K, capacity 54894K, committed 55936K, reserved 1097728K
  class space    used 6335K, capacity 6835K, committed 7040K, reserved 1048576K
2023-01-17T04:34:11.895+0800: 261.803: [GC (Allocation Failure) 2023-01-17T04:34:11.895+0800: 261.803: [ParNew: 115199K->115199K(115200K), 0.0000274 secs]2023-01-17T04:34:11.895+0800: 261.803: [CMS: 133976K->134143K(134144K), 0.2078305 secs] 249176K->140121K(249344K), [Metaspace: 52043K->52043K(1097728K)], 0.2082523 secs] [Times: user=0.21 sys=0.00, real=0.21 secs] 
Heap after GC invocations=365 (full 466):
 par new generation   total 115200K, used 5977K [0x00000000f0000000, 0x00000000f7d00000, 0x00000000f7d00000)
  eden space 102400K,   5% used [0x00000000f0000000, 0x00000000f05d6728, 0x00000000f6400000)
  from space 12800K,   0% used [0x00000000f7080000, 0x00000000f7080000, 0x00000000f7d00000)
  to   space 12800K,   0% used [0x00000000f6400000, 0x00000000f6400000, 0x00000000f7080000)
 concurrent mark-sweep generation total 134144K, used 134143K [0x00000000f7d00000, 0x0000000100000000, 0x0000000100000000)
 Metaspace       used 52043K, capacity 54894K, committed 55936K, reserved 1097728K
  class space    used 6335K, capacity 6835K, committed 7040K, reserved 1048576K
}
2023-01-17T04:34:12.112+0800: 262.020: [GC (CMS Initial Mark) [1 CMS-initial-mark: 134143K(134144K)] 143428K(249344K), 0.0059544 secs] [Times: user=0.02 sys=0.00, real=0.00 secs] 
2023-01-17T04:34:12.118+0800: 262.026: [CMS-concurrent-mark-start]
2023-01-17T04:34:12.180+0800: 262.088: [CMS-concurrent-mark: 0.062/0.062 secs] [Times: user=0.17 sys=0.01, real=0.07 secs] 
2023-01-17T04:34:12.180+0800: 262.088: [CMS-concurrent-preclean-start]
2023-01-17T04:34:12.224+0800: 262.132: [CMS-concurrent-preclean: 0.044/0.044 secs] [Times: user=0.12 sys=0.01, real=0.04 secs] 
2023-01-17T04:34:12.224+0800: 262.132: [CMS-concurrent-abortable-preclean-start]
2023-01-17T04:34:12.224+0800: 262.132: [CMS-concurrent-abortable-preclean: 0.000/0.000 secs] [Times: user=0.00 sys=0.00, real=0.00 secs] 
2023-01-17T04:34:12.229+0800: 262.137: [GC (CMS Final Remark) [YG occupancy: 63158 K (115200 K)]2023-01-17T04:34:12.229+0800: 262.137: [Rescan (parallel) , 0.0257110 secs]2023-01-17T04:34:12.255+0800: 262.162: [weak refs processing, 0.0000489 secs]2023-01-17T04:34:12.255+0800: 262.162: [class unloading, 0.0142839 secs]2023-01-17T04:34:12.269+0800: 262.177: [scrub symbol table, 0.0049372 secs]2023-01-17T04:34:12.274+0800: 262.182: [scrub string table, 0.0008898 secs][1 CMS-remark: 134143K(134144K)] 197302K(249344K), 0.0461066 secs] [Times: user=0.10 sys=0.00, real=0.05 secs] 
2023-01-17T04:34:12.276+0800: 262.184: [CMS-concurrent-sweep-start]
2023-01-17T04:34:12.295+0800: 262.203: [CMS-concurrent-sweep: 0.019/0.019 secs] [Times: user=0.04 sys=0.01, real=0.02 secs] 
2023-01-17T04:34:12.295+0800: 262.203: [CMS-concurrent-reset-start]
2023-01-17T04:34:12.295+0800: 262.203: [CMS-concurrent-reset: 0.000/0.000 secs] [Times: user=0.00 sys=0.00, real=0.00 secs] 
{Heap before GC invocations=365 (full 467):
 par new generation   total 115200K, used 115193K [0x00000000f0000000, 0x00000000f7d00000, 0x00000000f7d00000)
  eden space 102400K, 100% used [0x00000000f0000000, 0x00000000f6400000, 0x00000000f6400000)
  from space 12800K,  99% used [0x00000000f7080000, 0x00000000f7cfe4d8, 0x00000000f7d00000)
  to   space 12800K,   0% used [0x00000000f6400000, 0x00000000f6400000, 0x00000000f7080000)
 concurrent mark-sweep generation total 134144K, used 133921K [0x00000000f7d00000, 0x0000000100000000, 0x0000000100000000)
 Metaspace       used 52043K, capacity 54894K, committed 55936K, reserved 1097728K
  class space    used 6335K, capacity 6835K, committed 7040K, reserved 1048576K
2023-01-17T04:34:12.783+0800: 262.691: [GC (Allocation Failure) 2023-01-17T04:34:12.783+0800: 262.691: [ParNew: 115193K->115193K(115200K), 0.0000289 secs]2023-01-17T04:34:12.783+0800: 262.691: [CMS: 133921K->134143K(134144K), 0.2033566 secs] 249114K->140230K(249344K), [Metaspace: 52043K->52043K(1097728K)], 0.2038903 secs] [Times: user=0.21 sys=0.00, real=0.20 secs] 
Heap after GC invocations=366 (full 468):
 par new generation   total 115200K, used 6086K [0x00000000f0000000, 0x00000000f7d00000, 0x00000000f7d00000)
  eden space 102400K,   5% used [0x00000000f0000000, 0x00000000f05f1a80, 0x00000000f6400000)
  from space 12800K,   0% used [0x00000000f7080000, 0x00000000f7080000, 0x00000000f7d00000)
  to   space 12800K,   0% used [0x00000000f6400000, 0x00000000f6400000, 0x00000000f7080000)
 concurrent mark-sweep generation total 134144K, used 134143K [0x00000000f7d00000, 0x0000000100000000, 0x0000000100000000)
 Metaspace       used 52043K, capacity 54894K, committed 55936K, reserved 1097728K
  class space    used 6335K, capacity 6835K, committed 7040K, reserved 1048576K
}
2023-01-17T04:34:12.992+0800: 262.900: [GC (CMS Initial Mark) [1 CMS-initial-mark: 134143K(134144K)] 140789K(249344K), 0.0058863 secs] [Times: user=0.02 sys=0.00, real=0.00 secs] 
2023-01-17T04:34:12.998+0800: 262.906: [CMS-concurrent-mark-start]
2023-01-17T04:34:13.053+0800: 262.961: [CMS-concurrent-mark: 0.055/0.055 secs] [Times: user=0.08 sys=0.00, real=0.06 secs] 
2023-01-17T04:34:13.054+0800: 262.961: [CMS-concurrent-preclean-start]
2023-01-17T04:34:13.089+0800: 262.997: [CMS-concurrent-preclean: 0.035/0.035 secs] [Times: user=0.06 sys=0.00, real=0.03 secs] 
2023-01-17T04:34:13.089+0800: 262.997: [CMS-concurrent-abortable-preclean-start]
2023-01-17T04:34:13.089+0800: 262.997: [CMS-concurrent-abortable-preclean: 0.000/0.000 secs] [Times: user=0.00 sys=0.00, real=0.00 secs] 
2023-01-17T04:34:13.093+0800: 263.001: [GC (CMS Final Remark) [YG occupancy: 21729 K (115200 K)]2023-01-17T04:34:13.093+0800: 263.001: [Rescan (parallel) , 0.0106986 secs]2023-01-17T04:34:13.104+0800: 263.012: [weak refs processing, 0.0000418 secs]2023-01-17T04:34:13.104+0800: 263.012: [class unloading, 0.0133242 secs]2023-01-17T04:34:13.117+0800: 263.025: [scrub symbol table, 0.0050235 secs]2023-01-17T04:34:13.123+0800: 263.030: [scrub string table, 0.0008636 secs][1 CMS-remark: 134143K(134144K)] 155873K(249344K), 0.0301090 secs] [Times: user=0.05 sys=0.00, real=0.03 secs] 
2023-01-17T04:34:13.124+0800: 263.032: [CMS-concurrent-sweep-start]
2023-01-17T04:34:13.144+0800: 263.052: [CMS-concurrent-sweep: 0.020/0.020 secs] [Times: user=0.04 sys=0.01, real=0.02 secs] 
2023-01-17T04:34:13.144+0800: 263.052: [CMS-concurrent-reset-start]
2023-01-17T04:34:13.144+0800: 263.052: [CMS-concurrent-reset: 0.000/0.000 secs] [Times: user=0.00 sys=0.00, real=0.00 secs] 
{Heap before GC invocations=366 (full 469):
 par new generation   total 115200K, used 115197K [0x00000000f0000000, 0x00000000f7d00000, 0x00000000f7d00000)
  eden space 102400K, 100% used [0x00000000f0000000, 0x00000000f6400000, 0x00000000f6400000)
  from space 12800K,  99% used [0x00000000f7080000, 0x00000000f7cff740, 0x00000000f7d00000)
  to   space 12800K,   0% used [0x00000000f6400000, 0x00000000f6400000, 0x00000000f7080000)
 concurrent mark-sweep generation total 134144K, used 134098K [0x00000000f7d00000, 0x0000000100000000, 0x0000000100000000)
 Metaspace       used 52043K, capacity 54894K, committed 55936K, reserved 1097728K
  class space    used 6335K, capacity 6835K, committed 7040K, reserved 1048576K
2023-01-17T04:34:13.525+0800: 263.433: [GC (Allocation Failure) 2023-01-17T04:34:13.525+0800: 263.433: [ParNew: 115197K->115197K(115200K), 0.0000280 secs]2023-01-17T04:34:13.525+0800: 263.433: [CMS: 134098K->134143K(134144K), 0.2044680 secs] 249296K->140255K(249344K), [Metaspace: 52043K->52043K(1097728K)], 0.2048964 secs] [Times: user=0.21 sys=0.00, real=0.21 secs] 
Heap after GC invocations=367 (full 470):
 par new generation   total 115200K, used 6111K [0x00000000f0000000, 0x00000000f7d00000, 0x00000000f7d00000)
  eden space 102400K,   5% used [0x00000000f0000000, 0x00000000f05f7f68, 0x00000000f6400000)
  from space 12800K,   0% used [0x00000000f7080000, 0x00000000f7080000, 0x00000000f7d00000)
  to   space 12800K,   0% used [0x00000000f6400000, 0x00000000f6400000, 0x00000000f7080000)
 concurrent mark-sweep generation total 134144K, used 134143K [0x00000000f7d00000, 0x0000000100000000, 0x0000000100000000)
 Metaspace       used 52043K, capacity 54894K, committed 55936K, reserved 1097728K
  class space    used 6335K, capacity 6835K, committed 7040K, reserved 1048576K
}
2023-01-17T04:34:13.734+0800: 263.642: [GC (CMS Initial Mark) [1 CMS-initial-mark: 134143K(134144K)] 140486K(249344K), 0.0059997 secs] [Times: user=0.01 sys=0.00, real=0.01 secs] 
2023-01-17T04:34:13.741+0800: 263.649: [CMS-concurrent-mark-start]
2023-01-17T04:34:13.886+0800: 263.793: [CMS-concurrent-mark: 0.145/0.145 secs] [Times: user=0.40 sys=0.07, real=0.14 secs] 
2023-01-17T04:34:13.886+0800: 263.794: [CMS-concurrent-preclean-start]
2023-01-17T04:34:13.931+0800: 263.839: [CMS-concurrent-preclean: 0.045/0.045 secs] [Times: user=0.14 sys=0.01, real=0.05 secs] 
2023-01-17T04:34:13.931+0800: 263.839: [CMS-concurrent-abortable-preclean-start]
2023-01-17T04:34:13.931+0800: 263.839: [CMS-concurrent-abortable-preclean: 0.000/0.000 secs] [Times: user=0.00 sys=0.00, real=0.00 secs] 
2023-01-17T04:34:13.939+0800: 263.847: [GC (CMS Final Remark) [YG occupancy: 110158 K (115200 K)]2023-01-17T04:34:13.940+0800: 263.847: [Rescan (parallel) , 0.0573406 secs]2023-01-17T04:34:13.997+0800: 263.905: [weak refs processing, 0.0000625 secs]2023-01-17T04:34:13.997+0800: 263.905: [class unloading, 0.0189948 secs]2023-01-17T04:34:14.016+0800: 263.924: [scrub symbol table, 0.0073285 secs]2023-01-17T04:34:14.023+0800: 263.931: [scrub string table, 0.0013000 secs][1 CMS-remark: 134143K(134144K)] 244302K(249344K), 0.0852999 secs] [Times: user=0.14 sys=0.00, real=0.09 secs] 
2023-01-17T04:34:14.025+0800: 263.933: [CMS-concurrent-sweep-start]
2023-01-17T04:34:14.056+0800: 263.964: [CMS-concurrent-sweep: 0.031/0.031 secs] [Times: user=0.05 sys=0.00, real=0.03 secs] 
2023-01-17T04:34:14.057+0800: 263.964: [CMS-concurrent-reset-start]
2023-01-17T04:34:14.057+0800: 263.965: [CMS-concurrent-reset: 0.000/0.000 secs] [Times: user=0.00 sys=0.00, real=0.00 secs] 
{Heap before GC invocations=367 (full 471):
 par new generation   total 115200K, used 115199K [0x00000000f0000000, 0x00000000f7d00000, 0x00000000f7d00000)
  eden space 102400K, 100% used [0x00000000f0000000, 0x00000000f6400000, 0x00000000f6400000)
  from space 12800K,  99% used [0x00000000f7080000, 0x00000000f7cffff0, 0x00000000f7d00000)
  to   space 12800K,   0% used [0x00000000f6400000, 0x00000000f6400000, 0x00000000f7080000)
 concurrent mark-sweep generation total 134144K, used 133815K [0x00000000f7d00000, 0x0000000100000000, 0x0000000100000000)
 Metaspace       used 52043K, capacity 54894K, committed 55936K, reserved 1097728K
  class space    used 6335K, capacity 6835K, committed 7040K, reserved 1048576K
2023-01-17T04:34:14.264+0800: 264.172: [GC (Allocation Failure) 2023-01-17T04:34:14.264+0800: 264.172: [ParNew: 115199K->115199K(115200K), 0.0000259 secs]2023-01-17T04:34:14.264+0800: 264.172: [CMS: 133815K->134143K(134144K), 0.2016360 secs] 249015K->140239K(249344K), [Metaspace: 52043K->52043K(1097728K)], 0.2020705 secs] [Times: user=0.20 sys=0.00, real=0.20 secs] 
Heap after GC invocations=368 (full 472):
 par new generation   total 115200K, used 6095K [0x00000000f0000000, 0x00000000f7d00000, 0x00000000f7d00000)
  eden space 102400K,   5% used [0x00000000f0000000, 0x00000000f05f3e08, 0x00000000f6400000)
  from space 12800K,   0% used [0x00000000f7080000, 0x00000000f7080000, 0x00000000f7d00000)
  to   space 12800K,   0% used [0x00000000f6400000, 0x00000000f6400000, 0x00000000f7080000)
 concurrent mark-sweep generation total 134144K, used 134143K [0x00000000f7d00000, 0x0000000100000000, 0x0000000100000000)
 Metaspace       used 52043K, capacity 54894K, committed 55936K, reserved 1097728K
  class space    used 6335K, capacity 6835K, committed 7040K, reserved 1048576K
}
2023-01-17T04:34:14.470+0800: 264.378: [GC (CMS Initial Mark) [1 CMS-initial-mark: 134143K(134144K)] 140247K(249344K), 0.0043367 secs] [Times: user=0.01 sys=0.00, real=0.00 secs] 
2023-01-17T04:34:14.474+0800: 264.382: [CMS-concurrent-mark-start]
2023-01-17T04:34:14.539+0800: 264.447: [CMS-concurrent-mark: 0.065/0.065 secs] [Times: user=0.16 sys=0.02, real=0.06 secs] 
2023-01-17T04:34:14.539+0800: 264.447: [CMS-concurrent-preclean-start]
2023-01-17T04:34:14.581+0800: 264.489: [CMS-concurrent-preclean: 0.042/0.042 secs] [Times: user=0.12 sys=0.01, real=0.05 secs] 
2023-01-17T04:34:14.581+0800: 264.489: [CMS-concurrent-abortable-preclean-start]
2023-01-17T04:34:14.581+0800: 264.489: [CMS-concurrent-abortable-preclean: 0.000/0.000 secs] [Times: user=0.00 sys=0.00, real=0.00 secs] 
2023-01-17T04:34:14.731+0800: 264.639: [GC (CMS Final Remark) [YG occupancy: 102400 K (115200 K)]2023-01-17T04:34:14.731+0800: 264.639: [Rescan (parallel) , 0.0394284 secs]2023-01-17T04:34:14.771+0800: 264.678: [weak refs processing, 0.0000559 secs]2023-01-17T04:34:14.771+0800: 264.678: [class unloading, 0.0132257 secs]2023-01-17T04:34:14.784+0800: 264.692: [scrub symbol table, 0.0049159 secs]2023-01-17T04:34:14.789+0800: 264.697: [scrub string table, 0.0009060 secs][1 CMS-remark: 134143K(134144K)] 236543K(249344K), 0.0587752 secs] [Times: user=0.15 sys=0.00, real=0.06 secs] 
2023-01-17T04:34:14.791+0800: 264.698: [CMS-concurrent-sweep-start]
2023-01-17T04:34:14.809+0800: 264.717: [CMS-concurrent-sweep: 0.018/0.018 secs] [Times: user=0.05 sys=0.01, real=0.01 secs] 
2023-01-17T04:34:14.809+0800: 264.717: [CMS-concurrent-reset-start]
2023-01-17T04:34:14.810+0800: 264.717: [CMS-concurrent-reset: 0.000/0.000 secs] [Times: user=0.01 sys=0.00, real=0.01 secs] 
{Heap before GC invocations=368 (full 473):
 par new generation   total 115200K, used 115200K [0x00000000f0000000, 0x00000000f7d00000, 0x00000000f7d00000)
  eden space 102400K, 100% used [0x00000000f0000000, 0x00000000f6400000, 0x00000000f6400000)
  from space 12800K, 100% used [0x00000000f7080000, 0x00000000f7d00000, 0x00000000f7d00000)
  to   space 12800K,   0% used [0x00000000f6400000, 0x00000000f6400000, 0x00000000f7080000)
 concurrent mark-sweep generation total 134144K, used 134069K [0x00000000f7d00000, 0x0000000100000000, 0x0000000100000000)
 Metaspace       used 52044K, capacity 54894K, committed 55936K, reserved 1097728K
  class space    used 6335K, capacity 6835K, committed 7040K, reserved 1048576K
2023-01-17T04:34:14.986+0800: 264.893: [GC (Allocation Failure) 2023-01-17T04:34:14.986+0800: 264.894: [ParNew: 115200K->115200K(115200K), 0.0000263 secs]2023-01-17T04:34:14.986+0800: 264.894: [CMS: 134069K->134143K(134144K), 0.2068792 secs] 249269K->140234K(249344K), [Metaspace: 52044K->52044K(1097728K)], 0.2073286 secs] [Times: user=0.21 sys=0.00, real=0.21 secs] 
Heap after GC invocations=369 (full 474):
 par new generation   total 115200K, used 6090K [0x00000000f0000000, 0x00000000f7d00000, 0x00000000f7d00000)
  eden space 102400K,   5% used [0x00000000f0000000, 0x00000000f05f28f8, 0x00000000f6400000)
  from space 12800K,   0% used [0x00000000f7080000, 0x00000000f7080000, 0x00000000f7d00000)
  to   space 12800K,   0% used [0x00000000f6400000, 0x00000000f6400000, 0x00000000f7080000)
 concurrent mark-sweep generation total 134144K, used 134143K [0x00000000f7d00000, 0x0000000100000000, 0x0000000100000000)
 Metaspace       used 52044K, capacity 54894K, committed 55936K, reserved 1097728K
  class space    used 6335K, capacity 6835K, committed 7040K, reserved 1048576K
}
2023-01-17T04:34:15.203+0800: 265.111: [GC (CMS Initial Mark) [1 CMS-initial-mark: 134143K(134144K)] 141936K(249344K), 0.0057613 secs] [Times: user=0.02 sys=0.00, real=0.00 secs] 
2023-01-17T04:34:15.209+0800: 265.117: [CMS-concurrent-mark-start]
2023-01-17T04:34:15.284+0800: 265.192: [CMS-concurrent-mark: 0.075/0.075 secs] [Times: user=0.14 sys=0.01, real=0.08 secs] 
2023-01-17T04:34:15.284+0800: 265.192: [CMS-concurrent-preclean-start]
2023-01-17T04:34:15.339+0800: 265.247: [CMS-concurrent-preclean: 0.055/0.055 secs] [Times: user=0.09 sys=0.02, real=0.05 secs] 
2023-01-17T04:34:15.339+0800: 265.247: [CMS-concurrent-abortable-preclean-start]
2023-01-17T04:34:15.339+0800: 265.247: [CMS-concurrent-abortable-preclean: 0.000/0.000 secs] [Times: user=0.00 sys=0.00, real=0.00 secs] 
2023-01-17T04:34:15.345+0800: 265.253: [GC (CMS Final Remark) [YG occupancy: 41094 K (115200 K)]2023-01-17T04:34:15.345+0800: 265.253: [Rescan (parallel) , 0.0180090 secs]2023-01-17T04:34:15.363+0800: 265.271: [weak refs processing, 0.0000598 secs]2023-01-17T04:34:15.363+0800: 265.271: [class unloading, 0.0173889 secs]2023-01-17T04:34:15.381+0800: 265.288: [scrub symbol table, 0.0048944 secs]2023-01-17T04:34:15.385+0800: 265.293: [scrub string table, 0.0008838 secs][1 CMS-remark: 134143K(134144K)] 175238K(249344K), 0.0414436 secs] [Times: user=0.08 sys=0.00, real=0.04 secs] 
2023-01-17T04:34:15.387+0800: 265.295: [CMS-concurrent-sweep-start]
2023-01-17T04:34:15.404+0800: 265.311: [CMS-concurrent-sweep: 0.016/0.016 secs] [Times: user=0.03 sys=0.00, real=0.02 secs] 
2023-01-17T04:34:15.404+0800: 265.312: [CMS-concurrent-reset-start]
2023-01-17T04:34:15.404+0800: 265.312: [CMS-concurrent-reset: 0.000/0.000 secs] [Times: user=0.00 sys=0.00, real=0.00 secs] 
{Heap before GC invocations=369 (full 475):
 par new generation   total 115200K, used 115200K [0x00000000f0000000, 0x00000000f7d00000, 0x00000000f7d00000)
  eden space 102400K, 100% used [0x00000000f0000000, 0x00000000f6400000, 0x00000000f6400000)
  from space 12800K, 100% used [0x00000000f7080000, 0x00000000f7d00000, 0x00000000f7d00000)
  to   space 12800K,   0% used [0x00000000f6400000, 0x00000000f6400000, 0x00000000f7080000)
 concurrent mark-sweep generation total 134144K, used 134102K [0x00000000f7d00000, 0x0000000100000000, 0x0000000100000000)
 Metaspace       used 52044K, capacity 54894K, committed 55936K, reserved 1097728K
  class space    used 6335K, capacity 6835K, committed 7040K, reserved 1048576K
2023-01-17T04:34:15.760+0800: 265.667: [GC (Allocation Failure) 2023-01-17T04:34:15.760+0800: 265.668: [ParNew: 115200K->115200K(115200K), 0.0000266 secs]2023-01-17T04:34:15.760+0800: 265.668: [CMS: 134102K->134143K(134144K), 0.1977603 secs] 249302K->140217K(249344K), [Metaspace: 52044K->52044K(1097728K)], 0.1981720 secs] [Times: user=0.20 sys=0.00, real=0.19 secs] 
Heap after GC invocations=370 (full 476):
 par new generation   total 115200K, used 6073K [0x00000000f0000000, 0x00000000f7d00000, 0x00000000f7d00000)
  eden space 102400K,   5% used [0x00000000f0000000, 0x00000000f05ee610, 0x00000000f6400000)
  from space 12800K,   0% used [0x00000000f7080000, 0x00000000f7080000, 0x00000000f7d00000)
  to   space 12800K,   0% used [0x00000000f6400000, 0x00000000f6400000, 0x00000000f7080000)
 concurrent mark-sweep generation total 134144K, used 134143K [0x00000000f7d00000, 0x0000000100000000, 0x0000000100000000)
 Metaspace       used 52044K, capacity 54894K, committed 55936K, reserved 1097728K
  class space    used 6335K, capacity 6835K, committed 7040K, reserved 1048576K
}
2023-01-17T04:34:15.962+0800: 265.870: [GC (CMS Initial Mark) [1 CMS-initial-mark: 134143K(134144K)] 140226K(249344K), 0.0046574 secs] [Times: user=0.01 sys=0.00, real=0.00 secs] 
2023-01-17T04:34:15.967+0800: 265.874: [CMS-concurrent-mark-start]
2023-01-17T04:34:16.088+0800: 265.995: [CMS-concurrent-mark: 0.121/0.121 secs] [Times: user=0.38 sys=0.07, real=0.12 secs] 
2023-01-17T04:34:16.088+0800: 265.996: [CMS-concurrent-preclean-start]
2023-01-17T04:34:16.130+0800: 266.038: [CMS-concurrent-preclean: 0.042/0.042 secs] [Times: user=0.14 sys=0.01, real=0.05 secs] 
2023-01-17T04:34:16.130+0800: 266.038: [CMS-concurrent-abortable-preclean-start]
2023-01-17T04:34:16.130+0800: 266.038: [CMS-concurrent-abortable-preclean: 0.000/0.000 secs] [Times: user=0.00 sys=0.00, real=0.00 secs] 
2023-01-17T04:34:16.136+0800: 266.043: [GC (CMS Final Remark) [YG occupancy: 109703 K (115200 K)]2023-01-17T04:34:16.136+0800: 266.044: [Rescan (parallel) , 0.0377212 secs]2023-01-17T04:34:16.174+0800: 266.081: [weak refs processing, 0.0000649 secs]2023-01-17T04:34:16.174+0800: 266.081: [class unloading, 0.0189092 secs]2023-01-17T04:34:16.193+0800: 266.100: [scrub symbol table, 0.0077590 secs]2023-01-17T04:34:16.200+0800: 266.108: [scrub string table, 0.0013145 secs][1 CMS-remark: 134143K(134144K)] 243847K(249344K), 0.0660567 secs] [Times: user=0.14 sys=0.00, real=0.07 secs] 
2023-01-17T04:34:16.202+0800: 266.110: [CMS-concurrent-sweep-start]
2023-01-17T04:34:16.225+0800: 266.133: [CMS-concurrent-sweep: 0.023/0.023 secs] [Times: user=0.04 sys=0.01, real=0.02 secs] 
2023-01-17T04:34:16.225+0800: 266.133: [CMS-concurrent-reset-start]
2023-01-17T04:34:16.225+0800: 266.133: [CMS-concurrent-reset: 0.000/0.000 secs] [Times: user=0.00 sys=0.00, real=0.00 secs] 
{Heap before GC invocations=370 (full 477):
 par new generation   total 115200K, used 115200K [0x00000000f0000000, 0x00000000f7d00000, 0x00000000f7d00000)
  eden space 102400K, 100% used [0x00000000f0000000, 0x00000000f6400000, 0x00000000f6400000)
  from space 12800K, 100% used [0x00000000f7080000, 0x00000000f7d00000, 0x00000000f7d00000)
  to   space 12800K,   0% used [0x00000000f6400000, 0x00000000f6400000, 0x00000000f7080000)
 concurrent mark-sweep generation total 134144K, used 133796K [0x00000000f7d00000, 0x0000000100000000, 0x0000000100000000)
 Metaspace       used 52044K, capacity 54894K, committed 55936K, reserved 1097728K
  class space    used 6335K, capacity 6835K, committed 7040K, reserved 1048576K
2023-01-17T04:34:16.491+0800: 266.399: [GC (Allocation Failure) 2023-01-17T04:34:16.492+0800: 266.399: [ParNew: 115200K->115200K(115200K), 0.0000283 secs]2023-01-17T04:34:16.492+0800: 266.399: [CMS: 133796K->134143K(134144K), 0.1985126 secs] 248996K->140159K(249344K), [Metaspace: 52044K->52044K(1097728K)], 0.1989379 secs] [Times: user=0.20 sys=0.00, real=0.20 secs] 
Heap after GC invocations=371 (full 478):
 par new generation   total 115200K, used 6015K [0x00000000f0000000, 0x00000000f7d00000, 0x00000000f7d00000)
  eden space 102400K,   5% used [0x00000000f0000000, 0x00000000f05dfd28, 0x00000000f6400000)
  from space 12800K,   0% used [0x00000000f7080000, 0x00000000f7080000, 0x00000000f7d00000)
  to   space 12800K,   0% used [0x00000000f6400000, 0x00000000f6400000, 0x00000000f7080000)
 concurrent mark-sweep generation total 134144K, used 134143K [0x00000000f7d00000, 0x0000000100000000, 0x0000000100000000)
 Metaspace       used 52044K, capacity 54894K, committed 55936K, reserved 1097728K
  class space    used 6335K, capacity 6835K, committed 7040K, reserved 1048576K
}
2023-01-17T04:34:16.695+0800: 266.603: [GC (CMS Initial Mark) [1 CMS-initial-mark: 134143K(134144K)] 140419K(249344K), 0.0047289 secs] [Times: user=0.01 sys=0.00, real=0.01 secs] 
2023-01-17T04:34:16.700+0800: 266.608: [CMS-concurrent-mark-start]
2023-01-17T04:34:16.766+0800: 266.674: [CMS-concurrent-mark: 0.066/0.066 secs] [Times: user=0.17 sys=0.04, real=0.06 secs] 
2023-01-17T04:34:16.766+0800: 266.674: [CMS-concurrent-preclean-start]
2023-01-17T04:34:16.803+0800: 266.711: [CMS-concurrent-preclean: 0.037/0.037 secs] [Times: user=0.08 sys=0.00, real=0.04 secs] 
2023-01-17T04:34:16.803+0800: 266.711: [CMS-concurrent-abortable-preclean-start]
2023-01-17T04:34:16.803+0800: 266.711: [CMS-concurrent-abortable-preclean: 0.000/0.000 secs] [Times: user=0.00 sys=0.00, real=0.00 secs] 
2023-01-17T04:34:16.807+0800: 266.715: [GC (CMS Final Remark) [YG occupancy: 52308 K (115200 K)]2023-01-17T04:34:16.807+0800: 266.715: [Rescan (parallel) , 0.0157287 secs]2023-01-17T04:34:16.823+0800: 266.731: [weak refs processing, 0.0000403 secs]2023-01-17T04:34:16.823+0800: 266.731: [class unloading, 0.0129891 secs]2023-01-17T04:34:16.836+0800: 266.744: [scrub symbol table, 0.0050236 secs]2023-01-17T04:34:16.841+0800: 266.749: [scrub string table, 0.0008718 secs][1 CMS-remark: 134143K(134144K)] 186451K(249344K), 0.0348188 secs] [Times: user=0.08 sys=0.00, real=0.04 secs] 
2023-01-17T04:34:16.843+0800: 266.751: [CMS-concurrent-sweep-start]
2023-01-17T04:34:16.861+0800: 266.768: [CMS-concurrent-sweep: 0.018/0.018 secs] [Times: user=0.06 sys=0.00, real=0.02 secs] 
2023-01-17T04:34:16.861+0800: 266.769: [CMS-concurrent-reset-start]
2023-01-17T04:34:16.861+0800: 266.769: [CMS-concurrent-reset: 0.000/0.000 secs] [Times: user=0.00 sys=0.01, real=0.00 secs] 
{Heap before GC invocations=371 (full 479):
 par new generation   total 115200K, used 115200K [0x00000000f0000000, 0x00000000f7d00000, 0x00000000f7d00000)
  eden space 102400K, 100% used [0x00000000f0000000, 0x00000000f6400000, 0x00000000f6400000)
  from space 12800K, 100% used [0x00000000f7080000, 0x00000000f7d00000, 0x00000000f7d00000)
  to   space 12800K,   0% used [0x00000000f6400000, 0x00000000f6400000, 0x00000000f7080000)
 concurrent mark-sweep generation total 134144K, used 134023K [0x00000000f7d00000, 0x0000000100000000, 0x0000000100000000)
 Metaspace       used 52044K, capacity 54894K, committed 55936K, reserved 1097728K
  class space    used 6335K, capacity 6835K, committed 7040K, reserved 1048576K
2023-01-17T04:34:17.227+0800: 267.135: [GC (Allocation Failure) 2023-01-17T04:34:17.227+0800: 267.135: [ParNew: 115200K->115200K(115200K), 0.0000338 secs]2023-01-17T04:34:17.228+0800: 267.135: [CMS: 134023K->134143K(134144K), 0.2056324 secs] 249223K->140126K(249344K), [Metaspace: 52044K->52044K(1097728K)], 0.2060554 secs] [Times: user=0.21 sys=0.00, real=0.21 secs] 
Heap after GC invocations=372 (full 480):
 par new generation   total 115200K, used 5982K [0x00000000f0000000, 0x00000000f7d00000, 0x00000000f7d00000)
  eden space 102400K,   5% used [0x00000000f0000000, 0x00000000f05d7b18, 0x00000000f6400000)
  from space 12800K,   0% used [0x00000000f7080000, 0x00000000f7080000, 0x00000000f7d00000)
  to   space 12800K,   0% used [0x00000000f6400000, 0x00000000f6400000, 0x00000000f7080000)
 concurrent mark-sweep generation total 134144K, used 134143K [0x00000000f7d00000, 0x0000000100000000, 0x0000000100000000)
 Metaspace       used 52044K, capacity 54894K, committed 55936K, reserved 1097728K
  class space    used 6335K, capacity 6835K, committed 7040K, reserved 1048576K
}
2023-01-17T04:34:17.443+0800: 267.350: [GC (CMS Initial Mark) [1 CMS-initial-mark: 134143K(134144K)] 144463K(249344K), 0.0054447 secs] [Times: user=0.02 sys=0.00, real=0.00 secs] 
2023-01-17T04:34:17.448+0800: 267.356: [CMS-concurrent-mark-start]
2023-01-17T04:34:17.514+0800: 267.422: [CMS-concurrent-mark: 0.066/0.066 secs] [Times: user=0.15 sys=0.01, real=0.07 secs] 
2023-01-17T04:34:17.514+0800: 267.422: [CMS-concurrent-preclean-start]
2023-01-17T04:34:17.552+0800: 267.460: [CMS-concurrent-preclean: 0.037/0.037 secs] [Times: user=0.07 sys=0.01, real=0.04 secs] 
2023-01-17T04:34:17.552+0800: 267.460: [CMS-concurrent-abortable-preclean-start]
2023-01-17T04:34:17.552+0800: 267.460: [CMS-concurrent-abortable-preclean: 0.000/0.000 secs] [Times: user=0.00 sys=0.00, real=0.00 secs] 
2023-01-17T04:34:17.556+0800: 267.464: [GC (CMS Final Remark) [YG occupancy: 46401 K (115200 K)]2023-01-17T04:34:17.556+0800: 267.464: [Rescan (parallel) , 0.0140536 secs]2023-01-17T04:34:17.570+0800: 267.478: [weak refs processing, 0.0000434 secs]2023-01-17T04:34:17.570+0800: 267.478: [class unloading, 0.0136285 secs]2023-01-17T04:34:17.584+0800: 267.492: [scrub symbol table, 0.0049503 secs]2023-01-17T04:34:17.589+0800: 267.497: [scrub string table, 0.0009550 secs][1 CMS-remark: 134143K(134144K)] 180545K(249344K), 0.0338173 secs] [Times: user=0.08 sys=0.00, real=0.04 secs] 
2023-01-17T04:34:17.591+0800: 267.499: [CMS-concurrent-sweep-start]
2023-01-17T04:34:17.608+0800: 267.516: [CMS-concurrent-sweep: 0.018/0.018 secs] [Times: user=0.03 sys=0.00, real=0.01 secs] 
2023-01-17T04:34:17.609+0800: 267.516: [CMS-concurrent-reset-start]
2023-01-17T04:34:17.609+0800: 267.517: [CMS-concurrent-reset: 0.000/0.000 secs] [Times: user=0.00 sys=0.00, real=0.00 secs] 
{Heap before GC invocations=372 (full 481):
 par new generation   total 115200K, used 115193K [0x00000000f0000000, 0x00000000f7d00000, 0x00000000f7d00000)
  eden space 102400K, 100% used [0x00000000f0000000, 0x00000000f6400000, 0x00000000f6400000)
  from space 12800K,  99% used [0x00000000f7080000, 0x00000000f7cfe708, 0x00000000f7d00000)
  to   space 12800K,   0% used [0x00000000f6400000, 0x00000000f6400000, 0x00000000f7080000)
 concurrent mark-sweep generation total 134144K, used 133990K [0x00000000f7d00000, 0x0000000100000000, 0x0000000100000000)
 Metaspace       used 52044K, capacity 54894K, committed 55936K, reserved 1097728K
  class space    used 6335K, capacity 6835K, committed 7040K, reserved 1048576K
2023-01-17T04:34:17.983+0800: 267.891: [GC (Allocation Failure) 2023-01-17T04:34:17.983+0800: 267.891: [ParNew: 115193K->115193K(115200K), 0.0000251 secs]2023-01-17T04:34:17.983+0800: 267.891: [CMS: 133990K->134143K(134144K), 0.2032104 secs] 249184K->140238K(249344K), [Metaspace: 52044K->52044K(1097728K)], 0.2036270 secs] [Times: user=0.21 sys=0.00, real=0.20 secs] 
Heap after GC invocations=373 (full 482):
 par new generation   total 115200K, used 6094K [0x00000000f0000000, 0x00000000f7d00000, 0x00000000f7d00000)
  eden space 102400K,   5% used [0x00000000f0000000, 0x00000000f05f38a0, 0x00000000f6400000)
  from space 12800K,   0% used [0x00000000f7080000, 0x00000000f7080000, 0x00000000f7d00000)
  to   space 12800K,   0% used [0x00000000f6400000, 0x00000000f6400000, 0x00000000f7080000)
 concurrent mark-sweep generation total 134144K, used 134143K [0x00000000f7d00000, 0x0000000100000000, 0x0000000100000000)
 Metaspace       used 52044K, capacity 54894K, committed 55936K, reserved 1097728K
  class space    used 6335K, capacity 6835K, committed 7040K, reserved 1048576K
}
2023-01-17T04:34:18.197+0800: 268.105: [GC (CMS Initial Mark) [1 CMS-initial-mark: 134143K(134144K)] 145357K(249344K), 0.0056864 secs] [Times: user=0.02 sys=0.00, real=0.01 secs] 
2023-01-17T04:34:18.203+0800: 268.111: [CMS-concurrent-mark-start]
2023-01-17T04:34:18.270+0800: 268.178: [CMS-concurrent-mark: 0.067/0.067 secs] [Times: user=0.21 sys=0.02, real=0.07 secs] 
2023-01-17T04:34:18.270+0800: 268.178: [CMS-concurrent-preclean-start]
2023-01-17T04:34:18.307+0800: 268.215: [CMS-concurrent-preclean: 0.037/0.037 secs] [Times: user=0.10 sys=0.01, real=0.03 secs] 
2023-01-17T04:34:18.308+0800: 268.215: [CMS-concurrent-abortable-preclean-start]
2023-01-17T04:34:18.308+0800: 268.215: [CMS-concurrent-abortable-preclean: 0.000/0.000 secs] [Times: user=0.00 sys=0.00, real=0.00 secs] 
2023-01-17T04:34:18.312+0800: 268.220: [GC (CMS Final Remark) [YG occupancy: 69355 K (115200 K)]2023-01-17T04:34:18.312+0800: 268.220: [Rescan (parallel) , 0.0206082 secs]2023-01-17T04:34:18.333+0800: 268.240: [weak refs processing, 0.0000397 secs]2023-01-17T04:34:18.333+0800: 268.240: [class unloading, 0.0132503 secs]2023-01-17T04:34:18.346+0800: 268.254: [scrub symbol table, 0.0049228 secs]2023-01-17T04:34:18.351+0800: 268.259: [scrub string table, 0.0008798 secs][1 CMS-remark: 134143K(134144K)] 203499K(249344K), 0.0399203 secs] [Times: user=0.10 sys=0.00, real=0.04 secs] 
2023-01-17T04:34:18.352+0800: 268.260: [CMS-concurrent-sweep-start]
2023-01-17T04:34:18.371+0800: 268.279: [CMS-concurrent-sweep: 0.019/0.019 secs] [Times: user=0.05 sys=0.02, real=0.02 secs] 
2023-01-17T04:34:18.371+0800: 268.279: [CMS-concurrent-reset-start]
2023-01-17T04:34:18.372+0800: 268.279: [CMS-concurrent-reset: 0.000/0.000 secs] [Times: user=0.00 sys=0.00, real=0.00 secs] 
{Heap before GC invocations=373 (full 483):
 par new generation   total 115200K, used 115199K [0x00000000f0000000, 0x00000000f7d00000, 0x00000000f7d00000)
  eden space 102400K, 100% used [0x00000000f0000000, 0x00000000f6400000, 0x00000000f6400000)
  from space 12800K,  99% used [0x00000000f7080000, 0x00000000f7cffff0, 0x00000000f7d00000)
  to   space 12800K,   0% used [0x00000000f6400000, 0x00000000f6400000, 0x00000000f7080000)
 concurrent mark-sweep generation total 134144K, used 134041K [0x00000000f7d00000, 0x0000000100000000, 0x0000000100000000)
 Metaspace       used 52044K, capacity 54894K, committed 55936K, reserved 1097728K
  class space    used 6335K, capacity 6835K, committed 7040K, reserved 1048576K
2023-01-17T04:34:18.720+0800: 268.628: [GC (Allocation Failure) 2023-01-17T04:34:18.720+0800: 268.628: [ParNew: 115199K->115199K(115200K), 0.0000256 secs]2023-01-17T04:34:18.720+0800: 268.628: [CMS: 134041K->134143K(134144K), 0.2004051 secs] 249241K->140222K(249344K), [Metaspace: 52044K->52044K(1097728K)], 0.2008167 secs] [Times: user=0.21 sys=0.00, real=0.20 secs] 
Heap after GC invocations=374 (full 484):
 par new generation   total 115200K, used 6078K [0x00000000f0000000, 0x00000000f7d00000, 0x00000000f7d00000)
  eden space 102400K,   5% used [0x00000000f0000000, 0x00000000f05ef890, 0x00000000f6400000)
  from space 12800K,   0% used [0x00000000f7080000, 0x00000000f7080000, 0x00000000f7d00000)
  to   space 12800K,   0% used [0x00000000f6400000, 0x00000000f6400000, 0x00000000f7080000)
 concurrent mark-sweep generation total 134144K, used 134143K [0x00000000f7d00000, 0x0000000100000000, 0x0000000100000000)
 Metaspace       used 52044K, capacity 54894K, committed 55936K, reserved 1097728K
  class space    used 6335K, capacity 6835K, committed 7040K, reserved 1048576K
}
2023-01-17T04:34:18.925+0800: 268.833: [GC (CMS Initial Mark) [1 CMS-initial-mark: 134143K(134144K)] 140450K(249344K), 0.0057657 secs] [Times: user=0.01 sys=0.00, real=0.01 secs] 
2023-01-17T04:34:18.932+0800: 268.839: [CMS-concurrent-mark-start]
2023-01-17T04:34:19.023+0800: 268.930: [CMS-concurrent-mark: 0.091/0.091 secs] [Times: user=0.19 sys=0.04, real=0.09 secs] 
2023-01-17T04:34:19.023+0800: 268.931: [CMS-concurrent-preclean-start]
2023-01-17T04:34:19.081+0800: 268.989: [CMS-concurrent-preclean: 0.058/0.058 secs] [Times: user=0.12 sys=0.03, real=0.06 secs] 
2023-01-17T04:34:19.082+0800: 268.990: [CMS-concurrent-abortable-preclean-start]
2023-01-17T04:34:19.082+0800: 268.990: [CMS-concurrent-abortable-preclean: 0.000/0.000 secs] [Times: user=0.00 sys=0.00, real=0.00 secs] 
2023-01-17T04:34:19.086+0800: 268.994: [GC (CMS Final Remark) [YG occupancy: 61993 K (115200 K)]2023-01-17T04:34:19.086+0800: 268.994: [Rescan (parallel) , 0.0181037 secs]2023-01-17T04:34:19.104+0800: 269.012: [weak refs processing, 0.0000484 secs]2023-01-17T04:34:19.104+0800: 269.012: [class unloading, 0.0136568 secs]2023-01-17T04:34:19.118+0800: 269.026: [scrub symbol table, 0.0048356 secs]2023-01-17T04:34:19.123+0800: 269.031: [scrub string table, 0.0009017 secs][1 CMS-remark: 134143K(134144K)] 196137K(249344K), 0.0377827 secs] [Times: user=0.09 sys=0.00, real=0.04 secs] 
2023-01-17T04:34:19.124+0800: 269.032: [CMS-concurrent-sweep-start]
2023-01-17T04:34:19.143+0800: 269.051: [CMS-concurrent-sweep: 0.019/0.019 secs] [Times: user=0.06 sys=0.01, real=0.02 secs] 
2023-01-17T04:34:19.144+0800: 269.051: [CMS-concurrent-reset-start]
2023-01-17T04:34:19.144+0800: 269.052: [CMS-concurrent-reset: 0.000/0.000 secs] [Times: user=0.00 sys=0.00, real=0.00 secs] 
{Heap before GC invocations=374 (full 485):
 par new generation   total 115200K, used 115195K [0x00000000f0000000, 0x00000000f7d00000, 0x00000000f7d00000)
  eden space 102400K, 100% used [0x00000000f0000000, 0x00000000f6400000, 0x00000000f6400000)
  from space 12800K,  99% used [0x00000000f7080000, 0x00000000f7cfee10, 0x00000000f7d00000)
  to   space 12800K,   0% used [0x00000000f6400000, 0x00000000f6400000, 0x00000000f7080000)
 concurrent mark-sweep generation total 134144K, used 134082K [0x00000000f7d00000, 0x0000000100000000, 0x0000000100000000)
 Metaspace       used 52044K, capacity 54894K, committed 55936K, reserved 1097728K
  class space    used 6335K, capacity 6835K, committed 7040K, reserved 1048576K
2023-01-17T04:34:19.451+0800: 269.359: [GC (Allocation Failure) 2023-01-17T04:34:19.451+0800: 269.359: [ParNew: 115195K->115195K(115200K), 0.0000258 secs]2023-01-17T04:34:19.451+0800: 269.359: [CMS: 134082K->134143K(134144K), 0.2007472 secs] 249277K->140190K(249344K), [Metaspace: 52044K->52044K(1097728K)], 0.2011578 secs] [Times: user=0.21 sys=0.00, real=0.20 secs] 
Heap after GC invocations=375 (full 486):
 par new generation   total 115200K, used 6046K [0x00000000f0000000, 0x00000000f7d00000, 0x00000000f7d00000)
  eden space 102400K,   5% used [0x00000000f0000000, 0x00000000f05e7bb8, 0x00000000f6400000)
  from space 12800K,   0% used [0x00000000f7080000, 0x00000000f7080000, 0x00000000f7d00000)
  to   space 12800K,   0% used [0x00000000f6400000, 0x00000000f6400000, 0x00000000f7080000)
 concurrent mark-sweep generation total 134144K, used 134143K [0x00000000f7d00000, 0x0000000100000000, 0x0000000100000000)
 Metaspace       used 52044K, capacity 54894K, committed 55936K, reserved 1097728K
  class space    used 6335K, capacity 6835K, committed 7040K, reserved 1048576K
}
2023-01-17T04:34:19.659+0800: 269.566: [GC (CMS Initial Mark) [1 CMS-initial-mark: 134143K(134144K)] 141955K(249344K), 0.0048950 secs] [Times: user=0.01 sys=0.01, real=0.01 secs] 
2023-01-17T04:34:19.664+0800: 269.572: [CMS-concurrent-mark-start]
2023-01-17T04:34:19.764+0800: 269.671: [CMS-concurrent-mark: 0.100/0.100 secs] [Times: user=0.32 sys=0.05, real=0.10 secs] 
2023-01-17T04:34:19.764+0800: 269.672: [CMS-concurrent-preclean-start]
2023-01-17T04:34:19.808+0800: 269.716: [CMS-concurrent-preclean: 0.044/0.044 secs] [Times: user=0.14 sys=0.02, real=0.04 secs] 
2023-01-17T04:34:19.808+0800: 269.716: [CMS-concurrent-abortable-preclean-start]
2023-01-17T04:34:19.808+0800: 269.716: [CMS-concurrent-abortable-preclean: 0.000/0.000 secs] [Times: user=0.00 sys=0.00, real=0.00 secs] 
2023-01-17T04:34:19.812+0800: 269.720: [GC (CMS Final Remark) [YG occupancy: 105371 K (115200 K)]2023-01-17T04:34:19.812+0800: 269.720: [Rescan (parallel) , 0.0265363 secs]2023-01-17T04:34:19.839+0800: 269.746: [weak refs processing, 0.0000441 secs]2023-01-17T04:34:19.839+0800: 269.746: [class unloading, 0.0132562 secs]2023-01-17T04:34:19.852+0800: 269.760: [scrub symbol table, 0.0048414 secs]2023-01-17T04:34:19.857+0800: 269.765: [scrub string table, 0.0009228 secs][1 CMS-remark: 134143K(134144K)] 239515K(249344K), 0.0458216 secs] [Times: user=0.13 sys=0.00, real=0.04 secs] 
2023-01-17T04:34:19.858+0800: 269.766: [CMS-concurrent-sweep-start]
2023-01-17T04:34:19.876+0800: 269.784: [CMS-concurrent-sweep: 0.018/0.018 secs] [Times: user=0.06 sys=0.01, real=0.02 secs] 
2023-01-17T04:34:19.876+0800: 269.784: [CMS-concurrent-reset-start]
2023-01-17T04:34:19.877+0800: 269.784: [CMS-concurrent-reset: 0.000/0.000 secs] [Times: user=0.00 sys=0.00, real=0.00 secs] 
{Heap before GC invocations=375 (full 487):
 par new generation   total 115200K, used 115199K [0x00000000f0000000, 0x00000000f7d00000, 0x00000000f7d00000)
  eden space 102400K, 100% used [0x00000000f0000000, 0x00000000f6400000, 0x00000000f6400000)
  from space 12800K,  99% used [0x00000000f7080000, 0x00000000f7cffff8, 0x00000000f7d00000)
  to   space 12800K,   0% used [0x00000000f6400000, 0x00000000f6400000, 0x00000000f7080000)
 concurrent mark-sweep generation total 134144K, used 133897K [0x00000000f7d00000, 0x0000000100000000, 0x0000000100000000)
 Metaspace       used 52044K, capacity 54894K, committed 55936K, reserved 1097728K
  class space    used 6335K, capacity 6835K, committed 7040K, reserved 1048576K
2023-01-17T04:34:20.206+0800: 270.114: [GC (Allocation Failure) 2023-01-17T04:34:20.207+0800: 270.115: [ParNew: 115199K->115199K(115200K), 0.0000311 secs]2023-01-17T04:34:20.207+0800: 270.115: [CMS: 133897K->134143K(134144K), 0.2297673 secs] 249097K->140202K(249344K), [Metaspace: 52044K->52044K(1097728K)], 0.2302690 secs] [Times: user=0.24 sys=0.00, real=0.23 secs] 
Heap after GC invocations=376 (full 488):
 par new generation   total 115200K, used 6058K [0x00000000f0000000, 0x00000000f7d00000, 0x00000000f7d00000)
  eden space 102400K,   5% used [0x00000000f0000000, 0x00000000f05eab98, 0x00000000f6400000)
  from space 12800K,   0% used [0x00000000f7080000, 0x00000000f7080000, 0x00000000f7d00000)
  to   space 12800K,   0% used [0x00000000f6400000, 0x00000000f6400000, 0x00000000f7080000)
 concurrent mark-sweep generation total 134144K, used 134143K [0x00000000f7d00000, 0x0000000100000000, 0x0000000100000000)
 Metaspace       used 52044K, capacity 54894K, committed 55936K, reserved 1097728K
  class space    used 6335K, capacity 6835K, committed 7040K, reserved 1048576K
}
2023-01-17T04:34:20.442+0800: 270.349: [GC (CMS Initial Mark) [1 CMS-initial-mark: 134143K(134144K)] 140739K(249344K), 0.0044364 secs] [Times: user=0.02 sys=0.00, real=0.00 secs] 
2023-01-17T04:34:20.446+0800: 270.354: [CMS-concurrent-mark-start]
2023-01-17T04:34:20.511+0800: 270.419: [CMS-concurrent-mark: 0.065/0.065 secs] [Times: user=0.20 sys=0.02, real=0.07 secs] 
2023-01-17T04:34:20.512+0800: 270.419: [CMS-concurrent-preclean-start]
2023-01-17T04:34:20.554+0800: 270.462: [CMS-concurrent-preclean: 0.042/0.042 secs] [Times: user=0.14 sys=0.02, real=0.04 secs] 
2023-01-17T04:34:20.554+0800: 270.462: [CMS-concurrent-abortable-preclean-start]
2023-01-17T04:34:20.554+0800: 270.462: [CMS-concurrent-abortable-preclean: 0.000/0.000 secs] [Times: user=0.00 sys=0.00, real=0.00 secs] 
2023-01-17T04:34:20.558+0800: 270.466: [GC (CMS Final Remark) [YG occupancy: 73807 K (115200 K)]2023-01-17T04:34:20.558+0800: 270.466: [Rescan (parallel) , 0.0208314 secs]2023-01-17T04:34:20.579+0800: 270.487: [weak refs processing, 0.0000470 secs]2023-01-17T04:34:20.579+0800: 270.487: [class unloading, 0.0133154 secs]2023-01-17T04:34:20.592+0800: 270.500: [scrub symbol table, 0.0051531 secs]2023-01-17T04:34:20.597+0800: 270.505: [scrub string table, 0.0009085 secs][1 CMS-remark: 134143K(134144K)] 207951K(249344K), 0.0404778 secs] [Times: user=0.10 sys=0.00, real=0.04 secs] 
2023-01-17T04:34:20.599+0800: 270.506: [CMS-concurrent-sweep-start]
2023-01-17T04:34:20.617+0800: 270.524: [CMS-concurrent-sweep: 0.018/0.018 secs] [Times: user=0.06 sys=0.00, real=0.02 secs] 
2023-01-17T04:34:20.617+0800: 270.525: [CMS-concurrent-reset-start]
2023-01-17T04:34:20.617+0800: 270.525: [CMS-concurrent-reset: 0.000/0.000 secs] [Times: user=0.01 sys=0.00, real=0.00 secs] 
{Heap before GC invocations=376 (full 489):
 par new generation   total 115200K, used 115200K [0x00000000f0000000, 0x00000000f7d00000, 0x00000000f7d00000)
  eden space 102400K, 100% used [0x00000000f0000000, 0x00000000f6400000, 0x00000000f6400000)
  from space 12800K, 100% used [0x00000000f7080000, 0x00000000f7d00000, 0x00000000f7d00000)
  to   space 12800K,   0% used [0x00000000f6400000, 0x00000000f6400000, 0x00000000f7080000)
 concurrent mark-sweep generation total 134144K, used 134027K [0x00000000f7d00000, 0x0000000100000000, 0x0000000100000000)
 Metaspace       used 52044K, capacity 54894K, committed 55936K, reserved 1097728K
  class space    used 6335K, capacity 6835K, committed 7040K, reserved 1048576K
2023-01-17T04:34:20.966+0800: 270.873: [GC (Allocation Failure) 2023-01-17T04:34:20.966+0800: 270.874: [ParNew: 115200K->115200K(115200K), 0.0000265 secs]2023-01-17T04:34:20.966+0800: 270.874: [CMS: 134027K->134143K(134144K), 0.1968117 secs] 249227K->140124K(249344K), [Metaspace: 52044K->52044K(1097728K)], 0.1972204 secs] [Times: user=0.20 sys=0.00, real=0.20 secs] 
Heap after GC invocations=377 (full 490):
 par new generation   total 115200K, used 5980K [0x00000000f0000000, 0x00000000f7d00000, 0x00000000f7d00000)
  eden space 102400K,   5% used [0x00000000f0000000, 0x00000000f05d7048, 0x00000000f6400000)
  from space 12800K,   0% used [0x00000000f7080000, 0x00000000f7080000, 0x00000000f7d00000)
  to   space 12800K,   0% used [0x00000000f6400000, 0x00000000f6400000, 0x00000000f7080000)
 concurrent mark-sweep generation total 134144K, used 134143K [0x00000000f7d00000, 0x0000000100000000, 0x0000000100000000)
 Metaspace       used 52044K, capacity 54894K, committed 55936K, reserved 1097728K
  class space    used 6335K, capacity 6835K, committed 7040K, reserved 1048576K
}
2023-01-17T04:34:21.174+0800: 271.082: [GC (CMS Initial Mark) [1 CMS-initial-mark: 134143K(134144K)] 146495K(249344K), 0.0061002 secs] [Times: user=0.02 sys=0.00, real=0.01 secs] 
2023-01-17T04:34:21.180+0800: 271.088: [CMS-concurrent-mark-start]
2023-01-17T04:34:21.239+0800: 271.147: [CMS-concurrent-mark: 0.059/0.059 secs] [Times: user=0.14 sys=0.01, real=0.06 secs] 
2023-01-17T04:34:21.240+0800: 271.147: [CMS-concurrent-preclean-start]
2023-01-17T04:34:21.277+0800: 271.184: [CMS-concurrent-preclean: 0.037/0.037 secs] [Times: user=0.08 sys=0.01, real=0.03 secs] 
2023-01-17T04:34:21.277+0800: 271.185: [CMS-concurrent-abortable-preclean-start]
2023-01-17T04:34:21.277+0800: 271.185: [CMS-concurrent-abortable-preclean: 0.000/0.000 secs] [Times: user=0.00 sys=0.00, real=0.00 secs] 
2023-01-17T04:34:21.281+0800: 271.188: [GC (CMS Final Remark) [YG occupancy: 45944 K (115200 K)]2023-01-17T04:34:21.281+0800: 271.189: [Rescan (parallel) , 0.0197470 secs]2023-01-17T04:34:21.301+0800: 271.208: [weak refs processing, 0.0000477 secs]2023-01-17T04:34:21.301+0800: 271.208: [class unloading, 0.0133382 secs]2023-01-17T04:34:21.314+0800: 271.222: [scrub symbol table, 0.0048979 secs]2023-01-17T04:34:21.319+0800: 271.227: [scrub string table, 0.0009031 secs][1 CMS-remark: 134143K(134144K)] 180088K(249344K), 0.0391140 secs] [Times: user=0.08 sys=0.00, real=0.04 secs] 
2023-01-17T04:34:21.321+0800: 271.229: [CMS-concurrent-sweep-start]
2023-01-17T04:34:21.337+0800: 271.245: [CMS-concurrent-sweep: 0.016/0.016 secs] [Times: user=0.04 sys=0.00, real=0.01 secs] 
2023-01-17T04:34:21.337+0800: 271.245: [CMS-concurrent-reset-start]
2023-01-17T04:34:21.337+0800: 271.245: [CMS-concurrent-reset: 0.000/0.000 secs] [Times: user=0.00 sys=0.00, real=0.00 secs] 
{Heap before GC invocations=377 (full 491):
 par new generation   total 115200K, used 115199K [0x00000000f0000000, 0x00000000f7d00000, 0x00000000f7d00000)
  eden space 102400K, 100% used [0x00000000f0000000, 0x00000000f6400000, 0x00000000f6400000)
  from space 12800K,  99% used [0x00000000f7080000, 0x00000000f7cffff8, 0x00000000f7d00000)
  to   space 12800K,   0% used [0x00000000f6400000, 0x00000000f6400000, 0x00000000f7080000)
 concurrent mark-sweep generation total 134144K, used 134036K [0x00000000f7d00000, 0x0000000100000000, 0x0000000100000000)
 Metaspace       used 52044K, capacity 54894K, committed 55936K, reserved 1097728K
  class space    used 6335K, capacity 6835K, committed 7040K, reserved 1048576K
2023-01-17T04:34:21.696+0800: 271.604: [GC (Allocation Failure) 2023-01-17T04:34:21.696+0800: 271.604: [ParNew: 115199K->115199K(115200K), 0.0000341 secs]2023-01-17T04:34:21.696+0800: 271.604: [CMS: 134036K->134143K(134144K), 0.2028403 secs] 249236K->140251K(249344K), [Metaspace: 52044K->52044K(1097728K)], 0.2032478 secs] [Times: user=0.20 sys=0.00, real=0.21 secs] 
Heap after GC invocations=378 (full 492):
 par new generation   total 115200K, used 6107K [0x00000000f0000000, 0x00000000f7d00000, 0x00000000f7d00000)
  eden space 102400K,   5% used [0x00000000f0000000, 0x00000000f05f6d18, 0x00000000f6400000)
  from space 12800K,   0% used [0x00000000f7080000, 0x00000000f7080000, 0x00000000f7d00000)
  to   space 12800K,   0% used [0x00000000f6400000, 0x00000000f6400000, 0x00000000f7080000)
 concurrent mark-sweep generation total 134144K, used 134143K [0x00000000f7d00000, 0x0000000100000000, 0x0000000100000000)
 Metaspace       used 52044K, capacity 54894K, committed 55936K, reserved 1097728K
  class space    used 6335K, capacity 6835K, committed 7040K, reserved 1048576K
}
2023-01-17T04:34:21.908+0800: 271.816: [GC (CMS Initial Mark) [1 CMS-initial-mark: 134143K(134144K)] 144294K(249344K), 0.0055448 secs] [Times: user=0.02 sys=0.00, real=0.01 secs] 
2023-01-17T04:34:21.914+0800: 271.822: [CMS-concurrent-mark-start]
2023-01-17T04:34:21.982+0800: 271.890: [CMS-concurrent-mark: 0.068/0.068 secs] [Times: user=0.21 sys=0.03, real=0.07 secs] 
2023-01-17T04:34:21.982+0800: 271.890: [CMS-concurrent-preclean-start]
2023-01-17T04:34:22.028+0800: 271.936: [CMS-concurrent-preclean: 0.046/0.046 secs] [Times: user=0.14 sys=0.02, real=0.04 secs] 
2023-01-17T04:34:22.028+0800: 271.936: [CMS-concurrent-abortable-preclean-start]
2023-01-17T04:34:22.028+0800: 271.936: [CMS-concurrent-abortable-preclean: 0.000/0.000 secs] [Times: user=0.00 sys=0.00, real=0.00 secs] 
2023-01-17T04:34:22.032+0800: 271.940: [GC (CMS Final Remark) [YG occupancy: 82018 K (115200 K)]2023-01-17T04:34:22.033+0800: 271.940: [Rescan (parallel) , 0.0226692 secs]2023-01-17T04:34:22.055+0800: 271.963: [weak refs processing, 0.0000441 secs]2023-01-17T04:34:22.055+0800: 271.963: [class unloading, 0.0136065 secs]2023-01-17T04:34:22.069+0800: 271.977: [scrub symbol table, 0.0050020 secs]2023-01-17T04:34:22.074+0800: 271.982: [scrub string table, 0.0008827 secs][1 CMS-remark: 134143K(134144K)] 216162K(249344K), 0.0424234 secs] [Times: user=0.11 sys=0.00, real=0.04 secs] 
2023-01-17T04:34:22.075+0800: 271.983: [CMS-concurrent-sweep-start]
2023-01-17T04:34:22.094+0800: 272.002: [CMS-concurrent-sweep: 0.019/0.019 secs] [Times: user=0.06 sys=0.00, real=0.02 secs] 
2023-01-17T04:34:22.094+0800: 272.002: [CMS-concurrent-reset-start]
2023-01-17T04:34:22.094+0800: 272.002: [CMS-concurrent-reset: 0.000/0.000 secs] [Times: user=0.00 sys=0.00, real=0.00 secs] 
{Heap before GC invocations=378 (full 493):
 par new generation   total 115200K, used 115200K [0x00000000f0000000, 0x00000000f7d00000, 0x00000000f7d00000)
  eden space 102400K, 100% used [0x00000000f0000000, 0x00000000f6400000, 0x00000000f6400000)
  from space 12800K, 100% used [0x00000000f7080000, 0x00000000f7d00000, 0x00000000f7d00000)
  to   space 12800K,   0% used [0x00000000f6400000, 0x00000000f6400000, 0x00000000f7080000)
 concurrent mark-sweep generation total 134144K, used 133962K [0x00000000f7d00000, 0x0000000100000000, 0x0000000100000000)
 Metaspace       used 52044K, capacity 54894K, committed 55936K, reserved 1097728K
  class space    used 6335K, capacity 6835K, committed 7040K, reserved 1048576K
2023-01-17T04:34:22.431+0800: 272.339: [GC (Allocation Failure) 2023-01-17T04:34:22.431+0800: 272.339: [ParNew: 115200K->115200K(115200K), 0.0000281 secs]2023-01-17T04:34:22.431+0800: 272.339: [CMS: 133962K->134143K(134144K), 0.2005490 secs] 249162K->140220K(249344K), [Metaspace: 52044K->52044K(1097728K)], 0.2009938 secs] [Times: user=0.21 sys=0.00, real=0.20 secs] 
Heap after GC invocations=379 (full 494):
 par new generation   total 115200K, used 6076K [0x00000000f0000000, 0x00000000f7d00000, 0x00000000f7d00000)
  eden space 102400K,   5% used [0x00000000f0000000, 0x00000000f05ef380, 0x00000000f6400000)
  from space 12800K,   0% used [0x00000000f7080000, 0x00000000f7080000, 0x00000000f7d00000)
  to   space 12800K,   0% used [0x00000000f6400000, 0x00000000f6400000, 0x00000000f7080000)
 concurrent mark-sweep generation total 134144K, used 134143K [0x00000000f7d00000, 0x0000000100000000, 0x0000000100000000)
 Metaspace       used 52044K, capacity 54894K, committed 55936K, reserved 1097728K
  class space    used 6335K, capacity 6835K, committed 7040K, reserved 1048576K
}
2023-01-17T04:34:22.637+0800: 272.545: [GC (CMS Initial Mark) [1 CMS-initial-mark: 134143K(134144K)] 140712K(249344K), 0.0056613 secs] [Times: user=0.01 sys=0.00, real=0.01 secs] 
2023-01-17T04:34:22.644+0800: 272.551: [CMS-concurrent-mark-start]
2023-01-17T04:34:22.718+0800: 272.626: [CMS-concurrent-mark: 0.075/0.075 secs] [Times: user=0.16 sys=0.02, real=0.07 secs] 
2023-01-17T04:34:22.719+0800: 272.626: [CMS-concurrent-preclean-start]
2023-01-17T04:34:22.767+0800: 272.675: [CMS-concurrent-preclean: 0.048/0.048 secs] [Times: user=0.10 sys=0.03, real=0.05 secs] 
2023-01-17T04:34:22.767+0800: 272.675: [CMS-concurrent-abortable-preclean-start]
2023-01-17T04:34:22.767+0800: 272.675: [CMS-concurrent-abortable-preclean: 0.000/0.000 secs] [Times: user=0.01 sys=0.00, real=0.00 secs] 
2023-01-17T04:34:22.771+0800: 272.679: [GC (CMS Final Remark) [YG occupancy: 45663 K (115200 K)]2023-01-17T04:34:22.771+0800: 272.679: [Rescan (parallel) , 0.0167096 secs]2023-01-17T04:34:22.788+0800: 272.695: [weak refs processing, 0.0000448 secs]2023-01-17T04:34:22.788+0800: 272.696: [class unloading, 0.0130592 secs]2023-01-17T04:34:22.801+0800: 272.709: [scrub symbol table, 0.0048678 secs]2023-01-17T04:34:22.806+0800: 272.713: [scrub string table, 0.0008855 secs][1 CMS-remark: 134143K(134144K)] 179807K(249344K), 0.0357409 secs] [Times: user=0.07 sys=0.00, real=0.03 secs] 
2023-01-17T04:34:22.807+0800: 272.715: [CMS-concurrent-sweep-start]
2023-01-17T04:34:22.827+0800: 272.735: [CMS-concurrent-sweep: 0.020/0.020 secs] [Times: user=0.06 sys=0.01, real=0.02 secs] 
2023-01-17T04:34:22.827+0800: 272.735: [CMS-concurrent-reset-start]
2023-01-17T04:34:22.828+0800: 272.735: [CMS-concurrent-reset: 0.000/0.000 secs] [Times: user=0.00 sys=0.00, real=0.00 secs] 
{Heap before GC invocations=379 (full 495):
 par new generation   total 115200K, used 115199K [0x00000000f0000000, 0x00000000f7d00000, 0x00000000f7d00000)
  eden space 102400K, 100% used [0x00000000f0000000, 0x00000000f6400000, 0x00000000f6400000)
  from space 12800K,  99% used [0x00000000f7080000, 0x00000000f7cffff0, 0x00000000f7d00000)
  to   space 12800K,   0% used [0x00000000f6400000, 0x00000000f6400000, 0x00000000f7080000)
 concurrent mark-sweep generation total 134144K, used 134111K [0x00000000f7d00000, 0x0000000100000000, 0x0000000100000000)
 Metaspace       used 52044K, capacity 54894K, committed 55936K, reserved 1097728K
  class space    used 6335K, capacity 6835K, committed 7040K, reserved 1048576K
2023-01-17T04:34:23.164+0800: 273.071: [GC (Allocation Failure) 2023-01-17T04:34:23.164+0800: 273.072: [ParNew: 115199K->115199K(115200K), 0.0000335 secs]2023-01-17T04:34:23.164+0800: 273.072: [CMS: 134111K->134143K(134144K), 0.2068251 secs] 249311K->140270K(249344K), [Metaspace: 52044K->52044K(1097728K)], 0.2073563 secs] [Times: user=0.20 sys=0.00, real=0.21 secs] 
Heap after GC invocations=380 (full 496):
 par new generation   total 115200K, used 6126K [0x00000000f0000000, 0x00000000f7d00000, 0x00000000f7d00000)
  eden space 102400K,   5% used [0x00000000f0000000, 0x00000000f05fb998, 0x00000000f6400000)
  from space 12800K,   0% used [0x00000000f7080000, 0x00000000f7080000, 0x00000000f7d00000)
  to   space 12800K,   0% used [0x00000000f6400000, 0x00000000f6400000, 0x00000000f7080000)
 concurrent mark-sweep generation total 134144K, used 134143K [0x00000000f7d00000, 0x0000000100000000, 0x0000000100000000)
 Metaspace       used 52044K, capacity 54894K, committed 55936K, reserved 1097728K
  class space    used 6335K, capacity 6835K, committed 7040K, reserved 1048576K
}
2023-01-17T04:34:23.395+0800: 273.303: [GC (CMS Initial Mark) [1 CMS-initial-mark: 134143K(134144K)] 158350K(249344K), 0.0102925 secs] [Times: user=0.03 sys=0.00, real=0.01 secs] 
2023-01-17T04:34:23.406+0800: 273.313: [CMS-concurrent-mark-start]
2023-01-17T04:34:23.478+0800: 273.385: [CMS-concurrent-mark: 0.072/0.072 secs] [Times: user=0.22 sys=0.02, real=0.07 secs] 
2023-01-17T04:34:23.478+0800: 273.386: [CMS-concurrent-preclean-start]
2023-01-17T04:34:23.519+0800: 273.427: [CMS-concurrent-preclean: 0.041/0.041 secs] [Times: user=0.10 sys=0.01, real=0.04 secs] 
2023-01-17T04:34:23.519+0800: 273.427: [CMS-concurrent-abortable-preclean-start]
2023-01-17T04:34:23.519+0800: 273.427: [CMS-concurrent-abortable-preclean: 0.000/0.000 secs] [Times: user=0.00 sys=0.00, real=0.00 secs] 
2023-01-17T04:34:23.524+0800: 273.432: [GC (CMS Final Remark) [YG occupancy: 85347 K (115200 K)]2023-01-17T04:34:23.524+0800: 273.432: [Rescan (parallel) , 0.0236034 secs]2023-01-17T04:34:23.548+0800: 273.456: [weak refs processing, 0.0000430 secs]2023-01-17T04:34:23.548+0800: 273.456: [class unloading, 0.0133203 secs]2023-01-17T04:34:23.561+0800: 273.469: [scrub symbol table, 0.0048587 secs]2023-01-17T04:34:23.566+0800: 273.474: [scrub string table, 0.0009052 secs][1 CMS-remark: 134143K(134144K)] 219491K(249344K), 0.0429520 secs] [Times: user=0.11 sys=0.00, real=0.04 secs] 
2023-01-17T04:34:23.568+0800: 273.476: [CMS-concurrent-sweep-start]
2023-01-17T04:34:23.586+0800: 273.494: [CMS-concurrent-sweep: 0.018/0.018 secs] [Times: user=0.05 sys=0.02, real=0.02 secs] 
2023-01-17T04:34:23.586+0800: 273.494: [CMS-concurrent-reset-start]
2023-01-17T04:34:23.586+0800: 273.494: [CMS-concurrent-reset: 0.000/0.000 secs] [Times: user=0.00 sys=0.00, real=0.00 secs] 
{Heap before GC invocations=380 (full 497):
 par new generation   total 115200K, used 115199K [0x00000000f0000000, 0x00000000f7d00000, 0x00000000f7d00000)
  eden space 102400K, 100% used [0x00000000f0000000, 0x00000000f6400000, 0x00000000f6400000)
  from space 12800K,  99% used [0x00000000f7080000, 0x00000000f7cffff8, 0x00000000f7d00000)
  to   space 12800K,   0% used [0x00000000f6400000, 0x00000000f6400000, 0x00000000f7080000)
 concurrent mark-sweep generation total 134144K, used 134102K [0x00000000f7d00000, 0x0000000100000000, 0x0000000100000000)
 Metaspace       used 52044K, capacity 54894K, committed 55936K, reserved 1097728K
  class space    used 6335K, capacity 6835K, committed 7040K, reserved 1048576K
2023-01-17T04:34:23.901+0800: 273.808: [GC (Allocation Failure) 2023-01-17T04:34:23.901+0800: 273.809: [ParNew: 115199K->115199K(115200K), 0.0000261 secs]2023-01-17T04:34:23.901+0800: 273.809: [CMS: 134102K->134143K(134144K), 0.1969797 secs] 249302K->140223K(249344K), [Metaspace: 52044K->52044K(1097728K)], 0.1973859 secs] [Times: user=0.20 sys=0.01, real=0.19 secs] 
Heap after GC invocations=381 (full 498):
 par new generation   total 115200K, used 6079K [0x00000000f0000000, 0x00000000f7d00000, 0x00000000f7d00000)
  eden space 102400K,   5% used [0x00000000f0000000, 0x00000000f05efc88, 0x00000000f6400000)
  from space 12800K,   0% used [0x00000000f7080000, 0x00000000f7080000, 0x00000000f7d00000)
  to   space 12800K,   0% used [0x00000000f6400000, 0x00000000f6400000, 0x00000000f7080000)
 concurrent mark-sweep generation total 134144K, used 134143K [0x00000000f7d00000, 0x0000000100000000, 0x0000000100000000)
 Metaspace       used 52044K, capacity 54894K, committed 55936K, reserved 1097728K
  class space    used 6335K, capacity 6835K, committed 7040K, reserved 1048576K
}
2023-01-17T04:34:24.102+0800: 274.010: [GC (CMS Initial Mark) [1 CMS-initial-mark: 134143K(134144K)] 140317K(249344K), 0.0043599 secs] [Times: user=0.02 sys=0.00, real=0.00 secs] 
2023-01-17T04:34:24.107+0800: 274.014: [CMS-concurrent-mark-start]
2023-01-17T04:34:24.180+0800: 274.088: [CMS-concurrent-mark: 0.074/0.074 secs] [Times: user=0.22 sys=0.04, real=0.08 secs] 
2023-01-17T04:34:24.180+0800: 274.088: [CMS-concurrent-preclean-start]
2023-01-17T04:34:24.224+0800: 274.132: [CMS-concurrent-preclean: 0.043/0.043 secs] [Times: user=0.10 sys=0.03, real=0.04 secs] 
2023-01-17T04:34:24.224+0800: 274.132: [CMS-concurrent-abortable-preclean-start]
2023-01-17T04:34:24.224+0800: 274.132: [CMS-concurrent-abortable-preclean: 0.000/0.000 secs] [Times: user=0.00 sys=0.00, real=0.00 secs] 
2023-01-17T04:34:24.296+0800: 274.204: [GC (CMS Final Remark) [YG occupancy: 106727 K (115200 K)]2023-01-17T04:34:24.296+0800: 274.204: [Rescan (parallel) , 0.0297888 secs]2023-01-17T04:34:24.326+0800: 274.234: [weak refs processing, 0.0000433 secs]2023-01-17T04:34:24.326+0800: 274.234: [class unloading, 0.0130182 secs]2023-01-17T04:34:24.339+0800: 274.247: [scrub symbol table, 0.0050146 secs]2023-01-17T04:34:24.344+0800: 274.252: [scrub string table, 0.0008916 secs][1 CMS-remark: 134143K(134144K)] 240871K(249344K), 0.0489800 secs] [Times: user=0.14 sys=0.00, real=0.05 secs] 
2023-01-17T04:34:24.345+0800: 274.253: [CMS-concurrent-sweep-start]
2023-01-17T04:34:24.363+0800: 274.271: [CMS-concurrent-sweep: 0.017/0.017 secs] [Times: user=0.06 sys=0.00, real=0.02 secs] 
2023-01-17T04:34:24.363+0800: 274.271: [CMS-concurrent-reset-start]
2023-01-17T04:34:24.363+0800: 274.271: [CMS-concurrent-reset: 0.000/0.000 secs] [Times: user=0.00 sys=0.00, real=0.00 secs] 
{Heap before GC invocations=381 (full 499):
 par new generation   total 115200K, used 115199K [0x00000000f0000000, 0x00000000f7d00000, 0x00000000f7d00000)
  eden space 102400K, 100% used [0x00000000f0000000, 0x00000000f6400000, 0x00000000f6400000)
  from space 12800K,  99% used [0x00000000f7080000, 0x00000000f7cfffe0, 0x00000000f7d00000)
  to   space 12800K,   0% used [0x00000000f6400000, 0x00000000f6400000, 0x00000000f7080000)
 concurrent mark-sweep generation total 134144K, used 134076K [0x00000000f7d00000, 0x0000000100000000, 0x0000000100000000)
 Metaspace       used 52044K, capacity 54894K, committed 55936K, reserved 1097728K
  class space    used 6335K, capacity 6835K, committed 7040K, reserved 1048576K
2023-01-17T04:34:24.628+0800: 274.535: [GC (Allocation Failure) 2023-01-17T04:34:24.628+0800: 274.536: [ParNew: 115199K->115199K(115200K), 0.0000267 secs]2023-01-17T04:34:24.628+0800: 274.536: [CMS: 134076K->134143K(134144K), 0.2033569 secs] 249276K->140176K(249344K), [Metaspace: 52044K->52044K(1097728K)], 0.2037778 secs] [Times: user=0.21 sys=0.00, real=0.21 secs] 
Heap after GC invocations=382 (full 500):
 par new generation   total 115200K, used 6033K [0x00000000f0000000, 0x00000000f7d00000, 0x00000000f7d00000)
  eden space 102400K,   5% used [0x00000000f0000000, 0x00000000f05e4418, 0x00000000f6400000)
  from space 12800K,   0% used [0x00000000f7080000, 0x00000000f7080000, 0x00000000f7d00000)
  to   space 12800K,   0% used [0x00000000f6400000, 0x00000000f6400000, 0x00000000f7080000)
 concurrent mark-sweep generation total 134144K, used 134143K [0x00000000f7d00000, 0x0000000100000000, 0x0000000100000000)
 Metaspace       used 52044K, capacity 54894K, committed 55936K, reserved 1097728K
  class space    used 6335K, capacity 6835K, committed 7040K, reserved 1048576K
}
2023-01-17T04:34:24.836+0800: 274.744: [GC (CMS Initial Mark) [1 CMS-initial-mark: 134143K(134144K)] 140486K(249344K), 0.0047407 secs] [Times: user=0.02 sys=0.00, real=0.01 secs] 
2023-01-17T04:34:24.841+0800: 274.749: [CMS-concurrent-mark-start]
2023-01-17T04:34:24.925+0800: 274.833: [CMS-concurrent-mark: 0.084/0.084 secs] [Times: user=0.20 sys=0.10, real=0.08 secs] 
2023-01-17T04:34:24.925+0800: 274.833: [CMS-concurrent-preclean-start]
2023-01-17T04:34:25.018+0800: 274.926: [CMS-concurrent-preclean: 0.093/0.093 secs] [Times: user=0.17 sys=0.14, real=0.09 secs] 
2023-01-17T04:34:25.019+0800: 274.926: [CMS-concurrent-abortable-preclean-start]
2023-01-17T04:34:25.019+0800: 274.926: [CMS-concurrent-abortable-preclean: 0.000/0.000 secs] [Times: user=0.00 sys=0.00, real=0.00 secs] 
2023-01-17T04:34:25.022+0800: 274.930: [GC (CMS Final Remark) [YG occupancy: 50422 K (115200 K)]2023-01-17T04:34:25.023+0800: 274.930: [Rescan (parallel) , 0.0208442 secs]2023-01-17T04:34:25.043+0800: 274.951: [weak refs processing, 0.0000493 secs]2023-01-17T04:34:25.043+0800: 274.951: [class unloading, 0.0133785 secs]2023-01-17T04:34:25.057+0800: 274.965: [scrub symbol table, 0.0050284 secs]2023-01-17T04:34:25.062+0800: 274.970: [scrub string table, 0.0009049 secs][1 CMS-remark: 134143K(134144K)] 184565K(249344K), 0.0404085 secs] [Times: user=0.08 sys=0.00, real=0.04 secs] 
2023-01-17T04:34:25.063+0800: 274.971: [CMS-concurrent-sweep-start]
2023-01-17T04:34:25.079+0800: 274.987: [CMS-concurrent-sweep: 0.016/0.016 secs] [Times: user=0.03 sys=0.01, real=0.01 secs] 
2023-01-17T04:34:25.079+0800: 274.987: [CMS-concurrent-reset-start]
2023-01-17T04:34:25.080+0800: 274.987: [CMS-concurrent-reset: 0.000/0.000 secs] [Times: user=0.00 sys=0.01, real=0.01 secs] 
{Heap before GC invocations=382 (full 501):
 par new generation   total 115200K, used 115199K [0x00000000f0000000, 0x00000000f7d00000, 0x00000000f7d00000)
  eden space 102400K, 100% used [0x00000000f0000000, 0x00000000f6400000, 0x00000000f6400000)
  from space 12800K,  99% used [0x00000000f7080000, 0x00000000f7cffff0, 0x00000000f7d00000)
  to   space 12800K,   0% used [0x00000000f6400000, 0x00000000f6400000, 0x00000000f7080000)
 concurrent mark-sweep generation total 134144K, used 134095K [0x00000000f7d00000, 0x0000000100000000, 0x0000000100000000)
 Metaspace       used 52044K, capacity 54894K, committed 55936K, reserved 1097728K
  class space    used 6335K, capacity 6835K, committed 7040K, reserved 1048576K
2023-01-17T04:34:25.374+0800: 275.282: [GC (Allocation Failure) 2023-01-17T04:34:25.375+0800: 275.283: [ParNew: 115199K->115199K(115200K), 0.0000331 secs]2023-01-17T04:34:25.375+0800: 275.283: [CMS: 134095K->134143K(134144K), 0.2218937 secs] 249295K->140136K(249344K), [Metaspace: 52044K->52044K(1097728K)], 0.2223611 secs] [Times: user=0.22 sys=0.00, real=0.22 secs] 
Heap after GC invocations=383 (full 502):
 par new generation   total 115200K, used 5992K [0x00000000f0000000, 0x00000000f7d00000, 0x00000000f7d00000)
  eden space 102400K,   5% used [0x00000000f0000000, 0x00000000f05da170, 0x00000000f6400000)
  from space 12800K,   0% used [0x00000000f7080000, 0x00000000f7080000, 0x00000000f7d00000)
  to   space 12800K,   0% used [0x00000000f6400000, 0x00000000f6400000, 0x00000000f7080000)
 concurrent mark-sweep generation total 134144K, used 134143K [0x00000000f7d00000, 0x0000000100000000, 0x0000000100000000)
 Metaspace       used 52044K, capacity 54894K, committed 55936K, reserved 1097728K
  class space    used 6335K, capacity 6835K, committed 7040K, reserved 1048576K
}
2023-01-17T04:34:25.602+0800: 275.510: [GC (CMS Initial Mark) [1 CMS-initial-mark: 134143K(134144K)] 141254K(249344K), 0.0054167 secs] [Times: user=0.02 sys=0.00, real=0.00 secs] 
2023-01-17T04:34:25.608+0800: 275.516: [CMS-concurrent-mark-start]
2023-01-17T04:34:25.689+0800: 275.597: [CMS-concurrent-mark: 0.081/0.081 secs] [Times: user=0.22 sys=0.02, real=0.08 secs] 
2023-01-17T04:34:25.689+0800: 275.597: [CMS-concurrent-preclean-start]
2023-01-17T04:34:25.727+0800: 275.635: [CMS-concurrent-preclean: 0.038/0.038 secs] [Times: user=0.07 sys=0.00, real=0.04 secs] 
2023-01-17T04:34:25.727+0800: 275.635: [CMS-concurrent-abortable-preclean-start]
2023-01-17T04:34:25.727+0800: 275.635: [CMS-concurrent-abortable-preclean: 0.000/0.000 secs] [Times: user=0.00 sys=0.00, real=0.00 secs] 
2023-01-17T04:34:25.732+0800: 275.639: [GC (CMS Final Remark) [YG occupancy: 63162 K (115200 K)]2023-01-17T04:34:25.732+0800: 275.640: [Rescan (parallel) , 0.0183259 secs]2023-01-17T04:34:25.750+0800: 275.658: [weak refs processing, 0.0000423 secs]2023-01-17T04:34:25.750+0800: 275.658: [class unloading, 0.0136597 secs]2023-01-17T04:34:25.764+0800: 275.672: [scrub symbol table, 0.0049791 secs]2023-01-17T04:34:25.769+0800: 275.677: [scrub string table, 0.0009002 secs][1 CMS-remark: 134143K(134144K)] 197306K(249344K), 0.0381254 secs] [Times: user=0.10 sys=0.00, real=0.04 secs] 
2023-01-17T04:34:25.771+0800: 275.678: [CMS-concurrent-sweep-start]
2023-01-17T04:34:25.792+0800: 275.700: [CMS-concurrent-sweep: 0.021/0.021 secs] [Times: user=0.05 sys=0.02, real=0.02 secs] 
2023-01-17T04:34:25.792+0800: 275.700: [CMS-concurrent-reset-start]
2023-01-17T04:34:25.793+0800: 275.700: [CMS-concurrent-reset: 0.000/0.000 secs] [Times: user=0.01 sys=0.00, real=0.00 secs] 
{Heap before GC invocations=383 (full 503):
 par new generation   total 115200K, used 115200K [0x00000000f0000000, 0x00000000f7d00000, 0x00000000f7d00000)
  eden space 102400K, 100% used [0x00000000f0000000, 0x00000000f6400000, 0x00000000f6400000)
  from space 12800K, 100% used [0x00000000f7080000, 0x00000000f7d00000, 0x00000000f7d00000)
  to   space 12800K,   0% used [0x00000000f6400000, 0x00000000f6400000, 0x00000000f7080000)
 concurrent mark-sweep generation total 134144K, used 134014K [0x00000000f7d00000, 0x0000000100000000, 0x0000000100000000)
 Metaspace       used 52044K, capacity 54894K, committed 55936K, reserved 1097728K
  class space    used 6335K, capacity 6835K, committed 7040K, reserved 1048576K
2023-01-17T04:34:26.180+0800: 276.088: [GC (Allocation Failure) 2023-01-17T04:34:26.181+0800: 276.089: [ParNew: 115200K->115200K(115200K), 0.0000327 secs]2023-01-17T04:34:26.181+0800: 276.089: [CMS: 134014K->134144K(134144K), 0.2363506 secs] 249214K->140230K(249344K), [Metaspace: 52044K->52044K(1097728K)], 0.2368080 secs] [Times: user=0.24 sys=0.00, real=0.23 secs] 
Heap after GC invocations=384 (full 504):
 par new generation   total 115200K, used 6086K [0x00000000f0000000, 0x00000000f7d00000, 0x00000000f7d00000)
  eden space 102400K,   5% used [0x00000000f0000000, 0x00000000f05f1800, 0x00000000f6400000)
  from space 12800K,   0% used [0x00000000f7080000, 0x00000000f7080000, 0x00000000f7d00000)
  to   space 12800K,   0% used [0x00000000f6400000, 0x00000000f6400000, 0x00000000f7080000)
 concurrent mark-sweep generation total 134144K, used 134144K [0x00000000f7d00000, 0x0000000100000000, 0x0000000100000000)
 Metaspace       used 52044K, capacity 54894K, committed 55936K, reserved 1097728K
  class space    used 6335K, capacity 6835K, committed 7040K, reserved 1048576K
}
2023-01-17T04:34:26.427+0800: 276.335: [GC (CMS Initial Mark) [1 CMS-initial-mark: 134144K(134144K)] 142957K(249344K), 0.0066639 secs] [Times: user=0.02 sys=0.00, real=0.01 secs] 
2023-01-17T04:34:26.434+0800: 276.342: [CMS-concurrent-mark-start]
2023-01-17T04:34:26.506+0800: 276.414: [CMS-concurrent-mark: 0.072/0.072 secs] [Times: user=0.18 sys=0.02, real=0.07 secs] 
2023-01-17T04:34:26.507+0800: 276.414: [CMS-concurrent-preclean-start]
2023-01-17T04:34:26.545+0800: 276.453: [CMS-concurrent-preclean: 0.038/0.038 secs] [Times: user=0.11 sys=0.01, real=0.04 secs] 
2023-01-17T04:34:26.545+0800: 276.453: [CMS-concurrent-abortable-preclean-start]
2023-01-17T04:34:26.545+0800: 276.453: [CMS-concurrent-abortable-preclean: 0.000/0.000 secs] [Times: user=0.00 sys=0.00, real=0.00 secs] 
2023-01-17T04:34:26.549+0800: 276.457: [GC (CMS Final Remark) [YG occupancy: 62733 K (115200 K)]2023-01-17T04:34:26.550+0800: 276.457: [Rescan (parallel) , 0.0211350 secs]2023-01-17T04:34:26.571+0800: 276.479: [weak refs processing, 0.0000397 secs]2023-01-17T04:34:26.571+0800: 276.479: [class unloading, 0.0134059 secs]2023-01-17T04:34:26.584+0800: 276.492: [scrub symbol table, 0.0049566 secs]2023-01-17T04:34:26.589+0800: 276.497: [scrub string table, 0.0008777 secs][1 CMS-remark: 134144K(134144K)] 196877K(249344K), 0.0406287 secs] [Times: user=0.08 sys=0.00, real=0.05 secs] 
2023-01-17T04:34:26.591+0800: 276.499: [CMS-concurrent-sweep-start]
2023-01-17T04:34:26.609+0800: 276.517: [CMS-concurrent-sweep: 0.018/0.018 secs] [Times: user=0.06 sys=0.00, real=0.01 secs] 
2023-01-17T04:34:26.609+0800: 276.517: [CMS-concurrent-reset-start]
2023-01-17T04:34:26.609+0800: 276.517: [CMS-concurrent-reset: 0.000/0.000 secs] [Times: user=0.00 sys=0.00, real=0.00 secs] 
{Heap before GC invocations=384 (full 505):
 par new generation   total 115200K, used 115197K [0x00000000f0000000, 0x00000000f7d00000, 0x00000000f7d00000)
  eden space 102400K, 100% used [0x00000000f0000000, 0x00000000f6400000, 0x00000000f6400000)
  from space 12800K,  99% used [0x00000000f7080000, 0x00000000f7cff430, 0x00000000f7d00000)
  to   space 12800K,   0% used [0x00000000f6400000, 0x00000000f6400000, 0x00000000f7080000)
 concurrent mark-sweep generation total 134144K, used 133978K [0x00000000f7d00000, 0x0000000100000000, 0x0000000100000000)
 Metaspace       used 52044K, capacity 54894K, committed 55936K, reserved 1097728K
  class space    used 6335K, capacity 6835K, committed 7040K, reserved 1048576K
2023-01-17T04:34:26.955+0800: 276.862: [GC (Allocation Failure) 2023-01-17T04:34:26.955+0800: 276.863: [ParNew: 115197K->115197K(115200K), 0.0000269 secs]2023-01-17T04:34:26.955+0800: 276.863: [CMS: 133978K->134143K(134144K), 0.1979726 secs] 249175K->140224K(249344K), [Metaspace: 52044K->52044K(1097728K)], 0.1983759 secs] [Times: user=0.20 sys=0.00, real=0.20 secs] 
Heap after GC invocations=385 (full 506):
 par new generation   total 115200K, used 6081K [0x00000000f0000000, 0x00000000f7d00000, 0x00000000f7d00000)
  eden space 102400K,   5% used [0x00000000f0000000, 0x00000000f05f0468, 0x00000000f6400000)
  from space 12800K,   0% used [0x00000000f7080000, 0x00000000f7080000, 0x00000000f7d00000)
  to   space 12800K,   0% used [0x00000000f6400000, 0x00000000f6400000, 0x00000000f7080000)
 concurrent mark-sweep generation total 134144K, used 134143K [0x00000000f7d00000, 0x0000000100000000, 0x0000000100000000)
 Metaspace       used 52044K, capacity 54894K, committed 55936K, reserved 1097728K
  class space    used 6335K, capacity 6835K, committed 7040K, reserved 1048576K
}
2023-01-17T04:34:27.158+0800: 277.066: [GC (CMS Initial Mark) [1 CMS-initial-mark: 134143K(134144K)] 140788K(249344K), 0.0044918 secs] [Times: user=0.02 sys=0.00, real=0.01 secs] 
2023-01-17T04:34:27.163+0800: 277.070: [CMS-concurrent-mark-start]
2023-01-17T04:34:27.223+0800: 277.131: [CMS-concurrent-mark: 0.060/0.060 secs] [Times: user=0.16 sys=0.01, real=0.06 secs] 
2023-01-17T04:34:27.223+0800: 277.131: [CMS-concurrent-preclean-start]
2023-01-17T04:34:27.260+0800: 277.168: [CMS-concurrent-preclean: 0.037/0.037 secs] [Times: user=0.10 sys=0.00, real=0.04 secs] 
2023-01-17T04:34:27.260+0800: 277.168: [CMS-concurrent-abortable-preclean-start]
2023-01-17T04:34:27.260+0800: 277.168: [CMS-concurrent-abortable-preclean: 0.000/0.000 secs] [Times: user=0.00 sys=0.00, real=0.00 secs] 
2023-01-17T04:34:27.264+0800: 277.172: [GC (CMS Final Remark) [YG occupancy: 52211 K (115200 K)]2023-01-17T04:34:27.265+0800: 277.172: [Rescan (parallel) , 0.0165413 secs]2023-01-17T04:34:27.281+0800: 277.189: [weak refs processing, 0.0000437 secs]2023-01-17T04:34:27.281+0800: 277.189: [class unloading, 0.0140399 secs]2023-01-17T04:34:27.295+0800: 277.203: [scrub symbol table, 0.0047808 secs]2023-01-17T04:34:27.300+0800: 277.208: [scrub string table, 0.0009008 secs][1 CMS-remark: 134143K(134144K)] 186355K(249344K), 0.0365190 secs] [Times: user=0.08 sys=0.00, real=0.04 secs] 
2023-01-17T04:34:27.301+0800: 277.209: [CMS-concurrent-sweep-start]
2023-01-17T04:34:27.323+0800: 277.231: [CMS-concurrent-sweep: 0.022/0.022 secs] [Times: user=0.07 sys=0.01, real=0.02 secs] 
2023-01-17T04:34:27.323+0800: 277.231: [CMS-concurrent-reset-start]
2023-01-17T04:34:27.324+0800: 277.231: [CMS-concurrent-reset: 0.000/0.000 secs] [Times: user=0.00 sys=0.00, real=0.00 secs] 
{Heap before GC invocations=385 (full 507):
 par new generation   total 115200K, used 115199K [0x00000000f0000000, 0x00000000f7d00000, 0x00000000f7d00000)
  eden space 102400K, 100% used [0x00000000f0000000, 0x00000000f6400000, 0x00000000f6400000)
  from space 12800K,  99% used [0x00000000f7080000, 0x00000000f7cffff8, 0x00000000f7d00000)
  to   space 12800K,   0% used [0x00000000f6400000, 0x00000000f6400000, 0x00000000f7080000)
 concurrent mark-sweep generation total 134144K, used 134032K [0x00000000f7d00000, 0x0000000100000000, 0x0000000100000000)
 Metaspace       used 52044K, capacity 54894K, committed 55936K, reserved 1097728K
  class space    used 6335K, capacity 6835K, committed 7040K, reserved 1048576K
2023-01-17T04:34:27.823+0800: 277.730: [GC (Allocation Failure) 2023-01-17T04:34:27.823+0800: 277.731: [ParNew: 115199K->115199K(115200K), 0.0000271 secs]2023-01-17T04:34:27.823+0800: 277.731: [CMS: 134032K->134143K(134144K), 0.1973312 secs] 249232K->140228K(249344K), [Metaspace: 52044K->52044K(1097728K)], 0.1977289 secs] [Times: user=0.20 sys=0.00, real=0.20 secs] 
Heap after GC invocations=386 (full 508):
 par new generation   total 115200K, used 6084K [0x00000000f0000000, 0x00000000f7d00000, 0x00000000f7d00000)
  eden space 102400K,   5% used [0x00000000f0000000, 0x00000000f05f11b8, 0x00000000f6400000)
  from space 12800K,   0% used [0x00000000f7080000, 0x00000000f7080000, 0x00000000f7d00000)
  to   space 12800K,   0% used [0x00000000f6400000, 0x00000000f6400000, 0x00000000f7080000)
 concurrent mark-sweep generation total 134144K, used 134143K [0x00000000f7d00000, 0x0000000100000000, 0x0000000100000000)
 Metaspace       used 52044K, capacity 54894K, committed 55936K, reserved 1097728K
  class space    used 6335K, capacity 6835K, committed 7040K, reserved 1048576K
}
2023-01-17T04:34:28.026+0800: 277.934: [GC (CMS Initial Mark) [1 CMS-initial-mark: 134143K(134144K)] 141302K(249344K), 0.0044489 secs] [Times: user=0.02 sys=0.00, real=0.01 secs] 
2023-01-17T04:34:28.031+0800: 277.938: [CMS-concurrent-mark-start]
2023-01-17T04:34:28.097+0800: 278.005: [CMS-concurrent-mark: 0.067/0.067 secs] [Times: user=0.20 sys=0.03, real=0.06 secs] 
2023-01-17T04:34:28.098+0800: 278.005: [CMS-concurrent-preclean-start]
2023-01-17T04:34:28.141+0800: 278.048: [CMS-concurrent-preclean: 0.043/0.043 secs] [Times: user=0.12 sys=0.02, real=0.05 secs] 
2023-01-17T04:34:28.141+0800: 278.049: [CMS-concurrent-abortable-preclean-start]
2023-01-17T04:34:28.141+0800: 278.049: [CMS-concurrent-abortable-preclean: 0.000/0.000 secs] [Times: user=0.00 sys=0.00, real=0.00 secs] 
2023-01-17T04:34:28.145+0800: 278.053: [GC (CMS Final Remark) [YG occupancy: 72243 K (115200 K)]2023-01-17T04:34:28.145+0800: 278.053: [Rescan (parallel) , 0.0211111 secs]2023-01-17T04:34:28.166+0800: 278.074: [weak refs processing, 0.0000443 secs]2023-01-17T04:34:28.166+0800: 278.074: [class unloading, 0.0137756 secs]2023-01-17T04:34:28.180+0800: 278.088: [scrub symbol table, 0.0048765 secs]2023-01-17T04:34:28.185+0800: 278.093: [scrub string table, 0.0009177 secs][1 CMS-remark: 134143K(134144K)] 206387K(249344K), 0.0409343 secs] [Times: user=0.10 sys=0.00, real=0.04 secs] 
2023-01-17T04:34:28.187+0800: 278.095: [CMS-concurrent-sweep-start]
2023-01-17T04:34:28.204+0800: 278.112: [CMS-concurrent-sweep: 0.017/0.017 secs] [Times: user=0.05 sys=0.01, real=0.02 secs] 
2023-01-17T04:34:28.204+0800: 278.112: [CMS-concurrent-reset-start]
2023-01-17T04:34:28.205+0800: 278.112: [CMS-concurrent-reset: 0.000/0.000 secs] [Times: user=0.01 sys=0.00, real=0.00 secs] 
{Heap before GC invocations=386 (full 509):
 par new generation   total 115200K, used 115193K [0x00000000f0000000, 0x00000000f7d00000, 0x00000000f7d00000)
  eden space 102400K, 100% used [0x00000000f0000000, 0x00000000f6400000, 0x00000000f6400000)
  from space 12800K,  99% used [0x00000000f7080000, 0x00000000f7cfe590, 0x00000000f7d00000)
  to   space 12800K,   0% used [0x00000000f6400000, 0x00000000f6400000, 0x00000000f7080000)
 concurrent mark-sweep generation total 134144K, used 133956K [0x00000000f7d00000, 0x0000000100000000, 0x0000000100000000)
 Metaspace       used 52044K, capacity 54894K, committed 55936K, reserved 1097728K
  class space    used 6335K, capacity 6835K, committed 7040K, reserved 1048576K
2023-01-17T04:34:28.550+0800: 278.458: [GC (Allocation Failure) 2023-01-17T04:34:28.551+0800: 278.458: [ParNew: 115193K->115193K(115200K), 0.0000280 secs]2023-01-17T04:34:28.551+0800: 278.458: [CMS: 133956K->134143K(134144K), 0.1999116 secs] 249150K->140168K(249344K), [Metaspace: 52044K->52044K(1097728K)], 0.2003261 secs] [Times: user=0.21 sys=0.00, real=0.20 secs] 
Heap after GC invocations=387 (full 510):
 par new generation   total 115200K, used 6024K [0x00000000f0000000, 0x00000000f7d00000, 0x00000000f7d00000)
  eden space 102400K,   5% used [0x00000000f0000000, 0x00000000f05e22c0, 0x00000000f6400000)
  from space 12800K,   0% used [0x00000000f7080000, 0x00000000f7080000, 0x00000000f7d00000)
  to   space 12800K,   0% used [0x00000000f6400000, 0x00000000f6400000, 0x00000000f7080000)
 concurrent mark-sweep generation total 134144K, used 134143K [0x00000000f7d00000, 0x0000000100000000, 0x0000000100000000)
 Metaspace       used 52044K, capacity 54894K, committed 55936K, reserved 1097728K
  class space    used 6335K, capacity 6835K, committed 7040K, reserved 1048576K
}
2023-01-17T04:34:28.779+0800: 278.687: [GC (CMS Initial Mark) [1 CMS-initial-mark: 134143K(134144K)] 156991K(249344K), 0.0135522 secs] [Times: user=0.02 sys=0.00, real=0.02 secs] 
2023-01-17T04:34:28.793+0800: 278.701: [CMS-concurrent-mark-start]
2023-01-17T04:34:28.866+0800: 278.773: [CMS-concurrent-mark: 0.072/0.072 secs] [Times: user=0.19 sys=0.01, real=0.07 secs] 
2023-01-17T04:34:28.866+0800: 278.774: [CMS-concurrent-preclean-start]
2023-01-17T04:34:28.908+0800: 278.816: [CMS-concurrent-preclean: 0.042/0.042 secs] [Times: user=0.09 sys=0.01, real=0.04 secs] 
2023-01-17T04:34:28.908+0800: 278.816: [CMS-concurrent-abortable-preclean-start]
2023-01-17T04:34:28.908+0800: 278.816: [CMS-concurrent-abortable-preclean: 0.000/0.000 secs] [Times: user=0.00 sys=0.00, real=0.00 secs] 
2023-01-17T04:34:28.914+0800: 278.822: [GC (CMS Final Remark) [YG occupancy: 53091 K (115200 K)]2023-01-17T04:34:28.914+0800: 278.822: [Rescan (parallel) , 0.0235545 secs]2023-01-17T04:34:28.938+0800: 278.845: [weak refs processing, 0.0000593 secs]2023-01-17T04:34:28.938+0800: 278.845: [class unloading, 0.0153177 secs]2023-01-17T04:34:28.953+0800: 278.861: [scrub symbol table, 0.0049505 secs]2023-01-17T04:34:28.958+0800: 278.866: [scrub string table, 0.0008930 secs][1 CMS-remark: 134143K(134144K)] 187235K(249344K), 0.0449957 secs] [Times: user=0.08 sys=0.00, real=0.04 secs] 
2023-01-17T04:34:28.959+0800: 278.867: [CMS-concurrent-sweep-start]
2023-01-17T04:34:28.980+0800: 278.888: [CMS-concurrent-sweep: 0.021/0.021 secs] [Times: user=0.05 sys=0.02, real=0.03 secs] 
2023-01-17T04:34:28.980+0800: 278.888: [CMS-concurrent-reset-start]
2023-01-17T04:34:28.980+0800: 278.888: [CMS-concurrent-reset: 0.000/0.000 secs] [Times: user=0.00 sys=0.00, real=0.00 secs] 
{Heap before GC invocations=387 (full 511):
 par new generation   total 115200K, used 115199K [0x00000000f0000000, 0x00000000f7d00000, 0x00000000f7d00000)
  eden space 102400K, 100% used [0x00000000f0000000, 0x00000000f6400000, 0x00000000f6400000)
  from space 12800K,  99% used [0x00000000f7080000, 0x00000000f7cffff0, 0x00000000f7d00000)
  to   space 12800K,   0% used [0x00000000f6400000, 0x00000000f6400000, 0x00000000f7080000)
 concurrent mark-sweep generation total 134144K, used 133801K [0x00000000f7d00000, 0x0000000100000000, 0x0000000100000000)
 Metaspace       used 52044K, capacity 54894K, committed 55936K, reserved 1097728K
  class space    used 6335K, capacity 6835K, committed 7040K, reserved 1048576K
2023-01-17T04:34:29.277+0800: 279.184: [GC (Allocation Failure) 2023-01-17T04:34:29.277+0800: 279.185: [ParNew: 115199K->115199K(115200K), 0.0000274 secs]2023-01-17T04:34:29.277+0800: 279.185: [CMS: 133801K->134143K(134144K), 0.2056662 secs] 249001K->140221K(249344K), [Metaspace: 52044K->52044K(1097728K)], 0.2060899 secs] [Times: user=0.21 sys=0.00, real=0.21 secs] 
Heap after GC invocations=388 (full 512):
 par new generation   total 115200K, used 6077K [0x00000000f0000000, 0x00000000f7d00000, 0x00000000f7d00000)
  eden space 102400K,   5% used [0x00000000f0000000, 0x00000000f05ef6a8, 0x00000000f6400000)
  from space 12800K,   0% used [0x00000000f7080000, 0x00000000f7080000, 0x00000000f7d00000)
  to   space 12800K,   0% used [0x00000000f6400000, 0x00000000f6400000, 0x00000000f7080000)
 concurrent mark-sweep generation total 134144K, used 134143K [0x00000000f7d00000, 0x0000000100000000, 0x0000000100000000)
 Metaspace       used 52044K, capacity 54894K, committed 55936K, reserved 1097728K
  class space    used 6335K, capacity 6835K, committed 7040K, reserved 1048576K
}
2023-01-17T04:34:29.489+0800: 279.396: [GC (CMS Initial Mark) [1 CMS-initial-mark: 134143K(134144K)] 141602K(249344K), 0.0053182 secs] [Times: user=0.02 sys=0.00, real=0.01 secs] 
2023-01-17T04:34:29.494+0800: 279.402: [CMS-concurrent-mark-start]
2023-01-17T04:34:29.560+0800: 279.468: [CMS-concurrent-mark: 0.066/0.066 secs] [Times: user=0.23 sys=0.02, real=0.07 secs] 
2023-01-17T04:34:29.560+0800: 279.468: [CMS-concurrent-preclean-start]
2023-01-17T04:34:29.605+0800: 279.513: [CMS-concurrent-preclean: 0.045/0.045 secs] [Times: user=0.14 sys=0.04, real=0.04 secs] 
2023-01-17T04:34:29.606+0800: 279.513: [CMS-concurrent-abortable-preclean-start]
2023-01-17T04:34:29.606+0800: 279.513: [CMS-concurrent-abortable-preclean: 0.000/0.000 secs] [Times: user=0.00 sys=0.00, real=0.00 secs] 
2023-01-17T04:34:29.610+0800: 279.517: [GC (CMS Final Remark) [YG occupancy: 86760 K (115200 K)]2023-01-17T04:34:29.610+0800: 279.517: [Rescan (parallel) , 0.0236914 secs]2023-01-17T04:34:29.633+0800: 279.541: [weak refs processing, 0.0000402 secs]2023-01-17T04:34:29.633+0800: 279.541: [class unloading, 0.0133338 secs]2023-01-17T04:34:29.647+0800: 279.555: [scrub symbol table, 0.0049507 secs]2023-01-17T04:34:29.652+0800: 279.560: [scrub string table, 0.0008916 secs][1 CMS-remark: 134143K(134144K)] 220904K(249344K), 0.0430873 secs] [Times: user=0.11 sys=0.00, real=0.04 secs] 
2023-01-17T04:34:29.653+0800: 279.561: [CMS-concurrent-sweep-start]
2023-01-17T04:34:29.670+0800: 279.578: [CMS-concurrent-sweep: 0.017/0.017 secs] [Times: user=0.06 sys=0.01, real=0.02 secs] 
2023-01-17T04:34:29.671+0800: 279.578: [CMS-concurrent-reset-start]
2023-01-17T04:34:29.671+0800: 279.579: [CMS-concurrent-reset: 0.000/0.000 secs] [Times: user=0.00 sys=0.00, real=0.00 secs] 
{Heap before GC invocations=388 (full 513):
 par new generation   total 115200K, used 115199K [0x00000000f0000000, 0x00000000f7d00000, 0x00000000f7d00000)
  eden space 102400K, 100% used [0x00000000f0000000, 0x00000000f6400000, 0x00000000f6400000)
  from space 12800K,  99% used [0x00000000f7080000, 0x00000000f7cffff0, 0x00000000f7d00000)
  to   space 12800K,   0% used [0x00000000f6400000, 0x00000000f6400000, 0x00000000f7080000)
 concurrent mark-sweep generation total 134144K, used 133827K [0x00000000f7d00000, 0x0000000100000000, 0x0000000100000000)
 Metaspace       used 52044K, capacity 54894K, committed 55936K, reserved 1097728K
  class space    used 6335K, capacity 6835K, committed 7040K, reserved 1048576K
2023-01-17T04:34:30.061+0800: 279.969: [GC (Allocation Failure) 2023-01-17T04:34:30.062+0800: 279.969: [ParNew: 115199K->115199K(115200K), 0.0000350 secs]2023-01-17T04:34:30.062+0800: 279.969: [CMS: 133827K->134144K(134144K), 0.2305318 secs] 249027K->140214K(249344K), [Metaspace: 52044K->52044K(1097728K)], 0.2310478 secs] [Times: user=0.24 sys=0.00, real=0.23 secs] 
Heap after GC invocations=389 (full 514):
 par new generation   total 115200K, used 6070K [0x00000000f0000000, 0x00000000f7d00000, 0x00000000f7d00000)
  eden space 102400K,   5% used [0x00000000f0000000, 0x00000000f05edb90, 0x00000000f6400000)
  from space 12800K,   0% used [0x00000000f7080000, 0x00000000f7080000, 0x00000000f7d00000)
  to   space 12800K,   0% used [0x00000000f6400000, 0x00000000f6400000, 0x00000000f7080000)
 concurrent mark-sweep generation total 134144K, used 134144K [0x00000000f7d00000, 0x0000000100000000, 0x0000000100000000)
 Metaspace       used 52044K, capacity 54894K, committed 55936K, reserved 1097728K
  class space    used 6335K, capacity 6835K, committed 7040K, reserved 1048576K
}
2023-01-17T04:34:30.297+0800: 280.205: [GC (CMS Initial Mark) [1 CMS-initial-mark: 134144K(134144K)] 140562K(249344K), 0.0043473 secs] [Times: user=0.02 sys=0.00, real=0.01 secs] 
2023-01-17T04:34:30.302+0800: 280.209: [CMS-concurrent-mark-start]
2023-01-17T04:34:30.362+0800: 280.270: [CMS-concurrent-mark: 0.061/0.061 secs] [Times: user=0.14 sys=0.02, real=0.06 secs] 
2023-01-17T04:34:30.362+0800: 280.270: [CMS-concurrent-preclean-start]
2023-01-17T04:34:30.409+0800: 280.317: [CMS-concurrent-preclean: 0.046/0.046 secs] [Times: user=0.14 sys=0.02, real=0.04 secs] 
2023-01-17T04:34:30.409+0800: 280.317: [CMS-concurrent-abortable-preclean-start]
2023-01-17T04:34:30.409+0800: 280.317: [CMS-concurrent-abortable-preclean: 0.000/0.000 secs] [Times: user=0.00 sys=0.00, real=0.00 secs] 
2023-01-17T04:34:30.413+0800: 280.320: [GC (CMS Final Remark) [YG occupancy: 60772 K (115200 K)]2023-01-17T04:34:30.413+0800: 280.321: [Rescan (parallel) , 0.0176424 secs]2023-01-17T04:34:30.430+0800: 280.338: [weak refs processing, 0.0000520 secs]2023-01-17T04:34:30.431+0800: 280.338: [class unloading, 0.0128270 secs]2023-01-17T04:34:30.443+0800: 280.351: [scrub symbol table, 0.0050761 secs]2023-01-17T04:34:30.448+0800: 280.356: [scrub string table, 0.0009231 secs][1 CMS-remark: 134144K(134144K)] 194916K(249344K), 0.0367031 secs] [Times: user=0.09 sys=0.00, real=0.03 secs] 
2023-01-17T04:34:30.450+0800: 280.358: [CMS-concurrent-sweep-start]
2023-01-17T04:34:30.471+0800: 280.379: [CMS-concurrent-sweep: 0.021/0.021 secs] [Times: user=0.07 sys=0.00, real=0.02 secs] 
2023-01-17T04:34:30.471+0800: 280.379: [CMS-concurrent-reset-start]
2023-01-17T04:34:30.471+0800: 280.379: [CMS-concurrent-reset: 0.000/0.000 secs] [Times: user=0.00 sys=0.00, real=0.00 secs] 
{Heap before GC invocations=389 (full 515):
 par new generation   total 115200K, used 115200K [0x00000000f0000000, 0x00000000f7d00000, 0x00000000f7d00000)
  eden space 102400K, 100% used [0x00000000f0000000, 0x00000000f6400000, 0x00000000f6400000)
  from space 12800K, 100% used [0x00000000f7080000, 0x00000000f7d00000, 0x00000000f7d00000)
  to   space 12800K,   0% used [0x00000000f6400000, 0x00000000f6400000, 0x00000000f7080000)
 concurrent mark-sweep generation total 134144K, used 134072K [0x00000000f7d00000, 0x0000000100000000, 0x0000000100000000)
 Metaspace       used 52044K, capacity 54894K, committed 55936K, reserved 1097728K
  class space    used 6335K, capacity 6835K, committed 7040K, reserved 1048576K
2023-01-17T04:34:30.817+0800: 280.725: [GC (Allocation Failure) 2023-01-17T04:34:30.818+0800: 280.725: [ParNew: 115200K->115200K(115200K), 0.0000302 secs]2023-01-17T04:34:30.818+0800: 280.725: [CMS: 134072K->134143K(134144K), 0.1957646 secs] 249272K->140160K(249344K), [Metaspace: 52044K->52044K(1097728K)], 0.1962138 secs] [Times: user=0.20 sys=0.00, real=0.20 secs] 
Heap after GC invocations=390 (full 516):
 par new generation   total 115200K, used 6016K [0x00000000f0000000, 0x00000000f7d00000, 0x00000000f7d00000)
  eden space 102400K,   5% used [0x00000000f0000000, 0x00000000f05e0080, 0x00000000f6400000)
  from space 12800K,   0% used [0x00000000f7080000, 0x00000000f7080000, 0x00000000f7d00000)
  to   space 12800K,   0% used [0x00000000f6400000, 0x00000000f6400000, 0x00000000f7080000)
 concurrent mark-sweep generation total 134144K, used 134143K [0x00000000f7d00000, 0x0000000100000000, 0x0000000100000000)
 Metaspace       used 52044K, capacity 54894K, committed 55936K, reserved 1097728K
  class space    used 6335K, capacity 6835K, committed 7040K, reserved 1048576K
}
2023-01-17T04:34:31.020+0800: 280.927: [GC (CMS Initial Mark) [1 CMS-initial-mark: 134143K(134144K)] 141853K(249344K), 0.0048179 secs] [Times: user=0.02 sys=0.00, real=0.00 secs] 
2023-01-17T04:34:31.025+0800: 280.933: [CMS-concurrent-mark-start]
2023-01-17T04:34:31.084+0800: 280.992: [CMS-concurrent-mark: 0.060/0.060 secs] [Times: user=0.17 sys=0.02, real=0.06 secs] 
2023-01-17T04:34:31.085+0800: 280.992: [CMS-concurrent-preclean-start]
2023-01-17T04:34:31.119+0800: 281.027: [CMS-concurrent-preclean: 0.035/0.035 secs] [Times: user=0.06 sys=0.00, real=0.03 secs] 
2023-01-17T04:34:31.119+0800: 281.027: [CMS-concurrent-abortable-preclean-start]
2023-01-17T04:34:31.119+0800: 281.027: [CMS-concurrent-abortable-preclean: 0.000/0.000 secs] [Times: user=0.00 sys=0.00, real=0.00 secs] 
2023-01-17T04:34:31.124+0800: 281.032: [GC (CMS Final Remark) [YG occupancy: 48673 K (115200 K)]2023-01-17T04:34:31.124+0800: 281.032: [Rescan (parallel) , 0.0146423 secs]2023-01-17T04:34:31.139+0800: 281.046: [weak refs processing, 0.0000393 secs]2023-01-17T04:34:31.139+0800: 281.046: [class unloading, 0.0131778 secs]2023-01-17T04:34:31.152+0800: 281.060: [scrub symbol table, 0.0048181 secs]2023-01-17T04:34:31.157+0800: 281.064: [scrub string table, 0.0008629 secs][1 CMS-remark: 134143K(134144K)] 182817K(249344K), 0.0337230 secs] [Times: user=0.07 sys=0.00, real=0.03 secs] 
2023-01-17T04:34:31.158+0800: 281.066: [CMS-concurrent-sweep-start]
2023-01-17T04:34:31.180+0800: 281.088: [CMS-concurrent-sweep: 0.022/0.022 secs] [Times: user=0.05 sys=0.02, real=0.03 secs] 
2023-01-17T04:34:31.180+0800: 281.088: [CMS-concurrent-reset-start]
2023-01-17T04:34:31.180+0800: 281.088: [CMS-concurrent-reset: 0.000/0.000 secs] [Times: user=0.00 sys=0.00, real=0.00 secs] 
{Heap before GC invocations=390 (full 517):
 par new generation   total 115200K, used 115199K [0x00000000f0000000, 0x00000000f7d00000, 0x00000000f7d00000)
  eden space 102400K, 100% used [0x00000000f0000000, 0x00000000f6400000, 0x00000000f6400000)
  from space 12800K,  99% used [0x00000000f7080000, 0x00000000f7cfff28, 0x00000000f7d00000)
  to   space 12800K,   0% used [0x00000000f6400000, 0x00000000f6400000, 0x00000000f7080000)
 concurrent mark-sweep generation total 134144K, used 134083K [0x00000000f7d00000, 0x0000000100000000, 0x0000000100000000)
 Metaspace       used 52044K, capacity 54894K, committed 55936K, reserved 1097728K
  class space    used 6335K, capacity 6835K, committed 7040K, reserved 1048576K
2023-01-17T04:34:31.553+0800: 281.460: [GC (Allocation Failure) 2023-01-17T04:34:31.553+0800: 281.461: [ParNew: 115199K->115199K(115200K), 0.0000267 secs]2023-01-17T04:34:31.553+0800: 281.461: [CMS: 134083K->134143K(134144K), 0.1997368 secs] 249283K->140194K(249344K), [Metaspace: 52044K->52044K(1097728K)], 0.2001539 secs] [Times: user=0.20 sys=0.00, real=0.20 secs] 
Heap after GC invocations=391 (full 518):
 par new generation   total 115200K, used 6050K [0x00000000f0000000, 0x00000000f7d00000, 0x00000000f7d00000)
  eden space 102400K,   5% used [0x00000000f0000000, 0x00000000f05e8a68, 0x00000000f6400000)
  from space 12800K,   0% used [0x00000000f7080000, 0x00000000f7080000, 0x00000000f7d00000)
  to   space 12800K,   0% used [0x00000000f6400000, 0x00000000f6400000, 0x00000000f7080000)
 concurrent mark-sweep generation total 134144K, used 134143K [0x00000000f7d00000, 0x0000000100000000, 0x0000000100000000)
 Metaspace       used 52044K, capacity 54894K, committed 55936K, reserved 1097728K
  class space    used 6335K, capacity 6835K, committed 7040K, reserved 1048576K
}
2023-01-17T04:34:31.761+0800: 281.668: [GC (CMS Initial Mark) [1 CMS-initial-mark: 134143K(134144K)] 143136K(249344K), 0.0049968 secs] [Times: user=0.01 sys=0.00, real=0.00 secs] 
2023-01-17T04:34:31.766+0800: 281.674: [CMS-concurrent-mark-start]
2023-01-17T04:34:31.833+0800: 281.741: [CMS-concurrent-mark: 0.067/0.067 secs] [Times: user=0.16 sys=0.02, real=0.07 secs] 
2023-01-17T04:34:31.834+0800: 281.741: [CMS-concurrent-preclean-start]
2023-01-17T04:34:31.876+0800: 281.784: [CMS-concurrent-preclean: 0.043/0.043 secs] [Times: user=0.10 sys=0.02, real=0.04 secs] 
2023-01-17T04:34:31.877+0800: 281.785: [CMS-concurrent-abortable-preclean-start]
2023-01-17T04:34:31.877+0800: 281.785: [CMS-concurrent-abortable-preclean: 0.000/0.000 secs] [Times: user=0.00 sys=0.00, real=0.00 secs] 
2023-01-17T04:34:31.882+0800: 281.789: [GC (CMS Final Remark) [YG occupancy: 59135 K (115200 K)]2023-01-17T04:34:31.882+0800: 281.790: [Rescan (parallel) , 0.0182554 secs]2023-01-17T04:34:31.900+0800: 281.808: [weak refs processing, 0.0000423 secs]2023-01-17T04:34:31.900+0800: 281.808: [class unloading, 0.0140789 secs]2023-01-17T04:34:31.914+0800: 281.822: [scrub symbol table, 0.0049969 secs]2023-01-17T04:34:31.919+0800: 281.827: [scrub string table, 0.0009230 secs][1 CMS-remark: 134143K(134144K)] 193279K(249344K), 0.0385308 secs] [Times: user=0.09 sys=0.00, real=0.04 secs] 
2023-01-17T04:34:31.921+0800: 281.829: [CMS-concurrent-sweep-start]
2023-01-17T04:34:31.939+0800: 281.847: [CMS-concurrent-sweep: 0.018/0.018 secs] [Times: user=0.05 sys=0.01, real=0.01 secs] 
2023-01-17T04:34:31.939+0800: 281.847: [CMS-concurrent-reset-start]
2023-01-17T04:34:31.940+0800: 281.847: [CMS-concurrent-reset: 0.000/0.000 secs] [Times: user=0.00 sys=0.00, real=0.01 secs] 
{Heap before GC invocations=391 (full 519):
 par new generation   total 115200K, used 115194K [0x00000000f0000000, 0x00000000f7d00000, 0x00000000f7d00000)
  eden space 102400K, 100% used [0x00000000f0000000, 0x00000000f6400000, 0x00000000f6400000)
  from space 12800K,  99% used [0x00000000f7080000, 0x00000000f7cfebf8, 0x00000000f7d00000)
  to   space 12800K,   0% used [0x00000000f6400000, 0x00000000f6400000, 0x00000000f7080000)
 concurrent mark-sweep generation total 134144K, used 133986K [0x00000000f7d00000, 0x0000000100000000, 0x0000000100000000)
 Metaspace       used 52044K, capacity 54894K, committed 55936K, reserved 1097728K
  class space    used 6335K, capacity 6835K, committed 7040K, reserved 1048576K
2023-01-17T04:34:32.436+0800: 282.344: [GC (Allocation Failure) 2023-01-17T04:34:32.437+0800: 282.344: [ParNew: 115194K->115194K(115200K), 0.0000281 secs]2023-01-17T04:34:32.437+0800: 282.344: [CMS: 133986K->134143K(134144K), 0.2022681 secs] 249181K->140146K(249344K), [Metaspace: 52044K->52044K(1097728K)], 0.2027108 secs] [Times: user=0.21 sys=0.00, real=0.20 secs] 
Heap after GC invocations=392 (full 520):
 par new generation   total 115200K, used 6002K [0x00000000f0000000, 0x00000000f7d00000, 0x00000000f7d00000)
  eden space 102400K,   5% used [0x00000000f0000000, 0x00000000f05dc948, 0x00000000f6400000)
  from space 12800K,   0% used [0x00000000f7080000, 0x00000000f7080000, 0x00000000f7d00000)
  to   space 12800K,   0% used [0x00000000f6400000, 0x00000000f6400000, 0x00000000f7080000)
 concurrent mark-sweep generation total 134144K, used 134143K [0x00000000f7d00000, 0x0000000100000000, 0x0000000100000000)
 Metaspace       used 52044K, capacity 54894K, committed 55936K, reserved 1097728K
  class space    used 6335K, capacity 6835K, committed 7040K, reserved 1048576K
}
2023-01-17T04:34:32.644+0800: 282.552: [GC (CMS Initial Mark) [1 CMS-initial-mark: 134143K(134144K)] 140723K(249344K), 0.0042351 secs] [Times: user=0.01 sys=0.00, real=0.00 secs] 
2023-01-17T04:34:32.649+0800: 282.556: [CMS-concurrent-mark-start]
2023-01-17T04:34:32.723+0800: 282.630: [CMS-concurrent-mark: 0.074/0.074 secs] [Times: user=0.22 sys=0.04, real=0.08 secs] 
2023-01-17T04:34:32.723+0800: 282.631: [CMS-concurrent-preclean-start]
2023-01-17T04:34:32.763+0800: 282.670: [CMS-concurrent-preclean: 0.040/0.040 secs] [Times: user=0.08 sys=0.01, real=0.04 secs] 
2023-01-17T04:34:32.763+0800: 282.671: [CMS-concurrent-abortable-preclean-start]
2023-01-17T04:34:32.763+0800: 282.671: [CMS-concurrent-abortable-preclean: 0.000/0.000 secs] [Times: user=0.00 sys=0.00, real=0.00 secs] 
2023-01-17T04:34:32.767+0800: 282.675: [GC (CMS Final Remark) [YG occupancy: 64358 K (115200 K)]2023-01-17T04:34:32.767+0800: 282.675: [Rescan (parallel) , 0.0247656 secs]2023-01-17T04:34:32.792+0800: 282.700: [weak refs processing, 0.0000450 secs]2023-01-17T04:34:32.792+0800: 282.700: [class unloading, 0.0135788 secs]2023-01-17T04:34:32.805+0800: 282.713: [scrub symbol table, 0.0047995 secs]2023-01-17T04:34:32.810+0800: 282.718: [scrub string table, 0.0008882 secs][1 CMS-remark: 134143K(134144K)] 198502K(249344K), 0.0442813 secs] [Times: user=0.09 sys=0.00, real=0.05 secs] 
2023-01-17T04:34:32.812+0800: 282.720: [CMS-concurrent-sweep-start]
2023-01-17T04:34:32.830+0800: 282.737: [CMS-concurrent-sweep: 0.017/0.017 secs] [Times: user=0.04 sys=0.01, real=0.02 secs] 
2023-01-17T04:34:32.830+0800: 282.738: [CMS-concurrent-reset-start]
2023-01-17T04:34:32.830+0800: 282.738: [CMS-concurrent-reset: 0.000/0.000 secs] [Times: user=0.00 sys=0.00, real=0.00 secs] 
{Heap before GC invocations=392 (full 521):
 par new generation   total 115200K, used 115199K [0x00000000f0000000, 0x00000000f7d00000, 0x00000000f7d00000)
  eden space 102400K, 100% used [0x00000000f0000000, 0x00000000f6400000, 0x00000000f6400000)
  from space 12800K,  99% used [0x00000000f7080000, 0x00000000f7cfffb8, 0x00000000f7d00000)
  to   space 12800K,   0% used [0x00000000f6400000, 0x00000000f6400000, 0x00000000f7080000)
 concurrent mark-sweep generation total 134144K, used 133954K [0x00000000f7d00000, 0x0000000100000000, 0x0000000100000000)
 Metaspace       used 52044K, capacity 54894K, committed 55936K, reserved 1097728K
  class space    used 6335K, capacity 6835K, committed 7040K, reserved 1048576K
2023-01-17T04:34:33.170+0800: 283.078: [GC (Allocation Failure) 2023-01-17T04:34:33.171+0800: 283.079: [ParNew: 115199K->115199K(115200K), 0.0000259 secs]2023-01-17T04:34:33.171+0800: 283.079: [CMS: 133954K->134144K(134144K), 0.2002344 secs] 249154K->140034K(249344K), [Metaspace: 52044K->52044K(1097728K)], 0.2006573 secs] [Times: user=0.20 sys=0.00, real=0.20 secs] 
Heap after GC invocations=393 (full 522):
 par new generation   total 115200K, used 5890K [0x00000000f0000000, 0x00000000f7d00000, 0x00000000f7d00000)
  eden space 102400K,   5% used [0x00000000f0000000, 0x00000000f05c09a0, 0x00000000f6400000)
  from space 12800K,   0% used [0x00000000f7080000, 0x00000000f7080000, 0x00000000f7d00000)
  to   space 12800K,   0% used [0x00000000f6400000, 0x00000000f6400000, 0x00000000f7080000)
 concurrent mark-sweep generation total 134144K, used 134144K [0x00000000f7d00000, 0x0000000100000000, 0x0000000100000000)
 Metaspace       used 52044K, capacity 54894K, committed 55936K, reserved 1097728K
  class space    used 6335K, capacity 6835K, committed 7040K, reserved 1048576K
}
2023-01-17T04:34:33.377+0800: 283.285: [GC (CMS Initial Mark) [1 CMS-initial-mark: 134144K(134144K)] 141543K(249344K), 0.0047443 secs] [Times: user=0.02 sys=0.00, real=0.01 secs] 
2023-01-17T04:34:33.382+0800: 283.290: [CMS-concurrent-mark-start]
2023-01-17T04:34:33.559+0800: 283.467: [CMS-concurrent-mark: 0.177/0.177 secs] [Times: user=0.51 sys=0.08, real=0.18 secs] 
2023-01-17T04:34:33.560+0800: 283.467: [CMS-concurrent-preclean-start]
2023-01-17T04:34:33.591+0800: 283.499: [CMS-concurrent-preclean: 0.031/0.031 secs] [Times: user=0.03 sys=0.00, real=0.03 secs] 
2023-01-17T04:34:33.591+0800: 283.499: [CMS-concurrent-abortable-preclean-start]
2023-01-17T04:34:33.591+0800: 283.499: [CMS-concurrent-abortable-preclean: 0.000/0.000 secs] [Times: user=0.00 sys=0.00, real=0.00 secs] 
2023-01-17T04:34:33.595+0800: 283.503: [GC (CMS Final Remark) [YG occupancy: 109720 K (115200 K)]2023-01-17T04:34:33.595+0800: 283.503: [Rescan (parallel) , 0.0423500 secs]2023-01-17T04:34:33.638+0800: 283.545: [weak refs processing, 0.0000680 secs]2023-01-17T04:34:33.638+0800: 283.545: [class unloading, 0.0192631 secs]2023-01-17T04:34:33.657+0800: 283.565: [scrub symbol table, 0.0072007 secs]2023-01-17T04:34:33.664+0800: 283.572: [scrub string table, 0.0012860 secs][1 CMS-remark: 134144K(134144K)] 243864K(249344K), 0.0704365 secs] [Times: user=0.17 sys=0.00, real=0.07 secs] 
2023-01-17T04:34:33.668+0800: 283.576: [CMS-concurrent-sweep-start]
2023-01-17T04:34:33.691+0800: 283.598: [CMS-concurrent-sweep: 0.023/0.023 secs] [Times: user=0.03 sys=0.00, real=0.03 secs] 
2023-01-17T04:34:33.691+0800: 283.599: [CMS-concurrent-reset-start]
2023-01-17T04:34:33.691+0800: 283.599: [CMS-concurrent-reset: 0.000/0.000 secs] [Times: user=0.00 sys=0.00, real=0.00 secs] 
{Heap before GC invocations=393 (full 523):
 par new generation   total 115200K, used 115200K [0x00000000f0000000, 0x00000000f7d00000, 0x00000000f7d00000)
  eden space 102400K, 100% used [0x00000000f0000000, 0x00000000f6400000, 0x00000000f6400000)
  from space 12800K, 100% used [0x00000000f7080000, 0x00000000f7d00000, 0x00000000f7d00000)
  to   space 12800K,   0% used [0x00000000f6400000, 0x00000000f6400000, 0x00000000f7080000)
 concurrent mark-sweep generation total 134144K, used 132334K [0x00000000f7d00000, 0x0000000100000000, 0x0000000100000000)
 Metaspace       used 52044K, capacity 54894K, committed 55936K, reserved 1097728K
  class space    used 6335K, capacity 6835K, committed 7040K, reserved 1048576K
2023-01-17T04:34:33.913+0800: 283.821: [GC (Allocation Failure) 2023-01-17T04:34:33.913+0800: 283.821: [ParNew: 115200K->115200K(115200K), 0.0000272 secs]2023-01-17T04:34:33.913+0800: 283.821: [CMS: 132334K->134143K(134144K), 0.2119891 secs] 247534K->137633K(249344K), [Metaspace: 52044K->52044K(1097728K)], 0.2124078 secs] [Times: user=0.22 sys=0.00, real=0.21 secs] 
Heap after GC invocations=394 (full 524):
 par new generation   total 115200K, used 3489K [0x00000000f0000000, 0x00000000f7d00000, 0x00000000f7d00000)
  eden space 102400K,   3% used [0x00000000f0000000, 0x00000000f0368560, 0x00000000f6400000)
  from space 12800K,   0% used [0x00000000f7080000, 0x00000000f7080000, 0x00000000f7d00000)
  to   space 12800K,   0% used [0x00000000f6400000, 0x00000000f6400000, 0x00000000f7080000)
 concurrent mark-sweep generation total 134144K, used 134143K [0x00000000f7d00000, 0x0000000100000000, 0x0000000100000000)
 Metaspace       used 52044K, capacity 54894K, committed 55936K, reserved 1097728K
  class space    used 6335K, capacity 6835K, committed 7040K, reserved 1048576K
}
2023-01-17T04:34:34.130+0800: 284.038: [GC (CMS Initial Mark) [1 CMS-initial-mark: 134143K(134144K)] 137984K(249344K), 0.0040526 secs] [Times: user=0.02 sys=0.00, real=0.00 secs] 
2023-01-17T04:34:34.134+0800: 284.042: [CMS-concurrent-mark-start]
2023-01-17T04:34:34.207+0800: 284.115: [CMS-concurrent-mark: 0.073/0.073 secs] [Times: user=0.23 sys=0.04, real=0.07 secs] 
2023-01-17T04:34:34.207+0800: 284.115: [CMS-concurrent-preclean-start]
2023-01-17T04:34:34.255+0800: 284.163: [CMS-concurrent-preclean: 0.048/0.048 secs] [Times: user=0.11 sys=0.02, real=0.05 secs] 
2023-01-17T04:34:34.256+0800: 284.163: [CMS-concurrent-abortable-preclean-start]
2023-01-17T04:34:34.256+0800: 284.163: [CMS-concurrent-abortable-preclean: 0.000/0.000 secs] [Times: user=0.00 sys=0.00, real=0.00 secs] 
2023-01-17T04:34:34.262+0800: 284.170: [GC (CMS Final Remark) [YG occupancy: 72438 K (115200 K)]2023-01-17T04:34:34.262+0800: 284.170: [Rescan (parallel) , 0.0293018 secs]2023-01-17T04:34:34.291+0800: 284.199: [weak refs processing, 0.0000421 secs]2023-01-17T04:34:34.291+0800: 284.199: [class unloading, 0.0136971 secs]2023-01-17T04:34:34.305+0800: 284.213: [scrub symbol table, 0.0050095 secs]2023-01-17T04:34:34.310+0800: 284.218: [scrub string table, 0.0008945 secs][1 CMS-remark: 134143K(134144K)] 206582K(249344K), 0.0491909 secs] [Times: user=0.10 sys=0.00, real=0.05 secs] 
2023-01-17T04:34:34.311+0800: 284.219: [CMS-concurrent-sweep-start]
2023-01-17T04:34:34.337+0800: 284.245: [CMS-concurrent-sweep: 0.025/0.025 secs] [Times: user=0.06 sys=0.01, real=0.02 secs] 
2023-01-17T04:34:34.337+0800: 284.245: [CMS-concurrent-reset-start]
2023-01-17T04:34:34.337+0800: 284.245: [CMS-concurrent-reset: 0.000/0.000 secs] [Times: user=0.00 sys=0.00, real=0.00 secs] 
{Heap before GC invocations=394 (full 525):
 par new generation   total 115200K, used 115197K [0x00000000f0000000, 0x00000000f7d00000, 0x00000000f7d00000)
  eden space 102400K, 100% used [0x00000000f0000000, 0x00000000f6400000, 0x00000000f6400000)
  from space 12800K,  99% used [0x00000000f7080000, 0x00000000f7cff430, 0x00000000f7d00000)
  to   space 12800K,   0% used [0x00000000f6400000, 0x00000000f6400000, 0x00000000f7080000)
 concurrent mark-sweep generation total 134144K, used 132942K [0x00000000f7d00000, 0x0000000100000000, 0x0000000100000000)
 Metaspace       used 52044K, capacity 54894K, committed 55936K, reserved 1097728K
  class space    used 6335K, capacity 6835K, committed 7040K, reserved 1048576K
2023-01-17T04:34:34.690+0800: 284.598: [GC (Allocation Failure) 2023-01-17T04:34:34.690+0800: 284.598: [ParNew: 115197K->115197K(115200K), 0.0000285 secs]2023-01-17T04:34:34.690+0800: 284.598: [CMS: 132942K->134143K(134144K), 0.2117067 secs] 248139K->134984K(249344K), [Metaspace: 52044K->52044K(1097728K)], 0.2121245 secs] [Times: user=0.22 sys=0.01, real=0.21 secs] 
Heap after GC invocations=395 (full 526):
 par new generation   total 115200K, used 840K [0x00000000f0000000, 0x00000000f7d00000, 0x00000000f7d00000)
  eden space 102400K,   0% used [0x00000000f0000000, 0x00000000f00d20c8, 0x00000000f6400000)
  from space 12800K,   0% used [0x00000000f7080000, 0x00000000f7080000, 0x00000000f7d00000)
  to   space 12800K,   0% used [0x00000000f6400000, 0x00000000f6400000, 0x00000000f7080000)
 concurrent mark-sweep generation total 134144K, used 134143K [0x00000000f7d00000, 0x0000000100000000, 0x0000000100000000)
 Metaspace       used 52044K, capacity 54894K, committed 55936K, reserved 1097728K
  class space    used 6335K, capacity 6835K, committed 7040K, reserved 1048576K
}
2023-01-17T04:34:34.938+0800: 284.846: [GC (CMS Initial Mark) [1 CMS-initial-mark: 134143K(134144K)] 155211K(249344K), 0.0115300 secs] [Times: user=0.04 sys=0.00, real=0.02 secs] 
2023-01-17T04:34:34.950+0800: 284.858: [CMS-concurrent-mark-start]
2023-01-17T04:34:35.033+0800: 284.941: [CMS-concurrent-mark: 0.083/0.083 secs] [Times: user=0.12 sys=0.00, real=0.08 secs] 
2023-01-17T04:34:35.034+0800: 284.941: [CMS-concurrent-preclean-start]
2023-01-17T04:34:35.085+0800: 284.993: [CMS-concurrent-preclean: 0.052/0.052 secs] [Times: user=0.11 sys=0.01, real=0.05 secs] 
2023-01-17T04:34:35.086+0800: 284.993: [CMS-concurrent-abortable-preclean-start]
2023-01-17T04:34:35.086+0800: 284.993: [CMS-concurrent-abortable-preclean: 0.000/0.000 secs] [Times: user=0.00 sys=0.00, real=0.00 secs] 
2023-01-17T04:34:35.090+0800: 284.998: [GC (CMS Final Remark) [YG occupancy: 45441 K (115200 K)]2023-01-17T04:34:35.090+0800: 284.998: [Rescan (parallel) , 0.0214736 secs]2023-01-17T04:34:35.112+0800: 285.019: [weak refs processing, 0.0000584 secs]2023-01-17T04:34:35.112+0800: 285.019: [class unloading, 0.0177068 secs]2023-01-17T04:34:35.129+0800: 285.037: [scrub symbol table, 0.0050597 secs]2023-01-17T04:34:35.134+0800: 285.042: [scrub string table, 0.0009113 secs][1 CMS-remark: 134143K(134144K)] 179585K(249344K), 0.0454189 secs] [Times: user=0.08 sys=0.00, real=0.04 secs] 
2023-01-17T04:34:35.136+0800: 285.044: [CMS-concurrent-sweep-start]
2023-01-17T04:34:35.158+0800: 285.065: [CMS-concurrent-sweep: 0.022/0.022 secs] [Times: user=0.06 sys=0.01, real=0.02 secs] 
2023-01-17T04:34:35.158+0800: 285.066: [CMS-concurrent-reset-start]
2023-01-17T04:34:35.158+0800: 285.066: [CMS-concurrent-reset: 0.000/0.000 secs] [Times: user=0.00 sys=0.00, real=0.00 secs] 
{Heap before GC invocations=395 (full 527):
 par new generation   total 115200K, used 115199K [0x00000000f0000000, 0x00000000f7d00000, 0x00000000f7d00000)
  eden space 102400K, 100% used [0x00000000f0000000, 0x00000000f6400000, 0x00000000f6400000)
  from space 12800K,  99% used [0x00000000f7080000, 0x00000000f7cffff0, 0x00000000f7d00000)
  to   space 12800K,   0% used [0x00000000f6400000, 0x00000000f6400000, 0x00000000f7080000)
 concurrent mark-sweep generation total 134144K, used 132281K [0x00000000f7d00000, 0x0000000100000000, 0x0000000100000000)
 Metaspace       used 52044K, capacity 54894K, committed 55936K, reserved 1097728K
  class space    used 6335K, capacity 6835K, committed 7040K, reserved 1048576K
2023-01-17T04:34:35.497+0800: 285.405: [GC (Allocation Failure) 2023-01-17T04:34:35.497+0800: 285.405: [ParNew: 115199K->115199K(115200K), 0.0000268 secs]2023-01-17T04:34:35.497+0800: 285.405: [CMS: 132281K->132169K(134144K), 0.2117333 secs] 247481K->132169K(249344K), [Metaspace: 52044K->52044K(1097728K)], 0.2121379 secs] [Times: user=0.22 sys=0.00, real=0.21 secs] 
Heap after GC invocations=396 (full 528):
 par new generation   total 115200K, used 0K [0x00000000f0000000, 0x00000000f7d00000, 0x00000000f7d00000)
  eden space 102400K,   0% used [0x00000000f0000000, 0x00000000f0000000, 0x00000000f6400000)
  from space 12800K,   0% used [0x00000000f7080000, 0x00000000f7080000, 0x00000000f7d00000)
  to   space 12800K,   0% used [0x00000000f6400000, 0x00000000f6400000, 0x00000000f7080000)
 concurrent mark-sweep generation total 134144K, used 132169K [0x00000000f7d00000, 0x0000000100000000, 0x0000000100000000)
 Metaspace       used 52044K, capacity 54894K, committed 55936K, reserved 1097728K
  class space    used 6335K, capacity 6835K, committed 7040K, reserved 1048576K
}
2023-01-17T04:34:35.731+0800: 285.639: [GC (CMS Initial Mark) [1 CMS-initial-mark: 132169K(134144K)] 147330K(249344K), 0.0094388 secs] [Times: user=0.03 sys=0.00, real=0.01 secs] 
2023-01-17T04:34:35.741+0800: 285.649: [CMS-concurrent-mark-start]
2023-01-17T04:34:35.812+0800: 285.719: [CMS-concurrent-mark: 0.071/0.071 secs] [Times: user=0.12 sys=0.03, real=0.07 secs] 
2023-01-17T04:34:35.812+0800: 285.720: [CMS-concurrent-preclean-start]
2023-01-17T04:34:35.824+0800: 285.732: [CMS-concurrent-preclean: 0.011/0.012 secs] [Times: user=0.02 sys=0.01, real=0.01 secs] 
2023-01-17T04:34:35.825+0800: 285.732: [CMS-concurrent-abortable-preclean-start]
2023-01-17T04:34:35.825+0800: 285.732: [CMS-concurrent-abortable-preclean: 0.000/0.000 secs] [Times: user=0.00 sys=0.00, real=0.00 secs] 
2023-01-17T04:34:35.828+0800: 285.736: [GC (CMS Final Remark) [YG occupancy: 38405 K (115200 K)]2023-01-17T04:34:35.828+0800: 285.736: [Rescan (parallel) , 0.0138321 secs]2023-01-17T04:34:35.842+0800: 285.750: [weak refs processing, 0.0000438 secs]2023-01-17T04:34:35.842+0800: 285.750: [class unloading, 0.0124884 secs]2023-01-17T04:34:35.854+0800: 285.762: [scrub symbol table, 0.0048058 secs]2023-01-17T04:34:35.859+0800: 285.767: [scrub string table, 0.0008721 secs][1 CMS-remark: 132169K(134144K)] 170575K(249344K), 0.0322521 secs] [Times: user=0.06 sys=0.00, real=0.04 secs] 
2023-01-17T04:34:35.860+0800: 285.768: [CMS-concurrent-sweep-start]
2023-01-17T04:34:35.884+0800: 285.791: [CMS-concurrent-sweep: 0.023/0.023 secs] [Times: user=0.04 sys=0.02, real=0.02 secs] 
2023-01-17T04:34:35.884+0800: 285.792: [CMS-concurrent-reset-start]
2023-01-17T04:34:35.884+0800: 285.792: [CMS-concurrent-reset: 0.000/0.000 secs] [Times: user=0.00 sys=0.00, real=0.00 secs] 
{Heap before GC invocations=396 (full 529):
 par new generation   total 115200K, used 102400K [0x00000000f0000000, 0x00000000f7d00000, 0x00000000f7d00000)
  eden space 102400K, 100% used [0x00000000f0000000, 0x00000000f6400000, 0x00000000f6400000)
  from space 12800K,   0% used [0x00000000f7080000, 0x00000000f7080000, 0x00000000f7d00000)
  to   space 12800K,   0% used [0x00000000f6400000, 0x00000000f6400000, 0x00000000f7080000)
 concurrent mark-sweep generation total 134144K, used 130172K [0x00000000f7d00000, 0x0000000100000000, 0x0000000100000000)
 Metaspace       used 52044K, capacity 54894K, committed 55936K, reserved 1097728K
  class space    used 6335K, capacity 6835K, committed 7040K, reserved 1048576K
2023-01-17T04:34:35.949+0800: 285.857: [GC (Allocation Failure) 2023-01-17T04:34:35.949+0800: 285.857: [ParNew: 102400K->102400K(115200K), 0.0000243 secs]2023-01-17T04:34:35.949+0800: 285.857: [CMS: 130172K->133602K(134144K), 0.2050510 secs] 232572K->133602K(249344K), [Metaspace: 52044K->52044K(1097728K)], 0.2054243 secs] [Times: user=0.21 sys=0.00, real=0.21 secs] 
Heap after GC invocations=397 (full 530):
 par new generation   total 115200K, used 0K [0x00000000f0000000, 0x00000000f7d00000, 0x00000000f7d00000)
  eden space 102400K,   0% used [0x00000000f0000000, 0x00000000f0000000, 0x00000000f6400000)
  from space 12800K,   0% used [0x00000000f7080000, 0x00000000f7080000, 0x00000000f7d00000)
  to   space 12800K,   0% used [0x00000000f6400000, 0x00000000f6400000, 0x00000000f7080000)
 concurrent mark-sweep generation total 134144K, used 133602K [0x00000000f7d00000, 0x0000000100000000, 0x0000000100000000)
 Metaspace       used 52044K, capacity 54894K, committed 55936K, reserved 1097728K
  class space    used 6335K, capacity 6835K, committed 7040K, reserved 1048576K
}
2023-01-17T04:34:36.159+0800: 286.067: [GC (CMS Initial Mark) [1 CMS-initial-mark: 133602K(134144K)] 133855K(249344K), 0.0046430 secs] [Times: user=0.02 sys=0.00, real=0.01 secs] 
2023-01-17T04:34:36.164+0800: 286.072: [CMS-concurrent-mark-start]
2023-01-17T04:34:36.238+0800: 286.146: [CMS-concurrent-mark: 0.074/0.074 secs] [Times: user=0.15 sys=0.02, real=0.07 secs] 
2023-01-17T04:34:36.238+0800: 286.146: [CMS-concurrent-preclean-start]
2023-01-17T04:34:36.242+0800: 286.150: [CMS-concurrent-preclean: 0.004/0.004 secs] [Times: user=0.00 sys=0.00, real=0.01 secs] 
2023-01-17T04:34:36.242+0800: 286.150: [CMS-concurrent-abortable-preclean-start]
2023-01-17T04:34:36.242+0800: 286.150: [CMS-concurrent-abortable-preclean: 0.000/0.000 secs] [Times: user=0.00 sys=0.00, real=0.00 secs] 
2023-01-17T04:34:36.246+0800: 286.154: [GC (CMS Final Remark) [YG occupancy: 25786 K (115200 K)]2023-01-17T04:34:36.246+0800: 286.154: [Rescan (parallel) , 0.0086105 secs]2023-01-17T04:34:36.255+0800: 286.163: [weak refs processing, 0.0000536 secs]2023-01-17T04:34:36.255+0800: 286.163: [class unloading, 0.0133483 secs]2023-01-17T04:34:36.268+0800: 286.176: [scrub symbol table, 0.0049209 secs]2023-01-17T04:34:36.273+0800: 286.181: [scrub string table, 0.0009011 secs][1 CMS-remark: 133602K(134144K)] 159389K(249344K), 0.0279968 secs] [Times: user=0.05 sys=0.00, real=0.03 secs] 
2023-01-17T04:34:36.275+0800: 286.182: [CMS-concurrent-sweep-start]
2023-01-17T04:34:36.299+0800: 286.206: [CMS-concurrent-sweep: 0.024/0.024 secs] [Times: user=0.09 sys=0.01, real=0.02 secs] 
2023-01-17T04:34:36.299+0800: 286.207: [CMS-concurrent-reset-start]
2023-01-17T04:34:36.299+0800: 286.207: [CMS-concurrent-reset: 0.000/0.000 secs] [Times: user=0.00 sys=0.00, real=0.00 secs] 
{Heap before GC invocations=397 (full 531):
 par new generation   total 115200K, used 102400K [0x00000000f0000000, 0x00000000f7d00000, 0x00000000f7d00000)
  eden space 102400K, 100% used [0x00000000f0000000, 0x00000000f6400000, 0x00000000f6400000)
  from space 12800K,   0% used [0x00000000f7080000, 0x00000000f7080000, 0x00000000f7d00000)
  to   space 12800K,   0% used [0x00000000f6400000, 0x00000000f6400000, 0x00000000f7080000)
 concurrent mark-sweep generation total 134144K, used 131864K [0x00000000f7d00000, 0x0000000100000000, 0x0000000100000000)
 Metaspace       used 52044K, capacity 54894K, committed 55936K, reserved 1097728K
  class space    used 6335K, capacity 6835K, committed 7040K, reserved 1048576K
2023-01-17T04:34:36.713+0800: 286.621: [GC (Allocation Failure) 2023-01-17T04:34:36.713+0800: 286.621: [ParNew: 102400K->102400K(115200K), 0.0000259 secs]2023-01-17T04:34:36.713+0800: 286.621: [CMS: 131864K->132871K(134144K), 0.1951865 secs] 234264K->132871K(249344K), [Metaspace: 52044K->52044K(1097728K)], 0.1956189 secs] [Times: user=0.20 sys=0.00, real=0.19 secs] 
Heap after GC invocations=398 (full 532):
 par new generation   total 115200K, used 0K [0x00000000f0000000, 0x00000000f7d00000, 0x00000000f7d00000)
  eden space 102400K,   0% used [0x00000000f0000000, 0x00000000f0000000, 0x00000000f6400000)
  from space 12800K,   0% used [0x00000000f7080000, 0x00000000f7080000, 0x00000000f7d00000)
  to   space 12800K,   0% used [0x00000000f6400000, 0x00000000f6400000, 0x00000000f7080000)
 concurrent mark-sweep generation total 134144K, used 132871K [0x00000000f7d00000, 0x0000000100000000, 0x0000000100000000)
 Metaspace       used 52044K, capacity 54894K, committed 55936K, reserved 1097728K
  class space    used 6335K, capacity 6835K, committed 7040K, reserved 1048576K
}
2023-01-17T04:34:36.913+0800: 286.820: [GC (CMS Initial Mark) [1 CMS-initial-mark: 132871K(134144K)] 133147K(249344K), 0.0028862 secs] [Times: user=0.01 sys=0.00, real=0.00 secs] 
2023-01-17T04:34:36.916+0800: 286.823: [CMS-concurrent-mark-start]
2023-01-17T04:34:36.982+0800: 286.889: [CMS-concurrent-mark: 0.066/0.066 secs] [Times: user=0.16 sys=0.03, real=0.07 secs] 
2023-01-17T04:34:36.982+0800: 286.890: [CMS-concurrent-preclean-start]
2023-01-17T04:34:36.996+0800: 286.904: [CMS-concurrent-preclean: 0.014/0.015 secs] [Times: user=0.03 sys=0.00, real=0.01 secs] 
2023-01-17T04:34:36.997+0800: 286.904: [CMS-concurrent-abortable-preclean-start]
2023-01-17T04:34:36.997+0800: 286.904: [CMS-concurrent-abortable-preclean: 0.000/0.000 secs] [Times: user=0.00 sys=0.00, real=0.00 secs] 
2023-01-17T04:34:36.999+0800: 286.907: [GC (CMS Final Remark) [YG occupancy: 39470 K (115200 K)]2023-01-17T04:34:36.999+0800: 286.907: [Rescan (parallel) , 0.0102928 secs]2023-01-17T04:34:37.009+0800: 286.917: [weak refs processing, 0.0000485 secs]2023-01-17T04:34:37.009+0800: 286.917: [class unloading, 0.0116417 secs]2023-01-17T04:34:37.021+0800: 286.929: [scrub symbol table, 0.0048640 secs]2023-01-17T04:34:37.026+0800: 286.934: [scrub string table, 0.0009131 secs][1 CMS-remark: 132871K(134144K)] 172341K(249344K), 0.0279466 secs] [Times: user=0.06 sys=0.00, real=0.03 secs] 
2023-01-17T04:34:37.027+0800: 286.935: [CMS-concurrent-sweep-start]
2023-01-17T04:34:37.049+0800: 286.956: [CMS-concurrent-sweep: 0.021/0.021 secs] [Times: user=0.06 sys=0.02, real=0.02 secs] 
2023-01-17T04:34:37.049+0800: 286.957: [CMS-concurrent-reset-start]
2023-01-17T04:34:37.049+0800: 286.957: [CMS-concurrent-reset: 0.000/0.000 secs] [Times: user=0.00 sys=0.00, real=0.00 secs] 
{Heap before GC invocations=398 (full 533):
 par new generation   total 115200K, used 102400K [0x00000000f0000000, 0x00000000f7d00000, 0x00000000f7d00000)
  eden space 102400K, 100% used [0x00000000f0000000, 0x00000000f6400000, 0x00000000f6400000)
  from space 12800K,   0% used [0x00000000f7080000, 0x00000000f7080000, 0x00000000f7d00000)
  to   space 12800K,   0% used [0x00000000f6400000, 0x00000000f6400000, 0x00000000f7080000)
 concurrent mark-sweep generation total 134144K, used 131873K [0x00000000f7d00000, 0x0000000100000000, 0x0000000100000000)
 Metaspace       used 52044K, capacity 54894K, committed 55936K, reserved 1097728K
  class space    used 6335K, capacity 6835K, committed 7040K, reserved 1048576K
2023-01-17T04:34:37.499+0800: 287.407: [GC (Allocation Failure) 2023-01-17T04:34:37.500+0800: 287.407: [ParNew: 102400K->102400K(115200K), 0.0000284 secs]2023-01-17T04:34:37.500+0800: 287.407: [CMS: 131873K->111434K(134144K), 0.1724818 secs] 234273K->111434K(249344K), [Metaspace: 52044K->52044K(1097728K)], 0.1729054 secs] [Times: user=0.18 sys=0.00, real=0.18 secs] 
Heap after GC invocations=399 (full 534):
 par new generation   total 115200K, used 0K [0x00000000f0000000, 0x00000000f7d00000, 0x00000000f7d00000)
  eden space 102400K,   0% used [0x00000000f0000000, 0x00000000f0000000, 0x00000000f6400000)
  from space 12800K,   0% used [0x00000000f7080000, 0x00000000f7080000, 0x00000000f7d00000)
  to   space 12800K,   0% used [0x00000000f6400000, 0x00000000f6400000, 0x00000000f7080000)
 concurrent mark-sweep generation total 134144K, used 111434K [0x00000000f7d00000, 0x0000000100000000, 0x0000000100000000)
 Metaspace       used 52044K, capacity 54894K, committed 55936K, reserved 1097728K
  class space    used 6335K, capacity 6835K, committed 7040K, reserved 1048576K
}
{Heap before GC invocations=399 (full 534):
 par new generation   total 115200K, used 102400K [0x00000000f0000000, 0x00000000f7d00000, 0x00000000f7d00000)
  eden space 102400K, 100% used [0x00000000f0000000, 0x00000000f6400000, 0x00000000f6400000)
  from space 12800K,   0% used [0x00000000f7080000, 0x00000000f7080000, 0x00000000f7d00000)
  to   space 12800K,   0% used [0x00000000f6400000, 0x00000000f6400000, 0x00000000f7080000)
 concurrent mark-sweep generation total 134144K, used 111434K [0x00000000f7d00000, 0x0000000100000000, 0x0000000100000000)
 Metaspace       used 52047K, capacity 54894K, committed 55936K, reserved 1097728K
  class space    used 6335K, capacity 6835K, committed 7040K, reserved 1048576K
2023-01-17T04:34:41.274+0800: 291.181: [GC (Allocation Failure) 2023-01-17T04:34:41.274+0800: 291.182: [ParNew: 102400K->12688K(115200K), 0.0106418 secs] 213834K->124123K(249344K), 0.0109454 secs] [Times: user=0.03 sys=0.00, real=0.01 secs] 
Heap after GC invocations=400 (full 534):
 par new generation   total 115200K, used 12688K [0x00000000f0000000, 0x00000000f7d00000, 0x00000000f7d00000)
  eden space 102400K,   0% used [0x00000000f0000000, 0x00000000f0000000, 0x00000000f6400000)
  from space 12800K,  99% used [0x00000000f6400000, 0x00000000f70642c8, 0x00000000f7080000)
  to   space 12800K,   0% used [0x00000000f7080000, 0x00000000f7080000, 0x00000000f7d00000)
 concurrent mark-sweep generation total 134144K, used 111434K [0x00000000f7d00000, 0x0000000100000000, 0x0000000100000000)
 Metaspace       used 52047K, capacity 54894K, committed 55936K, reserved 1097728K
  class space    used 6335K, capacity 6835K, committed 7040K, reserved 1048576K
}
{Heap before GC invocations=400 (full 534):
 par new generation   total 115200K, used 115088K [0x00000000f0000000, 0x00000000f7d00000, 0x00000000f7d00000)
  eden space 102400K, 100% used [0x00000000f0000000, 0x00000000f6400000, 0x00000000f6400000)
  from space 12800K,  99% used [0x00000000f6400000, 0x00000000f70642c8, 0x00000000f7080000)
  to   space 12800K,   0% used [0x00000000f7080000, 0x00000000f7080000, 0x00000000f7d00000)
 concurrent mark-sweep generation total 134144K, used 111434K [0x00000000f7d00000, 0x0000000100000000, 0x0000000100000000)
 Metaspace       used 52047K, capacity 54894K, committed 55936K, reserved 1097728K
  class space    used 6335K, capacity 6835K, committed 7040K, reserved 1048576K
2023-01-17T04:34:41.367+0800: 291.275: [GC (Allocation Failure) 2023-01-17T04:34:41.367+0800: 291.275: [ParNew (promotion failed): 115088K->115200K(115200K), 0.0575886 secs]2023-01-17T04:34:41.425+0800: 291.333: [CMS: 133580K->113112K(134144K), 0.1896930 secs] 226523K->113112K(249344K), [Metaspace: 52047K->52047K(1097728K)], 0.2477102 secs] [Times: user=0.32 sys=0.01, real=0.25 secs] 
Heap after GC invocations=401 (full 535):
 par new generation   total 115200K, used 0K [0x00000000f0000000, 0x00000000f7d00000, 0x00000000f7d00000)
  eden space 102400K,   0% used [0x00000000f0000000, 0x00000000f0000000, 0x00000000f6400000)
  from space 12800K,   0% used [0x00000000f7080000, 0x00000000f7080000, 0x00000000f7d00000)
  to   space 12800K,   0% used [0x00000000f6400000, 0x00000000f6400000, 0x00000000f7080000)
 concurrent mark-sweep generation total 134144K, used 113112K [0x00000000f7d00000, 0x0000000100000000, 0x0000000100000000)
 Metaspace       used 52047K, capacity 54894K, committed 55936K, reserved 1097728K
  class space    used 6335K, capacity 6835K, committed 7040K, reserved 1048576K
}
2023-01-17T04:34:41.623+0800: 291.531: [GC (CMS Initial Mark) [1 CMS-initial-mark: 113112K(134144K)] 118389K(249344K), 0.0046203 secs] [Times: user=0.02 sys=0.00, real=0.00 secs] 
2023-01-17T04:34:41.628+0800: 291.536: [CMS-concurrent-mark-start]
2023-01-17T04:34:41.681+0800: 291.589: [CMS-concurrent-mark: 0.054/0.054 secs] [Times: user=0.09 sys=0.01, real=0.06 secs] 
2023-01-17T04:34:41.682+0800: 291.589: [CMS-concurrent-preclean-start]
2023-01-17T04:34:41.684+0800: 291.591: [CMS-concurrent-preclean: 0.002/0.002 secs] [Times: user=0.00 sys=0.00, real=0.00 secs] 
2023-01-17T04:34:41.684+0800: 291.591: [CMS-concurrent-abortable-preclean-start]
2023-01-17T04:34:41.684+0800: 291.591: [CMS-concurrent-abortable-preclean: 0.000/0.000 secs] [Times: user=0.00 sys=0.00, real=0.00 secs] 
2023-01-17T04:34:41.688+0800: 291.595: [GC (CMS Final Remark) [YG occupancy: 21941 K (115200 K)]2023-01-17T04:34:41.688+0800: 291.595: [Rescan (parallel) , 0.0061406 secs]2023-01-17T04:34:41.694+0800: 291.602: [weak refs processing, 0.0000391 secs]2023-01-17T04:34:41.694+0800: 291.602: [class unloading, 0.0134435 secs]2023-01-17T04:34:41.707+0800: 291.615: [scrub symbol table, 0.0049733 secs]2023-01-17T04:34:41.712+0800: 291.620: [scrub string table, 0.0009136 secs][1 CMS-remark: 113112K(134144K)] 135054K(249344K), 0.0256727 secs] [Times: user=0.05 sys=0.00, real=0.03 secs] 
2023-01-17T04:34:41.714+0800: 291.622: [CMS-concurrent-sweep-start]
2023-01-17T04:34:41.733+0800: 291.640: [CMS-concurrent-sweep: 0.018/0.018 secs] [Times: user=0.06 sys=0.01, real=0.02 secs] 
2023-01-17T04:34:41.733+0800: 291.641: [CMS-concurrent-reset-start]
2023-01-17T04:34:41.733+0800: 291.641: [CMS-concurrent-reset: 0.000/0.000 secs] [Times: user=0.00 sys=0.00, real=0.00 secs] 
{Heap before GC invocations=401 (full 536):
 par new generation   total 115200K, used 102400K [0x00000000f0000000, 0x00000000f7d00000, 0x00000000f7d00000)
  eden space 102400K, 100% used [0x00000000f0000000, 0x00000000f6400000, 0x00000000f6400000)
  from space 12800K,   0% used [0x00000000f7080000, 0x00000000f7080000, 0x00000000f7d00000)
  to   space 12800K,   0% used [0x00000000f6400000, 0x00000000f6400000, 0x00000000f7080000)
 concurrent mark-sweep generation total 134144K, used 113082K [0x00000000f7d00000, 0x0000000100000000, 0x0000000100000000)
 Metaspace       used 52047K, capacity 54894K, committed 55936K, reserved 1097728K
  class space    used 6335K, capacity 6835K, committed 7040K, reserved 1048576K
2023-01-17T04:34:41.853+0800: 291.761: [GC (Allocation Failure) 2023-01-17T04:34:41.854+0800: 291.762: [ParNew: 102400K->102400K(115200K), 0.0000266 secs]2023-01-17T04:34:41.854+0800: 291.762: [CMS: 113082K->129174K(134144K), 0.1998836 secs] 215482K->129174K(249344K), [Metaspace: 52047K->52047K(1097728K)], 0.2003253 secs] [Times: user=0.20 sys=0.00, real=0.20 secs] 
Heap after GC invocations=402 (full 537):
 par new generation   total 115200K, used 0K [0x00000000f0000000, 0x00000000f7d00000, 0x00000000f7d00000)
  eden space 102400K,   0% used [0x00000000f0000000, 0x00000000f0000000, 0x00000000f6400000)
  from space 12800K,   0% used [0x00000000f7080000, 0x00000000f7080000, 0x00000000f7d00000)
  to   space 12800K,   0% used [0x00000000f6400000, 0x00000000f6400000, 0x00000000f7080000)
 concurrent mark-sweep generation total 134144K, used 129174K [0x00000000f7d00000, 0x0000000100000000, 0x0000000100000000)
 Metaspace       used 52047K, capacity 54894K, committed 55936K, reserved 1097728K
  class space    used 6335K, capacity 6835K, committed 7040K, reserved 1048576K
}
2023-01-17T04:34:42.058+0800: 291.966: [GC (CMS Initial Mark) [1 CMS-initial-mark: 129174K(134144K)] 129280K(249344K), 0.0048708 secs] [Times: user=0.02 sys=0.00, real=0.01 secs] 
2023-01-17T04:34:42.064+0800: 291.971: [CMS-concurrent-mark-start]
2023-01-17T04:34:42.129+0800: 292.036: [CMS-concurrent-mark: 0.065/0.065 secs] [Times: user=0.11 sys=0.02, real=0.06 secs] 
2023-01-17T04:34:42.129+0800: 292.037: [CMS-concurrent-preclean-start]
2023-01-17T04:34:42.135+0800: 292.043: [CMS-concurrent-preclean: 0.006/0.006 secs] [Times: user=0.02 sys=0.01, real=0.01 secs] 
2023-01-17T04:34:42.135+0800: 292.043: [CMS-concurrent-abortable-preclean-start]
2023-01-17T04:34:42.135+0800: 292.043: [CMS-concurrent-abortable-preclean: 0.000/0.000 secs] [Times: user=0.00 sys=0.00, real=0.00 secs] 
2023-01-17T04:34:42.139+0800: 292.047: [GC (CMS Final Remark) [YG occupancy: 24235 K (115200 K)]2023-01-17T04:34:42.139+0800: 292.047: [Rescan (parallel) , 0.0088492 secs]2023-01-17T04:34:42.148+0800: 292.056: [weak refs processing, 0.0000416 secs]2023-01-17T04:34:42.148+0800: 292.056: [class unloading, 0.0127023 secs]2023-01-17T04:34:42.161+0800: 292.069: [scrub symbol table, 0.0048633 secs]2023-01-17T04:34:42.166+0800: 292.074: [scrub string table, 0.0008872 secs][1 CMS-remark: 129174K(134144K)] 153410K(249344K), 0.0274941 secs] [Times: user=0.05 sys=0.00, real=0.03 secs] 
2023-01-17T04:34:42.167+0800: 292.075: [CMS-concurrent-sweep-start]
2023-01-17T04:34:42.184+0800: 292.092: [CMS-concurrent-sweep: 0.017/0.017 secs] [Times: user=0.04 sys=0.00, real=0.02 secs] 
2023-01-17T04:34:42.184+0800: 292.092: [CMS-concurrent-reset-start]
2023-01-17T04:34:42.184+0800: 292.092: [CMS-concurrent-reset: 0.000/0.000 secs] [Times: user=0.00 sys=0.00, real=0.00 secs] 
{Heap before GC invocations=402 (full 538):
 par new generation   total 115200K, used 102400K [0x00000000f0000000, 0x00000000f7d00000, 0x00000000f7d00000)
  eden space 102400K, 100% used [0x00000000f0000000, 0x00000000f6400000, 0x00000000f6400000)
  from space 12800K,   0% used [0x00000000f7080000, 0x00000000f7080000, 0x00000000f7d00000)
  to   space 12800K,   0% used [0x00000000f6400000, 0x00000000f6400000, 0x00000000f7080000)
 concurrent mark-sweep generation total 134144K, used 128992K [0x00000000f7d00000, 0x0000000100000000, 0x0000000100000000)
 Metaspace       used 52047K, capacity 54894K, committed 55936K, reserved 1097728K
  class space    used 6335K, capacity 6835K, committed 7040K, reserved 1048576K
2023-01-17T04:34:42.396+0800: 292.304: [GC (Allocation Failure) 2023-01-17T04:34:42.397+0800: 292.305: [ParNew: 102400K->102400K(115200K), 0.0000274 secs]2023-01-17T04:34:42.397+0800: 292.305: [CMS: 128992K->132705K(134144K), 0.1949982 secs] 231392K->132705K(249344K), [Metaspace: 52047K->52047K(1097728K)], 0.1954541 secs] [Times: user=0.20 sys=0.00, real=0.20 secs] 
Heap after GC invocations=403 (full 539):
 par new generation   total 115200K, used 0K [0x00000000f0000000, 0x00000000f7d00000, 0x00000000f7d00000)
  eden space 102400K,   0% used [0x00000000f0000000, 0x00000000f0000000, 0x00000000f6400000)
  from space 12800K,   0% used [0x00000000f7080000, 0x00000000f7080000, 0x00000000f7d00000)
  to   space 12800K,   0% used [0x00000000f6400000, 0x00000000f6400000, 0x00000000f7080000)
 concurrent mark-sweep generation total 134144K, used 132705K [0x00000000f7d00000, 0x0000000100000000, 0x0000000100000000)
 Metaspace       used 52047K, capacity 54894K, committed 55936K, reserved 1097728K
  class space    used 6335K, capacity 6835K, committed 7040K, reserved 1048576K
}
2023-01-17T04:34:42.605+0800: 292.513: [GC (CMS Initial Mark) [1 CMS-initial-mark: 132705K(134144K)] 140287K(249344K), 0.0065865 secs] [Times: user=0.02 sys=0.00, real=0.01 secs] 
2023-01-17T04:34:42.612+0800: 292.519: [CMS-concurrent-mark-start]
2023-01-17T04:34:42.688+0800: 292.596: [CMS-concurrent-mark: 0.077/0.077 secs] [Times: user=0.19 sys=0.02, real=0.07 secs] 
2023-01-17T04:34:42.689+0800: 292.596: [CMS-concurrent-preclean-start]
2023-01-17T04:34:42.709+0800: 292.616: [CMS-concurrent-preclean: 0.010/0.020 secs] [Times: user=0.03 sys=0.01, real=0.02 secs] 
2023-01-17T04:34:42.709+0800: 292.617: [CMS-concurrent-abortable-preclean-start]
2023-01-17T04:34:42.709+0800: 292.617: [CMS-concurrent-abortable-preclean: 0.000/0.000 secs] [Times: user=0.00 sys=0.00, real=0.00 secs] 
2023-01-17T04:34:42.714+0800: 292.622: [GC (CMS Final Remark) [YG occupancy: 42112 K (115200 K)]2023-01-17T04:34:42.714+0800: 292.622: [Rescan (parallel) , 0.0317587 secs]2023-01-17T04:34:42.746+0800: 292.654: [weak refs processing, 0.0000601 secs]2023-01-17T04:34:42.746+0800: 292.654: [class unloading, 0.0175366 secs]2023-01-17T04:34:42.764+0800: 292.671: [scrub symbol table, 0.0049995 secs]2023-01-17T04:34:42.769+0800: 292.676: [scrub string table, 0.0009268 secs][1 CMS-remark: 132705K(134144K)] 174818K(249344K), 0.0554746 secs] [Times: user=0.13 sys=0.00, real=0.06 secs] 
2023-01-17T04:34:42.771+0800: 292.679: [CMS-concurrent-sweep-start]
2023-01-17T04:34:42.802+0800: 292.709: [CMS-concurrent-sweep: 0.031/0.031 secs] [Times: user=0.08 sys=0.01, real=0.03 secs] 
2023-01-17T04:34:42.802+0800: 292.710: [CMS-concurrent-reset-start]
2023-01-17T04:34:42.802+0800: 292.710: [CMS-concurrent-reset: 0.000/0.000 secs] [Times: user=0.00 sys=0.00, real=0.00 secs] 
{Heap before GC invocations=403 (full 540):
 par new generation   total 115200K, used 102400K [0x00000000f0000000, 0x00000000f7d00000, 0x00000000f7d00000)
  eden space 102400K, 100% used [0x00000000f0000000, 0x00000000f6400000, 0x00000000f6400000)
  from space 12800K,   0% used [0x00000000f7080000, 0x00000000f7080000, 0x00000000f7d00000)
  to   space 12800K,   0% used [0x00000000f6400000, 0x00000000f6400000, 0x00000000f7080000)
 concurrent mark-sweep generation total 134144K, used 132122K [0x00000000f7d00000, 0x0000000100000000, 0x0000000100000000)
 Metaspace       used 52048K, capacity 54894K, committed 55936K, reserved 1097728K
  class space    used 6335K, capacity 6835K, committed 7040K, reserved 1048576K
2023-01-17T04:34:42.858+0800: 292.766: [GC (Allocation Failure) 2023-01-17T04:34:42.858+0800: 292.766: [ParNew: 102400K->102400K(115200K), 0.0000286 secs]2023-01-17T04:34:42.858+0800: 292.766: [CMS: 132122K->134143K(134144K), 0.2013156 secs] 234522K->135622K(249344K), [Metaspace: 52048K->52048K(1097728K)], 0.2017180 secs] [Times: user=0.20 sys=0.00, real=0.21 secs] 
Heap after GC invocations=404 (full 541):
 par new generation   total 115200K, used 1478K [0x00000000f0000000, 0x00000000f7d00000, 0x00000000f7d00000)
  eden space 102400K,   1% used [0x00000000f0000000, 0x00000000f0171a60, 0x00000000f6400000)
  from space 12800K,   0% used [0x00000000f7080000, 0x00000000f7080000, 0x00000000f7d00000)
  to   space 12800K,   0% used [0x00000000f6400000, 0x00000000f6400000, 0x00000000f7080000)
 concurrent mark-sweep generation total 134144K, used 134143K [0x00000000f7d00000, 0x0000000100000000, 0x0000000100000000)
 Metaspace       used 52048K, capacity 54894K, committed 55936K, reserved 1097728K
  class space    used 6335K, capacity 6835K, committed 7040K, reserved 1048576K
}
2023-01-17T04:34:43.065+0800: 292.973: [GC (CMS Initial Mark) [1 CMS-initial-mark: 134143K(134144K)] 136010K(249344K), 0.0041896 secs] [Times: user=0.02 sys=0.00, real=0.00 secs] 
2023-01-17T04:34:43.069+0800: 292.977: [CMS-concurrent-mark-start]
2023-01-17T04:34:43.128+0800: 293.035: [CMS-concurrent-mark: 0.058/0.058 secs] [Times: user=0.09 sys=0.04, real=0.06 secs] 
2023-01-17T04:34:43.128+0800: 293.036: [CMS-concurrent-preclean-start]
2023-01-17T04:34:43.193+0800: 293.101: [CMS-concurrent-preclean: 0.065/0.065 secs] [Times: user=0.16 sys=0.02, real=0.07 secs] 
2023-01-17T04:34:43.194+0800: 293.101: [CMS-concurrent-abortable-preclean-start]
2023-01-17T04:34:43.194+0800: 293.101: [CMS-concurrent-abortable-preclean: 0.000/0.000 secs] [Times: user=0.00 sys=0.00, real=0.00 secs] 
2023-01-17T04:34:43.198+0800: 293.106: [GC (CMS Final Remark) [YG occupancy: 47798 K (115200 K)]2023-01-17T04:34:43.198+0800: 293.106: [Rescan (parallel) , 0.0213822 secs]2023-01-17T04:34:43.219+0800: 293.127: [weak refs processing, 0.0000494 secs]2023-01-17T04:34:43.220+0800: 293.127: [class unloading, 0.0130524 secs]2023-01-17T04:34:43.233+0800: 293.140: [scrub symbol table, 0.0049787 secs]2023-01-17T04:34:43.238+0800: 293.145: [scrub string table, 0.0008998 secs][1 CMS-remark: 134143K(134144K)] 181942K(249344K), 0.0405333 secs] [Times: user=0.08 sys=0.00, real=0.04 secs] 
2023-01-17T04:34:43.239+0800: 293.147: [CMS-concurrent-sweep-start]
2023-01-17T04:34:43.263+0800: 293.171: [CMS-concurrent-sweep: 0.024/0.024 secs] [Times: user=0.03 sys=0.00, real=0.03 secs] 
2023-01-17T04:34:43.263+0800: 293.171: [CMS-concurrent-reset-start]
2023-01-17T04:34:43.263+0800: 293.171: [CMS-concurrent-reset: 0.000/0.000 secs] [Times: user=0.00 sys=0.01, real=0.00 secs] 
{Heap before GC invocations=404 (full 542):
 par new generation   total 115200K, used 115200K [0x00000000f0000000, 0x00000000f7d00000, 0x00000000f7d00000)
  eden space 102400K, 100% used [0x00000000f0000000, 0x00000000f6400000, 0x00000000f6400000)
  from space 12800K, 100% used [0x00000000f7080000, 0x00000000f7d00000, 0x00000000f7d00000)
  to   space 12800K,   0% used [0x00000000f6400000, 0x00000000f6400000, 0x00000000f7080000)
 concurrent mark-sweep generation total 134144K, used 134091K [0x00000000f7d00000, 0x0000000100000000, 0x0000000100000000)
 Metaspace       used 52048K, capacity 54894K, committed 55936K, reserved 1097728K
  class space    used 6335K, capacity 6835K, committed 7040K, reserved 1048576K
2023-01-17T04:34:43.651+0800: 293.559: [GC (Allocation Failure) 2023-01-17T04:34:43.651+0800: 293.559: [ParNew: 115200K->115200K(115200K), 0.0000338 secs]2023-01-17T04:34:43.652+0800: 293.559: [CMS: 134091K->134143K(134144K), 0.2052243 secs] 249291K->135747K(249344K), [Metaspace: 52048K->52048K(1097728K)], 0.2056524 secs] [Times: user=0.21 sys=0.00, real=0.20 secs] 
Heap after GC invocations=405 (full 543):
 par new generation   total 115200K, used 1603K [0x00000000f0000000, 0x00000000f7d00000, 0x00000000f7d00000)
  eden space 102400K,   1% used [0x00000000f0000000, 0x00000000f0190e40, 0x00000000f6400000)
  from space 12800K,   0% used [0x00000000f7080000, 0x00000000f7080000, 0x00000000f7d00000)
  to   space 12800K,   0% used [0x00000000f6400000, 0x00000000f6400000, 0x00000000f7080000)
 concurrent mark-sweep generation total 134144K, used 134143K [0x00000000f7d00000, 0x0000000100000000, 0x0000000100000000)
 Metaspace       used 52048K, capacity 54894K, committed 55936K, reserved 1097728K
  class space    used 6335K, capacity 6835K, committed 7040K, reserved 1048576K
}
2023-01-17T04:34:43.865+0800: 293.773: [GC (CMS Initial Mark) [1 CMS-initial-mark: 134143K(134144K)] 139650K(249344K), 0.0049264 secs] [Times: user=0.02 sys=0.00, real=0.01 secs] 
2023-01-17T04:34:43.871+0800: 293.778: [CMS-concurrent-mark-start]
2023-01-17T04:34:43.975+0800: 293.883: [CMS-concurrent-mark: 0.104/0.104 secs] [Times: user=0.27 sys=0.11, real=0.10 secs] 
2023-01-17T04:34:43.975+0800: 293.883: [CMS-concurrent-preclean-start]
2023-01-17T04:34:44.046+0800: 293.954: [CMS-concurrent-preclean: 0.071/0.071 secs] [Times: user=0.17 sys=0.11, real=0.07 secs] 
2023-01-17T04:34:44.046+0800: 293.954: [CMS-concurrent-abortable-preclean-start]
2023-01-17T04:34:44.046+0800: 293.954: [CMS-concurrent-abortable-preclean: 0.000/0.000 secs] [Times: user=0.00 sys=0.00, real=0.00 secs] 
2023-01-17T04:34:44.122+0800: 294.030: [GC (CMS Final Remark) [YG occupancy: 94946 K (115200 K)]2023-01-17T04:34:44.123+0800: 294.030: [Rescan (parallel) , 0.0399456 secs]2023-01-17T04:34:44.163+0800: 294.070: [weak refs processing, 0.0000658 secs]2023-01-17T04:34:44.163+0800: 294.070: [class unloading, 0.0167767 secs]2023-01-17T04:34:44.179+0800: 294.087: [scrub symbol table, 0.0047619 secs]2023-01-17T04:34:44.184+0800: 294.092: [scrub string table, 0.0008860 secs][1 CMS-remark: 134143K(134144K)] 229090K(249344K), 0.0627041 secs] [Times: user=0.12 sys=0.00, real=0.06 secs] 
2023-01-17T04:34:44.186+0800: 294.093: [CMS-concurrent-sweep-start]
2023-01-17T04:34:44.209+0800: 294.116: [CMS-concurrent-sweep: 0.023/0.023 secs] [Times: user=0.04 sys=0.02, real=0.02 secs] 
2023-01-17T04:34:44.209+0800: 294.117: [CMS-concurrent-reset-start]
2023-01-17T04:34:44.209+0800: 294.117: [CMS-concurrent-reset: 0.000/0.000 secs] [Times: user=0.00 sys=0.00, real=0.00 secs] 
{Heap before GC invocations=405 (full 544):
 par new generation   total 115200K, used 115199K [0x00000000f0000000, 0x00000000f7d00000, 0x00000000f7d00000)
  eden space 102400K, 100% used [0x00000000f0000000, 0x00000000f6400000, 0x00000000f6400000)
  from space 12800K,  99% used [0x00000000f7080000, 0x00000000f7cfff58, 0x00000000f7d00000)
  to   space 12800K,   0% used [0x00000000f6400000, 0x00000000f6400000, 0x00000000f7080000)
 concurrent mark-sweep generation total 134144K, used 133669K [0x00000000f7d00000, 0x0000000100000000, 0x0000000100000000)
 Metaspace       used 52048K, capacity 54894K, committed 55936K, reserved 1097728K
  class space    used 6335K, capacity 6835K, committed 7040K, reserved 1048576K
2023-01-17T04:34:44.452+0800: 294.360: [GC (Allocation Failure) 2023-01-17T04:34:44.452+0800: 294.360: [ParNew: 115199K->115199K(115200K), 0.0000357 secs]2023-01-17T04:34:44.452+0800: 294.360: [CMS: 133669K->134143K(134144K), 0.2586132 secs] 248868K->135494K(249344K), [Metaspace: 52048K->52048K(1097728K)], 0.2590773 secs] [Times: user=0.26 sys=0.00, real=0.26 secs] 
Heap after GC invocations=406 (full 545):
 par new generation   total 115200K, used 1350K [0x00000000f0000000, 0x00000000f7d00000, 0x00000000f7d00000)
  eden space 102400K,   1% used [0x00000000f0000000, 0x00000000f0151b50, 0x00000000f6400000)
  from space 12800K,   0% used [0x00000000f7080000, 0x00000000f7080000, 0x00000000f7d00000)
  to   space 12800K,   0% used [0x00000000f6400000, 0x00000000f6400000, 0x00000000f7080000)
 concurrent mark-sweep generation total 134144K, used 134143K [0x00000000f7d00000, 0x0000000100000000, 0x0000000100000000)
 Metaspace       used 52048K, capacity 54894K, committed 55936K, reserved 1097728K
  class space    used 6335K, capacity 6835K, committed 7040K, reserved 1048576K
}
2023-01-17T04:34:44.726+0800: 294.634: [GC (CMS Initial Mark) [1 CMS-initial-mark: 134143K(134144K)] 145369K(249344K), 0.0071502 secs] [Times: user=0.02 sys=0.00, real=0.01 secs] 
2023-01-17T04:34:44.734+0800: 294.641: [CMS-concurrent-mark-start]
2023-01-17T04:34:44.796+0800: 294.704: [CMS-concurrent-mark: 0.062/0.062 secs] [Times: user=0.19 sys=0.02, real=0.06 secs] 
2023-01-17T04:34:44.796+0800: 294.704: [CMS-concurrent-preclean-start]
2023-01-17T04:34:44.835+0800: 294.743: [CMS-concurrent-preclean: 0.039/0.039 secs] [Times: user=0.12 sys=0.02, real=0.04 secs] 
2023-01-17T04:34:44.835+0800: 294.743: [CMS-concurrent-abortable-preclean-start]
2023-01-17T04:34:44.835+0800: 294.743: [CMS-concurrent-abortable-preclean: 0.000/0.000 secs] [Times: user=0.00 sys=0.00, real=0.00 secs] 
2023-01-17T04:34:44.839+0800: 294.747: [GC (CMS Final Remark) [YG occupancy: 77748 K (115200 K)]2023-01-17T04:34:44.839+0800: 294.747: [Rescan (parallel) , 0.0214898 secs]2023-01-17T04:34:44.861+0800: 294.769: [weak refs processing, 0.0000402 secs]2023-01-17T04:34:44.861+0800: 294.769: [class unloading, 0.0134871 secs]2023-01-17T04:34:44.875+0800: 294.782: [scrub symbol table, 0.0050650 secs]2023-01-17T04:34:44.880+0800: 294.787: [scrub string table, 0.0009229 secs][1 CMS-remark: 134143K(134144K)] 211892K(249344K), 0.0412117 secs] [Times: user=0.10 sys=0.00, real=0.05 secs] 
2023-01-17T04:34:44.881+0800: 294.789: [CMS-concurrent-sweep-start]
2023-01-17T04:34:44.903+0800: 294.811: [CMS-concurrent-sweep: 0.021/0.021 secs] [Times: user=0.04 sys=0.01, real=0.02 secs] 
2023-01-17T04:34:44.903+0800: 294.811: [CMS-concurrent-reset-start]
2023-01-17T04:34:44.903+0800: 294.811: [CMS-concurrent-reset: 0.000/0.000 secs] [Times: user=0.00 sys=0.00, real=0.00 secs] 
{Heap before GC invocations=406 (full 546):
 par new generation   total 115200K, used 115200K [0x00000000f0000000, 0x00000000f7d00000, 0x00000000f7d00000)
  eden space 102400K, 100% used [0x00000000f0000000, 0x00000000f6400000, 0x00000000f6400000)
  from space 12800K, 100% used [0x00000000f7080000, 0x00000000f7d00000, 0x00000000f7d00000)
  to   space 12800K,   0% used [0x00000000f6400000, 0x00000000f6400000, 0x00000000f7080000)
 concurrent mark-sweep generation total 134144K, used 133085K [0x00000000f7d00000, 0x0000000100000000, 0x0000000100000000)
 Metaspace       used 52048K, capacity 54894K, committed 55936K, reserved 1097728K
  class space    used 6335K, capacity 6835K, committed 7040K, reserved 1048576K
2023-01-17T04:34:45.315+0800: 295.223: [GC (Allocation Failure) 2023-01-17T04:34:45.315+0800: 295.223: [ParNew: 115200K->115200K(115200K), 0.0000359 secs]2023-01-17T04:34:45.315+0800: 295.223: [CMS: 133085K->134141K(134144K), 0.2046465 secs] 248285K->138171K(249344K), [Metaspace: 52048K->52048K(1097728K)], 0.2050723 secs] [Times: user=0.21 sys=0.00, real=0.21 secs] 
Heap after GC invocations=407 (full 547):
 par new generation   total 115200K, used 4029K [0x00000000f0000000, 0x00000000f7d00000, 0x00000000f7d00000)
  eden space 102400K,   3% used [0x00000000f0000000, 0x00000000f03ef6a0, 0x00000000f6400000)
  from space 12800K,   0% used [0x00000000f7080000, 0x00000000f7080000, 0x00000000f7d00000)
  to   space 12800K,   0% used [0x00000000f6400000, 0x00000000f6400000, 0x00000000f7080000)
 concurrent mark-sweep generation total 134144K, used 134141K [0x00000000f7d00000, 0x0000000100000000, 0x0000000100000000)
 Metaspace       used 52048K, capacity 54894K, committed 55936K, reserved 1097728K
  class space    used 6335K, capacity 6835K, committed 7040K, reserved 1048576K
}
2023-01-17T04:34:45.531+0800: 295.439: [GC (CMS Initial Mark) [1 CMS-initial-mark: 134141K(134144K)] 143969K(249344K), 0.0055924 secs] [Times: user=0.03 sys=0.00, real=0.00 secs] 
2023-01-17T04:34:45.537+0800: 295.444: [CMS-concurrent-mark-start]
2023-01-17T04:34:45.610+0800: 295.517: [CMS-concurrent-mark: 0.073/0.073 secs] [Times: user=0.21 sys=0.04, real=0.08 secs] 
2023-01-17T04:34:45.610+0800: 295.518: [CMS-concurrent-preclean-start]
2023-01-17T04:34:45.658+0800: 295.565: [CMS-concurrent-preclean: 0.048/0.048 secs] [Times: user=0.10 sys=0.01, real=0.04 secs] 
2023-01-17T04:34:45.658+0800: 295.566: [CMS-concurrent-abortable-preclean-start]
2023-01-17T04:34:45.658+0800: 295.566: [CMS-concurrent-abortable-preclean: 0.000/0.000 secs] [Times: user=0.00 sys=0.01, real=0.00 secs] 
2023-01-17T04:34:45.663+0800: 295.571: [GC (CMS Final Remark) [YG occupancy: 73799 K (115200 K)]2023-01-17T04:34:45.664+0800: 295.571: [Rescan (parallel) , 0.0359545 secs]2023-01-17T04:34:45.700+0800: 295.607: [weak refs processing, 0.0000568 secs]2023-01-17T04:34:45.700+0800: 295.607: [class unloading, 0.0181883 secs]2023-01-17T04:34:45.718+0800: 295.626: [scrub symbol table, 0.0073323 secs]2023-01-17T04:34:45.725+0800: 295.633: [scrub string table, 0.0013006 secs][1 CMS-remark: 134141K(134144K)] 207940K(249344K), 0.0631025 secs] [Times: user=0.12 sys=0.00, real=0.06 secs] 
2023-01-17T04:34:45.728+0800: 295.635: [CMS-concurrent-sweep-start]
2023-01-17T04:34:45.752+0800: 295.660: [CMS-concurrent-sweep: 0.025/0.025 secs] [Times: user=0.04 sys=0.00, real=0.03 secs] 
2023-01-17T04:34:45.752+0800: 295.660: [CMS-concurrent-reset-start]
2023-01-17T04:34:45.753+0800: 295.660: [CMS-concurrent-reset: 0.000/0.000 secs] [Times: user=0.00 sys=0.00, real=0.00 secs] 
{Heap before GC invocations=407 (full 548):
 par new generation   total 115200K, used 115199K [0x00000000f0000000, 0x00000000f7d00000, 0x00000000f7d00000)
  eden space 102400K, 100% used [0x00000000f0000000, 0x00000000f6400000, 0x00000000f6400000)
  from space 12800K,  99% used [0x00000000f7080000, 0x00000000f7cffd60, 0x00000000f7d00000)
  to   space 12800K,   0% used [0x00000000f6400000, 0x00000000f6400000, 0x00000000f7080000)
 concurrent mark-sweep generation total 134144K, used 133499K [0x00000000f7d00000, 0x0000000100000000, 0x0000000100000000)
 Metaspace       used 52048K, capacity 54894K, committed 55936K, reserved 1097728K
  class space    used 6335K, capacity 6835K, committed 7040K, reserved 1048576K
2023-01-17T04:34:46.105+0800: 296.013: [GC (Allocation Failure) 2023-01-17T04:34:46.106+0800: 296.013: [ParNew: 115199K->115199K(115200K), 0.0000320 secs]2023-01-17T04:34:46.106+0800: 296.013: [CMS: 133499K->134143K(134144K), 0.2011895 secs] 248699K->137956K(249344K), [Metaspace: 52048K->52048K(1097728K)], 0.2016041 secs] [Times: user=0.20 sys=0.00, real=0.20 secs] 
Heap after GC invocations=408 (full 549):
 par new generation   total 115200K, used 3812K [0x00000000f0000000, 0x00000000f7d00000, 0x00000000f7d00000)
  eden space 102400K,   3% used [0x00000000f0000000, 0x00000000f03b9080, 0x00000000f6400000)
  from space 12800K,   0% used [0x00000000f7080000, 0x00000000f7080000, 0x00000000f7d00000)
  to   space 12800K,   0% used [0x00000000f6400000, 0x00000000f6400000, 0x00000000f7080000)
 concurrent mark-sweep generation total 134144K, used 134143K [0x00000000f7d00000, 0x0000000100000000, 0x0000000100000000)
 Metaspace       used 52048K, capacity 54894K, committed 55936K, reserved 1097728K
  class space    used 6335K, capacity 6835K, committed 7040K, reserved 1048576K
}
2023-01-17T04:34:46.313+0800: 296.220: [GC (CMS Initial Mark) [1 CMS-initial-mark: 134143K(134144K)] 138730K(249344K), 0.0046409 secs] [Times: user=0.02 sys=0.00, real=0.00 secs] 
2023-01-17T04:34:46.318+0800: 296.225: [CMS-concurrent-mark-start]
2023-01-17T04:34:46.391+0800: 296.299: [CMS-concurrent-mark: 0.073/0.073 secs] [Times: user=0.24 sys=0.02, real=0.08 secs] 
2023-01-17T04:34:46.391+0800: 296.299: [CMS-concurrent-preclean-start]
2023-01-17T04:34:46.435+0800: 296.343: [CMS-concurrent-preclean: 0.044/0.044 secs] [Times: user=0.11 sys=0.03, real=0.04 secs] 
2023-01-17T04:34:46.436+0800: 296.343: [CMS-concurrent-abortable-preclean-start]
2023-01-17T04:34:46.436+0800: 296.343: [CMS-concurrent-abortable-preclean: 0.000/0.000 secs] [Times: user=0.00 sys=0.00, real=0.00 secs] 
2023-01-17T04:34:46.440+0800: 296.348: [GC (CMS Final Remark) [YG occupancy: 80211 K (115200 K)]2023-01-17T04:34:46.440+0800: 296.348: [Rescan (parallel) , 0.0246375 secs]2023-01-17T04:34:46.465+0800: 296.372: [weak refs processing, 0.0000444 secs]2023-01-17T04:34:46.465+0800: 296.372: [class unloading, 0.0134786 secs]2023-01-17T04:34:46.478+0800: 296.386: [scrub symbol table, 0.0049334 secs]2023-01-17T04:34:46.483+0800: 296.391: [scrub string table, 0.0008977 secs][1 CMS-remark: 134143K(134144K)] 214355K(249344K), 0.0442026 secs] [Times: user=0.11 sys=0.00, real=0.04 secs] 
2023-01-17T04:34:46.485+0800: 296.392: [CMS-concurrent-sweep-start]
2023-01-17T04:34:46.505+0800: 296.412: [CMS-concurrent-sweep: 0.020/0.020 secs] [Times: user=0.05 sys=0.01, real=0.02 secs] 
2023-01-17T04:34:46.505+0800: 296.413: [CMS-concurrent-reset-start]
2023-01-17T04:34:46.505+0800: 296.413: [CMS-concurrent-reset: 0.000/0.000 secs] [Times: user=0.00 sys=0.00, real=0.00 secs] 
{Heap before GC invocations=408 (full 550):
 par new generation   total 115200K, used 115199K [0x00000000f0000000, 0x00000000f7d00000, 0x00000000f7d00000)
  eden space 102400K, 100% used [0x00000000f0000000, 0x00000000f6400000, 0x00000000f6400000)
  from space 12800K,  99% used [0x00000000f7080000, 0x00000000f7cfffd8, 0x00000000f7d00000)
  to   space 12800K,   0% used [0x00000000f6400000, 0x00000000f6400000, 0x00000000f7080000)
 concurrent mark-sweep generation total 134144K, used 133568K [0x00000000f7d00000, 0x0000000100000000, 0x0000000100000000)
 Metaspace       used 52048K, capacity 54894K, committed 55936K, reserved 1097728K
  class space    used 6335K, capacity 6835K, committed 7040K, reserved 1048576K
2023-01-17T04:34:46.952+0800: 296.860: [GC (Allocation Failure) 2023-01-17T04:34:46.952+0800: 296.860: [ParNew: 115199K->115199K(115200K), 0.0000411 secs]2023-01-17T04:34:46.953+0800: 296.860: [CMS: 133568K->134143K(134144K), 0.2539101 secs] 248768K->138067K(249344K), [Metaspace: 52048K->52048K(1097728K)], 0.2543849 secs] [Times: user=0.25 sys=0.00, real=0.25 secs] 
Heap after GC invocations=409 (full 551):
 par new generation   total 115200K, used 3923K [0x00000000f0000000, 0x00000000f7d00000, 0x00000000f7d00000)
  eden space 102400K,   3% used [0x00000000f0000000, 0x00000000f03d4d18, 0x00000000f6400000)
  from space 12800K,   0% used [0x00000000f7080000, 0x00000000f7080000, 0x00000000f7d00000)
  to   space 12800K,   0% used [0x00000000f6400000, 0x00000000f6400000, 0x00000000f7080000)
 concurrent mark-sweep generation total 134144K, used 134143K [0x00000000f7d00000, 0x0000000100000000, 0x0000000100000000)
 Metaspace       used 52048K, capacity 54894K, committed 55936K, reserved 1097728K
  class space    used 6335K, capacity 6835K, committed 7040K, reserved 1048576K
}
2023-01-17T04:34:47.214+0800: 297.121: [GC (CMS Initial Mark) [1 CMS-initial-mark: 134143K(134144K)] 138567K(249344K), 0.0059786 secs] [Times: user=0.02 sys=0.00, real=0.01 secs] 
2023-01-17T04:34:47.220+0800: 297.128: [CMS-concurrent-mark-start]
2023-01-17T04:34:47.291+0800: 297.199: [CMS-concurrent-mark: 0.071/0.071 secs] [Times: user=0.19 sys=0.02, real=0.07 secs] 
2023-01-17T04:34:47.291+0800: 297.199: [CMS-concurrent-preclean-start]
2023-01-17T04:34:47.343+0800: 297.251: [CMS-concurrent-preclean: 0.052/0.052 secs] [Times: user=0.09 sys=0.00, real=0.05 secs] 
2023-01-17T04:34:47.343+0800: 297.251: [CMS-concurrent-abortable-preclean-start]
2023-01-17T04:34:47.343+0800: 297.251: [CMS-concurrent-abortable-preclean: 0.000/0.000 secs] [Times: user=0.00 sys=0.00, real=0.00 secs] 
2023-01-17T04:34:47.348+0800: 297.255: [GC (CMS Final Remark) [YG occupancy: 52670 K (115200 K)]2023-01-17T04:34:47.348+0800: 297.256: [Rescan (parallel) , 0.0214094 secs]2023-01-17T04:34:47.369+0800: 297.277: [weak refs processing, 0.0000606 secs]2023-01-17T04:34:47.369+0800: 297.277: [class unloading, 0.0193955 secs]2023-01-17T04:34:47.389+0800: 297.297: [scrub symbol table, 0.0080248 secs]2023-01-17T04:34:47.397+0800: 297.305: [scrub string table, 0.0012509 secs][1 CMS-remark: 134143K(134144K)] 186813K(249344K), 0.0503685 secs] [Times: user=0.09 sys=0.00, real=0.05 secs] 
2023-01-17T04:34:47.399+0800: 297.307: [CMS-concurrent-sweep-start]
2023-01-17T04:34:47.422+0800: 297.329: [CMS-concurrent-sweep: 0.023/0.023 secs] [Times: user=0.06 sys=0.01, real=0.03 secs] 
2023-01-17T04:34:47.422+0800: 297.330: [CMS-concurrent-reset-start]
2023-01-17T04:34:47.422+0800: 297.330: [CMS-concurrent-reset: 0.000/0.000 secs] [Times: user=0.00 sys=0.00, real=0.00 secs] 
{Heap before GC invocations=409 (full 552):
 par new generation   total 115200K, used 115199K [0x00000000f0000000, 0x00000000f7d00000, 0x00000000f7d00000)
  eden space 102400K, 100% used [0x00000000f0000000, 0x00000000f6400000, 0x00000000f6400000)
  from space 12800K,  99% used [0x00000000f7080000, 0x00000000f7cffff0, 0x00000000f7d00000)
  to   space 12800K,   0% used [0x00000000f6400000, 0x00000000f6400000, 0x00000000f7080000)
 concurrent mark-sweep generation total 134144K, used 133424K [0x00000000f7d00000, 0x0000000100000000, 0x0000000100000000)
 Metaspace       used 52048K, capacity 54894K, committed 55936K, reserved 1097728K
  class space    used 6335K, capacity 6835K, committed 7040K, reserved 1048576K
2023-01-17T04:34:47.948+0800: 297.856: [GC (Allocation Failure) 2023-01-17T04:34:47.948+0800: 297.856: [ParNew: 115199K->115199K(115200K), 0.0000271 secs]2023-01-17T04:34:47.948+0800: 297.856: [CMS: 133424K->134143K(134144K), 0.2476314 secs] 248624K->138033K(249344K), [Metaspace: 52048K->52048K(1097728K)], 0.2481155 secs] [Times: user=0.25 sys=0.00, real=0.25 secs] 
Heap after GC invocations=410 (full 553):
 par new generation   total 115200K, used 3889K [0x00000000f0000000, 0x00000000f7d00000, 0x00000000f7d00000)
  eden space 102400K,   3% used [0x00000000f0000000, 0x00000000f03cc748, 0x00000000f6400000)
  from space 12800K,   0% used [0x00000000f7080000, 0x00000000f7080000, 0x00000000f7d00000)
  to   space 12800K,   0% used [0x00000000f6400000, 0x00000000f6400000, 0x00000000f7080000)
 concurrent mark-sweep generation total 134144K, used 134143K [0x00000000f7d00000, 0x0000000100000000, 0x0000000100000000)
 Metaspace       used 52048K, capacity 54894K, committed 55936K, reserved 1097728K
  class space    used 6335K, capacity 6835K, committed 7040K, reserved 1048576K
}
2023-01-17T04:34:48.202+0800: 298.110: [GC (CMS Initial Mark) [1 CMS-initial-mark: 134143K(134144K)] 138181K(249344K), 0.0096281 secs] [Times: user=0.01 sys=0.00, real=0.01 secs] 
2023-01-17T04:34:48.213+0800: 298.121: [CMS-concurrent-mark-start]
2023-01-17T04:34:48.294+0800: 298.202: [CMS-concurrent-mark: 0.081/0.081 secs] [Times: user=0.11 sys=0.01, real=0.08 secs] 
2023-01-17T04:34:48.294+0800: 298.202: [CMS-concurrent-preclean-start]
2023-01-17T04:34:48.346+0800: 298.253: [CMS-concurrent-preclean: 0.051/0.051 secs] [Times: user=0.12 sys=0.01, real=0.05 secs] 
2023-01-17T04:34:48.346+0800: 298.254: [CMS-concurrent-abortable-preclean-start]
2023-01-17T04:34:48.346+0800: 298.254: [CMS-concurrent-abortable-preclean: 0.000/0.000 secs] [Times: user=0.00 sys=0.00, real=0.00 secs] 
2023-01-17T04:34:48.352+0800: 298.260: [GC (CMS Final Remark) [YG occupancy: 33870 K (115200 K)]2023-01-17T04:34:48.352+0800: 298.260: [Rescan (parallel) , 0.0193131 secs]2023-01-17T04:34:48.372+0800: 298.279: [weak refs processing, 0.0000580 secs]2023-01-17T04:34:48.372+0800: 298.279: [class unloading, 0.0192346 secs]2023-01-17T04:34:48.391+0800: 298.299: [scrub symbol table, 0.0082442 secs]2023-01-17T04:34:48.399+0800: 298.307: [scrub string table, 0.0012788 secs][1 CMS-remark: 134143K(134144K)] 168014K(249344K), 0.0483317 secs] [Times: user=0.10 sys=0.00, real=0.05 secs] 
2023-01-17T04:34:48.402+0800: 298.309: [CMS-concurrent-sweep-start]
2023-01-17T04:34:48.423+0800: 298.331: [CMS-concurrent-sweep: 0.022/0.022 secs] [Times: user=0.07 sys=0.01, real=0.02 secs] 
2023-01-17T04:34:48.424+0800: 298.331: [CMS-concurrent-reset-start]
2023-01-17T04:34:48.424+0800: 298.332: [CMS-concurrent-reset: 0.000/0.000 secs] [Times: user=0.00 sys=0.00, real=0.00 secs] 
{Heap before GC invocations=410 (full 554):
 par new generation   total 115200K, used 115199K [0x00000000f0000000, 0x00000000f7d00000, 0x00000000f7d00000)
  eden space 102400K, 100% used [0x00000000f0000000, 0x00000000f6400000, 0x00000000f6400000)
  from space 12800K,  99% used [0x00000000f7080000, 0x00000000f7cffff8, 0x00000000f7d00000)
  to   space 12800K,   0% used [0x00000000f6400000, 0x00000000f6400000, 0x00000000f7080000)
 concurrent mark-sweep generation total 134144K, used 133969K [0x00000000f7d00000, 0x0000000100000000, 0x0000000100000000)
 Metaspace       used 52048K, capacity 54894K, committed 55936K, reserved 1097728K
  class space    used 6335K, capacity 6835K, committed 7040K, reserved 1048576K
2023-01-17T04:34:48.536+0800: 298.444: [GC (Allocation Failure) 2023-01-17T04:34:48.536+0800: 298.444: [ParNew: 115199K->115199K(115200K), 0.0000268 secs]2023-01-17T04:34:48.536+0800: 298.444: [CMS: 133969K->134143K(134144K), 0.2118769 secs] 249169K->148612K(249344K), [Metaspace: 52048K->52048K(1097728K)], 0.2122570 secs] [Times: user=0.21 sys=0.01, real=0.21 secs] 
Heap after GC invocations=411 (full 555):
 par new generation   total 115200K, used 14468K [0x00000000f0000000, 0x00000000f7d00000, 0x00000000f7d00000)
  eden space 102400K,  14% used [0x00000000f0000000, 0x00000000f0e21258, 0x00000000f6400000)
  from space 12800K,   0% used [0x00000000f7080000, 0x00000000f7080000, 0x00000000f7d00000)
  to   space 12800K,   0% used [0x00000000f6400000, 0x00000000f6400000, 0x00000000f7080000)
 concurrent mark-sweep generation total 134144K, used 134143K [0x00000000f7d00000, 0x0000000100000000, 0x0000000100000000)
 Metaspace       used 52048K, capacity 54894K, committed 55936K, reserved 1097728K
  class space    used 6335K, capacity 6835K, committed 7040K, reserved 1048576K
}
2023-01-17T04:34:48.754+0800: 298.662: [GC (CMS Initial Mark) [1 CMS-initial-mark: 134143K(134144K)] 152013K(249344K), 0.0045820 secs] [Times: user=0.01 sys=0.00, real=0.00 secs] 
2023-01-17T04:34:48.759+0800: 298.667: [CMS-concurrent-mark-start]
2023-01-17T04:34:48.812+0800: 298.720: [CMS-concurrent-mark: 0.053/0.053 secs] [Times: user=0.08 sys=0.00, real=0.06 secs] 
2023-01-17T04:34:48.812+0800: 298.720: [CMS-concurrent-preclean-start]
2023-01-17T04:34:48.844+0800: 298.751: [CMS-concurrent-preclean: 0.032/0.032 secs] [Times: user=0.04 sys=0.00, real=0.03 secs] 
2023-01-17T04:34:48.844+0800: 298.752: [CMS-concurrent-abortable-preclean-start]
2023-01-17T04:34:48.844+0800: 298.752: [CMS-concurrent-abortable-preclean: 0.000/0.000 secs] [Times: user=0.00 sys=0.00, real=0.00 secs] 
2023-01-17T04:34:48.848+0800: 298.755: [GC (CMS Final Remark) [YG occupancy: 25510 K (115200 K)]2023-01-17T04:34:48.848+0800: 298.755: [Rescan (parallel) , 0.0079558 secs]2023-01-17T04:34:48.856+0800: 298.763: [weak refs processing, 0.0000413 secs]2023-01-17T04:34:48.856+0800: 298.763: [class unloading, 0.0127724 secs]2023-01-17T04:34:48.868+0800: 298.776: [scrub symbol table, 0.0048874 secs]2023-01-17T04:34:48.873+0800: 298.781: [scrub string table, 0.0009062 secs][1 CMS-remark: 134143K(134144K)] 159654K(249344K), 0.0267141 secs] [Times: user=0.04 sys=0.01, real=0.03 secs] 
2023-01-17T04:34:48.875+0800: 298.783: [CMS-concurrent-sweep-start]
2023-01-17T04:34:48.896+0800: 298.803: [CMS-concurrent-sweep: 0.021/0.021 secs] [Times: user=0.02 sys=0.00, real=0.02 secs] 
2023-01-17T04:34:48.896+0800: 298.804: [CMS-concurrent-reset-start]
2023-01-17T04:34:48.896+0800: 298.804: [CMS-concurrent-reset: 0.000/0.000 secs] [Times: user=0.00 sys=0.00, real=0.00 secs] 
{Heap before GC invocations=411 (full 556):
 par new generation   total 115200K, used 115199K [0x00000000f0000000, 0x00000000f7d00000, 0x00000000f7d00000)
  eden space 102400K, 100% used [0x00000000f0000000, 0x00000000f6400000, 0x00000000f6400000)
  from space 12800K,  99% used [0x00000000f7080000, 0x00000000f7cffff0, 0x00000000f7d00000)
  to   space 12800K,   0% used [0x00000000f6400000, 0x00000000f6400000, 0x00000000f7080000)
 concurrent mark-sweep generation total 134144K, used 134043K [0x00000000f7d00000, 0x0000000100000000, 0x0000000100000000)
 Metaspace       used 52048K, capacity 54894K, committed 55936K, reserved 1097728K
  class space    used 6335K, capacity 6835K, committed 7040K, reserved 1048576K
2023-01-17T04:34:49.100+0800: 299.008: [GC (Allocation Failure) 2023-01-17T04:34:49.101+0800: 299.008: [ParNew: 115199K->115199K(115200K), 0.0000292 secs]2023-01-17T04:34:49.101+0800: 299.009: [CMS: 134043K->134137K(134144K), 0.1997749 secs] 249243K->151267K(249344K), [Metaspace: 52048K->52048K(1097728K)], 0.2001896 secs] [Times: user=0.20 sys=0.00, real=0.20 secs] 
Heap after GC invocations=412 (full 557):
 par new generation   total 115200K, used 17130K [0x00000000f0000000, 0x00000000f7d00000, 0x00000000f7d00000)
  eden space 102400K,  16% used [0x00000000f0000000, 0x00000000f10ba8a0, 0x00000000f6400000)
  from space 12800K,   0% used [0x00000000f7080000, 0x00000000f7080000, 0x00000000f7d00000)
  to   space 12800K,   0% used [0x00000000f6400000, 0x00000000f6400000, 0x00000000f7080000)
 concurrent mark-sweep generation total 134144K, used 134137K [0x00000000f7d00000, 0x0000000100000000, 0x0000000100000000)
 Metaspace       used 52048K, capacity 54894K, committed 55936K, reserved 1097728K
  class space    used 6335K, capacity 6835K, committed 7040K, reserved 1048576K
}
2023-01-17T04:34:49.306+0800: 299.213: [GC (CMS Initial Mark) [1 CMS-initial-mark: 134137K(134144K)] 151720K(249344K), 0.0059714 secs] [Times: user=0.02 sys=0.00, real=0.01 secs] 
2023-01-17T04:34:49.312+0800: 299.220: [CMS-concurrent-mark-start]
2023-01-17T04:34:49.367+0800: 299.275: [CMS-concurrent-mark: 0.055/0.055 secs] [Times: user=0.11 sys=0.01, real=0.05 secs] 
2023-01-17T04:34:49.367+0800: 299.275: [CMS-concurrent-preclean-start]
2023-01-17T04:34:49.397+0800: 299.305: [CMS-concurrent-preclean: 0.030/0.030 secs] [Times: user=0.03 sys=0.00, real=0.03 secs] 
2023-01-17T04:34:49.397+0800: 299.305: [CMS-concurrent-abortable-preclean-start]
2023-01-17T04:34:49.397+0800: 299.305: [CMS-concurrent-abortable-preclean: 0.000/0.000 secs] [Times: user=0.00 sys=0.00, real=0.00 secs] 
2023-01-17T04:34:49.401+0800: 299.308: [GC (CMS Final Remark) [YG occupancy: 35639 K (115200 K)]2023-01-17T04:34:49.401+0800: 299.308: [Rescan (parallel) , 0.0088368 secs]2023-01-17T04:34:49.410+0800: 299.317: [weak refs processing, 0.0000416 secs]2023-01-17T04:34:49.410+0800: 299.317: [class unloading, 0.0130275 secs]2023-01-17T04:34:49.423+0800: 299.330: [scrub symbol table, 0.0050687 secs]2023-01-17T04:34:49.428+0800: 299.336: [scrub string table, 0.0009247 secs][1 CMS-remark: 134137K(134144K)] 169777K(249344K), 0.0280680 secs] [Times: user=0.06 sys=0.00, real=0.02 secs] 
2023-01-17T04:34:49.430+0800: 299.338: [CMS-concurrent-sweep-start]
2023-01-17T04:34:49.458+0800: 299.366: [CMS-concurrent-sweep: 0.028/0.028 secs] [Times: user=0.07 sys=0.01, real=0.02 secs] 
2023-01-17T04:34:49.459+0800: 299.367: [CMS-concurrent-reset-start]
2023-01-17T04:34:49.459+0800: 299.367: [CMS-concurrent-reset: 0.000/0.000 secs] [Times: user=0.00 sys=0.00, real=0.00 secs] 
{Heap before GC invocations=412 (full 558):
 par new generation   total 115200K, used 115196K [0x00000000f0000000, 0x00000000f7d00000, 0x00000000f7d00000)
  eden space 102400K, 100% used [0x00000000f0000000, 0x00000000f6400000, 0x00000000f6400000)
  from space 12800K,  99% used [0x00000000f7080000, 0x00000000f7cff0b8, 0x00000000f7d00000)
  to   space 12800K,   0% used [0x00000000f6400000, 0x00000000f6400000, 0x00000000f7080000)
 concurrent mark-sweep generation total 134144K, used 134123K [0x00000000f7d00000, 0x0000000100000000, 0x0000000100000000)
 Metaspace       used 52048K, capacity 54894K, committed 55936K, reserved 1097728K
  class space    used 6335K, capacity 6835K, committed 7040K, reserved 1048576K
2023-01-17T04:34:49.840+0800: 299.748: [GC (Allocation Failure) 2023-01-17T04:34:49.840+0800: 299.748: [ParNew: 115196K->115196K(115200K), 0.0000255 secs]2023-01-17T04:34:49.840+0800: 299.748: [CMS: 134123K->134138K(134144K), 0.1921116 secs] 249320K->151492K(249344K), [Metaspace: 52048K->52048K(1097728K)], 0.1924928 secs] [Times: user=0.20 sys=0.00, real=0.19 secs] 
Heap after GC invocations=413 (full 559):
 par new generation   total 115200K, used 17354K [0x00000000f0000000, 0x00000000f7d00000, 0x00000000f7d00000)
  eden space 102400K,  16% used [0x00000000f0000000, 0x00000000f10f2a28, 0x00000000f6400000)
  from space 12800K,   0% used [0x00000000f7080000, 0x00000000f7080000, 0x00000000f7d00000)
  to   space 12800K,   0% used [0x00000000f6400000, 0x00000000f6400000, 0x00000000f7080000)
 concurrent mark-sweep generation total 134144K, used 134138K [0x00000000f7d00000, 0x0000000100000000, 0x0000000100000000)
 Metaspace       used 52048K, capacity 54894K, committed 55936K, reserved 1097728K
  class space    used 6335K, capacity 6835K, committed 7040K, reserved 1048576K
}
2023-01-17T04:34:50.038+0800: 299.946: [GC (CMS Initial Mark) [1 CMS-initial-mark: 134138K(134144K)] 152539K(249344K), 0.0063531 secs] [Times: user=0.01 sys=0.00, real=0.01 secs] 
2023-01-17T04:34:50.044+0800: 299.952: [CMS-concurrent-mark-start]
2023-01-17T04:34:50.113+0800: 300.021: [CMS-concurrent-mark: 0.069/0.069 secs] [Times: user=0.23 sys=0.02, real=0.07 secs] 
2023-01-17T04:34:50.113+0800: 300.021: [CMS-concurrent-preclean-start]
2023-01-17T04:34:50.158+0800: 300.066: [CMS-concurrent-preclean: 0.045/0.045 secs] [Times: user=0.13 sys=0.03, real=0.04 secs] 
2023-01-17T04:34:50.158+0800: 300.066: [CMS-concurrent-abortable-preclean-start]
2023-01-17T04:34:50.158+0800: 300.066: [CMS-concurrent-abortable-preclean: 0.000/0.000 secs] [Times: user=0.00 sys=0.00, real=0.00 secs] 
2023-01-17T04:34:50.163+0800: 300.070: [GC (CMS Final Remark) [YG occupancy: 90890 K (115200 K)]2023-01-17T04:34:50.163+0800: 300.071: [Rescan (parallel) , 0.0246904 secs]2023-01-17T04:34:50.188+0800: 300.095: [weak refs processing, 0.0000449 secs]2023-01-17T04:34:50.188+0800: 300.095: [class unloading, 0.0141976 secs]2023-01-17T04:34:50.202+0800: 300.110: [scrub symbol table, 0.0049427 secs]2023-01-17T04:34:50.207+0800: 300.115: [scrub string table, 0.0009118 secs][1 CMS-remark: 134138K(134144K)] 225028K(249344K), 0.0450234 secs] [Times: user=0.11 sys=0.00, real=0.04 secs] 
2023-01-17T04:34:50.208+0800: 300.116: [CMS-concurrent-sweep-start]
2023-01-17T04:34:50.226+0800: 300.134: [CMS-concurrent-sweep: 0.018/0.018 secs] [Times: user=0.05 sys=0.01, real=0.02 secs] 
2023-01-17T04:34:50.226+0800: 300.134: [CMS-concurrent-reset-start]
2023-01-17T04:34:50.226+0800: 300.134: [CMS-concurrent-reset: 0.000/0.000 secs] [Times: user=0.00 sys=0.00, real=0.00 secs] 
{Heap before GC invocations=413 (full 560):
 par new generation   total 115200K, used 115200K [0x00000000f0000000, 0x00000000f7d00000, 0x00000000f7d00000)
  eden space 102400K, 100% used [0x00000000f0000000, 0x00000000f6400000, 0x00000000f6400000)
  from space 12800K, 100% used [0x00000000f7080000, 0x00000000f7d00000, 0x00000000f7d00000)
  to   space 12800K,   0% used [0x00000000f6400000, 0x00000000f6400000, 0x00000000f7080000)
 concurrent mark-sweep generation total 134144K, used 134136K [0x00000000f7d00000, 0x0000000100000000, 0x0000000100000000)
 Metaspace       used 52048K, capacity 54894K, committed 55936K, reserved 1097728K
  class space    used 6335K, capacity 6835K, committed 7040K, reserved 1048576K
2023-01-17T04:34:50.298+0800: 300.206: [GC (Allocation Failure) 2023-01-17T04:34:50.299+0800: 300.206: [ParNew: 115200K->115200K(115200K), 0.0000272 secs]2023-01-17T04:34:50.299+0800: 300.207: [CMS: 134136K->134139K(134144K), 0.2137259 secs] 249336K->151466K(249344K), [Metaspace: 52048K->52048K(1097728K)], 0.2141142 secs] [Times: user=0.22 sys=0.00, real=0.22 secs] 
Heap after GC invocations=414 (full 561):
 par new generation   total 115200K, used 17327K [0x00000000f0000000, 0x00000000f7d00000, 0x00000000f7d00000)
  eden space 102400K,  16% used [0x00000000f0000000, 0x00000000f10ebc78, 0x00000000f6400000)
  from space 12800K,   0% used [0x00000000f7080000, 0x00000000f7080000, 0x00000000f7d00000)
  to   space 12800K,   0% used [0x00000000f6400000, 0x00000000f6400000, 0x00000000f7080000)
 concurrent mark-sweep generation total 134144K, used 134139K [0x00000000f7d00000, 0x0000000100000000, 0x0000000100000000)
 Metaspace       used 52048K, capacity 54894K, committed 55936K, reserved 1097728K
  class space    used 6335K, capacity 6835K, committed 7040K, reserved 1048576K
}
2023-01-17T04:34:50.517+0800: 300.424: [GC (CMS Initial Mark) [1 CMS-initial-mark: 134139K(134144K)] 151549K(249344K), 0.0091796 secs] [Times: user=0.02 sys=0.00, real=0.01 secs] 
2023-01-17T04:34:50.526+0800: 300.434: [CMS-concurrent-mark-start]
2023-01-17T04:34:50.586+0800: 300.494: [CMS-concurrent-mark: 0.060/0.060 secs] [Times: user=0.10 sys=0.02, real=0.06 secs] 
2023-01-17T04:34:50.587+0800: 300.495: [CMS-concurrent-preclean-start]
2023-01-17T04:34:50.633+0800: 300.541: [CMS-concurrent-preclean: 0.046/0.046 secs] [Times: user=0.10 sys=0.01, real=0.05 secs] 
2023-01-17T04:34:50.633+0800: 300.541: [CMS-concurrent-abortable-preclean-start]
2023-01-17T04:34:50.633+0800: 300.541: [CMS-concurrent-abortable-preclean: 0.000/0.000 secs] [Times: user=0.00 sys=0.00, real=0.00 secs] 
2023-01-17T04:34:50.637+0800: 300.545: [GC (CMS Final Remark) [YG occupancy: 40621 K (115200 K)]2023-01-17T04:34:50.637+0800: 300.545: [Rescan (parallel) , 0.0144935 secs]2023-01-17T04:34:50.652+0800: 300.560: [weak refs processing, 0.0000417 secs]2023-01-17T04:34:50.652+0800: 300.560: [class unloading, 0.0133457 secs]2023-01-17T04:34:50.665+0800: 300.573: [scrub symbol table, 0.0049635 secs]2023-01-17T04:34:50.670+0800: 300.578: [scrub string table, 0.0008902 secs][1 CMS-remark: 134139K(134144K)] 174760K(249344K), 0.0338869 secs] [Times: user=0.07 sys=0.00, real=0.04 secs] 
2023-01-17T04:34:50.672+0800: 300.579: [CMS-concurrent-sweep-start]
2023-01-17T04:34:50.690+0800: 300.598: [CMS-concurrent-sweep: 0.018/0.018 secs] [Times: user=0.04 sys=0.01, real=0.02 secs] 
2023-01-17T04:34:50.690+0800: 300.598: [CMS-concurrent-reset-start]
2023-01-17T04:34:50.690+0800: 300.598: [CMS-concurrent-reset: 0.000/0.000 secs] [Times: user=0.00 sys=0.00, real=0.00 secs] 
{Heap before GC invocations=414 (full 562):
 par new generation   total 115200K, used 115199K [0x00000000f0000000, 0x00000000f7d00000, 0x00000000f7d00000)
  eden space 102400K, 100% used [0x00000000f0000000, 0x00000000f6400000, 0x00000000f6400000)
  from space 12800K,  99% used [0x00000000f7080000, 0x00000000f7cffff8, 0x00000000f7d00000)
  to   space 12800K,   0% used [0x00000000f6400000, 0x00000000f6400000, 0x00000000f7080000)
 concurrent mark-sweep generation total 134144K, used 134139K [0x00000000f7d00000, 0x0000000100000000, 0x0000000100000000)
 Metaspace       used 52048K, capacity 54894K, committed 55936K, reserved 1097728K
  class space    used 6335K, capacity 6835K, committed 7040K, reserved 1048576K
2023-01-17T04:34:50.867+0800: 300.775: [GC (Allocation Failure) 2023-01-17T04:34:50.867+0800: 300.775: [ParNew: 115199K->115199K(115200K), 0.0000278 secs]2023-01-17T04:34:50.867+0800: 300.775: [CMS: 134139K->134138K(134144K), 0.1913852 secs] 249339K->151630K(249344K), [Metaspace: 52048K->52048K(1097728K)], 0.1917691 secs] [Times: user=0.19 sys=0.00, real=0.19 secs] 
Heap after GC invocations=415 (full 563):
 par new generation   total 115200K, used 17492K [0x00000000f0000000, 0x00000000f7d00000, 0x00000000f7d00000)
  eden space 102400K,  17% used [0x00000000f0000000, 0x00000000f1115008, 0x00000000f6400000)
  from space 12800K,   0% used [0x00000000f7080000, 0x00000000f7080000, 0x00000000f7d00000)
  to   space 12800K,   0% used [0x00000000f6400000, 0x00000000f6400000, 0x00000000f7080000)
 concurrent mark-sweep generation total 134144K, used 134138K [0x00000000f7d00000, 0x0000000100000000, 0x0000000100000000)
 Metaspace       used 52048K, capacity 54894K, committed 55936K, reserved 1097728K
  class space    used 6335K, capacity 6835K, committed 7040K, reserved 1048576K
}
2023-01-17T04:34:51.063+0800: 300.971: [GC (CMS Initial Mark) [1 CMS-initial-mark: 134138K(134144K)] 152281K(249344K), 0.0058673 secs] [Times: user=0.02 sys=0.00, real=0.00 secs] 
2023-01-17T04:34:51.069+0800: 300.977: [CMS-concurrent-mark-start]
2023-01-17T04:34:51.128+0800: 301.036: [CMS-concurrent-mark: 0.059/0.059 secs] [Times: user=0.16 sys=0.02, real=0.06 secs] 
2023-01-17T04:34:51.128+0800: 301.036: [CMS-concurrent-preclean-start]
2023-01-17T04:34:51.158+0800: 301.066: [CMS-concurrent-preclean: 0.030/0.030 secs] [Times: user=0.03 sys=0.00, real=0.03 secs] 
2023-01-17T04:34:51.158+0800: 301.066: [CMS-concurrent-abortable-preclean-start]
2023-01-17T04:34:51.158+0800: 301.066: [CMS-concurrent-abortable-preclean: 0.000/0.000 secs] [Times: user=0.00 sys=0.00, real=0.00 secs] 
2023-01-17T04:34:51.162+0800: 301.069: [GC (CMS Final Remark) [YG occupancy: 49921 K (115200 K)]2023-01-17T04:34:51.162+0800: 301.070: [Rescan (parallel) , 0.0118348 secs]2023-01-17T04:34:51.174+0800: 301.081: [weak refs processing, 0.0000392 secs]2023-01-17T04:34:51.174+0800: 301.081: [class unloading, 0.0126706 secs]2023-01-17T04:34:51.186+0800: 301.094: [scrub symbol table, 0.0047933 secs]2023-01-17T04:34:51.191+0800: 301.099: [scrub string table, 0.0009076 secs][1 CMS-remark: 134138K(134144K)] 184060K(249344K), 0.0304086 secs] [Times: user=0.07 sys=0.00, real=0.03 secs] 
2023-01-17T04:34:51.192+0800: 301.100: [CMS-concurrent-sweep-start]
2023-01-17T04:34:51.212+0800: 301.120: [CMS-concurrent-sweep: 0.020/0.020 secs] [Times: user=0.06 sys=0.02, real=0.02 secs] 
2023-01-17T04:34:51.212+0800: 301.120: [CMS-concurrent-reset-start]
2023-01-17T04:34:51.213+0800: 301.120: [CMS-concurrent-reset: 0.000/0.000 secs] [Times: user=0.01 sys=0.00, real=0.00 secs] 
{Heap before GC invocations=415 (full 564):
 par new generation   total 115200K, used 115199K [0x00000000f0000000, 0x00000000f7d00000, 0x00000000f7d00000)
  eden space 102400K, 100% used [0x00000000f0000000, 0x00000000f6400000, 0x00000000f6400000)
  from space 12800K,  99% used [0x00000000f7080000, 0x00000000f7cfffe8, 0x00000000f7d00000)
  to   space 12800K,   0% used [0x00000000f6400000, 0x00000000f6400000, 0x00000000f7080000)
 concurrent mark-sweep generation total 134144K, used 134137K [0x00000000f7d00000, 0x0000000100000000, 0x0000000100000000)
 Metaspace       used 52048K, capacity 54894K, committed 55936K, reserved 1097728K
  class space    used 6335K, capacity 6835K, committed 7040K, reserved 1048576K
2023-01-17T04:34:51.341+0800: 301.248: [GC (Allocation Failure) 2023-01-17T04:34:51.341+0800: 301.249: [ParNew: 115199K->115199K(115200K), 0.0000268 secs]2023-01-17T04:34:51.341+0800: 301.249: [CMS: 134137K->134137K(134144K), 0.1884710 secs] 249337K->151563K(249344K), [Metaspace: 52048K->52048K(1097728K)], 0.1888476 secs] [Times: user=0.19 sys=0.00, real=0.19 secs] 
Heap after GC invocations=416 (full 565):
 par new generation   total 115200K, used 17425K [0x00000000f0000000, 0x00000000f7d00000, 0x00000000f7d00000)
  eden space 102400K,  17% used [0x00000000f0000000, 0x00000000f1104780, 0x00000000f6400000)
  from space 12800K,   0% used [0x00000000f7080000, 0x00000000f7080000, 0x00000000f7d00000)
  to   space 12800K,   0% used [0x00000000f6400000, 0x00000000f6400000, 0x00000000f7080000)
 concurrent mark-sweep generation total 134144K, used 134137K [0x00000000f7d00000, 0x0000000100000000, 0x0000000100000000)
 Metaspace       used 52048K, capacity 54894K, committed 55936K, reserved 1097728K
  class space    used 6335K, capacity 6835K, committed 7040K, reserved 1048576K
}
2023-01-17T04:34:51.537+0800: 301.445: [GC (CMS Initial Mark) [1 CMS-initial-mark: 134137K(134144K)] 152937K(249344K), 0.0102372 secs] [Times: user=0.02 sys=0.00, real=0.01 secs] 
2023-01-17T04:34:51.547+0800: 301.455: [CMS-concurrent-mark-start]
2023-01-17T04:34:51.650+0800: 301.558: [CMS-concurrent-mark: 0.102/0.102 secs] [Times: user=0.20 sys=0.05, real=0.11 secs] 
2023-01-17T04:34:51.650+0800: 301.558: [CMS-concurrent-preclean-start]
2023-01-17T04:34:51.693+0800: 301.601: [CMS-concurrent-preclean: 0.043/0.043 secs] [Times: user=0.05 sys=0.00, real=0.04 secs] 
2023-01-17T04:34:51.693+0800: 301.601: [CMS-concurrent-abortable-preclean-start]
2023-01-17T04:34:51.693+0800: 301.601: [CMS-concurrent-abortable-preclean: 0.000/0.000 secs] [Times: user=0.00 sys=0.00, real=0.00 secs] 
2023-01-17T04:34:51.699+0800: 301.607: [GC (CMS Final Remark) [YG occupancy: 59254 K (115200 K)]2023-01-17T04:34:51.699+0800: 301.607: [Rescan (parallel) , 0.0179833 secs]2023-01-17T04:34:51.717+0800: 301.625: [weak refs processing, 0.0000552 secs]2023-01-17T04:34:51.717+0800: 301.625: [class unloading, 0.0127926 secs]2023-01-17T04:34:51.730+0800: 301.638: [scrub symbol table, 0.0049731 secs]2023-01-17T04:34:51.735+0800: 301.643: [scrub string table, 0.0009090 secs][1 CMS-remark: 134137K(134144K)] 193392K(249344K), 0.0368914 secs] [Times: user=0.08 sys=0.00, real=0.04 secs] 
2023-01-17T04:34:51.736+0800: 301.644: [CMS-concurrent-sweep-start]
2023-01-17T04:34:51.766+0800: 301.673: [CMS-concurrent-sweep: 0.029/0.029 secs] [Times: user=0.10 sys=0.01, real=0.03 secs] 
2023-01-17T04:34:51.767+0800: 301.675: [CMS-concurrent-reset-start]
2023-01-17T04:34:51.768+0800: 301.676: [CMS-concurrent-reset: 0.001/0.001 secs] [Times: user=0.00 sys=0.00, real=0.00 secs] 
{Heap before GC invocations=416 (full 566):
 par new generation   total 115200K, used 115199K [0x00000000f0000000, 0x00000000f7d00000, 0x00000000f7d00000)
  eden space 102400K, 100% used [0x00000000f0000000, 0x00000000f6400000, 0x00000000f6400000)
  from space 12800K,  99% used [0x00000000f7080000, 0x00000000f7cffff0, 0x00000000f7d00000)
  to   space 12800K,   0% used [0x00000000f6400000, 0x00000000f6400000, 0x00000000f7080000)
 concurrent mark-sweep generation total 134144K, used 134137K [0x00000000f7d00000, 0x0000000100000000, 0x0000000100000000)
 Metaspace       used 52048K, capacity 54894K, committed 55936K, reserved 1097728K
  class space    used 6335K, capacity 6835K, committed 7040K, reserved 1048576K
2023-01-17T04:34:51.862+0800: 301.770: [GC (Allocation Failure) 2023-01-17T04:34:51.863+0800: 301.771: [ParNew: 115199K->115199K(115200K), 0.0000264 secs]2023-01-17T04:34:51.863+0800: 301.771: [CMS: 134137K->134137K(134144K), 0.1874192 secs] 249337K->151503K(249344K), [Metaspace: 52048K->52048K(1097728K)], 0.1878488 secs] [Times: user=0.19 sys=0.00, real=0.19 secs] 
Heap after GC invocations=417 (full 567):
 par new generation   total 115200K, used 17365K [0x00000000f0000000, 0x00000000f7d00000, 0x00000000f7d00000)
  eden space 102400K,  16% used [0x00000000f0000000, 0x00000000f10f5660, 0x00000000f6400000)
  from space 12800K,   0% used [0x00000000f7080000, 0x00000000f7080000, 0x00000000f7d00000)
  to   space 12800K,   0% used [0x00000000f6400000, 0x00000000f6400000, 0x00000000f7080000)
 concurrent mark-sweep generation total 134144K, used 134137K [0x00000000f7d00000, 0x0000000100000000, 0x0000000100000000)
 Metaspace       used 52048K, capacity 54894K, committed 55936K, reserved 1097728K
  class space    used 6335K, capacity 6835K, committed 7040K, reserved 1048576K
}
2023-01-17T04:34:52.055+0800: 301.963: [GC (CMS Initial Mark) [1 CMS-initial-mark: 134137K(134144K)] 151795K(249344K), 0.0073371 secs] [Times: user=0.02 sys=0.00, real=0.01 secs] 
2023-01-17T04:34:52.063+0800: 301.970: [CMS-concurrent-mark-start]
2023-01-17T04:34:52.174+0800: 302.082: [CMS-concurrent-mark: 0.112/0.112 secs] [Times: user=0.23 sys=0.06, real=0.11 secs] 
2023-01-17T04:34:52.174+0800: 302.082: [CMS-concurrent-preclean-start]
2023-01-17T04:34:52.204+0800: 302.111: [CMS-concurrent-preclean: 0.029/0.029 secs] [Times: user=0.03 sys=0.00, real=0.03 secs] 
2023-01-17T04:34:52.204+0800: 302.112: [CMS-concurrent-abortable-preclean-start]
2023-01-17T04:34:52.204+0800: 302.112: [CMS-concurrent-abortable-preclean: 0.000/0.000 secs] [Times: user=0.00 sys=0.00, real=0.00 secs] 
2023-01-17T04:34:52.207+0800: 302.115: [GC (CMS Final Remark) [YG occupancy: 68513 K (115200 K)]2023-01-17T04:34:52.207+0800: 302.115: [Rescan (parallel) , 0.0217889 secs]2023-01-17T04:34:52.229+0800: 302.137: [weak refs processing, 0.0000574 secs]2023-01-17T04:34:52.229+0800: 302.137: [class unloading, 0.0187961 secs]2023-01-17T04:34:52.248+0800: 302.156: [scrub symbol table, 0.0077380 secs]2023-01-17T04:34:52.256+0800: 302.163: [scrub string table, 0.0013012 secs][1 CMS-remark: 134137K(134144K)] 202651K(249344K), 0.0498647 secs] [Times: user=0.09 sys=0.00, real=0.05 secs] 
2023-01-17T04:34:52.259+0800: 302.166: [CMS-concurrent-sweep-start]
2023-01-17T04:34:52.300+0800: 302.208: [CMS-concurrent-sweep: 0.041/0.041 secs] [Times: user=0.09 sys=0.02, real=0.05 secs] 
2023-01-17T04:34:52.300+0800: 302.208: [CMS-concurrent-reset-start]
2023-01-17T04:34:52.300+0800: 302.208: [CMS-concurrent-reset: 0.000/0.000 secs] [Times: user=0.00 sys=0.00, real=0.00 secs] 
{Heap before GC invocations=417 (full 568):
 par new generation   total 115200K, used 115199K [0x00000000f0000000, 0x00000000f7d00000, 0x00000000f7d00000)
  eden space 102400K, 100% used [0x00000000f0000000, 0x00000000f6400000, 0x00000000f6400000)
  from space 12800K,  99% used [0x00000000f7080000, 0x00000000f7cfffe0, 0x00000000f7d00000)
  to   space 12800K,   0% used [0x00000000f6400000, 0x00000000f6400000, 0x00000000f7080000)
 concurrent mark-sweep generation total 134144K, used 134137K [0x00000000f7d00000, 0x0000000100000000, 0x0000000100000000)
 Metaspace       used 52048K, capacity 54894K, committed 55936K, reserved 1097728K
  class space    used 6335K, capacity 6835K, committed 7040K, reserved 1048576K
2023-01-17T04:34:52.399+0800: 302.307: [GC (Allocation Failure) 2023-01-17T04:34:52.399+0800: 302.307: [ParNew: 115199K->115199K(115200K), 0.0000251 secs]2023-01-17T04:34:52.399+0800: 302.307: [CMS: 134137K->134137K(134144K), 0.1989676 secs] 249337K->151572K(249344K), [Metaspace: 52048K->52048K(1097728K)], 0.1993200 secs] [Times: user=0.20 sys=0.00, real=0.20 secs] 
Heap after GC invocations=418 (full 569):
 par new generation   total 115200K, used 17434K [0x00000000f0000000, 0x00000000f7d00000, 0x00000000f7d00000)
  eden space 102400K,  17% used [0x00000000f0000000, 0x00000000f1106b30, 0x00000000f6400000)
  from space 12800K,   0% used [0x00000000f7080000, 0x00000000f7080000, 0x00000000f7d00000)
  to   space 12800K,   0% used [0x00000000f6400000, 0x00000000f6400000, 0x00000000f7080000)
 concurrent mark-sweep generation total 134144K, used 134137K [0x00000000f7d00000, 0x0000000100000000, 0x0000000100000000)
 Metaspace       used 52048K, capacity 54894K, committed 55936K, reserved 1097728K
  class space    used 6335K, capacity 6835K, committed 7040K, reserved 1048576K
}
2023-01-17T04:34:52.602+0800: 302.510: [GC (CMS Initial Mark) [1 CMS-initial-mark: 134137K(134144K)] 151583K(249344K), 0.0061574 secs] [Times: user=0.02 sys=0.00, real=0.00 secs] 
2023-01-17T04:34:52.608+0800: 302.516: [CMS-concurrent-mark-start]
2023-01-17T04:34:52.715+0800: 302.622: [CMS-concurrent-mark: 0.106/0.106 secs] [Times: user=0.26 sys=0.06, real=0.11 secs] 
2023-01-17T04:34:52.715+0800: 302.623: [CMS-concurrent-preclean-start]
2023-01-17T04:34:52.744+0800: 302.652: [CMS-concurrent-preclean: 0.029/0.029 secs] [Times: user=0.03 sys=0.00, real=0.03 secs] 
2023-01-17T04:34:52.744+0800: 302.652: [CMS-concurrent-abortable-preclean-start]
2023-01-17T04:34:52.744+0800: 302.652: [CMS-concurrent-abortable-preclean: 0.000/0.000 secs] [Times: user=0.00 sys=0.00, real=0.00 secs] 
2023-01-17T04:34:52.748+0800: 302.656: [GC (CMS Final Remark) [YG occupancy: 77776 K (115200 K)]2023-01-17T04:34:52.748+0800: 302.656: [Rescan (parallel) , 0.0183180 secs]2023-01-17T04:34:52.766+0800: 302.674: [weak refs processing, 0.0000398 secs]2023-01-17T04:34:52.766+0800: 302.674: [class unloading, 0.0132403 secs]2023-01-17T04:34:52.779+0800: 302.687: [scrub symbol table, 0.0050017 secs]2023-01-17T04:34:52.784+0800: 302.692: [scrub string table, 0.0009143 secs][1 CMS-remark: 134137K(134144K)] 211914K(249344K), 0.0376799 secs] [Times: user=0.09 sys=0.00, real=0.04 secs] 
2023-01-17T04:34:52.786+0800: 302.694: [CMS-concurrent-sweep-start]
2023-01-17T04:34:52.808+0800: 302.716: [CMS-concurrent-sweep: 0.022/0.022 secs] [Times: user=0.06 sys=0.02, real=0.02 secs] 
2023-01-17T04:34:52.808+0800: 302.716: [CMS-concurrent-reset-start]
2023-01-17T04:34:52.809+0800: 302.716: [CMS-concurrent-reset: 0.000/0.000 secs] [Times: user=0.00 sys=0.00, real=0.00 secs] 
{Heap before GC invocations=418 (full 570):
 par new generation   total 115200K, used 115200K [0x00000000f0000000, 0x00000000f7d00000, 0x00000000f7d00000)
  eden space 102400K, 100% used [0x00000000f0000000, 0x00000000f6400000, 0x00000000f6400000)
  from space 12800K, 100% used [0x00000000f7080000, 0x00000000f7d00000, 0x00000000f7d00000)
  to   space 12800K,   0% used [0x00000000f6400000, 0x00000000f6400000, 0x00000000f7080000)
 concurrent mark-sweep generation total 134144K, used 134137K [0x00000000f7d00000, 0x0000000100000000, 0x0000000100000000)
 Metaspace       used 52048K, capacity 54894K, committed 55936K, reserved 1097728K
  class space    used 6335K, capacity 6835K, committed 7040K, reserved 1048576K
2023-01-17T04:34:52.905+0800: 302.812: [GC (Allocation Failure) 2023-01-17T04:34:52.905+0800: 302.813: [ParNew: 115200K->115200K(115200K), 0.0000266 secs]2023-01-17T04:34:52.905+0800: 302.813: [CMS: 134137K->134137K(134144K), 0.1861204 secs] 249337K->151495K(249344K), [Metaspace: 52048K->52048K(1097728K)], 0.1864799 secs] [Times: user=0.19 sys=0.00, real=0.19 secs] 
Heap after GC invocations=419 (full 571):
 par new generation   total 115200K, used 17357K [0x00000000f0000000, 0x00000000f7d00000, 0x00000000f7d00000)
  eden space 102400K,  16% used [0x00000000f0000000, 0x00000000f10f3590, 0x00000000f6400000)
  from space 12800K,   0% used [0x00000000f7080000, 0x00000000f7080000, 0x00000000f7d00000)
  to   space 12800K,   0% used [0x00000000f6400000, 0x00000000f6400000, 0x00000000f7080000)
 concurrent mark-sweep generation total 134144K, used 134137K [0x00000000f7d00000, 0x0000000100000000, 0x0000000100000000)
 Metaspace       used 52048K, capacity 54894K, committed 55936K, reserved 1097728K
  class space    used 6335K, capacity 6835K, committed 7040K, reserved 1048576K
}
2023-01-17T04:34:53.095+0800: 303.003: [GC (CMS Initial Mark) [1 CMS-initial-mark: 134137K(134144K)] 151550K(249344K), 0.0064562 secs] [Times: user=0.02 sys=0.00, real=0.01 secs] 
2023-01-17T04:34:53.102+0800: 303.009: [CMS-concurrent-mark-start]
2023-01-17T04:34:53.208+0800: 303.116: [CMS-concurrent-mark: 0.107/0.107 secs] [Times: user=0.30 sys=0.04, real=0.10 secs] 
2023-01-17T04:34:53.209+0800: 303.117: [CMS-concurrent-preclean-start]
2023-01-17T04:34:53.244+0800: 303.152: [CMS-concurrent-preclean: 0.035/0.035 secs] [Times: user=0.04 sys=0.00, real=0.04 secs] 
2023-01-17T04:34:53.244+0800: 303.152: [CMS-concurrent-abortable-preclean-start]
2023-01-17T04:34:53.244+0800: 303.152: [CMS-concurrent-abortable-preclean: 0.000/0.000 secs] [Times: user=0.00 sys=0.00, real=0.00 secs] 
2023-01-17T04:34:53.248+0800: 303.156: [GC (CMS Final Remark) [YG occupancy: 87060 K (115200 K)]2023-01-17T04:34:53.248+0800: 303.156: [Rescan (parallel) , 0.0280140 secs]2023-01-17T04:34:53.276+0800: 303.184: [weak refs processing, 0.0000474 secs]2023-01-17T04:34:53.276+0800: 303.184: [class unloading, 0.0135236 secs]2023-01-17T04:34:53.290+0800: 303.198: [scrub symbol table, 0.0050919 secs]2023-01-17T04:34:53.295+0800: 303.203: [scrub string table, 0.0009264 secs][1 CMS-remark: 134137K(134144K)] 221198K(249344K), 0.0477894 secs] [Times: user=0.10 sys=0.00, real=0.05 secs] 
2023-01-17T04:34:53.309+0800: 303.217: [CMS-concurrent-sweep-start]
2023-01-17T04:34:53.341+0800: 303.249: [CMS-concurrent-sweep: 0.032/0.032 secs] [Times: user=0.10 sys=0.01, real=0.04 secs] 
2023-01-17T04:34:53.341+0800: 303.249: [CMS-concurrent-reset-start]
2023-01-17T04:34:53.341+0800: 303.249: [CMS-concurrent-reset: 0.000/0.000 secs] [Times: user=0.00 sys=0.00, real=0.00 secs] 
{Heap before GC invocations=419 (full 572):
 par new generation   total 115200K, used 115199K [0x00000000f0000000, 0x00000000f7d00000, 0x00000000f7d00000)
  eden space 102400K, 100% used [0x00000000f0000000, 0x00000000f6400000, 0x00000000f6400000)
  from space 12800K,  99% used [0x00000000f7080000, 0x00000000f7cfffd0, 0x00000000f7d00000)
  to   space 12800K,   0% used [0x00000000f6400000, 0x00000000f6400000, 0x00000000f7080000)
 concurrent mark-sweep generation total 134144K, used 134137K [0x00000000f7d00000, 0x0000000100000000, 0x0000000100000000)
 Metaspace       used 52048K, capacity 54894K, committed 55936K, reserved 1097728K
  class space    used 6335K, capacity 6835K, committed 7040K, reserved 1048576K
2023-01-17T04:34:53.400+0800: 303.308: [GC (Allocation Failure) 2023-01-17T04:34:53.400+0800: 303.308: [ParNew: 115199K->115199K(115200K), 0.0000233 secs]2023-01-17T04:34:53.400+0800: 303.308: [CMS: 134137K->134137K(134144K), 0.2032154 secs] 249337K->151527K(249344K), [Metaspace: 52048K->52048K(1097728K)], 0.2035742 secs] [Times: user=0.20 sys=0.00, real=0.20 secs] 
Heap after GC invocations=420 (full 573):
 par new generation   total 115200K, used 17389K [0x00000000f0000000, 0x00000000f7d00000, 0x00000000f7d00000)
  eden space 102400K,  16% used [0x00000000f0000000, 0x00000000f10fb6f8, 0x00000000f6400000)
  from space 12800K,   0% used [0x00000000f7080000, 0x00000000f7080000, 0x00000000f7d00000)
  to   space 12800K,   0% used [0x00000000f6400000, 0x00000000f6400000, 0x00000000f7080000)
 concurrent mark-sweep generation total 134144K, used 134137K [0x00000000f7d00000, 0x0000000100000000, 0x0000000100000000)
 Metaspace       used 52048K, capacity 54894K, committed 55936K, reserved 1097728K
  class space    used 6335K, capacity 6835K, committed 7040K, reserved 1048576K
}
2023-01-17T04:34:53.619+0800: 303.526: [GC (CMS Initial Mark) [1 CMS-initial-mark: 134137K(134144K)] 157483K(249344K), 0.0079294 secs] [Times: user=0.02 sys=0.00, real=0.01 secs] 
2023-01-17T04:34:53.627+0800: 303.535: [CMS-concurrent-mark-start]
2023-01-17T04:34:53.706+0800: 303.614: [CMS-concurrent-mark: 0.079/0.079 secs] [Times: user=0.23 sys=0.03, real=0.08 secs] 
2023-01-17T04:34:53.707+0800: 303.614: [CMS-concurrent-preclean-start]
2023-01-17T04:34:53.750+0800: 303.658: [CMS-concurrent-preclean: 0.044/0.044 secs] [Times: user=0.10 sys=0.03, real=0.05 secs] 
2023-01-17T04:34:53.751+0800: 303.658: [CMS-concurrent-abortable-preclean-start]
2023-01-17T04:34:53.751+0800: 303.658: [CMS-concurrent-abortable-preclean: 0.000/0.000 secs] [Times: user=0.00 sys=0.00, real=0.00 secs] 
2023-01-17T04:34:53.754+0800: 303.662: [GC (CMS Final Remark) [YG occupancy: 96491 K (115200 K)]2023-01-17T04:34:53.754+0800: 303.662: [Rescan (parallel) , 0.0223171 secs]2023-01-17T04:34:53.776+0800: 303.684: [weak refs processing, 0.0000442 secs]2023-01-17T04:34:53.776+0800: 303.684: [class unloading, 0.0127067 secs]2023-01-17T04:34:53.789+0800: 303.697: [scrub symbol table, 0.0048102 secs]2023-01-17T04:34:53.794+0800: 303.702: [scrub string table, 0.0008795 secs][1 CMS-remark: 134137K(134144K)] 230629K(249344K), 0.0409271 secs] [Times: user=0.10 sys=0.00, real=0.04 secs] 
2023-01-17T04:34:53.795+0800: 303.703: [CMS-concurrent-sweep-start]
2023-01-17T04:34:53.829+0800: 303.736: [CMS-concurrent-sweep: 0.033/0.033 secs] [Times: user=0.10 sys=0.01, real=0.03 secs] 
2023-01-17T04:34:53.829+0800: 303.737: [CMS-concurrent-reset-start]
2023-01-17T04:34:53.829+0800: 303.737: [CMS-concurrent-reset: 0.000/0.000 secs] [Times: user=0.00 sys=0.00, real=0.00 secs] 
{Heap before GC invocations=420 (full 574):
 par new generation   total 115200K, used 115199K [0x00000000f0000000, 0x00000000f7d00000, 0x00000000f7d00000)
  eden space 102400K, 100% used [0x00000000f0000000, 0x00000000f6400000, 0x00000000f6400000)
  from space 12800K,  99% used [0x00000000f7080000, 0x00000000f7cffff8, 0x00000000f7d00000)
  to   space 12800K,   0% used [0x00000000f6400000, 0x00000000f6400000, 0x00000000f7080000)
 concurrent mark-sweep generation total 134144K, used 134137K [0x00000000f7d00000, 0x0000000100000000, 0x0000000100000000)
 Metaspace       used 52049K, capacity 54894K, committed 55936K, reserved 1097728K
  class space    used 6335K, capacity 6835K, committed 7040K, reserved 1048576K
2023-01-17T04:34:53.887+0800: 303.795: [GC (Allocation Failure) 2023-01-17T04:34:53.887+0800: 303.795: [ParNew: 115199K->115199K(115200K), 0.0000250 secs]2023-01-17T04:34:53.887+0800: 303.795: [CMS: 134137K->134137K(134144K), 0.1900789 secs] 249337K->151635K(249344K), [Metaspace: 52049K->52049K(1097728K)], 0.1904501 secs] [Times: user=0.19 sys=0.00, real=0.19 secs] 
Heap after GC invocations=421 (full 575):
 par new generation   total 115200K, used 17497K [0x00000000f0000000, 0x00000000f7d00000, 0x00000000f7d00000)
  eden space 102400K,  17% used [0x00000000f0000000, 0x00000000f11165e0, 0x00000000f6400000)
  from space 12800K,   0% used [0x00000000f7080000, 0x00000000f7080000, 0x00000000f7d00000)
  to   space 12800K,   0% used [0x00000000f6400000, 0x00000000f6400000, 0x00000000f7080000)
 concurrent mark-sweep generation total 134144K, used 134137K [0x00000000f7d00000, 0x0000000100000000, 0x0000000100000000)
 Metaspace       used 52049K, capacity 54894K, committed 55936K, reserved 1097728K
  class space    used 6335K, capacity 6835K, committed 7040K, reserved 1048576K
}
2023-01-17T04:34:54.083+0800: 303.991: [GC (CMS Initial Mark) [1 CMS-initial-mark: 134137K(134144K)] 152511K(249344K), 0.0068311 secs] [Times: user=0.01 sys=0.00, real=0.01 secs] 
2023-01-17T04:34:54.091+0800: 303.999: [CMS-concurrent-mark-start]
2023-01-17T04:34:54.163+0800: 304.071: [CMS-concurrent-mark: 0.072/0.072 secs] [Times: user=0.11 sys=0.02, real=0.07 secs] 
2023-01-17T04:34:54.163+0800: 304.071: [CMS-concurrent-preclean-start]
2023-01-17T04:34:54.239+0800: 304.147: [CMS-concurrent-preclean: 0.075/0.075 secs] [Times: user=0.22 sys=0.05, real=0.07 secs] 
2023-01-17T04:34:54.239+0800: 304.148: [CMS-concurrent-abortable-preclean-start]
2023-01-17T04:34:54.240+0800: 304.148: [CMS-concurrent-abortable-preclean: 0.000/0.000 secs] [Times: user=0.00 sys=0.00, real=0.01 secs] 
2023-01-17T04:34:54.246+0800: 304.154: [GC (CMS Final Remark) [YG occupancy: 77876 K (115200 K)]2023-01-17T04:34:54.246+0800: 304.154: [Rescan (parallel) , 0.0282499 secs]2023-01-17T04:34:54.275+0800: 304.182: [weak refs processing, 0.0000483 secs]2023-01-17T04:34:54.275+0800: 304.182: [class unloading, 0.0138798 secs]2023-01-17T04:34:54.289+0800: 304.196: [scrub symbol table, 0.0050265 secs]2023-01-17T04:34:54.294+0800: 304.201: [scrub string table, 0.0009159 secs][1 CMS-remark: 134137K(134144K)] 212014K(249344K), 0.0483241 secs] [Times: user=0.11 sys=0.00, real=0.05 secs] 
2023-01-17T04:34:54.295+0800: 304.203: [CMS-concurrent-sweep-start]
2023-01-17T04:34:54.314+0800: 304.221: [CMS-concurrent-sweep: 0.019/0.019 secs] [Times: user=0.05 sys=0.01, real=0.02 secs] 
2023-01-17T04:34:54.314+0800: 304.222: [CMS-concurrent-reset-start]
2023-01-17T04:34:54.314+0800: 304.222: [CMS-concurrent-reset: 0.000/0.000 secs] [Times: user=0.00 sys=0.00, real=0.00 secs] 
{Heap before GC invocations=421 (full 576):
 par new generation   total 115200K, used 115199K [0x00000000f0000000, 0x00000000f7d00000, 0x00000000f7d00000)
  eden space 102400K, 100% used [0x00000000f0000000, 0x00000000f6400000, 0x00000000f6400000)
  from space 12800K,  99% used [0x00000000f7080000, 0x00000000f7cffff8, 0x00000000f7d00000)
  to   space 12800K,   0% used [0x00000000f6400000, 0x00000000f6400000, 0x00000000f7080000)
 concurrent mark-sweep generation total 134144K, used 134137K [0x00000000f7d00000, 0x0000000100000000, 0x0000000100000000)
 Metaspace       used 52049K, capacity 54894K, committed 55936K, reserved 1097728K
  class space    used 6335K, capacity 6835K, committed 7040K, reserved 1048576K
2023-01-17T04:34:54.418+0800: 304.326: [GC (Allocation Failure) 2023-01-17T04:34:54.418+0800: 304.326: [ParNew: 115199K->115199K(115200K), 0.0000250 secs]2023-01-17T04:34:54.418+0800: 304.326: [CMS: 134137K->134137K(134144K), 0.1877990 secs] 249337K->151372K(249344K), [Metaspace: 52049K->52049K(1097728K)], 0.1881701 secs] [Times: user=0.19 sys=0.00, real=0.19 secs] 
Heap after GC invocations=422 (full 577):
 par new generation   total 115200K, used 17234K [0x00000000f0000000, 0x00000000f7d00000, 0x00000000f7d00000)
  eden space 102400K,  16% used [0x00000000f0000000, 0x00000000f10d4aa0, 0x00000000f6400000)
  from space 12800K,   0% used [0x00000000f7080000, 0x00000000f7080000, 0x00000000f7d00000)
  to   space 12800K,   0% used [0x00000000f6400000, 0x00000000f6400000, 0x00000000f7080000)
 concurrent mark-sweep generation total 134144K, used 134137K [0x00000000f7d00000, 0x0000000100000000, 0x0000000100000000)
 Metaspace       used 52049K, capacity 54894K, committed 55936K, reserved 1097728K
  class space    used 6335K, capacity 6835K, committed 7040K, reserved 1048576K
}
2023-01-17T04:34:54.611+0800: 304.518: [GC (CMS Initial Mark) [1 CMS-initial-mark: 134137K(134144K)] 151795K(249344K), 0.0061561 secs] [Times: user=0.02 sys=0.00, real=0.00 secs] 
2023-01-17T04:34:54.617+0800: 304.525: [CMS-concurrent-mark-start]
2023-01-17T04:34:54.691+0800: 304.599: [CMS-concurrent-mark: 0.074/0.074 secs] [Times: user=0.16 sys=0.03, real=0.08 secs] 
2023-01-17T04:34:54.692+0800: 304.600: [CMS-concurrent-preclean-start]
2023-01-17T04:34:54.740+0800: 304.647: [CMS-concurrent-preclean: 0.048/0.048 secs] [Times: user=0.11 sys=0.01, real=0.05 secs] 
2023-01-17T04:34:54.740+0800: 304.648: [CMS-concurrent-abortable-preclean-start]
2023-01-17T04:34:54.740+0800: 304.648: [CMS-concurrent-abortable-preclean: 0.000/0.000 secs] [Times: user=0.00 sys=0.00, real=0.00 secs] 
2023-01-17T04:34:54.746+0800: 304.653: [GC (CMS Final Remark) [YG occupancy: 69751 K (115200 K)]2023-01-17T04:34:54.746+0800: 304.653: [Rescan (parallel) , 0.0233904 secs]2023-01-17T04:34:54.769+0800: 304.677: [weak refs processing, 0.0000523 secs]2023-01-17T04:34:54.769+0800: 304.677: [class unloading, 0.0184777 secs]2023-01-17T04:34:54.788+0800: 304.695: [scrub symbol table, 0.0074816 secs]2023-01-17T04:34:54.795+0800: 304.703: [scrub string table, 0.0012777 secs][1 CMS-remark: 134137K(134144K)] 203889K(249344K), 0.0508885 secs] [Times: user=0.09 sys=0.00, real=0.05 secs] 
2023-01-17T04:34:54.797+0800: 304.705: [CMS-concurrent-sweep-start]
2023-01-17T04:34:54.815+0800: 304.723: [CMS-concurrent-sweep: 0.018/0.018 secs] [Times: user=0.04 sys=0.01, real=0.02 secs] 
2023-01-17T04:34:54.815+0800: 304.723: [CMS-concurrent-reset-start]
2023-01-17T04:34:54.815+0800: 304.723: [CMS-concurrent-reset: 0.000/0.000 secs] [Times: user=0.00 sys=0.00, real=0.00 secs] 
{Heap before GC invocations=422 (full 578):
 par new generation   total 115200K, used 115193K [0x00000000f0000000, 0x00000000f7d00000, 0x00000000f7d00000)
  eden space 102400K, 100% used [0x00000000f0000000, 0x00000000f6400000, 0x00000000f6400000)
  from space 12800K,  99% used [0x00000000f7080000, 0x00000000f7cfe568, 0x00000000f7d00000)
  to   space 12800K,   0% used [0x00000000f6400000, 0x00000000f6400000, 0x00000000f7080000)
 concurrent mark-sweep generation total 134144K, used 134137K [0x00000000f7d00000, 0x0000000100000000, 0x0000000100000000)
 Metaspace       used 52049K, capacity 54894K, committed 55936K, reserved 1097728K
  class space    used 6335K, capacity 6835K, committed 7040K, reserved 1048576K
2023-01-17T04:34:55.144+0800: 305.052: [GC (Allocation Failure) 2023-01-17T04:34:55.144+0800: 305.052: [ParNew: 115193K->115193K(115200K), 0.0000309 secs]2023-01-17T04:34:55.144+0800: 305.052: [CMS: 134137K->134137K(134144K), 0.2191020 secs] 249331K->151626K(249344K), [Metaspace: 52049K->52049K(1097728K)], 0.2195669 secs] [Times: user=0.23 sys=0.00, real=0.22 secs] 
Heap after GC invocations=423 (full 579):
 par new generation   total 115200K, used 17488K [0x00000000f0000000, 0x00000000f7d00000, 0x00000000f7d00000)
  eden space 102400K,  17% used [0x00000000f0000000, 0x00000000f1114168, 0x00000000f6400000)
  from space 12800K,   0% used [0x00000000f7080000, 0x00000000f7080000, 0x00000000f7d00000)
  to   space 12800K,   0% used [0x00000000f6400000, 0x00000000f6400000, 0x00000000f7080000)
 concurrent mark-sweep generation total 134144K, used 134137K [0x00000000f7d00000, 0x0000000100000000, 0x0000000100000000)
 Metaspace       used 52049K, capacity 54894K, committed 55936K, reserved 1097728K
  class space    used 6335K, capacity 6835K, committed 7040K, reserved 1048576K
}
2023-01-17T04:34:55.368+0800: 305.275: [GC (CMS Initial Mark) [1 CMS-initial-mark: 134137K(134144K)] 151909K(249344K), 0.0059371 secs] [Times: user=0.02 sys=0.00, real=0.01 secs] 
2023-01-17T04:34:55.374+0800: 305.282: [CMS-concurrent-mark-start]
2023-01-17T04:34:55.445+0800: 305.353: [CMS-concurrent-mark: 0.071/0.071 secs] [Times: user=0.20 sys=0.03, real=0.07 secs] 
2023-01-17T04:34:55.445+0800: 305.353: [CMS-concurrent-preclean-start]
2023-01-17T04:34:55.488+0800: 305.395: [CMS-concurrent-preclean: 0.043/0.043 secs] [Times: user=0.13 sys=0.01, real=0.04 secs] 
2023-01-17T04:34:55.488+0800: 305.396: [CMS-concurrent-abortable-preclean-start]
2023-01-17T04:34:55.488+0800: 305.396: [CMS-concurrent-abortable-preclean: 0.000/0.000 secs] [Times: user=0.00 sys=0.00, real=0.00 secs] 
2023-01-17T04:34:55.492+0800: 305.400: [GC (CMS Final Remark) [YG occupancy: 83552 K (115200 K)]2023-01-17T04:34:55.492+0800: 305.400: [Rescan (parallel) , 0.0212303 secs]2023-01-17T04:34:55.513+0800: 305.421: [weak refs processing, 0.0000408 secs]2023-01-17T04:34:55.513+0800: 305.421: [class unloading, 0.0131819 secs]2023-01-17T04:34:55.526+0800: 305.434: [scrub symbol table, 0.0050083 secs]2023-01-17T04:34:55.531+0800: 305.439: [scrub string table, 0.0009122 secs][1 CMS-remark: 134137K(134144K)] 217690K(249344K), 0.0405538 secs] [Times: user=0.10 sys=0.00, real=0.04 secs] 
2023-01-17T04:34:55.533+0800: 305.441: [CMS-concurrent-sweep-start]
2023-01-17T04:34:55.551+0800: 305.459: [CMS-concurrent-sweep: 0.018/0.018 secs] [Times: user=0.05 sys=0.01, real=0.02 secs] 
2023-01-17T04:34:55.552+0800: 305.459: [CMS-concurrent-reset-start]
2023-01-17T04:34:55.552+0800: 305.460: [CMS-concurrent-reset: 0.000/0.000 secs] [Times: user=0.00 sys=0.00, real=0.00 secs] 
{Heap before GC invocations=423 (full 580):
 par new generation   total 115200K, used 115199K [0x00000000f0000000, 0x00000000f7d00000, 0x00000000f7d00000)
  eden space 102400K, 100% used [0x00000000f0000000, 0x00000000f6400000, 0x00000000f6400000)
  from space 12800K,  99% used [0x00000000f7080000, 0x00000000f7cfffe8, 0x00000000f7d00000)
  to   space 12800K,   0% used [0x00000000f6400000, 0x00000000f6400000, 0x00000000f7080000)
 concurrent mark-sweep generation total 134144K, used 134136K [0x00000000f7d00000, 0x0000000100000000, 0x0000000100000000)
 Metaspace       used 52049K, capacity 54894K, committed 55936K, reserved 1097728K
  class space    used 6335K, capacity 6835K, committed 7040K, reserved 1048576K
2023-01-17T04:34:55.642+0800: 305.549: [GC (Allocation Failure) 2023-01-17T04:34:55.642+0800: 305.550: [ParNew: 115199K->115199K(115200K), 0.0000267 secs]2023-01-17T04:34:55.642+0800: 305.550: [CMS: 134136K->134143K(134144K), 0.2108456 secs] 249336K->151421K(249344K), [Metaspace: 52049K->52049K(1097728K)], 0.2111963 secs] [Times: user=0.21 sys=0.00, real=0.21 secs] 
Heap after GC invocations=424 (full 581):
 par new generation   total 115200K, used 17277K [0x00000000f0000000, 0x00000000f7d00000, 0x00000000f7d00000)
  eden space 102400K,  16% used [0x00000000f0000000, 0x00000000f10df5e0, 0x00000000f6400000)
  from space 12800K,   0% used [0x00000000f7080000, 0x00000000f7080000, 0x00000000f7d00000)
  to   space 12800K,   0% used [0x00000000f6400000, 0x00000000f6400000, 0x00000000f7080000)
 concurrent mark-sweep generation total 134144K, used 134143K [0x00000000f7d00000, 0x0000000100000000, 0x0000000100000000)
 Metaspace       used 52049K, capacity 54894K, committed 55936K, reserved 1097728K
  class space    used 6335K, capacity 6835K, committed 7040K, reserved 1048576K
}
2023-01-17T04:34:55.857+0800: 305.765: [GC (CMS Initial Mark) [1 CMS-initial-mark: 134143K(134144K)] 151643K(249344K), 0.0076653 secs] [Times: user=0.02 sys=0.00, real=0.01 secs] 
2023-01-17T04:34:55.865+0800: 305.773: [CMS-concurrent-mark-start]
2023-01-17T04:34:55.929+0800: 305.837: [CMS-concurrent-mark: 0.064/0.064 secs] [Times: user=0.15 sys=0.03, real=0.06 secs] 
2023-01-17T04:34:55.929+0800: 305.837: [CMS-concurrent-preclean-start]
2023-01-17T04:34:55.972+0800: 305.879: [CMS-concurrent-preclean: 0.042/0.042 secs] [Times: user=0.11 sys=0.01, real=0.05 secs] 
2023-01-17T04:34:55.972+0800: 305.880: [CMS-concurrent-abortable-preclean-start]
2023-01-17T04:34:55.972+0800: 305.880: [CMS-concurrent-abortable-preclean: 0.000/0.000 secs] [Times: user=0.00 sys=0.00, real=0.00 secs] 
2023-01-17T04:34:55.975+0800: 305.883: [GC (CMS Final Remark) [YG occupancy: 68252 K (115200 K)]2023-01-17T04:34:55.975+0800: 305.883: [Rescan (parallel) , 0.0442167 secs]2023-01-17T04:34:56.020+0800: 305.927: [weak refs processing, 0.0000504 secs]2023-01-17T04:34:56.020+0800: 305.928: [class unloading, 0.0180068 secs]2023-01-17T04:34:56.038+0800: 305.946: [scrub symbol table, 0.0074857 secs]2023-01-17T04:34:56.045+0800: 305.953: [scrub string table, 0.0013101 secs][1 CMS-remark: 134143K(134144K)] 202396K(249344K), 0.0712296 secs] [Times: user=0.13 sys=0.00, real=0.07 secs] 
2023-01-17T04:34:56.047+0800: 305.955: [CMS-concurrent-sweep-start]
2023-01-17T04:34:56.070+0800: 305.978: [CMS-concurrent-sweep: 0.023/0.023 secs] [Times: user=0.06 sys=0.00, real=0.03 secs] 
2023-01-17T04:34:56.070+0800: 305.978: [CMS-concurrent-reset-start]
2023-01-17T04:34:56.071+0800: 305.978: [CMS-concurrent-reset: 0.000/0.000 secs] [Times: user=0.00 sys=0.00, real=0.00 secs] 
{Heap before GC invocations=424 (full 582):
 par new generation   total 115200K, used 115199K [0x00000000f0000000, 0x00000000f7d00000, 0x00000000f7d00000)
  eden space 102400K, 100% used [0x00000000f0000000, 0x00000000f6400000, 0x00000000f6400000)
  from space 12800K,  99% used [0x00000000f7080000, 0x00000000f7cfffe8, 0x00000000f7d00000)
  to   space 12800K,   0% used [0x00000000f6400000, 0x00000000f6400000, 0x00000000f7080000)
 concurrent mark-sweep generation total 134144K, used 134143K [0x00000000f7d00000, 0x0000000100000000, 0x0000000100000000)
 Metaspace       used 52049K, capacity 54894K, committed 55936K, reserved 1097728K
  class space    used 6335K, capacity 6835K, committed 7040K, reserved 1048576K
2023-01-17T04:34:56.381+0800: 306.289: [GC (Allocation Failure) 2023-01-17T04:34:56.381+0800: 306.289: [ParNew: 115199K->115199K(115200K), 0.0000291 secs]2023-01-17T04:34:56.381+0800: 306.289: [CMS: 134143K->134143K(134144K), 0.1866194 secs] 249343K->151513K(249344K), [Metaspace: 52049K->52049K(1097728K)], 0.1869989 secs] [Times: user=0.19 sys=0.00, real=0.18 secs] 
Heap after GC invocations=425 (full 583):
 par new generation   total 115200K, used 17369K [0x00000000f0000000, 0x00000000f7d00000, 0x00000000f7d00000)
  eden space 102400K,  16% used [0x00000000f0000000, 0x00000000f10f66f0, 0x00000000f6400000)
  from space 12800K,   0% used [0x00000000f7080000, 0x00000000f7080000, 0x00000000f7d00000)
  to   space 12800K,   0% used [0x00000000f6400000, 0x00000000f6400000, 0x00000000f7080000)
 concurrent mark-sweep generation total 134144K, used 134143K [0x00000000f7d00000, 0x0000000100000000, 0x0000000100000000)
 Metaspace       used 52049K, capacity 54894K, committed 55936K, reserved 1097728K
  class space    used 6335K, capacity 6835K, committed 7040K, reserved 1048576K
}
2023-01-17T04:34:56.572+0800: 306.480: [GC (CMS Initial Mark) [1 CMS-initial-mark: 134143K(134144K)] 151892K(249344K), 0.0067575 secs] [Times: user=0.01 sys=0.01, real=0.00 secs] 
2023-01-17T04:34:56.579+0800: 306.487: [CMS-concurrent-mark-start]
2023-01-17T04:34:56.652+0800: 306.560: [CMS-concurrent-mark: 0.073/0.073 secs] [Times: user=0.18 sys=0.03, real=0.08 secs] 
2023-01-17T04:34:56.652+0800: 306.560: [CMS-concurrent-preclean-start]
2023-01-17T04:34:56.693+0800: 306.601: [CMS-concurrent-preclean: 0.041/0.041 secs] [Times: user=0.08 sys=0.01, real=0.04 secs] 
2023-01-17T04:34:56.693+0800: 306.601: [CMS-concurrent-abortable-preclean-start]
2023-01-17T04:34:56.693+0800: 306.601: [CMS-concurrent-abortable-preclean: 0.000/0.000 secs] [Times: user=0.00 sys=0.00, real=0.00 secs] 
2023-01-17T04:34:56.697+0800: 306.605: [GC (CMS Final Remark) [YG occupancy: 64228 K (115200 K)]2023-01-17T04:34:56.697+0800: 306.605: [Rescan (parallel) , 0.0169794 secs]2023-01-17T04:34:56.714+0800: 306.622: [weak refs processing, 0.0000429 secs]2023-01-17T04:34:56.714+0800: 306.622: [class unloading, 0.0135151 secs]2023-01-17T04:34:56.728+0800: 306.636: [scrub symbol table, 0.0048603 secs]2023-01-17T04:34:56.733+0800: 306.641: [scrub string table, 0.0009004 secs][1 CMS-remark: 134143K(134144K)] 198372K(249344K), 0.0364620 secs] [Times: user=0.09 sys=0.00, real=0.04 secs] 
2023-01-17T04:34:56.734+0800: 306.642: [CMS-concurrent-sweep-start]
2023-01-17T04:34:56.751+0800: 306.659: [CMS-concurrent-sweep: 0.017/0.017 secs] [Times: user=0.04 sys=0.00, real=0.02 secs] 
2023-01-17T04:34:56.751+0800: 306.659: [CMS-concurrent-reset-start]
2023-01-17T04:34:56.752+0800: 306.659: [CMS-concurrent-reset: 0.000/0.000 secs] [Times: user=0.00 sys=0.00, real=0.00 secs] 
{Heap before GC invocations=425 (full 584):
 par new generation   total 115200K, used 115199K [0x00000000f0000000, 0x00000000f7d00000, 0x00000000f7d00000)
  eden space 102400K, 100% used [0x00000000f0000000, 0x00000000f6400000, 0x00000000f6400000)
  from space 12800K,  99% used [0x00000000f7080000, 0x00000000f7cffff0, 0x00000000f7d00000)
  to   space 12800K,   0% used [0x00000000f6400000, 0x00000000f6400000, 0x00000000f7080000)
 concurrent mark-sweep generation total 134144K, used 134142K [0x00000000f7d00000, 0x0000000100000000, 0x0000000100000000)
 Metaspace       used 52049K, capacity 54894K, committed 55936K, reserved 1097728K
  class space    used 6335K, capacity 6835K, committed 7040K, reserved 1048576K
2023-01-17T04:34:56.880+0800: 306.787: [GC (Allocation Failure) 2023-01-17T04:34:56.880+0800: 306.787: [ParNew: 115199K->115199K(115200K), 0.0000265 secs]2023-01-17T04:34:56.880+0800: 306.788: [CMS: 134142K->134137K(134144K), 0.2025659 secs] 249342K->153525K(249344K), [Metaspace: 52049K->52049K(1097728K)], 0.2029331 secs] [Times: user=0.20 sys=0.00, real=0.20 secs] 
Heap after GC invocations=426 (full 585):
 par new generation   total 115200K, used 19388K [0x00000000f0000000, 0x00000000f7d00000, 0x00000000f7d00000)
  eden space 102400K,  18% used [0x00000000f0000000, 0x00000000f12ef1e8, 0x00000000f6400000)
  from space 12800K,   0% used [0x00000000f7080000, 0x00000000f7080000, 0x00000000f7d00000)
  to   space 12800K,   0% used [0x00000000f6400000, 0x00000000f6400000, 0x00000000f7080000)
 concurrent mark-sweep generation total 134144K, used 134137K [0x00000000f7d00000, 0x0000000100000000, 0x0000000100000000)
 Metaspace       used 52049K, capacity 54894K, committed 55936K, reserved 1097728K
  class space    used 6335K, capacity 6835K, committed 7040K, reserved 1048576K
}
2023-01-17T04:34:57.087+0800: 306.995: [GC (CMS Initial Mark) [1 CMS-initial-mark: 134137K(134144K)] 153796K(249344K), 0.0062734 secs] [Times: user=0.02 sys=0.00, real=0.01 secs] 
2023-01-17T04:34:57.093+0800: 307.001: [CMS-concurrent-mark-start]
2023-01-17T04:34:57.148+0800: 307.056: [CMS-concurrent-mark: 0.055/0.055 secs] [Times: user=0.12 sys=0.00, real=0.05 secs] 
2023-01-17T04:34:57.149+0800: 307.056: [CMS-concurrent-preclean-start]
2023-01-17T04:34:57.180+0800: 307.088: [CMS-concurrent-preclean: 0.032/0.032 secs] [Times: user=0.05 sys=0.00, real=0.04 secs] 
2023-01-17T04:34:57.180+0800: 307.088: [CMS-concurrent-abortable-preclean-start]
2023-01-17T04:34:57.180+0800: 307.088: [CMS-concurrent-abortable-preclean: 0.000/0.000 secs] [Times: user=0.00 sys=0.00, real=0.00 secs] 
2023-01-17T04:34:57.184+0800: 307.092: [GC (CMS Final Remark) [YG occupancy: 46055 K (115200 K)]2023-01-17T04:34:57.184+0800: 307.092: [Rescan (parallel) , 0.0105162 secs]2023-01-17T04:34:57.194+0800: 307.102: [weak refs processing, 0.0000540 secs]2023-01-17T04:34:57.194+0800: 307.102: [class unloading, 0.0123755 secs]2023-01-17T04:34:57.207+0800: 307.115: [scrub symbol table, 0.0048409 secs]2023-01-17T04:34:57.212+0800: 307.119: [scrub string table, 0.0008804 secs][1 CMS-remark: 134137K(134144K)] 180192K(249344K), 0.0288184 secs] [Times: user=0.06 sys=0.00, real=0.03 secs] 
2023-01-17T04:34:57.213+0800: 307.121: [CMS-concurrent-sweep-start]
2023-01-17T04:34:57.228+0800: 307.136: [CMS-concurrent-sweep: 0.015/0.015 secs] [Times: user=0.03 sys=0.01, real=0.01 secs] 
2023-01-17T04:34:57.228+0800: 307.136: [CMS-concurrent-reset-start]
2023-01-17T04:34:57.228+0800: 307.136: [CMS-concurrent-reset: 0.000/0.000 secs] [Times: user=0.00 sys=0.00, real=0.00 secs] 
{Heap before GC invocations=426 (full 586):
 par new generation   total 115200K, used 115199K [0x00000000f0000000, 0x00000000f7d00000, 0x00000000f7d00000)
  eden space 102400K, 100% used [0x00000000f0000000, 0x00000000f6400000, 0x00000000f6400000)
  from space 12800K,  99% used [0x00000000f7080000, 0x00000000f7cffd90, 0x00000000f7d00000)
  to   space 12800K,   0% used [0x00000000f6400000, 0x00000000f6400000, 0x00000000f7080000)
 concurrent mark-sweep generation total 134144K, used 134137K [0x00000000f7d00000, 0x0000000100000000, 0x0000000100000000)
 Metaspace       used 52049K, capacity 54894K, committed 55936K, reserved 1097728K
  class space    used 6335K, capacity 6835K, committed 7040K, reserved 1048576K
2023-01-17T04:34:57.614+0800: 307.522: [GC (Allocation Failure) 2023-01-17T04:34:57.615+0800: 307.522: [ParNew: 115199K->115199K(115200K), 0.0000362 secs]2023-01-17T04:34:57.615+0800: 307.522: [CMS: 134137K->134137K(134144K), 0.1939335 secs] 249336K->153937K(249344K), [Metaspace: 52049K->52049K(1097728K)], 0.1944337 secs] [Times: user=0.20 sys=0.00, real=0.19 secs] 
Heap after GC invocations=427 (full 587):
 par new generation   total 115200K, used 19800K [0x00000000f0000000, 0x00000000f7d00000, 0x00000000f7d00000)
  eden space 102400K,  19% used [0x00000000f0000000, 0x00000000f1356388, 0x00000000f6400000)
  from space 12800K,   0% used [0x00000000f7080000, 0x00000000f7080000, 0x00000000f7d00000)
  to   space 12800K,   0% used [0x00000000f6400000, 0x00000000f6400000, 0x00000000f7080000)
 concurrent mark-sweep generation total 134144K, used 134137K [0x00000000f7d00000, 0x0000000100000000, 0x0000000100000000)
 Metaspace       used 52049K, capacity 54894K, committed 55936K, reserved 1097728K
  class space    used 6335K, capacity 6835K, committed 7040K, reserved 1048576K
}
2023-01-17T04:34:57.813+0800: 307.720: [GC (CMS Initial Mark) [1 CMS-initial-mark: 134137K(134144K)] 153958K(249344K), 0.0062523 secs] [Times: user=0.02 sys=0.00, real=0.00 secs] 
2023-01-17T04:34:57.819+0800: 307.727: [CMS-concurrent-mark-start]
2023-01-17T04:34:57.888+0800: 307.796: [CMS-concurrent-mark: 0.069/0.069 secs] [Times: user=0.21 sys=0.02, real=0.07 secs] 
2023-01-17T04:34:57.888+0800: 307.796: [CMS-concurrent-preclean-start]
2023-01-17T04:34:57.933+0800: 307.841: [CMS-concurrent-preclean: 0.044/0.044 secs] [Times: user=0.13 sys=0.02, real=0.05 secs] 
2023-01-17T04:34:57.933+0800: 307.841: [CMS-concurrent-abortable-preclean-start]
2023-01-17T04:34:57.933+0800: 307.841: [CMS-concurrent-abortable-preclean: 0.000/0.000 secs] [Times: user=0.00 sys=0.00, real=0.00 secs] 
2023-01-17T04:34:57.937+0800: 307.845: [GC (CMS Final Remark) [YG occupancy: 84834 K (115200 K)]2023-01-17T04:34:57.937+0800: 307.845: [Rescan (parallel) , 0.0210021 secs]2023-01-17T04:34:57.958+0800: 307.866: [weak refs processing, 0.0000490 secs]2023-01-17T04:34:57.959+0800: 307.866: [class unloading, 0.0134086 secs]2023-01-17T04:34:57.972+0800: 307.880: [scrub symbol table, 0.0048377 secs]2023-01-17T04:34:57.977+0800: 307.885: [scrub string table, 0.0008945 secs][1 CMS-remark: 134137K(134144K)] 218971K(249344K), 0.0403487 secs] [Times: user=0.10 sys=0.00, real=0.04 secs] 
2023-01-17T04:34:57.978+0800: 307.886: [CMS-concurrent-sweep-start]
2023-01-17T04:34:57.995+0800: 307.903: [CMS-concurrent-sweep: 0.017/0.017 secs] [Times: user=0.05 sys=0.01, real=0.02 secs] 
2023-01-17T04:34:57.995+0800: 307.903: [CMS-concurrent-reset-start]
2023-01-17T04:34:57.995+0800: 307.903: [CMS-concurrent-reset: 0.000/0.000 secs] [Times: user=0.00 sys=0.00, real=0.00 secs] 
{Heap before GC invocations=427 (full 588):
 par new generation   total 115200K, used 115199K [0x00000000f0000000, 0x00000000f7d00000, 0x00000000f7d00000)
  eden space 102400K, 100% used [0x00000000f0000000, 0x00000000f6400000, 0x00000000f6400000)
  from space 12800K,  99% used [0x00000000f7080000, 0x00000000f7cffff8, 0x00000000f7d00000)
  to   space 12800K,   0% used [0x00000000f6400000, 0x00000000f6400000, 0x00000000f7080000)
 concurrent mark-sweep generation total 134144K, used 134135K [0x00000000f7d00000, 0x0000000100000000, 0x0000000100000000)
 Metaspace       used 52049K, capacity 54894K, committed 55936K, reserved 1097728K
  class space    used 6335K, capacity 6835K, committed 7040K, reserved 1048576K
2023-01-17T04:34:58.077+0800: 307.985: [GC (Allocation Failure) 2023-01-17T04:34:58.077+0800: 307.985: [ParNew: 115199K->115199K(115200K), 0.0000250 secs]2023-01-17T04:34:58.077+0800: 307.985: [CMS: 134135K->134139K(134144K), 0.2009461 secs] 249335K->153649K(249344K), [Metaspace: 52049K->52049K(1097728K)], 0.2012929 secs] [Times: user=0.20 sys=0.00, real=0.20 secs] 
Heap after GC invocations=428 (full 589):
 par new generation   total 115200K, used 19510K [0x00000000f0000000, 0x00000000f7d00000, 0x00000000f7d00000)
  eden space 102400K,  19% used [0x00000000f0000000, 0x00000000f130da98, 0x00000000f6400000)
  from space 12800K,   0% used [0x00000000f7080000, 0x00000000f7080000, 0x00000000f7d00000)
  to   space 12800K,   0% used [0x00000000f6400000, 0x00000000f6400000, 0x00000000f7080000)
 concurrent mark-sweep generation total 134144K, used 134139K [0x00000000f7d00000, 0x0000000100000000, 0x0000000100000000)
 Metaspace       used 52049K, capacity 54894K, committed 55936K, reserved 1097728K
  class space    used 6335K, capacity 6835K, committed 7040K, reserved 1048576K
}
2023-01-17T04:34:58.283+0800: 308.190: [GC (CMS Initial Mark) [1 CMS-initial-mark: 134139K(134144K)] 153847K(249344K), 0.0065105 secs] [Times: user=0.02 sys=0.00, real=0.00 secs] 
2023-01-17T04:34:58.289+0800: 308.197: [CMS-concurrent-mark-start]
2023-01-17T04:34:58.341+0800: 308.248: [CMS-concurrent-mark: 0.051/0.051 secs] [Times: user=0.08 sys=0.01, real=0.06 secs] 
2023-01-17T04:34:58.341+0800: 308.248: [CMS-concurrent-preclean-start]
2023-01-17T04:34:58.369+0800: 308.277: [CMS-concurrent-preclean: 0.028/0.028 secs] [Times: user=0.03 sys=0.00, real=0.02 secs] 
2023-01-17T04:34:58.369+0800: 308.277: [CMS-concurrent-abortable-preclean-start]
2023-01-17T04:34:58.369+0800: 308.277: [CMS-concurrent-abortable-preclean: 0.000/0.000 secs] [Times: user=0.00 sys=0.00, real=0.00 secs] 
2023-01-17T04:34:58.374+0800: 308.282: [GC (CMS Final Remark) [YG occupancy: 28516 K (115200 K)]2023-01-17T04:34:58.374+0800: 308.282: [Rescan (parallel) , 0.0086781 secs]2023-01-17T04:34:58.383+0800: 308.291: [weak refs processing, 0.0000391 secs]2023-01-17T04:34:58.383+0800: 308.291: [class unloading, 0.0125117 secs]2023-01-17T04:34:58.395+0800: 308.303: [scrub symbol table, 0.0049111 secs]2023-01-17T04:34:58.400+0800: 308.308: [scrub string table, 0.0008822 secs][1 CMS-remark: 134139K(134144K)] 162655K(249344K), 0.0271701 secs] [Times: user=0.04 sys=0.00, real=0.03 secs] 
2023-01-17T04:34:58.401+0800: 308.309: [CMS-concurrent-sweep-start]
2023-01-17T04:34:58.417+0800: 308.324: [CMS-concurrent-sweep: 0.015/0.015 secs] [Times: user=0.02 sys=0.01, real=0.01 secs] 
2023-01-17T04:34:58.417+0800: 308.324: [CMS-concurrent-reset-start]
2023-01-17T04:34:58.417+0800: 308.325: [CMS-concurrent-reset: 0.000/0.000 secs] [Times: user=0.00 sys=0.00, real=0.00 secs] 
{Heap before GC invocations=428 (full 590):
 par new generation   total 115200K, used 115199K [0x00000000f0000000, 0x00000000f7d00000, 0x00000000f7d00000)
  eden space 102400K, 100% used [0x00000000f0000000, 0x00000000f6400000, 0x00000000f6400000)
  from space 12800K,  99% used [0x00000000f7080000, 0x00000000f7cfffe8, 0x00000000f7d00000)
  to   space 12800K,   0% used [0x00000000f6400000, 0x00000000f6400000, 0x00000000f7080000)
 concurrent mark-sweep generation total 134144K, used 134139K [0x00000000f7d00000, 0x0000000100000000, 0x0000000100000000)
 Metaspace       used 52049K, capacity 54894K, committed 55936K, reserved 1097728K
  class space    used 6335K, capacity 6835K, committed 7040K, reserved 1048576K
2023-01-17T04:34:58.811+0800: 308.719: [GC (Allocation Failure) 2023-01-17T04:34:58.811+0800: 308.719: [ParNew: 115199K->115199K(115200K), 0.0000306 secs]2023-01-17T04:34:58.811+0800: 308.719: [CMS: 134139K->134139K(134144K), 0.1877507 secs] 249339K->153880K(249344K), [Metaspace: 52049K->52049K(1097728K)], 0.1881355 secs] [Times: user=0.19 sys=0.00, real=0.18 secs] 
Heap after GC invocations=429 (full 591):
 par new generation   total 115200K, used 19741K [0x00000000f0000000, 0x00000000f7d00000, 0x00000000f7d00000)
  eden space 102400K,  19% used [0x00000000f0000000, 0x00000000f1347558, 0x00000000f6400000)
  from space 12800K,   0% used [0x00000000f7080000, 0x00000000f7080000, 0x00000000f7d00000)
  to   space 12800K,   0% used [0x00000000f6400000, 0x00000000f6400000, 0x00000000f7080000)
 concurrent mark-sweep generation total 134144K, used 134139K [0x00000000f7d00000, 0x0000000100000000, 0x0000000100000000)
 Metaspace       used 52049K, capacity 54894K, committed 55936K, reserved 1097728K
  class space    used 6335K, capacity 6835K, committed 7040K, reserved 1048576K
}
2023-01-17T04:34:59.003+0800: 308.911: [GC (CMS Initial Mark) [1 CMS-initial-mark: 134139K(134144K)] 153989K(249344K), 0.0064555 secs] [Times: user=0.02 sys=0.00, real=0.01 secs] 
2023-01-17T04:34:59.010+0800: 308.918: [CMS-concurrent-mark-start]
2023-01-17T04:34:59.085+0800: 308.993: [CMS-concurrent-mark: 0.075/0.075 secs] [Times: user=0.25 sys=0.03, real=0.07 secs] 
2023-01-17T04:34:59.085+0800: 308.993: [CMS-concurrent-preclean-start]
2023-01-17T04:34:59.136+0800: 309.044: [CMS-concurrent-preclean: 0.051/0.051 secs] [Times: user=0.16 sys=0.03, real=0.05 secs] 
2023-01-17T04:34:59.136+0800: 309.044: [CMS-concurrent-abortable-preclean-start]
2023-01-17T04:34:59.136+0800: 309.044: [CMS-concurrent-abortable-preclean: 0.000/0.000 secs] [Times: user=0.00 sys=0.00, real=0.00 secs] 
2023-01-17T04:34:59.140+0800: 309.048: [GC (CMS Final Remark) [YG occupancy: 104222 K (115200 K)]2023-01-17T04:34:59.140+0800: 309.048: [Rescan (parallel) , 0.0250400 secs]2023-01-17T04:34:59.165+0800: 309.073: [weak refs processing, 0.0000495 secs]2023-01-17T04:34:59.165+0800: 309.073: [class unloading, 0.0132588 secs]2023-01-17T04:34:59.179+0800: 309.086: [scrub symbol table, 0.0049134 secs]2023-01-17T04:34:59.183+0800: 309.091: [scrub string table, 0.0008874 secs][1 CMS-remark: 134139K(134144K)] 238361K(249344K), 0.0443147 secs] [Times: user=0.12 sys=0.00, real=0.04 secs] 
2023-01-17T04:34:59.185+0800: 309.092: [CMS-concurrent-sweep-start]
2023-01-17T04:34:59.202+0800: 309.110: [CMS-concurrent-sweep: 0.018/0.018 secs] [Times: user=0.05 sys=0.00, real=0.02 secs] 
2023-01-17T04:34:59.202+0800: 309.110: [CMS-concurrent-reset-start]
2023-01-17T04:34:59.203+0800: 309.110: [CMS-concurrent-reset: 0.000/0.000 secs] [Times: user=0.00 sys=0.00, real=0.00 secs] 
{Heap before GC invocations=429 (full 592):
 par new generation   total 115200K, used 115199K [0x00000000f0000000, 0x00000000f7d00000, 0x00000000f7d00000)
  eden space 102400K, 100% used [0x00000000f0000000, 0x00000000f6400000, 0x00000000f6400000)
  from space 12800K,  99% used [0x00000000f7080000, 0x00000000f7cfffd8, 0x00000000f7d00000)
  to   space 12800K,   0% used [0x00000000f6400000, 0x00000000f6400000, 0x00000000f7080000)
 concurrent mark-sweep generation total 134144K, used 134137K [0x00000000f7d00000, 0x0000000100000000, 0x0000000100000000)
 Metaspace       used 52049K, capacity 54894K, committed 55936K, reserved 1097728K
  class space    used 6335K, capacity 6835K, committed 7040K, reserved 1048576K
2023-01-17T04:34:59.254+0800: 309.162: [GC (Allocation Failure) 2023-01-17T04:34:59.254+0800: 309.162: [ParNew: 115199K->115199K(115200K), 0.0000250 secs]2023-01-17T04:34:59.254+0800: 309.162: [CMS: 134137K->134142K(134144K), 0.2039822 secs] 249337K->153705K(249344K), [Metaspace: 52049K->52049K(1097728K)], 0.2043569 secs] [Times: user=0.21 sys=0.00, real=0.20 secs] 
Heap after GC invocations=430 (full 593):
 par new generation   total 115200K, used 19562K [0x00000000f0000000, 0x00000000f7d00000, 0x00000000f7d00000)
  eden space 102400K,  19% used [0x00000000f0000000, 0x00000000f131abd0, 0x00000000f6400000)
  from space 12800K,   0% used [0x00000000f7080000, 0x00000000f7080000, 0x00000000f7d00000)
  to   space 12800K,   0% used [0x00000000f6400000, 0x00000000f6400000, 0x00000000f7080000)
 concurrent mark-sweep generation total 134144K, used 134142K [0x00000000f7d00000, 0x0000000100000000, 0x0000000100000000)
 Metaspace       used 52049K, capacity 54894K, committed 55936K, reserved 1097728K
  class space    used 6335K, capacity 6835K, committed 7040K, reserved 1048576K
}
2023-01-17T04:34:59.463+0800: 309.371: [GC (CMS Initial Mark) [1 CMS-initial-mark: 134142K(134144K)] 153946K(249344K), 0.0064402 secs] [Times: user=0.02 sys=0.00, real=0.01 secs] 
2023-01-17T04:34:59.470+0800: 309.378: [CMS-concurrent-mark-start]
2023-01-17T04:34:59.524+0800: 309.432: [CMS-concurrent-mark: 0.054/0.054 secs] [Times: user=0.08 sys=0.03, real=0.05 secs] 
2023-01-17T04:34:59.524+0800: 309.432: [CMS-concurrent-preclean-start]
2023-01-17T04:34:59.555+0800: 309.463: [CMS-concurrent-preclean: 0.031/0.031 secs] [Times: user=0.03 sys=0.00, real=0.03 secs] 
2023-01-17T04:34:59.555+0800: 309.463: [CMS-concurrent-abortable-preclean-start]
2023-01-17T04:34:59.555+0800: 309.463: [CMS-concurrent-abortable-preclean: 0.000/0.000 secs] [Times: user=0.00 sys=0.00, real=0.00 secs] 
2023-01-17T04:34:59.559+0800: 309.466: [GC (CMS Final Remark) [YG occupancy: 29024 K (115200 K)]2023-01-17T04:34:59.559+0800: 309.467: [Rescan (parallel) , 0.0073320 secs]2023-01-17T04:34:59.566+0800: 309.474: [weak refs processing, 0.0000376 secs]2023-01-17T04:34:59.566+0800: 309.474: [class unloading, 0.0126927 secs]2023-01-17T04:34:59.579+0800: 309.487: [scrub symbol table, 0.0048876 secs]2023-01-17T04:34:59.584+0800: 309.492: [scrub string table, 0.0009010 secs][1 CMS-remark: 134142K(134144K)] 163166K(249344K), 0.0259920 secs] [Times: user=0.05 sys=0.00, real=0.03 secs] 
2023-01-17T04:34:59.586+0800: 309.494: [CMS-concurrent-sweep-start]
2023-01-17T04:34:59.628+0800: 309.535: [CMS-concurrent-sweep: 0.041/0.041 secs] [Times: user=0.12 sys=0.03, real=0.04 secs] 
2023-01-17T04:34:59.628+0800: 309.536: [CMS-concurrent-reset-start]
2023-01-17T04:34:59.628+0800: 309.536: [CMS-concurrent-reset: 0.001/0.001 secs] [Times: user=0.00 sys=0.00, real=0.00 secs] 
{Heap before GC invocations=430 (full 594):
 par new generation   total 115200K, used 115199K [0x00000000f0000000, 0x00000000f7d00000, 0x00000000f7d00000)
  eden space 102400K, 100% used [0x00000000f0000000, 0x00000000f6400000, 0x00000000f6400000)
  from space 12800K,  99% used [0x00000000f7080000, 0x00000000f7cffff0, 0x00000000f7d00000)
  to   space 12800K,   0% used [0x00000000f6400000, 0x00000000f6400000, 0x00000000f7080000)
 concurrent mark-sweep generation total 134144K, used 134142K [0x00000000f7d00000, 0x0000000100000000, 0x0000000100000000)
 Metaspace       used 52049K, capacity 54894K, committed 55936K, reserved 1097728K
  class space    used 6335K, capacity 6835K, committed 7040K, reserved 1048576K
2023-01-17T04:34:59.804+0800: 309.712: [GC (Allocation Failure) 2023-01-17T04:34:59.804+0800: 309.712: [ParNew: 115199K->115199K(115200K), 0.0000270 secs]2023-01-17T04:34:59.804+0800: 309.712: [CMS: 134142K->134142K(134144K), 0.2007779 secs] 249342K->153988K(249344K), [Metaspace: 52049K->52049K(1097728K)], 0.2011533 secs] [Times: user=0.20 sys=0.00, real=0.20 secs] 
Heap after GC invocations=431 (full 595):
 par new generation   total 115200K, used 19845K [0x00000000f0000000, 0x00000000f7d00000, 0x00000000f7d00000)
  eden space 102400K,  19% used [0x00000000f0000000, 0x00000000f1361758, 0x00000000f6400000)
  from space 12800K,   0% used [0x00000000f7080000, 0x00000000f7080000, 0x00000000f7d00000)
  to   space 12800K,   0% used [0x00000000f6400000, 0x00000000f6400000, 0x00000000f7080000)
 concurrent mark-sweep generation total 134144K, used 134142K [0x00000000f7d00000, 0x0000000100000000, 0x0000000100000000)
 Metaspace       used 52049K, capacity 54894K, committed 55936K, reserved 1097728K
  class space    used 6335K, capacity 6835K, committed 7040K, reserved 1048576K
}
2023-01-17T04:35:00.011+0800: 309.919: [GC (CMS Initial Mark) [1 CMS-initial-mark: 134142K(134144K)] 154967K(249344K), 0.0074807 secs] [Times: user=0.02 sys=0.00, real=0.00 secs] 
2023-01-17T04:35:00.019+0800: 309.926: [CMS-concurrent-mark-start]
2023-01-17T04:35:00.078+0800: 309.986: [CMS-concurrent-mark: 0.060/0.060 secs] [Times: user=0.09 sys=0.02, real=0.06 secs] 
2023-01-17T04:35:00.078+0800: 309.986: [CMS-concurrent-preclean-start]
2023-01-17T04:35:00.118+0800: 310.026: [CMS-concurrent-preclean: 0.039/0.039 secs] [Times: user=0.08 sys=0.00, real=0.04 secs] 
2023-01-17T04:35:00.118+0800: 310.026: [CMS-concurrent-abortable-preclean-start]
2023-01-17T04:35:00.118+0800: 310.026: [CMS-concurrent-abortable-preclean: 0.000/0.000 secs] [Times: user=0.00 sys=0.00, real=0.00 secs] 
2023-01-17T04:35:00.122+0800: 310.029: [GC (CMS Final Remark) [YG occupancy: 38588 K (115200 K)]2023-01-17T04:35:00.122+0800: 310.029: [Rescan (parallel) , 0.0205958 secs]2023-01-17T04:35:00.142+0800: 310.050: [weak refs processing, 0.0000402 secs]2023-01-17T04:35:00.142+0800: 310.050: [class unloading, 0.0135758 secs]2023-01-17T04:35:00.156+0800: 310.064: [scrub symbol table, 0.0051750 secs]2023-01-17T04:35:00.161+0800: 310.069: [scrub string table, 0.0009285 secs][1 CMS-remark: 134142K(134144K)] 172730K(249344K), 0.0404471 secs] [Times: user=0.06 sys=0.01, real=0.04 secs] 
2023-01-17T04:35:00.164+0800: 310.071: [CMS-concurrent-sweep-start]
2023-01-17T04:35:00.180+0800: 310.088: [CMS-concurrent-sweep: 0.016/0.016 secs] [Times: user=0.03 sys=0.00, real=0.02 secs] 
2023-01-17T04:35:00.180+0800: 310.088: [CMS-concurrent-reset-start]
2023-01-17T04:35:00.180+0800: 310.088: [CMS-concurrent-reset: 0.000/0.000 secs] [Times: user=0.01 sys=0.00, real=0.00 secs] 
{Heap before GC invocations=431 (full 596):
 par new generation   total 115200K, used 115199K [0x00000000f0000000, 0x00000000f7d00000, 0x00000000f7d00000)
  eden space 102400K, 100% used [0x00000000f0000000, 0x00000000f6400000, 0x00000000f6400000)
  from space 12800K,  99% used [0x00000000f7080000, 0x00000000f7cffec0, 0x00000000f7d00000)
  to   space 12800K,   0% used [0x00000000f6400000, 0x00000000f6400000, 0x00000000f7080000)
 concurrent mark-sweep generation total 134144K, used 134142K [0x00000000f7d00000, 0x0000000100000000, 0x0000000100000000)
 Metaspace       used 52049K, capacity 54894K, committed 55936K, reserved 1097728K
  class space    used 6335K, capacity 6835K, committed 7040K, reserved 1048576K
2023-01-17T04:35:00.361+0800: 310.269: [GC (Allocation Failure) 2023-01-17T04:35:00.362+0800: 310.269: [ParNew: 115199K->115199K(115200K), 0.0000319 secs]2023-01-17T04:35:00.362+0800: 310.269: [CMS: 134142K->134138K(134144K), 0.2084371 secs] 249342K->153598K(249344K), [Metaspace: 52049K->52049K(1097728K)], 0.2088242 secs] [Times: user=0.21 sys=0.00, real=0.21 secs] 
Heap after GC invocations=432 (full 597):
 par new generation   total 115200K, used 19460K [0x00000000f0000000, 0x00000000f7d00000, 0x00000000f7d00000)
  eden space 102400K,  19% used [0x00000000f0000000, 0x00000000f1301230, 0x00000000f6400000)
  from space 12800K,   0% used [0x00000000f7080000, 0x00000000f7080000, 0x00000000f7d00000)
  to   space 12800K,   0% used [0x00000000f6400000, 0x00000000f6400000, 0x00000000f7080000)
 concurrent mark-sweep generation total 134144K, used 134138K [0x00000000f7d00000, 0x0000000100000000, 0x0000000100000000)
 Metaspace       used 52049K, capacity 54894K, committed 55936K, reserved 1097728K
  class space    used 6335K, capacity 6835K, committed 7040K, reserved 1048576K
}
2023-01-17T04:35:00.574+0800: 310.482: [GC (CMS Initial Mark) [1 CMS-initial-mark: 134138K(134144K)] 153725K(249344K), 0.0063371 secs] [Times: user=0.02 sys=0.00, real=0.01 secs] 
2023-01-17T04:35:00.581+0800: 310.489: [CMS-concurrent-mark-start]
2023-01-17T04:35:00.640+0800: 310.548: [CMS-concurrent-mark: 0.059/0.059 secs] [Times: user=0.13 sys=0.02, real=0.06 secs] 
2023-01-17T04:35:00.640+0800: 310.548: [CMS-concurrent-preclean-start]
2023-01-17T04:35:00.669+0800: 310.577: [CMS-concurrent-preclean: 0.029/0.029 secs] [Times: user=0.03 sys=0.00, real=0.02 secs] 
2023-01-17T04:35:00.669+0800: 310.577: [CMS-concurrent-abortable-preclean-start]
2023-01-17T04:35:00.669+0800: 310.577: [CMS-concurrent-abortable-preclean: 0.000/0.000 secs] [Times: user=0.00 sys=0.00, real=0.00 secs] 
2023-01-17T04:35:00.672+0800: 310.580: [GC (CMS Final Remark) [YG occupancy: 40583 K (115200 K)]2023-01-17T04:35:00.672+0800: 310.580: [Rescan (parallel) , 0.0090930 secs]2023-01-17T04:35:00.682+0800: 310.589: [weak refs processing, 0.0000370 secs]2023-01-17T04:35:00.682+0800: 310.589: [class unloading, 0.0125375 secs]2023-01-17T04:35:00.694+0800: 310.602: [scrub symbol table, 0.0049123 secs]2023-01-17T04:35:00.699+0800: 310.607: [scrub string table, 0.0009054 secs][1 CMS-remark: 134138K(134144K)] 174721K(249344K), 0.0276162 secs] [Times: user=0.05 sys=0.00, real=0.03 secs] 
2023-01-17T04:35:00.700+0800: 310.608: [CMS-concurrent-sweep-start]
2023-01-17T04:35:00.717+0800: 310.625: [CMS-concurrent-sweep: 0.017/0.017 secs] [Times: user=0.05 sys=0.00, real=0.01 secs] 
2023-01-17T04:35:00.718+0800: 310.625: [CMS-concurrent-reset-start]
2023-01-17T04:35:00.718+0800: 310.626: [CMS-concurrent-reset: 0.000/0.000 secs] [Times: user=0.00 sys=0.00, real=0.00 secs] 
{Heap before GC invocations=432 (full 598):
 par new generation   total 115200K, used 115200K [0x00000000f0000000, 0x00000000f7d00000, 0x00000000f7d00000)
  eden space 102400K, 100% used [0x00000000f0000000, 0x00000000f6400000, 0x00000000f6400000)
  from space 12800K, 100% used [0x00000000f7080000, 0x00000000f7d00000, 0x00000000f7d00000)
  to   space 12800K,   0% used [0x00000000f6400000, 0x00000000f6400000, 0x00000000f7080000)
 concurrent mark-sweep generation total 134144K, used 134138K [0x00000000f7d00000, 0x0000000100000000, 0x0000000100000000)
 Metaspace       used 52049K, capacity 54894K, committed 55936K, reserved 1097728K
  class space    used 6335K, capacity 6835K, committed 7040K, reserved 1048576K
2023-01-17T04:35:01.114+0800: 311.022: [GC (Allocation Failure) 2023-01-17T04:35:01.114+0800: 311.022: [ParNew: 115200K->115200K(115200K), 0.0000310 secs]2023-01-17T04:35:01.114+0800: 311.022: [CMS: 134138K->134138K(134144K), 0.2346147 secs] 249338K->153744K(249344K), [Metaspace: 52049K->52049K(1097728K)], 0.2350607 secs] [Times: user=0.24 sys=0.00, real=0.23 secs] 
Heap after GC invocations=433 (full 599):
 par new generation   total 115200K, used 19606K [0x00000000f0000000, 0x00000000f7d00000, 0x00000000f7d00000)
  eden space 102400K,  19% used [0x00000000f0000000, 0x00000000f13259a8, 0x00000000f6400000)
  from space 12800K,   0% used [0x00000000f7080000, 0x00000000f7080000, 0x00000000f7d00000)
  to   space 12800K,   0% used [0x00000000f6400000, 0x00000000f6400000, 0x00000000f7080000)
 concurrent mark-sweep generation total 134144K, used 134138K [0x00000000f7d00000, 0x0000000100000000, 0x0000000100000000)
 Metaspace       used 52049K, capacity 54894K, committed 55936K, reserved 1097728K
  class space    used 6335K, capacity 6835K, committed 7040K, reserved 1048576K
}
2023-01-17T04:35:01.354+0800: 311.261: [GC (CMS Initial Mark) [1 CMS-initial-mark: 134138K(134144K)] 154213K(249344K), 0.0076141 secs] [Times: user=0.01 sys=0.01, real=0.01 secs] 
2023-01-17T04:35:01.362+0800: 311.270: [CMS-concurrent-mark-start]
2023-01-17T04:35:01.440+0800: 311.348: [CMS-concurrent-mark: 0.079/0.079 secs] [Times: user=0.18 sys=0.03, real=0.08 secs] 
2023-01-17T04:35:01.441+0800: 311.348: [CMS-concurrent-preclean-start]
2023-01-17T04:35:01.483+0800: 311.391: [CMS-concurrent-preclean: 0.043/0.043 secs] [Times: user=0.12 sys=0.02, real=0.04 secs] 
2023-01-17T04:35:01.484+0800: 311.391: [CMS-concurrent-abortable-preclean-start]
2023-01-17T04:35:01.484+0800: 311.391: [CMS-concurrent-abortable-preclean: 0.000/0.000 secs] [Times: user=0.00 sys=0.00, real=0.00 secs] 
2023-01-17T04:35:01.488+0800: 311.395: [GC (CMS Final Remark) [YG occupancy: 82439 K (115200 K)]2023-01-17T04:35:01.488+0800: 311.395: [Rescan (parallel) , 0.0200870 secs]2023-01-17T04:35:01.508+0800: 311.416: [weak refs processing, 0.0000433 secs]2023-01-17T04:35:01.508+0800: 311.416: [class unloading, 0.0128041 secs]2023-01-17T04:35:01.521+0800: 311.428: [scrub symbol table, 0.0048840 secs]2023-01-17T04:35:01.526+0800: 311.433: [scrub string table, 0.0008630 secs][1 CMS-remark: 134138K(134144K)] 216577K(249344K), 0.0388460 secs] [Times: user=0.10 sys=0.00, real=0.04 secs] 
2023-01-17T04:35:01.527+0800: 311.434: [CMS-concurrent-sweep-start]
2023-01-17T04:35:01.548+0800: 311.455: [CMS-concurrent-sweep: 0.021/0.021 secs] [Times: user=0.05 sys=0.01, real=0.02 secs] 
2023-01-17T04:35:01.548+0800: 311.456: [CMS-concurrent-reset-start]
2023-01-17T04:35:01.548+0800: 311.456: [CMS-concurrent-reset: 0.000/0.000 secs] [Times: user=0.00 sys=0.00, real=0.00 secs] 
{Heap before GC invocations=433 (full 600):
 par new generation   total 115200K, used 115199K [0x00000000f0000000, 0x00000000f7d00000, 0x00000000f7d00000)
  eden space 102400K, 100% used [0x00000000f0000000, 0x00000000f6400000, 0x00000000f6400000)
  from space 12800K,  99% used [0x00000000f7080000, 0x00000000f7cffff8, 0x00000000f7d00000)
  to   space 12800K,   0% used [0x00000000f6400000, 0x00000000f6400000, 0x00000000f7080000)
 concurrent mark-sweep generation total 134144K, used 134136K [0x00000000f7d00000, 0x0000000100000000, 0x0000000100000000)
 Metaspace       used 52049K, capacity 54894K, committed 55936K, reserved 1097728K
  class space    used 6335K, capacity 6835K, committed 7040K, reserved 1048576K
2023-01-17T04:35:01.639+0800: 311.547: [GC (Allocation Failure) 2023-01-17T04:35:01.639+0800: 311.547: [ParNew: 115199K->115199K(115200K), 0.0000270 secs]2023-01-17T04:35:01.639+0800: 311.547: [CMS: 134136K->134137K(134144K), 0.2132570 secs] 249336K->153766K(249344K), [Metaspace: 52049K->52049K(1097728K)], 0.2136504 secs] [Times: user=0.21 sys=0.00, real=0.22 secs] 
Heap after GC invocations=434 (full 601):
 par new generation   total 115200K, used 19628K [0x00000000f0000000, 0x00000000f7d00000, 0x00000000f7d00000)
  eden space 102400K,  19% used [0x00000000f0000000, 0x00000000f132b368, 0x00000000f6400000)
  from space 12800K,   0% used [0x00000000f7080000, 0x00000000f7080000, 0x00000000f7d00000)
  to   space 12800K,   0% used [0x00000000f6400000, 0x00000000f6400000, 0x00000000f7080000)
 concurrent mark-sweep generation total 134144K, used 134137K [0x00000000f7d00000, 0x0000000100000000, 0x0000000100000000)
 Metaspace       used 52049K, capacity 54894K, committed 55936K, reserved 1097728K
  class space    used 6335K, capacity 6835K, committed 7040K, reserved 1048576K
}
2023-01-17T04:35:01.857+0800: 311.765: [GC (CMS Initial Mark) [1 CMS-initial-mark: 134137K(134144K)] 153894K(249344K), 0.0065932 secs] [Times: user=0.01 sys=0.00, real=0.01 secs] 
2023-01-17T04:35:01.864+0800: 311.772: [CMS-concurrent-mark-start]
2023-01-17T04:35:01.939+0800: 311.847: [CMS-concurrent-mark: 0.075/0.075 secs] [Times: user=0.20 sys=0.03, real=0.07 secs] 
2023-01-17T04:35:01.939+0800: 311.847: [CMS-concurrent-preclean-start]
2023-01-17T04:35:02.001+0800: 311.909: [CMS-concurrent-preclean: 0.062/0.062 secs] [Times: user=0.15 sys=0.02, real=0.07 secs] 
2023-01-17T04:35:02.001+0800: 311.909: [CMS-concurrent-abortable-preclean-start]
2023-01-17T04:35:02.001+0800: 311.909: [CMS-concurrent-abortable-preclean: 0.000/0.000 secs] [Times: user=0.00 sys=0.00, real=0.00 secs] 
2023-01-17T04:35:02.005+0800: 311.912: [GC (CMS Final Remark) [YG occupancy: 93243 K (115200 K)]2023-01-17T04:35:02.005+0800: 311.913: [Rescan (parallel) , 0.0302349 secs]2023-01-17T04:35:02.035+0800: 311.943: [weak refs processing, 0.0000461 secs]2023-01-17T04:35:02.035+0800: 311.943: [class unloading, 0.0130470 secs]2023-01-17T04:35:02.048+0800: 311.956: [scrub symbol table, 0.0048979 secs]2023-01-17T04:35:02.053+0800: 311.961: [scrub string table, 0.0008899 secs][1 CMS-remark: 134137K(134144K)] 227381K(249344K), 0.0492863 secs] [Times: user=0.11 sys=0.00, real=0.05 secs] 
2023-01-17T04:35:02.054+0800: 311.962: [CMS-concurrent-sweep-start]
2023-01-17T04:35:02.071+0800: 311.979: [CMS-concurrent-sweep: 0.017/0.017 secs] [Times: user=0.04 sys=0.00, real=0.02 secs] 
2023-01-17T04:35:02.071+0800: 311.979: [CMS-concurrent-reset-start]
2023-01-17T04:35:02.072+0800: 311.979: [CMS-concurrent-reset: 0.000/0.000 secs] [Times: user=0.00 sys=0.00, real=0.00 secs] 
{Heap before GC invocations=434 (full 602):
 par new generation   total 115200K, used 115200K [0x00000000f0000000, 0x00000000f7d00000, 0x00000000f7d00000)
  eden space 102400K, 100% used [0x00000000f0000000, 0x00000000f6400000, 0x00000000f6400000)
  from space 12800K, 100% used [0x00000000f7080000, 0x00000000f7d00000, 0x00000000f7d00000)
  to   space 12800K,   0% used [0x00000000f6400000, 0x00000000f6400000, 0x00000000f7080000)
 concurrent mark-sweep generation total 134144K, used 134137K [0x00000000f7d00000, 0x0000000100000000, 0x0000000100000000)
 Metaspace       used 52049K, capacity 54894K, committed 55936K, reserved 1097728K
  class space    used 6335K, capacity 6835K, committed 7040K, reserved 1048576K
2023-01-17T04:35:02.163+0800: 312.071: [GC (Allocation Failure) 2023-01-17T04:35:02.163+0800: 312.071: [ParNew: 115200K->115200K(115200K), 0.0000261 secs]2023-01-17T04:35:02.163+0800: 312.071: [CMS: 134137K->134137K(134144K), 0.1879145 secs] 249337K->153952K(249344K), [Metaspace: 52049K->52049K(1097728K)], 0.1882782 secs] [Times: user=0.19 sys=0.00, real=0.19 secs] 
Heap after GC invocations=435 (full 603):
 par new generation   total 115200K, used 19814K [0x00000000f0000000, 0x00000000f7d00000, 0x00000000f7d00000)
  eden space 102400K,  19% used [0x00000000f0000000, 0x00000000f1359b68, 0x00000000f6400000)
  from space 12800K,   0% used [0x00000000f7080000, 0x00000000f7080000, 0x00000000f7d00000)
  to   space 12800K,   0% used [0x00000000f6400000, 0x00000000f6400000, 0x00000000f7080000)
 concurrent mark-sweep generation total 134144K, used 134137K [0x00000000f7d00000, 0x0000000100000000, 0x0000000100000000)
 Metaspace       used 52049K, capacity 54894K, committed 55936K, reserved 1097728K
  class space    used 6335K, capacity 6835K, committed 7040K, reserved 1048576K
}
2023-01-17T04:35:02.355+0800: 312.263: [GC (CMS Initial Mark) [1 CMS-initial-mark: 134137K(134144K)] 154278K(249344K), 0.0062274 secs] [Times: user=0.01 sys=0.00, real=0.01 secs] 
2023-01-17T04:35:02.362+0800: 312.270: [CMS-concurrent-mark-start]
2023-01-17T04:35:02.418+0800: 312.326: [CMS-concurrent-mark: 0.057/0.057 secs] [Times: user=0.14 sys=0.02, real=0.05 secs] 
2023-01-17T04:35:02.419+0800: 312.326: [CMS-concurrent-preclean-start]
2023-01-17T04:35:02.462+0800: 312.370: [CMS-concurrent-preclean: 0.043/0.043 secs] [Times: user=0.12 sys=0.02, real=0.05 secs] 
2023-01-17T04:35:02.462+0800: 312.370: [CMS-concurrent-abortable-preclean-start]
2023-01-17T04:35:02.462+0800: 312.370: [CMS-concurrent-abortable-preclean: 0.000/0.000 secs] [Times: user=0.00 sys=0.00, real=0.00 secs] 
2023-01-17T04:35:02.466+0800: 312.374: [GC (CMS Final Remark) [YG occupancy: 64830 K (115200 K)]2023-01-17T04:35:02.466+0800: 312.374: [Rescan (parallel) , 0.0222392 secs]2023-01-17T04:35:02.488+0800: 312.396: [weak refs processing, 0.0000477 secs]2023-01-17T04:35:02.488+0800: 312.396: [class unloading, 0.0132315 secs]2023-01-17T04:35:02.501+0800: 312.409: [scrub symbol table, 0.0048372 secs]2023-01-17T04:35:02.506+0800: 312.414: [scrub string table, 0.0008641 secs][1 CMS-remark: 134137K(134144K)] 198968K(249344K), 0.0413775 secs] [Times: user=0.09 sys=0.00, real=0.04 secs] 
2023-01-17T04:35:02.507+0800: 312.415: [CMS-concurrent-sweep-start]
2023-01-17T04:35:02.525+0800: 312.433: [CMS-concurrent-sweep: 0.018/0.018 secs] [Times: user=0.05 sys=0.00, real=0.02 secs] 
2023-01-17T04:35:02.526+0800: 312.433: [CMS-concurrent-reset-start]
2023-01-17T04:35:02.526+0800: 312.434: [CMS-concurrent-reset: 0.000/0.000 secs] [Times: user=0.00 sys=0.00, real=0.00 secs] 
{Heap before GC invocations=435 (full 604):
 par new generation   total 115200K, used 115199K [0x00000000f0000000, 0x00000000f7d00000, 0x00000000f7d00000)
  eden space 102400K, 100% used [0x00000000f0000000, 0x00000000f6400000, 0x00000000f6400000)
  from space 12800K,  99% used [0x00000000f7080000, 0x00000000f7cfffe8, 0x00000000f7d00000)
  to   space 12800K,   0% used [0x00000000f6400000, 0x00000000f6400000, 0x00000000f7080000)
 concurrent mark-sweep generation total 134144K, used 134137K [0x00000000f7d00000, 0x0000000100000000, 0x0000000100000000)
 Metaspace       used 52049K, capacity 54894K, committed 55936K, reserved 1097728K
  class space    used 6335K, capacity 6835K, committed 7040K, reserved 1048576K
2023-01-17T04:35:02.658+0800: 312.566: [GC (Allocation Failure) 2023-01-17T04:35:02.658+0800: 312.566: [ParNew: 115199K->115199K(115200K), 0.0000270 secs]2023-01-17T04:35:02.658+0800: 312.566: [CMS: 134137K->134137K(134144K), 0.1940992 secs] 249337K->153789K(249344K), [Metaspace: 52049K->52049K(1097728K)], 0.1945108 secs] [Times: user=0.20 sys=0.00, real=0.20 secs] 
Heap after GC invocations=436 (full 605):
 par new generation   total 115200K, used 19651K [0x00000000f0000000, 0x00000000f7d00000, 0x00000000f7d00000)
  eden space 102400K,  19% used [0x00000000f0000000, 0x00000000f1330da8, 0x00000000f6400000)
  from space 12800K,   0% used [0x00000000f7080000, 0x00000000f7080000, 0x00000000f7d00000)
  to   space 12800K,   0% used [0x00000000f6400000, 0x00000000f6400000, 0x00000000f7080000)
 concurrent mark-sweep generation total 134144K, used 134137K [0x00000000f7d00000, 0x0000000100000000, 0x0000000100000000)
 Metaspace       used 52049K, capacity 54894K, committed 55936K, reserved 1097728K
  class space    used 6335K, capacity 6835K, committed 7040K, reserved 1048576K
}
2023-01-17T04:35:02.859+0800: 312.766: [GC (CMS Initial Mark) [1 CMS-initial-mark: 134137K(134144K)] 154026K(249344K), 0.0070105 secs] [Times: user=0.02 sys=0.00, real=0.01 secs] 
2023-01-17T04:35:02.866+0800: 312.774: [CMS-concurrent-mark-start]
2023-01-17T04:35:02.967+0800: 312.874: [CMS-concurrent-mark: 0.101/0.101 secs] [Times: user=0.21 sys=0.04, real=0.10 secs] 
2023-01-17T04:35:02.967+0800: 312.875: [CMS-concurrent-preclean-start]
2023-01-17T04:35:03.003+0800: 312.911: [CMS-concurrent-preclean: 0.036/0.036 secs] [Times: user=0.03 sys=0.00, real=0.04 secs] 
2023-01-17T04:35:03.003+0800: 312.911: [CMS-concurrent-abortable-preclean-start]
2023-01-17T04:35:03.003+0800: 312.911: [CMS-concurrent-abortable-preclean: 0.000/0.000 secs] [Times: user=0.00 sys=0.00, real=0.00 secs] 
2023-01-17T04:35:03.007+0800: 312.915: [GC (CMS Final Remark) [YG occupancy: 62928 K (115200 K)]2023-01-17T04:35:03.007+0800: 312.915: [Rescan (parallel) , 0.0143844 secs]2023-01-17T04:35:03.022+0800: 312.929: [weak refs processing, 0.0000390 secs]2023-01-17T04:35:03.022+0800: 312.930: [class unloading, 0.0129917 secs]2023-01-17T04:35:03.035+0800: 312.943: [scrub symbol table, 0.0049238 secs]2023-01-17T04:35:03.040+0800: 312.947: [scrub string table, 0.0008824 secs][1 CMS-remark: 134137K(134144K)] 197066K(249344K), 0.0333809 secs] [Times: user=0.07 sys=0.00, real=0.04 secs] 
2023-01-17T04:35:03.042+0800: 312.950: [CMS-concurrent-sweep-start]
2023-01-17T04:35:03.080+0800: 312.987: [CMS-concurrent-sweep: 0.038/0.038 secs] [Times: user=0.12 sys=0.03, real=0.04 secs] 
2023-01-17T04:35:03.080+0800: 312.988: [CMS-concurrent-reset-start]
2023-01-17T04:35:03.080+0800: 312.988: [CMS-concurrent-reset: 0.000/0.000 secs] [Times: user=0.01 sys=0.00, real=0.00 secs] 
{Heap before GC invocations=436 (full 606):
 par new generation   total 115200K, used 115200K [0x00000000f0000000, 0x00000000f7d00000, 0x00000000f7d00000)
  eden space 102400K, 100% used [0x00000000f0000000, 0x00000000f6400000, 0x00000000f6400000)
  from space 12800K, 100% used [0x00000000f7080000, 0x00000000f7d00000, 0x00000000f7d00000)
  to   space 12800K,   0% used [0x00000000f6400000, 0x00000000f6400000, 0x00000000f7080000)
 concurrent mark-sweep generation total 134144K, used 134137K [0x00000000f7d00000, 0x0000000100000000, 0x0000000100000000)
 Metaspace       used 52049K, capacity 54894K, committed 55936K, reserved 1097728K
  class space    used 6335K, capacity 6835K, committed 7040K, reserved 1048576K
2023-01-17T04:35:03.164+0800: 313.072: [GC (Allocation Failure) 2023-01-17T04:35:03.164+0800: 313.072: [ParNew: 115200K->115200K(115200K), 0.0000268 secs]2023-01-17T04:35:03.164+0800: 313.072: [CMS: 134137K->134137K(134144K), 0.1847128 secs] 249337K->153878K(249344K), [Metaspace: 52049K->52049K(1097728K)], 0.1850747 secs] [Times: user=0.19 sys=0.00, real=0.18 secs] 
Heap after GC invocations=437 (full 607):
 par new generation   total 115200K, used 19740K [0x00000000f0000000, 0x00000000f7d00000, 0x00000000f7d00000)
  eden space 102400K,  19% used [0x00000000f0000000, 0x00000000f13471b8, 0x00000000f6400000)
  from space 12800K,   0% used [0x00000000f7080000, 0x00000000f7080000, 0x00000000f7d00000)
  to   space 12800K,   0% used [0x00000000f6400000, 0x00000000f6400000, 0x00000000f7080000)
 concurrent mark-sweep generation total 134144K, used 134137K [0x00000000f7d00000, 0x0000000100000000, 0x0000000100000000)
 Metaspace       used 52049K, capacity 54894K, committed 55936K, reserved 1097728K
  class space    used 6335K, capacity 6835K, committed 7040K, reserved 1048576K
}
2023-01-17T04:35:03.353+0800: 313.261: [GC (CMS Initial Mark) [1 CMS-initial-mark: 134137K(134144K)] 154228K(249344K), 0.0062819 secs] [Times: user=0.02 sys=0.00, real=0.01 secs] 
2023-01-17T04:35:03.360+0800: 313.268: [CMS-concurrent-mark-start]
2023-01-17T04:35:03.416+0800: 313.324: [CMS-concurrent-mark: 0.056/0.056 secs] [Times: user=0.15 sys=0.03, real=0.05 secs] 
2023-01-17T04:35:03.416+0800: 313.324: [CMS-concurrent-preclean-start]
2023-01-17T04:35:03.454+0800: 313.362: [CMS-concurrent-preclean: 0.037/0.037 secs] [Times: user=0.09 sys=0.01, real=0.04 secs] 
2023-01-17T04:35:03.454+0800: 313.362: [CMS-concurrent-abortable-preclean-start]
2023-01-17T04:35:03.454+0800: 313.362: [CMS-concurrent-abortable-preclean: 0.000/0.000 secs] [Times: user=0.00 sys=0.00, real=0.00 secs] 
2023-01-17T04:35:03.457+0800: 313.365: [GC (CMS Final Remark) [YG occupancy: 72546 K (115200 K)]2023-01-17T04:35:03.457+0800: 313.365: [Rescan (parallel) , 0.0169115 secs]2023-01-17T04:35:03.474+0800: 313.382: [weak refs processing, 0.0000400 secs]2023-01-17T04:35:03.474+0800: 313.382: [class unloading, 0.0127628 secs]2023-01-17T04:35:03.487+0800: 313.395: [scrub symbol table, 0.0048771 secs]2023-01-17T04:35:03.492+0800: 313.400: [scrub string table, 0.0008649 secs][1 CMS-remark: 134137K(134144K)] 206684K(249344K), 0.0356096 secs] [Times: user=0.08 sys=0.00, real=0.04 secs] 
2023-01-17T04:35:03.493+0800: 313.401: [CMS-concurrent-sweep-start]
2023-01-17T04:35:03.513+0800: 313.421: [CMS-concurrent-sweep: 0.020/0.020 secs] [Times: user=0.03 sys=0.00, real=0.02 secs] 
2023-01-17T04:35:03.513+0800: 313.421: [CMS-concurrent-reset-start]
2023-01-17T04:35:03.513+0800: 313.421: [CMS-concurrent-reset: 0.000/0.000 secs] [Times: user=0.00 sys=0.00, real=0.00 secs] 
{Heap before GC invocations=437 (full 608):
 par new generation   total 115200K, used 115200K [0x00000000f0000000, 0x00000000f7d00000, 0x00000000f7d00000)
  eden space 102400K, 100% used [0x00000000f0000000, 0x00000000f6400000, 0x00000000f6400000)
  from space 12800K, 100% used [0x00000000f7080000, 0x00000000f7d00000, 0x00000000f7d00000)
  to   space 12800K,   0% used [0x00000000f6400000, 0x00000000f6400000, 0x00000000f7080000)
 concurrent mark-sweep generation total 134144K, used 134137K [0x00000000f7d00000, 0x0000000100000000, 0x0000000100000000)
 Metaspace       used 52050K, capacity 54894K, committed 55936K, reserved 1097728K
  class space    used 6335K, capacity 6835K, committed 7040K, reserved 1048576K
2023-01-17T04:35:03.672+0800: 313.579: [GC (Allocation Failure) 2023-01-17T04:35:03.672+0800: 313.580: [ParNew: 115200K->115200K(115200K), 0.0000315 secs]2023-01-17T04:35:03.672+0800: 313.580: [CMS: 134137K->134137K(134144K), 0.2494521 secs] 249337K->153760K(249344K), [Metaspace: 52050K->52050K(1097728K)], 0.2498981 secs] [Times: user=0.25 sys=0.00, real=0.25 secs] 
Heap after GC invocations=438 (full 609):
 par new generation   total 115200K, used 19623K [0x00000000f0000000, 0x00000000f7d00000, 0x00000000f7d00000)
  eden space 102400K,  19% used [0x00000000f0000000, 0x00000000f1329ca0, 0x00000000f6400000)
  from space 12800K,   0% used [0x00000000f7080000, 0x00000000f7080000, 0x00000000f7d00000)
  to   space 12800K,   0% used [0x00000000f6400000, 0x00000000f6400000, 0x00000000f7080000)
 concurrent mark-sweep generation total 134144K, used 134137K [0x00000000f7d00000, 0x0000000100000000, 0x0000000100000000)
 Metaspace       used 52050K, capacity 54894K, committed 55936K, reserved 1097728K
  class space    used 6335K, capacity 6835K, committed 7040K, reserved 1048576K
}
2023-01-17T04:35:03.926+0800: 313.834: [GC (CMS Initial Mark) [1 CMS-initial-mark: 134137K(134144K)] 154205K(249344K), 0.0083186 secs] [Times: user=0.02 sys=0.00, real=0.01 secs] 
2023-01-17T04:35:03.935+0800: 313.843: [CMS-concurrent-mark-start]
2023-01-17T04:35:04.004+0800: 313.912: [CMS-concurrent-mark: 0.069/0.069 secs] [Times: user=0.15 sys=0.04, real=0.07 secs] 
2023-01-17T04:35:04.004+0800: 313.912: [CMS-concurrent-preclean-start]
2023-01-17T04:35:04.053+0800: 313.960: [CMS-concurrent-preclean: 0.049/0.049 secs] [Times: user=0.13 sys=0.04, real=0.05 secs] 
2023-01-17T04:35:04.053+0800: 313.961: [CMS-concurrent-abortable-preclean-start]
2023-01-17T04:35:04.053+0800: 313.961: [CMS-concurrent-abortable-preclean: 0.000/0.000 secs] [Times: user=0.00 sys=0.00, real=0.00 secs] 
2023-01-17T04:35:04.057+0800: 313.965: [GC (CMS Final Remark) [YG occupancy: 66349 K (115200 K)]2023-01-17T04:35:04.057+0800: 313.965: [Rescan (parallel) , 0.0159931 secs]2023-01-17T04:35:04.073+0800: 313.981: [weak refs processing, 0.0000409 secs]2023-01-17T04:35:04.073+0800: 313.981: [class unloading, 0.0128284 secs]2023-01-17T04:35:04.086+0800: 313.994: [scrub symbol table, 0.0050567 secs]2023-01-17T04:35:04.091+0800: 313.999: [scrub string table, 0.0008968 secs][1 CMS-remark: 134137K(134144K)] 200487K(249344K), 0.0349643 secs] [Times: user=0.08 sys=0.00, real=0.04 secs] 
2023-01-17T04:35:04.093+0800: 314.001: [CMS-concurrent-sweep-start]
2023-01-17T04:35:04.110+0800: 314.018: [CMS-concurrent-sweep: 0.017/0.017 secs] [Times: user=0.05 sys=0.01, real=0.02 secs] 
2023-01-17T04:35:04.110+0800: 314.018: [CMS-concurrent-reset-start]
2023-01-17T04:35:04.110+0800: 314.018: [CMS-concurrent-reset: 0.000/0.000 secs] [Times: user=0.00 sys=0.00, real=0.00 secs] 
{Heap before GC invocations=438 (full 610):
 par new generation   total 115200K, used 115200K [0x00000000f0000000, 0x00000000f7d00000, 0x00000000f7d00000)
  eden space 102400K, 100% used [0x00000000f0000000, 0x00000000f6400000, 0x00000000f6400000)
  from space 12800K, 100% used [0x00000000f7080000, 0x00000000f7d00000, 0x00000000f7d00000)
  to   space 12800K,   0% used [0x00000000f6400000, 0x00000000f6400000, 0x00000000f7080000)
 concurrent mark-sweep generation total 134144K, used 134137K [0x00000000f7d00000, 0x0000000100000000, 0x0000000100000000)
 Metaspace       used 52050K, capacity 54894K, committed 55936K, reserved 1097728K
  class space    used 6335K, capacity 6835K, committed 7040K, reserved 1048576K
2023-01-17T04:35:04.214+0800: 314.121: [GC (Allocation Failure) 2023-01-17T04:35:04.214+0800: 314.122: [ParNew: 115200K->115200K(115200K), 0.0000272 secs]2023-01-17T04:35:04.214+0800: 314.122: [CMS: 134137K->134143K(134144K), 0.2152633 secs] 249337K->153942K(249344K), [Metaspace: 52050K->52050K(1097728K)], 0.2157273 secs] [Times: user=0.22 sys=0.00, real=0.21 secs] 
Heap after GC invocations=439 (full 611):
 par new generation   total 115200K, used 19798K [0x00000000f0000000, 0x00000000f7d00000, 0x00000000f7d00000)
  eden space 102400K,  19% used [0x00000000f0000000, 0x00000000f1355a10, 0x00000000f6400000)
  from space 12800K,   0% used [0x00000000f7080000, 0x00000000f7080000, 0x00000000f7d00000)
  to   space 12800K,   0% used [0x00000000f6400000, 0x00000000f6400000, 0x00000000f7080000)
 concurrent mark-sweep generation total 134144K, used 134143K [0x00000000f7d00000, 0x0000000100000000, 0x0000000100000000)
 Metaspace       used 52050K, capacity 54894K, committed 55936K, reserved 1097728K
  class space    used 6335K, capacity 6835K, committed 7040K, reserved 1048576K
}
2023-01-17T04:35:04.436+0800: 314.344: [GC (CMS Initial Mark) [1 CMS-initial-mark: 134143K(134144K)] 154341K(249344K), 0.0067124 secs] [Times: user=0.02 sys=0.00, real=0.01 secs] 
2023-01-17T04:35:04.443+0800: 314.351: [CMS-concurrent-mark-start]
2023-01-17T04:35:04.560+0800: 314.468: [CMS-concurrent-mark: 0.117/0.117 secs] [Times: user=0.26 sys=0.07, real=0.12 secs] 
2023-01-17T04:35:04.560+0800: 314.468: [CMS-concurrent-preclean-start]
2023-01-17T04:35:04.590+0800: 314.498: [CMS-concurrent-preclean: 0.030/0.030 secs] [Times: user=0.03 sys=0.00, real=0.03 secs] 
2023-01-17T04:35:04.590+0800: 314.498: [CMS-concurrent-abortable-preclean-start]
2023-01-17T04:35:04.590+0800: 314.498: [CMS-concurrent-abortable-preclean: 0.000/0.000 secs] [Times: user=0.00 sys=0.00, real=0.00 secs] 
2023-01-17T04:35:04.594+0800: 314.502: [GC (CMS Final Remark) [YG occupancy: 75206 K (115200 K)]2023-01-17T04:35:04.594+0800: 314.502: [Rescan (parallel) , 0.0232181 secs]2023-01-17T04:35:04.617+0800: 314.525: [weak refs processing, 0.0000404 secs]2023-01-17T04:35:04.617+0800: 314.525: [class unloading, 0.0131810 secs]2023-01-17T04:35:04.631+0800: 314.538: [scrub symbol table, 0.0051805 secs]2023-01-17T04:35:04.636+0800: 314.544: [scrub string table, 0.0009244 secs][1 CMS-remark: 134143K(134144K)] 209350K(249344K), 0.0427029 secs] [Times: user=0.08 sys=0.00, real=0.04 secs] 
2023-01-17T04:35:04.637+0800: 314.545: [CMS-concurrent-sweep-start]
2023-01-17T04:35:04.665+0800: 314.573: [CMS-concurrent-sweep: 0.028/0.028 secs] [Times: user=0.06 sys=0.02, real=0.03 secs] 
2023-01-17T04:35:04.674+0800: 314.582: [CMS-concurrent-reset-start]
2023-01-17T04:35:04.674+0800: 314.582: [CMS-concurrent-reset: 0.000/0.000 secs] [Times: user=0.00 sys=0.00, real=0.00 secs] 
{Heap before GC invocations=439 (full 612):
 par new generation   total 115200K, used 115200K [0x00000000f0000000, 0x00000000f7d00000, 0x00000000f7d00000)
  eden space 102400K, 100% used [0x00000000f0000000, 0x00000000f6400000, 0x00000000f6400000)
  from space 12800K, 100% used [0x00000000f7080000, 0x00000000f7d00000, 0x00000000f7d00000)
  to   space 12800K,   0% used [0x00000000f6400000, 0x00000000f6400000, 0x00000000f7080000)
 concurrent mark-sweep generation total 134144K, used 134143K [0x00000000f7d00000, 0x0000000100000000, 0x0000000100000000)
 Metaspace       used 52050K, capacity 54894K, committed 55936K, reserved 1097728K
  class space    used 6335K, capacity 6835K, committed 7040K, reserved 1048576K
2023-01-17T04:35:04.778+0800: 314.686: [GC (Allocation Failure) 2023-01-17T04:35:04.778+0800: 314.686: [ParNew: 115200K->115200K(115200K), 0.0000327 secs]2023-01-17T04:35:04.779+0800: 314.686: [CMS: 134143K->134143K(134144K), 0.1911740 secs] 249343K->153710K(249344K), [Metaspace: 52050K->52050K(1097728K)], 0.1915623 secs] [Times: user=0.19 sys=0.00, real=0.20 secs] 
Heap after GC invocations=440 (full 613):
 par new generation   total 115200K, used 19566K [0x00000000f0000000, 0x00000000f7d00000, 0x00000000f7d00000)
  eden space 102400K,  19% used [0x00000000f0000000, 0x00000000f131b9b0, 0x00000000f6400000)
  from space 12800K,   0% used [0x00000000f7080000, 0x00000000f7080000, 0x00000000f7d00000)
  to   space 12800K,   0% used [0x00000000f6400000, 0x00000000f6400000, 0x00000000f7080000)
 concurrent mark-sweep generation total 134144K, used 134143K [0x00000000f7d00000, 0x0000000100000000, 0x0000000100000000)
 Metaspace       used 52050K, capacity 54894K, committed 55936K, reserved 1097728K
  class space    used 6335K, capacity 6835K, committed 7040K, reserved 1048576K
}
2023-01-17T04:35:04.976+0800: 314.884: [GC (CMS Initial Mark) [1 CMS-initial-mark: 134143K(134144K)] 155709K(249344K), 0.0068807 secs] [Times: user=0.02 sys=0.00, real=0.01 secs] 
2023-01-17T04:35:04.983+0800: 314.891: [CMS-concurrent-mark-start]
2023-01-17T04:35:05.060+0800: 314.968: [CMS-concurrent-mark: 0.077/0.077 secs] [Times: user=0.23 sys=0.04, real=0.08 secs] 
2023-01-17T04:35:05.060+0800: 314.968: [CMS-concurrent-preclean-start]
2023-01-17T04:35:05.107+0800: 315.015: [CMS-concurrent-preclean: 0.047/0.047 secs] [Times: user=0.08 sys=0.01, real=0.04 secs] 
2023-01-17T04:35:05.107+0800: 315.015: [CMS-concurrent-abortable-preclean-start]
2023-01-17T04:35:05.107+0800: 315.015: [CMS-concurrent-abortable-preclean: 0.000/0.000 secs] [Times: user=0.00 sys=0.00, real=0.00 secs] 
2023-01-17T04:35:05.111+0800: 315.019: [GC (CMS Final Remark) [YG occupancy: 86798 K (115200 K)]2023-01-17T04:35:05.111+0800: 315.019: [Rescan (parallel) , 0.0223771 secs]2023-01-17T04:35:05.134+0800: 315.041: [weak refs processing, 0.0000440 secs]2023-01-17T04:35:05.134+0800: 315.041: [class unloading, 0.0130605 secs]2023-01-17T04:35:05.147+0800: 315.054: [scrub symbol table, 0.0048623 secs]2023-01-17T04:35:05.152+0800: 315.059: [scrub string table, 0.0009076 secs][1 CMS-remark: 134143K(134144K)] 220941K(249344K), 0.0414261 secs] [Times: user=0.10 sys=0.00, real=0.04 secs] 
2023-01-17T04:35:05.153+0800: 315.061: [CMS-concurrent-sweep-start]
2023-01-17T04:35:05.180+0800: 315.088: [CMS-concurrent-sweep: 0.028/0.028 secs] [Times: user=0.06 sys=0.01, real=0.03 secs] 
2023-01-17T04:35:05.181+0800: 315.088: [CMS-concurrent-reset-start]
2023-01-17T04:35:05.181+0800: 315.089: [CMS-concurrent-reset: 0.000/0.000 secs] [Times: user=0.00 sys=0.00, real=0.00 secs] 
{Heap before GC invocations=440 (full 614):
 par new generation   total 115200K, used 115200K [0x00000000f0000000, 0x00000000f7d00000, 0x00000000f7d00000)
  eden space 102400K, 100% used [0x00000000f0000000, 0x00000000f6400000, 0x00000000f6400000)
  from space 12800K, 100% used [0x00000000f7080000, 0x00000000f7d00000, 0x00000000f7d00000)
  to   space 12800K,   0% used [0x00000000f6400000, 0x00000000f6400000, 0x00000000f7080000)
 concurrent mark-sweep generation total 134144K, used 134143K [0x00000000f7d00000, 0x0000000100000000, 0x0000000100000000)
 Metaspace       used 52050K, capacity 54894K, committed 55936K, reserved 1097728K
  class space    used 6335K, capacity 6835K, committed 7040K, reserved 1048576K
2023-01-17T04:35:05.276+0800: 315.184: [GC (Allocation Failure) 2023-01-17T04:35:05.277+0800: 315.184: [ParNew: 115200K->115200K(115200K), 0.0000275 secs]2023-01-17T04:35:05.277+0800: 315.184: [CMS: 134143K->134143K(134144K), 0.1877603 secs] 249343K->153965K(249344K), [Metaspace: 52050K->52050K(1097728K)], 0.1881645 secs] [Times: user=0.19 sys=0.00, real=0.19 secs] 
Heap after GC invocations=441 (full 615):
 par new generation   total 115200K, used 19821K [0x00000000f0000000, 0x00000000f7d00000, 0x00000000f7d00000)
  eden space 102400K,  19% used [0x00000000f0000000, 0x00000000f135b4f0, 0x00000000f6400000)
  from space 12800K,   0% used [0x00000000f7080000, 0x00000000f7080000, 0x00000000f7d00000)
  to   space 12800K,   0% used [0x00000000f6400000, 0x00000000f6400000, 0x00000000f7080000)
 concurrent mark-sweep generation total 134144K, used 134143K [0x00000000f7d00000, 0x0000000100000000, 0x0000000100000000)
 Metaspace       used 52050K, capacity 54894K, committed 55936K, reserved 1097728K
  class space    used 6335K, capacity 6835K, committed 7040K, reserved 1048576K
}
2023-01-17T04:35:05.469+0800: 315.377: [GC (CMS Initial Mark) [1 CMS-initial-mark: 134143K(134144K)] 154111K(249344K), 0.0060053 secs] [Times: user=0.02 sys=0.00, real=0.01 secs] 
2023-01-17T04:35:05.475+0800: 315.383: [CMS-concurrent-mark-start]
2023-01-17T04:35:05.522+0800: 315.430: [CMS-concurrent-mark: 0.047/0.047 secs] [Times: user=0.07 sys=0.00, real=0.05 secs] 
2023-01-17T04:35:05.522+0800: 315.430: [CMS-concurrent-preclean-start]
2023-01-17T04:35:05.564+0800: 315.471: [CMS-concurrent-preclean: 0.041/0.041 secs] [Times: user=0.13 sys=0.02, real=0.04 secs] 
2023-01-17T04:35:05.564+0800: 315.472: [CMS-concurrent-abortable-preclean-start]
2023-01-17T04:35:05.564+0800: 315.472: [CMS-concurrent-abortable-preclean: 0.000/0.000 secs] [Times: user=0.00 sys=0.00, real=0.00 secs] 
2023-01-17T04:35:05.567+0800: 315.475: [GC (CMS Final Remark) [YG occupancy: 55059 K (115200 K)]2023-01-17T04:35:05.568+0800: 315.475: [Rescan (parallel) , 0.0193256 secs]2023-01-17T04:35:05.587+0800: 315.495: [weak refs processing, 0.0000534 secs]2023-01-17T04:35:05.587+0800: 315.495: [class unloading, 0.0129925 secs]2023-01-17T04:35:05.600+0800: 315.508: [scrub symbol table, 0.0049992 secs]2023-01-17T04:35:05.605+0800: 315.513: [scrub string table, 0.0008861 secs][1 CMS-remark: 134143K(134144K)] 189203K(249344K), 0.0384073 secs] [Times: user=0.08 sys=0.00, real=0.04 secs] 
2023-01-17T04:35:05.606+0800: 315.514: [CMS-concurrent-sweep-start]
2023-01-17T04:35:05.621+0800: 315.529: [CMS-concurrent-sweep: 0.015/0.015 secs] [Times: user=0.02 sys=0.00, real=0.02 secs] 
2023-01-17T04:35:05.621+0800: 315.529: [CMS-concurrent-reset-start]
2023-01-17T04:35:05.621+0800: 315.529: [CMS-concurrent-reset: 0.000/0.000 secs] [Times: user=0.01 sys=0.00, real=0.00 secs] 
{Heap before GC invocations=441 (full 616):
 par new generation   total 115200K, used 115199K [0x00000000f0000000, 0x00000000f7d00000, 0x00000000f7d00000)
  eden space 102400K, 100% used [0x00000000f0000000, 0x00000000f6400000, 0x00000000f6400000)
  from space 12800K,  99% used [0x00000000f7080000, 0x00000000f7cffff8, 0x00000000f7d00000)
  to   space 12800K,   0% used [0x00000000f6400000, 0x00000000f6400000, 0x00000000f7080000)
 concurrent mark-sweep generation total 134144K, used 134143K [0x00000000f7d00000, 0x0000000100000000, 0x0000000100000000)
 Metaspace       used 52050K, capacity 54894K, committed 55936K, reserved 1097728K
  class space    used 6335K, capacity 6835K, committed 7040K, reserved 1048576K
2023-01-17T04:35:05.763+0800: 315.671: [GC (Allocation Failure) 2023-01-17T04:35:05.763+0800: 315.671: [ParNew: 115199K->115199K(115200K), 0.0000261 secs]2023-01-17T04:35:05.763+0800: 315.671: [CMS: 134143K->134143K(134144K), 0.1917970 secs] 249343K->153660K(249344K), [Metaspace: 52050K->52050K(1097728K)], 0.1921622 secs] [Times: user=0.19 sys=0.00, real=0.19 secs] 
Heap after GC invocations=442 (full 617):
 par new generation   total 115200K, used 19516K [0x00000000f0000000, 0x00000000f7d00000, 0x00000000f7d00000)
  eden space 102400K,  19% used [0x00000000f0000000, 0x00000000f130f3c0, 0x00000000f6400000)
  from space 12800K,   0% used [0x00000000f7080000, 0x00000000f7080000, 0x00000000f7d00000)
  to   space 12800K,   0% used [0x00000000f6400000, 0x00000000f6400000, 0x00000000f7080000)
 concurrent mark-sweep generation total 134144K, used 134143K [0x00000000f7d00000, 0x0000000100000000, 0x0000000100000000)
 Metaspace       used 52050K, capacity 54894K, committed 55936K, reserved 1097728K
  class space    used 6335K, capacity 6835K, committed 7040K, reserved 1048576K
}
2023-01-17T04:35:05.960+0800: 315.868: [GC (CMS Initial Mark) [1 CMS-initial-mark: 134143K(134144K)] 154600K(249344K), 0.0065182 secs] [Times: user=0.02 sys=0.00, real=0.00 secs] 
2023-01-17T04:35:05.967+0800: 315.875: [CMS-concurrent-mark-start]
2023-01-17T04:35:06.021+0800: 315.928: [CMS-concurrent-mark: 0.054/0.054 secs] [Times: user=0.11 sys=0.01, real=0.06 secs] 
2023-01-17T04:35:06.021+0800: 315.929: [CMS-concurrent-preclean-start]
2023-01-17T04:35:06.061+0800: 315.969: [CMS-concurrent-preclean: 0.040/0.040 secs] [Times: user=0.10 sys=0.02, real=0.04 secs] 
2023-01-17T04:35:06.061+0800: 315.969: [CMS-concurrent-abortable-preclean-start]
2023-01-17T04:35:06.061+0800: 315.969: [CMS-concurrent-abortable-preclean: 0.000/0.000 secs] [Times: user=0.00 sys=0.00, real=0.00 secs] 
2023-01-17T04:35:06.065+0800: 315.972: [GC (CMS Final Remark) [YG occupancy: 57515 K (115200 K)]2023-01-17T04:35:06.065+0800: 315.973: [Rescan (parallel) , 0.0143704 secs]2023-01-17T04:35:06.079+0800: 315.987: [weak refs processing, 0.0000482 secs]2023-01-17T04:35:06.079+0800: 315.987: [class unloading, 0.0134879 secs]2023-01-17T04:35:06.093+0800: 316.001: [scrub symbol table, 0.0048632 secs]2023-01-17T04:35:06.098+0800: 316.005: [scrub string table, 0.0009101 secs][1 CMS-remark: 134143K(134144K)] 191659K(249344K), 0.0338627 secs] [Times: user=0.07 sys=0.00, real=0.03 secs] 
2023-01-17T04:35:06.099+0800: 316.007: [CMS-concurrent-sweep-start]
2023-01-17T04:35:06.112+0800: 316.020: [CMS-concurrent-sweep: 0.014/0.014 secs] [Times: user=0.01 sys=0.00, real=0.02 secs] 
2023-01-17T04:35:06.113+0800: 316.020: [CMS-concurrent-reset-start]
2023-01-17T04:35:06.113+0800: 316.021: [CMS-concurrent-reset: 0.000/0.000 secs] [Times: user=0.00 sys=0.00, real=0.00 secs] 
{Heap before GC invocations=442 (full 618):
 par new generation   total 115200K, used 115200K [0x00000000f0000000, 0x00000000f7d00000, 0x00000000f7d00000)
  eden space 102400K, 100% used [0x00000000f0000000, 0x00000000f6400000, 0x00000000f6400000)
  from space 12800K, 100% used [0x00000000f7080000, 0x00000000f7d00000, 0x00000000f7d00000)
  to   space 12800K,   0% used [0x00000000f6400000, 0x00000000f6400000, 0x00000000f7080000)
 concurrent mark-sweep generation total 134144K, used 134143K [0x00000000f7d00000, 0x0000000100000000, 0x0000000100000000)
 Metaspace       used 52050K, capacity 54894K, committed 55936K, reserved 1097728K
  class space    used 6335K, capacity 6835K, committed 7040K, reserved 1048576K
2023-01-17T04:35:06.479+0800: 316.387: [GC (Allocation Failure) 2023-01-17T04:35:06.480+0800: 316.388: [ParNew: 115200K->115200K(115200K), 0.0000338 secs]2023-01-17T04:35:06.480+0800: 316.388: [CMS: 134143K->134143K(134144K), 0.2373840 secs] 249343K->153958K(249344K), [Metaspace: 52050K->52050K(1097728K)], 0.2378573 secs] [Times: user=0.24 sys=0.01, real=0.24 secs] 
Heap after GC invocations=443 (full 619):
 par new generation   total 115200K, used 19814K [0x00000000f0000000, 0x00000000f7d00000, 0x00000000f7d00000)
  eden space 102400K,  19% used [0x00000000f0000000, 0x00000000f1359ad0, 0x00000000f6400000)
  from space 12800K,   0% used [0x00000000f7080000, 0x00000000f7080000, 0x00000000f7d00000)
  to   space 12800K,   0% used [0x00000000f6400000, 0x00000000f6400000, 0x00000000f7080000)
 concurrent mark-sweep generation total 134144K, used 134143K [0x00000000f7d00000, 0x0000000100000000, 0x0000000100000000)
 Metaspace       used 52050K, capacity 54894K, committed 55936K, reserved 1097728K
  class space    used 6335K, capacity 6835K, committed 7040K, reserved 1048576K
}
2023-01-17T04:35:06.722+0800: 316.630: [GC (CMS Initial Mark) [1 CMS-initial-mark: 134143K(134144K)] 154530K(249344K), 0.0061791 secs] [Times: user=0.02 sys=0.00, real=0.00 secs] 
2023-01-17T04:35:06.728+0800: 316.636: [CMS-concurrent-mark-start]
2023-01-17T04:35:06.798+0800: 316.706: [CMS-concurrent-mark: 0.069/0.069 secs] [Times: user=0.19 sys=0.03, real=0.07 secs] 
2023-01-17T04:35:06.798+0800: 316.706: [CMS-concurrent-preclean-start]
2023-01-17T04:35:06.835+0800: 316.743: [CMS-concurrent-preclean: 0.037/0.037 secs] [Times: user=0.07 sys=0.01, real=0.04 secs] 
2023-01-17T04:35:06.835+0800: 316.743: [CMS-concurrent-abortable-preclean-start]
2023-01-17T04:35:06.835+0800: 316.743: [CMS-concurrent-abortable-preclean: 0.000/0.000 secs] [Times: user=0.00 sys=0.00, real=0.00 secs] 
2023-01-17T04:35:06.839+0800: 316.747: [GC (CMS Final Remark) [YG occupancy: 67244 K (115200 K)]2023-01-17T04:35:06.839+0800: 316.747: [Rescan (parallel) , 0.0164701 secs]2023-01-17T04:35:06.856+0800: 316.764: [weak refs processing, 0.0000456 secs]2023-01-17T04:35:06.856+0800: 316.764: [class unloading, 0.0131410 secs]2023-01-17T04:35:06.869+0800: 316.777: [scrub symbol table, 0.0049851 secs]2023-01-17T04:35:06.874+0800: 316.782: [scrub string table, 0.0009110 secs][1 CMS-remark: 134143K(134144K)] 201388K(249344K), 0.0356994 secs] [Times: user=0.09 sys=0.00, real=0.04 secs] 
2023-01-17T04:35:06.875+0800: 316.783: [CMS-concurrent-sweep-start]
2023-01-17T04:35:06.892+0800: 316.800: [CMS-concurrent-sweep: 0.017/0.017 secs] [Times: user=0.04 sys=0.00, real=0.02 secs] 
2023-01-17T04:35:06.892+0800: 316.800: [CMS-concurrent-reset-start]
2023-01-17T04:35:06.892+0800: 316.800: [CMS-concurrent-reset: 0.000/0.000 secs] [Times: user=0.00 sys=0.00, real=0.00 secs] 
{Heap before GC invocations=443 (full 620):
 par new generation   total 115200K, used 115200K [0x00000000f0000000, 0x00000000f7d00000, 0x00000000f7d00000)
  eden space 102400K, 100% used [0x00000000f0000000, 0x00000000f6400000, 0x00000000f6400000)
  from space 12800K, 100% used [0x00000000f7080000, 0x00000000f7d00000, 0x00000000f7d00000)
  to   space 12800K,   0% used [0x00000000f6400000, 0x00000000f6400000, 0x00000000f7080000)
 concurrent mark-sweep generation total 134144K, used 134143K [0x00000000f7d00000, 0x0000000100000000, 0x0000000100000000)
 Metaspace       used 52050K, capacity 54894K, committed 55936K, reserved 1097728K
  class space    used 6335K, capacity 6835K, committed 7040K, reserved 1048576K
2023-01-17T04:35:07.002+0800: 316.910: [GC (Allocation Failure) 2023-01-17T04:35:07.002+0800: 316.910: [ParNew: 115200K->115200K(115200K), 0.0000351 secs]2023-01-17T04:35:07.003+0800: 316.910: [CMS: 134143K->134141K(134144K), 0.2070918 secs] 249343K->153630K(249344K), [Metaspace: 52050K->52050K(1097728K)], 0.2074893 secs] [Times: user=0.21 sys=0.00, real=0.21 secs] 
Heap after GC invocations=444 (full 621):
 par new generation   total 115200K, used 19489K [0x00000000f0000000, 0x00000000f7d00000, 0x00000000f7d00000)
  eden space 102400K,  19% used [0x00000000f0000000, 0x00000000f1308448, 0x00000000f6400000)
  from space 12800K,   0% used [0x00000000f7080000, 0x00000000f7080000, 0x00000000f7d00000)
  to   space 12800K,   0% used [0x00000000f6400000, 0x00000000f6400000, 0x00000000f7080000)
 concurrent mark-sweep generation total 134144K, used 134141K [0x00000000f7d00000, 0x0000000100000000, 0x0000000100000000)
 Metaspace       used 52050K, capacity 54894K, committed 55936K, reserved 1097728K
  class space    used 6335K, capacity 6835K, committed 7040K, reserved 1048576K
}
2023-01-17T04:35:07.214+0800: 317.122: [GC (CMS Initial Mark) [1 CMS-initial-mark: 134141K(134144K)] 153793K(249344K), 0.0070327 secs] [Times: user=0.02 sys=0.00, real=0.01 secs] 
2023-01-17T04:35:07.222+0800: 317.129: [CMS-concurrent-mark-start]
2023-01-17T04:35:07.297+0800: 317.205: [CMS-concurrent-mark: 0.075/0.075 secs] [Times: user=0.12 sys=0.03, real=0.07 secs] 
2023-01-17T04:35:07.297+0800: 317.205: [CMS-concurrent-preclean-start]
2023-01-17T04:35:07.349+0800: 317.257: [CMS-concurrent-preclean: 0.052/0.052 secs] [Times: user=0.08 sys=0.00, real=0.05 secs] 
2023-01-17T04:35:07.349+0800: 317.257: [CMS-concurrent-abortable-preclean-start]
2023-01-17T04:35:07.349+0800: 317.257: [CMS-concurrent-abortable-preclean: 0.000/0.000 secs] [Times: user=0.00 sys=0.00, real=0.01 secs] 
2023-01-17T04:35:07.353+0800: 317.261: [GC (CMS Final Remark) [YG occupancy: 45730 K (115200 K)]2023-01-17T04:35:07.353+0800: 317.261: [Rescan (parallel) , 0.0136631 secs]2023-01-17T04:35:07.367+0800: 317.275: [weak refs processing, 0.0000417 secs]2023-01-17T04:35:07.367+0800: 317.275: [class unloading, 0.0128435 secs]2023-01-17T04:35:07.380+0800: 317.287: [scrub symbol table, 0.0048452 secs]2023-01-17T04:35:07.385+0800: 317.292: [scrub string table, 0.0008711 secs][1 CMS-remark: 134141K(134144K)] 179872K(249344K), 0.0324415 secs] [Times: user=0.06 sys=0.00, real=0.03 secs] 
2023-01-17T04:35:07.386+0800: 317.293: [CMS-concurrent-sweep-start]
2023-01-17T04:35:07.399+0800: 317.307: [CMS-concurrent-sweep: 0.013/0.013 secs] [Times: user=0.01 sys=0.00, real=0.01 secs] 
2023-01-17T04:35:07.399+0800: 317.307: [CMS-concurrent-reset-start]
2023-01-17T04:35:07.399+0800: 317.307: [CMS-concurrent-reset: 0.000/0.000 secs] [Times: user=0.00 sys=0.00, real=0.00 secs] 
{Heap before GC invocations=444 (full 622):
 par new generation   total 115200K, used 115200K [0x00000000f0000000, 0x00000000f7d00000, 0x00000000f7d00000)
  eden space 102400K, 100% used [0x00000000f0000000, 0x00000000f6400000, 0x00000000f6400000)
  from space 12800K, 100% used [0x00000000f7080000, 0x00000000f7d00000, 0x00000000f7d00000)
  to   space 12800K,   0% used [0x00000000f6400000, 0x00000000f6400000, 0x00000000f7080000)
 concurrent mark-sweep generation total 134144K, used 134141K [0x00000000f7d00000, 0x0000000100000000, 0x0000000100000000)
 Metaspace       used 52050K, capacity 54894K, committed 55936K, reserved 1097728K
  class space    used 6335K, capacity 6835K, committed 7040K, reserved 1048576K
2023-01-17T04:35:07.757+0800: 317.665: [GC (Allocation Failure) 2023-01-17T04:35:07.757+0800: 317.665: [ParNew: 115200K->115200K(115200K), 0.0000266 secs]2023-01-17T04:35:07.757+0800: 317.665: [CMS: 134141K->134141K(134144K), 0.2047775 secs] 249341K->153709K(249344K), [Metaspace: 52050K->52050K(1097728K)], 0.2051917 secs] [Times: user=0.21 sys=0.00, real=0.21 secs] 
Heap after GC invocations=445 (full 623):
 par new generation   total 115200K, used 19568K [0x00000000f0000000, 0x00000000f7d00000, 0x00000000f7d00000)
  eden space 102400K,  19% used [0x00000000f0000000, 0x00000000f131c168, 0x00000000f6400000)
  from space 12800K,   0% used [0x00000000f7080000, 0x00000000f7080000, 0x00000000f7d00000)
  to   space 12800K,   0% used [0x00000000f6400000, 0x00000000f6400000, 0x00000000f7080000)
 concurrent mark-sweep generation total 134144K, used 134141K [0x00000000f7d00000, 0x0000000100000000, 0x0000000100000000)
 Metaspace       used 52050K, capacity 54894K, committed 55936K, reserved 1097728K
  class space    used 6335K, capacity 6835K, committed 7040K, reserved 1048576K
}
2023-01-17T04:35:07.967+0800: 317.875: [GC (CMS Initial Mark) [1 CMS-initial-mark: 134141K(134144K)] 153995K(249344K), 0.0069368 secs] [Times: user=0.02 sys=0.00, real=0.01 secs] 
2023-01-17T04:35:07.975+0800: 317.883: [CMS-concurrent-mark-start]
2023-01-17T04:35:08.050+0800: 317.958: [CMS-concurrent-mark: 0.075/0.075 secs] [Times: user=0.18 sys=0.02, real=0.08 secs] 
2023-01-17T04:35:08.050+0800: 317.958: [CMS-concurrent-preclean-start]
2023-01-17T04:35:08.089+0800: 317.997: [CMS-concurrent-preclean: 0.038/0.038 secs] [Times: user=0.08 sys=0.01, real=0.03 secs] 
2023-01-17T04:35:08.089+0800: 317.997: [CMS-concurrent-abortable-preclean-start]
2023-01-17T04:35:08.089+0800: 317.997: [CMS-concurrent-abortable-preclean: 0.000/0.000 secs] [Times: user=0.00 sys=0.00, real=0.00 secs] 
2023-01-17T04:35:08.144+0800: 318.052: [GC (CMS Final Remark) [YG occupancy: 98219 K (115200 K)]2023-01-17T04:35:08.145+0800: 318.052: [Rescan (parallel) , 0.0343612 secs]2023-01-17T04:35:08.179+0800: 318.087: [weak refs processing, 0.0000475 secs]2023-01-17T04:35:08.179+0800: 318.087: [class unloading, 0.0136628 secs]2023-01-17T04:35:08.193+0800: 318.100: [scrub symbol table, 0.0049506 secs]2023-01-17T04:35:08.198+0800: 318.105: [scrub string table, 0.0009057 secs][1 CMS-remark: 134141K(134144K)] 232360K(249344K), 0.0541244 secs] [Times: user=0.12 sys=0.00, real=0.05 secs] 
2023-01-17T04:35:08.199+0800: 318.107: [CMS-concurrent-sweep-start]
2023-01-17T04:35:08.218+0800: 318.125: [CMS-concurrent-sweep: 0.018/0.018 secs] [Times: user=0.05 sys=0.00, real=0.02 secs] 
2023-01-17T04:35:08.218+0800: 318.126: [CMS-concurrent-reset-start]
2023-01-17T04:35:08.218+0800: 318.126: [CMS-concurrent-reset: 0.000/0.000 secs] [Times: user=0.00 sys=0.00, real=0.00 secs] 
{Heap before GC invocations=445 (full 624):
 par new generation   total 115200K, used 115199K [0x00000000f0000000, 0x00000000f7d00000, 0x00000000f7d00000)
  eden space 102400K, 100% used [0x00000000f0000000, 0x00000000f6400000, 0x00000000f6400000)
  from space 12800K,  99% used [0x00000000f7080000, 0x00000000f7cffff8, 0x00000000f7d00000)
  to   space 12800K,   0% used [0x00000000f6400000, 0x00000000f6400000, 0x00000000f7080000)
 concurrent mark-sweep generation total 134144K, used 134140K [0x00000000f7d00000, 0x0000000100000000, 0x0000000100000000)
 Metaspace       used 52050K, capacity 54894K, committed 55936K, reserved 1097728K
  class space    used 6335K, capacity 6835K, committed 7040K, reserved 1048576K
2023-01-17T04:35:08.284+0800: 318.192: [GC (Allocation Failure) 2023-01-17T04:35:08.284+0800: 318.192: [ParNew: 115199K->115199K(115200K), 0.0000259 secs]2023-01-17T04:35:08.284+0800: 318.192: [CMS: 134140K->134139K(134144K), 0.2018501 secs] 249340K->153818K(249344K), [Metaspace: 52050K->52050K(1097728K)], 0.2022051 secs] [Times: user=0.20 sys=0.00, real=0.20 secs] 
Heap after GC invocations=446 (full 625):
 par new generation   total 115200K, used 19679K [0x00000000f0000000, 0x00000000f7d00000, 0x00000000f7d00000)
  eden space 102400K,  19% used [0x00000000f0000000, 0x00000000f1337e10, 0x00000000f6400000)
  from space 12800K,   0% used [0x00000000f7080000, 0x00000000f7080000, 0x00000000f7d00000)
  to   space 12800K,   0% used [0x00000000f6400000, 0x00000000f6400000, 0x00000000f7080000)
 concurrent mark-sweep generation total 134144K, used 134139K [0x00000000f7d00000, 0x0000000100000000, 0x0000000100000000)
 Metaspace       used 52050K, capacity 54894K, committed 55936K, reserved 1097728K
  class space    used 6335K, capacity 6835K, committed 7040K, reserved 1048576K
}
2023-01-17T04:35:08.490+0800: 318.398: [GC (CMS Initial Mark) [1 CMS-initial-mark: 134139K(134144K)] 154009K(249344K), 0.0057677 secs] [Times: user=0.02 sys=0.00, real=0.00 secs] 
2023-01-17T04:35:08.496+0800: 318.404: [CMS-concurrent-mark-start]
2023-01-17T04:35:08.548+0800: 318.456: [CMS-concurrent-mark: 0.052/0.052 secs] [Times: user=0.09 sys=0.01, real=0.05 secs] 
2023-01-17T04:35:08.549+0800: 318.456: [CMS-concurrent-preclean-start]
2023-01-17T04:35:08.585+0800: 318.493: [CMS-concurrent-preclean: 0.037/0.037 secs] [Times: user=0.08 sys=0.01, real=0.04 secs] 
2023-01-17T04:35:08.585+0800: 318.493: [CMS-concurrent-abortable-preclean-start]
2023-01-17T04:35:08.585+0800: 318.493: [CMS-concurrent-abortable-preclean: 0.000/0.000 secs] [Times: user=0.00 sys=0.00, real=0.00 secs] 
2023-01-17T04:35:08.589+0800: 318.497: [GC (CMS Final Remark) [YG occupancy: 43003 K (115200 K)]2023-01-17T04:35:08.589+0800: 318.497: [Rescan (parallel) , 0.0104549 secs]2023-01-17T04:35:08.599+0800: 318.507: [weak refs processing, 0.0000396 secs]2023-01-17T04:35:08.599+0800: 318.507: [class unloading, 0.0127416 secs]2023-01-17T04:35:08.612+0800: 318.520: [scrub symbol table, 0.0049687 secs]2023-01-17T04:35:08.617+0800: 318.525: [scrub string table, 0.0008763 secs][1 CMS-remark: 134139K(134144K)] 177142K(249344K), 0.0292132 secs] [Times: user=0.06 sys=0.00, real=0.03 secs] 
2023-01-17T04:35:08.618+0800: 318.526: [CMS-concurrent-sweep-start]
2023-01-17T04:35:08.645+0800: 318.553: [CMS-concurrent-sweep: 0.027/0.027 secs] [Times: user=0.09 sys=0.01, real=0.03 secs] 
2023-01-17T04:35:08.645+0800: 318.553: [CMS-concurrent-reset-start]
2023-01-17T04:35:08.646+0800: 318.553: [CMS-concurrent-reset: 0.000/0.000 secs] [Times: user=0.00 sys=0.00, real=0.00 secs] 
{Heap before GC invocations=446 (full 626):
 par new generation   total 115200K, used 115199K [0x00000000f0000000, 0x00000000f7d00000, 0x00000000f7d00000)
  eden space 102400K, 100% used [0x00000000f0000000, 0x00000000f6400000, 0x00000000f6400000)
  from space 12800K,  99% used [0x00000000f7080000, 0x00000000f7cffff8, 0x00000000f7d00000)
  to   space 12800K,   0% used [0x00000000f6400000, 0x00000000f6400000, 0x00000000f7080000)
 concurrent mark-sweep generation total 134144K, used 134139K [0x00000000f7d00000, 0x0000000100000000, 0x0000000100000000)
 Metaspace       used 52050K, capacity 54894K, committed 55936K, reserved 1097728K
  class space    used 6335K, capacity 6835K, committed 7040K, reserved 1048576K
2023-01-17T04:35:08.823+0800: 318.731: [GC (Allocation Failure) 2023-01-17T04:35:08.823+0800: 318.731: [ParNew: 115199K->115199K(115200K), 0.0000267 secs]2023-01-17T04:35:08.823+0800: 318.731: [CMS: 134139K->134139K(134144K), 0.1911533 secs] 249339K->153867K(249344K), [Metaspace: 52050K->52050K(1097728K)], 0.1915442 secs] [Times: user=0.20 sys=0.00, real=0.19 secs] 
Heap after GC invocations=447 (full 627):
 par new generation   total 115200K, used 19728K [0x00000000f0000000, 0x00000000f7d00000, 0x00000000f7d00000)
  eden space 102400K,  19% used [0x00000000f0000000, 0x00000000f1344050, 0x00000000f6400000)
  from space 12800K,   0% used [0x00000000f7080000, 0x00000000f7080000, 0x00000000f7d00000)
  to   space 12800K,   0% used [0x00000000f6400000, 0x00000000f6400000, 0x00000000f7080000)
 concurrent mark-sweep generation total 134144K, used 134139K [0x00000000f7d00000, 0x0000000100000000, 0x0000000100000000)
 Metaspace       used 52050K, capacity 54894K, committed 55936K, reserved 1097728K
  class space    used 6335K, capacity 6835K, committed 7040K, reserved 1048576K
}
2023-01-17T04:35:09.019+0800: 318.927: [GC (CMS Initial Mark) [1 CMS-initial-mark: 134139K(134144K)] 153966K(249344K), 0.0092989 secs] [Times: user=0.02 sys=0.00, real=0.01 secs] 
2023-01-17T04:35:09.029+0800: 318.936: [CMS-concurrent-mark-start]
2023-01-17T04:35:09.099+0800: 319.006: [CMS-concurrent-mark: 0.070/0.070 secs] [Times: user=0.15 sys=0.02, real=0.07 secs] 
2023-01-17T04:35:09.099+0800: 319.007: [CMS-concurrent-preclean-start]
2023-01-17T04:35:09.138+0800: 319.045: [CMS-concurrent-preclean: 0.039/0.039 secs] [Times: user=0.08 sys=0.01, real=0.04 secs] 
2023-01-17T04:35:09.138+0800: 319.046: [CMS-concurrent-abortable-preclean-start]
2023-01-17T04:35:09.138+0800: 319.046: [CMS-concurrent-abortable-preclean: 0.000/0.000 secs] [Times: user=0.00 sys=0.00, real=0.00 secs] 
2023-01-17T04:35:09.141+0800: 319.049: [GC (CMS Final Remark) [YG occupancy: 54920 K (115200 K)]2023-01-17T04:35:09.141+0800: 319.049: [Rescan (parallel) , 0.0192081 secs]2023-01-17T04:35:09.161+0800: 319.068: [weak refs processing, 0.0000451 secs]2023-01-17T04:35:09.161+0800: 319.068: [class unloading, 0.0134797 secs]2023-01-17T04:35:09.174+0800: 319.082: [scrub symbol table, 0.0049937 secs]2023-01-17T04:35:09.179+0800: 319.087: [scrub string table, 0.0009612 secs][1 CMS-remark: 134139K(134144K)] 189059K(249344K), 0.0388504 secs] [Times: user=0.07 sys=0.00, real=0.04 secs] 
2023-01-17T04:35:09.181+0800: 319.089: [CMS-concurrent-sweep-start]
2023-01-17T04:35:09.201+0800: 319.109: [CMS-concurrent-sweep: 0.020/0.020 secs] [Times: user=0.05 sys=0.01, real=0.02 secs] 
2023-01-17T04:35:09.202+0800: 319.110: [CMS-concurrent-reset-start]
2023-01-17T04:35:09.202+0800: 319.110: [CMS-concurrent-reset: 0.000/0.000 secs] [Times: user=0.00 sys=0.00, real=0.00 secs] 
{Heap before GC invocations=447 (full 628):
 par new generation   total 115200K, used 115199K [0x00000000f0000000, 0x00000000f7d00000, 0x00000000f7d00000)
  eden space 102400K, 100% used [0x00000000f0000000, 0x00000000f6400000, 0x00000000f6400000)
  from space 12800K,  99% used [0x00000000f7080000, 0x00000000f7cffff8, 0x00000000f7d00000)
  to   space 12800K,   0% used [0x00000000f6400000, 0x00000000f6400000, 0x00000000f7080000)
 concurrent mark-sweep generation total 134144K, used 134139K [0x00000000f7d00000, 0x0000000100000000, 0x0000000100000000)
 Metaspace       used 52050K, capacity 54894K, committed 55936K, reserved 1097728K
  class space    used 6335K, capacity 6835K, committed 7040K, reserved 1048576K
2023-01-17T04:35:09.324+0800: 319.232: [GC (Allocation Failure) 2023-01-17T04:35:09.325+0800: 319.232: [ParNew: 115199K->115199K(115200K), 0.0000267 secs]2023-01-17T04:35:09.325+0800: 319.233: [CMS: 134139K->134138K(134144K), 0.1955785 secs] 249339K->153754K(249344K), [Metaspace: 52050K->52050K(1097728K)], 0.1959504 secs] [Times: user=0.19 sys=0.00, real=0.20 secs] 
Heap after GC invocations=448 (full 629):
 par new generation   total 115200K, used 19616K [0x00000000f0000000, 0x00000000f7d00000, 0x00000000f7d00000)
  eden space 102400K,  19% used [0x00000000f0000000, 0x00000000f13280f8, 0x00000000f6400000)
  from space 12800K,   0% used [0x00000000f7080000, 0x00000000f7080000, 0x00000000f7d00000)
  to   space 12800K,   0% used [0x00000000f6400000, 0x00000000f6400000, 0x00000000f7080000)
 concurrent mark-sweep generation total 134144K, used 134138K [0x00000000f7d00000, 0x0000000100000000, 0x0000000100000000)
 Metaspace       used 52050K, capacity 54894K, committed 55936K, reserved 1097728K
  class space    used 6335K, capacity 6835K, committed 7040K, reserved 1048576K
}
2023-01-17T04:35:09.525+0800: 319.432: [GC (CMS Initial Mark) [1 CMS-initial-mark: 134138K(134144K)] 153885K(249344K), 0.0064143 secs] [Times: user=0.01 sys=0.00, real=0.01 secs] 
2023-01-17T04:35:09.531+0800: 319.439: [CMS-concurrent-mark-start]
2023-01-17T04:35:09.591+0800: 319.499: [CMS-concurrent-mark: 0.060/0.060 secs] [Times: user=0.17 sys=0.01, real=0.06 secs] 
2023-01-17T04:35:09.591+0800: 319.499: [CMS-concurrent-preclean-start]
2023-01-17T04:35:09.623+0800: 319.531: [CMS-concurrent-preclean: 0.032/0.032 secs] [Times: user=0.05 sys=0.01, real=0.03 secs] 
2023-01-17T04:35:09.623+0800: 319.531: [CMS-concurrent-abortable-preclean-start]
2023-01-17T04:35:09.623+0800: 319.531: [CMS-concurrent-abortable-preclean: 0.000/0.000 secs] [Times: user=0.00 sys=0.00, real=0.00 secs] 
2023-01-17T04:35:09.626+0800: 319.534: [GC (CMS Final Remark) [YG occupancy: 57375 K (115200 K)]2023-01-17T04:35:09.626+0800: 319.534: [Rescan (parallel) , 0.0273763 secs]2023-01-17T04:35:09.654+0800: 319.561: [weak refs processing, 0.0000496 secs]2023-01-17T04:35:09.654+0800: 319.562: [class unloading, 0.0181427 secs]2023-01-17T04:35:09.672+0800: 319.580: [scrub symbol table, 0.0077048 secs]2023-01-17T04:35:09.680+0800: 319.587: [scrub string table, 0.0013047 secs][1 CMS-remark: 134138K(134144K)] 191514K(249344K), 0.0547370 secs] [Times: user=0.12 sys=0.00, real=0.06 secs] 
2023-01-17T04:35:09.682+0800: 319.590: [CMS-concurrent-sweep-start]
2023-01-17T04:35:09.701+0800: 319.609: [CMS-concurrent-sweep: 0.019/0.019 secs] [Times: user=0.06 sys=0.00, real=0.02 secs] 
2023-01-17T04:35:09.701+0800: 319.609: [CMS-concurrent-reset-start]
2023-01-17T04:35:09.701+0800: 319.609: [CMS-concurrent-reset: 0.000/0.000 secs] [Times: user=0.00 sys=0.00, real=0.00 secs] 
{Heap before GC invocations=448 (full 630):
 par new generation   total 115200K, used 115199K [0x00000000f0000000, 0x00000000f7d00000, 0x00000000f7d00000)
  eden space 102400K, 100% used [0x00000000f0000000, 0x00000000f6400000, 0x00000000f6400000)
  from space 12800K,  99% used [0x00000000f7080000, 0x00000000f7cfffe8, 0x00000000f7d00000)
  to   space 12800K,   0% used [0x00000000f6400000, 0x00000000f6400000, 0x00000000f7080000)
 concurrent mark-sweep generation total 134144K, used 134138K [0x00000000f7d00000, 0x0000000100000000, 0x0000000100000000)
 Metaspace       used 52050K, capacity 54894K, committed 55936K, reserved 1097728K
  class space    used 6335K, capacity 6835K, committed 7040K, reserved 1048576K
2023-01-17T04:35:09.846+0800: 319.754: [GC (Allocation Failure) 2023-01-17T04:35:09.846+0800: 319.754: [ParNew: 115199K->115199K(115200K), 0.0000270 secs]2023-01-17T04:35:09.846+0800: 319.754: [CMS: 134138K->134138K(134144K), 0.1885900 secs] 249338K->153962K(249344K), [Metaspace: 52050K->52050K(1097728K)], 0.1889829 secs] [Times: user=0.18 sys=0.00, real=0.19 secs] 
Heap after GC invocations=449 (full 631):
 par new generation   total 115200K, used 19823K [0x00000000f0000000, 0x00000000f7d00000, 0x00000000f7d00000)
  eden space 102400K,  19% used [0x00000000f0000000, 0x00000000f135bef0, 0x00000000f6400000)
  from space 12800K,   0% used [0x00000000f7080000, 0x00000000f7080000, 0x00000000f7d00000)
  to   space 12800K,   0% used [0x00000000f6400000, 0x00000000f6400000, 0x00000000f7080000)
 concurrent mark-sweep generation total 134144K, used 134138K [0x00000000f7d00000, 0x0000000100000000, 0x0000000100000000)
 Metaspace       used 52050K, capacity 54894K, committed 55936K, reserved 1097728K
  class space    used 6335K, capacity 6835K, committed 7040K, reserved 1048576K
}
2023-01-17T04:35:10.040+0800: 319.948: [GC (CMS Initial Mark) [1 CMS-initial-mark: 134138K(134144K)] 154660K(249344K), 0.0067202 secs] [Times: user=0.02 sys=0.00, real=0.00 secs] 
2023-01-17T04:35:10.047+0800: 319.955: [CMS-concurrent-mark-start]
2023-01-17T04:35:10.129+0800: 320.037: [CMS-concurrent-mark: 0.082/0.082 secs] [Times: user=0.23 sys=0.05, real=0.08 secs] 
2023-01-17T04:35:10.129+0800: 320.037: [CMS-concurrent-preclean-start]
2023-01-17T04:35:10.158+0800: 320.066: [CMS-concurrent-preclean: 0.029/0.029 secs] [Times: user=0.03 sys=0.00, real=0.03 secs] 
2023-01-17T04:35:10.158+0800: 320.066: [CMS-concurrent-abortable-preclean-start]
2023-01-17T04:35:10.158+0800: 320.066: [CMS-concurrent-abortable-preclean: 0.000/0.000 secs] [Times: user=0.00 sys=0.00, real=0.00 secs] 
2023-01-17T04:35:10.161+0800: 320.069: [GC (CMS Final Remark) [YG occupancy: 69099 K (115200 K)]2023-01-17T04:35:10.161+0800: 320.069: [Rescan (parallel) , 0.0157830 secs]2023-01-17T04:35:10.177+0800: 320.085: [weak refs processing, 0.0000401 secs]2023-01-17T04:35:10.177+0800: 320.085: [class unloading, 0.0125474 secs]2023-01-17T04:35:10.190+0800: 320.098: [scrub symbol table, 0.0049151 secs]2023-01-17T04:35:10.195+0800: 320.102: [scrub string table, 0.0008680 secs][1 CMS-remark: 134138K(134144K)] 203238K(249344K), 0.0343026 secs] [Times: user=0.08 sys=0.00, real=0.03 secs] 
2023-01-17T04:35:10.196+0800: 320.104: [CMS-concurrent-sweep-start]
2023-01-17T04:35:10.218+0800: 320.126: [CMS-concurrent-sweep: 0.022/0.022 secs] [Times: user=0.07 sys=0.00, real=0.02 secs] 
2023-01-17T04:35:10.218+0800: 320.126: [CMS-concurrent-reset-start]
2023-01-17T04:35:10.219+0800: 320.126: [CMS-concurrent-reset: 0.001/0.001 secs] [Times: user=0.00 sys=0.00, real=0.00 secs] 
{Heap before GC invocations=449 (full 632):
 par new generation   total 115200K, used 115199K [0x00000000f0000000, 0x00000000f7d00000, 0x00000000f7d00000)
  eden space 102400K, 100% used [0x00000000f0000000, 0x00000000f6400000, 0x00000000f6400000)
  from space 12800K,  99% used [0x00000000f7080000, 0x00000000f7cffff8, 0x00000000f7d00000)
  to   space 12800K,   0% used [0x00000000f6400000, 0x00000000f6400000, 0x00000000f7080000)
 concurrent mark-sweep generation total 134144K, used 134138K [0x00000000f7d00000, 0x0000000100000000, 0x0000000100000000)
 Metaspace       used 52050K, capacity 54894K, committed 55936K, reserved 1097728K
  class space    used 6335K, capacity 6835K, committed 7040K, reserved 1048576K
2023-01-17T04:35:10.325+0800: 320.233: [GC (Allocation Failure) 2023-01-17T04:35:10.325+0800: 320.233: [ParNew: 115199K->115199K(115200K), 0.0000351 secs]2023-01-17T04:35:10.325+0800: 320.233: [CMS: 134138K->134138K(134144K), 0.2209339 secs] 249338K->153891K(249344K), [Metaspace: 52050K->52050K(1097728K)], 0.2214630 secs] [Times: user=0.22 sys=0.00, real=0.22 secs] 
Heap after GC invocations=450 (full 633):
 par new generation   total 115200K, used 19752K [0x00000000f0000000, 0x00000000f7d00000, 0x00000000f7d00000)
  eden space 102400K,  19% used [0x00000000f0000000, 0x00000000f134a280, 0x00000000f6400000)
  from space 12800K,   0% used [0x00000000f7080000, 0x00000000f7080000, 0x00000000f7d00000)
  to   space 12800K,   0% used [0x00000000f6400000, 0x00000000f6400000, 0x00000000f7080000)
 concurrent mark-sweep generation total 134144K, used 134138K [0x00000000f7d00000, 0x0000000100000000, 0x0000000100000000)
 Metaspace       used 52050K, capacity 54894K, committed 55936K, reserved 1097728K
  class space    used 6335K, capacity 6835K, committed 7040K, reserved 1048576K
}
2023-01-17T04:35:10.552+0800: 320.460: [GC (CMS Initial Mark) [1 CMS-initial-mark: 134138K(134144K)] 153975K(249344K), 0.0068097 secs] [Times: user=0.02 sys=0.00, real=0.00 secs] 
2023-01-17T04:35:10.559+0800: 320.467: [CMS-concurrent-mark-start]
2023-01-17T04:35:10.681+0800: 320.588: [CMS-concurrent-mark: 0.122/0.122 secs] [Times: user=0.26 sys=0.03, real=0.13 secs] 
2023-01-17T04:35:10.681+0800: 320.589: [CMS-concurrent-preclean-start]
2023-01-17T04:35:10.780+0800: 320.688: [CMS-concurrent-preclean: 0.099/0.099 secs] [Times: user=0.24 sys=0.03, real=0.10 secs] 
2023-01-17T04:35:10.780+0800: 320.688: [CMS-concurrent-abortable-preclean-start]
2023-01-17T04:35:10.780+0800: 320.688: [CMS-concurrent-abortable-preclean: 0.000/0.000 secs] [Times: user=0.00 sys=0.00, real=0.00 secs] 
2023-01-17T04:35:10.791+0800: 320.699: [GC (CMS Final Remark) [YG occupancy: 111076 K (115200 K)]2023-01-17T04:35:10.792+0800: 320.699: [Rescan (parallel) , 0.0381756 secs]2023-01-17T04:35:10.830+0800: 320.738: [weak refs processing, 0.0000451 secs]2023-01-17T04:35:10.830+0800: 320.738: [class unloading, 0.0132861 secs]2023-01-17T04:35:10.843+0800: 320.751: [scrub symbol table, 0.0049227 secs]2023-01-17T04:35:10.848+0800: 320.756: [scrub string table, 0.0009200 secs][1 CMS-remark: 134138K(134144K)] 245215K(249344K), 0.0575834 secs] [Times: user=0.13 sys=0.00, real=0.05 secs] 
2023-01-17T04:35:10.854+0800: 320.761: [CMS-concurrent-sweep-start]
{Heap before GC invocations=450 (full 634):
 par new generation   total 115200K, used 115199K [0x00000000f0000000, 0x00000000f7d00000, 0x00000000f7d00000)
  eden space 102400K, 100% used [0x00000000f0000000, 0x00000000f6400000, 0x00000000f6400000)
  from space 12800K,  99% used [0x00000000f7080000, 0x00000000f7cffff8, 0x00000000f7d00000)
  to   space 12800K,   0% used [0x00000000f6400000, 0x00000000f6400000, 0x00000000f7080000)
 concurrent mark-sweep generation total 134144K, used 134143K [0x00000000f7d00000, 0x0000000100000000, 0x0000000100000000)
 Metaspace       used 52050K, capacity 54894K, committed 55936K, reserved 1097728K
  class space    used 6335K, capacity 6835K, committed 7040K, reserved 1048576K
2023-01-17T04:35:10.883+0800: 320.790: [Full GC (Allocation Failure) 2023-01-17T04:35:10.883+0800: 320.791: [CMS2023-01-17T04:35:10.899+0800: 320.807: [CMS-concurrent-sweep: 0.026/0.045 secs] [Times: user=0.08 sys=0.00, real=0.04 secs] 
 (concurrent mode failure): 134143K->134142K(134144K), 0.1876543 secs] 249343K->153851K(249344K), [Metaspace: 52050K->52050K(1097728K)], 0.1879901 secs] [Times: user=0.19 sys=0.00, real=0.19 secs] 
Heap after GC invocations=451 (full 635):
 par new generation   total 115200K, used 19709K [0x00000000f0000000, 0x00000000f7d00000, 0x00000000f7d00000)
  eden space 102400K,  19% used [0x00000000f0000000, 0x00000000f133f4e0, 0x00000000f6400000)
  from space 12800K,   0% used [0x00000000f7080000, 0x00000000f7080000, 0x00000000f7d00000)
  to   space 12800K,   0% used [0x00000000f6400000, 0x00000000f6400000, 0x00000000f7080000)
 concurrent mark-sweep generation total 134144K, used 134142K [0x00000000f7d00000, 0x0000000100000000, 0x0000000100000000)
 Metaspace       used 52050K, capacity 54894K, committed 55936K, reserved 1097728K
  class space    used 6335K, capacity 6835K, committed 7040K, reserved 1048576K
}
{Heap before GC invocations=451 (full 635):
 par new generation   total 115200K, used 115192K [0x00000000f0000000, 0x00000000f7d00000, 0x00000000f7d00000)
  eden space 102400K, 100% used [0x00000000f0000000, 0x00000000f6400000, 0x00000000f6400000)
  from space 12800K,  99% used [0x00000000f7080000, 0x00000000f7cfe308, 0x00000000f7d00000)
  to   space 12800K,   0% used [0x00000000f6400000, 0x00000000f6400000, 0x00000000f7080000)
 concurrent mark-sweep generation total 134144K, used 134142K [0x00000000f7d00000, 0x0000000100000000, 0x0000000100000000)
 Metaspace       used 52050K, capacity 54894K, committed 55936K, reserved 1097728K
  class space    used 6335K, capacity 6835K, committed 7040K, reserved 1048576K
2023-01-17T04:35:11.357+0800: 321.264: [Full GC (Allocation Failure) 2023-01-17T04:35:11.357+0800: 321.265: [CMS: 134142K->134138K(134144K), 0.2132360 secs] 249334K->153960K(249344K), [Metaspace: 52050K->52050K(1097728K)], 0.2136452 secs] [Times: user=0.21 sys=0.00, real=0.22 secs] 
Heap after GC invocations=452 (full 636):
 par new generation   total 115200K, used 19821K [0x00000000f0000000, 0x00000000f7d00000, 0x00000000f7d00000)
  eden space 102400K,  19% used [0x00000000f0000000, 0x00000000f135b500, 0x00000000f6400000)
  from space 12800K,   0% used [0x00000000f7080000, 0x00000000f7080000, 0x00000000f7d00000)
  to   space 12800K,   0% used [0x00000000f6400000, 0x00000000f6400000, 0x00000000f7080000)
 concurrent mark-sweep generation total 134144K, used 134138K [0x00000000f7d00000, 0x0000000100000000, 0x0000000100000000)
 Metaspace       used 52050K, capacity 54894K, committed 55936K, reserved 1097728K
  class space    used 6335K, capacity 6835K, committed 7040K, reserved 1048576K
}
2023-01-17T04:35:11.614+0800: 321.522: [GC (CMS Initial Mark) [1 CMS-initial-mark: 134138K(134144K)] 182538K(249344K), 0.0236203 secs] [Times: user=0.05 sys=0.00, real=0.02 secs] 
2023-01-17T04:35:11.639+0800: 321.546: [CMS-concurrent-mark-start]
2023-01-17T04:35:11.730+0800: 321.638: [CMS-concurrent-mark: 0.092/0.092 secs] [Times: user=0.21 sys=0.02, real=0.10 secs] 
2023-01-17T04:35:11.731+0800: 321.638: [CMS-concurrent-preclean-start]
2023-01-17T04:35:11.789+0800: 321.697: [CMS-concurrent-preclean: 0.059/0.059 secs] [Times: user=0.14 sys=0.02, real=0.05 secs] 
2023-01-17T04:35:11.790+0800: 321.697: [CMS-concurrent-abortable-preclean-start]
2023-01-17T04:35:11.790+0800: 321.697: [CMS-concurrent-abortable-preclean: 0.000/0.000 secs] [Times: user=0.00 sys=0.00, real=0.00 secs] 
2023-01-17T04:35:11.806+0800: 321.714: [GC (CMS Final Remark) [YG occupancy: 106724 K (115200 K)]2023-01-17T04:35:11.806+0800: 321.714: [Rescan (parallel) , 0.0301585 secs]2023-01-17T04:35:11.836+0800: 321.744: [weak refs processing, 0.0000499 secs]2023-01-17T04:35:11.836+0800: 321.744: [class unloading, 0.0135133 secs]2023-01-17T04:35:11.850+0800: 321.757: [scrub symbol table, 0.0049970 secs]2023-01-17T04:35:11.855+0800: 321.762: [scrub string table, 0.0008773 secs][1 CMS-remark: 134138K(134144K)] 240863K(249344K), 0.0498012 secs] [Times: user=0.12 sys=0.00, real=0.05 secs] 
2023-01-17T04:35:11.856+0800: 321.764: [CMS-concurrent-sweep-start]
2023-01-17T04:35:11.875+0800: 321.783: [CMS-concurrent-sweep: 0.020/0.020 secs] [Times: user=0.06 sys=0.00, real=0.02 secs] 
2023-01-17T04:35:11.876+0800: 321.783: [CMS-concurrent-reset-start]
2023-01-17T04:35:11.876+0800: 321.784: [CMS-concurrent-reset: 0.000/0.000 secs] [Times: user=0.00 sys=0.00, real=0.00 secs] 
{Heap before GC invocations=452 (full 637):
 par new generation   total 115200K, used 115200K [0x00000000f0000000, 0x00000000f7d00000, 0x00000000f7d00000)
  eden space 102400K, 100% used [0x00000000f0000000, 0x00000000f6400000, 0x00000000f6400000)
  from space 12800K, 100% used [0x00000000f7080000, 0x00000000f7d00000, 0x00000000f7d00000)
  to   space 12800K,   0% used [0x00000000f6400000, 0x00000000f6400000, 0x00000000f7080000)
 concurrent mark-sweep generation total 134144K, used 134138K [0x00000000f7d00000, 0x0000000100000000, 0x0000000100000000)
 Metaspace       used 52050K, capacity 54894K, committed 55936K, reserved 1097728K
  class space    used 6335K, capacity 6835K, committed 7040K, reserved 1048576K
2023-01-17T04:35:11.909+0800: 321.817: [GC (Allocation Failure) 2023-01-17T04:35:11.909+0800: 321.817: [ParNew: 115200K->115200K(115200K), 0.0000307 secs]2023-01-17T04:35:11.909+0800: 321.817: [CMS: 134138K->134138K(134144K), 0.1889214 secs] 249338K->153607K(249344K), [Metaspace: 52050K->52050K(1097728K)], 0.1893651 secs] [Times: user=0.19 sys=0.00, real=0.19 secs] 
Heap after GC invocations=453 (full 638):
 par new generation   total 115200K, used 19468K [0x00000000f0000000, 0x00000000f7d00000, 0x00000000f7d00000)
  eden space 102400K,  19% used [0x00000000f0000000, 0x00000000f13032a0, 0x00000000f6400000)
  from space 12800K,   0% used [0x00000000f7080000, 0x00000000f7080000, 0x00000000f7d00000)
  to   space 12800K,   0% used [0x00000000f6400000, 0x00000000f6400000, 0x00000000f7080000)
 concurrent mark-sweep generation total 134144K, used 134138K [0x00000000f7d00000, 0x0000000100000000, 0x0000000100000000)
 Metaspace       used 52050K, capacity 54894K, committed 55936K, reserved 1097728K
  class space    used 6335K, capacity 6835K, committed 7040K, reserved 1048576K
}
2023-01-17T04:35:12.103+0800: 322.011: [GC (CMS Initial Mark) [1 CMS-initial-mark: 134138K(134144K)] 154191K(249344K), 0.0064316 secs] [Times: user=0.02 sys=0.00, real=0.01 secs] 
2023-01-17T04:35:12.110+0800: 322.017: [CMS-concurrent-mark-start]
2023-01-17T04:35:12.167+0800: 322.075: [CMS-concurrent-mark: 0.058/0.058 secs] [Times: user=0.14 sys=0.02, real=0.05 secs] 
2023-01-17T04:35:12.167+0800: 322.075: [CMS-concurrent-preclean-start]
2023-01-17T04:35:12.206+0800: 322.113: [CMS-concurrent-preclean: 0.038/0.038 secs] [Times: user=0.09 sys=0.02, real=0.04 secs] 
2023-01-17T04:35:12.206+0800: 322.114: [CMS-concurrent-abortable-preclean-start]
2023-01-17T04:35:12.206+0800: 322.114: [CMS-concurrent-abortable-preclean: 0.000/0.000 secs] [Times: user=0.00 sys=0.00, real=0.00 secs] 
2023-01-17T04:35:12.209+0800: 322.117: [GC (CMS Final Remark) [YG occupancy: 63313 K (115200 K)]2023-01-17T04:35:12.209+0800: 322.117: [Rescan (parallel) , 0.0151751 secs]2023-01-17T04:35:12.225+0800: 322.132: [weak refs processing, 0.0000398 secs]2023-01-17T04:35:12.225+0800: 322.132: [class unloading, 0.0130573 secs]2023-01-17T04:35:12.238+0800: 322.145: [scrub symbol table, 0.0050329 secs]2023-01-17T04:35:12.243+0800: 322.151: [scrub string table, 0.0009245 secs][1 CMS-remark: 134138K(134144K)] 197451K(249344K), 0.0343769 secs] [Times: user=0.08 sys=0.00, real=0.04 secs] 
2023-01-17T04:35:12.244+0800: 322.152: [CMS-concurrent-sweep-start]
2023-01-17T04:35:12.266+0800: 322.173: [CMS-concurrent-sweep: 0.022/0.022 secs] [Times: user=0.07 sys=0.01, real=0.02 secs] 
2023-01-17T04:35:12.266+0800: 322.174: [CMS-concurrent-reset-start]
2023-01-17T04:35:12.266+0800: 322.174: [CMS-concurrent-reset: 0.000/0.000 secs] [Times: user=0.00 sys=0.00, real=0.00 secs] 
{Heap before GC invocations=453 (full 639):
 par new generation   total 115200K, used 115200K [0x00000000f0000000, 0x00000000f7d00000, 0x00000000f7d00000)
  eden space 102400K, 100% used [0x00000000f0000000, 0x00000000f6400000, 0x00000000f6400000)
  from space 12800K, 100% used [0x00000000f7080000, 0x00000000f7d00000, 0x00000000f7d00000)
  to   space 12800K,   0% used [0x00000000f6400000, 0x00000000f6400000, 0x00000000f7080000)
 concurrent mark-sweep generation total 134144K, used 134138K [0x00000000f7d00000, 0x0000000100000000, 0x0000000100000000)
 Metaspace       used 52050K, capacity 54894K, committed 55936K, reserved 1097728K
  class space    used 6335K, capacity 6835K, committed 7040K, reserved 1048576K
2023-01-17T04:35:12.635+0800: 322.542: [GC (Allocation Failure) 2023-01-17T04:35:12.635+0800: 322.543: [ParNew: 115200K->115200K(115200K), 0.0000246 secs]2023-01-17T04:35:12.635+0800: 322.543: [CMS: 134138K->134136K(134144K), 0.1907883 secs] 249338K->153968K(249344K), [Metaspace: 52050K->52050K(1097728K)], 0.1911813 secs] [Times: user=0.20 sys=0.00, real=0.19 secs] 
Heap after GC invocations=454 (full 640):
 par new generation   total 115200K, used 19832K [0x00000000f0000000, 0x00000000f7d00000, 0x00000000f7d00000)
  eden space 102400K,  19% used [0x00000000f0000000, 0x00000000f135e248, 0x00000000f6400000)
  from space 12800K,   0% used [0x00000000f7080000, 0x00000000f7080000, 0x00000000f7d00000)
  to   space 12800K,   0% used [0x00000000f6400000, 0x00000000f6400000, 0x00000000f7080000)
 concurrent mark-sweep generation total 134144K, used 134136K [0x00000000f7d00000, 0x0000000100000000, 0x0000000100000000)
 Metaspace       used 52050K, capacity 54894K, committed 55936K, reserved 1097728K
  class space    used 6335K, capacity 6835K, committed 7040K, reserved 1048576K
}
2023-01-17T04:35:12.830+0800: 322.738: [GC (CMS Initial Mark) [1 CMS-initial-mark: 134136K(134144K)] 154409K(249344K), 0.0062759 secs] [Times: user=0.02 sys=0.00, real=0.00 secs] 
2023-01-17T04:35:12.837+0800: 322.745: [CMS-concurrent-mark-start]
2023-01-17T04:35:12.908+0800: 322.816: [CMS-concurrent-mark: 0.071/0.071 secs] [Times: user=0.22 sys=0.04, real=0.07 secs] 
2023-01-17T04:35:12.908+0800: 322.816: [CMS-concurrent-preclean-start]
2023-01-17T04:35:12.963+0800: 322.871: [CMS-concurrent-preclean: 0.055/0.055 secs] [Times: user=0.11 sys=0.03, real=0.06 secs] 
2023-01-17T04:35:12.963+0800: 322.871: [CMS-concurrent-abortable-preclean-start]
2023-01-17T04:35:12.963+0800: 322.871: [CMS-concurrent-abortable-preclean: 0.000/0.000 secs] [Times: user=0.00 sys=0.00, real=0.00 secs] 
2023-01-17T04:35:12.967+0800: 322.875: [GC (CMS Final Remark) [YG occupancy: 88781 K (115200 K)]2023-01-17T04:35:12.967+0800: 322.875: [Rescan (parallel) , 0.0282628 secs]2023-01-17T04:35:12.996+0800: 322.904: [weak refs processing, 0.0000432 secs]2023-01-17T04:35:12.996+0800: 322.904: [class unloading, 0.0128951 secs]2023-01-17T04:35:13.009+0800: 322.916: [scrub symbol table, 0.0049204 secs]2023-01-17T04:35:13.014+0800: 322.921: [scrub string table, 0.0009063 secs][1 CMS-remark: 134136K(134144K)] 222917K(249344K), 0.0471851 secs] [Times: user=0.10 sys=0.00, real=0.05 secs] 
2023-01-17T04:35:13.015+0800: 322.923: [CMS-concurrent-sweep-start]
2023-01-17T04:35:13.031+0800: 322.938: [CMS-concurrent-sweep: 0.015/0.015 secs] [Times: user=0.03 sys=0.00, real=0.02 secs] 
2023-01-17T04:35:13.031+0800: 322.938: [CMS-concurrent-reset-start]
2023-01-17T04:35:13.031+0800: 322.939: [CMS-concurrent-reset: 0.000/0.000 secs] [Times: user=0.00 sys=0.00, real=0.00 secs] 
{Heap before GC invocations=454 (full 641):
 par new generation   total 115200K, used 115199K [0x00000000f0000000, 0x00000000f7d00000, 0x00000000f7d00000)
  eden space 102400K, 100% used [0x00000000f0000000, 0x00000000f6400000, 0x00000000f6400000)
  from space 12800K,  99% used [0x00000000f7080000, 0x00000000f7cffff0, 0x00000000f7d00000)
  to   space 12800K,   0% used [0x00000000f6400000, 0x00000000f6400000, 0x00000000f7080000)
 concurrent mark-sweep generation total 134144K, used 134135K [0x00000000f7d00000, 0x0000000100000000, 0x0000000100000000)
 Metaspace       used 52050K, capacity 54894K, committed 55936K, reserved 1097728K
  class space    used 6335K, capacity 6835K, committed 7040K, reserved 1048576K
2023-01-17T04:35:13.122+0800: 323.030: [GC (Allocation Failure) 2023-01-17T04:35:13.123+0800: 323.030: [ParNew: 115199K->115199K(115200K), 0.0000250 secs]2023-01-17T04:35:13.123+0800: 323.030: [CMS: 134135K->134140K(134144K), 0.2076035 secs] 249335K->155884K(249344K), [Metaspace: 52050K->52050K(1097728K)], 0.2079721 secs] [Times: user=0.21 sys=0.00, real=0.21 secs] 
Heap after GC invocations=455 (full 642):
 par new generation   total 115200K, used 21744K [0x00000000f0000000, 0x00000000f7d00000, 0x00000000f7d00000)
  eden space 102400K,  21% used [0x00000000f0000000, 0x00000000f153c020, 0x00000000f6400000)
  from space 12800K,   0% used [0x00000000f7080000, 0x00000000f7080000, 0x00000000f7d00000)
  to   space 12800K,   0% used [0x00000000f6400000, 0x00000000f6400000, 0x00000000f7080000)
 concurrent mark-sweep generation total 134144K, used 134140K [0x00000000f7d00000, 0x0000000100000000, 0x0000000100000000)
 Metaspace       used 52050K, capacity 54894K, committed 55936K, reserved 1097728K
  class space    used 6335K, capacity 6835K, committed 7040K, reserved 1048576K
}
2023-01-17T04:35:13.335+0800: 323.242: [GC (CMS Initial Mark) [1 CMS-initial-mark: 134140K(134144K)] 155932K(249344K), 0.0082106 secs] [Times: user=0.02 sys=0.00, real=0.01 secs] 
2023-01-17T04:35:13.343+0800: 323.251: [CMS-concurrent-mark-start]
2023-01-17T04:35:13.416+0800: 323.324: [CMS-concurrent-mark: 0.073/0.073 secs] [Times: user=0.22 sys=0.02, real=0.07 secs] 
2023-01-17T04:35:13.416+0800: 323.324: [CMS-concurrent-preclean-start]
2023-01-17T04:35:13.466+0800: 323.374: [CMS-concurrent-preclean: 0.050/0.050 secs] [Times: user=0.14 sys=0.03, real=0.05 secs] 
2023-01-17T04:35:13.466+0800: 323.374: [CMS-concurrent-abortable-preclean-start]
2023-01-17T04:35:13.466+0800: 323.374: [CMS-concurrent-abortable-preclean: 0.000/0.000 secs] [Times: user=0.00 sys=0.00, real=0.00 secs] 
2023-01-17T04:35:13.470+0800: 323.378: [GC (CMS Final Remark) [YG occupancy: 94167 K (115200 K)]2023-01-17T04:35:13.470+0800: 323.378: [Rescan (parallel) , 0.0299560 secs]2023-01-17T04:35:13.500+0800: 323.408: [weak refs processing, 0.0000422 secs]2023-01-17T04:35:13.500+0800: 323.408: [class unloading, 0.0130797 secs]2023-01-17T04:35:13.514+0800: 323.421: [scrub symbol table, 0.0049396 secs]2023-01-17T04:35:13.518+0800: 323.426: [scrub string table, 0.0008746 secs][1 CMS-remark: 134140K(134144K)] 228307K(249344K), 0.0490357 secs] [Times: user=0.11 sys=0.00, real=0.04 secs] 
2023-01-17T04:35:13.520+0800: 323.428: [CMS-concurrent-sweep-start]
2023-01-17T04:35:13.542+0800: 323.450: [CMS-concurrent-sweep: 0.022/0.022 secs] [Times: user=0.07 sys=0.01, real=0.02 secs] 
2023-01-17T04:35:13.542+0800: 323.450: [CMS-concurrent-reset-start]
2023-01-17T04:35:13.543+0800: 323.450: [CMS-concurrent-reset: 0.000/0.000 secs] [Times: user=0.00 sys=0.00, real=0.00 secs] 
{Heap before GC invocations=455 (full 643):
 par new generation   total 115200K, used 115200K [0x00000000f0000000, 0x00000000f7d00000, 0x00000000f7d00000)
  eden space 102400K, 100% used [0x00000000f0000000, 0x00000000f6400000, 0x00000000f6400000)
  from space 12800K, 100% used [0x00000000f7080000, 0x00000000f7d00000, 0x00000000f7d00000)
  to   space 12800K,   0% used [0x00000000f6400000, 0x00000000f6400000, 0x00000000f7080000)
 concurrent mark-sweep generation total 134144K, used 134140K [0x00000000f7d00000, 0x0000000100000000, 0x0000000100000000)
 Metaspace       used 52050K, capacity 54894K, committed 55936K, reserved 1097728K
  class space    used 6335K, capacity 6835K, committed 7040K, reserved 1048576K
2023-01-17T04:35:13.848+0800: 323.756: [GC (Allocation Failure) 2023-01-17T04:35:13.848+0800: 323.756: [ParNew: 115200K->115200K(115200K), 0.0000264 secs]2023-01-17T04:35:13.848+0800: 323.756: [CMS: 134140K->134140K(134144K), 0.1851687 secs] 249340K->157395K(249344K), [Metaspace: 52050K->52050K(1097728K)], 0.1855556 secs] [Times: user=0.19 sys=0.00, real=0.19 secs] 
Heap after GC invocations=456 (full 644):
 par new generation   total 115200K, used 23255K [0x00000000f0000000, 0x00000000f7d00000, 0x00000000f7d00000)
  eden space 102400K,  22% used [0x00000000f0000000, 0x00000000f16b5d60, 0x00000000f6400000)
  from space 12800K,   0% used [0x00000000f7080000, 0x00000000f7080000, 0x00000000f7d00000)
  to   space 12800K,   0% used [0x00000000f6400000, 0x00000000f6400000, 0x00000000f7080000)
 concurrent mark-sweep generation total 134144K, used 134140K [0x00000000f7d00000, 0x0000000100000000, 0x0000000100000000)
 Metaspace       used 52050K, capacity 54894K, committed 55936K, reserved 1097728K
  class space    used 6335K, capacity 6835K, committed 7040K, reserved 1048576K
}
2023-01-17T04:35:14.037+0800: 323.945: [GC (CMS Initial Mark) [1 CMS-initial-mark: 134140K(134144K)] 157400K(249344K), 0.0074606 secs] [Times: user=0.02 sys=0.00, real=0.01 secs] 
2023-01-17T04:35:14.045+0800: 323.953: [CMS-concurrent-mark-start]
2023-01-17T04:35:14.124+0800: 324.032: [CMS-concurrent-mark: 0.079/0.079 secs] [Times: user=0.18 sys=0.04, real=0.08 secs] 
2023-01-17T04:35:14.124+0800: 324.032: [CMS-concurrent-preclean-start]
2023-01-17T04:35:14.161+0800: 324.068: [CMS-concurrent-preclean: 0.036/0.036 secs] [Times: user=0.07 sys=0.00, real=0.04 secs] 
2023-01-17T04:35:14.161+0800: 324.069: [CMS-concurrent-abortable-preclean-start]
2023-01-17T04:35:14.161+0800: 324.069: [CMS-concurrent-abortable-preclean: 0.000/0.000 secs] [Times: user=0.00 sys=0.00, real=0.00 secs] 
2023-01-17T04:35:14.165+0800: 324.073: [GC (CMS Final Remark) [YG occupancy: 65154 K (115200 K)]2023-01-17T04:35:14.165+0800: 324.073: [Rescan (parallel) , 0.0195599 secs]2023-01-17T04:35:14.185+0800: 324.092: [weak refs processing, 0.0000387 secs]2023-01-17T04:35:14.185+0800: 324.092: [class unloading, 0.0129840 secs]2023-01-17T04:35:14.198+0800: 324.105: [scrub symbol table, 0.0049458 secs]2023-01-17T04:35:14.203+0800: 324.110: [scrub string table, 0.0008780 secs][1 CMS-remark: 134140K(134144K)] 199294K(249344K), 0.0385515 secs] [Times: user=0.08 sys=0.00, real=0.04 secs] 
2023-01-17T04:35:14.204+0800: 324.112: [CMS-concurrent-sweep-start]
2023-01-17T04:35:14.223+0800: 324.131: [CMS-concurrent-sweep: 0.019/0.019 secs] [Times: user=0.04 sys=0.00, real=0.02 secs] 
2023-01-17T04:35:14.224+0800: 324.131: [CMS-concurrent-reset-start]
2023-01-17T04:35:14.224+0800: 324.132: [CMS-concurrent-reset: 0.000/0.000 secs] [Times: user=0.00 sys=0.00, real=0.00 secs] 
{Heap before GC invocations=456 (full 645):
 par new generation   total 115200K, used 115199K [0x00000000f0000000, 0x00000000f7d00000, 0x00000000f7d00000)
  eden space 102400K, 100% used [0x00000000f0000000, 0x00000000f6400000, 0x00000000f6400000)
  from space 12800K,  99% used [0x00000000f7080000, 0x00000000f7cfffe8, 0x00000000f7d00000)
  to   space 12800K,   0% used [0x00000000f6400000, 0x00000000f6400000, 0x00000000f7080000)
 concurrent mark-sweep generation total 134144K, used 134140K [0x00000000f7d00000, 0x0000000100000000, 0x0000000100000000)
 Metaspace       used 52050K, capacity 54894K, committed 55936K, reserved 1097728K
  class space    used 6335K, capacity 6835K, committed 7040K, reserved 1048576K
2023-01-17T04:35:14.416+0800: 324.324: [GC (Allocation Failure) 2023-01-17T04:35:14.417+0800: 324.324: [ParNew: 115199K->115199K(115200K), 0.0000227 secs]2023-01-17T04:35:14.417+0800: 324.324: [CMS: 134140K->134136K(134144K), 0.2049957 secs] 249340K->157371K(249344K), [Metaspace: 52050K->52050K(1097728K)], 0.2054196 secs] [Times: user=0.21 sys=0.00, real=0.21 secs] 
Heap after GC invocations=457 (full 646):
 par new generation   total 115200K, used 23234K [0x00000000f0000000, 0x00000000f7d00000, 0x00000000f7d00000)
  eden space 102400K,  22% used [0x00000000f0000000, 0x00000000f16b0a20, 0x00000000f6400000)
  from space 12800K,   0% used [0x00000000f7080000, 0x00000000f7080000, 0x00000000f7d00000)
  to   space 12800K,   0% used [0x00000000f6400000, 0x00000000f6400000, 0x00000000f7080000)
 concurrent mark-sweep generation total 134144K, used 134136K [0x00000000f7d00000, 0x0000000100000000, 0x0000000100000000)
 Metaspace       used 52050K, capacity 54894K, committed 55936K, reserved 1097728K
  class space    used 6335K, capacity 6835K, committed 7040K, reserved 1048576K
}
2023-01-17T04:35:14.626+0800: 324.534: [GC (CMS Initial Mark) [1 CMS-initial-mark: 134136K(134144K)] 157585K(249344K), 0.0064297 secs] [Times: user=0.02 sys=0.00, real=0.01 secs] 
2023-01-17T04:35:14.633+0800: 324.540: [CMS-concurrent-mark-start]
2023-01-17T04:35:14.705+0800: 324.613: [CMS-concurrent-mark: 0.073/0.073 secs] [Times: user=0.23 sys=0.03, real=0.07 secs] 
2023-01-17T04:35:14.706+0800: 324.613: [CMS-concurrent-preclean-start]
2023-01-17T04:35:14.755+0800: 324.663: [CMS-concurrent-preclean: 0.050/0.050 secs] [Times: user=0.11 sys=0.03, real=0.05 secs] 
2023-01-17T04:35:14.756+0800: 324.663: [CMS-concurrent-abortable-preclean-start]
2023-01-17T04:35:14.756+0800: 324.663: [CMS-concurrent-abortable-preclean: 0.000/0.000 secs] [Times: user=0.00 sys=0.00, real=0.00 secs] 
2023-01-17T04:35:14.759+0800: 324.667: [GC (CMS Final Remark) [YG occupancy: 90817 K (115200 K)]2023-01-17T04:35:14.759+0800: 324.667: [Rescan (parallel) , 0.0208426 secs]2023-01-17T04:35:14.780+0800: 324.688: [weak refs processing, 0.0000472 secs]2023-01-17T04:35:14.780+0800: 324.688: [class unloading, 0.0131510 secs]2023-01-17T04:35:14.793+0800: 324.701: [scrub symbol table, 0.0049567 secs]2023-01-17T04:35:14.798+0800: 324.706: [scrub string table, 0.0008985 secs][1 CMS-remark: 134136K(134144K)] 224953K(249344K), 0.0400516 secs] [Times: user=0.10 sys=0.00, real=0.04 secs] 
2023-01-17T04:35:14.800+0800: 324.707: [CMS-concurrent-sweep-start]
2023-01-17T04:35:14.824+0800: 324.731: [CMS-concurrent-sweep: 0.024/0.024 secs] [Times: user=0.08 sys=0.01, real=0.02 secs] 
2023-01-17T04:35:14.826+0800: 324.734: [CMS-concurrent-reset-start]
2023-01-17T04:35:14.826+0800: 324.734: [CMS-concurrent-reset: 0.000/0.000 secs] [Times: user=0.00 sys=0.00, real=0.00 secs] 
{Heap before GC invocations=457 (full 647):
 par new generation   total 115200K, used 115200K [0x00000000f0000000, 0x00000000f7d00000, 0x00000000f7d00000)
  eden space 102400K, 100% used [0x00000000f0000000, 0x00000000f6400000, 0x00000000f6400000)
  from space 12800K, 100% used [0x00000000f7080000, 0x00000000f7d00000, 0x00000000f7d00000)
  to   space 12800K,   0% used [0x00000000f6400000, 0x00000000f6400000, 0x00000000f7080000)
 concurrent mark-sweep generation total 134144K, used 134134K [0x00000000f7d00000, 0x0000000100000000, 0x0000000100000000)
 Metaspace       used 52051K, capacity 54894K, committed 55936K, reserved 1097728K
  class space    used 6335K, capacity 6835K, committed 7040K, reserved 1048576K
2023-01-17T04:35:14.894+0800: 324.802: [GC (Allocation Failure) 2023-01-17T04:35:14.895+0800: 324.802: [ParNew: 115200K->115200K(115200K), 0.0000250 secs]2023-01-17T04:35:14.895+0800: 324.802: [CMS: 134134K->134141K(134144K), 0.2091199 secs] 249334K->157169K(249344K), [Metaspace: 52051K->52051K(1097728K)], 0.2094788 secs] [Times: user=0.21 sys=0.00, real=0.21 secs] 
Heap after GC invocations=458 (full 648):
 par new generation   total 115200K, used 23027K [0x00000000f0000000, 0x00000000f7d00000, 0x00000000f7d00000)
  eden space 102400K,  22% used [0x00000000f0000000, 0x00000000f167cdc0, 0x00000000f6400000)
  from space 12800K,   0% used [0x00000000f7080000, 0x00000000f7080000, 0x00000000f7d00000)
  to   space 12800K,   0% used [0x00000000f6400000, 0x00000000f6400000, 0x00000000f7080000)
 concurrent mark-sweep generation total 134144K, used 134141K [0x00000000f7d00000, 0x0000000100000000, 0x0000000100000000)
 Metaspace       used 52051K, capacity 54894K, committed 55936K, reserved 1097728K
  class space    used 6335K, capacity 6835K, committed 7040K, reserved 1048576K
}
2023-01-17T04:35:15.147+0800: 325.054: [GC (CMS Initial Mark) [1 CMS-initial-mark: 134141K(134144K)] 170382K(249344K), 0.0088509 secs] [Times: user=0.03 sys=0.00, real=0.01 secs] 
2023-01-17T04:35:15.156+0800: 325.063: [CMS-concurrent-mark-start]
2023-01-17T04:35:15.282+0800: 325.190: [CMS-concurrent-mark: 0.127/0.127 secs] [Times: user=0.34 sys=0.05, real=0.13 secs] 
2023-01-17T04:35:15.283+0800: 325.190: [CMS-concurrent-preclean-start]
2023-01-17T04:35:15.345+0800: 325.252: [CMS-concurrent-preclean: 0.062/0.062 secs] [Times: user=0.16 sys=0.01, real=0.06 secs] 
2023-01-17T04:35:15.345+0800: 325.253: [CMS-concurrent-abortable-preclean-start]
2023-01-17T04:35:15.345+0800: 325.253: [CMS-concurrent-abortable-preclean: 0.000/0.000 secs] [Times: user=0.00 sys=0.00, real=0.00 secs] 
2023-01-17T04:35:15.348+0800: 325.256: [GC (CMS Final Remark) [YG occupancy: 114200 K (115200 K)]2023-01-17T04:35:15.349+0800: 325.256: [Rescan (parallel) , 0.0264875 secs]2023-01-17T04:35:15.375+0800: 325.283: [weak refs processing, 0.0000444 secs]2023-01-17T04:35:15.375+0800: 325.283: [class unloading, 0.0130121 secs]2023-01-17T04:35:15.388+0800: 325.296: [scrub symbol table, 0.0047828 secs]2023-01-17T04:35:15.393+0800: 325.301: [scrub string table, 0.0009059 secs][1 CMS-remark: 134141K(134144K)] 248341K(249344K), 0.0454201 secs] [Times: user=0.13 sys=0.00, real=0.05 secs] 
2023-01-17T04:35:15.395+0800: 325.303: [CMS-concurrent-sweep-start]
{Heap before GC invocations=458 (full 649):
 par new generation   total 115200K, used 115200K [0x00000000f0000000, 0x00000000f7d00000, 0x00000000f7d00000)
  eden space 102400K, 100% used [0x00000000f0000000, 0x00000000f6400000, 0x00000000f6400000)
  from space 12800K, 100% used [0x00000000f7080000, 0x00000000f7d00000, 0x00000000f7d00000)
  to   space 12800K,   0% used [0x00000000f6400000, 0x00000000f6400000, 0x00000000f7080000)
 concurrent mark-sweep generation total 134144K, used 134143K [0x00000000f7d00000, 0x0000000100000000, 0x0000000100000000)
 Metaspace       used 52052K, capacity 54894K, committed 55936K, reserved 1097728K
  class space    used 6335K, capacity 6835K, committed 7040K, reserved 1048576K
2023-01-17T04:35:15.403+0800: 325.311: [Full GC (Allocation Failure) 2023-01-17T04:35:15.403+0800: 325.311: [CMS2023-01-17T04:35:15.428+0800: 325.336: [CMS-concurrent-sweep: 0.015/0.033 secs] [Times: user=0.05 sys=0.00, real=0.03 secs] 
 (concurrent mode failure): 134143K->134142K(134144K), 0.2147994 secs] 249343K->157370K(249344K), [Metaspace: 52052K->52052K(1097728K)], 0.2151048 secs] [Times: user=0.22 sys=0.00, real=0.21 secs] 
Heap after GC invocations=459 (full 650):
 par new generation   total 115200K, used 23228K [0x00000000f0000000, 0x00000000f7d00000, 0x00000000f7d00000)
  eden space 102400K,  22% used [0x00000000f0000000, 0x00000000f16af0f8, 0x00000000f6400000)
  from space 12800K,   0% used [0x00000000f7080000, 0x00000000f7080000, 0x00000000f7d00000)
  to   space 12800K,   0% used [0x00000000f6400000, 0x00000000f6400000, 0x00000000f7080000)
 concurrent mark-sweep generation total 134144K, used 134142K [0x00000000f7d00000, 0x0000000100000000, 0x0000000100000000)
 Metaspace       used 52052K, capacity 54894K, committed 55936K, reserved 1097728K
  class space    used 6335K, capacity 6835K, committed 7040K, reserved 1048576K
}
{Heap before GC invocations=459 (full 650):
 par new generation   total 115200K, used 115199K [0x00000000f0000000, 0x00000000f7d00000, 0x00000000f7d00000)
  eden space 102400K, 100% used [0x00000000f0000000, 0x00000000f6400000, 0x00000000f6400000)
  from space 12800K,  99% used [0x00000000f7080000, 0x00000000f7cffff8, 0x00000000f7d00000)
  to   space 12800K,   0% used [0x00000000f6400000, 0x00000000f6400000, 0x00000000f7080000)
 concurrent mark-sweep generation total 134144K, used 134144K [0x00000000f7d00000, 0x0000000100000000, 0x0000000100000000)
 Metaspace       used 52052K, capacity 54894K, committed 55936K, reserved 1097728K
  class space    used 6335K, capacity 6835K, committed 7040K, reserved 1048576K
2023-01-17T04:35:15.832+0800: 325.740: [Full GC (Allocation Failure) 2023-01-17T04:35:15.833+0800: 325.740: [CMS: 134144K->134142K(134144K), 0.1933817 secs] 249343K->157151K(249344K), [Metaspace: 52052K->52052K(1097728K)], 0.1937537 secs] [Times: user=0.20 sys=0.00, real=0.19 secs] 
Heap after GC invocations=460 (full 651):
 par new generation   total 115200K, used 23009K [0x00000000f0000000, 0x00000000f7d00000, 0x00000000f7d00000)
  eden space 102400K,  22% used [0x00000000f0000000, 0x00000000f16784b8, 0x00000000f6400000)
  from space 12800K,   0% used [0x00000000f7080000, 0x00000000f7080000, 0x00000000f7d00000)
  to   space 12800K,   0% used [0x00000000f6400000, 0x00000000f6400000, 0x00000000f7080000)
 concurrent mark-sweep generation total 134144K, used 134142K [0x00000000f7d00000, 0x0000000100000000, 0x0000000100000000)
 Metaspace       used 52052K, capacity 54894K, committed 55936K, reserved 1097728K
  class space    used 6335K, capacity 6835K, committed 7040K, reserved 1048576K
}
2023-01-17T04:35:16.031+0800: 325.939: [GC (CMS Initial Mark) [1 CMS-initial-mark: 134142K(134144K)] 157641K(249344K), 0.0072567 secs] [Times: user=0.01 sys=0.00, real=0.00 secs] 
2023-01-17T04:35:16.039+0800: 325.947: [CMS-concurrent-mark-start]
2023-01-17T04:35:16.094+0800: 326.001: [CMS-concurrent-mark: 0.055/0.055 secs] [Times: user=0.09 sys=0.01, real=0.06 secs] 
2023-01-17T04:35:16.094+0800: 326.002: [CMS-concurrent-preclean-start]
2023-01-17T04:35:16.123+0800: 326.030: [CMS-concurrent-preclean: 0.029/0.029 secs] [Times: user=0.03 sys=0.00, real=0.03 secs] 
2023-01-17T04:35:16.123+0800: 326.031: [CMS-concurrent-abortable-preclean-start]
2023-01-17T04:35:16.123+0800: 326.031: [CMS-concurrent-abortable-preclean: 0.000/0.000 secs] [Times: user=0.00 sys=0.00, real=0.00 secs] 
2023-01-17T04:35:16.126+0800: 326.034: [GC (CMS Final Remark) [YG occupancy: 35624 K (115200 K)]2023-01-17T04:35:16.126+0800: 326.034: [Rescan (parallel) , 0.0104851 secs]2023-01-17T04:35:16.137+0800: 326.045: [weak refs processing, 0.0000406 secs]2023-01-17T04:35:16.137+0800: 326.045: [class unloading, 0.0134760 secs]2023-01-17T04:35:16.150+0800: 326.058: [scrub symbol table, 0.0053794 secs]2023-01-17T04:35:16.156+0800: 326.064: [scrub string table, 0.0009279 secs][1 CMS-remark: 134142K(134144K)] 169767K(249344K), 0.0304422 secs] [Times: user=0.05 sys=0.00, real=0.03 secs] 
2023-01-17T04:35:16.158+0800: 326.066: [CMS-concurrent-sweep-start]
2023-01-17T04:35:16.174+0800: 326.082: [CMS-concurrent-sweep: 0.016/0.016 secs] [Times: user=0.03 sys=0.00, real=0.02 secs] 
2023-01-17T04:35:16.174+0800: 326.082: [CMS-concurrent-reset-start]
2023-01-17T04:35:16.174+0800: 326.082: [CMS-concurrent-reset: 0.000/0.000 secs] [Times: user=0.00 sys=0.00, real=0.00 secs] 
{Heap before GC invocations=460 (full 652):
 par new generation   total 115200K, used 115199K [0x00000000f0000000, 0x00000000f7d00000, 0x00000000f7d00000)
  eden space 102400K, 100% used [0x00000000f0000000, 0x00000000f6400000, 0x00000000f6400000)
  from space 12800K,  99% used [0x00000000f7080000, 0x00000000f7cffff8, 0x00000000f7d00000)
  to   space 12800K,   0% used [0x00000000f6400000, 0x00000000f6400000, 0x00000000f7080000)
 concurrent mark-sweep generation total 134144K, used 134142K [0x00000000f7d00000, 0x0000000100000000, 0x0000000100000000)
 Metaspace       used 52052K, capacity 54894K, committed 55936K, reserved 1097728K
  class space    used 6335K, capacity 6835K, committed 7040K, reserved 1048576K
2023-01-17T04:35:16.315+0800: 326.223: [GC (Allocation Failure) 2023-01-17T04:35:16.315+0800: 326.223: [ParNew: 115199K->115199K(115200K), 0.0000255 secs]2023-01-17T04:35:16.315+0800: 326.223: [CMS: 134142K->134141K(134144K), 0.1839557 secs] 249342K->157387K(249344K), [Metaspace: 52052K->52052K(1097728K)], 0.1843108 secs] [Times: user=0.18 sys=0.00, real=0.19 secs] 
Heap after GC invocations=461 (full 653):
 par new generation   total 115200K, used 23245K [0x00000000f0000000, 0x00000000f7d00000, 0x00000000f7d00000)
  eden space 102400K,  22% used [0x00000000f0000000, 0x00000000f16b3750, 0x00000000f6400000)
  from space 12800K,   0% used [0x00000000f7080000, 0x00000000f7080000, 0x00000000f7d00000)
  to   space 12800K,   0% used [0x00000000f6400000, 0x00000000f6400000, 0x00000000f7080000)
 concurrent mark-sweep generation total 134144K, used 134141K [0x00000000f7d00000, 0x0000000100000000, 0x0000000100000000)
 Metaspace       used 52052K, capacity 54894K, committed 55936K, reserved 1097728K
  class space    used 6335K, capacity 6835K, committed 7040K, reserved 1048576K
}
2023-01-17T04:35:16.504+0800: 326.412: [GC (CMS Initial Mark) [1 CMS-initial-mark: 134141K(134144K)] 158205K(249344K), 0.0065611 secs] [Times: user=0.01 sys=0.00, real=0.01 secs] 
2023-01-17T04:35:16.511+0800: 326.419: [CMS-concurrent-mark-start]
2023-01-17T04:35:16.569+0800: 326.477: [CMS-concurrent-mark: 0.058/0.058 secs] [Times: user=0.13 sys=0.03, real=0.05 secs] 
2023-01-17T04:35:16.569+0800: 326.477: [CMS-concurrent-preclean-start]
2023-01-17T04:35:16.602+0800: 326.510: [CMS-concurrent-preclean: 0.033/0.033 secs] [Times: user=0.05 sys=0.01, real=0.04 secs] 
2023-01-17T04:35:16.602+0800: 326.510: [CMS-concurrent-abortable-preclean-start]
2023-01-17T04:35:16.602+0800: 326.510: [CMS-concurrent-abortable-preclean: 0.000/0.000 secs] [Times: user=0.00 sys=0.00, real=0.00 secs] 
2023-01-17T04:35:16.606+0800: 326.513: [GC (CMS Final Remark) [YG occupancy: 50306 K (115200 K)]2023-01-17T04:35:16.606+0800: 326.514: [Rescan (parallel) , 0.0108245 secs]2023-01-17T04:35:16.617+0800: 326.524: [weak refs processing, 0.0000382 secs]2023-01-17T04:35:16.617+0800: 326.524: [class unloading, 0.0128039 secs]2023-01-17T04:35:16.629+0800: 326.537: [scrub symbol table, 0.0047376 secs]2023-01-17T04:35:16.634+0800: 326.542: [scrub string table, 0.0008572 secs][1 CMS-remark: 134141K(134144K)] 184447K(249344K), 0.0293996 secs] [Times: user=0.06 sys=0.00, real=0.03 secs] 
2023-01-17T04:35:16.635+0800: 326.543: [CMS-concurrent-sweep-start]
2023-01-17T04:35:16.648+0800: 326.556: [CMS-concurrent-sweep: 0.013/0.013 secs] [Times: user=0.01 sys=0.00, real=0.01 secs] 
2023-01-17T04:35:16.649+0800: 326.556: [CMS-concurrent-reset-start]
2023-01-17T04:35:16.649+0800: 326.557: [CMS-concurrent-reset: 0.000/0.000 secs] [Times: user=0.00 sys=0.00, real=0.00 secs] 
{Heap before GC invocations=461 (full 654):
 par new generation   total 115200K, used 115200K [0x00000000f0000000, 0x00000000f7d00000, 0x00000000f7d00000)
  eden space 102400K, 100% used [0x00000000f0000000, 0x00000000f6400000, 0x00000000f6400000)
  from space 12800K, 100% used [0x00000000f7080000, 0x00000000f7d00000, 0x00000000f7d00000)
  to   space 12800K,   0% used [0x00000000f6400000, 0x00000000f6400000, 0x00000000f7080000)
 concurrent mark-sweep generation total 134144K, used 134141K [0x00000000f7d00000, 0x0000000100000000, 0x0000000100000000)
 Metaspace       used 52052K, capacity 54894K, committed 55936K, reserved 1097728K
  class space    used 6335K, capacity 6835K, committed 7040K, reserved 1048576K
2023-01-17T04:35:16.829+0800: 326.737: [GC (Allocation Failure) 2023-01-17T04:35:16.829+0800: 326.737: [ParNew: 115200K->115200K(115200K), 0.0000358 secs]2023-01-17T04:35:16.829+0800: 326.737: [CMS: 134141K->134141K(134144K), 0.2679288 secs] 249341K->157139K(249344K), [Metaspace: 52052K->52052K(1097728K)], 0.2683791 secs] [Times: user=0.27 sys=0.00, real=0.27 secs] 
Heap after GC invocations=462 (full 655):
 par new generation   total 115200K, used 22997K [0x00000000f0000000, 0x00000000f7d00000, 0x00000000f7d00000)
  eden space 102400K,  22% used [0x00000000f0000000, 0x00000000f16756e0, 0x00000000f6400000)
  from space 12800K,   0% used [0x00000000f7080000, 0x00000000f7080000, 0x00000000f7d00000)
  to   space 12800K,   0% used [0x00000000f6400000, 0x00000000f6400000, 0x00000000f7080000)
 concurrent mark-sweep generation total 134144K, used 134141K [0x00000000f7d00000, 0x0000000100000000, 0x0000000100000000)
 Metaspace       used 52052K, capacity 54894K, committed 55936K, reserved 1097728K
  class space    used 6335K, capacity 6835K, committed 7040K, reserved 1048576K
}
2023-01-17T04:35:17.107+0800: 327.014: [GC (CMS Initial Mark) [1 CMS-initial-mark: 134141K(134144K)] 160443K(249344K), 0.0070145 secs] [Times: user=0.02 sys=0.00, real=0.01 secs] 
2023-01-17T04:35:17.114+0800: 327.022: [CMS-concurrent-mark-start]
2023-01-17T04:35:17.194+0800: 327.102: [CMS-concurrent-mark: 0.080/0.080 secs] [Times: user=0.24 sys=0.03, real=0.08 secs] 
2023-01-17T04:35:17.194+0800: 327.102: [CMS-concurrent-preclean-start]
2023-01-17T04:35:17.271+0800: 327.179: [CMS-concurrent-preclean: 0.077/0.077 secs] [Times: user=0.22 sys=0.02, real=0.08 secs] 
2023-01-17T04:35:17.272+0800: 327.179: [CMS-concurrent-abortable-preclean-start]
2023-01-17T04:35:17.272+0800: 327.179: [CMS-concurrent-abortable-preclean: 0.000/0.000 secs] [Times: user=0.00 sys=0.00, real=0.00 secs] 
2023-01-17T04:35:17.275+0800: 327.183: [GC (CMS Final Remark) [YG occupancy: 108388 K (115200 K)]2023-01-17T04:35:17.275+0800: 327.183: [Rescan (parallel) , 0.0262629 secs]2023-01-17T04:35:17.302+0800: 327.210: [weak refs processing, 0.0000421 secs]2023-01-17T04:35:17.302+0800: 327.210: [class unloading, 0.0130801 secs]2023-01-17T04:35:17.315+0800: 327.223: [scrub symbol table, 0.0048869 secs]2023-01-17T04:35:17.320+0800: 327.228: [scrub string table, 0.0008815 secs][1 CMS-remark: 134141K(134144K)] 242529K(249344K), 0.0453208 secs] [Times: user=0.13 sys=0.00, real=0.05 secs] 
2023-01-17T04:35:17.321+0800: 327.229: [CMS-concurrent-sweep-start]
2023-01-17T04:35:17.339+0800: 327.247: [CMS-concurrent-sweep: 0.018/0.018 secs] [Times: user=0.07 sys=0.00, real=0.01 secs] 
2023-01-17T04:35:17.339+0800: 327.247: [CMS-concurrent-reset-start]
2023-01-17T04:35:17.340+0800: 327.247: [CMS-concurrent-reset: 0.000/0.000 secs] [Times: user=0.00 sys=0.00, real=0.01 secs] 
{Heap before GC invocations=462 (full 656):
 par new generation   total 115200K, used 115199K [0x00000000f0000000, 0x00000000f7d00000, 0x00000000f7d00000)
  eden space 102400K, 100% used [0x00000000f0000000, 0x00000000f6400000, 0x00000000f6400000)
  from space 12800K,  99% used [0x00000000f7080000, 0x00000000f7cffe70, 0x00000000f7d00000)
  to   space 12800K,   0% used [0x00000000f6400000, 0x00000000f6400000, 0x00000000f7080000)
 concurrent mark-sweep generation total 134144K, used 134141K [0x00000000f7d00000, 0x0000000100000000, 0x0000000100000000)
 Metaspace       used 52052K, capacity 54894K, committed 55936K, reserved 1097728K
  class space    used 6335K, capacity 6835K, committed 7040K, reserved 1048576K
2023-01-17T04:35:17.364+0800: 327.272: [GC (Allocation Failure) 2023-01-17T04:35:17.364+0800: 327.272: [ParNew: 115199K->115199K(115200K), 0.0000232 secs]2023-01-17T04:35:17.364+0800: 327.272: [CMS: 134141K->134141K(134144K), 0.1839383 secs] 249341K->157260K(249344K), [Metaspace: 52052K->52052K(1097728K)], 0.1842831 secs] [Times: user=0.19 sys=0.00, real=0.18 secs] 
Heap after GC invocations=463 (full 657):
 par new generation   total 115200K, used 23118K [0x00000000f0000000, 0x00000000f7d00000, 0x00000000f7d00000)
  eden space 102400K,  22% used [0x00000000f0000000, 0x00000000f1693af0, 0x00000000f6400000)
  from space 12800K,   0% used [0x00000000f7080000, 0x00000000f7080000, 0x00000000f7d00000)
  to   space 12800K,   0% used [0x00000000f6400000, 0x00000000f6400000, 0x00000000f7080000)
 concurrent mark-sweep generation total 134144K, used 134141K [0x00000000f7d00000, 0x0000000100000000, 0x0000000100000000)
 Metaspace       used 52052K, capacity 54894K, committed 55936K, reserved 1097728K
  class space    used 6335K, capacity 6835K, committed 7040K, reserved 1048576K
}
2023-01-17T04:35:17.552+0800: 327.460: [GC (CMS Initial Mark) [1 CMS-initial-mark: 134141K(134144K)] 157427K(249344K), 0.0067426 secs] [Times: user=0.02 sys=0.00, real=0.00 secs] 
2023-01-17T04:35:17.559+0800: 327.467: [CMS-concurrent-mark-start]
2023-01-17T04:35:17.621+0800: 327.529: [CMS-concurrent-mark: 0.062/0.062 secs] [Times: user=0.08 sys=0.00, real=0.07 secs] 
2023-01-17T04:35:17.621+0800: 327.529: [CMS-concurrent-preclean-start]
2023-01-17T04:35:17.755+0800: 327.663: [CMS-concurrent-preclean: 0.134/0.134 secs] [Times: user=0.36 sys=0.07, real=0.13 secs] 
2023-01-17T04:35:17.755+0800: 327.663: [CMS-concurrent-abortable-preclean-start]
2023-01-17T04:35:17.755+0800: 327.663: [CMS-concurrent-abortable-preclean: 0.000/0.000 secs] [Times: user=0.01 sys=0.00, real=0.00 secs] 
2023-01-17T04:35:17.759+0800: 327.667: [GC (CMS Final Remark) [YG occupancy: 106355 K (115200 K)]2023-01-17T04:35:17.759+0800: 327.667: [Rescan (parallel) , 0.0375620 secs]2023-01-17T04:35:17.797+0800: 327.705: [weak refs processing, 0.0000508 secs]2023-01-17T04:35:17.797+0800: 327.705: [class unloading, 0.0141163 secs]2023-01-17T04:35:17.811+0800: 327.719: [scrub symbol table, 0.0050569 secs]2023-01-17T04:35:17.816+0800: 327.724: [scrub string table, 0.0009295 secs][1 CMS-remark: 134141K(134144K)] 240497K(249344K), 0.0579064 secs] [Times: user=0.13 sys=0.00, real=0.06 secs] 
2023-01-17T04:35:17.820+0800: 327.728: [CMS-concurrent-sweep-start]
2023-01-17T04:35:17.843+0800: 327.751: [CMS-concurrent-sweep: 0.023/0.023 secs] [Times: user=0.05 sys=0.00, real=0.02 secs] 
2023-01-17T04:35:17.844+0800: 327.751: [CMS-concurrent-reset-start]
2023-01-17T04:35:17.844+0800: 327.752: [CMS-concurrent-reset: 0.000/0.000 secs] [Times: user=0.00 sys=0.00, real=0.00 secs] 
{Heap before GC invocations=463 (full 658):
 par new generation   total 115200K, used 115200K [0x00000000f0000000, 0x00000000f7d00000, 0x00000000f7d00000)
  eden space 102400K, 100% used [0x00000000f0000000, 0x00000000f6400000, 0x00000000f6400000)
  from space 12800K, 100% used [0x00000000f7080000, 0x00000000f7d00000, 0x00000000f7d00000)
  to   space 12800K,   0% used [0x00000000f6400000, 0x00000000f6400000, 0x00000000f7080000)
 concurrent mark-sweep generation total 134144K, used 134141K [0x00000000f7d00000, 0x0000000100000000, 0x0000000100000000)
 Metaspace       used 52052K, capacity 54894K, committed 55936K, reserved 1097728K
  class space    used 6335K, capacity 6835K, committed 7040K, reserved 1048576K
2023-01-17T04:35:17.879+0800: 327.786: [GC (Allocation Failure) 2023-01-17T04:35:17.879+0800: 327.787: [ParNew: 115200K->115200K(115200K), 0.0000250 secs]2023-01-17T04:35:17.879+0800: 327.787: [CMS: 134141K->134141K(134144K), 0.1868964 secs] 249341K->157200K(249344K), [Metaspace: 52052K->52052K(1097728K)], 0.1872675 secs] [Times: user=0.18 sys=0.00, real=0.19 secs] 
Heap after GC invocations=464 (full 659):
 par new generation   total 115200K, used 23059K [0x00000000f0000000, 0x00000000f7d00000, 0x00000000f7d00000)
  eden space 102400K,  22% used [0x00000000f0000000, 0x00000000f1684c38, 0x00000000f6400000)
  from space 12800K,   0% used [0x00000000f7080000, 0x00000000f7080000, 0x00000000f7d00000)
  to   space 12800K,   0% used [0x00000000f6400000, 0x00000000f6400000, 0x00000000f7080000)
 concurrent mark-sweep generation total 134144K, used 134141K [0x00000000f7d00000, 0x0000000100000000, 0x0000000100000000)
 Metaspace       used 52052K, capacity 54894K, committed 55936K, reserved 1097728K
  class space    used 6335K, capacity 6835K, committed 7040K, reserved 1048576K
}
2023-01-17T04:35:18.072+0800: 327.980: [GC (CMS Initial Mark) [1 CMS-initial-mark: 134141K(134144K)] 158829K(249344K), 0.0068344 secs] [Times: user=0.02 sys=0.00, real=0.00 secs] 
2023-01-17T04:35:18.079+0800: 327.987: [CMS-concurrent-mark-start]
2023-01-17T04:35:18.142+0800: 328.049: [CMS-concurrent-mark: 0.063/0.063 secs] [Times: user=0.15 sys=0.03, real=0.07 secs] 
2023-01-17T04:35:18.142+0800: 328.050: [CMS-concurrent-preclean-start]
2023-01-17T04:35:18.184+0800: 328.092: [CMS-concurrent-preclean: 0.042/0.042 secs] [Times: user=0.10 sys=0.03, real=0.04 secs] 
2023-01-17T04:35:18.184+0800: 328.092: [CMS-concurrent-abortable-preclean-start]
2023-01-17T04:35:18.184+0800: 328.092: [CMS-concurrent-abortable-preclean: 0.000/0.000 secs] [Times: user=0.00 sys=0.00, real=0.00 secs] 
2023-01-17T04:35:18.190+0800: 328.098: [GC (CMS Final Remark) [YG occupancy: 69308 K (115200 K)]2023-01-17T04:35:18.190+0800: 328.098: [Rescan (parallel) , 0.0220580 secs]2023-01-17T04:35:18.212+0800: 328.120: [weak refs processing, 0.0000611 secs]2023-01-17T04:35:18.213+0800: 328.120: [class unloading, 0.0131611 secs]2023-01-17T04:35:18.226+0800: 328.134: [scrub symbol table, 0.0050539 secs]2023-01-17T04:35:18.231+0800: 328.139: [scrub string table, 0.0009253 secs][1 CMS-remark: 134141K(134144K)] 203450K(249344K), 0.0414642 secs] [Times: user=0.09 sys=0.00, real=0.04 secs] 
2023-01-17T04:35:18.232+0800: 328.140: [CMS-concurrent-sweep-start]
2023-01-17T04:35:18.247+0800: 328.155: [CMS-concurrent-sweep: 0.015/0.015 secs] [Times: user=0.03 sys=0.01, real=0.01 secs] 
2023-01-17T04:35:18.247+0800: 328.155: [CMS-concurrent-reset-start]
2023-01-17T04:35:18.247+0800: 328.155: [CMS-concurrent-reset: 0.000/0.000 secs] [Times: user=0.00 sys=0.00, real=0.00 secs] 
{Heap before GC invocations=464 (full 660):
 par new generation   total 115200K, used 115199K [0x00000000f0000000, 0x00000000f7d00000, 0x00000000f7d00000)
  eden space 102400K, 100% used [0x00000000f0000000, 0x00000000f6400000, 0x00000000f6400000)
  from space 12800K,  99% used [0x00000000f7080000, 0x00000000f7cffff8, 0x00000000f7d00000)
  to   space 12800K,   0% used [0x00000000f6400000, 0x00000000f6400000, 0x00000000f7080000)
 concurrent mark-sweep generation total 134144K, used 134141K [0x00000000f7d00000, 0x0000000100000000, 0x0000000100000000)
 Metaspace       used 52052K, capacity 54894K, committed 55936K, reserved 1097728K
  class space    used 6335K, capacity 6835K, committed 7040K, reserved 1048576K
2023-01-17T04:35:18.394+0800: 328.302: [GC (Allocation Failure) 2023-01-17T04:35:18.394+0800: 328.302: [ParNew: 115199K->115199K(115200K), 0.0000247 secs]2023-01-17T04:35:18.394+0800: 328.302: [CMS: 134141K->134141K(134144K), 0.1954968 secs] 249341K->157352K(249344K), [Metaspace: 52052K->52052K(1097728K)], 0.1958615 secs] [Times: user=0.20 sys=0.00, real=0.20 secs] 
Heap after GC invocations=465 (full 661):
 par new generation   total 115200K, used 23211K [0x00000000f0000000, 0x00000000f7d00000, 0x00000000f7d00000)
  eden space 102400K,  22% used [0x00000000f0000000, 0x00000000f16aad88, 0x00000000f6400000)
  from space 12800K,   0% used [0x00000000f7080000, 0x00000000f7080000, 0x00000000f7d00000)
  to   space 12800K,   0% used [0x00000000f6400000, 0x00000000f6400000, 0x00000000f7080000)
 concurrent mark-sweep generation total 134144K, used 134141K [0x00000000f7d00000, 0x0000000100000000, 0x0000000100000000)
 Metaspace       used 52052K, capacity 54894K, committed 55936K, reserved 1097728K
  class space    used 6335K, capacity 6835K, committed 7040K, reserved 1048576K
}
2023-01-17T04:35:18.595+0800: 328.503: [GC (CMS Initial Mark) [1 CMS-initial-mark: 134141K(134144K)] 157460K(249344K), 0.0073470 secs] [Times: user=0.02 sys=0.00, real=0.01 secs] 
2023-01-17T04:35:18.603+0800: 328.511: [CMS-concurrent-mark-start]
2023-01-17T04:35:18.683+0800: 328.591: [CMS-concurrent-mark: 0.080/0.080 secs] [Times: user=0.22 sys=0.04, real=0.08 secs] 
2023-01-17T04:35:18.684+0800: 328.591: [CMS-concurrent-preclean-start]
2023-01-17T04:35:18.735+0800: 328.643: [CMS-concurrent-preclean: 0.051/0.051 secs] [Times: user=0.07 sys=0.01, real=0.05 secs] 
2023-01-17T04:35:18.735+0800: 328.643: [CMS-concurrent-abortable-preclean-start]
2023-01-17T04:35:18.735+0800: 328.643: [CMS-concurrent-abortable-preclean: 0.000/0.000 secs] [Times: user=0.00 sys=0.00, real=0.00 secs] 
2023-01-17T04:35:18.739+0800: 328.646: [GC (CMS Final Remark) [YG occupancy: 78946 K (115200 K)]2023-01-17T04:35:18.739+0800: 328.646: [Rescan (parallel) , 0.0234713 secs]2023-01-17T04:35:18.762+0800: 328.670: [weak refs processing, 0.0000392 secs]2023-01-17T04:35:18.762+0800: 328.670: [class unloading, 0.0131308 secs]2023-01-17T04:35:18.775+0800: 328.683: [scrub symbol table, 0.0049783 secs]2023-01-17T04:35:18.780+0800: 328.688: [scrub string table, 0.0008931 secs][1 CMS-remark: 134141K(134144K)] 213087K(249344K), 0.0426749 secs] [Times: user=0.08 sys=0.00, real=0.05 secs] 
2023-01-17T04:35:18.781+0800: 328.689: [CMS-concurrent-sweep-start]
2023-01-17T04:35:18.821+0800: 328.729: [CMS-concurrent-sweep: 0.040/0.040 secs] [Times: user=0.10 sys=0.01, real=0.04 secs] 
2023-01-17T04:35:18.822+0800: 328.729: [CMS-concurrent-reset-start]
2023-01-17T04:35:18.822+0800: 328.730: [CMS-concurrent-reset: 0.000/0.000 secs] [Times: user=0.00 sys=0.00, real=0.00 secs] 
{Heap before GC invocations=465 (full 662):
 par new generation   total 115200K, used 115199K [0x00000000f0000000, 0x00000000f7d00000, 0x00000000f7d00000)
  eden space 102400K, 100% used [0x00000000f0000000, 0x00000000f6400000, 0x00000000f6400000)
  from space 12800K,  99% used [0x00000000f7080000, 0x00000000f7cfffe8, 0x00000000f7d00000)
  to   space 12800K,   0% used [0x00000000f6400000, 0x00000000f6400000, 0x00000000f7080000)
 concurrent mark-sweep generation total 134144K, used 134141K [0x00000000f7d00000, 0x0000000100000000, 0x0000000100000000)
 Metaspace       used 52052K, capacity 54894K, committed 55936K, reserved 1097728K
  class space    used 6335K, capacity 6835K, committed 7040K, reserved 1048576K
2023-01-17T04:35:18.905+0800: 328.813: [GC (Allocation Failure) 2023-01-17T04:35:18.905+0800: 328.813: [ParNew: 115199K->115199K(115200K), 0.0000273 secs]2023-01-17T04:35:18.905+0800: 328.813: [CMS: 134141K->134141K(134144K), 0.1903415 secs] 249341K->157181K(249344K), [Metaspace: 52052K->52052K(1097728K)], 0.1907075 secs] [Times: user=0.19 sys=0.00, real=0.19 secs] 
Heap after GC invocations=466 (full 663):
 par new generation   total 115200K, used 23039K [0x00000000f0000000, 0x00000000f7d00000, 0x00000000f7d00000)
  eden space 102400K,  22% used [0x00000000f0000000, 0x00000000f167fe70, 0x00000000f6400000)
  from space 12800K,   0% used [0x00000000f7080000, 0x00000000f7080000, 0x00000000f7d00000)
  to   space 12800K,   0% used [0x00000000f6400000, 0x00000000f6400000, 0x00000000f7080000)
 concurrent mark-sweep generation total 134144K, used 134141K [0x00000000f7d00000, 0x0000000100000000, 0x0000000100000000)
 Metaspace       used 52052K, capacity 54894K, committed 55936K, reserved 1097728K
  class space    used 6335K, capacity 6835K, committed 7040K, reserved 1048576K
}
2023-01-17T04:35:19.101+0800: 329.009: [GC (CMS Initial Mark) [1 CMS-initial-mark: 134141K(134144K)] 157797K(249344K), 0.0068145 secs] [Times: user=0.02 sys=0.00, real=0.00 secs] 
2023-01-17T04:35:19.108+0800: 329.016: [CMS-concurrent-mark-start]
2023-01-17T04:35:19.176+0800: 329.083: [CMS-concurrent-mark: 0.068/0.068 secs] [Times: user=0.22 sys=0.02, real=0.07 secs] 
2023-01-17T04:35:19.176+0800: 329.084: [CMS-concurrent-preclean-start]
2023-01-17T04:35:19.217+0800: 329.125: [CMS-concurrent-preclean: 0.041/0.041 secs] [Times: user=0.10 sys=0.02, real=0.04 secs] 
2023-01-17T04:35:19.217+0800: 329.125: [CMS-concurrent-abortable-preclean-start]
2023-01-17T04:35:19.217+0800: 329.125: [CMS-concurrent-abortable-preclean: 0.000/0.000 secs] [Times: user=0.00 sys=0.00, real=0.00 secs] 
2023-01-17T04:35:19.220+0800: 329.128: [GC (CMS Final Remark) [YG occupancy: 94002 K (115200 K)]2023-01-17T04:35:19.221+0800: 329.128: [Rescan (parallel) , 0.0213580 secs]2023-01-17T04:35:19.242+0800: 329.150: [weak refs processing, 0.0000415 secs]2023-01-17T04:35:19.242+0800: 329.150: [class unloading, 0.0129411 secs]2023-01-17T04:35:19.255+0800: 329.163: [scrub symbol table, 0.0049424 secs]2023-01-17T04:35:19.260+0800: 329.168: [scrub string table, 0.0008815 secs][1 CMS-remark: 134141K(134144K)] 228143K(249344K), 0.0403508 secs] [Times: user=0.10 sys=0.00, real=0.04 secs] 
2023-01-17T04:35:19.261+0800: 329.169: [CMS-concurrent-sweep-start]
2023-01-17T04:35:19.274+0800: 329.182: [CMS-concurrent-sweep: 0.013/0.013 secs] [Times: user=0.01 sys=0.00, real=0.01 secs] 
2023-01-17T04:35:19.274+0800: 329.182: [CMS-concurrent-reset-start]
2023-01-17T04:35:19.275+0800: 329.182: [CMS-concurrent-reset: 0.000/0.000 secs] [Times: user=0.00 sys=0.00, real=0.00 secs] 
{Heap before GC invocations=466 (full 664):
 par new generation   total 115200K, used 115200K [0x00000000f0000000, 0x00000000f7d00000, 0x00000000f7d00000)
  eden space 102400K, 100% used [0x00000000f0000000, 0x00000000f6400000, 0x00000000f6400000)
  from space 12800K, 100% used [0x00000000f7080000, 0x00000000f7d00000, 0x00000000f7d00000)
  to   space 12800K,   0% used [0x00000000f6400000, 0x00000000f6400000, 0x00000000f7080000)
 concurrent mark-sweep generation total 134144K, used 134141K [0x00000000f7d00000, 0x0000000100000000, 0x0000000100000000)
 Metaspace       used 52052K, capacity 54894K, committed 55936K, reserved 1097728K
  class space    used 6335K, capacity 6835K, committed 7040K, reserved 1048576K
2023-01-17T04:35:19.393+0800: 329.301: [GC (Allocation Failure) 2023-01-17T04:35:19.393+0800: 329.301: [ParNew: 115200K->115200K(115200K), 0.0000253 secs]2023-01-17T04:35:19.393+0800: 329.301: [CMS: 134141K->134141K(134144K), 0.2447035 secs] 249341K->157401K(249344K), [Metaspace: 52052K->52052K(1097728K)], 0.2451493 secs] [Times: user=0.24 sys=0.00, real=0.24 secs] 
Heap after GC invocations=467 (full 665):
 par new generation   total 115200K, used 23260K [0x00000000f0000000, 0x00000000f7d00000, 0x00000000f7d00000)
  eden space 102400K,  22% used [0x00000000f0000000, 0x00000000f16b7090, 0x00000000f6400000)
  from space 12800K,   0% used [0x00000000f7080000, 0x00000000f7080000, 0x00000000f7d00000)
  to   space 12800K,   0% used [0x00000000f6400000, 0x00000000f6400000, 0x00000000f7080000)
 concurrent mark-sweep generation total 134144K, used 134141K [0x00000000f7d00000, 0x0000000100000000, 0x0000000100000000)
 Metaspace       used 52052K, capacity 54894K, committed 55936K, reserved 1097728K
  class space    used 6335K, capacity 6835K, committed 7040K, reserved 1048576K
}
2023-01-17T04:35:19.644+0800: 329.552: [GC (CMS Initial Mark) [1 CMS-initial-mark: 134141K(134144K)] 157744K(249344K), 0.0082784 secs] [Times: user=0.02 sys=0.00, real=0.01 secs] 
2023-01-17T04:35:19.653+0800: 329.561: [CMS-concurrent-mark-start]
2023-01-17T04:35:19.732+0800: 329.640: [CMS-concurrent-mark: 0.079/0.079 secs] [Times: user=0.20 sys=0.01, real=0.08 secs] 
2023-01-17T04:35:19.732+0800: 329.640: [CMS-concurrent-preclean-start]
2023-01-17T04:35:19.785+0800: 329.692: [CMS-concurrent-preclean: 0.052/0.052 secs] [Times: user=0.09 sys=0.01, real=0.05 secs] 
2023-01-17T04:35:19.785+0800: 329.693: [CMS-concurrent-abortable-preclean-start]
2023-01-17T04:35:19.785+0800: 329.693: [CMS-concurrent-abortable-preclean: 0.000/0.000 secs] [Times: user=0.00 sys=0.00, real=0.00 secs] 
2023-01-17T04:35:19.795+0800: 329.703: [GC (CMS Final Remark) [YG occupancy: 73775 K (115200 K)]2023-01-17T04:35:19.796+0800: 329.703: [Rescan (parallel) , 0.0176435 secs]2023-01-17T04:35:19.813+0800: 329.721: [weak refs processing, 0.0000426 secs]2023-01-17T04:35:19.813+0800: 329.721: [class unloading, 0.0138025 secs]2023-01-17T04:35:19.827+0800: 329.735: [scrub symbol table, 0.0050542 secs]2023-01-17T04:35:19.832+0800: 329.740: [scrub string table, 0.0009537 secs][1 CMS-remark: 134141K(134144K)] 207917K(249344K), 0.0376728 secs] [Times: user=0.09 sys=0.00, real=0.04 secs] 
2023-01-17T04:35:19.833+0800: 329.741: [CMS-concurrent-sweep-start]
2023-01-17T04:35:19.852+0800: 329.759: [CMS-concurrent-sweep: 0.018/0.018 secs] [Times: user=0.06 sys=0.01, real=0.02 secs] 
2023-01-17T04:35:19.852+0800: 329.760: [CMS-concurrent-reset-start]
2023-01-17T04:35:19.852+0800: 329.760: [CMS-concurrent-reset: 0.000/0.000 secs] [Times: user=0.00 sys=0.00, real=0.00 secs] 
{Heap before GC invocations=467 (full 666):
 par new generation   total 115200K, used 115199K [0x00000000f0000000, 0x00000000f7d00000, 0x00000000f7d00000)
  eden space 102400K, 100% used [0x00000000f0000000, 0x00000000f6400000, 0x00000000f6400000)
  from space 12800K,  99% used [0x00000000f7080000, 0x00000000f7cffff0, 0x00000000f7d00000)
  to   space 12800K,   0% used [0x00000000f6400000, 0x00000000f6400000, 0x00000000f7080000)
 concurrent mark-sweep generation total 134144K, used 134141K [0x00000000f7d00000, 0x0000000100000000, 0x0000000100000000)
 Metaspace       used 52052K, capacity 54894K, committed 55936K, reserved 1097728K
  class space    used 6335K, capacity 6835K, committed 7040K, reserved 1048576K
2023-01-17T04:35:19.947+0800: 329.855: [GC (Allocation Failure) 2023-01-17T04:35:19.948+0800: 329.855: [ParNew: 115199K->115199K(115200K), 0.0000254 secs]2023-01-17T04:35:19.948+0800: 329.855: [CMS: 134141K->134140K(134144K), 0.2045141 secs] 249341K->156968K(249344K), [Metaspace: 52052K->52052K(1097728K)], 0.2048596 secs] [Times: user=0.20 sys=0.00, real=0.21 secs] 
Heap after GC invocations=468 (full 667):
 par new generation   total 115200K, used 22827K [0x00000000f0000000, 0x00000000f7d00000, 0x00000000f7d00000)
  eden space 102400K,  22% used [0x00000000f0000000, 0x00000000f164ad88, 0x00000000f6400000)
  from space 12800K,   0% used [0x00000000f7080000, 0x00000000f7080000, 0x00000000f7d00000)
  to   space 12800K,   0% used [0x00000000f6400000, 0x00000000f6400000, 0x00000000f7080000)
 concurrent mark-sweep generation total 134144K, used 134140K [0x00000000f7d00000, 0x0000000100000000, 0x0000000100000000)
 Metaspace       used 52052K, capacity 54894K, committed 55936K, reserved 1097728K
  class space    used 6335K, capacity 6835K, committed 7040K, reserved 1048576K
}
2023-01-17T04:35:20.157+0800: 330.064: [GC (CMS Initial Mark) [1 CMS-initial-mark: 134140K(134144K)] 157163K(249344K), 0.0070707 secs] [Times: user=0.01 sys=0.00, real=0.01 secs] 
2023-01-17T04:35:20.164+0800: 330.072: [CMS-concurrent-mark-start]
2023-01-17T04:35:20.214+0800: 330.121: [CMS-concurrent-mark: 0.050/0.050 secs] [Times: user=0.09 sys=0.01, real=0.05 secs] 
2023-01-17T04:35:20.214+0800: 330.121: [CMS-concurrent-preclean-start]
2023-01-17T04:35:20.242+0800: 330.150: [CMS-concurrent-preclean: 0.029/0.029 secs] [Times: user=0.03 sys=0.00, real=0.03 secs] 
2023-01-17T04:35:20.242+0800: 330.150: [CMS-concurrent-abortable-preclean-start]
2023-01-17T04:35:20.242+0800: 330.150: [CMS-concurrent-abortable-preclean: 0.000/0.000 secs] [Times: user=0.00 sys=0.00, real=0.00 secs] 
2023-01-17T04:35:20.246+0800: 330.154: [GC (CMS Final Remark) [YG occupancy: 36542 K (115200 K)]2023-01-17T04:35:20.246+0800: 330.154: [Rescan (parallel) , 0.0077712 secs]2023-01-17T04:35:20.254+0800: 330.161: [weak refs processing, 0.0000390 secs]2023-01-17T04:35:20.254+0800: 330.162: [class unloading, 0.0126756 secs]2023-01-17T04:35:20.266+0800: 330.174: [scrub symbol table, 0.0049587 secs]2023-01-17T04:35:20.271+0800: 330.179: [scrub string table, 0.0008910 secs][1 CMS-remark: 134140K(134144K)] 170682K(249344K), 0.0264673 secs] [Times: user=0.05 sys=0.00, real=0.03 secs] 
2023-01-17T04:35:20.273+0800: 330.181: [CMS-concurrent-sweep-start]
2023-01-17T04:35:20.291+0800: 330.199: [CMS-concurrent-sweep: 0.018/0.018 secs] [Times: user=0.05 sys=0.01, real=0.02 secs] 
2023-01-17T04:35:20.291+0800: 330.199: [CMS-concurrent-reset-start]
2023-01-17T04:35:20.291+0800: 330.199: [CMS-concurrent-reset: 0.000/0.000 secs] [Times: user=0.00 sys=0.00, real=0.00 secs] 
{Heap before GC invocations=468 (full 668):
 par new generation   total 115200K, used 115199K [0x00000000f0000000, 0x00000000f7d00000, 0x00000000f7d00000)
  eden space 102400K, 100% used [0x00000000f0000000, 0x00000000f6400000, 0x00000000f6400000)
  from space 12800K,  99% used [0x00000000f7080000, 0x00000000f7cffff8, 0x00000000f7d00000)
  to   space 12800K,   0% used [0x00000000f6400000, 0x00000000f6400000, 0x00000000f7080000)
 concurrent mark-sweep generation total 134144K, used 134140K [0x00000000f7d00000, 0x0000000100000000, 0x0000000100000000)
 Metaspace       used 52052K, capacity 54894K, committed 55936K, reserved 1097728K
  class space    used 6335K, capacity 6835K, committed 7040K, reserved 1048576K
2023-01-17T04:35:20.699+0800: 330.606: [GC (Allocation Failure) 2023-01-17T04:35:20.699+0800: 330.607: [ParNew: 115199K->115199K(115200K), 0.0000265 secs]2023-01-17T04:35:20.699+0800: 330.607: [CMS: 134140K->134140K(134144K), 0.1898433 secs] 249340K->157070K(249344K), [Metaspace: 52052K->52052K(1097728K)], 0.1902185 secs] [Times: user=0.20 sys=0.00, real=0.19 secs] 
Heap after GC invocations=469 (full 669):
 par new generation   total 115200K, used 22930K [0x00000000f0000000, 0x00000000f7d00000, 0x00000000f7d00000)
  eden space 102400K,  22% used [0x00000000f0000000, 0x00000000f16649c0, 0x00000000f6400000)
  from space 12800K,   0% used [0x00000000f7080000, 0x00000000f7080000, 0x00000000f7d00000)
  to   space 12800K,   0% used [0x00000000f6400000, 0x00000000f6400000, 0x00000000f7080000)
 concurrent mark-sweep generation total 134144K, used 134140K [0x00000000f7d00000, 0x0000000100000000, 0x0000000100000000)
 Metaspace       used 52052K, capacity 54894K, committed 55936K, reserved 1097728K
  class space    used 6335K, capacity 6835K, committed 7040K, reserved 1048576K
}
2023-01-17T04:35:20.895+0800: 330.803: [GC (CMS Initial Mark) [1 CMS-initial-mark: 134140K(134144K)] 157295K(249344K), 0.0073431 secs] [Times: user=0.02 sys=0.00, real=0.01 secs] 
2023-01-17T04:35:20.909+0800: 330.817: [CMS-concurrent-mark-start]
2023-01-17T04:35:20.990+0800: 330.897: [CMS-concurrent-mark: 0.081/0.081 secs] [Times: user=0.18 sys=0.02, real=0.09 secs] 
2023-01-17T04:35:20.990+0800: 330.898: [CMS-concurrent-preclean-start]
2023-01-17T04:35:21.052+0800: 330.959: [CMS-concurrent-preclean: 0.062/0.062 secs] [Times: user=0.13 sys=0.01, real=0.06 secs] 
2023-01-17T04:35:21.052+0800: 330.960: [CMS-concurrent-abortable-preclean-start]
2023-01-17T04:35:21.052+0800: 330.960: [CMS-concurrent-abortable-preclean: 0.000/0.000 secs] [Times: user=0.00 sys=0.00, real=0.00 secs] 
2023-01-17T04:35:21.056+0800: 330.964: [GC (CMS Final Remark) [YG occupancy: 78345 K (115200 K)]2023-01-17T04:35:21.056+0800: 330.964: [Rescan (parallel) , 0.0189378 secs]2023-01-17T04:35:21.075+0800: 330.983: [weak refs processing, 0.0000407 secs]2023-01-17T04:35:21.075+0800: 330.983: [class unloading, 0.0133599 secs]2023-01-17T04:35:21.088+0800: 330.996: [scrub symbol table, 0.0049144 secs]2023-01-17T04:35:21.093+0800: 331.001: [scrub string table, 0.0008786 secs][1 CMS-remark: 134140K(134144K)] 212486K(249344K), 0.0383019 secs] [Times: user=0.10 sys=0.00, real=0.04 secs] 
2023-01-17T04:35:21.095+0800: 331.002: [CMS-concurrent-sweep-start]
2023-01-17T04:35:21.113+0800: 331.021: [CMS-concurrent-sweep: 0.018/0.018 secs] [Times: user=0.06 sys=0.00, real=0.02 secs] 
2023-01-17T04:35:21.113+0800: 331.021: [CMS-concurrent-reset-start]
2023-01-17T04:35:21.113+0800: 331.021: [CMS-concurrent-reset: 0.000/0.000 secs] [Times: user=0.01 sys=0.00, real=0.00 secs] 
{Heap before GC invocations=469 (full 670):
 par new generation   total 115200K, used 115200K [0x00000000f0000000, 0x00000000f7d00000, 0x00000000f7d00000)
  eden space 102400K, 100% used [0x00000000f0000000, 0x00000000f6400000, 0x00000000f6400000)
  from space 12800K, 100% used [0x00000000f7080000, 0x00000000f7d00000, 0x00000000f7d00000)
  to   space 12800K,   0% used [0x00000000f6400000, 0x00000000f6400000, 0x00000000f7080000)
 concurrent mark-sweep generation total 134144K, used 134139K [0x00000000f7d00000, 0x0000000100000000, 0x0000000100000000)
 Metaspace       used 52052K, capacity 54894K, committed 55936K, reserved 1097728K
  class space    used 6335K, capacity 6835K, committed 7040K, reserved 1048576K
2023-01-17T04:35:21.204+0800: 331.111: [GC (Allocation Failure) 2023-01-17T04:35:21.204+0800: 331.112: [ParNew: 115200K->115200K(115200K), 0.0000358 secs]2023-01-17T04:35:21.204+0800: 331.112: [CMS: 134139K->134136K(134144K), 0.2190176 secs] 249339K->157147K(249344K), [Metaspace: 52052K->52052K(1097728K)], 0.2194532 secs] [Times: user=0.22 sys=0.00, real=0.22 secs] 
Heap after GC invocations=470 (full 671):
 par new generation   total 115200K, used 23010K [0x00000000f0000000, 0x00000000f7d00000, 0x00000000f7d00000)
  eden space 102400K,  22% used [0x00000000f0000000, 0x00000000f1678a68, 0x00000000f6400000)
  from space 12800K,   0% used [0x00000000f7080000, 0x00000000f7080000, 0x00000000f7d00000)
  to   space 12800K,   0% used [0x00000000f6400000, 0x00000000f6400000, 0x00000000f7080000)
 concurrent mark-sweep generation total 134144K, used 134136K [0x00000000f7d00000, 0x0000000100000000, 0x0000000100000000)
 Metaspace       used 52052K, capacity 54894K, committed 55936K, reserved 1097728K
  class space    used 6335K, capacity 6835K, committed 7040K, reserved 1048576K
}
2023-01-17T04:35:21.427+0800: 331.335: [GC (CMS Initial Mark) [1 CMS-initial-mark: 134136K(134144K)] 157336K(249344K), 0.0073801 secs] [Times: user=0.02 sys=0.00, real=0.01 secs] 
2023-01-17T04:35:21.435+0800: 331.343: [CMS-concurrent-mark-start]
2023-01-17T04:35:21.490+0800: 331.398: [CMS-concurrent-mark: 0.055/0.055 secs] [Times: user=0.10 sys=0.02, real=0.06 secs] 
2023-01-17T04:35:21.490+0800: 331.398: [CMS-concurrent-preclean-start]
2023-01-17T04:35:21.519+0800: 331.427: [CMS-concurrent-preclean: 0.030/0.030 secs] [Times: user=0.03 sys=0.00, real=0.03 secs] 
2023-01-17T04:35:21.520+0800: 331.427: [CMS-concurrent-abortable-preclean-start]
2023-01-17T04:35:21.520+0800: 331.427: [CMS-concurrent-abortable-preclean: 0.000/0.000 secs] [Times: user=0.00 sys=0.00, real=0.00 secs] 
2023-01-17T04:35:21.523+0800: 331.431: [GC (CMS Final Remark) [YG occupancy: 38182 K (115200 K)]2023-01-17T04:35:21.523+0800: 331.431: [Rescan (parallel) , 0.0078610 secs]2023-01-17T04:35:21.531+0800: 331.439: [weak refs processing, 0.0000372 secs]2023-01-17T04:35:21.531+0800: 331.439: [class unloading, 0.0124798 secs]2023-01-17T04:35:21.543+0800: 331.451: [scrub symbol table, 0.0049513 secs]2023-01-17T04:35:21.548+0800: 331.456: [scrub string table, 0.0008963 secs][1 CMS-remark: 134136K(134144K)] 172319K(249344K), 0.0263630 secs] [Times: user=0.05 sys=0.00, real=0.02 secs] 
2023-01-17T04:35:21.550+0800: 331.458: [CMS-concurrent-sweep-start]
2023-01-17T04:35:21.566+0800: 331.474: [CMS-concurrent-sweep: 0.016/0.016 secs] [Times: user=0.05 sys=0.01, real=0.01 secs] 
2023-01-17T04:35:21.566+0800: 331.474: [CMS-concurrent-reset-start]
2023-01-17T04:35:21.567+0800: 331.474: [CMS-concurrent-reset: 0.000/0.000 secs] [Times: user=0.00 sys=0.00, real=0.00 secs] 
{Heap before GC invocations=470 (full 672):
 par new generation   total 115200K, used 115200K [0x00000000f0000000, 0x00000000f7d00000, 0x00000000f7d00000)
  eden space 102400K, 100% used [0x00000000f0000000, 0x00000000f6400000, 0x00000000f6400000)
  from space 12800K, 100% used [0x00000000f7080000, 0x00000000f7d00000, 0x00000000f7d00000)
  to   space 12800K,   0% used [0x00000000f6400000, 0x00000000f6400000, 0x00000000f7080000)
 concurrent mark-sweep generation total 134144K, used 134136K [0x00000000f7d00000, 0x0000000100000000, 0x0000000100000000)
 Metaspace       used 52052K, capacity 54894K, committed 55936K, reserved 1097728K
  class space    used 6335K, capacity 6835K, committed 7040K, reserved 1048576K
2023-01-17T04:35:21.749+0800: 331.657: [GC (Allocation Failure) 2023-01-17T04:35:21.749+0800: 331.657: [ParNew: 115200K->115200K(115200K), 0.0000261 secs]2023-01-17T04:35:21.749+0800: 331.657: [CMS: 134136K->134136K(134144K), 0.1891330 secs] 249336K->157463K(249344K), [Metaspace: 52052K->52052K(1097728K)], 0.1895108 secs] [Times: user=0.19 sys=0.00, real=0.19 secs] 
Heap after GC invocations=471 (full 673):
 par new generation   total 115200K, used 23327K [0x00000000f0000000, 0x00000000f7d00000, 0x00000000f7d00000)
  eden space 102400K,  22% used [0x00000000f0000000, 0x00000000f16c7c58, 0x00000000f6400000)
  from space 12800K,   0% used [0x00000000f7080000, 0x00000000f7080000, 0x00000000f7d00000)
  to   space 12800K,   0% used [0x00000000f6400000, 0x00000000f6400000, 0x00000000f7080000)
 concurrent mark-sweep generation total 134144K, used 134136K [0x00000000f7d00000, 0x0000000100000000, 0x0000000100000000)
 Metaspace       used 52052K, capacity 54894K, committed 55936K, reserved 1097728K
  class space    used 6335K, capacity 6835K, committed 7040K, reserved 1048576K
}
2023-01-17T04:35:21.943+0800: 331.851: [GC (CMS Initial Mark) [1 CMS-initial-mark: 134136K(134144K)] 158251K(249344K), 0.0068269 secs] [Times: user=0.02 sys=0.00, real=0.01 secs] 
2023-01-17T04:35:21.951+0800: 331.858: [CMS-concurrent-mark-start]
2023-01-17T04:35:22.039+0800: 331.947: [CMS-concurrent-mark: 0.089/0.089 secs] [Times: user=0.19 sys=0.10, real=0.09 secs] 
2023-01-17T04:35:22.040+0800: 331.948: [CMS-concurrent-preclean-start]
2023-01-17T04:35:22.090+0800: 331.998: [CMS-concurrent-preclean: 0.051/0.051 secs] [Times: user=0.08 sys=0.02, real=0.05 secs] 
2023-01-17T04:35:22.091+0800: 331.998: [CMS-concurrent-abortable-preclean-start]
2023-01-17T04:35:22.091+0800: 331.998: [CMS-concurrent-abortable-preclean: 0.000/0.000 secs] [Times: user=0.00 sys=0.00, real=0.00 secs] 
2023-01-17T04:35:22.095+0800: 332.003: [GC (CMS Final Remark) [YG occupancy: 63647 K (115200 K)]2023-01-17T04:35:22.096+0800: 332.003: [Rescan (parallel) , 0.0349250 secs]2023-01-17T04:35:22.131+0800: 332.038: [weak refs processing, 0.0000525 secs]2023-01-17T04:35:22.131+0800: 332.038: [class unloading, 0.0184135 secs]2023-01-17T04:35:22.149+0800: 332.057: [scrub symbol table, 0.0075825 secs]2023-01-17T04:35:22.157+0800: 332.064: [scrub string table, 0.0014302 secs][1 CMS-remark: 134136K(134144K)] 197783K(249344K), 0.0625936 secs] [Times: user=0.10 sys=0.00, real=0.06 secs] 
2023-01-17T04:35:22.160+0800: 332.067: [CMS-concurrent-sweep-start]
2023-01-17T04:35:22.195+0800: 332.103: [CMS-concurrent-sweep: 0.035/0.035 secs] [Times: user=0.06 sys=0.02, real=0.03 secs] 
2023-01-17T04:35:22.195+0800: 332.103: [CMS-concurrent-reset-start]
2023-01-17T04:35:22.195+0800: 332.103: [CMS-concurrent-reset: 0.000/0.000 secs] [Times: user=0.00 sys=0.00, real=0.00 secs] 
{Heap before GC invocations=471 (full 674):
 par new generation   total 115200K, used 115199K [0x00000000f0000000, 0x00000000f7d00000, 0x00000000f7d00000)
  eden space 102400K, 100% used [0x00000000f0000000, 0x00000000f6400000, 0x00000000f6400000)
  from space 12800K,  99% used [0x00000000f7080000, 0x00000000f7cffff8, 0x00000000f7d00000)
  to   space 12800K,   0% used [0x00000000f6400000, 0x00000000f6400000, 0x00000000f7080000)
 concurrent mark-sweep generation total 134144K, used 134136K [0x00000000f7d00000, 0x0000000100000000, 0x0000000100000000)
 Metaspace       used 52052K, capacity 54894K, committed 55936K, reserved 1097728K
  class space    used 6335K, capacity 6835K, committed 7040K, reserved 1048576K
2023-01-17T04:35:22.358+0800: 332.266: [GC (Allocation Failure) 2023-01-17T04:35:22.358+0800: 332.266: [ParNew: 115199K->115199K(115200K), 0.0000305 secs]2023-01-17T04:35:22.358+0800: 332.266: [CMS: 134136K->134135K(134144K), 0.2108042 secs] 249336K->157465K(249344K), [Metaspace: 52052K->52052K(1097728K)], 0.2112239 secs] [Times: user=0.22 sys=0.00, real=0.21 secs] 
Heap after GC invocations=472 (full 675):
 par new generation   total 115200K, used 23329K [0x00000000f0000000, 0x00000000f7d00000, 0x00000000f7d00000)
  eden space 102400K,  22% used [0x00000000f0000000, 0x00000000f16c85e8, 0x00000000f6400000)
  from space 12800K,   0% used [0x00000000f7080000, 0x00000000f7080000, 0x00000000f7d00000)
  to   space 12800K,   0% used [0x00000000f6400000, 0x00000000f6400000, 0x00000000f7080000)
 concurrent mark-sweep generation total 134144K, used 134135K [0x00000000f7d00000, 0x0000000100000000, 0x0000000100000000)
 Metaspace       used 52052K, capacity 54894K, committed 55936K, reserved 1097728K
  class space    used 6335K, capacity 6835K, committed 7040K, reserved 1048576K
}
2023-01-17T04:35:22.575+0800: 332.483: [GC (CMS Initial Mark) [1 CMS-initial-mark: 134135K(134144K)] 158303K(249344K), 0.0066131 secs] [Times: user=0.02 sys=0.00, real=0.01 secs] 
2023-01-17T04:35:22.582+0800: 332.490: [CMS-concurrent-mark-start]
2023-01-17T04:35:22.645+0800: 332.553: [CMS-concurrent-mark: 0.064/0.064 secs] [Times: user=0.19 sys=0.02, real=0.06 secs] 
2023-01-17T04:35:22.646+0800: 332.554: [CMS-concurrent-preclean-start]
2023-01-17T04:35:22.691+0800: 332.599: [CMS-concurrent-preclean: 0.045/0.045 secs] [Times: user=0.13 sys=0.01, real=0.05 secs] 
2023-01-17T04:35:22.691+0800: 332.599: [CMS-concurrent-abortable-preclean-start]
2023-01-17T04:35:22.691+0800: 332.599: [CMS-concurrent-abortable-preclean: 0.000/0.000 secs] [Times: user=0.00 sys=0.00, real=0.00 secs] 
2023-01-17T04:35:22.695+0800: 332.602: [GC (CMS Final Remark) [YG occupancy: 88140 K (115200 K)]2023-01-17T04:35:22.695+0800: 332.603: [Rescan (parallel) , 0.0202783 secs]2023-01-17T04:35:22.715+0800: 332.623: [weak refs processing, 0.0000403 secs]2023-01-17T04:35:22.715+0800: 332.623: [class unloading, 0.0129343 secs]2023-01-17T04:35:22.728+0800: 332.636: [scrub symbol table, 0.0049557 secs]2023-01-17T04:35:22.733+0800: 332.641: [scrub string table, 0.0008861 secs][1 CMS-remark: 134135K(134144K)] 222276K(249344K), 0.0392611 secs] [Times: user=0.10 sys=0.00, real=0.04 secs] 
2023-01-17T04:35:22.734+0800: 332.642: [CMS-concurrent-sweep-start]
2023-01-17T04:35:22.753+0800: 332.661: [CMS-concurrent-sweep: 0.019/0.019 secs] [Times: user=0.06 sys=0.01, real=0.02 secs] 
2023-01-17T04:35:22.754+0800: 332.661: [CMS-concurrent-reset-start]
2023-01-17T04:35:22.754+0800: 332.662: [CMS-concurrent-reset: 0.000/0.000 secs] [Times: user=0.00 sys=0.01, real=0.00 secs] 
{Heap before GC invocations=472 (full 676):
 par new generation   total 115200K, used 115200K [0x00000000f0000000, 0x00000000f7d00000, 0x00000000f7d00000)
  eden space 102400K, 100% used [0x00000000f0000000, 0x00000000f6400000, 0x00000000f6400000)
  from space 12800K, 100% used [0x00000000f7080000, 0x00000000f7d00000, 0x00000000f7d00000)
  to   space 12800K,   0% used [0x00000000f6400000, 0x00000000f6400000, 0x00000000f7080000)
 concurrent mark-sweep generation total 134144K, used 134135K [0x00000000f7d00000, 0x0000000100000000, 0x0000000100000000)
 Metaspace       used 52052K, capacity 54894K, committed 55936K, reserved 1097728K
  class space    used 6335K, capacity 6835K, committed 7040K, reserved 1048576K
2023-01-17T04:35:22.829+0800: 332.737: [GC (Allocation Failure) 2023-01-17T04:35:22.830+0800: 332.737: [ParNew: 115200K->115200K(115200K), 0.0000259 secs]2023-01-17T04:35:22.830+0800: 332.737: [CMS: 134135K->134135K(134144K), 0.1920010 secs] 249335K->157364K(249344K), [Metaspace: 52052K->52052K(1097728K)], 0.1923778 secs] [Times: user=0.19 sys=0.00, real=0.20 secs] 
Heap after GC invocations=473 (full 677):
 par new generation   total 115200K, used 23228K [0x00000000f0000000, 0x00000000f7d00000, 0x00000000f7d00000)
  eden space 102400K,  22% used [0x00000000f0000000, 0x00000000f16af120, 0x00000000f6400000)
  from space 12800K,   0% used [0x00000000f7080000, 0x00000000f7080000, 0x00000000f7d00000)
  to   space 12800K,   0% used [0x00000000f6400000, 0x00000000f6400000, 0x00000000f7080000)
 concurrent mark-sweep generation total 134144K, used 134135K [0x00000000f7d00000, 0x0000000100000000, 0x0000000100000000)
 Metaspace       used 52052K, capacity 54894K, committed 55936K, reserved 1097728K
  class space    used 6335K, capacity 6835K, committed 7040K, reserved 1048576K
}
2023-01-17T04:35:23.027+0800: 332.934: [GC (CMS Initial Mark) [1 CMS-initial-mark: 134135K(134144K)] 157588K(249344K), 0.0082973 secs] [Times: user=0.02 sys=0.00, real=0.01 secs] 
2023-01-17T04:35:23.036+0800: 332.943: [CMS-concurrent-mark-start]
2023-01-17T04:35:23.092+0800: 333.000: [CMS-concurrent-mark: 0.057/0.057 secs] [Times: user=0.09 sys=0.02, real=0.06 secs] 
2023-01-17T04:35:23.092+0800: 333.000: [CMS-concurrent-preclean-start]
2023-01-17T04:35:23.135+0800: 333.043: [CMS-concurrent-preclean: 0.043/0.043 secs] [Times: user=0.13 sys=0.01, real=0.04 secs] 
2023-01-17T04:35:23.136+0800: 333.043: [CMS-concurrent-abortable-preclean-start]
2023-01-17T04:35:23.136+0800: 333.043: [CMS-concurrent-abortable-preclean: 0.000/0.000 secs] [Times: user=0.00 sys=0.00, real=0.00 secs] 
2023-01-17T04:35:23.140+0800: 333.047: [GC (CMS Final Remark) [YG occupancy: 59162 K (115200 K)]2023-01-17T04:35:23.140+0800: 333.048: [Rescan (parallel) , 0.0197529 secs]2023-01-17T04:35:23.160+0800: 333.067: [weak refs processing, 0.0000513 secs]2023-01-17T04:35:23.160+0800: 333.067: [class unloading, 0.0135244 secs]2023-01-17T04:35:23.173+0800: 333.081: [scrub symbol table, 0.0048450 secs]2023-01-17T04:35:23.178+0800: 333.086: [scrub string table, 0.0008684 secs][1 CMS-remark: 134135K(134144K)] 193298K(249344K), 0.0392019 secs] [Times: user=0.08 sys=0.00, real=0.03 secs] 
2023-01-17T04:35:23.180+0800: 333.087: [CMS-concurrent-sweep-start]
2023-01-17T04:35:23.195+0800: 333.103: [CMS-concurrent-sweep: 0.016/0.016 secs] [Times: user=0.03 sys=0.00, real=0.01 secs] 
2023-01-17T04:35:23.195+0800: 333.103: [CMS-concurrent-reset-start]
2023-01-17T04:35:23.196+0800: 333.103: [CMS-concurrent-reset: 0.000/0.000 secs] [Times: user=0.00 sys=0.00, real=0.00 secs] 
{Heap before GC invocations=473 (full 678):
 par new generation   total 115200K, used 115199K [0x00000000f0000000, 0x00000000f7d00000, 0x00000000f7d00000)
  eden space 102400K, 100% used [0x00000000f0000000, 0x00000000f6400000, 0x00000000f6400000)
  from space 12800K,  99% used [0x00000000f7080000, 0x00000000f7cffff8, 0x00000000f7d00000)
  to   space 12800K,   0% used [0x00000000f6400000, 0x00000000f6400000, 0x00000000f7080000)
 concurrent mark-sweep generation total 134144K, used 134135K [0x00000000f7d00000, 0x0000000100000000, 0x0000000100000000)
 Metaspace       used 52052K, capacity 54894K, committed 55936K, reserved 1097728K
  class space    used 6335K, capacity 6835K, committed 7040K, reserved 1048576K
2023-01-17T04:35:23.331+0800: 333.239: [GC (Allocation Failure) 2023-01-17T04:35:23.332+0800: 333.239: [ParNew: 115199K->115199K(115200K), 0.0000271 secs]2023-01-17T04:35:23.332+0800: 333.239: [CMS: 134135K->134135K(134144K), 0.1869405 secs] 249335K->157527K(249344K), [Metaspace: 52052K->52052K(1097728K)], 0.1872959 secs] [Times: user=0.18 sys=0.00, real=0.18 secs] 
Heap after GC invocations=474 (full 679):
 par new generation   total 115200K, used 23391K [0x00000000f0000000, 0x00000000f7d00000, 0x00000000f7d00000)
  eden space 102400K,  22% used [0x00000000f0000000, 0x00000000f16d7f40, 0x00000000f6400000)
  from space 12800K,   0% used [0x00000000f7080000, 0x00000000f7080000, 0x00000000f7d00000)
  to   space 12800K,   0% used [0x00000000f6400000, 0x00000000f6400000, 0x00000000f7080000)
 concurrent mark-sweep generation total 134144K, used 134135K [0x00000000f7d00000, 0x0000000100000000, 0x0000000100000000)
 Metaspace       used 52052K, capacity 54894K, committed 55936K, reserved 1097728K
  class space    used 6335K, capacity 6835K, committed 7040K, reserved 1048576K
}
2023-01-17T04:35:23.525+0800: 333.432: [GC (CMS Initial Mark) [1 CMS-initial-mark: 134135K(134144K)] 157839K(249344K), 0.0069254 secs] [Times: user=0.02 sys=0.00, real=0.01 secs] 
2023-01-17T04:35:23.532+0800: 333.440: [CMS-concurrent-mark-start]
2023-01-17T04:35:23.597+0800: 333.504: [CMS-concurrent-mark: 0.065/0.065 secs] [Times: user=0.14 sys=0.03, real=0.06 secs] 
2023-01-17T04:35:23.597+0800: 333.505: [CMS-concurrent-preclean-start]
2023-01-17T04:35:23.628+0800: 333.536: [CMS-concurrent-preclean: 0.032/0.032 secs] [Times: user=0.05 sys=0.00, real=0.03 secs] 
2023-01-17T04:35:23.629+0800: 333.536: [CMS-concurrent-abortable-preclean-start]
2023-01-17T04:35:23.629+0800: 333.536: [CMS-concurrent-abortable-preclean: 0.000/0.000 secs] [Times: user=0.00 sys=0.00, real=0.00 secs] 
2023-01-17T04:35:23.632+0800: 333.540: [GC (CMS Final Remark) [YG occupancy: 55846 K (115200 K)]2023-01-17T04:35:23.632+0800: 333.540: [Rescan (parallel) , 0.0126427 secs]2023-01-17T04:35:23.645+0800: 333.553: [weak refs processing, 0.0000410 secs]2023-01-17T04:35:23.645+0800: 333.553: [class unloading, 0.0128492 secs]2023-01-17T04:35:23.658+0800: 333.566: [scrub symbol table, 0.0047642 secs]2023-01-17T04:35:23.663+0800: 333.570: [scrub string table, 0.0008916 secs][1 CMS-remark: 134135K(134144K)] 189982K(249344K), 0.0313340 secs] [Times: user=0.07 sys=0.00, real=0.03 secs] 
2023-01-17T04:35:23.664+0800: 333.572: [CMS-concurrent-sweep-start]
2023-01-17T04:35:23.680+0800: 333.587: [CMS-concurrent-sweep: 0.015/0.015 secs] [Times: user=0.03 sys=0.00, real=0.02 secs] 
2023-01-17T04:35:23.680+0800: 333.587: [CMS-concurrent-reset-start]
2023-01-17T04:35:23.680+0800: 333.588: [CMS-concurrent-reset: 0.000/0.000 secs] [Times: user=0.00 sys=0.00, real=0.00 secs] 
{Heap before GC invocations=474 (full 680):
 par new generation   total 115200K, used 115199K [0x00000000f0000000, 0x00000000f7d00000, 0x00000000f7d00000)
  eden space 102400K, 100% used [0x00000000f0000000, 0x00000000f6400000, 0x00000000f6400000)
  from space 12800K,  99% used [0x00000000f7080000, 0x00000000f7cffff8, 0x00000000f7d00000)
  to   space 12800K,   0% used [0x00000000f6400000, 0x00000000f6400000, 0x00000000f7080000)
 concurrent mark-sweep generation total 134144K, used 134135K [0x00000000f7d00000, 0x0000000100000000, 0x0000000100000000)
 Metaspace       used 52052K, capacity 54894K, committed 55936K, reserved 1097728K
  class space    used 6335K, capacity 6835K, committed 7040K, reserved 1048576K
2023-01-17T04:35:23.841+0800: 333.749: [GC (Allocation Failure) 2023-01-17T04:35:23.841+0800: 333.749: [ParNew: 115199K->115199K(115200K), 0.0000254 secs]2023-01-17T04:35:23.841+0800: 333.749: [CMS: 134135K->134143K(134144K), 0.2060802 secs] 249335K->157371K(249344K), [Metaspace: 52052K->52052K(1097728K)], 0.2064386 secs] [Times: user=0.21 sys=0.00, real=0.20 secs] 
Heap after GC invocations=475 (full 681):
 par new generation   total 115200K, used 23227K [0x00000000f0000000, 0x00000000f7d00000, 0x00000000f7d00000)
  eden space 102400K,  22% used [0x00000000f0000000, 0x00000000f16aeef8, 0x00000000f6400000)
  from space 12800K,   0% used [0x00000000f7080000, 0x00000000f7080000, 0x00000000f7d00000)
  to   space 12800K,   0% used [0x00000000f6400000, 0x00000000f6400000, 0x00000000f7080000)
 concurrent mark-sweep generation total 134144K, used 134143K [0x00000000f7d00000, 0x0000000100000000, 0x0000000100000000)
 Metaspace       used 52052K, capacity 54894K, committed 55936K, reserved 1097728K
  class space    used 6335K, capacity 6835K, committed 7040K, reserved 1048576K
}
2023-01-17T04:35:24.060+0800: 333.968: [GC (CMS Initial Mark) [1 CMS-initial-mark: 134143K(134144K)] 162047K(249344K), 0.0095124 secs] [Times: user=0.02 sys=0.00, real=0.00 secs] 
2023-01-17T04:35:24.070+0800: 333.977: [CMS-concurrent-mark-start]
2023-01-17T04:35:24.155+0800: 334.063: [CMS-concurrent-mark: 0.086/0.086 secs] [Times: user=0.20 sys=0.04, real=0.08 secs] 
2023-01-17T04:35:24.155+0800: 334.063: [CMS-concurrent-preclean-start]
2023-01-17T04:35:24.187+0800: 334.095: [CMS-concurrent-preclean: 0.031/0.031 secs] [Times: user=0.05 sys=0.01, real=0.03 secs] 
2023-01-17T04:35:24.187+0800: 334.095: [CMS-concurrent-abortable-preclean-start]
2023-01-17T04:35:24.187+0800: 334.095: [CMS-concurrent-abortable-preclean: 0.000/0.000 secs] [Times: user=0.00 sys=0.00, real=0.00 secs] 
2023-01-17T04:35:24.191+0800: 334.098: [GC (CMS Final Remark) [YG occupancy: 75268 K (115200 K)]2023-01-17T04:35:24.191+0800: 334.098: [Rescan (parallel) , 0.0164914 secs]2023-01-17T04:35:24.207+0800: 334.115: [weak refs processing, 0.0000397 secs]2023-01-17T04:35:24.207+0800: 334.115: [class unloading, 0.0126833 secs]2023-01-17T04:35:24.220+0800: 334.128: [scrub symbol table, 0.0049379 secs]2023-01-17T04:35:24.225+0800: 334.133: [scrub string table, 0.0008827 secs][1 CMS-remark: 134143K(134144K)] 209412K(249344K), 0.0351970 secs] [Times: user=0.09 sys=0.00, real=0.03 secs] 
2023-01-17T04:35:24.226+0800: 334.134: [CMS-concurrent-sweep-start]
2023-01-17T04:35:24.243+0800: 334.151: [CMS-concurrent-sweep: 0.017/0.017 secs] [Times: user=0.05 sys=0.01, real=0.02 secs] 
2023-01-17T04:35:24.243+0800: 334.151: [CMS-concurrent-reset-start]
2023-01-17T04:35:24.244+0800: 334.151: [CMS-concurrent-reset: 0.000/0.000 secs] [Times: user=0.00 sys=0.00, real=0.00 secs] 
{Heap before GC invocations=475 (full 682):
 par new generation   total 115200K, used 115199K [0x00000000f0000000, 0x00000000f7d00000, 0x00000000f7d00000)
  eden space 102400K, 100% used [0x00000000f0000000, 0x00000000f6400000, 0x00000000f6400000)
  from space 12800K,  99% used [0x00000000f7080000, 0x00000000f7cffff8, 0x00000000f7d00000)
  to   space 12800K,   0% used [0x00000000f6400000, 0x00000000f6400000, 0x00000000f7080000)
 concurrent mark-sweep generation total 134144K, used 134143K [0x00000000f7d00000, 0x0000000100000000, 0x0000000100000000)
 Metaspace       used 52052K, capacity 54894K, committed 55936K, reserved 1097728K
  class space    used 6335K, capacity 6835K, committed 7040K, reserved 1048576K
2023-01-17T04:35:24.343+0800: 334.251: [GC (Allocation Failure) 2023-01-17T04:35:24.343+0800: 334.251: [ParNew: 115199K->115199K(115200K), 0.0000262 secs]2023-01-17T04:35:24.343+0800: 334.251: [CMS: 134143K->134143K(134144K), 0.1938035 secs] 249343K->157549K(249344K), [Metaspace: 52052K->52052K(1097728K)], 0.1941790 secs] [Times: user=0.19 sys=0.00, real=0.19 secs] 
Heap after GC invocations=476 (full 683):
 par new generation   total 115200K, used 23405K [0x00000000f0000000, 0x00000000f7d00000, 0x00000000f7d00000)
  eden space 102400K,  22% used [0x00000000f0000000, 0x00000000f16db6e0, 0x00000000f6400000)
  from space 12800K,   0% used [0x00000000f7080000, 0x00000000f7080000, 0x00000000f7d00000)
  to   space 12800K,   0% used [0x00000000f6400000, 0x00000000f6400000, 0x00000000f7080000)
 concurrent mark-sweep generation total 134144K, used 134143K [0x00000000f7d00000, 0x0000000100000000, 0x0000000100000000)
 Metaspace       used 52052K, capacity 54894K, committed 55936K, reserved 1097728K
  class space    used 6335K, capacity 6835K, committed 7040K, reserved 1048576K
}
2023-01-17T04:35:24.541+0800: 334.449: [GC (CMS Initial Mark) [1 CMS-initial-mark: 134143K(134144K)] 157668K(249344K), 0.0064187 secs] [Times: user=0.01 sys=0.00, real=0.00 secs] 
2023-01-17T04:35:24.548+0800: 334.455: [CMS-concurrent-mark-start]
2023-01-17T04:35:24.601+0800: 334.508: [CMS-concurrent-mark: 0.053/0.053 secs] [Times: user=0.09 sys=0.01, real=0.06 secs] 
2023-01-17T04:35:24.601+0800: 334.509: [CMS-concurrent-preclean-start]
2023-01-17T04:35:24.652+0800: 334.560: [CMS-concurrent-preclean: 0.051/0.051 secs] [Times: user=0.16 sys=0.02, real=0.05 secs] 
2023-01-17T04:35:24.652+0800: 334.560: [CMS-concurrent-abortable-preclean-start]
2023-01-17T04:35:24.652+0800: 334.560: [CMS-concurrent-abortable-preclean: 0.000/0.000 secs] [Times: user=0.00 sys=0.00, real=0.00 secs] 
2023-01-17T04:35:24.656+0800: 334.564: [GC (CMS Final Remark) [YG occupancy: 63197 K (115200 K)]2023-01-17T04:35:24.656+0800: 334.564: [Rescan (parallel) , 0.0300103 secs]2023-01-17T04:35:24.686+0800: 334.594: [weak refs processing, 0.0000475 secs]2023-01-17T04:35:24.686+0800: 334.594: [class unloading, 0.0135527 secs]2023-01-17T04:35:24.700+0800: 334.607: [scrub symbol table, 0.0049272 secs]2023-01-17T04:35:24.705+0800: 334.612: [scrub string table, 0.0009006 secs][1 CMS-remark: 134143K(134144K)] 197340K(249344K), 0.0495833 secs] [Times: user=0.08 sys=0.00, real=0.05 secs] 
2023-01-17T04:35:24.706+0800: 334.614: [CMS-concurrent-sweep-start]
2023-01-17T04:35:24.725+0800: 334.633: [CMS-concurrent-sweep: 0.019/0.019 secs] [Times: user=0.04 sys=0.01, real=0.02 secs] 
2023-01-17T04:35:24.725+0800: 334.633: [CMS-concurrent-reset-start]
2023-01-17T04:35:24.726+0800: 334.633: [CMS-concurrent-reset: 0.000/0.000 secs] [Times: user=0.00 sys=0.00, real=0.00 secs] 
{Heap before GC invocations=476 (full 684):
 par new generation   total 115200K, used 115199K [0x00000000f0000000, 0x00000000f7d00000, 0x00000000f7d00000)
  eden space 102400K, 100% used [0x00000000f0000000, 0x00000000f6400000, 0x00000000f6400000)
  from space 12800K,  99% used [0x00000000f7080000, 0x00000000f7cfffe8, 0x00000000f7d00000)
  to   space 12800K,   0% used [0x00000000f6400000, 0x00000000f6400000, 0x00000000f7080000)
 concurrent mark-sweep generation total 134144K, used 134143K [0x00000000f7d00000, 0x0000000100000000, 0x0000000100000000)
 Metaspace       used 52052K, capacity 54894K, committed 55936K, reserved 1097728K
  class space    used 6335K, capacity 6835K, committed 7040K, reserved 1048576K
2023-01-17T04:35:24.869+0800: 334.777: [GC (Allocation Failure) 2023-01-17T04:35:24.869+0800: 334.777: [ParNew: 115199K->115199K(115200K), 0.0000361 secs]2023-01-17T04:35:24.869+0800: 334.777: [CMS: 134143K->134143K(134144K), 0.2011449 secs] 249343K->157310K(249344K), [Metaspace: 52052K->52052K(1097728K)], 0.2016390 secs] [Times: user=0.20 sys=0.00, real=0.21 secs] 
Heap after GC invocations=477 (full 685):
 par new generation   total 115200K, used 23166K [0x00000000f0000000, 0x00000000f7d00000, 0x00000000f7d00000)
  eden space 102400K,  22% used [0x00000000f0000000, 0x00000000f169fb30, 0x00000000f6400000)
  from space 12800K,   0% used [0x00000000f7080000, 0x00000000f7080000, 0x00000000f7d00000)
  to   space 12800K,   0% used [0x00000000f6400000, 0x00000000f6400000, 0x00000000f7080000)
 concurrent mark-sweep generation total 134144K, used 134143K [0x00000000f7d00000, 0x0000000100000000, 0x0000000100000000)
 Metaspace       used 52052K, capacity 54894K, committed 55936K, reserved 1097728K
  class space    used 6335K, capacity 6835K, committed 7040K, reserved 1048576K
}
2023-01-17T04:35:25.076+0800: 334.984: [GC (CMS Initial Mark) [1 CMS-initial-mark: 134143K(134144K)] 158511K(249344K), 0.0069727 secs] [Times: user=0.02 sys=0.00, real=0.01 secs] 
2023-01-17T04:35:25.083+0800: 334.991: [CMS-concurrent-mark-start]
2023-01-17T04:35:25.145+0800: 335.052: [CMS-concurrent-mark: 0.062/0.062 secs] [Times: user=0.16 sys=0.03, real=0.06 secs] 
2023-01-17T04:35:25.145+0800: 335.053: [CMS-concurrent-preclean-start]
2023-01-17T04:35:25.174+0800: 335.081: [CMS-concurrent-preclean: 0.029/0.029 secs] [Times: user=0.03 sys=0.00, real=0.03 secs] 
2023-01-17T04:35:25.174+0800: 335.082: [CMS-concurrent-abortable-preclean-start]
2023-01-17T04:35:25.174+0800: 335.082: [CMS-concurrent-abortable-preclean: 0.000/0.000 secs] [Times: user=0.00 sys=0.00, real=0.00 secs] 
2023-01-17T04:35:25.177+0800: 335.085: [GC (CMS Final Remark) [YG occupancy: 56894 K (115200 K)]2023-01-17T04:35:25.177+0800: 335.085: [Rescan (parallel) , 0.0123918 secs]2023-01-17T04:35:25.190+0800: 335.097: [weak refs processing, 0.0000385 secs]2023-01-17T04:35:25.190+0800: 335.097: [class unloading, 0.0125342 secs]2023-01-17T04:35:25.202+0800: 335.110: [scrub symbol table, 0.0049047 secs]2023-01-17T04:35:25.207+0800: 335.115: [scrub string table, 0.0008589 secs][1 CMS-remark: 134143K(134144K)] 191038K(249344K), 0.0308711 secs] [Times: user=0.07 sys=0.00, real=0.03 secs] 
2023-01-17T04:35:25.208+0800: 335.116: [CMS-concurrent-sweep-start]
2023-01-17T04:35:25.223+0800: 335.131: [CMS-concurrent-sweep: 0.015/0.015 secs] [Times: user=0.02 sys=0.00, real=0.02 secs] 
2023-01-17T04:35:25.223+0800: 335.131: [CMS-concurrent-reset-start]
2023-01-17T04:35:25.223+0800: 335.131: [CMS-concurrent-reset: 0.000/0.000 secs] [Times: user=0.00 sys=0.00, real=0.00 secs] 
{Heap before GC invocations=477 (full 686):
 par new generation   total 115200K, used 115200K [0x00000000f0000000, 0x00000000f7d00000, 0x00000000f7d00000)
  eden space 102400K, 100% used [0x00000000f0000000, 0x00000000f6400000, 0x00000000f6400000)
  from space 12800K, 100% used [0x00000000f7080000, 0x00000000f7d00000, 0x00000000f7d00000)
  to   space 12800K,   0% used [0x00000000f6400000, 0x00000000f6400000, 0x00000000f7080000)
 concurrent mark-sweep generation total 134144K, used 134143K [0x00000000f7d00000, 0x0000000100000000, 0x0000000100000000)
 Metaspace       used 52052K, capacity 54894K, committed 55936K, reserved 1097728K
  class space    used 6335K, capacity 6835K, committed 7040K, reserved 1048576K
2023-01-17T04:35:25.360+0800: 335.268: [GC (Allocation Failure) 2023-01-17T04:35:25.360+0800: 335.268: [ParNew: 115200K->115200K(115200K), 0.0000265 secs]2023-01-17T04:35:25.360+0800: 335.268: [CMS: 134143K->134143K(134144K), 0.1825768 secs] 249343K->157631K(249344K), [Metaspace: 52052K->52052K(1097728K)], 0.1829507 secs] [Times: user=0.19 sys=0.00, real=0.18 secs] 
Heap after GC invocations=478 (full 687):
 par new generation   total 115200K, used 23487K [0x00000000f0000000, 0x00000000f7d00000, 0x00000000f7d00000)
  eden space 102400K,  22% used [0x00000000f0000000, 0x00000000f16efed0, 0x00000000f6400000)
  from space 12800K,   0% used [0x00000000f7080000, 0x00000000f7080000, 0x00000000f7d00000)
  to   space 12800K,   0% used [0x00000000f6400000, 0x00000000f6400000, 0x00000000f7080000)
 concurrent mark-sweep generation total 134144K, used 134143K [0x00000000f7d00000, 0x0000000100000000, 0x0000000100000000)
 Metaspace       used 52052K, capacity 54894K, committed 55936K, reserved 1097728K
  class space    used 6335K, capacity 6835K, committed 7040K, reserved 1048576K
}
2023-01-17T04:35:25.548+0800: 335.456: [GC (CMS Initial Mark) [1 CMS-initial-mark: 134143K(134144K)] 158682K(249344K), 0.0065541 secs] [Times: user=0.02 sys=0.00, real=0.01 secs] 
2023-01-17T04:35:25.555+0800: 335.463: [CMS-concurrent-mark-start]
2023-01-17T04:35:25.635+0800: 335.543: [CMS-concurrent-mark: 0.081/0.081 secs] [Times: user=0.18 sys=0.02, real=0.08 secs] 
2023-01-17T04:35:25.636+0800: 335.543: [CMS-concurrent-preclean-start]
2023-01-17T04:35:25.675+0800: 335.583: [CMS-concurrent-preclean: 0.039/0.039 secs] [Times: user=0.08 sys=0.01, real=0.04 secs] 
2023-01-17T04:35:25.675+0800: 335.583: [CMS-concurrent-abortable-preclean-start]
2023-01-17T04:35:25.675+0800: 335.583: [CMS-concurrent-abortable-preclean: 0.000/0.000 secs] [Times: user=0.00 sys=0.00, real=0.00 secs] 
2023-01-17T04:35:25.680+0800: 335.588: [GC (CMS Final Remark) [YG occupancy: 72316 K (115200 K)]2023-01-17T04:35:25.680+0800: 335.588: [Rescan (parallel) , 0.0232677 secs]2023-01-17T04:35:25.704+0800: 335.611: [weak refs processing, 0.0000482 secs]2023-01-17T04:35:25.704+0800: 335.611: [class unloading, 0.0132335 secs]2023-01-17T04:35:25.717+0800: 335.625: [scrub symbol table, 0.0049554 secs]2023-01-17T04:35:25.722+0800: 335.630: [scrub string table, 0.0009096 secs][1 CMS-remark: 134143K(134144K)] 206460K(249344K), 0.0426143 secs] [Times: user=0.10 sys=0.00, real=0.04 secs] 
2023-01-17T04:35:25.724+0800: 335.632: [CMS-concurrent-sweep-start]
2023-01-17T04:35:25.753+0800: 335.661: [CMS-concurrent-sweep: 0.029/0.029 secs] [Times: user=0.08 sys=0.01, real=0.03 secs] 
2023-01-17T04:35:25.754+0800: 335.662: [CMS-concurrent-reset-start]
2023-01-17T04:35:25.754+0800: 335.662: [CMS-concurrent-reset: 0.001/0.001 secs] [Times: user=0.00 sys=0.00, real=0.00 secs] 
{Heap before GC invocations=478 (full 688):
 par new generation   total 115200K, used 115200K [0x00000000f0000000, 0x00000000f7d00000, 0x00000000f7d00000)
  eden space 102400K, 100% used [0x00000000f0000000, 0x00000000f6400000, 0x00000000f6400000)
  from space 12800K, 100% used [0x00000000f7080000, 0x00000000f7d00000, 0x00000000f7d00000)
  to   space 12800K,   0% used [0x00000000f6400000, 0x00000000f6400000, 0x00000000f7080000)
 concurrent mark-sweep generation total 134144K, used 134143K [0x00000000f7d00000, 0x0000000100000000, 0x0000000100000000)
 Metaspace       used 52052K, capacity 54894K, committed 55936K, reserved 1097728K
  class space    used 6335K, capacity 6835K, committed 7040K, reserved 1048576K
2023-01-17T04:35:25.849+0800: 335.757: [GC (Allocation Failure) 2023-01-17T04:35:25.849+0800: 335.757: [ParNew: 115200K->115200K(115200K), 0.0000244 secs]2023-01-17T04:35:25.849+0800: 335.757: [CMS: 134143K->134143K(134144K), 0.2015687 secs] 249343K->157356K(249344K), [Metaspace: 52052K->52052K(1097728K)], 0.2019248 secs] [Times: user=0.20 sys=0.00, real=0.21 secs] 
Heap after GC invocations=479 (full 689):
 par new generation   total 115200K, used 23212K [0x00000000f0000000, 0x00000000f7d00000, 0x00000000f7d00000)
  eden space 102400K,  22% used [0x00000000f0000000, 0x00000000f16ab098, 0x00000000f6400000)
  from space 12800K,   0% used [0x00000000f7080000, 0x00000000f7080000, 0x00000000f7d00000)
  to   space 12800K,   0% used [0x00000000f6400000, 0x00000000f6400000, 0x00000000f7080000)
 concurrent mark-sweep generation total 134144K, used 134143K [0x00000000f7d00000, 0x0000000100000000, 0x0000000100000000)
 Metaspace       used 52052K, capacity 54894K, committed 55936K, reserved 1097728K
  class space    used 6335K, capacity 6835K, committed 7040K, reserved 1048576K
}
2023-01-17T04:35:26.055+0800: 335.962: [GC (CMS Initial Mark) [1 CMS-initial-mark: 134143K(134144K)] 157382K(249344K), 0.0067152 secs] [Times: user=0.02 sys=0.00, real=0.01 secs] 
2023-01-17T04:35:26.062+0800: 335.969: [CMS-concurrent-mark-start]
2023-01-17T04:35:26.132+0800: 336.039: [CMS-concurrent-mark: 0.070/0.070 secs] [Times: user=0.14 sys=0.03, real=0.07 secs] 
2023-01-17T04:35:26.132+0800: 336.040: [CMS-concurrent-preclean-start]
2023-01-17T04:35:26.206+0800: 336.114: [CMS-concurrent-preclean: 0.074/0.074 secs] [Times: user=0.17 sys=0.03, real=0.07 secs] 
2023-01-17T04:35:26.206+0800: 336.114: [CMS-concurrent-abortable-preclean-start]
2023-01-17T04:35:26.206+0800: 336.114: [CMS-concurrent-abortable-preclean: 0.000/0.000 secs] [Times: user=0.00 sys=0.00, real=0.00 secs] 
2023-01-17T04:35:26.210+0800: 336.118: [GC (CMS Final Remark) [YG occupancy: 87574 K (115200 K)]2023-01-17T04:35:26.210+0800: 336.118: [Rescan (parallel) , 0.0219632 secs]2023-01-17T04:35:26.232+0800: 336.140: [weak refs processing, 0.0000408 secs]2023-01-17T04:35:26.232+0800: 336.140: [class unloading, 0.0131536 secs]2023-01-17T04:35:26.245+0800: 336.153: [scrub symbol table, 0.0049870 secs]2023-01-17T04:35:26.250+0800: 336.158: [scrub string table, 0.0008970 secs][1 CMS-remark: 134143K(134144K)] 221717K(249344K), 0.0412030 secs] [Times: user=0.10 sys=0.00, real=0.04 secs] 
2023-01-17T04:35:26.251+0800: 336.159: [CMS-concurrent-sweep-start]
2023-01-17T04:35:26.271+0800: 336.179: [CMS-concurrent-sweep: 0.020/0.020 secs] [Times: user=0.07 sys=0.01, real=0.02 secs] 
2023-01-17T04:35:26.272+0800: 336.179: [CMS-concurrent-reset-start]
2023-01-17T04:35:26.272+0800: 336.180: [CMS-concurrent-reset: 0.000/0.000 secs] [Times: user=0.00 sys=0.00, real=0.00 secs] 
{Heap before GC invocations=479 (full 690):
 par new generation   total 115200K, used 115199K [0x00000000f0000000, 0x00000000f7d00000, 0x00000000f7d00000)
  eden space 102400K, 100% used [0x00000000f0000000, 0x00000000f6400000, 0x00000000f6400000)
  from space 12800K,  99% used [0x00000000f7080000, 0x00000000f7cffff8, 0x00000000f7d00000)
  to   space 12800K,   0% used [0x00000000f6400000, 0x00000000f6400000, 0x00000000f7080000)
 concurrent mark-sweep generation total 134144K, used 134143K [0x00000000f7d00000, 0x0000000100000000, 0x0000000100000000)
 Metaspace       used 52052K, capacity 54894K, committed 55936K, reserved 1097728K
  class space    used 6335K, capacity 6835K, committed 7040K, reserved 1048576K
2023-01-17T04:35:26.349+0800: 336.257: [GC (Allocation Failure) 2023-01-17T04:35:26.350+0800: 336.257: [ParNew: 115199K->115199K(115200K), 0.0000256 secs]2023-01-17T04:35:26.350+0800: 336.257: [CMS: 134143K->134143K(134144K), 0.1863823 secs] 249343K->157496K(249344K), [Metaspace: 52052K->52052K(1097728K)], 0.1867559 secs] [Times: user=0.18 sys=0.00, real=0.19 secs] 
Heap after GC invocations=480 (full 691):
 par new generation   total 115200K, used 23352K [0x00000000f0000000, 0x00000000f7d00000, 0x00000000f7d00000)
  eden space 102400K,  22% used [0x00000000f0000000, 0x00000000f16ce208, 0x00000000f6400000)
  from space 12800K,   0% used [0x00000000f7080000, 0x00000000f7080000, 0x00000000f7d00000)
  to   space 12800K,   0% used [0x00000000f6400000, 0x00000000f6400000, 0x00000000f7080000)
 concurrent mark-sweep generation total 134144K, used 134143K [0x00000000f7d00000, 0x0000000100000000, 0x0000000100000000)
 Metaspace       used 52052K, capacity 54894K, committed 55936K, reserved 1097728K
  class space    used 6335K, capacity 6835K, committed 7040K, reserved 1048576K
}
2023-01-17T04:35:26.541+0800: 336.449: [GC (CMS Initial Mark) [1 CMS-initial-mark: 134143K(134144K)] 158001K(249344K), 0.0083097 secs] [Times: user=0.02 sys=0.00, real=0.00 secs] 
2023-01-17T04:35:26.550+0800: 336.457: [CMS-concurrent-mark-start]
2023-01-17T04:35:26.618+0800: 336.526: [CMS-concurrent-mark: 0.069/0.069 secs] [Times: user=0.16 sys=0.02, real=0.06 secs] 
2023-01-17T04:35:26.618+0800: 336.526: [CMS-concurrent-preclean-start]
2023-01-17T04:35:26.656+0800: 336.564: [CMS-concurrent-preclean: 0.038/0.038 secs] [Times: user=0.08 sys=0.01, real=0.04 secs] 
2023-01-17T04:35:26.657+0800: 336.564: [CMS-concurrent-abortable-preclean-start]
2023-01-17T04:35:26.657+0800: 336.564: [CMS-concurrent-abortable-preclean: 0.000/0.000 secs] [Times: user=0.00 sys=0.00, real=0.00 secs] 
2023-01-17T04:35:26.660+0800: 336.568: [GC (CMS Final Remark) [YG occupancy: 64914 K (115200 K)]2023-01-17T04:35:26.660+0800: 336.568: [Rescan (parallel) , 0.0191000 secs]2023-01-17T04:35:26.679+0800: 336.587: [weak refs processing, 0.0000534 secs]2023-01-17T04:35:26.679+0800: 336.587: [class unloading, 0.0131118 secs]2023-01-17T04:35:26.692+0800: 336.600: [scrub symbol table, 0.0048509 secs]2023-01-17T04:35:26.697+0800: 336.605: [scrub string table, 0.0008756 secs][1 CMS-remark: 134143K(134144K)] 199057K(249344K), 0.0381490 secs] [Times: user=0.08 sys=0.00, real=0.03 secs] 
2023-01-17T04:35:26.698+0800: 336.606: [CMS-concurrent-sweep-start]
2023-01-17T04:35:26.717+0800: 336.625: [CMS-concurrent-sweep: 0.018/0.018 secs] [Times: user=0.05 sys=0.01, real=0.02 secs] 
2023-01-17T04:35:26.717+0800: 336.625: [CMS-concurrent-reset-start]
2023-01-17T04:35:26.717+0800: 336.625: [CMS-concurrent-reset: 0.000/0.000 secs] [Times: user=0.00 sys=0.00, real=0.00 secs] 
{Heap before GC invocations=480 (full 692):
 par new generation   total 115200K, used 115200K [0x00000000f0000000, 0x00000000f7d00000, 0x00000000f7d00000)
  eden space 102400K, 100% used [0x00000000f0000000, 0x00000000f6400000, 0x00000000f6400000)
  from space 12800K, 100% used [0x00000000f7080000, 0x00000000f7d00000, 0x00000000f7d00000)
  to   space 12800K,   0% used [0x00000000f6400000, 0x00000000f6400000, 0x00000000f7080000)
 concurrent mark-sweep generation total 134144K, used 134143K [0x00000000f7d00000, 0x0000000100000000, 0x0000000100000000)
 Metaspace       used 52052K, capacity 54894K, committed 55936K, reserved 1097728K
  class space    used 6335K, capacity 6835K, committed 7040K, reserved 1048576K
2023-01-17T04:35:26.838+0800: 336.746: [GC (Allocation Failure) 2023-01-17T04:35:26.838+0800: 336.746: [ParNew: 115200K->115200K(115200K), 0.0000241 secs]2023-01-17T04:35:26.838+0800: 336.746: [CMS: 134143K->134143K(134144K), 0.1864511 secs] 249343K->157446K(249344K), [Metaspace: 52052K->52052K(1097728K)], 0.1868211 secs] [Times: user=0.19 sys=0.00, real=0.19 secs] 
Heap after GC invocations=481 (full 693):
 par new generation   total 115200K, used 23302K [0x00000000f0000000, 0x00000000f7d00000, 0x00000000f7d00000)
  eden space 102400K,  22% used [0x00000000f0000000, 0x00000000f16c1b30, 0x00000000f6400000)
  from space 12800K,   0% used [0x00000000f7080000, 0x00000000f7080000, 0x00000000f7d00000)
  to   space 12800K,   0% used [0x00000000f6400000, 0x00000000f6400000, 0x00000000f7080000)
 concurrent mark-sweep generation total 134144K, used 134143K [0x00000000f7d00000, 0x0000000100000000, 0x0000000100000000)
 Metaspace       used 52052K, capacity 54894K, committed 55936K, reserved 1097728K
  class space    used 6335K, capacity 6835K, committed 7040K, reserved 1048576K
}
2023-01-17T04:35:27.030+0800: 336.937: [GC (CMS Initial Mark) [1 CMS-initial-mark: 134143K(134144K)] 158028K(249344K), 0.0065931 secs] [Times: user=0.02 sys=0.00, real=0.00 secs] 
2023-01-17T04:35:27.037+0800: 336.944: [CMS-concurrent-mark-start]
2023-01-17T04:35:27.100+0800: 337.008: [CMS-concurrent-mark: 0.063/0.063 secs] [Times: user=0.13 sys=0.02, real=0.07 secs] 
2023-01-17T04:35:27.100+0800: 337.008: [CMS-concurrent-preclean-start]
2023-01-17T04:35:27.142+0800: 337.050: [CMS-concurrent-preclean: 0.042/0.042 secs] [Times: user=0.11 sys=0.02, real=0.04 secs] 
2023-01-17T04:35:27.142+0800: 337.050: [CMS-concurrent-abortable-preclean-start]
2023-01-17T04:35:27.142+0800: 337.050: [CMS-concurrent-abortable-preclean: 0.000/0.000 secs] [Times: user=0.00 sys=0.00, real=0.00 secs] 
2023-01-17T04:35:27.147+0800: 337.055: [GC (CMS Final Remark) [YG occupancy: 70919 K (115200 K)]2023-01-17T04:35:27.147+0800: 337.055: [Rescan (parallel) , 0.0177632 secs]2023-01-17T04:35:27.165+0800: 337.073: [weak refs processing, 0.0000409 secs]2023-01-17T04:35:27.165+0800: 337.073: [class unloading, 0.0130182 secs]2023-01-17T04:35:27.178+0800: 337.086: [scrub symbol table, 0.0049808 secs]2023-01-17T04:35:27.183+0800: 337.091: [scrub string table, 0.0008928 secs][1 CMS-remark: 134143K(134144K)] 205063K(249344K), 0.0368491 secs] [Times: user=0.09 sys=0.00, real=0.04 secs] 
2023-01-17T04:35:27.184+0800: 337.092: [CMS-concurrent-sweep-start]
2023-01-17T04:35:27.201+0800: 337.109: [CMS-concurrent-sweep: 0.017/0.017 secs] [Times: user=0.04 sys=0.00, real=0.02 secs] 
2023-01-17T04:35:27.202+0800: 337.109: [CMS-concurrent-reset-start]
2023-01-17T04:35:27.202+0800: 337.110: [CMS-concurrent-reset: 0.000/0.000 secs] [Times: user=0.00 sys=0.00, real=0.00 secs] 
{Heap before GC invocations=481 (full 694):
 par new generation   total 115200K, used 115199K [0x00000000f0000000, 0x00000000f7d00000, 0x00000000f7d00000)
  eden space 102400K, 100% used [0x00000000f0000000, 0x00000000f6400000, 0x00000000f6400000)
  from space 12800K,  99% used [0x00000000f7080000, 0x00000000f7cffff0, 0x00000000f7d00000)
  to   space 12800K,   0% used [0x00000000f6400000, 0x00000000f6400000, 0x00000000f7080000)
 concurrent mark-sweep generation total 134144K, used 134143K [0x00000000f7d00000, 0x0000000100000000, 0x0000000100000000)
 Metaspace       used 52052K, capacity 54894K, committed 55936K, reserved 1097728K
  class space    used 6335K, capacity 6835K, committed 7040K, reserved 1048576K
2023-01-17T04:35:27.324+0800: 337.232: [GC (Allocation Failure) 2023-01-17T04:35:27.324+0800: 337.232: [ParNew: 115199K->115199K(115200K), 0.0000379 secs]2023-01-17T04:35:27.324+0800: 337.232: [CMS: 134143K->134143K(134144K), 0.2671163 secs] 249343K->157504K(249344K), [Metaspace: 52052K->52052K(1097728K)], 0.2676550 secs] [Times: user=0.27 sys=0.00, real=0.27 secs] 
Heap after GC invocations=482 (full 695):
 par new generation   total 115200K, used 23360K [0x00000000f0000000, 0x00000000f7d00000, 0x00000000f7d00000)
  eden space 102400K,  22% used [0x00000000f0000000, 0x00000000f16d0358, 0x00000000f6400000)
  from space 12800K,   0% used [0x00000000f7080000, 0x00000000f7080000, 0x00000000f7d00000)
  to   space 12800K,   0% used [0x00000000f6400000, 0x00000000f6400000, 0x00000000f7080000)
 concurrent mark-sweep generation total 134144K, used 134143K [0x00000000f7d00000, 0x0000000100000000, 0x0000000100000000)
 Metaspace       used 52052K, capacity 54894K, committed 55936K, reserved 1097728K
  class space    used 6335K, capacity 6835K, committed 7040K, reserved 1048576K
}
2023-01-17T04:35:27.598+0800: 337.506: [GC (CMS Initial Mark) [1 CMS-initial-mark: 134143K(134144K)] 157928K(249344K), 0.0094338 secs] [Times: user=0.02 sys=0.00, real=0.01 secs] 
2023-01-17T04:35:27.608+0800: 337.515: [CMS-concurrent-mark-start]
2023-01-17T04:35:27.707+0800: 337.615: [CMS-concurrent-mark: 0.100/0.100 secs] [Times: user=0.27 sys=0.04, real=0.10 secs] 
2023-01-17T04:35:27.708+0800: 337.615: [CMS-concurrent-preclean-start]
2023-01-17T04:35:27.772+0800: 337.680: [CMS-concurrent-preclean: 0.064/0.064 secs] [Times: user=0.23 sys=0.01, real=0.07 secs] 
2023-01-17T04:35:27.772+0800: 337.680: [CMS-concurrent-abortable-preclean-start]
2023-01-17T04:35:27.772+0800: 337.680: [CMS-concurrent-abortable-preclean: 0.000/0.000 secs] [Times: user=0.00 sys=0.00, real=0.00 secs] 
2023-01-17T04:35:27.776+0800: 337.684: [GC (CMS Final Remark) [YG occupancy: 109515 K (115200 K)]2023-01-17T04:35:27.776+0800: 337.684: [Rescan (parallel) , 0.0266307 secs]2023-01-17T04:35:27.803+0800: 337.711: [weak refs processing, 0.0000413 secs]2023-01-17T04:35:27.803+0800: 337.711: [class unloading, 0.0130547 secs]2023-01-17T04:35:27.816+0800: 337.724: [scrub symbol table, 0.0049065 secs]2023-01-17T04:35:27.821+0800: 337.729: [scrub string table, 0.0008825 secs][1 CMS-remark: 134143K(134144K)] 243659K(249344K), 0.0456684 secs] [Times: user=0.11 sys=0.00, real=0.05 secs] 
2023-01-17T04:35:27.823+0800: 337.731: [CMS-concurrent-sweep-start]
2023-01-17T04:35:27.839+0800: 337.747: [CMS-concurrent-sweep: 0.016/0.016 secs] [Times: user=0.05 sys=0.00, real=0.01 secs] 
2023-01-17T04:35:27.839+0800: 337.747: [CMS-concurrent-reset-start]
2023-01-17T04:35:27.840+0800: 337.747: [CMS-concurrent-reset: 0.000/0.000 secs] [Times: user=0.01 sys=0.00, real=0.01 secs] 
{Heap before GC invocations=482 (full 696):
 par new generation   total 115200K, used 115199K [0x00000000f0000000, 0x00000000f7d00000, 0x00000000f7d00000)
  eden space 102400K, 100% used [0x00000000f0000000, 0x00000000f6400000, 0x00000000f6400000)
  from space 12800K,  99% used [0x00000000f7080000, 0x00000000f7cffff8, 0x00000000f7d00000)
  to   space 12800K,   0% used [0x00000000f6400000, 0x00000000f6400000, 0x00000000f7080000)
 concurrent mark-sweep generation total 134144K, used 134136K [0x00000000f7d00000, 0x0000000100000000, 0x0000000100000000)
 Metaspace       used 52052K, capacity 54894K, committed 55936K, reserved 1097728K
  class space    used 6335K, capacity 6835K, committed 7040K, reserved 1048576K
2023-01-17T04:35:27.857+0800: 337.765: [GC (Allocation Failure) 2023-01-17T04:35:27.858+0800: 337.765: [ParNew: 115199K->115199K(115200K), 0.0000252 secs]2023-01-17T04:35:27.858+0800: 337.765: [CMS: 134136K->134136K(134144K), 0.1991208 secs] 249336K->157370K(249344K), [Metaspace: 52052K->52052K(1097728K)], 0.1994692 secs] [Times: user=0.20 sys=0.00, real=0.20 secs] 
Heap after GC invocations=483 (full 697):
 par new generation   total 115200K, used 23234K [0x00000000f0000000, 0x00000000f7d00000, 0x00000000f7d00000)
  eden space 102400K,  22% used [0x00000000f0000000, 0x00000000f16b08f0, 0x00000000f6400000)
  from space 12800K,   0% used [0x00000000f7080000, 0x00000000f7080000, 0x00000000f7d00000)
  to   space 12800K,   0% used [0x00000000f6400000, 0x00000000f6400000, 0x00000000f7080000)
 concurrent mark-sweep generation total 134144K, used 134136K [0x00000000f7d00000, 0x0000000100000000, 0x0000000100000000)
 Metaspace       used 52052K, capacity 54894K, committed 55936K, reserved 1097728K
  class space    used 6335K, capacity 6835K, committed 7040K, reserved 1048576K
}
2023-01-17T04:35:28.061+0800: 337.969: [GC (CMS Initial Mark) [1 CMS-initial-mark: 134136K(134144K)] 157605K(249344K), 0.0067046 secs] [Times: user=0.01 sys=0.00, real=0.00 secs] 
2023-01-17T04:35:28.068+0800: 337.976: [CMS-concurrent-mark-start]
2023-01-17T04:35:28.118+0800: 338.025: [CMS-concurrent-mark: 0.049/0.049 secs] [Times: user=0.08 sys=0.01, real=0.05 secs] 
2023-01-17T04:35:28.118+0800: 338.026: [CMS-concurrent-preclean-start]
2023-01-17T04:35:28.149+0800: 338.057: [CMS-concurrent-preclean: 0.031/0.031 secs] [Times: user=0.07 sys=0.00, real=0.03 secs] 
2023-01-17T04:35:28.149+0800: 338.057: [CMS-concurrent-abortable-preclean-start]
2023-01-17T04:35:28.149+0800: 338.057: [CMS-concurrent-abortable-preclean: 0.000/0.000 secs] [Times: user=0.00 sys=0.00, real=0.00 secs] 
2023-01-17T04:35:28.153+0800: 338.061: [GC (CMS Final Remark) [YG occupancy: 42031 K (115200 K)]2023-01-17T04:35:28.153+0800: 338.061: [Rescan (parallel) , 0.0093400 secs]2023-01-17T04:35:28.162+0800: 338.070: [weak refs processing, 0.0000456 secs]2023-01-17T04:35:28.162+0800: 338.070: [class unloading, 0.0134536 secs]2023-01-17T04:35:28.176+0800: 338.084: [scrub symbol table, 0.0051560 secs]2023-01-17T04:35:28.181+0800: 338.089: [scrub string table, 0.0009285 secs][1 CMS-remark: 134136K(134144K)] 176167K(249344K), 0.0290782 secs] [Times: user=0.06 sys=0.00, real=0.03 secs] 
2023-01-17T04:35:28.194+0800: 338.102: [CMS-concurrent-sweep-start]
2023-01-17T04:35:28.222+0800: 338.129: [CMS-concurrent-sweep: 0.028/0.028 secs] [Times: user=0.08 sys=0.01, real=0.03 secs] 
2023-01-17T04:35:28.222+0800: 338.130: [CMS-concurrent-reset-start]
2023-01-17T04:35:28.222+0800: 338.130: [CMS-concurrent-reset: 0.000/0.000 secs] [Times: user=0.00 sys=0.00, real=0.00 secs] 
{Heap before GC invocations=483 (full 698):
 par new generation   total 115200K, used 115199K [0x00000000f0000000, 0x00000000f7d00000, 0x00000000f7d00000)
  eden space 102400K, 100% used [0x00000000f0000000, 0x00000000f6400000, 0x00000000f6400000)
  from space 12800K,  99% used [0x00000000f7080000, 0x00000000f7cffff0, 0x00000000f7d00000)
  to   space 12800K,   0% used [0x00000000f6400000, 0x00000000f6400000, 0x00000000f7080000)
 concurrent mark-sweep generation total 134144K, used 134136K [0x00000000f7d00000, 0x0000000100000000, 0x0000000100000000)
 Metaspace       used 52052K, capacity 54894K, committed 55936K, reserved 1097728K
  class space    used 6335K, capacity 6835K, committed 7040K, reserved 1048576K
2023-01-17T04:35:28.350+0800: 338.257: [GC (Allocation Failure) 2023-01-17T04:35:28.350+0800: 338.258: [ParNew: 115199K->115199K(115200K), 0.0000254 secs]2023-01-17T04:35:28.350+0800: 338.258: [CMS: 134136K->134136K(134144K), 0.1951488 secs] 249336K->157575K(249344K), [Metaspace: 52052K->52052K(1097728K)], 0.1956044 secs] [Times: user=0.19 sys=0.00, real=0.19 secs] 
Heap after GC invocations=484 (full 699):
 par new generation   total 115200K, used 23439K [0x00000000f0000000, 0x00000000f7d00000, 0x00000000f7d00000)
  eden space 102400K,  22% used [0x00000000f0000000, 0x00000000f16e3c58, 0x00000000f6400000)
  from space 12800K,   0% used [0x00000000f7080000, 0x00000000f7080000, 0x00000000f7d00000)
  to   space 12800K,   0% used [0x00000000f6400000, 0x00000000f6400000, 0x00000000f7080000)
 concurrent mark-sweep generation total 134144K, used 134136K [0x00000000f7d00000, 0x0000000100000000, 0x0000000100000000)
 Metaspace       used 52052K, capacity 54894K, committed 55936K, reserved 1097728K
  class space    used 6335K, capacity 6835K, committed 7040K, reserved 1048576K
}
2023-01-17T04:35:28.550+0800: 338.458: [GC (CMS Initial Mark) [1 CMS-initial-mark: 134136K(134144K)] 158211K(249344K), 0.0070781 secs] [Times: user=0.02 sys=0.00, real=0.00 secs] 
2023-01-17T04:35:28.558+0800: 338.465: [CMS-concurrent-mark-start]
2023-01-17T04:35:28.618+0800: 338.526: [CMS-concurrent-mark: 0.060/0.060 secs] [Times: user=0.14 sys=0.02, real=0.06 secs] 
2023-01-17T04:35:28.618+0800: 338.526: [CMS-concurrent-preclean-start]
2023-01-17T04:35:28.653+0800: 338.561: [CMS-concurrent-preclean: 0.035/0.035 secs] [Times: user=0.07 sys=0.00, real=0.04 secs] 
2023-01-17T04:35:28.653+0800: 338.561: [CMS-concurrent-abortable-preclean-start]
2023-01-17T04:35:28.653+0800: 338.561: [CMS-concurrent-abortable-preclean: 0.000/0.000 secs] [Times: user=0.00 sys=0.00, real=0.00 secs] 
2023-01-17T04:35:28.657+0800: 338.565: [GC (CMS Final Remark) [YG occupancy: 57018 K (115200 K)]2023-01-17T04:35:28.657+0800: 338.565: [Rescan (parallel) , 0.0166764 secs]2023-01-17T04:35:28.674+0800: 338.581: [weak refs processing, 0.0000397 secs]2023-01-17T04:35:28.674+0800: 338.582: [class unloading, 0.0128024 secs]2023-01-17T04:35:28.687+0800: 338.594: [scrub symbol table, 0.0049990 secs]2023-01-17T04:35:28.692+0800: 338.599: [scrub string table, 0.0008951 secs][1 CMS-remark: 134136K(134144K)] 191154K(249344K), 0.0355561 secs] [Times: user=0.07 sys=0.00, real=0.04 secs] 
2023-01-17T04:35:28.693+0800: 338.600: [CMS-concurrent-sweep-start]
2023-01-17T04:35:28.708+0800: 338.616: [CMS-concurrent-sweep: 0.016/0.016 secs] [Times: user=0.03 sys=0.00, real=0.01 secs] 
2023-01-17T04:35:28.709+0800: 338.616: [CMS-concurrent-reset-start]
2023-01-17T04:35:28.709+0800: 338.617: [CMS-concurrent-reset: 0.000/0.000 secs] [Times: user=0.00 sys=0.00, real=0.00 secs] 
{Heap before GC invocations=484 (full 700):
 par new generation   total 115200K, used 115194K [0x00000000f0000000, 0x00000000f7d00000, 0x00000000f7d00000)
  eden space 102400K, 100% used [0x00000000f0000000, 0x00000000f6400000, 0x00000000f6400000)
  from space 12800K,  99% used [0x00000000f7080000, 0x00000000f7cfe808, 0x00000000f7d00000)
  to   space 12800K,   0% used [0x00000000f6400000, 0x00000000f6400000, 0x00000000f7080000)
 concurrent mark-sweep generation total 134144K, used 134136K [0x00000000f7d00000, 0x0000000100000000, 0x0000000100000000)
 Metaspace       used 52052K, capacity 54894K, committed 55936K, reserved 1097728K
  class space    used 6335K, capacity 6835K, committed 7040K, reserved 1048576K
2023-01-17T04:35:28.864+0800: 338.772: [GC (Allocation Failure) 2023-01-17T04:35:28.865+0800: 338.772: [ParNew: 115194K->115194K(115200K), 0.0000261 secs]2023-01-17T04:35:28.865+0800: 338.772: [CMS: 134136K->134136K(134144K), 0.1900157 secs] 249330K->157271K(249344K), [Metaspace: 52052K->52052K(1097728K)], 0.1903918 secs] [Times: user=0.19 sys=0.00, real=0.19 secs] 
Heap after GC invocations=485 (full 701):
 par new generation   total 115200K, used 23135K [0x00000000f0000000, 0x00000000f7d00000, 0x00000000f7d00000)
  eden space 102400K,  22% used [0x00000000f0000000, 0x00000000f1697cc8, 0x00000000f6400000)
  from space 12800K,   0% used [0x00000000f7080000, 0x00000000f7080000, 0x00000000f7d00000)
  to   space 12800K,   0% used [0x00000000f6400000, 0x00000000f6400000, 0x00000000f7080000)
 concurrent mark-sweep generation total 134144K, used 134136K [0x00000000f7d00000, 0x0000000100000000, 0x0000000100000000)
 Metaspace       used 52052K, capacity 54894K, committed 55936K, reserved 1097728K
  class space    used 6335K, capacity 6835K, committed 7040K, reserved 1048576K
}
2023-01-17T04:35:29.059+0800: 338.967: [GC (CMS Initial Mark) [1 CMS-initial-mark: 134136K(134144K)] 157551K(249344K), 0.0082513 secs] [Times: user=0.02 sys=0.00, real=0.01 secs] 
2023-01-17T04:35:29.068+0800: 338.976: [CMS-concurrent-mark-start]
2023-01-17T04:35:29.174+0800: 339.082: [CMS-concurrent-mark: 0.106/0.106 secs] [Times: user=0.23 sys=0.03, real=0.11 secs] 
2023-01-17T04:35:29.174+0800: 339.082: [CMS-concurrent-preclean-start]
2023-01-17T04:35:29.225+0800: 339.133: [CMS-concurrent-preclean: 0.051/0.051 secs] [Times: user=0.06 sys=0.01, real=0.05 secs] 
2023-01-17T04:35:29.226+0800: 339.133: [CMS-concurrent-abortable-preclean-start]
2023-01-17T04:35:29.226+0800: 339.133: [CMS-concurrent-abortable-preclean: 0.000/0.000 secs] [Times: user=0.00 sys=0.00, real=0.00 secs] 
2023-01-17T04:35:29.229+0800: 339.137: [GC (CMS Final Remark) [YG occupancy: 76374 K (115200 K)]2023-01-17T04:35:29.229+0800: 339.137: [Rescan (parallel) , 0.0225719 secs]2023-01-17T04:35:29.252+0800: 339.160: [weak refs processing, 0.0000411 secs]2023-01-17T04:35:29.252+0800: 339.160: [class unloading, 0.0131308 secs]2023-01-17T04:35:29.265+0800: 339.173: [scrub symbol table, 0.0050940 secs]2023-01-17T04:35:29.270+0800: 339.178: [scrub string table, 0.0009290 secs][1 CMS-remark: 134136K(134144K)] 210510K(249344K), 0.0419303 secs] [Times: user=0.09 sys=0.00, real=0.05 secs] 
2023-01-17T04:35:29.271+0800: 339.179: [CMS-concurrent-sweep-start]
2023-01-17T04:35:29.290+0800: 339.198: [CMS-concurrent-sweep: 0.019/0.019 secs] [Times: user=0.06 sys=0.00, real=0.02 secs] 
2023-01-17T04:35:29.291+0800: 339.199: [CMS-concurrent-reset-start]
2023-01-17T04:35:29.291+0800: 339.199: [CMS-concurrent-reset: 0.000/0.000 secs] [Times: user=0.00 sys=0.00, real=0.00 secs] 
{Heap before GC invocations=485 (full 702):
 par new generation   total 115200K, used 115199K [0x00000000f0000000, 0x00000000f7d00000, 0x00000000f7d00000)
  eden space 102400K, 100% used [0x00000000f0000000, 0x00000000f6400000, 0x00000000f6400000)
  from space 12800K,  99% used [0x00000000f7080000, 0x00000000f7cffff0, 0x00000000f7d00000)
  to   space 12800K,   0% used [0x00000000f6400000, 0x00000000f6400000, 0x00000000f7080000)
 concurrent mark-sweep generation total 134144K, used 134135K [0x00000000f7d00000, 0x0000000100000000, 0x0000000100000000)
 Metaspace       used 52052K, capacity 54894K, committed 55936K, reserved 1097728K
  class space    used 6335K, capacity 6835K, committed 7040K, reserved 1048576K
2023-01-17T04:35:29.396+0800: 339.304: [GC (Allocation Failure) 2023-01-17T04:35:29.396+0800: 339.304: [ParNew: 115199K->115199K(115200K), 0.0000310 secs]2023-01-17T04:35:29.396+0800: 339.304: [CMS: 134135K->134143K(134144K), 0.2007829 secs] 249335K->157558K(249344K), [Metaspace: 52052K->52052K(1097728K)], 0.2011551 secs] [Times: user=0.20 sys=0.00, real=0.20 secs] 
Heap after GC invocations=486 (full 703):
 par new generation   total 115200K, used 23415K [0x00000000f0000000, 0x00000000f7d00000, 0x00000000f7d00000)
  eden space 102400K,  22% used [0x00000000f0000000, 0x00000000f16ddf58, 0x00000000f6400000)
  from space 12800K,   0% used [0x00000000f7080000, 0x00000000f7080000, 0x00000000f7d00000)
  to   space 12800K,   0% used [0x00000000f6400000, 0x00000000f6400000, 0x00000000f7080000)
 concurrent mark-sweep generation total 134144K, used 134143K [0x00000000f7d00000, 0x0000000100000000, 0x0000000100000000)
 Metaspace       used 52052K, capacity 54894K, committed 55936K, reserved 1097728K
  class space    used 6335K, capacity 6835K, committed 7040K, reserved 1048576K
}
2023-01-17T04:35:29.602+0800: 339.509: [GC (CMS Initial Mark) [1 CMS-initial-mark: 134143K(134144K)] 158152K(249344K), 0.0060872 secs] [Times: user=0.01 sys=0.00, real=0.00 secs] 
2023-01-17T04:35:29.608+0800: 339.516: [CMS-concurrent-mark-start]
2023-01-17T04:35:29.707+0800: 339.615: [CMS-concurrent-mark: 0.099/0.099 secs] [Times: user=0.30 sys=0.04, real=0.10 secs] 
2023-01-17T04:35:29.707+0800: 339.615: [CMS-concurrent-preclean-start]
2023-01-17T04:35:29.740+0800: 339.648: [CMS-concurrent-preclean: 0.033/0.033 secs] [Times: user=0.05 sys=0.01, real=0.04 secs] 
2023-01-17T04:35:29.740+0800: 339.648: [CMS-concurrent-abortable-preclean-start]
2023-01-17T04:35:29.740+0800: 339.648: [CMS-concurrent-abortable-preclean: 0.000/0.000 secs] [Times: user=0.00 sys=0.00, real=0.00 secs] 
2023-01-17T04:35:29.744+0800: 339.652: [GC (CMS Final Remark) [YG occupancy: 94029 K (115200 K)]2023-01-17T04:35:29.744+0800: 339.652: [Rescan (parallel) , 0.0202750 secs]2023-01-17T04:35:29.764+0800: 339.672: [weak refs processing, 0.0000568 secs]2023-01-17T04:35:29.764+0800: 339.672: [class unloading, 0.0131748 secs]2023-01-17T04:35:29.778+0800: 339.685: [scrub symbol table, 0.0048486 secs]2023-01-17T04:35:29.782+0800: 339.690: [scrub string table, 0.0008870 secs][1 CMS-remark: 134143K(134144K)] 228172K(249344K), 0.0394150 secs] [Times: user=0.10 sys=0.00, real=0.04 secs] 
2023-01-17T04:35:29.784+0800: 339.691: [CMS-concurrent-sweep-start]
2023-01-17T04:35:29.799+0800: 339.707: [CMS-concurrent-sweep: 0.016/0.016 secs] [Times: user=0.03 sys=0.01, real=0.01 secs] 
2023-01-17T04:35:29.799+0800: 339.707: [CMS-concurrent-reset-start]
2023-01-17T04:35:29.800+0800: 339.708: [CMS-concurrent-reset: 0.000/0.000 secs] [Times: user=0.00 sys=0.00, real=0.01 secs] 
{Heap before GC invocations=486 (full 704):
 par new generation   total 115200K, used 115200K [0x00000000f0000000, 0x00000000f7d00000, 0x00000000f7d00000)
  eden space 102400K, 100% used [0x00000000f0000000, 0x00000000f6400000, 0x00000000f6400000)
  from space 12800K, 100% used [0x00000000f7080000, 0x00000000f7d00000, 0x00000000f7d00000)
  to   space 12800K,   0% used [0x00000000f6400000, 0x00000000f6400000, 0x00000000f7080000)
 concurrent mark-sweep generation total 134144K, used 134143K [0x00000000f7d00000, 0x0000000100000000, 0x0000000100000000)
 Metaspace       used 52052K, capacity 54894K, committed 55936K, reserved 1097728K
  class space    used 6335K, capacity 6835K, committed 7040K, reserved 1048576K
2023-01-17T04:35:29.888+0800: 339.796: [GC (Allocation Failure) 2023-01-17T04:35:29.889+0800: 339.796: [ParNew: 115200K->115200K(115200K), 0.0000270 secs]2023-01-17T04:35:29.889+0800: 339.796: [CMS: 134143K->134142K(134144K), 0.2594518 secs] 249343K->157331K(249344K), [Metaspace: 52052K->52052K(1097728K)], 0.2598577 secs] [Times: user=0.27 sys=0.00, real=0.26 secs] 
Heap after GC invocations=487 (full 705):
 par new generation   total 115200K, used 23188K [0x00000000f0000000, 0x00000000f7d00000, 0x00000000f7d00000)
  eden space 102400K,  22% used [0x00000000f0000000, 0x00000000f16a5360, 0x00000000f6400000)
  from space 12800K,   0% used [0x00000000f7080000, 0x00000000f7080000, 0x00000000f7d00000)
  to   space 12800K,   0% used [0x00000000f6400000, 0x00000000f6400000, 0x00000000f7080000)
 concurrent mark-sweep generation total 134144K, used 134142K [0x00000000f7d00000, 0x0000000100000000, 0x0000000100000000)
 Metaspace       used 52052K, capacity 54894K, committed 55936K, reserved 1097728K
  class space    used 6335K, capacity 6835K, committed 7040K, reserved 1048576K
}
2023-01-17T04:35:30.159+0800: 340.067: [GC (CMS Initial Mark) [1 CMS-initial-mark: 134142K(134144K)] 160797K(249344K), 0.0079831 secs] [Times: user=0.02 sys=0.00, real=0.01 secs] 
2023-01-17T04:35:30.167+0800: 340.075: [CMS-concurrent-mark-start]
2023-01-17T04:35:30.280+0800: 340.188: [CMS-concurrent-mark: 0.113/0.113 secs] [Times: user=0.33 sys=0.03, real=0.12 secs] 
2023-01-17T04:35:30.280+0800: 340.188: [CMS-concurrent-preclean-start]
2023-01-17T04:35:30.328+0800: 340.236: [CMS-concurrent-preclean: 0.048/0.048 secs] [Times: user=0.14 sys=0.01, real=0.04 secs] 
2023-01-17T04:35:30.328+0800: 340.236: [CMS-concurrent-abortable-preclean-start]
2023-01-17T04:35:30.328+0800: 340.236: [CMS-concurrent-abortable-preclean: 0.000/0.000 secs] [Times: user=0.00 sys=0.00, real=0.00 secs] 
2023-01-17T04:35:30.332+0800: 340.240: [GC (CMS Final Remark) [YG occupancy: 109648 K (115200 K)]2023-01-17T04:35:30.332+0800: 340.240: [Rescan (parallel) , 0.0310436 secs]2023-01-17T04:35:30.363+0800: 340.271: [weak refs processing, 0.0000435 secs]2023-01-17T04:35:30.363+0800: 340.271: [class unloading, 0.0131777 secs]2023-01-17T04:35:30.376+0800: 340.284: [scrub symbol table, 0.0048277 secs]2023-01-17T04:35:30.381+0800: 340.289: [scrub string table, 0.0008885 secs][1 CMS-remark: 134142K(134144K)] 243791K(249344K), 0.0501432 secs] [Times: user=0.11 sys=0.00, real=0.05 secs] 
2023-01-17T04:35:30.384+0800: 340.292: [CMS-concurrent-sweep-start]
2023-01-17T04:35:30.402+0800: 340.309: [CMS-concurrent-sweep: 0.018/0.018 secs] [Times: user=0.06 sys=0.00, real=0.02 secs] 
2023-01-17T04:35:30.402+0800: 340.310: [CMS-concurrent-reset-start]
2023-01-17T04:35:30.402+0800: 340.310: [CMS-concurrent-reset: 0.000/0.000 secs] [Times: user=0.00 sys=0.00, real=0.00 secs] 
{Heap before GC invocations=487 (full 706):
 par new generation   total 115200K, used 115200K [0x00000000f0000000, 0x00000000f7d00000, 0x00000000f7d00000)
  eden space 102400K, 100% used [0x00000000f0000000, 0x00000000f6400000, 0x00000000f6400000)
  from space 12800K, 100% used [0x00000000f7080000, 0x00000000f7d00000, 0x00000000f7d00000)
  to   space 12800K,   0% used [0x00000000f6400000, 0x00000000f6400000, 0x00000000f7080000)
 concurrent mark-sweep generation total 134144K, used 134142K [0x00000000f7d00000, 0x0000000100000000, 0x0000000100000000)
 Metaspace       used 52052K, capacity 54894K, committed 55936K, reserved 1097728K
  class space    used 6335K, capacity 6835K, committed 7040K, reserved 1048576K
2023-01-17T04:35:30.419+0800: 340.327: [GC (Allocation Failure) 2023-01-17T04:35:30.419+0800: 340.327: [ParNew: 115200K->115200K(115200K), 0.0000222 secs]2023-01-17T04:35:30.419+0800: 340.327: [CMS: 134142K->134142K(134144K), 0.1823324 secs] 249342K->157494K(249344K), [Metaspace: 52052K->52052K(1097728K)], 0.1826636 secs] [Times: user=0.18 sys=0.00, real=0.19 secs] 
Heap after GC invocations=488 (full 707):
 par new generation   total 115200K, used 23351K [0x00000000f0000000, 0x00000000f7d00000, 0x00000000f7d00000)
  eden space 102400K,  22% used [0x00000000f0000000, 0x00000000f16cdd90, 0x00000000f6400000)
  from space 12800K,   0% used [0x00000000f7080000, 0x00000000f7080000, 0x00000000f7d00000)
  to   space 12800K,   0% used [0x00000000f6400000, 0x00000000f6400000, 0x00000000f7080000)
 concurrent mark-sweep generation total 134144K, used 134142K [0x00000000f7d00000, 0x0000000100000000, 0x0000000100000000)
 Metaspace       used 52052K, capacity 54894K, committed 55936K, reserved 1097728K
  class space    used 6335K, capacity 6835K, committed 7040K, reserved 1048576K
}
2023-01-17T04:35:30.606+0800: 340.513: [GC (CMS Initial Mark) [1 CMS-initial-mark: 134142K(134144K)] 157562K(249344K), 0.0065093 secs] [Times: user=0.02 sys=0.00, real=0.01 secs] 
2023-01-17T04:35:30.612+0800: 340.520: [CMS-concurrent-mark-start]
2023-01-17T04:35:30.660+0800: 340.568: [CMS-concurrent-mark: 0.048/0.048 secs] [Times: user=0.07 sys=0.00, real=0.05 secs] 
2023-01-17T04:35:30.660+0800: 340.568: [CMS-concurrent-preclean-start]
2023-01-17T04:35:30.690+0800: 340.598: [CMS-concurrent-preclean: 0.029/0.029 secs] [Times: user=0.04 sys=0.00, real=0.03 secs] 
2023-01-17T04:35:30.690+0800: 340.598: [CMS-concurrent-abortable-preclean-start]
2023-01-17T04:35:30.690+0800: 340.598: [CMS-concurrent-abortable-preclean: 0.000/0.000 secs] [Times: user=0.00 sys=0.00, real=0.00 secs] 
2023-01-17T04:35:30.693+0800: 340.601: [GC (CMS Final Remark) [YG occupancy: 31245 K (115200 K)]2023-01-17T04:35:30.693+0800: 340.601: [Rescan (parallel) , 0.0075031 secs]2023-01-17T04:35:30.701+0800: 340.608: [weak refs processing, 0.0000384 secs]2023-01-17T04:35:30.701+0800: 340.609: [class unloading, 0.0122962 secs]2023-01-17T04:35:30.713+0800: 340.621: [scrub symbol table, 0.0047306 secs]2023-01-17T04:35:30.718+0800: 340.626: [scrub string table, 0.0008956 secs][1 CMS-remark: 134142K(134144K)] 165388K(249344K), 0.0255821 secs] [Times: user=0.05 sys=0.00, real=0.02 secs] 
2023-01-17T04:35:30.719+0800: 340.627: [CMS-concurrent-sweep-start]
2023-01-17T04:35:30.787+0800: 340.695: [CMS-concurrent-sweep: 0.068/0.068 secs] [Times: user=0.23 sys=0.03, real=0.07 secs] 
2023-01-17T04:35:30.787+0800: 340.695: [CMS-concurrent-reset-start]
2023-01-17T04:35:30.788+0800: 340.695: [CMS-concurrent-reset: 0.000/0.000 secs] [Times: user=0.00 sys=0.00, real=0.00 secs] 
{Heap before GC invocations=488 (full 708):
 par new generation   total 115200K, used 115199K [0x00000000f0000000, 0x00000000f7d00000, 0x00000000f7d00000)
  eden space 102400K, 100% used [0x00000000f0000000, 0x00000000f6400000, 0x00000000f6400000)
  from space 12800K,  99% used [0x00000000f7080000, 0x00000000f7cffff8, 0x00000000f7d00000)
  to   space 12800K,   0% used [0x00000000f6400000, 0x00000000f6400000, 0x00000000f7080000)
 concurrent mark-sweep generation total 134144K, used 134142K [0x00000000f7d00000, 0x0000000100000000, 0x0000000100000000)
 Metaspace       used 52052K, capacity 54894K, committed 55936K, reserved 1097728K
  class space    used 6335K, capacity 6835K, committed 7040K, reserved 1048576K
2023-01-17T04:35:30.874+0800: 340.782: [GC (Allocation Failure) 2023-01-17T04:35:30.875+0800: 340.782: [ParNew: 115199K->115199K(115200K), 0.0000247 secs]2023-01-17T04:35:30.875+0800: 340.783: [CMS: 134142K->134142K(134144K), 0.1887414 secs] 249342K->157618K(249344K), [Metaspace: 52052K->52052K(1097728K)], 0.1891257 secs] [Times: user=0.19 sys=0.00, real=0.19 secs] 
Heap after GC invocations=489 (full 709):
 par new generation   total 115200K, used 23475K [0x00000000f0000000, 0x00000000f7d00000, 0x00000000f7d00000)
  eden space 102400K,  22% used [0x00000000f0000000, 0x00000000f16ecca8, 0x00000000f6400000)
  from space 12800K,   0% used [0x00000000f7080000, 0x00000000f7080000, 0x00000000f7d00000)
  to   space 12800K,   0% used [0x00000000f6400000, 0x00000000f6400000, 0x00000000f7080000)
 concurrent mark-sweep generation total 134144K, used 134142K [0x00000000f7d00000, 0x0000000100000000, 0x0000000100000000)
 Metaspace       used 52052K, capacity 54894K, committed 55936K, reserved 1097728K
  class space    used 6335K, capacity 6835K, committed 7040K, reserved 1048576K
}
2023-01-17T04:35:31.068+0800: 340.975: [GC (CMS Initial Mark) [1 CMS-initial-mark: 134142K(134144K)] 157701K(249344K), 0.0071443 secs] [Times: user=0.01 sys=0.00, real=0.01 secs] 
2023-01-17T04:35:31.075+0800: 340.983: [CMS-concurrent-mark-start]
2023-01-17T04:35:31.136+0800: 341.044: [CMS-concurrent-mark: 0.061/0.061 secs] [Times: user=0.14 sys=0.01, real=0.06 secs] 
2023-01-17T04:35:31.137+0800: 341.044: [CMS-concurrent-preclean-start]
2023-01-17T04:35:31.171+0800: 341.079: [CMS-concurrent-preclean: 0.034/0.034 secs] [Times: user=0.04 sys=0.01, real=0.04 secs] 
2023-01-17T04:35:31.171+0800: 341.079: [CMS-concurrent-abortable-preclean-start]
2023-01-17T04:35:31.171+0800: 341.079: [CMS-concurrent-abortable-preclean: 0.000/0.000 secs] [Times: user=0.00 sys=0.00, real=0.00 secs] 
2023-01-17T04:35:31.175+0800: 341.082: [GC (CMS Final Remark) [YG occupancy: 43967 K (115200 K)]2023-01-17T04:35:31.175+0800: 341.082: [Rescan (parallel) , 0.0169486 secs]2023-01-17T04:35:31.192+0800: 341.099: [weak refs processing, 0.0000398 secs]2023-01-17T04:35:31.192+0800: 341.099: [class unloading, 0.0127216 secs]2023-01-17T04:35:31.204+0800: 341.112: [scrub symbol table, 0.0051518 secs]2023-01-17T04:35:31.210+0800: 341.117: [scrub string table, 0.0008827 secs][1 CMS-remark: 134142K(134144K)] 178110K(249344K), 0.0358740 secs] [Times: user=0.06 sys=0.00, real=0.04 secs] 
2023-01-17T04:35:31.211+0800: 341.118: [CMS-concurrent-sweep-start]
2023-01-17T04:35:31.226+0800: 341.134: [CMS-concurrent-sweep: 0.015/0.015 secs] [Times: user=0.03 sys=0.00, real=0.01 secs] 
2023-01-17T04:35:31.226+0800: 341.134: [CMS-concurrent-reset-start]
2023-01-17T04:35:31.226+0800: 341.134: [CMS-concurrent-reset: 0.000/0.000 secs] [Times: user=0.00 sys=0.00, real=0.00 secs] 
{Heap before GC invocations=489 (full 710):
 par new generation   total 115200K, used 115199K [0x00000000f0000000, 0x00000000f7d00000, 0x00000000f7d00000)
  eden space 102400K, 100% used [0x00000000f0000000, 0x00000000f6400000, 0x00000000f6400000)
  from space 12800K,  99% used [0x00000000f7080000, 0x00000000f7cffff0, 0x00000000f7d00000)
  to   space 12800K,   0% used [0x00000000f6400000, 0x00000000f6400000, 0x00000000f7080000)
 concurrent mark-sweep generation total 134144K, used 134142K [0x00000000f7d00000, 0x0000000100000000, 0x0000000100000000)
 Metaspace       used 52052K, capacity 54894K, committed 55936K, reserved 1097728K
  class space    used 6335K, capacity 6835K, committed 7040K, reserved 1048576K
2023-01-17T04:35:31.401+0800: 341.309: [GC (Allocation Failure) 2023-01-17T04:35:31.402+0800: 341.309: [ParNew: 115199K->115199K(115200K), 0.0000264 secs]2023-01-17T04:35:31.402+0800: 341.309: [CMS: 134142K->134142K(134144K), 0.1884021 secs] 249342K->157380K(249344K), [Metaspace: 52052K->52052K(1097728K)], 0.1887841 secs] [Times: user=0.19 sys=0.00, real=0.19 secs] 
Heap after GC invocations=490 (full 711):
 par new generation   total 115200K, used 23238K [0x00000000f0000000, 0x00000000f7d00000, 0x00000000f7d00000)
  eden space 102400K,  22% used [0x00000000f0000000, 0x00000000f16b1820, 0x00000000f6400000)
  from space 12800K,   0% used [0x00000000f7080000, 0x00000000f7080000, 0x00000000f7d00000)
  to   space 12800K,   0% used [0x00000000f6400000, 0x00000000f6400000, 0x00000000f7080000)
 concurrent mark-sweep generation total 134144K, used 134142K [0x00000000f7d00000, 0x0000000100000000, 0x0000000100000000)
 Metaspace       used 52052K, capacity 54894K, committed 55936K, reserved 1097728K
  class space    used 6335K, capacity 6835K, committed 7040K, reserved 1048576K
}
2023-01-17T04:35:31.598+0800: 341.506: [GC (CMS Initial Mark) [1 CMS-initial-mark: 134142K(134144K)] 160563K(249344K), 0.0074808 secs] [Times: user=0.02 sys=0.00, real=0.01 secs] 
2023-01-17T04:35:31.606+0800: 341.514: [CMS-concurrent-mark-start]
2023-01-17T04:35:31.668+0800: 341.576: [CMS-concurrent-mark: 0.062/0.062 secs] [Times: user=0.16 sys=0.02, real=0.06 secs] 
2023-01-17T04:35:31.668+0800: 341.576: [CMS-concurrent-preclean-start]
2023-01-17T04:35:31.697+0800: 341.605: [CMS-concurrent-preclean: 0.029/0.029 secs] [Times: user=0.03 sys=0.00, real=0.03 secs] 
2023-01-17T04:35:31.697+0800: 341.605: [CMS-concurrent-abortable-preclean-start]
2023-01-17T04:35:31.697+0800: 341.605: [CMS-concurrent-abortable-preclean: 0.000/0.000 secs] [Times: user=0.00 sys=0.00, real=0.00 secs] 
2023-01-17T04:35:31.701+0800: 341.609: [GC (CMS Final Remark) [YG occupancy: 59147 K (115200 K)]2023-01-17T04:35:31.701+0800: 341.609: [Rescan (parallel) , 0.0208111 secs]2023-01-17T04:35:31.722+0800: 341.630: [weak refs processing, 0.0000604 secs]2023-01-17T04:35:31.722+0800: 341.630: [class unloading, 0.0183164 secs]2023-01-17T04:35:31.740+0800: 341.648: [scrub symbol table, 0.0075223 secs]2023-01-17T04:35:31.748+0800: 341.655: [scrub string table, 0.0013426 secs][1 CMS-remark: 134142K(134144K)] 193290K(249344K), 0.0482284 secs] [Times: user=0.09 sys=0.00, real=0.04 secs] 
2023-01-17T04:35:31.749+0800: 341.657: [CMS-concurrent-sweep-start]
2023-01-17T04:35:31.794+0800: 341.702: [CMS-concurrent-sweep: 0.045/0.045 secs] [Times: user=0.10 sys=0.02, real=0.05 secs] 
2023-01-17T04:35:31.795+0800: 341.703: [CMS-concurrent-reset-start]
2023-01-17T04:35:31.795+0800: 341.703: [CMS-concurrent-reset: 0.000/0.000 secs] [Times: user=0.00 sys=0.00, real=0.00 secs] 
{Heap before GC invocations=490 (full 712):
 par new generation   total 115200K, used 115200K [0x00000000f0000000, 0x00000000f7d00000, 0x00000000f7d00000)
  eden space 102400K, 100% used [0x00000000f0000000, 0x00000000f6400000, 0x00000000f6400000)
  from space 12800K, 100% used [0x00000000f7080000, 0x00000000f7d00000, 0x00000000f7d00000)
  to   space 12800K,   0% used [0x00000000f6400000, 0x00000000f6400000, 0x00000000f7080000)
 concurrent mark-sweep generation total 134144K, used 134142K [0x00000000f7d00000, 0x0000000100000000, 0x0000000100000000)
 Metaspace       used 52052K, capacity 54894K, committed 55936K, reserved 1097728K
  class space    used 6335K, capacity 6835K, committed 7040K, reserved 1048576K
2023-01-17T04:35:31.898+0800: 341.806: [GC (Allocation Failure) 2023-01-17T04:35:31.898+0800: 341.806: [ParNew: 115200K->115200K(115200K), 0.0002987 secs]2023-01-17T04:35:31.898+0800: 341.806: [CMS: 134142K->134142K(134144K), 0.2393107 secs] 249342K->157570K(249344K), [Metaspace: 52052K->52052K(1097728K)], 0.2400608 secs] [Times: user=0.24 sys=0.00, real=0.24 secs] 
Heap after GC invocations=491 (full 713):
 par new generation   total 115200K, used 23427K [0x00000000f0000000, 0x00000000f7d00000, 0x00000000f7d00000)
  eden space 102400K,  22% used [0x00000000f0000000, 0x00000000f16e0de0, 0x00000000f6400000)
  from space 12800K,   0% used [0x00000000f7080000, 0x00000000f7080000, 0x00000000f7d00000)
  to   space 12800K,   0% used [0x00000000f6400000, 0x00000000f6400000, 0x00000000f7080000)
 concurrent mark-sweep generation total 134144K, used 134142K [0x00000000f7d00000, 0x0000000100000000, 0x0000000100000000)
 Metaspace       used 52052K, capacity 54894K, committed 55936K, reserved 1097728K
  class space    used 6335K, capacity 6835K, committed 7040K, reserved 1048576K
}
2023-01-17T04:35:32.142+0800: 342.050: [GC (CMS Initial Mark) [1 CMS-initial-mark: 134142K(134144K)] 157673K(249344K), 0.0067201 secs] [Times: user=0.02 sys=0.00, real=0.00 secs] 
2023-01-17T04:35:32.149+0800: 342.057: [CMS-concurrent-mark-start]
2023-01-17T04:35:32.212+0800: 342.119: [CMS-concurrent-mark: 0.063/0.063 secs] [Times: user=0.19 sys=0.02, real=0.07 secs] 
2023-01-17T04:35:32.212+0800: 342.120: [CMS-concurrent-preclean-start]
2023-01-17T04:35:32.247+0800: 342.155: [CMS-concurrent-preclean: 0.035/0.035 secs] [Times: user=0.07 sys=0.01, real=0.03 secs] 
2023-01-17T04:35:32.247+0800: 342.155: [CMS-concurrent-abortable-preclean-start]
2023-01-17T04:35:32.247+0800: 342.155: [CMS-concurrent-abortable-preclean: 0.000/0.000 secs] [Times: user=0.00 sys=0.00, real=0.00 secs] 
2023-01-17T04:35:32.251+0800: 342.158: [GC (CMS Final Remark) [YG occupancy: 74547 K (115200 K)]2023-01-17T04:35:32.251+0800: 342.158: [Rescan (parallel) , 0.0160562 secs]2023-01-17T04:35:32.267+0800: 342.174: [weak refs processing, 0.0000378 secs]2023-01-17T04:35:32.267+0800: 342.175: [class unloading, 0.0129380 secs]2023-01-17T04:35:32.280+0800: 342.187: [scrub symbol table, 0.0050147 secs]2023-01-17T04:35:32.285+0800: 342.192: [scrub string table, 0.0008908 secs][1 CMS-remark: 134142K(134144K)] 208690K(249344K), 0.0350958 secs] [Times: user=0.09 sys=0.00, real=0.03 secs] 
2023-01-17T04:35:32.286+0800: 342.194: [CMS-concurrent-sweep-start]
2023-01-17T04:35:32.307+0800: 342.215: [CMS-concurrent-sweep: 0.021/0.021 secs] [Times: user=0.08 sys=0.00, real=0.02 secs] 
2023-01-17T04:35:32.307+0800: 342.215: [CMS-concurrent-reset-start]
2023-01-17T04:35:32.308+0800: 342.215: [CMS-concurrent-reset: 0.000/0.000 secs] [Times: user=0.00 sys=0.00, real=0.00 secs] 
{Heap before GC invocations=491 (full 714):
 par new generation   total 115200K, used 115199K [0x00000000f0000000, 0x00000000f7d00000, 0x00000000f7d00000)
  eden space 102400K, 100% used [0x00000000f0000000, 0x00000000f6400000, 0x00000000f6400000)
  from space 12800K,  99% used [0x00000000f7080000, 0x00000000f7cffff0, 0x00000000f7d00000)
  to   space 12800K,   0% used [0x00000000f6400000, 0x00000000f6400000, 0x00000000f7080000)
 concurrent mark-sweep generation total 134144K, used 134142K [0x00000000f7d00000, 0x0000000100000000, 0x0000000100000000)
 Metaspace       used 52052K, capacity 54894K, committed 55936K, reserved 1097728K
  class space    used 6335K, capacity 6835K, committed 7040K, reserved 1048576K
2023-01-17T04:35:32.393+0800: 342.301: [GC (Allocation Failure) 2023-01-17T04:35:32.393+0800: 342.301: [ParNew: 115199K->115199K(115200K), 0.0000254 secs]2023-01-17T04:35:32.393+0800: 342.301: [CMS: 134142K->134142K(134144K), 0.1868378 secs] 249342K->157367K(249344K), [Metaspace: 52052K->52052K(1097728K)], 0.1872952 secs] [Times: user=0.18 sys=0.00, real=0.19 secs] 
Heap after GC invocations=492 (full 715):
 par new generation   total 115200K, used 23224K [0x00000000f0000000, 0x00000000f7d00000, 0x00000000f7d00000)
  eden space 102400K,  22% used [0x00000000f0000000, 0x00000000f16ae350, 0x00000000f6400000)
  from space 12800K,   0% used [0x00000000f7080000, 0x00000000f7080000, 0x00000000f7d00000)
  to   space 12800K,   0% used [0x00000000f6400000, 0x00000000f6400000, 0x00000000f7080000)
 concurrent mark-sweep generation total 134144K, used 134142K [0x00000000f7d00000, 0x0000000100000000, 0x0000000100000000)
 Metaspace       used 52052K, capacity 54894K, committed 55936K, reserved 1097728K
  class space    used 6335K, capacity 6835K, committed 7040K, reserved 1048576K
}
2023-01-17T04:35:32.614+0800: 342.521: [GC (CMS Initial Mark) [1 CMS-initial-mark: 134142K(134144K)] 169491K(249344K), 0.0160180 secs] [Times: user=0.03 sys=0.00, real=0.02 secs] 
2023-01-17T04:35:32.630+0800: 342.538: [CMS-concurrent-mark-start]
2023-01-17T04:35:32.700+0800: 342.608: [CMS-concurrent-mark: 0.070/0.070 secs] [Times: user=0.11 sys=0.01, real=0.07 secs] 
2023-01-17T04:35:32.700+0800: 342.608: [CMS-concurrent-preclean-start]
2023-01-17T04:35:32.761+0800: 342.669: [CMS-concurrent-preclean: 0.060/0.060 secs] [Times: user=0.16 sys=0.02, real=0.06 secs] 
2023-01-17T04:35:32.761+0800: 342.669: [CMS-concurrent-abortable-preclean-start]
2023-01-17T04:35:32.761+0800: 342.669: [CMS-concurrent-abortable-preclean: 0.000/0.000 secs] [Times: user=0.00 sys=0.00, real=0.00 secs] 
2023-01-17T04:35:32.766+0800: 342.674: [GC (CMS Final Remark) [YG occupancy: 81553 K (115200 K)]2023-01-17T04:35:32.766+0800: 342.674: [Rescan (parallel) , 0.0263773 secs]2023-01-17T04:35:32.793+0800: 342.700: [weak refs processing, 0.0000554 secs]2023-01-17T04:35:32.793+0800: 342.701: [class unloading, 0.0183916 secs]2023-01-17T04:35:32.811+0800: 342.719: [scrub symbol table, 0.0049916 secs]2023-01-17T04:35:32.816+0800: 342.724: [scrub string table, 0.0009231 secs][1 CMS-remark: 134142K(134144K)] 215696K(249344K), 0.0509424 secs] [Times: user=0.11 sys=0.00, real=0.05 secs] 
2023-01-17T04:35:32.817+0800: 342.725: [CMS-concurrent-sweep-start]
2023-01-17T04:35:32.841+0800: 342.749: [CMS-concurrent-sweep: 0.024/0.024 secs] [Times: user=0.03 sys=0.00, real=0.03 secs] 
2023-01-17T04:35:32.842+0800: 342.749: [CMS-concurrent-reset-start]
2023-01-17T04:35:32.842+0800: 342.750: [CMS-concurrent-reset: 0.000/0.000 secs] [Times: user=0.00 sys=0.00, real=0.00 secs] 
{Heap before GC invocations=492 (full 716):
 par new generation   total 115200K, used 115199K [0x00000000f0000000, 0x00000000f7d00000, 0x00000000f7d00000)
  eden space 102400K, 100% used [0x00000000f0000000, 0x00000000f6400000, 0x00000000f6400000)
  from space 12800K,  99% used [0x00000000f7080000, 0x00000000f7cffff0, 0x00000000f7d00000)
  to   space 12800K,   0% used [0x00000000f6400000, 0x00000000f6400000, 0x00000000f7080000)
 concurrent mark-sweep generation total 134144K, used 134142K [0x00000000f7d00000, 0x0000000100000000, 0x0000000100000000)
 Metaspace       used 52052K, capacity 54894K, committed 55936K, reserved 1097728K
  class space    used 6335K, capacity 6835K, committed 7040K, reserved 1048576K
2023-01-17T04:35:32.945+0800: 342.853: [GC (Allocation Failure) 2023-01-17T04:35:32.946+0800: 342.853: [ParNew: 115199K->115199K(115200K), 0.0000264 secs]2023-01-17T04:35:32.946+0800: 342.853: [CMS: 134142K->134142K(134144K), 0.1878870 secs] 249342K->157447K(249344K), [Metaspace: 52052K->52052K(1097728K)], 0.1882809 secs] [Times: user=0.19 sys=0.00, real=0.19 secs] 
Heap after GC invocations=493 (full 717):
 par new generation   total 115200K, used 23304K [0x00000000f0000000, 0x00000000f7d00000, 0x00000000f7d00000)
  eden space 102400K,  22% used [0x00000000f0000000, 0x00000000f16c21a8, 0x00000000f6400000)
  from space 12800K,   0% used [0x00000000f7080000, 0x00000000f7080000, 0x00000000f7d00000)
  to   space 12800K,   0% used [0x00000000f6400000, 0x00000000f6400000, 0x00000000f7080000)
 concurrent mark-sweep generation total 134144K, used 134142K [0x00000000f7d00000, 0x0000000100000000, 0x0000000100000000)
 Metaspace       used 52052K, capacity 54894K, committed 55936K, reserved 1097728K
  class space    used 6335K, capacity 6835K, committed 7040K, reserved 1048576K
}
2023-01-17T04:35:33.138+0800: 343.046: [GC (CMS Initial Mark) [1 CMS-initial-mark: 134142K(134144K)] 157778K(249344K), 0.0066012 secs] [Times: user=0.02 sys=0.00, real=0.01 secs] 
2023-01-17T04:35:33.145+0800: 343.053: [CMS-concurrent-mark-start]
2023-01-17T04:35:33.210+0800: 343.117: [CMS-concurrent-mark: 0.065/0.065 secs] [Times: user=0.17 sys=0.03, real=0.07 secs] 
2023-01-17T04:35:33.210+0800: 343.118: [CMS-concurrent-preclean-start]
2023-01-17T04:35:33.257+0800: 343.165: [CMS-concurrent-preclean: 0.047/0.047 secs] [Times: user=0.13 sys=0.03, real=0.04 secs] 
2023-01-17T04:35:33.257+0800: 343.165: [CMS-concurrent-abortable-preclean-start]
2023-01-17T04:35:33.257+0800: 343.165: [CMS-concurrent-abortable-preclean: 0.000/0.000 secs] [Times: user=0.00 sys=0.00, real=0.00 secs] 
2023-01-17T04:35:33.261+0800: 343.169: [GC (CMS Final Remark) [YG occupancy: 71589 K (115200 K)]2023-01-17T04:35:33.261+0800: 343.169: [Rescan (parallel) , 0.0166144 secs]2023-01-17T04:35:33.278+0800: 343.185: [weak refs processing, 0.0000400 secs]2023-01-17T04:35:33.278+0800: 343.185: [class unloading, 0.0127670 secs]2023-01-17T04:35:33.290+0800: 343.198: [scrub symbol table, 0.0051049 secs]2023-01-17T04:35:33.296+0800: 343.203: [scrub string table, 0.0008792 secs][1 CMS-remark: 134142K(134144K)] 205732K(249344K), 0.0355637 secs] [Times: user=0.08 sys=0.00, real=0.03 secs] 
2023-01-17T04:35:33.297+0800: 343.204: [CMS-concurrent-sweep-start]
2023-01-17T04:35:33.315+0800: 343.223: [CMS-concurrent-sweep: 0.018/0.018 secs] [Times: user=0.05 sys=0.01, real=0.02 secs] 
2023-01-17T04:35:33.315+0800: 343.223: [CMS-concurrent-reset-start]
2023-01-17T04:35:33.315+0800: 343.223: [CMS-concurrent-reset: 0.000/0.000 secs] [Times: user=0.00 sys=0.00, real=0.00 secs] 
{Heap before GC invocations=493 (full 718):
 par new generation   total 115200K, used 115199K [0x00000000f0000000, 0x00000000f7d00000, 0x00000000f7d00000)
  eden space 102400K, 100% used [0x00000000f0000000, 0x00000000f6400000, 0x00000000f6400000)
  from space 12800K,  99% used [0x00000000f7080000, 0x00000000f7cfffe8, 0x00000000f7d00000)
  to   space 12800K,   0% used [0x00000000f6400000, 0x00000000f6400000, 0x00000000f7080000)
 concurrent mark-sweep generation total 134144K, used 134142K [0x00000000f7d00000, 0x0000000100000000, 0x0000000100000000)
 Metaspace       used 52052K, capacity 54894K, committed 55936K, reserved 1097728K
  class space    used 6335K, capacity 6835K, committed 7040K, reserved 1048576K
2023-01-17T04:35:33.476+0800: 343.384: [GC (Allocation Failure) 2023-01-17T04:35:33.477+0800: 343.385: [ParNew: 115199K->115199K(115200K), 0.0000365 secs]2023-01-17T04:35:33.477+0800: 343.385: [CMS: 134142K->134142K(134144K), 0.1983854 secs] 249342K->157433K(249344K), [Metaspace: 52052K->52052K(1097728K)], 0.1988658 secs] [Times: user=0.20 sys=0.00, real=0.20 secs] 
Heap after GC invocations=494 (full 719):
 par new generation   total 115200K, used 23290K [0x00000000f0000000, 0x00000000f7d00000, 0x00000000f7d00000)
  eden space 102400K,  22% used [0x00000000f0000000, 0x00000000f16beb78, 0x00000000f6400000)
  from space 12800K,   0% used [0x00000000f7080000, 0x00000000f7080000, 0x00000000f7d00000)
  to   space 12800K,   0% used [0x00000000f6400000, 0x00000000f6400000, 0x00000000f7080000)
 concurrent mark-sweep generation total 134144K, used 134142K [0x00000000f7d00000, 0x0000000100000000, 0x0000000100000000)
 Metaspace       used 52052K, capacity 54894K, committed 55936K, reserved 1097728K
  class space    used 6335K, capacity 6835K, committed 7040K, reserved 1048576K
}
2023-01-17T04:35:33.680+0800: 343.587: [GC (CMS Initial Mark) [1 CMS-initial-mark: 134142K(134144K)] 157576K(249344K), 0.0095469 secs] [Times: user=0.02 sys=0.00, real=0.00 secs] 
2023-01-17T04:35:33.689+0800: 343.597: [CMS-concurrent-mark-start]
2023-01-17T04:35:33.764+0800: 343.672: [CMS-concurrent-mark: 0.075/0.075 secs] [Times: user=0.15 sys=0.01, real=0.08 secs] 
2023-01-17T04:35:33.764+0800: 343.672: [CMS-concurrent-preclean-start]
2023-01-17T04:35:33.823+0800: 343.731: [CMS-concurrent-preclean: 0.059/0.059 secs] [Times: user=0.12 sys=0.02, real=0.06 secs] 
2023-01-17T04:35:33.823+0800: 343.731: [CMS-concurrent-abortable-preclean-start]
2023-01-17T04:35:33.823+0800: 343.731: [CMS-concurrent-abortable-preclean: 0.000/0.000 secs] [Times: user=0.00 sys=0.00, real=0.00 secs] 
2023-01-17T04:35:33.830+0800: 343.737: [GC (CMS Final Remark) [YG occupancy: 70437 K (115200 K)]2023-01-17T04:35:33.830+0800: 343.738: [Rescan (parallel) , 0.0283879 secs]2023-01-17T04:35:33.858+0800: 343.766: [weak refs processing, 0.0000468 secs]2023-01-17T04:35:33.858+0800: 343.766: [class unloading, 0.0137383 secs]2023-01-17T04:35:33.872+0800: 343.780: [scrub symbol table, 0.0052938 secs]2023-01-17T04:35:33.877+0800: 343.785: [scrub string table, 0.0009077 secs][1 CMS-remark: 134142K(134144K)] 204579K(249344K), 0.0486167 secs] [Times: user=0.08 sys=0.00, real=0.04 secs] 
2023-01-17T04:35:33.879+0800: 343.787: [CMS-concurrent-sweep-start]
2023-01-17T04:35:33.907+0800: 343.815: [CMS-concurrent-sweep: 0.028/0.028 secs] [Times: user=0.07 sys=0.01, real=0.03 secs] 
2023-01-17T04:35:33.907+0800: 343.815: [CMS-concurrent-reset-start]
2023-01-17T04:35:33.907+0800: 343.815: [CMS-concurrent-reset: 0.000/0.000 secs] [Times: user=0.00 sys=0.00, real=0.00 secs] 
{Heap before GC invocations=494 (full 720):
 par new generation   total 115200K, used 115199K [0x00000000f0000000, 0x00000000f7d00000, 0x00000000f7d00000)
  eden space 102400K, 100% used [0x00000000f0000000, 0x00000000f6400000, 0x00000000f6400000)
  from space 12800K,  99% used [0x00000000f7080000, 0x00000000f7cffff8, 0x00000000f7d00000)
  to   space 12800K,   0% used [0x00000000f6400000, 0x00000000f6400000, 0x00000000f7080000)
 concurrent mark-sweep generation total 134144K, used 134142K [0x00000000f7d00000, 0x0000000100000000, 0x0000000100000000)
 Metaspace       used 52052K, capacity 54894K, committed 55936K, reserved 1097728K
  class space    used 6335K, capacity 6835K, committed 7040K, reserved 1048576K
2023-01-17T04:35:34.018+0800: 343.926: [GC (Allocation Failure) 2023-01-17T04:35:34.018+0800: 343.926: [ParNew: 115199K->115199K(115200K), 0.0000249 secs]2023-01-17T04:35:34.018+0800: 343.926: [CMS: 134142K->134141K(134144K), 0.2056502 secs] 249342K->157422K(249344K), [Metaspace: 52052K->52052K(1097728K)], 0.2060144 secs] [Times: user=0.20 sys=0.00, real=0.21 secs] 
Heap after GC invocations=495 (full 721):
 par new generation   total 115200K, used 23280K [0x00000000f0000000, 0x00000000f7d00000, 0x00000000f7d00000)
  eden space 102400K,  22% used [0x00000000f0000000, 0x00000000f16bc238, 0x00000000f6400000)
  from space 12800K,   0% used [0x00000000f7080000, 0x00000000f7080000, 0x00000000f7d00000)
  to   space 12800K,   0% used [0x00000000f6400000, 0x00000000f6400000, 0x00000000f7080000)
 concurrent mark-sweep generation total 134144K, used 134141K [0x00000000f7d00000, 0x0000000100000000, 0x0000000100000000)
 Metaspace       used 52052K, capacity 54894K, committed 55936K, reserved 1097728K
  class space    used 6335K, capacity 6835K, committed 7040K, reserved 1048576K
}
2023-01-17T04:35:34.228+0800: 344.136: [GC (CMS Initial Mark) [1 CMS-initial-mark: 134141K(134144K)] 157629K(249344K), 0.0067629 secs] [Times: user=0.02 sys=0.00, real=0.01 secs] 
2023-01-17T04:35:34.235+0800: 344.143: [CMS-concurrent-mark-start]
2023-01-17T04:35:34.304+0800: 344.211: [CMS-concurrent-mark: 0.069/0.069 secs] [Times: user=0.18 sys=0.03, real=0.07 secs] 
2023-01-17T04:35:34.304+0800: 344.212: [CMS-concurrent-preclean-start]
2023-01-17T04:35:34.333+0800: 344.241: [CMS-concurrent-preclean: 0.030/0.030 secs] [Times: user=0.03 sys=0.00, real=0.03 secs] 
2023-01-17T04:35:34.334+0800: 344.241: [CMS-concurrent-abortable-preclean-start]
2023-01-17T04:35:34.334+0800: 344.241: [CMS-concurrent-abortable-preclean: 0.000/0.000 secs] [Times: user=0.00 sys=0.00, real=0.00 secs] 
2023-01-17T04:35:34.337+0800: 344.245: [GC (CMS Final Remark) [YG occupancy: 58173 K (115200 K)]2023-01-17T04:35:34.337+0800: 344.245: [Rescan (parallel) , 0.0170160 secs]2023-01-17T04:35:34.354+0800: 344.262: [weak refs processing, 0.0000394 secs]2023-01-17T04:35:34.354+0800: 344.262: [class unloading, 0.0126199 secs]2023-01-17T04:35:34.367+0800: 344.275: [scrub symbol table, 0.0049045 secs]2023-01-17T04:35:34.372+0800: 344.279: [scrub string table, 0.0008550 secs][1 CMS-remark: 134141K(134144K)] 192314K(249344K), 0.0355860 secs] [Times: user=0.07 sys=0.00, real=0.04 secs] 
2023-01-17T04:35:34.373+0800: 344.281: [CMS-concurrent-sweep-start]
2023-01-17T04:35:34.392+0800: 344.300: [CMS-concurrent-sweep: 0.019/0.019 secs] [Times: user=0.03 sys=0.00, real=0.02 secs] 
2023-01-17T04:35:34.392+0800: 344.300: [CMS-concurrent-reset-start]
2023-01-17T04:35:34.393+0800: 344.300: [CMS-concurrent-reset: 0.000/0.000 secs] [Times: user=0.00 sys=0.00, real=0.00 secs] 
{Heap before GC invocations=495 (full 722):
 par new generation   total 115200K, used 115200K [0x00000000f0000000, 0x00000000f7d00000, 0x00000000f7d00000)
  eden space 102400K, 100% used [0x00000000f0000000, 0x00000000f6400000, 0x00000000f6400000)
  from space 12800K, 100% used [0x00000000f7080000, 0x00000000f7d00000, 0x00000000f7d00000)
  to   space 12800K,   0% used [0x00000000f6400000, 0x00000000f6400000, 0x00000000f7080000)
 concurrent mark-sweep generation total 134144K, used 134141K [0x00000000f7d00000, 0x0000000100000000, 0x0000000100000000)
 Metaspace       used 52052K, capacity 54894K, committed 55936K, reserved 1097728K
  class space    used 6335K, capacity 6835K, committed 7040K, reserved 1048576K
2023-01-17T04:35:34.547+0800: 344.455: [GC (Allocation Failure) 2023-01-17T04:35:34.548+0800: 344.455: [ParNew: 115200K->115200K(115200K), 0.0000267 secs]2023-01-17T04:35:34.548+0800: 344.455: [CMS: 134141K->134141K(134144K), 0.1878274 secs] 249341K->157540K(249344K), [Metaspace: 52052K->52052K(1097728K)], 0.1882051 secs] [Times: user=0.19 sys=0.00, real=0.19 secs] 
Heap after GC invocations=496 (full 723):
 par new generation   total 115200K, used 23399K [0x00000000f0000000, 0x00000000f7d00000, 0x00000000f7d00000)
  eden space 102400K,  22% used [0x00000000f0000000, 0x00000000f16d9d78, 0x00000000f6400000)
  from space 12800K,   0% used [0x00000000f7080000, 0x00000000f7080000, 0x00000000f7d00000)
  to   space 12800K,   0% used [0x00000000f6400000, 0x00000000f6400000, 0x00000000f7080000)
 concurrent mark-sweep generation total 134144K, used 134141K [0x00000000f7d00000, 0x0000000100000000, 0x0000000100000000)
 Metaspace       used 52052K, capacity 54894K, committed 55936K, reserved 1097728K
  class space    used 6335K, capacity 6835K, committed 7040K, reserved 1048576K
}
2023-01-17T04:35:34.741+0800: 344.649: [GC (CMS Initial Mark) [1 CMS-initial-mark: 134141K(134144K)] 158522K(249344K), 0.0069237 secs] [Times: user=0.01 sys=0.00, real=0.00 secs] 
2023-01-17T04:35:34.748+0800: 344.656: [CMS-concurrent-mark-start]
2023-01-17T04:35:34.831+0800: 344.739: [CMS-concurrent-mark: 0.083/0.083 secs] [Times: user=0.23 sys=0.02, real=0.09 secs] 
2023-01-17T04:35:34.832+0800: 344.739: [CMS-concurrent-preclean-start]
2023-01-17T04:35:34.861+0800: 344.768: [CMS-concurrent-preclean: 0.029/0.029 secs] [Times: user=0.03 sys=0.00, real=0.03 secs] 
2023-01-17T04:35:34.861+0800: 344.769: [CMS-concurrent-abortable-preclean-start]
2023-01-17T04:35:34.861+0800: 344.769: [CMS-concurrent-abortable-preclean: 0.000/0.000 secs] [Times: user=0.00 sys=0.00, real=0.00 secs] 
2023-01-17T04:35:34.864+0800: 344.772: [GC (CMS Final Remark) [YG occupancy: 73583 K (115200 K)]2023-01-17T04:35:34.864+0800: 344.772: [Rescan (parallel) , 0.0163883 secs]2023-01-17T04:35:34.881+0800: 344.789: [weak refs processing, 0.0000409 secs]2023-01-17T04:35:34.881+0800: 344.789: [class unloading, 0.0129641 secs]2023-01-17T04:35:34.894+0800: 344.802: [scrub symbol table, 0.0049817 secs]2023-01-17T04:35:34.899+0800: 344.807: [scrub string table, 0.0009101 secs][1 CMS-remark: 134141K(134144K)] 207724K(249344K), 0.0354531 secs] [Times: user=0.08 sys=0.00, real=0.04 secs] 
2023-01-17T04:35:34.901+0800: 344.808: [CMS-concurrent-sweep-start]
2023-01-17T04:35:34.920+0800: 344.828: [CMS-concurrent-sweep: 0.019/0.019 secs] [Times: user=0.05 sys=0.01, real=0.02 secs] 
2023-01-17T04:35:34.920+0800: 344.828: [CMS-concurrent-reset-start]
2023-01-17T04:35:34.924+0800: 344.831: [CMS-concurrent-reset: 0.004/0.004 secs] [Times: user=0.01 sys=0.01, real=0.00 secs] 
{Heap before GC invocations=496 (full 724):
 par new generation   total 115200K, used 115199K [0x00000000f0000000, 0x00000000f7d00000, 0x00000000f7d00000)
  eden space 102400K, 100% used [0x00000000f0000000, 0x00000000f6400000, 0x00000000f6400000)
  from space 12800K,  99% used [0x00000000f7080000, 0x00000000f7cffff8, 0x00000000f7d00000)
  to   space 12800K,   0% used [0x00000000f6400000, 0x00000000f6400000, 0x00000000f7080000)
 concurrent mark-sweep generation total 134144K, used 134141K [0x00000000f7d00000, 0x0000000100000000, 0x0000000100000000)
 Metaspace       used 52052K, capacity 54894K, committed 55936K, reserved 1097728K
  class space    used 6335K, capacity 6835K, committed 7040K, reserved 1048576K
2023-01-17T04:35:35.015+0800: 344.923: [GC (Allocation Failure) 2023-01-17T04:35:35.015+0800: 344.923: [ParNew: 115199K->115199K(115200K), 0.0000256 secs]2023-01-17T04:35:35.015+0800: 344.923: [CMS: 134141K->134141K(134144K), 0.1897731 secs] 249341K->157498K(249344K), [Metaspace: 52052K->52052K(1097728K)], 0.1901437 secs] [Times: user=0.19 sys=0.00, real=0.19 secs] 
Heap after GC invocations=497 (full 725):
 par new generation   total 115200K, used 23356K [0x00000000f0000000, 0x00000000f7d00000, 0x00000000f7d00000)
  eden space 102400K,  22% used [0x00000000f0000000, 0x00000000f16cf2a8, 0x00000000f6400000)
  from space 12800K,   0% used [0x00000000f7080000, 0x00000000f7080000, 0x00000000f7d00000)
  to   space 12800K,   0% used [0x00000000f6400000, 0x00000000f6400000, 0x00000000f7080000)
 concurrent mark-sweep generation total 134144K, used 134141K [0x00000000f7d00000, 0x0000000100000000, 0x0000000100000000)
 Metaspace       used 52052K, capacity 54894K, committed 55936K, reserved 1097728K
  class space    used 6335K, capacity 6835K, committed 7040K, reserved 1048576K
}
2023-01-17T04:35:35.209+0800: 345.117: [GC (CMS Initial Mark) [1 CMS-initial-mark: 134141K(134144K)] 157586K(249344K), 0.0124325 secs] [Times: user=0.02 sys=0.00, real=0.02 secs] 
2023-01-17T04:35:35.222+0800: 345.130: [CMS-concurrent-mark-start]
2023-01-17T04:35:35.338+0800: 345.246: [CMS-concurrent-mark: 0.116/0.116 secs] [Times: user=0.25 sys=0.03, real=0.11 secs] 
2023-01-17T04:35:35.338+0800: 345.246: [CMS-concurrent-preclean-start]
2023-01-17T04:35:35.379+0800: 345.286: [CMS-concurrent-preclean: 0.040/0.040 secs] [Times: user=0.07 sys=0.02, real=0.04 secs] 
2023-01-17T04:35:35.379+0800: 345.287: [CMS-concurrent-abortable-preclean-start]
2023-01-17T04:35:35.379+0800: 345.287: [CMS-concurrent-abortable-preclean: 0.000/0.000 secs] [Times: user=0.00 sys=0.00, real=0.00 secs] 
2023-01-17T04:35:35.382+0800: 345.290: [GC (CMS Final Remark) [YG occupancy: 88909 K (115200 K)]2023-01-17T04:35:35.382+0800: 345.290: [Rescan (parallel) , 0.0253879 secs]2023-01-17T04:35:35.408+0800: 345.316: [weak refs processing, 0.0000485 secs]2023-01-17T04:35:35.408+0800: 345.316: [class unloading, 0.0130961 secs]2023-01-17T04:35:35.421+0800: 345.329: [scrub symbol table, 0.0049310 secs]2023-01-17T04:35:35.426+0800: 345.334: [scrub string table, 0.0009311 secs][1 CMS-remark: 134141K(134144K)] 223050K(249344K), 0.0445599 secs] [Times: user=0.10 sys=0.00, real=0.04 secs] 
2023-01-17T04:35:35.430+0800: 345.338: [CMS-concurrent-sweep-start]
2023-01-17T04:35:35.481+0800: 345.389: [CMS-concurrent-sweep: 0.051/0.051 secs] [Times: user=0.14 sys=0.01, real=0.05 secs] 
2023-01-17T04:35:35.482+0800: 345.389: [CMS-concurrent-reset-start]
2023-01-17T04:35:35.482+0800: 345.390: [CMS-concurrent-reset: 0.000/0.000 secs] [Times: user=0.00 sys=0.00, real=0.00 secs] 
{Heap before GC invocations=497 (full 726):
 par new generation   total 115200K, used 115200K [0x00000000f0000000, 0x00000000f7d00000, 0x00000000f7d00000)
  eden space 102400K, 100% used [0x00000000f0000000, 0x00000000f6400000, 0x00000000f6400000)
  from space 12800K, 100% used [0x00000000f7080000, 0x00000000f7d00000, 0x00000000f7d00000)
  to   space 12800K,   0% used [0x00000000f6400000, 0x00000000f6400000, 0x00000000f7080000)
 concurrent mark-sweep generation total 134144K, used 134141K [0x00000000f7d00000, 0x0000000100000000, 0x0000000100000000)
 Metaspace       used 52052K, capacity 54894K, committed 55936K, reserved 1097728K
  class space    used 6335K, capacity 6835K, committed 7040K, reserved 1048576K
2023-01-17T04:35:35.527+0800: 345.435: [GC (Allocation Failure) 2023-01-17T04:35:35.527+0800: 345.435: [ParNew: 115200K->115200K(115200K), 0.0000254 secs]2023-01-17T04:35:35.527+0800: 345.435: [CMS: 134141K->134141K(134144K), 0.1848760 secs] 249341K->157484K(249344K), [Metaspace: 52052K->52052K(1097728K)], 0.1852366 secs] [Times: user=0.18 sys=0.00, real=0.19 secs] 
Heap after GC invocations=498 (full 727):
 par new generation   total 115200K, used 23343K [0x00000000f0000000, 0x00000000f7d00000, 0x00000000f7d00000)
  eden space 102400K,  22% used [0x00000000f0000000, 0x00000000f16cbc98, 0x00000000f6400000)
  from space 12800K,   0% used [0x00000000f7080000, 0x00000000f7080000, 0x00000000f7d00000)
  to   space 12800K,   0% used [0x00000000f6400000, 0x00000000f6400000, 0x00000000f7080000)
 concurrent mark-sweep generation total 134144K, used 134141K [0x00000000f7d00000, 0x0000000100000000, 0x0000000100000000)
 Metaspace       used 52052K, capacity 54894K, committed 55936K, reserved 1097728K
  class space    used 6335K, capacity 6835K, committed 7040K, reserved 1048576K
}
2023-01-17T04:35:35.718+0800: 345.626: [GC (CMS Initial Mark) [1 CMS-initial-mark: 134141K(134144K)] 158791K(249344K), 0.0067475 secs] [Times: user=0.02 sys=0.00, real=0.01 secs] 
2023-01-17T04:35:35.725+0800: 345.633: [CMS-concurrent-mark-start]
2023-01-17T04:35:35.789+0800: 345.697: [CMS-concurrent-mark: 0.064/0.064 secs] [Times: user=0.17 sys=0.04, real=0.06 secs] 
2023-01-17T04:35:35.789+0800: 345.697: [CMS-concurrent-preclean-start]
2023-01-17T04:35:35.821+0800: 345.729: [CMS-concurrent-preclean: 0.032/0.032 secs] [Times: user=0.04 sys=0.00, real=0.04 secs] 
2023-01-17T04:35:35.821+0800: 345.729: [CMS-concurrent-abortable-preclean-start]
2023-01-17T04:35:35.821+0800: 345.729: [CMS-concurrent-abortable-preclean: 0.000/0.000 secs] [Times: user=0.00 sys=0.00, real=0.00 secs] 
2023-01-17T04:35:35.830+0800: 345.738: [GC (CMS Final Remark) [YG occupancy: 65030 K (115200 K)]2023-01-17T04:35:35.830+0800: 345.738: [Rescan (parallel) , 0.0152642 secs]2023-01-17T04:35:35.845+0800: 345.753: [weak refs processing, 0.0000438 secs]2023-01-17T04:35:35.845+0800: 345.753: [class unloading, 0.0133623 secs]2023-01-17T04:35:35.859+0800: 345.767: [scrub symbol table, 0.0049457 secs]2023-01-17T04:35:35.864+0800: 345.772: [scrub string table, 0.0008910 secs][1 CMS-remark: 134141K(134144K)] 199171K(249344K), 0.0346690 secs] [Times: user=0.08 sys=0.00, real=0.03 secs] 
2023-01-17T04:35:35.865+0800: 345.773: [CMS-concurrent-sweep-start]
2023-01-17T04:35:35.886+0800: 345.793: [CMS-concurrent-sweep: 0.020/0.020 secs] [Times: user=0.06 sys=0.00, real=0.02 secs] 
2023-01-17T04:35:35.886+0800: 345.794: [CMS-concurrent-reset-start]
2023-01-17T04:35:35.886+0800: 345.794: [CMS-concurrent-reset: 0.000/0.000 secs] [Times: user=0.00 sys=0.00, real=0.00 secs] 
{Heap before GC invocations=498 (full 728):
 par new generation   total 115200K, used 115199K [0x00000000f0000000, 0x00000000f7d00000, 0x00000000f7d00000)
  eden space 102400K, 100% used [0x00000000f0000000, 0x00000000f6400000, 0x00000000f6400000)
  from space 12800K,  99% used [0x00000000f7080000, 0x00000000f7cffff0, 0x00000000f7d00000)
  to   space 12800K,   0% used [0x00000000f6400000, 0x00000000f6400000, 0x00000000f7080000)
 concurrent mark-sweep generation total 134144K, used 134141K [0x00000000f7d00000, 0x0000000100000000, 0x0000000100000000)
 Metaspace       used 52052K, capacity 54894K, committed 55936K, reserved 1097728K
  class space    used 6335K, capacity 6835K, committed 7040K, reserved 1048576K
2023-01-17T04:35:35.994+0800: 345.902: [GC (Allocation Failure) 2023-01-17T04:35:35.994+0800: 345.902: [ParNew: 115199K->115199K(115200K), 0.0000247 secs]2023-01-17T04:35:35.994+0800: 345.902: [CMS: 134141K->134141K(134144K), 0.1862431 secs] 249341K->157374K(249344K), [Metaspace: 52052K->52052K(1097728K)], 0.1865894 secs] [Times: user=0.19 sys=0.00, real=0.19 secs] 
Heap after GC invocations=499 (full 729):
 par new generation   total 115200K, used 23233K [0x00000000f0000000, 0x00000000f7d00000, 0x00000000f7d00000)
  eden space 102400K,  22% used [0x00000000f0000000, 0x00000000f16b0540, 0x00000000f6400000)
  from space 12800K,   0% used [0x00000000f7080000, 0x00000000f7080000, 0x00000000f7d00000)
  to   space 12800K,   0% used [0x00000000f6400000, 0x00000000f6400000, 0x00000000f7080000)
 concurrent mark-sweep generation total 134144K, used 134141K [0x00000000f7d00000, 0x0000000100000000, 0x0000000100000000)
 Metaspace       used 52052K, capacity 54894K, committed 55936K, reserved 1097728K
  class space    used 6335K, capacity 6835K, committed 7040K, reserved 1048576K
}
2023-01-17T04:35:36.185+0800: 346.093: [GC (CMS Initial Mark) [1 CMS-initial-mark: 134141K(134144K)] 157819K(249344K), 0.0073080 secs] [Times: user=0.02 sys=0.00, real=0.01 secs] 
2023-01-17T04:35:36.193+0800: 346.101: [CMS-concurrent-mark-start]
2023-01-17T04:35:36.269+0800: 346.177: [CMS-concurrent-mark: 0.077/0.077 secs] [Times: user=0.19 sys=0.05, real=0.07 secs] 
2023-01-17T04:35:36.269+0800: 346.177: [CMS-concurrent-preclean-start]
2023-01-17T04:35:36.326+0800: 346.233: [CMS-concurrent-preclean: 0.056/0.056 secs] [Times: user=0.10 sys=0.01, real=0.05 secs] 
2023-01-17T04:35:36.326+0800: 346.234: [CMS-concurrent-abortable-preclean-start]
2023-01-17T04:35:36.326+0800: 346.234: [CMS-concurrent-abortable-preclean: 0.000/0.000 secs] [Times: user=0.00 sys=0.00, real=0.00 secs] 
2023-01-17T04:35:36.331+0800: 346.239: [GC (CMS Final Remark) [YG occupancy: 75137 K (115200 K)]2023-01-17T04:35:36.331+0800: 346.239: [Rescan (parallel) , 0.0321945 secs]2023-01-17T04:35:36.364+0800: 346.271: [weak refs processing, 0.0000576 secs]2023-01-17T04:35:36.364+0800: 346.271: [class unloading, 0.0186471 secs]2023-01-17T04:35:36.382+0800: 346.290: [scrub symbol table, 0.0074474 secs]2023-01-17T04:35:36.390+0800: 346.298: [scrub string table, 0.0012859 secs][1 CMS-remark: 134141K(134144K)] 209279K(249344K), 0.0598483 secs] [Times: user=0.12 sys=0.00, real=0.06 secs] 
2023-01-17T04:35:36.392+0800: 346.299: [CMS-concurrent-sweep-start]
2023-01-17T04:35:36.453+0800: 346.361: [CMS-concurrent-sweep: 0.062/0.062 secs] [Times: user=0.16 sys=0.02, real=0.06 secs] 
2023-01-17T04:35:36.453+0800: 346.361: [CMS-concurrent-reset-start]
2023-01-17T04:35:36.454+0800: 346.361: [CMS-concurrent-reset: 0.000/0.000 secs] [Times: user=0.00 sys=0.00, real=0.00 secs] 
{Heap before GC invocations=499 (full 730):
 par new generation   total 115200K, used 115199K [0x00000000f0000000, 0x00000000f7d00000, 0x00000000f7d00000)
  eden space 102400K, 100% used [0x00000000f0000000, 0x00000000f6400000, 0x00000000f6400000)
  from space 12800K,  99% used [0x00000000f7080000, 0x00000000f7cffff8, 0x00000000f7d00000)
  to   space 12800K,   0% used [0x00000000f6400000, 0x00000000f6400000, 0x00000000f7080000)
 concurrent mark-sweep generation total 134144K, used 134141K [0x00000000f7d00000, 0x0000000100000000, 0x0000000100000000)
 Metaspace       used 52052K, capacity 54894K, committed 55936K, reserved 1097728K
  class space    used 6335K, capacity 6835K, committed 7040K, reserved 1048576K
2023-01-17T04:35:36.529+0800: 346.437: [GC (Allocation Failure) 2023-01-17T04:35:36.529+0800: 346.437: [ParNew: 115199K->115199K(115200K), 0.0000348 secs]2023-01-17T04:35:36.529+0800: 346.437: [CMS: 134141K->134141K(134144K), 0.1947500 secs] 249341K->157393K(249344K), [Metaspace: 52052K->52052K(1097728K)], 0.1952477 secs] [Times: user=0.20 sys=0.00, real=0.20 secs] 
Heap after GC invocations=500 (full 731):
 par new generation   total 115200K, used 23251K [0x00000000f0000000, 0x00000000f7d00000, 0x00000000f7d00000)
  eden space 102400K,  22% used [0x00000000f0000000, 0x00000000f16b4e70, 0x00000000f6400000)
  from space 12800K,   0% used [0x00000000f7080000, 0x00000000f7080000, 0x00000000f7d00000)
  to   space 12800K,   0% used [0x00000000f6400000, 0x00000000f6400000, 0x00000000f7080000)
 concurrent mark-sweep generation total 134144K, used 134141K [0x00000000f7d00000, 0x0000000100000000, 0x0000000100000000)
 Metaspace       used 52052K, capacity 54894K, committed 55936K, reserved 1097728K
  class space    used 6335K, capacity 6835K, committed 7040K, reserved 1048576K
}
2023-01-17T04:35:36.728+0800: 346.636: [GC (CMS Initial Mark) [1 CMS-initial-mark: 134141K(134144K)] 157399K(249344K), 0.0068228 secs] [Times: user=0.02 sys=0.00, real=0.01 secs] 
2023-01-17T04:35:36.735+0800: 346.643: [CMS-concurrent-mark-start]
2023-01-17T04:35:36.807+0800: 346.715: [CMS-concurrent-mark: 0.072/0.072 secs] [Times: user=0.24 sys=0.02, real=0.07 secs] 
2023-01-17T04:35:36.808+0800: 346.715: [CMS-concurrent-preclean-start]
2023-01-17T04:35:36.845+0800: 346.752: [CMS-concurrent-preclean: 0.037/0.037 secs] [Times: user=0.09 sys=0.02, real=0.04 secs] 
2023-01-17T04:35:36.845+0800: 346.753: [CMS-concurrent-abortable-preclean-start]
2023-01-17T04:35:36.845+0800: 346.753: [CMS-concurrent-abortable-preclean: 0.000/0.000 secs] [Times: user=0.00 sys=0.00, real=0.00 secs] 
2023-01-17T04:35:36.848+0800: 346.756: [GC (CMS Final Remark) [YG occupancy: 89079 K (115200 K)]2023-01-17T04:35:36.848+0800: 346.756: [Rescan (parallel) , 0.0198085 secs]2023-01-17T04:35:36.868+0800: 346.776: [weak refs processing, 0.0000394 secs]2023-01-17T04:35:36.868+0800: 346.776: [class unloading, 0.0127685 secs]2023-01-17T04:35:36.881+0800: 346.789: [scrub symbol table, 0.0048414 secs]2023-01-17T04:35:36.886+0800: 346.794: [scrub string table, 0.0008905 secs][1 CMS-remark: 134141K(134144K)] 223221K(249344K), 0.0385064 secs] [Times: user=0.10 sys=0.00, real=0.04 secs] 
2023-01-17T04:35:36.887+0800: 346.795: [CMS-concurrent-sweep-start]
2023-01-17T04:35:36.900+0800: 346.808: [CMS-concurrent-sweep: 0.013/0.013 secs] [Times: user=0.01 sys=0.00, real=0.02 secs] 
2023-01-17T04:35:36.900+0800: 346.808: [CMS-concurrent-reset-start]
2023-01-17T04:35:36.901+0800: 346.808: [CMS-concurrent-reset: 0.000/0.000 secs] [Times: user=0.00 sys=0.00, real=0.00 secs] 
{Heap before GC invocations=500 (full 732):
 par new generation   total 115200K, used 115199K [0x00000000f0000000, 0x00000000f7d00000, 0x00000000f7d00000)
  eden space 102400K, 100% used [0x00000000f0000000, 0x00000000f6400000, 0x00000000f6400000)
  from space 12800K,  99% used [0x00000000f7080000, 0x00000000f7cffff8, 0x00000000f7d00000)
  to   space 12800K,   0% used [0x00000000f6400000, 0x00000000f6400000, 0x00000000f7080000)
 concurrent mark-sweep generation total 134144K, used 134141K [0x00000000f7d00000, 0x0000000100000000, 0x0000000100000000)
 Metaspace       used 52052K, capacity 54894K, committed 55936K, reserved 1097728K
  class space    used 6335K, capacity 6835K, committed 7040K, reserved 1048576K
2023-01-17T04:35:37.033+0800: 346.941: [GC (Allocation Failure) 2023-01-17T04:35:37.033+0800: 346.941: [ParNew: 115199K->115199K(115200K), 0.0000268 secs]2023-01-17T04:35:37.033+0800: 346.941: [CMS: 134141K->134141K(134144K), 0.1890173 secs] 249341K->157475K(249344K), [Metaspace: 52052K->52052K(1097728K)], 0.1893949 secs] [Times: user=0.19 sys=0.00, real=0.19 secs] 
Heap after GC invocations=501 (full 733):
 par new generation   total 115200K, used 23334K [0x00000000f0000000, 0x00000000f7d00000, 0x00000000f7d00000)
  eden space 102400K,  22% used [0x00000000f0000000, 0x00000000f16c9838, 0x00000000f6400000)
  from space 12800K,   0% used [0x00000000f7080000, 0x00000000f7080000, 0x00000000f7d00000)
  to   space 12800K,   0% used [0x00000000f6400000, 0x00000000f6400000, 0x00000000f7080000)
 concurrent mark-sweep generation total 134144K, used 134141K [0x00000000f7d00000, 0x0000000100000000, 0x0000000100000000)
 Metaspace       used 52052K, capacity 54894K, committed 55936K, reserved 1097728K
  class space    used 6335K, capacity 6835K, committed 7040K, reserved 1048576K
}
2023-01-17T04:35:37.228+0800: 347.136: [GC (CMS Initial Mark) [1 CMS-initial-mark: 134141K(134144K)] 158403K(249344K), 0.0083243 secs] [Times: user=0.02 sys=0.00, real=0.01 secs] 
2023-01-17T04:35:37.237+0800: 347.144: [CMS-concurrent-mark-start]
2023-01-17T04:35:37.361+0800: 347.269: [CMS-concurrent-mark: 0.125/0.125 secs] [Times: user=0.32 sys=0.06, real=0.13 secs] 
2023-01-17T04:35:37.362+0800: 347.269: [CMS-concurrent-preclean-start]
2023-01-17T04:35:37.399+0800: 347.307: [CMS-concurrent-preclean: 0.037/0.037 secs] [Times: user=0.08 sys=0.00, real=0.03 secs] 
2023-01-17T04:35:37.399+0800: 347.307: [CMS-concurrent-abortable-preclean-start]
2023-01-17T04:35:37.399+0800: 347.307: [CMS-concurrent-abortable-preclean: 0.000/0.000 secs] [Times: user=0.00 sys=0.00, real=0.00 secs] 
2023-01-17T04:35:37.402+0800: 347.310: [GC (CMS Final Remark) [YG occupancy: 104339 K (115200 K)]2023-01-17T04:35:37.403+0800: 347.310: [Rescan (parallel) , 0.0307286 secs]2023-01-17T04:35:37.433+0800: 347.341: [weak refs processing, 0.0000403 secs]2023-01-17T04:35:37.433+0800: 347.341: [class unloading, 0.0127344 secs]2023-01-17T04:35:37.446+0800: 347.354: [scrub symbol table, 0.0047869 secs]2023-01-17T04:35:37.451+0800: 347.359: [scrub string table, 0.0008821 secs][1 CMS-remark: 134141K(134144K)] 238480K(249344K), 0.0493407 secs] [Times: user=0.11 sys=0.00, real=0.05 secs] 
2023-01-17T04:35:37.453+0800: 347.361: [CMS-concurrent-sweep-start]
2023-01-17T04:35:37.477+0800: 347.385: [CMS-concurrent-sweep: 0.024/0.024 secs] [Times: user=0.09 sys=0.01, real=0.02 secs] 
2023-01-17T04:35:37.477+0800: 347.385: [CMS-concurrent-reset-start]
2023-01-17T04:35:37.478+0800: 347.385: [CMS-concurrent-reset: 0.000/0.000 secs] [Times: user=0.00 sys=0.00, real=0.00 secs] 
{Heap before GC invocations=501 (full 734):
 par new generation   total 115200K, used 115200K [0x00000000f0000000, 0x00000000f7d00000, 0x00000000f7d00000)
  eden space 102400K, 100% used [0x00000000f0000000, 0x00000000f6400000, 0x00000000f6400000)
  from space 12800K, 100% used [0x00000000f7080000, 0x00000000f7d00000, 0x00000000f7d00000)
  to   space 12800K,   0% used [0x00000000f6400000, 0x00000000f6400000, 0x00000000f7080000)
 concurrent mark-sweep generation total 134144K, used 134141K [0x00000000f7d00000, 0x0000000100000000, 0x0000000100000000)
 Metaspace       used 52052K, capacity 54894K, committed 55936K, reserved 1097728K
  class space    used 6335K, capacity 6835K, committed 7040K, reserved 1048576K
2023-01-17T04:35:37.515+0800: 347.423: [GC (Allocation Failure) 2023-01-17T04:35:37.516+0800: 347.423: [ParNew: 115200K->115200K(115200K), 0.0000255 secs]2023-01-17T04:35:37.516+0800: 347.423: [CMS: 134141K->134141K(134144K), 0.1922467 secs] 249341K->157432K(249344K), [Metaspace: 52052K->52052K(1097728K)], 0.1926224 secs] [Times: user=0.19 sys=0.00, real=0.19 secs] 
Heap after GC invocations=502 (full 735):
 par new generation   total 115200K, used 23290K [0x00000000f0000000, 0x00000000f7d00000, 0x00000000f7d00000)
  eden space 102400K,  22% used [0x00000000f0000000, 0x00000000f16bea80, 0x00000000f6400000)
  from space 12800K,   0% used [0x00000000f7080000, 0x00000000f7080000, 0x00000000f7d00000)
  to   space 12800K,   0% used [0x00000000f6400000, 0x00000000f6400000, 0x00000000f7080000)
 concurrent mark-sweep generation total 134144K, used 134141K [0x00000000f7d00000, 0x0000000100000000, 0x0000000100000000)
 Metaspace       used 52052K, capacity 54894K, committed 55936K, reserved 1097728K
  class space    used 6335K, capacity 6835K, committed 7040K, reserved 1048576K
}
2023-01-17T04:35:37.713+0800: 347.620: [GC (CMS Initial Mark) [1 CMS-initial-mark: 134141K(134144K)] 157796K(249344K), 0.0073519 secs] [Times: user=0.02 sys=0.00, real=0.01 secs] 
2023-01-17T04:35:37.720+0800: 347.628: [CMS-concurrent-mark-start]
2023-01-17T04:35:37.803+0800: 347.711: [CMS-concurrent-mark: 0.083/0.083 secs] [Times: user=0.20 sys=0.04, real=0.08 secs] 
2023-01-17T04:35:37.803+0800: 347.711: [CMS-concurrent-preclean-start]
2023-01-17T04:35:37.859+0800: 347.767: [CMS-concurrent-preclean: 0.056/0.056 secs] [Times: user=0.13 sys=0.02, real=0.05 secs] 
2023-01-17T04:35:37.859+0800: 347.767: [CMS-concurrent-abortable-preclean-start]
2023-01-17T04:35:37.859+0800: 347.767: [CMS-concurrent-abortable-preclean: 0.000/0.000 secs] [Times: user=0.00 sys=0.00, real=0.00 secs] 
2023-01-17T04:35:37.865+0800: 347.773: [GC (CMS Final Remark) [YG occupancy: 89046 K (115200 K)]2023-01-17T04:35:37.865+0800: 347.773: [Rescan (parallel) , 0.0320866 secs]2023-01-17T04:35:37.897+0800: 347.805: [weak refs processing, 0.0000461 secs]2023-01-17T04:35:37.897+0800: 347.805: [class unloading, 0.0134080 secs]2023-01-17T04:35:37.911+0800: 347.818: [scrub symbol table, 0.0049767 secs]2023-01-17T04:35:37.916+0800: 347.823: [scrub string table, 0.0008982 secs][1 CMS-remark: 134141K(134144K)] 223187K(249344K), 0.0516730 secs] [Times: user=0.10 sys=0.00, real=0.05 secs] 
2023-01-17T04:35:37.917+0800: 347.825: [CMS-concurrent-sweep-start]
2023-01-17T04:35:37.935+0800: 347.843: [CMS-concurrent-sweep: 0.018/0.018 secs] [Times: user=0.06 sys=0.00, real=0.02 secs] 
2023-01-17T04:35:37.936+0800: 347.843: [CMS-concurrent-reset-start]
2023-01-17T04:35:37.936+0800: 347.844: [CMS-concurrent-reset: 0.000/0.000 secs] [Times: user=0.00 sys=0.00, real=0.00 secs] 
{Heap before GC invocations=502 (full 736):
 par new generation   total 115200K, used 115200K [0x00000000f0000000, 0x00000000f7d00000, 0x00000000f7d00000)
  eden space 102400K, 100% used [0x00000000f0000000, 0x00000000f6400000, 0x00000000f6400000)
  from space 12800K, 100% used [0x00000000f7080000, 0x00000000f7d00000, 0x00000000f7d00000)
  to   space 12800K,   0% used [0x00000000f6400000, 0x00000000f6400000, 0x00000000f7080000)
 concurrent mark-sweep generation total 134144K, used 134141K [0x00000000f7d00000, 0x0000000100000000, 0x0000000100000000)
 Metaspace       used 52052K, capacity 54894K, committed 55936K, reserved 1097728K
  class space    used 6335K, capacity 6835K, committed 7040K, reserved 1048576K
2023-01-17T04:35:38.022+0800: 347.929: [GC (Allocation Failure) 2023-01-17T04:35:38.022+0800: 347.930: [ParNew: 115200K->115200K(115200K), 0.0000308 secs]2023-01-17T04:35:38.022+0800: 347.930: [CMS: 134141K->134141K(134144K), 0.1959072 secs] 249341K->157375K(249344K), [Metaspace: 52052K->52052K(1097728K)], 0.1962883 secs] [Times: user=0.19 sys=0.00, real=0.19 secs] 
Heap after GC invocations=503 (full 737):
 par new generation   total 115200K, used 23234K [0x00000000f0000000, 0x00000000f7d00000, 0x00000000f7d00000)
  eden space 102400K,  22% used [0x00000000f0000000, 0x00000000f16b0b80, 0x00000000f6400000)
  from space 12800K,   0% used [0x00000000f7080000, 0x00000000f7080000, 0x00000000f7d00000)
  to   space 12800K,   0% used [0x00000000f6400000, 0x00000000f6400000, 0x00000000f7080000)
 concurrent mark-sweep generation total 134144K, used 134141K [0x00000000f7d00000, 0x0000000100000000, 0x0000000100000000)
 Metaspace       used 52052K, capacity 54894K, committed 55936K, reserved 1097728K
  class space    used 6335K, capacity 6835K, committed 7040K, reserved 1048576K
}
2023-01-17T04:35:38.222+0800: 348.130: [GC (CMS Initial Mark) [1 CMS-initial-mark: 134141K(134144K)] 157478K(249344K), 0.0096037 secs] [Times: user=0.02 sys=0.00, real=0.01 secs] 
2023-01-17T04:35:38.232+0800: 348.140: [CMS-concurrent-mark-start]
2023-01-17T04:35:38.313+0800: 348.221: [CMS-concurrent-mark: 0.081/0.081 secs] [Times: user=0.24 sys=0.04, real=0.08 secs] 
2023-01-17T04:35:38.314+0800: 348.221: [CMS-concurrent-preclean-start]
2023-01-17T04:35:38.349+0800: 348.256: [CMS-concurrent-preclean: 0.035/0.035 secs] [Times: user=0.08 sys=0.01, real=0.03 secs] 
2023-01-17T04:35:38.349+0800: 348.257: [CMS-concurrent-abortable-preclean-start]
2023-01-17T04:35:38.349+0800: 348.257: [CMS-concurrent-abortable-preclean: 0.000/0.000 secs] [Times: user=0.00 sys=0.00, real=0.00 secs] 
2023-01-17T04:35:38.352+0800: 348.260: [GC (CMS Final Remark) [YG occupancy: 93580 K (115200 K)]2023-01-17T04:35:38.352+0800: 348.260: [Rescan (parallel) , 0.0207569 secs]2023-01-17T04:35:38.373+0800: 348.281: [weak refs processing, 0.0000569 secs]2023-01-17T04:35:38.373+0800: 348.281: [class unloading, 0.0126570 secs]2023-01-17T04:35:38.386+0800: 348.294: [scrub symbol table, 0.0047622 secs]2023-01-17T04:35:38.391+0800: 348.298: [scrub string table, 0.0008650 secs][1 CMS-remark: 134141K(134144K)] 227721K(249344K), 0.0392596 secs] [Times: user=0.11 sys=0.00, real=0.04 secs] 
2023-01-17T04:35:38.392+0800: 348.300: [CMS-concurrent-sweep-start]
2023-01-17T04:35:38.406+0800: 348.313: [CMS-concurrent-sweep: 0.014/0.014 secs] [Times: user=0.02 sys=0.01, real=0.01 secs] 
2023-01-17T04:35:38.406+0800: 348.314: [CMS-concurrent-reset-start]
2023-01-17T04:35:38.406+0800: 348.314: [CMS-concurrent-reset: 0.000/0.000 secs] [Times: user=0.00 sys=0.00, real=0.00 secs] 
{Heap before GC invocations=503 (full 738):
 par new generation   total 115200K, used 115200K [0x00000000f0000000, 0x00000000f7d00000, 0x00000000f7d00000)
  eden space 102400K, 100% used [0x00000000f0000000, 0x00000000f6400000, 0x00000000f6400000)
  from space 12800K, 100% used [0x00000000f7080000, 0x00000000f7d00000, 0x00000000f7d00000)
  to   space 12800K,   0% used [0x00000000f6400000, 0x00000000f6400000, 0x00000000f7080000)
 concurrent mark-sweep generation total 134144K, used 134138K [0x00000000f7d00000, 0x0000000100000000, 0x0000000100000000)
 Metaspace       used 52052K, capacity 54894K, committed 55936K, reserved 1097728K
  class space    used 6335K, capacity 6835K, committed 7040K, reserved 1048576K
2023-01-17T04:35:38.539+0800: 348.447: [GC (Allocation Failure) 2023-01-17T04:35:38.539+0800: 348.447: [ParNew: 115200K->115200K(115200K), 0.0000252 secs]2023-01-17T04:35:38.539+0800: 348.447: [CMS: 134138K->134137K(134144K), 0.1923342 secs] 249338K->157550K(249344K), [Metaspace: 52052K->52052K(1097728K)], 0.1926987 secs] [Times: user=0.19 sys=0.00, real=0.20 secs] 
Heap after GC invocations=504 (full 739):
 par new generation   total 115200K, used 23412K [0x00000000f0000000, 0x00000000f7d00000, 0x00000000f7d00000)
  eden space 102400K,  22% used [0x00000000f0000000, 0x00000000f16dd1e0, 0x00000000f6400000)
  from space 12800K,   0% used [0x00000000f7080000, 0x00000000f7080000, 0x00000000f7d00000)
  to   space 12800K,   0% used [0x00000000f6400000, 0x00000000f6400000, 0x00000000f7080000)
 concurrent mark-sweep generation total 134144K, used 134137K [0x00000000f7d00000, 0x0000000100000000, 0x0000000100000000)
 Metaspace       used 52052K, capacity 54894K, committed 55936K, reserved 1097728K
  class space    used 6335K, capacity 6835K, committed 7040K, reserved 1048576K
}
2023-01-17T04:35:38.737+0800: 348.644: [GC (CMS Initial Mark) [1 CMS-initial-mark: 134137K(134144K)] 157949K(249344K), 0.0067359 secs] [Times: user=0.02 sys=0.00, real=0.01 secs] 
2023-01-17T04:35:38.744+0800: 348.651: [CMS-concurrent-mark-start]
2023-01-17T04:35:38.812+0800: 348.720: [CMS-concurrent-mark: 0.068/0.068 secs] [Times: user=0.20 sys=0.03, real=0.07 secs] 
2023-01-17T04:35:38.812+0800: 348.720: [CMS-concurrent-preclean-start]
2023-01-17T04:35:38.859+0800: 348.767: [CMS-concurrent-preclean: 0.047/0.047 secs] [Times: user=0.13 sys=0.02, real=0.04 secs] 
2023-01-17T04:35:38.859+0800: 348.767: [CMS-concurrent-abortable-preclean-start]
2023-01-17T04:35:38.859+0800: 348.767: [CMS-concurrent-abortable-preclean: 0.000/0.000 secs] [Times: user=0.00 sys=0.00, real=0.00 secs] 
2023-01-17T04:35:38.863+0800: 348.771: [GC (CMS Final Remark) [YG occupancy: 82910 K (115200 K)]2023-01-17T04:35:38.863+0800: 348.771: [Rescan (parallel) , 0.0236315 secs]2023-01-17T04:35:38.887+0800: 348.795: [weak refs processing, 0.0000433 secs]2023-01-17T04:35:38.887+0800: 348.795: [class unloading, 0.0147229 secs]2023-01-17T04:35:38.902+0800: 348.809: [scrub symbol table, 0.0078827 secs]2023-01-17T04:35:38.910+0800: 348.817: [scrub string table, 0.0014385 secs][1 CMS-remark: 134137K(134144K)] 217048K(249344K), 0.0479122 secs] [Times: user=0.11 sys=0.00, real=0.05 secs] 
2023-01-17T04:35:38.911+0800: 348.819: [CMS-concurrent-sweep-start]
2023-01-17T04:35:38.932+0800: 348.840: [CMS-concurrent-sweep: 0.021/0.021 secs] [Times: user=0.03 sys=0.00, real=0.02 secs] 
2023-01-17T04:35:38.932+0800: 348.840: [CMS-concurrent-reset-start]
2023-01-17T04:35:38.932+0800: 348.840: [CMS-concurrent-reset: 0.000/0.000 secs] [Times: user=0.00 sys=0.00, real=0.00 secs] 
{Heap before GC invocations=504 (full 740):
 par new generation   total 115200K, used 115199K [0x00000000f0000000, 0x00000000f7d00000, 0x00000000f7d00000)
  eden space 102400K, 100% used [0x00000000f0000000, 0x00000000f6400000, 0x00000000f6400000)
  from space 12800K,  99% used [0x00000000f7080000, 0x00000000f7cfffe8, 0x00000000f7d00000)
  to   space 12800K,   0% used [0x00000000f6400000, 0x00000000f6400000, 0x00000000f7080000)
 concurrent mark-sweep generation total 134144K, used 134137K [0x00000000f7d00000, 0x0000000100000000, 0x0000000100000000)
 Metaspace       used 52052K, capacity 54894K, committed 55936K, reserved 1097728K
  class space    used 6335K, capacity 6835K, committed 7040K, reserved 1048576K
2023-01-17T04:35:39.072+0800: 348.979: [GC (Allocation Failure) 2023-01-17T04:35:39.072+0800: 348.980: [ParNew: 115199K->115199K(115200K), 0.0000307 secs]2023-01-17T04:35:39.072+0800: 348.980: [CMS: 134137K->134137K(134144K), 0.2262683 secs] 249337K->157310K(249344K), [Metaspace: 52052K->52052K(1097728K)], 0.2267200 secs] [Times: user=0.23 sys=0.00, real=0.22 secs] 
Heap after GC invocations=505 (full 741):
 par new generation   total 115200K, used 23173K [0x00000000f0000000, 0x00000000f7d00000, 0x00000000f7d00000)
  eden space 102400K,  22% used [0x00000000f0000000, 0x00000000f16a1538, 0x00000000f6400000)
  from space 12800K,   0% used [0x00000000f7080000, 0x00000000f7080000, 0x00000000f7d00000)
  to   space 12800K,   0% used [0x00000000f6400000, 0x00000000f6400000, 0x00000000f7080000)
 concurrent mark-sweep generation total 134144K, used 134137K [0x00000000f7d00000, 0x0000000100000000, 0x0000000100000000)
 Metaspace       used 52052K, capacity 54894K, committed 55936K, reserved 1097728K
  class space    used 6335K, capacity 6835K, committed 7040K, reserved 1048576K
}
2023-01-17T04:35:39.303+0800: 349.211: [GC (CMS Initial Mark) [1 CMS-initial-mark: 134137K(134144K)] 157614K(249344K), 0.0068110 secs] [Times: user=0.01 sys=0.00, real=0.01 secs] 
2023-01-17T04:35:39.310+0800: 349.218: [CMS-concurrent-mark-start]
2023-01-17T04:35:39.382+0800: 349.289: [CMS-concurrent-mark: 0.072/0.072 secs] [Times: user=0.20 sys=0.03, real=0.07 secs] 
2023-01-17T04:35:39.382+0800: 349.290: [CMS-concurrent-preclean-start]
2023-01-17T04:35:39.411+0800: 349.319: [CMS-concurrent-preclean: 0.029/0.029 secs] [Times: user=0.03 sys=0.00, real=0.03 secs] 
2023-01-17T04:35:39.411+0800: 349.319: [CMS-concurrent-abortable-preclean-start]
2023-01-17T04:35:39.411+0800: 349.319: [CMS-concurrent-abortable-preclean: 0.000/0.000 secs] [Times: user=0.00 sys=0.00, real=0.00 secs] 
2023-01-17T04:35:39.415+0800: 349.322: [GC (CMS Final Remark) [YG occupancy: 67071 K (115200 K)]2023-01-17T04:35:39.415+0800: 349.323: [Rescan (parallel) , 0.0148591 secs]2023-01-17T04:35:39.430+0800: 349.337: [weak refs processing, 0.0000409 secs]2023-01-17T04:35:39.430+0800: 349.337: [class unloading, 0.0130152 secs]2023-01-17T04:35:39.443+0800: 349.350: [scrub symbol table, 0.0049752 secs]2023-01-17T04:35:39.448+0800: 349.355: [scrub string table, 0.0008996 secs][1 CMS-remark: 134137K(134144K)] 201208K(249344K), 0.0339484 secs] [Times: user=0.08 sys=0.00, real=0.03 secs] 
2023-01-17T04:35:39.449+0800: 349.357: [CMS-concurrent-sweep-start]
2023-01-17T04:35:39.467+0800: 349.375: [CMS-concurrent-sweep: 0.018/0.018 secs] [Times: user=0.06 sys=0.01, real=0.02 secs] 
2023-01-17T04:35:39.467+0800: 349.375: [CMS-concurrent-reset-start]
2023-01-17T04:35:39.468+0800: 349.375: [CMS-concurrent-reset: 0.000/0.000 secs] [Times: user=0.00 sys=0.00, real=0.00 secs] 
{Heap before GC invocations=505 (full 742):
 par new generation   total 115200K, used 115200K [0x00000000f0000000, 0x00000000f7d00000, 0x00000000f7d00000)
  eden space 102400K, 100% used [0x00000000f0000000, 0x00000000f6400000, 0x00000000f6400000)
  from space 12800K, 100% used [0x00000000f7080000, 0x00000000f7d00000, 0x00000000f7d00000)
  to   space 12800K,   0% used [0x00000000f6400000, 0x00000000f6400000, 0x00000000f7080000)
 concurrent mark-sweep generation total 134144K, used 134137K [0x00000000f7d00000, 0x0000000100000000, 0x0000000100000000)
 Metaspace       used 52052K, capacity 54894K, committed 55936K, reserved 1097728K
  class space    used 6335K, capacity 6835K, committed 7040K, reserved 1048576K
2023-01-17T04:35:39.569+0800: 349.477: [GC (Allocation Failure) 2023-01-17T04:35:39.570+0800: 349.477: [ParNew: 115200K->115200K(115200K), 0.0000262 secs]2023-01-17T04:35:39.570+0800: 349.477: [CMS: 134137K->134137K(134144K), 0.1869439 secs] 249337K->157649K(249344K), [Metaspace: 52052K->52052K(1097728K)], 0.1873290 secs] [Times: user=0.18 sys=0.00, real=0.19 secs] 
Heap after GC invocations=506 (full 743):
 par new generation   total 115200K, used 23511K [0x00000000f0000000, 0x00000000f7d00000, 0x00000000f7d00000)
  eden space 102400K,  22% used [0x00000000f0000000, 0x00000000f16f5dc8, 0x00000000f6400000)
  from space 12800K,   0% used [0x00000000f7080000, 0x00000000f7080000, 0x00000000f7d00000)
  to   space 12800K,   0% used [0x00000000f6400000, 0x00000000f6400000, 0x00000000f7080000)
 concurrent mark-sweep generation total 134144K, used 134137K [0x00000000f7d00000, 0x0000000100000000, 0x0000000100000000)
 Metaspace       used 52052K, capacity 54894K, committed 55936K, reserved 1097728K
  class space    used 6335K, capacity 6835K, committed 7040K, reserved 1048576K
}
2023-01-17T04:35:39.762+0800: 349.670: [GC (CMS Initial Mark) [1 CMS-initial-mark: 134137K(134144K)] 158172K(249344K), 0.0072362 secs] [Times: user=0.02 sys=0.00, real=0.00 secs] 
2023-01-17T04:35:39.769+0800: 349.677: [CMS-concurrent-mark-start]
2023-01-17T04:35:39.840+0800: 349.748: [CMS-concurrent-mark: 0.071/0.071 secs] [Times: user=0.08 sys=0.00, real=0.08 secs] 
2023-01-17T04:35:39.841+0800: 349.749: [CMS-concurrent-preclean-start]
2023-01-17T04:35:39.923+0800: 349.831: [CMS-concurrent-preclean: 0.082/0.082 secs] [Times: user=0.21 sys=0.04, real=0.08 secs] 
2023-01-17T04:35:39.923+0800: 349.831: [CMS-concurrent-abortable-preclean-start]
2023-01-17T04:35:39.923+0800: 349.831: [CMS-concurrent-abortable-preclean: 0.000/0.000 secs] [Times: user=0.00 sys=0.00, real=0.00 secs] 
2023-01-17T04:35:39.928+0800: 349.836: [GC (CMS Final Remark) [YG occupancy: 82429 K (115200 K)]2023-01-17T04:35:39.928+0800: 349.836: [Rescan (parallel) , 0.0316769 secs]2023-01-17T04:35:39.960+0800: 349.868: [weak refs processing, 0.0000625 secs]2023-01-17T04:35:39.960+0800: 349.868: [class unloading, 0.0186291 secs]2023-01-17T04:35:39.979+0800: 349.887: [scrub symbol table, 0.0051102 secs]2023-01-17T04:35:39.984+0800: 349.892: [scrub string table, 0.0009201 secs][1 CMS-remark: 134137K(134144K)] 216567K(249344K), 0.0566287 secs] [Times: user=0.12 sys=0.00, real=0.06 secs] 
2023-01-17T04:35:39.985+0800: 349.893: [CMS-concurrent-sweep-start]
2023-01-17T04:35:40.012+0800: 349.920: [CMS-concurrent-sweep: 0.027/0.027 secs] [Times: user=0.09 sys=0.00, real=0.03 secs] 
2023-01-17T04:35:40.013+0800: 349.921: [CMS-concurrent-reset-start]
2023-01-17T04:35:40.013+0800: 349.921: [CMS-concurrent-reset: 0.000/0.000 secs] [Times: user=0.00 sys=0.00, real=0.00 secs] 
{Heap before GC invocations=506 (full 744):
 par new generation   total 115200K, used 115200K [0x00000000f0000000, 0x00000000f7d00000, 0x00000000f7d00000)
  eden space 102400K, 100% used [0x00000000f0000000, 0x00000000f6400000, 0x00000000f6400000)
  from space 12800K, 100% used [0x00000000f7080000, 0x00000000f7d00000, 0x00000000f7d00000)
  to   space 12800K,   0% used [0x00000000f6400000, 0x00000000f6400000, 0x00000000f7080000)
 concurrent mark-sweep generation total 134144K, used 134137K [0x00000000f7d00000, 0x0000000100000000, 0x0000000100000000)
 Metaspace       used 52052K, capacity 54894K, committed 55936K, reserved 1097728K
  class space    used 6335K, capacity 6835K, committed 7040K, reserved 1048576K
2023-01-17T04:35:40.095+0800: 350.002: [GC (Allocation Failure) 2023-01-17T04:35:40.095+0800: 350.003: [ParNew: 115200K->115200K(115200K), 0.0000256 secs]2023-01-17T04:35:40.095+0800: 350.003: [CMS: 134137K->134137K(134144K), 0.1926007 secs] 249337K->157166K(249344K), [Metaspace: 52052K->52052K(1097728K)], 0.1929549 secs] [Times: user=0.20 sys=0.00, real=0.19 secs] 
Heap after GC invocations=507 (full 745):
 par new generation   total 115200K, used 23029K [0x00000000f0000000, 0x00000000f7d00000, 0x00000000f7d00000)
  eden space 102400K,  22% used [0x00000000f0000000, 0x00000000f167d6b8, 0x00000000f6400000)
  from space 12800K,   0% used [0x00000000f7080000, 0x00000000f7080000, 0x00000000f7d00000)
  to   space 12800K,   0% used [0x00000000f6400000, 0x00000000f6400000, 0x00000000f7080000)
 concurrent mark-sweep generation total 134144K, used 134137K [0x00000000f7d00000, 0x0000000100000000, 0x0000000100000000)
 Metaspace       used 52052K, capacity 54894K, committed 55936K, reserved 1097728K
  class space    used 6335K, capacity 6835K, committed 7040K, reserved 1048576K
}
2023-01-17T04:35:40.293+0800: 350.200: [GC (CMS Initial Mark) [1 CMS-initial-mark: 134137K(134144K)] 157622K(249344K), 0.0084312 secs] [Times: user=0.02 sys=0.00, real=0.01 secs] 
2023-01-17T04:35:40.301+0800: 350.209: [CMS-concurrent-mark-start]
2023-01-17T04:35:40.359+0800: 350.267: [CMS-concurrent-mark: 0.058/0.058 secs] [Times: user=0.11 sys=0.01, real=0.05 secs] 
2023-01-17T04:35:40.360+0800: 350.267: [CMS-concurrent-preclean-start]
2023-01-17T04:35:40.391+0800: 350.299: [CMS-concurrent-preclean: 0.031/0.031 secs] [Times: user=0.05 sys=0.00, real=0.03 secs] 
2023-01-17T04:35:40.391+0800: 350.299: [CMS-concurrent-abortable-preclean-start]
2023-01-17T04:35:40.391+0800: 350.299: [CMS-concurrent-abortable-preclean: 0.000/0.000 secs] [Times: user=0.00 sys=0.00, real=0.00 secs] 
2023-01-17T04:35:40.396+0800: 350.304: [GC (CMS Final Remark) [YG occupancy: 49263 K (115200 K)]2023-01-17T04:35:40.396+0800: 350.304: [Rescan (parallel) , 0.0136534 secs]2023-01-17T04:35:40.410+0800: 350.317: [weak refs processing, 0.0000398 secs]2023-01-17T04:35:40.410+0800: 350.317: [class unloading, 0.0127374 secs]2023-01-17T04:35:40.422+0800: 350.330: [scrub symbol table, 0.0049375 secs]2023-01-17T04:35:40.427+0800: 350.335: [scrub string table, 0.0009174 secs][1 CMS-remark: 134137K(134144K)] 183400K(249344K), 0.0324316 secs] [Times: user=0.06 sys=0.00, real=0.03 secs] 
2023-01-17T04:35:40.429+0800: 350.336: [CMS-concurrent-sweep-start]
2023-01-17T04:35:40.443+0800: 350.351: [CMS-concurrent-sweep: 0.014/0.014 secs] [Times: user=0.03 sys=0.00, real=0.02 secs] 
2023-01-17T04:35:40.443+0800: 350.351: [CMS-concurrent-reset-start]
2023-01-17T04:35:40.443+0800: 350.351: [CMS-concurrent-reset: 0.000/0.000 secs] [Times: user=0.00 sys=0.00, real=0.00 secs] 
{Heap before GC invocations=507 (full 746):
 par new generation   total 115200K, used 115198K [0x00000000f0000000, 0x00000000f7d00000, 0x00000000f7d00000)
  eden space 102400K, 100% used [0x00000000f0000000, 0x00000000f6400000, 0x00000000f6400000)
  from space 12800K,  99% used [0x00000000f7080000, 0x00000000f7cffa40, 0x00000000f7d00000)
  to   space 12800K,   0% used [0x00000000f6400000, 0x00000000f6400000, 0x00000000f7080000)
 concurrent mark-sweep generation total 134144K, used 134137K [0x00000000f7d00000, 0x0000000100000000, 0x0000000100000000)
 Metaspace       used 52052K, capacity 54894K, committed 55936K, reserved 1097728K
  class space    used 6335K, capacity 6835K, committed 7040K, reserved 1048576K
2023-01-17T04:35:40.831+0800: 350.739: [GC (Allocation Failure) 2023-01-17T04:35:40.832+0800: 350.739: [ParNew: 115198K->115198K(115200K), 0.0000280 secs]2023-01-17T04:35:40.832+0800: 350.739: [CMS: 134137K->134137K(134144K), 0.1899673 secs] 249335K->157524K(249344K), [Metaspace: 52052K->52052K(1097728K)], 0.1903761 secs] [Times: user=0.19 sys=0.00, real=0.19 secs] 
Heap after GC invocations=508 (full 747):
 par new generation   total 115200K, used 23387K [0x00000000f0000000, 0x00000000f7d00000, 0x00000000f7d00000)
  eden space 102400K,  22% used [0x00000000f0000000, 0x00000000f16d6ea0, 0x00000000f6400000)
  from space 12800K,   0% used [0x00000000f7080000, 0x00000000f7080000, 0x00000000f7d00000)
  to   space 12800K,   0% used [0x00000000f6400000, 0x00000000f6400000, 0x00000000f7080000)
 concurrent mark-sweep generation total 134144K, used 134137K [0x00000000f7d00000, 0x0000000100000000, 0x0000000100000000)
 Metaspace       used 52052K, capacity 54894K, committed 55936K, reserved 1097728K
  class space    used 6335K, capacity 6835K, committed 7040K, reserved 1048576K
}
2023-01-17T04:35:41.026+0800: 350.934: [GC (CMS Initial Mark) [1 CMS-initial-mark: 134137K(134144K)] 157740K(249344K), 0.0065473 secs] [Times: user=0.02 sys=0.00, real=0.01 secs] 
2023-01-17T04:35:41.033+0800: 350.940: [CMS-concurrent-mark-start]
2023-01-17T04:35:41.101+0800: 351.009: [CMS-concurrent-mark: 0.069/0.069 secs] [Times: user=0.21 sys=0.02, real=0.07 secs] 
2023-01-17T04:35:41.102+0800: 351.009: [CMS-concurrent-preclean-start]
2023-01-17T04:35:41.137+0800: 351.045: [CMS-concurrent-preclean: 0.035/0.035 secs] [Times: user=0.08 sys=0.01, real=0.03 secs] 
2023-01-17T04:35:41.137+0800: 351.045: [CMS-concurrent-abortable-preclean-start]
2023-01-17T04:35:41.137+0800: 351.045: [CMS-concurrent-abortable-preclean: 0.000/0.000 secs] [Times: user=0.00 sys=0.00, real=0.00 secs] 
2023-01-17T04:35:41.141+0800: 351.048: [GC (CMS Final Remark) [YG occupancy: 78733 K (115200 K)]2023-01-17T04:35:41.141+0800: 351.049: [Rescan (parallel) , 0.0176859 secs]2023-01-17T04:35:41.158+0800: 351.066: [weak refs processing, 0.0000397 secs]2023-01-17T04:35:41.158+0800: 351.066: [class unloading, 0.0125613 secs]2023-01-17T04:35:41.171+0800: 351.079: [scrub symbol table, 0.0048550 secs]2023-01-17T04:35:41.176+0800: 351.084: [scrub string table, 0.0008718 secs][1 CMS-remark: 134137K(134144K)] 212870K(249344K), 0.0361623 secs] [Times: user=0.09 sys=0.00, real=0.03 secs] 
2023-01-17T04:35:41.177+0800: 351.085: [CMS-concurrent-sweep-start]
2023-01-17T04:35:41.196+0800: 351.103: [CMS-concurrent-sweep: 0.019/0.019 secs] [Times: user=0.06 sys=0.00, real=0.02 secs] 
2023-01-17T04:35:41.196+0800: 351.104: [CMS-concurrent-reset-start]
2023-01-17T04:35:41.196+0800: 351.104: [CMS-concurrent-reset: 0.000/0.000 secs] [Times: user=0.00 sys=0.01, real=0.00 secs] 
{Heap before GC invocations=508 (full 748):
 par new generation   total 115200K, used 115199K [0x00000000f0000000, 0x00000000f7d00000, 0x00000000f7d00000)
  eden space 102400K, 100% used [0x00000000f0000000, 0x00000000f6400000, 0x00000000f6400000)
  from space 12800K,  99% used [0x00000000f7080000, 0x00000000f7cffff8, 0x00000000f7d00000)
  to   space 12800K,   0% used [0x00000000f6400000, 0x00000000f6400000, 0x00000000f7080000)
 concurrent mark-sweep generation total 134144K, used 134137K [0x00000000f7d00000, 0x0000000100000000, 0x0000000100000000)
 Metaspace       used 52052K, capacity 54894K, committed 55936K, reserved 1097728K
  class space    used 6335K, capacity 6835K, committed 7040K, reserved 1048576K
2023-01-17T04:35:41.286+0800: 351.194: [GC (Allocation Failure) 2023-01-17T04:35:41.287+0800: 351.194: [ParNew: 115199K->115199K(115200K), 0.0000253 secs]2023-01-17T04:35:41.287+0800: 351.194: [CMS: 134137K->134143K(134144K), 0.2028942 secs] 249337K->157286K(249344K), [Metaspace: 52052K->52052K(1097728K)], 0.2033174 secs] [Times: user=0.20 sys=0.00, real=0.21 secs] 
Heap after GC invocations=509 (full 749):
 par new generation   total 115200K, used 23142K [0x00000000f0000000, 0x00000000f7d00000, 0x00000000f7d00000)
  eden space 102400K,  22% used [0x00000000f0000000, 0x00000000f1699b20, 0x00000000f6400000)
  from space 12800K,   0% used [0x00000000f7080000, 0x00000000f7080000, 0x00000000f7d00000)
  to   space 12800K,   0% used [0x00000000f6400000, 0x00000000f6400000, 0x00000000f7080000)
 concurrent mark-sweep generation total 134144K, used 134143K [0x00000000f7d00000, 0x0000000100000000, 0x0000000100000000)
 Metaspace       used 52052K, capacity 54894K, committed 55936K, reserved 1097728K
  class space    used 6335K, capacity 6835K, committed 7040K, reserved 1048576K
}
2023-01-17T04:35:41.497+0800: 351.405: [GC (CMS Initial Mark) [1 CMS-initial-mark: 134143K(134144K)] 158112K(249344K), 0.0080866 secs] [Times: user=0.02 sys=0.00, real=0.01 secs] 
2023-01-17T04:35:41.506+0800: 351.414: [CMS-concurrent-mark-start]
2023-01-17T04:35:41.577+0800: 351.485: [CMS-concurrent-mark: 0.071/0.071 secs] [Times: user=0.16 sys=0.02, real=0.07 secs] 
2023-01-17T04:35:41.577+0800: 351.485: [CMS-concurrent-preclean-start]
2023-01-17T04:35:41.627+0800: 351.535: [CMS-concurrent-preclean: 0.050/0.050 secs] [Times: user=0.14 sys=0.02, real=0.05 secs] 
2023-01-17T04:35:41.628+0800: 351.535: [CMS-concurrent-abortable-preclean-start]
2023-01-17T04:35:41.628+0800: 351.535: [CMS-concurrent-abortable-preclean: 0.000/0.000 secs] [Times: user=0.00 sys=0.00, real=0.00 secs] 
2023-01-17T04:35:41.641+0800: 351.549: [GC (CMS Final Remark) [YG occupancy: 81263 K (115200 K)]2023-01-17T04:35:41.641+0800: 351.549: [Rescan (parallel) , 0.0396415 secs]2023-01-17T04:35:41.681+0800: 351.589: [weak refs processing, 0.0000588 secs]2023-01-17T04:35:41.681+0800: 351.589: [class unloading, 0.0197204 secs]2023-01-17T04:35:41.701+0800: 351.608: [scrub symbol table, 0.0083894 secs]2023-01-17T04:35:41.709+0800: 351.617: [scrub string table, 0.0012874 secs][1 CMS-remark: 134143K(134144K)] 215407K(249344K), 0.0693362 secs] [Times: user=0.11 sys=0.00, real=0.07 secs] 
2023-01-17T04:35:41.711+0800: 351.619: [CMS-concurrent-sweep-start]
2023-01-17T04:35:41.732+0800: 351.640: [CMS-concurrent-sweep: 0.021/0.021 secs] [Times: user=0.03 sys=0.00, real=0.02 secs] 
2023-01-17T04:35:41.733+0800: 351.640: [CMS-concurrent-reset-start]
2023-01-17T04:35:41.733+0800: 351.641: [CMS-concurrent-reset: 0.000/0.000 secs] [Times: user=0.00 sys=0.00, real=0.00 secs] 
{Heap before GC invocations=509 (full 750):
 par new generation   total 115200K, used 115199K [0x00000000f0000000, 0x00000000f7d00000, 0x00000000f7d00000)
  eden space 102400K, 100% used [0x00000000f0000000, 0x00000000f6400000, 0x00000000f6400000)
  from space 12800K,  99% used [0x00000000f7080000, 0x00000000f7cffff0, 0x00000000f7d00000)
  to   space 12800K,   0% used [0x00000000f6400000, 0x00000000f6400000, 0x00000000f7080000)
 concurrent mark-sweep generation total 134144K, used 134143K [0x00000000f7d00000, 0x0000000100000000, 0x0000000100000000)
 Metaspace       used 52052K, capacity 54894K, committed 55936K, reserved 1097728K
  class space    used 6335K, capacity 6835K, committed 7040K, reserved 1048576K
2023-01-17T04:35:42.001+0800: 351.909: [GC (Allocation Failure) 2023-01-17T04:35:42.002+0800: 351.909: [ParNew: 115199K->115199K(115200K), 0.0003850 secs]2023-01-17T04:35:42.002+0800: 351.910: [CMS: 134143K->134143K(134144K), 0.1843314 secs] 249343K->157606K(249344K), [Metaspace: 52052K->52052K(1097728K)], 0.1850861 secs] [Times: user=0.19 sys=0.00, real=0.18 secs] 
Heap after GC invocations=510 (full 751):
 par new generation   total 115200K, used 23462K [0x00000000f0000000, 0x00000000f7d00000, 0x00000000f7d00000)
  eden space 102400K,  22% used [0x00000000f0000000, 0x00000000f16e9a08, 0x00000000f6400000)
  from space 12800K,   0% used [0x00000000f7080000, 0x00000000f7080000, 0x00000000f7d00000)
  to   space 12800K,   0% used [0x00000000f6400000, 0x00000000f6400000, 0x00000000f7080000)
 concurrent mark-sweep generation total 134144K, used 134143K [0x00000000f7d00000, 0x0000000100000000, 0x0000000100000000)
 Metaspace       used 52052K, capacity 54894K, committed 55936K, reserved 1097728K
  class space    used 6335K, capacity 6835K, committed 7040K, reserved 1048576K
}
2023-01-17T04:35:42.193+0800: 352.100: [GC (CMS Initial Mark) [1 CMS-initial-mark: 134143K(134144K)] 157779K(249344K), 0.0062716 secs] [Times: user=0.02 sys=0.00, real=0.00 secs] 
2023-01-17T04:35:42.199+0800: 352.107: [CMS-concurrent-mark-start]
2023-01-17T04:35:42.259+0800: 352.166: [CMS-concurrent-mark: 0.059/0.059 secs] [Times: user=0.16 sys=0.01, real=0.06 secs] 
2023-01-17T04:35:42.259+0800: 352.167: [CMS-concurrent-preclean-start]
2023-01-17T04:35:42.314+0800: 352.222: [CMS-concurrent-preclean: 0.055/0.055 secs] [Times: user=0.13 sys=0.02, real=0.06 secs] 
2023-01-17T04:35:42.315+0800: 352.222: [CMS-concurrent-abortable-preclean-start]
2023-01-17T04:35:42.315+0800: 352.222: [CMS-concurrent-abortable-preclean: 0.000/0.000 secs] [Times: user=0.00 sys=0.00, real=0.00 secs] 
2023-01-17T04:35:42.319+0800: 352.227: [GC (CMS Final Remark) [YG occupancy: 81425 K (115200 K)]2023-01-17T04:35:42.319+0800: 352.227: [Rescan (parallel) , 0.0269084 secs]2023-01-17T04:35:42.346+0800: 352.254: [weak refs processing, 0.0000442 secs]2023-01-17T04:35:42.346+0800: 352.254: [class unloading, 0.0134451 secs]2023-01-17T04:35:42.360+0800: 352.268: [scrub symbol table, 0.0048092 secs]2023-01-17T04:35:42.365+0800: 352.273: [scrub string table, 0.0009061 secs][1 CMS-remark: 134143K(134144K)] 215569K(249344K), 0.0462794 secs] [Times: user=0.10 sys=0.00, real=0.05 secs] 
2023-01-17T04:35:42.367+0800: 352.274: [CMS-concurrent-sweep-start]
2023-01-17T04:35:42.381+0800: 352.289: [CMS-concurrent-sweep: 0.015/0.015 secs] [Times: user=0.02 sys=0.00, real=0.02 secs] 
2023-01-17T04:35:42.381+0800: 352.289: [CMS-concurrent-reset-start]
2023-01-17T04:35:42.382+0800: 352.289: [CMS-concurrent-reset: 0.000/0.000 secs] [Times: user=0.00 sys=0.00, real=0.00 secs] 
{Heap before GC invocations=510 (full 752):
 par new generation   total 115200K, used 115199K [0x00000000f0000000, 0x00000000f7d00000, 0x00000000f7d00000)
  eden space 102400K, 100% used [0x00000000f0000000, 0x00000000f6400000, 0x00000000f6400000)
  from space 12800K,  99% used [0x00000000f7080000, 0x00000000f7cffff8, 0x00000000f7d00000)
  to   space 12800K,   0% used [0x00000000f6400000, 0x00000000f6400000, 0x00000000f7080000)
 concurrent mark-sweep generation total 134144K, used 134143K [0x00000000f7d00000, 0x0000000100000000, 0x0000000100000000)
 Metaspace       used 52052K, capacity 54894K, committed 55936K, reserved 1097728K
  class space    used 6335K, capacity 6835K, committed 7040K, reserved 1048576K
2023-01-17T04:35:42.493+0800: 352.401: [GC (Allocation Failure) 2023-01-17T04:35:42.493+0800: 352.401: [ParNew: 115199K->115199K(115200K), 0.0000269 secs]2023-01-17T04:35:42.493+0800: 352.401: [CMS: 134143K->134141K(134144K), 0.2034179 secs] 249343K->157226K(249344K), [Metaspace: 52052K->52052K(1097728K)], 0.2038022 secs] [Times: user=0.21 sys=0.00, real=0.20 secs] 
Heap after GC invocations=511 (full 753):
 par new generation   total 115200K, used 23084K [0x00000000f0000000, 0x00000000f7d00000, 0x00000000f7d00000)
  eden space 102400K,  22% used [0x00000000f0000000, 0x00000000f168b308, 0x00000000f6400000)
  from space 12800K,   0% used [0x00000000f7080000, 0x00000000f7080000, 0x00000000f7d00000)
  to   space 12800K,   0% used [0x00000000f6400000, 0x00000000f6400000, 0x00000000f7080000)
 concurrent mark-sweep generation total 134144K, used 134141K [0x00000000f7d00000, 0x0000000100000000, 0x0000000100000000)
 Metaspace       used 52052K, capacity 54894K, committed 55936K, reserved 1097728K
  class space    used 6335K, capacity 6835K, committed 7040K, reserved 1048576K
}
2023-01-17T04:35:42.702+0800: 352.610: [GC (CMS Initial Mark) [1 CMS-initial-mark: 134141K(134144K)] 157801K(249344K), 0.0067565 secs] [Times: user=0.02 sys=0.00, real=0.00 secs] 
2023-01-17T04:35:42.709+0800: 352.617: [CMS-concurrent-mark-start]
2023-01-17T04:35:42.781+0800: 352.689: [CMS-concurrent-mark: 0.072/0.072 secs] [Times: user=0.20 sys=0.03, real=0.08 secs] 
2023-01-17T04:35:42.781+0800: 352.689: [CMS-concurrent-preclean-start]
2023-01-17T04:35:42.822+0800: 352.730: [CMS-concurrent-preclean: 0.041/0.041 secs] [Times: user=0.08 sys=0.01, real=0.04 secs] 
2023-01-17T04:35:42.822+0800: 352.730: [CMS-concurrent-abortable-preclean-start]
2023-01-17T04:35:42.822+0800: 352.730: [CMS-concurrent-abortable-preclean: 0.000/0.000 secs] [Times: user=0.00 sys=0.00, real=0.00 secs] 
2023-01-17T04:35:42.828+0800: 352.735: [GC (CMS Final Remark) [YG occupancy: 82553 K (115200 K)]2023-01-17T04:35:42.828+0800: 352.735: [Rescan (parallel) , 0.0251690 secs]2023-01-17T04:35:42.853+0800: 352.761: [weak refs processing, 0.0000532 secs]2023-01-17T04:35:42.853+0800: 352.761: [class unloading, 0.0183141 secs]2023-01-17T04:35:42.871+0800: 352.779: [scrub symbol table, 0.0071932 secs]2023-01-17T04:35:42.878+0800: 352.786: [scrub string table, 0.0012849 secs][1 CMS-remark: 134141K(134144K)] 216694K(249344K), 0.0522520 secs] [Times: user=0.10 sys=0.00, real=0.06 secs] 
2023-01-17T04:35:42.880+0800: 352.788: [CMS-concurrent-sweep-start]
2023-01-17T04:35:42.893+0800: 352.801: [CMS-concurrent-sweep: 0.013/0.013 secs] [Times: user=0.01 sys=0.00, real=0.01 secs] 
2023-01-17T04:35:42.894+0800: 352.801: [CMS-concurrent-reset-start]
2023-01-17T04:35:42.894+0800: 352.802: [CMS-concurrent-reset: 0.000/0.000 secs] [Times: user=0.00 sys=0.00, real=0.00 secs] 
{Heap before GC invocations=511 (full 754):
 par new generation   total 115200K, used 115199K [0x00000000f0000000, 0x00000000f7d00000, 0x00000000f7d00000)
  eden space 102400K, 100% used [0x00000000f0000000, 0x00000000f6400000, 0x00000000f6400000)
  from space 12800K,  99% used [0x00000000f7080000, 0x00000000f7cffff8, 0x00000000f7d00000)
  to   space 12800K,   0% used [0x00000000f6400000, 0x00000000f6400000, 0x00000000f7080000)
 concurrent mark-sweep generation total 134144K, used 134141K [0x00000000f7d00000, 0x0000000100000000, 0x0000000100000000)
 Metaspace       used 52052K, capacity 54894K, committed 55936K, reserved 1097728K
  class space    used 6335K, capacity 6835K, committed 7040K, reserved 1048576K
2023-01-17T04:35:43.231+0800: 353.139: [GC (Allocation Failure) 2023-01-17T04:35:43.232+0800: 353.139: [ParNew: 115199K->115199K(115200K), 0.0000303 secs]2023-01-17T04:35:43.232+0800: 353.139: [CMS: 134141K->134139K(134144K), 0.2504740 secs] 249341K->157585K(249344K), [Metaspace: 52052K->52052K(1097728K)], 0.2509493 secs] [Times: user=0.26 sys=0.00, real=0.25 secs] 
Heap after GC invocations=512 (full 755):
 par new generation   total 115200K, used 23446K [0x00000000f0000000, 0x00000000f7d00000, 0x00000000f7d00000)
  eden space 102400K,  22% used [0x00000000f0000000, 0x00000000f16e58b0, 0x00000000f6400000)
  from space 12800K,   0% used [0x00000000f7080000, 0x00000000f7080000, 0x00000000f7d00000)
  to   space 12800K,   0% used [0x00000000f6400000, 0x00000000f6400000, 0x00000000f7080000)
 concurrent mark-sweep generation total 134144K, used 134139K [0x00000000f7d00000, 0x0000000100000000, 0x0000000100000000)
 Metaspace       used 52052K, capacity 54894K, committed 55936K, reserved 1097728K
  class space    used 6335K, capacity 6835K, committed 7040K, reserved 1048576K
}
2023-01-17T04:35:43.487+0800: 353.394: [GC (CMS Initial Mark) [1 CMS-initial-mark: 134139K(134144K)] 157879K(249344K), 0.0064369 secs] [Times: user=0.02 sys=0.00, real=0.01 secs] 
2023-01-17T04:35:43.493+0800: 353.401: [CMS-concurrent-mark-start]
2023-01-17T04:35:43.560+0800: 353.468: [CMS-concurrent-mark: 0.066/0.066 secs] [Times: user=0.21 sys=0.03, real=0.07 secs] 
2023-01-17T04:35:43.560+0800: 353.468: [CMS-concurrent-preclean-start]
2023-01-17T04:35:43.600+0800: 353.507: [CMS-concurrent-preclean: 0.040/0.040 secs] [Times: user=0.13 sys=0.01, real=0.04 secs] 
2023-01-17T04:35:43.600+0800: 353.508: [CMS-concurrent-abortable-preclean-start]
2023-01-17T04:35:43.600+0800: 353.508: [CMS-concurrent-abortable-preclean: 0.000/0.000 secs] [Times: user=0.01 sys=0.00, real=0.00 secs] 
2023-01-17T04:35:43.603+0800: 353.511: [GC (CMS Final Remark) [YG occupancy: 93435 K (115200 K)]2023-01-17T04:35:43.604+0800: 353.511: [Rescan (parallel) , 0.0220708 secs]2023-01-17T04:35:43.626+0800: 353.533: [weak refs processing, 0.0000431 secs]2023-01-17T04:35:43.626+0800: 353.533: [class unloading, 0.0129631 secs]2023-01-17T04:35:43.639+0800: 353.546: [scrub symbol table, 0.0048509 secs]2023-01-17T04:35:43.644+0800: 353.551: [scrub string table, 0.0008878 secs][1 CMS-remark: 134139K(134144K)] 227575K(249344K), 0.0409867 secs] [Times: user=0.11 sys=0.00, real=0.04 secs] 
2023-01-17T04:35:43.645+0800: 353.553: [CMS-concurrent-sweep-start]
2023-01-17T04:35:43.659+0800: 353.567: [CMS-concurrent-sweep: 0.014/0.014 secs] [Times: user=0.03 sys=0.00, real=0.01 secs] 
2023-01-17T04:35:43.659+0800: 353.567: [CMS-concurrent-reset-start]
2023-01-17T04:35:43.659+0800: 353.567: [CMS-concurrent-reset: 0.000/0.000 secs] [Times: user=0.00 sys=0.00, real=0.00 secs] 
{Heap before GC invocations=512 (full 756):
 par new generation   total 115200K, used 115200K [0x00000000f0000000, 0x00000000f7d00000, 0x00000000f7d00000)
  eden space 102400K, 100% used [0x00000000f0000000, 0x00000000f6400000, 0x00000000f6400000)
  from space 12800K, 100% used [0x00000000f7080000, 0x00000000f7d00000, 0x00000000f7d00000)
  to   space 12800K,   0% used [0x00000000f6400000, 0x00000000f6400000, 0x00000000f7080000)
 concurrent mark-sweep generation total 134144K, used 134139K [0x00000000f7d00000, 0x0000000100000000, 0x0000000100000000)
 Metaspace       used 52052K, capacity 54894K, committed 55936K, reserved 1097728K
  class space    used 6335K, capacity 6835K, committed 7040K, reserved 1048576K
2023-01-17T04:35:43.737+0800: 353.645: [GC (Allocation Failure) 2023-01-17T04:35:43.738+0800: 353.645: [ParNew: 115200K->115200K(115200K), 0.0000266 secs]2023-01-17T04:35:43.738+0800: 353.646: [CMS: 134139K->134136K(134144K), 0.2092167 secs] 249339K->157212K(249344K), [Metaspace: 52052K->52052K(1097728K)], 0.2096077 secs] [Times: user=0.21 sys=0.00, real=0.21 secs] 
Heap after GC invocations=513 (full 757):
 par new generation   total 115200K, used 23076K [0x00000000f0000000, 0x00000000f7d00000, 0x00000000f7d00000)
  eden space 102400K,  22% used [0x00000000f0000000, 0x00000000f1689068, 0x00000000f6400000)
  from space 12800K,   0% used [0x00000000f7080000, 0x00000000f7080000, 0x00000000f7d00000)
  to   space 12800K,   0% used [0x00000000f6400000, 0x00000000f6400000, 0x00000000f7080000)
 concurrent mark-sweep generation total 134144K, used 134136K [0x00000000f7d00000, 0x0000000100000000, 0x0000000100000000)
 Metaspace       used 52052K, capacity 54894K, committed 55936K, reserved 1097728K
  class space    used 6335K, capacity 6835K, committed 7040K, reserved 1048576K
}
2023-01-17T04:35:43.951+0800: 353.859: [GC (CMS Initial Mark) [1 CMS-initial-mark: 134136K(134144K)] 157222K(249344K), 0.0068399 secs] [Times: user=0.02 sys=0.00, real=0.00 secs] 
2023-01-17T04:35:43.958+0800: 353.866: [CMS-concurrent-mark-start]
2023-01-17T04:35:44.019+0800: 353.927: [CMS-concurrent-mark: 0.061/0.061 secs] [Times: user=0.13 sys=0.00, real=0.06 secs] 
2023-01-17T04:35:44.019+0800: 353.927: [CMS-concurrent-preclean-start]
2023-01-17T04:35:44.065+0800: 353.973: [CMS-concurrent-preclean: 0.045/0.045 secs] [Times: user=0.14 sys=0.02, real=0.05 secs] 
2023-01-17T04:35:44.065+0800: 353.973: [CMS-concurrent-abortable-preclean-start]
2023-01-17T04:35:44.065+0800: 353.973: [CMS-concurrent-abortable-preclean: 0.000/0.000 secs] [Times: user=0.00 sys=0.00, real=0.00 secs] 
2023-01-17T04:35:44.069+0800: 353.977: [GC (CMS Final Remark) [YG occupancy: 72560 K (115200 K)]2023-01-17T04:35:44.069+0800: 353.977: [Rescan (parallel) , 0.0436552 secs]2023-01-17T04:35:44.113+0800: 354.021: [weak refs processing, 0.0000612 secs]2023-01-17T04:35:44.113+0800: 354.021: [class unloading, 0.0183125 secs]2023-01-17T04:35:44.131+0800: 354.039: [scrub symbol table, 0.0074148 secs]2023-01-17T04:35:44.139+0800: 354.046: [scrub string table, 0.0013118 secs][1 CMS-remark: 134136K(134144K)] 206697K(249344K), 0.0709925 secs] [Times: user=0.10 sys=0.00, real=0.08 secs] 
2023-01-17T04:35:44.140+0800: 354.048: [CMS-concurrent-sweep-start]
2023-01-17T04:35:44.162+0800: 354.070: [CMS-concurrent-sweep: 0.021/0.021 secs] [Times: user=0.03 sys=0.00, real=0.02 secs] 
2023-01-17T04:35:44.162+0800: 354.070: [CMS-concurrent-reset-start]
2023-01-17T04:35:44.162+0800: 354.070: [CMS-concurrent-reset: 0.000/0.000 secs] [Times: user=0.00 sys=0.00, real=0.00 secs] 
{Heap before GC invocations=513 (full 758):
 par new generation   total 115200K, used 115195K [0x00000000f0000000, 0x00000000f7d00000, 0x00000000f7d00000)
  eden space 102400K, 100% used [0x00000000f0000000, 0x00000000f6400000, 0x00000000f6400000)
  from space 12800K,  99% used [0x00000000f7080000, 0x00000000f7cfee48, 0x00000000f7d00000)
  to   space 12800K,   0% used [0x00000000f6400000, 0x00000000f6400000, 0x00000000f7080000)
 concurrent mark-sweep generation total 134144K, used 134136K [0x00000000f7d00000, 0x0000000100000000, 0x0000000100000000)
 Metaspace       used 52052K, capacity 54894K, committed 55936K, reserved 1097728K
  class space    used 6335K, capacity 6835K, committed 7040K, reserved 1048576K
2023-01-17T04:35:44.478+0800: 354.386: [GC (Allocation Failure) 2023-01-17T04:35:44.478+0800: 354.386: [ParNew: 115195K->115195K(115200K), 0.0000260 secs]2023-01-17T04:35:44.478+0800: 354.386: [CMS: 134136K->134136K(134144K), 0.1834724 secs] 249331K->157450K(249344K), [Metaspace: 52052K->52052K(1097728K)], 0.1838444 secs] [Times: user=0.18 sys=0.00, real=0.19 secs] 
Heap after GC invocations=514 (full 759):
 par new generation   total 115200K, used 23314K [0x00000000f0000000, 0x00000000f7d00000, 0x00000000f7d00000)
  eden space 102400K,  22% used [0x00000000f0000000, 0x00000000f16c48c0, 0x00000000f6400000)
  from space 12800K,   0% used [0x00000000f7080000, 0x00000000f7080000, 0x00000000f7d00000)
  to   space 12800K,   0% used [0x00000000f6400000, 0x00000000f6400000, 0x00000000f7080000)
 concurrent mark-sweep generation total 134144K, used 134136K [0x00000000f7d00000, 0x0000000100000000, 0x0000000100000000)
 Metaspace       used 52052K, capacity 54894K, committed 55936K, reserved 1097728K
  class space    used 6335K, capacity 6835K, committed 7040K, reserved 1048576K
}
2023-01-17T04:35:44.668+0800: 354.576: [GC (CMS Initial Mark) [1 CMS-initial-mark: 134136K(134144K)] 159393K(249344K), 0.0065804 secs] [Times: user=0.02 sys=0.00, real=0.01 secs] 
2023-01-17T04:35:44.675+0800: 354.583: [CMS-concurrent-mark-start]
2023-01-17T04:35:44.745+0800: 354.653: [CMS-concurrent-mark: 0.070/0.070 secs] [Times: user=0.22 sys=0.02, real=0.07 secs] 
2023-01-17T04:35:44.746+0800: 354.654: [CMS-concurrent-preclean-start]
2023-01-17T04:35:44.791+0800: 354.698: [CMS-concurrent-preclean: 0.044/0.044 secs] [Times: user=0.11 sys=0.01, real=0.05 secs] 
2023-01-17T04:35:44.791+0800: 354.698: [CMS-concurrent-abortable-preclean-start]
2023-01-17T04:35:44.791+0800: 354.699: [CMS-concurrent-abortable-preclean: 0.000/0.000 secs] [Times: user=0.00 sys=0.00, real=0.00 secs] 
2023-01-17T04:35:44.795+0800: 354.703: [GC (CMS Final Remark) [YG occupancy: 90892 K (115200 K)]2023-01-17T04:35:44.795+0800: 354.703: [Rescan (parallel) , 0.0216301 secs]2023-01-17T04:35:44.817+0800: 354.724: [weak refs processing, 0.0000403 secs]2023-01-17T04:35:44.817+0800: 354.724: [class unloading, 0.0176578 secs]2023-01-17T04:35:44.834+0800: 354.742: [scrub symbol table, 0.0077731 secs]2023-01-17T04:35:44.842+0800: 354.750: [scrub string table, 0.0012939 secs][1 CMS-remark: 134136K(134144K)] 225028K(249344K), 0.0485734 secs] [Times: user=0.11 sys=0.00, real=0.05 secs] 
2023-01-17T04:35:44.845+0800: 354.753: [CMS-concurrent-sweep-start]
2023-01-17T04:35:44.866+0800: 354.773: [CMS-concurrent-sweep: 0.021/0.021 secs] [Times: user=0.04 sys=0.00, real=0.02 secs] 
2023-01-17T04:35:44.866+0800: 354.774: [CMS-concurrent-reset-start]
2023-01-17T04:35:44.866+0800: 354.774: [CMS-concurrent-reset: 0.000/0.000 secs] [Times: user=0.00 sys=0.00, real=0.00 secs] 
{Heap before GC invocations=514 (full 760):
 par new generation   total 115200K, used 115199K [0x00000000f0000000, 0x00000000f7d00000, 0x00000000f7d00000)
  eden space 102400K, 100% used [0x00000000f0000000, 0x00000000f6400000, 0x00000000f6400000)
  from space 12800K,  99% used [0x00000000f7080000, 0x00000000f7cffff8, 0x00000000f7d00000)
  to   space 12800K,   0% used [0x00000000f6400000, 0x00000000f6400000, 0x00000000f7080000)
 concurrent mark-sweep generation total 134144K, used 134136K [0x00000000f7d00000, 0x0000000100000000, 0x0000000100000000)
 Metaspace       used 52052K, capacity 54894K, committed 55936K, reserved 1097728K
  class space    used 6335K, capacity 6835K, committed 7040K, reserved 1048576K
2023-01-17T04:35:44.955+0800: 354.863: [GC (Allocation Failure) 2023-01-17T04:35:44.955+0800: 354.863: [ParNew: 115199K->115199K(115200K), 0.0000259 secs]2023-01-17T04:35:44.955+0800: 354.863: [CMS: 134136K->134137K(134144K), 0.2100429 secs] 249336K->157245K(249344K), [Metaspace: 52052K->52052K(1097728K)], 0.2104296 secs] [Times: user=0.21 sys=0.00, real=0.21 secs] 
Heap after GC invocations=515 (full 761):
 par new generation   total 115200K, used 23107K [0x00000000f0000000, 0x00000000f7d00000, 0x00000000f7d00000)
  eden space 102400K,  22% used [0x00000000f0000000, 0x00000000f1690e60, 0x00000000f6400000)
  from space 12800K,   0% used [0x00000000f7080000, 0x00000000f7080000, 0x00000000f7d00000)
  to   space 12800K,   0% used [0x00000000f6400000, 0x00000000f6400000, 0x00000000f7080000)
 concurrent mark-sweep generation total 134144K, used 134137K [0x00000000f7d00000, 0x0000000100000000, 0x0000000100000000)
 Metaspace       used 52052K, capacity 54894K, committed 55936K, reserved 1097728K
  class space    used 6335K, capacity 6835K, committed 7040K, reserved 1048576K
}
2023-01-17T04:35:45.170+0800: 355.078: [GC (CMS Initial Mark) [1 CMS-initial-mark: 134137K(134144K)] 157574K(249344K), 0.0070210 secs] [Times: user=0.02 sys=0.00, real=0.00 secs] 
2023-01-17T04:35:45.177+0800: 355.085: [CMS-concurrent-mark-start]
2023-01-17T04:35:45.236+0800: 355.144: [CMS-concurrent-mark: 0.059/0.059 secs] [Times: user=0.17 sys=0.01, real=0.06 secs] 
2023-01-17T04:35:45.237+0800: 355.144: [CMS-concurrent-preclean-start]
2023-01-17T04:35:45.273+0800: 355.181: [CMS-concurrent-preclean: 0.036/0.036 secs] [Times: user=0.09 sys=0.01, real=0.04 secs] 
2023-01-17T04:35:45.273+0800: 355.181: [CMS-concurrent-abortable-preclean-start]
2023-01-17T04:35:45.273+0800: 355.181: [CMS-concurrent-abortable-preclean: 0.000/0.000 secs] [Times: user=0.00 sys=0.00, real=0.00 secs] 
2023-01-17T04:35:45.277+0800: 355.184: [GC (CMS Final Remark) [YG occupancy: 58369 K (115200 K)]2023-01-17T04:35:45.277+0800: 355.185: [Rescan (parallel) , 0.0130826 secs]2023-01-17T04:35:45.290+0800: 355.198: [weak refs processing, 0.0000385 secs]2023-01-17T04:35:45.290+0800: 355.198: [class unloading, 0.0127992 secs]2023-01-17T04:35:45.303+0800: 355.211: [scrub symbol table, 0.0047626 secs]2023-01-17T04:35:45.308+0800: 355.215: [scrub string table, 0.0008664 secs][1 CMS-remark: 134137K(134144K)] 192507K(249344K), 0.0316896 secs] [Times: user=0.07 sys=0.00, real=0.03 secs] 
2023-01-17T04:35:45.309+0800: 355.216: [CMS-concurrent-sweep-start]
2023-01-17T04:35:45.325+0800: 355.233: [CMS-concurrent-sweep: 0.016/0.016 secs] [Times: user=0.04 sys=0.00, real=0.02 secs] 
2023-01-17T04:35:45.325+0800: 355.233: [CMS-concurrent-reset-start]
2023-01-17T04:35:45.325+0800: 355.233: [CMS-concurrent-reset: 0.000/0.000 secs] [Times: user=0.00 sys=0.00, real=0.00 secs] 
{Heap before GC invocations=515 (full 762):
 par new generation   total 115200K, used 115200K [0x00000000f0000000, 0x00000000f7d00000, 0x00000000f7d00000)
  eden space 102400K, 100% used [0x00000000f0000000, 0x00000000f6400000, 0x00000000f6400000)
  from space 12800K, 100% used [0x00000000f7080000, 0x00000000f7d00000, 0x00000000f7d00000)
  to   space 12800K,   0% used [0x00000000f6400000, 0x00000000f6400000, 0x00000000f7080000)
 concurrent mark-sweep generation total 134144K, used 134137K [0x00000000f7d00000, 0x0000000100000000, 0x0000000100000000)
 Metaspace       used 52055K, capacity 54894K, committed 55936K, reserved 1097728K
  class space    used 6335K, capacity 6835K, committed 7040K, reserved 1048576K
2023-01-17T04:35:45.702+0800: 355.610: [GC (Allocation Failure) 2023-01-17T04:35:45.702+0800: 355.610: [ParNew: 115200K->115200K(115200K), 0.0000268 secs]2023-01-17T04:35:45.702+0800: 355.610: [CMS: 134137K->134137K(134144K), 0.2077683 secs] 249337K->157509K(249344K), [Metaspace: 52055K->52055K(1097728K)], 0.2081479 secs] [Times: user=0.21 sys=0.00, real=0.21 secs] 
Heap after GC invocations=516 (full 763):
 par new generation   total 115200K, used 23371K [0x00000000f0000000, 0x00000000f7d00000, 0x00000000f7d00000)
  eden space 102400K,  22% used [0x00000000f0000000, 0x00000000f16d2fe8, 0x00000000f6400000)
  from space 12800K,   0% used [0x00000000f7080000, 0x00000000f7080000, 0x00000000f7d00000)
  to   space 12800K,   0% used [0x00000000f6400000, 0x00000000f6400000, 0x00000000f7080000)
 concurrent mark-sweep generation total 134144K, used 134137K [0x00000000f7d00000, 0x0000000100000000, 0x0000000100000000)
 Metaspace       used 52055K, capacity 54894K, committed 55936K, reserved 1097728K
  class space    used 6335K, capacity 6835K, committed 7040K, reserved 1048576K
}
2023-01-17T04:35:45.916+0800: 355.823: [GC (CMS Initial Mark) [1 CMS-initial-mark: 134137K(134144K)] 158255K(249344K), 0.0093617 secs] [Times: user=0.02 sys=0.00, real=0.01 secs] 
2023-01-17T04:35:45.925+0800: 355.833: [CMS-concurrent-mark-start]
2023-01-17T04:35:46.000+0800: 355.908: [CMS-concurrent-mark: 0.075/0.075 secs] [Times: user=0.18 sys=0.01, real=0.08 secs] 
2023-01-17T04:35:46.001+0800: 355.908: [CMS-concurrent-preclean-start]
2023-01-17T04:35:46.047+0800: 355.955: [CMS-concurrent-preclean: 0.047/0.047 secs] [Times: user=0.14 sys=0.02, real=0.04 secs] 
2023-01-17T04:35:46.047+0800: 355.955: [CMS-concurrent-abortable-preclean-start]
2023-01-17T04:35:46.047+0800: 355.955: [CMS-concurrent-abortable-preclean: 0.000/0.000 secs] [Times: user=0.00 sys=0.00, real=0.00 secs] 
2023-01-17T04:35:46.051+0800: 355.959: [GC (CMS Final Remark) [YG occupancy: 84928 K (115200 K)]2023-01-17T04:35:46.051+0800: 355.959: [Rescan (parallel) , 0.0208812 secs]2023-01-17T04:35:46.072+0800: 355.980: [weak refs processing, 0.0000425 secs]2023-01-17T04:35:46.072+0800: 355.980: [class unloading, 0.0130486 secs]2023-01-17T04:35:46.085+0800: 355.993: [scrub symbol table, 0.0048579 secs]2023-01-17T04:35:46.090+0800: 355.998: [scrub string table, 0.0008915 secs][1 CMS-remark: 134137K(134144K)] 219066K(249344K), 0.0398775 secs] [Times: user=0.10 sys=0.00, real=0.04 secs] 
2023-01-17T04:35:46.092+0800: 355.999: [CMS-concurrent-sweep-start]
2023-01-17T04:35:46.110+0800: 356.018: [CMS-concurrent-sweep: 0.019/0.019 secs] [Times: user=0.05 sys=0.01, real=0.02 secs] 
2023-01-17T04:35:46.111+0800: 356.018: [CMS-concurrent-reset-start]
2023-01-17T04:35:46.111+0800: 356.019: [CMS-concurrent-reset: 0.000/0.000 secs] [Times: user=0.01 sys=0.00, real=0.00 secs] 
{Heap before GC invocations=516 (full 764):
 par new generation   total 115200K, used 115200K [0x00000000f0000000, 0x00000000f7d00000, 0x00000000f7d00000)
  eden space 102400K, 100% used [0x00000000f0000000, 0x00000000f6400000, 0x00000000f6400000)
  from space 12800K, 100% used [0x00000000f7080000, 0x00000000f7d00000, 0x00000000f7d00000)
  to   space 12800K,   0% used [0x00000000f6400000, 0x00000000f6400000, 0x00000000f7080000)
 concurrent mark-sweep generation total 134144K, used 134137K [0x00000000f7d00000, 0x0000000100000000, 0x0000000100000000)
 Metaspace       used 52055K, capacity 54894K, committed 55936K, reserved 1097728K
  class space    used 6335K, capacity 6835K, committed 7040K, reserved 1048576K
2023-01-17T04:35:46.193+0800: 356.100: [GC (Allocation Failure) 2023-01-17T04:35:46.193+0800: 356.101: [ParNew: 115200K->115200K(115200K), 0.0000251 secs]2023-01-17T04:35:46.193+0800: 356.101: [CMS: 134137K->134143K(134144K), 0.2033566 secs] 249337K->157283K(249344K), [Metaspace: 52055K->52055K(1097728K)], 0.2037082 secs] [Times: user=0.20 sys=0.00, real=0.20 secs] 
Heap after GC invocations=517 (full 765):
 par new generation   total 115200K, used 23139K [0x00000000f0000000, 0x00000000f7d00000, 0x00000000f7d00000)
  eden space 102400K,  22% used [0x00000000f0000000, 0x00000000f1698f20, 0x00000000f6400000)
  from space 12800K,   0% used [0x00000000f7080000, 0x00000000f7080000, 0x00000000f7d00000)
  to   space 12800K,   0% used [0x00000000f6400000, 0x00000000f6400000, 0x00000000f7080000)
 concurrent mark-sweep generation total 134144K, used 134143K [0x00000000f7d00000, 0x0000000100000000, 0x0000000100000000)
 Metaspace       used 52055K, capacity 54894K, committed 55936K, reserved 1097728K
  class space    used 6335K, capacity 6835K, committed 7040K, reserved 1048576K
}
2023-01-17T04:35:46.400+0800: 356.308: [GC (CMS Initial Mark) [1 CMS-initial-mark: 134143K(134144K)] 157461K(249344K), 0.0068366 secs] [Times: user=0.01 sys=0.00, real=0.00 secs] 
2023-01-17T04:35:46.408+0800: 356.315: [CMS-concurrent-mark-start]
2023-01-17T04:35:46.466+0800: 356.373: [CMS-concurrent-mark: 0.058/0.058 secs] [Times: user=0.12 sys=0.03, real=0.06 secs] 
2023-01-17T04:35:46.466+0800: 356.374: [CMS-concurrent-preclean-start]
2023-01-17T04:35:46.506+0800: 356.414: [CMS-concurrent-preclean: 0.040/0.040 secs] [Times: user=0.09 sys=0.01, real=0.04 secs] 
2023-01-17T04:35:46.506+0800: 356.414: [CMS-concurrent-abortable-preclean-start]
2023-01-17T04:35:46.506+0800: 356.414: [CMS-concurrent-abortable-preclean: 0.000/0.000 secs] [Times: user=0.00 sys=0.00, real=0.00 secs] 
2023-01-17T04:35:46.512+0800: 356.420: [GC (CMS Final Remark) [YG occupancy: 62464 K (115200 K)]2023-01-17T04:35:46.512+0800: 356.420: [Rescan (parallel) , 0.0190875 secs]2023-01-17T04:35:46.531+0800: 356.439: [weak refs processing, 0.0000393 secs]2023-01-17T04:35:46.531+0800: 356.439: [class unloading, 0.0128678 secs]2023-01-17T04:35:46.544+0800: 356.452: [scrub symbol table, 0.0049037 secs]2023-01-17T04:35:46.549+0800: 356.457: [scrub string table, 0.0008733 secs][1 CMS-remark: 134143K(134144K)] 196608K(249344K), 0.0379191 secs] [Times: user=0.08 sys=0.00, real=0.04 secs] 
2023-01-17T04:35:46.550+0800: 356.458: [CMS-concurrent-sweep-start]
2023-01-17T04:35:46.570+0800: 356.478: [CMS-concurrent-sweep: 0.020/0.020 secs] [Times: user=0.06 sys=0.01, real=0.02 secs] 
2023-01-17T04:35:46.571+0800: 356.478: [CMS-concurrent-reset-start]
2023-01-17T04:35:46.571+0800: 356.479: [CMS-concurrent-reset: 0.000/0.000 secs] [Times: user=0.00 sys=0.00, real=0.00 secs] 
{Heap before GC invocations=517 (full 766):
 par new generation   total 115200K, used 115199K [0x00000000f0000000, 0x00000000f7d00000, 0x00000000f7d00000)
  eden space 102400K, 100% used [0x00000000f0000000, 0x00000000f6400000, 0x00000000f6400000)
  from space 12800K,  99% used [0x00000000f7080000, 0x00000000f7cffff8, 0x00000000f7d00000)
  to   space 12800K,   0% used [0x00000000f6400000, 0x00000000f6400000, 0x00000000f7080000)
 concurrent mark-sweep generation total 134144K, used 134143K [0x00000000f7d00000, 0x0000000100000000, 0x0000000100000000)
 Metaspace       used 52055K, capacity 54894K, committed 55936K, reserved 1097728K
  class space    used 6335K, capacity 6835K, committed 7040K, reserved 1048576K
2023-01-17T04:35:46.918+0800: 356.825: [GC (Allocation Failure) 2023-01-17T04:35:46.918+0800: 356.826: [ParNew: 115199K->115199K(115200K), 0.0000321 secs]2023-01-17T04:35:46.918+0800: 356.826: [CMS: 134143K->134143K(134144K), 0.1994937 secs] 249343K->157602K(249344K), [Metaspace: 52055K->52055K(1097728K)], 0.2000224 secs] [Times: user=0.20 sys=0.00, real=0.20 secs] 
Heap after GC invocations=518 (full 767):
 par new generation   total 115200K, used 23459K [0x00000000f0000000, 0x00000000f7d00000, 0x00000000f7d00000)
  eden space 102400K,  22% used [0x00000000f0000000, 0x00000000f16e8c88, 0x00000000f6400000)
  from space 12800K,   0% used [0x00000000f7080000, 0x00000000f7080000, 0x00000000f7d00000)
  to   space 12800K,   0% used [0x00000000f6400000, 0x00000000f6400000, 0x00000000f7080000)
 concurrent mark-sweep generation total 134144K, used 134143K [0x00000000f7d00000, 0x0000000100000000, 0x0000000100000000)
 Metaspace       used 52055K, capacity 54894K, committed 55936K, reserved 1097728K
  class space    used 6335K, capacity 6835K, committed 7040K, reserved 1048576K
}
2023-01-17T04:35:47.122+0800: 357.030: [GC (CMS Initial Mark) [1 CMS-initial-mark: 134143K(134144K)] 157890K(249344K), 0.0063349 secs] [Times: user=0.02 sys=0.00, real=0.00 secs] 
2023-01-17T04:35:47.129+0800: 357.037: [CMS-concurrent-mark-start]
2023-01-17T04:35:47.197+0800: 357.104: [CMS-concurrent-mark: 0.068/0.068 secs] [Times: user=0.21 sys=0.02, real=0.07 secs] 
2023-01-17T04:35:47.197+0800: 357.105: [CMS-concurrent-preclean-start]
2023-01-17T04:35:47.241+0800: 357.148: [CMS-concurrent-preclean: 0.044/0.044 secs] [Times: user=0.14 sys=0.02, real=0.05 secs] 
2023-01-17T04:35:47.241+0800: 357.149: [CMS-concurrent-abortable-preclean-start]
2023-01-17T04:35:47.241+0800: 357.149: [CMS-concurrent-abortable-preclean: 0.000/0.000 secs] [Times: user=0.00 sys=0.00, real=0.00 secs] 
2023-01-17T04:35:47.245+0800: 357.153: [GC (CMS Final Remark) [YG occupancy: 93954 K (115200 K)]2023-01-17T04:35:47.245+0800: 357.153: [Rescan (parallel) , 0.0222044 secs]2023-01-17T04:35:47.267+0800: 357.175: [weak refs processing, 0.0000395 secs]2023-01-17T04:35:47.267+0800: 357.175: [class unloading, 0.0133437 secs]2023-01-17T04:35:47.281+0800: 357.188: [scrub symbol table, 0.0048573 secs]2023-01-17T04:35:47.285+0800: 357.193: [scrub string table, 0.0008747 secs][1 CMS-remark: 134143K(134144K)] 228098K(249344K), 0.0414665 secs] [Times: user=0.11 sys=0.00, real=0.04 secs] 
2023-01-17T04:35:47.287+0800: 357.194: [CMS-concurrent-sweep-start]
2023-01-17T04:35:47.304+0800: 357.212: [CMS-concurrent-sweep: 0.018/0.018 secs] [Times: user=0.05 sys=0.00, real=0.02 secs] 
2023-01-17T04:35:47.304+0800: 357.212: [CMS-concurrent-reset-start]
2023-01-17T04:35:47.305+0800: 357.212: [CMS-concurrent-reset: 0.000/0.000 secs] [Times: user=0.01 sys=0.00, real=0.00 secs] 
{Heap before GC invocations=518 (full 768):
 par new generation   total 115200K, used 115199K [0x00000000f0000000, 0x00000000f7d00000, 0x00000000f7d00000)
  eden space 102400K, 100% used [0x00000000f0000000, 0x00000000f6400000, 0x00000000f6400000)
  from space 12800K,  99% used [0x00000000f7080000, 0x00000000f7cffff0, 0x00000000f7d00000)
  to   space 12800K,   0% used [0x00000000f6400000, 0x00000000f6400000, 0x00000000f7080000)
 concurrent mark-sweep generation total 134144K, used 134143K [0x00000000f7d00000, 0x0000000100000000, 0x0000000100000000)
 Metaspace       used 52055K, capacity 54894K, committed 55936K, reserved 1097728K
  class space    used 6335K, capacity 6835K, committed 7040K, reserved 1048576K
2023-01-17T04:35:47.374+0800: 357.282: [GC (Allocation Failure) 2023-01-17T04:35:47.374+0800: 357.282: [ParNew: 115199K->115199K(115200K), 0.0000246 secs]2023-01-17T04:35:47.374+0800: 357.282: [CMS: 134143K->134141K(134144K), 0.2178415 secs] 249343K->157171K(249344K), [Metaspace: 52055K->52055K(1097728K)], 0.2181970 secs] [Times: user=0.22 sys=0.00, real=0.22 secs] 
Heap after GC invocations=519 (full 769):
 par new generation   total 115200K, used 23029K [0x00000000f0000000, 0x00000000f7d00000, 0x00000000f7d00000)
  eden space 102400K,  22% used [0x00000000f0000000, 0x00000000f167d498, 0x00000000f6400000)
  from space 12800K,   0% used [0x00000000f7080000, 0x00000000f7080000, 0x00000000f7d00000)
  to   space 12800K,   0% used [0x00000000f6400000, 0x00000000f6400000, 0x00000000f7080000)
 concurrent mark-sweep generation total 134144K, used 134141K [0x00000000f7d00000, 0x0000000100000000, 0x0000000100000000)
 Metaspace       used 52055K, capacity 54894K, committed 55936K, reserved 1097728K
  class space    used 6335K, capacity 6835K, committed 7040K, reserved 1048576K
}
2023-01-17T04:35:47.596+0800: 357.504: [GC (CMS Initial Mark) [1 CMS-initial-mark: 134141K(134144K)] 157248K(249344K), 0.0074644 secs] [Times: user=0.02 sys=0.00, real=0.01 secs] 
2023-01-17T04:35:47.605+0800: 357.512: [CMS-concurrent-mark-start]
2023-01-17T04:35:47.679+0800: 357.586: [CMS-concurrent-mark: 0.074/0.074 secs] [Times: user=0.11 sys=0.02, real=0.07 secs] 
2023-01-17T04:35:47.679+0800: 357.587: [CMS-concurrent-preclean-start]
2023-01-17T04:35:47.711+0800: 357.619: [CMS-concurrent-preclean: 0.032/0.032 secs] [Times: user=0.04 sys=0.00, real=0.04 secs] 
2023-01-17T04:35:47.711+0800: 357.619: [CMS-concurrent-abortable-preclean-start]
2023-01-17T04:35:47.711+0800: 357.619: [CMS-concurrent-abortable-preclean: 0.000/0.000 secs] [Times: user=0.00 sys=0.00, real=0.00 secs] 
2023-01-17T04:35:47.715+0800: 357.623: [GC (CMS Final Remark) [YG occupancy: 42326 K (115200 K)]2023-01-17T04:35:47.715+0800: 357.623: [Rescan (parallel) , 0.0087460 secs]2023-01-17T04:35:47.724+0800: 357.632: [weak refs processing, 0.0000399 secs]2023-01-17T04:35:47.724+0800: 357.632: [class unloading, 0.0130339 secs]2023-01-17T04:35:47.737+0800: 357.645: [scrub symbol table, 0.0049481 secs]2023-01-17T04:35:47.742+0800: 357.650: [scrub string table, 0.0008764 secs][1 CMS-remark: 134141K(134144K)] 176467K(249344K), 0.0277943 secs] [Times: user=0.05 sys=0.00, real=0.03 secs] 
2023-01-17T04:35:47.743+0800: 357.651: [CMS-concurrent-sweep-start]
2023-01-17T04:35:47.760+0800: 357.667: [CMS-concurrent-sweep: 0.016/0.016 secs] [Times: user=0.05 sys=0.00, real=0.02 secs] 
2023-01-17T04:35:47.760+0800: 357.668: [CMS-concurrent-reset-start]
2023-01-17T04:35:47.760+0800: 357.668: [CMS-concurrent-reset: 0.000/0.000 secs] [Times: user=0.00 sys=0.00, real=0.00 secs] 
{Heap before GC invocations=519 (full 770):
 par new generation   total 115200K, used 115199K [0x00000000f0000000, 0x00000000f7d00000, 0x00000000f7d00000)
  eden space 102400K, 100% used [0x00000000f0000000, 0x00000000f6400000, 0x00000000f6400000)
  from space 12800K,  99% used [0x00000000f7080000, 0x00000000f7cffff0, 0x00000000f7d00000)
  to   space 12800K,   0% used [0x00000000f6400000, 0x00000000f6400000, 0x00000000f7080000)
 concurrent mark-sweep generation total 134144K, used 134141K [0x00000000f7d00000, 0x0000000100000000, 0x0000000100000000)
 Metaspace       used 52055K, capacity 54894K, committed 55936K, reserved 1097728K
  class space    used 6335K, capacity 6835K, committed 7040K, reserved 1048576K
2023-01-17T04:35:48.147+0800: 358.055: [GC (Allocation Failure) 2023-01-17T04:35:48.147+0800: 358.055: [ParNew: 115199K->115199K(115200K), 0.0000290 secs]2023-01-17T04:35:48.147+0800: 358.055: [CMS: 134141K->134139K(134144K), 0.2249706 secs] 249341K->157400K(249344K), [Metaspace: 52055K->52055K(1097728K)], 0.2254087 secs] [Times: user=0.23 sys=0.00, real=0.23 secs] 
Heap after GC invocations=520 (full 771):
 par new generation   total 115200K, used 23260K [0x00000000f0000000, 0x00000000f7d00000, 0x00000000f7d00000)
  eden space 102400K,  22% used [0x00000000f0000000, 0x00000000f16b7368, 0x00000000f6400000)
  from space 12800K,   0% used [0x00000000f7080000, 0x00000000f7080000, 0x00000000f7d00000)
  to   space 12800K,   0% used [0x00000000f6400000, 0x00000000f6400000, 0x00000000f7080000)
 concurrent mark-sweep generation total 134144K, used 134139K [0x00000000f7d00000, 0x0000000100000000, 0x0000000100000000)
 Metaspace       used 52055K, capacity 54894K, committed 55936K, reserved 1097728K
  class space    used 6335K, capacity 6835K, committed 7040K, reserved 1048576K
}
2023-01-17T04:35:48.377+0800: 358.285: [GC (CMS Initial Mark) [1 CMS-initial-mark: 134139K(134144K)] 157769K(249344K), 0.0083985 secs] [Times: user=0.02 sys=0.00, real=0.01 secs] 
2023-01-17T04:35:48.385+0800: 358.293: [CMS-concurrent-mark-start]
2023-01-17T04:35:48.458+0800: 358.366: [CMS-concurrent-mark: 0.073/0.073 secs] [Times: user=0.18 sys=0.02, real=0.07 secs] 
2023-01-17T04:35:48.458+0800: 358.366: [CMS-concurrent-preclean-start]
2023-01-17T04:35:48.506+0800: 358.414: [CMS-concurrent-preclean: 0.048/0.048 secs] [Times: user=0.11 sys=0.01, real=0.05 secs] 
2023-01-17T04:35:48.506+0800: 358.414: [CMS-concurrent-abortable-preclean-start]
2023-01-17T04:35:48.506+0800: 358.414: [CMS-concurrent-abortable-preclean: 0.000/0.000 secs] [Times: user=0.00 sys=0.00, real=0.00 secs] 
2023-01-17T04:35:48.512+0800: 358.419: [GC (CMS Final Remark) [YG occupancy: 74049 K (115200 K)]2023-01-17T04:35:48.512+0800: 358.419: [Rescan (parallel) , 0.0211445 secs]2023-01-17T04:35:48.533+0800: 358.441: [weak refs processing, 0.0000413 secs]2023-01-17T04:35:48.533+0800: 358.441: [class unloading, 0.0143706 secs]2023-01-17T04:35:48.547+0800: 358.455: [scrub symbol table, 0.0048668 secs]2023-01-17T04:35:48.552+0800: 358.460: [scrub string table, 0.0008733 secs][1 CMS-remark: 134139K(134144K)] 208188K(249344K), 0.0414491 secs] [Times: user=0.09 sys=0.00, real=0.04 secs] 
2023-01-17T04:35:48.554+0800: 358.461: [CMS-concurrent-sweep-start]
2023-01-17T04:35:48.574+0800: 358.482: [CMS-concurrent-sweep: 0.021/0.021 secs] [Times: user=0.07 sys=0.01, real=0.02 secs] 
2023-01-17T04:35:48.575+0800: 358.482: [CMS-concurrent-reset-start]
2023-01-17T04:35:48.575+0800: 358.483: [CMS-concurrent-reset: 0.000/0.000 secs] [Times: user=0.00 sys=0.00, real=0.00 secs] 
{Heap before GC invocations=520 (full 772):
 par new generation   total 115200K, used 115199K [0x00000000f0000000, 0x00000000f7d00000, 0x00000000f7d00000)
  eden space 102400K, 100% used [0x00000000f0000000, 0x00000000f6400000, 0x00000000f6400000)
  from space 12800K,  99% used [0x00000000f7080000, 0x00000000f7cffff8, 0x00000000f7d00000)
  to   space 12800K,   0% used [0x00000000f6400000, 0x00000000f6400000, 0x00000000f7080000)
 concurrent mark-sweep generation total 134144K, used 134138K [0x00000000f7d00000, 0x0000000100000000, 0x0000000100000000)
 Metaspace       used 52055K, capacity 54894K, committed 55936K, reserved 1097728K
  class space    used 6335K, capacity 6835K, committed 7040K, reserved 1048576K
2023-01-17T04:35:48.665+0800: 358.572: [GC (Allocation Failure) 2023-01-17T04:35:48.665+0800: 358.572: [ParNew: 115199K->115199K(115200K), 0.0000270 secs]2023-01-17T04:35:48.665+0800: 358.573: [CMS: 134138K->134136K(134144K), 0.2089793 secs] 249338K->157387K(249344K), [Metaspace: 52055K->52055K(1097728K)], 0.2093513 secs] [Times: user=0.21 sys=0.00, real=0.21 secs] 
Heap after GC invocations=521 (full 773):
 par new generation   total 115200K, used 23250K [0x00000000f0000000, 0x00000000f7d00000, 0x00000000f7d00000)
  eden space 102400K,  22% used [0x00000000f0000000, 0x00000000f16b4a10, 0x00000000f6400000)
  from space 12800K,   0% used [0x00000000f7080000, 0x00000000f7080000, 0x00000000f7d00000)
  to   space 12800K,   0% used [0x00000000f6400000, 0x00000000f6400000, 0x00000000f7080000)
 concurrent mark-sweep generation total 134144K, used 134136K [0x00000000f7d00000, 0x0000000100000000, 0x0000000100000000)
 Metaspace       used 52055K, capacity 54894K, committed 55936K, reserved 1097728K
  class space    used 6335K, capacity 6835K, committed 7040K, reserved 1048576K
}
2023-01-17T04:35:48.878+0800: 358.786: [GC (CMS Initial Mark) [1 CMS-initial-mark: 134136K(134144K)] 157597K(249344K), 0.0066426 secs] [Times: user=0.02 sys=0.00, real=0.01 secs] 
2023-01-17T04:35:48.885+0800: 358.793: [CMS-concurrent-mark-start]
2023-01-17T04:35:48.934+0800: 358.842: [CMS-concurrent-mark: 0.049/0.049 secs] [Times: user=0.07 sys=0.00, real=0.05 secs] 
2023-01-17T04:35:48.934+0800: 358.842: [CMS-concurrent-preclean-start]
2023-01-17T04:35:48.964+0800: 358.872: [CMS-concurrent-preclean: 0.030/0.030 secs] [Times: user=0.04 sys=0.00, real=0.03 secs] 
2023-01-17T04:35:48.965+0800: 358.872: [CMS-concurrent-abortable-preclean-start]
2023-01-17T04:35:48.965+0800: 358.872: [CMS-concurrent-abortable-preclean: 0.000/0.000 secs] [Times: user=0.00 sys=0.00, real=0.00 secs] 
2023-01-17T04:35:48.968+0800: 358.876: [GC (CMS Final Remark) [YG occupancy: 34685 K (115200 K)]2023-01-17T04:35:48.968+0800: 358.876: [Rescan (parallel) , 0.0078832 secs]2023-01-17T04:35:48.976+0800: 358.884: [weak refs processing, 0.0000399 secs]2023-01-17T04:35:48.976+0800: 358.884: [class unloading, 0.0128412 secs]2023-01-17T04:35:48.989+0800: 358.897: [scrub symbol table, 0.0049687 secs]2023-01-17T04:35:48.994+0800: 358.902: [scrub string table, 0.0009376 secs][1 CMS-remark: 134136K(134144K)] 168822K(249344K), 0.0268074 secs] [Times: user=0.05 sys=0.00, real=0.03 secs] 
2023-01-17T04:35:48.996+0800: 358.903: [CMS-concurrent-sweep-start]
2023-01-17T04:35:49.015+0800: 358.923: [CMS-concurrent-sweep: 0.019/0.019 secs] [Times: user=0.06 sys=0.01, real=0.02 secs] 
2023-01-17T04:35:49.015+0800: 358.923: [CMS-concurrent-reset-start]
2023-01-17T04:35:49.015+0800: 358.923: [CMS-concurrent-reset: 0.000/0.000 secs] [Times: user=0.00 sys=0.00, real=0.00 secs] 
{Heap before GC invocations=521 (full 774):
 par new generation   total 115200K, used 115200K [0x00000000f0000000, 0x00000000f7d00000, 0x00000000f7d00000)
  eden space 102400K, 100% used [0x00000000f0000000, 0x00000000f6400000, 0x00000000f6400000)
  from space 12800K, 100% used [0x00000000f7080000, 0x00000000f7d00000, 0x00000000f7d00000)
  to   space 12800K,   0% used [0x00000000f6400000, 0x00000000f6400000, 0x00000000f7080000)
 concurrent mark-sweep generation total 134144K, used 134136K [0x00000000f7d00000, 0x0000000100000000, 0x0000000100000000)
 Metaspace       used 52055K, capacity 54894K, committed 55936K, reserved 1097728K
  class space    used 6335K, capacity 6835K, committed 7040K, reserved 1048576K
2023-01-17T04:35:49.216+0800: 359.124: [GC (Allocation Failure) 2023-01-17T04:35:49.217+0800: 359.124: [ParNew: 115200K->115200K(115200K), 0.0000335 secs]2023-01-17T04:35:49.217+0800: 359.124: [CMS: 134136K->134136K(134144K), 0.2482948 secs] 249336K->157647K(249344K), [Metaspace: 52055K->52055K(1097728K)], 0.2487527 secs] [Times: user=0.25 sys=0.00, real=0.25 secs] 
Heap after GC invocations=522 (full 775):
 par new generation   total 115200K, used 23511K [0x00000000f0000000, 0x00000000f7d00000, 0x00000000f7d00000)
  eden space 102400K,  22% used [0x00000000f0000000, 0x00000000f16f5d00, 0x00000000f6400000)
  from space 12800K,   0% used [0x00000000f7080000, 0x00000000f7080000, 0x00000000f7d00000)
  to   space 12800K,   0% used [0x00000000f6400000, 0x00000000f6400000, 0x00000000f7080000)
 concurrent mark-sweep generation total 134144K, used 134136K [0x00000000f7d00000, 0x0000000100000000, 0x0000000100000000)
 Metaspace       used 52055K, capacity 54894K, committed 55936K, reserved 1097728K
  class space    used 6335K, capacity 6835K, committed 7040K, reserved 1048576K
}
2023-01-17T04:35:49.469+0800: 359.377: [GC (CMS Initial Mark) [1 CMS-initial-mark: 134136K(134144K)] 157809K(249344K), 0.0068844 secs] [Times: user=0.02 sys=0.00, real=0.01 secs] 
2023-01-17T04:35:49.476+0800: 359.384: [CMS-concurrent-mark-start]
2023-01-17T04:35:49.540+0800: 359.448: [CMS-concurrent-mark: 0.064/0.064 secs] [Times: user=0.17 sys=0.02, real=0.07 secs] 
2023-01-17T04:35:49.541+0800: 359.448: [CMS-concurrent-preclean-start]
2023-01-17T04:35:49.572+0800: 359.480: [CMS-concurrent-preclean: 0.032/0.032 secs] [Times: user=0.05 sys=0.00, real=0.03 secs] 
2023-01-17T04:35:49.573+0800: 359.480: [CMS-concurrent-abortable-preclean-start]
2023-01-17T04:35:49.573+0800: 359.480: [CMS-concurrent-abortable-preclean: 0.000/0.000 secs] [Times: user=0.00 sys=0.00, real=0.00 secs] 
2023-01-17T04:35:49.576+0800: 359.484: [GC (CMS Final Remark) [YG occupancy: 63955 K (115200 K)]2023-01-17T04:35:49.576+0800: 359.484: [Rescan (parallel) , 0.0140967 secs]2023-01-17T04:35:49.590+0800: 359.498: [weak refs processing, 0.0000430 secs]2023-01-17T04:35:49.590+0800: 359.498: [class unloading, 0.0130787 secs]2023-01-17T04:35:49.603+0800: 359.511: [scrub symbol table, 0.0050277 secs]2023-01-17T04:35:49.608+0800: 359.516: [scrub string table, 0.0009070 secs][1 CMS-remark: 134136K(134144K)] 198092K(249344K), 0.0332978 secs] [Times: user=0.08 sys=0.00, real=0.03 secs] 
2023-01-17T04:35:49.610+0800: 359.517: [CMS-concurrent-sweep-start]
2023-01-17T04:35:49.630+0800: 359.538: [CMS-concurrent-sweep: 0.021/0.021 secs] [Times: user=0.06 sys=0.02, real=0.02 secs] 
2023-01-17T04:35:49.630+0800: 359.538: [CMS-concurrent-reset-start]
2023-01-17T04:35:49.631+0800: 359.539: [CMS-concurrent-reset: 0.000/0.000 secs] [Times: user=0.00 sys=0.00, real=0.00 secs] 
{Heap before GC invocations=522 (full 776):
 par new generation   total 115200K, used 115199K [0x00000000f0000000, 0x00000000f7d00000, 0x00000000f7d00000)
  eden space 102400K, 100% used [0x00000000f0000000, 0x00000000f6400000, 0x00000000f6400000)
  from space 12800K,  99% used [0x00000000f7080000, 0x00000000f7cfffb0, 0x00000000f7d00000)
  to   space 12800K,   0% used [0x00000000f6400000, 0x00000000f6400000, 0x00000000f7080000)
 concurrent mark-sweep generation total 134144K, used 134136K [0x00000000f7d00000, 0x0000000100000000, 0x0000000100000000)
 Metaspace       used 52055K, capacity 54894K, committed 55936K, reserved 1097728K
  class space    used 6335K, capacity 6835K, committed 7040K, reserved 1048576K
2023-01-17T04:35:49.733+0800: 359.640: [GC (Allocation Failure) 2023-01-17T04:35:49.733+0800: 359.641: [ParNew: 115199K->115199K(115200K), 0.0000261 secs]2023-01-17T04:35:49.733+0800: 359.641: [CMS: 134136K->134136K(134144K), 0.1911928 secs] 249336K->157189K(249344K), [Metaspace: 52055K->52055K(1097728K)], 0.1915817 secs] [Times: user=0.19 sys=0.00, real=0.19 secs] 
Heap after GC invocations=523 (full 777):
 par new generation   total 115200K, used 23053K [0x00000000f0000000, 0x00000000f7d00000, 0x00000000f7d00000)
  eden space 102400K,  22% used [0x00000000f0000000, 0x00000000f1683548, 0x00000000f6400000)
  from space 12800K,   0% used [0x00000000f7080000, 0x00000000f7080000, 0x00000000f7d00000)
  to   space 12800K,   0% used [0x00000000f6400000, 0x00000000f6400000, 0x00000000f7080000)
 concurrent mark-sweep generation total 134144K, used 134136K [0x00000000f7d00000, 0x0000000100000000, 0x0000000100000000)
 Metaspace       used 52055K, capacity 54894K, committed 55936K, reserved 1097728K
  class space    used 6335K, capacity 6835K, committed 7040K, reserved 1048576K
}
2023-01-17T04:35:49.928+0800: 359.836: [GC (CMS Initial Mark) [1 CMS-initial-mark: 134136K(134144K)] 157334K(249344K), 0.0083023 secs] [Times: user=0.02 sys=0.00, real=0.01 secs] 
2023-01-17T04:35:49.937+0800: 359.845: [CMS-concurrent-mark-start]
2023-01-17T04:35:50.017+0800: 359.925: [CMS-concurrent-mark: 0.080/0.080 secs] [Times: user=0.16 sys=0.06, real=0.08 secs] 
2023-01-17T04:35:50.018+0800: 359.926: [CMS-concurrent-preclean-start]
2023-01-17T04:35:50.062+0800: 359.969: [CMS-concurrent-preclean: 0.043/0.043 secs] [Times: user=0.12 sys=0.01, real=0.05 secs] 
2023-01-17T04:35:50.062+0800: 359.970: [CMS-concurrent-abortable-preclean-start]
2023-01-17T04:35:50.062+0800: 359.970: [CMS-concurrent-abortable-preclean: 0.000/0.000 secs] [Times: user=0.00 sys=0.00, real=0.00 secs] 
2023-01-17T04:35:50.066+0800: 359.973: [GC (CMS Final Remark) [YG occupancy: 73451 K (115200 K)]2023-01-17T04:35:50.066+0800: 359.974: [Rescan (parallel) , 0.0229836 secs]2023-01-17T04:35:50.089+0800: 359.997: [weak refs processing, 0.0000452 secs]2023-01-17T04:35:50.089+0800: 359.997: [class unloading, 0.0131479 secs]2023-01-17T04:35:50.102+0800: 360.010: [scrub symbol table, 0.0049157 secs]2023-01-17T04:35:50.107+0800: 360.015: [scrub string table, 0.0009049 secs][1 CMS-remark: 134136K(134144K)] 207588K(249344K), 0.0421589 secs] [Times: user=0.09 sys=0.00, real=0.04 secs] 
2023-01-17T04:35:50.108+0800: 360.016: [CMS-concurrent-sweep-start]
2023-01-17T04:35:50.125+0800: 360.033: [CMS-concurrent-sweep: 0.017/0.017 secs] [Times: user=0.04 sys=0.00, real=0.02 secs] 
2023-01-17T04:35:50.125+0800: 360.033: [CMS-concurrent-reset-start]
2023-01-17T04:35:50.126+0800: 360.033: [CMS-concurrent-reset: 0.000/0.000 secs] [Times: user=0.00 sys=0.00, real=0.00 secs] 
{Heap before GC invocations=523 (full 778):
 par new generation   total 115200K, used 115197K [0x00000000f0000000, 0x00000000f7d00000, 0x00000000f7d00000)
  eden space 102400K, 100% used [0x00000000f0000000, 0x00000000f6400000, 0x00000000f6400000)
  from space 12800K,  99% used [0x00000000f7080000, 0x00000000f7cff720, 0x00000000f7d00000)
  to   space 12800K,   0% used [0x00000000f6400000, 0x00000000f6400000, 0x00000000f7080000)
 concurrent mark-sweep generation total 134144K, used 134136K [0x00000000f7d00000, 0x0000000100000000, 0x0000000100000000)
 Metaspace       used 52055K, capacity 54894K, committed 55936K, reserved 1097728K
  class space    used 6335K, capacity 6835K, committed 7040K, reserved 1048576K
2023-01-17T04:35:50.463+0800: 360.370: [GC (Allocation Failure) 2023-01-17T04:35:50.463+0800: 360.371: [ParNew: 115197K->115197K(115200K), 0.0000254 secs]2023-01-17T04:35:50.463+0800: 360.371: [CMS: 134136K->134136K(134144K), 0.1899812 secs] 249334K->157393K(249344K), [Metaspace: 52055K->52055K(1097728K)], 0.1903731 secs] [Times: user=0.19 sys=0.00, real=0.19 secs] 
Heap after GC invocations=524 (full 779):
 par new generation   total 115200K, used 23256K [0x00000000f0000000, 0x00000000f7d00000, 0x00000000f7d00000)
  eden space 102400K,  22% used [0x00000000f0000000, 0x00000000f16b62c8, 0x00000000f6400000)
  from space 12800K,   0% used [0x00000000f7080000, 0x00000000f7080000, 0x00000000f7d00000)
  to   space 12800K,   0% used [0x00000000f6400000, 0x00000000f6400000, 0x00000000f7080000)
 concurrent mark-sweep generation total 134144K, used 134136K [0x00000000f7d00000, 0x0000000100000000, 0x0000000100000000)
 Metaspace       used 52055K, capacity 54894K, committed 55936K, reserved 1097728K
  class space    used 6335K, capacity 6835K, committed 7040K, reserved 1048576K
}
2023-01-17T04:35:50.661+0800: 360.569: [GC (CMS Initial Mark) [1 CMS-initial-mark: 134136K(134144K)] 160315K(249344K), 0.0076170 secs] [Times: user=0.02 sys=0.00, real=0.00 secs] 
2023-01-17T04:35:50.669+0800: 360.577: [CMS-concurrent-mark-start]
2023-01-17T04:35:50.747+0800: 360.655: [CMS-concurrent-mark: 0.077/0.077 secs] [Times: user=0.20 sys=0.02, real=0.08 secs] 
2023-01-17T04:35:50.747+0800: 360.655: [CMS-concurrent-preclean-start]
2023-01-17T04:35:50.793+0800: 360.700: [CMS-concurrent-preclean: 0.046/0.046 secs] [Times: user=0.15 sys=0.01, real=0.05 secs] 
2023-01-17T04:35:50.793+0800: 360.701: [CMS-concurrent-abortable-preclean-start]
2023-01-17T04:35:50.793+0800: 360.701: [CMS-concurrent-abortable-preclean: 0.000/0.000 secs] [Times: user=0.00 sys=0.00, real=0.00 secs] 
2023-01-17T04:35:50.797+0800: 360.705: [GC (CMS Final Remark) [YG occupancy: 92186 K (115200 K)]2023-01-17T04:35:50.797+0800: 360.705: [Rescan (parallel) , 0.0256574 secs]2023-01-17T04:35:50.823+0800: 360.730: [weak refs processing, 0.0000408 secs]2023-01-17T04:35:50.823+0800: 360.730: [class unloading, 0.0136523 secs]2023-01-17T04:35:50.836+0800: 360.744: [scrub symbol table, 0.0052664 secs]2023-01-17T04:35:50.842+0800: 360.749: [scrub string table, 0.0009371 secs][1 CMS-remark: 134136K(134144K)] 226322K(249344K), 0.0457191 secs] [Times: user=0.11 sys=0.00, real=0.05 secs] 
2023-01-17T04:35:50.843+0800: 360.751: [CMS-concurrent-sweep-start]
2023-01-17T04:35:50.861+0800: 360.769: [CMS-concurrent-sweep: 0.018/0.018 secs] [Times: user=0.05 sys=0.01, real=0.02 secs] 
2023-01-17T04:35:50.861+0800: 360.769: [CMS-concurrent-reset-start]
2023-01-17T04:35:50.862+0800: 360.769: [CMS-concurrent-reset: 0.000/0.000 secs] [Times: user=0.00 sys=0.00, real=0.00 secs] 
{Heap before GC invocations=524 (full 780):
 par new generation   total 115200K, used 115199K [0x00000000f0000000, 0x00000000f7d00000, 0x00000000f7d00000)
  eden space 102400K, 100% used [0x00000000f0000000, 0x00000000f6400000, 0x00000000f6400000)
  from space 12800K,  99% used [0x00000000f7080000, 0x00000000f7cfffb8, 0x00000000f7d00000)
  to   space 12800K,   0% used [0x00000000f6400000, 0x00000000f6400000, 0x00000000f7080000)
 concurrent mark-sweep generation total 134144K, used 134136K [0x00000000f7d00000, 0x0000000100000000, 0x0000000100000000)
 Metaspace       used 52055K, capacity 54894K, committed 55936K, reserved 1097728K
  class space    used 6335K, capacity 6835K, committed 7040K, reserved 1048576K
2023-01-17T04:35:50.940+0800: 360.847: [GC (Allocation Failure) 2023-01-17T04:35:50.940+0800: 360.848: [ParNew: 115199K->115199K(115200K), 0.0000316 secs]2023-01-17T04:35:50.940+0800: 360.848: [CMS: 134136K->134136K(134144K), 0.1903845 secs] 249336K->157282K(249344K), [Metaspace: 52055K->52055K(1097728K)], 0.1907590 secs] [Times: user=0.19 sys=0.00, real=0.19 secs] 
Heap after GC invocations=525 (full 781):
 par new generation   total 115200K, used 23145K [0x00000000f0000000, 0x00000000f7d00000, 0x00000000f7d00000)
  eden space 102400K,  22% used [0x00000000f0000000, 0x00000000f169a798, 0x00000000f6400000)
  from space 12800K,   0% used [0x00000000f7080000, 0x00000000f7080000, 0x00000000f7d00000)
  to   space 12800K,   0% used [0x00000000f6400000, 0x00000000f6400000, 0x00000000f7080000)
 concurrent mark-sweep generation total 134144K, used 134136K [0x00000000f7d00000, 0x0000000100000000, 0x0000000100000000)
 Metaspace       used 52055K, capacity 54894K, committed 55936K, reserved 1097728K
  class space    used 6335K, capacity 6835K, committed 7040K, reserved 1048576K
}
2023-01-17T04:35:51.135+0800: 361.043: [GC (CMS Initial Mark) [1 CMS-initial-mark: 134136K(134144K)] 157437K(249344K), 0.0073531 secs] [Times: user=0.02 sys=0.00, real=0.01 secs] 
2023-01-17T04:35:51.143+0800: 361.050: [CMS-concurrent-mark-start]
2023-01-17T04:35:51.193+0800: 361.100: [CMS-concurrent-mark: 0.050/0.050 secs] [Times: user=0.08 sys=0.01, real=0.05 secs] 
2023-01-17T04:35:51.193+0800: 361.101: [CMS-concurrent-preclean-start]
2023-01-17T04:35:51.224+0800: 361.132: [CMS-concurrent-preclean: 0.031/0.031 secs] [Times: user=0.04 sys=0.01, real=0.03 secs] 
2023-01-17T04:35:51.224+0800: 361.132: [CMS-concurrent-abortable-preclean-start]
2023-01-17T04:35:51.224+0800: 361.132: [CMS-concurrent-abortable-preclean: 0.000/0.000 secs] [Times: user=0.00 sys=0.00, real=0.00 secs] 
2023-01-17T04:35:51.228+0800: 361.136: [GC (CMS Final Remark) [YG occupancy: 37266 K (115200 K)]2023-01-17T04:35:51.228+0800: 361.136: [Rescan (parallel) , 0.0080125 secs]2023-01-17T04:35:51.236+0800: 361.144: [weak refs processing, 0.0000429 secs]2023-01-17T04:35:51.236+0800: 361.144: [class unloading, 0.0130899 secs]2023-01-17T04:35:51.249+0800: 361.157: [scrub symbol table, 0.0048911 secs]2023-01-17T04:35:51.254+0800: 361.162: [scrub string table, 0.0008837 secs][1 CMS-remark: 134136K(134144K)] 171403K(249344K), 0.0270842 secs] [Times: user=0.05 sys=0.00, real=0.03 secs] 
2023-01-17T04:35:51.256+0800: 361.164: [CMS-concurrent-sweep-start]
2023-01-17T04:35:51.275+0800: 361.183: [CMS-concurrent-sweep: 0.019/0.019 secs] [Times: user=0.07 sys=0.00, real=0.02 secs] 
2023-01-17T04:35:51.276+0800: 361.183: [CMS-concurrent-reset-start]
2023-01-17T04:35:51.276+0800: 361.184: [CMS-concurrent-reset: 0.000/0.000 secs] [Times: user=0.00 sys=0.00, real=0.00 secs] 
{Heap before GC invocations=525 (full 782):
 par new generation   total 115200K, used 115200K [0x00000000f0000000, 0x00000000f7d00000, 0x00000000f7d00000)
  eden space 102400K, 100% used [0x00000000f0000000, 0x00000000f6400000, 0x00000000f6400000)
  from space 12800K, 100% used [0x00000000f7080000, 0x00000000f7d00000, 0x00000000f7d00000)
  to   space 12800K,   0% used [0x00000000f6400000, 0x00000000f6400000, 0x00000000f7080000)
 concurrent mark-sweep generation total 134144K, used 134136K [0x00000000f7d00000, 0x0000000100000000, 0x0000000100000000)
 Metaspace       used 52055K, capacity 54894K, committed 55936K, reserved 1097728K
  class space    used 6335K, capacity 6835K, committed 7040K, reserved 1048576K
2023-01-17T04:35:51.654+0800: 361.562: [GC (Allocation Failure) 2023-01-17T04:35:51.654+0800: 361.562: [ParNew: 115200K->115200K(115200K), 0.0000258 secs]2023-01-17T04:35:51.654+0800: 361.562: [CMS: 134136K->134136K(134144K), 0.1884797 secs] 249336K->157629K(249344K), [Metaspace: 52055K->52055K(1097728K)], 0.1888594 secs] [Times: user=0.19 sys=0.00, real=0.19 secs] 
Heap after GC invocations=526 (full 783):
 par new generation   total 115200K, used 23493K [0x00000000f0000000, 0x00000000f7d00000, 0x00000000f7d00000)
  eden space 102400K,  22% used [0x00000000f0000000, 0x00000000f16f1638, 0x00000000f6400000)
  from space 12800K,   0% used [0x00000000f7080000, 0x00000000f7080000, 0x00000000f7d00000)
  to   space 12800K,   0% used [0x00000000f6400000, 0x00000000f6400000, 0x00000000f7080000)
 concurrent mark-sweep generation total 134144K, used 134136K [0x00000000f7d00000, 0x0000000100000000, 0x0000000100000000)
 Metaspace       used 52055K, capacity 54894K, committed 55936K, reserved 1097728K
  class space    used 6335K, capacity 6835K, committed 7040K, reserved 1048576K
}
2023-01-17T04:35:51.847+0800: 361.755: [GC (CMS Initial Mark) [1 CMS-initial-mark: 134136K(134144K)] 157711K(249344K), 0.0174418 secs] [Times: user=0.02 sys=0.00, real=0.02 secs] 
2023-01-17T04:35:51.865+0800: 361.773: [CMS-concurrent-mark-start]
2023-01-17T04:35:51.948+0800: 361.856: [CMS-concurrent-mark: 0.083/0.083 secs] [Times: user=0.18 sys=0.02, real=0.08 secs] 
2023-01-17T04:35:51.949+0800: 361.856: [CMS-concurrent-preclean-start]
2023-01-17T04:35:51.995+0800: 361.902: [CMS-concurrent-preclean: 0.046/0.046 secs] [Times: user=0.09 sys=0.01, real=0.05 secs] 
2023-01-17T04:35:51.995+0800: 361.903: [CMS-concurrent-abortable-preclean-start]
2023-01-17T04:35:51.995+0800: 361.903: [CMS-concurrent-abortable-preclean: 0.000/0.000 secs] [Times: user=0.00 sys=0.00, real=0.00 secs] 
2023-01-17T04:35:52.118+0800: 362.026: [GC (CMS Final Remark) [YG occupancy: 112732 K (115200 K)]2023-01-17T04:35:52.118+0800: 362.026: [Rescan (parallel) , 0.0316237 secs]2023-01-17T04:35:52.150+0800: 362.058: [weak refs processing, 0.0000454 secs]2023-01-17T04:35:52.150+0800: 362.058: [class unloading, 0.0132092 secs]2023-01-17T04:35:52.163+0800: 362.071: [scrub symbol table, 0.0047882 secs]2023-01-17T04:35:52.168+0800: 362.076: [scrub string table, 0.0008861 secs][1 CMS-remark: 134136K(134144K)] 246868K(249344K), 0.0507178 secs] [Times: user=0.13 sys=0.00, real=0.05 secs] 
2023-01-17T04:35:52.169+0800: 362.077: [CMS-concurrent-sweep-start]
{Heap before GC invocations=526 (full 784):
 par new generation   total 115200K, used 115200K [0x00000000f0000000, 0x00000000f7d00000, 0x00000000f7d00000)
  eden space 102400K, 100% used [0x00000000f0000000, 0x00000000f6400000, 0x00000000f6400000)
  from space 12800K, 100% used [0x00000000f7080000, 0x00000000f7d00000, 0x00000000f7d00000)
  to   space 12800K,   0% used [0x00000000f6400000, 0x00000000f6400000, 0x00000000f7080000)
 concurrent mark-sweep generation total 134144K, used 134138K [0x00000000f7d00000, 0x0000000100000000, 0x0000000100000000)
 Metaspace       used 52055K, capacity 54894K, committed 55936K, reserved 1097728K
  class space    used 6335K, capacity 6835K, committed 7040K, reserved 1048576K
2023-01-17T04:35:52.188+0800: 362.096: [Full GC (Allocation Failure) 2023-01-17T04:35:52.189+0800: 362.096: [CMS2023-01-17T04:35:52.207+0800: 362.115: [CMS-concurrent-sweep: 0.017/0.038 secs] [Times: user=0.08 sys=0.00, real=0.04 secs] 
 (concurrent mode failure): 134138K->134136K(134144K), 0.2046486 secs] 249338K->157174K(249344K), [Metaspace: 52055K->52055K(1097728K)], 0.2049672 secs] [Times: user=0.21 sys=0.00, real=0.21 secs] 
Heap after GC invocations=527 (full 785):
 par new generation   total 115200K, used 23037K [0x00000000f0000000, 0x00000000f7d00000, 0x00000000f7d00000)
  eden space 102400K,  22% used [0x00000000f0000000, 0x00000000f167f6b8, 0x00000000f6400000)
  from space 12800K,   0% used [0x00000000f7080000, 0x00000000f7080000, 0x00000000f7d00000)
  to   space 12800K,   0% used [0x00000000f6400000, 0x00000000f6400000, 0x00000000f7080000)
 concurrent mark-sweep generation total 134144K, used 134136K [0x00000000f7d00000, 0x0000000100000000, 0x0000000100000000)
 Metaspace       used 52055K, capacity 54894K, committed 55936K, reserved 1097728K
  class space    used 6335K, capacity 6835K, committed 7040K, reserved 1048576K
}
{Heap before GC invocations=527 (full 785):
 par new generation   total 115200K, used 115199K [0x00000000f0000000, 0x00000000f7d00000, 0x00000000f7d00000)
  eden space 102400K, 100% used [0x00000000f0000000, 0x00000000f6400000, 0x00000000f6400000)
  from space 12800K,  99% used [0x00000000f7080000, 0x00000000f7cffff8, 0x00000000f7d00000)
  to   space 12800K,   0% used [0x00000000f6400000, 0x00000000f6400000, 0x00000000f7080000)
 concurrent mark-sweep generation total 134144K, used 134144K [0x00000000f7d00000, 0x0000000100000000, 0x0000000100000000)
 Metaspace       used 52055K, capacity 54894K, committed 55936K, reserved 1097728K
  class space    used 6335K, capacity 6835K, committed 7040K, reserved 1048576K
2023-01-17T04:35:52.922+0800: 362.830: [Full GC (Allocation Failure) 2023-01-17T04:35:52.922+0800: 362.830: [CMS: 134144K->134139K(134144K), 0.1901125 secs] 249343K->157506K(249344K), [Metaspace: 52055K->52055K(1097728K)], 0.1904785 secs] [Times: user=0.20 sys=0.00, real=0.19 secs] 
Heap after GC invocations=528 (full 786):
 par new generation   total 115200K, used 23366K [0x00000000f0000000, 0x00000000f7d00000, 0x00000000f7d00000)
  eden space 102400K,  22% used [0x00000000f0000000, 0x00000000f16d1a30, 0x00000000f6400000)
  from space 12800K,   0% used [0x00000000f7080000, 0x00000000f7080000, 0x00000000f7d00000)
  to   space 12800K,   0% used [0x00000000f6400000, 0x00000000f6400000, 0x00000000f7080000)
 concurrent mark-sweep generation total 134144K, used 134139K [0x00000000f7d00000, 0x0000000100000000, 0x0000000100000000)
 Metaspace       used 52055K, capacity 54894K, committed 55936K, reserved 1097728K
  class space    used 6335K, capacity 6835K, committed 7040K, reserved 1048576K
}
2023-01-17T04:35:53.117+0800: 363.025: [GC (CMS Initial Mark) [1 CMS-initial-mark: 134139K(134144K)] 157670K(249344K), 0.0071547 secs] [Times: user=0.02 sys=0.00, real=0.01 secs] 
2023-01-17T04:35:53.124+0800: 363.032: [CMS-concurrent-mark-start]
2023-01-17T04:35:53.182+0800: 363.090: [CMS-concurrent-mark: 0.058/0.058 secs] [Times: user=0.13 sys=0.01, real=0.06 secs] 
2023-01-17T04:35:53.182+0800: 363.090: [CMS-concurrent-preclean-start]
2023-01-17T04:35:53.221+0800: 363.129: [CMS-concurrent-preclean: 0.039/0.039 secs] [Times: user=0.09 sys=0.00, real=0.04 secs] 
2023-01-17T04:35:53.222+0800: 363.129: [CMS-concurrent-abortable-preclean-start]
2023-01-17T04:35:53.222+0800: 363.129: [CMS-concurrent-abortable-preclean: 0.000/0.000 secs] [Times: user=0.00 sys=0.00, real=0.00 secs] 
2023-01-17T04:35:53.393+0800: 363.301: [GC (CMS Final Remark) [YG occupancy: 115065 K (115200 K)]2023-01-17T04:35:53.393+0800: 363.301: [Rescan (parallel) , 0.0394118 secs]2023-01-17T04:35:53.432+0800: 363.340: [weak refs processing, 0.0000637 secs]2023-01-17T04:35:53.432+0800: 363.340: [class unloading, 0.0195716 secs]2023-01-17T04:35:53.452+0800: 363.360: [scrub symbol table, 0.0072717 secs]2023-01-17T04:35:53.459+0800: 363.367: [scrub string table, 0.0013011 secs][1 CMS-remark: 134139K(134144K)] 249205K(249344K), 0.0678916 secs] [Times: user=0.14 sys=0.00, real=0.07 secs] 
2023-01-17T04:35:53.461+0800: 363.369: [CMS-concurrent-sweep-start]
{Heap before GC invocations=528 (full 787):
 par new generation   total 115200K, used 115199K [0x00000000f0000000, 0x00000000f7d00000, 0x00000000f7d00000)
  eden space 102400K, 100% used [0x00000000f0000000, 0x00000000f6400000, 0x00000000f6400000)
  from space 12800K,  99% used [0x00000000f7080000, 0x00000000f7cffff8, 0x00000000f7d00000)
  to   space 12800K,   0% used [0x00000000f6400000, 0x00000000f6400000, 0x00000000f7080000)
 concurrent mark-sweep generation total 134144K, used 134142K [0x00000000f7d00000, 0x0000000100000000, 0x0000000100000000)
 Metaspace       used 52055K, capacity 54894K, committed 55936K, reserved 1097728K
  class space    used 6335K, capacity 6835K, committed 7040K, reserved 1048576K
2023-01-17T04:35:53.466+0800: 363.374: [Full GC (Allocation Failure) 2023-01-17T04:35:53.466+0800: 363.374: [CMS2023-01-17T04:35:53.503+0800: 363.411: [CMS-concurrent-sweep: 0.021/0.042 secs] [Times: user=0.05 sys=0.00, real=0.04 secs] 
 (concurrent mode failure): 134142K->134143K(134144K), 0.2310156 secs] 249342K->157371K(249344K), [Metaspace: 52055K->52055K(1097728K)], 0.2313495 secs] [Times: user=0.23 sys=0.00, real=0.23 secs] 
Heap after GC invocations=529 (full 788):
 par new generation   total 115200K, used 23228K [0x00000000f0000000, 0x00000000f7d00000, 0x00000000f7d00000)
  eden space 102400K,  22% used [0x00000000f0000000, 0x00000000f16af078, 0x00000000f6400000)
  from space 12800K,   0% used [0x00000000f7080000, 0x00000000f7080000, 0x00000000f7d00000)
  to   space 12800K,   0% used [0x00000000f6400000, 0x00000000f6400000, 0x00000000f7080000)
 concurrent mark-sweep generation total 134144K, used 134143K [0x00000000f7d00000, 0x0000000100000000, 0x0000000100000000)
 Metaspace       used 52055K, capacity 54894K, committed 55936K, reserved 1097728K
  class space    used 6335K, capacity 6835K, committed 7040K, reserved 1048576K
}
{Heap before GC invocations=529 (full 788):
 par new generation   total 115200K, used 115193K [0x00000000f0000000, 0x00000000f7d00000, 0x00000000f7d00000)
  eden space 102400K, 100% used [0x00000000f0000000, 0x00000000f6400000, 0x00000000f6400000)
  from space 12800K,  99% used [0x00000000f7080000, 0x00000000f7cfe5a8, 0x00000000f7d00000)
  to   space 12800K,   0% used [0x00000000f6400000, 0x00000000f6400000, 0x00000000f7080000)
 concurrent mark-sweep generation total 134144K, used 134143K [0x00000000f7d00000, 0x0000000100000000, 0x0000000100000000)
 Metaspace       used 52055K, capacity 54894K, committed 55936K, reserved 1097728K
  class space    used 6335K, capacity 6835K, committed 7040K, reserved 1048576K
2023-01-17T04:35:54.202+0800: 364.110: [Full GC (Allocation Failure) 2023-01-17T04:35:54.203+0800: 364.110: [CMS: 134143K->134141K(134144K), 0.1894637 secs] 249337K->157642K(249344K), [Metaspace: 52055K->52055K(1097728K)], 0.1898563 secs] [Times: user=0.19 sys=0.00, real=0.19 secs] 
Heap after GC invocations=530 (full 789):
 par new generation   total 115200K, used 23501K [0x00000000f0000000, 0x00000000f7d00000, 0x00000000f7d00000)
  eden space 102400K,  22% used [0x00000000f0000000, 0x00000000f16f3458, 0x00000000f6400000)
  from space 12800K,   0% used [0x00000000f7080000, 0x00000000f7080000, 0x00000000f7d00000)
  to   space 12800K,   0% used [0x00000000f6400000, 0x00000000f6400000, 0x00000000f7080000)
 concurrent mark-sweep generation total 134144K, used 134141K [0x00000000f7d00000, 0x0000000100000000, 0x0000000100000000)
 Metaspace       used 52055K, capacity 54894K, committed 55936K, reserved 1097728K
  class space    used 6335K, capacity 6835K, committed 7040K, reserved 1048576K
}
2023-01-17T04:35:54.405+0800: 364.313: [GC (CMS Initial Mark) [1 CMS-initial-mark: 134141K(134144K)] 158347K(249344K), 0.0095216 secs] [Times: user=0.02 sys=0.00, real=0.01 secs] 
2023-01-17T04:35:54.416+0800: 364.324: [CMS-concurrent-mark-start]
2023-01-17T04:35:54.471+0800: 364.379: [CMS-concurrent-mark: 0.055/0.055 secs] [Times: user=0.08 sys=0.00, real=0.06 secs] 
2023-01-17T04:35:54.472+0800: 364.380: [CMS-concurrent-preclean-start]
2023-01-17T04:35:54.512+0800: 364.419: [CMS-concurrent-preclean: 0.040/0.040 secs] [Times: user=0.07 sys=0.01, real=0.04 secs] 
2023-01-17T04:35:54.512+0800: 364.420: [CMS-concurrent-abortable-preclean-start]
2023-01-17T04:35:54.512+0800: 364.420: [CMS-concurrent-abortable-preclean: 0.000/0.000 secs] [Times: user=0.00 sys=0.00, real=0.00 secs] 
2023-01-17T04:35:54.522+0800: 364.430: [GC (CMS Final Remark) [YG occupancy: 42399 K (115200 K)]2023-01-17T04:35:54.523+0800: 364.430: [Rescan (parallel) , 0.0152310 secs]2023-01-17T04:35:54.538+0800: 364.446: [weak refs processing, 0.0000457 secs]2023-01-17T04:35:54.538+0800: 364.446: [class unloading, 0.0135556 secs]2023-01-17T04:35:54.551+0800: 364.459: [scrub symbol table, 0.0048304 secs]2023-01-17T04:35:54.556+0800: 364.464: [scrub string table, 0.0009370 secs][1 CMS-remark: 134141K(134144K)] 176541K(249344K), 0.0347609 secs] [Times: user=0.06 sys=0.00, real=0.03 secs] 
2023-01-17T04:35:54.558+0800: 364.466: [CMS-concurrent-sweep-start]
2023-01-17T04:35:54.573+0800: 364.481: [CMS-concurrent-sweep: 0.015/0.015 secs] [Times: user=0.03 sys=0.00, real=0.02 secs] 
2023-01-17T04:35:54.573+0800: 364.481: [CMS-concurrent-reset-start]
2023-01-17T04:35:54.573+0800: 364.481: [CMS-concurrent-reset: 0.000/0.000 secs] [Times: user=0.00 sys=0.00, real=0.00 secs] 
{Heap before GC invocations=530 (full 790):
 par new generation   total 115200K, used 115200K [0x00000000f0000000, 0x00000000f7d00000, 0x00000000f7d00000)
  eden space 102400K, 100% used [0x00000000f0000000, 0x00000000f6400000, 0x00000000f6400000)
  from space 12800K, 100% used [0x00000000f7080000, 0x00000000f7d00000, 0x00000000f7d00000)
  to   space 12800K,   0% used [0x00000000f6400000, 0x00000000f6400000, 0x00000000f7080000)
 concurrent mark-sweep generation total 134144K, used 134141K [0x00000000f7d00000, 0x0000000100000000, 0x0000000100000000)
 Metaspace       used 52055K, capacity 54894K, committed 55936K, reserved 1097728K
  class space    used 6335K, capacity 6835K, committed 7040K, reserved 1048576K
2023-01-17T04:35:54.742+0800: 364.650: [GC (Allocation Failure) 2023-01-17T04:35:54.742+0800: 364.650: [ParNew: 115200K->115200K(115200K), 0.0000255 secs]2023-01-17T04:35:54.742+0800: 364.650: [CMS: 134141K->134139K(134144K), 0.2005810 secs] 249341K->157145K(249344K), [Metaspace: 52055K->52055K(1097728K)], 0.2009528 secs] [Times: user=0.20 sys=0.00, real=0.20 secs] 
Heap after GC invocations=531 (full 791):
 par new generation   total 115200K, used 23005K [0x00000000f0000000, 0x00000000f7d00000, 0x00000000f7d00000)
  eden space 102400K,  22% used [0x00000000f0000000, 0x00000000f16776b0, 0x00000000f6400000)
  from space 12800K,   0% used [0x00000000f7080000, 0x00000000f7080000, 0x00000000f7d00000)
  to   space 12800K,   0% used [0x00000000f6400000, 0x00000000f6400000, 0x00000000f7080000)
 concurrent mark-sweep generation total 134144K, used 134139K [0x00000000f7d00000, 0x0000000100000000, 0x0000000100000000)
 Metaspace       used 52055K, capacity 54894K, committed 55936K, reserved 1097728K
  class space    used 6335K, capacity 6835K, committed 7040K, reserved 1048576K
}
2023-01-17T04:35:54.947+0800: 364.855: [GC (CMS Initial Mark) [1 CMS-initial-mark: 134139K(134144K)] 157597K(249344K), 0.0069155 secs] [Times: user=0.02 sys=0.00, real=0.01 secs] 
2023-01-17T04:35:54.955+0800: 364.862: [CMS-concurrent-mark-start]
2023-01-17T04:35:55.017+0800: 364.925: [CMS-concurrent-mark: 0.063/0.063 secs] [Times: user=0.15 sys=0.02, real=0.06 secs] 
2023-01-17T04:35:55.018+0800: 364.925: [CMS-concurrent-preclean-start]
2023-01-17T04:35:55.047+0800: 364.955: [CMS-concurrent-preclean: 0.029/0.030 secs] [Times: user=0.03 sys=0.00, real=0.03 secs] 
2023-01-17T04:35:55.047+0800: 364.955: [CMS-concurrent-abortable-preclean-start]
2023-01-17T04:35:55.047+0800: 364.955: [CMS-concurrent-abortable-preclean: 0.000/0.000 secs] [Times: user=0.00 sys=0.00, real=0.00 secs] 
2023-01-17T04:35:55.051+0800: 364.958: [GC (CMS Final Remark) [YG occupancy: 53597 K (115200 K)]2023-01-17T04:35:55.051+0800: 364.958: [Rescan (parallel) , 0.0146985 secs]2023-01-17T04:35:55.065+0800: 364.973: [weak refs processing, 0.0000421 secs]2023-01-17T04:35:55.065+0800: 364.973: [class unloading, 0.0127923 secs]2023-01-17T04:35:55.078+0800: 364.986: [scrub symbol table, 0.0050105 secs]2023-01-17T04:35:55.083+0800: 364.991: [scrub string table, 0.0008880 secs][1 CMS-remark: 134139K(134144K)] 187736K(249344K), 0.0335889 secs] [Times: user=0.06 sys=0.00, real=0.03 secs] 
2023-01-17T04:35:55.084+0800: 364.992: [CMS-concurrent-sweep-start]
2023-01-17T04:35:55.098+0800: 365.006: [CMS-concurrent-sweep: 0.013/0.013 secs] [Times: user=0.02 sys=0.00, real=0.01 secs] 
2023-01-17T04:35:55.098+0800: 365.006: [CMS-concurrent-reset-start]
2023-01-17T04:35:55.098+0800: 365.006: [CMS-concurrent-reset: 0.000/0.000 secs] [Times: user=0.00 sys=0.00, real=0.00 secs] 
{Heap before GC invocations=531 (full 792):
 par new generation   total 115200K, used 115199K [0x00000000f0000000, 0x00000000f7d00000, 0x00000000f7d00000)
  eden space 102400K, 100% used [0x00000000f0000000, 0x00000000f6400000, 0x00000000f6400000)
  from space 12800K,  99% used [0x00000000f7080000, 0x00000000f7cfffe8, 0x00000000f7d00000)
  to   space 12800K,   0% used [0x00000000f6400000, 0x00000000f6400000, 0x00000000f7080000)
 concurrent mark-sweep generation total 134144K, used 134139K [0x00000000f7d00000, 0x0000000100000000, 0x0000000100000000)
 Metaspace       used 52055K, capacity 54894K, committed 55936K, reserved 1097728K
  class space    used 6335K, capacity 6835K, committed 7040K, reserved 1048576K
2023-01-17T04:35:55.497+0800: 365.405: [GC (Allocation Failure) 2023-01-17T04:35:55.497+0800: 365.405: [ParNew: 115199K->115199K(115200K), 0.0000254 secs]2023-01-17T04:35:55.497+0800: 365.405: [CMS: 134139K->134139K(134144K), 0.1883567 secs] 249339K->157253K(249344K), [Metaspace: 52055K->52055K(1097728K)], 0.1887362 secs] [Times: user=0.19 sys=0.00, real=0.19 secs] 
Heap after GC invocations=532 (full 793):
 par new generation   total 115200K, used 23114K [0x00000000f0000000, 0x00000000f7d00000, 0x00000000f7d00000)
  eden space 102400K,  22% used [0x00000000f0000000, 0x00000000f1692828, 0x00000000f6400000)
  from space 12800K,   0% used [0x00000000f7080000, 0x00000000f7080000, 0x00000000f7d00000)
  to   space 12800K,   0% used [0x00000000f6400000, 0x00000000f6400000, 0x00000000f7080000)
 concurrent mark-sweep generation total 134144K, used 134139K [0x00000000f7d00000, 0x0000000100000000, 0x0000000100000000)
 Metaspace       used 52055K, capacity 54894K, committed 55936K, reserved 1097728K
  class space    used 6335K, capacity 6835K, committed 7040K, reserved 1048576K
}
2023-01-17T04:35:55.692+0800: 365.600: [GC (CMS Initial Mark) [1 CMS-initial-mark: 134139K(134144K)] 158610K(249344K), 0.0077477 secs] [Times: user=0.02 sys=0.00, real=0.01 secs] 
2023-01-17T04:35:55.700+0800: 365.608: [CMS-concurrent-mark-start]
2023-01-17T04:35:55.815+0800: 365.723: [CMS-concurrent-mark: 0.115/0.115 secs] [Times: user=0.26 sys=0.03, real=0.11 secs] 
2023-01-17T04:35:55.815+0800: 365.723: [CMS-concurrent-preclean-start]
2023-01-17T04:35:55.874+0800: 365.782: [CMS-concurrent-preclean: 0.059/0.059 secs] [Times: user=0.12 sys=0.02, real=0.06 secs] 
2023-01-17T04:35:55.874+0800: 365.782: [CMS-concurrent-abortable-preclean-start]
2023-01-17T04:35:55.874+0800: 365.782: [CMS-concurrent-abortable-preclean: 0.000/0.000 secs] [Times: user=0.00 sys=0.00, real=0.00 secs] 
2023-01-17T04:35:55.883+0800: 365.791: [GC (CMS Final Remark) [YG occupancy: 104706 K (115200 K)]2023-01-17T04:35:55.883+0800: 365.791: [Rescan (parallel) , 0.0413116 secs]2023-01-17T04:35:55.925+0800: 365.832: [weak refs processing, 0.0000502 secs]2023-01-17T04:35:55.925+0800: 365.832: [class unloading, 0.0134583 secs]2023-01-17T04:35:55.938+0800: 365.846: [scrub symbol table, 0.0049701 secs]2023-01-17T04:35:55.943+0800: 365.851: [scrub string table, 0.0009087 secs][1 CMS-remark: 134139K(134144K)] 238846K(249344K), 0.0608826 secs] [Times: user=0.11 sys=0.00, real=0.06 secs] 
2023-01-17T04:35:55.946+0800: 365.854: [CMS-concurrent-sweep-start]
2023-01-17T04:35:55.966+0800: 365.874: [CMS-concurrent-sweep: 0.020/0.020 secs] [Times: user=0.04 sys=0.00, real=0.02 secs] 
2023-01-17T04:35:55.966+0800: 365.874: [CMS-concurrent-reset-start]
2023-01-17T04:35:55.967+0800: 365.874: [CMS-concurrent-reset: 0.000/0.000 secs] [Times: user=0.00 sys=0.00, real=0.00 secs] 
{Heap before GC invocations=532 (full 794):
 par new generation   total 115200K, used 115200K [0x00000000f0000000, 0x00000000f7d00000, 0x00000000f7d00000)
  eden space 102400K, 100% used [0x00000000f0000000, 0x00000000f6400000, 0x00000000f6400000)
  from space 12800K, 100% used [0x00000000f7080000, 0x00000000f7d00000, 0x00000000f7d00000)
  to   space 12800K,   0% used [0x00000000f6400000, 0x00000000f6400000, 0x00000000f7080000)
 concurrent mark-sweep generation total 134144K, used 134139K [0x00000000f7d00000, 0x0000000100000000, 0x0000000100000000)
 Metaspace       used 52055K, capacity 54894K, committed 55936K, reserved 1097728K
  class space    used 6335K, capacity 6835K, committed 7040K, reserved 1048576K
2023-01-17T04:35:56.015+0800: 365.923: [GC (Allocation Failure) 2023-01-17T04:35:56.016+0800: 365.923: [ParNew: 115200K->115200K(115200K), 0.0000260 secs]2023-01-17T04:35:56.016+0800: 365.923: [CMS: 134139K->134138K(134144K), 0.2004370 secs] 249339K->157424K(249344K), [Metaspace: 52055K->52055K(1097728K)], 0.2007805 secs] [Times: user=0.20 sys=0.00, real=0.20 secs] 
Heap after GC invocations=533 (full 795):
 par new generation   total 115200K, used 23286K [0x00000000f0000000, 0x00000000f7d00000, 0x00000000f7d00000)
  eden space 102400K,  22% used [0x00000000f0000000, 0x00000000f16bd830, 0x00000000f6400000)
  from space 12800K,   0% used [0x00000000f7080000, 0x00000000f7080000, 0x00000000f7d00000)
  to   space 12800K,   0% used [0x00000000f6400000, 0x00000000f6400000, 0x00000000f7080000)
 concurrent mark-sweep generation total 134144K, used 134138K [0x00000000f7d00000, 0x0000000100000000, 0x0000000100000000)
 Metaspace       used 52055K, capacity 54894K, committed 55936K, reserved 1097728K
  class space    used 6335K, capacity 6835K, committed 7040K, reserved 1048576K
}
2023-01-17T04:35:56.220+0800: 366.128: [GC (CMS Initial Mark) [1 CMS-initial-mark: 134138K(134144K)] 157540K(249344K), 0.0067730 secs] [Times: user=0.02 sys=0.00, real=0.00 secs] 
2023-01-17T04:35:56.227+0800: 366.135: [CMS-concurrent-mark-start]
2023-01-17T04:35:56.281+0800: 366.189: [CMS-concurrent-mark: 0.054/0.054 secs] [Times: user=0.09 sys=0.02, real=0.06 secs] 
2023-01-17T04:35:56.281+0800: 366.189: [CMS-concurrent-preclean-start]
2023-01-17T04:35:56.322+0800: 366.230: [CMS-concurrent-preclean: 0.041/0.041 secs] [Times: user=0.10 sys=0.01, real=0.04 secs] 
2023-01-17T04:35:56.323+0800: 366.230: [CMS-concurrent-abortable-preclean-start]
2023-01-17T04:35:56.323+0800: 366.230: [CMS-concurrent-abortable-preclean: 0.000/0.000 secs] [Times: user=0.00 sys=0.00, real=0.00 secs] 
2023-01-17T04:35:56.326+0800: 366.234: [GC (CMS Final Remark) [YG occupancy: 53110 K (115200 K)]2023-01-17T04:35:56.326+0800: 366.234: [Rescan (parallel) , 0.0127716 secs]2023-01-17T04:35:56.339+0800: 366.247: [weak refs processing, 0.0000414 secs]2023-01-17T04:35:56.339+0800: 366.247: [class unloading, 0.0131946 secs]2023-01-17T04:35:56.352+0800: 366.260: [scrub symbol table, 0.0051783 secs]2023-01-17T04:35:56.358+0800: 366.265: [scrub string table, 0.0008819 secs][1 CMS-remark: 134138K(134144K)] 187249K(249344K), 0.0322097 secs] [Times: user=0.07 sys=0.00, real=0.03 secs] 
2023-01-17T04:35:56.359+0800: 366.267: [CMS-concurrent-sweep-start]
2023-01-17T04:35:56.378+0800: 366.286: [CMS-concurrent-sweep: 0.020/0.020 secs] [Times: user=0.06 sys=0.01, real=0.02 secs] 
2023-01-17T04:35:56.379+0800: 366.286: [CMS-concurrent-reset-start]
2023-01-17T04:35:56.379+0800: 366.287: [CMS-concurrent-reset: 0.000/0.000 secs] [Times: user=0.00 sys=0.00, real=0.00 secs] 
{Heap before GC invocations=533 (full 796):
 par new generation   total 115200K, used 115199K [0x00000000f0000000, 0x00000000f7d00000, 0x00000000f7d00000)
  eden space 102400K,  99% used [0x00000000f0000000, 0x00000000f63ffff8, 0x00000000f6400000)
  from space 12800K, 100% used [0x00000000f7080000, 0x00000000f7d00000, 0x00000000f7d00000)
  to   space 12800K,   0% used [0x00000000f6400000, 0x00000000f6400000, 0x00000000f7080000)
 concurrent mark-sweep generation total 134144K, used 134138K [0x00000000f7d00000, 0x0000000100000000, 0x0000000100000000)
 Metaspace       used 52055K, capacity 54894K, committed 55936K, reserved 1097728K
  class space    used 6335K, capacity 6835K, committed 7040K, reserved 1048576K
2023-01-17T04:35:56.539+0800: 366.447: [GC (Allocation Failure) 2023-01-17T04:35:56.539+0800: 366.447: [ParNew: 115199K->115199K(115200K), 0.0000267 secs]2023-01-17T04:35:56.539+0800: 366.447: [CMS: 134138K->134138K(134144K), 0.1943591 secs] 249338K->157505K(249344K), [Metaspace: 52055K->52055K(1097728K)], 0.1947452 secs] [Times: user=0.20 sys=0.00, real=0.20 secs] 
Heap after GC invocations=534 (full 797):
 par new generation   total 115200K, used 23367K [0x00000000f0000000, 0x00000000f7d00000, 0x00000000f7d00000)
  eden space 102400K,  22% used [0x00000000f0000000, 0x00000000f16d1ca0, 0x00000000f6400000)
  from space 12800K,   0% used [0x00000000f7080000, 0x00000000f7080000, 0x00000000f7d00000)
  to   space 12800K,   0% used [0x00000000f6400000, 0x00000000f6400000, 0x00000000f7080000)
 concurrent mark-sweep generation total 134144K, used 134138K [0x00000000f7d00000, 0x0000000100000000, 0x0000000100000000)
 Metaspace       used 52055K, capacity 54894K, committed 55936K, reserved 1097728K
  class space    used 6335K, capacity 6835K, committed 7040K, reserved 1048576K
}
2023-01-17T04:35:56.743+0800: 366.651: [GC (CMS Initial Mark) [1 CMS-initial-mark: 134138K(134144K)] 159790K(249344K), 0.0095775 secs] [Times: user=0.02 sys=0.00, real=0.01 secs] 
2023-01-17T04:35:56.753+0800: 366.660: [CMS-concurrent-mark-start]
2023-01-17T04:35:56.845+0800: 366.752: [CMS-concurrent-mark: 0.092/0.092 secs] [Times: user=0.22 sys=0.06, real=0.09 secs] 
2023-01-17T04:35:56.845+0800: 366.753: [CMS-concurrent-preclean-start]
2023-01-17T04:35:56.895+0800: 366.803: [CMS-concurrent-preclean: 0.051/0.051 secs] [Times: user=0.06 sys=0.00, real=0.05 secs] 
2023-01-17T04:35:56.896+0800: 366.804: [CMS-concurrent-abortable-preclean-start]
2023-01-17T04:35:56.896+0800: 366.804: [CMS-concurrent-abortable-preclean: 0.000/0.000 secs] [Times: user=0.00 sys=0.00, real=0.00 secs] 
2023-01-17T04:35:56.934+0800: 366.842: [GC (CMS Final Remark) [YG occupancy: 95260 K (115200 K)]2023-01-17T04:35:56.934+0800: 366.842: [Rescan (parallel) , 0.0318542 secs]2023-01-17T04:35:56.966+0800: 366.874: [weak refs processing, 0.0000462 secs]2023-01-17T04:35:56.966+0800: 366.874: [class unloading, 0.0135725 secs]2023-01-17T04:35:56.980+0800: 366.888: [scrub symbol table, 0.0049526 secs]2023-01-17T04:35:56.985+0800: 366.893: [scrub string table, 0.0008986 secs][1 CMS-remark: 134138K(134144K)] 229399K(249344K), 0.0515050 secs] [Times: user=0.11 sys=0.00, real=0.05 secs] 
2023-01-17T04:35:56.986+0800: 366.894: [CMS-concurrent-sweep-start]
2023-01-17T04:35:57.002+0800: 366.909: [CMS-concurrent-sweep: 0.016/0.016 secs] [Times: user=0.03 sys=0.00, real=0.02 secs] 
2023-01-17T04:35:57.002+0800: 366.910: [CMS-concurrent-reset-start]
2023-01-17T04:35:57.002+0800: 366.910: [CMS-concurrent-reset: 0.000/0.000 secs] [Times: user=0.00 sys=0.00, real=0.00 secs] 
{Heap before GC invocations=534 (full 798):
 par new generation   total 115200K, used 115199K [0x00000000f0000000, 0x00000000f7d00000, 0x00000000f7d00000)
  eden space 102400K, 100% used [0x00000000f0000000, 0x00000000f6400000, 0x00000000f6400000)
  from space 12800K,  99% used [0x00000000f7080000, 0x00000000f7cffff8, 0x00000000f7d00000)
  to   space 12800K,   0% used [0x00000000f6400000, 0x00000000f6400000, 0x00000000f7080000)
 concurrent mark-sweep generation total 134144K, used 134138K [0x00000000f7d00000, 0x0000000100000000, 0x0000000100000000)
 Metaspace       used 52055K, capacity 54894K, committed 55936K, reserved 1097728K
  class space    used 6335K, capacity 6835K, committed 7040K, reserved 1048576K
2023-01-17T04:35:57.113+0800: 367.021: [GC (Allocation Failure) 2023-01-17T04:35:57.114+0800: 367.021: [ParNew: 115199K->115199K(115200K), 0.0000259 secs]2023-01-17T04:35:57.114+0800: 367.021: [CMS: 134138K->134138K(134144K), 0.1993381 secs] 249338K->157395K(249344K), [Metaspace: 52055K->52055K(1097728K)], 0.1997287 secs] [Times: user=0.20 sys=0.00, real=0.20 secs] 
Heap after GC invocations=535 (full 799):
 par new generation   total 115200K, used 23257K [0x00000000f0000000, 0x00000000f7d00000, 0x00000000f7d00000)
  eden space 102400K,  22% used [0x00000000f0000000, 0x00000000f16b6458, 0x00000000f6400000)
  from space 12800K,   0% used [0x00000000f7080000, 0x00000000f7080000, 0x00000000f7d00000)
  to   space 12800K,   0% used [0x00000000f6400000, 0x00000000f6400000, 0x00000000f7080000)
 concurrent mark-sweep generation total 134144K, used 134138K [0x00000000f7d00000, 0x0000000100000000, 0x0000000100000000)
 Metaspace       used 52055K, capacity 54894K, committed 55936K, reserved 1097728K
  class space    used 6335K, capacity 6835K, committed 7040K, reserved 1048576K
}
2023-01-17T04:35:57.318+0800: 367.225: [GC (CMS Initial Mark) [1 CMS-initial-mark: 134138K(134144K)] 157466K(249344K), 0.0068909 secs] [Times: user=0.01 sys=0.00, real=0.01 secs] 
2023-01-17T04:35:57.325+0800: 367.232: [CMS-concurrent-mark-start]
2023-01-17T04:35:57.440+0800: 367.348: [CMS-concurrent-mark: 0.116/0.116 secs] [Times: user=0.29 sys=0.08, real=0.12 secs] 
2023-01-17T04:35:57.441+0800: 367.348: [CMS-concurrent-preclean-start]
2023-01-17T04:35:57.471+0800: 367.378: [CMS-concurrent-preclean: 0.030/0.030 secs] [Times: user=0.03 sys=0.00, real=0.03 secs] 
2023-01-17T04:35:57.471+0800: 367.379: [CMS-concurrent-abortable-preclean-start]
2023-01-17T04:35:57.471+0800: 367.379: [CMS-concurrent-abortable-preclean: 0.000/0.000 secs] [Times: user=0.00 sys=0.00, real=0.00 secs] 
2023-01-17T04:35:57.474+0800: 367.382: [GC (CMS Final Remark) [YG occupancy: 92235 K (115200 K)]2023-01-17T04:35:57.475+0800: 367.382: [Rescan (parallel) , 0.0208981 secs]2023-01-17T04:35:57.496+0800: 367.403: [weak refs processing, 0.0000415 secs]2023-01-17T04:35:57.496+0800: 367.403: [class unloading, 0.0132559 secs]2023-01-17T04:35:57.509+0800: 367.417: [scrub symbol table, 0.0048906 secs]2023-01-17T04:35:57.514+0800: 367.422: [scrub string table, 0.0008736 secs][1 CMS-remark: 134138K(134144K)] 226373K(249344K), 0.0401624 secs] [Times: user=0.10 sys=0.00, real=0.04 secs] 
2023-01-17T04:35:57.515+0800: 367.423: [CMS-concurrent-sweep-start]
2023-01-17T04:35:57.534+0800: 367.441: [CMS-concurrent-sweep: 0.019/0.019 secs] [Times: user=0.05 sys=0.01, real=0.02 secs] 
2023-01-17T04:35:57.534+0800: 367.442: [CMS-concurrent-reset-start]
2023-01-17T04:35:57.534+0800: 367.442: [CMS-concurrent-reset: 0.000/0.000 secs] [Times: user=0.00 sys=0.00, real=0.00 secs] 
{Heap before GC invocations=535 (full 800):
 par new generation   total 115200K, used 115200K [0x00000000f0000000, 0x00000000f7d00000, 0x00000000f7d00000)
  eden space 102400K, 100% used [0x00000000f0000000, 0x00000000f6400000, 0x00000000f6400000)
  from space 12800K, 100% used [0x00000000f7080000, 0x00000000f7d00000, 0x00000000f7d00000)
  to   space 12800K,   0% used [0x00000000f6400000, 0x00000000f6400000, 0x00000000f7080000)
 concurrent mark-sweep generation total 134144K, used 134138K [0x00000000f7d00000, 0x0000000100000000, 0x0000000100000000)
 Metaspace       used 52055K, capacity 54894K, committed 55936K, reserved 1097728K
  class space    used 6335K, capacity 6835K, committed 7040K, reserved 1048576K
2023-01-17T04:35:57.634+0800: 367.542: [GC (Allocation Failure) 2023-01-17T04:35:57.635+0800: 367.542: [ParNew: 115200K->115200K(115200K), 0.0000260 secs]2023-01-17T04:35:57.635+0800: 367.542: [CMS: 134138K->134138K(134144K), 0.1918034 secs] 249338K->157569K(249344K), [Metaspace: 52055K->52055K(1097728K)], 0.1921721 secs] [Times: user=0.20 sys=0.00, real=0.19 secs] 
Heap after GC invocations=536 (full 801):
 par new generation   total 115200K, used 23430K [0x00000000f0000000, 0x00000000f7d00000, 0x00000000f7d00000)
  eden space 102400K,  22% used [0x00000000f0000000, 0x00000000f16e1bd8, 0x00000000f6400000)
  from space 12800K,   0% used [0x00000000f7080000, 0x00000000f7080000, 0x00000000f7d00000)
  to   space 12800K,   0% used [0x00000000f6400000, 0x00000000f6400000, 0x00000000f7080000)
 concurrent mark-sweep generation total 134144K, used 134138K [0x00000000f7d00000, 0x0000000100000000, 0x0000000100000000)
 Metaspace       used 52055K, capacity 54894K, committed 55936K, reserved 1097728K
  class space    used 6335K, capacity 6835K, committed 7040K, reserved 1048576K
}
2023-01-17T04:35:57.831+0800: 367.739: [GC (CMS Initial Mark) [1 CMS-initial-mark: 134138K(134144K)] 157646K(249344K), 0.0072711 secs] [Times: user=0.02 sys=0.00, real=0.00 secs] 
2023-01-17T04:35:57.839+0800: 367.746: [CMS-concurrent-mark-start]
2023-01-17T04:35:57.918+0800: 367.825: [CMS-concurrent-mark: 0.079/0.079 secs] [Times: user=0.25 sys=0.02, real=0.08 secs] 
2023-01-17T04:35:57.918+0800: 367.826: [CMS-concurrent-preclean-start]
2023-01-17T04:35:57.972+0800: 367.879: [CMS-concurrent-preclean: 0.054/0.054 secs] [Times: user=0.13 sys=0.03, real=0.06 secs] 
2023-01-17T04:35:57.972+0800: 367.880: [CMS-concurrent-abortable-preclean-start]
2023-01-17T04:35:57.972+0800: 367.880: [CMS-concurrent-abortable-preclean: 0.000/0.000 secs] [Times: user=0.00 sys=0.00, real=0.00 secs] 
2023-01-17T04:35:57.976+0800: 367.884: [GC (CMS Final Remark) [YG occupancy: 103096 K (115200 K)]2023-01-17T04:35:57.976+0800: 367.884: [Rescan (parallel) , 0.0277815 secs]2023-01-17T04:35:58.004+0800: 367.912: [weak refs processing, 0.0000397 secs]2023-01-17T04:35:58.004+0800: 367.912: [class unloading, 0.0131323 secs]2023-01-17T04:35:58.017+0800: 367.925: [scrub symbol table, 0.0049849 secs]2023-01-17T04:35:58.022+0800: 367.930: [scrub string table, 0.0008938 secs][1 CMS-remark: 134138K(134144K)] 237234K(249344K), 0.0469910 secs] [Times: user=0.11 sys=0.00, real=0.05 secs] 
2023-01-17T04:35:58.023+0800: 367.931: [CMS-concurrent-sweep-start]
2023-01-17T04:35:58.044+0800: 367.952: [CMS-concurrent-sweep: 0.021/0.021 secs] [Times: user=0.08 sys=0.00, real=0.02 secs] 
2023-01-17T04:35:58.044+0800: 367.952: [CMS-concurrent-reset-start]
2023-01-17T04:35:58.045+0800: 367.952: [CMS-concurrent-reset: 0.000/0.000 secs] [Times: user=0.00 sys=0.00, real=0.00 secs] 
{Heap before GC invocations=536 (full 802):
 par new generation   total 115200K, used 115199K [0x00000000f0000000, 0x00000000f7d00000, 0x00000000f7d00000)
  eden space 102400K, 100% used [0x00000000f0000000, 0x00000000f6400000, 0x00000000f6400000)
  from space 12800K,  99% used [0x00000000f7080000, 0x00000000f7cfffe8, 0x00000000f7d00000)
  to   space 12800K,   0% used [0x00000000f6400000, 0x00000000f6400000, 0x00000000f7080000)
 concurrent mark-sweep generation total 134144K, used 134138K [0x00000000f7d00000, 0x0000000100000000, 0x0000000100000000)
 Metaspace       used 52055K, capacity 54894K, committed 55936K, reserved 1097728K
  class space    used 6335K, capacity 6835K, committed 7040K, reserved 1048576K
2023-01-17T04:35:58.097+0800: 368.005: [GC (Allocation Failure) 2023-01-17T04:35:58.097+0800: 368.005: [ParNew: 115199K->115199K(115200K), 0.0000305 secs]2023-01-17T04:35:58.098+0800: 368.005: [CMS: 134138K->134138K(134144K), 0.1886032 secs] 249338K->157409K(249344K), [Metaspace: 52055K->52055K(1097728K)], 0.1889521 secs] [Times: user=0.19 sys=0.00, real=0.19 secs] 
Heap after GC invocations=537 (full 803):
 par new generation   total 115200K, used 23270K [0x00000000f0000000, 0x00000000f7d00000, 0x00000000f7d00000)
  eden space 102400K,  22% used [0x00000000f0000000, 0x00000000f16b9a10, 0x00000000f6400000)
  from space 12800K,   0% used [0x00000000f7080000, 0x00000000f7080000, 0x00000000f7d00000)
  to   space 12800K,   0% used [0x00000000f6400000, 0x00000000f6400000, 0x00000000f7080000)
 concurrent mark-sweep generation total 134144K, used 134138K [0x00000000f7d00000, 0x0000000100000000, 0x0000000100000000)
 Metaspace       used 52055K, capacity 54894K, committed 55936K, reserved 1097728K
  class space    used 6335K, capacity 6835K, committed 7040K, reserved 1048576K
}
2023-01-17T04:35:58.290+0800: 368.198: [GC (CMS Initial Mark) [1 CMS-initial-mark: 134138K(134144K)] 157413K(249344K), 0.0073505 secs] [Times: user=0.02 sys=0.00, real=0.00 secs] 
2023-01-17T04:35:58.298+0800: 368.205: [CMS-concurrent-mark-start]
2023-01-17T04:35:58.354+0800: 368.261: [CMS-concurrent-mark: 0.056/0.056 secs] [Times: user=0.09 sys=0.01, real=0.06 secs] 
2023-01-17T04:35:58.354+0800: 368.262: [CMS-concurrent-preclean-start]
2023-01-17T04:35:58.388+0800: 368.296: [CMS-concurrent-preclean: 0.034/0.034 secs] [Times: user=0.05 sys=0.00, real=0.03 secs] 
2023-01-17T04:35:58.388+0800: 368.296: [CMS-concurrent-abortable-preclean-start]
2023-01-17T04:35:58.388+0800: 368.296: [CMS-concurrent-abortable-preclean: 0.000/0.000 secs] [Times: user=0.00 sys=0.01, real=0.00 secs] 
2023-01-17T04:35:58.392+0800: 368.300: [GC (CMS Final Remark) [YG occupancy: 42398 K (115200 K)]2023-01-17T04:35:58.392+0800: 368.300: [Rescan (parallel) , 0.0157968 secs]2023-01-17T04:35:58.408+0800: 368.316: [weak refs processing, 0.0000538 secs]2023-01-17T04:35:58.408+0800: 368.316: [class unloading, 0.0179726 secs]2023-01-17T04:35:58.426+0800: 368.334: [scrub symbol table, 0.0073344 secs]2023-01-17T04:35:58.433+0800: 368.341: [scrub string table, 0.0012685 secs][1 CMS-remark: 134138K(134144K)] 176537K(249344K), 0.0425665 secs] [Times: user=0.06 sys=0.00, real=0.04 secs] 
2023-01-17T04:35:58.435+0800: 368.343: [CMS-concurrent-sweep-start]
2023-01-17T04:35:58.453+0800: 368.361: [CMS-concurrent-sweep: 0.018/0.018 secs] [Times: user=0.05 sys=0.00, real=0.02 secs] 
2023-01-17T04:35:58.453+0800: 368.361: [CMS-concurrent-reset-start]
2023-01-17T04:35:58.453+0800: 368.361: [CMS-concurrent-reset: 0.000/0.000 secs] [Times: user=0.00 sys=0.00, real=0.00 secs] 
{Heap before GC invocations=537 (full 804):
 par new generation   total 115200K, used 115200K [0x00000000f0000000, 0x00000000f7d00000, 0x00000000f7d00000)
  eden space 102400K, 100% used [0x00000000f0000000, 0x00000000f6400000, 0x00000000f6400000)
  from space 12800K, 100% used [0x00000000f7080000, 0x00000000f7d00000, 0x00000000f7d00000)
  to   space 12800K,   0% used [0x00000000f6400000, 0x00000000f6400000, 0x00000000f7080000)
 concurrent mark-sweep generation total 134144K, used 134138K [0x00000000f7d00000, 0x0000000100000000, 0x0000000100000000)
 Metaspace       used 52055K, capacity 54894K, committed 55936K, reserved 1097728K
  class space    used 6335K, capacity 6835K, committed 7040K, reserved 1048576K
2023-01-17T04:35:58.625+0800: 368.533: [GC (Allocation Failure) 2023-01-17T04:35:58.625+0800: 368.533: [ParNew: 115200K->115200K(115200K), 0.0000263 secs]2023-01-17T04:35:58.625+0800: 368.533: [CMS: 134138K->134138K(134144K), 0.2030604 secs] 249338K->157507K(249344K), [Metaspace: 52055K->52055K(1097728K)], 0.2034258 secs] [Times: user=0.21 sys=0.00, real=0.20 secs] 
Heap after GC invocations=538 (full 805):
 par new generation   total 115200K, used 23369K [0x00000000f0000000, 0x00000000f7d00000, 0x00000000f7d00000)
  eden space 102400K,  22% used [0x00000000f0000000, 0x00000000f16d24f0, 0x00000000f6400000)
  from space 12800K,   0% used [0x00000000f7080000, 0x00000000f7080000, 0x00000000f7d00000)
  to   space 12800K,   0% used [0x00000000f6400000, 0x00000000f6400000, 0x00000000f7080000)
 concurrent mark-sweep generation total 134144K, used 134138K [0x00000000f7d00000, 0x0000000100000000, 0x0000000100000000)
 Metaspace       used 52055K, capacity 54894K, committed 55936K, reserved 1097728K
  class space    used 6335K, capacity 6835K, committed 7040K, reserved 1048576K
}
2023-01-17T04:35:58.832+0800: 368.740: [GC (CMS Initial Mark) [1 CMS-initial-mark: 134138K(134144K)] 157587K(249344K), 0.0065440 secs] [Times: user=0.02 sys=0.00, real=0.00 secs] 
2023-01-17T04:35:58.839+0800: 368.747: [CMS-concurrent-mark-start]
2023-01-17T04:35:58.902+0800: 368.809: [CMS-concurrent-mark: 0.063/0.063 secs] [Times: user=0.17 sys=0.02, real=0.07 secs] 
2023-01-17T04:35:58.902+0800: 368.810: [CMS-concurrent-preclean-start]
2023-01-17T04:35:58.931+0800: 368.839: [CMS-concurrent-preclean: 0.029/0.029 secs] [Times: user=0.03 sys=0.00, real=0.03 secs] 
2023-01-17T04:35:58.931+0800: 368.839: [CMS-concurrent-abortable-preclean-start]
2023-01-17T04:35:58.931+0800: 368.839: [CMS-concurrent-abortable-preclean: 0.000/0.000 secs] [Times: user=0.00 sys=0.00, real=0.00 secs] 
2023-01-17T04:35:58.935+0800: 368.842: [GC (CMS Final Remark) [YG occupancy: 56274 K (115200 K)]2023-01-17T04:35:58.935+0800: 368.842: [Rescan (parallel) , 0.0124608 secs]2023-01-17T04:35:58.947+0800: 368.855: [weak refs processing, 0.0000403 secs]2023-01-17T04:35:58.947+0800: 368.855: [class unloading, 0.0128516 secs]2023-01-17T04:35:58.960+0800: 368.868: [scrub symbol table, 0.0048533 secs]2023-01-17T04:35:58.965+0800: 368.873: [scrub string table, 0.0009598 secs][1 CMS-remark: 134138K(134144K)] 190412K(249344K), 0.0313238 secs] [Times: user=0.07 sys=0.00, real=0.03 secs] 
2023-01-17T04:35:58.966+0800: 368.874: [CMS-concurrent-sweep-start]
2023-01-17T04:35:58.980+0800: 368.887: [CMS-concurrent-sweep: 0.013/0.013 secs] [Times: user=0.01 sys=0.00, real=0.02 secs] 
2023-01-17T04:35:58.980+0800: 368.888: [CMS-concurrent-reset-start]
2023-01-17T04:35:58.980+0800: 368.888: [CMS-concurrent-reset: 0.000/0.000 secs] [Times: user=0.00 sys=0.00, real=0.00 secs] 
{Heap before GC invocations=538 (full 806):
 par new generation   total 115200K, used 115200K [0x00000000f0000000, 0x00000000f7d00000, 0x00000000f7d00000)
  eden space 102400K, 100% used [0x00000000f0000000, 0x00000000f6400000, 0x00000000f6400000)
  from space 12800K, 100% used [0x00000000f7080000, 0x00000000f7d00000, 0x00000000f7d00000)
  to   space 12800K,   0% used [0x00000000f6400000, 0x00000000f6400000, 0x00000000f7080000)
 concurrent mark-sweep generation total 134144K, used 134138K [0x00000000f7d00000, 0x0000000100000000, 0x0000000100000000)
 Metaspace       used 52055K, capacity 54894K, committed 55936K, reserved 1097728K
  class space    used 6335K, capacity 6835K, committed 7040K, reserved 1048576K
2023-01-17T04:35:59.135+0800: 369.043: [GC (Allocation Failure) 2023-01-17T04:35:59.135+0800: 369.043: [ParNew: 115200K->115200K(115200K), 0.0000263 secs]2023-01-17T04:35:59.135+0800: 369.043: [CMS: 134138K->134138K(134144K), 0.1877550 secs] 249338K->157410K(249344K), [Metaspace: 52055K->52055K(1097728K)], 0.1881324 secs] [Times: user=0.18 sys=0.00, real=0.19 secs] 
Heap after GC invocations=539 (full 807):
 par new generation   total 115200K, used 23271K [0x00000000f0000000, 0x00000000f7d00000, 0x00000000f7d00000)
  eden space 102400K,  22% used [0x00000000f0000000, 0x00000000f16b9fd0, 0x00000000f6400000)
  from space 12800K,   0% used [0x00000000f7080000, 0x00000000f7080000, 0x00000000f7d00000)
  to   space 12800K,   0% used [0x00000000f6400000, 0x00000000f6400000, 0x00000000f7080000)
 concurrent mark-sweep generation total 134144K, used 134138K [0x00000000f7d00000, 0x0000000100000000, 0x0000000100000000)
 Metaspace       used 52055K, capacity 54894K, committed 55936K, reserved 1097728K
  class space    used 6335K, capacity 6835K, committed 7040K, reserved 1048576K
}
2023-01-17T04:35:59.327+0800: 369.235: [GC (CMS Initial Mark) [1 CMS-initial-mark: 134138K(134144K)] 157651K(249344K), 0.0070599 secs] [Times: user=0.02 sys=0.00, real=0.01 secs] 
2023-01-17T04:35:59.335+0800: 369.243: [CMS-concurrent-mark-start]
2023-01-17T04:35:59.407+0800: 369.315: [CMS-concurrent-mark: 0.073/0.073 secs] [Times: user=0.20 sys=0.03, real=0.07 secs] 
2023-01-17T04:35:59.408+0800: 369.315: [CMS-concurrent-preclean-start]
2023-01-17T04:35:59.440+0800: 369.348: [CMS-concurrent-preclean: 0.032/0.032 secs] [Times: user=0.04 sys=0.01, real=0.04 secs] 
2023-01-17T04:35:59.440+0800: 369.348: [CMS-concurrent-abortable-preclean-start]
2023-01-17T04:35:59.440+0800: 369.348: [CMS-concurrent-abortable-preclean: 0.000/0.000 secs] [Times: user=0.00 sys=0.00, real=0.00 secs] 
2023-01-17T04:35:59.445+0800: 369.353: [GC (CMS Final Remark) [YG occupancy: 71490 K (115200 K)]2023-01-17T04:35:59.445+0800: 369.353: [Rescan (parallel) , 0.0212837 secs]2023-01-17T04:35:59.466+0800: 369.374: [weak refs processing, 0.0000596 secs]2023-01-17T04:35:59.466+0800: 369.374: [class unloading, 0.0187678 secs]2023-01-17T04:35:59.485+0800: 369.393: [scrub symbol table, 0.0071923 secs]2023-01-17T04:35:59.492+0800: 369.400: [scrub string table, 0.0013250 secs][1 CMS-remark: 134138K(134144K)] 205629K(249344K), 0.0488535 secs] [Times: user=0.09 sys=0.00, real=0.05 secs] 
2023-01-17T04:35:59.494+0800: 369.402: [CMS-concurrent-sweep-start]
2023-01-17T04:35:59.508+0800: 369.415: [CMS-concurrent-sweep: 0.013/0.013 secs] [Times: user=0.01 sys=0.00, real=0.01 secs] 
2023-01-17T04:35:59.508+0800: 369.415: [CMS-concurrent-reset-start]
2023-01-17T04:35:59.508+0800: 369.416: [CMS-concurrent-reset: 0.000/0.000 secs] [Times: user=0.00 sys=0.00, real=0.00 secs] 
{Heap before GC invocations=539 (full 808):
 par new generation   total 115200K, used 115200K [0x00000000f0000000, 0x00000000f7d00000, 0x00000000f7d00000)
  eden space 102400K, 100% used [0x00000000f0000000, 0x00000000f6400000, 0x00000000f6400000)
  from space 12800K, 100% used [0x00000000f7080000, 0x00000000f7d00000, 0x00000000f7d00000)
  to   space 12800K,   0% used [0x00000000f6400000, 0x00000000f6400000, 0x00000000f7080000)
 concurrent mark-sweep generation total 134144K, used 134138K [0x00000000f7d00000, 0x0000000100000000, 0x0000000100000000)
 Metaspace       used 52055K, capacity 54894K, committed 55936K, reserved 1097728K
  class space    used 6335K, capacity 6835K, committed 7040K, reserved 1048576K
2023-01-17T04:35:59.659+0800: 369.566: [GC (Allocation Failure) 2023-01-17T04:35:59.659+0800: 369.567: [ParNew: 115200K->115200K(115200K), 0.0000390 secs]2023-01-17T04:35:59.659+0800: 369.567: [CMS: 134138K->134138K(134144K), 0.2050408 secs] 249338K->157545K(249344K), [Metaspace: 52055K->52055K(1097728K)], 0.2055330 secs] [Times: user=0.20 sys=0.00, real=0.21 secs] 
Heap after GC invocations=540 (full 809):
 par new generation   total 115200K, used 23407K [0x00000000f0000000, 0x00000000f7d00000, 0x00000000f7d00000)
  eden space 102400K,  22% used [0x00000000f0000000, 0x00000000f16dbd40, 0x00000000f6400000)
  from space 12800K,   0% used [0x00000000f7080000, 0x00000000f7080000, 0x00000000f7d00000)
  to   space 12800K,   0% used [0x00000000f6400000, 0x00000000f6400000, 0x00000000f7080000)
 concurrent mark-sweep generation total 134144K, used 134138K [0x00000000f7d00000, 0x0000000100000000, 0x0000000100000000)
 Metaspace       used 52055K, capacity 54894K, committed 55936K, reserved 1097728K
  class space    used 6335K, capacity 6835K, committed 7040K, reserved 1048576K
}
2023-01-17T04:35:59.869+0800: 369.776: [GC (CMS Initial Mark) [1 CMS-initial-mark: 134138K(134144K)] 157844K(249344K), 0.0068455 secs] [Times: user=0.02 sys=0.00, real=0.01 secs] 
2023-01-17T04:35:59.876+0800: 369.784: [CMS-concurrent-mark-start]
2023-01-17T04:35:59.944+0800: 369.852: [CMS-concurrent-mark: 0.068/0.068 secs] [Times: user=0.22 sys=0.02, real=0.07 secs] 
2023-01-17T04:35:59.944+0800: 369.852: [CMS-concurrent-preclean-start]
2023-01-17T04:35:59.988+0800: 369.895: [CMS-concurrent-preclean: 0.044/0.044 secs] [Times: user=0.13 sys=0.02, real=0.04 secs] 
2023-01-17T04:35:59.988+0800: 369.896: [CMS-concurrent-abortable-preclean-start]
2023-01-17T04:35:59.988+0800: 369.896: [CMS-concurrent-abortable-preclean: 0.000/0.000 secs] [Times: user=0.00 sys=0.00, real=0.00 secs] 
2023-01-17T04:35:59.992+0800: 369.900: [GC (CMS Final Remark) [YG occupancy: 85097 K (115200 K)]2023-01-17T04:35:59.992+0800: 369.900: [Rescan (parallel) , 0.0191914 secs]2023-01-17T04:36:00.011+0800: 369.919: [weak refs processing, 0.0000459 secs]2023-01-17T04:36:00.011+0800: 369.919: [class unloading, 0.0133386 secs]2023-01-17T04:36:00.024+0800: 369.932: [scrub symbol table, 0.0048353 secs]2023-01-17T04:36:00.029+0800: 369.937: [scrub string table, 0.0008743 secs][1 CMS-remark: 134138K(134144K)] 219236K(249344K), 0.0384453 secs] [Times: user=0.09 sys=0.00, real=0.04 secs] 
2023-01-17T04:36:00.030+0800: 369.938: [CMS-concurrent-sweep-start]
2023-01-17T04:36:00.046+0800: 369.954: [CMS-concurrent-sweep: 0.016/0.016 secs] [Times: user=0.06 sys=0.00, real=0.01 secs] 
2023-01-17T04:36:00.046+0800: 369.954: [CMS-concurrent-reset-start]
2023-01-17T04:36:00.047+0800: 369.954: [CMS-concurrent-reset: 0.000/0.000 secs] [Times: user=0.00 sys=0.00, real=0.00 secs] 
{Heap before GC invocations=540 (full 810):
 par new generation   total 115200K, used 115199K [0x00000000f0000000, 0x00000000f7d00000, 0x00000000f7d00000)
  eden space 102400K, 100% used [0x00000000f0000000, 0x00000000f6400000, 0x00000000f6400000)
  from space 12800K,  99% used [0x00000000f7080000, 0x00000000f7cffff8, 0x00000000f7d00000)
  to   space 12800K,   0% used [0x00000000f6400000, 0x00000000f6400000, 0x00000000f7080000)
 concurrent mark-sweep generation total 134144K, used 134138K [0x00000000f7d00000, 0x0000000100000000, 0x0000000100000000)
 Metaspace       used 52055K, capacity 54894K, committed 55936K, reserved 1097728K
  class space    used 6335K, capacity 6835K, committed 7040K, reserved 1048576K
2023-01-17T04:36:00.133+0800: 370.040: [GC (Allocation Failure) 2023-01-17T04:36:00.133+0800: 370.041: [ParNew: 115199K->115199K(115200K), 0.0000246 secs]2023-01-17T04:36:00.133+0800: 370.041: [CMS: 134138K->134138K(134144K), 0.2061949 secs] 249338K->157408K(249344K), [Metaspace: 52055K->52055K(1097728K)], 0.2066180 secs] [Times: user=0.21 sys=0.00, real=0.20 secs] 
Heap after GC invocations=541 (full 811):
 par new generation   total 115200K, used 23270K [0x00000000f0000000, 0x00000000f7d00000, 0x00000000f7d00000)
  eden space 102400K,  22% used [0x00000000f0000000, 0x00000000f16b9988, 0x00000000f6400000)
  from space 12800K,   0% used [0x00000000f7080000, 0x00000000f7080000, 0x00000000f7d00000)
  to   space 12800K,   0% used [0x00000000f6400000, 0x00000000f6400000, 0x00000000f7080000)
 concurrent mark-sweep generation total 134144K, used 134138K [0x00000000f7d00000, 0x0000000100000000, 0x0000000100000000)
 Metaspace       used 52055K, capacity 54894K, committed 55936K, reserved 1097728K
  class space    used 6335K, capacity 6835K, committed 7040K, reserved 1048576K
}
2023-01-17T04:36:00.345+0800: 370.253: [GC (CMS Initial Mark) [1 CMS-initial-mark: 134138K(134144K)] 158529K(249344K), 0.0075027 secs] [Times: user=0.02 sys=0.00, real=0.01 secs] 
2023-01-17T04:36:00.353+0800: 370.261: [CMS-concurrent-mark-start]
2023-01-17T04:36:00.418+0800: 370.326: [CMS-concurrent-mark: 0.065/0.065 secs] [Times: user=0.12 sys=0.01, real=0.06 secs] 
2023-01-17T04:36:00.418+0800: 370.326: [CMS-concurrent-preclean-start]
2023-01-17T04:36:00.458+0800: 370.366: [CMS-concurrent-preclean: 0.040/0.040 secs] [Times: user=0.08 sys=0.01, real=0.04 secs] 
2023-01-17T04:36:00.459+0800: 370.367: [CMS-concurrent-abortable-preclean-start]
2023-01-17T04:36:00.459+0800: 370.367: [CMS-concurrent-abortable-preclean: 0.000/0.000 secs] [Times: user=0.00 sys=0.00, real=0.00 secs] 
2023-01-17T04:36:00.462+0800: 370.370: [GC (CMS Final Remark) [YG occupancy: 55015 K (115200 K)]2023-01-17T04:36:00.463+0800: 370.370: [Rescan (parallel) , 0.0216735 secs]2023-01-17T04:36:00.484+0800: 370.392: [weak refs processing, 0.0000551 secs]2023-01-17T04:36:00.484+0800: 370.392: [class unloading, 0.0188359 secs]2023-01-17T04:36:00.503+0800: 370.411: [scrub symbol table, 0.0084842 secs]2023-01-17T04:36:00.512+0800: 370.419: [scrub string table, 0.0013582 secs][1 CMS-remark: 134138K(134144K)] 189153K(249344K), 0.0505747 secs] [Times: user=0.08 sys=0.00, real=0.05 secs] 
2023-01-17T04:36:00.514+0800: 370.421: [CMS-concurrent-sweep-start]
2023-01-17T04:36:00.532+0800: 370.440: [CMS-concurrent-sweep: 0.019/0.019 secs] [Times: user=0.04 sys=0.01, real=0.02 secs] 
2023-01-17T04:36:00.533+0800: 370.440: [CMS-concurrent-reset-start]
2023-01-17T04:36:00.533+0800: 370.441: [CMS-concurrent-reset: 0.000/0.000 secs] [Times: user=0.00 sys=0.00, real=0.00 secs] 
{Heap before GC invocations=541 (full 812):
 par new generation   total 115200K, used 115199K [0x00000000f0000000, 0x00000000f7d00000, 0x00000000f7d00000)
  eden space 102400K, 100% used [0x00000000f0000000, 0x00000000f6400000, 0x00000000f6400000)
  from space 12800K,  99% used [0x00000000f7080000, 0x00000000f7cffff0, 0x00000000f7d00000)
  to   space 12800K,   0% used [0x00000000f6400000, 0x00000000f6400000, 0x00000000f7080000)
 concurrent mark-sweep generation total 134144K, used 134138K [0x00000000f7d00000, 0x0000000100000000, 0x0000000100000000)
 Metaspace       used 52055K, capacity 54894K, committed 55936K, reserved 1097728K
  class space    used 6335K, capacity 6835K, committed 7040K, reserved 1048576K
2023-01-17T04:36:00.654+0800: 370.562: [GC (Allocation Failure) 2023-01-17T04:36:00.654+0800: 370.562: [ParNew: 115199K->115199K(115200K), 0.0000251 secs]2023-01-17T04:36:00.654+0800: 370.562: [CMS: 134138K->134138K(134144K), 0.1886356 secs] 249338K->157466K(249344K), [Metaspace: 52055K->52055K(1097728K)], 0.1890023 secs] [Times: user=0.19 sys=0.00, real=0.19 secs] 
Heap after GC invocations=542 (full 813):
 par new generation   total 115200K, used 23328K [0x00000000f0000000, 0x00000000f7d00000, 0x00000000f7d00000)
  eden space 102400K,  22% used [0x00000000f0000000, 0x00000000f16c81b0, 0x00000000f6400000)
  from space 12800K,   0% used [0x00000000f7080000, 0x00000000f7080000, 0x00000000f7d00000)
  to   space 12800K,   0% used [0x00000000f6400000, 0x00000000f6400000, 0x00000000f7080000)
 concurrent mark-sweep generation total 134144K, used 134138K [0x00000000f7d00000, 0x0000000100000000, 0x0000000100000000)
 Metaspace       used 52055K, capacity 54894K, committed 55936K, reserved 1097728K
  class space    used 6335K, capacity 6835K, committed 7040K, reserved 1048576K
}
2023-01-17T04:36:00.847+0800: 370.755: [GC (CMS Initial Mark) [1 CMS-initial-mark: 134138K(134144K)] 157991K(249344K), 0.0067771 secs] [Times: user=0.02 sys=0.00, real=0.01 secs] 
2023-01-17T04:36:00.854+0800: 370.762: [CMS-concurrent-mark-start]
2023-01-17T04:36:00.938+0800: 370.846: [CMS-concurrent-mark: 0.084/0.084 secs] [Times: user=0.20 sys=0.04, real=0.08 secs] 
2023-01-17T04:36:00.939+0800: 370.847: [CMS-concurrent-preclean-start]
2023-01-17T04:36:00.976+0800: 370.883: [CMS-concurrent-preclean: 0.037/0.037 secs] [Times: user=0.07 sys=0.01, real=0.04 secs] 
2023-01-17T04:36:00.976+0800: 370.884: [CMS-concurrent-abortable-preclean-start]
2023-01-17T04:36:00.976+0800: 370.884: [CMS-concurrent-abortable-preclean: 0.000/0.000 secs] [Times: user=0.00 sys=0.00, real=0.00 secs] 
2023-01-17T04:36:00.981+0800: 370.889: [GC (CMS Final Remark) [YG occupancy: 70039 K (115200 K)]2023-01-17T04:36:00.981+0800: 370.889: [Rescan (parallel) , 0.0208110 secs]2023-01-17T04:36:01.002+0800: 370.909: [weak refs processing, 0.0000570 secs]2023-01-17T04:36:01.002+0800: 370.910: [class unloading, 0.0182829 secs]2023-01-17T04:36:01.020+0800: 370.928: [scrub symbol table, 0.0080051 secs]2023-01-17T04:36:01.028+0800: 370.936: [scrub string table, 0.0012726 secs][1 CMS-remark: 134138K(134144K)] 204177K(249344K), 0.0486408 secs] [Times: user=0.09 sys=0.00, real=0.04 secs] 
2023-01-17T04:36:01.030+0800: 370.938: [CMS-concurrent-sweep-start]
2023-01-17T04:36:01.058+0800: 370.966: [CMS-concurrent-sweep: 0.028/0.028 secs] [Times: user=0.08 sys=0.01, real=0.02 secs] 
2023-01-17T04:36:01.058+0800: 370.966: [CMS-concurrent-reset-start]
2023-01-17T04:36:01.058+0800: 370.966: [CMS-concurrent-reset: 0.000/0.000 secs] [Times: user=0.00 sys=0.00, real=0.00 secs] 
{Heap before GC invocations=542 (full 814):
 par new generation   total 115200K, used 115200K [0x00000000f0000000, 0x00000000f7d00000, 0x00000000f7d00000)
  eden space 102400K, 100% used [0x00000000f0000000, 0x00000000f6400000, 0x00000000f6400000)
  from space 12800K, 100% used [0x00000000f7080000, 0x00000000f7d00000, 0x00000000f7d00000)
  to   space 12800K,   0% used [0x00000000f6400000, 0x00000000f6400000, 0x00000000f7080000)
 concurrent mark-sweep generation total 134144K, used 134138K [0x00000000f7d00000, 0x0000000100000000, 0x0000000100000000)
 Metaspace       used 52055K, capacity 54894K, committed 55936K, reserved 1097728K
  class space    used 6335K, capacity 6835K, committed 7040K, reserved 1048576K
2023-01-17T04:36:01.167+0800: 371.075: [GC (Allocation Failure) 2023-01-17T04:36:01.167+0800: 371.075: [ParNew: 115200K->115200K(115200K), 0.0000320 secs]2023-01-17T04:36:01.167+0800: 371.075: [CMS: 134138K->134138K(134144K), 0.2241525 secs] 249338K->157437K(249344K), [Metaspace: 52055K->52055K(1097728K)], 0.2246034 secs] [Times: user=0.23 sys=0.00, real=0.23 secs] 
Heap after GC invocations=543 (full 815):
 par new generation   total 115200K, used 23299K [0x00000000f0000000, 0x00000000f7d00000, 0x00000000f7d00000)
  eden space 102400K,  22% used [0x00000000f0000000, 0x00000000f16c0d00, 0x00000000f6400000)
  from space 12800K,   0% used [0x00000000f7080000, 0x00000000f7080000, 0x00000000f7d00000)
  to   space 12800K,   0% used [0x00000000f6400000, 0x00000000f6400000, 0x00000000f7080000)
 concurrent mark-sweep generation total 134144K, used 134138K [0x00000000f7d00000, 0x0000000100000000, 0x0000000100000000)
 Metaspace       used 52055K, capacity 54894K, committed 55936K, reserved 1097728K
  class space    used 6335K, capacity 6835K, committed 7040K, reserved 1048576K
}
2023-01-17T04:36:01.396+0800: 371.304: [GC (CMS Initial Mark) [1 CMS-initial-mark: 134138K(134144K)] 157651K(249344K), 0.0105908 secs] [Times: user=0.02 sys=0.00, real=0.01 secs] 
2023-01-17T04:36:01.407+0800: 371.315: [CMS-concurrent-mark-start]
2023-01-17T04:36:01.475+0800: 371.383: [CMS-concurrent-mark: 0.068/0.068 secs] [Times: user=0.19 sys=0.02, real=0.07 secs] 
2023-01-17T04:36:01.475+0800: 371.383: [CMS-concurrent-preclean-start]
2023-01-17T04:36:01.518+0800: 371.426: [CMS-concurrent-preclean: 0.042/0.042 secs] [Times: user=0.12 sys=0.02, real=0.04 secs] 
2023-01-17T04:36:01.518+0800: 371.426: [CMS-concurrent-abortable-preclean-start]
2023-01-17T04:36:01.518+0800: 371.426: [CMS-concurrent-abortable-preclean: 0.000/0.000 secs] [Times: user=0.00 sys=0.00, real=0.00 secs] 
2023-01-17T04:36:01.521+0800: 371.429: [GC (CMS Final Remark) [YG occupancy: 85349 K (115200 K)]2023-01-17T04:36:01.522+0800: 371.429: [Rescan (parallel) , 0.0222516 secs]2023-01-17T04:36:01.544+0800: 371.452: [weak refs processing, 0.0000566 secs]2023-01-17T04:36:01.544+0800: 371.452: [class unloading, 0.0131772 secs]2023-01-17T04:36:01.557+0800: 371.465: [scrub symbol table, 0.0049673 secs]2023-01-17T04:36:01.562+0800: 371.470: [scrub string table, 0.0009056 secs][1 CMS-remark: 134138K(134144K)] 219488K(249344K), 0.0415506 secs] [Times: user=0.09 sys=0.00, real=0.04 secs] 
2023-01-17T04:36:01.563+0800: 371.471: [CMS-concurrent-sweep-start]
2023-01-17T04:36:01.582+0800: 371.490: [CMS-concurrent-sweep: 0.018/0.018 secs] [Times: user=0.06 sys=0.01, real=0.02 secs] 
2023-01-17T04:36:01.582+0800: 371.490: [CMS-concurrent-reset-start]
2023-01-17T04:36:01.582+0800: 371.490: [CMS-concurrent-reset: 0.000/0.000 secs] [Times: user=0.00 sys=0.00, real=0.00 secs] 
{Heap before GC invocations=543 (full 816):
 par new generation   total 115200K, used 115199K [0x00000000f0000000, 0x00000000f7d00000, 0x00000000f7d00000)
  eden space 102400K, 100% used [0x00000000f0000000, 0x00000000f6400000, 0x00000000f6400000)
  from space 12800K,  99% used [0x00000000f7080000, 0x00000000f7cffff8, 0x00000000f7d00000)
  to   space 12800K,   0% used [0x00000000f6400000, 0x00000000f6400000, 0x00000000f7080000)
 concurrent mark-sweep generation total 134144K, used 134138K [0x00000000f7d00000, 0x0000000100000000, 0x0000000100000000)
 Metaspace       used 52055K, capacity 54894K, committed 55936K, reserved 1097728K
  class space    used 6335K, capacity 6835K, committed 7040K, reserved 1048576K
2023-01-17T04:36:01.664+0800: 371.571: [GC (Allocation Failure) 2023-01-17T04:36:01.664+0800: 371.572: [ParNew: 115199K->115199K(115200K), 0.0000238 secs]2023-01-17T04:36:01.664+0800: 371.572: [CMS: 134138K->134138K(134144K), 0.1895149 secs] 249338K->157391K(249344K), [Metaspace: 52055K->52055K(1097728K)], 0.1898828 secs] [Times: user=0.19 sys=0.00, real=0.19 secs] 
Heap after GC invocations=544 (full 817):
 par new generation   total 115200K, used 23252K [0x00000000f0000000, 0x00000000f7d00000, 0x00000000f7d00000)
  eden space 102400K,  22% used [0x00000000f0000000, 0x00000000f16b5310, 0x00000000f6400000)
  from space 12800K,   0% used [0x00000000f7080000, 0x00000000f7080000, 0x00000000f7d00000)
  to   space 12800K,   0% used [0x00000000f6400000, 0x00000000f6400000, 0x00000000f7080000)
 concurrent mark-sweep generation total 134144K, used 134138K [0x00000000f7d00000, 0x0000000100000000, 0x0000000100000000)
 Metaspace       used 52055K, capacity 54894K, committed 55936K, reserved 1097728K
  class space    used 6335K, capacity 6835K, committed 7040K, reserved 1048576K
}
2023-01-17T04:36:01.858+0800: 371.766: [GC (CMS Initial Mark) [1 CMS-initial-mark: 134138K(134144K)] 157866K(249344K), 0.0070569 secs] [Times: user=0.02 sys=0.00, real=0.01 secs] 
2023-01-17T04:36:01.865+0800: 371.773: [CMS-concurrent-mark-start]
2023-01-17T04:36:01.918+0800: 371.825: [CMS-concurrent-mark: 0.052/0.052 secs] [Times: user=0.08 sys=0.00, real=0.05 secs] 
2023-01-17T04:36:01.918+0800: 371.826: [CMS-concurrent-preclean-start]
2023-01-17T04:36:01.954+0800: 371.861: [CMS-concurrent-preclean: 0.036/0.036 secs] [Times: user=0.07 sys=0.01, real=0.04 secs] 
2023-01-17T04:36:01.954+0800: 371.862: [CMS-concurrent-abortable-preclean-start]
2023-01-17T04:36:01.954+0800: 371.862: [CMS-concurrent-abortable-preclean: 0.000/0.000 secs] [Times: user=0.00 sys=0.00, real=0.00 secs] 
2023-01-17T04:36:01.957+0800: 371.865: [GC (CMS Final Remark) [YG occupancy: 42017 K (115200 K)]2023-01-17T04:36:01.957+0800: 371.865: [Rescan (parallel) , 0.0096317 secs]2023-01-17T04:36:01.967+0800: 371.875: [weak refs processing, 0.0000496 secs]2023-01-17T04:36:01.967+0800: 371.875: [class unloading, 0.0133179 secs]2023-01-17T04:36:01.980+0800: 371.888: [scrub symbol table, 0.0051068 secs]2023-01-17T04:36:01.986+0800: 371.893: [scrub string table, 0.0008891 secs][1 CMS-remark: 134138K(134144K)] 176155K(249344K), 0.0291654 secs] [Times: user=0.06 sys=0.00, real=0.03 secs] 
2023-01-17T04:36:02.016+0800: 371.924: [CMS-concurrent-sweep-start]
2023-01-17T04:36:02.037+0800: 371.945: [CMS-concurrent-sweep: 0.021/0.021 secs] [Times: user=0.05 sys=0.00, real=0.02 secs] 
2023-01-17T04:36:02.037+0800: 371.945: [CMS-concurrent-reset-start]
2023-01-17T04:36:02.038+0800: 371.945: [CMS-concurrent-reset: 0.000/0.000 secs] [Times: user=0.01 sys=0.00, real=0.00 secs] 
{Heap before GC invocations=544 (full 818):
 par new generation   total 115200K, used 115200K [0x00000000f0000000, 0x00000000f7d00000, 0x00000000f7d00000)
  eden space 102400K, 100% used [0x00000000f0000000, 0x00000000f6400000, 0x00000000f6400000)
  from space 12800K, 100% used [0x00000000f7080000, 0x00000000f7d00000, 0x00000000f7d00000)
  to   space 12800K,   0% used [0x00000000f6400000, 0x00000000f6400000, 0x00000000f7080000)
 concurrent mark-sweep generation total 134144K, used 134138K [0x00000000f7d00000, 0x0000000100000000, 0x0000000100000000)
 Metaspace       used 52055K, capacity 54894K, committed 55936K, reserved 1097728K
  class space    used 6335K, capacity 6835K, committed 7040K, reserved 1048576K
2023-01-17T04:36:02.150+0800: 372.058: [GC (Allocation Failure) 2023-01-17T04:36:02.151+0800: 372.058: [ParNew: 115200K->115200K(115200K), 0.0000366 secs]2023-01-17T04:36:02.151+0800: 372.058: [CMS: 134138K->134138K(134144K), 0.2013649 secs] 249338K->157502K(249344K), [Metaspace: 52055K->52055K(1097728K)], 0.2019360 secs] [Times: user=0.21 sys=0.00, real=0.20 secs] 
Heap after GC invocations=545 (full 819):
 par new generation   total 115200K, used 23364K [0x00000000f0000000, 0x00000000f7d00000, 0x00000000f7d00000)
  eden space 102400K,  22% used [0x00000000f0000000, 0x00000000f16d1238, 0x00000000f6400000)
  from space 12800K,   0% used [0x00000000f7080000, 0x00000000f7080000, 0x00000000f7d00000)
  to   space 12800K,   0% used [0x00000000f6400000, 0x00000000f6400000, 0x00000000f7080000)
 concurrent mark-sweep generation total 134144K, used 134138K [0x00000000f7d00000, 0x0000000100000000, 0x0000000100000000)
 Metaspace       used 52055K, capacity 54894K, committed 55936K, reserved 1097728K
  class space    used 6335K, capacity 6835K, committed 7040K, reserved 1048576K
}
2023-01-17T04:36:02.359+0800: 372.267: [GC (CMS Initial Mark) [1 CMS-initial-mark: 134138K(134144K)] 157505K(249344K), 0.0104361 secs] [Times: user=0.02 sys=0.00, real=0.01 secs] 
2023-01-17T04:36:02.370+0800: 372.277: [CMS-concurrent-mark-start]
2023-01-17T04:36:02.448+0800: 372.356: [CMS-concurrent-mark: 0.079/0.079 secs] [Times: user=0.17 sys=0.03, real=0.07 secs] 
2023-01-17T04:36:02.448+0800: 372.356: [CMS-concurrent-preclean-start]
2023-01-17T04:36:02.497+0800: 372.404: [CMS-concurrent-preclean: 0.048/0.048 secs] [Times: user=0.07 sys=0.00, real=0.05 secs] 
2023-01-17T04:36:02.497+0800: 372.405: [CMS-concurrent-abortable-preclean-start]
2023-01-17T04:36:02.497+0800: 372.405: [CMS-concurrent-abortable-preclean: 0.000/0.000 secs] [Times: user=0.00 sys=0.00, real=0.00 secs] 
2023-01-17T04:36:02.500+0800: 372.408: [GC (CMS Final Remark) [YG occupancy: 61038 K (115200 K)]2023-01-17T04:36:02.500+0800: 372.408: [Rescan (parallel) , 0.0136435 secs]2023-01-17T04:36:02.514+0800: 372.422: [weak refs processing, 0.0000521 secs]2023-01-17T04:36:02.514+0800: 372.422: [class unloading, 0.0125867 secs]2023-01-17T04:36:02.527+0800: 372.434: [scrub symbol table, 0.0049094 secs]2023-01-17T04:36:02.532+0800: 372.439: [scrub string table, 0.0008782 secs][1 CMS-remark: 134138K(134144K)] 195176K(249344K), 0.0322112 secs] [Times: user=0.07 sys=0.00, real=0.03 secs] 
2023-01-17T04:36:02.533+0800: 372.441: [CMS-concurrent-sweep-start]
2023-01-17T04:36:02.552+0800: 372.460: [CMS-concurrent-sweep: 0.019/0.019 secs] [Times: user=0.07 sys=0.01, real=0.02 secs] 
2023-01-17T04:36:02.553+0800: 372.460: [CMS-concurrent-reset-start]
2023-01-17T04:36:02.553+0800: 372.461: [CMS-concurrent-reset: 0.000/0.000 secs] [Times: user=0.00 sys=0.00, real=0.00 secs] 
{Heap before GC invocations=545 (full 820):
 par new generation   total 115200K, used 115200K [0x00000000f0000000, 0x00000000f7d00000, 0x00000000f7d00000)
  eden space 102400K, 100% used [0x00000000f0000000, 0x00000000f6400000, 0x00000000f6400000)
  from space 12800K, 100% used [0x00000000f7080000, 0x00000000f7d00000, 0x00000000f7d00000)
  to   space 12800K,   0% used [0x00000000f6400000, 0x00000000f6400000, 0x00000000f7080000)
 concurrent mark-sweep generation total 134144K, used 134138K [0x00000000f7d00000, 0x0000000100000000, 0x0000000100000000)
 Metaspace       used 52055K, capacity 54894K, committed 55936K, reserved 1097728K
  class space    used 6335K, capacity 6835K, committed 7040K, reserved 1048576K
2023-01-17T04:36:02.658+0800: 372.566: [GC (Allocation Failure) 2023-01-17T04:36:02.658+0800: 372.566: [ParNew: 115200K->115200K(115200K), 0.0000263 secs]2023-01-17T04:36:02.658+0800: 372.566: [CMS: 134138K->134138K(134144K), 0.1883454 secs] 249338K->157358K(249344K), [Metaspace: 52055K->52055K(1097728K)], 0.1887242 secs] [Times: user=0.19 sys=0.00, real=0.19 secs] 
Heap after GC invocations=546 (full 821):
 par new generation   total 115200K, used 23219K [0x00000000f0000000, 0x00000000f7d00000, 0x00000000f7d00000)
  eden space 102400K,  22% used [0x00000000f0000000, 0x00000000f16acf40, 0x00000000f6400000)
  from space 12800K,   0% used [0x00000000f7080000, 0x00000000f7080000, 0x00000000f7d00000)
  to   space 12800K,   0% used [0x00000000f6400000, 0x00000000f6400000, 0x00000000f7080000)
 concurrent mark-sweep generation total 134144K, used 134138K [0x00000000f7d00000, 0x0000000100000000, 0x0000000100000000)
 Metaspace       used 52055K, capacity 54894K, committed 55936K, reserved 1097728K
  class space    used 6335K, capacity 6835K, committed 7040K, reserved 1048576K
}
2023-01-17T04:36:02.851+0800: 372.759: [GC (CMS Initial Mark) [1 CMS-initial-mark: 134138K(134144K)] 157641K(249344K), 0.0069374 secs] [Times: user=0.02 sys=0.00, real=0.00 secs] 
2023-01-17T04:36:02.858+0800: 372.766: [CMS-concurrent-mark-start]
2023-01-17T04:36:02.915+0800: 372.823: [CMS-concurrent-mark: 0.057/0.057 secs] [Times: user=0.14 sys=0.02, real=0.06 secs] 
2023-01-17T04:36:02.916+0800: 372.823: [CMS-concurrent-preclean-start]
2023-01-17T04:36:02.961+0800: 372.869: [CMS-concurrent-preclean: 0.046/0.046 secs] [Times: user=0.12 sys=0.02, real=0.05 secs] 
2023-01-17T04:36:02.961+0800: 372.869: [CMS-concurrent-abortable-preclean-start]
2023-01-17T04:36:02.961+0800: 372.869: [CMS-concurrent-abortable-preclean: 0.000/0.000 secs] [Times: user=0.00 sys=0.00, real=0.00 secs] 
2023-01-17T04:36:02.967+0800: 372.874: [GC (CMS Final Remark) [YG occupancy: 72426 K (115200 K)]2023-01-17T04:36:02.967+0800: 372.875: [Rescan (parallel) , 0.0219524 secs]2023-01-17T04:36:02.989+0800: 372.896: [weak refs processing, 0.0000469 secs]2023-01-17T04:36:02.989+0800: 372.897: [class unloading, 0.0130255 secs]2023-01-17T04:36:03.002+0800: 372.910: [scrub symbol table, 0.0070344 secs]2023-01-17T04:36:03.009+0800: 372.917: [scrub string table, 0.0009273 secs][1 CMS-remark: 134138K(134144K)] 206564K(249344K), 0.0431968 secs] [Times: user=0.09 sys=0.00, real=0.05 secs] 
2023-01-17T04:36:03.010+0800: 372.918: [CMS-concurrent-sweep-start]
2023-01-17T04:36:03.025+0800: 372.933: [CMS-concurrent-sweep: 0.015/0.015 secs] [Times: user=0.02 sys=0.00, real=0.01 secs] 
2023-01-17T04:36:03.026+0800: 372.933: [CMS-concurrent-reset-start]
2023-01-17T04:36:03.026+0800: 372.933: [CMS-concurrent-reset: 0.000/0.000 secs] [Times: user=0.00 sys=0.00, real=0.00 secs] 
{Heap before GC invocations=546 (full 822):
 par new generation   total 115200K, used 115199K [0x00000000f0000000, 0x00000000f7d00000, 0x00000000f7d00000)
  eden space 102400K, 100% used [0x00000000f0000000, 0x00000000f6400000, 0x00000000f6400000)
  from space 12800K,  99% used [0x00000000f7080000, 0x00000000f7cffff8, 0x00000000f7d00000)
  to   space 12800K,   0% used [0x00000000f6400000, 0x00000000f6400000, 0x00000000f7080000)
 concurrent mark-sweep generation total 134144K, used 134138K [0x00000000f7d00000, 0x0000000100000000, 0x0000000100000000)
 Metaspace       used 52055K, capacity 54894K, committed 55936K, reserved 1097728K
  class space    used 6335K, capacity 6835K, committed 7040K, reserved 1048576K
2023-01-17T04:36:03.167+0800: 373.074: [GC (Allocation Failure) 2023-01-17T04:36:03.167+0800: 373.075: [ParNew: 115199K->115199K(115200K), 0.0000266 secs]2023-01-17T04:36:03.167+0800: 373.075: [CMS: 134138K->134138K(134144K), 0.1874598 secs] 249338K->157700K(249344K), [Metaspace: 52055K->52055K(1097728K)], 0.1878769 secs] [Times: user=0.19 sys=0.00, real=0.19 secs] 
Heap after GC invocations=547 (full 823):
 par new generation   total 115200K, used 23561K [0x00000000f0000000, 0x00000000f7d00000, 0x00000000f7d00000)
  eden space 102400K,  23% used [0x00000000f0000000, 0x00000000f1702690, 0x00000000f6400000)
  from space 12800K,   0% used [0x00000000f7080000, 0x00000000f7080000, 0x00000000f7d00000)
  to   space 12800K,   0% used [0x00000000f6400000, 0x00000000f6400000, 0x00000000f7080000)
 concurrent mark-sweep generation total 134144K, used 134138K [0x00000000f7d00000, 0x0000000100000000, 0x0000000100000000)
 Metaspace       used 52055K, capacity 54894K, committed 55936K, reserved 1097728K
  class space    used 6335K, capacity 6835K, committed 7040K, reserved 1048576K
}
2023-01-17T04:36:03.359+0800: 373.267: [GC (CMS Initial Mark) [1 CMS-initial-mark: 134138K(134144K)] 158159K(249344K), 0.0068794 secs] [Times: user=0.02 sys=0.00, real=0.01 secs] 
2023-01-17T04:36:03.367+0800: 373.275: [CMS-concurrent-mark-start]
2023-01-17T04:36:03.435+0800: 373.343: [CMS-concurrent-mark: 0.068/0.068 secs] [Times: user=0.20 sys=0.03, real=0.07 secs] 
2023-01-17T04:36:03.435+0800: 373.343: [CMS-concurrent-preclean-start]
2023-01-17T04:36:03.475+0800: 373.383: [CMS-concurrent-preclean: 0.040/0.040 secs] [Times: user=0.11 sys=0.02, real=0.04 secs] 
2023-01-17T04:36:03.475+0800: 373.383: [CMS-concurrent-abortable-preclean-start]
2023-01-17T04:36:03.475+0800: 373.383: [CMS-concurrent-abortable-preclean: 0.000/0.000 secs] [Times: user=0.00 sys=0.00, real=0.00 secs] 
2023-01-17T04:36:03.478+0800: 373.386: [GC (CMS Final Remark) [YG occupancy: 87927 K (115200 K)]2023-01-17T04:36:03.479+0800: 373.386: [Rescan (parallel) , 0.0213638 secs]2023-01-17T04:36:03.500+0800: 373.408: [weak refs processing, 0.0000583 secs]2023-01-17T04:36:03.500+0800: 373.408: [class unloading, 0.0183852 secs]2023-01-17T04:36:03.518+0800: 373.426: [scrub symbol table, 0.0074671 secs]2023-01-17T04:36:03.526+0800: 373.434: [scrub string table, 0.0013111 secs][1 CMS-remark: 134138K(134144K)] 222065K(249344K), 0.0487775 secs] [Times: user=0.11 sys=0.00, real=0.05 secs] 
2023-01-17T04:36:03.528+0800: 373.436: [CMS-concurrent-sweep-start]
2023-01-17T04:36:03.544+0800: 373.452: [CMS-concurrent-sweep: 0.016/0.016 secs] [Times: user=0.03 sys=0.00, real=0.02 secs] 
2023-01-17T04:36:03.544+0800: 373.452: [CMS-concurrent-reset-start]
2023-01-17T04:36:03.544+0800: 373.452: [CMS-concurrent-reset: 0.000/0.000 secs] [Times: user=0.00 sys=0.00, real=0.00 secs] 
{Heap before GC invocations=547 (full 824):
 par new generation   total 115200K, used 115199K [0x00000000f0000000, 0x00000000f7d00000, 0x00000000f7d00000)
  eden space 102400K, 100% used [0x00000000f0000000, 0x00000000f6400000, 0x00000000f6400000)
  from space 12800K,  99% used [0x00000000f7080000, 0x00000000f7cfffc8, 0x00000000f7d00000)
  to   space 12800K,   0% used [0x00000000f6400000, 0x00000000f6400000, 0x00000000f7080000)
 concurrent mark-sweep generation total 134144K, used 134138K [0x00000000f7d00000, 0x0000000100000000, 0x0000000100000000)
 Metaspace       used 52055K, capacity 54894K, committed 55936K, reserved 1097728K
  class space    used 6335K, capacity 6835K, committed 7040K, reserved 1048576K
2023-01-17T04:36:03.646+0800: 373.553: [GC (Allocation Failure) 2023-01-17T04:36:03.646+0800: 373.554: [ParNew: 115199K->115199K(115200K), 0.0000244 secs]2023-01-17T04:36:03.646+0800: 373.554: [CMS: 134138K->134138K(134144K), 0.1879413 secs] 249338K->157469K(249344K), [Metaspace: 52055K->52055K(1097728K)], 0.1883027 secs] [Times: user=0.19 sys=0.00, real=0.19 secs] 
Heap after GC invocations=548 (full 825):
 par new generation   total 115200K, used 23330K [0x00000000f0000000, 0x00000000f7d00000, 0x00000000f7d00000)
  eden space 102400K,  22% used [0x00000000f0000000, 0x00000000f16c8b70, 0x00000000f6400000)
  from space 12800K,   0% used [0x00000000f7080000, 0x00000000f7080000, 0x00000000f7d00000)
  to   space 12800K,   0% used [0x00000000f6400000, 0x00000000f6400000, 0x00000000f7080000)
 concurrent mark-sweep generation total 134144K, used 134138K [0x00000000f7d00000, 0x0000000100000000, 0x0000000100000000)
 Metaspace       used 52055K, capacity 54894K, committed 55936K, reserved 1097728K
  class space    used 6335K, capacity 6835K, committed 7040K, reserved 1048576K
}
2023-01-17T04:36:03.840+0800: 373.748: [GC (CMS Initial Mark) [1 CMS-initial-mark: 134138K(134144K)] 158891K(249344K), 0.0104441 secs] [Times: user=0.01 sys=0.00, real=0.01 secs] 
2023-01-17T04:36:03.851+0800: 373.759: [CMS-concurrent-mark-start]
2023-01-17T04:36:03.920+0800: 373.828: [CMS-concurrent-mark: 0.069/0.069 secs] [Times: user=0.20 sys=0.02, real=0.07 secs] 
2023-01-17T04:36:03.920+0800: 373.828: [CMS-concurrent-preclean-start]
2023-01-17T04:36:03.970+0800: 373.878: [CMS-concurrent-preclean: 0.050/0.050 secs] [Times: user=0.14 sys=0.02, real=0.05 secs] 
2023-01-17T04:36:03.970+0800: 373.878: [CMS-concurrent-abortable-preclean-start]
2023-01-17T04:36:03.970+0800: 373.878: [CMS-concurrent-abortable-preclean: 0.000/0.000 secs] [Times: user=0.00 sys=0.00, real=0.00 secs] 
2023-01-17T04:36:03.974+0800: 373.882: [GC (CMS Final Remark) [YG occupancy: 91857 K (115200 K)]2023-01-17T04:36:03.974+0800: 373.882: [Rescan (parallel) , 0.0288086 secs]2023-01-17T04:36:04.003+0800: 373.911: [weak refs processing, 0.0000423 secs]2023-01-17T04:36:04.003+0800: 373.911: [class unloading, 0.0131624 secs]2023-01-17T04:36:04.016+0800: 373.924: [scrub symbol table, 0.0049602 secs]2023-01-17T04:36:04.021+0800: 373.929: [scrub string table, 0.0008916 secs][1 CMS-remark: 134138K(134144K)] 225996K(249344K), 0.0480321 secs] [Times: user=0.10 sys=0.00, real=0.05 secs] 
2023-01-17T04:36:04.023+0800: 373.931: [CMS-concurrent-sweep-start]
2023-01-17T04:36:04.046+0800: 373.953: [CMS-concurrent-sweep: 0.023/0.023 secs] [Times: user=0.05 sys=0.00, real=0.02 secs] 
2023-01-17T04:36:04.046+0800: 373.954: [CMS-concurrent-reset-start]
2023-01-17T04:36:04.046+0800: 373.954: [CMS-concurrent-reset: 0.000/0.000 secs] [Times: user=0.00 sys=0.00, real=0.00 secs] 
{Heap before GC invocations=548 (full 826):
 par new generation   total 115200K, used 115200K [0x00000000f0000000, 0x00000000f7d00000, 0x00000000f7d00000)
  eden space 102400K, 100% used [0x00000000f0000000, 0x00000000f6400000, 0x00000000f6400000)
  from space 12800K, 100% used [0x00000000f7080000, 0x00000000f7d00000, 0x00000000f7d00000)
  to   space 12800K,   0% used [0x00000000f6400000, 0x00000000f6400000, 0x00000000f7080000)
 concurrent mark-sweep generation total 134144K, used 134138K [0x00000000f7d00000, 0x0000000100000000, 0x0000000100000000)
 Metaspace       used 52055K, capacity 54894K, committed 55936K, reserved 1097728K
  class space    used 6335K, capacity 6835K, committed 7040K, reserved 1048576K
2023-01-17T04:36:04.126+0800: 374.034: [GC (Allocation Failure) 2023-01-17T04:36:04.126+0800: 374.034: [ParNew: 115200K->115200K(115200K), 0.0000244 secs]2023-01-17T04:36:04.126+0800: 374.034: [CMS: 134138K->134138K(134144K), 0.1906428 secs] 249338K->157559K(249344K), [Metaspace: 52055K->52055K(1097728K)], 0.1909850 secs] [Times: user=0.19 sys=0.00, real=0.19 secs] 
Heap after GC invocations=549 (full 827):
 par new generation   total 115200K, used 23421K [0x00000000f0000000, 0x00000000f7d00000, 0x00000000f7d00000)
  eden space 102400K,  22% used [0x00000000f0000000, 0x00000000f16df598, 0x00000000f6400000)
  from space 12800K,   0% used [0x00000000f7080000, 0x00000000f7080000, 0x00000000f7d00000)
  to   space 12800K,   0% used [0x00000000f6400000, 0x00000000f6400000, 0x00000000f7080000)
 concurrent mark-sweep generation total 134144K, used 134138K [0x00000000f7d00000, 0x0000000100000000, 0x0000000100000000)
 Metaspace       used 52055K, capacity 54894K, committed 55936K, reserved 1097728K
  class space    used 6335K, capacity 6835K, committed 7040K, reserved 1048576K
}
2023-01-17T04:36:04.322+0800: 374.230: [GC (CMS Initial Mark) [1 CMS-initial-mark: 134138K(134144K)] 158152K(249344K), 0.0068788 secs] [Times: user=0.02 sys=0.00, real=0.00 secs] 
2023-01-17T04:36:04.329+0800: 374.237: [CMS-concurrent-mark-start]
2023-01-17T04:36:04.411+0800: 374.319: [CMS-concurrent-mark: 0.081/0.081 secs] [Times: user=0.19 sys=0.04, real=0.09 secs] 
2023-01-17T04:36:04.411+0800: 374.319: [CMS-concurrent-preclean-start]
2023-01-17T04:36:04.459+0800: 374.367: [CMS-concurrent-preclean: 0.048/0.048 secs] [Times: user=0.15 sys=0.02, real=0.04 secs] 
2023-01-17T04:36:04.459+0800: 374.367: [CMS-concurrent-abortable-preclean-start]
2023-01-17T04:36:04.459+0800: 374.367: [CMS-concurrent-abortable-preclean: 0.000/0.000 secs] [Times: user=0.00 sys=0.00, real=0.00 secs] 
2023-01-17T04:36:04.463+0800: 374.371: [GC (CMS Final Remark) [YG occupancy: 95474 K (115200 K)]2023-01-17T04:36:04.463+0800: 374.371: [Rescan (parallel) , 0.0224757 secs]2023-01-17T04:36:04.486+0800: 374.393: [weak refs processing, 0.0000454 secs]2023-01-17T04:36:04.486+0800: 374.393: [class unloading, 0.0131686 secs]2023-01-17T04:36:04.499+0800: 374.407: [scrub symbol table, 0.0049832 secs]2023-01-17T04:36:04.504+0800: 374.412: [scrub string table, 0.0009785 secs][1 CMS-remark: 134138K(134144K)] 229612K(249344K), 0.0418226 secs] [Times: user=0.11 sys=0.00, real=0.04 secs] 
2023-01-17T04:36:04.505+0800: 374.413: [CMS-concurrent-sweep-start]
2023-01-17T04:36:04.519+0800: 374.427: [CMS-concurrent-sweep: 0.014/0.014 secs] [Times: user=0.02 sys=0.00, real=0.01 secs] 
2023-01-17T04:36:04.519+0800: 374.427: [CMS-concurrent-reset-start]
2023-01-17T04:36:04.520+0800: 374.427: [CMS-concurrent-reset: 0.000/0.000 secs] [Times: user=0.00 sys=0.00, real=0.01 secs] 
{Heap before GC invocations=549 (full 828):
 par new generation   total 115200K, used 115200K [0x00000000f0000000, 0x00000000f7d00000, 0x00000000f7d00000)
  eden space 102400K, 100% used [0x00000000f0000000, 0x00000000f6400000, 0x00000000f6400000)
  from space 12800K, 100% used [0x00000000f7080000, 0x00000000f7d00000, 0x00000000f7d00000)
  to   space 12800K,   0% used [0x00000000f6400000, 0x00000000f6400000, 0x00000000f7080000)
 concurrent mark-sweep generation total 134144K, used 134138K [0x00000000f7d00000, 0x0000000100000000, 0x0000000100000000)
 Metaspace       used 52055K, capacity 54894K, committed 55936K, reserved 1097728K
  class space    used 6335K, capacity 6835K, committed 7040K, reserved 1048576K
2023-01-17T04:36:04.619+0800: 374.527: [GC (Allocation Failure) 2023-01-17T04:36:04.619+0800: 374.527: [ParNew: 115200K->115200K(115200K), 0.0000259 secs]2023-01-17T04:36:04.619+0800: 374.527: [CMS: 134138K->134138K(134144K), 0.1918113 secs] 249338K->157537K(249344K), [Metaspace: 52055K->52055K(1097728K)], 0.1922472 secs] [Times: user=0.20 sys=0.00, real=0.20 secs] 
Heap after GC invocations=550 (full 829):
 par new generation   total 115200K, used 23398K [0x00000000f0000000, 0x00000000f7d00000, 0x00000000f7d00000)
  eden space 102400K,  22% used [0x00000000f0000000, 0x00000000f16d9b00, 0x00000000f6400000)
  from space 12800K,   0% used [0x00000000f7080000, 0x00000000f7080000, 0x00000000f7d00000)
  to   space 12800K,   0% used [0x00000000f6400000, 0x00000000f6400000, 0x00000000f7080000)
 concurrent mark-sweep generation total 134144K, used 134138K [0x00000000f7d00000, 0x0000000100000000, 0x0000000100000000)
 Metaspace       used 52055K, capacity 54894K, committed 55936K, reserved 1097728K
  class space    used 6335K, capacity 6835K, committed 7040K, reserved 1048576K
}
2023-01-17T04:36:04.820+0800: 374.728: [GC (CMS Initial Mark) [1 CMS-initial-mark: 134138K(134144K)] 158029K(249344K), 0.0101838 secs] [Times: user=0.02 sys=0.00, real=0.01 secs] 
2023-01-17T04:36:04.831+0800: 374.738: [CMS-concurrent-mark-start]
2023-01-17T04:36:04.953+0800: 374.861: [CMS-concurrent-mark: 0.122/0.122 secs] [Times: user=0.27 sys=0.03, real=0.12 secs] 
2023-01-17T04:36:04.953+0800: 374.861: [CMS-concurrent-preclean-start]
2023-01-17T04:36:05.011+0800: 374.919: [CMS-concurrent-preclean: 0.058/0.058 secs] [Times: user=0.12 sys=0.02, real=0.06 secs] 
2023-01-17T04:36:05.012+0800: 374.919: [CMS-concurrent-abortable-preclean-start]
2023-01-17T04:36:05.012+0800: 374.919: [CMS-concurrent-abortable-preclean: 0.000/0.000 secs] [Times: user=0.00 sys=0.00, real=0.00 secs] 
2023-01-17T04:36:05.026+0800: 374.934: [GC (CMS Final Remark) [YG occupancy: 105151 K (115200 K)]2023-01-17T04:36:05.026+0800: 374.934: [Rescan (parallel) , 0.0323294 secs]2023-01-17T04:36:05.058+0800: 374.966: [weak refs processing, 0.0000600 secs]2023-01-17T04:36:05.058+0800: 374.966: [class unloading, 0.0187068 secs]2023-01-17T04:36:05.077+0800: 374.985: [scrub symbol table, 0.0062573 secs]2023-01-17T04:36:05.083+0800: 374.991: [scrub string table, 0.0009526 secs][1 CMS-remark: 134138K(134144K)] 239289K(249344K), 0.0585472 secs] [Times: user=0.12 sys=0.00, real=0.06 secs] 
2023-01-17T04:36:05.085+0800: 374.992: [CMS-concurrent-sweep-start]
2023-01-17T04:36:05.112+0800: 375.020: [CMS-concurrent-sweep: 0.028/0.028 secs] [Times: user=0.09 sys=0.00, real=0.03 secs] 
2023-01-17T04:36:05.112+0800: 375.020: [CMS-concurrent-reset-start]
2023-01-17T04:36:05.113+0800: 375.020: [CMS-concurrent-reset: 0.000/0.000 secs] [Times: user=0.00 sys=0.00, real=0.00 secs] 
{Heap before GC invocations=550 (full 830):
 par new generation   total 115200K, used 115199K [0x00000000f0000000, 0x00000000f7d00000, 0x00000000f7d00000)
  eden space 102400K, 100% used [0x00000000f0000000, 0x00000000f6400000, 0x00000000f6400000)
  from space 12800K,  99% used [0x00000000f7080000, 0x00000000f7cffff0, 0x00000000f7d00000)
  to   space 12800K,   0% used [0x00000000f6400000, 0x00000000f6400000, 0x00000000f7080000)
 concurrent mark-sweep generation total 134144K, used 134138K [0x00000000f7d00000, 0x0000000100000000, 0x0000000100000000)
 Metaspace       used 52056K, capacity 54894K, committed 55936K, reserved 1097728K
  class space    used 6335K, capacity 6835K, committed 7040K, reserved 1048576K
2023-01-17T04:36:05.152+0800: 375.059: [GC (Allocation Failure) 2023-01-17T04:36:05.152+0800: 375.060: [ParNew: 115199K->115199K(115200K), 0.0000271 secs]2023-01-17T04:36:05.152+0800: 375.060: [CMS: 134138K->134138K(134144K), 0.1869789 secs] 249338K->157350K(249344K), [Metaspace: 52056K->52056K(1097728K)], 0.1873704 secs] [Times: user=0.18 sys=0.00, real=0.18 secs] 
Heap after GC invocations=551 (full 831):
 par new generation   total 115200K, used 23211K [0x00000000f0000000, 0x00000000f7d00000, 0x00000000f7d00000)
  eden space 102400K,  22% used [0x00000000f0000000, 0x00000000f16aae60, 0x00000000f6400000)
  from space 12800K,   0% used [0x00000000f7080000, 0x00000000f7080000, 0x00000000f7d00000)
  to   space 12800K,   0% used [0x00000000f6400000, 0x00000000f6400000, 0x00000000f7080000)
 concurrent mark-sweep generation total 134144K, used 134138K [0x00000000f7d00000, 0x0000000100000000, 0x0000000100000000)
 Metaspace       used 52056K, capacity 54894K, committed 55936K, reserved 1097728K
  class space    used 6335K, capacity 6835K, committed 7040K, reserved 1048576K
}
2023-01-17T04:36:05.343+0800: 375.251: [GC (CMS Initial Mark) [1 CMS-initial-mark: 134138K(134144K)] 157498K(249344K), 0.0070051 secs] [Times: user=0.02 sys=0.00, real=0.01 secs] 
2023-01-17T04:36:05.350+0800: 375.258: [CMS-concurrent-mark-start]
2023-01-17T04:36:05.412+0800: 375.319: [CMS-concurrent-mark: 0.061/0.061 secs] [Times: user=0.17 sys=0.01, real=0.06 secs] 
2023-01-17T04:36:05.412+0800: 375.320: [CMS-concurrent-preclean-start]
2023-01-17T04:36:05.456+0800: 375.364: [CMS-concurrent-preclean: 0.044/0.044 secs] [Times: user=0.11 sys=0.02, real=0.04 secs] 
2023-01-17T04:36:05.456+0800: 375.364: [CMS-concurrent-abortable-preclean-start]
2023-01-17T04:36:05.456+0800: 375.364: [CMS-concurrent-abortable-preclean: 0.000/0.000 secs] [Times: user=0.00 sys=0.00, real=0.00 secs] 
2023-01-17T04:36:05.460+0800: 375.367: [GC (CMS Final Remark) [YG occupancy: 79035 K (115200 K)]2023-01-17T04:36:05.460+0800: 375.368: [Rescan (parallel) , 0.0187016 secs]2023-01-17T04:36:05.478+0800: 375.386: [weak refs processing, 0.0000479 secs]2023-01-17T04:36:05.479+0800: 375.386: [class unloading, 0.0133726 secs]2023-01-17T04:36:05.492+0800: 375.400: [scrub symbol table, 0.0051861 secs]2023-01-17T04:36:05.497+0800: 375.405: [scrub string table, 0.0009325 secs][1 CMS-remark: 134138K(134144K)] 213174K(249344K), 0.0384221 secs] [Times: user=0.09 sys=0.00, real=0.03 secs] 
2023-01-17T04:36:05.498+0800: 375.406: [CMS-concurrent-sweep-start]
2023-01-17T04:36:05.519+0800: 375.426: [CMS-concurrent-sweep: 0.020/0.020 secs] [Times: user=0.07 sys=0.02, real=0.02 secs] 
2023-01-17T04:36:05.519+0800: 375.427: [CMS-concurrent-reset-start]
2023-01-17T04:36:05.519+0800: 375.427: [CMS-concurrent-reset: 0.000/0.000 secs] [Times: user=0.00 sys=0.00, real=0.00 secs] 
{Heap before GC invocations=551 (full 832):
 par new generation   total 115200K, used 115200K [0x00000000f0000000, 0x00000000f7d00000, 0x00000000f7d00000)
  eden space 102400K, 100% used [0x00000000f0000000, 0x00000000f6400000, 0x00000000f6400000)
  from space 12800K, 100% used [0x00000000f7080000, 0x00000000f7d00000, 0x00000000f7d00000)
  to   space 12800K,   0% used [0x00000000f6400000, 0x00000000f6400000, 0x00000000f7080000)
 concurrent mark-sweep generation total 134144K, used 134138K [0x00000000f7d00000, 0x0000000100000000, 0x0000000100000000)
 Metaspace       used 52056K, capacity 54894K, committed 55936K, reserved 1097728K
  class space    used 6335K, capacity 6835K, committed 7040K, reserved 1048576K
2023-01-17T04:36:05.631+0800: 375.539: [GC (Allocation Failure) 2023-01-17T04:36:05.631+0800: 375.539: [ParNew: 115200K->115200K(115200K), 0.0000296 secs]2023-01-17T04:36:05.631+0800: 375.539: [CMS: 134138K->134137K(134144K), 0.2000855 secs] 249338K->157648K(249344K), [Metaspace: 52056K->52056K(1097728K)], 0.2004455 secs] [Times: user=0.20 sys=0.00, real=0.20 secs] 
Heap after GC invocations=552 (full 833):
 par new generation   total 115200K, used 23510K [0x00000000f0000000, 0x00000000f7d00000, 0x00000000f7d00000)
  eden space 102400K,  22% used [0x00000000f0000000, 0x00000000f16f5b98, 0x00000000f6400000)
  from space 12800K,   0% used [0x00000000f7080000, 0x00000000f7080000, 0x00000000f7d00000)
  to   space 12800K,   0% used [0x00000000f6400000, 0x00000000f6400000, 0x00000000f7080000)
 concurrent mark-sweep generation total 134144K, used 134137K [0x00000000f7d00000, 0x0000000100000000, 0x0000000100000000)
 Metaspace       used 52056K, capacity 54894K, committed 55936K, reserved 1097728K
  class space    used 6335K, capacity 6835K, committed 7040K, reserved 1048576K
}
2023-01-17T04:36:05.835+0800: 375.743: [GC (CMS Initial Mark) [1 CMS-initial-mark: 134137K(134144K)] 157697K(249344K), 0.0065950 secs] [Times: user=0.02 sys=0.00, real=0.01 secs] 
2023-01-17T04:36:05.842+0800: 375.750: [CMS-concurrent-mark-start]
2023-01-17T04:36:05.911+0800: 375.819: [CMS-concurrent-mark: 0.069/0.069 secs] [Times: user=0.20 sys=0.03, real=0.07 secs] 
2023-01-17T04:36:05.911+0800: 375.819: [CMS-concurrent-preclean-start]
2023-01-17T04:36:05.954+0800: 375.862: [CMS-concurrent-preclean: 0.043/0.043 secs] [Times: user=0.14 sys=0.02, real=0.04 secs] 
2023-01-17T04:36:05.954+0800: 375.862: [CMS-concurrent-abortable-preclean-start]
2023-01-17T04:36:05.954+0800: 375.862: [CMS-concurrent-abortable-preclean: 0.000/0.000 secs] [Times: user=0.00 sys=0.00, real=0.00 secs] 
2023-01-17T04:36:05.958+0800: 375.865: [GC (CMS Final Remark) [YG occupancy: 93780 K (115200 K)]2023-01-17T04:36:05.958+0800: 375.865: [Rescan (parallel) , 0.0215179 secs]2023-01-17T04:36:05.979+0800: 375.887: [weak refs processing, 0.0000442 secs]2023-01-17T04:36:05.979+0800: 375.887: [class unloading, 0.0129593 secs]2023-01-17T04:36:05.992+0800: 375.900: [scrub symbol table, 0.0048190 secs]2023-01-17T04:36:05.997+0800: 375.905: [scrub string table, 0.0009168 secs][1 CMS-remark: 134137K(134144K)] 227918K(249344K), 0.0404356 secs] [Times: user=0.10 sys=0.00, real=0.04 secs] 
2023-01-17T04:36:05.998+0800: 375.906: [CMS-concurrent-sweep-start]
2023-01-17T04:36:06.015+0800: 375.923: [CMS-concurrent-sweep: 0.017/0.017 secs] [Times: user=0.05 sys=0.01, real=0.02 secs] 
2023-01-17T04:36:06.016+0800: 375.923: [CMS-concurrent-reset-start]
2023-01-17T04:36:06.016+0800: 375.924: [CMS-concurrent-reset: 0.000/0.000 secs] [Times: user=0.00 sys=0.00, real=0.00 secs] 
{Heap before GC invocations=552 (full 834):
 par new generation   total 115200K, used 115199K [0x00000000f0000000, 0x00000000f7d00000, 0x00000000f7d00000)
  eden space 102400K, 100% used [0x00000000f0000000, 0x00000000f6400000, 0x00000000f6400000)
  from space 12800K,  99% used [0x00000000f7080000, 0x00000000f7cffff8, 0x00000000f7d00000)
  to   space 12800K,   0% used [0x00000000f6400000, 0x00000000f6400000, 0x00000000f7080000)
 concurrent mark-sweep generation total 134144K, used 134137K [0x00000000f7d00000, 0x0000000100000000, 0x0000000100000000)
 Metaspace       used 52056K, capacity 54894K, committed 55936K, reserved 1097728K
  class space    used 6335K, capacity 6835K, committed 7040K, reserved 1048576K
2023-01-17T04:36:06.089+0800: 375.997: [GC (Allocation Failure) 2023-01-17T04:36:06.089+0800: 375.997: [ParNew: 115199K->115199K(115200K), 0.0000250 secs]2023-01-17T04:36:06.089+0800: 375.997: [CMS: 134137K->134137K(134144K), 0.1881115 secs] 249337K->157289K(249344K), [Metaspace: 52056K->52056K(1097728K)], 0.1884745 secs] [Times: user=0.18 sys=0.00, real=0.19 secs] 
Heap after GC invocations=553 (full 835):
 par new generation   total 115200K, used 23152K [0x00000000f0000000, 0x00000000f7d00000, 0x00000000f7d00000)
  eden space 102400K,  22% used [0x00000000f0000000, 0x00000000f169c1c8, 0x00000000f6400000)
  from space 12800K,   0% used [0x00000000f7080000, 0x00000000f7080000, 0x00000000f7d00000)
  to   space 12800K,   0% used [0x00000000f6400000, 0x00000000f6400000, 0x00000000f7080000)
 concurrent mark-sweep generation total 134144K, used 134137K [0x00000000f7d00000, 0x0000000100000000, 0x0000000100000000)
 Metaspace       used 52056K, capacity 54894K, committed 55936K, reserved 1097728K
  class space    used 6335K, capacity 6835K, committed 7040K, reserved 1048576K
}
2023-01-17T04:36:06.287+0800: 376.194: [GC (CMS Initial Mark) [1 CMS-initial-mark: 134137K(134144K)] 160573K(249344K), 0.0079515 secs] [Times: user=0.02 sys=0.00, real=0.01 secs] 
2023-01-17T04:36:06.295+0800: 376.203: [CMS-concurrent-mark-start]
2023-01-17T04:36:06.368+0800: 376.276: [CMS-concurrent-mark: 0.073/0.073 secs] [Times: user=0.12 sys=0.03, real=0.07 secs] 
2023-01-17T04:36:06.368+0800: 376.276: [CMS-concurrent-preclean-start]
2023-01-17T04:36:06.455+0800: 376.363: [CMS-concurrent-preclean: 0.087/0.087 secs] [Times: user=0.22 sys=0.03, real=0.09 secs] 
2023-01-17T04:36:06.455+0800: 376.363: [CMS-concurrent-abortable-preclean-start]
2023-01-17T04:36:06.455+0800: 376.363: [CMS-concurrent-abortable-preclean: 0.000/0.000 secs] [Times: user=0.00 sys=0.00, real=0.00 secs] 
2023-01-17T04:36:06.461+0800: 376.369: [GC (CMS Final Remark) [YG occupancy: 98207 K (115200 K)]2023-01-17T04:36:06.461+0800: 376.369: [Rescan (parallel) , 0.0330083 secs]2023-01-17T04:36:06.494+0800: 376.402: [weak refs processing, 0.0000636 secs]2023-01-17T04:36:06.494+0800: 376.402: [class unloading, 0.0200412 secs]2023-01-17T04:36:06.514+0800: 376.422: [scrub symbol table, 0.0076539 secs]2023-01-17T04:36:06.522+0800: 376.430: [scrub string table, 0.0013340 secs][1 CMS-remark: 134137K(134144K)] 232345K(249344K), 0.0623810 secs] [Times: user=0.13 sys=0.00, real=0.06 secs] 
2023-01-17T04:36:06.524+0800: 376.432: [CMS-concurrent-sweep-start]
2023-01-17T04:36:06.544+0800: 376.452: [CMS-concurrent-sweep: 0.020/0.020 secs] [Times: user=0.04 sys=0.01, real=0.02 secs] 
2023-01-17T04:36:06.544+0800: 376.452: [CMS-concurrent-reset-start]
2023-01-17T04:36:06.544+0800: 376.452: [CMS-concurrent-reset: 0.000/0.000 secs] [Times: user=0.00 sys=0.00, real=0.00 secs] 
{Heap before GC invocations=553 (full 836):
 par new generation   total 115200K, used 115200K [0x00000000f0000000, 0x00000000f7d00000, 0x00000000f7d00000)
  eden space 102400K, 100% used [0x00000000f0000000, 0x00000000f6400000, 0x00000000f6400000)
  from space 12800K, 100% used [0x00000000f7080000, 0x00000000f7d00000, 0x00000000f7d00000)
  to   space 12800K,   0% used [0x00000000f6400000, 0x00000000f6400000, 0x00000000f7080000)
 concurrent mark-sweep generation total 134144K, used 134137K [0x00000000f7d00000, 0x0000000100000000, 0x0000000100000000)
 Metaspace       used 52056K, capacity 54894K, committed 55936K, reserved 1097728K
  class space    used 6335K, capacity 6835K, committed 7040K, reserved 1048576K
2023-01-17T04:36:06.617+0800: 376.525: [GC (Allocation Failure) 2023-01-17T04:36:06.617+0800: 376.525: [ParNew: 115200K->115200K(115200K), 0.0000250 secs]2023-01-17T04:36:06.617+0800: 376.525: [CMS: 134137K->134137K(134144K), 0.1921649 secs] 249337K->157511K(249344K), [Metaspace: 52056K->52056K(1097728K)], 0.1925590 secs] [Times: user=0.19 sys=0.00, real=0.19 secs] 
Heap after GC invocations=554 (full 837):
 par new generation   total 115200K, used 23374K [0x00000000f0000000, 0x00000000f7d00000, 0x00000000f7d00000)
  eden space 102400K,  22% used [0x00000000f0000000, 0x00000000f16d3810, 0x00000000f6400000)
  from space 12800K,   0% used [0x00000000f7080000, 0x00000000f7080000, 0x00000000f7d00000)
  to   space 12800K,   0% used [0x00000000f6400000, 0x00000000f6400000, 0x00000000f7080000)
 concurrent mark-sweep generation total 134144K, used 134137K [0x00000000f7d00000, 0x0000000100000000, 0x0000000100000000)
 Metaspace       used 52056K, capacity 54894K, committed 55936K, reserved 1097728K
  class space    used 6335K, capacity 6835K, committed 7040K, reserved 1048576K
}
2023-01-17T04:36:06.823+0800: 376.730: [GC (CMS Initial Mark) [1 CMS-initial-mark: 134137K(134144K)] 165722K(249344K), 0.0075440 secs] [Times: user=0.03 sys=0.00, real=0.01 secs] 
2023-01-17T04:36:06.830+0800: 376.738: [CMS-concurrent-mark-start]
2023-01-17T04:36:06.889+0800: 376.797: [CMS-concurrent-mark: 0.059/0.059 secs] [Times: user=0.15 sys=0.02, real=0.06 secs] 
2023-01-17T04:36:06.890+0800: 376.797: [CMS-concurrent-preclean-start]
2023-01-17T04:36:06.925+0800: 376.833: [CMS-concurrent-preclean: 0.035/0.035 secs] [Times: user=0.08 sys=0.01, real=0.03 secs] 
2023-01-17T04:36:06.925+0800: 376.833: [CMS-concurrent-abortable-preclean-start]
2023-01-17T04:36:06.925+0800: 376.833: [CMS-concurrent-abortable-preclean: 0.000/0.000 secs] [Times: user=0.00 sys=0.00, real=0.00 secs] 
2023-01-17T04:36:06.929+0800: 376.837: [GC (CMS Final Remark) [YG occupancy: 77994 K (115200 K)]2023-01-17T04:36:06.929+0800: 376.837: [Rescan (parallel) , 0.0178211 secs]2023-01-17T04:36:06.947+0800: 376.855: [weak refs processing, 0.0000581 secs]2023-01-17T04:36:06.947+0800: 376.855: [class unloading, 0.0130746 secs]2023-01-17T04:36:06.960+0800: 376.868: [scrub symbol table, 0.0048903 secs]2023-01-17T04:36:06.965+0800: 376.873: [scrub string table, 0.0008779 secs][1 CMS-remark: 134137K(134144K)] 212131K(249344K), 0.0368815 secs] [Times: user=0.09 sys=0.00, real=0.04 secs] 
2023-01-17T04:36:06.967+0800: 376.875: [CMS-concurrent-sweep-start]
2023-01-17T04:36:06.985+0800: 376.893: [CMS-concurrent-sweep: 0.019/0.019 secs] [Times: user=0.06 sys=0.00, real=0.02 secs] 
2023-01-17T04:36:06.986+0800: 376.894: [CMS-concurrent-reset-start]
2023-01-17T04:36:06.986+0800: 376.894: [CMS-concurrent-reset: 0.000/0.000 secs] [Times: user=0.00 sys=0.01, real=0.00 secs] 
{Heap before GC invocations=554 (full 838):
 par new generation   total 115200K, used 115199K [0x00000000f0000000, 0x00000000f7d00000, 0x00000000f7d00000)
  eden space 102400K, 100% used [0x00000000f0000000, 0x00000000f6400000, 0x00000000f6400000)
  from space 12800K,  99% used [0x00000000f7080000, 0x00000000f7cffff8, 0x00000000f7d00000)
  to   space 12800K,   0% used [0x00000000f6400000, 0x00000000f6400000, 0x00000000f7080000)
 concurrent mark-sweep generation total 134144K, used 134137K [0x00000000f7d00000, 0x0000000100000000, 0x0000000100000000)
 Metaspace       used 52056K, capacity 54894K, committed 55936K, reserved 1097728K
  class space    used 6335K, capacity 6835K, committed 7040K, reserved 1048576K
2023-01-17T04:36:07.130+0800: 377.038: [GC (Allocation Failure) 2023-01-17T04:36:07.131+0800: 377.038: [ParNew: 115199K->115199K(115200K), 0.0000264 secs]2023-01-17T04:36:07.131+0800: 377.038: [CMS: 134137K->134137K(134144K), 0.1847592 secs] 249337K->157406K(249344K), [Metaspace: 52056K->52056K(1097728K)], 0.1851367 secs] [Times: user=0.19 sys=0.00, real=0.18 secs] 
Heap after GC invocations=555 (full 839):
 par new generation   total 115200K, used 23269K [0x00000000f0000000, 0x00000000f7d00000, 0x00000000f7d00000)
  eden space 102400K,  22% used [0x00000000f0000000, 0x00000000f16b9448, 0x00000000f6400000)
  from space 12800K,   0% used [0x00000000f7080000, 0x00000000f7080000, 0x00000000f7d00000)
  to   space 12800K,   0% used [0x00000000f6400000, 0x00000000f6400000, 0x00000000f7080000)
 concurrent mark-sweep generation total 134144K, used 134137K [0x00000000f7d00000, 0x0000000100000000, 0x0000000100000000)
 Metaspace       used 52056K, capacity 54894K, committed 55936K, reserved 1097728K
  class space    used 6335K, capacity 6835K, committed 7040K, reserved 1048576K
}
2023-01-17T04:36:07.320+0800: 377.228: [GC (CMS Initial Mark) [1 CMS-initial-mark: 134137K(134144K)] 157968K(249344K), 0.0073298 secs] [Times: user=0.02 sys=0.00, real=0.00 secs] 
2023-01-17T04:36:07.328+0800: 377.236: [CMS-concurrent-mark-start]
2023-01-17T04:36:07.434+0800: 377.342: [CMS-concurrent-mark: 0.106/0.106 secs] [Times: user=0.29 sys=0.03, real=0.11 secs] 
2023-01-17T04:36:07.434+0800: 377.342: [CMS-concurrent-preclean-start]
2023-01-17T04:36:07.488+0800: 377.396: [CMS-concurrent-preclean: 0.054/0.054 secs] [Times: user=0.09 sys=0.02, real=0.05 secs] 
2023-01-17T04:36:07.488+0800: 377.396: [CMS-concurrent-abortable-preclean-start]
2023-01-17T04:36:07.488+0800: 377.396: [CMS-concurrent-abortable-preclean: 0.000/0.000 secs] [Times: user=0.00 sys=0.00, real=0.00 secs] 
2023-01-17T04:36:07.499+0800: 377.407: [GC (CMS Final Remark) [YG occupancy: 101682 K (115200 K)]2023-01-17T04:36:07.499+0800: 377.407: [Rescan (parallel) , 0.0493118 secs]2023-01-17T04:36:07.548+0800: 377.456: [weak refs processing, 0.0000680 secs]2023-01-17T04:36:07.548+0800: 377.456: [class unloading, 0.0188851 secs]2023-01-17T04:36:07.567+0800: 377.475: [scrub symbol table, 0.0078429 secs]2023-01-17T04:36:07.575+0800: 377.483: [scrub string table, 0.0012708 secs][1 CMS-remark: 134137K(134144K)] 235819K(249344K), 0.0776648 secs] [Times: user=0.13 sys=0.00, real=0.08 secs] 
2023-01-17T04:36:07.577+0800: 377.485: [CMS-concurrent-sweep-start]
2023-01-17T04:36:07.600+0800: 377.507: [CMS-concurrent-sweep: 0.023/0.023 secs] [Times: user=0.04 sys=0.00, real=0.03 secs] 
2023-01-17T04:36:07.600+0800: 377.508: [CMS-concurrent-reset-start]
2023-01-17T04:36:07.600+0800: 377.508: [CMS-concurrent-reset: 0.000/0.000 secs] [Times: user=0.00 sys=0.00, real=0.00 secs] 
{Heap before GC invocations=555 (full 840):
 par new generation   total 115200K, used 115199K [0x00000000f0000000, 0x00000000f7d00000, 0x00000000f7d00000)
  eden space 102400K, 100% used [0x00000000f0000000, 0x00000000f6400000, 0x00000000f6400000)
  from space 12800K,  99% used [0x00000000f7080000, 0x00000000f7cfffe8, 0x00000000f7d00000)
  to   space 12800K,   0% used [0x00000000f6400000, 0x00000000f6400000, 0x00000000f7080000)
 concurrent mark-sweep generation total 134144K, used 134137K [0x00000000f7d00000, 0x0000000100000000, 0x0000000100000000)
 Metaspace       used 52056K, capacity 54894K, committed 55936K, reserved 1097728K
  class space    used 6335K, capacity 6835K, committed 7040K, reserved 1048576K
2023-01-17T04:36:07.699+0800: 377.607: [GC (Allocation Failure) 2023-01-17T04:36:07.699+0800: 377.607: [ParNew: 115199K->115199K(115200K), 0.0000348 secs]2023-01-17T04:36:07.699+0800: 377.607: [CMS: 134137K->134136K(134144K), 0.2005223 secs] 249337K->157422K(249344K), [Metaspace: 52056K->52056K(1097728K)], 0.2010285 secs] [Times: user=0.20 sys=0.00, real=0.21 secs] 
Heap after GC invocations=556 (full 841):
 par new generation   total 115200K, used 23285K [0x00000000f0000000, 0x00000000f7d00000, 0x00000000f7d00000)
  eden space 102400K,  22% used [0x00000000f0000000, 0x00000000f16bd588, 0x00000000f6400000)
  from space 12800K,   0% used [0x00000000f7080000, 0x00000000f7080000, 0x00000000f7d00000)
  to   space 12800K,   0% used [0x00000000f6400000, 0x00000000f6400000, 0x00000000f7080000)
 concurrent mark-sweep generation total 134144K, used 134136K [0x00000000f7d00000, 0x0000000100000000, 0x0000000100000000)
 Metaspace       used 52056K, capacity 54894K, committed 55936K, reserved 1097728K
  class space    used 6335K, capacity 6835K, committed 7040K, reserved 1048576K
}
2023-01-17T04:36:07.904+0800: 377.812: [GC (CMS Initial Mark) [1 CMS-initial-mark: 134136K(134144K)] 157531K(249344K), 0.0068887 secs] [Times: user=0.02 sys=0.00, real=0.01 secs] 
2023-01-17T04:36:07.911+0800: 377.819: [CMS-concurrent-mark-start]
2023-01-17T04:36:07.981+0800: 377.889: [CMS-concurrent-mark: 0.070/0.070 secs] [Times: user=0.23 sys=0.03, real=0.07 secs] 
2023-01-17T04:36:07.981+0800: 377.889: [CMS-concurrent-preclean-start]
2023-01-17T04:36:08.026+0800: 377.934: [CMS-concurrent-preclean: 0.045/0.045 secs] [Times: user=0.12 sys=0.03, real=0.04 secs] 
2023-01-17T04:36:08.027+0800: 377.934: [CMS-concurrent-abortable-preclean-start]
2023-01-17T04:36:08.027+0800: 377.934: [CMS-concurrent-abortable-preclean: 0.000/0.000 secs] [Times: user=0.00 sys=0.00, real=0.00 secs] 
2023-01-17T04:36:08.030+0800: 377.938: [GC (CMS Final Remark) [YG occupancy: 99646 K (115200 K)]2023-01-17T04:36:08.030+0800: 377.938: [Rescan (parallel) , 0.0224552 secs]2023-01-17T04:36:08.053+0800: 377.961: [weak refs processing, 0.0000445 secs]2023-01-17T04:36:08.053+0800: 377.961: [class unloading, 0.0131806 secs]2023-01-17T04:36:08.066+0800: 377.974: [scrub symbol table, 0.0048727 secs]2023-01-17T04:36:08.071+0800: 377.979: [scrub string table, 0.0008769 secs][1 CMS-remark: 134136K(134144K)] 233783K(249344K), 0.0415897 secs] [Times: user=0.11 sys=0.00, real=0.04 secs] 
2023-01-17T04:36:08.072+0800: 377.980: [CMS-concurrent-sweep-start]
2023-01-17T04:36:08.090+0800: 377.997: [CMS-concurrent-sweep: 0.017/0.017 secs] [Times: user=0.05 sys=0.01, real=0.02 secs] 
2023-01-17T04:36:08.090+0800: 377.998: [CMS-concurrent-reset-start]
2023-01-17T04:36:08.090+0800: 377.998: [CMS-concurrent-reset: 0.000/0.000 secs] [Times: user=0.00 sys=0.00, real=0.00 secs] 
{Heap before GC invocations=556 (full 842):
 par new generation   total 115200K, used 115200K [0x00000000f0000000, 0x00000000f7d00000, 0x00000000f7d00000)
  eden space 102400K, 100% used [0x00000000f0000000, 0x00000000f6400000, 0x00000000f6400000)
  from space 12800K, 100% used [0x00000000f7080000, 0x00000000f7d00000, 0x00000000f7d00000)
  to   space 12800K,   0% used [0x00000000f6400000, 0x00000000f6400000, 0x00000000f7080000)
 concurrent mark-sweep generation total 134144K, used 134136K [0x00000000f7d00000, 0x0000000100000000, 0x0000000100000000)
 Metaspace       used 52056K, capacity 54894K, committed 55936K, reserved 1097728K
  class space    used 6335K, capacity 6835K, committed 7040K, reserved 1048576K
2023-01-17T04:36:08.179+0800: 378.086: [GC (Allocation Failure) 2023-01-17T04:36:08.179+0800: 378.087: [ParNew: 115200K->115200K(115200K), 0.0000242 secs]2023-01-17T04:36:08.179+0800: 378.087: [CMS: 134136K->134136K(134144K), 0.1805255 secs] 249336K->157630K(249344K), [Metaspace: 52056K->52056K(1097728K)], 0.1808885 secs] [Times: user=0.18 sys=0.00, real=0.19 secs] 
Heap after GC invocations=557 (full 843):
 par new generation   total 115200K, used 23493K [0x00000000f0000000, 0x00000000f7d00000, 0x00000000f7d00000)
  eden space 102400K,  22% used [0x00000000f0000000, 0x00000000f16f1748, 0x00000000f6400000)
  from space 12800K,   0% used [0x00000000f7080000, 0x00000000f7080000, 0x00000000f7d00000)
  to   space 12800K,   0% used [0x00000000f6400000, 0x00000000f6400000, 0x00000000f7080000)
 concurrent mark-sweep generation total 134144K, used 134136K [0x00000000f7d00000, 0x0000000100000000, 0x0000000100000000)
 Metaspace       used 52056K, capacity 54894K, committed 55936K, reserved 1097728K
  class space    used 6335K, capacity 6835K, committed 7040K, reserved 1048576K
}
2023-01-17T04:36:08.364+0800: 378.272: [GC (CMS Initial Mark) [1 CMS-initial-mark: 134136K(134144K)] 157888K(249344K), 0.0073070 secs] [Times: user=0.01 sys=0.00, real=0.01 secs] 
2023-01-17T04:36:08.371+0800: 378.279: [CMS-concurrent-mark-start]
2023-01-17T04:36:08.442+0800: 378.350: [CMS-concurrent-mark: 0.070/0.070 secs] [Times: user=0.10 sys=0.00, real=0.07 secs] 
2023-01-17T04:36:08.442+0800: 378.350: [CMS-concurrent-preclean-start]
2023-01-17T04:36:08.491+0800: 378.399: [CMS-concurrent-preclean: 0.049/0.049 secs] [Times: user=0.08 sys=0.00, real=0.05 secs] 
2023-01-17T04:36:08.491+0800: 378.399: [CMS-concurrent-abortable-preclean-start]
2023-01-17T04:36:08.491+0800: 378.399: [CMS-concurrent-abortable-preclean: 0.000/0.000 secs] [Times: user=0.00 sys=0.00, real=0.00 secs] 
2023-01-17T04:36:08.497+0800: 378.405: [GC (CMS Final Remark) [YG occupancy: 42446 K (115200 K)]2023-01-17T04:36:08.497+0800: 378.405: [Rescan (parallel) , 0.0108671 secs]2023-01-17T04:36:08.508+0800: 378.416: [weak refs processing, 0.0000425 secs]2023-01-17T04:36:08.508+0800: 378.416: [class unloading, 0.0133944 secs]2023-01-17T04:36:08.521+0800: 378.429: [scrub symbol table, 0.0049166 secs]2023-01-17T04:36:08.526+0800: 378.434: [scrub string table, 0.0008927 secs][1 CMS-remark: 134136K(134144K)] 176583K(249344K), 0.0302790 secs] [Times: user=0.06 sys=0.00, real=0.03 secs] 
2023-01-17T04:36:08.528+0800: 378.435: [CMS-concurrent-sweep-start]
2023-01-17T04:36:08.544+0800: 378.452: [CMS-concurrent-sweep: 0.016/0.016 secs] [Times: user=0.05 sys=0.01, real=0.02 secs] 
2023-01-17T04:36:08.544+0800: 378.452: [CMS-concurrent-reset-start]
2023-01-17T04:36:08.544+0800: 378.452: [CMS-concurrent-reset: 0.000/0.000 secs] [Times: user=0.00 sys=0.00, real=0.00 secs] 
{Heap before GC invocations=557 (full 844):
 par new generation   total 115200K, used 115199K [0x00000000f0000000, 0x00000000f7d00000, 0x00000000f7d00000)
  eden space 102400K, 100% used [0x00000000f0000000, 0x00000000f6400000, 0x00000000f6400000)
  from space 12800K,  99% used [0x00000000f7080000, 0x00000000f7cffff8, 0x00000000f7d00000)
  to   space 12800K,   0% used [0x00000000f6400000, 0x00000000f6400000, 0x00000000f7080000)
 concurrent mark-sweep generation total 134144K, used 134136K [0x00000000f7d00000, 0x0000000100000000, 0x0000000100000000)
 Metaspace       used 52056K, capacity 54894K, committed 55936K, reserved 1097728K
  class space    used 6335K, capacity 6835K, committed 7040K, reserved 1048576K
2023-01-17T04:36:08.676+0800: 378.584: [GC (Allocation Failure) 2023-01-17T04:36:08.676+0800: 378.584: [ParNew: 115199K->115199K(115200K), 0.0000258 secs]2023-01-17T04:36:08.676+0800: 378.584: [CMS: 134136K->134136K(134144K), 0.1933364 secs] 249336K->157200K(249344K), [Metaspace: 52056K->52056K(1097728K)], 0.1937011 secs] [Times: user=0.20 sys=0.00, real=0.20 secs] 
Heap after GC invocations=558 (full 845):
 par new generation   total 115200K, used 23063K [0x00000000f0000000, 0x00000000f7d00000, 0x00000000f7d00000)
  eden space 102400K,  22% used [0x00000000f0000000, 0x00000000f1685dc8, 0x00000000f6400000)
  from space 12800K,   0% used [0x00000000f7080000, 0x00000000f7080000, 0x00000000f7d00000)
  to   space 12800K,   0% used [0x00000000f6400000, 0x00000000f6400000, 0x00000000f7080000)
 concurrent mark-sweep generation total 134144K, used 134136K [0x00000000f7d00000, 0x0000000100000000, 0x0000000100000000)
 Metaspace       used 52056K, capacity 54894K, committed 55936K, reserved 1097728K
  class space    used 6335K, capacity 6835K, committed 7040K, reserved 1048576K
}
2023-01-17T04:36:08.876+0800: 378.784: [GC (CMS Initial Mark) [1 CMS-initial-mark: 134136K(134144K)] 158244K(249344K), 0.0086563 secs] [Times: user=0.02 sys=0.00, real=0.01 secs] 
2023-01-17T04:36:08.885+0800: 378.793: [CMS-concurrent-mark-start]
2023-01-17T04:36:08.956+0800: 378.864: [CMS-concurrent-mark: 0.071/0.071 secs] [Times: user=0.13 sys=0.04, real=0.07 secs] 
2023-01-17T04:36:08.956+0800: 378.864: [CMS-concurrent-preclean-start]
2023-01-17T04:36:08.993+0800: 378.901: [CMS-concurrent-preclean: 0.037/0.037 secs] [Times: user=0.09 sys=0.02, real=0.04 secs] 
2023-01-17T04:36:08.993+0800: 378.901: [CMS-concurrent-abortable-preclean-start]
2023-01-17T04:36:08.993+0800: 378.901: [CMS-concurrent-abortable-preclean: 0.000/0.000 secs] [Times: user=0.00 sys=0.00, real=0.00 secs] 
2023-01-17T04:36:08.997+0800: 378.905: [GC (CMS Final Remark) [YG occupancy: 57336 K (115200 K)]2023-01-17T04:36:08.997+0800: 378.905: [Rescan (parallel) , 0.0431689 secs]2023-01-17T04:36:09.040+0800: 378.948: [weak refs processing, 0.0000461 secs]2023-01-17T04:36:09.040+0800: 378.948: [class unloading, 0.0132505 secs]2023-01-17T04:36:09.054+0800: 378.961: [scrub symbol table, 0.0049537 secs]2023-01-17T04:36:09.058+0800: 378.966: [scrub string table, 0.0009664 secs][1 CMS-remark: 134136K(134144K)] 191473K(249344K), 0.0625836 secs] [Times: user=0.16 sys=0.00, real=0.07 secs] 
2023-01-17T04:36:09.069+0800: 378.977: [CMS-concurrent-sweep-start]
2023-01-17T04:36:09.098+0800: 379.006: [CMS-concurrent-sweep: 0.030/0.030 secs] [Times: user=0.08 sys=0.01, real=0.03 secs] 
2023-01-17T04:36:09.099+0800: 379.007: [CMS-concurrent-reset-start]
2023-01-17T04:36:09.105+0800: 379.012: [CMS-concurrent-reset: 0.006/0.006 secs] [Times: user=0.02 sys=0.00, real=0.01 secs] 
{Heap before GC invocations=558 (full 846):
 par new generation   total 115200K, used 115199K [0x00000000f0000000, 0x00000000f7d00000, 0x00000000f7d00000)
  eden space 102400K, 100% used [0x00000000f0000000, 0x00000000f6400000, 0x00000000f6400000)
  from space 12800K,  99% used [0x00000000f7080000, 0x00000000f7cffff8, 0x00000000f7d00000)
  to   space 12800K,   0% used [0x00000000f6400000, 0x00000000f6400000, 0x00000000f7080000)
 concurrent mark-sweep generation total 134144K, used 134136K [0x00000000f7d00000, 0x0000000100000000, 0x0000000100000000)
 Metaspace       used 52056K, capacity 54894K, committed 55936K, reserved 1097728K
  class space    used 6335K, capacity 6835K, committed 7040K, reserved 1048576K
2023-01-17T04:36:09.411+0800: 379.319: [GC (Allocation Failure) 2023-01-17T04:36:09.411+0800: 379.319: [ParNew: 115199K->115199K(115200K), 0.0000280 secs]2023-01-17T04:36:09.411+0800: 379.319: [CMS: 134136K->134136K(134144K), 0.1846504 secs] 249336K->157561K(249344K), [Metaspace: 52056K->52056K(1097728K)], 0.1850548 secs] [Times: user=0.19 sys=0.00, real=0.18 secs] 
Heap after GC invocations=559 (full 847):
 par new generation   total 115200K, used 23424K [0x00000000f0000000, 0x00000000f7d00000, 0x00000000f7d00000)
  eden space 102400K,  22% used [0x00000000f0000000, 0x00000000f16e03a0, 0x00000000f6400000)
  from space 12800K,   0% used [0x00000000f7080000, 0x00000000f7080000, 0x00000000f7d00000)
  to   space 12800K,   0% used [0x00000000f6400000, 0x00000000f6400000, 0x00000000f7080000)
 concurrent mark-sweep generation total 134144K, used 134136K [0x00000000f7d00000, 0x0000000100000000, 0x0000000100000000)
 Metaspace       used 52056K, capacity 54894K, committed 55936K, reserved 1097728K
  class space    used 6335K, capacity 6835K, committed 7040K, reserved 1048576K
}
2023-01-17T04:36:09.601+0800: 379.508: [GC (CMS Initial Mark) [1 CMS-initial-mark: 134136K(134144K)] 158021K(249344K), 0.0068653 secs] [Times: user=0.02 sys=0.00, real=0.00 secs] 
2023-01-17T04:36:09.608+0800: 379.516: [CMS-concurrent-mark-start]
2023-01-17T04:36:09.675+0800: 379.583: [CMS-concurrent-mark: 0.067/0.067 secs] [Times: user=0.17 sys=0.01, real=0.07 secs] 
2023-01-17T04:36:09.675+0800: 379.583: [CMS-concurrent-preclean-start]
2023-01-17T04:36:09.720+0800: 379.628: [CMS-concurrent-preclean: 0.045/0.045 secs] [Times: user=0.12 sys=0.01, real=0.05 secs] 
2023-01-17T04:36:09.720+0800: 379.628: [CMS-concurrent-abortable-preclean-start]
2023-01-17T04:36:09.720+0800: 379.628: [CMS-concurrent-abortable-preclean: 0.000/0.000 secs] [Times: user=0.00 sys=0.00, real=0.00 secs] 
2023-01-17T04:36:09.724+0800: 379.632: [GC (CMS Final Remark) [YG occupancy: 75541 K (115200 K)]2023-01-17T04:36:09.724+0800: 379.632: [Rescan (parallel) , 0.0185328 secs]2023-01-17T04:36:09.743+0800: 379.651: [weak refs processing, 0.0000431 secs]2023-01-17T04:36:09.743+0800: 379.651: [class unloading, 0.0136112 secs]2023-01-17T04:36:09.757+0800: 379.664: [scrub symbol table, 0.0047420 secs]2023-01-17T04:36:09.761+0800: 379.669: [scrub string table, 0.0008802 secs][1 CMS-remark: 134136K(134144K)] 209678K(249344K), 0.0379790 secs] [Times: user=0.10 sys=0.00, real=0.04 secs] 
2023-01-17T04:36:09.763+0800: 379.670: [CMS-concurrent-sweep-start]
2023-01-17T04:36:09.779+0800: 379.687: [CMS-concurrent-sweep: 0.016/0.016 secs] [Times: user=0.04 sys=0.01, real=0.01 secs] 
2023-01-17T04:36:09.779+0800: 379.687: [CMS-concurrent-reset-start]
2023-01-17T04:36:09.779+0800: 379.687: [CMS-concurrent-reset: 0.000/0.000 secs] [Times: user=0.00 sys=0.00, real=0.00 secs] 
{Heap before GC invocations=559 (full 848):
 par new generation   total 115200K, used 115200K [0x00000000f0000000, 0x00000000f7d00000, 0x00000000f7d00000)
  eden space 102400K, 100% used [0x00000000f0000000, 0x00000000f6400000, 0x00000000f6400000)
  from space 12800K, 100% used [0x00000000f7080000, 0x00000000f7d00000, 0x00000000f7d00000)
  to   space 12800K,   0% used [0x00000000f6400000, 0x00000000f6400000, 0x00000000f7080000)
 concurrent mark-sweep generation total 134144K, used 134136K [0x00000000f7d00000, 0x0000000100000000, 0x0000000100000000)
 Metaspace       used 52056K, capacity 54894K, committed 55936K, reserved 1097728K
  class space    used 6335K, capacity 6835K, committed 7040K, reserved 1048576K
2023-01-17T04:36:09.876+0800: 379.783: [GC (Allocation Failure) 2023-01-17T04:36:09.876+0800: 379.784: [ParNew: 115200K->115200K(115200K), 0.0000259 secs]2023-01-17T04:36:09.876+0800: 379.784: [CMS: 134136K->134136K(134144K), 0.1963627 secs] 249336K->157179K(249344K), [Metaspace: 52056K->52056K(1097728K)], 0.1967730 secs] [Times: user=0.19 sys=0.00, real=0.20 secs] 
Heap after GC invocations=560 (full 849):
 par new generation   total 115200K, used 23042K [0x00000000f0000000, 0x00000000f7d00000, 0x00000000f7d00000)
  eden space 102400K,  22% used [0x00000000f0000000, 0x00000000f1680b00, 0x00000000f6400000)
  from space 12800K,   0% used [0x00000000f7080000, 0x00000000f7080000, 0x00000000f7d00000)
  to   space 12800K,   0% used [0x00000000f6400000, 0x00000000f6400000, 0x00000000f7080000)
 concurrent mark-sweep generation total 134144K, used 134136K [0x00000000f7d00000, 0x0000000100000000, 0x0000000100000000)
 Metaspace       used 52056K, capacity 54894K, committed 55936K, reserved 1097728K
  class space    used 6335K, capacity 6835K, committed 7040K, reserved 1048576K
}
2023-01-17T04:36:10.081+0800: 379.989: [GC (CMS Initial Mark) [1 CMS-initial-mark: 134136K(134144K)] 157288K(249344K), 0.0111834 secs] [Times: user=0.02 sys=0.00, real=0.01 secs] 
2023-01-17T04:36:10.092+0800: 380.000: [CMS-concurrent-mark-start]
2023-01-17T04:36:10.168+0800: 380.076: [CMS-concurrent-mark: 0.076/0.076 secs] [Times: user=0.11 sys=0.02, real=0.07 secs] 
2023-01-17T04:36:10.168+0800: 380.076: [CMS-concurrent-preclean-start]
2023-01-17T04:36:10.220+0800: 380.128: [CMS-concurrent-preclean: 0.052/0.052 secs] [Times: user=0.05 sys=0.00, real=0.06 secs] 
2023-01-17T04:36:10.221+0800: 380.128: [CMS-concurrent-abortable-preclean-start]
2023-01-17T04:36:10.221+0800: 380.128: [CMS-concurrent-abortable-preclean: 0.000/0.000 secs] [Times: user=0.00 sys=0.00, real=0.00 secs] 
2023-01-17T04:36:10.224+0800: 380.132: [GC (CMS Final Remark) [YG occupancy: 37561 K (115200 K)]2023-01-17T04:36:10.224+0800: 380.132: [Rescan (parallel) , 0.0107327 secs]2023-01-17T04:36:10.235+0800: 380.143: [weak refs processing, 0.0000520 secs]2023-01-17T04:36:10.235+0800: 380.143: [class unloading, 0.0131990 secs]2023-01-17T04:36:10.248+0800: 380.156: [scrub symbol table, 0.0048640 secs]2023-01-17T04:36:10.253+0800: 380.161: [scrub string table, 0.0008837 secs][1 CMS-remark: 134136K(134144K)] 171698K(249344K), 0.0298851 secs] [Times: user=0.05 sys=0.00, real=0.03 secs] 
2023-01-17T04:36:10.255+0800: 380.162: [CMS-concurrent-sweep-start]
2023-01-17T04:36:10.268+0800: 380.176: [CMS-concurrent-sweep: 0.014/0.014 secs] [Times: user=0.02 sys=0.01, real=0.01 secs] 
2023-01-17T04:36:10.268+0800: 380.176: [CMS-concurrent-reset-start]
2023-01-17T04:36:10.269+0800: 380.176: [CMS-concurrent-reset: 0.000/0.000 secs] [Times: user=0.00 sys=0.00, real=0.00 secs] 
{Heap before GC invocations=560 (full 850):
 par new generation   total 115200K, used 115197K [0x00000000f0000000, 0x00000000f7d00000, 0x00000000f7d00000)
  eden space 102400K, 100% used [0x00000000f0000000, 0x00000000f6400000, 0x00000000f6400000)
  from space 12800K,  99% used [0x00000000f7080000, 0x00000000f7cff730, 0x00000000f7d00000)
  to   space 12800K,   0% used [0x00000000f6400000, 0x00000000f6400000, 0x00000000f7080000)
 concurrent mark-sweep generation total 134144K, used 134136K [0x00000000f7d00000, 0x0000000100000000, 0x0000000100000000)
 Metaspace       used 52056K, capacity 54894K, committed 55936K, reserved 1097728K
  class space    used 6335K, capacity 6835K, committed 7040K, reserved 1048576K
2023-01-17T04:36:10.651+0800: 380.559: [GC (Allocation Failure) 2023-01-17T04:36:10.651+0800: 380.559: [ParNew: 115197K->115197K(115200K), 0.0000254 secs]2023-01-17T04:36:10.651+0800: 380.559: [CMS: 134136K->134136K(134144K), 0.2290051 secs] 249334K->157287K(249344K), [Metaspace: 52056K->52056K(1097728K)], 0.2293902 secs] [Times: user=0.23 sys=0.00, real=0.23 secs] 
Heap after GC invocations=561 (full 851):
 par new generation   total 115200K, used 23151K [0x00000000f0000000, 0x00000000f7d00000, 0x00000000f7d00000)
  eden space 102400K,  22% used [0x00000000f0000000, 0x00000000f169bc08, 0x00000000f6400000)
  from space 12800K,   0% used [0x00000000f7080000, 0x00000000f7080000, 0x00000000f7d00000)
  to   space 12800K,   0% used [0x00000000f6400000, 0x00000000f6400000, 0x00000000f7080000)
 concurrent mark-sweep generation total 134144K, used 134136K [0x00000000f7d00000, 0x0000000100000000, 0x0000000100000000)
 Metaspace       used 52056K, capacity 54894K, committed 55936K, reserved 1097728K
  class space    used 6335K, capacity 6835K, committed 7040K, reserved 1048576K
}
2023-01-17T04:36:10.885+0800: 380.793: [GC (CMS Initial Mark) [1 CMS-initial-mark: 134136K(134144K)] 157912K(249344K), 0.0080359 secs] [Times: user=0.02 sys=0.00, real=0.01 secs] 
2023-01-17T04:36:10.893+0800: 380.801: [CMS-concurrent-mark-start]
2023-01-17T04:36:10.966+0800: 380.874: [CMS-concurrent-mark: 0.073/0.073 secs] [Times: user=0.18 sys=0.02, real=0.07 secs] 
2023-01-17T04:36:10.966+0800: 380.874: [CMS-concurrent-preclean-start]
2023-01-17T04:36:11.019+0800: 380.926: [CMS-concurrent-preclean: 0.052/0.052 secs] [Times: user=0.13 sys=0.01, real=0.05 secs] 
2023-01-17T04:36:11.019+0800: 380.927: [CMS-concurrent-abortable-preclean-start]
2023-01-17T04:36:11.019+0800: 380.927: [CMS-concurrent-abortable-preclean: 0.000/0.000 secs] [Times: user=0.00 sys=0.00, real=0.00 secs] 
2023-01-17T04:36:11.026+0800: 380.934: [GC (CMS Final Remark) [YG occupancy: 84868 K (115200 K)]2023-01-17T04:36:11.026+0800: 380.934: [Rescan (parallel) , 0.0295398 secs]2023-01-17T04:36:11.056+0800: 380.963: [weak refs processing, 0.0000656 secs]2023-01-17T04:36:11.056+0800: 380.963: [class unloading, 0.0202838 secs]2023-01-17T04:36:11.076+0800: 380.984: [scrub symbol table, 0.0071547 secs]2023-01-17T04:36:11.083+0800: 380.991: [scrub string table, 0.0009121 secs][1 CMS-remark: 134136K(134144K)] 219005K(249344K), 0.0581995 secs] [Times: user=0.12 sys=0.00, real=0.06 secs] 
2023-01-17T04:36:11.085+0800: 380.993: [CMS-concurrent-sweep-start]
2023-01-17T04:36:11.103+0800: 381.010: [CMS-concurrent-sweep: 0.018/0.018 secs] [Times: user=0.05 sys=0.01, real=0.02 secs] 
2023-01-17T04:36:11.103+0800: 381.011: [CMS-concurrent-reset-start]
2023-01-17T04:36:11.103+0800: 381.011: [CMS-concurrent-reset: 0.000/0.000 secs] [Times: user=0.00 sys=0.00, real=0.00 secs] 
{Heap before GC invocations=561 (full 852):
 par new generation   total 115200K, used 115200K [0x00000000f0000000, 0x00000000f7d00000, 0x00000000f7d00000)
  eden space 102400K, 100% used [0x00000000f0000000, 0x00000000f6400000, 0x00000000f6400000)
  from space 12800K, 100% used [0x00000000f7080000, 0x00000000f7d00000, 0x00000000f7d00000)
  to   space 12800K,   0% used [0x00000000f6400000, 0x00000000f6400000, 0x00000000f7080000)
 concurrent mark-sweep generation total 134144K, used 134136K [0x00000000f7d00000, 0x0000000100000000, 0x0000000100000000)
 Metaspace       used 52056K, capacity 54894K, committed 55936K, reserved 1097728K
  class space    used 6335K, capacity 6835K, committed 7040K, reserved 1048576K
2023-01-17T04:36:11.186+0800: 381.094: [GC (Allocation Failure) 2023-01-17T04:36:11.186+0800: 381.094: [ParNew: 115200K->115200K(115200K), 0.0000261 secs]2023-01-17T04:36:11.186+0800: 381.094: [CMS: 134136K->134136K(134144K), 0.1935741 secs] 249336K->157420K(249344K), [Metaspace: 52056K->52056K(1097728K)], 0.1939191 secs] [Times: user=0.20 sys=0.00, real=0.20 secs] 
Heap after GC invocations=562 (full 853):
 par new generation   total 115200K, used 23283K [0x00000000f0000000, 0x00000000f7d00000, 0x00000000f7d00000)
  eden space 102400K,  22% used [0x00000000f0000000, 0x00000000f16bceb0, 0x00000000f6400000)
  from space 12800K,   0% used [0x00000000f7080000, 0x00000000f7080000, 0x00000000f7d00000)
  to   space 12800K,   0% used [0x00000000f6400000, 0x00000000f6400000, 0x00000000f7080000)
 concurrent mark-sweep generation total 134144K, used 134136K [0x00000000f7d00000, 0x0000000100000000, 0x0000000100000000)
 Metaspace       used 52056K, capacity 54894K, committed 55936K, reserved 1097728K
  class space    used 6335K, capacity 6835K, committed 7040K, reserved 1048576K
}
2023-01-17T04:36:11.384+0800: 381.292: [GC (CMS Initial Mark) [1 CMS-initial-mark: 134136K(134144K)] 157531K(249344K), 0.0082079 secs] [Times: user=0.02 sys=0.00, real=0.01 secs] 
2023-01-17T04:36:11.393+0800: 381.300: [CMS-concurrent-mark-start]
2023-01-17T04:36:11.450+0800: 381.358: [CMS-concurrent-mark: 0.058/0.058 secs] [Times: user=0.11 sys=0.03, real=0.06 secs] 
2023-01-17T04:36:11.450+0800: 381.358: [CMS-concurrent-preclean-start]
2023-01-17T04:36:11.487+0800: 381.395: [CMS-concurrent-preclean: 0.037/0.037 secs] [Times: user=0.08 sys=0.02, real=0.03 secs] 
2023-01-17T04:36:11.488+0800: 381.395: [CMS-concurrent-abortable-preclean-start]
2023-01-17T04:36:11.488+0800: 381.395: [CMS-concurrent-abortable-preclean: 0.000/0.000 secs] [Times: user=0.00 sys=0.00, real=0.00 secs] 
2023-01-17T04:36:11.491+0800: 381.399: [GC (CMS Final Remark) [YG occupancy: 52873 K (115200 K)]2023-01-17T04:36:11.491+0800: 381.399: [Rescan (parallel) , 0.0189460 secs]2023-01-17T04:36:11.510+0800: 381.418: [weak refs processing, 0.0000380 secs]2023-01-17T04:36:11.510+0800: 381.418: [class unloading, 0.0127550 secs]2023-01-17T04:36:11.523+0800: 381.431: [scrub symbol table, 0.0048334 secs]2023-01-17T04:36:11.528+0800: 381.436: [scrub string table, 0.0008999 secs][1 CMS-remark: 134136K(134144K)] 187009K(249344K), 0.0376144 secs] [Times: user=0.06 sys=0.00, real=0.03 secs] 
2023-01-17T04:36:11.529+0800: 381.437: [CMS-concurrent-sweep-start]
2023-01-17T04:36:11.546+0800: 381.454: [CMS-concurrent-sweep: 0.017/0.017 secs] [Times: user=0.05 sys=0.01, real=0.02 secs] 
2023-01-17T04:36:11.547+0800: 381.454: [CMS-concurrent-reset-start]
2023-01-17T04:36:11.547+0800: 381.455: [CMS-concurrent-reset: 0.000/0.000 secs] [Times: user=0.00 sys=0.00, real=0.00 secs] 
{Heap before GC invocations=562 (full 854):
 par new generation   total 115200K, used 115199K [0x00000000f0000000, 0x00000000f7d00000, 0x00000000f7d00000)
  eden space 102400K, 100% used [0x00000000f0000000, 0x00000000f6400000, 0x00000000f6400000)
  from space 12800K,  99% used [0x00000000f7080000, 0x00000000f7cfffd0, 0x00000000f7d00000)
  to   space 12800K,   0% used [0x00000000f6400000, 0x00000000f6400000, 0x00000000f7080000)
 concurrent mark-sweep generation total 134144K, used 134136K [0x00000000f7d00000, 0x0000000100000000, 0x0000000100000000)
 Metaspace       used 52056K, capacity 54894K, committed 55936K, reserved 1097728K
  class space    used 6335K, capacity 6835K, committed 7040K, reserved 1048576K
2023-01-17T04:36:11.727+0800: 381.635: [GC (Allocation Failure) 2023-01-17T04:36:11.727+0800: 381.635: [ParNew: 115199K->115199K(115200K), 0.0000256 secs]2023-01-17T04:36:11.727+0800: 381.635: [CMS: 134136K->134136K(134144K), 0.1823608 secs] 249336K->157582K(249344K), [Metaspace: 52056K->52056K(1097728K)], 0.1827300 secs] [Times: user=0.18 sys=0.00, real=0.19 secs] 
Heap after GC invocations=563 (full 855):
 par new generation   total 115200K, used 23445K [0x00000000f0000000, 0x00000000f7d00000, 0x00000000f7d00000)
  eden space 102400K,  22% used [0x00000000f0000000, 0x00000000f16e5798, 0x00000000f6400000)
  from space 12800K,   0% used [0x00000000f7080000, 0x00000000f7080000, 0x00000000f7d00000)
  to   space 12800K,   0% used [0x00000000f6400000, 0x00000000f6400000, 0x00000000f7080000)
 concurrent mark-sweep generation total 134144K, used 134136K [0x00000000f7d00000, 0x0000000100000000, 0x0000000100000000)
 Metaspace       used 52056K, capacity 54894K, committed 55936K, reserved 1097728K
  class space    used 6335K, capacity 6835K, committed 7040K, reserved 1048576K
}
2023-01-17T04:36:11.917+0800: 381.824: [GC (CMS Initial Mark) [1 CMS-initial-mark: 134136K(134144K)] 158186K(249344K), 0.0076967 secs] [Times: user=0.02 sys=0.00, real=0.01 secs] 
2023-01-17T04:36:11.925+0800: 381.833: [CMS-concurrent-mark-start]
2023-01-17T04:36:12.003+0800: 381.911: [CMS-concurrent-mark: 0.079/0.079 secs] [Times: user=0.18 sys=0.02, real=0.08 secs] 
2023-01-17T04:36:12.004+0800: 381.911: [CMS-concurrent-preclean-start]
2023-01-17T04:36:12.042+0800: 381.949: [CMS-concurrent-preclean: 0.038/0.038 secs] [Times: user=0.08 sys=0.01, real=0.04 secs] 
2023-01-17T04:36:12.042+0800: 381.950: [CMS-concurrent-abortable-preclean-start]
2023-01-17T04:36:12.042+0800: 381.950: [CMS-concurrent-abortable-preclean: 0.000/0.000 secs] [Times: user=0.00 sys=0.00, real=0.00 secs] 
2023-01-17T04:36:12.046+0800: 381.953: [GC (CMS Final Remark) [YG occupancy: 74613 K (115200 K)]2023-01-17T04:36:12.046+0800: 381.954: [Rescan (parallel) , 0.0167289 secs]2023-01-17T04:36:12.062+0800: 381.970: [weak refs processing, 0.0000487 secs]2023-01-17T04:36:12.063+0800: 381.970: [class unloading, 0.0127535 secs]2023-01-17T04:36:12.075+0800: 381.983: [scrub symbol table, 0.0047998 secs]2023-01-17T04:36:12.080+0800: 381.988: [scrub string table, 0.0008706 secs][1 CMS-remark: 134136K(134144K)] 208749K(249344K), 0.0353547 secs] [Times: user=0.08 sys=0.00, real=0.04 secs] 
2023-01-17T04:36:12.082+0800: 381.989: [CMS-concurrent-sweep-start]
2023-01-17T04:36:12.104+0800: 382.012: [CMS-concurrent-sweep: 0.022/0.022 secs] [Times: user=0.06 sys=0.01, real=0.02 secs] 
2023-01-17T04:36:12.104+0800: 382.012: [CMS-concurrent-reset-start]
2023-01-17T04:36:12.104+0800: 382.012: [CMS-concurrent-reset: 0.000/0.000 secs] [Times: user=0.00 sys=0.00, real=0.00 secs] 
{Heap before GC invocations=563 (full 856):
 par new generation   total 115200K, used 115200K [0x00000000f0000000, 0x00000000f7d00000, 0x00000000f7d00000)
  eden space 102400K, 100% used [0x00000000f0000000, 0x00000000f6400000, 0x00000000f6400000)
  from space 12800K, 100% used [0x00000000f7080000, 0x00000000f7d00000, 0x00000000f7d00000)
  to   space 12800K,   0% used [0x00000000f6400000, 0x00000000f6400000, 0x00000000f7080000)
 concurrent mark-sweep generation total 134144K, used 134136K [0x00000000f7d00000, 0x0000000100000000, 0x0000000100000000)
 Metaspace       used 52056K, capacity 54894K, committed 55936K, reserved 1097728K
  class space    used 6335K, capacity 6835K, committed 7040K, reserved 1048576K
2023-01-17T04:36:12.200+0800: 382.108: [GC (Allocation Failure) 2023-01-17T04:36:12.200+0800: 382.108: [ParNew: 115200K->115200K(115200K), 0.0000262 secs]2023-01-17T04:36:12.200+0800: 382.108: [CMS: 134136K->134136K(134144K), 0.1850850 secs] 249336K->157410K(249344K), [Metaspace: 52056K->52056K(1097728K)], 0.1854530 secs] [Times: user=0.19 sys=0.00, real=0.18 secs] 
Heap after GC invocations=564 (full 857):
 par new generation   total 115200K, used 23274K [0x00000000f0000000, 0x00000000f7d00000, 0x00000000f7d00000)
  eden space 102400K,  22% used [0x00000000f0000000, 0x00000000f16ba9b8, 0x00000000f6400000)
  from space 12800K,   0% used [0x00000000f7080000, 0x00000000f7080000, 0x00000000f7d00000)
  to   space 12800K,   0% used [0x00000000f6400000, 0x00000000f6400000, 0x00000000f7080000)
 concurrent mark-sweep generation total 134144K, used 134136K [0x00000000f7d00000, 0x0000000100000000, 0x0000000100000000)
 Metaspace       used 52056K, capacity 54894K, committed 55936K, reserved 1097728K
  class space    used 6335K, capacity 6835K, committed 7040K, reserved 1048576K
}
2023-01-17T04:36:12.390+0800: 382.297: [GC (CMS Initial Mark) [1 CMS-initial-mark: 134136K(134144K)] 157533K(249344K), 0.0067129 secs] [Times: user=0.02 sys=0.00, real=0.00 secs] 
2023-01-17T04:36:12.396+0800: 382.304: [CMS-concurrent-mark-start]
2023-01-17T04:36:12.450+0800: 382.358: [CMS-concurrent-mark: 0.053/0.053 secs] [Times: user=0.11 sys=0.02, real=0.06 secs] 
2023-01-17T04:36:12.450+0800: 382.358: [CMS-concurrent-preclean-start]
2023-01-17T04:36:12.481+0800: 382.389: [CMS-concurrent-preclean: 0.031/0.031 secs] [Times: user=0.05 sys=0.00, real=0.03 secs] 
2023-01-17T04:36:12.481+0800: 382.389: [CMS-concurrent-abortable-preclean-start]
2023-01-17T04:36:12.481+0800: 382.389: [CMS-concurrent-abortable-preclean: 0.000/0.000 secs] [Times: user=0.00 sys=0.00, real=0.00 secs] 
2023-01-17T04:36:12.484+0800: 382.392: [GC (CMS Final Remark) [YG occupancy: 51917 K (115200 K)]2023-01-17T04:36:12.484+0800: 382.392: [Rescan (parallel) , 0.0501256 secs]2023-01-17T04:36:12.535+0800: 382.442: [weak refs processing, 0.0000426 secs]2023-01-17T04:36:12.535+0800: 382.442: [class unloading, 0.0130260 secs]2023-01-17T04:36:12.548+0800: 382.455: [scrub symbol table, 0.0049360 secs]2023-01-17T04:36:12.553+0800: 382.460: [scrub string table, 0.0008971 secs][1 CMS-remark: 134136K(134144K)] 186054K(249344K), 0.0691808 secs] [Times: user=0.15 sys=0.01, real=0.07 secs] 
2023-01-17T04:36:12.556+0800: 382.464: [CMS-concurrent-sweep-start]
2023-01-17T04:36:12.578+0800: 382.486: [CMS-concurrent-sweep: 0.022/0.022 secs] [Times: user=0.04 sys=0.00, real=0.02 secs] 
2023-01-17T04:36:12.578+0800: 382.486: [CMS-concurrent-reset-start]
2023-01-17T04:36:12.579+0800: 382.486: [CMS-concurrent-reset: 0.000/0.000 secs] [Times: user=0.00 sys=0.00, real=0.00 secs] 
{Heap before GC invocations=564 (full 858):
 par new generation   total 115200K, used 115196K [0x00000000f0000000, 0x00000000f7d00000, 0x00000000f7d00000)
  eden space 102400K, 100% used [0x00000000f0000000, 0x00000000f6400000, 0x00000000f6400000)
  from space 12800K,  99% used [0x00000000f7080000, 0x00000000f7cff3c8, 0x00000000f7d00000)
  to   space 12800K,   0% used [0x00000000f6400000, 0x00000000f6400000, 0x00000000f7080000)
 concurrent mark-sweep generation total 134144K, used 134136K [0x00000000f7d00000, 0x0000000100000000, 0x0000000100000000)
 Metaspace       used 52056K, capacity 54894K, committed 55936K, reserved 1097728K
  class space    used 6335K, capacity 6835K, committed 7040K, reserved 1048576K
2023-01-17T04:36:12.717+0800: 382.625: [GC (Allocation Failure) 2023-01-17T04:36:12.717+0800: 382.625: [ParNew: 115196K->115196K(115200K), 0.0000319 secs]2023-01-17T04:36:12.717+0800: 382.625: [CMS: 134136K->134136K(134144K), 0.2115134 secs] 249333K->157419K(249344K), [Metaspace: 52056K->52056K(1097728K)], 0.2119068 secs] [Times: user=0.22 sys=0.00, real=0.21 secs] 
Heap after GC invocations=565 (full 859):
 par new generation   total 115200K, used 23283K [0x00000000f0000000, 0x00000000f7d00000, 0x00000000f7d00000)
  eden space 102400K,  22% used [0x00000000f0000000, 0x00000000f16bcce0, 0x00000000f6400000)
  from space 12800K,   0% used [0x00000000f7080000, 0x00000000f7080000, 0x00000000f7d00000)
  to   space 12800K,   0% used [0x00000000f6400000, 0x00000000f6400000, 0x00000000f7080000)
 concurrent mark-sweep generation total 134144K, used 134136K [0x00000000f7d00000, 0x0000000100000000, 0x0000000100000000)
 Metaspace       used 52056K, capacity 54894K, committed 55936K, reserved 1097728K
  class space    used 6335K, capacity 6835K, committed 7040K, reserved 1048576K
}
2023-01-17T04:36:12.935+0800: 382.842: [GC (CMS Initial Mark) [1 CMS-initial-mark: 134136K(134144K)] 158900K(249344K), 0.0070928 secs] [Times: user=0.02 sys=0.00, real=0.01 secs] 
2023-01-17T04:36:12.942+0800: 382.850: [CMS-concurrent-mark-start]
2023-01-17T04:36:13.005+0800: 382.913: [CMS-concurrent-mark: 0.063/0.063 secs] [Times: user=0.16 sys=0.04, real=0.06 secs] 
2023-01-17T04:36:13.005+0800: 382.913: [CMS-concurrent-preclean-start]
2023-01-17T04:36:13.046+0800: 382.954: [CMS-concurrent-preclean: 0.041/0.041 secs] [Times: user=0.09 sys=0.03, real=0.04 secs] 
2023-01-17T04:36:13.046+0800: 382.954: [CMS-concurrent-abortable-preclean-start]
2023-01-17T04:36:13.046+0800: 382.954: [CMS-concurrent-abortable-preclean: 0.000/0.000 secs] [Times: user=0.00 sys=0.00, real=0.00 secs] 
2023-01-17T04:36:13.049+0800: 382.957: [GC (CMS Final Remark) [YG occupancy: 66970 K (115200 K)]2023-01-17T04:36:13.050+0800: 382.957: [Rescan (parallel) , 0.0151591 secs]2023-01-17T04:36:13.065+0800: 382.973: [weak refs processing, 0.0000424 secs]2023-01-17T04:36:13.065+0800: 382.973: [class unloading, 0.0128426 secs]2023-01-17T04:36:13.078+0800: 382.985: [scrub symbol table, 0.0049668 secs]2023-01-17T04:36:13.083+0800: 382.990: [scrub string table, 0.0009075 secs][1 CMS-remark: 134136K(134144K)] 201106K(249344K), 0.0340851 secs] [Times: user=0.08 sys=0.00, real=0.04 secs] 
2023-01-17T04:36:13.084+0800: 382.992: [CMS-concurrent-sweep-start]
2023-01-17T04:36:13.102+0800: 383.010: [CMS-concurrent-sweep: 0.018/0.018 secs] [Times: user=0.07 sys=0.00, real=0.02 secs] 
2023-01-17T04:36:13.102+0800: 383.010: [CMS-concurrent-reset-start]
2023-01-17T04:36:13.102+0800: 383.010: [CMS-concurrent-reset: 0.000/0.000 secs] [Times: user=0.00 sys=0.00, real=0.00 secs] 
{Heap before GC invocations=565 (full 860):
 par new generation   total 115200K, used 115195K [0x00000000f0000000, 0x00000000f7d00000, 0x00000000f7d00000)
  eden space 102400K, 100% used [0x00000000f0000000, 0x00000000f6400000, 0x00000000f6400000)
  from space 12800K,  99% used [0x00000000f7080000, 0x00000000f7cfee28, 0x00000000f7d00000)
  to   space 12800K,   0% used [0x00000000f6400000, 0x00000000f6400000, 0x00000000f7080000)
 concurrent mark-sweep generation total 134144K, used 134136K [0x00000000f7d00000, 0x0000000100000000, 0x0000000100000000)
 Metaspace       used 52056K, capacity 54894K, committed 55936K, reserved 1097728K
  class space    used 6335K, capacity 6835K, committed 7040K, reserved 1048576K
2023-01-17T04:36:13.218+0800: 383.126: [GC (Allocation Failure) 2023-01-17T04:36:13.219+0800: 383.126: [ParNew: 115195K->115195K(115200K), 0.0000256 secs]2023-01-17T04:36:13.219+0800: 383.126: [CMS: 134136K->134144K(134144K), 0.1910111 secs] 249332K->157555K(249344K), [Metaspace: 52056K->52056K(1097728K)], 0.1913809 secs] [Times: user=0.19 sys=0.00, real=0.20 secs] 
Heap after GC invocations=566 (full 861):
 par new generation   total 115200K, used 23411K [0x00000000f0000000, 0x00000000f7d00000, 0x00000000f7d00000)
  eden space 102400K,  22% used [0x00000000f0000000, 0x00000000f16dce18, 0x00000000f6400000)
  from space 12800K,   0% used [0x00000000f7080000, 0x00000000f7080000, 0x00000000f7d00000)
  to   space 12800K,   0% used [0x00000000f6400000, 0x00000000f6400000, 0x00000000f7080000)
 concurrent mark-sweep generation total 134144K, used 134144K [0x00000000f7d00000, 0x0000000100000000, 0x0000000100000000)
 Metaspace       used 52056K, capacity 54894K, committed 55936K, reserved 1097728K
  class space    used 6335K, capacity 6835K, committed 7040K, reserved 1048576K
}
2023-01-17T04:36:13.414+0800: 383.322: [GC (CMS Initial Mark) [1 CMS-initial-mark: 134144K(134144K)] 157840K(249344K), 0.0075788 secs] [Times: user=0.02 sys=0.00, real=0.01 secs] 
2023-01-17T04:36:13.422+0800: 383.330: [CMS-concurrent-mark-start]
2023-01-17T04:36:13.491+0800: 383.399: [CMS-concurrent-mark: 0.069/0.069 secs] [Times: user=0.18 sys=0.03, real=0.07 secs] 
2023-01-17T04:36:13.491+0800: 383.399: [CMS-concurrent-preclean-start]
2023-01-17T04:36:13.537+0800: 383.445: [CMS-concurrent-preclean: 0.046/0.046 secs] [Times: user=0.12 sys=0.02, real=0.04 secs] 
2023-01-17T04:36:13.537+0800: 383.445: [CMS-concurrent-abortable-preclean-start]
2023-01-17T04:36:13.537+0800: 383.445: [CMS-concurrent-abortable-preclean: 0.000/0.000 secs] [Times: user=0.00 sys=0.00, real=0.00 secs] 
2023-01-17T04:36:13.541+0800: 383.448: [GC (CMS Final Remark) [YG occupancy: 79190 K (115200 K)]2023-01-17T04:36:13.541+0800: 383.449: [Rescan (parallel) , 0.0240260 secs]2023-01-17T04:36:13.565+0800: 383.473: [weak refs processing, 0.0000395 secs]2023-01-17T04:36:13.565+0800: 383.473: [class unloading, 0.0127035 secs]2023-01-17T04:36:13.578+0800: 383.485: [scrub symbol table, 0.0048737 secs]2023-01-17T04:36:13.582+0800: 383.490: [scrub string table, 0.0008963 secs][1 CMS-remark: 134144K(134144K)] 213334K(249344K), 0.0427073 secs] [Times: user=0.09 sys=0.00, real=0.04 secs] 
2023-01-17T04:36:13.584+0800: 383.491: [CMS-concurrent-sweep-start]
2023-01-17T04:36:13.616+0800: 383.524: [CMS-concurrent-sweep: 0.033/0.033 secs] [Times: user=0.08 sys=0.02, real=0.03 secs] 
2023-01-17T04:36:13.617+0800: 383.524: [CMS-concurrent-reset-start]
2023-01-17T04:36:13.617+0800: 383.525: [CMS-concurrent-reset: 0.000/0.000 secs] [Times: user=0.00 sys=0.00, real=0.00 secs] 
{Heap before GC invocations=566 (full 862):
 par new generation   total 115200K, used 115200K [0x00000000f0000000, 0x00000000f7d00000, 0x00000000f7d00000)
  eden space 102400K, 100% used [0x00000000f0000000, 0x00000000f6400000, 0x00000000f6400000)
  from space 12800K, 100% used [0x00000000f7080000, 0x00000000f7d00000, 0x00000000f7d00000)
  to   space 12800K,   0% used [0x00000000f6400000, 0x00000000f6400000, 0x00000000f7080000)
 concurrent mark-sweep generation total 134144K, used 134144K [0x00000000f7d00000, 0x0000000100000000, 0x0000000100000000)
 Metaspace       used 52056K, capacity 54894K, committed 55936K, reserved 1097728K
  class space    used 6335K, capacity 6835K, committed 7040K, reserved 1048576K
2023-01-17T04:36:13.703+0800: 383.610: [GC (Allocation Failure) 2023-01-17T04:36:13.703+0800: 383.611: [ParNew: 115200K->115200K(115200K), 0.0000275 secs]2023-01-17T04:36:13.703+0800: 383.611: [CMS: 134144K->134144K(134144K), 0.1858650 secs] 249344K->157444K(249344K), [Metaspace: 52056K->52056K(1097728K)], 0.1862225 secs] [Times: user=0.19 sys=0.00, real=0.18 secs] 
Heap after GC invocations=567 (full 863):
 par new generation   total 115200K, used 23300K [0x00000000f0000000, 0x00000000f7d00000, 0x00000000f7d00000)
  eden space 102400K,  22% used [0x00000000f0000000, 0x00000000f16c1108, 0x00000000f6400000)
  from space 12800K,   0% used [0x00000000f7080000, 0x00000000f7080000, 0x00000000f7d00000)
  to   space 12800K,   0% used [0x00000000f6400000, 0x00000000f6400000, 0x00000000f7080000)
 concurrent mark-sweep generation total 134144K, used 134144K [0x00000000f7d00000, 0x0000000100000000, 0x0000000100000000)
 Metaspace       used 52056K, capacity 54894K, committed 55936K, reserved 1097728K
  class space    used 6335K, capacity 6835K, committed 7040K, reserved 1048576K
}
2023-01-17T04:36:13.894+0800: 383.802: [GC (CMS Initial Mark) [1 CMS-initial-mark: 134144K(134144K)] 158018K(249344K), 0.0071627 secs] [Times: user=0.02 sys=0.00, real=0.01 secs] 
2023-01-17T04:36:13.901+0800: 383.809: [CMS-concurrent-mark-start]
2023-01-17T04:36:13.993+0800: 383.901: [CMS-concurrent-mark: 0.092/0.092 secs] [Times: user=0.20 sys=0.04, real=0.09 secs] 
2023-01-17T04:36:13.994+0800: 383.901: [CMS-concurrent-preclean-start]
2023-01-17T04:36:14.057+0800: 383.965: [CMS-concurrent-preclean: 0.063/0.063 secs] [Times: user=0.12 sys=0.03, real=0.06 secs] 
2023-01-17T04:36:14.057+0800: 383.965: [CMS-concurrent-abortable-preclean-start]
2023-01-17T04:36:14.057+0800: 383.965: [CMS-concurrent-abortable-preclean: 0.000/0.000 secs] [Times: user=0.00 sys=0.00, real=0.00 secs] 
2023-01-17T04:36:14.061+0800: 383.968: [GC (CMS Final Remark) [YG occupancy: 94325 K (115200 K)]2023-01-17T04:36:14.061+0800: 383.968: [Rescan (parallel) , 0.0256948 secs]2023-01-17T04:36:14.086+0800: 383.994: [weak refs processing, 0.0000472 secs]2023-01-17T04:36:14.086+0800: 383.994: [class unloading, 0.0131743 secs]2023-01-17T04:36:14.100+0800: 384.007: [scrub symbol table, 0.0050269 secs]2023-01-17T04:36:14.105+0800: 384.012: [scrub string table, 0.0008867 secs][1 CMS-remark: 134144K(134144K)] 228469K(249344K), 0.0450388 secs] [Times: user=0.11 sys=0.00, real=0.04 secs] 
2023-01-17T04:36:14.106+0800: 384.014: [CMS-concurrent-sweep-start]
2023-01-17T04:36:14.127+0800: 384.034: [CMS-concurrent-sweep: 0.020/0.020 secs] [Times: user=0.08 sys=0.00, real=0.02 secs] 
2023-01-17T04:36:14.127+0800: 384.035: [CMS-concurrent-reset-start]
2023-01-17T04:36:14.127+0800: 384.035: [CMS-concurrent-reset: 0.000/0.000 secs] [Times: user=0.00 sys=0.00, real=0.00 secs] 
{Heap before GC invocations=567 (full 864):
 par new generation   total 115200K, used 115199K [0x00000000f0000000, 0x00000000f7d00000, 0x00000000f7d00000)
  eden space 102400K, 100% used [0x00000000f0000000, 0x00000000f6400000, 0x00000000f6400000)
  from space 12800K,  99% used [0x00000000f7080000, 0x00000000f7cffff8, 0x00000000f7d00000)
  to   space 12800K,   0% used [0x00000000f6400000, 0x00000000f6400000, 0x00000000f7080000)
 concurrent mark-sweep generation total 134144K, used 134144K [0x00000000f7d00000, 0x0000000100000000, 0x0000000100000000)
 Metaspace       used 52056K, capacity 54894K, committed 55936K, reserved 1097728K
  class space    used 6335K, capacity 6835K, committed 7040K, reserved 1048576K
2023-01-17T04:36:14.193+0800: 384.101: [GC (Allocation Failure) 2023-01-17T04:36:14.193+0800: 384.101: [ParNew: 115199K->115199K(115200K), 0.0000232 secs]2023-01-17T04:36:14.193+0800: 384.101: [CMS: 134144K->134144K(134144K), 0.2032510 secs] 249343K->157467K(249344K), [Metaspace: 52056K->52056K(1097728K)], 0.2036670 secs] [Times: user=0.21 sys=0.00, real=0.20 secs] 
Heap after GC invocations=568 (full 865):
 par new generation   total 115200K, used 23323K [0x00000000f0000000, 0x00000000f7d00000, 0x00000000f7d00000)
  eden space 102400K,  22% used [0x00000000f0000000, 0x00000000f16c6ce8, 0x00000000f6400000)
  from space 12800K,   0% used [0x00000000f7080000, 0x00000000f7080000, 0x00000000f7d00000)
  to   space 12800K,   0% used [0x00000000f6400000, 0x00000000f6400000, 0x00000000f7080000)
 concurrent mark-sweep generation total 134144K, used 134144K [0x00000000f7d00000, 0x0000000100000000, 0x0000000100000000)
 Metaspace       used 52056K, capacity 54894K, committed 55936K, reserved 1097728K
  class space    used 6335K, capacity 6835K, committed 7040K, reserved 1048576K
}
2023-01-17T04:36:14.401+0800: 384.309: [GC (CMS Initial Mark) [1 CMS-initial-mark: 134144K(134144K)] 157999K(249344K), 0.0082096 secs] [Times: user=0.02 sys=0.00, real=0.01 secs] 
2023-01-17T04:36:14.410+0800: 384.318: [CMS-concurrent-mark-start]
2023-01-17T04:36:14.576+0800: 384.484: [CMS-concurrent-mark: 0.167/0.167 secs] [Times: user=0.41 sys=0.07, real=0.16 secs] 
2023-01-17T04:36:14.577+0800: 384.485: [CMS-concurrent-preclean-start]
2023-01-17T04:36:14.632+0800: 384.539: [CMS-concurrent-preclean: 0.054/0.054 secs] [Times: user=0.14 sys=0.02, real=0.06 secs] 
2023-01-17T04:36:14.632+0800: 384.540: [CMS-concurrent-abortable-preclean-start]
2023-01-17T04:36:14.632+0800: 384.540: [CMS-concurrent-abortable-preclean: 0.000/0.000 secs] [Times: user=0.00 sys=0.00, real=0.00 secs] 
2023-01-17T04:36:14.638+0800: 384.545: [GC (CMS Final Remark) [YG occupancy: 115166 K (115200 K)]2023-01-17T04:36:14.638+0800: 384.546: [Rescan (parallel) , 0.0394689 secs]2023-01-17T04:36:14.677+0800: 384.585: [weak refs processing, 0.0000548 secs]2023-01-17T04:36:14.677+0800: 384.585: [class unloading, 0.0169886 secs]2023-01-17T04:36:14.694+0800: 384.602: [scrub symbol table, 0.0060659 secs]2023-01-17T04:36:14.700+0800: 384.608: [scrub string table, 0.0013937 secs][1 CMS-remark: 134144K(134144K)] 249310K(249344K), 0.0641790 secs] [Times: user=0.13 sys=0.00, real=0.07 secs] 
2023-01-17T04:36:14.702+0800: 384.610: [CMS-concurrent-sweep-start]
{Heap before GC invocations=568 (full 866):
 par new generation   total 115200K, used 115199K [0x00000000f0000000, 0x00000000f7d00000, 0x00000000f7d00000)
  eden space 102400K, 100% used [0x00000000f0000000, 0x00000000f6400000, 0x00000000f6400000)
  from space 12800K,  99% used [0x00000000f7080000, 0x00000000f7cffe48, 0x00000000f7d00000)
  to   space 12800K,   0% used [0x00000000f6400000, 0x00000000f6400000, 0x00000000f7080000)
 concurrent mark-sweep generation total 134144K, used 134144K [0x00000000f7d00000, 0x0000000100000000, 0x0000000100000000)
 Metaspace       used 52058K, capacity 54894K, committed 55936K, reserved 1097728K
  class space    used 6335K, capacity 6835K, committed 7040K, reserved 1048576K
2023-01-17T04:36:14.707+0800: 384.615: [Full GC (Allocation Failure) 2023-01-17T04:36:14.707+0800: 384.615: [CMS2023-01-17T04:36:14.736+0800: 384.644: [CMS-concurrent-sweep: 0.013/0.034 secs] [Times: user=0.03 sys=0.00, real=0.03 secs] 
 (concurrent mode failure): 134144K->134143K(134144K), 0.2182562 secs] 249343K->157613K(249344K), [Metaspace: 52058K->52058K(1097728K)], 0.2186828 secs] [Times: user=0.21 sys=0.00, real=0.22 secs] 
Heap after GC invocations=569 (full 867):
 par new generation   total 115200K, used 23469K [0x00000000f0000000, 0x00000000f7d00000, 0x00000000f7d00000)
  eden space 102400K,  22% used [0x00000000f0000000, 0x00000000f16eb4a0, 0x00000000f6400000)
  from space 12800K,   0% used [0x00000000f7080000, 0x00000000f7080000, 0x00000000f7d00000)
  to   space 12800K,   0% used [0x00000000f6400000, 0x00000000f6400000, 0x00000000f7080000)
 concurrent mark-sweep generation total 134144K, used 134143K [0x00000000f7d00000, 0x0000000100000000, 0x0000000100000000)
 Metaspace       used 52058K, capacity 54894K, committed 55936K, reserved 1097728K
  class space    used 6335K, capacity 6835K, committed 7040K, reserved 1048576K
}
{Heap before GC invocations=569 (full 867):
 par new generation   total 115200K, used 115200K [0x00000000f0000000, 0x00000000f7d00000, 0x00000000f7d00000)
  eden space 102400K, 100% used [0x00000000f0000000, 0x00000000f6400000, 0x00000000f6400000)
  from space 12800K, 100% used [0x00000000f7080000, 0x00000000f7d00000, 0x00000000f7d00000)
  to   space 12800K,   0% used [0x00000000f6400000, 0x00000000f6400000, 0x00000000f7080000)
 concurrent mark-sweep generation total 134144K, used 134143K [0x00000000f7d00000, 0x0000000100000000, 0x0000000100000000)
 Metaspace       used 52058K, capacity 54894K, committed 55936K, reserved 1097728K
  class space    used 6335K, capacity 6835K, committed 7040K, reserved 1048576K
2023-01-17T04:36:15.103+0800: 385.011: [Full GC (Allocation Failure) 2023-01-17T04:36:15.103+0800: 385.011: [CMS: 134143K->134143K(134144K), 0.2410040 secs] 249343K->157398K(249344K), [Metaspace: 52058K->52058K(1097728K)], 0.2414232 secs] [Times: user=0.24 sys=0.00, real=0.24 secs] 
Heap after GC invocations=570 (full 868):
 par new generation   total 115200K, used 23254K [0x00000000f0000000, 0x00000000f7d00000, 0x00000000f7d00000)
  eden space 102400K,  22% used [0x00000000f0000000, 0x00000000f16b5a68, 0x00000000f6400000)
  from space 12800K,   0% used [0x00000000f7080000, 0x00000000f7080000, 0x00000000f7d00000)
  to   space 12800K,   0% used [0x00000000f6400000, 0x00000000f6400000, 0x00000000f7080000)
 concurrent mark-sweep generation total 134144K, used 134143K [0x00000000f7d00000, 0x0000000100000000, 0x0000000100000000)
 Metaspace       used 52058K, capacity 54894K, committed 55936K, reserved 1097728K
  class space    used 6335K, capacity 6835K, committed 7040K, reserved 1048576K
}
2023-01-17T04:36:15.351+0800: 385.259: [GC (CMS Initial Mark) [1 CMS-initial-mark: 134143K(134144K)] 158928K(249344K), 0.0086517 secs] [Times: user=0.02 sys=0.00, real=0.01 secs] 
2023-01-17T04:36:15.360+0800: 385.268: [CMS-concurrent-mark-start]
2023-01-17T04:36:15.413+0800: 385.321: [CMS-concurrent-mark: 0.053/0.053 secs] [Times: user=0.09 sys=0.01, real=0.05 secs] 
2023-01-17T04:36:15.413+0800: 385.321: [CMS-concurrent-preclean-start]
2023-01-17T04:36:15.486+0800: 385.394: [CMS-concurrent-preclean: 0.073/0.073 secs] [Times: user=0.15 sys=0.02, real=0.07 secs] 
2023-01-17T04:36:15.487+0800: 385.394: [CMS-concurrent-abortable-preclean-start]
2023-01-17T04:36:15.487+0800: 385.394: [CMS-concurrent-abortable-preclean: 0.000/0.000 secs] [Times: user=0.00 sys=0.00, real=0.00 secs] 
2023-01-17T04:36:15.514+0800: 385.422: [GC (CMS Final Remark) [YG occupancy: 96109 K (115200 K)]2023-01-17T04:36:15.514+0800: 385.422: [Rescan (parallel) , 0.0336278 secs]2023-01-17T04:36:15.548+0800: 385.456: [weak refs processing, 0.0000418 secs]2023-01-17T04:36:15.548+0800: 385.456: [class unloading, 0.0132745 secs]2023-01-17T04:36:15.561+0800: 385.469: [scrub symbol table, 0.0049122 secs]2023-01-17T04:36:15.566+0800: 385.474: [scrub string table, 0.0009135 secs][1 CMS-remark: 134143K(134144K)] 230253K(249344K), 0.0529513 secs] [Times: user=0.12 sys=0.00, real=0.05 secs] 
2023-01-17T04:36:15.568+0800: 385.475: [CMS-concurrent-sweep-start]
2023-01-17T04:36:15.587+0800: 385.495: [CMS-concurrent-sweep: 0.019/0.019 secs] [Times: user=0.07 sys=0.01, real=0.02 secs] 
2023-01-17T04:36:15.587+0800: 385.495: [CMS-concurrent-reset-start]
2023-01-17T04:36:15.587+0800: 385.495: [CMS-concurrent-reset: 0.000/0.000 secs] [Times: user=0.00 sys=0.00, real=0.00 secs] 
{Heap before GC invocations=570 (full 869):
 par new generation   total 115200K, used 115199K [0x00000000f0000000, 0x00000000f7d00000, 0x00000000f7d00000)
  eden space 102400K, 100% used [0x00000000f0000000, 0x00000000f6400000, 0x00000000f6400000)
  from space 12800K,  99% used [0x00000000f7080000, 0x00000000f7cfffc8, 0x00000000f7d00000)
  to   space 12800K,   0% used [0x00000000f6400000, 0x00000000f6400000, 0x00000000f7080000)
 concurrent mark-sweep generation total 134144K, used 134143K [0x00000000f7d00000, 0x0000000100000000, 0x0000000100000000)
 Metaspace       used 52058K, capacity 54894K, committed 55936K, reserved 1097728K
  class space    used 6335K, capacity 6835K, committed 7040K, reserved 1048576K
2023-01-17T04:36:15.654+0800: 385.561: [GC (Allocation Failure) 2023-01-17T04:36:15.654+0800: 385.562: [ParNew: 115199K->115199K(115200K), 0.0000272 secs]2023-01-17T04:36:15.654+0800: 385.562: [CMS: 134143K->134143K(134144K), 0.1869874 secs] 249343K->157417K(249344K), [Metaspace: 52058K->52058K(1097728K)], 0.1873811 secs] [Times: user=0.18 sys=0.00, real=0.19 secs] 
Heap after GC invocations=571 (full 870):
 par new generation   total 115200K, used 23273K [0x00000000f0000000, 0x00000000f7d00000, 0x00000000f7d00000)
  eden space 102400K,  22% used [0x00000000f0000000, 0x00000000f16ba7a8, 0x00000000f6400000)
  from space 12800K,   0% used [0x00000000f7080000, 0x00000000f7080000, 0x00000000f7d00000)
  to   space 12800K,   0% used [0x00000000f6400000, 0x00000000f6400000, 0x00000000f7080000)
 concurrent mark-sweep generation total 134144K, used 134143K [0x00000000f7d00000, 0x0000000100000000, 0x0000000100000000)
 Metaspace       used 52058K, capacity 54894K, committed 55936K, reserved 1097728K
  class space    used 6335K, capacity 6835K, committed 7040K, reserved 1048576K
}
2023-01-17T04:36:15.845+0800: 385.753: [GC (CMS Initial Mark) [1 CMS-initial-mark: 134143K(134144K)] 157541K(249344K), 0.0065456 secs] [Times: user=0.01 sys=0.00, real=0.01 secs] 
2023-01-17T04:36:15.852+0800: 385.759: [CMS-concurrent-mark-start]
2023-01-17T04:36:15.917+0800: 385.824: [CMS-concurrent-mark: 0.065/0.065 secs] [Times: user=0.15 sys=0.01, real=0.06 secs] 
2023-01-17T04:36:15.917+0800: 385.825: [CMS-concurrent-preclean-start]
2023-01-17T04:36:15.951+0800: 385.858: [CMS-concurrent-preclean: 0.034/0.034 secs] [Times: user=0.05 sys=0.01, real=0.04 secs] 
2023-01-17T04:36:15.951+0800: 385.859: [CMS-concurrent-abortable-preclean-start]
2023-01-17T04:36:15.951+0800: 385.859: [CMS-concurrent-abortable-preclean: 0.000/0.000 secs] [Times: user=0.01 sys=0.00, real=0.00 secs] 
2023-01-17T04:36:15.955+0800: 385.862: [GC (CMS Final Remark) [YG occupancy: 60672 K (115200 K)]2023-01-17T04:36:15.955+0800: 385.863: [Rescan (parallel) , 0.0135511 secs]2023-01-17T04:36:15.968+0800: 385.876: [weak refs processing, 0.0000395 secs]2023-01-17T04:36:15.968+0800: 385.876: [class unloading, 0.0125208 secs]2023-01-17T04:36:15.981+0800: 385.889: [scrub symbol table, 0.0048090 secs]2023-01-17T04:36:15.986+0800: 385.894: [scrub string table, 0.0009334 secs][1 CMS-remark: 134143K(134144K)] 194816K(249344K), 0.0320001 secs] [Times: user=0.07 sys=0.00, real=0.03 secs] 
2023-01-17T04:36:15.987+0800: 385.895: [CMS-concurrent-sweep-start]
2023-01-17T04:36:16.006+0800: 385.913: [CMS-concurrent-sweep: 0.019/0.019 secs] [Times: user=0.06 sys=0.01, real=0.02 secs] 
2023-01-17T04:36:16.006+0800: 385.914: [CMS-concurrent-reset-start]
2023-01-17T04:36:16.006+0800: 385.914: [CMS-concurrent-reset: 0.000/0.000 secs] [Times: user=0.00 sys=0.00, real=0.00 secs] 
{Heap before GC invocations=571 (full 871):
 par new generation   total 115200K, used 115199K [0x00000000f0000000, 0x00000000f7d00000, 0x00000000f7d00000)
  eden space 102400K, 100% used [0x00000000f0000000, 0x00000000f6400000, 0x00000000f6400000)
  from space 12800K,  99% used [0x00000000f7080000, 0x00000000f7cffff0, 0x00000000f7d00000)
  to   space 12800K,   0% used [0x00000000f6400000, 0x00000000f6400000, 0x00000000f7080000)
 concurrent mark-sweep generation total 134144K, used 134143K [0x00000000f7d00000, 0x0000000100000000, 0x0000000100000000)
 Metaspace       used 52058K, capacity 54894K, committed 55936K, reserved 1097728K
  class space    used 6335K, capacity 6835K, committed 7040K, reserved 1048576K
2023-01-17T04:36:16.186+0800: 386.093: [GC (Allocation Failure) 2023-01-17T04:36:16.186+0800: 386.094: [ParNew: 115199K->115199K(115200K), 0.0000268 secs]2023-01-17T04:36:16.186+0800: 386.094: [CMS: 134143K->134143K(134144K), 0.1879676 secs] 249343K->157550K(249344K), [Metaspace: 52058K->52058K(1097728K)], 0.1883483 secs] [Times: user=0.19 sys=0.00, real=0.19 secs] 
Heap after GC invocations=572 (full 872):
 par new generation   total 115200K, used 23406K [0x00000000f0000000, 0x00000000f7d00000, 0x00000000f7d00000)
  eden space 102400K,  22% used [0x00000000f0000000, 0x00000000f16db8f8, 0x00000000f6400000)
  from space 12800K,   0% used [0x00000000f7080000, 0x00000000f7080000, 0x00000000f7d00000)
  to   space 12800K,   0% used [0x00000000f6400000, 0x00000000f6400000, 0x00000000f7080000)
 concurrent mark-sweep generation total 134144K, used 134143K [0x00000000f7d00000, 0x0000000100000000, 0x0000000100000000)
 Metaspace       used 52058K, capacity 54894K, committed 55936K, reserved 1097728K
  class space    used 6335K, capacity 6835K, committed 7040K, reserved 1048576K
}
2023-01-17T04:36:16.408+0800: 386.316: [GC (CMS Initial Mark) [1 CMS-initial-mark: 134143K(134144K)] 172295K(249344K), 0.0173111 secs] [Times: user=0.04 sys=0.00, real=0.02 secs] 
2023-01-17T04:36:16.426+0800: 386.334: [CMS-concurrent-mark-start]
2023-01-17T04:36:16.501+0800: 386.409: [CMS-concurrent-mark: 0.075/0.075 secs] [Times: user=0.15 sys=0.02, real=0.08 secs] 
2023-01-17T04:36:16.501+0800: 386.409: [CMS-concurrent-preclean-start]
2023-01-17T04:36:16.559+0800: 386.467: [CMS-concurrent-preclean: 0.058/0.058 secs] [Times: user=0.16 sys=0.02, real=0.05 secs] 
2023-01-17T04:36:16.560+0800: 386.467: [CMS-concurrent-abortable-preclean-start]
2023-01-17T04:36:16.560+0800: 386.467: [CMS-concurrent-abortable-preclean: 0.000/0.000 secs] [Times: user=0.00 sys=0.00, real=0.00 secs] 
2023-01-17T04:36:16.565+0800: 386.473: [GC (CMS Final Remark) [YG occupancy: 103210 K (115200 K)]2023-01-17T04:36:16.565+0800: 386.473: [Rescan (parallel) , 0.0333082 secs]2023-01-17T04:36:16.599+0800: 386.507: [weak refs processing, 0.0000569 secs]2023-01-17T04:36:16.599+0800: 386.507: [class unloading, 0.0182645 secs]2023-01-17T04:36:16.617+0800: 386.525: [scrub symbol table, 0.0081474 secs]2023-01-17T04:36:16.625+0800: 386.533: [scrub string table, 0.0012953 secs][1 CMS-remark: 134143K(134144K)] 237354K(249344K), 0.0612774 secs] [Times: user=0.13 sys=0.00, real=0.06 secs] 
2023-01-17T04:36:16.627+0800: 386.535: [CMS-concurrent-sweep-start]
2023-01-17T04:36:16.648+0800: 386.556: [CMS-concurrent-sweep: 0.021/0.021 secs] [Times: user=0.06 sys=0.00, real=0.02 secs] 
2023-01-17T04:36:16.648+0800: 386.556: [CMS-concurrent-reset-start]
2023-01-17T04:36:16.648+0800: 386.556: [CMS-concurrent-reset: 0.000/0.000 secs] [Times: user=0.00 sys=0.00, real=0.00 secs] 
{Heap before GC invocations=572 (full 873):
 par new generation   total 115200K, used 115199K [0x00000000f0000000, 0x00000000f7d00000, 0x00000000f7d00000)
  eden space 102400K, 100% used [0x00000000f0000000, 0x00000000f6400000, 0x00000000f6400000)
  from space 12800K,  99% used [0x00000000f7080000, 0x00000000f7cfff70, 0x00000000f7d00000)
  to   space 12800K,   0% used [0x00000000f6400000, 0x00000000f6400000, 0x00000000f7080000)
 concurrent mark-sweep generation total 134144K, used 134143K [0x00000000f7d00000, 0x0000000100000000, 0x0000000100000000)
 Metaspace       used 52058K, capacity 54894K, committed 55936K, reserved 1097728K
  class space    used 6335K, capacity 6835K, committed 7040K, reserved 1048576K
2023-01-17T04:36:16.699+0800: 386.607: [GC (Allocation Failure) 2023-01-17T04:36:16.699+0800: 386.607: [ParNew: 115199K->115199K(115200K), 0.0000281 secs]2023-01-17T04:36:16.699+0800: 386.607: [CMS: 134143K->134143K(134144K), 0.1860662 secs] 249343K->157312K(249344K), [Metaspace: 52058K->52058K(1097728K)], 0.1865215 secs] [Times: user=0.19 sys=0.00, real=0.19 secs] 
Heap after GC invocations=573 (full 874):
 par new generation   total 115200K, used 23168K [0x00000000f0000000, 0x00000000f7d00000, 0x00000000f7d00000)
  eden space 102400K,  22% used [0x00000000f0000000, 0x00000000f16a01f0, 0x00000000f6400000)
  from space 12800K,   0% used [0x00000000f7080000, 0x00000000f7080000, 0x00000000f7d00000)
  to   space 12800K,   0% used [0x00000000f6400000, 0x00000000f6400000, 0x00000000f7080000)
 concurrent mark-sweep generation total 134144K, used 134143K [0x00000000f7d00000, 0x0000000100000000, 0x0000000100000000)
 Metaspace       used 52058K, capacity 54894K, committed 55936K, reserved 1097728K
  class space    used 6335K, capacity 6835K, committed 7040K, reserved 1048576K
}
2023-01-17T04:36:16.892+0800: 386.799: [GC (CMS Initial Mark) [1 CMS-initial-mark: 134143K(134144K)] 159155K(249344K), 0.0068970 secs] [Times: user=0.02 sys=0.00, real=0.00 secs] 
2023-01-17T04:36:16.899+0800: 386.807: [CMS-concurrent-mark-start]
2023-01-17T04:36:16.952+0800: 386.860: [CMS-concurrent-mark: 0.053/0.053 secs] [Times: user=0.12 sys=0.02, real=0.06 secs] 
2023-01-17T04:36:16.952+0800: 386.860: [CMS-concurrent-preclean-start]
2023-01-17T04:36:16.992+0800: 386.900: [CMS-concurrent-preclean: 0.040/0.040 secs] [Times: user=0.11 sys=0.02, real=0.04 secs] 
2023-01-17T04:36:16.993+0800: 386.901: [CMS-concurrent-abortable-preclean-start]
2023-01-17T04:36:16.993+0800: 386.901: [CMS-concurrent-abortable-preclean: 0.000/0.000 secs] [Times: user=0.00 sys=0.00, real=0.00 secs] 
2023-01-17T04:36:16.996+0800: 386.904: [GC (CMS Final Remark) [YG occupancy: 69438 K (115200 K)]2023-01-17T04:36:16.996+0800: 386.904: [Rescan (parallel) , 0.0221861 secs]2023-01-17T04:36:17.019+0800: 386.926: [weak refs processing, 0.0000398 secs]2023-01-17T04:36:17.019+0800: 386.926: [class unloading, 0.0127971 secs]2023-01-17T04:36:17.031+0800: 386.939: [scrub symbol table, 0.0048918 secs]2023-01-17T04:36:17.036+0800: 386.944: [scrub string table, 0.0008780 secs][1 CMS-remark: 134143K(134144K)] 203582K(249344K), 0.0409537 secs] [Times: user=0.09 sys=0.00, real=0.04 secs] 
2023-01-17T04:36:17.037+0800: 386.945: [CMS-concurrent-sweep-start]
2023-01-17T04:36:17.054+0800: 386.962: [CMS-concurrent-sweep: 0.016/0.016 secs] [Times: user=0.05 sys=0.00, real=0.02 secs] 
2023-01-17T04:36:17.054+0800: 386.962: [CMS-concurrent-reset-start]
2023-01-17T04:36:17.054+0800: 386.962: [CMS-concurrent-reset: 0.000/0.000 secs] [Times: user=0.00 sys=0.00, real=0.00 secs] 
{Heap before GC invocations=573 (full 875):
 par new generation   total 115200K, used 115199K [0x00000000f0000000, 0x00000000f7d00000, 0x00000000f7d00000)
  eden space 102400K, 100% used [0x00000000f0000000, 0x00000000f6400000, 0x00000000f6400000)
  from space 12800K,  99% used [0x00000000f7080000, 0x00000000f7cffff8, 0x00000000f7d00000)
  to   space 12800K,   0% used [0x00000000f6400000, 0x00000000f6400000, 0x00000000f7080000)
 concurrent mark-sweep generation total 134144K, used 134143K [0x00000000f7d00000, 0x0000000100000000, 0x0000000100000000)
 Metaspace       used 52058K, capacity 54894K, committed 55936K, reserved 1097728K
  class space    used 6335K, capacity 6835K, committed 7040K, reserved 1048576K
2023-01-17T04:36:17.162+0800: 387.069: [GC (Allocation Failure) 2023-01-17T04:36:17.162+0800: 387.070: [ParNew: 115199K->115199K(115200K), 0.0000263 secs]2023-01-17T04:36:17.162+0800: 387.070: [CMS: 134143K->134143K(134144K), 0.1910245 secs] 249343K->157597K(249344K), [Metaspace: 52058K->52058K(1097728K)], 0.1914038 secs] [Times: user=0.19 sys=0.00, real=0.19 secs] 
Heap after GC invocations=574 (full 876):
 par new generation   total 115200K, used 23454K [0x00000000f0000000, 0x00000000f7d00000, 0x00000000f7d00000)
  eden space 102400K,  22% used [0x00000000f0000000, 0x00000000f16e7800, 0x00000000f6400000)
  from space 12800K,   0% used [0x00000000f7080000, 0x00000000f7080000, 0x00000000f7d00000)
  to   space 12800K,   0% used [0x00000000f6400000, 0x00000000f6400000, 0x00000000f7080000)
 concurrent mark-sweep generation total 134144K, used 134143K [0x00000000f7d00000, 0x0000000100000000, 0x0000000100000000)
 Metaspace       used 52058K, capacity 54894K, committed 55936K, reserved 1097728K
  class space    used 6335K, capacity 6835K, committed 7040K, reserved 1048576K
}
2023-01-17T04:36:17.357+0800: 387.265: [GC (CMS Initial Mark) [1 CMS-initial-mark: 134143K(134144K)] 157818K(249344K), 0.0056945 secs] [Times: user=0.02 sys=0.00, real=0.01 secs] 
2023-01-17T04:36:17.363+0800: 387.271: [CMS-concurrent-mark-start]
2023-01-17T04:36:17.419+0800: 387.327: [CMS-concurrent-mark: 0.056/0.056 secs] [Times: user=0.11 sys=0.01, real=0.05 secs] 
2023-01-17T04:36:17.419+0800: 387.327: [CMS-concurrent-preclean-start]
2023-01-17T04:36:17.464+0800: 387.372: [CMS-concurrent-preclean: 0.045/0.045 secs] [Times: user=0.11 sys=0.02, real=0.05 secs] 
2023-01-17T04:36:17.465+0800: 387.372: [CMS-concurrent-abortable-preclean-start]
2023-01-17T04:36:17.465+0800: 387.372: [CMS-concurrent-abortable-preclean: 0.000/0.000 secs] [Times: user=0.00 sys=0.00, real=0.00 secs] 
2023-01-17T04:36:17.468+0800: 387.376: [GC (CMS Final Remark) [YG occupancy: 65898 K (115200 K)]2023-01-17T04:36:17.468+0800: 387.376: [Rescan (parallel) , 0.0150751 secs]2023-01-17T04:36:17.483+0800: 387.391: [weak refs processing, 0.0000396 secs]2023-01-17T04:36:17.483+0800: 387.391: [class unloading, 0.0126659 secs]2023-01-17T04:36:17.496+0800: 387.404: [scrub symbol table, 0.0048529 secs]2023-01-17T04:36:17.501+0800: 387.409: [scrub string table, 0.0009003 secs][1 CMS-remark: 134143K(134144K)] 200042K(249344K), 0.0336829 secs] [Times: user=0.07 sys=0.00, real=0.04 secs] 
2023-01-17T04:36:17.503+0800: 387.410: [CMS-concurrent-sweep-start]
2023-01-17T04:36:17.518+0800: 387.426: [CMS-concurrent-sweep: 0.016/0.016 secs] [Times: user=0.04 sys=0.00, real=0.01 secs] 
2023-01-17T04:36:17.518+0800: 387.426: [CMS-concurrent-reset-start]
2023-01-17T04:36:17.519+0800: 387.426: [CMS-concurrent-reset: 0.000/0.000 secs] [Times: user=0.00 sys=0.00, real=0.00 secs] 
{Heap before GC invocations=574 (full 877):
 par new generation   total 115200K, used 115200K [0x00000000f0000000, 0x00000000f7d00000, 0x00000000f7d00000)
  eden space 102400K, 100% used [0x00000000f0000000, 0x00000000f6400000, 0x00000000f6400000)
  from space 12800K, 100% used [0x00000000f7080000, 0x00000000f7d00000, 0x00000000f7d00000)
  to   space 12800K,   0% used [0x00000000f6400000, 0x00000000f6400000, 0x00000000f7080000)
 concurrent mark-sweep generation total 134144K, used 134143K [0x00000000f7d00000, 0x0000000100000000, 0x0000000100000000)
 Metaspace       used 52058K, capacity 54894K, committed 55936K, reserved 1097728K
  class space    used 6335K, capacity 6835K, committed 7040K, reserved 1048576K
2023-01-17T04:36:17.659+0800: 387.566: [GC (Allocation Failure) 2023-01-17T04:36:17.659+0800: 387.567: [ParNew: 115200K->115200K(115200K), 0.0003963 secs]2023-01-17T04:36:17.659+0800: 387.567: [CMS: 134143K->134143K(134144K), 0.1908694 secs] 249343K->157319K(249344K), [Metaspace: 52058K->52058K(1097728K)], 0.1916668 secs] [Times: user=0.19 sys=0.00, real=0.20 secs] 
Heap after GC invocations=575 (full 878):
 par new generation   total 115200K, used 23175K [0x00000000f0000000, 0x00000000f7d00000, 0x00000000f7d00000)
  eden space 102400K,  22% used [0x00000000f0000000, 0x00000000f16a1fe0, 0x00000000f6400000)
  from space 12800K,   0% used [0x00000000f7080000, 0x00000000f7080000, 0x00000000f7d00000)
  to   space 12800K,   0% used [0x00000000f6400000, 0x00000000f6400000, 0x00000000f7080000)
 concurrent mark-sweep generation total 134144K, used 134143K [0x00000000f7d00000, 0x0000000100000000, 0x0000000100000000)
 Metaspace       used 52058K, capacity 54894K, committed 55936K, reserved 1097728K
  class space    used 6335K, capacity 6835K, committed 7040K, reserved 1048576K
}
2023-01-17T04:36:17.864+0800: 387.772: [GC (CMS Initial Mark) [1 CMS-initial-mark: 134143K(134144K)] 159485K(249344K), 0.0156250 secs] [Times: user=0.03 sys=0.00, real=0.02 secs] 
2023-01-17T04:36:17.880+0800: 387.788: [CMS-concurrent-mark-start]
2023-01-17T04:36:17.976+0800: 387.884: [CMS-concurrent-mark: 0.096/0.096 secs] [Times: user=0.22 sys=0.04, real=0.09 secs] 
2023-01-17T04:36:17.976+0800: 387.884: [CMS-concurrent-preclean-start]
2023-01-17T04:36:18.026+0800: 387.934: [CMS-concurrent-preclean: 0.050/0.050 secs] [Times: user=0.09 sys=0.01, real=0.05 secs] 
2023-01-17T04:36:18.026+0800: 387.934: [CMS-concurrent-abortable-preclean-start]
2023-01-17T04:36:18.026+0800: 387.934: [CMS-concurrent-abortable-preclean: 0.000/0.000 secs] [Times: user=0.00 sys=0.00, real=0.00 secs] 
2023-01-17T04:36:18.034+0800: 387.942: [GC (CMS Final Remark) [YG occupancy: 92329 K (115200 K)]2023-01-17T04:36:18.034+0800: 387.942: [Rescan (parallel) , 0.0313040 secs]2023-01-17T04:36:18.066+0800: 387.974: [weak refs processing, 0.0000639 secs]2023-01-17T04:36:18.066+0800: 387.974: [class unloading, 0.0183062 secs]2023-01-17T04:36:18.084+0800: 387.992: [scrub symbol table, 0.0072685 secs]2023-01-17T04:36:18.091+0800: 387.999: [scrub string table, 0.0012817 secs][1 CMS-remark: 134143K(134144K)] 226473K(249344K), 0.0584473 secs] [Times: user=0.11 sys=0.00, real=0.06 secs] 
2023-01-17T04:36:18.093+0800: 388.001: [CMS-concurrent-sweep-start]
2023-01-17T04:36:18.116+0800: 388.024: [CMS-concurrent-sweep: 0.023/0.023 secs] [Times: user=0.05 sys=0.01, real=0.02 secs] 
2023-01-17T04:36:18.116+0800: 388.024: [CMS-concurrent-reset-start]
2023-01-17T04:36:18.116+0800: 388.024: [CMS-concurrent-reset: 0.000/0.000 secs] [Times: user=0.00 sys=0.00, real=0.00 secs] 
{Heap before GC invocations=575 (full 879):
 par new generation   total 115200K, used 115199K [0x00000000f0000000, 0x00000000f7d00000, 0x00000000f7d00000)
  eden space 102400K, 100% used [0x00000000f0000000, 0x00000000f6400000, 0x00000000f6400000)
  from space 12800K,  99% used [0x00000000f7080000, 0x00000000f7cfffa8, 0x00000000f7d00000)
  to   space 12800K,   0% used [0x00000000f6400000, 0x00000000f6400000, 0x00000000f7080000)
 concurrent mark-sweep generation total 134144K, used 134143K [0x00000000f7d00000, 0x0000000100000000, 0x0000000100000000)
 Metaspace       used 52058K, capacity 54894K, committed 55936K, reserved 1097728K
  class space    used 6335K, capacity 6835K, committed 7040K, reserved 1048576K
2023-01-17T04:36:18.194+0800: 388.101: [GC (Allocation Failure) 2023-01-17T04:36:18.194+0800: 388.102: [ParNew: 115199K->115199K(115200K), 0.0000335 secs]2023-01-17T04:36:18.194+0800: 388.102: [CMS: 134143K->134143K(134144K), 0.1929152 secs] 249343K->157624K(249344K), [Metaspace: 52058K->52058K(1097728K)], 0.1933826 secs] [Times: user=0.19 sys=0.00, real=0.19 secs] 
Heap after GC invocations=576 (full 880):
 par new generation   total 115200K, used 23481K [0x00000000f0000000, 0x00000000f7d00000, 0x00000000f7d00000)
  eden space 102400K,  22% used [0x00000000f0000000, 0x00000000f16ee428, 0x00000000f6400000)
  from space 12800K,   0% used [0x00000000f7080000, 0x00000000f7080000, 0x00000000f7d00000)
  to   space 12800K,   0% used [0x00000000f6400000, 0x00000000f6400000, 0x00000000f7080000)
 concurrent mark-sweep generation total 134144K, used 134143K [0x00000000f7d00000, 0x0000000100000000, 0x0000000100000000)
 Metaspace       used 52058K, capacity 54894K, committed 55936K, reserved 1097728K
  class space    used 6335K, capacity 6835K, committed 7040K, reserved 1048576K
}
2023-01-17T04:36:18.391+0800: 388.298: [GC (CMS Initial Mark) [1 CMS-initial-mark: 134143K(134144K)] 157687K(249344K), 0.0065219 secs] [Times: user=0.02 sys=0.00, real=0.00 secs] 
2023-01-17T04:36:18.397+0800: 388.305: [CMS-concurrent-mark-start]
2023-01-17T04:36:18.457+0800: 388.365: [CMS-concurrent-mark: 0.060/0.060 secs] [Times: user=0.17 sys=0.03, real=0.06 secs] 
2023-01-17T04:36:18.457+0800: 388.365: [CMS-concurrent-preclean-start]
2023-01-17T04:36:18.498+0800: 388.406: [CMS-concurrent-preclean: 0.041/0.041 secs] [Times: user=0.13 sys=0.01, real=0.04 secs] 
2023-01-17T04:36:18.498+0800: 388.406: [CMS-concurrent-abortable-preclean-start]
2023-01-17T04:36:18.498+0800: 388.406: [CMS-concurrent-abortable-preclean: 0.000/0.000 secs] [Times: user=0.00 sys=0.00, real=0.00 secs] 
2023-01-17T04:36:18.502+0800: 388.409: [GC (CMS Final Remark) [YG occupancy: 88560 K (115200 K)]2023-01-17T04:36:18.502+0800: 388.409: [Rescan (parallel) , 0.0211887 secs]2023-01-17T04:36:18.523+0800: 388.431: [weak refs processing, 0.0000390 secs]2023-01-17T04:36:18.523+0800: 388.431: [class unloading, 0.0125229 secs]2023-01-17T04:36:18.535+0800: 388.443: [scrub symbol table, 0.0049109 secs]2023-01-17T04:36:18.540+0800: 388.448: [scrub string table, 0.0008707 secs][1 CMS-remark: 134143K(134144K)] 222704K(249344K), 0.0396881 secs] [Times: user=0.10 sys=0.00, real=0.04 secs] 
2023-01-17T04:36:18.542+0800: 388.450: [CMS-concurrent-sweep-start]
2023-01-17T04:36:18.558+0800: 388.466: [CMS-concurrent-sweep: 0.016/0.016 secs] [Times: user=0.04 sys=0.01, real=0.01 secs] 
2023-01-17T04:36:18.558+0800: 388.466: [CMS-concurrent-reset-start]
2023-01-17T04:36:18.558+0800: 388.466: [CMS-concurrent-reset: 0.000/0.000 secs] [Times: user=0.00 sys=0.00, real=0.00 secs] 
{Heap before GC invocations=576 (full 881):
 par new generation   total 115200K, used 115199K [0x00000000f0000000, 0x00000000f7d00000, 0x00000000f7d00000)
  eden space 102400K, 100% used [0x00000000f0000000, 0x00000000f6400000, 0x00000000f6400000)
  from space 12800K,  99% used [0x00000000f7080000, 0x00000000f7cffff0, 0x00000000f7d00000)
  to   space 12800K,   0% used [0x00000000f6400000, 0x00000000f6400000, 0x00000000f7080000)
 concurrent mark-sweep generation total 134144K, used 134143K [0x00000000f7d00000, 0x0000000100000000, 0x0000000100000000)
 Metaspace       used 52058K, capacity 54894K, committed 55936K, reserved 1097728K
  class space    used 6335K, capacity 6835K, committed 7040K, reserved 1048576K
2023-01-17T04:36:18.673+0800: 388.581: [GC (Allocation Failure) 2023-01-17T04:36:18.673+0800: 388.581: [ParNew: 115199K->115199K(115200K), 0.0000238 secs]2023-01-17T04:36:18.673+0800: 388.581: [CMS: 134143K->134143K(134144K), 0.1824919 secs] 249343K->157557K(249344K), [Metaspace: 52058K->52058K(1097728K)], 0.1828392 secs] [Times: user=0.19 sys=0.00, real=0.18 secs] 
Heap after GC invocations=577 (full 882):
 par new generation   total 115200K, used 23413K [0x00000000f0000000, 0x00000000f7d00000, 0x00000000f7d00000)
  eden space 102400K,  22% used [0x00000000f0000000, 0x00000000f16dd458, 0x00000000f6400000)
  from space 12800K,   0% used [0x00000000f7080000, 0x00000000f7080000, 0x00000000f7d00000)
  to   space 12800K,   0% used [0x00000000f6400000, 0x00000000f6400000, 0x00000000f7080000)
 concurrent mark-sweep generation total 134144K, used 134143K [0x00000000f7d00000, 0x0000000100000000, 0x0000000100000000)
 Metaspace       used 52058K, capacity 54894K, committed 55936K, reserved 1097728K
  class space    used 6335K, capacity 6835K, committed 7040K, reserved 1048576K
}
2023-01-17T04:36:18.864+0800: 388.772: [GC (CMS Initial Mark) [1 CMS-initial-mark: 134143K(134144K)] 160756K(249344K), 0.0070167 secs] [Times: user=0.02 sys=0.00, real=0.01 secs] 
2023-01-17T04:36:18.872+0800: 388.779: [CMS-concurrent-mark-start]
2023-01-17T04:36:18.933+0800: 388.841: [CMS-concurrent-mark: 0.061/0.061 secs] [Times: user=0.14 sys=0.01, real=0.06 secs] 
2023-01-17T04:36:18.933+0800: 388.841: [CMS-concurrent-preclean-start]
2023-01-17T04:36:18.979+0800: 388.887: [CMS-concurrent-preclean: 0.046/0.046 secs] [Times: user=0.11 sys=0.01, real=0.04 secs] 
2023-01-17T04:36:18.979+0800: 388.887: [CMS-concurrent-abortable-preclean-start]
2023-01-17T04:36:18.979+0800: 388.887: [CMS-concurrent-abortable-preclean: 0.000/0.000 secs] [Times: user=0.00 sys=0.00, real=0.00 secs] 
2023-01-17T04:36:18.983+0800: 388.891: [GC (CMS Final Remark) [YG occupancy: 68761 K (115200 K)]2023-01-17T04:36:18.983+0800: 388.891: [Rescan (parallel) , 0.0337905 secs]2023-01-17T04:36:19.017+0800: 388.925: [weak refs processing, 0.0000411 secs]2023-01-17T04:36:19.017+0800: 388.925: [class unloading, 0.0136223 secs]2023-01-17T04:36:19.031+0800: 388.938: [scrub symbol table, 0.0061760 secs]2023-01-17T04:36:19.037+0800: 388.944: [scrub string table, 0.0009277 secs][1 CMS-remark: 134143K(134144K)] 202905K(249344K), 0.0547206 secs] [Times: user=0.09 sys=0.00, real=0.05 secs] 
2023-01-17T04:36:19.038+0800: 388.946: [CMS-concurrent-sweep-start]
2023-01-17T04:36:19.056+0800: 388.963: [CMS-concurrent-sweep: 0.017/0.017 secs] [Times: user=0.03 sys=0.00, real=0.02 secs] 
2023-01-17T04:36:19.056+0800: 388.964: [CMS-concurrent-reset-start]
2023-01-17T04:36:19.056+0800: 388.964: [CMS-concurrent-reset: 0.000/0.000 secs] [Times: user=0.00 sys=0.00, real=0.00 secs] 
{Heap before GC invocations=577 (full 883):
 par new generation   total 115200K, used 115200K [0x00000000f0000000, 0x00000000f7d00000, 0x00000000f7d00000)
  eden space 102400K, 100% used [0x00000000f0000000, 0x00000000f6400000, 0x00000000f6400000)
  from space 12800K, 100% used [0x00000000f7080000, 0x00000000f7d00000, 0x00000000f7d00000)
  to   space 12800K,   0% used [0x00000000f6400000, 0x00000000f6400000, 0x00000000f7080000)
 concurrent mark-sweep generation total 134144K, used 134143K [0x00000000f7d00000, 0x0000000100000000, 0x0000000100000000)
 Metaspace       used 52058K, capacity 54894K, committed 55936K, reserved 1097728K
  class space    used 6335K, capacity 6835K, committed 7040K, reserved 1048576K
2023-01-17T04:36:19.193+0800: 389.101: [GC (Allocation Failure) 2023-01-17T04:36:19.194+0800: 389.101: [ParNew: 115200K->115200K(115200K), 0.0000265 secs]2023-01-17T04:36:19.194+0800: 389.101: [CMS: 134143K->134143K(134144K), 0.1951063 secs] 249343K->157228K(249344K), [Metaspace: 52058K->52058K(1097728K)], 0.1954851 secs] [Times: user=0.20 sys=0.00, real=0.19 secs] 
Heap after GC invocations=578 (full 884):
 par new generation   total 115200K, used 23084K [0x00000000f0000000, 0x00000000f7d00000, 0x00000000f7d00000)
  eden space 102400K,  22% used [0x00000000f0000000, 0x00000000f168b150, 0x00000000f6400000)
  from space 12800K,   0% used [0x00000000f7080000, 0x00000000f7080000, 0x00000000f7d00000)
  to   space 12800K,   0% used [0x00000000f6400000, 0x00000000f6400000, 0x00000000f7080000)
 concurrent mark-sweep generation total 134144K, used 134143K [0x00000000f7d00000, 0x0000000100000000, 0x0000000100000000)
 Metaspace       used 52058K, capacity 54894K, committed 55936K, reserved 1097728K
  class space    used 6335K, capacity 6835K, committed 7040K, reserved 1048576K
}
2023-01-17T04:36:19.394+0800: 389.301: [GC (CMS Initial Mark) [1 CMS-initial-mark: 134143K(134144K)] 157798K(249344K), 0.0067693 secs] [Times: user=0.02 sys=0.00, real=0.01 secs] 
2023-01-17T04:36:19.401+0800: 389.308: [CMS-concurrent-mark-start]
2023-01-17T04:36:19.466+0800: 389.374: [CMS-concurrent-mark: 0.066/0.066 secs] [Times: user=0.19 sys=0.04, real=0.06 secs] 
2023-01-17T04:36:19.466+0800: 389.374: [CMS-concurrent-preclean-start]
2023-01-17T04:36:19.501+0800: 389.409: [CMS-concurrent-preclean: 0.035/0.035 secs] [Times: user=0.06 sys=0.01, real=0.04 secs] 
2023-01-17T04:36:19.501+0800: 389.409: [CMS-concurrent-abortable-preclean-start]
2023-01-17T04:36:19.501+0800: 389.409: [CMS-concurrent-abortable-preclean: 0.000/0.000 secs] [Times: user=0.00 sys=0.00, real=0.00 secs] 
2023-01-17T04:36:19.504+0800: 389.412: [GC (CMS Final Remark) [YG occupancy: 73541 K (115200 K)]2023-01-17T04:36:19.505+0800: 389.412: [Rescan (parallel) , 0.0158910 secs]2023-01-17T04:36:19.520+0800: 389.428: [weak refs processing, 0.0000511 secs]2023-01-17T04:36:19.520+0800: 389.428: [class unloading, 0.0124814 secs]2023-01-17T04:36:19.533+0800: 389.441: [scrub symbol table, 0.0047867 secs]2023-01-17T04:36:19.538+0800: 389.446: [scrub string table, 0.0008769 secs][1 CMS-remark: 134143K(134144K)] 207685K(249344K), 0.0342525 secs] [Times: user=0.08 sys=0.00, real=0.03 secs] 
2023-01-17T04:36:19.539+0800: 389.447: [CMS-concurrent-sweep-start]
2023-01-17T04:36:19.552+0800: 389.460: [CMS-concurrent-sweep: 0.013/0.013 secs] [Times: user=0.01 sys=0.00, real=0.02 secs] 
2023-01-17T04:36:19.552+0800: 389.460: [CMS-concurrent-reset-start]
2023-01-17T04:36:19.552+0800: 389.460: [CMS-concurrent-reset: 0.000/0.000 secs] [Times: user=0.00 sys=0.00, real=0.00 secs] 
{Heap before GC invocations=578 (full 885):
 par new generation   total 115200K, used 115200K [0x00000000f0000000, 0x00000000f7d00000, 0x00000000f7d00000)
  eden space 102400K, 100% used [0x00000000f0000000, 0x00000000f6400000, 0x00000000f6400000)
  from space 12800K, 100% used [0x00000000f7080000, 0x00000000f7d00000, 0x00000000f7d00000)
  to   space 12800K,   0% used [0x00000000f6400000, 0x00000000f6400000, 0x00000000f7080000)
 concurrent mark-sweep generation total 134144K, used 134143K [0x00000000f7d00000, 0x0000000100000000, 0x0000000100000000)
 Metaspace       used 52058K, capacity 54894K, committed 55936K, reserved 1097728K
  class space    used 6335K, capacity 6835K, committed 7040K, reserved 1048576K
2023-01-17T04:36:19.930+0800: 389.838: [GC (Allocation Failure) 2023-01-17T04:36:19.930+0800: 389.838: [ParNew: 115200K->115200K(115200K), 0.0000390 secs]2023-01-17T04:36:19.930+0800: 389.838: [CMS: 134143K->134143K(134144K), 0.1889648 secs] 249343K->157572K(249344K), [Metaspace: 52058K->52058K(1097728K)], 0.1894712 secs] [Times: user=0.20 sys=0.00, real=0.18 secs] 
Heap after GC invocations=579 (full 886):
 par new generation   total 115200K, used 23428K [0x00000000f0000000, 0x00000000f7d00000, 0x00000000f7d00000)
  eden space 102400K,  22% used [0x00000000f0000000, 0x00000000f16e10f8, 0x00000000f6400000)
  from space 12800K,   0% used [0x00000000f7080000, 0x00000000f7080000, 0x00000000f7d00000)
  to   space 12800K,   0% used [0x00000000f6400000, 0x00000000f6400000, 0x00000000f7080000)
 concurrent mark-sweep generation total 134144K, used 134143K [0x00000000f7d00000, 0x0000000100000000, 0x0000000100000000)
 Metaspace       used 52058K, capacity 54894K, committed 55936K, reserved 1097728K
  class space    used 6335K, capacity 6835K, committed 7040K, reserved 1048576K
}
2023-01-17T04:36:20.131+0800: 390.039: [GC (CMS Initial Mark) [1 CMS-initial-mark: 134143K(134144K)] 165582K(249344K), 0.0074346 secs] [Times: user=0.02 sys=0.00, real=0.00 secs] 
2023-01-17T04:36:20.139+0800: 390.047: [CMS-concurrent-mark-start]
2023-01-17T04:36:20.208+0800: 390.116: [CMS-concurrent-mark: 0.070/0.070 secs] [Times: user=0.22 sys=0.05, real=0.07 secs] 
2023-01-17T04:36:20.209+0800: 390.116: [CMS-concurrent-preclean-start]
2023-01-17T04:36:20.250+0800: 390.157: [CMS-concurrent-preclean: 0.041/0.041 secs] [Times: user=0.13 sys=0.01, real=0.05 secs] 
2023-01-17T04:36:20.250+0800: 390.158: [CMS-concurrent-abortable-preclean-start]
2023-01-17T04:36:20.250+0800: 390.158: [CMS-concurrent-abortable-preclean: 0.000/0.000 secs] [Times: user=0.00 sys=0.00, real=0.00 secs] 
2023-01-17T04:36:20.254+0800: 390.162: [GC (CMS Final Remark) [YG occupancy: 103906 K (115200 K)]2023-01-17T04:36:20.254+0800: 390.162: [Rescan (parallel) , 0.0317881 secs]2023-01-17T04:36:20.286+0800: 390.194: [weak refs processing, 0.0000413 secs]2023-01-17T04:36:20.286+0800: 390.194: [class unloading, 0.0129882 secs]2023-01-17T04:36:20.299+0800: 390.207: [scrub symbol table, 0.0049763 secs]2023-01-17T04:36:20.304+0800: 390.212: [scrub string table, 0.0009083 secs][1 CMS-remark: 134143K(134144K)] 238050K(249344K), 0.0508661 secs] [Times: user=0.11 sys=0.00, real=0.05 secs] 
2023-01-17T04:36:20.305+0800: 390.213: [CMS-concurrent-sweep-start]
2023-01-17T04:36:20.320+0800: 390.228: [CMS-concurrent-sweep: 0.015/0.015 secs] [Times: user=0.04 sys=0.00, real=0.02 secs] 
2023-01-17T04:36:20.320+0800: 390.228: [CMS-concurrent-reset-start]
2023-01-17T04:36:20.321+0800: 390.228: [CMS-concurrent-reset: 0.000/0.000 secs] [Times: user=0.00 sys=0.00, real=0.00 secs] 
{Heap before GC invocations=579 (full 887):
 par new generation   total 115200K, used 115200K [0x00000000f0000000, 0x00000000f7d00000, 0x00000000f7d00000)
  eden space 102400K, 100% used [0x00000000f0000000, 0x00000000f6400000, 0x00000000f6400000)
  from space 12800K, 100% used [0x00000000f7080000, 0x00000000f7d00000, 0x00000000f7d00000)
  to   space 12800K,   0% used [0x00000000f6400000, 0x00000000f6400000, 0x00000000f7080000)
 concurrent mark-sweep generation total 134144K, used 134143K [0x00000000f7d00000, 0x0000000100000000, 0x0000000100000000)
 Metaspace       used 52058K, capacity 54894K, committed 55936K, reserved 1097728K
  class space    used 6335K, capacity 6835K, committed 7040K, reserved 1048576K
2023-01-17T04:36:20.382+0800: 390.289: [GC (Allocation Failure) 2023-01-17T04:36:20.382+0800: 390.290: [ParNew: 115200K->115200K(115200K), 0.0000354 secs]2023-01-17T04:36:20.382+0800: 390.290: [CMS: 134143K->134143K(134144K), 0.2376661 secs] 249343K->157585K(249344K), [Metaspace: 52058K->52058K(1097728K)], 0.2380874 secs] [Times: user=0.24 sys=0.00, real=0.24 secs] 
Heap after GC invocations=580 (full 888):
 par new generation   total 115200K, used 23441K [0x00000000f0000000, 0x00000000f7d00000, 0x00000000f7d00000)
  eden space 102400K,  22% used [0x00000000f0000000, 0x00000000f16e4428, 0x00000000f6400000)
  from space 12800K,   0% used [0x00000000f7080000, 0x00000000f7080000, 0x00000000f7d00000)
  to   space 12800K,   0% used [0x00000000f6400000, 0x00000000f6400000, 0x00000000f7080000)
 concurrent mark-sweep generation total 134144K, used 134143K [0x00000000f7d00000, 0x0000000100000000, 0x0000000100000000)
 Metaspace       used 52058K, capacity 54894K, committed 55936K, reserved 1097728K
  class space    used 6335K, capacity 6835K, committed 7040K, reserved 1048576K
}
2023-01-17T04:36:20.627+0800: 390.535: [GC (CMS Initial Mark) [1 CMS-initial-mark: 134143K(134144K)] 160129K(249344K), 0.0078549 secs] [Times: user=0.02 sys=0.00, real=0.01 secs] 
2023-01-17T04:36:20.636+0800: 390.543: [CMS-concurrent-mark-start]
2023-01-17T04:36:20.809+0800: 390.717: [CMS-concurrent-mark: 0.174/0.174 secs] [Times: user=0.42 sys=0.07, real=0.17 secs] 
2023-01-17T04:36:20.809+0800: 390.717: [CMS-concurrent-preclean-start]
{Heap before GC invocations=580 (full 889):
 par new generation   total 115200K, used 115199K [0x00000000f0000000, 0x00000000f7d00000, 0x00000000f7d00000)
  eden space 102400K, 100% used [0x00000000f0000000, 0x00000000f6400000, 0x00000000f6400000)
  from space 12800K,  99% used [0x00000000f7080000, 0x00000000f7cfffe0, 0x00000000f7d00000)
  to   space 12800K,   0% used [0x00000000f6400000, 0x00000000f6400000, 0x00000000f7080000)
 concurrent mark-sweep generation total 134144K, used 134143K [0x00000000f7d00000, 0x0000000100000000, 0x0000000100000000)
 Metaspace       used 52058K, capacity 54894K, committed 55936K, reserved 1097728K
  class space    used 6335K, capacity 6835K, committed 7040K, reserved 1048576K
2023-01-17T04:36:20.835+0800: 390.743: [Full GC (Allocation Failure) 2023-01-17T04:36:20.835+0800: 390.743: [CMS2023-01-17T04:36:20.874+0800: 390.782: [CMS-concurrent-preclean: 0.044/0.064 secs] [Times: user=0.11 sys=0.00, real=0.07 secs] 
 (concurrent mode failure): 134143K->134143K(134144K), 0.2104070 secs] 249343K->157514K(249344K), [Metaspace: 52058K->52058K(1097728K)], 0.2107491 secs] [Times: user=0.21 sys=0.00, real=0.21 secs] 
Heap after GC invocations=581 (full 890):
 par new generation   total 115200K, used 23370K [0x00000000f0000000, 0x00000000f7d00000, 0x00000000f7d00000)
  eden space 102400K,  22% used [0x00000000f0000000, 0x00000000f16d2978, 0x00000000f6400000)
  from space 12800K,   0% used [0x00000000f7080000, 0x00000000f7080000, 0x00000000f7d00000)
  to   space 12800K,   0% used [0x00000000f6400000, 0x00000000f6400000, 0x00000000f7080000)
 concurrent mark-sweep generation total 134144K, used 134143K [0x00000000f7d00000, 0x0000000100000000, 0x0000000100000000)
 Metaspace       used 52058K, capacity 54894K, committed 55936K, reserved 1097728K
  class space    used 6335K, capacity 6835K, committed 7040K, reserved 1048576K
}
{Heap before GC invocations=581 (full 890):
 par new generation   total 115200K, used 115198K [0x00000000f0000000, 0x00000000f7d00000, 0x00000000f7d00000)
  eden space 102400K, 100% used [0x00000000f0000000, 0x00000000f6400000, 0x00000000f6400000)
  from space 12800K,  99% used [0x00000000f7080000, 0x00000000f7cff988, 0x00000000f7d00000)
  to   space 12800K,   0% used [0x00000000f6400000, 0x00000000f6400000, 0x00000000f7080000)
 concurrent mark-sweep generation total 134144K, used 134143K [0x00000000f7d00000, 0x0000000100000000, 0x0000000100000000)
 Metaspace       used 52058K, capacity 54894K, committed 55936K, reserved 1097728K
  class space    used 6335K, capacity 6835K, committed 7040K, reserved 1048576K
2023-01-17T04:36:21.351+0800: 391.259: [Full GC (Allocation Failure) 2023-01-17T04:36:21.351+0800: 391.259: [CMS: 134143K->134143K(134144K), 0.2026129 secs] 249342K->157440K(249344K), [Metaspace: 52058K->52058K(1097728K)], 0.2030310 secs] [Times: user=0.21 sys=0.00, real=0.20 secs] 
Heap after GC invocations=582 (full 891):
 par new generation   total 115200K, used 23297K [0x00000000f0000000, 0x00000000f7d00000, 0x00000000f7d00000)
  eden space 102400K,  22% used [0x00000000f0000000, 0x00000000f16c0408, 0x00000000f6400000)
  from space 12800K,   0% used [0x00000000f7080000, 0x00000000f7080000, 0x00000000f7d00000)
  to   space 12800K,   0% used [0x00000000f6400000, 0x00000000f6400000, 0x00000000f7080000)
 concurrent mark-sweep generation total 134144K, used 134143K [0x00000000f7d00000, 0x0000000100000000, 0x0000000100000000)
 Metaspace       used 52058K, capacity 54894K, committed 55936K, reserved 1097728K
  class space    used 6335K, capacity 6835K, committed 7040K, reserved 1048576K
}
2023-01-17T04:36:21.586+0800: 391.494: [GC (CMS Initial Mark) [1 CMS-initial-mark: 134143K(134144K)] 169648K(249344K), 0.0122840 secs] [Times: user=0.03 sys=0.00, real=0.01 secs] 
2023-01-17T04:36:21.599+0800: 391.507: [CMS-concurrent-mark-start]
2023-01-17T04:36:21.672+0800: 391.580: [CMS-concurrent-mark: 0.073/0.073 secs] [Times: user=0.14 sys=0.02, real=0.08 secs] 
2023-01-17T04:36:21.673+0800: 391.580: [CMS-concurrent-preclean-start]
2023-01-17T04:36:21.740+0800: 391.648: [CMS-concurrent-preclean: 0.067/0.067 secs] [Times: user=0.14 sys=0.04, real=0.07 secs] 
2023-01-17T04:36:21.740+0800: 391.648: [CMS-concurrent-abortable-preclean-start]
2023-01-17T04:36:21.740+0800: 391.648: [CMS-concurrent-abortable-preclean: 0.000/0.000 secs] [Times: user=0.00 sys=0.00, real=0.00 secs] 
2023-01-17T04:36:21.744+0800: 391.652: [GC (CMS Final Remark) [YG occupancy: 90195 K (115200 K)]2023-01-17T04:36:21.744+0800: 391.652: [Rescan (parallel) , 0.0282719 secs]2023-01-17T04:36:21.773+0800: 391.680: [weak refs processing, 0.0000441 secs]2023-01-17T04:36:21.773+0800: 391.680: [class unloading, 0.0131896 secs]2023-01-17T04:36:21.786+0800: 391.694: [scrub symbol table, 0.0047927 secs]2023-01-17T04:36:21.791+0800: 391.698: [scrub string table, 0.0008815 secs][1 CMS-remark: 134143K(134144K)] 224339K(249344K), 0.0473635 secs] [Times: user=0.11 sys=0.00, real=0.05 secs] 
2023-01-17T04:36:21.792+0800: 391.700: [CMS-concurrent-sweep-start]
2023-01-17T04:36:21.816+0800: 391.724: [CMS-concurrent-sweep: 0.025/0.025 secs] [Times: user=0.04 sys=0.03, real=0.02 secs] 
2023-01-17T04:36:21.817+0800: 391.725: [CMS-concurrent-reset-start]
2023-01-17T04:36:21.817+0800: 391.725: [CMS-concurrent-reset: 0.000/0.000 secs] [Times: user=0.00 sys=0.00, real=0.00 secs] 
{Heap before GC invocations=582 (full 892):
 par new generation   total 115200K, used 115199K [0x00000000f0000000, 0x00000000f7d00000, 0x00000000f7d00000)
  eden space 102400K, 100% used [0x00000000f0000000, 0x00000000f6400000, 0x00000000f6400000)
  from space 12800K,  99% used [0x00000000f7080000, 0x00000000f7cffff8, 0x00000000f7d00000)
  to   space 12800K,   0% used [0x00000000f6400000, 0x00000000f6400000, 0x00000000f7080000)
 concurrent mark-sweep generation total 134144K, used 134143K [0x00000000f7d00000, 0x0000000100000000, 0x0000000100000000)
 Metaspace       used 52058K, capacity 54894K, committed 55936K, reserved 1097728K
  class space    used 6335K, capacity 6835K, committed 7040K, reserved 1048576K
2023-01-17T04:36:21.905+0800: 391.813: [GC (Allocation Failure) 2023-01-17T04:36:21.905+0800: 391.813: [ParNew: 115199K->115199K(115200K), 0.0000247 secs]2023-01-17T04:36:21.905+0800: 391.813: [CMS: 134143K->134143K(134144K), 0.1896503 secs] 249343K->157428K(249344K), [Metaspace: 52058K->52058K(1097728K)], 0.1900169 secs] [Times: user=0.19 sys=0.00, real=0.19 secs] 
Heap after GC invocations=583 (full 893):
 par new generation   total 115200K, used 23285K [0x00000000f0000000, 0x00000000f7d00000, 0x00000000f7d00000)
  eden space 102400K,  22% used [0x00000000f0000000, 0x00000000f16bd600, 0x00000000f6400000)
  from space 12800K,   0% used [0x00000000f7080000, 0x00000000f7080000, 0x00000000f7d00000)
  to   space 12800K,   0% used [0x00000000f6400000, 0x00000000f6400000, 0x00000000f7080000)
 concurrent mark-sweep generation total 134144K, used 134143K [0x00000000f7d00000, 0x0000000100000000, 0x0000000100000000)
 Metaspace       used 52058K, capacity 54894K, committed 55936K, reserved 1097728K
  class space    used 6335K, capacity 6835K, committed 7040K, reserved 1048576K
}
2023-01-17T04:36:22.100+0800: 392.008: [GC (CMS Initial Mark) [1 CMS-initial-mark: 134143K(134144K)] 158361K(249344K), 0.0067388 secs] [Times: user=0.01 sys=0.00, real=0.00 secs] 
2023-01-17T04:36:22.107+0800: 392.015: [CMS-concurrent-mark-start]
2023-01-17T04:36:22.194+0800: 392.102: [CMS-concurrent-mark: 0.088/0.088 secs] [Times: user=0.18 sys=0.02, real=0.09 secs] 
2023-01-17T04:36:22.195+0800: 392.103: [CMS-concurrent-preclean-start]
2023-01-17T04:36:22.290+0800: 392.197: [CMS-concurrent-preclean: 0.095/0.095 secs] [Times: user=0.20 sys=0.06, real=0.10 secs] 
2023-01-17T04:36:22.290+0800: 392.198: [CMS-concurrent-abortable-preclean-start]
2023-01-17T04:36:22.290+0800: 392.198: [CMS-concurrent-abortable-preclean: 0.000/0.000 secs] [Times: user=0.00 sys=0.00, real=0.00 secs] 
2023-01-17T04:36:22.293+0800: 392.201: [GC (CMS Final Remark) [YG occupancy: 104043 K (115200 K)]2023-01-17T04:36:22.293+0800: 392.201: [Rescan (parallel) , 0.0413660 secs]2023-01-17T04:36:22.335+0800: 392.242: [weak refs processing, 0.0000386 secs]2023-01-17T04:36:22.335+0800: 392.242: [class unloading, 0.0127186 secs]2023-01-17T04:36:22.347+0800: 392.255: [scrub symbol table, 0.0046378 secs]2023-01-17T04:36:22.352+0800: 392.260: [scrub string table, 0.0008918 secs][1 CMS-remark: 134143K(134144K)] 238186K(249344K), 0.0598133 secs] [Times: user=0.15 sys=0.00, real=0.06 secs] 
2023-01-17T04:36:22.353+0800: 392.261: [CMS-concurrent-sweep-start]
2023-01-17T04:36:22.372+0800: 392.280: [CMS-concurrent-sweep: 0.019/0.019 secs] [Times: user=0.06 sys=0.00, real=0.02 secs] 
2023-01-17T04:36:22.373+0800: 392.281: [CMS-concurrent-reset-start]
2023-01-17T04:36:22.373+0800: 392.281: [CMS-concurrent-reset: 0.000/0.000 secs] [Times: user=0.00 sys=0.00, real=0.00 secs] 
{Heap before GC invocations=583 (full 894):
 par new generation   total 115200K, used 115195K [0x00000000f0000000, 0x00000000f7d00000, 0x00000000f7d00000)
  eden space 102400K, 100% used [0x00000000f0000000, 0x00000000f6400000, 0x00000000f6400000)
  from space 12800K,  99% used [0x00000000f7080000, 0x00000000f7cfee48, 0x00000000f7d00000)
  to   space 12800K,   0% used [0x00000000f6400000, 0x00000000f6400000, 0x00000000f7080000)
 concurrent mark-sweep generation total 134144K, used 134143K [0x00000000f7d00000, 0x0000000100000000, 0x0000000100000000)
 Metaspace       used 52058K, capacity 54894K, committed 55936K, reserved 1097728K
  class space    used 6335K, capacity 6835K, committed 7040K, reserved 1048576K
2023-01-17T04:36:22.428+0800: 392.336: [GC (Allocation Failure) 2023-01-17T04:36:22.428+0800: 392.336: [ParNew: 115195K->115195K(115200K), 0.0000291 secs]2023-01-17T04:36:22.428+0800: 392.336: [CMS: 134143K->134143K(134144K), 0.2249146 secs] 249339K->157513K(249344K), [Metaspace: 52058K->52058K(1097728K)], 0.2253214 secs] [Times: user=0.22 sys=0.00, real=0.23 secs] 
Heap after GC invocations=584 (full 895):
 par new generation   total 115200K, used 23369K [0x00000000f0000000, 0x00000000f7d00000, 0x00000000f7d00000)
  eden space 102400K,  22% used [0x00000000f0000000, 0x00000000f16d2660, 0x00000000f6400000)
  from space 12800K,   0% used [0x00000000f7080000, 0x00000000f7080000, 0x00000000f7d00000)
  to   space 12800K,   0% used [0x00000000f6400000, 0x00000000f6400000, 0x00000000f7080000)
 concurrent mark-sweep generation total 134144K, used 134143K [0x00000000f7d00000, 0x0000000100000000, 0x0000000100000000)
 Metaspace       used 52058K, capacity 54894K, committed 55936K, reserved 1097728K
  class space    used 6335K, capacity 6835K, committed 7040K, reserved 1048576K
}
2023-01-17T04:36:22.660+0800: 392.568: [GC (CMS Initial Mark) [1 CMS-initial-mark: 134143K(134144K)] 160062K(249344K), 0.0068689 secs] [Times: user=0.02 sys=0.00, real=0.00 secs] 
2023-01-17T04:36:22.668+0800: 392.575: [CMS-concurrent-mark-start]
2023-01-17T04:36:22.730+0800: 392.638: [CMS-concurrent-mark: 0.062/0.062 secs] [Times: user=0.19 sys=0.02, real=0.07 secs] 
2023-01-17T04:36:22.730+0800: 392.638: [CMS-concurrent-preclean-start]
2023-01-17T04:36:22.767+0800: 392.674: [CMS-concurrent-preclean: 0.036/0.036 secs] [Times: user=0.10 sys=0.01, real=0.03 secs] 
2023-01-17T04:36:22.767+0800: 392.675: [CMS-concurrent-abortable-preclean-start]
2023-01-17T04:36:22.767+0800: 392.675: [CMS-concurrent-abortable-preclean: 0.000/0.000 secs] [Times: user=0.00 sys=0.00, real=0.00 secs] 
2023-01-17T04:36:22.771+0800: 392.679: [GC (CMS Final Remark) [YG occupancy: 83662 K (115200 K)]2023-01-17T04:36:22.771+0800: 392.679: [Rescan (parallel) , 0.0204197 secs]2023-01-17T04:36:22.791+0800: 392.699: [weak refs processing, 0.0000372 secs]2023-01-17T04:36:22.791+0800: 392.699: [class unloading, 0.0130773 secs]2023-01-17T04:36:22.804+0800: 392.712: [scrub symbol table, 0.0045561 secs]2023-01-17T04:36:22.809+0800: 392.717: [scrub string table, 0.0008751 secs][1 CMS-remark: 134143K(134144K)] 217805K(249344K), 0.0391191 secs] [Times: user=0.10 sys=0.00, real=0.04 secs] 
2023-01-17T04:36:22.811+0800: 392.718: [CMS-concurrent-sweep-start]
2023-01-17T04:36:22.828+0800: 392.736: [CMS-concurrent-sweep: 0.018/0.018 secs] [Times: user=0.04 sys=0.01, real=0.01 secs] 
2023-01-17T04:36:22.828+0800: 392.736: [CMS-concurrent-reset-start]
2023-01-17T04:36:22.829+0800: 392.736: [CMS-concurrent-reset: 0.000/0.000 secs] [Times: user=0.00 sys=0.00, real=0.00 secs] 
{Heap before GC invocations=584 (full 896):
 par new generation   total 115200K, used 115199K [0x00000000f0000000, 0x00000000f7d00000, 0x00000000f7d00000)
  eden space 102400K, 100% used [0x00000000f0000000, 0x00000000f6400000, 0x00000000f6400000)
  from space 12800K,  99% used [0x00000000f7080000, 0x00000000f7cfff90, 0x00000000f7d00000)
  to   space 12800K,   0% used [0x00000000f6400000, 0x00000000f6400000, 0x00000000f7080000)
 concurrent mark-sweep generation total 134144K, used 134143K [0x00000000f7d00000, 0x0000000100000000, 0x0000000100000000)
 Metaspace       used 52058K, capacity 54894K, committed 55936K, reserved 1097728K
  class space    used 6335K, capacity 6835K, committed 7040K, reserved 1048576K
2023-01-17T04:36:22.919+0800: 392.826: [GC (Allocation Failure) 2023-01-17T04:36:22.919+0800: 392.827: [ParNew: 115199K->115199K(115200K), 0.0000261 secs]2023-01-17T04:36:22.919+0800: 392.827: [CMS: 134143K->134143K(134144K), 0.2019169 secs] 249343K->157340K(249344K), [Metaspace: 52058K->52058K(1097728K)], 0.2022801 secs] [Times: user=0.20 sys=0.00, real=0.21 secs] 
Heap after GC invocations=585 (full 897):
 par new generation   total 115200K, used 23197K [0x00000000f0000000, 0x00000000f7d00000, 0x00000000f7d00000)
  eden space 102400K,  22% used [0x00000000f0000000, 0x00000000f16a7610, 0x00000000f6400000)
  from space 12800K,   0% used [0x00000000f7080000, 0x00000000f7080000, 0x00000000f7d00000)
  to   space 12800K,   0% used [0x00000000f6400000, 0x00000000f6400000, 0x00000000f7080000)
 concurrent mark-sweep generation total 134144K, used 134143K [0x00000000f7d00000, 0x0000000100000000, 0x0000000100000000)
 Metaspace       used 52058K, capacity 54894K, committed 55936K, reserved 1097728K
  class space    used 6335K, capacity 6835K, committed 7040K, reserved 1048576K
}
2023-01-17T04:36:23.126+0800: 393.034: [GC (CMS Initial Mark) [1 CMS-initial-mark: 134143K(134144K)] 157707K(249344K), 0.0074081 secs] [Times: user=0.02 sys=0.00, real=0.01 secs] 
2023-01-17T04:36:23.133+0800: 393.041: [CMS-concurrent-mark-start]
2023-01-17T04:36:23.194+0800: 393.101: [CMS-concurrent-mark: 0.060/0.060 secs] [Times: user=0.11 sys=0.03, real=0.06 secs] 
2023-01-17T04:36:23.194+0800: 393.101: [CMS-concurrent-preclean-start]
2023-01-17T04:36:23.225+0800: 393.133: [CMS-concurrent-preclean: 0.032/0.032 secs] [Times: user=0.05 sys=0.00, real=0.03 secs] 
2023-01-17T04:36:23.226+0800: 393.133: [CMS-concurrent-abortable-preclean-start]
2023-01-17T04:36:23.226+0800: 393.133: [CMS-concurrent-abortable-preclean: 0.000/0.000 secs] [Times: user=0.00 sys=0.00, real=0.00 secs] 
2023-01-17T04:36:23.229+0800: 393.137: [GC (CMS Final Remark) [YG occupancy: 42557 K (115200 K)]2023-01-17T04:36:23.229+0800: 393.137: [Rescan (parallel) , 0.0122076 secs]2023-01-17T04:36:23.242+0800: 393.149: [weak refs processing, 0.0000376 secs]2023-01-17T04:36:23.242+0800: 393.149: [class unloading, 0.0124944 secs]2023-01-17T04:36:23.254+0800: 393.162: [scrub symbol table, 0.0046812 secs]2023-01-17T04:36:23.259+0800: 393.167: [scrub string table, 0.0008833 secs][1 CMS-remark: 134143K(134144K)] 176700K(249344K), 0.0304505 secs] [Times: user=0.06 sys=0.00, real=0.04 secs] 
2023-01-17T04:36:23.260+0800: 393.168: [CMS-concurrent-sweep-start]
2023-01-17T04:36:23.282+0800: 393.190: [CMS-concurrent-sweep: 0.022/0.022 secs] [Times: user=0.05 sys=0.02, real=0.02 secs] 
2023-01-17T04:36:23.282+0800: 393.190: [CMS-concurrent-reset-start]
2023-01-17T04:36:23.282+0800: 393.190: [CMS-concurrent-reset: 0.000/0.000 secs] [Times: user=0.00 sys=0.00, real=0.00 secs] 
{Heap before GC invocations=585 (full 898):
 par new generation   total 115200K, used 115200K [0x00000000f0000000, 0x00000000f7d00000, 0x00000000f7d00000)
  eden space 102400K, 100% used [0x00000000f0000000, 0x00000000f6400000, 0x00000000f6400000)
  from space 12800K, 100% used [0x00000000f7080000, 0x00000000f7d00000, 0x00000000f7d00000)
  to   space 12800K,   0% used [0x00000000f6400000, 0x00000000f6400000, 0x00000000f7080000)
 concurrent mark-sweep generation total 134144K, used 134143K [0x00000000f7d00000, 0x0000000100000000, 0x0000000100000000)
 Metaspace       used 52058K, capacity 54894K, committed 55936K, reserved 1097728K
  class space    used 6335K, capacity 6835K, committed 7040K, reserved 1048576K
2023-01-17T04:36:23.451+0800: 393.359: [GC (Allocation Failure) 2023-01-17T04:36:23.451+0800: 393.359: [ParNew: 115200K->115200K(115200K), 0.0000253 secs]2023-01-17T04:36:23.451+0800: 393.359: [CMS: 134143K->134141K(134144K), 0.1922164 secs] 249343K->157635K(249344K), [Metaspace: 52058K->52058K(1097728K)], 0.1925763 secs] [Times: user=0.20 sys=0.00, real=0.19 secs] 
Heap after GC invocations=586 (full 899):
 par new generation   total 115200K, used 23493K [0x00000000f0000000, 0x00000000f7d00000, 0x00000000f7d00000)
  eden space 102400K,  22% used [0x00000000f0000000, 0x00000000f16f1598, 0x00000000f6400000)
  from space 12800K,   0% used [0x00000000f7080000, 0x00000000f7080000, 0x00000000f7d00000)
  to   space 12800K,   0% used [0x00000000f6400000, 0x00000000f6400000, 0x00000000f7080000)
 concurrent mark-sweep generation total 134144K, used 134141K [0x00000000f7d00000, 0x0000000100000000, 0x0000000100000000)
 Metaspace       used 52058K, capacity 54894K, committed 55936K, reserved 1097728K
  class space    used 6335K, capacity 6835K, committed 7040K, reserved 1048576K
}
2023-01-17T04:36:23.648+0800: 393.556: [GC (CMS Initial Mark) [1 CMS-initial-mark: 134141K(134144K)] 157936K(249344K), 0.0062835 secs] [Times: user=0.02 sys=0.00, real=0.01 secs] 
2023-01-17T04:36:23.654+0800: 393.562: [CMS-concurrent-mark-start]
2023-01-17T04:36:23.713+0800: 393.620: [CMS-concurrent-mark: 0.058/0.058 secs] [Times: user=0.15 sys=0.02, real=0.06 secs] 
2023-01-17T04:36:23.713+0800: 393.621: [CMS-concurrent-preclean-start]
2023-01-17T04:36:23.746+0800: 393.654: [CMS-concurrent-preclean: 0.033/0.033 secs] [Times: user=0.05 sys=0.00, real=0.03 secs] 
2023-01-17T04:36:23.746+0800: 393.654: [CMS-concurrent-abortable-preclean-start]
2023-01-17T04:36:23.746+0800: 393.654: [CMS-concurrent-abortable-preclean: 0.000/0.000 secs] [Times: user=0.00 sys=0.00, real=0.00 secs] 
2023-01-17T04:36:23.750+0800: 393.658: [GC (CMS Final Remark) [YG occupancy: 57678 K (115200 K)]2023-01-17T04:36:23.750+0800: 393.658: [Rescan (parallel) , 0.0127083 secs]2023-01-17T04:36:23.763+0800: 393.670: [weak refs processing, 0.0000369 secs]2023-01-17T04:36:23.763+0800: 393.670: [class unloading, 0.0127451 secs]2023-01-17T04:36:23.775+0800: 393.683: [scrub symbol table, 0.0047256 secs]2023-01-17T04:36:23.780+0800: 393.688: [scrub string table, 0.0008825 secs][1 CMS-remark: 134141K(134144K)] 191820K(249344K), 0.0312445 secs] [Times: user=0.07 sys=0.00, real=0.03 secs] 
2023-01-17T04:36:23.783+0800: 393.691: [CMS-concurrent-sweep-start]
2023-01-17T04:36:23.803+0800: 393.711: [CMS-concurrent-sweep: 0.020/0.020 secs] [Times: user=0.06 sys=0.01, real=0.02 secs] 
2023-01-17T04:36:23.803+0800: 393.711: [CMS-concurrent-reset-start]
2023-01-17T04:36:23.803+0800: 393.711: [CMS-concurrent-reset: 0.000/0.000 secs] [Times: user=0.00 sys=0.00, real=0.00 secs] 
{Heap before GC invocations=586 (full 900):
 par new generation   total 115200K, used 115199K [0x00000000f0000000, 0x00000000f7d00000, 0x00000000f7d00000)
  eden space 102400K, 100% used [0x00000000f0000000, 0x00000000f6400000, 0x00000000f6400000)
  from space 12800K,  99% used [0x00000000f7080000, 0x00000000f7cffff0, 0x00000000f7d00000)
  to   space 12800K,   0% used [0x00000000f6400000, 0x00000000f6400000, 0x00000000f7080000)
 concurrent mark-sweep generation total 134144K, used 134141K [0x00000000f7d00000, 0x0000000100000000, 0x0000000100000000)
 Metaspace       used 52058K, capacity 54894K, committed 55936K, reserved 1097728K
  class space    used 6335K, capacity 6835K, committed 7040K, reserved 1048576K
2023-01-17T04:36:23.947+0800: 393.855: [GC (Allocation Failure) 2023-01-17T04:36:23.948+0800: 393.856: [ParNew: 115199K->115199K(115200K), 0.0000325 secs]2023-01-17T04:36:23.948+0800: 393.856: [CMS: 134141K->134141K(134144K), 0.2029239 secs] 249341K->157311K(249344K), [Metaspace: 52058K->52058K(1097728K)], 0.2033809 secs] [Times: user=0.20 sys=0.00, real=0.21 secs] 
Heap after GC invocations=587 (full 901):
 par new generation   total 115200K, used 23169K [0x00000000f0000000, 0x00000000f7d00000, 0x00000000f7d00000)
  eden space 102400K,  22% used [0x00000000f0000000, 0x00000000f16a05f8, 0x00000000f6400000)
  from space 12800K,   0% used [0x00000000f7080000, 0x00000000f7080000, 0x00000000f7d00000)
  to   space 12800K,   0% used [0x00000000f6400000, 0x00000000f6400000, 0x00000000f7080000)
 concurrent mark-sweep generation total 134144K, used 134141K [0x00000000f7d00000, 0x0000000100000000, 0x0000000100000000)
 Metaspace       used 52058K, capacity 54894K, committed 55936K, reserved 1097728K
  class space    used 6335K, capacity 6835K, committed 7040K, reserved 1048576K
}
2023-01-17T04:36:24.156+0800: 394.064: [GC (CMS Initial Mark) [1 CMS-initial-mark: 134141K(134144K)] 158091K(249344K), 0.0099855 secs] [Times: user=0.02 sys=0.00, real=0.01 secs] 
2023-01-17T04:36:24.167+0800: 394.074: [CMS-concurrent-mark-start]
2023-01-17T04:36:24.253+0800: 394.161: [CMS-concurrent-mark: 0.087/0.087 secs] [Times: user=0.20 sys=0.03, real=0.09 secs] 
2023-01-17T04:36:24.253+0800: 394.161: [CMS-concurrent-preclean-start]
2023-01-17T04:36:24.298+0800: 394.205: [CMS-concurrent-preclean: 0.044/0.044 secs] [Times: user=0.08 sys=0.02, real=0.04 secs] 
2023-01-17T04:36:24.298+0800: 394.206: [CMS-concurrent-abortable-preclean-start]
2023-01-17T04:36:24.298+0800: 394.206: [CMS-concurrent-abortable-preclean: 0.000/0.000 secs] [Times: user=0.00 sys=0.00, real=0.00 secs] 
2023-01-17T04:36:24.303+0800: 394.210: [GC (CMS Final Remark) [YG occupancy: 80521 K (115200 K)]2023-01-17T04:36:24.303+0800: 394.210: [Rescan (parallel) , 0.0255496 secs]2023-01-17T04:36:24.328+0800: 394.236: [weak refs processing, 0.0000452 secs]2023-01-17T04:36:24.328+0800: 394.236: [class unloading, 0.0129484 secs]2023-01-17T04:36:24.341+0800: 394.249: [scrub symbol table, 0.0046987 secs]2023-01-17T04:36:24.346+0800: 394.254: [scrub string table, 0.0009050 secs][1 CMS-remark: 134141K(134144K)] 214663K(249344K), 0.0443028 secs] [Times: user=0.09 sys=0.00, real=0.04 secs] 
2023-01-17T04:36:24.347+0800: 394.255: [CMS-concurrent-sweep-start]
2023-01-17T04:36:24.367+0800: 394.275: [CMS-concurrent-sweep: 0.020/0.020 secs] [Times: user=0.06 sys=0.00, real=0.02 secs] 
2023-01-17T04:36:24.368+0800: 394.275: [CMS-concurrent-reset-start]
2023-01-17T04:36:24.368+0800: 394.276: [CMS-concurrent-reset: 0.000/0.000 secs] [Times: user=0.00 sys=0.00, real=0.00 secs] 
{Heap before GC invocations=587 (full 902):
 par new generation   total 115200K, used 115200K [0x00000000f0000000, 0x00000000f7d00000, 0x00000000f7d00000)
  eden space 102400K, 100% used [0x00000000f0000000, 0x00000000f6400000, 0x00000000f6400000)
  from space 12800K, 100% used [0x00000000f7080000, 0x00000000f7d00000, 0x00000000f7d00000)
  to   space 12800K,   0% used [0x00000000f6400000, 0x00000000f6400000, 0x00000000f7080000)
 concurrent mark-sweep generation total 134144K, used 134141K [0x00000000f7d00000, 0x0000000100000000, 0x0000000100000000)
 Metaspace       used 52058K, capacity 54894K, committed 55936K, reserved 1097728K
  class space    used 6335K, capacity 6835K, committed 7040K, reserved 1048576K
2023-01-17T04:36:24.459+0800: 394.367: [GC (Allocation Failure) 2023-01-17T04:36:24.460+0800: 394.367: [ParNew: 115200K->115200K(115200K), 0.0000250 secs]2023-01-17T04:36:24.460+0800: 394.367: [CMS: 134141K->134141K(134144K), 0.1838848 secs] 249341K->157548K(249344K), [Metaspace: 52058K->52058K(1097728K)], 0.1842498 secs] [Times: user=0.18 sys=0.00, real=0.19 secs] 
Heap after GC invocations=588 (full 903):
 par new generation   total 115200K, used 23406K [0x00000000f0000000, 0x00000000f7d00000, 0x00000000f7d00000)
  eden space 102400K,  22% used [0x00000000f0000000, 0x00000000f16db860, 0x00000000f6400000)
  from space 12800K,   0% used [0x00000000f7080000, 0x00000000f7080000, 0x00000000f7d00000)
  to   space 12800K,   0% used [0x00000000f6400000, 0x00000000f6400000, 0x00000000f7080000)
 concurrent mark-sweep generation total 134144K, used 134141K [0x00000000f7d00000, 0x0000000100000000, 0x0000000100000000)
 Metaspace       used 52058K, capacity 54894K, committed 55936K, reserved 1097728K
  class space    used 6335K, capacity 6835K, committed 7040K, reserved 1048576K
}
2023-01-17T04:36:24.647+0800: 394.555: [GC (CMS Initial Mark) [1 CMS-initial-mark: 134141K(134144K)] 157642K(249344K), 0.0056016 secs] [Times: user=0.01 sys=0.00, real=0.01 secs] 
2023-01-17T04:36:24.653+0800: 394.561: [CMS-concurrent-mark-start]
2023-01-17T04:36:24.705+0800: 394.613: [CMS-concurrent-mark: 0.052/0.052 secs] [Times: user=0.10 sys=0.02, real=0.05 secs] 
2023-01-17T04:36:24.705+0800: 394.613: [CMS-concurrent-preclean-start]
2023-01-17T04:36:24.749+0800: 394.657: [CMS-concurrent-preclean: 0.044/0.044 secs] [Times: user=0.13 sys=0.02, real=0.04 secs] 
2023-01-17T04:36:24.749+0800: 394.657: [CMS-concurrent-abortable-preclean-start]
2023-01-17T04:36:24.749+0800: 394.657: [CMS-concurrent-abortable-preclean: 0.000/0.000 secs] [Times: user=0.00 sys=0.00, real=0.01 secs] 
2023-01-17T04:36:24.754+0800: 394.661: [GC (CMS Final Remark) [YG occupancy: 66503 K (115200 K)]2023-01-17T04:36:24.754+0800: 394.661: [Rescan (parallel) , 0.0164493 secs]2023-01-17T04:36:24.770+0800: 394.678: [weak refs processing, 0.0000396 secs]2023-01-17T04:36:24.770+0800: 394.678: [class unloading, 0.0131283 secs]2023-01-17T04:36:24.783+0800: 394.691: [scrub symbol table, 0.0047273 secs]2023-01-17T04:36:24.788+0800: 394.696: [scrub string table, 0.0009244 secs][1 CMS-remark: 134141K(134144K)] 200645K(249344K), 0.0354149 secs] [Times: user=0.08 sys=0.00, real=0.03 secs] 
2023-01-17T04:36:24.789+0800: 394.697: [CMS-concurrent-sweep-start]
2023-01-17T04:36:24.804+0800: 394.712: [CMS-concurrent-sweep: 0.014/0.014 secs] [Times: user=0.03 sys=0.00, real=0.02 secs] 
2023-01-17T04:36:24.804+0800: 394.712: [CMS-concurrent-reset-start]
2023-01-17T04:36:24.804+0800: 394.712: [CMS-concurrent-reset: 0.000/0.000 secs] [Times: user=0.00 sys=0.00, real=0.00 secs] 
{Heap before GC invocations=588 (full 904):
 par new generation   total 115200K, used 115199K [0x00000000f0000000, 0x00000000f7d00000, 0x00000000f7d00000)
  eden space 102400K, 100% used [0x00000000f0000000, 0x00000000f6400000, 0x00000000f6400000)
  from space 12800K,  99% used [0x00000000f7080000, 0x00000000f7cfffe8, 0x00000000f7d00000)
  to   space 12800K,   0% used [0x00000000f6400000, 0x00000000f6400000, 0x00000000f7080000)
 concurrent mark-sweep generation total 134144K, used 134141K [0x00000000f7d00000, 0x0000000100000000, 0x0000000100000000)
 Metaspace       used 52058K, capacity 54894K, committed 55936K, reserved 1097728K
  class space    used 6335K, capacity 6835K, committed 7040K, reserved 1048576K
2023-01-17T04:36:24.966+0800: 394.873: [GC (Allocation Failure) 2023-01-17T04:36:24.966+0800: 394.874: [ParNew: 115199K->115199K(115200K), 0.0000292 secs]2023-01-17T04:36:24.966+0800: 394.874: [CMS: 134141K->134141K(134144K), 0.1964846 secs] 249341K->157486K(249344K), [Metaspace: 52058K->52058K(1097728K)], 0.1969450 secs] [Times: user=0.20 sys=0.00, real=0.20 secs] 
Heap after GC invocations=589 (full 905):
 par new generation   total 115200K, used 23344K [0x00000000f0000000, 0x00000000f7d00000, 0x00000000f7d00000)
  eden space 102400K,  22% used [0x00000000f0000000, 0x00000000f16cc338, 0x00000000f6400000)
  from space 12800K,   0% used [0x00000000f7080000, 0x00000000f7080000, 0x00000000f7d00000)
  to   space 12800K,   0% used [0x00000000f6400000, 0x00000000f6400000, 0x00000000f7080000)
 concurrent mark-sweep generation total 134144K, used 134141K [0x00000000f7d00000, 0x0000000100000000, 0x0000000100000000)
 Metaspace       used 52058K, capacity 54894K, committed 55936K, reserved 1097728K
  class space    used 6335K, capacity 6835K, committed 7040K, reserved 1048576K
}
2023-01-17T04:36:25.171+0800: 395.079: [GC (CMS Initial Mark) [1 CMS-initial-mark: 134141K(134144K)] 161510K(249344K), 0.0073599 secs] [Times: user=0.02 sys=0.00, real=0.00 secs] 
2023-01-17T04:36:25.179+0800: 395.086: [CMS-concurrent-mark-start]
2023-01-17T04:36:25.245+0800: 395.153: [CMS-concurrent-mark: 0.067/0.067 secs] [Times: user=0.19 sys=0.04, real=0.07 secs] 
2023-01-17T04:36:25.246+0800: 395.154: [CMS-concurrent-preclean-start]
2023-01-17T04:36:25.276+0800: 395.183: [CMS-concurrent-preclean: 0.030/0.030 secs] [Times: user=0.04 sys=0.00, real=0.03 secs] 
2023-01-17T04:36:25.276+0800: 395.184: [CMS-concurrent-abortable-preclean-start]
2023-01-17T04:36:25.276+0800: 395.184: [CMS-concurrent-abortable-preclean: 0.000/0.000 secs] [Times: user=0.00 sys=0.00, real=0.00 secs] 
2023-01-17T04:36:25.279+0800: 395.187: [GC (CMS Final Remark) [YG occupancy: 71973 K (115200 K)]2023-01-17T04:36:25.279+0800: 395.187: [Rescan (parallel) , 0.0157263 secs]2023-01-17T04:36:25.295+0800: 395.203: [weak refs processing, 0.0000360 secs]2023-01-17T04:36:25.295+0800: 395.203: [class unloading, 0.0124689 secs]2023-01-17T04:36:25.308+0800: 395.215: [scrub symbol table, 0.0045603 secs]2023-01-17T04:36:25.312+0800: 395.220: [scrub string table, 0.0008674 secs][1 CMS-remark: 134141K(134144K)] 206115K(249344K), 0.0338069 secs] [Times: user=0.08 sys=0.00, real=0.04 secs] 
2023-01-17T04:36:25.313+0800: 395.221: [CMS-concurrent-sweep-start]
2023-01-17T04:36:25.352+0800: 395.260: [CMS-concurrent-sweep: 0.039/0.039 secs] [Times: user=0.11 sys=0.02, real=0.04 secs] 
2023-01-17T04:36:25.353+0800: 395.260: [CMS-concurrent-reset-start]
2023-01-17T04:36:25.353+0800: 395.261: [CMS-concurrent-reset: 0.000/0.000 secs] [Times: user=0.00 sys=0.00, real=0.00 secs] 
{Heap before GC invocations=589 (full 906):
 par new generation   total 115200K, used 115199K [0x00000000f0000000, 0x00000000f7d00000, 0x00000000f7d00000)
  eden space 102400K, 100% used [0x00000000f0000000, 0x00000000f6400000, 0x00000000f6400000)
  from space 12800K,  99% used [0x00000000f7080000, 0x00000000f7cfffe8, 0x00000000f7d00000)
  to   space 12800K,   0% used [0x00000000f6400000, 0x00000000f6400000, 0x00000000f7080000)
 concurrent mark-sweep generation total 134144K, used 134141K [0x00000000f7d00000, 0x0000000100000000, 0x0000000100000000)
 Metaspace       used 52058K, capacity 54894K, committed 55936K, reserved 1097728K
  class space    used 6335K, capacity 6835K, committed 7040K, reserved 1048576K
2023-01-17T04:36:25.429+0800: 395.336: [GC (Allocation Failure) 2023-01-17T04:36:25.429+0800: 395.337: [ParNew: 115199K->115199K(115200K), 0.0000267 secs]2023-01-17T04:36:25.429+0800: 395.337: [CMS: 134141K->134141K(134144K), 0.1890635 secs] 249341K->157558K(249344K), [Metaspace: 52058K->52058K(1097728K)], 0.1894367 secs] [Times: user=0.19 sys=0.00, real=0.19 secs] 
Heap after GC invocations=590 (full 907):
 par new generation   total 115200K, used 23416K [0x00000000f0000000, 0x00000000f7d00000, 0x00000000f7d00000)
  eden space 102400K,  22% used [0x00000000f0000000, 0x00000000f16de050, 0x00000000f6400000)
  from space 12800K,   0% used [0x00000000f7080000, 0x00000000f7080000, 0x00000000f7d00000)
  to   space 12800K,   0% used [0x00000000f6400000, 0x00000000f6400000, 0x00000000f7080000)
 concurrent mark-sweep generation total 134144K, used 134141K [0x00000000f7d00000, 0x0000000100000000, 0x0000000100000000)
 Metaspace       used 52058K, capacity 54894K, committed 55936K, reserved 1097728K
  class space    used 6335K, capacity 6835K, committed 7040K, reserved 1048576K
}
2023-01-17T04:36:25.624+0800: 395.532: [GC (CMS Initial Mark) [1 CMS-initial-mark: 134141K(134144K)] 159061K(249344K), 0.0099176 secs] [Times: user=0.02 sys=0.00, real=0.01 secs] 
2023-01-17T04:36:25.635+0800: 395.543: [CMS-concurrent-mark-start]
2023-01-17T04:36:25.708+0800: 395.616: [CMS-concurrent-mark: 0.073/0.073 secs] [Times: user=0.13 sys=0.02, real=0.07 secs] 
2023-01-17T04:36:25.708+0800: 395.616: [CMS-concurrent-preclean-start]
2023-01-17T04:36:25.759+0800: 395.667: [CMS-concurrent-preclean: 0.050/0.050 secs] [Times: user=0.14 sys=0.02, real=0.05 secs] 
2023-01-17T04:36:25.759+0800: 395.667: [CMS-concurrent-abortable-preclean-start]
2023-01-17T04:36:25.759+0800: 395.667: [CMS-concurrent-abortable-preclean: 0.000/0.000 secs] [Times: user=0.00 sys=0.00, real=0.00 secs] 
2023-01-17T04:36:25.764+0800: 395.672: [GC (CMS Final Remark) [YG occupancy: 78120 K (115200 K)]2023-01-17T04:36:25.765+0800: 395.672: [Rescan (parallel) , 0.0253657 secs]2023-01-17T04:36:25.790+0800: 395.698: [weak refs processing, 0.0000428 secs]2023-01-17T04:36:25.790+0800: 395.698: [class unloading, 0.0132490 secs]2023-01-17T04:36:25.803+0800: 395.711: [scrub symbol table, 0.0046654 secs]2023-01-17T04:36:25.808+0800: 395.716: [scrub string table, 0.0008998 secs][1 CMS-remark: 134141K(134144K)] 212261K(249344K), 0.0444368 secs] [Times: user=0.09 sys=0.00, real=0.04 secs] 
2023-01-17T04:36:25.809+0800: 395.717: [CMS-concurrent-sweep-start]
2023-01-17T04:36:25.835+0800: 395.743: [CMS-concurrent-sweep: 0.026/0.026 secs] [Times: user=0.06 sys=0.02, real=0.03 secs] 
2023-01-17T04:36:25.835+0800: 395.743: [CMS-concurrent-reset-start]
2023-01-17T04:36:25.835+0800: 395.743: [CMS-concurrent-reset: 0.000/0.000 secs] [Times: user=0.00 sys=0.00, real=0.00 secs] 
{Heap before GC invocations=590 (full 908):
 par new generation   total 115200K, used 115199K [0x00000000f0000000, 0x00000000f7d00000, 0x00000000f7d00000)
  eden space 102400K, 100% used [0x00000000f0000000, 0x00000000f6400000, 0x00000000f6400000)
  from space 12800K,  99% used [0x00000000f7080000, 0x00000000f7cffff8, 0x00000000f7d00000)
  to   space 12800K,   0% used [0x00000000f6400000, 0x00000000f6400000, 0x00000000f7080000)
 concurrent mark-sweep generation total 134144K, used 134141K [0x00000000f7d00000, 0x0000000100000000, 0x0000000100000000)
 Metaspace       used 52058K, capacity 54894K, committed 55936K, reserved 1097728K
  class space    used 6335K, capacity 6835K, committed 7040K, reserved 1048576K
2023-01-17T04:36:25.938+0800: 395.846: [GC (Allocation Failure) 2023-01-17T04:36:25.938+0800: 395.846: [ParNew: 115199K->115199K(115200K), 0.0000257 secs]2023-01-17T04:36:25.938+0800: 395.846: [CMS: 134141K->134141K(134144K), 0.1862902 secs] 249341K->157289K(249344K), [Metaspace: 52058K->52058K(1097728K)], 0.1866539 secs] [Times: user=0.18 sys=0.00, real=0.19 secs] 
Heap after GC invocations=591 (full 909):
 par new generation   total 115200K, used 23147K [0x00000000f0000000, 0x00000000f7d00000, 0x00000000f7d00000)
  eden space 102400K,  22% used [0x00000000f0000000, 0x00000000f169afa0, 0x00000000f6400000)
  from space 12800K,   0% used [0x00000000f7080000, 0x00000000f7080000, 0x00000000f7d00000)
  to   space 12800K,   0% used [0x00000000f6400000, 0x00000000f6400000, 0x00000000f7080000)
 concurrent mark-sweep generation total 134144K, used 134141K [0x00000000f7d00000, 0x0000000100000000, 0x0000000100000000)
 Metaspace       used 52058K, capacity 54894K, committed 55936K, reserved 1097728K
  class space    used 6335K, capacity 6835K, committed 7040K, reserved 1048576K
}
2023-01-17T04:36:26.130+0800: 396.037: [GC (CMS Initial Mark) [1 CMS-initial-mark: 134141K(134144K)] 158324K(249344K), 0.0067554 secs] [Times: user=0.02 sys=0.00, real=0.00 secs] 
2023-01-17T04:36:26.137+0800: 396.044: [CMS-concurrent-mark-start]
2023-01-17T04:36:26.193+0800: 396.100: [CMS-concurrent-mark: 0.056/0.056 secs] [Times: user=0.13 sys=0.02, real=0.06 secs] 
2023-01-17T04:36:26.193+0800: 396.101: [CMS-concurrent-preclean-start]
2023-01-17T04:36:26.225+0800: 396.133: [CMS-concurrent-preclean: 0.032/0.032 secs] [Times: user=0.05 sys=0.00, real=0.03 secs] 
2023-01-17T04:36:26.225+0800: 396.133: [CMS-concurrent-abortable-preclean-start]
2023-01-17T04:36:26.225+0800: 396.133: [CMS-concurrent-abortable-preclean: 0.000/0.000 secs] [Times: user=0.00 sys=0.00, real=0.00 secs] 
2023-01-17T04:36:26.229+0800: 396.136: [GC (CMS Final Remark) [YG occupancy: 55643 K (115200 K)]2023-01-17T04:36:26.229+0800: 396.136: [Rescan (parallel) , 0.0122491 secs]2023-01-17T04:36:26.241+0800: 396.149: [weak refs processing, 0.0000366 secs]2023-01-17T04:36:26.241+0800: 396.149: [class unloading, 0.0125233 secs]2023-01-17T04:36:26.254+0800: 396.161: [scrub symbol table, 0.0048337 secs]2023-01-17T04:36:26.258+0800: 396.166: [scrub string table, 0.0008777 secs][1 CMS-remark: 134141K(134144K)] 189785K(249344K), 0.0306720 secs] [Times: user=0.07 sys=0.00, real=0.03 secs] 
2023-01-17T04:36:26.260+0800: 396.168: [CMS-concurrent-sweep-start]
2023-01-17T04:36:26.274+0800: 396.182: [CMS-concurrent-sweep: 0.014/0.014 secs] [Times: user=0.02 sys=0.00, real=0.01 secs] 
2023-01-17T04:36:26.274+0800: 396.182: [CMS-concurrent-reset-start]
2023-01-17T04:36:26.275+0800: 396.182: [CMS-concurrent-reset: 0.000/0.000 secs] [Times: user=0.00 sys=0.00, real=0.00 secs] 
{Heap before GC invocations=591 (full 910):
 par new generation   total 115200K, used 115199K [0x00000000f0000000, 0x00000000f7d00000, 0x00000000f7d00000)
  eden space 102400K, 100% used [0x00000000f0000000, 0x00000000f6400000, 0x00000000f6400000)
  from space 12800K,  99% used [0x00000000f7080000, 0x00000000f7cffff8, 0x00000000f7d00000)
  to   space 12800K,   0% used [0x00000000f6400000, 0x00000000f6400000, 0x00000000f7080000)
 concurrent mark-sweep generation total 134144K, used 134141K [0x00000000f7d00000, 0x0000000100000000, 0x0000000100000000)
 Metaspace       used 52058K, capacity 54894K, committed 55936K, reserved 1097728K
  class space    used 6335K, capacity 6835K, committed 7040K, reserved 1048576K
2023-01-17T04:36:26.408+0800: 396.316: [GC (Allocation Failure) 2023-01-17T04:36:26.409+0800: 396.316: [ParNew: 115199K->115199K(115200K), 0.0000261 secs]2023-01-17T04:36:26.409+0800: 396.316: [CMS: 134141K->134141K(134144K), 0.1827637 secs] 249341K->157566K(249344K), [Metaspace: 52058K->52058K(1097728K)], 0.1831354 secs] [Times: user=0.19 sys=0.00, real=0.19 secs] 
Heap after GC invocations=592 (full 911):
 par new generation   total 115200K, used 23424K [0x00000000f0000000, 0x00000000f7d00000, 0x00000000f7d00000)
  eden space 102400K,  22% used [0x00000000f0000000, 0x00000000f16e0110, 0x00000000f6400000)
  from space 12800K,   0% used [0x00000000f7080000, 0x00000000f7080000, 0x00000000f7d00000)
  to   space 12800K,   0% used [0x00000000f6400000, 0x00000000f6400000, 0x00000000f7080000)
 concurrent mark-sweep generation total 134144K, used 134141K [0x00000000f7d00000, 0x0000000100000000, 0x0000000100000000)
 Metaspace       used 52058K, capacity 54894K, committed 55936K, reserved 1097728K
  class space    used 6335K, capacity 6835K, committed 7040K, reserved 1048576K
}
2023-01-17T04:36:26.596+0800: 396.503: [GC (CMS Initial Mark) [1 CMS-initial-mark: 134141K(134144K)] 157784K(249344K), 0.0066652 secs] [Times: user=0.02 sys=0.00, real=0.01 secs] 
2023-01-17T04:36:26.610+0800: 396.517: [CMS-concurrent-mark-start]
2023-01-17T04:36:26.705+0800: 396.613: [CMS-concurrent-mark: 0.095/0.095 secs] [Times: user=0.20 sys=0.03, real=0.09 secs] 
2023-01-17T04:36:26.705+0800: 396.613: [CMS-concurrent-preclean-start]
2023-01-17T04:36:26.760+0800: 396.668: [CMS-concurrent-preclean: 0.055/0.055 secs] [Times: user=0.07 sys=0.02, real=0.06 secs] 
2023-01-17T04:36:26.760+0800: 396.668: [CMS-concurrent-abortable-preclean-start]
2023-01-17T04:36:26.760+0800: 396.668: [CMS-concurrent-abortable-preclean: 0.000/0.000 secs] [Times: user=0.00 sys=0.00, real=0.00 secs] 
2023-01-17T04:36:26.765+0800: 396.673: [GC (CMS Final Remark) [YG occupancy: 70886 K (115200 K)]2023-01-17T04:36:26.765+0800: 396.673: [Rescan (parallel) , 0.0366444 secs]2023-01-17T04:36:26.802+0800: 396.710: [weak refs processing, 0.0000503 secs]2023-01-17T04:36:26.802+0800: 396.710: [class unloading, 0.0186623 secs]2023-01-17T04:36:26.821+0800: 396.728: [scrub symbol table, 0.0076398 secs]2023-01-17T04:36:26.828+0800: 396.736: [scrub string table, 0.0013233 secs][1 CMS-remark: 134141K(134144K)] 205028K(249344K), 0.0645207 secs] [Times: user=0.12 sys=0.00, real=0.07 secs] 
2023-01-17T04:36:26.833+0800: 396.741: [CMS-concurrent-sweep-start]
2023-01-17T04:36:26.858+0800: 396.766: [CMS-concurrent-sweep: 0.025/0.025 secs] [Times: user=0.05 sys=0.01, real=0.02 secs] 
2023-01-17T04:36:26.858+0800: 396.766: [CMS-concurrent-reset-start]
2023-01-17T04:36:26.859+0800: 396.766: [CMS-concurrent-reset: 0.000/0.000 secs] [Times: user=0.00 sys=0.00, real=0.00 secs] 
{Heap before GC invocations=592 (full 912):
 par new generation   total 115200K, used 115199K [0x00000000f0000000, 0x00000000f7d00000, 0x00000000f7d00000)
  eden space 102400K, 100% used [0x00000000f0000000, 0x00000000f6400000, 0x00000000f6400000)
  from space 12800K,  99% used [0x00000000f7080000, 0x00000000f7cfffd0, 0x00000000f7d00000)
  to   space 12800K,   0% used [0x00000000f6400000, 0x00000000f6400000, 0x00000000f7080000)
 concurrent mark-sweep generation total 134144K, used 134141K [0x00000000f7d00000, 0x0000000100000000, 0x0000000100000000)
 Metaspace       used 52058K, capacity 54894K, committed 55936K, reserved 1097728K
  class space    used 6335K, capacity 6835K, committed 7040K, reserved 1048576K
2023-01-17T04:36:26.978+0800: 396.886: [GC (Allocation Failure) 2023-01-17T04:36:26.978+0800: 396.886: [ParNew: 115199K->115199K(115200K), 0.0000298 secs]2023-01-17T04:36:26.978+0800: 396.886: [CMS: 134141K->134141K(134144K), 0.1866254 secs] 249341K->157402K(249344K), [Metaspace: 52058K->52058K(1097728K)], 0.1869833 secs] [Times: user=0.19 sys=0.00, real=0.19 secs] 
Heap after GC invocations=593 (full 913):
 par new generation   total 115200K, used 23260K [0x00000000f0000000, 0x00000000f7d00000, 0x00000000f7d00000)
  eden space 102400K,  22% used [0x00000000f0000000, 0x00000000f16b7358, 0x00000000f6400000)
  from space 12800K,   0% used [0x00000000f7080000, 0x00000000f7080000, 0x00000000f7d00000)
  to   space 12800K,   0% used [0x00000000f6400000, 0x00000000f6400000, 0x00000000f7080000)
 concurrent mark-sweep generation total 134144K, used 134141K [0x00000000f7d00000, 0x0000000100000000, 0x0000000100000000)
 Metaspace       used 52058K, capacity 54894K, committed 55936K, reserved 1097728K
  class space    used 6335K, capacity 6835K, committed 7040K, reserved 1048576K
}
2023-01-17T04:36:27.169+0800: 397.077: [GC (CMS Initial Mark) [1 CMS-initial-mark: 134141K(134144K)] 157779K(249344K), 0.0067732 secs] [Times: user=0.02 sys=0.00, real=0.01 secs] 
2023-01-17T04:36:27.176+0800: 397.084: [CMS-concurrent-mark-start]
2023-01-17T04:36:27.253+0800: 397.160: [CMS-concurrent-mark: 0.076/0.076 secs] [Times: user=0.23 sys=0.05, real=0.08 secs] 
2023-01-17T04:36:27.253+0800: 397.161: [CMS-concurrent-preclean-start]
2023-01-17T04:36:27.284+0800: 397.192: [CMS-concurrent-preclean: 0.032/0.032 secs] [Times: user=0.05 sys=0.00, real=0.03 secs] 
2023-01-17T04:36:27.285+0800: 397.192: [CMS-concurrent-abortable-preclean-start]
2023-01-17T04:36:27.285+0800: 397.192: [CMS-concurrent-abortable-preclean: 0.000/0.000 secs] [Times: user=0.00 sys=0.00, real=0.00 secs] 
2023-01-17T04:36:27.288+0800: 397.196: [GC (CMS Final Remark) [YG occupancy: 86182 K (115200 K)]2023-01-17T04:36:27.288+0800: 397.196: [Rescan (parallel) , 0.0189857 secs]2023-01-17T04:36:27.307+0800: 397.215: [weak refs processing, 0.0000395 secs]2023-01-17T04:36:27.307+0800: 397.215: [class unloading, 0.0127728 secs]2023-01-17T04:36:27.320+0800: 397.228: [scrub symbol table, 0.0047299 secs]2023-01-17T04:36:27.325+0800: 397.232: [scrub string table, 0.0008949 secs][1 CMS-remark: 134141K(134144K)] 220324K(249344K), 0.0375814 secs] [Times: user=0.09 sys=0.00, real=0.04 secs] 
2023-01-17T04:36:27.326+0800: 397.234: [CMS-concurrent-sweep-start]
2023-01-17T04:36:27.339+0800: 397.247: [CMS-concurrent-sweep: 0.013/0.013 secs] [Times: user=0.02 sys=0.00, real=0.01 secs] 
2023-01-17T04:36:27.339+0800: 397.247: [CMS-concurrent-reset-start]
2023-01-17T04:36:27.340+0800: 397.247: [CMS-concurrent-reset: 0.000/0.000 secs] [Times: user=0.00 sys=0.00, real=0.01 secs] 
{Heap before GC invocations=593 (full 914):
 par new generation   total 115200K, used 115195K [0x00000000f0000000, 0x00000000f7d00000, 0x00000000f7d00000)
  eden space 102400K, 100% used [0x00000000f0000000, 0x00000000f6400000, 0x00000000f6400000)
  from space 12800K,  99% used [0x00000000f7080000, 0x00000000f7cfecc8, 0x00000000f7d00000)
  to   space 12800K,   0% used [0x00000000f6400000, 0x00000000f6400000, 0x00000000f7080000)
 concurrent mark-sweep generation total 134144K, used 134141K [0x00000000f7d00000, 0x0000000100000000, 0x0000000100000000)
 Metaspace       used 52058K, capacity 54894K, committed 55936K, reserved 1097728K
  class space    used 6335K, capacity 6835K, committed 7040K, reserved 1048576K
2023-01-17T04:36:27.451+0800: 397.358: [GC (Allocation Failure) 2023-01-17T04:36:27.451+0800: 397.359: [ParNew: 115195K->115195K(115200K), 0.0000265 secs]2023-01-17T04:36:27.451+0800: 397.359: [CMS: 134141K->134141K(134144K), 0.1865288 secs] 249337K->157509K(249344K), [Metaspace: 52058K->52058K(1097728K)], 0.1869233 secs] [Times: user=0.19 sys=0.00, real=0.18 secs] 
Heap after GC invocations=594 (full 915):
 par new generation   total 115200K, used 23367K [0x00000000f0000000, 0x00000000f7d00000, 0x00000000f7d00000)
  eden space 102400K,  22% used [0x00000000f0000000, 0x00000000f16d1d10, 0x00000000f6400000)
  from space 12800K,   0% used [0x00000000f7080000, 0x00000000f7080000, 0x00000000f7d00000)
  to   space 12800K,   0% used [0x00000000f6400000, 0x00000000f6400000, 0x00000000f7080000)
 concurrent mark-sweep generation total 134144K, used 134141K [0x00000000f7d00000, 0x0000000100000000, 0x0000000100000000)
 Metaspace       used 52058K, capacity 54894K, committed 55936K, reserved 1097728K
  class space    used 6335K, capacity 6835K, committed 7040K, reserved 1048576K
}
2023-01-17T04:36:27.643+0800: 397.551: [GC (CMS Initial Mark) [1 CMS-initial-mark: 134141K(134144K)] 157778K(249344K), 0.0071156 secs] [Times: user=0.02 sys=0.00, real=0.01 secs] 
2023-01-17T04:36:27.651+0800: 397.558: [CMS-concurrent-mark-start]
2023-01-17T04:36:27.727+0800: 397.635: [CMS-concurrent-mark: 0.077/0.077 secs] [Times: user=0.17 sys=0.03, real=0.07 secs] 
2023-01-17T04:36:27.728+0800: 397.635: [CMS-concurrent-preclean-start]
2023-01-17T04:36:27.790+0800: 397.698: [CMS-concurrent-preclean: 0.062/0.062 secs] [Times: user=0.17 sys=0.03, real=0.07 secs] 
2023-01-17T04:36:27.790+0800: 397.698: [CMS-concurrent-abortable-preclean-start]
2023-01-17T04:36:27.790+0800: 397.698: [CMS-concurrent-abortable-preclean: 0.000/0.000 secs] [Times: user=0.00 sys=0.00, real=0.00 secs] 
2023-01-17T04:36:27.794+0800: 397.702: [GC (CMS Final Remark) [YG occupancy: 94150 K (115200 K)]2023-01-17T04:36:27.794+0800: 397.702: [Rescan (parallel) , 0.0227910 secs]2023-01-17T04:36:27.817+0800: 397.724: [weak refs processing, 0.0000387 secs]2023-01-17T04:36:27.817+0800: 397.724: [class unloading, 0.0128890 secs]2023-01-17T04:36:27.830+0800: 397.737: [scrub symbol table, 0.0045030 secs]2023-01-17T04:36:27.834+0800: 397.742: [scrub string table, 0.0008740 secs][1 CMS-remark: 134141K(134144K)] 228292K(249344K), 0.0412465 secs] [Times: user=0.11 sys=0.00, real=0.04 secs] 
2023-01-17T04:36:27.835+0800: 397.743: [CMS-concurrent-sweep-start]
2023-01-17T04:36:27.853+0800: 397.761: [CMS-concurrent-sweep: 0.018/0.018 secs] [Times: user=0.06 sys=0.00, real=0.02 secs] 
2023-01-17T04:36:27.853+0800: 397.761: [CMS-concurrent-reset-start]
2023-01-17T04:36:27.854+0800: 397.761: [CMS-concurrent-reset: 0.000/0.000 secs] [Times: user=0.00 sys=0.00, real=0.00 secs] 
{Heap before GC invocations=594 (full 916):
 par new generation   total 115200K, used 115199K [0x00000000f0000000, 0x00000000f7d00000, 0x00000000f7d00000)
  eden space 102400K, 100% used [0x00000000f0000000, 0x00000000f6400000, 0x00000000f6400000)
  from space 12800K,  99% used [0x00000000f7080000, 0x00000000f7cffff8, 0x00000000f7d00000)
  to   space 12800K,   0% used [0x00000000f6400000, 0x00000000f6400000, 0x00000000f7080000)
 concurrent mark-sweep generation total 134144K, used 134141K [0x00000000f7d00000, 0x0000000100000000, 0x0000000100000000)
 Metaspace       used 52058K, capacity 54894K, committed 55936K, reserved 1097728K
  class space    used 6335K, capacity 6835K, committed 7040K, reserved 1048576K
2023-01-17T04:36:27.925+0800: 397.833: [GC (Allocation Failure) 2023-01-17T04:36:27.925+0800: 397.833: [ParNew: 115199K->115199K(115200K), 0.0000238 secs]2023-01-17T04:36:27.925+0800: 397.833: [CMS: 134141K->134141K(134144K), 0.1844640 secs] 249341K->157479K(249344K), [Metaspace: 52058K->52058K(1097728K)], 0.1848220 secs] [Times: user=0.19 sys=0.00, real=0.19 secs] 
Heap after GC invocations=595 (full 917):
 par new generation   total 115200K, used 23337K [0x00000000f0000000, 0x00000000f7d00000, 0x00000000f7d00000)
  eden space 102400K,  22% used [0x00000000f0000000, 0x00000000f16ca680, 0x00000000f6400000)
  from space 12800K,   0% used [0x00000000f7080000, 0x00000000f7080000, 0x00000000f7d00000)
  to   space 12800K,   0% used [0x00000000f6400000, 0x00000000f6400000, 0x00000000f7080000)
 concurrent mark-sweep generation total 134144K, used 134141K [0x00000000f7d00000, 0x0000000100000000, 0x0000000100000000)
 Metaspace       used 52058K, capacity 54894K, committed 55936K, reserved 1097728K
  class space    used 6335K, capacity 6835K, committed 7040K, reserved 1048576K
}
2023-01-17T04:36:28.114+0800: 398.022: [GC (CMS Initial Mark) [1 CMS-initial-mark: 134141K(134144K)] 157669K(249344K), 0.0082406 secs] [Times: user=0.02 sys=0.00, real=0.01 secs] 
2023-01-17T04:36:28.123+0800: 398.031: [CMS-concurrent-mark-start]
2023-01-17T04:36:28.183+0800: 398.091: [CMS-concurrent-mark: 0.060/0.060 secs] [Times: user=0.13 sys=0.03, real=0.06 secs] 
2023-01-17T04:36:28.183+0800: 398.091: [CMS-concurrent-preclean-start]
2023-01-17T04:36:28.218+0800: 398.126: [CMS-concurrent-preclean: 0.035/0.035 secs] [Times: user=0.07 sys=0.00, real=0.03 secs] 
2023-01-17T04:36:28.219+0800: 398.126: [CMS-concurrent-abortable-preclean-start]
2023-01-17T04:36:28.219+0800: 398.126: [CMS-concurrent-abortable-preclean: 0.000/0.000 secs] [Times: user=0.00 sys=0.00, real=0.00 secs] 
2023-01-17T04:36:28.222+0800: 398.130: [GC (CMS Final Remark) [YG occupancy: 57290 K (115200 K)]2023-01-17T04:36:28.222+0800: 398.130: [Rescan (parallel) , 0.0177602 secs]2023-01-17T04:36:28.240+0800: 398.148: [weak refs processing, 0.0000376 secs]2023-01-17T04:36:28.240+0800: 398.148: [class unloading, 0.0134004 secs]2023-01-17T04:36:28.253+0800: 398.161: [scrub symbol table, 0.0058801 secs]2023-01-17T04:36:28.259+0800: 398.167: [scrub string table, 0.0009255 secs][1 CMS-remark: 134141K(134144K)] 191432K(249344K), 0.0381596 secs] [Times: user=0.08 sys=0.00, real=0.04 secs] 
2023-01-17T04:36:28.261+0800: 398.168: [CMS-concurrent-sweep-start]
2023-01-17T04:36:28.283+0800: 398.191: [CMS-concurrent-sweep: 0.022/0.022 secs] [Times: user=0.06 sys=0.00, real=0.02 secs] 
2023-01-17T04:36:28.283+0800: 398.191: [CMS-concurrent-reset-start]
2023-01-17T04:36:28.283+0800: 398.191: [CMS-concurrent-reset: 0.000/0.000 secs] [Times: user=0.00 sys=0.00, real=0.00 secs] 
{Heap before GC invocations=595 (full 918):
 par new generation   total 115200K, used 115194K [0x00000000f0000000, 0x00000000f7d00000, 0x00000000f7d00000)
  eden space 102400K, 100% used [0x00000000f0000000, 0x00000000f6400000, 0x00000000f6400000)
  from space 12800K,  99% used [0x00000000f7080000, 0x00000000f7cfebd0, 0x00000000f7d00000)
  to   space 12800K,   0% used [0x00000000f6400000, 0x00000000f6400000, 0x00000000f7080000)
 concurrent mark-sweep generation total 134144K, used 134141K [0x00000000f7d00000, 0x0000000100000000, 0x0000000100000000)
 Metaspace       used 52058K, capacity 54894K, committed 55936K, reserved 1097728K
  class space    used 6335K, capacity 6835K, committed 7040K, reserved 1048576K
2023-01-17T04:36:28.421+0800: 398.328: [GC (Allocation Failure) 2023-01-17T04:36:28.421+0800: 398.329: [ParNew: 115194K->115194K(115200K), 0.0000305 secs]2023-01-17T04:36:28.421+0800: 398.329: [CMS: 134141K->134141K(134144K), 0.2000413 secs] 249336K->157480K(249344K), [Metaspace: 52058K->52058K(1097728K)], 0.2004857 secs] [Times: user=0.20 sys=0.00, real=0.20 secs] 
Heap after GC invocations=596 (full 919):
 par new generation   total 115200K, used 23338K [0x00000000f0000000, 0x00000000f7d00000, 0x00000000f7d00000)
  eden space 102400K,  22% used [0x00000000f0000000, 0x00000000f16caa40, 0x00000000f6400000)
  from space 12800K,   0% used [0x00000000f7080000, 0x00000000f7080000, 0x00000000f7d00000)
  to   space 12800K,   0% used [0x00000000f6400000, 0x00000000f6400000, 0x00000000f7080000)
 concurrent mark-sweep generation total 134144K, used 134141K [0x00000000f7d00000, 0x0000000100000000, 0x0000000100000000)
 Metaspace       used 52058K, capacity 54894K, committed 55936K, reserved 1097728K
  class space    used 6335K, capacity 6835K, committed 7040K, reserved 1048576K
}
2023-01-17T04:36:28.626+0800: 398.534: [GC (CMS Initial Mark) [1 CMS-initial-mark: 134141K(134144K)] 158109K(249344K), 0.0062004 secs] [Times: user=0.02 sys=0.00, real=0.01 secs] 
2023-01-17T04:36:28.632+0800: 398.540: [CMS-concurrent-mark-start]
2023-01-17T04:36:28.698+0800: 398.606: [CMS-concurrent-mark: 0.066/0.066 secs] [Times: user=0.19 sys=0.05, real=0.06 secs] 
2023-01-17T04:36:28.699+0800: 398.606: [CMS-concurrent-preclean-start]
2023-01-17T04:36:28.732+0800: 398.640: [CMS-concurrent-preclean: 0.033/0.033 secs] [Times: user=0.06 sys=0.01, real=0.04 secs] 
2023-01-17T04:36:28.732+0800: 398.640: [CMS-concurrent-abortable-preclean-start]
2023-01-17T04:36:28.732+0800: 398.640: [CMS-concurrent-abortable-preclean: 0.000/0.000 secs] [Times: user=0.00 sys=0.00, real=0.00 secs] 
2023-01-17T04:36:28.735+0800: 398.643: [GC (CMS Final Remark) [YG occupancy: 72484 K (115200 K)]2023-01-17T04:36:28.735+0800: 398.643: [Rescan (parallel) , 0.0160718 secs]2023-01-17T04:36:28.751+0800: 398.659: [weak refs processing, 0.0000375 secs]2023-01-17T04:36:28.751+0800: 398.659: [class unloading, 0.0126649 secs]2023-01-17T04:36:28.764+0800: 398.672: [scrub symbol table, 0.0047613 secs]2023-01-17T04:36:28.769+0800: 398.677: [scrub string table, 0.0008653 secs][1 CMS-remark: 134141K(134144K)] 206626K(249344K), 0.0345516 secs] [Times: user=0.08 sys=0.00, real=0.04 secs] 
2023-01-17T04:36:28.770+0800: 398.678: [CMS-concurrent-sweep-start]
2023-01-17T04:36:28.785+0800: 398.693: [CMS-concurrent-sweep: 0.015/0.015 secs] [Times: user=0.03 sys=0.00, real=0.01 secs] 
2023-01-17T04:36:28.786+0800: 398.693: [CMS-concurrent-reset-start]
2023-01-17T04:36:28.786+0800: 398.694: [CMS-concurrent-reset: 0.000/0.000 secs] [Times: user=0.00 sys=0.00, real=0.00 secs] 
{Heap before GC invocations=596 (full 920):
 par new generation   total 115200K, used 115200K [0x00000000f0000000, 0x00000000f7d00000, 0x00000000f7d00000)
  eden space 102400K, 100% used [0x00000000f0000000, 0x00000000f6400000, 0x00000000f6400000)
  from space 12800K, 100% used [0x00000000f7080000, 0x00000000f7d00000, 0x00000000f7d00000)
  to   space 12800K,   0% used [0x00000000f6400000, 0x00000000f6400000, 0x00000000f7080000)
 concurrent mark-sweep generation total 134144K, used 134141K [0x00000000f7d00000, 0x0000000100000000, 0x0000000100000000)
 Metaspace       used 52058K, capacity 54894K, committed 55936K, reserved 1097728K
  class space    used 6335K, capacity 6835K, committed 7040K, reserved 1048576K
2023-01-17T04:36:28.905+0800: 398.813: [GC (Allocation Failure) 2023-01-17T04:36:28.905+0800: 398.813: [ParNew: 115200K->115200K(115200K), 0.0000248 secs]2023-01-17T04:36:28.905+0800: 398.813: [CMS: 134141K->134141K(134144K), 0.1850965 secs] 249341K->157466K(249344K), [Metaspace: 52058K->52058K(1097728K)], 0.1854725 secs] [Times: user=0.18 sys=0.00, real=0.19 secs] 
Heap after GC invocations=597 (full 921):
 par new generation   total 115200K, used 23324K [0x00000000f0000000, 0x00000000f7d00000, 0x00000000f7d00000)
  eden space 102400K,  22% used [0x00000000f0000000, 0x00000000f16c70b0, 0x00000000f6400000)
  from space 12800K,   0% used [0x00000000f7080000, 0x00000000f7080000, 0x00000000f7d00000)
  to   space 12800K,   0% used [0x00000000f6400000, 0x00000000f6400000, 0x00000000f7080000)
 concurrent mark-sweep generation total 134144K, used 134141K [0x00000000f7d00000, 0x0000000100000000, 0x0000000100000000)
 Metaspace       used 52058K, capacity 54894K, committed 55936K, reserved 1097728K
  class space    used 6335K, capacity 6835K, committed 7040K, reserved 1048576K
}
2023-01-17T04:36:29.095+0800: 399.002: [GC (CMS Initial Mark) [1 CMS-initial-mark: 134141K(134144K)] 157769K(249344K), 0.0066339 secs] [Times: user=0.01 sys=0.00, real=0.01 secs] 
2023-01-17T04:36:29.102+0800: 399.009: [CMS-concurrent-mark-start]
2023-01-17T04:36:29.205+0800: 399.113: [CMS-concurrent-mark: 0.103/0.103 secs] [Times: user=0.20 sys=0.05, real=0.10 secs] 
2023-01-17T04:36:29.205+0800: 399.113: [CMS-concurrent-preclean-start]
2023-01-17T04:36:29.260+0800: 399.168: [CMS-concurrent-preclean: 0.055/0.055 secs] [Times: user=0.08 sys=0.01, real=0.06 secs] 
2023-01-17T04:36:29.260+0800: 399.168: [CMS-concurrent-abortable-preclean-start]
2023-01-17T04:36:29.260+0800: 399.168: [CMS-concurrent-abortable-preclean: 0.000/0.000 secs] [Times: user=0.00 sys=0.00, real=0.00 secs] 
2023-01-17T04:36:29.265+0800: 399.173: [GC (CMS Final Remark) [YG occupancy: 87762 K (115200 K)]2023-01-17T04:36:29.265+0800: 399.173: [Rescan (parallel) , 0.0301799 secs]2023-01-17T04:36:29.296+0800: 399.203: [weak refs processing, 0.0000597 secs]2023-01-17T04:36:29.296+0800: 399.203: [class unloading, 0.0188446 secs]2023-01-17T04:36:29.314+0800: 399.222: [scrub symbol table, 0.0068291 secs]2023-01-17T04:36:29.321+0800: 399.229: [scrub string table, 0.0012950 secs][1 CMS-remark: 134141K(134144K)] 221904K(249344K), 0.0574636 secs] [Times: user=0.10 sys=0.00, real=0.06 secs] 
2023-01-17T04:36:29.324+0800: 399.232: [CMS-concurrent-sweep-start]
2023-01-17T04:36:29.359+0800: 399.266: [CMS-concurrent-sweep: 0.034/0.034 secs] [Times: user=0.06 sys=0.02, real=0.03 secs] 
2023-01-17T04:36:29.359+0800: 399.267: [CMS-concurrent-reset-start]
2023-01-17T04:36:29.359+0800: 399.267: [CMS-concurrent-reset: 0.000/0.000 secs] [Times: user=0.00 sys=0.00, real=0.00 secs] 
{Heap before GC invocations=597 (full 922):
 par new generation   total 115200K, used 115200K [0x00000000f0000000, 0x00000000f7d00000, 0x00000000f7d00000)
  eden space 102400K, 100% used [0x00000000f0000000, 0x00000000f6400000, 0x00000000f6400000)
  from space 12800K, 100% used [0x00000000f7080000, 0x00000000f7d00000, 0x00000000f7d00000)
  to   space 12800K,   0% used [0x00000000f6400000, 0x00000000f6400000, 0x00000000f7080000)
 concurrent mark-sweep generation total 134144K, used 134141K [0x00000000f7d00000, 0x0000000100000000, 0x0000000100000000)
 Metaspace       used 52058K, capacity 54894K, committed 55936K, reserved 1097728K
  class space    used 6335K, capacity 6835K, committed 7040K, reserved 1048576K
2023-01-17T04:36:29.458+0800: 399.365: [GC (Allocation Failure) 2023-01-17T04:36:29.458+0800: 399.366: [ParNew: 115200K->115200K(115200K), 0.0000341 secs]2023-01-17T04:36:29.458+0800: 399.366: [CMS: 134141K->134141K(134144K), 0.2081103 secs] 249341K->157463K(249344K), [Metaspace: 52058K->52058K(1097728K)], 0.2085813 secs] [Times: user=0.21 sys=0.00, real=0.21 secs] 
Heap after GC invocations=598 (full 923):
 par new generation   total 115200K, used 23321K [0x00000000f0000000, 0x00000000f7d00000, 0x00000000f7d00000)
  eden space 102400K,  22% used [0x00000000f0000000, 0x00000000f16c65a8, 0x00000000f6400000)
  from space 12800K,   0% used [0x00000000f7080000, 0x00000000f7080000, 0x00000000f7d00000)
  to   space 12800K,   0% used [0x00000000f6400000, 0x00000000f6400000, 0x00000000f7080000)
 concurrent mark-sweep generation total 134144K, used 134141K [0x00000000f7d00000, 0x0000000100000000, 0x0000000100000000)
 Metaspace       used 52058K, capacity 54894K, committed 55936K, reserved 1097728K
  class space    used 6335K, capacity 6835K, committed 7040K, reserved 1048576K
}
2023-01-17T04:36:29.672+0800: 399.580: [GC (CMS Initial Mark) [1 CMS-initial-mark: 134141K(134144K)] 159031K(249344K), 0.0067867 secs] [Times: user=0.02 sys=0.00, real=0.00 secs] 
2023-01-17T04:36:29.679+0800: 399.587: [CMS-concurrent-mark-start]
2023-01-17T04:36:29.733+0800: 399.641: [CMS-concurrent-mark: 0.054/0.054 secs] [Times: user=0.16 sys=0.01, real=0.06 secs] 
2023-01-17T04:36:29.733+0800: 399.641: [CMS-concurrent-preclean-start]
2023-01-17T04:36:29.770+0800: 399.678: [CMS-concurrent-preclean: 0.037/0.037 secs] [Times: user=0.09 sys=0.02, real=0.04 secs] 
2023-01-17T04:36:29.771+0800: 399.678: [CMS-concurrent-abortable-preclean-start]
2023-01-17T04:36:29.771+0800: 399.678: [CMS-concurrent-abortable-preclean: 0.000/0.000 secs] [Times: user=0.00 sys=0.00, real=0.00 secs] 
2023-01-17T04:36:29.775+0800: 399.682: [GC (CMS Final Remark) [YG occupancy: 68361 K (115200 K)]2023-01-17T04:36:29.775+0800: 399.682: [Rescan (parallel) , 0.0166426 secs]2023-01-17T04:36:29.791+0800: 399.699: [weak refs processing, 0.0000441 secs]2023-01-17T04:36:29.791+0800: 399.699: [class unloading, 0.0134919 secs]2023-01-17T04:36:29.805+0800: 399.713: [scrub symbol table, 0.0046172 secs]2023-01-17T04:36:29.809+0800: 399.717: [scrub string table, 0.0008859 secs][1 CMS-remark: 134141K(134144K)] 202503K(249344K), 0.0358499 secs] [Times: user=0.08 sys=0.00, real=0.04 secs] 
2023-01-17T04:36:29.811+0800: 399.718: [CMS-concurrent-sweep-start]
2023-01-17T04:36:29.831+0800: 399.738: [CMS-concurrent-sweep: 0.020/0.020 secs] [Times: user=0.05 sys=0.01, real=0.02 secs] 
2023-01-17T04:36:29.831+0800: 399.739: [CMS-concurrent-reset-start]
2023-01-17T04:36:29.831+0800: 399.739: [CMS-concurrent-reset: 0.000/0.000 secs] [Times: user=0.00 sys=0.00, real=0.00 secs] 
{Heap before GC invocations=598 (full 924):
 par new generation   total 115200K, used 115193K [0x00000000f0000000, 0x00000000f7d00000, 0x00000000f7d00000)
  eden space 102400K, 100% used [0x00000000f0000000, 0x00000000f6400000, 0x00000000f6400000)
  from space 12800K,  99% used [0x00000000f7080000, 0x00000000f7cfe788, 0x00000000f7d00000)
  to   space 12800K,   0% used [0x00000000f6400000, 0x00000000f6400000, 0x00000000f7080000)
 concurrent mark-sweep generation total 134144K, used 134141K [0x00000000f7d00000, 0x0000000100000000, 0x0000000100000000)
 Metaspace       used 52058K, capacity 54894K, committed 55936K, reserved 1097728K
  class space    used 6335K, capacity 6835K, committed 7040K, reserved 1048576K
2023-01-17T04:36:29.931+0800: 399.839: [GC (Allocation Failure) 2023-01-17T04:36:29.931+0800: 399.839: [ParNew: 115193K->115193K(115200K), 0.0000240 secs]2023-01-17T04:36:29.931+0800: 399.839: [CMS: 134141K->134141K(134144K), 0.2045616 secs] 249335K->157450K(249344K), [Metaspace: 52058K->52058K(1097728K)], 0.2049343 secs] [Times: user=0.20 sys=0.00, real=0.20 secs] 
Heap after GC invocations=599 (full 925):
 par new generation   total 115200K, used 23308K [0x00000000f0000000, 0x00000000f7d00000, 0x00000000f7d00000)
  eden space 102400K,  22% used [0x00000000f0000000, 0x00000000f16c3228, 0x00000000f6400000)
  from space 12800K,   0% used [0x00000000f7080000, 0x00000000f7080000, 0x00000000f7d00000)
  to   space 12800K,   0% used [0x00000000f6400000, 0x00000000f6400000, 0x00000000f7080000)
 concurrent mark-sweep generation total 134144K, used 134141K [0x00000000f7d00000, 0x0000000100000000, 0x0000000100000000)
 Metaspace       used 52058K, capacity 54894K, committed 55936K, reserved 1097728K
  class space    used 6335K, capacity 6835K, committed 7040K, reserved 1048576K
}
2023-01-17T04:36:30.140+0800: 400.048: [GC (CMS Initial Mark) [1 CMS-initial-mark: 134141K(134144K)] 157684K(249344K), 0.0080300 secs] [Times: user=0.02 sys=0.00, real=0.00 secs] 
2023-01-17T04:36:30.149+0800: 400.056: [CMS-concurrent-mark-start]
2023-01-17T04:36:30.202+0800: 400.110: [CMS-concurrent-mark: 0.054/0.054 secs] [Times: user=0.09 sys=0.01, real=0.06 secs] 
2023-01-17T04:36:30.202+0800: 400.110: [CMS-concurrent-preclean-start]
2023-01-17T04:36:30.231+0800: 400.139: [CMS-concurrent-preclean: 0.029/0.029 secs] [Times: user=0.03 sys=0.00, real=0.03 secs] 
2023-01-17T04:36:30.232+0800: 400.139: [CMS-concurrent-abortable-preclean-start]
2023-01-17T04:36:30.232+0800: 400.139: [CMS-concurrent-abortable-preclean: 0.000/0.000 secs] [Times: user=0.00 sys=0.00, real=0.00 secs] 
2023-01-17T04:36:30.235+0800: 400.143: [GC (CMS Final Remark) [YG occupancy: 36505 K (115200 K)]2023-01-17T04:36:30.235+0800: 400.143: [Rescan (parallel) , 0.0100479 secs]2023-01-17T04:36:30.245+0800: 400.153: [weak refs processing, 0.0000507 secs]2023-01-17T04:36:30.245+0800: 400.153: [class unloading, 0.0126921 secs]2023-01-17T04:36:30.258+0800: 400.166: [scrub symbol table, 0.0046455 secs]2023-01-17T04:36:30.263+0800: 400.170: [scrub string table, 0.0008527 secs][1 CMS-remark: 134141K(134144K)] 170647K(249344K), 0.0284178 secs] [Times: user=0.05 sys=0.00, real=0.03 secs] 
2023-01-17T04:36:30.264+0800: 400.172: [CMS-concurrent-sweep-start]
2023-01-17T04:36:30.280+0800: 400.188: [CMS-concurrent-sweep: 0.016/0.016 secs] [Times: user=0.03 sys=0.00, real=0.02 secs] 
2023-01-17T04:36:30.280+0800: 400.188: [CMS-concurrent-reset-start]
2023-01-17T04:36:30.281+0800: 400.188: [CMS-concurrent-reset: 0.000/0.000 secs] [Times: user=0.00 sys=0.00, real=0.00 secs] 
{Heap before GC invocations=599 (full 926):
 par new generation   total 115200K, used 115200K [0x00000000f0000000, 0x00000000f7d00000, 0x00000000f7d00000)
  eden space 102400K, 100% used [0x00000000f0000000, 0x00000000f6400000, 0x00000000f6400000)
  from space 12800K, 100% used [0x00000000f7080000, 0x00000000f7d00000, 0x00000000f7d00000)
  to   space 12800K,   0% used [0x00000000f6400000, 0x00000000f6400000, 0x00000000f7080000)
 concurrent mark-sweep generation total 134144K, used 134141K [0x00000000f7d00000, 0x0000000100000000, 0x0000000100000000)
 Metaspace       used 52058K, capacity 54894K, committed 55936K, reserved 1097728K
  class space    used 6335K, capacity 6835K, committed 7040K, reserved 1048576K
2023-01-17T04:36:30.462+0800: 400.369: [GC (Allocation Failure) 2023-01-17T04:36:30.462+0800: 400.370: [ParNew: 115200K->115200K(115200K), 0.0000254 secs]2023-01-17T04:36:30.462+0800: 400.370: [CMS: 134141K->134141K(134144K), 0.1846096 secs] 249341K->157461K(249344K), [Metaspace: 52058K->52058K(1097728K)], 0.1849921 secs] [Times: user=0.19 sys=0.00, real=0.18 secs] 
Heap after GC invocations=600 (full 927):
 par new generation   total 115200K, used 23320K [0x00000000f0000000, 0x00000000f7d00000, 0x00000000f7d00000)
  eden space 102400K,  22% used [0x00000000f0000000, 0x00000000f16c6118, 0x00000000f6400000)
  from space 12800K,   0% used [0x00000000f7080000, 0x00000000f7080000, 0x00000000f7d00000)
  to   space 12800K,   0% used [0x00000000f6400000, 0x00000000f6400000, 0x00000000f7080000)
 concurrent mark-sweep generation total 134144K, used 134141K [0x00000000f7d00000, 0x0000000100000000, 0x0000000100000000)
 Metaspace       used 52058K, capacity 54894K, committed 55936K, reserved 1097728K
  class space    used 6335K, capacity 6835K, committed 7040K, reserved 1048576K
}
2023-01-17T04:36:30.651+0800: 400.559: [GC (CMS Initial Mark) [1 CMS-initial-mark: 134141K(134144K)] 157728K(249344K), 0.0097064 secs] [Times: user=0.02 sys=0.00, real=0.01 secs] 
2023-01-17T04:36:30.661+0800: 400.568: [CMS-concurrent-mark-start]
2023-01-17T04:36:30.734+0800: 400.642: [CMS-concurrent-mark: 0.073/0.073 secs] [Times: user=0.14 sys=0.03, real=0.07 secs] 
2023-01-17T04:36:30.734+0800: 400.642: [CMS-concurrent-preclean-start]
2023-01-17T04:36:30.763+0800: 400.671: [CMS-concurrent-preclean: 0.029/0.029 secs] [Times: user=0.03 sys=0.00, real=0.03 secs] 
2023-01-17T04:36:30.764+0800: 400.671: [CMS-concurrent-abortable-preclean-start]
2023-01-17T04:36:30.764+0800: 400.671: [CMS-concurrent-abortable-preclean: 0.000/0.000 secs] [Times: user=0.00 sys=0.00, real=0.00 secs] 
2023-01-17T04:36:30.767+0800: 400.675: [GC (CMS Final Remark) [YG occupancy: 51825 K (115200 K)]2023-01-17T04:36:30.767+0800: 400.675: [Rescan (parallel) , 0.0150275 secs]2023-01-17T04:36:30.782+0800: 400.690: [weak refs processing, 0.0000348 secs]2023-01-17T04:36:30.782+0800: 400.690: [class unloading, 0.0125149 secs]2023-01-17T04:36:30.795+0800: 400.702: [scrub symbol table, 0.0046672 secs]2023-01-17T04:36:30.799+0800: 400.707: [scrub string table, 0.0009323 secs][1 CMS-remark: 134141K(134144K)] 185967K(249344K), 0.0333229 secs] [Times: user=0.06 sys=0.00, real=0.04 secs] 
2023-01-17T04:36:30.801+0800: 400.708: [CMS-concurrent-sweep-start]
2023-01-17T04:36:30.819+0800: 400.727: [CMS-concurrent-sweep: 0.019/0.019 secs] [Times: user=0.05 sys=0.01, real=0.01 secs] 
2023-01-17T04:36:30.819+0800: 400.727: [CMS-concurrent-reset-start]
2023-01-17T04:36:30.819+0800: 400.727: [CMS-concurrent-reset: 0.000/0.000 secs] [Times: user=0.00 sys=0.00, real=0.00 secs] 
{Heap before GC invocations=600 (full 928):
 par new generation   total 115200K, used 115199K [0x00000000f0000000, 0x00000000f7d00000, 0x00000000f7d00000)
  eden space 102400K, 100% used [0x00000000f0000000, 0x00000000f6400000, 0x00000000f6400000)
  from space 12800K,  99% used [0x00000000f7080000, 0x00000000f7cffff0, 0x00000000f7d00000)
  to   space 12800K,   0% used [0x00000000f6400000, 0x00000000f6400000, 0x00000000f7080000)
 concurrent mark-sweep generation total 134144K, used 134141K [0x00000000f7d00000, 0x0000000100000000, 0x0000000100000000)
 Metaspace       used 52058K, capacity 54894K, committed 55936K, reserved 1097728K
  class space    used 6335K, capacity 6835K, committed 7040K, reserved 1048576K
2023-01-17T04:36:30.971+0800: 400.879: [GC (Allocation Failure) 2023-01-17T04:36:30.971+0800: 400.879: [ParNew: 115199K->115199K(115200K), 0.0000339 secs]2023-01-17T04:36:30.971+0800: 400.879: [CMS: 134141K->134141K(134144K), 0.2071639 secs] 249341K->157486K(249344K), [Metaspace: 52058K->52058K(1097728K)], 0.2076362 secs] [Times: user=0.21 sys=0.00, real=0.20 secs] 
Heap after GC invocations=601 (full 929):
 par new generation   total 115200K, used 23345K [0x00000000f0000000, 0x00000000f7d00000, 0x00000000f7d00000)
  eden space 102400K,  22% used [0x00000000f0000000, 0x00000000f16cc558, 0x00000000f6400000)
  from space 12800K,   0% used [0x00000000f7080000, 0x00000000f7080000, 0x00000000f7d00000)
  to   space 12800K,   0% used [0x00000000f6400000, 0x00000000f6400000, 0x00000000f7080000)
 concurrent mark-sweep generation total 134144K, used 134141K [0x00000000f7d00000, 0x0000000100000000, 0x0000000100000000)
 Metaspace       used 52058K, capacity 54894K, committed 55936K, reserved 1097728K
  class space    used 6335K, capacity 6835K, committed 7040K, reserved 1048576K
}
2023-01-17T04:36:31.183+0800: 401.091: [GC (CMS Initial Mark) [1 CMS-initial-mark: 134141K(134144K)] 157820K(249344K), 0.0093081 secs] [Times: user=0.02 sys=0.00, real=0.01 secs] 
2023-01-17T04:36:31.193+0800: 401.100: [CMS-concurrent-mark-start]
2023-01-17T04:36:31.274+0800: 401.182: [CMS-concurrent-mark: 0.081/0.081 secs] [Times: user=0.19 sys=0.03, real=0.08 secs] 
2023-01-17T04:36:31.274+0800: 401.182: [CMS-concurrent-preclean-start]
2023-01-17T04:36:31.304+0800: 401.212: [CMS-concurrent-preclean: 0.030/0.030 secs] [Times: user=0.03 sys=0.00, real=0.03 secs] 
2023-01-17T04:36:31.304+0800: 401.212: [CMS-concurrent-abortable-preclean-start]
2023-01-17T04:36:31.304+0800: 401.212: [CMS-concurrent-abortable-preclean: 0.000/0.000 secs] [Times: user=0.00 sys=0.00, real=0.00 secs] 
2023-01-17T04:36:31.308+0800: 401.216: [GC (CMS Final Remark) [YG occupancy: 68525 K (115200 K)]2023-01-17T04:36:31.308+0800: 401.216: [Rescan (parallel) , 0.0166958 secs]2023-01-17T04:36:31.325+0800: 401.232: [weak refs processing, 0.0000352 secs]2023-01-17T04:36:31.325+0800: 401.232: [class unloading, 0.0126282 secs]2023-01-17T04:36:31.337+0800: 401.245: [scrub symbol table, 0.0046229 secs]2023-01-17T04:36:31.342+0800: 401.250: [scrub string table, 0.0008998 secs][1 CMS-remark: 134141K(134144K)] 202667K(249344K), 0.0350297 secs] [Times: user=0.07 sys=0.00, real=0.04 secs] 
2023-01-17T04:36:31.343+0800: 401.251: [CMS-concurrent-sweep-start]
2023-01-17T04:36:31.361+0800: 401.268: [CMS-concurrent-sweep: 0.017/0.017 secs] [Times: user=0.05 sys=0.01, real=0.02 secs] 
2023-01-17T04:36:31.361+0800: 401.269: [CMS-concurrent-reset-start]
2023-01-17T04:36:31.361+0800: 401.269: [CMS-concurrent-reset: 0.000/0.000 secs] [Times: user=0.00 sys=0.00, real=0.00 secs] 
{Heap before GC invocations=601 (full 930):
 par new generation   total 115200K, used 115200K [0x00000000f0000000, 0x00000000f7d00000, 0x00000000f7d00000)
  eden space 102400K, 100% used [0x00000000f0000000, 0x00000000f6400000, 0x00000000f6400000)
  from space 12800K, 100% used [0x00000000f7080000, 0x00000000f7d00000, 0x00000000f7d00000)
  to   space 12800K,   0% used [0x00000000f6400000, 0x00000000f6400000, 0x00000000f7080000)
 concurrent mark-sweep generation total 134144K, used 134141K [0x00000000f7d00000, 0x0000000100000000, 0x0000000100000000)
 Metaspace       used 52058K, capacity 54894K, committed 55936K, reserved 1097728K
  class space    used 6335K, capacity 6835K, committed 7040K, reserved 1048576K
2023-01-17T04:36:31.468+0800: 401.376: [GC (Allocation Failure) 2023-01-17T04:36:31.468+0800: 401.376: [ParNew: 115200K->115200K(115200K), 0.0000250 secs]2023-01-17T04:36:31.468+0800: 401.376: [CMS: 134141K->134141K(134144K), 0.1866922 secs] 249341K->157443K(249344K), [Metaspace: 52058K->52058K(1097728K)], 0.1870346 secs] [Times: user=0.19 sys=0.00, real=0.19 secs] 
Heap after GC invocations=602 (full 931):
 par new generation   total 115200K, used 23302K [0x00000000f0000000, 0x00000000f7d00000, 0x00000000f7d00000)
  eden space 102400K,  22% used [0x00000000f0000000, 0x00000000f16c1878, 0x00000000f6400000)
  from space 12800K,   0% used [0x00000000f7080000, 0x00000000f7080000, 0x00000000f7d00000)
  to   space 12800K,   0% used [0x00000000f6400000, 0x00000000f6400000, 0x00000000f7080000)
 concurrent mark-sweep generation total 134144K, used 134141K [0x00000000f7d00000, 0x0000000100000000, 0x0000000100000000)
 Metaspace       used 52058K, capacity 54894K, committed 55936K, reserved 1097728K
  class space    used 6335K, capacity 6835K, committed 7040K, reserved 1048576K
}
2023-01-17T04:36:31.660+0800: 401.568: [GC (CMS Initial Mark) [1 CMS-initial-mark: 134141K(134144K)] 158207K(249344K), 0.0066192 secs] [Times: user=0.02 sys=0.00, real=0.00 secs] 
2023-01-17T04:36:31.667+0800: 401.575: [CMS-concurrent-mark-start]
2023-01-17T04:36:31.718+0800: 401.626: [CMS-concurrent-mark: 0.051/0.051 secs] [Times: user=0.11 sys=0.01, real=0.05 secs] 
2023-01-17T04:36:31.718+0800: 401.626: [CMS-concurrent-preclean-start]
2023-01-17T04:36:31.755+0800: 401.662: [CMS-concurrent-preclean: 0.037/0.037 secs] [Times: user=0.08 sys=0.02, real=0.04 secs] 
2023-01-17T04:36:31.755+0800: 401.663: [CMS-concurrent-abortable-preclean-start]
2023-01-17T04:36:31.755+0800: 401.663: [CMS-concurrent-abortable-preclean: 0.000/0.000 secs] [Times: user=0.00 sys=0.00, real=0.00 secs] 
2023-01-17T04:36:31.773+0800: 401.680: [GC (CMS Final Remark) [YG occupancy: 58542 K (115200 K)]2023-01-17T04:36:31.773+0800: 401.680: [Rescan (parallel) , 0.0198788 secs]2023-01-17T04:36:31.793+0800: 401.700: [weak refs processing, 0.0000566 secs]2023-01-17T04:36:31.793+0800: 401.700: [class unloading, 0.0185613 secs]2023-01-17T04:36:31.811+0800: 401.719: [scrub symbol table, 0.0070738 secs]2023-01-17T04:36:31.818+0800: 401.726: [scrub string table, 0.0012791 secs][1 CMS-remark: 134141K(134144K)] 192684K(249344K), 0.0470402 secs] [Times: user=0.08 sys=0.00, real=0.05 secs] 
2023-01-17T04:36:31.820+0800: 401.728: [CMS-concurrent-sweep-start]
2023-01-17T04:36:31.839+0800: 401.747: [CMS-concurrent-sweep: 0.019/0.019 secs] [Times: user=0.03 sys=0.00, real=0.01 secs] 
2023-01-17T04:36:31.839+0800: 401.747: [CMS-concurrent-reset-start]
2023-01-17T04:36:31.840+0800: 401.747: [CMS-concurrent-reset: 0.000/0.000 secs] [Times: user=0.00 sys=0.00, real=0.01 secs] 
{Heap before GC invocations=602 (full 932):
 par new generation   total 115200K, used 115199K [0x00000000f0000000, 0x00000000f7d00000, 0x00000000f7d00000)
  eden space 102400K, 100% used [0x00000000f0000000, 0x00000000f6400000, 0x00000000f6400000)
  from space 12800K,  99% used [0x00000000f7080000, 0x00000000f7cfff80, 0x00000000f7d00000)
  to   space 12800K,   0% used [0x00000000f6400000, 0x00000000f6400000, 0x00000000f7080000)
 concurrent mark-sweep generation total 134144K, used 134141K [0x00000000f7d00000, 0x0000000100000000, 0x0000000100000000)
 Metaspace       used 52058K, capacity 54894K, committed 55936K, reserved 1097728K
  class space    used 6335K, capacity 6835K, committed 7040K, reserved 1048576K
2023-01-17T04:36:32.003+0800: 401.911: [GC (Allocation Failure) 2023-01-17T04:36:32.003+0800: 401.911: [ParNew: 115199K->115199K(115200K), 0.0000295 secs]2023-01-17T04:36:32.003+0800: 401.911: [CMS: 134141K->134141K(134144K), 0.2164298 secs] 249341K->157422K(249344K), [Metaspace: 52058K->52058K(1097728K)], 0.2168815 secs] [Times: user=0.21 sys=0.00, real=0.22 secs] 
Heap after GC invocations=603 (full 933):
 par new generation   total 115200K, used 23280K [0x00000000f0000000, 0x00000000f7d00000, 0x00000000f7d00000)
  eden space 102400K,  22% used [0x00000000f0000000, 0x00000000f16bc278, 0x00000000f6400000)
  from space 12800K,   0% used [0x00000000f7080000, 0x00000000f7080000, 0x00000000f7d00000)
  to   space 12800K,   0% used [0x00000000f6400000, 0x00000000f6400000, 0x00000000f7080000)
 concurrent mark-sweep generation total 134144K, used 134141K [0x00000000f7d00000, 0x0000000100000000, 0x0000000100000000)
 Metaspace       used 52058K, capacity 54894K, committed 55936K, reserved 1097728K
  class space    used 6335K, capacity 6835K, committed 7040K, reserved 1048576K
}
2023-01-17T04:36:32.224+0800: 402.132: [GC (CMS Initial Mark) [1 CMS-initial-mark: 134141K(134144K)] 157590K(249344K), 0.0065579 secs] [Times: user=0.02 sys=0.00, real=0.01 secs] 
2023-01-17T04:36:32.231+0800: 402.138: [CMS-concurrent-mark-start]
2023-01-17T04:36:32.316+0800: 402.224: [CMS-concurrent-mark: 0.085/0.085 secs] [Times: user=0.20 sys=0.14, real=0.08 secs] 
2023-01-17T04:36:32.316+0800: 402.224: [CMS-concurrent-preclean-start]
2023-01-17T04:36:32.360+0800: 402.267: [CMS-concurrent-preclean: 0.043/0.043 secs] [Times: user=0.11 sys=0.02, real=0.05 secs] 
2023-01-17T04:36:32.360+0800: 402.268: [CMS-concurrent-abortable-preclean-start]
2023-01-17T04:36:32.360+0800: 402.268: [CMS-concurrent-abortable-preclean: 0.000/0.000 secs] [Times: user=0.00 sys=0.00, real=0.00 secs] 
2023-01-17T04:36:32.364+0800: 402.271: [GC (CMS Final Remark) [YG occupancy: 63438 K (115200 K)]2023-01-17T04:36:32.364+0800: 402.272: [Rescan (parallel) , 0.0145119 secs]2023-01-17T04:36:32.378+0800: 402.286: [weak refs processing, 0.0000395 secs]2023-01-17T04:36:32.378+0800: 402.286: [class unloading, 0.0125753 secs]2023-01-17T04:36:32.391+0800: 402.299: [scrub symbol table, 0.0046983 secs]2023-01-17T04:36:32.396+0800: 402.303: [scrub string table, 0.0008628 secs][1 CMS-remark: 134141K(134144K)] 197580K(249344K), 0.0328348 secs] [Times: user=0.07 sys=0.00, real=0.03 secs] 
2023-01-17T04:36:32.397+0800: 402.305: [CMS-concurrent-sweep-start]
2023-01-17T04:36:32.413+0800: 402.321: [CMS-concurrent-sweep: 0.017/0.017 secs] [Times: user=0.04 sys=0.01, real=0.02 secs] 
2023-01-17T04:36:32.414+0800: 402.321: [CMS-concurrent-reset-start]
2023-01-17T04:36:32.414+0800: 402.322: [CMS-concurrent-reset: 0.000/0.000 secs] [Times: user=0.00 sys=0.00, real=0.00 secs] 
{Heap before GC invocations=603 (full 934):
 par new generation   total 115200K, used 115199K [0x00000000f0000000, 0x00000000f7d00000, 0x00000000f7d00000)
  eden space 102400K, 100% used [0x00000000f0000000, 0x00000000f6400000, 0x00000000f6400000)
  from space 12800K,  99% used [0x00000000f7080000, 0x00000000f7cffff0, 0x00000000f7d00000)
  to   space 12800K,   0% used [0x00000000f6400000, 0x00000000f6400000, 0x00000000f7080000)
 concurrent mark-sweep generation total 134144K, used 134141K [0x00000000f7d00000, 0x0000000100000000, 0x0000000100000000)
 Metaspace       used 52058K, capacity 54894K, committed 55936K, reserved 1097728K
  class space    used 6335K, capacity 6835K, committed 7040K, reserved 1048576K
2023-01-17T04:36:32.520+0800: 402.428: [GC (Allocation Failure) 2023-01-17T04:36:32.521+0800: 402.428: [ParNew: 115199K->115199K(115200K), 0.0000275 secs]2023-01-17T04:36:32.521+0800: 402.428: [CMS: 134141K->134141K(134144K), 0.1853888 secs] 249341K->157530K(249344K), [Metaspace: 52058K->52058K(1097728K)], 0.1857597 secs] [Times: user=0.19 sys=0.00, real=0.18 secs] 
Heap after GC invocations=604 (full 935):
 par new generation   total 115200K, used 23388K [0x00000000f0000000, 0x00000000f7d00000, 0x00000000f7d00000)
  eden space 102400K,  22% used [0x00000000f0000000, 0x00000000f16d72c0, 0x00000000f6400000)
  from space 12800K,   0% used [0x00000000f7080000, 0x00000000f7080000, 0x00000000f7d00000)
  to   space 12800K,   0% used [0x00000000f6400000, 0x00000000f6400000, 0x00000000f7080000)
 concurrent mark-sweep generation total 134144K, used 134141K [0x00000000f7d00000, 0x0000000100000000, 0x0000000100000000)
 Metaspace       used 52058K, capacity 54894K, committed 55936K, reserved 1097728K
  class space    used 6335K, capacity 6835K, committed 7040K, reserved 1048576K
}
2023-01-17T04:36:32.710+0800: 402.618: [GC (CMS Initial Mark) [1 CMS-initial-mark: 134141K(134144K)] 157717K(249344K), 0.0094579 secs] [Times: user=0.02 sys=0.00, real=0.01 secs] 
2023-01-17T04:36:32.720+0800: 402.628: [CMS-concurrent-mark-start]
2023-01-17T04:36:32.799+0800: 402.707: [CMS-concurrent-mark: 0.079/0.079 secs] [Times: user=0.13 sys=0.03, real=0.07 secs] 
2023-01-17T04:36:32.799+0800: 402.707: [CMS-concurrent-preclean-start]
2023-01-17T04:36:32.833+0800: 402.741: [CMS-concurrent-preclean: 0.034/0.034 secs] [Times: user=0.06 sys=0.01, real=0.04 secs] 
2023-01-17T04:36:32.834+0800: 402.741: [CMS-concurrent-abortable-preclean-start]
2023-01-17T04:36:32.834+0800: 402.741: [CMS-concurrent-abortable-preclean: 0.000/0.000 secs] [Times: user=0.00 sys=0.00, real=0.00 secs] 
2023-01-17T04:36:32.837+0800: 402.745: [GC (CMS Final Remark) [YG occupancy: 51982 K (115200 K)]2023-01-17T04:36:32.837+0800: 402.745: [Rescan (parallel) , 0.0159098 secs]2023-01-17T04:36:32.853+0800: 402.761: [weak refs processing, 0.0000359 secs]2023-01-17T04:36:32.853+0800: 402.761: [class unloading, 0.0126592 secs]2023-01-17T04:36:32.866+0800: 402.774: [scrub symbol table, 0.0046714 secs]2023-01-17T04:36:32.871+0800: 402.778: [scrub string table, 0.0008869 secs][1 CMS-remark: 134141K(134144K)] 186124K(249344K), 0.0342996 secs] [Times: user=0.07 sys=0.00, real=0.04 secs] 
2023-01-17T04:36:32.872+0800: 402.780: [CMS-concurrent-sweep-start]
2023-01-17T04:36:32.888+0800: 402.796: [CMS-concurrent-sweep: 0.016/0.016 secs] [Times: user=0.04 sys=0.00, real=0.01 secs] 
2023-01-17T04:36:32.888+0800: 402.796: [CMS-concurrent-reset-start]
2023-01-17T04:36:32.888+0800: 402.796: [CMS-concurrent-reset: 0.000/0.000 secs] [Times: user=0.00 sys=0.00, real=0.00 secs] 
{Heap before GC invocations=604 (full 936):
 par new generation   total 115200K, used 115199K [0x00000000f0000000, 0x00000000f7d00000, 0x00000000f7d00000)
  eden space 102400K, 100% used [0x00000000f0000000, 0x00000000f6400000, 0x00000000f6400000)
  from space 12800K,  99% used [0x00000000f7080000, 0x00000000f7cffff8, 0x00000000f7d00000)
  to   space 12800K,   0% used [0x00000000f6400000, 0x00000000f6400000, 0x00000000f7080000)
 concurrent mark-sweep generation total 134144K, used 134141K [0x00000000f7d00000, 0x0000000100000000, 0x0000000100000000)
 Metaspace       used 52058K, capacity 54894K, committed 55936K, reserved 1097728K
  class space    used 6335K, capacity 6835K, committed 7040K, reserved 1048576K
2023-01-17T04:36:33.032+0800: 402.940: [GC (Allocation Failure) 2023-01-17T04:36:33.033+0800: 402.940: [ParNew: 115199K->115199K(115200K), 0.0000269 secs]2023-01-17T04:36:33.033+0800: 402.940: [CMS: 134141K->134141K(134144K), 0.2112234 secs] 249341K->157347K(249344K), [Metaspace: 52058K->52058K(1097728K)], 0.2115995 secs] [Times: user=0.22 sys=0.00, real=0.21 secs] 
Heap after GC invocations=605 (full 937):
 par new generation   total 115200K, used 23205K [0x00000000f0000000, 0x00000000f7d00000, 0x00000000f7d00000)
  eden space 102400K,  22% used [0x00000000f0000000, 0x00000000f16a96f8, 0x00000000f6400000)
  from space 12800K,   0% used [0x00000000f7080000, 0x00000000f7080000, 0x00000000f7d00000)
  to   space 12800K,   0% used [0x00000000f6400000, 0x00000000f6400000, 0x00000000f7080000)
 concurrent mark-sweep generation total 134144K, used 134141K [0x00000000f7d00000, 0x0000000100000000, 0x0000000100000000)
 Metaspace       used 52058K, capacity 54894K, committed 55936K, reserved 1097728K
  class space    used 6335K, capacity 6835K, committed 7040K, reserved 1048576K
}
2023-01-17T04:36:33.248+0800: 403.156: [GC (CMS Initial Mark) [1 CMS-initial-mark: 134141K(134144K)] 157414K(249344K), 0.0061432 secs] [Times: user=0.02 sys=0.00, real=0.01 secs] 
2023-01-17T04:36:33.255+0800: 403.163: [CMS-concurrent-mark-start]
2023-01-17T04:36:33.328+0800: 403.235: [CMS-concurrent-mark: 0.073/0.073 secs] [Times: user=0.17 sys=0.03, real=0.07 secs] 
2023-01-17T04:36:33.328+0800: 403.236: [CMS-concurrent-preclean-start]
2023-01-17T04:36:33.364+0800: 403.272: [CMS-concurrent-preclean: 0.036/0.036 secs] [Times: user=0.05 sys=0.01, real=0.04 secs] 
2023-01-17T04:36:33.364+0800: 403.272: [CMS-concurrent-abortable-preclean-start]
2023-01-17T04:36:33.364+0800: 403.272: [CMS-concurrent-abortable-preclean: 0.000/0.000 secs] [Times: user=0.00 sys=0.00, real=0.00 secs] 
2023-01-17T04:36:33.368+0800: 403.276: [GC (CMS Final Remark) [YG occupancy: 62940 K (115200 K)]2023-01-17T04:36:33.368+0800: 403.276: [Rescan (parallel) , 0.0159947 secs]2023-01-17T04:36:33.384+0800: 403.292: [weak refs processing, 0.0000384 secs]2023-01-17T04:36:33.384+0800: 403.292: [class unloading, 0.0129903 secs]2023-01-17T04:36:33.397+0800: 403.305: [scrub symbol table, 0.0048061 secs]2023-01-17T04:36:33.402+0800: 403.310: [scrub string table, 0.0009010 secs][1 CMS-remark: 134141K(134144K)] 197082K(249344K), 0.0348916 secs] [Times: user=0.07 sys=0.00, real=0.04 secs] 
2023-01-17T04:36:33.404+0800: 403.311: [CMS-concurrent-sweep-start]
2023-01-17T04:36:33.422+0800: 403.330: [CMS-concurrent-sweep: 0.019/0.019 secs] [Times: user=0.06 sys=0.02, real=0.02 secs] 
2023-01-17T04:36:33.423+0800: 403.330: [CMS-concurrent-reset-start]
2023-01-17T04:36:33.423+0800: 403.331: [CMS-concurrent-reset: 0.000/0.000 secs] [Times: user=0.00 sys=0.00, real=0.00 secs] 
{Heap before GC invocations=605 (full 938):
 par new generation   total 115200K, used 115199K [0x00000000f0000000, 0x00000000f7d00000, 0x00000000f7d00000)
  eden space 102400K, 100% used [0x00000000f0000000, 0x00000000f6400000, 0x00000000f6400000)
  from space 12800K,  99% used [0x00000000f7080000, 0x00000000f7cffe98, 0x00000000f7d00000)
  to   space 12800K,   0% used [0x00000000f6400000, 0x00000000f6400000, 0x00000000f7080000)
 concurrent mark-sweep generation total 134144K, used 134141K [0x00000000f7d00000, 0x0000000100000000, 0x0000000100000000)
 Metaspace       used 52058K, capacity 54894K, committed 55936K, reserved 1097728K
  class space    used 6335K, capacity 6835K, committed 7040K, reserved 1048576K
2023-01-17T04:36:33.530+0800: 403.438: [GC (Allocation Failure) 2023-01-17T04:36:33.530+0800: 403.438: [ParNew: 115199K->115199K(115200K), 0.0000253 secs]2023-01-17T04:36:33.530+0800: 403.438: [CMS: 134141K->134141K(134144K), 0.1841811 secs] 249341K->157633K(249344K), [Metaspace: 52058K->52058K(1097728K)], 0.1845436 secs] [Times: user=0.18 sys=0.00, real=0.18 secs] 
Heap after GC invocations=606 (full 939):
 par new generation   total 115200K, used 23492K [0x00000000f0000000, 0x00000000f7d00000, 0x00000000f7d00000)
  eden space 102400K,  22% used [0x00000000f0000000, 0x00000000f16f1138, 0x00000000f6400000)
  from space 12800K,   0% used [0x00000000f7080000, 0x00000000f7080000, 0x00000000f7d00000)
  to   space 12800K,   0% used [0x00000000f6400000, 0x00000000f6400000, 0x00000000f7080000)
 concurrent mark-sweep generation total 134144K, used 134141K [0x00000000f7d00000, 0x0000000100000000, 0x0000000100000000)
 Metaspace       used 52058K, capacity 54894K, committed 55936K, reserved 1097728K
  class space    used 6335K, capacity 6835K, committed 7040K, reserved 1048576K
}
2023-01-17T04:36:33.719+0800: 403.627: [GC (CMS Initial Mark) [1 CMS-initial-mark: 134141K(134144K)] 157757K(249344K), 0.0079482 secs] [Times: user=0.01 sys=0.00, real=0.01 secs] 
2023-01-17T04:36:33.727+0800: 403.635: [CMS-concurrent-mark-start]
2023-01-17T04:36:33.803+0800: 403.710: [CMS-concurrent-mark: 0.076/0.076 secs] [Times: user=0.14 sys=0.01, real=0.08 secs] 
2023-01-17T04:36:33.803+0800: 403.711: [CMS-concurrent-preclean-start]
2023-01-17T04:36:33.858+0800: 403.766: [CMS-concurrent-preclean: 0.055/0.055 secs] [Times: user=0.16 sys=0.02, real=0.05 secs] 
2023-01-17T04:36:33.858+0800: 403.766: [CMS-concurrent-abortable-preclean-start]
2023-01-17T04:36:33.858+0800: 403.766: [CMS-concurrent-abortable-preclean: 0.000/0.000 secs] [Times: user=0.00 sys=0.00, real=0.00 secs] 
2023-01-17T04:36:33.862+0800: 403.770: [GC (CMS Final Remark) [YG occupancy: 78105 K (115200 K)]2023-01-17T04:36:33.862+0800: 403.770: [Rescan (parallel) , 0.0199987 secs]2023-01-17T04:36:33.882+0800: 403.790: [weak refs processing, 0.0000358 secs]2023-01-17T04:36:33.882+0800: 403.790: [class unloading, 0.0126830 secs]2023-01-17T04:36:33.895+0800: 403.802: [scrub symbol table, 0.0047149 secs]2023-01-17T04:36:33.899+0800: 403.807: [scrub string table, 0.0008762 secs][1 CMS-remark: 134141K(134144K)] 212247K(249344K), 0.0384449 secs] [Times: user=0.09 sys=0.00, real=0.04 secs] 
2023-01-17T04:36:33.900+0800: 403.808: [CMS-concurrent-sweep-start]
2023-01-17T04:36:33.916+0800: 403.824: [CMS-concurrent-sweep: 0.016/0.016 secs] [Times: user=0.03 sys=0.01, real=0.01 secs] 
2023-01-17T04:36:33.916+0800: 403.824: [CMS-concurrent-reset-start]
2023-01-17T04:36:33.916+0800: 403.824: [CMS-concurrent-reset: 0.000/0.000 secs] [Times: user=0.00 sys=0.00, real=0.00 secs] 
{Heap before GC invocations=606 (full 940):
 par new generation   total 115200K, used 115198K [0x00000000f0000000, 0x00000000f7d00000, 0x00000000f7d00000)
  eden space 102400K, 100% used [0x00000000f0000000, 0x00000000f6400000, 0x00000000f6400000)
  from space 12800K,  99% used [0x00000000f7080000, 0x00000000f7cffbd0, 0x00000000f7d00000)
  to   space 12800K,   0% used [0x00000000f6400000, 0x00000000f6400000, 0x00000000f7080000)
 concurrent mark-sweep generation total 134144K, used 134141K [0x00000000f7d00000, 0x0000000100000000, 0x0000000100000000)
 Metaspace       used 52058K, capacity 54894K, committed 55936K, reserved 1097728K
  class space    used 6335K, capacity 6835K, committed 7040K, reserved 1048576K
2023-01-17T04:36:34.015+0800: 403.923: [GC (Allocation Failure) 2023-01-17T04:36:34.015+0800: 403.923: [ParNew: 115198K->115198K(115200K), 0.0000256 secs]2023-01-17T04:36:34.015+0800: 403.923: [CMS: 134141K->134141K(134144K), 0.1941157 secs] 249340K->157344K(249344K), [Metaspace: 52058K->52058K(1097728K)], 0.1944909 secs] [Times: user=0.20 sys=0.00, real=0.20 secs] 
Heap after GC invocations=607 (full 941):
 par new generation   total 115200K, used 23202K [0x00000000f0000000, 0x00000000f7d00000, 0x00000000f7d00000)
  eden space 102400K,  22% used [0x00000000f0000000, 0x00000000f16a8bc0, 0x00000000f6400000)
  from space 12800K,   0% used [0x00000000f7080000, 0x00000000f7080000, 0x00000000f7d00000)
  to   space 12800K,   0% used [0x00000000f6400000, 0x00000000f6400000, 0x00000000f7080000)
 concurrent mark-sweep generation total 134144K, used 134141K [0x00000000f7d00000, 0x0000000100000000, 0x0000000100000000)
 Metaspace       used 52058K, capacity 54894K, committed 55936K, reserved 1097728K
  class space    used 6335K, capacity 6835K, committed 7040K, reserved 1048576K
}
2023-01-17T04:36:34.218+0800: 404.126: [GC (CMS Initial Mark) [1 CMS-initial-mark: 134141K(134144K)] 160845K(249344K), 0.0071086 secs] [Times: user=0.02 sys=0.00, real=0.01 secs] 
2023-01-17T04:36:34.225+0800: 404.133: [CMS-concurrent-mark-start]
2023-01-17T04:36:34.284+0800: 404.192: [CMS-concurrent-mark: 0.059/0.059 secs] [Times: user=0.10 sys=0.03, real=0.06 secs] 
2023-01-17T04:36:34.284+0800: 404.192: [CMS-concurrent-preclean-start]
2023-01-17T04:36:34.321+0800: 404.229: [CMS-concurrent-preclean: 0.037/0.037 secs] [Times: user=0.08 sys=0.01, real=0.04 secs] 
2023-01-17T04:36:34.321+0800: 404.229: [CMS-concurrent-abortable-preclean-start]
2023-01-17T04:36:34.321+0800: 404.229: [CMS-concurrent-abortable-preclean: 0.000/0.000 secs] [Times: user=0.00 sys=0.00, real=0.00 secs] 
2023-01-17T04:36:34.325+0800: 404.233: [GC (CMS Final Remark) [YG occupancy: 57831 K (115200 K)]2023-01-17T04:36:34.325+0800: 404.233: [Rescan (parallel) , 0.0134753 secs]2023-01-17T04:36:34.339+0800: 404.246: [weak refs processing, 0.0000386 secs]2023-01-17T04:36:34.339+0800: 404.246: [class unloading, 0.0132538 secs]2023-01-17T04:36:34.352+0800: 404.260: [scrub symbol table, 0.0046440 secs]2023-01-17T04:36:34.357+0800: 404.264: [scrub string table, 0.0008595 secs][1 CMS-remark: 134141K(134144K)] 191972K(249344K), 0.0324177 secs] [Times: user=0.08 sys=0.00, real=0.03 secs] 
2023-01-17T04:36:34.358+0800: 404.266: [CMS-concurrent-sweep-start]
2023-01-17T04:36:34.377+0800: 404.285: [CMS-concurrent-sweep: 0.019/0.019 secs] [Times: user=0.05 sys=0.01, real=0.02 secs] 
2023-01-17T04:36:34.377+0800: 404.285: [CMS-concurrent-reset-start]
2023-01-17T04:36:34.377+0800: 404.285: [CMS-concurrent-reset: 0.000/0.000 secs] [Times: user=0.00 sys=0.00, real=0.00 secs] 
{Heap before GC invocations=607 (full 942):
 par new generation   total 115200K, used 115200K [0x00000000f0000000, 0x00000000f7d00000, 0x00000000f7d00000)
  eden space 102400K, 100% used [0x00000000f0000000, 0x00000000f6400000, 0x00000000f6400000)
  from space 12800K, 100% used [0x00000000f7080000, 0x00000000f7d00000, 0x00000000f7d00000)
  to   space 12800K,   0% used [0x00000000f6400000, 0x00000000f6400000, 0x00000000f7080000)
 concurrent mark-sweep generation total 134144K, used 134141K [0x00000000f7d00000, 0x0000000100000000, 0x0000000100000000)
 Metaspace       used 52058K, capacity 54894K, committed 55936K, reserved 1097728K
  class space    used 6335K, capacity 6835K, committed 7040K, reserved 1048576K
2023-01-17T04:36:34.547+0800: 404.455: [GC (Allocation Failure) 2023-01-17T04:36:34.547+0800: 404.455: [ParNew: 115200K->115200K(115200K), 0.0000297 secs]2023-01-17T04:36:34.547+0800: 404.455: [CMS: 134141K->134141K(134144K), 0.2307152 secs] 249341K->157561K(249344K), [Metaspace: 52058K->52058K(1097728K)], 0.2311449 secs] [Times: user=0.23 sys=0.00, real=0.23 secs] 
Heap after GC invocations=608 (full 943):
 par new generation   total 115200K, used 23419K [0x00000000f0000000, 0x00000000f7d00000, 0x00000000f7d00000)
  eden space 102400K,  22% used [0x00000000f0000000, 0x00000000f16def78, 0x00000000f6400000)
  from space 12800K,   0% used [0x00000000f7080000, 0x00000000f7080000, 0x00000000f7d00000)
  to   space 12800K,   0% used [0x00000000f6400000, 0x00000000f6400000, 0x00000000f7080000)
 concurrent mark-sweep generation total 134144K, used 134141K [0x00000000f7d00000, 0x0000000100000000, 0x0000000100000000)
 Metaspace       used 52058K, capacity 54894K, committed 55936K, reserved 1097728K
  class space    used 6335K, capacity 6835K, committed 7040K, reserved 1048576K
}
2023-01-17T04:36:34.782+0800: 404.689: [GC (CMS Initial Mark) [1 CMS-initial-mark: 134141K(134144K)] 157578K(249344K), 0.0064190 secs] [Times: user=0.01 sys=0.00, real=0.00 secs] 
2023-01-17T04:36:34.788+0800: 404.696: [CMS-concurrent-mark-start]
2023-01-17T04:36:34.861+0800: 404.769: [CMS-concurrent-mark: 0.073/0.073 secs] [Times: user=0.19 sys=0.06, real=0.08 secs] 
2023-01-17T04:36:34.862+0800: 404.769: [CMS-concurrent-preclean-start]
2023-01-17T04:36:34.915+0800: 404.823: [CMS-concurrent-preclean: 0.054/0.054 secs] [Times: user=0.18 sys=0.03, real=0.05 secs] 
2023-01-17T04:36:34.915+0800: 404.823: [CMS-concurrent-abortable-preclean-start]
2023-01-17T04:36:34.915+0800: 404.823: [CMS-concurrent-abortable-preclean: 0.000/0.000 secs] [Times: user=0.00 sys=0.00, real=0.00 secs] 
2023-01-17T04:36:34.921+0800: 404.829: [GC (CMS Final Remark) [YG occupancy: 95375 K (115200 K)]2023-01-17T04:36:34.921+0800: 404.829: [Rescan (parallel) , 0.0256437 secs]2023-01-17T04:36:34.947+0800: 404.855: [weak refs processing, 0.0000401 secs]2023-01-17T04:36:34.947+0800: 404.855: [class unloading, 0.0130106 secs]2023-01-17T04:36:34.960+0800: 404.868: [scrub symbol table, 0.0047160 secs]2023-01-17T04:36:34.965+0800: 404.873: [scrub string table, 0.0008950 secs][1 CMS-remark: 134141K(134144K)] 229516K(249344K), 0.0444599 secs] [Times: user=0.10 sys=0.00, real=0.04 secs] 
2023-01-17T04:36:34.966+0800: 404.874: [CMS-concurrent-sweep-start]
2023-01-17T04:36:34.983+0800: 404.890: [CMS-concurrent-sweep: 0.017/0.017 secs] [Times: user=0.06 sys=0.00, real=0.02 secs] 
2023-01-17T04:36:34.983+0800: 404.891: [CMS-concurrent-reset-start]
2023-01-17T04:36:34.983+0800: 404.891: [CMS-concurrent-reset: 0.000/0.000 secs] [Times: user=0.00 sys=0.00, real=0.00 secs] 
{Heap before GC invocations=608 (full 944):
 par new generation   total 115200K, used 115199K [0x00000000f0000000, 0x00000000f7d00000, 0x00000000f7d00000)
  eden space 102400K, 100% used [0x00000000f0000000, 0x00000000f6400000, 0x00000000f6400000)
  from space 12800K,  99% used [0x00000000f7080000, 0x00000000f7cfffe8, 0x00000000f7d00000)
  to   space 12800K,   0% used [0x00000000f6400000, 0x00000000f6400000, 0x00000000f7080000)
 concurrent mark-sweep generation total 134144K, used 134141K [0x00000000f7d00000, 0x0000000100000000, 0x0000000100000000)
 Metaspace       used 52058K, capacity 54894K, committed 55936K, reserved 1097728K
  class space    used 6335K, capacity 6835K, committed 7040K, reserved 1048576K
2023-01-17T04:36:35.055+0800: 404.963: [GC (Allocation Failure) 2023-01-17T04:36:35.056+0800: 404.963: [ParNew: 115199K->115199K(115200K), 0.0000251 secs]2023-01-17T04:36:35.056+0800: 404.963: [CMS: 134141K->134141K(134144K), 0.1877438 secs] 249341K->157341K(249344K), [Metaspace: 52058K->52058K(1097728K)], 0.1880861 secs] [Times: user=0.18 sys=0.00, real=0.19 secs] 
Heap after GC invocations=609 (full 945):
 par new generation   total 115200K, used 23200K [0x00000000f0000000, 0x00000000f7d00000, 0x00000000f7d00000)
  eden space 102400K,  22% used [0x00000000f0000000, 0x00000000f16a80a8, 0x00000000f6400000)
  from space 12800K,   0% used [0x00000000f7080000, 0x00000000f7080000, 0x00000000f7d00000)
  to   space 12800K,   0% used [0x00000000f6400000, 0x00000000f6400000, 0x00000000f7080000)
 concurrent mark-sweep generation total 134144K, used 134141K [0x00000000f7d00000, 0x0000000100000000, 0x0000000100000000)
 Metaspace       used 52058K, capacity 54894K, committed 55936K, reserved 1097728K
  class space    used 6335K, capacity 6835K, committed 7040K, reserved 1048576K
}
2023-01-17T04:36:35.248+0800: 405.156: [GC (CMS Initial Mark) [1 CMS-initial-mark: 134141K(134144K)] 157544K(249344K), 0.0078407 secs] [Times: user=0.02 sys=0.00, real=0.01 secs] 
2023-01-17T04:36:35.256+0800: 405.164: [CMS-concurrent-mark-start]
2023-01-17T04:36:35.352+0800: 405.259: [CMS-concurrent-mark: 0.096/0.096 secs] [Times: user=0.20 sys=0.04, real=0.10 secs] 
2023-01-17T04:36:35.352+0800: 405.260: [CMS-concurrent-preclean-start]
2023-01-17T04:36:35.428+0800: 405.336: [CMS-concurrent-preclean: 0.076/0.076 secs] [Times: user=0.16 sys=0.03, real=0.07 secs] 
2023-01-17T04:36:35.428+0800: 405.336: [CMS-concurrent-abortable-preclean-start]
2023-01-17T04:36:35.428+0800: 405.336: [CMS-concurrent-abortable-preclean: 0.000/0.000 secs] [Times: user=0.00 sys=0.00, real=0.00 secs] 
2023-01-17T04:36:35.432+0800: 405.340: [GC (CMS Final Remark) [YG occupancy: 100707 K (115200 K)]2023-01-17T04:36:35.432+0800: 405.340: [Rescan (parallel) , 0.0320847 secs]2023-01-17T04:36:35.464+0800: 405.372: [weak refs processing, 0.0000607 secs]2023-01-17T04:36:35.464+0800: 405.372: [class unloading, 0.0186730 secs]2023-01-17T04:36:35.483+0800: 405.391: [scrub symbol table, 0.0072470 secs]2023-01-17T04:36:35.490+0800: 405.398: [scrub string table, 0.0012967 secs][1 CMS-remark: 134141K(134144K)] 234849K(249344K), 0.0595586 secs] [Times: user=0.12 sys=0.00, real=0.06 secs] 
2023-01-17T04:36:35.492+0800: 405.400: [CMS-concurrent-sweep-start]
2023-01-17T04:36:35.522+0800: 405.430: [CMS-concurrent-sweep: 0.030/0.030 secs] [Times: user=0.09 sys=0.00, real=0.03 secs] 
2023-01-17T04:36:35.522+0800: 405.430: [CMS-concurrent-reset-start]
2023-01-17T04:36:35.522+0800: 405.430: [CMS-concurrent-reset: 0.000/0.000 secs] [Times: user=0.00 sys=0.00, real=0.00 secs] 
{Heap before GC invocations=609 (full 946):
 par new generation   total 115200K, used 115200K [0x00000000f0000000, 0x00000000f7d00000, 0x00000000f7d00000)
  eden space 102400K, 100% used [0x00000000f0000000, 0x00000000f6400000, 0x00000000f6400000)
  from space 12800K, 100% used [0x00000000f7080000, 0x00000000f7d00000, 0x00000000f7d00000)
  to   space 12800K,   0% used [0x00000000f6400000, 0x00000000f6400000, 0x00000000f7080000)
 concurrent mark-sweep generation total 134144K, used 134141K [0x00000000f7d00000, 0x0000000100000000, 0x0000000100000000)
 Metaspace       used 52058K, capacity 54894K, committed 55936K, reserved 1097728K
  class space    used 6335K, capacity 6835K, committed 7040K, reserved 1048576K
2023-01-17T04:36:35.582+0800: 405.490: [GC (Allocation Failure) 2023-01-17T04:36:35.582+0800: 405.490: [ParNew: 115200K->115200K(115200K), 0.0000254 secs]2023-01-17T04:36:35.582+0800: 405.490: [CMS: 134141K->134140K(134144K), 0.1835761 secs] 249341K->157675K(249344K), [Metaspace: 52058K->52058K(1097728K)], 0.1839436 secs] [Times: user=0.19 sys=0.00, real=0.18 secs] 
Heap after GC invocations=610 (full 947):
 par new generation   total 115200K, used 23535K [0x00000000f0000000, 0x00000000f7d00000, 0x00000000f7d00000)
  eden space 102400K,  22% used [0x00000000f0000000, 0x00000000f16fbc78, 0x00000000f6400000)
  from space 12800K,   0% used [0x00000000f7080000, 0x00000000f7080000, 0x00000000f7d00000)
  to   space 12800K,   0% used [0x00000000f6400000, 0x00000000f6400000, 0x00000000f7080000)
 concurrent mark-sweep generation total 134144K, used 134140K [0x00000000f7d00000, 0x0000000100000000, 0x0000000100000000)
 Metaspace       used 52058K, capacity 54894K, committed 55936K, reserved 1097728K
  class space    used 6335K, capacity 6835K, committed 7040K, reserved 1048576K
}
2023-01-17T04:36:35.779+0800: 405.686: [GC (CMS Initial Mark) [1 CMS-initial-mark: 134140K(134144K)] 163827K(249344K), 0.0084009 secs] [Times: user=0.03 sys=0.00, real=0.01 secs] 
2023-01-17T04:36:35.787+0800: 405.695: [CMS-concurrent-mark-start]
2023-01-17T04:36:35.868+0800: 405.776: [CMS-concurrent-mark: 0.080/0.080 secs] [Times: user=0.19 sys=0.04, real=0.08 secs] 
2023-01-17T04:36:35.868+0800: 405.776: [CMS-concurrent-preclean-start]
2023-01-17T04:36:35.929+0800: 405.836: [CMS-concurrent-preclean: 0.061/0.061 secs] [Times: user=0.14 sys=0.03, real=0.06 secs] 
2023-01-17T04:36:35.929+0800: 405.837: [CMS-concurrent-abortable-preclean-start]
2023-01-17T04:36:35.929+0800: 405.837: [CMS-concurrent-abortable-preclean: 0.000/0.000 secs] [Times: user=0.00 sys=0.00, real=0.00 secs] 
2023-01-17T04:36:35.933+0800: 405.841: [GC (CMS Final Remark) [YG occupancy: 104459 K (115200 K)]2023-01-17T04:36:35.933+0800: 405.841: [Rescan (parallel) , 0.0241448 secs]2023-01-17T04:36:35.957+0800: 405.865: [weak refs processing, 0.0000435 secs]2023-01-17T04:36:35.957+0800: 405.865: [class unloading, 0.0128570 secs]2023-01-17T04:36:35.970+0800: 405.878: [scrub symbol table, 0.0047172 secs]2023-01-17T04:36:35.975+0800: 405.883: [scrub string table, 0.0008973 secs][1 CMS-remark: 134140K(134144K)] 238600K(249344K), 0.0428351 secs] [Times: user=0.11 sys=0.00, real=0.04 secs] 
2023-01-17T04:36:35.976+0800: 405.884: [CMS-concurrent-sweep-start]
2023-01-17T04:36:35.992+0800: 405.899: [CMS-concurrent-sweep: 0.016/0.016 secs] [Times: user=0.05 sys=0.00, real=0.02 secs] 
2023-01-17T04:36:35.992+0800: 405.900: [CMS-concurrent-reset-start]
2023-01-17T04:36:35.992+0800: 405.900: [CMS-concurrent-reset: 0.000/0.000 secs] [Times: user=0.00 sys=0.00, real=0.00 secs] 
{Heap before GC invocations=610 (full 948):
 par new generation   total 115200K, used 115200K [0x00000000f0000000, 0x00000000f7d00000, 0x00000000f7d00000)
  eden space 102400K, 100% used [0x00000000f0000000, 0x00000000f6400000, 0x00000000f6400000)
  from space 12800K, 100% used [0x00000000f7080000, 0x00000000f7d00000, 0x00000000f7d00000)
  to   space 12800K,   0% used [0x00000000f6400000, 0x00000000f6400000, 0x00000000f7080000)
 concurrent mark-sweep generation total 134144K, used 134140K [0x00000000f7d00000, 0x0000000100000000, 0x0000000100000000)
 Metaspace       used 52058K, capacity 54894K, committed 55936K, reserved 1097728K
  class space    used 6335K, capacity 6835K, committed 7040K, reserved 1048576K
2023-01-17T04:36:36.041+0800: 405.949: [GC (Allocation Failure) 2023-01-17T04:36:36.042+0800: 405.949: [ParNew: 115200K->115200K(115200K), 0.0000298 secs]2023-01-17T04:36:36.042+0800: 405.949: [CMS: 134140K->134140K(134144K), 0.2102829 secs] 249340K->157504K(249344K), [Metaspace: 52058K->52058K(1097728K)], 0.2106429 secs] [Times: user=0.21 sys=0.00, real=0.21 secs] 
Heap after GC invocations=611 (full 949):
 par new generation   total 115200K, used 23364K [0x00000000f0000000, 0x00000000f7d00000, 0x00000000f7d00000)
  eden space 102400K,  22% used [0x00000000f0000000, 0x00000000f16d1160, 0x00000000f6400000)
  from space 12800K,   0% used [0x00000000f7080000, 0x00000000f7080000, 0x00000000f7d00000)
  to   space 12800K,   0% used [0x00000000f6400000, 0x00000000f6400000, 0x00000000f7080000)
 concurrent mark-sweep generation total 134144K, used 134140K [0x00000000f7d00000, 0x0000000100000000, 0x0000000100000000)
 Metaspace       used 52058K, capacity 54894K, committed 55936K, reserved 1097728K
  class space    used 6335K, capacity 6835K, committed 7040K, reserved 1048576K
}
2023-01-17T04:36:36.259+0800: 406.167: [GC (CMS Initial Mark) [1 CMS-initial-mark: 134140K(134144K)] 158371K(249344K), 0.0073428 secs] [Times: user=0.02 sys=0.00, real=0.01 secs] 
2023-01-17T04:36:36.267+0800: 406.174: [CMS-concurrent-mark-start]
2023-01-17T04:36:36.333+0800: 406.241: [CMS-concurrent-mark: 0.066/0.066 secs] [Times: user=0.17 sys=0.02, real=0.07 secs] 
2023-01-17T04:36:36.333+0800: 406.241: [CMS-concurrent-preclean-start]
2023-01-17T04:36:36.373+0800: 406.280: [CMS-concurrent-preclean: 0.040/0.040 secs] [Times: user=0.11 sys=0.01, real=0.04 secs] 
2023-01-17T04:36:36.373+0800: 406.281: [CMS-concurrent-abortable-preclean-start]
2023-01-17T04:36:36.373+0800: 406.281: [CMS-concurrent-abortable-preclean: 0.000/0.000 secs] [Times: user=0.00 sys=0.00, real=0.00 secs] 
2023-01-17T04:36:36.378+0800: 406.286: [GC (CMS Final Remark) [YG occupancy: 71014 K (115200 K)]2023-01-17T04:36:36.378+0800: 406.286: [Rescan (parallel) , 0.0242058 secs]2023-01-17T04:36:36.402+0800: 406.310: [weak refs processing, 0.0000375 secs]2023-01-17T04:36:36.402+0800: 406.310: [class unloading, 0.0137315 secs]2023-01-17T04:36:36.416+0800: 406.324: [scrub symbol table, 0.0045892 secs]2023-01-17T04:36:36.421+0800: 406.329: [scrub string table, 0.0008889 secs][1 CMS-remark: 134140K(134144K)] 205155K(249344K), 0.0436529 secs] [Times: user=0.09 sys=0.00, real=0.05 secs] 
2023-01-17T04:36:36.422+0800: 406.330: [CMS-concurrent-sweep-start]
2023-01-17T04:36:36.440+0800: 406.348: [CMS-concurrent-sweep: 0.018/0.018 secs] [Times: user=0.04 sys=0.01, real=0.02 secs] 
2023-01-17T04:36:36.441+0800: 406.349: [CMS-concurrent-reset-start]
2023-01-17T04:36:36.441+0800: 406.349: [CMS-concurrent-reset: 0.000/0.000 secs] [Times: user=0.00 sys=0.00, real=0.00 secs] 
{Heap before GC invocations=611 (full 950):
 par new generation   total 115200K, used 115200K [0x00000000f0000000, 0x00000000f7d00000, 0x00000000f7d00000)
  eden space 102400K, 100% used [0x00000000f0000000, 0x00000000f6400000, 0x00000000f6400000)
  from space 12800K, 100% used [0x00000000f7080000, 0x00000000f7d00000, 0x00000000f7d00000)
  to   space 12800K,   0% used [0x00000000f6400000, 0x00000000f6400000, 0x00000000f7080000)
 concurrent mark-sweep generation total 134144K, used 134140K [0x00000000f7d00000, 0x0000000100000000, 0x0000000100000000)
 Metaspace       used 52058K, capacity 54894K, committed 55936K, reserved 1097728K
  class space    used 6335K, capacity 6835K, committed 7040K, reserved 1048576K
2023-01-17T04:36:36.556+0800: 406.464: [GC (Allocation Failure) 2023-01-17T04:36:36.557+0800: 406.464: [ParNew: 115200K->115200K(115200K), 0.0000255 secs]2023-01-17T04:36:36.557+0800: 406.464: [CMS: 134140K->134140K(134144K), 0.1860482 secs] 249340K->157380K(249344K), [Metaspace: 52058K->52058K(1097728K)], 0.1864002 secs] [Times: user=0.18 sys=0.00, real=0.19 secs] 
Heap after GC invocations=612 (full 951):
 par new generation   total 115200K, used 23240K [0x00000000f0000000, 0x00000000f7d00000, 0x00000000f7d00000)
  eden space 102400K,  22% used [0x00000000f0000000, 0x00000000f16b2010, 0x00000000f6400000)
  from space 12800K,   0% used [0x00000000f7080000, 0x00000000f7080000, 0x00000000f7d00000)
  to   space 12800K,   0% used [0x00000000f6400000, 0x00000000f6400000, 0x00000000f7080000)
 concurrent mark-sweep generation total 134144K, used 134140K [0x00000000f7d00000, 0x0000000100000000, 0x0000000100000000)
 Metaspace       used 52058K, capacity 54894K, committed 55936K, reserved 1097728K
  class space    used 6335K, capacity 6835K, committed 7040K, reserved 1048576K
}
2023-01-17T04:36:36.747+0800: 406.655: [GC (CMS Initial Mark) [1 CMS-initial-mark: 134140K(134144K)] 157573K(249344K), 0.0065122 secs] [Times: user=0.02 sys=0.00, real=0.01 secs] 
2023-01-17T04:36:36.754+0800: 406.661: [CMS-concurrent-mark-start]
2023-01-17T04:36:36.822+0800: 406.730: [CMS-concurrent-mark: 0.069/0.069 secs] [Times: user=0.19 sys=0.04, real=0.07 secs] 
2023-01-17T04:36:36.822+0800: 406.730: [CMS-concurrent-preclean-start]
2023-01-17T04:36:36.857+0800: 406.765: [CMS-concurrent-preclean: 0.035/0.035 secs] [Times: user=0.06 sys=0.00, real=0.03 secs] 
2023-01-17T04:36:36.857+0800: 406.765: [CMS-concurrent-abortable-preclean-start]
2023-01-17T04:36:36.857+0800: 406.765: [CMS-concurrent-abortable-preclean: 0.000/0.000 secs] [Times: user=0.00 sys=0.00, real=0.00 secs] 
2023-01-17T04:36:36.860+0800: 406.768: [GC (CMS Final Remark) [YG occupancy: 67754 K (115200 K)]2023-01-17T04:36:36.860+0800: 406.768: [Rescan (parallel) , 0.0151436 secs]2023-01-17T04:36:36.876+0800: 406.783: [weak refs processing, 0.0000408 secs]2023-01-17T04:36:36.876+0800: 406.783: [class unloading, 0.0124596 secs]2023-01-17T04:36:36.888+0800: 406.796: [scrub symbol table, 0.0046470 secs]2023-01-17T04:36:36.893+0800: 406.801: [scrub string table, 0.0008920 secs][1 CMS-remark: 134140K(134144K)] 201894K(249344K), 0.0333288 secs] [Times: user=0.08 sys=0.00, real=0.03 secs] 
2023-01-17T04:36:36.895+0800: 406.802: [CMS-concurrent-sweep-start]
2023-01-17T04:36:36.911+0800: 406.818: [CMS-concurrent-sweep: 0.016/0.016 secs] [Times: user=0.04 sys=0.01, real=0.02 secs] 
2023-01-17T04:36:36.911+0800: 406.819: [CMS-concurrent-reset-start]
2023-01-17T04:36:36.911+0800: 406.819: [CMS-concurrent-reset: 0.000/0.000 secs] [Times: user=0.00 sys=0.00, real=0.00 secs] 
{Heap before GC invocations=612 (full 952):
 par new generation   total 115200K, used 115199K [0x00000000f0000000, 0x00000000f7d00000, 0x00000000f7d00000)
  eden space 102400K, 100% used [0x00000000f0000000, 0x00000000f6400000, 0x00000000f6400000)
  from space 12800K,  99% used [0x00000000f7080000, 0x00000000f7cfffe8, 0x00000000f7d00000)
  to   space 12800K,   0% used [0x00000000f6400000, 0x00000000f6400000, 0x00000000f7080000)
 concurrent mark-sweep generation total 134144K, used 134140K [0x00000000f7d00000, 0x0000000100000000, 0x0000000100000000)
 Metaspace       used 52058K, capacity 54894K, committed 55936K, reserved 1097728K
  class space    used 6335K, capacity 6835K, committed 7040K, reserved 1048576K
2023-01-17T04:36:37.094+0800: 407.001: [GC (Allocation Failure) 2023-01-17T04:36:37.094+0800: 407.002: [ParNew: 115199K->115199K(115200K), 0.0000331 secs]2023-01-17T04:36:37.094+0800: 407.002: [CMS: 134140K->134140K(134144K), 0.2570836 secs] 249340K->157615K(249344K), [Metaspace: 52058K->52058K(1097728K)], 0.2576050 secs] [Times: user=0.26 sys=0.01, real=0.26 secs] 
Heap after GC invocations=613 (full 953):
 par new generation   total 115200K, used 23474K [0x00000000f0000000, 0x00000000f7d00000, 0x00000000f7d00000)
  eden space 102400K,  22% used [0x00000000f0000000, 0x00000000f16ecb60, 0x00000000f6400000)
  from space 12800K,   0% used [0x00000000f7080000, 0x00000000f7080000, 0x00000000f7d00000)
  to   space 12800K,   0% used [0x00000000f6400000, 0x00000000f6400000, 0x00000000f7080000)
 concurrent mark-sweep generation total 134144K, used 134140K [0x00000000f7d00000, 0x0000000100000000, 0x0000000100000000)
 Metaspace       used 52058K, capacity 54894K, committed 55936K, reserved 1097728K
  class space    used 6335K, capacity 6835K, committed 7040K, reserved 1048576K
}
2023-01-17T04:36:37.358+0800: 407.266: [GC (CMS Initial Mark) [1 CMS-initial-mark: 134140K(134144K)] 158106K(249344K), 0.0071107 secs] [Times: user=0.02 sys=0.00, real=0.01 secs] 
2023-01-17T04:36:37.366+0800: 407.273: [CMS-concurrent-mark-start]
2023-01-17T04:36:37.436+0800: 407.344: [CMS-concurrent-mark: 0.070/0.070 secs] [Times: user=0.16 sys=0.04, real=0.07 secs] 
2023-01-17T04:36:37.436+0800: 407.344: [CMS-concurrent-preclean-start]
2023-01-17T04:36:37.482+0800: 407.390: [CMS-concurrent-preclean: 0.046/0.046 secs] [Times: user=0.15 sys=0.04, real=0.05 secs] 
2023-01-17T04:36:37.482+0800: 407.390: [CMS-concurrent-abortable-preclean-start]
2023-01-17T04:36:37.482+0800: 407.390: [CMS-concurrent-abortable-preclean: 0.000/0.000 secs] [Times: user=0.00 sys=0.00, real=0.00 secs] 
2023-01-17T04:36:37.485+0800: 407.393: [GC (CMS Final Remark) [YG occupancy: 97300 K (115200 K)]2023-01-17T04:36:37.486+0800: 407.393: [Rescan (parallel) , 0.0226495 secs]2023-01-17T04:36:37.508+0800: 407.416: [weak refs processing, 0.0000470 secs]2023-01-17T04:36:37.508+0800: 407.416: [class unloading, 0.0127174 secs]2023-01-17T04:36:37.521+0800: 407.429: [scrub symbol table, 0.0046255 secs]2023-01-17T04:36:37.526+0800: 407.433: [scrub string table, 0.0008753 secs][1 CMS-remark: 134140K(134144K)] 231440K(249344K), 0.0410754 secs] [Times: user=0.10 sys=0.00, real=0.04 secs] 
2023-01-17T04:36:37.527+0800: 407.435: [CMS-concurrent-sweep-start]
2023-01-17T04:36:37.546+0800: 407.454: [CMS-concurrent-sweep: 0.019/0.019 secs] [Times: user=0.07 sys=0.00, real=0.02 secs] 
2023-01-17T04:36:37.546+0800: 407.454: [CMS-concurrent-reset-start]
2023-01-17T04:36:37.546+0800: 407.454: [CMS-concurrent-reset: 0.000/0.000 secs] [Times: user=0.00 sys=0.00, real=0.00 secs] 
{Heap before GC invocations=613 (full 954):
 par new generation   total 115200K, used 115200K [0x00000000f0000000, 0x00000000f7d00000, 0x00000000f7d00000)
  eden space 102400K, 100% used [0x00000000f0000000, 0x00000000f6400000, 0x00000000f6400000)
  from space 12800K, 100% used [0x00000000f7080000, 0x00000000f7d00000, 0x00000000f7d00000)
  to   space 12800K,   0% used [0x00000000f6400000, 0x00000000f6400000, 0x00000000f7080000)
 concurrent mark-sweep generation total 134144K, used 134140K [0x00000000f7d00000, 0x0000000100000000, 0x0000000100000000)
 Metaspace       used 52058K, capacity 54894K, committed 55936K, reserved 1097728K
  class space    used 6335K, capacity 6835K, committed 7040K, reserved 1048576K
2023-01-17T04:36:37.611+0800: 407.519: [GC (Allocation Failure) 2023-01-17T04:36:37.611+0800: 407.519: [ParNew: 115200K->115200K(115200K), 0.0000249 secs]2023-01-17T04:36:37.611+0800: 407.519: [CMS: 134140K->134140K(134144K), 0.1879180 secs] 249340K->157292K(249344K), [Metaspace: 52058K->52058K(1097728K)], 0.1882707 secs] [Times: user=0.19 sys=0.00, real=0.18 secs] 
Heap after GC invocations=614 (full 955):
 par new generation   total 115200K, used 23151K [0x00000000f0000000, 0x00000000f7d00000, 0x00000000f7d00000)
  eden space 102400K,  22% used [0x00000000f0000000, 0x00000000f169bf10, 0x00000000f6400000)
  from space 12800K,   0% used [0x00000000f7080000, 0x00000000f7080000, 0x00000000f7d00000)
  to   space 12800K,   0% used [0x00000000f6400000, 0x00000000f6400000, 0x00000000f7080000)
 concurrent mark-sweep generation total 134144K, used 134140K [0x00000000f7d00000, 0x0000000100000000, 0x0000000100000000)
 Metaspace       used 52058K, capacity 54894K, committed 55936K, reserved 1097728K
  class space    used 6335K, capacity 6835K, committed 7040K, reserved 1048576K
}
2023-01-17T04:36:37.804+0800: 407.712: [GC (CMS Initial Mark) [1 CMS-initial-mark: 134140K(134144K)] 158244K(249344K), 0.0068809 secs] [Times: user=0.02 sys=0.00, real=0.01 secs] 
2023-01-17T04:36:37.812+0800: 407.719: [CMS-concurrent-mark-start]
2023-01-17T04:36:37.860+0800: 407.768: [CMS-concurrent-mark: 0.049/0.049 secs] [Times: user=0.07 sys=0.01, real=0.05 secs] 
2023-01-17T04:36:37.860+0800: 407.768: [CMS-concurrent-preclean-start]
2023-01-17T04:36:37.890+0800: 407.798: [CMS-concurrent-preclean: 0.030/0.030 secs] [Times: user=0.05 sys=0.01, real=0.03 secs] 
2023-01-17T04:36:37.890+0800: 407.798: [CMS-concurrent-abortable-preclean-start]
2023-01-17T04:36:37.890+0800: 407.798: [CMS-concurrent-abortable-preclean: 0.000/0.000 secs] [Times: user=0.00 sys=0.00, real=0.00 secs] 
2023-01-17T04:36:37.894+0800: 407.801: [GC (CMS Final Remark) [YG occupancy: 41031 K (115200 K)]2023-01-17T04:36:37.894+0800: 407.801: [Rescan (parallel) , 0.0091588 secs]2023-01-17T04:36:37.903+0800: 407.811: [weak refs processing, 0.0000430 secs]2023-01-17T04:36:37.903+0800: 407.811: [class unloading, 0.0127687 secs]2023-01-17T04:36:37.916+0800: 407.823: [scrub symbol table, 0.0047279 secs]2023-01-17T04:36:37.920+0800: 407.828: [scrub string table, 0.0009158 secs][1 CMS-remark: 134140K(134144K)] 175172K(249344K), 0.0277600 secs] [Times: user=0.05 sys=0.00, real=0.03 secs] 
2023-01-17T04:36:37.923+0800: 407.831: [CMS-concurrent-sweep-start]
2023-01-17T04:36:37.946+0800: 407.854: [CMS-concurrent-sweep: 0.023/0.023 secs] [Times: user=0.08 sys=0.01, real=0.02 secs] 
2023-01-17T04:36:37.947+0800: 407.854: [CMS-concurrent-reset-start]
2023-01-17T04:36:37.947+0800: 407.855: [CMS-concurrent-reset: 0.000/0.000 secs] [Times: user=0.00 sys=0.00, real=0.00 secs] 
{Heap before GC invocations=614 (full 956):
 par new generation   total 115200K, used 115200K [0x00000000f0000000, 0x00000000f7d00000, 0x00000000f7d00000)
  eden space 102400K, 100% used [0x00000000f0000000, 0x00000000f6400000, 0x00000000f6400000)
  from space 12800K, 100% used [0x00000000f7080000, 0x00000000f7d00000, 0x00000000f7d00000)
  to   space 12800K,   0% used [0x00000000f6400000, 0x00000000f6400000, 0x00000000f7080000)
 concurrent mark-sweep generation total 134144K, used 134140K [0x00000000f7d00000, 0x0000000100000000, 0x0000000100000000)
 Metaspace       used 52058K, capacity 54894K, committed 55936K, reserved 1097728K
  class space    used 6335K, capacity 6835K, committed 7040K, reserved 1048576K
2023-01-17T04:36:38.101+0800: 408.009: [GC (Allocation Failure) 2023-01-17T04:36:38.102+0800: 408.009: [ParNew: 115200K->115200K(115200K), 0.0000259 secs]2023-01-17T04:36:38.102+0800: 408.009: [CMS: 134140K->134140K(134144K), 0.2005246 secs] 249340K->157645K(249344K), [Metaspace: 52058K->52058K(1097728K)], 0.2009047 secs] [Times: user=0.20 sys=0.00, real=0.20 secs] 
Heap after GC invocations=615 (full 957):
 par new generation   total 115200K, used 23505K [0x00000000f0000000, 0x00000000f7d00000, 0x00000000f7d00000)
  eden space 102400K,  22% used [0x00000000f0000000, 0x00000000f16f44b8, 0x00000000f6400000)
  from space 12800K,   0% used [0x00000000f7080000, 0x00000000f7080000, 0x00000000f7d00000)
  to   space 12800K,   0% used [0x00000000f6400000, 0x00000000f6400000, 0x00000000f7080000)
 concurrent mark-sweep generation total 134144K, used 134140K [0x00000000f7d00000, 0x0000000100000000, 0x0000000100000000)
 Metaspace       used 52058K, capacity 54894K, committed 55936K, reserved 1097728K
  class space    used 6335K, capacity 6835K, committed 7040K, reserved 1048576K
}
2023-01-17T04:36:38.307+0800: 408.215: [GC (CMS Initial Mark) [1 CMS-initial-mark: 134140K(134144K)] 158037K(249344K), 0.0081908 secs] [Times: user=0.02 sys=0.00, real=0.01 secs] 
2023-01-17T04:36:38.315+0800: 408.223: [CMS-concurrent-mark-start]
2023-01-17T04:36:38.402+0800: 408.310: [CMS-concurrent-mark: 0.087/0.087 secs] [Times: user=0.17 sys=0.03, real=0.09 secs] 
2023-01-17T04:36:38.402+0800: 408.310: [CMS-concurrent-preclean-start]
2023-01-17T04:36:38.451+0800: 408.359: [CMS-concurrent-preclean: 0.049/0.049 secs] [Times: user=0.06 sys=0.00, real=0.05 secs] 
2023-01-17T04:36:38.451+0800: 408.359: [CMS-concurrent-abortable-preclean-start]
2023-01-17T04:36:38.451+0800: 408.359: [CMS-concurrent-abortable-preclean: 0.000/0.000 secs] [Times: user=0.00 sys=0.00, real=0.00 secs] 
2023-01-17T04:36:38.455+0800: 408.363: [GC (CMS Final Remark) [YG occupancy: 59496 K (115200 K)]2023-01-17T04:36:38.455+0800: 408.363: [Rescan (parallel) , 0.0174832 secs]2023-01-17T04:36:38.472+0800: 408.380: [weak refs processing, 0.0000397 secs]2023-01-17T04:36:38.472+0800: 408.380: [class unloading, 0.0126542 secs]2023-01-17T04:36:38.485+0800: 408.393: [scrub symbol table, 0.0046705 secs]2023-01-17T04:36:38.490+0800: 408.398: [scrub string table, 0.0008898 secs][1 CMS-remark: 134140K(134144K)] 193637K(249344K), 0.0358742 secs] [Times: user=0.08 sys=0.00, real=0.04 secs] 
2023-01-17T04:36:38.492+0800: 408.400: [CMS-concurrent-sweep-start]
2023-01-17T04:36:38.527+0800: 408.435: [CMS-concurrent-sweep: 0.034/0.034 secs] [Times: user=0.11 sys=0.02, real=0.03 secs] 
2023-01-17T04:36:38.527+0800: 408.435: [CMS-concurrent-reset-start]
2023-01-17T04:36:38.527+0800: 408.435: [CMS-concurrent-reset: 0.000/0.000 secs] [Times: user=0.00 sys=0.00, real=0.00 secs] 
{Heap before GC invocations=615 (full 958):
 par new generation   total 115200K, used 115199K [0x00000000f0000000, 0x00000000f7d00000, 0x00000000f7d00000)
  eden space 102400K, 100% used [0x00000000f0000000, 0x00000000f6400000, 0x00000000f6400000)
  from space 12800K,  99% used [0x00000000f7080000, 0x00000000f7cfffe0, 0x00000000f7d00000)
  to   space 12800K,   0% used [0x00000000f6400000, 0x00000000f6400000, 0x00000000f7080000)
 concurrent mark-sweep generation total 134144K, used 134140K [0x00000000f7d00000, 0x0000000100000000, 0x0000000100000000)
 Metaspace       used 52058K, capacity 54894K, committed 55936K, reserved 1097728K
  class space    used 6335K, capacity 6835K, committed 7040K, reserved 1048576K
2023-01-17T04:36:38.619+0800: 408.526: [GC (Allocation Failure) 2023-01-17T04:36:38.619+0800: 408.527: [ParNew: 115199K->115199K(115200K), 0.0000244 secs]2023-01-17T04:36:38.619+0800: 408.527: [CMS: 134140K->134140K(134144K), 0.1890883 secs] 249340K->157166K(249344K), [Metaspace: 52058K->52058K(1097728K)], 0.1894450 secs] [Times: user=0.19 sys=0.00, real=0.19 secs] 
Heap after GC invocations=616 (full 959):
 par new generation   total 115200K, used 23025K [0x00000000f0000000, 0x00000000f7d00000, 0x00000000f7d00000)
  eden space 102400K,  22% used [0x00000000f0000000, 0x00000000f167c658, 0x00000000f6400000)
  from space 12800K,   0% used [0x00000000f7080000, 0x00000000f7080000, 0x00000000f7d00000)
  to   space 12800K,   0% used [0x00000000f6400000, 0x00000000f6400000, 0x00000000f7080000)
 concurrent mark-sweep generation total 134144K, used 134140K [0x00000000f7d00000, 0x0000000100000000, 0x0000000100000000)
 Metaspace       used 52058K, capacity 54894K, committed 55936K, reserved 1097728K
  class space    used 6335K, capacity 6835K, committed 7040K, reserved 1048576K
}
2023-01-17T04:36:38.812+0800: 408.720: [GC (CMS Initial Mark) [1 CMS-initial-mark: 134140K(134144K)] 157306K(249344K), 0.0074670 secs] [Times: user=0.02 sys=0.00, real=0.01 secs] 
2023-01-17T04:36:38.820+0800: 408.728: [CMS-concurrent-mark-start]
2023-01-17T04:36:38.914+0800: 408.821: [CMS-concurrent-mark: 0.093/0.093 secs] [Times: user=0.20 sys=0.03, real=0.09 secs] 
2023-01-17T04:36:38.914+0800: 408.822: [CMS-concurrent-preclean-start]
2023-01-17T04:36:38.948+0800: 408.855: [CMS-concurrent-preclean: 0.034/0.034 secs] [Times: user=0.04 sys=0.00, real=0.03 secs] 
2023-01-17T04:36:38.948+0800: 408.856: [CMS-concurrent-abortable-preclean-start]
2023-01-17T04:36:38.948+0800: 408.856: [CMS-concurrent-abortable-preclean: 0.000/0.000 secs] [Times: user=0.00 sys=0.00, real=0.00 secs] 
2023-01-17T04:36:38.951+0800: 408.859: [GC (CMS Final Remark) [YG occupancy: 73969 K (115200 K)]2023-01-17T04:36:38.951+0800: 408.859: [Rescan (parallel) , 0.0215777 secs]2023-01-17T04:36:38.973+0800: 408.881: [weak refs processing, 0.0000404 secs]2023-01-17T04:36:38.973+0800: 408.881: [class unloading, 0.0128179 secs]2023-01-17T04:36:38.986+0800: 408.894: [scrub symbol table, 0.0045723 secs]2023-01-17T04:36:38.990+0800: 408.898: [scrub string table, 0.0008702 secs][1 CMS-remark: 134140K(134144K)] 208109K(249344K), 0.0400460 secs] [Times: user=0.08 sys=0.00, real=0.04 secs] 
2023-01-17T04:36:38.992+0800: 408.900: [CMS-concurrent-sweep-start]
2023-01-17T04:36:39.013+0800: 408.921: [CMS-concurrent-sweep: 0.021/0.021 secs] [Times: user=0.05 sys=0.01, real=0.02 secs] 
2023-01-17T04:36:39.013+0800: 408.921: [CMS-concurrent-reset-start]
2023-01-17T04:36:39.014+0800: 408.921: [CMS-concurrent-reset: 0.000/0.000 secs] [Times: user=0.00 sys=0.00, real=0.00 secs] 
{Heap before GC invocations=616 (full 960):
 par new generation   total 115200K, used 115200K [0x00000000f0000000, 0x00000000f7d00000, 0x00000000f7d00000)
  eden space 102400K, 100% used [0x00000000f0000000, 0x00000000f6400000, 0x00000000f6400000)
  from space 12800K, 100% used [0x00000000f7080000, 0x00000000f7d00000, 0x00000000f7d00000)
  to   space 12800K,   0% used [0x00000000f6400000, 0x00000000f6400000, 0x00000000f7080000)
 concurrent mark-sweep generation total 134144K, used 134140K [0x00000000f7d00000, 0x0000000100000000, 0x0000000100000000)
 Metaspace       used 52058K, capacity 54894K, committed 55936K, reserved 1097728K
  class space    used 6335K, capacity 6835K, committed 7040K, reserved 1048576K
2023-01-17T04:36:39.344+0800: 409.252: [GC (Allocation Failure) 2023-01-17T04:36:39.344+0800: 409.252: [ParNew: 115200K->115200K(115200K), 0.0000247 secs]2023-01-17T04:36:39.344+0800: 409.252: [CMS: 134140K->134140K(134144K), 0.2067893 secs] 249340K->157513K(249344K), [Metaspace: 52058K->52058K(1097728K)], 0.2072376 secs] [Times: user=0.21 sys=0.00, real=0.21 secs] 
Heap after GC invocations=617 (full 961):
 par new generation   total 115200K, used 23373K [0x00000000f0000000, 0x00000000f7d00000, 0x00000000f7d00000)
  eden space 102400K,  22% used [0x00000000f0000000, 0x00000000f16d3608, 0x00000000f6400000)
  from space 12800K,   0% used [0x00000000f7080000, 0x00000000f7080000, 0x00000000f7d00000)
  to   space 12800K,   0% used [0x00000000f6400000, 0x00000000f6400000, 0x00000000f7080000)
 concurrent mark-sweep generation total 134144K, used 134140K [0x00000000f7d00000, 0x0000000100000000, 0x0000000100000000)
 Metaspace       used 52058K, capacity 54894K, committed 55936K, reserved 1097728K
  class space    used 6335K, capacity 6835K, committed 7040K, reserved 1048576K
}
2023-01-17T04:36:39.558+0800: 409.466: [GC (CMS Initial Mark) [1 CMS-initial-mark: 134140K(134144K)] 158140K(249344K), 0.0070928 secs] [Times: user=0.02 sys=0.00, real=0.01 secs] 
2023-01-17T04:36:39.565+0800: 409.473: [CMS-concurrent-mark-start]
2023-01-17T04:36:39.638+0800: 409.546: [CMS-concurrent-mark: 0.073/0.073 secs] [Times: user=0.16 sys=0.02, real=0.07 secs] 
2023-01-17T04:36:39.638+0800: 409.546: [CMS-concurrent-preclean-start]
2023-01-17T04:36:39.679+0800: 409.587: [CMS-concurrent-preclean: 0.041/0.041 secs] [Times: user=0.07 sys=0.01, real=0.04 secs] 
2023-01-17T04:36:39.680+0800: 409.587: [CMS-concurrent-abortable-preclean-start]
2023-01-17T04:36:39.680+0800: 409.587: [CMS-concurrent-abortable-preclean: 0.000/0.000 secs] [Times: user=0.00 sys=0.00, real=0.00 secs] 
2023-01-17T04:36:39.689+0800: 409.596: [GC (CMS Final Remark) [YG occupancy: 67845 K (115200 K)]2023-01-17T04:36:39.689+0800: 409.596: [Rescan (parallel) , 0.0315896 secs]2023-01-17T04:36:39.720+0800: 409.628: [weak refs processing, 0.0000448 secs]2023-01-17T04:36:39.720+0800: 409.628: [class unloading, 0.0138120 secs]2023-01-17T04:36:39.734+0800: 409.642: [scrub symbol table, 0.0046381 secs]2023-01-17T04:36:39.739+0800: 409.647: [scrub string table, 0.0009215 secs][1 CMS-remark: 134140K(134144K)] 201986K(249344K), 0.0511793 secs] [Times: user=0.09 sys=0.00, real=0.06 secs] 
2023-01-17T04:36:39.740+0800: 409.648: [CMS-concurrent-sweep-start]
2023-01-17T04:36:39.755+0800: 409.663: [CMS-concurrent-sweep: 0.015/0.015 secs] [Times: user=0.02 sys=0.00, real=0.01 secs] 
2023-01-17T04:36:39.755+0800: 409.663: [CMS-concurrent-reset-start]
2023-01-17T04:36:39.755+0800: 409.663: [CMS-concurrent-reset: 0.000/0.000 secs] [Times: user=0.00 sys=0.00, real=0.00 secs] 
{Heap before GC invocations=617 (full 962):
 par new generation   total 115200K, used 115199K [0x00000000f0000000, 0x00000000f7d00000, 0x00000000f7d00000)
  eden space 102400K, 100% used [0x00000000f0000000, 0x00000000f6400000, 0x00000000f6400000)
  from space 12800K,  99% used [0x00000000f7080000, 0x00000000f7cffff0, 0x00000000f7d00000)
  to   space 12800K,   0% used [0x00000000f6400000, 0x00000000f6400000, 0x00000000f7080000)
 concurrent mark-sweep generation total 134144K, used 134140K [0x00000000f7d00000, 0x0000000100000000, 0x0000000100000000)
 Metaspace       used 52058K, capacity 54894K, committed 55936K, reserved 1097728K
  class space    used 6335K, capacity 6835K, committed 7040K, reserved 1048576K
2023-01-17T04:36:39.894+0800: 409.802: [GC (Allocation Failure) 2023-01-17T04:36:39.895+0800: 409.803: [ParNew: 115199K->115199K(115200K), 0.0000334 secs]2023-01-17T04:36:39.895+0800: 409.803: [CMS: 134140K->134139K(134144K), 0.2267917 secs] 249340K->157227K(249344K), [Metaspace: 52058K->52058K(1097728K)], 0.2272686 secs] [Times: user=0.23 sys=0.00, real=0.23 secs] 
Heap after GC invocations=618 (full 963):
 par new generation   total 115200K, used 23087K [0x00000000f0000000, 0x00000000f7d00000, 0x00000000f7d00000)
  eden space 102400K,  22% used [0x00000000f0000000, 0x00000000f168bf88, 0x00000000f6400000)
  from space 12800K,   0% used [0x00000000f7080000, 0x00000000f7080000, 0x00000000f7d00000)
  to   space 12800K,   0% used [0x00000000f6400000, 0x00000000f6400000, 0x00000000f7080000)
 concurrent mark-sweep generation total 134144K, used 134139K [0x00000000f7d00000, 0x0000000100000000, 0x0000000100000000)
 Metaspace       used 52058K, capacity 54894K, committed 55936K, reserved 1097728K
  class space    used 6335K, capacity 6835K, committed 7040K, reserved 1048576K
}
2023-01-17T04:36:40.125+0800: 410.033: [GC (CMS Initial Mark) [1 CMS-initial-mark: 134139K(134144K)] 157232K(249344K), 0.0070226 secs] [Times: user=0.01 sys=0.00, real=0.01 secs] 
2023-01-17T04:36:40.133+0800: 410.040: [CMS-concurrent-mark-start]
2023-01-17T04:36:40.203+0800: 410.111: [CMS-concurrent-mark: 0.071/0.071 secs] [Times: user=0.23 sys=0.02, real=0.07 secs] 
2023-01-17T04:36:40.204+0800: 410.111: [CMS-concurrent-preclean-start]
2023-01-17T04:36:40.233+0800: 410.141: [CMS-concurrent-preclean: 0.029/0.029 secs] [Times: user=0.06 sys=0.00, real=0.03 secs] 
2023-01-17T04:36:40.233+0800: 410.141: [CMS-concurrent-abortable-preclean-start]
2023-01-17T04:36:40.233+0800: 410.141: [CMS-concurrent-abortable-preclean: 0.000/0.000 secs] [Times: user=0.00 sys=0.00, real=0.00 secs] 
2023-01-17T04:36:40.238+0800: 410.146: [GC (CMS Final Remark) [YG occupancy: 57602 K (115200 K)]2023-01-17T04:36:40.238+0800: 410.146: [Rescan (parallel) , 0.0128935 secs]2023-01-17T04:36:40.251+0800: 410.159: [weak refs processing, 0.0000367 secs]2023-01-17T04:36:40.251+0800: 410.159: [class unloading, 0.0124877 secs]2023-01-17T04:36:40.264+0800: 410.172: [scrub symbol table, 0.0046692 secs]2023-01-17T04:36:40.269+0800: 410.176: [scrub string table, 0.0008757 secs][1 CMS-remark: 134139K(134144K)] 191741K(249344K), 0.0311717 secs] [Times: user=0.07 sys=0.00, real=0.04 secs] 
2023-01-17T04:36:40.270+0800: 410.177: [CMS-concurrent-sweep-start]
2023-01-17T04:36:40.284+0800: 410.192: [CMS-concurrent-sweep: 0.014/0.014 secs] [Times: user=0.01 sys=0.00, real=0.01 secs] 
2023-01-17T04:36:40.284+0800: 410.192: [CMS-concurrent-reset-start]
2023-01-17T04:36:40.285+0800: 410.192: [CMS-concurrent-reset: 0.000/0.000 secs] [Times: user=0.01 sys=0.00, real=0.00 secs] 
{Heap before GC invocations=618 (full 964):
 par new generation   total 115200K, used 115200K [0x00000000f0000000, 0x00000000f7d00000, 0x00000000f7d00000)
  eden space 102400K, 100% used [0x00000000f0000000, 0x00000000f6400000, 0x00000000f6400000)
  from space 12800K, 100% used [0x00000000f7080000, 0x00000000f7d00000, 0x00000000f7d00000)
  to   space 12800K,   0% used [0x00000000f6400000, 0x00000000f6400000, 0x00000000f7080000)
 concurrent mark-sweep generation total 134144K, used 134139K [0x00000000f7d00000, 0x0000000100000000, 0x0000000100000000)
 Metaspace       used 52058K, capacity 54894K, committed 55936K, reserved 1097728K
  class space    used 6335K, capacity 6835K, committed 7040K, reserved 1048576K
2023-01-17T04:36:40.655+0800: 410.562: [GC (Allocation Failure) 2023-01-17T04:36:40.655+0800: 410.563: [ParNew: 115200K->115200K(115200K), 0.0000269 secs]2023-01-17T04:36:40.655+0800: 410.563: [CMS: 134139K->134139K(134144K), 0.2111660 secs] 249339K->157562K(249344K), [Metaspace: 52058K->52058K(1097728K)], 0.2116121 secs] [Times: user=0.21 sys=0.00, real=0.21 secs] 
Heap after GC invocations=619 (full 965):
 par new generation   total 115200K, used 23422K [0x00000000f0000000, 0x00000000f7d00000, 0x00000000f7d00000)
  eden space 102400K,  22% used [0x00000000f0000000, 0x00000000f16dfb78, 0x00000000f6400000)
  from space 12800K,   0% used [0x00000000f7080000, 0x00000000f7080000, 0x00000000f7d00000)
  to   space 12800K,   0% used [0x00000000f6400000, 0x00000000f6400000, 0x00000000f7080000)
 concurrent mark-sweep generation total 134144K, used 134139K [0x00000000f7d00000, 0x0000000100000000, 0x0000000100000000)
 Metaspace       used 52058K, capacity 54894K, committed 55936K, reserved 1097728K
  class space    used 6335K, capacity 6835K, committed 7040K, reserved 1048576K
}
2023-01-17T04:36:40.872+0800: 410.780: [GC (CMS Initial Mark) [1 CMS-initial-mark: 134139K(134144K)] 158016K(249344K), 0.0069803 secs] [Times: user=0.02 sys=0.00, real=0.00 secs] 
2023-01-17T04:36:40.880+0800: 410.787: [CMS-concurrent-mark-start]
2023-01-17T04:36:40.955+0800: 410.862: [CMS-concurrent-mark: 0.075/0.075 secs] [Times: user=0.16 sys=0.02, real=0.07 secs] 
2023-01-17T04:36:40.955+0800: 410.863: [CMS-concurrent-preclean-start]
2023-01-17T04:36:41.001+0800: 410.909: [CMS-concurrent-preclean: 0.046/0.046 secs] [Times: user=0.12 sys=0.02, real=0.05 secs] 
2023-01-17T04:36:41.001+0800: 410.909: [CMS-concurrent-abortable-preclean-start]
2023-01-17T04:36:41.001+0800: 410.909: [CMS-concurrent-abortable-preclean: 0.000/0.000 secs] [Times: user=0.00 sys=0.00, real=0.00 secs] 
2023-01-17T04:36:41.091+0800: 410.998: [GC (CMS Final Remark) [YG occupancy: 110139 K (115200 K)]2023-01-17T04:36:41.091+0800: 410.999: [Rescan (parallel) , 0.0283374 secs]2023-01-17T04:36:41.119+0800: 411.027: [weak refs processing, 0.0000450 secs]2023-01-17T04:36:41.119+0800: 411.027: [class unloading, 0.0134508 secs]2023-01-17T04:36:41.133+0800: 411.040: [scrub symbol table, 0.0046805 secs]2023-01-17T04:36:41.137+0800: 411.045: [scrub string table, 0.0008840 secs][1 CMS-remark: 134139K(134144K)] 244279K(249344K), 0.0475965 secs] [Times: user=0.13 sys=0.00, real=0.04 secs] 
2023-01-17T04:36:41.139+0800: 411.047: [CMS-concurrent-sweep-start]
2023-01-17T04:36:41.156+0800: 411.063: [CMS-concurrent-sweep: 0.017/0.017 secs] [Times: user=0.05 sys=0.01, real=0.02 secs] 
2023-01-17T04:36:41.156+0800: 411.064: [CMS-concurrent-reset-start]
2023-01-17T04:36:41.156+0800: 411.064: [CMS-concurrent-reset: 0.000/0.000 secs] [Times: user=0.00 sys=0.00, real=0.00 secs] 
{Heap before GC invocations=619 (full 966):
 par new generation   total 115200K, used 115199K [0x00000000f0000000, 0x00000000f7d00000, 0x00000000f7d00000)
  eden space 102400K, 100% used [0x00000000f0000000, 0x00000000f6400000, 0x00000000f6400000)
  from space 12800K,  99% used [0x00000000f7080000, 0x00000000f7cffff8, 0x00000000f7d00000)
  to   space 12800K,   0% used [0x00000000f6400000, 0x00000000f6400000, 0x00000000f7080000)
 concurrent mark-sweep generation total 134144K, used 134139K [0x00000000f7d00000, 0x0000000100000000, 0x0000000100000000)
 Metaspace       used 52058K, capacity 54894K, committed 55936K, reserved 1097728K
  class space    used 6335K, capacity 6835K, committed 7040K, reserved 1048576K
2023-01-17T04:36:41.172+0800: 411.080: [GC (Allocation Failure) 2023-01-17T04:36:41.173+0800: 411.080: [ParNew: 115199K->115199K(115200K), 0.0000234 secs]2023-01-17T04:36:41.173+0800: 411.080: [CMS: 134139K->134138K(134144K), 0.2248923 secs] 249339K->157274K(249344K), [Metaspace: 52058K->52058K(1097728K)], 0.2253225 secs] [Times: user=0.23 sys=0.00, real=0.22 secs] 
Heap after GC invocations=620 (full 967):
 par new generation   total 115200K, used 23136K [0x00000000f0000000, 0x00000000f7d00000, 0x00000000f7d00000)
  eden space 102400K,  22% used [0x00000000f0000000, 0x00000000f1698040, 0x00000000f6400000)
  from space 12800K,   0% used [0x00000000f7080000, 0x00000000f7080000, 0x00000000f7d00000)
  to   space 12800K,   0% used [0x00000000f6400000, 0x00000000f6400000, 0x00000000f7080000)
 concurrent mark-sweep generation total 134144K, used 134138K [0x00000000f7d00000, 0x0000000100000000, 0x0000000100000000)
 Metaspace       used 52058K, capacity 54894K, committed 55936K, reserved 1097728K
  class space    used 6335K, capacity 6835K, committed 7040K, reserved 1048576K
}
2023-01-17T04:36:41.403+0800: 411.311: [GC (CMS Initial Mark) [1 CMS-initial-mark: 134138K(134144K)] 158084K(249344K), 0.0101568 secs] [Times: user=0.02 sys=0.00, real=0.01 secs] 
2023-01-17T04:36:41.414+0800: 411.321: [CMS-concurrent-mark-start]
2023-01-17T04:36:41.496+0800: 411.404: [CMS-concurrent-mark: 0.083/0.083 secs] [Times: user=0.19 sys=0.02, real=0.08 secs] 
2023-01-17T04:36:41.497+0800: 411.404: [CMS-concurrent-preclean-start]
2023-01-17T04:36:41.543+0800: 411.451: [CMS-concurrent-preclean: 0.046/0.046 secs] [Times: user=0.13 sys=0.03, real=0.05 secs] 
2023-01-17T04:36:41.543+0800: 411.451: [CMS-concurrent-abortable-preclean-start]
2023-01-17T04:36:41.543+0800: 411.451: [CMS-concurrent-abortable-preclean: 0.000/0.000 secs] [Times: user=0.00 sys=0.00, real=0.00 secs] 
2023-01-17T04:36:41.547+0800: 411.455: [GC (CMS Final Remark) [YG occupancy: 94740 K (115200 K)]2023-01-17T04:36:41.547+0800: 411.455: [Rescan (parallel) , 0.0447015 secs]2023-01-17T04:36:41.592+0800: 411.499: [weak refs processing, 0.0000385 secs]2023-01-17T04:36:41.592+0800: 411.499: [class unloading, 0.0128349 secs]2023-01-17T04:36:41.604+0800: 411.512: [scrub symbol table, 0.0046438 secs]2023-01-17T04:36:41.609+0800: 411.517: [scrub string table, 0.0008749 secs][1 CMS-remark: 134138K(134144K)] 228879K(249344K), 0.0632607 secs] [Times: user=0.16 sys=0.00, real=0.07 secs] 
2023-01-17T04:36:41.611+0800: 411.519: [CMS-concurrent-sweep-start]
2023-01-17T04:36:41.629+0800: 411.537: [CMS-concurrent-sweep: 0.018/0.018 secs] [Times: user=0.04 sys=0.01, real=0.01 secs] 
2023-01-17T04:36:41.629+0800: 411.537: [CMS-concurrent-reset-start]
2023-01-17T04:36:41.630+0800: 411.537: [CMS-concurrent-reset: 0.000/0.000 secs] [Times: user=0.00 sys=0.00, real=0.01 secs] 
{Heap before GC invocations=620 (full 968):
 par new generation   total 115200K, used 115200K [0x00000000f0000000, 0x00000000f7d00000, 0x00000000f7d00000)
  eden space 102400K, 100% used [0x00000000f0000000, 0x00000000f6400000, 0x00000000f6400000)
  from space 12800K, 100% used [0x00000000f7080000, 0x00000000f7d00000, 0x00000000f7d00000)
  to   space 12800K,   0% used [0x00000000f6400000, 0x00000000f6400000, 0x00000000f7080000)
 concurrent mark-sweep generation total 134144K, used 134138K [0x00000000f7d00000, 0x0000000100000000, 0x0000000100000000)
 Metaspace       used 52058K, capacity 54894K, committed 55936K, reserved 1097728K
  class space    used 6335K, capacity 6835K, committed 7040K, reserved 1048576K
2023-01-17T04:36:41.928+0800: 411.836: [GC (Allocation Failure) 2023-01-17T04:36:41.928+0800: 411.836: [ParNew: 115200K->115200K(115200K), 0.0000253 secs]2023-01-17T04:36:41.928+0800: 411.836: [CMS: 134138K->134138K(134144K), 0.1874895 secs] 249338K->157614K(249344K), [Metaspace: 52058K->52058K(1097728K)], 0.1878778 secs] [Times: user=0.19 sys=0.00, real=0.19 secs] 
Heap after GC invocations=621 (full 969):
 par new generation   total 115200K, used 23476K [0x00000000f0000000, 0x00000000f7d00000, 0x00000000f7d00000)
  eden space 102400K,  22% used [0x00000000f0000000, 0x00000000f16ed090, 0x00000000f6400000)
  from space 12800K,   0% used [0x00000000f7080000, 0x00000000f7080000, 0x00000000f7d00000)
  to   space 12800K,   0% used [0x00000000f6400000, 0x00000000f6400000, 0x00000000f7080000)
 concurrent mark-sweep generation total 134144K, used 134138K [0x00000000f7d00000, 0x0000000100000000, 0x0000000100000000)
 Metaspace       used 52058K, capacity 54894K, committed 55936K, reserved 1097728K
  class space    used 6335K, capacity 6835K, committed 7040K, reserved 1048576K
}
2023-01-17T04:36:42.122+0800: 412.030: [GC (CMS Initial Mark) [1 CMS-initial-mark: 134138K(134144K)] 157863K(249344K), 0.0070550 secs] [Times: user=0.02 sys=0.00, real=0.00 secs] 
2023-01-17T04:36:42.130+0800: 412.037: [CMS-concurrent-mark-start]
2023-01-17T04:36:42.234+0800: 412.142: [CMS-concurrent-mark: 0.104/0.104 secs] [Times: user=0.24 sys=0.04, real=0.10 secs] 
2023-01-17T04:36:42.234+0800: 412.142: [CMS-concurrent-preclean-start]
2023-01-17T04:36:42.280+0800: 412.188: [CMS-concurrent-preclean: 0.046/0.046 secs] [Times: user=0.09 sys=0.01, real=0.05 secs] 
2023-01-17T04:36:42.280+0800: 412.188: [CMS-concurrent-abortable-preclean-start]
2023-01-17T04:36:42.280+0800: 412.188: [CMS-concurrent-abortable-preclean: 0.000/0.000 secs] [Times: user=0.00 sys=0.00, real=0.00 secs] 
2023-01-17T04:36:42.367+0800: 412.275: [GC (CMS Final Remark) [YG occupancy: 111356 K (115200 K)]2023-01-17T04:36:42.367+0800: 412.275: [Rescan (parallel) , 0.0412046 secs]2023-01-17T04:36:42.408+0800: 412.316: [weak refs processing, 0.0000650 secs]2023-01-17T04:36:42.408+0800: 412.316: [class unloading, 0.0191530 secs]2023-01-17T04:36:42.428+0800: 412.335: [scrub symbol table, 0.0068214 secs]2023-01-17T04:36:42.434+0800: 412.342: [scrub string table, 0.0012719 secs][1 CMS-remark: 134138K(134144K)] 245495K(249344K), 0.0687995 secs] [Times: user=0.14 sys=0.00, real=0.07 secs] 
2023-01-17T04:36:42.436+0800: 412.344: [CMS-concurrent-sweep-start]
2023-01-17T04:36:42.454+0800: 412.362: [CMS-concurrent-sweep: 0.018/0.018 secs] [Times: user=0.05 sys=0.00, real=0.02 secs] 
2023-01-17T04:36:42.454+0800: 412.362: [CMS-concurrent-reset-start]
2023-01-17T04:36:42.455+0800: 412.362: [CMS-concurrent-reset: 0.000/0.000 secs] [Times: user=0.00 sys=0.00, real=0.00 secs] 
{Heap before GC invocations=621 (full 970):
 par new generation   total 115200K, used 115199K [0x00000000f0000000, 0x00000000f7d00000, 0x00000000f7d00000)
  eden space 102400K, 100% used [0x00000000f0000000, 0x00000000f6400000, 0x00000000f6400000)
  from space 12800K,  99% used [0x00000000f7080000, 0x00000000f7cffff8, 0x00000000f7d00000)
  to   space 12800K,   0% used [0x00000000f6400000, 0x00000000f6400000, 0x00000000f7080000)
 concurrent mark-sweep generation total 134144K, used 134138K [0x00000000f7d00000, 0x0000000100000000, 0x0000000100000000)
 Metaspace       used 52058K, capacity 54894K, committed 55936K, reserved 1097728K
  class space    used 6335K, capacity 6835K, committed 7040K, reserved 1048576K
2023-01-17T04:36:42.470+0800: 412.378: [GC (Allocation Failure) 2023-01-17T04:36:42.470+0800: 412.378: [ParNew: 115199K->115199K(115200K), 0.0000289 secs]2023-01-17T04:36:42.470+0800: 412.378: [CMS: 134138K->134137K(134144K), 0.2262768 secs] 249338K->157190K(249344K), [Metaspace: 52058K->52058K(1097728K)], 0.2267210 secs] [Times: user=0.22 sys=0.00, real=0.22 secs] 
Heap after GC invocations=622 (full 971):
 par new generation   total 115200K, used 23052K [0x00000000f0000000, 0x00000000f7d00000, 0x00000000f7d00000)
  eden space 102400K,  22% used [0x00000000f0000000, 0x00000000f1683328, 0x00000000f6400000)
  from space 12800K,   0% used [0x00000000f7080000, 0x00000000f7080000, 0x00000000f7d00000)
  to   space 12800K,   0% used [0x00000000f6400000, 0x00000000f6400000, 0x00000000f7080000)
 concurrent mark-sweep generation total 134144K, used 134137K [0x00000000f7d00000, 0x0000000100000000, 0x0000000100000000)
 Metaspace       used 52058K, capacity 54894K, committed 55936K, reserved 1097728K
  class space    used 6335K, capacity 6835K, committed 7040K, reserved 1048576K
}
2023-01-17T04:36:42.701+0800: 412.609: [GC (CMS Initial Mark) [1 CMS-initial-mark: 134137K(134144K)] 157342K(249344K), 0.0067996 secs] [Times: user=0.02 sys=0.00, real=0.00 secs] 
2023-01-17T04:36:42.708+0800: 412.616: [CMS-concurrent-mark-start]
2023-01-17T04:36:42.773+0800: 412.681: [CMS-concurrent-mark: 0.065/0.065 secs] [Times: user=0.18 sys=0.03, real=0.07 secs] 
2023-01-17T04:36:42.773+0800: 412.681: [CMS-concurrent-preclean-start]
2023-01-17T04:36:42.817+0800: 412.724: [CMS-concurrent-preclean: 0.043/0.043 secs] [Times: user=0.13 sys=0.03, real=0.04 secs] 
2023-01-17T04:36:42.817+0800: 412.725: [CMS-concurrent-abortable-preclean-start]
2023-01-17T04:36:42.817+0800: 412.725: [CMS-concurrent-abortable-preclean: 0.000/0.000 secs] [Times: user=0.00 sys=0.00, real=0.00 secs] 
2023-01-17T04:36:42.820+0800: 412.728: [GC (CMS Final Remark) [YG occupancy: 94227 K (115200 K)]2023-01-17T04:36:42.820+0800: 412.728: [Rescan (parallel) , 0.0215924 secs]2023-01-17T04:36:42.842+0800: 412.750: [weak refs processing, 0.0000355 secs]2023-01-17T04:36:42.842+0800: 412.750: [class unloading, 0.0127936 secs]2023-01-17T04:36:42.855+0800: 412.763: [scrub symbol table, 0.0046004 secs]2023-01-17T04:36:42.859+0800: 412.767: [scrub string table, 0.0008753 secs][1 CMS-remark: 134137K(134144K)] 228365K(249344K), 0.0400459 secs] [Times: user=0.11 sys=0.00, real=0.04 secs] 
2023-01-17T04:36:42.861+0800: 412.769: [CMS-concurrent-sweep-start]
2023-01-17T04:36:42.876+0800: 412.784: [CMS-concurrent-sweep: 0.015/0.015 secs] [Times: user=0.04 sys=0.00, real=0.01 secs] 
2023-01-17T04:36:42.876+0800: 412.784: [CMS-concurrent-reset-start]
2023-01-17T04:36:42.877+0800: 412.784: [CMS-concurrent-reset: 0.000/0.000 secs] [Times: user=0.00 sys=0.01, real=0.00 secs] 
{Heap before GC invocations=622 (full 972):
 par new generation   total 115200K, used 115200K [0x00000000f0000000, 0x00000000f7d00000, 0x00000000f7d00000)
  eden space 102400K, 100% used [0x00000000f0000000, 0x00000000f6400000, 0x00000000f6400000)
  from space 12800K, 100% used [0x00000000f7080000, 0x00000000f7d00000, 0x00000000f7d00000)
  to   space 12800K,   0% used [0x00000000f6400000, 0x00000000f6400000, 0x00000000f7080000)
 concurrent mark-sweep generation total 134144K, used 134137K [0x00000000f7d00000, 0x0000000100000000, 0x0000000100000000)
 Metaspace       used 52058K, capacity 54894K, committed 55936K, reserved 1097728K
  class space    used 6335K, capacity 6835K, committed 7040K, reserved 1048576K
2023-01-17T04:36:43.233+0800: 413.141: [GC (Allocation Failure) 2023-01-17T04:36:43.233+0800: 413.141: [ParNew: 115200K->115200K(115200K), 0.0000257 secs]2023-01-17T04:36:43.233+0800: 413.141: [CMS: 134137K->134137K(134144K), 0.1886683 secs] 249337K->157643K(249344K), [Metaspace: 52058K->52058K(1097728K)], 0.1890123 secs] [Times: user=0.20 sys=0.00, real=0.19 secs] 
Heap after GC invocations=623 (full 973):
 par new generation   total 115200K, used 23506K [0x00000000f0000000, 0x00000000f7d00000, 0x00000000f7d00000)
  eden space 102400K,  22% used [0x00000000f0000000, 0x00000000f16f48a0, 0x00000000f6400000)
  from space 12800K,   0% used [0x00000000f7080000, 0x00000000f7080000, 0x00000000f7d00000)
  to   space 12800K,   0% used [0x00000000f6400000, 0x00000000f6400000, 0x00000000f7080000)
 concurrent mark-sweep generation total 134144K, used 134137K [0x00000000f7d00000, 0x0000000100000000, 0x0000000100000000)
 Metaspace       used 52058K, capacity 54894K, committed 55936K, reserved 1097728K
  class space    used 6335K, capacity 6835K, committed 7040K, reserved 1048576K
}
2023-01-17T04:36:43.427+0800: 413.335: [GC (CMS Initial Mark) [1 CMS-initial-mark: 134137K(134144K)] 157671K(249344K), 0.0078655 secs] [Times: user=0.02 sys=0.00, real=0.01 secs] 
2023-01-17T04:36:43.435+0800: 413.343: [CMS-concurrent-mark-start]
2023-01-17T04:36:43.509+0800: 413.416: [CMS-concurrent-mark: 0.073/0.073 secs] [Times: user=0.15 sys=0.02, real=0.07 secs] 
2023-01-17T04:36:43.509+0800: 413.417: [CMS-concurrent-preclean-start]
2023-01-17T04:36:43.559+0800: 413.466: [CMS-concurrent-preclean: 0.050/0.050 secs] [Times: user=0.10 sys=0.01, real=0.05 secs] 
2023-01-17T04:36:43.559+0800: 413.467: [CMS-concurrent-abortable-preclean-start]
2023-01-17T04:36:43.559+0800: 413.467: [CMS-concurrent-abortable-preclean: 0.000/0.000 secs] [Times: user=0.00 sys=0.00, real=0.00 secs] 
{Heap before GC invocations=623 (full 974):
 par new generation   total 115200K, used 115200K [0x00000000f0000000, 0x00000000f7d00000, 0x00000000f7d00000)
  eden space 102400K, 100% used [0x00000000f0000000, 0x00000000f6400000, 0x00000000f6400000)
  from space 12800K, 100% used [0x00000000f7080000, 0x00000000f7d00000, 0x00000000f7d00000)
  to   space 12800K,   0% used [0x00000000f6400000, 0x00000000f6400000, 0x00000000f7080000)
 concurrent mark-sweep generation total 134144K, used 134144K [0x00000000f7d00000, 0x0000000100000000, 0x0000000100000000)
 Metaspace       used 52058K, capacity 54894K, committed 55936K, reserved 1097728K
  class space    used 6335K, capacity 6835K, committed 7040K, reserved 1048576K
2023-01-17T04:36:43.710+0800: 413.618: [Full GC (Allocation Failure) 2023-01-17T04:36:43.710+0800: 413.618: [CMS (concurrent mode failure): 134144K->134139K(134144K), 0.2029906 secs] 249344K->157378K(249344K), [Metaspace: 52058K->52058K(1097728K)], 0.2033443 secs] [Times: user=0.21 sys=0.00, real=0.20 secs] 
Heap after GC invocations=624 (full 975):
 par new generation   total 115200K, used 23238K [0x00000000f0000000, 0x00000000f7d00000, 0x00000000f7d00000)
  eden space 102400K,  22% used [0x00000000f0000000, 0x00000000f16b1890, 0x00000000f6400000)
  from space 12800K,   0% used [0x00000000f7080000, 0x00000000f7080000, 0x00000000f7d00000)
  to   space 12800K,   0% used [0x00000000f6400000, 0x00000000f6400000, 0x00000000f7080000)
 concurrent mark-sweep generation total 134144K, used 134139K [0x00000000f7d00000, 0x0000000100000000, 0x0000000100000000)
 Metaspace       used 52058K, capacity 54894K, committed 55936K, reserved 1097728K
  class space    used 6335K, capacity 6835K, committed 7040K, reserved 1048576K
}
{Heap before GC invocations=624 (full 975):
 par new generation   total 115200K, used 115199K [0x00000000f0000000, 0x00000000f7d00000, 0x00000000f7d00000)
  eden space 102400K, 100% used [0x00000000f0000000, 0x00000000f6400000, 0x00000000f6400000)
  from space 12800K,  99% used [0x00000000f7080000, 0x00000000f7cffff8, 0x00000000f7d00000)
  to   space 12800K,   0% used [0x00000000f6400000, 0x00000000f6400000, 0x00000000f7080000)
 concurrent mark-sweep generation total 134144K, used 134143K [0x00000000f7d00000, 0x0000000100000000, 0x0000000100000000)
 Metaspace       used 52058K, capacity 54894K, committed 55936K, reserved 1097728K
  class space    used 6335K, capacity 6835K, committed 7040K, reserved 1048576K
2023-01-17T04:36:44.185+0800: 414.093: [Full GC (Allocation Failure) 2023-01-17T04:36:44.186+0800: 414.094: [CMS: 134143K->134137K(134144K), 0.2102767 secs] 249343K->157378K(249344K), [Metaspace: 52058K->52058K(1097728K)], 0.2107114 secs] [Times: user=0.21 sys=0.00, real=0.21 secs] 
Heap after GC invocations=625 (full 976):
 par new generation   total 115200K, used 23240K [0x00000000f0000000, 0x00000000f7d00000, 0x00000000f7d00000)
  eden space 102400K,  22% used [0x00000000f0000000, 0x00000000f16b21a8, 0x00000000f6400000)
  from space 12800K,   0% used [0x00000000f7080000, 0x00000000f7080000, 0x00000000f7d00000)
  to   space 12800K,   0% used [0x00000000f6400000, 0x00000000f6400000, 0x00000000f7080000)
 concurrent mark-sweep generation total 134144K, used 134137K [0x00000000f7d00000, 0x0000000100000000, 0x0000000100000000)
 Metaspace       used 52058K, capacity 54894K, committed 55936K, reserved 1097728K
  class space    used 6335K, capacity 6835K, committed 7040K, reserved 1048576K
}
2023-01-17T04:36:44.401+0800: 414.308: [GC (CMS Initial Mark) [1 CMS-initial-mark: 134137K(134144K)] 157863K(249344K), 0.0065809 secs] [Times: user=0.02 sys=0.00, real=0.00 secs] 
2023-01-17T04:36:44.407+0800: 414.315: [CMS-concurrent-mark-start]
2023-01-17T04:36:44.477+0800: 414.385: [CMS-concurrent-mark: 0.070/0.070 secs] [Times: user=0.18 sys=0.03, real=0.07 secs] 
2023-01-17T04:36:44.478+0800: 414.386: [CMS-concurrent-preclean-start]
2023-01-17T04:36:44.516+0800: 414.424: [CMS-concurrent-preclean: 0.038/0.038 secs] [Times: user=0.08 sys=0.02, real=0.04 secs] 
2023-01-17T04:36:44.516+0800: 414.424: [CMS-concurrent-abortable-preclean-start]
2023-01-17T04:36:44.516+0800: 414.424: [CMS-concurrent-abortable-preclean: 0.000/0.000 secs] [Times: user=0.00 sys=0.00, real=0.00 secs] 
2023-01-17T04:36:44.520+0800: 414.428: [GC (CMS Final Remark) [YG occupancy: 81229 K (115200 K)]2023-01-17T04:36:44.520+0800: 414.428: [Rescan (parallel) , 0.0185558 secs]2023-01-17T04:36:44.538+0800: 414.446: [weak refs processing, 0.0000413 secs]2023-01-17T04:36:44.538+0800: 414.446: [class unloading, 0.0127767 secs]2023-01-17T04:36:44.551+0800: 414.459: [scrub symbol table, 0.0045258 secs]2023-01-17T04:36:44.556+0800: 414.464: [scrub string table, 0.0008692 secs][1 CMS-remark: 134137K(134144K)] 215366K(249344K), 0.0369262 secs] [Times: user=0.09 sys=0.00, real=0.03 secs] 
2023-01-17T04:36:44.558+0800: 414.465: [CMS-concurrent-sweep-start]
2023-01-17T04:36:44.576+0800: 414.484: [CMS-concurrent-sweep: 0.018/0.018 secs] [Times: user=0.06 sys=0.01, real=0.02 secs] 
2023-01-17T04:36:44.576+0800: 414.484: [CMS-concurrent-reset-start]
2023-01-17T04:36:44.576+0800: 414.484: [CMS-concurrent-reset: 0.000/0.000 secs] [Times: user=0.01 sys=0.00, real=0.00 secs] 
{Heap before GC invocations=625 (full 977):
 par new generation   total 115200K, used 115200K [0x00000000f0000000, 0x00000000f7d00000, 0x00000000f7d00000)
  eden space 102400K, 100% used [0x00000000f0000000, 0x00000000f6400000, 0x00000000f6400000)
  from space 12800K, 100% used [0x00000000f7080000, 0x00000000f7d00000, 0x00000000f7d00000)
  to   space 12800K,   0% used [0x00000000f6400000, 0x00000000f6400000, 0x00000000f7080000)
 concurrent mark-sweep generation total 134144K, used 134137K [0x00000000f7d00000, 0x0000000100000000, 0x0000000100000000)
 Metaspace       used 52058K, capacity 54894K, committed 55936K, reserved 1097728K
  class space    used 6335K, capacity 6835K, committed 7040K, reserved 1048576K
2023-01-17T04:36:44.660+0800: 414.568: [GC (Allocation Failure) 2023-01-17T04:36:44.660+0800: 414.568: [ParNew: 115200K->115200K(115200K), 0.0000259 secs]2023-01-17T04:36:44.660+0800: 414.568: [CMS: 134137K->134143K(134144K), 0.2105946 secs] 249337K->157517K(249344K), [Metaspace: 52058K->52058K(1097728K)], 0.2110521 secs] [Times: user=0.21 sys=0.00, real=0.21 secs] 
Heap after GC invocations=626 (full 978):
 par new generation   total 115200K, used 23373K [0x00000000f0000000, 0x00000000f7d00000, 0x00000000f7d00000)
  eden space 102400K,  22% used [0x00000000f0000000, 0x00000000f16d3730, 0x00000000f6400000)
  from space 12800K,   0% used [0x00000000f7080000, 0x00000000f7080000, 0x00000000f7d00000)
  to   space 12800K,   0% used [0x00000000f6400000, 0x00000000f6400000, 0x00000000f7080000)
 concurrent mark-sweep generation total 134144K, used 134143K [0x00000000f7d00000, 0x0000000100000000, 0x0000000100000000)
 Metaspace       used 52058K, capacity 54894K, committed 55936K, reserved 1097728K
  class space    used 6335K, capacity 6835K, committed 7040K, reserved 1048576K
}
2023-01-17T04:36:44.877+0800: 414.785: [GC (CMS Initial Mark) [1 CMS-initial-mark: 134143K(134144K)] 157885K(249344K), 0.0106388 secs] [Times: user=0.02 sys=0.00, real=0.01 secs] 
2023-01-17T04:36:44.888+0800: 414.796: [CMS-concurrent-mark-start]
2023-01-17T04:36:44.998+0800: 414.905: [CMS-concurrent-mark: 0.109/0.109 secs] [Times: user=0.31 sys=0.06, real=0.11 secs] 
2023-01-17T04:36:44.998+0800: 414.906: [CMS-concurrent-preclean-start]
2023-01-17T04:36:45.047+0800: 414.955: [CMS-concurrent-preclean: 0.049/0.049 secs] [Times: user=0.09 sys=0.03, real=0.05 secs] 
2023-01-17T04:36:45.047+0800: 414.955: [CMS-concurrent-abortable-preclean-start]
2023-01-17T04:36:45.047+0800: 414.955: [CMS-concurrent-abortable-preclean: 0.000/0.000 secs] [Times: user=0.00 sys=0.00, real=0.00 secs] 
2023-01-17T04:36:45.051+0800: 414.958: [GC (CMS Final Remark) [YG occupancy: 97333 K (115200 K)]2023-01-17T04:36:45.051+0800: 414.958: [Rescan (parallel) , 0.0439979 secs]2023-01-17T04:36:45.095+0800: 415.003: [weak refs processing, 0.0000487 secs]2023-01-17T04:36:45.095+0800: 415.003: [class unloading, 0.0134232 secs]2023-01-17T04:36:45.108+0800: 415.016: [scrub symbol table, 0.0046693 secs]2023-01-17T04:36:45.113+0800: 415.021: [scrub string table, 0.0009043 secs][1 CMS-remark: 134143K(134144K)] 231476K(249344K), 0.0632186 secs] [Times: user=0.16 sys=0.00, real=0.06 secs] 
2023-01-17T04:36:45.114+0800: 415.022: [CMS-concurrent-sweep-start]
2023-01-17T04:36:45.136+0800: 415.044: [CMS-concurrent-sweep: 0.022/0.022 secs] [Times: user=0.06 sys=0.01, real=0.02 secs] 
2023-01-17T04:36:45.137+0800: 415.044: [CMS-concurrent-reset-start]
2023-01-17T04:36:45.137+0800: 415.045: [CMS-concurrent-reset: 0.000/0.000 secs] [Times: user=0.00 sys=0.00, real=0.00 secs] 
{Heap before GC invocations=626 (full 979):
 par new generation   total 115200K, used 115199K [0x00000000f0000000, 0x00000000f7d00000, 0x00000000f7d00000)
  eden space 102400K, 100% used [0x00000000f0000000, 0x00000000f6400000, 0x00000000f6400000)
  from space 12800K,  99% used [0x00000000f7080000, 0x00000000f7cffff8, 0x00000000f7d00000)
  to   space 12800K,   0% used [0x00000000f6400000, 0x00000000f6400000, 0x00000000f7080000)
 concurrent mark-sweep generation total 134144K, used 134143K [0x00000000f7d00000, 0x0000000100000000, 0x0000000100000000)
 Metaspace       used 52059K, capacity 54894K, committed 55936K, reserved 1097728K
  class space    used 6335K, capacity 6835K, committed 7040K, reserved 1048576K
2023-01-17T04:36:45.205+0800: 415.112: [GC (Allocation Failure) 2023-01-17T04:36:45.205+0800: 415.113: [ParNew: 115199K->115199K(115200K), 0.0000342 secs]2023-01-17T04:36:45.205+0800: 415.113: [CMS: 134143K->134143K(134144K), 0.2146843 secs] 249343K->157477K(249344K), [Metaspace: 52059K->52059K(1097728K)], 0.2151767 secs] [Times: user=0.22 sys=0.00, real=0.22 secs] 
Heap after GC invocations=627 (full 980):
 par new generation   total 115200K, used 23334K [0x00000000f0000000, 0x00000000f7d00000, 0x00000000f7d00000)
  eden space 102400K,  22% used [0x00000000f0000000, 0x00000000f16c9ae0, 0x00000000f6400000)
  from space 12800K,   0% used [0x00000000f7080000, 0x00000000f7080000, 0x00000000f7d00000)
  to   space 12800K,   0% used [0x00000000f6400000, 0x00000000f6400000, 0x00000000f7080000)
 concurrent mark-sweep generation total 134144K, used 134143K [0x00000000f7d00000, 0x0000000100000000, 0x0000000100000000)
 Metaspace       used 52059K, capacity 54894K, committed 55936K, reserved 1097728K
  class space    used 6335K, capacity 6835K, committed 7040K, reserved 1048576K
}
2023-01-17T04:36:45.427+0800: 415.335: [GC (CMS Initial Mark) [1 CMS-initial-mark: 134143K(134144K)] 160587K(249344K), 0.0070128 secs] [Times: user=0.03 sys=0.00, real=0.01 secs] 
2023-01-17T04:36:45.434+0800: 415.342: [CMS-concurrent-mark-start]
2023-01-17T04:36:45.550+0800: 415.457: [CMS-concurrent-mark: 0.115/0.115 secs] [Times: user=0.35 sys=0.03, real=0.12 secs] 
2023-01-17T04:36:45.550+0800: 415.458: [CMS-concurrent-preclean-start]
2023-01-17T04:36:45.602+0800: 415.510: [CMS-concurrent-preclean: 0.052/0.052 secs] [Times: user=0.16 sys=0.03, real=0.05 secs] 
2023-01-17T04:36:45.602+0800: 415.510: [CMS-concurrent-abortable-preclean-start]
2023-01-17T04:36:45.602+0800: 415.510: [CMS-concurrent-abortable-preclean: 0.000/0.000 secs] [Times: user=0.00 sys=0.00, real=0.00 secs] 
2023-01-17T04:36:45.606+0800: 415.514: [GC (CMS Final Remark) [YG occupancy: 112372 K (115200 K)]2023-01-17T04:36:45.606+0800: 415.514: [Rescan (parallel) , 0.0258384 secs]2023-01-17T04:36:45.632+0800: 415.539: [weak refs processing, 0.0000403 secs]2023-01-17T04:36:45.632+0800: 415.540: [class unloading, 0.0127654 secs]2023-01-17T04:36:45.645+0800: 415.552: [scrub symbol table, 0.0047167 secs]2023-01-17T04:36:45.649+0800: 415.557: [scrub string table, 0.0008610 secs][1 CMS-remark: 134143K(134144K)] 246515K(249344K), 0.0443869 secs] [Times: user=0.12 sys=0.00, real=0.05 secs] 
2023-01-17T04:36:45.651+0800: 415.558: [CMS-concurrent-sweep-start]
{Heap before GC invocations=627 (full 981):
 par new generation   total 115200K, used 115197K [0x00000000f0000000, 0x00000000f7d00000, 0x00000000f7d00000)
  eden space 102400K, 100% used [0x00000000f0000000, 0x00000000f6400000, 0x00000000f6400000)
  from space 12800K,  99% used [0x00000000f7080000, 0x00000000f7cff6c8, 0x00000000f7d00000)
  to   space 12800K,   0% used [0x00000000f6400000, 0x00000000f6400000, 0x00000000f7080000)
 concurrent mark-sweep generation total 134144K, used 134143K [0x00000000f7d00000, 0x0000000100000000, 0x0000000100000000)
 Metaspace       used 52059K, capacity 54894K, committed 55936K, reserved 1097728K
  class space    used 6335K, capacity 6835K, committed 7040K, reserved 1048576K
2023-01-17T04:36:45.670+0800: 415.578: [Full GC (Allocation Failure) 2023-01-17T04:36:45.670+0800: 415.578: [CMS2023-01-17T04:36:45.686+0800: 415.594: [CMS-concurrent-sweep: 0.017/0.035 secs] [Times: user=0.08 sys=0.00, real=0.03 secs] 
 (concurrent mode failure): 134143K->134142K(134144K), 0.1911839 secs] 249340K->157645K(249344K), [Metaspace: 52059K->52059K(1097728K)], 0.1914879 secs] [Times: user=0.20 sys=0.00, real=0.19 secs] 
Heap after GC invocations=628 (full 982):
 par new generation   total 115200K, used 23502K [0x00000000f0000000, 0x00000000f7d00000, 0x00000000f7d00000)
  eden space 102400K,  22% used [0x00000000f0000000, 0x00000000f16f3a48, 0x00000000f6400000)
  from space 12800K,   0% used [0x00000000f7080000, 0x00000000f7080000, 0x00000000f7d00000)
  to   space 12800K,   0% used [0x00000000f6400000, 0x00000000f6400000, 0x00000000f7080000)
 concurrent mark-sweep generation total 134144K, used 134142K [0x00000000f7d00000, 0x0000000100000000, 0x0000000100000000)
 Metaspace       used 52059K, capacity 54894K, committed 55936K, reserved 1097728K
  class space    used 6335K, capacity 6835K, committed 7040K, reserved 1048576K
}
{Heap before GC invocations=628 (full 982):
 par new generation   total 115200K, used 115200K [0x00000000f0000000, 0x00000000f7d00000, 0x00000000f7d00000)
  eden space 102400K, 100% used [0x00000000f0000000, 0x00000000f6400000, 0x00000000f6400000)
  from space 12800K, 100% used [0x00000000f7080000, 0x00000000f7d00000, 0x00000000f7d00000)
  to   space 12800K,   0% used [0x00000000f6400000, 0x00000000f6400000, 0x00000000f7080000)
 concurrent mark-sweep generation total 134144K, used 134143K [0x00000000f7d00000, 0x0000000100000000, 0x0000000100000000)
 Metaspace       used 52059K, capacity 54894K, committed 55936K, reserved 1097728K
  class space    used 6335K, capacity 6835K, committed 7040K, reserved 1048576K
2023-01-17T04:36:46.151+0800: 416.059: [Full GC (Allocation Failure) 2023-01-17T04:36:46.151+0800: 416.059: [CMS: 134143K->134143K(134144K), 0.2003798 secs] 249343K->157254K(249344K), [Metaspace: 52059K->52059K(1097728K)], 0.2008040 secs] [Times: user=0.20 sys=0.00, real=0.20 secs] 
Heap after GC invocations=629 (full 983):
 par new generation   total 115200K, used 23110K [0x00000000f0000000, 0x00000000f7d00000, 0x00000000f7d00000)
  eden space 102400K,  22% used [0x00000000f0000000, 0x00000000f1691b30, 0x00000000f6400000)
  from space 12800K,   0% used [0x00000000f7080000, 0x00000000f7080000, 0x00000000f7d00000)
  to   space 12800K,   0% used [0x00000000f6400000, 0x00000000f6400000, 0x00000000f7080000)
 concurrent mark-sweep generation total 134144K, used 134143K [0x00000000f7d00000, 0x0000000100000000, 0x0000000100000000)
 Metaspace       used 52059K, capacity 54894K, committed 55936K, reserved 1097728K
  class space    used 6335K, capacity 6835K, committed 7040K, reserved 1048576K
}
2023-01-17T04:36:46.358+0800: 416.265: [GC (CMS Initial Mark) [1 CMS-initial-mark: 134143K(134144K)] 158681K(249344K), 0.0070652 secs] [Times: user=0.02 sys=0.00, real=0.01 secs] 
2023-01-17T04:36:46.365+0800: 416.273: [CMS-concurrent-mark-start]
2023-01-17T04:36:46.421+0800: 416.329: [CMS-concurrent-mark: 0.056/0.056 secs] [Times: user=0.13 sys=0.01, real=0.06 secs] 
2023-01-17T04:36:46.421+0800: 416.329: [CMS-concurrent-preclean-start]
2023-01-17T04:36:46.454+0800: 416.362: [CMS-concurrent-preclean: 0.033/0.033 secs] [Times: user=0.07 sys=0.00, real=0.03 secs] 
2023-01-17T04:36:46.455+0800: 416.362: [CMS-concurrent-abortable-preclean-start]
2023-01-17T04:36:46.455+0800: 416.362: [CMS-concurrent-abortable-preclean: 0.000/0.000 secs] [Times: user=0.00 sys=0.00, real=0.00 secs] 
2023-01-17T04:36:46.459+0800: 416.366: [GC (CMS Final Remark) [YG occupancy: 58003 K (115200 K)]2023-01-17T04:36:46.459+0800: 416.366: [Rescan (parallel) , 0.0130714 secs]2023-01-17T04:36:46.472+0800: 416.379: [weak refs processing, 0.0000565 secs]2023-01-17T04:36:46.472+0800: 416.380: [class unloading, 0.0130689 secs]2023-01-17T04:36:46.485+0800: 416.393: [scrub symbol table, 0.0046692 secs]2023-01-17T04:36:46.490+0800: 416.397: [scrub string table, 0.0009375 secs][1 CMS-remark: 134143K(134144K)] 192147K(249344K), 0.0319698 secs] [Times: user=0.07 sys=0.00, real=0.04 secs] 
2023-01-17T04:36:46.491+0800: 416.399: [CMS-concurrent-sweep-start]
2023-01-17T04:36:46.511+0800: 416.419: [CMS-concurrent-sweep: 0.021/0.021 secs] [Times: user=0.07 sys=0.01, real=0.02 secs] 
2023-01-17T04:36:46.512+0800: 416.420: [CMS-concurrent-reset-start]
2023-01-17T04:36:46.512+0800: 416.420: [CMS-concurrent-reset: 0.000/0.000 secs] [Times: user=0.00 sys=0.00, real=0.00 secs] 
{Heap before GC invocations=629 (full 984):
 par new generation   total 115200K, used 115199K [0x00000000f0000000, 0x00000000f7d00000, 0x00000000f7d00000)
  eden space 102400K, 100% used [0x00000000f0000000, 0x00000000f6400000, 0x00000000f6400000)
  from space 12800K,  99% used [0x00000000f7080000, 0x00000000f7cffff0, 0x00000000f7d00000)
  to   space 12800K,   0% used [0x00000000f6400000, 0x00000000f6400000, 0x00000000f7080000)
 concurrent mark-sweep generation total 134144K, used 134143K [0x00000000f7d00000, 0x0000000100000000, 0x0000000100000000)
 Metaspace       used 52059K, capacity 54894K, committed 55936K, reserved 1097728K
  class space    used 6335K, capacity 6835K, committed 7040K, reserved 1048576K
2023-01-17T04:36:46.871+0800: 416.779: [GC (Allocation Failure) 2023-01-17T04:36:46.871+0800: 416.779: [ParNew: 115199K->115199K(115200K), 0.0000243 secs]2023-01-17T04:36:46.871+0800: 416.779: [CMS: 134143K->134142K(134144K), 0.1882270 secs] 249343K->157637K(249344K), [Metaspace: 52059K->52059K(1097728K)], 0.1886233 secs] [Times: user=0.19 sys=0.00, real=0.19 secs] 
Heap after GC invocations=630 (full 985):
 par new generation   total 115200K, used 23494K [0x00000000f0000000, 0x00000000f7d00000, 0x00000000f7d00000)
  eden space 102400K,  22% used [0x00000000f0000000, 0x00000000f16f19e0, 0x00000000f6400000)
  from space 12800K,   0% used [0x00000000f7080000, 0x00000000f7080000, 0x00000000f7d00000)
  to   space 12800K,   0% used [0x00000000f6400000, 0x00000000f6400000, 0x00000000f7080000)
 concurrent mark-sweep generation total 134144K, used 134142K [0x00000000f7d00000, 0x0000000100000000, 0x0000000100000000)
 Metaspace       used 52059K, capacity 54894K, committed 55936K, reserved 1097728K
  class space    used 6335K, capacity 6835K, committed 7040K, reserved 1048576K
}
2023-01-17T04:36:47.064+0800: 416.971: [GC (CMS Initial Mark) [1 CMS-initial-mark: 134142K(134144K)] 157900K(249344K), 0.0063903 secs] [Times: user=0.02 sys=0.00, real=0.01 secs] 
2023-01-17T04:36:47.070+0800: 416.978: [CMS-concurrent-mark-start]
2023-01-17T04:36:47.142+0800: 417.049: [CMS-concurrent-mark: 0.071/0.071 secs] [Times: user=0.21 sys=0.03, real=0.07 secs] 
2023-01-17T04:36:47.142+0800: 417.050: [CMS-concurrent-preclean-start]
2023-01-17T04:36:47.187+0800: 417.095: [CMS-concurrent-preclean: 0.045/0.045 secs] [Times: user=0.12 sys=0.02, real=0.04 secs] 
2023-01-17T04:36:47.188+0800: 417.095: [CMS-concurrent-abortable-preclean-start]
2023-01-17T04:36:47.188+0800: 417.095: [CMS-concurrent-abortable-preclean: 0.000/0.000 secs] [Times: user=0.00 sys=0.00, real=0.00 secs] 
2023-01-17T04:36:47.201+0800: 417.108: [GC (CMS Final Remark) [YG occupancy: 100034 K (115200 K)]2023-01-17T04:36:47.201+0800: 417.108: [Rescan (parallel) , 0.0245993 secs]2023-01-17T04:36:47.225+0800: 417.133: [weak refs processing, 0.0000406 secs]2023-01-17T04:36:47.225+0800: 417.133: [class unloading, 0.0130802 secs]2023-01-17T04:36:47.238+0800: 417.146: [scrub symbol table, 0.0046220 secs]2023-01-17T04:36:47.243+0800: 417.151: [scrub string table, 0.0008819 secs][1 CMS-remark: 134142K(134144K)] 234177K(249344K), 0.0433912 secs] [Times: user=0.12 sys=0.00, real=0.04 secs] 
2023-01-17T04:36:47.244+0800: 417.152: [CMS-concurrent-sweep-start]
2023-01-17T04:36:47.263+0800: 417.170: [CMS-concurrent-sweep: 0.018/0.018 secs] [Times: user=0.06 sys=0.01, real=0.02 secs] 
2023-01-17T04:36:47.263+0800: 417.171: [CMS-concurrent-reset-start]
2023-01-17T04:36:47.263+0800: 417.171: [CMS-concurrent-reset: 0.000/0.000 secs] [Times: user=0.00 sys=0.00, real=0.00 secs] 
{Heap before GC invocations=630 (full 986):
 par new generation   total 115200K, used 115200K [0x00000000f0000000, 0x00000000f7d00000, 0x00000000f7d00000)
  eden space 102400K, 100% used [0x00000000f0000000, 0x00000000f6400000, 0x00000000f6400000)
  from space 12800K, 100% used [0x00000000f7080000, 0x00000000f7d00000, 0x00000000f7d00000)
  to   space 12800K,   0% used [0x00000000f6400000, 0x00000000f6400000, 0x00000000f7080000)
 concurrent mark-sweep generation total 134144K, used 134142K [0x00000000f7d00000, 0x0000000100000000, 0x0000000100000000)
 Metaspace       used 52059K, capacity 54894K, committed 55936K, reserved 1097728K
  class space    used 6335K, capacity 6835K, committed 7040K, reserved 1048576K
2023-01-17T04:36:47.324+0800: 417.232: [GC (Allocation Failure) 2023-01-17T04:36:47.324+0800: 417.232: [ParNew: 115200K->115200K(115200K), 0.0000245 secs]2023-01-17T04:36:47.324+0800: 417.232: [CMS: 134142K->134141K(134144K), 0.2081369 secs] 249342K->157167K(249344K), [Metaspace: 52059K->52059K(1097728K)], 0.2084857 secs] [Times: user=0.21 sys=0.00, real=0.21 secs] 
Heap after GC invocations=631 (full 987):
 par new generation   total 115200K, used 23025K [0x00000000f0000000, 0x00000000f7d00000, 0x00000000f7d00000)
  eden space 102400K,  22% used [0x00000000f0000000, 0x00000000f167c608, 0x00000000f6400000)
  from space 12800K,   0% used [0x00000000f7080000, 0x00000000f7080000, 0x00000000f7d00000)
  to   space 12800K,   0% used [0x00000000f6400000, 0x00000000f6400000, 0x00000000f7080000)
 concurrent mark-sweep generation total 134144K, used 134141K [0x00000000f7d00000, 0x0000000100000000, 0x0000000100000000)
 Metaspace       used 52059K, capacity 54894K, committed 55936K, reserved 1097728K
  class space    used 6335K, capacity 6835K, committed 7040K, reserved 1048576K
}
2023-01-17T04:36:47.536+0800: 417.444: [GC (CMS Initial Mark) [1 CMS-initial-mark: 134141K(134144K)] 157275K(249344K), 0.0077213 secs] [Times: user=0.02 sys=0.00, real=0.01 secs] 
2023-01-17T04:36:47.544+0800: 417.452: [CMS-concurrent-mark-start]
2023-01-17T04:36:47.610+0800: 417.518: [CMS-concurrent-mark: 0.066/0.066 secs] [Times: user=0.16 sys=0.02, real=0.07 secs] 
2023-01-17T04:36:47.610+0800: 417.518: [CMS-concurrent-preclean-start]
2023-01-17T04:36:47.647+0800: 417.555: [CMS-concurrent-preclean: 0.036/0.036 secs] [Times: user=0.06 sys=0.00, real=0.03 secs] 
2023-01-17T04:36:47.647+0800: 417.555: [CMS-concurrent-abortable-preclean-start]
2023-01-17T04:36:47.647+0800: 417.555: [CMS-concurrent-abortable-preclean: 0.000/0.000 secs] [Times: user=0.00 sys=0.00, real=0.00 secs] 
2023-01-17T04:36:47.651+0800: 417.558: [GC (CMS Final Remark) [YG occupancy: 62310 K (115200 K)]2023-01-17T04:36:47.651+0800: 417.559: [Rescan (parallel) , 0.0176653 secs]2023-01-17T04:36:47.668+0800: 417.576: [weak refs processing, 0.0000629 secs]2023-01-17T04:36:47.669+0800: 417.576: [class unloading, 0.0181412 secs]2023-01-17T04:36:47.687+0800: 417.594: [scrub symbol table, 0.0068581 secs]2023-01-17T04:36:47.694+0800: 417.601: [scrub string table, 0.0012486 secs][1 CMS-remark: 134141K(134144K)] 196452K(249344K), 0.0441491 secs] [Times: user=0.09 sys=0.00, real=0.04 secs] 
2023-01-17T04:36:47.695+0800: 417.603: [CMS-concurrent-sweep-start]
2023-01-17T04:36:47.720+0800: 417.627: [CMS-concurrent-sweep: 0.024/0.024 secs] [Times: user=0.06 sys=0.01, real=0.03 secs] 
2023-01-17T04:36:47.720+0800: 417.628: [CMS-concurrent-reset-start]
2023-01-17T04:36:47.720+0800: 417.628: [CMS-concurrent-reset: 0.000/0.000 secs] [Times: user=0.00 sys=0.00, real=0.00 secs] 
{Heap before GC invocations=631 (full 988):
 par new generation   total 115200K, used 115199K [0x00000000f0000000, 0x00000000f7d00000, 0x00000000f7d00000)
  eden space 102400K, 100% used [0x00000000f0000000, 0x00000000f6400000, 0x00000000f6400000)
  from space 12800K,  99% used [0x00000000f7080000, 0x00000000f7cffff0, 0x00000000f7d00000)
  to   space 12800K,   0% used [0x00000000f6400000, 0x00000000f6400000, 0x00000000f7080000)
 concurrent mark-sweep generation total 134144K, used 134141K [0x00000000f7d00000, 0x0000000100000000, 0x0000000100000000)
 Metaspace       used 52059K, capacity 54894K, committed 55936K, reserved 1097728K
  class space    used 6335K, capacity 6835K, committed 7040K, reserved 1048576K
2023-01-17T04:36:48.078+0800: 417.986: [GC (Allocation Failure) 2023-01-17T04:36:48.078+0800: 417.986: [ParNew: 115199K->115199K(115200K), 0.0000295 secs]2023-01-17T04:36:48.078+0800: 417.986: [CMS: 134141K->134141K(134144K), 0.1844256 secs] 249341K->157519K(249344K), [Metaspace: 52059K->52059K(1097728K)], 0.1847875 secs] [Times: user=0.19 sys=0.00, real=0.19 secs] 
Heap after GC invocations=632 (full 989):
 par new generation   total 115200K, used 23377K [0x00000000f0000000, 0x00000000f7d00000, 0x00000000f7d00000)
  eden space 102400K,  22% used [0x00000000f0000000, 0x00000000f16d4640, 0x00000000f6400000)
  from space 12800K,   0% used [0x00000000f7080000, 0x00000000f7080000, 0x00000000f7d00000)
  to   space 12800K,   0% used [0x00000000f6400000, 0x00000000f6400000, 0x00000000f7080000)
 concurrent mark-sweep generation total 134144K, used 134141K [0x00000000f7d00000, 0x0000000100000000, 0x0000000100000000)
 Metaspace       used 52059K, capacity 54894K, committed 55936K, reserved 1097728K
  class space    used 6335K, capacity 6835K, committed 7040K, reserved 1048576K
}
2023-01-17T04:36:48.268+0800: 418.176: [GC (CMS Initial Mark) [1 CMS-initial-mark: 134141K(134144K)] 158309K(249344K), 0.0069218 secs] [Times: user=0.02 sys=0.00, real=0.01 secs] 
2023-01-17T04:36:48.275+0800: 418.183: [CMS-concurrent-mark-start]
2023-01-17T04:36:48.336+0800: 418.244: [CMS-concurrent-mark: 0.061/0.061 secs] [Times: user=0.18 sys=0.01, real=0.06 secs] 
2023-01-17T04:36:48.336+0800: 418.244: [CMS-concurrent-preclean-start]
2023-01-17T04:36:48.376+0800: 418.283: [CMS-concurrent-preclean: 0.040/0.040 secs] [Times: user=0.08 sys=0.00, real=0.04 secs] 
2023-01-17T04:36:48.376+0800: 418.284: [CMS-concurrent-abortable-preclean-start]
2023-01-17T04:36:48.376+0800: 418.284: [CMS-concurrent-abortable-preclean: 0.000/0.000 secs] [Times: user=0.00 sys=0.00, real=0.00 secs] 
2023-01-17T04:36:48.380+0800: 418.288: [GC (CMS Final Remark) [YG occupancy: 72527 K (115200 K)]2023-01-17T04:36:48.380+0800: 418.288: [Rescan (parallel) , 0.0242697 secs]2023-01-17T04:36:48.404+0800: 418.312: [weak refs processing, 0.0000414 secs]2023-01-17T04:36:48.404+0800: 418.312: [class unloading, 0.0132504 secs]2023-01-17T04:36:48.418+0800: 418.325: [scrub symbol table, 0.0045636 secs]2023-01-17T04:36:48.422+0800: 418.330: [scrub string table, 0.0008933 secs][1 CMS-remark: 134141K(134144K)] 206669K(249344K), 0.0431812 secs] [Times: user=0.09 sys=0.00, real=0.04 secs] 
2023-01-17T04:36:48.423+0800: 418.331: [CMS-concurrent-sweep-start]
2023-01-17T04:36:48.443+0800: 418.351: [CMS-concurrent-sweep: 0.020/0.020 secs] [Times: user=0.04 sys=0.01, real=0.02 secs] 
2023-01-17T04:36:48.443+0800: 418.351: [CMS-concurrent-reset-start]
2023-01-17T04:36:48.444+0800: 418.351: [CMS-concurrent-reset: 0.000/0.000 secs] [Times: user=0.00 sys=0.00, real=0.00 secs] 
{Heap before GC invocations=632 (full 990):
 par new generation   total 115200K, used 115199K [0x00000000f0000000, 0x00000000f7d00000, 0x00000000f7d00000)
  eden space 102400K, 100% used [0x00000000f0000000, 0x00000000f6400000, 0x00000000f6400000)
  from space 12800K,  99% used [0x00000000f7080000, 0x00000000f7cfffd0, 0x00000000f7d00000)
  to   space 12800K,   0% used [0x00000000f6400000, 0x00000000f6400000, 0x00000000f7080000)
 concurrent mark-sweep generation total 134144K, used 134141K [0x00000000f7d00000, 0x0000000100000000, 0x0000000100000000)
 Metaspace       used 52059K, capacity 54894K, committed 55936K, reserved 1097728K
  class space    used 6335K, capacity 6835K, committed 7040K, reserved 1048576K
2023-01-17T04:36:48.553+0800: 418.461: [GC (Allocation Failure) 2023-01-17T04:36:48.554+0800: 418.461: [ParNew: 115199K->115199K(115200K), 0.0000298 secs]2023-01-17T04:36:48.554+0800: 418.461: [CMS: 134141K->134141K(134144K), 0.2414842 secs] 249341K->157364K(249344K), [Metaspace: 52059K->52059K(1097728K)], 0.2419029 secs] [Times: user=0.24 sys=0.00, real=0.24 secs] 
Heap after GC invocations=633 (full 991):
 par new generation   total 115200K, used 23222K [0x00000000f0000000, 0x00000000f7d00000, 0x00000000f7d00000)
  eden space 102400K,  22% used [0x00000000f0000000, 0x00000000f16adbd0, 0x00000000f6400000)
  from space 12800K,   0% used [0x00000000f7080000, 0x00000000f7080000, 0x00000000f7d00000)
  to   space 12800K,   0% used [0x00000000f6400000, 0x00000000f6400000, 0x00000000f7080000)
 concurrent mark-sweep generation total 134144K, used 134141K [0x00000000f7d00000, 0x0000000100000000, 0x0000000100000000)
 Metaspace       used 52059K, capacity 54894K, committed 55936K, reserved 1097728K
  class space    used 6335K, capacity 6835K, committed 7040K, reserved 1048576K
}
2023-01-17T04:36:48.800+0800: 418.708: [GC (CMS Initial Mark) [1 CMS-initial-mark: 134141K(134144K)] 157844K(249344K), 0.0068385 secs] [Times: user=0.02 sys=0.00, real=0.00 secs] 
2023-01-17T04:36:48.807+0800: 418.715: [CMS-concurrent-mark-start]
2023-01-17T04:36:48.859+0800: 418.767: [CMS-concurrent-mark: 0.052/0.052 secs] [Times: user=0.09 sys=0.02, real=0.05 secs] 
2023-01-17T04:36:48.859+0800: 418.767: [CMS-concurrent-preclean-start]
2023-01-17T04:36:48.890+0800: 418.798: [CMS-concurrent-preclean: 0.031/0.031 secs] [Times: user=0.04 sys=0.00, real=0.04 secs] 
2023-01-17T04:36:48.890+0800: 418.798: [CMS-concurrent-abortable-preclean-start]
2023-01-17T04:36:48.890+0800: 418.798: [CMS-concurrent-abortable-preclean: 0.000/0.000 secs] [Times: user=0.00 sys=0.00, real=0.00 secs] 
2023-01-17T04:36:48.893+0800: 418.801: [GC (CMS Final Remark) [YG occupancy: 43103 K (115200 K)]2023-01-17T04:36:48.893+0800: 418.801: [Rescan (parallel) , 0.0095126 secs]2023-01-17T04:36:48.903+0800: 418.811: [weak refs processing, 0.0000388 secs]2023-01-17T04:36:48.903+0800: 418.811: [class unloading, 0.0124367 secs]2023-01-17T04:36:48.915+0800: 418.823: [scrub symbol table, 0.0047347 secs]2023-01-17T04:36:48.920+0800: 418.828: [scrub string table, 0.0008650 secs][1 CMS-remark: 134141K(134144K)] 177245K(249344K), 0.0277248 secs] [Times: user=0.05 sys=0.00, real=0.03 secs] 
2023-01-17T04:36:48.921+0800: 418.829: [CMS-concurrent-sweep-start]
2023-01-17T04:36:48.935+0800: 418.842: [CMS-concurrent-sweep: 0.013/0.013 secs] [Times: user=0.01 sys=0.00, real=0.01 secs] 
2023-01-17T04:36:48.935+0800: 418.843: [CMS-concurrent-reset-start]
2023-01-17T04:36:48.935+0800: 418.843: [CMS-concurrent-reset: 0.000/0.000 secs] [Times: user=0.01 sys=0.00, real=0.00 secs] 
{Heap before GC invocations=633 (full 992):
 par new generation   total 115200K, used 115199K [0x00000000f0000000, 0x00000000f7d00000, 0x00000000f7d00000)
  eden space 102400K, 100% used [0x00000000f0000000, 0x00000000f6400000, 0x00000000f6400000)
  from space 12800K,  99% used [0x00000000f7080000, 0x00000000f7cfffd0, 0x00000000f7d00000)
  to   space 12800K,   0% used [0x00000000f6400000, 0x00000000f6400000, 0x00000000f7080000)
 concurrent mark-sweep generation total 134144K, used 134141K [0x00000000f7d00000, 0x0000000100000000, 0x0000000100000000)
 Metaspace       used 52059K, capacity 54894K, committed 55936K, reserved 1097728K
  class space    used 6335K, capacity 6835K, committed 7040K, reserved 1048576K
2023-01-17T04:36:49.300+0800: 419.208: [GC (Allocation Failure) 2023-01-17T04:36:49.300+0800: 419.208: [ParNew: 115199K->115199K(115200K), 0.0000258 secs]2023-01-17T04:36:49.300+0800: 419.208: [CMS: 134141K->134141K(134144K), 0.1841494 secs] 249341K->157624K(249344K), [Metaspace: 52059K->52059K(1097728K)], 0.1845472 secs] [Times: user=0.19 sys=0.00, real=0.18 secs] 
Heap after GC invocations=634 (full 993):
 par new generation   total 115200K, used 23483K [0x00000000f0000000, 0x00000000f7d00000, 0x00000000f7d00000)
  eden space 102400K,  22% used [0x00000000f0000000, 0x00000000f16eedf8, 0x00000000f6400000)
  from space 12800K,   0% used [0x00000000f7080000, 0x00000000f7080000, 0x00000000f7d00000)
  to   space 12800K,   0% used [0x00000000f6400000, 0x00000000f6400000, 0x00000000f7080000)
 concurrent mark-sweep generation total 134144K, used 134141K [0x00000000f7d00000, 0x0000000100000000, 0x0000000100000000)
 Metaspace       used 52059K, capacity 54894K, committed 55936K, reserved 1097728K
  class space    used 6335K, capacity 6835K, committed 7040K, reserved 1048576K
}
2023-01-17T04:36:49.489+0800: 419.397: [GC (CMS Initial Mark) [1 CMS-initial-mark: 134141K(134144K)] 157900K(249344K), 0.0068711 secs] [Times: user=0.02 sys=0.00, real=0.01 secs] 
2023-01-17T04:36:49.496+0800: 419.404: [CMS-concurrent-mark-start]
2023-01-17T04:36:49.557+0800: 419.465: [CMS-concurrent-mark: 0.061/0.061 secs] [Times: user=0.14 sys=0.02, real=0.06 secs] 
2023-01-17T04:36:49.559+0800: 419.466: [CMS-concurrent-preclean-start]
2023-01-17T04:36:49.611+0800: 419.519: [CMS-concurrent-preclean: 0.053/0.053 secs] [Times: user=0.18 sys=0.01, real=0.06 secs] 
2023-01-17T04:36:49.611+0800: 419.519: [CMS-concurrent-abortable-preclean-start]
2023-01-17T04:36:49.611+0800: 419.519: [CMS-concurrent-abortable-preclean: 0.000/0.000 secs] [Times: user=0.00 sys=0.00, real=0.00 secs] 
2023-01-17T04:36:49.615+0800: 419.523: [GC (CMS Final Remark) [YG occupancy: 89142 K (115200 K)]2023-01-17T04:36:49.615+0800: 419.523: [Rescan (parallel) , 0.0218797 secs]2023-01-17T04:36:49.637+0800: 419.545: [weak refs processing, 0.0000400 secs]2023-01-17T04:36:49.637+0800: 419.545: [class unloading, 0.0128324 secs]2023-01-17T04:36:49.650+0800: 419.558: [scrub symbol table, 0.0045945 secs]2023-01-17T04:36:49.655+0800: 419.563: [scrub string table, 0.0008601 secs][1 CMS-remark: 134141K(134144K)] 223283K(249344K), 0.0403549 secs] [Times: user=0.11 sys=0.00, real=0.04 secs] 
2023-01-17T04:36:49.656+0800: 419.564: [CMS-concurrent-sweep-start]
2023-01-17T04:36:49.673+0800: 419.581: [CMS-concurrent-sweep: 0.018/0.018 secs] [Times: user=0.05 sys=0.00, real=0.02 secs] 
2023-01-17T04:36:49.674+0800: 419.581: [CMS-concurrent-reset-start]
2023-01-17T04:36:49.674+0800: 419.582: [CMS-concurrent-reset: 0.000/0.000 secs] [Times: user=0.00 sys=0.00, real=0.00 secs] 
{Heap before GC invocations=634 (full 994):
 par new generation   total 115200K, used 115200K [0x00000000f0000000, 0x00000000f7d00000, 0x00000000f7d00000)
  eden space 102400K, 100% used [0x00000000f0000000, 0x00000000f6400000, 0x00000000f6400000)
  from space 12800K, 100% used [0x00000000f7080000, 0x00000000f7d00000, 0x00000000f7d00000)
  to   space 12800K,   0% used [0x00000000f6400000, 0x00000000f6400000, 0x00000000f7080000)
 concurrent mark-sweep generation total 134144K, used 134141K [0x00000000f7d00000, 0x0000000100000000, 0x0000000100000000)
 Metaspace       used 52059K, capacity 54894K, committed 55936K, reserved 1097728K
  class space    used 6335K, capacity 6835K, committed 7040K, reserved 1048576K
2023-01-17T04:36:49.753+0800: 419.661: [GC (Allocation Failure) 2023-01-17T04:36:49.753+0800: 419.661: [ParNew: 115200K->115200K(115200K), 0.0000269 secs]2023-01-17T04:36:49.753+0800: 419.661: [CMS: 134141K->134138K(134144K), 0.1999409 secs] 249341K->157176K(249344K), [Metaspace: 52059K->52059K(1097728K)], 0.2003316 secs] [Times: user=0.20 sys=0.00, real=0.20 secs] 
Heap after GC invocations=635 (full 995):
 par new generation   total 115200K, used 23037K [0x00000000f0000000, 0x00000000f7d00000, 0x00000000f7d00000)
  eden space 102400K,  22% used [0x00000000f0000000, 0x00000000f167f598, 0x00000000f6400000)
  from space 12800K,   0% used [0x00000000f7080000, 0x00000000f7080000, 0x00000000f7d00000)
  to   space 12800K,   0% used [0x00000000f6400000, 0x00000000f6400000, 0x00000000f7080000)
 concurrent mark-sweep generation total 134144K, used 134138K [0x00000000f7d00000, 0x0000000100000000, 0x0000000100000000)
 Metaspace       used 52059K, capacity 54894K, committed 55936K, reserved 1097728K
  class space    used 6335K, capacity 6835K, committed 7040K, reserved 1048576K
}
2023-01-17T04:36:49.958+0800: 419.866: [GC (CMS Initial Mark) [1 CMS-initial-mark: 134138K(134144K)] 157372K(249344K), 0.0070510 secs] [Times: user=0.02 sys=0.00, real=0.01 secs] 
2023-01-17T04:36:49.965+0800: 419.873: [CMS-concurrent-mark-start]
2023-01-17T04:36:50.073+0800: 419.981: [CMS-concurrent-mark: 0.108/0.108 secs] [Times: user=0.21 sys=0.06, real=0.11 secs] 
2023-01-17T04:36:50.074+0800: 419.981: [CMS-concurrent-preclean-start]
2023-01-17T04:36:50.125+0800: 420.033: [CMS-concurrent-preclean: 0.051/0.051 secs] [Times: user=0.12 sys=0.04, real=0.05 secs] 
2023-01-17T04:36:50.125+0800: 420.033: [CMS-concurrent-abortable-preclean-start]
2023-01-17T04:36:50.125+0800: 420.033: [CMS-concurrent-abortable-preclean: 0.000/0.000 secs] [Times: user=0.00 sys=0.00, real=0.00 secs] 
2023-01-17T04:36:50.131+0800: 420.039: [GC (CMS Final Remark) [YG occupancy: 91646 K (115200 K)]2023-01-17T04:36:50.131+0800: 420.039: [Rescan (parallel) , 0.0279768 secs]2023-01-17T04:36:50.159+0800: 420.067: [weak refs processing, 0.0000416 secs]2023-01-17T04:36:50.159+0800: 420.067: [class unloading, 0.0130347 secs]2023-01-17T04:36:50.172+0800: 420.080: [scrub symbol table, 0.0046611 secs]2023-01-17T04:36:50.177+0800: 420.085: [scrub string table, 0.0008756 secs][1 CMS-remark: 134138K(134144K)] 225784K(249344K), 0.0467573 secs] [Times: user=0.10 sys=0.00, real=0.04 secs] 
2023-01-17T04:36:50.178+0800: 420.086: [CMS-concurrent-sweep-start]
2023-01-17T04:36:50.206+0800: 420.113: [CMS-concurrent-sweep: 0.027/0.027 secs] [Times: user=0.05 sys=0.03, real=0.03 secs] 
2023-01-17T04:36:50.206+0800: 420.114: [CMS-concurrent-reset-start]
2023-01-17T04:36:50.206+0800: 420.114: [CMS-concurrent-reset: 0.000/0.000 secs] [Times: user=0.00 sys=0.00, real=0.00 secs] 
{Heap before GC invocations=635 (full 996):
 par new generation   total 115200K, used 115200K [0x00000000f0000000, 0x00000000f7d00000, 0x00000000f7d00000)
  eden space 102400K, 100% used [0x00000000f0000000, 0x00000000f6400000, 0x00000000f6400000)
  from space 12800K, 100% used [0x00000000f7080000, 0x00000000f7d00000, 0x00000000f7d00000)
  to   space 12800K,   0% used [0x00000000f6400000, 0x00000000f6400000, 0x00000000f7080000)
 concurrent mark-sweep generation total 134144K, used 134138K [0x00000000f7d00000, 0x0000000100000000, 0x0000000100000000)
 Metaspace       used 52059K, capacity 54894K, committed 55936K, reserved 1097728K
  class space    used 6335K, capacity 6835K, committed 7040K, reserved 1048576K
2023-01-17T04:36:50.498+0800: 420.406: [GC (Allocation Failure) 2023-01-17T04:36:50.499+0800: 420.406: [ParNew: 115200K->115200K(115200K), 0.0000261 secs]2023-01-17T04:36:50.499+0800: 420.406: [CMS: 134138K->134138K(134144K), 0.1863791 secs] 249338K->157532K(249344K), [Metaspace: 52059K->52059K(1097728K)], 0.1867695 secs] [Times: user=0.19 sys=0.00, real=0.19 secs] 
Heap after GC invocations=636 (full 997):
 par new generation   total 115200K, used 23393K [0x00000000f0000000, 0x00000000f7d00000, 0x00000000f7d00000)
  eden space 102400K,  22% used [0x00000000f0000000, 0x00000000f16d8768, 0x00000000f6400000)
  from space 12800K,   0% used [0x00000000f7080000, 0x00000000f7080000, 0x00000000f7d00000)
  to   space 12800K,   0% used [0x00000000f6400000, 0x00000000f6400000, 0x00000000f7080000)
 concurrent mark-sweep generation total 134144K, used 134138K [0x00000000f7d00000, 0x0000000100000000, 0x0000000100000000)
 Metaspace       used 52059K, capacity 54894K, committed 55936K, reserved 1097728K
  class space    used 6335K, capacity 6835K, committed 7040K, reserved 1048576K
}
2023-01-17T04:36:50.690+0800: 420.598: [GC (CMS Initial Mark) [1 CMS-initial-mark: 134138K(134144K)] 158095K(249344K), 0.0068174 secs] [Times: user=0.02 sys=0.00, real=0.00 secs] 
2023-01-17T04:36:50.697+0800: 420.605: [CMS-concurrent-mark-start]
2023-01-17T04:36:50.767+0800: 420.674: [CMS-concurrent-mark: 0.070/0.070 secs] [Times: user=0.22 sys=0.03, real=0.07 secs] 
2023-01-17T04:36:50.767+0800: 420.675: [CMS-concurrent-preclean-start]
2023-01-17T04:36:50.813+0800: 420.721: [CMS-concurrent-preclean: 0.046/0.046 secs] [Times: user=0.12 sys=0.03, real=0.05 secs] 
